 comppar: model =   2
 comppar: lambda,mobility/eps,betav,eta_0 =  1.0000E+00  1.0000E-01  5.0000E-02  1.0000E+00
 comppar: eta_s,eta_p,G =  5.0000E-02  9.5000E-01  9.5000E-01
 comppar: U_avg,deltat,flowrate,nsteps =  1.0000E-01  4.0000E-01  3.1416E-01    2000
 comppar: geometry = axisymmetric
 comppar: steady stop change,gap,hold,min =  1.0000E-07  1.0000E-03       1      80
 comppar: steady stop truncated decimals =       3
 comppar: ncompc,ncompg =     4     5
 mesh nnodes = 5797
 mesh nelem = 2796
 P1 BC   5.0000000000000000     
 P2 BC   0.0000000000000000     
     1  4.00000000E-01  1.00503806E+00  1.00000000E+00  1.00503806E+00
     2  8.00000000E-01  1.00977880E+00  1.00000000E+00  1.00977880E+00
     3  1.20000000E+00  1.01421217E+00  1.00000000E+00  1.01421217E+00
     4  1.60000000E+00  1.01857713E+00  1.00000000E+00  1.01857713E+00
     5  2.00000000E+00  1.02290775E+00  1.00000001E+00  1.02290775E+00
     6  2.40000000E+00  1.02720617E+00  1.00000001E+00  1.02720617E+00
     7  2.80000000E+00  1.03145828E+00  1.00000001E+00  1.03145828E+00
     8  3.20000000E+00  1.03563186E+00  1.00000001E+00  1.03563186E+00
     9  3.60000000E+00  1.03970566E+00  1.00000001E+00  1.03970566E+00
    10  4.00000000E+00  1.04369055E+00  1.00000000E+00  1.04369055E+00
    11  4.40000000E+00  1.04758337E+00  1.00000000E+00  1.04758337E+00
    12  4.80000000E+00  1.05134784E+00  9.99999996E-01  1.05134784E+00
    13  5.20000000E+00  1.05501757E+00  9.99999989E-01  1.05501757E+00
    14  5.60000000E+00  1.05858326E+00  9.99999978E-01  1.05858326E+00
    15  6.00000000E+00  1.06200102E+00  9.99999965E-01  1.06200102E+00
    16  6.40000000E+00  1.06539359E+00  9.99999947E-01  1.06539359E+00
    17  6.80000000E+00  1.06863514E+00  9.99999926E-01  1.06863514E+00
    18  7.20000000E+00  1.07178630E+00  9.99999899E-01  1.07178630E+00
    19  7.60000000E+00  1.07485531E+00  9.99999866E-01  1.07485531E+00
    20  8.00000000E+00  1.07775816E+00  9.99999827E-01  1.07775816E+00
    21  8.40000000E+00  1.08062955E+00  9.99999779E-01  1.08062955E+00
    22  8.80000000E+00  1.08332063E+00  9.99999724E-01  1.08332063E+00
    23  9.20000000E+00  1.08601002E+00  9.99999658E-01  1.08601002E+00
    24  9.60000000E+00  1.08848784E+00  9.99999581E-01  1.08848784E+00
    25  1.00000000E+01  1.09098550E+00  9.99999491E-01  1.09098550E+00
    26  1.04000000E+01  1.09329764E+00  9.99999388E-01  1.09329764E+00
    27  1.08000000E+01  1.09559708E+00  9.99999268E-01  1.09559708E+00
    28  1.12000000E+01  1.09774427E+00  9.99999131E-01  1.09774427E+00
    29  1.16000000E+01  1.09980727E+00  9.99998974E-01  1.09980727E+00
    30  1.20000000E+01  1.10183507E+00  9.99998796E-01  1.10183507E+00
    31  1.24000000E+01  1.10367434E+00  9.99998593E-01  1.10367434E+00
    32  1.28000000E+01  1.10558225E+00  9.99998364E-01  1.10558225E+00
    33  1.32000000E+01  1.10722715E+00  9.99998105E-01  1.10722715E+00
    34  1.36000000E+01  1.10899284E+00  9.99997813E-01  1.10899284E+00
    35  1.40000000E+01  1.11053408E+00  9.99997486E-01  1.11053408E+00
    36  1.44000000E+01  1.11209709E+00  9.99997119E-01  1.11209709E+00
    37  1.48000000E+01  1.11353442E+00  9.99996709E-01  1.11353442E+00
    38  1.52000000E+01  1.11490760E+00  9.99996252E-01  1.11490760E+00
    39  1.56000000E+01  1.11624876E+00  9.99995743E-01  1.11624876E+00
    40  1.60000000E+01  1.11744876E+00  9.99995178E-01  1.11744876E+00
    41  1.64000000E+01  1.11869377E+00  9.99994551E-01  1.11869377E+00
    42  1.68000000E+01  1.11974138E+00  9.99993858E-01  1.11974138E+00
    43  1.72000000E+01  1.12089824E+00  9.99993093E-01  1.12089824E+00
    44  1.76000000E+01  1.12185730E+00  9.99992250E-01  1.12185730E+00
    45  1.80000000E+01  1.12287363E+00  9.99991323E-01  1.12287363E+00
    46  1.84000000E+01  1.12375606E+00  9.99990304E-01  1.12375606E+00
    47  1.88000000E+01  1.12465098E+00  9.99989187E-01  1.12465098E+00
    48  1.92000000E+01  1.12546420E+00  9.99987965E-01  1.12546420E+00
    49  1.96000000E+01  1.12622890E+00  9.99986630E-01  1.12622890E+00
    50  2.00000000E+01  1.12697456E+00  9.99985174E-01  1.12697456E+00
    51  2.04000000E+01  1.12764450E+00  9.99983589E-01  1.12764450E+00
    52  2.08000000E+01  1.12832906E+00  9.99981866E-01  1.12832906E+00
    53  2.12000000E+01  1.12889306E+00  9.99979997E-01  1.12889306E+00
    54  2.16000000E+01  1.12951877E+00  9.99977973E-01  1.12951877E+00
    55  2.20000000E+01  1.13002661E+00  9.99975785E-01  1.13002661E+00
    56  2.24000000E+01  1.13058393E+00  9.99973423E-01  1.13058393E+00
    57  2.28000000E+01  1.13104642E+00  9.99970880E-01  1.13104642E+00
    58  2.32000000E+01  1.13151048E+00  9.99968145E-01  1.13151048E+00
    59  2.36000000E+01  1.13193123E+00  9.99965211E-01  1.13193123E+00
    60  2.40000000E+01  1.13233798E+00  9.99962070E-01  1.13233798E+00
    61  2.44000000E+01  1.13271903E+00  9.99958713E-01  1.13271903E+00
    62  2.48000000E+01  1.13305109E+00  9.99955135E-01  1.13305109E+00
    63  2.52000000E+01  1.13339649E+00  9.99951329E-01  1.13339649E+00
    64  2.56000000E+01  1.13368689E+00  9.99947290E-01  1.13368689E+00
    65  2.60000000E+01  1.13399747E+00  9.99943016E-01  1.13399747E+00
    66  2.64000000E+01  1.13424241E+00  9.99938504E-01  1.13424241E+00
    67  2.68000000E+01  1.13450853E+00  9.99933756E-01  1.13450853E+00
    68  2.72000000E+01  1.13472780E+00  9.99928776E-01  1.13472780E+00
    69  2.76000000E+01  1.13495920E+00  9.99923569E-01  1.13495920E+00
    70  2.80000000E+01  1.13515170E+00  9.99918145E-01  1.13515170E+00
    71  2.84000000E+01  1.13533800E+00  9.99912518E-01  1.13533800E+00
    72  2.88000000E+01  1.13550819E+00  9.99906707E-01  1.13550819E+00
    73  2.92000000E+01  1.13567003E+00  9.99900735E-01  1.13567003E+00
    74  2.96000000E+01  1.13581661E+00  9.99894634E-01  1.13581661E+00
    75  3.00000000E+01  1.13594548E+00  9.99888440E-01  1.13594548E+00
    76  3.04000000E+01  1.13607259E+00  9.99882198E-01  1.13607259E+00
    77  3.08000000E+01  1.13618428E+00  9.99875964E-01  1.13618428E+00
    78  3.12000000E+01  1.13629072E+00  9.99869801E-01  1.13629072E+00
    79  3.16000000E+01  1.13637889E+00  9.99863787E-01  1.13637889E+00
    80  3.20000000E+01  1.13646836E+00  9.99858011E-01  1.13646836E+00
    81  3.24000000E+01  1.13654526E+00  9.99852577E-01  1.13654526E+00
    82  3.28000000E+01  1.13661683E+00  9.99847606E-01  1.13661683E+00
    83  3.32000000E+01  1.13667752E+00  9.99843236E-01  1.13667752E+00
    84  3.36000000E+01  1.13673438E+00  9.99839628E-01  1.13673438E+00
    85  3.40000000E+01  1.13678798E+00  9.99836961E-01  1.13678798E+00
    86  3.44000000E+01  1.13682962E+00  9.99835445E-01  1.13682962E+00
    87  3.48000000E+01  1.13687277E+00  9.99835313E-01  1.13687277E+00
    88  3.52000000E+01  1.13690179E+00  9.99836831E-01  1.13690179E+00
    89  3.56000000E+01  1.13694107E+00  9.99840298E-01  1.13694107E+00
    90  3.60000000E+01  1.13695746E+00  9.99846052E-01  1.13695746E+00
    91  3.64000000E+01  1.13699016E+00  9.99854470E-01  1.13699016E+00
    92  3.68000000E+01  1.13700617E+00  9.99865975E-01  1.13700617E+00
    93  3.72000000E+01  1.13702709E+00  9.99881040E-01  1.13702709E+00
    94  3.76000000E+01  1.13703942E+00  9.99900192E-01  1.13703942E+00
    95  3.80000000E+01  1.13704988E+00  9.99924017E-01  1.13704988E+00
    96  3.84000000E+01  1.13706388E+00  9.99953163E-01  1.13706388E+00
    97  3.88000000E+01  1.13706397E+00  9.99988353E-01  1.13706397E+00
    98  3.92000000E+01  1.13707626E+00  1.00003038E+00  1.13707626E+00
    99  3.96000000E+01  1.13707836E+00  1.00008013E+00  1.13707836E+00
   100  4.00000000E+01  1.13708237E+00  1.00013856E+00  1.13708237E+00
   101  4.04000000E+01  1.13708421E+00  1.00020675E+00  1.13708421E+00
   102  4.08000000E+01  1.13707970E+00  1.00028587E+00  1.13707970E+00
   103  4.12000000E+01  1.13708575E+00  1.00037719E+00  1.13708575E+00
   104  4.16000000E+01  1.13708057E+00  1.00048212E+00  1.13708057E+00
   105  4.20000000E+01  1.13707955E+00  1.00060220E+00  1.13707955E+00
   106  4.24000000E+01  1.13707999E+00  1.00073911E+00  1.13707999E+00
   107  4.28000000E+01  1.13707044E+00  1.00089465E+00  1.13707044E+00
   108  4.32000000E+01  1.13707213E+00  1.00107082E+00  1.13707213E+00
   109  4.36000000E+01  1.13706911E+00  1.00126976E+00  1.13706911E+00
   110  4.40000000E+01  1.13706239E+00  1.00149378E+00  1.13706239E+00
   111  4.44000000E+01  1.13706089E+00  1.00174541E+00  1.13706089E+00
   112  4.48000000E+01  1.13705601E+00  1.00202735E+00  1.13705601E+00
   113  4.52000000E+01  1.13705163E+00  1.00234251E+00  1.13705163E+00
   114  4.56000000E+01  1.13704824E+00  1.00269402E+00  1.13704824E+00
   115  4.60000000E+01  1.13704273E+00  1.00308523E+00  1.13704273E+00
   116  4.64000000E+01  1.13704018E+00  1.00351971E+00  1.13704018E+00
   117  4.68000000E+01  1.13703587E+00  1.00400128E+00  1.13703587E+00
   118  4.72000000E+01  1.13703054E+00  1.00453397E+00  1.13703054E+00
   119  4.76000000E+01  1.13702934E+00  1.00512209E+00  1.13702934E+00
   120  4.80000000E+01  1.13702478E+00  1.00577013E+00  1.13702478E+00
   121  4.84000000E+01  1.13702026E+00  1.00648286E+00  1.13702026E+00
   122  4.88000000E+01  1.13701998E+00  1.00726525E+00  1.13701998E+00
   123  4.92000000E+01  1.13701569E+00  1.00812247E+00  1.13701569E+00
   124  4.96000000E+01  1.13701236E+00  1.00905990E+00  1.13701236E+00
   125  5.00000000E+01  1.13701260E+00  1.01008308E+00  1.13701260E+00
   126  5.04000000E+01  1.13700893E+00  1.01119768E+00  1.13700893E+00
   127  5.08000000E+01  1.13700708E+00  1.01240949E+00  1.13700708E+00
   128  5.12000000E+01  1.13700752E+00  1.01372431E+00  1.13700752E+00
   129  5.16000000E+01  1.13700472E+00  1.01514800E+00  1.13700472E+00
   130  5.20000000E+01  1.13700446E+00  1.01668630E+00  1.13700446E+00
   131  5.24000000E+01  1.13700482E+00  1.01834484E+00  1.13700482E+00
   132  5.28000000E+01  1.13700304E+00  1.02012903E+00  1.13700304E+00
   133  5.32000000E+01  1.13700445E+00  1.02204396E+00  1.13700445E+00
   134  5.36000000E+01  1.13700455E+00  1.02409428E+00  1.13700455E+00
   135  5.40000000E+01  1.13700387E+00  1.02628414E+00  1.13700387E+00
   136  5.44000000E+01  1.13700689E+00  1.02861699E+00  1.13700689E+00
   137  5.48000000E+01  1.13700664E+00  1.03109555E+00  1.13700664E+00
   138  5.52000000E+01  1.13700708E+00  1.03372156E+00  1.13700708E+00
   139  5.56000000E+01  1.13701163E+00  1.03649575E+00  1.13701163E+00
   140  5.60000000E+01  1.13701099E+00  1.03941762E+00  1.13701099E+00
   141  5.64000000E+01  1.13701253E+00  1.04248534E+00  1.13701253E+00
   142  5.68000000E+01  1.13701844E+00  1.04569563E+00  1.13701844E+00
   143  5.72000000E+01  1.13701749E+00  1.04904360E+00  1.13701749E+00
   144  5.76000000E+01  1.13702004E+00  1.05252266E+00  1.13702004E+00
   145  5.80000000E+01  1.13702711E+00  1.05612443E+00  1.13702711E+00
   146  5.84000000E+01  1.13702599E+00  1.05983869E+00  1.13702599E+00
   147  5.88000000E+01  1.13702944E+00  1.06365329E+00  1.13702944E+00
   148  5.92000000E+01  1.13703739E+00  1.06755418E+00  1.13703739E+00
   149  5.96000000E+01  1.13703635E+00  1.07152544E+00  1.13703635E+00
   150  6.00000000E+01  1.13704052E+00  1.07554934E+00  1.13704052E+00
   151  6.04000000E+01  1.13704906E+00  1.07960642E+00  1.13704906E+00
   152  6.08000000E+01  1.13704840E+00  1.08367574E+00  1.13704840E+00
   153  6.12000000E+01  1.13705308E+00  1.08773499E+00  1.13705308E+00
   154  6.16000000E+01  1.13706187E+00  1.09176082E+00  1.13706187E+00
   155  6.20000000E+01  1.13706199E+00  1.09572912E+00  1.13706199E+00
   156  6.24000000E+01  1.13706694E+00  1.09961541E+00  1.13706694E+00
   157  6.28000000E+01  1.13707557E+00  1.10339517E+00  1.13707557E+00
   158  6.32000000E+01  1.13707695E+00  1.10704436E+00  1.13707695E+00
   159  6.36000000E+01  1.13708188E+00  1.11053985E+00  1.13708188E+00
   160  6.40000000E+01  1.13708993E+00  1.11385991E+00  1.13708993E+00
   161  6.44000000E+01  1.13709312E+00  1.11698472E+00  1.13709312E+00
   162  6.48000000E+01  1.13709769E+00  1.11989689E+00  1.13709769E+00
   163  6.52000000E+01  1.13710470E+00  1.12258195E+00  1.13710470E+00
   164  6.56000000E+01  1.13711032E+00  1.12502875E+00  1.13711032E+00
   165  6.60000000E+01  1.13711417E+00  1.12722994E+00  1.13711417E+00
   166  6.64000000E+01  1.13711963E+00  1.12918218E+00  1.13711963E+00
   167  6.68000000E+01  1.13712836E+00  1.13088643E+00  1.13712836E+00
   168  6.72000000E+01  1.13713110E+00  1.13234793E+00  1.13713110E+00
   169  6.76000000E+01  1.13713449E+00  1.13357619E+00  1.13713449E+00
   170  6.80000000E+01  1.13714708E+00  1.13458469E+00  1.13714708E+00
   171  6.84000000E+01  1.13714827E+00  1.13539042E+00  1.13714827E+00
   172  6.88000000E+01  1.13714903E+00  1.13601336E+00  1.13714903E+00
   173  6.92000000E+01  1.13716629E+00  1.13647562E+00  1.13716629E+00
   174  6.96000000E+01  1.13716569E+00  1.13680066E+00  1.13716569E+00
   175  7.00000000E+01  1.13716577E+00  1.13701226E+00  1.13716577E+00
 steady-height stop at step    175: truncated to 3 decimals, truncated max/end/ratio =       1137      1137      1137, max/end/ratio =   1.13716577E+00  1.13701226E+00  1.13716577E+00
