 comppar: model =   3
 comppar: lambda,mobility/eps,betav,eta_0 =  7.0000E+00  8.0000E-02  9.0000E-01  1.0000E+00
 comppar: eta_s,eta_p,G =  9.0000E-01  1.0000E-01  1.4286E-02
 comppar: U_avg,deltat,flowrate,nsteps =  1.0000E-01  4.0000E-01  3.1416E-01    1000
 comppar: geometry = axisymmetric
 comppar: steady stop change,gap,hold,min =  1.0000E-05  2.0000E-04      10      80
 comppar: steady stop rounded decimals =       4
 comppar: ncompc,ncompg =     4     5
 mesh nnodes = 22999
 mesh nelem = 11296
 P1 BC   5.0000000000000000     
 P2 BC   0.0000000000000000     
     1  4.00000000E-01  1.00503996E+00  1.00000000E+00  1.00503996E+00
     2  8.00000000E-01  1.00992337E+00  1.00000000E+00  1.00992337E+00
     3  1.20000000E+00  1.01465536E+00  1.00000000E+00  1.01465536E+00
     4  1.60000000E+00  1.01924964E+00  1.00000000E+00  1.01924964E+00
     5  2.00000000E+00  1.02371033E+00  1.00000000E+00  1.02371033E+00
     6  2.40000000E+00  1.02804372E+00  1.00000000E+00  1.02804372E+00
     7  2.80000000E+00  1.03225488E+00  1.00000000E+00  1.03225488E+00
     8  3.20000000E+00  1.03634672E+00  1.00000000E+00  1.03634672E+00
     9  3.60000000E+00  1.04033367E+00  1.00000000E+00  1.04033367E+00
    10  4.00000000E+00  1.04420816E+00  1.00000000E+00  1.04420816E+00
    11  4.40000000E+00  1.04797794E+00  9.99999996E-01  1.04797794E+00
    12  4.80000000E+00  1.05164804E+00  9.99999991E-01  1.05164804E+00
    13  5.20000000E+00  1.05522060E+00  9.99999983E-01  1.05522060E+00
    14  5.60000000E+00  1.05868699E+00  9.99999972E-01  1.05868699E+00
    15  6.00000000E+00  1.06207605E+00  9.99999958E-01  1.06207605E+00
    16  6.40000000E+00  1.06536838E+00  9.99999940E-01  1.06536838E+00
    17  6.80000000E+00  1.06856631E+00  9.99999918E-01  1.06856631E+00
    18  7.20000000E+00  1.07167240E+00  9.99999891E-01  1.07167240E+00
    19  7.60000000E+00  1.07468896E+00  9.99999858E-01  1.07468896E+00
    20  8.00000000E+00  1.07763175E+00  9.99999818E-01  1.07763175E+00
    21  8.40000000E+00  1.08048759E+00  9.99999771E-01  1.08048759E+00
    22  8.80000000E+00  1.08326109E+00  9.99999715E-01  1.08326109E+00
    23  9.20000000E+00  1.08594815E+00  9.99999650E-01  1.08594815E+00
    24  9.60000000E+00  1.08855549E+00  9.99999573E-01  1.08855549E+00
    25  1.00000000E+01  1.09107694E+00  9.99999485E-01  1.09107694E+00
    26  1.04000000E+01  1.09352432E+00  9.99999383E-01  1.09352432E+00
    27  1.08000000E+01  1.09590523E+00  9.99999266E-01  1.09590523E+00
    28  1.12000000E+01  1.09821074E+00  9.99999132E-01  1.09821074E+00
    29  1.16000000E+01  1.10043765E+00  9.99998980E-01  1.10043765E+00
    30  1.20000000E+01  1.10258544E+00  9.99998807E-01  1.10258544E+00
    31  1.24000000E+01  1.10465466E+00  9.99998611E-01  1.10465466E+00
    32  1.28000000E+01  1.10664403E+00  9.99998391E-01  1.10664403E+00
    33  1.32000000E+01  1.10858202E+00  9.99998143E-01  1.10858202E+00
    34  1.36000000E+01  1.11046234E+00  9.99997866E-01  1.11046234E+00
    35  1.40000000E+01  1.11226788E+00  9.99997555E-01  1.11226788E+00
    36  1.44000000E+01  1.11400073E+00  9.99997209E-01  1.11400073E+00
    37  1.48000000E+01  1.11566346E+00  9.99996823E-01  1.11566346E+00
    38  1.52000000E+01  1.11726075E+00  9.99996395E-01  1.11726075E+00
    39  1.56000000E+01  1.11882710E+00  9.99995920E-01  1.11882710E+00
    40  1.60000000E+01  1.12032790E+00  9.99995395E-01  1.12032790E+00
    41  1.64000000E+01  1.12176322E+00  9.99994816E-01  1.12176322E+00
    42  1.68000000E+01  1.12313779E+00  9.99994177E-01  1.12313779E+00
    43  1.72000000E+01  1.12445491E+00  9.99993474E-01  1.12445491E+00
    44  1.76000000E+01  1.12574768E+00  9.99992702E-01  1.12574768E+00
    45  1.80000000E+01  1.12698375E+00  9.99991856E-01  1.12698375E+00
    46  1.84000000E+01  1.12816216E+00  9.99990929E-01  1.12816216E+00
    47  1.88000000E+01  1.12928883E+00  9.99989917E-01  1.12928883E+00
    48  1.92000000E+01  1.13039692E+00  9.99988813E-01  1.13039692E+00
    49  1.96000000E+01  1.13145577E+00  9.99987610E-01  1.13145577E+00
    50  2.00000000E+01  1.13246732E+00  9.99986302E-01  1.13246732E+00
    51  2.04000000E+01  1.13345590E+00  9.99984882E-01  1.13345590E+00
    52  2.08000000E+01  1.13440860E+00  9.99983342E-01  1.13440860E+00
    53  2.12000000E+01  1.13532615E+00  9.99981675E-01  1.13532615E+00
    54  2.16000000E+01  1.13623004E+00  9.99979874E-01  1.13623004E+00
    55  2.20000000E+01  1.13710374E+00  9.99977931E-01  1.13710374E+00
    56  2.24000000E+01  1.13796039E+00  9.99975838E-01  1.13796039E+00
    57  2.28000000E+01  1.13880961E+00  9.99973587E-01  1.13880961E+00
    58  2.32000000E+01  1.13964524E+00  9.99971170E-01  1.13964524E+00
    59  2.36000000E+01  1.14046945E+00  9.99968580E-01  1.14046945E+00
    60  2.40000000E+01  1.14128199E+00  9.99965810E-01  1.14128199E+00
    61  2.44000000E+01  1.14209051E+00  9.99962852E-01  1.14209051E+00
    62  2.48000000E+01  1.14287875E+00  9.99959699E-01  1.14287875E+00
    63  2.52000000E+01  1.14364774E+00  9.99956345E-01  1.14364774E+00
    64  2.56000000E+01  1.14440498E+00  9.99952785E-01  1.14440498E+00
    65  2.60000000E+01  1.14513114E+00  9.99949015E-01  1.14513114E+00
    66  2.64000000E+01  1.14584879E+00  9.99945031E-01  1.14584879E+00
    67  2.68000000E+01  1.14653395E+00  9.99940831E-01  1.14653395E+00
    68  2.72000000E+01  1.14720558E+00  9.99936415E-01  1.14720558E+00
    69  2.76000000E+01  1.14784966E+00  9.99931784E-01  1.14784966E+00
    70  2.80000000E+01  1.14847209E+00  9.99926943E-01  1.14847209E+00
    71  2.84000000E+01  1.14907738E+00  9.99921898E-01  1.14907738E+00
    72  2.88000000E+01  1.14965012E+00  9.99916658E-01  1.14965012E+00
    73  2.92000000E+01  1.15021667E+00  9.99911238E-01  1.15021667E+00
    74  2.96000000E+01  1.15075233E+00  9.99905654E-01  1.15075233E+00
    75  3.00000000E+01  1.15127090E+00  9.99899928E-01  1.15127090E+00
    76  3.04000000E+01  1.15177167E+00  9.99894087E-01  1.15177167E+00
    77  3.08000000E+01  1.15224557E+00  9.99888166E-01  1.15224557E+00
    78  3.12000000E+01  1.15271322E+00  9.99882204E-01  1.15271322E+00
    79  3.16000000E+01  1.15315450E+00  9.99876248E-01  1.15315450E+00
    80  3.20000000E+01  1.15358197E+00  9.99870356E-01  1.15358197E+00
    81  3.24000000E+01  1.15399279E+00  9.99864593E-01  1.15399279E+00
    82  3.28000000E+01  1.15438302E+00  9.99859036E-01  1.15438302E+00
    83  3.32000000E+01  1.15476529E+00  9.99853774E-01  1.15476529E+00
    84  3.36000000E+01  1.15512499E+00  9.99848910E-01  1.15512499E+00
    85  3.40000000E+01  1.15547638E+00  9.99844562E-01  1.15547638E+00
    86  3.44000000E+01  1.15581050E+00  9.99840862E-01  1.15581050E+00
    87  3.48000000E+01  1.15613042E+00  9.99837963E-01  1.15613042E+00
    88  3.52000000E+01  1.15644033E+00  9.99836039E-01  1.15644033E+00
    89  3.56000000E+01  1.15673136E+00  9.99835283E-01  1.15673136E+00
    90  3.60000000E+01  1.15701800E+00  9.99835915E-01  1.15701800E+00
    91  3.64000000E+01  1.15728732E+00  9.99838183E-01  1.15728732E+00
    92  3.68000000E+01  1.15754673E+00  9.99842363E-01  1.15754673E+00
    93  3.72000000E+01  1.15779557E+00  9.99848763E-01  1.15779557E+00
    94  3.76000000E+01  1.15802946E+00  9.99857729E-01  1.15802946E+00
    95  3.80000000E+01  1.15825903E+00  9.99869644E-01  1.15825903E+00
    96  3.84000000E+01  1.15847378E+00  9.99884935E-01  1.15847378E+00
    97  3.88000000E+01  1.15868069E+00  9.99904073E-01  1.15868069E+00
    98  3.92000000E+01  1.15887836E+00  9.99927583E-01  1.15887836E+00
    99  3.96000000E+01  1.15906337E+00  9.99956043E-01  1.15906337E+00
   100  4.00000000E+01  1.15924498E+00  9.99990089E-01  1.15924498E+00
   101  4.04000000E+01  1.15941424E+00  1.00003042E+00  1.15941424E+00
   102  4.08000000E+01  1.15957636E+00  1.00007782E+00  1.15957636E+00
   103  4.12000000E+01  1.15973137E+00  1.00013311E+00  1.15973137E+00
   104  4.16000000E+01  1.15987553E+00  1.00019725E+00  1.15987553E+00
   105  4.20000000E+01  1.16001687E+00  1.00027123E+00  1.16001687E+00
   106  4.24000000E+01  1.16014856E+00  1.00035616E+00  1.16014856E+00
   107  4.28000000E+01  1.16027338E+00  1.00045326E+00  1.16027338E+00
   108  4.32000000E+01  1.16039343E+00  1.00056383E+00  1.16039343E+00
   109  4.36000000E+01  1.16050460E+00  1.00068931E+00  1.16050460E+00
   110  4.40000000E+01  1.16061243E+00  1.00083125E+00  1.16061243E+00
   111  4.44000000E+01  1.16071330E+00  1.00099133E+00  1.16071330E+00
   112  4.48000000E+01  1.16080777E+00  1.00117137E+00  1.16080777E+00
   113  4.52000000E+01  1.16089922E+00  1.00137333E+00  1.16089922E+00
   114  4.56000000E+01  1.16098350E+00  1.00159932E+00  1.16098350E+00
   115  4.60000000E+01  1.16106433E+00  1.00185164E+00  1.16106433E+00
   116  4.64000000E+01  1.16114036E+00  1.00213272E+00  1.16114036E+00
   117  4.68000000E+01  1.16121053E+00  1.00244518E+00  1.16121053E+00
   118  4.72000000E+01  1.16127892E+00  1.00279183E+00  1.16127892E+00
   119  4.76000000E+01  1.16134162E+00  1.00317566E+00  1.16134162E+00
   120  4.80000000E+01  1.16140095E+00  1.00359987E+00  1.16140095E+00
   121  4.84000000E+01  1.16145703E+00  1.00406783E+00  1.16145703E+00
   122  4.88000000E+01  1.16150818E+00  1.00458314E+00  1.16150818E+00
   123  4.92000000E+01  1.16155796E+00  1.00514958E+00  1.16155796E+00
   124  4.96000000E+01  1.16160345E+00  1.00577115E+00  1.16160345E+00
   125  5.00000000E+01  1.16164579E+00  1.00645203E+00  1.16164579E+00
   126  5.04000000E+01  1.16168608E+00  1.00719661E+00  1.16168608E+00
   127  5.08000000E+01  1.16172246E+00  1.00800945E+00  1.16172246E+00
   128  5.12000000E+01  1.16175729E+00  1.00889529E+00  1.16175729E+00
   129  5.16000000E+01  1.16178922E+00  1.00985901E+00  1.16178922E+00
   130  5.20000000E+01  1.16181826E+00  1.01090565E+00  1.16181826E+00
   131  5.24000000E+01  1.16184612E+00  1.01204032E+00  1.16184612E+00
   132  5.28000000E+01  1.16187095E+00  1.01326821E+00  1.16187095E+00
   133  5.32000000E+01  1.16189418E+00  1.01459457E+00  1.16189418E+00
   134  5.36000000E+01  1.16191555E+00  1.01602461E+00  1.16191555E+00
   135  5.40000000E+01  1.16193441E+00  1.01756347E+00  1.16193441E+00
   136  5.44000000E+01  1.16195263E+00  1.01921617E+00  1.16195263E+00
   137  5.48000000E+01  1.16196856E+00  1.02098755E+00  1.16196856E+00
   138  5.52000000E+01  1.16198299E+00  1.02288215E+00  1.16198299E+00
   139  5.56000000E+01  1.16199631E+00  1.02490419E+00  1.16199631E+00
   140  5.60000000E+01  1.16200772E+00  1.02705741E+00  1.16200772E+00
   141  5.64000000E+01  1.16201841E+00  1.02934502E+00  1.16201841E+00
   142  5.68000000E+01  1.16202763E+00  1.03176960E+00  1.16202763E+00
   143  5.72000000E+01  1.16203554E+00  1.03433295E+00  1.16203554E+00
   144  5.76000000E+01  1.16204277E+00  1.03703603E+00  1.16204277E+00
   145  5.80000000E+01  1.16204857E+00  1.03987882E+00  1.16204857E+00
   146  5.84000000E+01  1.16205377E+00  1.04286021E+00  1.16205377E+00
   147  5.88000000E+01  1.16205796E+00  1.04597792E+00  1.16205796E+00
   148  5.92000000E+01  1.16206117E+00  1.04922835E+00  1.16206117E+00
   149  5.96000000E+01  1.16206393E+00  1.05260656E+00  1.16206393E+00
   150  6.00000000E+01  1.16206564E+00  1.05610614E+00  1.16206564E+00
   151  6.04000000E+01  1.16206693E+00  1.05971916E+00  1.16206693E+00
   152  6.08000000E+01  1.16206749E+00  1.06343616E+00  1.16206749E+00
   153  6.12000000E+01  1.16206739E+00  1.06724608E+00  1.16206739E+00
   154  6.16000000E+01  1.16206692E+00  1.07113635E+00  1.16206692E+00
   155  6.20000000E+01  1.16206573E+00  1.07509284E+00  1.16206573E+00
   156  6.24000000E+01  1.16206433E+00  1.07910000E+00  1.16206433E+00
   157  6.28000000E+01  1.16206235E+00  1.08314092E+00  1.16206235E+00
   158  6.32000000E+01  1.16206003E+00  1.08719751E+00  1.16206003E+00
   159  6.36000000E+01  1.16205735E+00  1.09125066E+00  1.16205735E+00
   160  6.40000000E+01  1.16205429E+00  1.09528044E+00  1.16205429E+00
   161  6.44000000E+01  1.16205102E+00  1.09926638E+00  1.16205102E+00
   162  6.48000000E+01  1.16204738E+00  1.10318773E+00  1.16204738E+00
   163  6.52000000E+01  1.16204361E+00  1.10702382E+00  1.16204361E+00
   164  6.56000000E+01  1.16203953E+00  1.11075435E+00  1.16203953E+00
   165  6.60000000E+01  1.16203535E+00  1.11435981E+00  1.16203535E+00
   166  6.64000000E+01  1.16203094E+00  1.11782185E+00  1.16203094E+00
   167  6.68000000E+01  1.16202641E+00  1.12112371E+00  1.16202641E+00
   168  6.72000000E+01  1.16202178E+00  1.12425056E+00  1.16202178E+00
   169  6.76000000E+01  1.16201703E+00  1.12718998E+00  1.16201703E+00
   170  6.80000000E+01  1.16201221E+00  1.12993224E+00  1.16201221E+00
   171  6.84000000E+01  1.16200738E+00  1.13247072E+00  1.16200738E+00
   172  6.88000000E+01  1.16200257E+00  1.13480208E+00  1.16200257E+00
   173  6.92000000E+01  1.16199782E+00  1.13692654E+00  1.16199782E+00
   174  6.96000000E+01  1.16199316E+00  1.13884793E+00  1.16199316E+00
   175  7.00000000E+01  1.16198870E+00  1.14057365E+00  1.16198870E+00
   176  7.04000000E+01  1.16198443E+00  1.14211459E+00  1.16198443E+00
   177  7.08000000E+01  1.16198042E+00  1.14348477E+00  1.16198042E+00
   178  7.12000000E+01  1.16197668E+00  1.14470090E+00  1.16197668E+00
   179  7.16000000E+01  1.16197317E+00  1.14578186E+00  1.16197317E+00
   180  7.20000000E+01  1.16196995E+00  1.14674790E+00  1.16196995E+00
   181  7.24000000E+01  1.16196695E+00  1.14761992E+00  1.16196695E+00
   182  7.28000000E+01  1.16196417E+00  1.14841851E+00  1.16196417E+00
   183  7.32000000E+01  1.16196165E+00  1.14916312E+00  1.16196165E+00
   184  7.36000000E+01  1.16195930E+00  1.14987119E+00  1.16195930E+00
   185  7.40000000E+01  1.16195711E+00  1.15055741E+00  1.16195711E+00
   186  7.44000000E+01  1.16195518E+00  1.15123315E+00  1.16195518E+00
   187  7.48000000E+01  1.16195338E+00  1.15190607E+00  1.16195338E+00
   188  7.52000000E+01  1.16195172E+00  1.15258003E+00  1.16195172E+00
   189  7.56000000E+01  1.16195019E+00  1.15325526E+00  1.16195019E+00
   190  7.60000000E+01  1.16194881E+00  1.15392870E+00  1.16194881E+00
   191  7.64000000E+01  1.16194759E+00  1.15459476E+00  1.16194759E+00
   192  7.68000000E+01  1.16194648E+00  1.15524604E+00  1.16194648E+00
   193  7.72000000E+01  1.16194546E+00  1.15587431E+00  1.16194546E+00
   194  7.76000000E+01  1.16194452E+00  1.15647147E+00  1.16194452E+00
   195  7.80000000E+01  1.16194367E+00  1.15703032E+00  1.16194367E+00
   196  7.84000000E+01  1.16194290E+00  1.15754538E+00  1.16194290E+00
   197  7.88000000E+01  1.16194219E+00  1.15801323E+00  1.16194219E+00
   198  7.92000000E+01  1.16194155E+00  1.15843285E+00  1.16194155E+00
   199  7.96000000E+01  1.16194098E+00  1.15880545E+00  1.16194098E+00
   200  8.00000000E+01  1.16194048E+00  1.15913423E+00  1.16194048E+00
   201  8.04000000E+01  1.16194005E+00  1.15942383E+00  1.16194005E+00
   202  8.08000000E+01  1.16193967E+00  1.15967979E+00  1.16193967E+00
   203  8.12000000E+01  1.16193932E+00  1.15990785E+00  1.16193932E+00
   204  8.16000000E+01  1.16193902E+00  1.16011339E+00  1.16193902E+00
   205  8.20000000E+01  1.16193874E+00  1.16030100E+00  1.16193874E+00
   206  8.24000000E+01  1.16193850E+00  1.16047417E+00  1.16193850E+00
   207  8.28000000E+01  1.16193829E+00  1.16063521E+00  1.16193829E+00
   208  8.32000000E+01  1.16193810E+00  1.16078532E+00  1.16193810E+00
   209  8.36000000E+01  1.16193794E+00  1.16092483E+00  1.16193794E+00
   210  8.40000000E+01  1.16193779E+00  1.16105349E+00  1.16193779E+00
   211  8.44000000E+01  1.16193767E+00  1.16117081E+00  1.16193767E+00
   212  8.48000000E+01  1.16193756E+00  1.16127634E+00  1.16193756E+00
   213  8.52000000E+01  1.16193747E+00  1.16136991E+00  1.16193747E+00
   214  8.56000000E+01  1.16193739E+00  1.16145172E+00  1.16193739E+00
   215  8.60000000E+01  1.16193732E+00  1.16152242E+00  1.16193732E+00
   216  8.64000000E+01  1.16193726E+00  1.16158298E+00  1.16193726E+00
   217  8.68000000E+01  1.16193722E+00  1.16163462E+00  1.16193722E+00
   218  8.72000000E+01  1.16193718E+00  1.16167862E+00  1.16193718E+00
   219  8.76000000E+01  1.16193715E+00  1.16171622E+00  1.16193715E+00
   220  8.80000000E+01  1.16193712E+00  1.16174849E+00  1.16193712E+00
   221  8.84000000E+01  1.16193710E+00  1.16177629E+00  1.16193710E+00
   222  8.88000000E+01  1.16193709E+00  1.16180024E+00  1.16193709E+00
   223  8.92000000E+01  1.16193708E+00  1.16182077E+00  1.16193708E+00
   224  8.96000000E+01  1.16193707E+00  1.16183815E+00  1.16193707E+00
   225  9.00000000E+01  1.16193707E+00  1.16185257E+00  1.16193707E+00
   226  9.04000000E+01  1.16193707E+00  1.16186421E+00  1.16193707E+00
   227  9.08000000E+01  1.16193707E+00  1.16187324E+00  1.16193707E+00
   228  9.12000000E+01  1.16193707E+00  1.16187989E+00  1.16193707E+00
   229  9.16000000E+01  1.16193708E+00  1.16188440E+00  1.16193708E+00
   230  9.20000000E+01  1.16193709E+00  1.16188707E+00  1.16193709E+00
   231  9.24000000E+01  1.16193709E+00  1.16188818E+00  1.16193709E+00
   232  9.28000000E+01  1.16193710E+00  1.16188799E+00  1.16193710E+00
   233  9.32000000E+01  1.16193711E+00  1.16188675E+00  1.16193711E+00
   234  9.36000000E+01  1.16193712E+00  1.16188466E+00  1.16193712E+00
 steady-height stop at step    234: rounded to 4 decimals, rounded max/end/ratio =      11619     11619     11619, max/end/ratio =   1.16193712E+00  1.16188466E+00  1.16193712E+00
