 comppar: model =   2
 comppar: lambda,mobility/eps,betav,eta_0 =  8.0000E-01  0.0000E+00  8.0000E-01  1.0000E+00
 comppar: eta_s,eta_p,G =  8.0000E-01  2.0000E-01  2.5000E-01
 comppar: U_avg,deltat,flowrate,nsteps =  1.0000E-01  2.0000E-01  3.1416E-01    2000
 comppar: geometry = axisymmetric
 comppar: steady stop change,gap,hold,min =  1.0000E-07  1.0000E-03       1      80
 comppar: steady stop truncated decimals =       3
 comppar: ncompc,ncompg =     4     5
 mesh nnodes = 5797
 mesh nelem = 2796
 P1 BC   5.0000000000000000     
 P2 BC   0.0000000000000000     
     1  2.00000000E-01  1.00253191E+00  1.00000000E+00  1.00253191E+00
     2  4.00000000E-01  1.00502707E+00  1.00000000E+00  1.00502707E+00
     3  6.00000000E-01  1.00748296E+00  1.00000000E+00  1.00748296E+00
     4  8.00000000E-01  1.00989920E+00  1.00000000E+00  1.00989920E+00
     5  1.00000000E+00  1.01228157E+00  1.00000000E+00  1.01228157E+00
     6  1.20000000E+00  1.01462550E+00  1.00000000E+00  1.01462550E+00
     7  1.40000000E+00  1.01692956E+00  1.00000000E+00  1.01692956E+00
     8  1.60000000E+00  1.01921012E+00  1.00000000E+00  1.01921012E+00
     9  1.80000000E+00  1.02144660E+00  1.00000000E+00  1.02144660E+00
    10  2.00000000E+00  1.02366228E+00  1.00000000E+00  1.02366228E+00
    11  2.20000000E+00  1.02584011E+00  1.00000000E+00  1.02584011E+00
    12  2.40000000E+00  1.02799331E+00  1.00000000E+00  1.02799331E+00
    13  2.60000000E+00  1.03010901E+00  1.00000000E+00  1.03010901E+00
    14  2.80000000E+00  1.03220825E+00  1.00000000E+00  1.03220825E+00
    15  3.00000000E+00  1.03426314E+00  1.00000000E+00  1.03426314E+00
    16  3.20000000E+00  1.03631068E+00  1.00000000E+00  1.03631068E+00
    17  3.40000000E+00  1.03830070E+00  1.00000000E+00  1.03830070E+00
    18  3.60000000E+00  1.04029558E+00  1.00000000E+00  1.04029558E+00
    19  3.80000000E+00  1.04224314E+00  1.00000000E+00  1.04224314E+00
    20  4.00000000E+00  1.04416563E+00  1.00000000E+00  1.04416563E+00
    21  4.20000000E+00  1.04607221E+00  1.00000000E+00  1.04607221E+00
    22  4.40000000E+00  1.04791689E+00  9.99999998E-01  1.04791689E+00
    23  4.60000000E+00  1.04977719E+00  9.99999995E-01  1.04977719E+00
    24  4.80000000E+00  1.05159313E+00  9.99999992E-01  1.05159313E+00
    25  5.00000000E+00  1.05335799E+00  9.99999989E-01  1.05335799E+00
    26  5.20000000E+00  1.05514629E+00  9.99999985E-01  1.05514629E+00
    27  5.40000000E+00  1.05687020E+00  9.99999980E-01  1.05687020E+00
    28  5.60000000E+00  1.05854875E+00  9.99999974E-01  1.05854875E+00
    29  5.80000000E+00  1.06025982E+00  9.99999968E-01  1.06025982E+00
    30  6.00000000E+00  1.06190451E+00  9.99999961E-01  1.06190451E+00
    31  6.20000000E+00  1.06350436E+00  9.99999952E-01  1.06350436E+00
    32  6.40000000E+00  1.06513790E+00  9.99999943E-01  1.06513790E+00
    33  6.60000000E+00  1.06670309E+00  9.99999933E-01  1.06670309E+00
    34  6.80000000E+00  1.06819701E+00  9.99999921E-01  1.06819701E+00
    35  7.00000000E+00  1.06976316E+00  9.99999908E-01  1.06976316E+00
    36  7.20000000E+00  1.07126580E+00  9.99999894E-01  1.07126580E+00
    37  7.40000000E+00  1.07269630E+00  9.99999878E-01  1.07269630E+00
    38  7.60000000E+00  1.07415744E+00  9.99999860E-01  1.07415744E+00
    39  7.80000000E+00  1.07559772E+00  9.99999841E-01  1.07559772E+00
    40  8.00000000E+00  1.07696492E+00  9.99999820E-01  1.07696492E+00
    41  8.20000000E+00  1.07827941E+00  9.99999797E-01  1.07827941E+00
    42  8.40000000E+00  1.07967780E+00  9.99999772E-01  1.07967780E+00
    43  8.60000000E+00  1.08100300E+00  9.99999745E-01  1.08100300E+00
    44  8.80000000E+00  1.08225274E+00  9.99999715E-01  1.08225274E+00
    45  9.00000000E+00  1.08352252E+00  9.99999683E-01  1.08352252E+00
    46  9.20000000E+00  1.08480580E+00  9.99999648E-01  1.08480580E+00
    47  9.40000000E+00  1.08601347E+00  9.99999610E-01  1.08601347E+00
    48  9.60000000E+00  1.08714371E+00  9.99999569E-01  1.08714371E+00
    49  9.80000000E+00  1.08833194E+00  9.99999525E-01  1.08833194E+00
    50  1.00000000E+01  1.08952250E+00  9.99999477E-01  1.08952250E+00
    51  1.02000000E+01  1.09063621E+00  9.99999426E-01  1.09063621E+00
    52  1.04000000E+01  1.09167160E+00  9.99999371E-01  1.09167160E+00
    53  1.06000000E+01  1.09278246E+00  9.99999312E-01  1.09278246E+00
    54  1.08000000E+01  1.09387917E+00  9.99999248E-01  1.09387917E+00
    55  1.10000000E+01  1.09489801E+00  9.99999180E-01  1.09489801E+00
    56  1.12000000E+01  1.09583794E+00  9.99999108E-01  1.09583794E+00
    57  1.14000000E+01  1.09682749E+00  9.99999030E-01  1.09682749E+00
    58  1.16000000E+01  1.09785275E+00  9.99998947E-01  1.09785275E+00
    59  1.18000000E+01  1.09879993E+00  9.99998858E-01  1.09879993E+00
    60  1.20000000E+01  1.09966849E+00  9.99998764E-01  1.09966849E+00
    61  1.22000000E+01  1.10053974E+00  9.99998663E-01  1.10053974E+00
    62  1.24000000E+01  1.10149292E+00  9.99998556E-01  1.10149292E+00
    63  1.26000000E+01  1.10236789E+00  9.99998441E-01  1.10236789E+00
    64  1.28000000E+01  1.10316459E+00  9.99998320E-01  1.10316459E+00
    65  1.30000000E+01  1.10390539E+00  9.99998191E-01  1.10390539E+00
    66  1.32000000E+01  1.10478952E+00  9.99998054E-01  1.10478952E+00
    67  1.34000000E+01  1.10559598E+00  9.99997908E-01  1.10559598E+00
    68  1.36000000E+01  1.10632537E+00  9.99997754E-01  1.10632537E+00
    69  1.38000000E+01  1.10697906E+00  9.99997591E-01  1.10697906E+00
    70  1.40000000E+01  1.10778790E+00  9.99997418E-01  1.10778790E+00
    71  1.42000000E+01  1.10852535E+00  9.99997235E-01  1.10852535E+00
    72  1.44000000E+01  1.10918698E+00  9.99997041E-01  1.10918698E+00
    73  1.46000000E+01  1.10977488E+00  9.99996836E-01  1.10977488E+00
    74  1.48000000E+01  1.11048655E+00  9.99996619E-01  1.11048655E+00
    75  1.50000000E+01  1.11115825E+00  9.99996391E-01  1.11115825E+00
    76  1.52000000E+01  1.11175645E+00  9.99996150E-01  1.11175645E+00
    77  1.54000000E+01  1.11228391E+00  9.99995895E-01  1.11228391E+00
    78  1.56000000E+01  1.11292162E+00  9.99995627E-01  1.11292162E+00
    79  1.58000000E+01  1.11352718E+00  9.99995344E-01  1.11352718E+00
    80  1.60000000E+01  1.11406163E+00  9.99995046E-01  1.11406163E+00
    81  1.62000000E+01  1.11452845E+00  9.99994732E-01  1.11452845E+00
    82  1.64000000E+01  1.11509789E+00  9.99994402E-01  1.11509789E+00
    83  1.66000000E+01  1.11564230E+00  9.99994055E-01  1.11564230E+00
    84  1.68000000E+01  1.11611887E+00  9.99993691E-01  1.11611887E+00
    85  1.70000000E+01  1.11653155E+00  9.99993307E-01  1.11653155E+00
    86  1.72000000E+01  1.11704360E+00  9.99992905E-01  1.11704360E+00
    87  1.74000000E+01  1.11752670E+00  9.99992482E-01  1.11752670E+00
    88  1.76000000E+01  1.11794541E+00  9.99992038E-01  1.11794541E+00
    89  1.78000000E+01  1.11830424E+00  9.99991573E-01  1.11830424E+00
    90  1.80000000E+01  1.11877375E+00  9.99991086E-01  1.11877375E+00
    91  1.82000000E+01  1.11920175E+00  9.99990575E-01  1.11920175E+00
    92  1.84000000E+01  1.11956926E+00  9.99990040E-01  1.11956926E+00
    93  1.86000000E+01  1.11988104E+00  9.99989479E-01  1.11988104E+00
    94  1.88000000E+01  1.12030243E+00  9.99988893E-01  1.12030243E+00
    95  1.90000000E+01  1.12067561E+00  9.99988280E-01  1.12067561E+00
    96  1.92000000E+01  1.12099250E+00  9.99987638E-01  1.12099250E+00
    97  1.94000000E+01  1.12127254E+00  9.99986968E-01  1.12127254E+00
    98  1.96000000E+01  1.12165457E+00  9.99986268E-01  1.12165457E+00
    99  1.98000000E+01  1.12197959E+00  9.99985537E-01  1.12197959E+00
   100  2.00000000E+01  1.12225254E+00  9.99984774E-01  1.12225254E+00
   101  2.02000000E+01  1.12250287E+00  9.99983978E-01  1.12250287E+00
   102  2.04000000E+01  1.12283326E+00  9.99983148E-01  1.12283326E+00
   103  2.06000000E+01  1.12311103E+00  9.99982283E-01  1.12311103E+00
   104  2.08000000E+01  1.12334140E+00  9.99981381E-01  1.12334140E+00
   105  2.10000000E+01  1.12358704E+00  9.99980443E-01  1.12358704E+00
   106  2.12000000E+01  1.12387241E+00  9.99979466E-01  1.12387241E+00
   107  2.14000000E+01  1.12410942E+00  9.99978449E-01  1.12410942E+00
   108  2.16000000E+01  1.12430337E+00  9.99977392E-01  1.12430337E+00
   109  2.18000000E+01  1.12452141E+00  9.99976293E-01  1.12452141E+00
   110  2.20000000E+01  1.12476296E+00  9.99975151E-01  1.12476296E+00
   111  2.22000000E+01  1.12496088E+00  9.99973965E-01  1.12496088E+00
   112  2.24000000E+01  1.12512050E+00  9.99972734E-01  1.12512050E+00
   113  2.26000000E+01  1.12534275E+00  9.99971457E-01  1.12534275E+00
   114  2.28000000E+01  1.12554675E+00  9.99970133E-01  1.12554675E+00
   115  2.30000000E+01  1.12571144E+00  9.99968760E-01  1.12571144E+00
   116  2.32000000E+01  1.12584209E+00  9.99967338E-01  1.12584209E+00
   117  2.34000000E+01  1.12603633E+00  9.99965866E-01  1.12603633E+00
   118  2.36000000E+01  1.12620471E+00  9.99964342E-01  1.12620471E+00
   119  2.38000000E+01  1.12633853E+00  9.99962767E-01  1.12633853E+00
   120  2.40000000E+01  1.12647187E+00  9.99961138E-01  1.12647187E+00
   121  2.42000000E+01  1.12664575E+00  9.99959455E-01  1.12664575E+00
   122  2.44000000E+01  1.12678405E+00  9.99957717E-01  1.12678405E+00
   123  2.46000000E+01  1.12689196E+00  9.99955924E-01  1.12689196E+00
   124  2.48000000E+01  1.12700595E+00  9.99954075E-01  1.12700595E+00
   125  2.50000000E+01  1.12714766E+00  9.99952169E-01  1.12714766E+00
   126  2.52000000E+01  1.12725845E+00  9.99950206E-01  1.12725845E+00
   127  2.54000000E+01  1.12734336E+00  9.99948185E-01  1.12734336E+00
   128  2.56000000E+01  1.12747532E+00  9.99946106E-01  1.12747532E+00
   129  2.58000000E+01  1.12759001E+00  9.99943970E-01  1.12759001E+00
   130  2.60000000E+01  1.12767785E+00  9.99941775E-01  1.12767785E+00
   131  2.62000000E+01  1.12774365E+00  9.99939522E-01  1.12774365E+00
   132  2.64000000E+01  1.12785264E+00  9.99937212E-01  1.12785264E+00
   133  2.66000000E+01  1.12794308E+00  9.99934845E-01  1.12794308E+00
   134  2.68000000E+01  1.12801101E+00  9.99932421E-01  1.12801101E+00
   135  2.70000000E+01  1.12809258E+00  9.99929941E-01  1.12809258E+00
   136  2.72000000E+01  1.12818634E+00  9.99927406E-01  1.12818634E+00
   137  2.74000000E+01  1.12825665E+00  9.99924818E-01  1.12825665E+00
   138  2.76000000E+01  1.12830810E+00  9.99922178E-01  1.12830810E+00
   139  2.78000000E+01  1.12837148E+00  9.99919488E-01  1.12837148E+00
   140  2.80000000E+01  1.12844412E+00  9.99916750E-01  1.12844412E+00
   141  2.82000000E+01  1.12849745E+00  9.99913966E-01  1.12849745E+00
   142  2.84000000E+01  1.12854466E+00  9.99911140E-01  1.12854466E+00
   143  2.86000000E+01  1.12862003E+00  9.99908273E-01  1.12862003E+00
   144  2.88000000E+01  1.12867519E+00  9.99905370E-01  1.12867519E+00
   145  2.90000000E+01  1.12871448E+00  9.99902435E-01  1.12871448E+00
   146  2.92000000E+01  1.12874651E+00  9.99899471E-01  1.12874651E+00
   147  2.94000000E+01  1.12880373E+00  9.99896484E-01  1.12880373E+00
   148  2.96000000E+01  1.12884467E+00  9.99893479E-01  1.12884467E+00
   149  2.98000000E+01  1.12887331E+00  9.99890461E-01  1.12887331E+00
   150  3.00000000E+01  1.12892897E+00  9.99887437E-01  1.12892897E+00
   151  3.02000000E+01  1.12897119E+00  9.99884414E-01  1.12897119E+00
   152  3.04000000E+01  1.12900034E+00  9.99881399E-01  1.12900034E+00
   153  3.06000000E+01  1.12902002E+00  9.99878401E-01  1.12902002E+00
   154  3.08000000E+01  1.12905590E+00  9.99875429E-01  1.12905590E+00
   155  3.10000000E+01  1.12908647E+00  9.99872493E-01  1.12908647E+00
   156  3.12000000E+01  1.12910725E+00  9.99869603E-01  1.12910725E+00
   157  3.14000000E+01  1.12914351E+00  9.99866771E-01  1.12914351E+00
   158  3.16000000E+01  1.12917485E+00  9.99864009E-01  1.12917485E+00
   159  3.18000000E+01  1.12919569E+00  9.99861330E-01  1.12919569E+00
   160  3.20000000E+01  1.12920930E+00  9.99858750E-01  1.12920930E+00
   161  3.22000000E+01  1.12922748E+00  9.99856283E-01  1.12922748E+00
   162  3.24000000E+01  1.12924952E+00  9.99853946E-01  1.12924952E+00
   163  3.26000000E+01  1.12926406E+00  9.99851757E-01  1.12926406E+00
   164  3.28000000E+01  1.12928766E+00  9.99849734E-01  1.12928766E+00
   165  3.30000000E+01  1.12931000E+00  9.99847899E-01  1.12931000E+00
   166  3.32000000E+01  1.12932418E+00  9.99846274E-01  1.12932418E+00
   167  3.34000000E+01  1.12933314E+00  9.99844881E-01  1.12933314E+00
   168  3.36000000E+01  1.12933964E+00  9.99843745E-01  1.12933964E+00
   169  3.38000000E+01  1.12935483E+00  9.99842893E-01  1.12935483E+00
   170  3.40000000E+01  1.12936457E+00  9.99842354E-01  1.12936457E+00
   171  3.42000000E+01  1.12938015E+00  9.99842158E-01  1.12938015E+00
   172  3.44000000E+01  1.12939520E+00  9.99842336E-01  1.12939520E+00
   173  3.46000000E+01  1.12940420E+00  9.99842924E-01  1.12940420E+00
   174  3.48000000E+01  1.12940977E+00  9.99843957E-01  1.12940977E+00
   175  3.50000000E+01  1.12941397E+00  9.99845474E-01  1.12941397E+00
   176  3.52000000E+01  1.12942464E+00  9.99847515E-01  1.12942464E+00
   177  3.54000000E+01  1.12943966E+00  9.99850126E-01  1.12943966E+00
   178  3.56000000E+01  1.12945378E+00  9.99853351E-01  1.12945378E+00
   179  3.58000000E+01  1.12946981E+00  9.99857239E-01  1.12946981E+00
   180  3.60000000E+01  1.12948501E+00  9.99861842E-01  1.12948501E+00
   181  3.62000000E+01  1.12949907E+00  9.99867214E-01  1.12949907E+00
   182  3.64000000E+01  1.12951178E+00  9.99873414E-01  1.12951178E+00
   183  3.66000000E+01  1.12952305E+00  9.99880501E-01  1.12952305E+00
   184  3.68000000E+01  1.12953562E+00  9.99888541E-01  1.12953562E+00
   185  3.70000000E+01  1.12954855E+00  9.99897602E-01  1.12954855E+00
   186  3.72000000E+01  1.12955998E+00  9.99907755E-01  1.12955998E+00
   187  3.74000000E+01  1.12956992E+00  9.99919076E-01  1.12956992E+00
   188  3.76000000E+01  1.12957846E+00  9.99931644E-01  1.12957846E+00
   189  3.78000000E+01  1.12958623E+00  9.99945545E-01  1.12958623E+00
   190  3.80000000E+01  1.12959667E+00  9.99960865E-01  1.12959667E+00
   191  3.82000000E+01  1.12960568E+00  9.99977699E-01  1.12960568E+00
   192  3.84000000E+01  1.12961337E+00  9.99996145E-01  1.12961337E+00
   193  3.86000000E+01  1.12961991E+00  1.00001631E+00  1.12961991E+00
   194  3.88000000E+01  1.12962594E+00  1.00003829E+00  1.12962594E+00
   195  3.90000000E+01  1.12963370E+00  1.00006221E+00  1.12963370E+00
   196  3.92000000E+01  1.12964027E+00  1.00008818E+00  1.12964027E+00
   197  3.94000000E+01  1.12964584E+00  1.00011634E+00  1.12964584E+00
   198  3.96000000E+01  1.12965061E+00  1.00014681E+00  1.12965061E+00
   199  3.98000000E+01  1.12965475E+00  1.00017974E+00  1.12965475E+00
   200  4.00000000E+01  1.12966002E+00  1.00021525E+00  1.12966002E+00
   201  4.02000000E+01  1.12966501E+00  1.00025352E+00  1.12966501E+00
   202  4.04000000E+01  1.12966928E+00  1.00029470E+00  1.12966928E+00
   203  4.06000000E+01  1.12967302E+00  1.00033895E+00  1.12967302E+00
   204  4.08000000E+01  1.12967635E+00  1.00038644E+00  1.12967635E+00
   205  4.10000000E+01  1.12967939E+00  1.00043737E+00  1.12967939E+00
   206  4.12000000E+01  1.12968221E+00  1.00049192E+00  1.12968221E+00
   207  4.14000000E+01  1.12968521E+00  1.00055028E+00  1.12968521E+00
   208  4.16000000E+01  1.12968827E+00  1.00061268E+00  1.12968827E+00
   209  4.18000000E+01  1.12969112E+00  1.00067932E+00  1.12969112E+00
   210  4.20000000E+01  1.12969381E+00  1.00075043E+00  1.12969381E+00
   211  4.22000000E+01  1.12969637E+00  1.00082626E+00  1.12969637E+00
   212  4.24000000E+01  1.12969880E+00  1.00090703E+00  1.12969880E+00
   213  4.26000000E+01  1.12970109E+00  1.00099302E+00  1.12970109E+00
   214  4.28000000E+01  1.12970323E+00  1.00108450E+00  1.12970323E+00
   215  4.30000000E+01  1.12970520E+00  1.00118173E+00  1.12970520E+00
   216  4.32000000E+01  1.12970700E+00  1.00128501E+00  1.12970700E+00
   217  4.34000000E+01  1.12970861E+00  1.00139464E+00  1.12970861E+00
   218  4.36000000E+01  1.12971009E+00  1.00151095E+00  1.12971009E+00
   219  4.38000000E+01  1.12971189E+00  1.00163424E+00  1.12971189E+00
   220  4.40000000E+01  1.12971352E+00  1.00176488E+00  1.12971352E+00
   221  4.42000000E+01  1.12971498E+00  1.00190319E+00  1.12971498E+00
   222  4.44000000E+01  1.12971626E+00  1.00204956E+00  1.12971626E+00
   223  4.46000000E+01  1.12971737E+00  1.00220437E+00  1.12971737E+00
   224  4.48000000E+01  1.12971832E+00  1.00236799E+00  1.12971832E+00
   225  4.50000000E+01  1.12971913E+00  1.00254085E+00  1.12971913E+00
   226  4.52000000E+01  1.12971981E+00  1.00272337E+00  1.12971981E+00
   227  4.54000000E+01  1.12972038E+00  1.00291597E+00  1.12972038E+00
   228  4.56000000E+01  1.12972086E+00  1.00311912E+00  1.12972086E+00
   229  4.58000000E+01  1.12972155E+00  1.00333328E+00  1.12972155E+00
   230  4.60000000E+01  1.12972213E+00  1.00355893E+00  1.12972213E+00
   231  4.62000000E+01  1.12972262E+00  1.00379657E+00  1.12972262E+00
   232  4.64000000E+01  1.12972302E+00  1.00404670E+00  1.12972302E+00
   233  4.66000000E+01  1.12972336E+00  1.00430987E+00  1.12972336E+00
   234  4.68000000E+01  1.12972364E+00  1.00458661E+00  1.12972364E+00
   235  4.70000000E+01  1.12972386E+00  1.00487748E+00  1.12972386E+00
   236  4.72000000E+01  1.12972405E+00  1.00518306E+00  1.12972405E+00
   237  4.74000000E+01  1.12972419E+00  1.00550393E+00  1.12972419E+00
   238  4.76000000E+01  1.12972430E+00  1.00584071E+00  1.12972430E+00
   239  4.78000000E+01  1.12972438E+00  1.00619401E+00  1.12972438E+00
   240  4.80000000E+01  1.12972443E+00  1.00656448E+00  1.12972443E+00
   241  4.82000000E+01  1.12972445E+00  1.00695275E+00  1.12972445E+00
   242  4.84000000E+01  1.12972444E+00  1.00735949E+00  1.12972444E+00
   243  4.86000000E+01  1.12972442E+00  1.00778539E+00  1.12972442E+00
   244  4.88000000E+01  1.12972437E+00  1.00823112E+00  1.12972437E+00
   245  4.90000000E+01  1.12972431E+00  1.00869740E+00  1.12972431E+00
   246  4.92000000E+01  1.12972423E+00  1.00918493E+00  1.12972423E+00
   247  4.94000000E+01  1.12972414E+00  1.00969443E+00  1.12972414E+00
   248  4.96000000E+01  1.12972404E+00  1.01022666E+00  1.12972404E+00
   249  4.98000000E+01  1.12972394E+00  1.01078233E+00  1.12972394E+00
   250  5.00000000E+01  1.12972382E+00  1.01136220E+00  1.12972382E+00
   251  5.02000000E+01  1.12972371E+00  1.01196703E+00  1.12972371E+00
   252  5.04000000E+01  1.12972359E+00  1.01259757E+00  1.12972359E+00
   253  5.06000000E+01  1.12972346E+00  1.01325458E+00  1.12972346E+00
   254  5.08000000E+01  1.12972334E+00  1.01393882E+00  1.12972334E+00
   255  5.10000000E+01  1.12972322E+00  1.01465104E+00  1.12972322E+00
   256  5.12000000E+01  1.12972309E+00  1.01539200E+00  1.12972309E+00
   257  5.14000000E+01  1.12972297E+00  1.01616244E+00  1.12972297E+00
   258  5.16000000E+01  1.12972285E+00  1.01696311E+00  1.12972285E+00
   259  5.18000000E+01  1.12972273E+00  1.01779471E+00  1.12972273E+00
   260  5.20000000E+01  1.12972261E+00  1.01865796E+00  1.12972261E+00
   261  5.22000000E+01  1.12972250E+00  1.01955355E+00  1.12972250E+00
   262  5.24000000E+01  1.12972238E+00  1.02048214E+00  1.12972238E+00
   263  5.26000000E+01  1.12972228E+00  1.02144438E+00  1.12972228E+00
   264  5.28000000E+01  1.12972217E+00  1.02244087E+00  1.12972217E+00
   265  5.30000000E+01  1.12972207E+00  1.02347219E+00  1.12972207E+00
   266  5.32000000E+01  1.12972197E+00  1.02453889E+00  1.12972197E+00
   267  5.34000000E+01  1.12972187E+00  1.02564145E+00  1.12972187E+00
   268  5.36000000E+01  1.12972178E+00  1.02678033E+00  1.12972178E+00
   269  5.38000000E+01  1.12972169E+00  1.02795594E+00  1.12972169E+00
   270  5.40000000E+01  1.12972161E+00  1.02916861E+00  1.12972161E+00
   271  5.42000000E+01  1.12972153E+00  1.03041862E+00  1.12972153E+00
   272  5.44000000E+01  1.12972145E+00  1.03170621E+00  1.12972145E+00
   273  5.46000000E+01  1.12972138E+00  1.03303151E+00  1.12972138E+00
   274  5.48000000E+01  1.12972131E+00  1.03439460E+00  1.12972131E+00
   275  5.50000000E+01  1.12972124E+00  1.03579548E+00  1.12972124E+00
   276  5.52000000E+01  1.12972117E+00  1.03723404E+00  1.12972117E+00
   277  5.54000000E+01  1.12972111E+00  1.03871012E+00  1.12972111E+00
   278  5.56000000E+01  1.12972106E+00  1.04022342E+00  1.12972106E+00
   279  5.58000000E+01  1.12972100E+00  1.04177356E+00  1.12972100E+00
   280  5.60000000E+01  1.12972095E+00  1.04336007E+00  1.12972095E+00
   281  5.62000000E+01  1.12972090E+00  1.04498236E+00  1.12972090E+00
   282  5.64000000E+01  1.12972086E+00  1.04663970E+00  1.12972086E+00
   283  5.66000000E+01  1.12972081E+00  1.04833129E+00  1.12972081E+00
   284  5.68000000E+01  1.12972077E+00  1.05005616E+00  1.12972077E+00
   285  5.70000000E+01  1.12972073E+00  1.05181326E+00  1.12972073E+00
   286  5.72000000E+01  1.12972070E+00  1.05360138E+00  1.12972070E+00
   287  5.74000000E+01  1.12972066E+00  1.05541920E+00  1.12972066E+00
   288  5.76000000E+01  1.12972063E+00  1.05726526E+00  1.12972063E+00
   289  5.78000000E+01  1.12972060E+00  1.05913796E+00  1.12972060E+00
   290  5.80000000E+01  1.12972057E+00  1.06103559E+00  1.12972057E+00
   291  5.82000000E+01  1.12972054E+00  1.06295628E+00  1.12972054E+00
   292  5.84000000E+01  1.12972052E+00  1.06489806E+00  1.12972052E+00
   293  5.86000000E+01  1.12972050E+00  1.06685879E+00  1.12972050E+00
   294  5.88000000E+01  1.12972047E+00  1.06883624E+00  1.12972047E+00
   295  5.90000000E+01  1.12972045E+00  1.07082802E+00  1.12972045E+00
   296  5.92000000E+01  1.12972043E+00  1.07283165E+00  1.12972043E+00
   297  5.94000000E+01  1.12972042E+00  1.07484451E+00  1.12972042E+00
   298  5.96000000E+01  1.12972040E+00  1.07686388E+00  1.12972040E+00
   299  5.98000000E+01  1.12972038E+00  1.07888691E+00  1.12972038E+00
   300  6.00000000E+01  1.12972037E+00  1.08091068E+00  1.12972037E+00
   301  6.02000000E+01  1.12972036E+00  1.08293216E+00  1.12972036E+00
   302  6.04000000E+01  1.12972034E+00  1.08494824E+00  1.12972034E+00
   303  6.06000000E+01  1.12972033E+00  1.08695572E+00  1.12972033E+00
   304  6.08000000E+01  1.12972032E+00  1.08895135E+00  1.12972032E+00
   305  6.10000000E+01  1.12972031E+00  1.09093180E+00  1.12972031E+00
   306  6.12000000E+01  1.12972030E+00  1.09289371E+00  1.12972030E+00
   307  6.14000000E+01  1.12972029E+00  1.09483369E+00  1.12972029E+00
   308  6.16000000E+01  1.12972028E+00  1.09674830E+00  1.12972028E+00
   309  6.18000000E+01  1.12972028E+00  1.09863410E+00  1.12972028E+00
   310  6.20000000E+01  1.12972027E+00  1.10048766E+00  1.12972027E+00
   311  6.22000000E+01  1.12972026E+00  1.10230556E+00  1.12972026E+00
   312  6.24000000E+01  1.12972026E+00  1.10408441E+00  1.12972026E+00
   313  6.26000000E+01  1.12972025E+00  1.10582086E+00  1.12972025E+00
   314  6.28000000E+01  1.12972024E+00  1.10751164E+00  1.12972024E+00
   315  6.30000000E+01  1.12972024E+00  1.10915356E+00  1.12972024E+00
   316  6.32000000E+01  1.12972024E+00  1.11074351E+00  1.12972024E+00
   317  6.34000000E+01  1.12972023E+00  1.11227853E+00  1.12972023E+00
   318  6.36000000E+01  1.12972023E+00  1.11375577E+00  1.12972023E+00
   319  6.38000000E+01  1.12972022E+00  1.11517258E+00  1.12972022E+00
   320  6.40000000E+01  1.12972022E+00  1.11652646E+00  1.12972022E+00
   321  6.42000000E+01  1.12972022E+00  1.11781515E+00  1.12972022E+00
   322  6.44000000E+01  1.12972022E+00  1.11903661E+00  1.12972022E+00
   323  6.46000000E+01  1.12972021E+00  1.12018910E+00  1.12972021E+00
   324  6.48000000E+01  1.12972021E+00  1.12127116E+00  1.12972021E+00
   325  6.50000000E+01  1.12972021E+00  1.12228166E+00  1.12972021E+00
   326  6.52000000E+01  1.12972021E+00  1.12321985E+00  1.12972021E+00
   327  6.54000000E+01  1.12972020E+00  1.12408537E+00  1.12972020E+00
   328  6.56000000E+01  1.12972020E+00  1.12487830E+00  1.12972020E+00
   329  6.58000000E+01  1.12972020E+00  1.12559915E+00  1.12972020E+00
   330  6.60000000E+01  1.12972020E+00  1.12624894E+00  1.12972020E+00
   331  6.62000000E+01  1.12972020E+00  1.12682917E+00  1.12972020E+00
   332  6.64000000E+01  1.12972020E+00  1.12734184E+00  1.12972020E+00
   333  6.66000000E+01  1.12972020E+00  1.12778946E+00  1.12972020E+00
   334  6.68000000E+01  1.12972019E+00  1.12817502E+00  1.12972019E+00
   335  6.70000000E+01  1.12972019E+00  1.12850199E+00  1.12972019E+00
   336  6.72000000E+01  1.12972019E+00  1.12877423E+00  1.12972019E+00
   337  6.74000000E+01  1.12972019E+00  1.12899600E+00  1.12972019E+00
   338  6.76000000E+01  1.12972019E+00  1.12917186E+00  1.12972019E+00
 steady-height stop at step    338: truncated to 3 decimals, truncated max/end/ratio =       1129      1129      1129, max/end/ratio =   1.12972019E+00  1.12917186E+00  1.12972019E+00
