 comppar: model =   3
 comppar: lambda,mobility/eps,betav,eta_0 =  1.1000E+01  3.0000E-02  7.0000E-01  1.0000E+00
 comppar: eta_s,eta_p,G =  7.0000E-01  3.0000E-01  2.7273E-02
 comppar: U_avg,deltat,flowrate,nsteps =  1.0000E-01  4.0000E-01  3.1416E-01    1000
 comppar: geometry = axisymmetric
 comppar: steady stop change,gap,hold,min =  1.0000E-05  2.0000E-04      10      80
 comppar: steady stop rounded decimals =       4
 comppar: ncompc,ncompg =     4     5
 mesh nnodes = 22999
 mesh nelem = 11296
 P1 BC   5.0000000000000000     
 P2 BC   0.0000000000000000     
     1  4.00000000E-01  1.00503928E+00  1.00000000E+00  1.00503928E+00
     2  8.00000000E-01  1.00992090E+00  1.00000000E+00  1.00992090E+00
     3  1.20000000E+00  1.01464848E+00  1.00000000E+00  1.01464848E+00
     4  1.60000000E+00  1.01923732E+00  1.00000000E+00  1.01923732E+00
     5  2.00000000E+00  1.02369364E+00  1.00000000E+00  1.02369364E+00
     6  2.40000000E+00  1.02802726E+00  1.00000000E+00  1.02802726E+00
     7  2.80000000E+00  1.03224773E+00  1.00000000E+00  1.03224773E+00
     8  3.20000000E+00  1.03636248E+00  1.00000000E+00  1.03636248E+00
     9  3.60000000E+00  1.04038602E+00  1.00000000E+00  1.04038602E+00
    10  4.00000000E+00  1.04432445E+00  1.00000000E+00  1.04432445E+00
    11  4.40000000E+00  1.04818213E+00  9.99999997E-01  1.04818213E+00
    12  4.80000000E+00  1.05197523E+00  9.99999992E-01  1.05197523E+00
    13  5.20000000E+00  1.05570765E+00  9.99999984E-01  1.05570765E+00
    14  5.60000000E+00  1.05937938E+00  9.99999974E-01  1.05937938E+00
    15  6.00000000E+00  1.06300388E+00  9.99999961E-01  1.06300388E+00
    16  6.40000000E+00  1.06659464E+00  9.99999944E-01  1.06659464E+00
    17  6.80000000E+00  1.07014771E+00  9.99999923E-01  1.07014771E+00
    18  7.20000000E+00  1.07366608E+00  9.99999898E-01  1.07366608E+00
    19  7.60000000E+00  1.07715676E+00  9.99999868E-01  1.07715676E+00
    20  8.00000000E+00  1.08062083E+00  9.99999832E-01  1.08062083E+00
    21  8.40000000E+00  1.08406493E+00  9.99999789E-01  1.08406493E+00
    22  8.80000000E+00  1.08748579E+00  9.99999739E-01  1.08748579E+00
    23  9.20000000E+00  1.09091292E+00  9.99999681E-01  1.09091292E+00
    24  9.60000000E+00  1.09432044E+00  9.99999615E-01  1.09432044E+00
    25  1.00000000E+01  1.09770775E+00  9.99999539E-01  1.09770775E+00
    26  1.04000000E+01  1.10108122E+00  9.99999452E-01  1.10108122E+00
    27  1.08000000E+01  1.10448014E+00  9.99999354E-01  1.10448014E+00
    28  1.12000000E+01  1.10785299E+00  9.99999243E-01  1.10785299E+00
    29  1.16000000E+01  1.11123575E+00  9.99999119E-01  1.11123575E+00
    30  1.20000000E+01  1.11462561E+00  9.99998981E-01  1.11462561E+00
    31  1.24000000E+01  1.11801154E+00  9.99998827E-01  1.11801154E+00
    32  1.28000000E+01  1.12141198E+00  9.99998656E-01  1.12141198E+00
    33  1.32000000E+01  1.12483195E+00  9.99998467E-01  1.12483195E+00
    34  1.36000000E+01  1.12824276E+00  9.99998258E-01  1.12824276E+00
    35  1.40000000E+01  1.13170222E+00  9.99998028E-01  1.13170222E+00
    36  1.44000000E+01  1.13518130E+00  9.99997776E-01  1.13518130E+00
    37  1.48000000E+01  1.13868011E+00  9.99997500E-01  1.13868011E+00
    38  1.52000000E+01  1.14220735E+00  9.99997199E-01  1.14220735E+00
    39  1.56000000E+01  1.14577578E+00  9.99996871E-01  1.14577578E+00
    40  1.60000000E+01  1.14939053E+00  9.99996514E-01  1.14939053E+00
    41  1.64000000E+01  1.15303373E+00  9.99996125E-01  1.15303373E+00
    42  1.68000000E+01  1.15669895E+00  9.99995705E-01  1.15669895E+00
    43  1.72000000E+01  1.16037505E+00  9.99995249E-01  1.16037505E+00
    44  1.76000000E+01  1.16405604E+00  9.99994757E-01  1.16405604E+00
    45  1.80000000E+01  1.16777117E+00  9.99994226E-01  1.16777117E+00
    46  1.84000000E+01  1.17146333E+00  9.99993654E-01  1.17146333E+00
    47  1.88000000E+01  1.17511506E+00  9.99993038E-01  1.17511506E+00
    48  1.92000000E+01  1.17879560E+00  9.99992376E-01  1.17879560E+00
    49  1.96000000E+01  1.18242703E+00  9.99991666E-01  1.18242703E+00
    50  2.00000000E+01  1.18601060E+00  9.99990903E-01  1.18601060E+00
    51  2.04000000E+01  1.18960406E+00  9.99990087E-01  1.18960406E+00
    52  2.08000000E+01  1.19311722E+00  9.99989214E-01  1.19311722E+00
    53  2.12000000E+01  1.19663811E+00  9.99988280E-01  1.19663811E+00
    54  2.16000000E+01  1.20009585E+00  9.99987283E-01  1.20009585E+00
    55  2.20000000E+01  1.20353171E+00  9.99986219E-01  1.20353171E+00
    56  2.24000000E+01  1.20692956E+00  9.99985086E-01  1.20692956E+00
    57  2.28000000E+01  1.21027271E+00  9.99983878E-01  1.21027271E+00
    58  2.32000000E+01  1.21361024E+00  9.99982594E-01  1.21361024E+00
    59  2.36000000E+01  1.21686783E+00  9.99981229E-01  1.21686783E+00
    60  2.40000000E+01  1.22011975E+00  9.99979780E-01  1.22011975E+00
    61  2.44000000E+01  1.22332169E+00  9.99978241E-01  1.22332169E+00
    62  2.48000000E+01  1.22645451E+00  9.99976610E-01  1.22645451E+00
    63  2.52000000E+01  1.22960219E+00  9.99974883E-01  1.22960219E+00
    64  2.56000000E+01  1.23268248E+00  9.99973054E-01  1.23268248E+00
    65  2.60000000E+01  1.23570886E+00  9.99971120E-01  1.23570886E+00
    66  2.64000000E+01  1.23873517E+00  9.99969076E-01  1.23873517E+00
    67  2.68000000E+01  1.24169160E+00  9.99966918E-01  1.24169160E+00
    68  2.72000000E+01  1.24462542E+00  9.99964641E-01  1.24462542E+00
    69  2.76000000E+01  1.24751833E+00  9.99962241E-01  1.24751833E+00
    70  2.80000000E+01  1.25035328E+00  9.99959713E-01  1.25035328E+00
    71  2.84000000E+01  1.25317673E+00  9.99957052E-01  1.25317673E+00
    72  2.88000000E+01  1.25591083E+00  9.99954254E-01  1.25591083E+00
    73  2.92000000E+01  1.25863972E+00  9.99951315E-01  1.25863972E+00
    74  2.96000000E+01  1.26129117E+00  9.99948229E-01  1.26129117E+00
    75  3.00000000E+01  1.26390216E+00  9.99944993E-01  1.26390216E+00
    76  3.04000000E+01  1.26646683E+00  9.99941603E-01  1.26646683E+00
    77  3.08000000E+01  1.26897038E+00  9.99938053E-01  1.26897038E+00
    78  3.12000000E+01  1.27144647E+00  9.99934341E-01  1.27144647E+00
    79  3.16000000E+01  1.27385208E+00  9.99930462E-01  1.27385208E+00
    80  3.20000000E+01  1.27623893E+00  9.99926413E-01  1.27623893E+00
    81  3.24000000E+01  1.27854310E+00  9.99922192E-01  1.27854310E+00
    82  3.28000000E+01  1.28084287E+00  9.99917795E-01  1.28084287E+00
    83  3.32000000E+01  1.28304947E+00  9.99913220E-01  1.28304947E+00
    84  3.36000000E+01  1.28526450E+00  9.99908466E-01  1.28526450E+00
    85  3.40000000E+01  1.28738888E+00  9.99903532E-01  1.28738888E+00
    86  3.44000000E+01  1.28951459E+00  9.99898417E-01  1.28951459E+00
    87  3.48000000E+01  1.29156324E+00  9.99893122E-01  1.29156324E+00
    88  3.52000000E+01  1.29359405E+00  9.99887648E-01  1.29359405E+00
    89  3.56000000E+01  1.29557027E+00  9.99881998E-01  1.29557027E+00
    90  3.60000000E+01  1.29750668E+00  9.99876175E-01  1.29750668E+00
    91  3.64000000E+01  1.29941321E+00  9.99870184E-01  1.29941321E+00
    92  3.68000000E+01  1.30125678E+00  9.99864030E-01  1.30125678E+00
    93  3.72000000E+01  1.30309592E+00  9.99857722E-01  1.30309592E+00
    94  3.76000000E+01  1.30486163E+00  9.99851269E-01  1.30486163E+00
    95  3.80000000E+01  1.30662481E+00  9.99844682E-01  1.30662481E+00
    96  3.84000000E+01  1.30832461E+00  9.99837975E-01  1.30832461E+00
    97  3.88000000E+01  1.31000196E+00  9.99831162E-01  1.31000196E+00
    98  3.92000000E+01  1.31163643E+00  9.99824262E-01  1.31163643E+00
    99  3.96000000E+01  1.31323626E+00  9.99817295E-01  1.31323626E+00
   100  4.00000000E+01  1.31480543E+00  9.99810285E-01  1.31480543E+00
   101  4.04000000E+01  1.31633307E+00  9.99803259E-01  1.31633307E+00
   102  4.08000000E+01  1.31783745E+00  9.99796247E-01  1.31783745E+00
   103  4.12000000E+01  1.31928734E+00  9.99789283E-01  1.31928734E+00
   104  4.16000000E+01  1.32072772E+00  9.99782406E-01  1.32072772E+00
   105  4.20000000E+01  1.32209985E+00  9.99775659E-01  1.32209985E+00
   106  4.24000000E+01  1.32347736E+00  9.99769089E-01  1.32347736E+00
   107  4.28000000E+01  1.32478609E+00  9.99762749E-01  1.32478609E+00
   108  4.32000000E+01  1.32609895E+00  9.99756698E-01  1.32609895E+00
   109  4.36000000E+01  1.32734895E+00  9.99751002E-01  1.32734895E+00
   110  4.40000000E+01  1.32859969E+00  9.99745731E-01  1.32859969E+00
   111  4.44000000E+01  1.32979302E+00  9.99740965E-01  1.32979302E+00
   112  4.48000000E+01  1.33097875E+00  9.99736790E-01  1.33097875E+00
   113  4.52000000E+01  1.33211784E+00  9.99733301E-01  1.33211784E+00
   114  4.56000000E+01  1.33324036E+00  9.99730602E-01  1.33324036E+00
   115  4.60000000E+01  1.33432740E+00  9.99728807E-01  1.33432740E+00
   116  4.64000000E+01  1.33538957E+00  9.99728040E-01  1.33538957E+00
   117  4.68000000E+01  1.33642669E+00  9.99728435E-01  1.33642669E+00
   118  4.72000000E+01  1.33742965E+00  9.99730141E-01  1.33742965E+00
   119  4.76000000E+01  1.33841886E+00  9.99733316E-01  1.33841886E+00
   120  4.80000000E+01  1.33936760E+00  9.99738135E-01  1.33936760E+00
   121  4.84000000E+01  1.34031054E+00  9.99744784E-01  1.34031054E+00
   122  4.88000000E+01  1.34120745E+00  9.99753469E-01  1.34120745E+00
   123  4.92000000E+01  1.34210582E+00  9.99764410E-01  1.34210582E+00
   124  4.96000000E+01  1.34295546E+00  9.99777844E-01  1.34295546E+00
   125  5.00000000E+01  1.34380830E+00  9.99794029E-01  1.34380830E+00
   126  5.04000000E+01  1.34461618E+00  9.99813242E-01  1.34461618E+00
   127  5.08000000E+01  1.34542128E+00  9.99835782E-01  1.34542128E+00
   128  5.12000000E+01  1.34618882E+00  9.99861971E-01  1.34618882E+00
   129  5.16000000E+01  1.34694777E+00  9.99892154E-01  1.34694777E+00
   130  5.20000000E+01  1.34767635E+00  9.99926705E-01  1.34767635E+00
   131  5.24000000E+01  1.34839038E+00  9.99966021E-01  1.34839038E+00
   132  5.28000000E+01  1.34908139E+00  1.00001053E+00  1.34908139E+00
   133  5.32000000E+01  1.34975416E+00  1.00006069E+00  1.34975416E+00
   134  5.36000000E+01  1.35040909E+00  1.00011700E+00  1.35040909E+00
   135  5.40000000E+01  1.35104272E+00  1.00017998E+00  1.35104272E+00
   136  5.44000000E+01  1.35166299E+00  1.00025020E+00  1.35166299E+00
   137  5.48000000E+01  1.35225863E+00  1.00032825E+00  1.35225863E+00
   138  5.52000000E+01  1.35284574E+00  1.00041477E+00  1.35284574E+00
   139  5.56000000E+01  1.35340448E+00  1.00051046E+00  1.35340448E+00
   140  5.60000000E+01  1.35395985E+00  1.00061604E+00  1.35395985E+00
   141  5.64000000E+01  1.35448362E+00  1.00073228E+00  1.35448362E+00
   142  5.68000000E+01  1.35500869E+00  1.00086003E+00  1.35500869E+00
   143  5.72000000E+01  1.35550069E+00  1.00100014E+00  1.35550069E+00
   144  5.76000000E+01  1.35599540E+00  1.00115357E+00  1.35599540E+00
   145  5.80000000E+01  1.35645991E+00  1.00132130E+00  1.35645991E+00
   146  5.84000000E+01  1.35692458E+00  1.00150438E+00  1.35692458E+00
   147  5.88000000E+01  1.35736277E+00  1.00170393E+00  1.35736277E+00
   148  5.92000000E+01  1.35779839E+00  1.00192113E+00  1.35779839E+00
   149  5.96000000E+01  1.35821146E+00  1.00215722E+00  1.35821146E+00
   150  6.00000000E+01  1.35861828E+00  1.00241353E+00  1.35861828E+00
   151  6.04000000E+01  1.35900731E+00  1.00269146E+00  1.35900731E+00
   152  6.08000000E+01  1.35938638E+00  1.00299247E+00  1.35938638E+00
   153  6.12000000E+01  1.35975246E+00  1.00331810E+00  1.35975246E+00
   154  6.16000000E+01  1.36010636E+00  1.00367000E+00  1.36010636E+00
   155  6.20000000E+01  1.36045049E+00  1.00404988E+00  1.36045049E+00
   156  6.24000000E+01  1.36078012E+00  1.00445953E+00  1.36078012E+00
   157  6.28000000E+01  1.36110331E+00  1.00490084E+00  1.36110331E+00
   158  6.32000000E+01  1.36140992E+00  1.00537581E+00  1.36140992E+00
   159  6.36000000E+01  1.36171312E+00  1.00588648E+00  1.36171312E+00
   160  6.40000000E+01  1.36199785E+00  1.00643503E+00  1.36199785E+00
   161  6.44000000E+01  1.36228202E+00  1.00702372E+00  1.36228202E+00
   162  6.48000000E+01  1.36254644E+00  1.00765488E+00  1.36254644E+00
   163  6.52000000E+01  1.36281247E+00  1.00833097E+00  1.36281247E+00
   164  6.56000000E+01  1.36305858E+00  1.00905451E+00  1.36305858E+00
   165  6.60000000E+01  1.36330600E+00  1.00982813E+00  1.36330600E+00
   166  6.64000000E+01  1.36353584E+00  1.01065454E+00  1.36353584E+00
   167  6.68000000E+01  1.36376515E+00  1.01153653E+00  1.36376515E+00
   168  6.72000000E+01  1.36397954E+00  1.01247699E+00  1.36397954E+00
   169  6.76000000E+01  1.36419190E+00  1.01347885E+00  1.36419190E+00
   170  6.80000000E+01  1.36439163E+00  1.01454513E+00  1.36439163E+00
   171  6.84000000E+01  1.36458762E+00  1.01567891E+00  1.36458762E+00
   172  6.88000000E+01  1.36477342E+00  1.01688332E+00  1.36477342E+00
   173  6.92000000E+01  1.36495354E+00  1.01816152E+00  1.36495354E+00
   174  6.96000000E+01  1.36512617E+00  1.01951669E+00  1.36512617E+00
   175  7.00000000E+01  1.36529172E+00  1.02095204E+00  1.36529172E+00
   176  7.04000000E+01  1.36545183E+00  1.02247078E+00  1.36545183E+00
   177  7.08000000E+01  1.36560361E+00  1.02407606E+00  1.36560361E+00
   178  7.12000000E+01  1.36575189E+00  1.02577103E+00  1.36575189E+00
   179  7.16000000E+01  1.36589076E+00  1.02755876E+00  1.36589076E+00
   180  7.20000000E+01  1.36602782E+00  1.02944224E+00  1.36602782E+00
   181  7.24000000E+01  1.36615465E+00  1.03142433E+00  1.36615465E+00
   182  7.28000000E+01  1.36628110E+00  1.03350778E+00  1.36628110E+00
   183  7.32000000E+01  1.36639697E+00  1.03569516E+00  1.36639697E+00
   184  7.36000000E+01  1.36651338E+00  1.03798883E+00  1.36651338E+00
   185  7.40000000E+01  1.36661876E+00  1.04039094E+00  1.36661876E+00
   186  7.44000000E+01  1.36672540E+00  1.04290339E+00  1.36672540E+00
   187  7.48000000E+01  1.36682191E+00  1.04552778E+00  1.36682191E+00
   188  7.52000000E+01  1.36691875E+00  1.04826537E+00  1.36691875E+00
   189  7.56000000E+01  1.36700689E+00  1.05111711E+00  1.36700689E+00
   190  7.60000000E+01  1.36709456E+00  1.05408352E+00  1.36709456E+00
   191  7.64000000E+01  1.36717482E+00  1.05716475E+00  1.36717482E+00
   192  7.68000000E+01  1.36725371E+00  1.06036046E+00  1.36725371E+00
   193  7.72000000E+01  1.36732654E+00  1.06366990E+00  1.36732654E+00
   194  7.76000000E+01  1.36739693E+00  1.06709179E+00  1.36739693E+00
   195  7.80000000E+01  1.36746279E+00  1.07062437E+00  1.36746279E+00
   196  7.84000000E+01  1.36752562E+00  1.07426537E+00  1.36752562E+00
   197  7.88000000E+01  1.36758492E+00  1.07801196E+00  1.36758492E+00
   198  7.92000000E+01  1.36764066E+00  1.08186083E+00  1.36764066E+00
   199  7.96000000E+01  1.36769381E+00  1.08580814E+00  1.36769381E+00
   200  8.00000000E+01  1.36774297E+00  1.08984952E+00  1.36774297E+00
   201  8.04000000E+01  1.36779034E+00  1.09398013E+00  1.36779034E+00
   202  8.08000000E+01  1.36783328E+00  1.09819468E+00  1.36783328E+00
   203  8.12000000E+01  1.36787525E+00  1.10248743E+00  1.36787525E+00
   204  8.16000000E+01  1.36791245E+00  1.10685227E+00  1.36791245E+00
   205  8.20000000E+01  1.36794935E+00  1.11128276E+00  1.36794935E+00
   206  8.24000000E+01  1.36798119E+00  1.11577218E+00  1.36798119E+00
   207  8.28000000E+01  1.36801337E+00  1.12031360E+00  1.36801337E+00
   208  8.32000000E+01  1.36804052E+00  1.12489996E+00  1.36804052E+00
   209  8.36000000E+01  1.36806828E+00  1.12952414E+00  1.36806828E+00
   210  8.40000000E+01  1.36809122E+00  1.13417901E+00  1.36809122E+00
   211  8.44000000E+01  1.36811466E+00  1.13885760E+00  1.36811466E+00
   212  8.48000000E+01  1.36813381E+00  1.14355307E+00  1.36813381E+00
   213  8.52000000E+01  1.36815310E+00  1.14825892E+00  1.36815310E+00
   214  8.56000000E+01  1.36816872E+00  1.15296897E+00  1.36816872E+00
   215  8.60000000E+01  1.36818414E+00  1.15767751E+00  1.36818414E+00
   216  8.64000000E+01  1.36819649E+00  1.16237932E+00  1.36819649E+00
   217  8.68000000E+01  1.36820846E+00  1.16706978E+00  1.36820846E+00
   218  8.72000000E+01  1.36821777E+00  1.17174491E+00  1.36821777E+00
   219  8.76000000E+01  1.36822652E+00  1.17640139E+00  1.36822652E+00
   220  8.80000000E+01  1.36823303E+00  1.18103661E+00  1.36823303E+00
   221  8.84000000E+01  1.36823881E+00  1.18564864E+00  1.36823881E+00
   222  8.88000000E+01  1.36824273E+00  1.19023624E+00  1.36824273E+00
   223  8.92000000E+01  1.36824577E+00  1.19479880E+00  1.36824577E+00
   224  8.96000000E+01  1.36824731E+00  1.19933628E+00  1.36824731E+00
   225  9.00000000E+01  1.36824793E+00  1.20384913E+00  1.36824793E+00
   226  9.04000000E+01  1.36824726E+00  1.20833813E+00  1.36824726E+00
   227  9.08000000E+01  1.36824566E+00  1.21280431E+00  1.36824566E+00
   228  9.12000000E+01  1.36824299E+00  1.21724875E+00  1.36824299E+00
   229  9.16000000E+01  1.36823941E+00  1.22167243E+00  1.36823941E+00
   230  9.20000000E+01  1.36823490E+00  1.22607603E+00  1.36823490E+00
   231  9.24000000E+01  1.36822943E+00  1.23045977E+00  1.36822943E+00
   232  9.28000000E+01  1.36822324E+00  1.23482323E+00  1.36822324E+00
   233  9.32000000E+01  1.36821623E+00  1.23916516E+00  1.36821623E+00
   234  9.36000000E+01  1.36820851E+00  1.24348342E+00  1.36820851E+00
   235  9.40000000E+01  1.36820010E+00  1.24777481E+00  1.36820010E+00
   236  9.44000000E+01  1.36819099E+00  1.25203507E+00  1.36819099E+00
   237  9.48000000E+01  1.36818129E+00  1.25625890E+00  1.36818129E+00
   238  9.52000000E+01  1.36817093E+00  1.26043998E+00  1.36817093E+00
   239  9.56000000E+01  1.36816000E+00  1.26457115E+00  1.36816000E+00
   240  9.60000000E+01  1.36814852E+00  1.26864458E+00  1.36814852E+00
   241  9.64000000E+01  1.36813661E+00  1.27265205E+00  1.36813661E+00
   242  9.68000000E+01  1.36812413E+00  1.27658519E+00  1.36812413E+00
   243  9.72000000E+01  1.36811135E+00  1.28043584E+00  1.36811135E+00
   244  9.76000000E+01  1.36809798E+00  1.28419639E+00  1.36809798E+00
   245  9.80000000E+01  1.36808447E+00  1.28786007E+00  1.36808447E+00
   246  9.84000000E+01  1.36807030E+00  1.29142124E+00  1.36807030E+00
   247  9.88000000E+01  1.36805612E+00  1.29487565E+00  1.36805612E+00
   248  9.92000000E+01  1.36804127E+00  1.29822050E+00  1.36804127E+00
   249  9.96000000E+01  1.36802653E+00  1.30145457E+00  1.36802653E+00
   250  1.00000000E+02  1.36801121E+00  1.30457810E+00  1.36801121E+00
   251  1.00400000E+02  1.36799585E+00  1.30759266E+00  1.36799585E+00
   252  1.00800000E+02  1.36798025E+00  1.31050088E+00  1.36798025E+00
   253  1.01200000E+02  1.36796437E+00  1.31330617E+00  1.36796437E+00
   254  1.01600000E+02  1.36794853E+00  1.31601227E+00  1.36794853E+00
   255  1.02000000E+02  1.36793244E+00  1.31862296E+00  1.36793244E+00
   256  1.02400000E+02  1.36791618E+00  1.32114166E+00  1.36791618E+00
   257  1.02800000E+02  1.36789994E+00  1.32357122E+00  1.36789994E+00
   258  1.03200000E+02  1.36788361E+00  1.32591364E+00  1.36788361E+00
   259  1.03600000E+02  1.36786723E+00  1.32817010E+00  1.36786723E+00
   260  1.04000000E+02  1.36785086E+00  1.33034098E+00  1.36785086E+00
   261  1.04400000E+02  1.36783452E+00  1.33242602E+00  1.36783452E+00
   262  1.04800000E+02  1.36781830E+00  1.33442458E+00  1.36781830E+00
   263  1.05200000E+02  1.36780222E+00  1.33633602E+00  1.36780222E+00
   264  1.05600000E+02  1.36778636E+00  1.33815994E+00  1.36778636E+00
   265  1.06000000E+02  1.36777068E+00  1.33989655E+00  1.36777068E+00
   266  1.06400000E+02  1.36775545E+00  1.34154690E+00  1.36775545E+00
   267  1.06800000E+02  1.36774054E+00  1.34311295E+00  1.36774054E+00
   268  1.07200000E+02  1.36772590E+00  1.34459762E+00  1.36772590E+00
   269  1.07600000E+02  1.36771165E+00  1.34600464E+00  1.36771165E+00
   270  1.08000000E+02  1.36769794E+00  1.34733834E+00  1.36769794E+00
   271  1.08400000E+02  1.36768456E+00  1.34860335E+00  1.36768456E+00
   272  1.08800000E+02  1.36767158E+00  1.34980424E+00  1.36767158E+00
   273  1.09200000E+02  1.36765894E+00  1.35094526E+00  1.36765894E+00
   274  1.09600000E+02  1.36764685E+00  1.35203006E+00  1.36764685E+00
   275  1.10000000E+02  1.36763523E+00  1.35306156E+00  1.36763523E+00
   276  1.10400000E+02  1.36762401E+00  1.35404188E+00  1.36762401E+00
   277  1.10800000E+02  1.36761619E+00  1.35497249E+00  1.36761619E+00
   278  1.11200000E+02  1.36760884E+00  1.35585430E+00  1.36760884E+00
   279  1.11600000E+02  1.36760212E+00  1.35668795E+00  1.36760212E+00
   280  1.12000000E+02  1.36759571E+00  1.35747403E+00  1.36759571E+00
   281  1.12400000E+02  1.36758963E+00  1.35821333E+00  1.36758963E+00
   282  1.12800000E+02  1.36758400E+00  1.35890700E+00  1.36758400E+00
   283  1.13200000E+02  1.36757883E+00  1.35955664E+00  1.36757883E+00
   284  1.13600000E+02  1.36757394E+00  1.36016428E+00  1.36757394E+00
   285  1.14000000E+02  1.36756931E+00  1.36073233E+00  1.36756931E+00
   286  1.14400000E+02  1.36756494E+00  1.36126338E+00  1.36756494E+00
   287  1.14800000E+02  1.36756080E+00  1.36176009E+00  1.36756080E+00
   288  1.15200000E+02  1.36755704E+00  1.36222496E+00  1.36755704E+00
   289  1.15600000E+02  1.36755361E+00  1.36266022E+00  1.36755361E+00
   290  1.16000000E+02  1.36755038E+00  1.36306775E+00  1.36755038E+00
   291  1.16400000E+02  1.36754734E+00  1.36344907E+00  1.36754734E+00
   292  1.16800000E+02  1.36754449E+00  1.36380537E+00  1.36754449E+00
   293  1.17200000E+02  1.36754181E+00  1.36413760E+00  1.36754181E+00
   294  1.17600000E+02  1.36753930E+00  1.36444657E+00  1.36753930E+00
   295  1.18000000E+02  1.36753696E+00  1.36473308E+00  1.36753696E+00
   296  1.18400000E+02  1.36753476E+00  1.36499800E+00  1.36753476E+00
   297  1.18800000E+02  1.36753271E+00  1.36524231E+00  1.36753271E+00
   298  1.19200000E+02  1.36753083E+00  1.36546712E+00  1.36753083E+00
   299  1.19600000E+02  1.36752919E+00  1.36567363E+00  1.36752919E+00
   300  1.20000000E+02  1.36752767E+00  1.36586311E+00  1.36752767E+00
   301  1.20400000E+02  1.36752626E+00  1.36603679E+00  1.36752626E+00
   302  1.20800000E+02  1.36752495E+00  1.36619584E+00  1.36752495E+00
   303  1.21200000E+02  1.36752374E+00  1.36634133E+00  1.36752374E+00
   304  1.21600000E+02  1.36752263E+00  1.36647419E+00  1.36752263E+00
   305  1.22000000E+02  1.36752160E+00  1.36659521E+00  1.36752160E+00
   306  1.22400000E+02  1.36752065E+00  1.36670508E+00  1.36752065E+00
   307  1.22800000E+02  1.36751978E+00  1.36680442E+00  1.36751978E+00
   308  1.23200000E+02  1.36751899E+00  1.36689381E+00  1.36751899E+00
   309  1.23600000E+02  1.36751826E+00  1.36697381E+00  1.36751826E+00
   310  1.24000000E+02  1.36751760E+00  1.36704501E+00  1.36751760E+00
   311  1.24400000E+02  1.36751699E+00  1.36710798E+00  1.36751699E+00
   312  1.24800000E+02  1.36751645E+00  1.36716332E+00  1.36751645E+00
   313  1.25200000E+02  1.36751595E+00  1.36721161E+00  1.36751595E+00
   314  1.25600000E+02  1.36751551E+00  1.36725344E+00  1.36751551E+00
   315  1.26000000E+02  1.36751511E+00  1.36728933E+00  1.36751511E+00
   316  1.26400000E+02  1.36751475E+00  1.36731976E+00  1.36751475E+00
   317  1.26800000E+02  1.36751443E+00  1.36734517E+00  1.36751443E+00
   318  1.27200000E+02  1.36751415E+00  1.36736597E+00  1.36751415E+00
   319  1.27600000E+02  1.36751390E+00  1.36738251E+00  1.36751390E+00
   320  1.28000000E+02  1.36751369E+00  1.36739512E+00  1.36751369E+00
   321  1.28400000E+02  1.36751350E+00  1.36740413E+00  1.36751350E+00
   322  1.28800000E+02  1.36751334E+00  1.36740983E+00  1.36751334E+00
   323  1.29200000E+02  1.36751320E+00  1.36741251E+00  1.36751320E+00
   324  1.29600000E+02  1.36751309E+00  1.36741246E+00  1.36751309E+00
   325  1.30000000E+02  1.36751300E+00  1.36740993E+00  1.36751300E+00
   326  1.30400000E+02  1.36751293E+00  1.36740520E+00  1.36751293E+00
   327  1.30800000E+02  1.36751287E+00  1.36739849E+00  1.36751287E+00
   328  1.31200000E+02  1.36751283E+00  1.36739003E+00  1.36751283E+00
   329  1.31600000E+02  1.36751281E+00  1.36738001E+00  1.36751281E+00
   330  1.32000000E+02  1.36751280E+00  1.36736861E+00  1.36751280E+00
   331  1.32400000E+02  1.36751280E+00  1.36735600E+00  1.36751280E+00
   332  1.32800000E+02  1.36751281E+00  1.36734234E+00  1.36751281E+00
   333  1.33200000E+02  1.36751283E+00  1.36732777E+00  1.36751283E+00
   334  1.33600000E+02  1.36751286E+00  1.36731243E+00  1.36751286E+00
   335  1.34000000E+02  1.36751290E+00  1.36729642E+00  1.36751290E+00
   336  1.34400000E+02  1.36751294E+00  1.36727989E+00  1.36751294E+00
   337  1.34800000E+02  1.36751299E+00  1.36726292E+00  1.36751299E+00
   338  1.35200000E+02  1.36751304E+00  1.36724562E+00  1.36751304E+00
   339  1.35600000E+02  1.36751310E+00  1.36722808E+00  1.36751310E+00
   340  1.36000000E+02  1.36751316E+00  1.36721039E+00  1.36751316E+00
   341  1.36400000E+02  1.36751323E+00  1.36719260E+00  1.36751323E+00
   342  1.36800000E+02  1.36751330E+00  1.36717480E+00  1.36751330E+00
   343  1.37200000E+02  1.36751337E+00  1.36715705E+00  1.36751337E+00
   344  1.37600000E+02  1.36751344E+00  1.36713939E+00  1.36751344E+00
   345  1.38000000E+02  1.36751351E+00  1.36712187E+00  1.36751351E+00
   346  1.38400000E+02  1.36751359E+00  1.36710455E+00  1.36751359E+00
   347  1.38800000E+02  1.36751366E+00  1.36708745E+00  1.36751366E+00
   348  1.39200000E+02  1.36751373E+00  1.36707062E+00  1.36751373E+00
   349  1.39600000E+02  1.36751381E+00  1.36705408E+00  1.36751381E+00
   350  1.40000000E+02  1.36751388E+00  1.36703786E+00  1.36751388E+00
   351  1.40400000E+02  1.36751396E+00  1.36702199E+00  1.36751396E+00
   352  1.40800000E+02  1.36751403E+00  1.36700648E+00  1.36751403E+00
   353  1.41200000E+02  1.36751410E+00  1.36699135E+00  1.36751410E+00
   354  1.41600000E+02  1.36751417E+00  1.36697662E+00  1.36751417E+00
   355  1.42000000E+02  1.36751424E+00  1.36696229E+00  1.36751424E+00
   356  1.42400000E+02  1.36751431E+00  1.36694837E+00  1.36751431E+00
   357  1.42800000E+02  1.36751437E+00  1.36693487E+00  1.36751437E+00
   358  1.43200000E+02  1.36751444E+00  1.36692180E+00  1.36751444E+00
   359  1.43600000E+02  1.36751450E+00  1.36690915E+00  1.36751450E+00
   360  1.44000000E+02  1.36751456E+00  1.36689693E+00  1.36751456E+00
   361  1.44400000E+02  1.36751462E+00  1.36688514E+00  1.36751462E+00
   362  1.44800000E+02  1.36751468E+00  1.36687377E+00  1.36751468E+00
   363  1.45200000E+02  1.36751474E+00  1.36686283E+00  1.36751474E+00
   364  1.45600000E+02  1.36751479E+00  1.36685230E+00  1.36751479E+00
   365  1.46000000E+02  1.36751484E+00  1.36684219E+00  1.36751484E+00
   366  1.46400000E+02  1.36751489E+00  1.36683248E+00  1.36751489E+00
   367  1.46800000E+02  1.36751494E+00  1.36682317E+00  1.36751494E+00
   368  1.47200000E+02  1.36751499E+00  1.36681425E+00  1.36751499E+00
   369  1.47600000E+02  1.36751503E+00  1.36680572E+00  1.36751503E+00
   370  1.48000000E+02  1.36751508E+00  1.36679756E+00  1.36751508E+00
   371  1.48400000E+02  1.36751512E+00  1.36678976E+00  1.36751512E+00
   372  1.48800000E+02  1.36751516E+00  1.36678232E+00  1.36751516E+00
   373  1.49200000E+02  1.36751520E+00  1.36677523E+00  1.36751520E+00
   374  1.49600000E+02  1.36751523E+00  1.36676848E+00  1.36751523E+00
   375  1.50000000E+02  1.36751527E+00  1.36676205E+00  1.36751527E+00
   376  1.50400000E+02  1.36751530E+00  1.36675594E+00  1.36751530E+00
   377  1.50800000E+02  1.36751533E+00  1.36675014E+00  1.36751533E+00
   378  1.51200000E+02  1.36751536E+00  1.36674463E+00  1.36751536E+00
   379  1.51600000E+02  1.36751539E+00  1.36673941E+00  1.36751539E+00
   380  1.52000000E+02  1.36751542E+00  1.36673446E+00  1.36751542E+00
   381  1.52400000E+02  1.36751544E+00  1.36672978E+00  1.36751544E+00
   382  1.52800000E+02  1.36751547E+00  1.36672535E+00  1.36751547E+00
   383  1.53200000E+02  1.36751549E+00  1.36672117E+00  1.36751549E+00
   384  1.53600000E+02  1.36751551E+00  1.36671722E+00  1.36751551E+00
   385  1.54000000E+02  1.36751553E+00  1.36671350E+00  1.36751553E+00
   386  1.54400000E+02  1.36751555E+00  1.36670999E+00  1.36751555E+00
   387  1.54800000E+02  1.36751557E+00  1.36670669E+00  1.36751557E+00
   388  1.55200000E+02  1.36751559E+00  1.36670359E+00  1.36751559E+00
   389  1.55600000E+02  1.36751560E+00  1.36670068E+00  1.36751560E+00
   390  1.56000000E+02  1.36751562E+00  1.36669795E+00  1.36751562E+00
   391  1.56400000E+02  1.36751563E+00  1.36669539E+00  1.36751563E+00
   392  1.56800000E+02  1.36751565E+00  1.36669299E+00  1.36751565E+00
   393  1.57200000E+02  1.36751566E+00  1.36669075E+00  1.36751566E+00
   394  1.57600000E+02  1.36751567E+00  1.36668866E+00  1.36751567E+00
   395  1.58000000E+02  1.36751568E+00  1.36668671E+00  1.36751568E+00
   396  1.58400000E+02  1.36751569E+00  1.36668489E+00  1.36751569E+00
   397  1.58800000E+02  1.36751570E+00  1.36668320E+00  1.36751570E+00
   398  1.59200000E+02  1.36751571E+00  1.36668163E+00  1.36751571E+00
   399  1.59600000E+02  1.36751572E+00  1.36668017E+00  1.36751572E+00
   400  1.60000000E+02  1.36751573E+00  1.36667882E+00  1.36751573E+00
   401  1.60400000E+02  1.36751574E+00  1.36667757E+00  1.36751574E+00
   402  1.60800000E+02  1.36751574E+00  1.36667641E+00  1.36751574E+00
   403  1.61200000E+02  1.36751575E+00  1.36667535E+00  1.36751575E+00
   404  1.61600000E+02  1.36751575E+00  1.36667437E+00  1.36751575E+00
   405  1.62000000E+02  1.36751576E+00  1.36667347E+00  1.36751576E+00
   406  1.62400000E+02  1.36751577E+00  1.36667264E+00  1.36751577E+00
   407  1.62800000E+02  1.36751577E+00  1.36667189E+00  1.36751577E+00
   408  1.63200000E+02  1.36751577E+00  1.36667120E+00  1.36751577E+00
   409  1.63600000E+02  1.36751578E+00  1.36667058E+00  1.36751578E+00
   410  1.64000000E+02  1.36751578E+00  1.36667001E+00  1.36751578E+00
   411  1.64400000E+02  1.36751578E+00  1.36666949E+00  1.36751578E+00
   412  1.64800000E+02  1.36751579E+00  1.36666903E+00  1.36751579E+00
   413  1.65200000E+02  1.36751579E+00  1.36666861E+00  1.36751579E+00
   414  1.65600000E+02  1.36751579E+00  1.36666824E+00  1.36751579E+00
   415  1.66000000E+02  1.36751579E+00  1.36666791E+00  1.36751579E+00
   416  1.66400000E+02  1.36751580E+00  1.36666762E+00  1.36751580E+00
   417  1.66800000E+02  1.36751580E+00  1.36666736E+00  1.36751580E+00
   418  1.67200000E+02  1.36751580E+00  1.36666713E+00  1.36751580E+00
   419  1.67600000E+02  1.36751580E+00  1.36666693E+00  1.36751580E+00
   420  1.68000000E+02  1.36751580E+00  1.36666677E+00  1.36751580E+00
   421  1.68400000E+02  1.36751580E+00  1.36666662E+00  1.36751580E+00
   422  1.68800000E+02  1.36751580E+00  1.36666651E+00  1.36751580E+00
   423  1.69200000E+02  1.36751580E+00  1.36666641E+00  1.36751580E+00
   424  1.69600000E+02  1.36751580E+00  1.36666633E+00  1.36751580E+00
   425  1.70000000E+02  1.36751580E+00  1.36666627E+00  1.36751580E+00
   426  1.70400000E+02  1.36751580E+00  1.36666623E+00  1.36751580E+00
   427  1.70800000E+02  1.36751581E+00  1.36666620E+00  1.36751581E+00
   428  1.71200000E+02  1.36751581E+00  1.36666619E+00  1.36751581E+00
   429  1.71600000E+02  1.36751581E+00  1.36666618E+00  1.36751581E+00
   430  1.72000000E+02  1.36751581E+00  1.36666619E+00  1.36751581E+00
   431  1.72400000E+02  1.36751581E+00  1.36666621E+00  1.36751581E+00
   432  1.72800000E+02  1.36751581E+00  1.36666624E+00  1.36751581E+00
   433  1.73200000E+02  1.36751581E+00  1.36666628E+00  1.36751581E+00
   434  1.73600000E+02  1.36751581E+00  1.36666632E+00  1.36751581E+00
   435  1.74000000E+02  1.36751581E+00  1.36666637E+00  1.36751581E+00
   436  1.74400000E+02  1.36751581E+00  1.36666642E+00  1.36751581E+00
   437  1.74800000E+02  1.36751580E+00  1.36666648E+00  1.36751580E+00
   438  1.75200000E+02  1.36751580E+00  1.36666654E+00  1.36751580E+00
   439  1.75600000E+02  1.36751580E+00  1.36666661E+00  1.36751580E+00
   440  1.76000000E+02  1.36751580E+00  1.36666668E+00  1.36751580E+00
   441  1.76400000E+02  1.36751580E+00  1.36666675E+00  1.36751580E+00
   442  1.76800000E+02  1.36751580E+00  1.36666682E+00  1.36751580E+00
   443  1.77200000E+02  1.36751580E+00  1.36666690E+00  1.36751580E+00
   444  1.77600000E+02  1.36751580E+00  1.36666697E+00  1.36751580E+00
   445  1.78000000E+02  1.36751580E+00  1.36666705E+00  1.36751580E+00
   446  1.78400000E+02  1.36751580E+00  1.36666712E+00  1.36751580E+00
   447  1.78800000E+02  1.36751580E+00  1.36666720E+00  1.36751580E+00
   448  1.79200000E+02  1.36751580E+00  1.36666727E+00  1.36751580E+00
   449  1.79600000E+02  1.36751580E+00  1.36666735E+00  1.36751580E+00
   450  1.80000000E+02  1.36751580E+00  1.36666742E+00  1.36751580E+00
   451  1.80400000E+02  1.36751580E+00  1.36666750E+00  1.36751580E+00
   452  1.80800000E+02  1.36751580E+00  1.36666757E+00  1.36751580E+00
   453  1.81200000E+02  1.36751580E+00  1.36666764E+00  1.36751580E+00
   454  1.81600000E+02  1.36751580E+00  1.36666771E+00  1.36751580E+00
   455  1.82000000E+02  1.36751580E+00  1.36666778E+00  1.36751580E+00
   456  1.82400000E+02  1.36751580E+00  1.36666784E+00  1.36751580E+00
   457  1.82800000E+02  1.36751580E+00  1.36666791E+00  1.36751580E+00
   458  1.83200000E+02  1.36751580E+00  1.36666797E+00  1.36751580E+00
   459  1.83600000E+02  1.36751580E+00  1.36666803E+00  1.36751580E+00
   460  1.84000000E+02  1.36751580E+00  1.36666809E+00  1.36751580E+00
   461  1.84400000E+02  1.36751580E+00  1.36666815E+00  1.36751580E+00
   462  1.84800000E+02  1.36751580E+00  1.36666820E+00  1.36751580E+00
   463  1.85200000E+02  1.36751580E+00  1.36666826E+00  1.36751580E+00
   464  1.85600000E+02  1.36751580E+00  1.36666831E+00  1.36751580E+00
   465  1.86000000E+02  1.36751580E+00  1.36666836E+00  1.36751580E+00
   466  1.86400000E+02  1.36751580E+00  1.36666841E+00  1.36751580E+00
   467  1.86800000E+02  1.36751580E+00  1.36666845E+00  1.36751580E+00
   468  1.87200000E+02  1.36751579E+00  1.36666850E+00  1.36751579E+00
   469  1.87600000E+02  1.36751579E+00  1.36666854E+00  1.36751579E+00
   470  1.88000000E+02  1.36751579E+00  1.36666858E+00  1.36751579E+00
   471  1.88400000E+02  1.36751579E+00  1.36666862E+00  1.36751579E+00
   472  1.88800000E+02  1.36751579E+00  1.36666866E+00  1.36751579E+00
   473  1.89200000E+02  1.36751579E+00  1.36666869E+00  1.36751579E+00
   474  1.89600000E+02  1.36751579E+00  1.36666873E+00  1.36751579E+00
   475  1.90000000E+02  1.36751579E+00  1.36666876E+00  1.36751579E+00
   476  1.90400000E+02  1.36751579E+00  1.36666879E+00  1.36751579E+00
   477  1.90800000E+02  1.36751579E+00  1.36666882E+00  1.36751579E+00
   478  1.91200000E+02  1.36751579E+00  1.36666885E+00  1.36751579E+00
   479  1.91600000E+02  1.36751579E+00  1.36666887E+00  1.36751579E+00
   480  1.92000000E+02  1.36751579E+00  1.36666890E+00  1.36751579E+00
   481  1.92400000E+02  1.36751579E+00  1.36666892E+00  1.36751579E+00
   482  1.92800000E+02  1.36751579E+00  1.36666895E+00  1.36751579E+00
   483  1.93200000E+02  1.36751579E+00  1.36666897E+00  1.36751579E+00
   484  1.93600000E+02  1.36751579E+00  1.36666899E+00  1.36751579E+00
   485  1.94000000E+02  1.36751579E+00  1.36666901E+00  1.36751579E+00
   486  1.94400000E+02  1.36751579E+00  1.36666902E+00  1.36751579E+00
   487  1.94800000E+02  1.36751579E+00  1.36666904E+00  1.36751579E+00
   488  1.95200000E+02  1.36751579E+00  1.36666906E+00  1.36751579E+00
   489  1.95600000E+02  1.36751579E+00  1.36666907E+00  1.36751579E+00
   490  1.96000000E+02  1.36751579E+00  1.36666908E+00  1.36751579E+00
   491  1.96400000E+02  1.36751579E+00  1.36666910E+00  1.36751579E+00
   492  1.96800000E+02  1.36751579E+00  1.36666911E+00  1.36751579E+00
   493  1.97200000E+02  1.36751579E+00  1.36666912E+00  1.36751579E+00
   494  1.97600000E+02  1.36751579E+00  1.36666913E+00  1.36751579E+00
   495  1.98000000E+02  1.36751579E+00  1.36666914E+00  1.36751579E+00
   496  1.98400000E+02  1.36751579E+00  1.36666915E+00  1.36751579E+00
   497  1.98800000E+02  1.36751579E+00  1.36666916E+00  1.36751579E+00
   498  1.99200000E+02  1.36751579E+00  1.36666917E+00  1.36751579E+00
   499  1.99600000E+02  1.36751579E+00  1.36666918E+00  1.36751579E+00
   500  2.00000000E+02  1.36751579E+00  1.36666918E+00  1.36751579E+00
   501  2.00400000E+02  1.36751579E+00  1.36666919E+00  1.36751579E+00
   502  2.00800000E+02  1.36751579E+00  1.36666920E+00  1.36751579E+00
   503  2.01200000E+02  1.36751579E+00  1.36666920E+00  1.36751579E+00
   504  2.01600000E+02  1.36751579E+00  1.36666921E+00  1.36751579E+00
   505  2.02000000E+02  1.36751579E+00  1.36666921E+00  1.36751579E+00
   506  2.02400000E+02  1.36751579E+00  1.36666921E+00  1.36751579E+00
   507  2.02800000E+02  1.36751579E+00  1.36666922E+00  1.36751579E+00
   508  2.03200000E+02  1.36751579E+00  1.36666922E+00  1.36751579E+00
   509  2.03600000E+02  1.36751579E+00  1.36666923E+00  1.36751579E+00
   510  2.04000000E+02  1.36751579E+00  1.36666923E+00  1.36751579E+00
   511  2.04400000E+02  1.36751579E+00  1.36666923E+00  1.36751579E+00
   512  2.04800000E+02  1.36751579E+00  1.36666923E+00  1.36751579E+00
   513  2.05200000E+02  1.36751579E+00  1.36666924E+00  1.36751579E+00
   514  2.05600000E+02  1.36751579E+00  1.36666924E+00  1.36751579E+00
   515  2.06000000E+02  1.36751579E+00  1.36666924E+00  1.36751579E+00
   516  2.06400000E+02  1.36751579E+00  1.36666924E+00  1.36751579E+00
   517  2.06800000E+02  1.36751579E+00  1.36666924E+00  1.36751579E+00
   518  2.07200000E+02  1.36751579E+00  1.36666924E+00  1.36751579E+00
   519  2.07600000E+02  1.36751579E+00  1.36666924E+00  1.36751579E+00
   520  2.08000000E+02  1.36751579E+00  1.36666924E+00  1.36751579E+00
   521  2.08400000E+02  1.36751579E+00  1.36666925E+00  1.36751579E+00
   522  2.08800000E+02  1.36751579E+00  1.36666925E+00  1.36751579E+00
   523  2.09200000E+02  1.36751579E+00  1.36666925E+00  1.36751579E+00
   524  2.09600000E+02  1.36751579E+00  1.36666925E+00  1.36751579E+00
   525  2.10000000E+02  1.36751579E+00  1.36666925E+00  1.36751579E+00
   526  2.10400000E+02  1.36751579E+00  1.36666925E+00  1.36751579E+00
   527  2.10800000E+02  1.36751579E+00  1.36666925E+00  1.36751579E+00
   528  2.11200000E+02  1.36751579E+00  1.36666925E+00  1.36751579E+00
   529  2.11600000E+02  1.36751579E+00  1.36666925E+00  1.36751579E+00
   530  2.12000000E+02  1.36751579E+00  1.36666925E+00  1.36751579E+00
   531  2.12400000E+02  1.36751579E+00  1.36666925E+00  1.36751579E+00
   532  2.12800000E+02  1.36751579E+00  1.36666925E+00  1.36751579E+00
   533  2.13200000E+02  1.36751579E+00  1.36666925E+00  1.36751579E+00
   534  2.13600000E+02  1.36751579E+00  1.36666925E+00  1.36751579E+00
   535  2.14000000E+02  1.36751579E+00  1.36666925E+00  1.36751579E+00
   536  2.14400000E+02  1.36751579E+00  1.36666925E+00  1.36751579E+00
   537  2.14800000E+02  1.36751579E+00  1.36666925E+00  1.36751579E+00
   538  2.15200000E+02  1.36751579E+00  1.36666925E+00  1.36751579E+00
   539  2.15600000E+02  1.36751579E+00  1.36666925E+00  1.36751579E+00
   540  2.16000000E+02  1.36751579E+00  1.36666925E+00  1.36751579E+00
   541  2.16400000E+02  1.36751579E+00  1.36666925E+00  1.36751579E+00
   542  2.16800000E+02  1.36751579E+00  1.36666924E+00  1.36751579E+00
   543  2.17200000E+02  1.36751579E+00  1.36666924E+00  1.36751579E+00
   544  2.17600000E+02  1.36751579E+00  1.36666924E+00  1.36751579E+00
   545  2.18000000E+02  1.36751579E+00  1.36666924E+00  1.36751579E+00
   546  2.18400000E+02  1.36751579E+00  1.36666924E+00  1.36751579E+00
   547  2.18800000E+02  1.36751579E+00  1.36666924E+00  1.36751579E+00
   548  2.19200000E+02  1.36751579E+00  1.36666924E+00  1.36751579E+00
   549  2.19600000E+02  1.36751579E+00  1.36666924E+00  1.36751579E+00
   550  2.20000000E+02  1.36751579E+00  1.36666924E+00  1.36751579E+00
   551  2.20400000E+02  1.36751579E+00  1.36666924E+00  1.36751579E+00
   552  2.20800000E+02  1.36751579E+00  1.36666924E+00  1.36751579E+00
   553  2.21200000E+02  1.36751579E+00  1.36666924E+00  1.36751579E+00
   554  2.21600000E+02  1.36751579E+00  1.36666924E+00  1.36751579E+00
   555  2.22000000E+02  1.36751579E+00  1.36666924E+00  1.36751579E+00
   556  2.22400000E+02  1.36751579E+00  1.36666924E+00  1.36751579E+00
   557  2.22800000E+02  1.36751579E+00  1.36666924E+00  1.36751579E+00
   558  2.23200000E+02  1.36751579E+00  1.36666924E+00  1.36751579E+00
   559  2.23600000E+02  1.36751579E+00  1.36666924E+00  1.36751579E+00
   560  2.24000000E+02  1.36751579E+00  1.36666924E+00  1.36751579E+00
   561  2.24400000E+02  1.36751579E+00  1.36666924E+00  1.36751579E+00
   562  2.24800000E+02  1.36751579E+00  1.36666924E+00  1.36751579E+00
   563  2.25200000E+02  1.36751579E+00  1.36666924E+00  1.36751579E+00
   564  2.25600000E+02  1.36751579E+00  1.36666924E+00  1.36751579E+00
   565  2.26000000E+02  1.36751579E+00  1.36666924E+00  1.36751579E+00
   566  2.26400000E+02  1.36751579E+00  1.36666924E+00  1.36751579E+00
   567  2.26800000E+02  1.36751579E+00  1.36666924E+00  1.36751579E+00
   568  2.27200000E+02  1.36751579E+00  1.36666924E+00  1.36751579E+00
   569  2.27600000E+02  1.36751579E+00  1.36666924E+00  1.36751579E+00
   570  2.28000000E+02  1.36751579E+00  1.36666924E+00  1.36751579E+00
   571  2.28400000E+02  1.36751579E+00  1.36666924E+00  1.36751579E+00
   572  2.28800000E+02  1.36751579E+00  1.36666924E+00  1.36751579E+00
   573  2.29200000E+02  1.36751579E+00  1.36666924E+00  1.36751579E+00
   574  2.29600000E+02  1.36751579E+00  1.36666924E+00  1.36751579E+00
   575  2.30000000E+02  1.36751579E+00  1.36666924E+00  1.36751579E+00
   576  2.30400000E+02  1.36751579E+00  1.36666924E+00  1.36751579E+00
   577  2.30800000E+02  1.36751579E+00  1.36666924E+00  1.36751579E+00
   578  2.31200000E+02  1.36751579E+00  1.36666924E+00  1.36751579E+00
   579  2.31600000E+02  1.36751579E+00  1.36666924E+00  1.36751579E+00
   580  2.32000000E+02  1.36751579E+00  1.36666923E+00  1.36751579E+00
   581  2.32400000E+02  1.36751579E+00  1.36666923E+00  1.36751579E+00
   582  2.32800000E+02  1.36751579E+00  1.36666923E+00  1.36751579E+00
   583  2.33200000E+02  1.36751579E+00  1.36666923E+00  1.36751579E+00
   584  2.33600000E+02  1.36751579E+00  1.36666923E+00  1.36751579E+00
   585  2.34000000E+02  1.36751579E+00  1.36666923E+00  1.36751579E+00
   586  2.34400000E+02  1.36751579E+00  1.36666923E+00  1.36751579E+00
   587  2.34800000E+02  1.36751579E+00  1.36666923E+00  1.36751579E+00
   588  2.35200000E+02  1.36751579E+00  1.36666923E+00  1.36751579E+00
   589  2.35600000E+02  1.36751579E+00  1.36666923E+00  1.36751579E+00
   590  2.36000000E+02  1.36751579E+00  1.36666923E+00  1.36751579E+00
   591  2.36400000E+02  1.36751579E+00  1.36666923E+00  1.36751579E+00
   592  2.36800000E+02  1.36751579E+00  1.36666923E+00  1.36751579E+00
   593  2.37200000E+02  1.36751579E+00  1.36666923E+00  1.36751579E+00
   594  2.37600000E+02  1.36751579E+00  1.36666923E+00  1.36751579E+00
   595  2.38000000E+02  1.36751579E+00  1.36666923E+00  1.36751579E+00
   596  2.38400000E+02  1.36751579E+00  1.36666923E+00  1.36751579E+00
   597  2.38800000E+02  1.36751579E+00  1.36666923E+00  1.36751579E+00
   598  2.39200000E+02  1.36751579E+00  1.36666923E+00  1.36751579E+00
   599  2.39600000E+02  1.36751579E+00  1.36666923E+00  1.36751579E+00
   600  2.40000000E+02  1.36751579E+00  1.36666923E+00  1.36751579E+00
   601  2.40400000E+02  1.36751579E+00  1.36666923E+00  1.36751579E+00
   602  2.40800000E+02  1.36751579E+00  1.36666923E+00  1.36751579E+00
   603  2.41200000E+02  1.36751579E+00  1.36666923E+00  1.36751579E+00
   604  2.41600000E+02  1.36751579E+00  1.36666923E+00  1.36751579E+00
   605  2.42000000E+02  1.36751579E+00  1.36666923E+00  1.36751579E+00
   606  2.42400000E+02  1.36751579E+00  1.36666923E+00  1.36751579E+00
   607  2.42800000E+02  1.36751579E+00  1.36666923E+00  1.36751579E+00
   608  2.43200000E+02  1.36751579E+00  1.36666923E+00  1.36751579E+00
   609  2.43600000E+02  1.36751579E+00  1.36666923E+00  1.36751579E+00
   610  2.44000000E+02  1.36751579E+00  1.36666923E+00  1.36751579E+00
   611  2.44400000E+02  1.36751579E+00  1.36666923E+00  1.36751579E+00
   612  2.44800000E+02  1.36751579E+00  1.36666923E+00  1.36751579E+00
   613  2.45200000E+02  1.36751579E+00  1.36666923E+00  1.36751579E+00
   614  2.45600000E+02  1.36751579E+00  1.36666923E+00  1.36751579E+00
   615  2.46000000E+02  1.36751579E+00  1.36666923E+00  1.36751579E+00
   616  2.46400000E+02  1.36751579E+00  1.36666923E+00  1.36751579E+00
   617  2.46800000E+02  1.36751579E+00  1.36666923E+00  1.36751579E+00
   618  2.47200000E+02  1.36751579E+00  1.36666923E+00  1.36751579E+00
   619  2.47600000E+02  1.36751579E+00  1.36666923E+00  1.36751579E+00
   620  2.48000000E+02  1.36751579E+00  1.36666923E+00  1.36751579E+00
   621  2.48400000E+02  1.36751579E+00  1.36666923E+00  1.36751579E+00
   622  2.48800000E+02  1.36751579E+00  1.36666923E+00  1.36751579E+00
   623  2.49200000E+02  1.36751579E+00  1.36666923E+00  1.36751579E+00
   624  2.49600000E+02  1.36751579E+00  1.36666923E+00  1.36751579E+00
   625  2.50000000E+02  1.36751579E+00  1.36666923E+00  1.36751579E+00
   626  2.50400000E+02  1.36751579E+00  1.36666923E+00  1.36751579E+00
   627  2.50800000E+02  1.36751579E+00  1.36666923E+00  1.36751579E+00
   628  2.51200000E+02  1.36751579E+00  1.36666923E+00  1.36751579E+00
   629  2.51600000E+02  1.36751579E+00  1.36666923E+00  1.36751579E+00
   630  2.52000000E+02  1.36751579E+00  1.36666923E+00  1.36751579E+00
   631  2.52400000E+02  1.36751579E+00  1.36666923E+00  1.36751579E+00
   632  2.52800000E+02  1.36751579E+00  1.36666923E+00  1.36751579E+00
   633  2.53200000E+02  1.36751579E+00  1.36666923E+00  1.36751579E+00
   634  2.53600000E+02  1.36751579E+00  1.36666923E+00  1.36751579E+00
   635  2.54000000E+02  1.36751579E+00  1.36666923E+00  1.36751579E+00
   636  2.54400000E+02  1.36751579E+00  1.36666923E+00  1.36751579E+00
   637  2.54800000E+02  1.36751579E+00  1.36666923E+00  1.36751579E+00
   638  2.55200000E+02  1.36751579E+00  1.36666923E+00  1.36751579E+00
   639  2.55600000E+02  1.36751579E+00  1.36666923E+00  1.36751579E+00
   640  2.56000000E+02  1.36751579E+00  1.36666923E+00  1.36751579E+00
   641  2.56400000E+02  1.36751579E+00  1.36666923E+00  1.36751579E+00
   642  2.56800000E+02  1.36751579E+00  1.36666923E+00  1.36751579E+00
   643  2.57200000E+02  1.36751579E+00  1.36666923E+00  1.36751579E+00
   644  2.57600000E+02  1.36751579E+00  1.36666923E+00  1.36751579E+00
   645  2.58000000E+02  1.36751579E+00  1.36666923E+00  1.36751579E+00
   646  2.58400000E+02  1.36751579E+00  1.36666923E+00  1.36751579E+00
   647  2.58800000E+02  1.36751579E+00  1.36666923E+00  1.36751579E+00
   648  2.59200000E+02  1.36751579E+00  1.36666923E+00  1.36751579E+00
   649  2.59600000E+02  1.36751579E+00  1.36666923E+00  1.36751579E+00
   650  2.60000000E+02  1.36751579E+00  1.36666923E+00  1.36751579E+00
   651  2.60400000E+02  1.36751579E+00  1.36666923E+00  1.36751579E+00
   652  2.60800000E+02  1.36751579E+00  1.36666923E+00  1.36751579E+00
   653  2.61200000E+02  1.36751579E+00  1.36666923E+00  1.36751579E+00
   654  2.61600000E+02  1.36751579E+00  1.36666923E+00  1.36751579E+00
   655  2.62000000E+02  1.36751579E+00  1.36666923E+00  1.36751579E+00
   656  2.62400000E+02  1.36751579E+00  1.36666923E+00  1.36751579E+00
   657  2.62800000E+02  1.36751579E+00  1.36666923E+00  1.36751579E+00
   658  2.63200000E+02  1.36751579E+00  1.36666923E+00  1.36751579E+00
   659  2.63600000E+02  1.36751579E+00  1.36666923E+00  1.36751579E+00
   660  2.64000000E+02  1.36751579E+00  1.36666923E+00  1.36751579E+00
   661  2.64400000E+02  1.36751579E+00  1.36666923E+00  1.36751579E+00
   662  2.64800000E+02  1.36751579E+00  1.36666923E+00  1.36751579E+00
   663  2.65200000E+02  1.36751579E+00  1.36666923E+00  1.36751579E+00
   664  2.65600000E+02  1.36751579E+00  1.36666923E+00  1.36751579E+00
   665  2.66000000E+02  1.36751579E+00  1.36666923E+00  1.36751579E+00
   666  2.66400000E+02  1.36751579E+00  1.36666923E+00  1.36751579E+00
   667  2.66800000E+02  1.36751579E+00  1.36666923E+00  1.36751579E+00
   668  2.67200000E+02  1.36751579E+00  1.36666923E+00  1.36751579E+00
   669  2.67600000E+02  1.36751579E+00  1.36666923E+00  1.36751579E+00
   670  2.68000000E+02  1.36751579E+00  1.36666923E+00  1.36751579E+00
   671  2.68400000E+02  1.36751579E+00  1.36666923E+00  1.36751579E+00
   672  2.68800000E+02  1.36751579E+00  1.36666923E+00  1.36751579E+00
   673  2.69200000E+02  1.36751579E+00  1.36666923E+00  1.36751579E+00
   674  2.69600000E+02  1.36751579E+00  1.36666923E+00  1.36751579E+00
   675  2.70000000E+02  1.36751579E+00  1.36666923E+00  1.36751579E+00
   676  2.70400000E+02  1.36751579E+00  1.36666923E+00  1.36751579E+00
   677  2.70800000E+02  1.36751579E+00  1.36666923E+00  1.36751579E+00
   678  2.71200000E+02  1.36751579E+00  1.36666923E+00  1.36751579E+00
   679  2.71600000E+02  1.36751579E+00  1.36666923E+00  1.36751579E+00
   680  2.72000000E+02  1.36751579E+00  1.36666923E+00  1.36751579E+00
   681  2.72400000E+02  1.36751579E+00  1.36666923E+00  1.36751579E+00
   682  2.72800000E+02  1.36751579E+00  1.36666923E+00  1.36751579E+00
   683  2.73200000E+02  1.36751579E+00  1.36666923E+00  1.36751579E+00
   684  2.73600000E+02  1.36751579E+00  1.36666923E+00  1.36751579E+00
   685  2.74000000E+02  1.36751579E+00  1.36666923E+00  1.36751579E+00
   686  2.74400000E+02  1.36751579E+00  1.36666923E+00  1.36751579E+00
   687  2.74800000E+02  1.36751579E+00  1.36666923E+00  1.36751579E+00
   688  2.75200000E+02  1.36751579E+00  1.36666923E+00  1.36751579E+00
   689  2.75600000E+02  1.36751579E+00  1.36666923E+00  1.36751579E+00
   690  2.76000000E+02  1.36751579E+00  1.36666923E+00  1.36751579E+00
   691  2.76400000E+02  1.36751579E+00  1.36666923E+00  1.36751579E+00
   692  2.76800000E+02  1.36751579E+00  1.36666923E+00  1.36751579E+00
   693  2.77200000E+02  1.36751579E+00  1.36666923E+00  1.36751579E+00
   694  2.77600000E+02  1.36751579E+00  1.36666923E+00  1.36751579E+00
   695  2.78000000E+02  1.36751579E+00  1.36666923E+00  1.36751579E+00
   696  2.78400000E+02  1.36751579E+00  1.36666923E+00  1.36751579E+00
   697  2.78800000E+02  1.36751579E+00  1.36666923E+00  1.36751579E+00
   698  2.79200000E+02  1.36751579E+00  1.36666923E+00  1.36751579E+00
   699  2.79600000E+02  1.36751579E+00  1.36666923E+00  1.36751579E+00
   700  2.80000000E+02  1.36751579E+00  1.36666923E+00  1.36751579E+00
   701  2.80400000E+02  1.36751579E+00  1.36666923E+00  1.36751579E+00
   702  2.80800000E+02  1.36751579E+00  1.36666923E+00  1.36751579E+00
   703  2.81200000E+02  1.36751579E+00  1.36666923E+00  1.36751579E+00
   704  2.81600000E+02  1.36751579E+00  1.36666923E+00  1.36751579E+00
   705  2.82000000E+02  1.36751579E+00  1.36666923E+00  1.36751579E+00
   706  2.82400000E+02  1.36751579E+00  1.36666923E+00  1.36751579E+00
   707  2.82800000E+02  1.36751579E+00  1.36666923E+00  1.36751579E+00
   708  2.83200000E+02  1.36751579E+00  1.36666923E+00  1.36751579E+00
   709  2.83600000E+02  1.36751579E+00  1.36666923E+00  1.36751579E+00
   710  2.84000000E+02  1.36751579E+00  1.36666923E+00  1.36751579E+00
   711  2.84400000E+02  1.36751579E+00  1.36666923E+00  1.36751579E+00
   712  2.84800000E+02  1.36751579E+00  1.36666923E+00  1.36751579E+00
   713  2.85200000E+02  1.36751579E+00  1.36666923E+00  1.36751579E+00
   714  2.85600000E+02  1.36751579E+00  1.36666923E+00  1.36751579E+00
   715  2.86000000E+02  1.36751579E+00  1.36666923E+00  1.36751579E+00
   716  2.86400000E+02  1.36751579E+00  1.36666923E+00  1.36751579E+00
   717  2.86800000E+02  1.36751579E+00  1.36666923E+00  1.36751579E+00
   718  2.87200000E+02  1.36751579E+00  1.36666923E+00  1.36751579E+00
   719  2.87600000E+02  1.36751579E+00  1.36666923E+00  1.36751579E+00
   720  2.88000000E+02  1.36751579E+00  1.36666923E+00  1.36751579E+00
   721  2.88400000E+02  1.36751579E+00  1.36666923E+00  1.36751579E+00
   722  2.88800000E+02  1.36751579E+00  1.36666923E+00  1.36751579E+00
   723  2.89200000E+02  1.36751579E+00  1.36666923E+00  1.36751579E+00
   724  2.89600000E+02  1.36751579E+00  1.36666923E+00  1.36751579E+00
   725  2.90000000E+02  1.36751579E+00  1.36666923E+00  1.36751579E+00
   726  2.90400000E+02  1.36751579E+00  1.36666923E+00  1.36751579E+00
   727  2.90800000E+02  1.36751579E+00  1.36666923E+00  1.36751579E+00
   728  2.91200000E+02  1.36751579E+00  1.36666923E+00  1.36751579E+00
   729  2.91600000E+02  1.36751579E+00  1.36666923E+00  1.36751579E+00
   730  2.92000000E+02  1.36751579E+00  1.36666923E+00  1.36751579E+00
   731  2.92400000E+02  1.36751579E+00  1.36666923E+00  1.36751579E+00
   732  2.92800000E+02  1.36751579E+00  1.36666923E+00  1.36751579E+00
   733  2.93200000E+02  1.36751579E+00  1.36666923E+00  1.36751579E+00
   734  2.93600000E+02  1.36751579E+00  1.36666923E+00  1.36751579E+00
   735  2.94000000E+02  1.36751579E+00  1.36666923E+00  1.36751579E+00
   736  2.94400000E+02  1.36751579E+00  1.36666923E+00  1.36751579E+00
   737  2.94800000E+02  1.36751579E+00  1.36666923E+00  1.36751579E+00
   738  2.95200000E+02  1.36751579E+00  1.36666923E+00  1.36751579E+00
   739  2.95600000E+02  1.36751579E+00  1.36666923E+00  1.36751579E+00
   740  2.96000000E+02  1.36751579E+00  1.36666923E+00  1.36751579E+00
   741  2.96400000E+02  1.36751579E+00  1.36666923E+00  1.36751579E+00
   742  2.96800000E+02  1.36751579E+00  1.36666923E+00  1.36751579E+00
   743  2.97200000E+02  1.36751579E+00  1.36666923E+00  1.36751579E+00
   744  2.97600000E+02  1.36751579E+00  1.36666923E+00  1.36751579E+00
   745  2.98000000E+02  1.36751579E+00  1.36666923E+00  1.36751579E+00
   746  2.98400000E+02  1.36751579E+00  1.36666923E+00  1.36751579E+00
   747  2.98800000E+02  1.36751579E+00  1.36666923E+00  1.36751579E+00
   748  2.99200000E+02  1.36751579E+00  1.36666923E+00  1.36751579E+00
   749  2.99600000E+02  1.36751579E+00  1.36666923E+00  1.36751579E+00
   750  3.00000000E+02  1.36751579E+00  1.36666923E+00  1.36751579E+00
   751  3.00400000E+02  1.36751579E+00  1.36666923E+00  1.36751579E+00
   752  3.00800000E+02  1.36751579E+00  1.36666923E+00  1.36751579E+00
   753  3.01200000E+02  1.36751579E+00  1.36666923E+00  1.36751579E+00
   754  3.01600000E+02  1.36751579E+00  1.36666923E+00  1.36751579E+00
   755  3.02000000E+02  1.36751579E+00  1.36666923E+00  1.36751579E+00
   756  3.02400000E+02  1.36751579E+00  1.36666923E+00  1.36751579E+00
   757  3.02800000E+02  1.36751579E+00  1.36666923E+00  1.36751579E+00
   758  3.03200000E+02  1.36751579E+00  1.36666923E+00  1.36751579E+00
   759  3.03600000E+02  1.36751579E+00  1.36666923E+00  1.36751579E+00
   760  3.04000000E+02  1.36751579E+00  1.36666923E+00  1.36751579E+00
   761  3.04400000E+02  1.36751579E+00  1.36666923E+00  1.36751579E+00
   762  3.04800000E+02  1.36751579E+00  1.36666923E+00  1.36751579E+00
   763  3.05200000E+02  1.36751579E+00  1.36666923E+00  1.36751579E+00
   764  3.05600000E+02  1.36751579E+00  1.36666923E+00  1.36751579E+00
   765  3.06000000E+02  1.36751579E+00  1.36666923E+00  1.36751579E+00
   766  3.06400000E+02  1.36751579E+00  1.36666923E+00  1.36751579E+00
   767  3.06800000E+02  1.36751579E+00  1.36666923E+00  1.36751579E+00
   768  3.07200000E+02  1.36751579E+00  1.36666923E+00  1.36751579E+00
   769  3.07600000E+02  1.36751579E+00  1.36666923E+00  1.36751579E+00
   770  3.08000000E+02  1.36751579E+00  1.36666923E+00  1.36751579E+00
   771  3.08400000E+02  1.36751579E+00  1.36666923E+00  1.36751579E+00
   772  3.08800000E+02  1.36751579E+00  1.36666923E+00  1.36751579E+00
   773  3.09200000E+02  1.36751579E+00  1.36666923E+00  1.36751579E+00
   774  3.09600000E+02  1.36751579E+00  1.36666923E+00  1.36751579E+00
   775  3.10000000E+02  1.36751579E+00  1.36666923E+00  1.36751579E+00
   776  3.10400000E+02  1.36751579E+00  1.36666923E+00  1.36751579E+00
   777  3.10800000E+02  1.36751579E+00  1.36666923E+00  1.36751579E+00
   778  3.11200000E+02  1.36751579E+00  1.36666923E+00  1.36751579E+00
   779  3.11600000E+02  1.36751579E+00  1.36666923E+00  1.36751579E+00
   780  3.12000000E+02  1.36751579E+00  1.36666923E+00  1.36751579E+00
   781  3.12400000E+02  1.36751579E+00  1.36666923E+00  1.36751579E+00
   782  3.12800000E+02  1.36751579E+00  1.36666923E+00  1.36751579E+00
   783  3.13200000E+02  1.36751579E+00  1.36666923E+00  1.36751579E+00
   784  3.13600000E+02  1.36751579E+00  1.36666923E+00  1.36751579E+00
   785  3.14000000E+02  1.36751579E+00  1.36666923E+00  1.36751579E+00
   786  3.14400000E+02  1.36751579E+00  1.36666923E+00  1.36751579E+00
   787  3.14800000E+02  1.36751579E+00  1.36666923E+00  1.36751579E+00
   788  3.15200000E+02  1.36751579E+00  1.36666923E+00  1.36751579E+00
   789  3.15600000E+02  1.36751579E+00  1.36666923E+00  1.36751579E+00
   790  3.16000000E+02  1.36751579E+00  1.36666923E+00  1.36751579E+00
   791  3.16400000E+02  1.36751579E+00  1.36666923E+00  1.36751579E+00
   792  3.16800000E+02  1.36751579E+00  1.36666923E+00  1.36751579E+00
   793  3.17200000E+02  1.36751579E+00  1.36666923E+00  1.36751579E+00
   794  3.17600000E+02  1.36751579E+00  1.36666923E+00  1.36751579E+00
   795  3.18000000E+02  1.36751579E+00  1.36666923E+00  1.36751579E+00
   796  3.18400000E+02  1.36751579E+00  1.36666923E+00  1.36751579E+00
   797  3.18800000E+02  1.36751579E+00  1.36666923E+00  1.36751579E+00
   798  3.19200000E+02  1.36751579E+00  1.36666923E+00  1.36751579E+00
   799  3.19600000E+02  1.36751579E+00  1.36666923E+00  1.36751579E+00
   800  3.20000000E+02  1.36751579E+00  1.36666923E+00  1.36751579E+00
   801  3.20400000E+02  1.36751579E+00  1.36666923E+00  1.36751579E+00
   802  3.20800000E+02  1.36751579E+00  1.36666923E+00  1.36751579E+00
   803  3.21200000E+02  1.36751579E+00  1.36666923E+00  1.36751579E+00
   804  3.21600000E+02  1.36751579E+00  1.36666923E+00  1.36751579E+00
   805  3.22000000E+02  1.36751579E+00  1.36666923E+00  1.36751579E+00
   806  3.22400000E+02  1.36751579E+00  1.36666923E+00  1.36751579E+00
   807  3.22800000E+02  1.36751579E+00  1.36666923E+00  1.36751579E+00
   808  3.23200000E+02  1.36751579E+00  1.36666923E+00  1.36751579E+00
   809  3.23600000E+02  1.36751579E+00  1.36666923E+00  1.36751579E+00
   810  3.24000000E+02  1.36751579E+00  1.36666923E+00  1.36751579E+00
   811  3.24400000E+02  1.36751579E+00  1.36666923E+00  1.36751579E+00
   812  3.24800000E+02  1.36751579E+00  1.36666923E+00  1.36751579E+00
   813  3.25200000E+02  1.36751579E+00  1.36666923E+00  1.36751579E+00
   814  3.25600000E+02  1.36751579E+00  1.36666923E+00  1.36751579E+00
   815  3.26000000E+02  1.36751579E+00  1.36666923E+00  1.36751579E+00
   816  3.26400000E+02  1.36751579E+00  1.36666923E+00  1.36751579E+00
   817  3.26800000E+02  1.36751579E+00  1.36666923E+00  1.36751579E+00
   818  3.27200000E+02  1.36751579E+00  1.36666923E+00  1.36751579E+00
   819  3.27600000E+02  1.36751579E+00  1.36666923E+00  1.36751579E+00
   820  3.28000000E+02  1.36751579E+00  1.36666923E+00  1.36751579E+00
   821  3.28400000E+02  1.36751579E+00  1.36666923E+00  1.36751579E+00
   822  3.28800000E+02  1.36751579E+00  1.36666923E+00  1.36751579E+00
   823  3.29200000E+02  1.36751579E+00  1.36666923E+00  1.36751579E+00
   824  3.29600000E+02  1.36751579E+00  1.36666923E+00  1.36751579E+00
   825  3.30000000E+02  1.36751579E+00  1.36666923E+00  1.36751579E+00
   826  3.30400000E+02  1.36751579E+00  1.36666923E+00  1.36751579E+00
   827  3.30800000E+02  1.36751579E+00  1.36666923E+00  1.36751579E+00
   828  3.31200000E+02  1.36751579E+00  1.36666923E+00  1.36751579E+00
   829  3.31600000E+02  1.36751579E+00  1.36666923E+00  1.36751579E+00
   830  3.32000000E+02  1.36751579E+00  1.36666923E+00  1.36751579E+00
   831  3.32400000E+02  1.36751579E+00  1.36666923E+00  1.36751579E+00
   832  3.32800000E+02  1.36751579E+00  1.36666923E+00  1.36751579E+00
   833  3.33200000E+02  1.36751579E+00  1.36666923E+00  1.36751579E+00
   834  3.33600000E+02  1.36751579E+00  1.36666923E+00  1.36751579E+00
   835  3.34000000E+02  1.36751579E+00  1.36666923E+00  1.36751579E+00
   836  3.34400000E+02  1.36751579E+00  1.36666923E+00  1.36751579E+00
   837  3.34800000E+02  1.36751579E+00  1.36666923E+00  1.36751579E+00
   838  3.35200000E+02  1.36751579E+00  1.36666923E+00  1.36751579E+00
   839  3.35600000E+02  1.36751579E+00  1.36666923E+00  1.36751579E+00
   840  3.36000000E+02  1.36751579E+00  1.36666923E+00  1.36751579E+00
   841  3.36400000E+02  1.36751579E+00  1.36666923E+00  1.36751579E+00
   842  3.36800000E+02  1.36751579E+00  1.36666923E+00  1.36751579E+00
   843  3.37200000E+02  1.36751579E+00  1.36666923E+00  1.36751579E+00
   844  3.37600000E+02  1.36751579E+00  1.36666923E+00  1.36751579E+00
   845  3.38000000E+02  1.36751579E+00  1.36666923E+00  1.36751579E+00
   846  3.38400000E+02  1.36751579E+00  1.36666923E+00  1.36751579E+00
   847  3.38800000E+02  1.36751579E+00  1.36666923E+00  1.36751579E+00
   848  3.39200000E+02  1.36751579E+00  1.36666923E+00  1.36751579E+00
   849  3.39600000E+02  1.36751579E+00  1.36666923E+00  1.36751579E+00
   850  3.40000000E+02  1.36751579E+00  1.36666923E+00  1.36751579E+00
   851  3.40400000E+02  1.36751579E+00  1.36666923E+00  1.36751579E+00
   852  3.40800000E+02  1.36751579E+00  1.36666923E+00  1.36751579E+00
   853  3.41200000E+02  1.36751579E+00  1.36666923E+00  1.36751579E+00
   854  3.41600000E+02  1.36751579E+00  1.36666923E+00  1.36751579E+00
   855  3.42000000E+02  1.36751579E+00  1.36666923E+00  1.36751579E+00
   856  3.42400000E+02  1.36751579E+00  1.36666923E+00  1.36751579E+00
   857  3.42800000E+02  1.36751579E+00  1.36666923E+00  1.36751579E+00
   858  3.43200000E+02  1.36751579E+00  1.36666923E+00  1.36751579E+00
   859  3.43600000E+02  1.36751579E+00  1.36666923E+00  1.36751579E+00
   860  3.44000000E+02  1.36751579E+00  1.36666923E+00  1.36751579E+00
   861  3.44400000E+02  1.36751579E+00  1.36666923E+00  1.36751579E+00
   862  3.44800000E+02  1.36751579E+00  1.36666923E+00  1.36751579E+00
   863  3.45200000E+02  1.36751579E+00  1.36666923E+00  1.36751579E+00
   864  3.45600000E+02  1.36751579E+00  1.36666923E+00  1.36751579E+00
   865  3.46000000E+02  1.36751579E+00  1.36666923E+00  1.36751579E+00
   866  3.46400000E+02  1.36751579E+00  1.36666923E+00  1.36751579E+00
   867  3.46800000E+02  1.36751579E+00  1.36666923E+00  1.36751579E+00
   868  3.47200000E+02  1.36751579E+00  1.36666923E+00  1.36751579E+00
   869  3.47600000E+02  1.36751579E+00  1.36666923E+00  1.36751579E+00
   870  3.48000000E+02  1.36751579E+00  1.36666923E+00  1.36751579E+00
   871  3.48400000E+02  1.36751579E+00  1.36666923E+00  1.36751579E+00
   872  3.48800000E+02  1.36751579E+00  1.36666923E+00  1.36751579E+00
   873  3.49200000E+02  1.36751579E+00  1.36666923E+00  1.36751579E+00
   874  3.49600000E+02  1.36751579E+00  1.36666923E+00  1.36751579E+00
   875  3.50000000E+02  1.36751579E+00  1.36666923E+00  1.36751579E+00
   876  3.50400000E+02  1.36751579E+00  1.36666923E+00  1.36751579E+00
   877  3.50800000E+02  1.36751579E+00  1.36666923E+00  1.36751579E+00
   878  3.51200000E+02  1.36751579E+00  1.36666923E+00  1.36751579E+00
   879  3.51600000E+02  1.36751579E+00  1.36666923E+00  1.36751579E+00
   880  3.52000000E+02  1.36751579E+00  1.36666923E+00  1.36751579E+00
   881  3.52400000E+02  1.36751579E+00  1.36666923E+00  1.36751579E+00
   882  3.52800000E+02  1.36751579E+00  1.36666923E+00  1.36751579E+00
   883  3.53200000E+02  1.36751579E+00  1.36666923E+00  1.36751579E+00
   884  3.53600000E+02  1.36751579E+00  1.36666923E+00  1.36751579E+00
   885  3.54000000E+02  1.36751579E+00  1.36666923E+00  1.36751579E+00
   886  3.54400000E+02  1.36751579E+00  1.36666923E+00  1.36751579E+00
   887  3.54800000E+02  1.36751579E+00  1.36666923E+00  1.36751579E+00
   888  3.55200000E+02  1.36751579E+00  1.36666923E+00  1.36751579E+00
   889  3.55600000E+02  1.36751579E+00  1.36666923E+00  1.36751579E+00
   890  3.56000000E+02  1.36751579E+00  1.36666923E+00  1.36751579E+00
   891  3.56400000E+02  1.36751579E+00  1.36666923E+00  1.36751579E+00
   892  3.56800000E+02  1.36751579E+00  1.36666923E+00  1.36751579E+00
   893  3.57200000E+02  1.36751579E+00  1.36666923E+00  1.36751579E+00
   894  3.57600000E+02  1.36751579E+00  1.36666923E+00  1.36751579E+00
   895  3.58000000E+02  1.36751579E+00  1.36666923E+00  1.36751579E+00
   896  3.58400000E+02  1.36751579E+00  1.36666923E+00  1.36751579E+00
   897  3.58800000E+02  1.36751579E+00  1.36666923E+00  1.36751579E+00
   898  3.59200000E+02  1.36751579E+00  1.36666923E+00  1.36751579E+00
   899  3.59600000E+02  1.36751579E+00  1.36666923E+00  1.36751579E+00
   900  3.60000000E+02  1.36751579E+00  1.36666923E+00  1.36751579E+00
   901  3.60400000E+02  1.36751579E+00  1.36666923E+00  1.36751579E+00
   902  3.60800000E+02  1.36751579E+00  1.36666923E+00  1.36751579E+00
   903  3.61200000E+02  1.36751579E+00  1.36666923E+00  1.36751579E+00
   904  3.61600000E+02  1.36751579E+00  1.36666923E+00  1.36751579E+00
   905  3.62000000E+02  1.36751579E+00  1.36666923E+00  1.36751579E+00
   906  3.62400000E+02  1.36751579E+00  1.36666923E+00  1.36751579E+00
   907  3.62800000E+02  1.36751579E+00  1.36666923E+00  1.36751579E+00
   908  3.63200000E+02  1.36751579E+00  1.36666923E+00  1.36751579E+00
   909  3.63600000E+02  1.36751579E+00  1.36666923E+00  1.36751579E+00
   910  3.64000000E+02  1.36751579E+00  1.36666923E+00  1.36751579E+00
   911  3.64400000E+02  1.36751579E+00  1.36666923E+00  1.36751579E+00
   912  3.64800000E+02  1.36751579E+00  1.36666923E+00  1.36751579E+00
   913  3.65200000E+02  1.36751579E+00  1.36666923E+00  1.36751579E+00
   914  3.65600000E+02  1.36751579E+00  1.36666923E+00  1.36751579E+00
   915  3.66000000E+02  1.36751579E+00  1.36666923E+00  1.36751579E+00
   916  3.66400000E+02  1.36751579E+00  1.36666923E+00  1.36751579E+00
   917  3.66800000E+02  1.36751579E+00  1.36666923E+00  1.36751579E+00
   918  3.67200000E+02  1.36751579E+00  1.36666923E+00  1.36751579E+00
   919  3.67600000E+02  1.36751579E+00  1.36666923E+00  1.36751579E+00
   920  3.68000000E+02  1.36751579E+00  1.36666923E+00  1.36751579E+00
   921  3.68400000E+02  1.36751579E+00  1.36666923E+00  1.36751579E+00
   922  3.68800000E+02  1.36751579E+00  1.36666923E+00  1.36751579E+00
   923  3.69200000E+02  1.36751579E+00  1.36666923E+00  1.36751579E+00
   924  3.69600000E+02  1.36751579E+00  1.36666923E+00  1.36751579E+00
   925  3.70000000E+02  1.36751579E+00  1.36666923E+00  1.36751579E+00
   926  3.70400000E+02  1.36751579E+00  1.36666923E+00  1.36751579E+00
   927  3.70800000E+02  1.36751579E+00  1.36666923E+00  1.36751579E+00
   928  3.71200000E+02  1.36751579E+00  1.36666923E+00  1.36751579E+00
   929  3.71600000E+02  1.36751579E+00  1.36666923E+00  1.36751579E+00
   930  3.72000000E+02  1.36751579E+00  1.36666923E+00  1.36751579E+00
   931  3.72400000E+02  1.36751579E+00  1.36666923E+00  1.36751579E+00
   932  3.72800000E+02  1.36751579E+00  1.36666923E+00  1.36751579E+00
   933  3.73200000E+02  1.36751579E+00  1.36666923E+00  1.36751579E+00
   934  3.73600000E+02  1.36751579E+00  1.36666923E+00  1.36751579E+00
   935  3.74000000E+02  1.36751579E+00  1.36666923E+00  1.36751579E+00
   936  3.74400000E+02  1.36751579E+00  1.36666923E+00  1.36751579E+00
   937  3.74800000E+02  1.36751579E+00  1.36666923E+00  1.36751579E+00
   938  3.75200000E+02  1.36751579E+00  1.36666923E+00  1.36751579E+00
   939  3.75600000E+02  1.36751579E+00  1.36666923E+00  1.36751579E+00
   940  3.76000000E+02  1.36751579E+00  1.36666923E+00  1.36751579E+00
   941  3.76400000E+02  1.36751579E+00  1.36666923E+00  1.36751579E+00
   942  3.76800000E+02  1.36751579E+00  1.36666923E+00  1.36751579E+00
   943  3.77200000E+02  1.36751579E+00  1.36666923E+00  1.36751579E+00
   944  3.77600000E+02  1.36751579E+00  1.36666923E+00  1.36751579E+00
   945  3.78000000E+02  1.36751579E+00  1.36666923E+00  1.36751579E+00
   946  3.78400000E+02  1.36751579E+00  1.36666923E+00  1.36751579E+00
   947  3.78800000E+02  1.36751579E+00  1.36666923E+00  1.36751579E+00
   948  3.79200000E+02  1.36751579E+00  1.36666923E+00  1.36751579E+00
   949  3.79600000E+02  1.36751579E+00  1.36666923E+00  1.36751579E+00
   950  3.80000000E+02  1.36751579E+00  1.36666923E+00  1.36751579E+00
   951  3.80400000E+02  1.36751579E+00  1.36666923E+00  1.36751579E+00
   952  3.80800000E+02  1.36751579E+00  1.36666923E+00  1.36751579E+00
   953  3.81200000E+02  1.36751579E+00  1.36666923E+00  1.36751579E+00
   954  3.81600000E+02  1.36751579E+00  1.36666923E+00  1.36751579E+00
   955  3.82000000E+02  1.36751579E+00  1.36666923E+00  1.36751579E+00
   956  3.82400000E+02  1.36751579E+00  1.36666923E+00  1.36751579E+00
   957  3.82800000E+02  1.36751579E+00  1.36666923E+00  1.36751579E+00
   958  3.83200000E+02  1.36751579E+00  1.36666923E+00  1.36751579E+00
   959  3.83600000E+02  1.36751579E+00  1.36666923E+00  1.36751579E+00
   960  3.84000000E+02  1.36751579E+00  1.36666923E+00  1.36751579E+00
   961  3.84400000E+02  1.36751579E+00  1.36666923E+00  1.36751579E+00
   962  3.84800000E+02  1.36751579E+00  1.36666923E+00  1.36751579E+00
   963  3.85200000E+02  1.36751579E+00  1.36666923E+00  1.36751579E+00
   964  3.85600000E+02  1.36751579E+00  1.36666923E+00  1.36751579E+00
   965  3.86000000E+02  1.36751579E+00  1.36666923E+00  1.36751579E+00
   966  3.86400000E+02  1.36751579E+00  1.36666923E+00  1.36751579E+00
   967  3.86800000E+02  1.36751579E+00  1.36666923E+00  1.36751579E+00
   968  3.87200000E+02  1.36751579E+00  1.36666923E+00  1.36751579E+00
   969  3.87600000E+02  1.36751579E+00  1.36666923E+00  1.36751579E+00
   970  3.88000000E+02  1.36751579E+00  1.36666923E+00  1.36751579E+00
   971  3.88400000E+02  1.36751579E+00  1.36666923E+00  1.36751579E+00
   972  3.88800000E+02  1.36751579E+00  1.36666923E+00  1.36751579E+00
   973  3.89200000E+02  1.36751579E+00  1.36666923E+00  1.36751579E+00
   974  3.89600000E+02  1.36751579E+00  1.36666923E+00  1.36751579E+00
   975  3.90000000E+02  1.36751579E+00  1.36666923E+00  1.36751579E+00
   976  3.90400000E+02  1.36751579E+00  1.36666923E+00  1.36751579E+00
   977  3.90800000E+02  1.36751579E+00  1.36666923E+00  1.36751579E+00
   978  3.91200000E+02  1.36751579E+00  1.36666923E+00  1.36751579E+00
   979  3.91600000E+02  1.36751579E+00  1.36666923E+00  1.36751579E+00
   980  3.92000000E+02  1.36751579E+00  1.36666923E+00  1.36751579E+00
   981  3.92400000E+02  1.36751579E+00  1.36666923E+00  1.36751579E+00
   982  3.92800000E+02  1.36751579E+00  1.36666923E+00  1.36751579E+00
   983  3.93200000E+02  1.36751579E+00  1.36666923E+00  1.36751579E+00
   984  3.93600000E+02  1.36751579E+00  1.36666923E+00  1.36751579E+00
   985  3.94000000E+02  1.36751579E+00  1.36666923E+00  1.36751579E+00
   986  3.94400000E+02  1.36751579E+00  1.36666923E+00  1.36751579E+00
   987  3.94800000E+02  1.36751579E+00  1.36666923E+00  1.36751579E+00
   988  3.95200000E+02  1.36751579E+00  1.36666923E+00  1.36751579E+00
   989  3.95600000E+02  1.36751579E+00  1.36666923E+00  1.36751579E+00
   990  3.96000000E+02  1.36751579E+00  1.36666923E+00  1.36751579E+00
   991  3.96400000E+02  1.36751579E+00  1.36666923E+00  1.36751579E+00
   992  3.96800000E+02  1.36751579E+00  1.36666923E+00  1.36751579E+00
   993  3.97200000E+02  1.36751579E+00  1.36666923E+00  1.36751579E+00
   994  3.97600000E+02  1.36751579E+00  1.36666923E+00  1.36751579E+00
   995  3.98000000E+02  1.36751579E+00  1.36666923E+00  1.36751579E+00
   996  3.98400000E+02  1.36751579E+00  1.36666923E+00  1.36751579E+00
   997  3.98800000E+02  1.36751579E+00  1.36666923E+00  1.36751579E+00
   998  3.99200000E+02  1.36751579E+00  1.36666923E+00  1.36751579E+00
   999  3.99600000E+02  1.36751579E+00  1.36666923E+00  1.36751579E+00
  1000  4.00000000E+02  1.36751579E+00  1.36666923E+00  1.36751579E+00
