 comppar: model =   3
 comppar: lambda,mobility/eps,betav,eta_0 =  1.1000E+01  3.0000E-02  1.0000E-01  1.0000E+00
 comppar: eta_s,eta_p,G =  1.0000E-01  9.0000E-01  8.1818E-02
 comppar: U_avg,deltat,flowrate,nsteps =  1.0000E-01  4.0000E-01  3.1416E-01    1000
 comppar: geometry = axisymmetric
 comppar: steady stop change,gap,hold,min =  1.0000E-05  2.0000E-04      10      80
 comppar: steady stop rounded decimals =       4
 comppar: ncompc,ncompg =     4     5
 mesh nnodes = 22999
 mesh nelem = 11296
 P1 BC   5.0000000000000000     
 P2 BC   0.0000000000000000     
     1  4.00000000E-01  1.00503169E+00  1.00000000E+00  1.00503169E+00
     2  8.00000000E-01  1.00983856E+00  1.00000000E+00  1.00983856E+00
     3  1.20000000E+00  1.01440898E+00  1.00000000E+00  1.01440898E+00
     4  1.60000000E+00  1.01883416E+00  1.00000000E+00  1.01883416E+00
     5  2.00000000E+00  1.02316679E+00  1.00000000E+00  1.02316679E+00
     6  2.40000000E+00  1.02748289E+00  1.00000001E+00  1.02748289E+00
     7  2.80000000E+00  1.03184958E+00  1.00000001E+00  1.03184958E+00
     8  3.20000000E+00  1.03632643E+00  1.00000001E+00  1.03632643E+00
     9  3.60000000E+00  1.04095617E+00  1.00000001E+00  1.04095617E+00
    10  4.00000000E+00  1.04577134E+00  1.00000001E+00  1.04577134E+00
    11  4.40000000E+00  1.05080044E+00  1.00000001E+00  1.05080044E+00
    12  4.80000000E+00  1.05605915E+00  1.00000001E+00  1.05605915E+00
    13  5.20000000E+00  1.06156208E+00  1.00000001E+00  1.06156208E+00
    14  5.60000000E+00  1.06731803E+00  1.00000000E+00  1.06731803E+00
    15  6.00000000E+00  1.07332065E+00  1.00000000E+00  1.07332065E+00
    16  6.40000000E+00  1.07955753E+00  9.99999994E-01  1.07955753E+00
    17  6.80000000E+00  1.08602573E+00  9.99999987E-01  1.08602573E+00
    18  7.20000000E+00  1.09271073E+00  9.99999978E-01  1.09271073E+00
    19  7.60000000E+00  1.09958230E+00  9.99999967E-01  1.09958230E+00
    20  8.00000000E+00  1.10661605E+00  9.99999954E-01  1.10661605E+00
    21  8.40000000E+00  1.11378424E+00  9.99999939E-01  1.11378424E+00
    22  8.80000000E+00  1.12105749E+00  9.99999922E-01  1.12105749E+00
    23  9.20000000E+00  1.12840582E+00  9.99999902E-01  1.12840582E+00
    24  9.60000000E+00  1.13582097E+00  9.99999879E-01  1.13582097E+00
    25  1.00000000E+01  1.14326720E+00  9.99999853E-01  1.14326720E+00
    26  1.04000000E+01  1.15071206E+00  9.99999823E-01  1.15071206E+00
    27  1.08000000E+01  1.15814029E+00  9.99999790E-01  1.15814029E+00
    28  1.12000000E+01  1.16557232E+00  9.99999753E-01  1.16557232E+00
    29  1.16000000E+01  1.17294929E+00  9.99999712E-01  1.17294929E+00
    30  1.20000000E+01  1.18027852E+00  9.99999666E-01  1.18027852E+00
    31  1.24000000E+01  1.18757168E+00  9.99999614E-01  1.18757168E+00
    32  1.28000000E+01  1.19477647E+00  9.99999558E-01  1.19477647E+00
    33  1.32000000E+01  1.20194342E+00  9.99999496E-01  1.20194342E+00
    34  1.36000000E+01  1.20903037E+00  9.99999427E-01  1.20903037E+00
    35  1.40000000E+01  1.21606117E+00  9.99999353E-01  1.21606117E+00
    36  1.44000000E+01  1.22302118E+00  9.99999271E-01  1.22302118E+00
    37  1.48000000E+01  1.22992440E+00  9.99999181E-01  1.22992440E+00
    38  1.52000000E+01  1.23675759E+00  9.99999084E-01  1.23675759E+00
    39  1.56000000E+01  1.24347360E+00  9.99998978E-01  1.24347360E+00
    40  1.60000000E+01  1.25016476E+00  9.99998863E-01  1.25016476E+00
    41  1.64000000E+01  1.25674207E+00  9.99998739E-01  1.25674207E+00
    42  1.68000000E+01  1.26321019E+00  9.99998605E-01  1.26321019E+00
    43  1.72000000E+01  1.26965031E+00  9.99998460E-01  1.26965031E+00
    44  1.76000000E+01  1.27596643E+00  9.99998303E-01  1.27596643E+00
    45  1.80000000E+01  1.28225775E+00  9.99998135E-01  1.28225775E+00
    46  1.84000000E+01  1.28843450E+00  9.99997954E-01  1.28843450E+00
    47  1.88000000E+01  1.29451859E+00  9.99997759E-01  1.29451859E+00
    48  1.92000000E+01  1.30056434E+00  9.99997551E-01  1.30056434E+00
    49  1.96000000E+01  1.30648337E+00  9.99997327E-01  1.30648337E+00
    50  2.00000000E+01  1.31233822E+00  9.99997088E-01  1.31233822E+00
    51  2.04000000E+01  1.31812952E+00  9.99996832E-01  1.31812952E+00
    52  2.08000000E+01  1.32379202E+00  9.99996558E-01  1.32379202E+00
    53  2.12000000E+01  1.32946082E+00  9.99996266E-01  1.32946082E+00
    54  2.16000000E+01  1.33500494E+00  9.99995954E-01  1.33500494E+00
    55  2.20000000E+01  1.34047701E+00  9.99995623E-01  1.34047701E+00
    56  2.24000000E+01  1.34590316E+00  9.99995269E-01  1.34590316E+00
    57  2.28000000E+01  1.35119948E+00  9.99994893E-01  1.35119948E+00
    58  2.32000000E+01  1.35649564E+00  9.99994493E-01  1.35649564E+00
    59  2.36000000E+01  1.36168385E+00  9.99994068E-01  1.36168385E+00
    60  2.40000000E+01  1.36678468E+00  9.99993617E-01  1.36678468E+00
    61  2.44000000E+01  1.37186394E+00  9.99993138E-01  1.37186394E+00
    62  2.48000000E+01  1.37681397E+00  9.99992630E-01  1.37681397E+00
    63  2.52000000E+01  1.38167431E+00  9.99992092E-01  1.38167431E+00
    64  2.56000000E+01  1.38652697E+00  9.99991522E-01  1.38652697E+00
    65  2.60000000E+01  1.39125243E+00  9.99990918E-01  1.39125243E+00
    66  2.64000000E+01  1.39587463E+00  9.99990280E-01  1.39587463E+00
    67  2.68000000E+01  1.40050564E+00  9.99989604E-01  1.40050564E+00
    68  2.72000000E+01  1.40501314E+00  9.99988890E-01  1.40501314E+00
    69  2.76000000E+01  1.40946945E+00  9.99988136E-01  1.40946945E+00
    70  2.80000000E+01  1.41389577E+00  9.99987340E-01  1.41389577E+00
    71  2.84000000E+01  1.41820209E+00  9.99986499E-01  1.41820209E+00
    72  2.88000000E+01  1.42250183E+00  9.99985612E-01  1.42250183E+00
    73  2.92000000E+01  1.42672667E+00  9.99984677E-01  1.42672667E+00
    74  2.96000000E+01  1.43083056E+00  9.99983691E-01  1.43083056E+00
    75  3.00000000E+01  1.43492846E+00  9.99982653E-01  1.43492846E+00
    76  3.04000000E+01  1.43894744E+00  9.99981559E-01  1.43894744E+00
    77  3.08000000E+01  1.44283266E+00  9.99980408E-01  1.44283266E+00
    78  3.12000000E+01  1.44673846E+00  9.99979196E-01  1.44673846E+00
    79  3.16000000E+01  1.45053273E+00  9.99977922E-01  1.45053273E+00
    80  3.20000000E+01  1.45424746E+00  9.99976582E-01  1.45424746E+00
    81  3.24000000E+01  1.45794642E+00  9.99975174E-01  1.45794642E+00
    82  3.28000000E+01  1.46150728E+00  9.99973695E-01  1.46150728E+00
    83  3.32000000E+01  1.46511006E+00  9.99972142E-01  1.46511006E+00
    84  3.36000000E+01  1.46852446E+00  9.99970511E-01  1.46852446E+00
    85  3.40000000E+01  1.47199973E+00  9.99968800E-01  1.47199973E+00
    86  3.44000000E+01  1.47529060E+00  9.99967005E-01  1.47529060E+00
    87  3.48000000E+01  1.47859694E+00  9.99965123E-01  1.47859694E+00
    88  3.52000000E+01  1.48176424E+00  9.99963151E-01  1.48176424E+00
    89  3.56000000E+01  1.48488137E+00  9.99961085E-01  1.48488137E+00
    90  3.60000000E+01  1.48791841E+00  9.99958921E-01  1.48791841E+00
    91  3.64000000E+01  1.49091006E+00  9.99956655E-01  1.49091006E+00
    92  3.68000000E+01  1.49381483E+00  9.99954284E-01  1.49381483E+00
    93  3.72000000E+01  1.49667861E+00  9.99951803E-01  1.49667861E+00
    94  3.76000000E+01  1.49944746E+00  9.99949209E-01  1.49944746E+00
    95  3.80000000E+01  1.50220130E+00  9.99946498E-01  1.50220130E+00
    96  3.84000000E+01  1.50483088E+00  9.99943664E-01  1.50483088E+00
    97  3.88000000E+01  1.50741482E+00  9.99940704E-01  1.50741482E+00
    98  3.92000000E+01  1.50990699E+00  9.99937613E-01  1.50990699E+00
    99  3.96000000E+01  1.51239223E+00  9.99934387E-01  1.51239223E+00
   100  4.00000000E+01  1.51474797E+00  9.99931021E-01  1.51474797E+00
   101  4.04000000E+01  1.51713643E+00  9.99927510E-01  1.51713643E+00
   102  4.08000000E+01  1.51936418E+00  9.99923850E-01  1.51936418E+00
   103  4.12000000E+01  1.52167129E+00  9.99920035E-01  1.52167129E+00
   104  4.16000000E+01  1.52377103E+00  9.99916060E-01  1.52377103E+00
   105  4.20000000E+01  1.52597322E+00  9.99911921E-01  1.52597322E+00
   106  4.24000000E+01  1.52797421E+00  9.99907612E-01  1.52797421E+00
   107  4.28000000E+01  1.53007506E+00  9.99903127E-01  1.53007506E+00
   108  4.32000000E+01  1.53199732E+00  9.99898463E-01  1.53199732E+00
   109  4.36000000E+01  1.53398370E+00  9.99893613E-01  1.53398370E+00
   110  4.40000000E+01  1.53582446E+00  9.99888572E-01  1.53582446E+00
   111  4.44000000E+01  1.53769706E+00  9.99883334E-01  1.53769706E+00
   112  4.48000000E+01  1.53944512E+00  9.99877895E-01  1.53944512E+00
   113  4.52000000E+01  1.54122006E+00  9.99872248E-01  1.54122006E+00
   114  4.56000000E+01  1.54287928E+00  9.99866389E-01  1.54287928E+00
   115  4.60000000E+01  1.54455723E+00  9.99860311E-01  1.54455723E+00
   116  4.64000000E+01  1.54614433E+00  9.99854010E-01  1.54614433E+00
   117  4.68000000E+01  1.54774142E+00  9.99847480E-01  1.54774142E+00
   118  4.72000000E+01  1.54924243E+00  9.99840716E-01  1.54924243E+00
   119  4.76000000E+01  1.55076031E+00  9.99833712E-01  1.55076031E+00
   120  4.80000000E+01  1.55220361E+00  9.99826464E-01  1.55220361E+00
   121  4.84000000E+01  1.55365656E+00  9.99818967E-01  1.55365656E+00
   122  4.88000000E+01  1.55500479E+00  9.99811216E-01  1.55500479E+00
   123  4.92000000E+01  1.55639537E+00  9.99803207E-01  1.55639537E+00
   124  4.96000000E+01  1.55769706E+00  9.99794934E-01  1.55769706E+00
   125  5.00000000E+01  1.55900992E+00  9.99786395E-01  1.55900992E+00
   126  5.04000000E+01  1.56027111E+00  9.99777584E-01  1.56027111E+00
   127  5.08000000E+01  1.56147806E+00  9.99768499E-01  1.56147806E+00
   128  5.12000000E+01  1.56270343E+00  9.99759136E-01  1.56270343E+00
   129  5.16000000E+01  1.56387769E+00  9.99749493E-01  1.56387769E+00
   130  5.20000000E+01  1.56504146E+00  9.99739567E-01  1.56504146E+00
   131  5.24000000E+01  1.56618134E+00  9.99729356E-01  1.56618134E+00
   132  5.28000000E+01  1.56726981E+00  9.99718859E-01  1.56726981E+00
   133  5.32000000E+01  1.56836882E+00  9.99708075E-01  1.56836882E+00
   134  5.36000000E+01  1.56942697E+00  9.99697004E-01  1.56942697E+00
   135  5.40000000E+01  1.57044804E+00  9.99685645E-01  1.57044804E+00
   136  5.44000000E+01  1.57146821E+00  9.99674001E-01  1.57146821E+00
   137  5.48000000E+01  1.57241876E+00  9.99662074E-01  1.57241876E+00
   138  5.52000000E+01  1.57340418E+00  9.99649865E-01  1.57340418E+00
   139  5.56000000E+01  1.57431694E+00  9.99637380E-01  1.57431694E+00
   140  5.60000000E+01  1.57523547E+00  9.99624622E-01  1.57523547E+00
   141  5.64000000E+01  1.57610754E+00  9.99611598E-01  1.57610754E+00
   142  5.68000000E+01  1.57697456E+00  9.99598315E-01  1.57697456E+00
   143  5.72000000E+01  1.57780747E+00  9.99584781E-01  1.57780747E+00
   144  5.76000000E+01  1.57861379E+00  9.99571006E-01  1.57861379E+00
   145  5.80000000E+01  1.57940742E+00  9.99557002E-01  1.57940742E+00
   146  5.84000000E+01  1.58017095E+00  9.99542781E-01  1.58017095E+00
   147  5.88000000E+01  1.58092547E+00  9.99528358E-01  1.58092547E+00
   148  5.92000000E+01  1.58163651E+00  9.99513750E-01  1.58163651E+00
   149  5.96000000E+01  1.58235360E+00  9.99498975E-01  1.58235360E+00
   150  6.00000000E+01  1.58302497E+00  9.99484053E-01  1.58302497E+00
   151  6.04000000E+01  1.58370379E+00  9.99469008E-01  1.58370379E+00
   152  6.08000000E+01  1.58432690E+00  9.99453865E-01  1.58432690E+00
   153  6.12000000E+01  1.58497067E+00  9.99438652E-01  1.58497067E+00
   154  6.16000000E+01  1.58555637E+00  9.99423399E-01  1.58555637E+00
   155  6.20000000E+01  1.58616369E+00  9.99408140E-01  1.58616369E+00
   156  6.24000000E+01  1.58670916E+00  9.99392912E-01  1.58670916E+00
   157  6.28000000E+01  1.58728415E+00  9.99377755E-01  1.58728415E+00
   158  6.32000000E+01  1.58779485E+00  9.99362713E-01  1.58779485E+00
   159  6.36000000E+01  1.58833589E+00  9.99347833E-01  1.58833589E+00
   160  6.40000000E+01  1.58881086E+00  9.99333166E-01  1.58881086E+00
   161  6.44000000E+01  1.58931920E+00  9.99318768E-01  1.58931920E+00
   162  6.48000000E+01  1.58976765E+00  9.99304700E-01  1.58976765E+00
   163  6.52000000E+01  1.59023737E+00  9.99291027E-01  1.59023737E+00
   164  6.56000000E+01  1.59065848E+00  9.99277818E-01  1.59065848E+00
   165  6.60000000E+01  1.59109882E+00  9.99265150E-01  1.59109882E+00
   166  6.64000000E+01  1.59149579E+00  9.99253103E-01  1.59149579E+00
   167  6.68000000E+01  1.59190162E+00  9.99241765E-01  1.59190162E+00
   168  6.72000000E+01  1.59227435E+00  9.99231229E-01  1.59227435E+00
   169  6.76000000E+01  1.59265595E+00  9.99221596E-01  1.59265595E+00
   170  6.80000000E+01  1.59300697E+00  9.99212974E-01  1.59300697E+00
   171  6.84000000E+01  1.59335521E+00  9.99205478E-01  1.59335521E+00
   172  6.88000000E+01  1.59368504E+00  9.99199230E-01  1.59368504E+00
   173  6.92000000E+01  1.59400777E+00  9.99194363E-01  1.59400777E+00
   174  6.96000000E+01  1.59431813E+00  9.99191016E-01  1.59431813E+00
   175  7.00000000E+01  1.59460873E+00  9.99189340E-01  1.59460873E+00
   176  7.04000000E+01  1.59490070E+00  9.99189494E-01  1.59490070E+00
   177  7.08000000E+01  1.59517149E+00  9.99191649E-01  1.59517149E+00
   178  7.12000000E+01  1.59544614E+00  9.99195985E-01  1.59544614E+00
   179  7.16000000E+01  1.59568993E+00  9.99202696E-01  1.59568993E+00
   180  7.20000000E+01  1.59594725E+00  9.99211986E-01  1.59594725E+00
   181  7.24000000E+01  1.59617772E+00  9.99224073E-01  1.59617772E+00
   182  7.28000000E+01  1.59641437E+00  9.99239188E-01  1.59641437E+00
   183  7.32000000E+01  1.59663147E+00  9.99257578E-01  1.59663147E+00
   184  7.36000000E+01  1.59684147E+00  9.99279502E-01  1.59684147E+00
   185  7.40000000E+01  1.59704721E+00  9.99305237E-01  1.59704721E+00
   186  7.44000000E+01  1.59723842E+00  9.99335076E-01  1.59723842E+00
   187  7.48000000E+01  1.59743259E+00  9.99369330E-01  1.59743259E+00
   188  7.52000000E+01  1.59760710E+00  9.99408326E-01  1.59760710E+00
   189  7.56000000E+01  1.59778505E+00  9.99452413E-01  1.59778505E+00
   190  7.60000000E+01  1.59795113E+00  9.99501959E-01  1.59795113E+00
   191  7.64000000E+01  1.59811170E+00  9.99557353E-01  1.59811170E+00
   192  7.68000000E+01  1.59826917E+00  9.99619006E-01  1.59826917E+00
   193  7.72000000E+01  1.59841136E+00  9.99687353E-01  1.59841136E+00
   194  7.76000000E+01  1.59855968E+00  9.99762854E-01  1.59855968E+00
   195  7.80000000E+01  1.59869522E+00  9.99845993E-01  1.59869522E+00
   196  7.84000000E+01  1.59882552E+00  9.99937281E-01  1.59882552E+00
   197  7.88000000E+01  1.59895439E+00  1.00003726E+00  1.59895439E+00
   198  7.92000000E+01  1.59907049E+00  1.00014650E+00  1.59907049E+00
   199  7.96000000E+01  1.59918907E+00  1.00026559E+00  1.59918907E+00
   200  8.00000000E+01  1.59929934E+00  1.00039518E+00  1.59929934E+00
   201  8.04000000E+01  1.59940177E+00  1.00053593E+00  1.59940177E+00
   202  8.08000000E+01  1.59950618E+00  1.00068854E+00  1.59950618E+00
   203  8.12000000E+01  1.59959850E+00  1.00085374E+00  1.59959850E+00
   204  8.16000000E+01  1.59969221E+00  1.00103232E+00  1.59969221E+00
   205  8.20000000E+01  1.59977881E+00  1.00122509E+00  1.59977881E+00
   206  8.24000000E+01  1.59985907E+00  1.00143291E+00  1.59985907E+00
   207  8.28000000E+01  1.59993980E+00  1.00165669E+00  1.59993980E+00
   208  8.32000000E+01  1.60000792E+00  1.00189737E+00  1.60000792E+00
   209  8.36000000E+01  1.60008289E+00  1.00215595E+00  1.60008289E+00
   210  8.40000000E+01  1.60014513E+00  1.00243348E+00  1.60014513E+00
   211  8.44000000E+01  1.60020874E+00  1.00273105E+00  1.60020874E+00
   212  8.48000000E+01  1.60026503E+00  1.00304981E+00  1.60026503E+00
   213  8.52000000E+01  1.60031865E+00  1.00339097E+00  1.60031865E+00
   214  8.56000000E+01  1.60036914E+00  1.00375579E+00  1.60036914E+00
   215  8.60000000E+01  1.60041326E+00  1.00414560E+00  1.60041326E+00
   216  8.64000000E+01  1.60045801E+00  1.00456177E+00  1.60045801E+00
   217  8.68000000E+01  1.60049372E+00  1.00500577E+00  1.60049372E+00
   218  8.72000000E+01  1.60053285E+00  1.00547911E+00  1.60053285E+00
   219  8.76000000E+01  1.60055967E+00  1.00598336E+00  1.60055967E+00
   220  8.80000000E+01  1.60059341E+00  1.00652019E+00  1.60059341E+00
   221  8.84000000E+01  1.60061529E+00  1.00709131E+00  1.60061529E+00
   222  8.88000000E+01  1.60064132E+00  1.00769853E+00  1.60064132E+00
   223  8.92000000E+01  1.60065834E+00  1.00834373E+00  1.60065834E+00
   224  8.96000000E+01  1.60067778E+00  1.00902885E+00  1.60067778E+00
   225  9.00000000E+01  1.60069047E+00  1.00975593E+00  1.60069047E+00
   226  9.04000000E+01  1.60070357E+00  1.01052707E+00  1.60070357E+00
   227  9.08000000E+01  1.60071198E+00  1.01134448E+00  1.60071198E+00
   228  9.12000000E+01  1.60071948E+00  1.01221043E+00  1.60071948E+00
   229  9.16000000E+01  1.60072418E+00  1.01312728E+00  1.60072418E+00
   230  9.20000000E+01  1.60072594E+00  1.01409746E+00  1.60072594E+00
   231  9.24000000E+01  1.60072699E+00  1.01512351E+00  1.60072699E+00
   232  9.28000000E+01  1.60072442E+00  1.01620801E+00  1.60072442E+00
   233  9.32000000E+01  1.60072239E+00  1.01735367E+00  1.60072239E+00
   234  9.36000000E+01  1.60071489E+00  1.01856325E+00  1.60071489E+00
   235  9.40000000E+01  1.60070984E+00  1.01983958E+00  1.60070984E+00
   236  9.44000000E+01  1.60069945E+00  1.02118559E+00  1.60069945E+00
   237  9.48000000E+01  1.60069169E+00  1.02260426E+00  1.60069169E+00
   238  9.52000000E+01  1.60067949E+00  1.02409865E+00  1.60067949E+00
   239  9.56000000E+01  1.60066655E+00  1.02567185E+00  1.60066655E+00
   240  9.60000000E+01  1.60065266E+00  1.02732705E+00  1.60065266E+00
   241  9.64000000E+01  1.60063654E+00  1.02906745E+00  1.60063654E+00
   242  9.68000000E+01  1.60062124E+00  1.03089631E+00  1.60062124E+00
   243  9.72000000E+01  1.60060399E+00  1.03281690E+00  1.60060399E+00
   244  9.76000000E+01  1.60058568E+00  1.03483253E+00  1.60058568E+00
   245  9.80000000E+01  1.60056659E+00  1.03694651E+00  1.60056659E+00
   246  9.84000000E+01  1.60054701E+00  1.03916213E+00  1.60054701E+00
   247  9.88000000E+01  1.60052732E+00  1.04148268E+00  1.60052732E+00
   248  9.92000000E+01  1.60050638E+00  1.04391141E+00  1.60050638E+00
   249  9.96000000E+01  1.60048418E+00  1.04645152E+00  1.60048418E+00
   250  1.00000000E+02  1.60046205E+00  1.04910615E+00  1.60046205E+00
   251  1.00400000E+02  1.60043768E+00  1.05187832E+00  1.60043768E+00
   252  1.00800000E+02  1.60041398E+00  1.05477100E+00  1.60041398E+00
   253  1.01200000E+02  1.60038844E+00  1.05778700E+00  1.60038844E+00
   254  1.01600000E+02  1.60036170E+00  1.06092898E+00  1.60036170E+00
   255  1.02000000E+02  1.60033481E+00  1.06419947E+00  1.60033481E+00
   256  1.02400000E+02  1.60030647E+00  1.06760078E+00  1.60030647E+00
   257  1.02800000E+02  1.60027835E+00  1.07113503E+00  1.60027835E+00
   258  1.03200000E+02  1.60024792E+00  1.07480410E+00  1.60024792E+00
   259  1.03600000E+02  1.60021851E+00  1.07860965E+00  1.60021851E+00
   260  1.04000000E+02  1.60018741E+00  1.08255304E+00  1.60018741E+00
   261  1.04400000E+02  1.60015677E+00  1.08663537E+00  1.60015677E+00
   262  1.04800000E+02  1.60012432E+00  1.09085743E+00  1.60012432E+00
   263  1.05200000E+02  1.60009595E+00  1.09521970E+00  1.60009595E+00
   264  1.05600000E+02  1.60010062E+00  1.09972234E+00  1.60010062E+00
   265  1.06000000E+02  1.60010547E+00  1.10436516E+00  1.60010547E+00
   266  1.06400000E+02  1.60011056E+00  1.10914762E+00  1.60011056E+00
   267  1.06800000E+02  1.60011601E+00  1.11406886E+00  1.60011601E+00
   268  1.07200000E+02  1.60012198E+00  1.11912764E+00  1.60012198E+00
   269  1.07600000E+02  1.60012858E+00  1.12432239E+00  1.60012858E+00
   270  1.08000000E+02  1.60013583E+00  1.12965119E+00  1.60013583E+00
   271  1.08400000E+02  1.60014364E+00  1.13511178E+00  1.60014364E+00
   272  1.08800000E+02  1.60015182E+00  1.14070157E+00  1.60015182E+00
   273  1.09200000E+02  1.60016012E+00  1.14641767E+00  1.60016012E+00
   274  1.09600000E+02  1.60016826E+00  1.15225687E+00  1.60016826E+00
   275  1.10000000E+02  1.60017601E+00  1.15821569E+00  1.60017601E+00
   276  1.10400000E+02  1.60018322E+00  1.16429041E+00  1.60018322E+00
   277  1.10800000E+02  1.60018984E+00  1.17047705E+00  1.60018984E+00
   278  1.11200000E+02  1.60019593E+00  1.17677143E+00  1.60019593E+00
   279  1.11600000E+02  1.60020164E+00  1.18316917E+00  1.60020164E+00
   280  1.12000000E+02  1.60020715E+00  1.18966574E+00  1.60020715E+00
   281  1.12400000E+02  1.60021259E+00  1.19625646E+00  1.60021259E+00
   282  1.12800000E+02  1.60021806E+00  1.20293655E+00  1.60021806E+00
   283  1.13200000E+02  1.60022356E+00  1.20970113E+00  1.60022356E+00
   284  1.13600000E+02  1.60022902E+00  1.21654527E+00  1.60022902E+00
   285  1.14000000E+02  1.60023431E+00  1.22346396E+00  1.60023431E+00
   286  1.14400000E+02  1.60023931E+00  1.23045219E+00  1.60023931E+00
   287  1.14800000E+02  1.60024393E+00  1.23750492E+00  1.60024393E+00
   288  1.15200000E+02  1.60024845E+00  1.24461709E+00  1.60024845E+00
   289  1.15600000E+02  1.60025292E+00  1.25178368E+00  1.60025292E+00
   290  1.16000000E+02  1.60025699E+00  1.25899964E+00  1.60025699E+00
   291  1.16400000E+02  1.60026070E+00  1.26625995E+00  1.60026070E+00
   292  1.16800000E+02  1.60026417E+00  1.27355958E+00  1.60026417E+00
   293  1.17200000E+02  1.60026751E+00  1.28089349E+00  1.60026751E+00
   294  1.17600000E+02  1.60027086E+00  1.28825665E+00  1.60027086E+00
   295  1.18000000E+02  1.60027433E+00  1.29564398E+00  1.60027433E+00
   296  1.18400000E+02  1.60027798E+00  1.30305037E+00  1.60027798E+00
   297  1.18800000E+02  1.60028185E+00  1.31047065E+00  1.60028185E+00
   298  1.19200000E+02  1.60028593E+00  1.31789957E+00  1.60028593E+00
   299  1.19600000E+02  1.60029019E+00  1.32533180E+00  1.60029019E+00
   300  1.20000000E+02  1.60029460E+00  1.33276190E+00  1.60029460E+00
   301  1.20400000E+02  1.60029912E+00  1.34018432E+00  1.60029912E+00
   302  1.20800000E+02  1.60030369E+00  1.34759339E+00  1.60030369E+00
   303  1.21200000E+02  1.60030826E+00  1.35498330E+00  1.60030826E+00
   304  1.21600000E+02  1.60031274E+00  1.36234813E+00  1.60031274E+00
   305  1.22000000E+02  1.60031706E+00  1.36968186E+00  1.60031706E+00
   306  1.22400000E+02  1.60032109E+00  1.37697833E+00  1.60032109E+00
   307  1.22800000E+02  1.60032475E+00  1.38423133E+00  1.60032475E+00
   308  1.23200000E+02  1.60032794E+00  1.39143459E+00  1.60032794E+00
   309  1.23600000E+02  1.60033059E+00  1.39858181E+00  1.60033059E+00
   310  1.24000000E+02  1.60033268E+00  1.40566669E+00  1.60033268E+00
   311  1.24400000E+02  1.60033421E+00  1.41268297E+00  1.60033421E+00
   312  1.24800000E+02  1.60033520E+00  1.41962449E+00  1.60033520E+00
   313  1.25200000E+02  1.60033570E+00  1.42648519E+00  1.60033570E+00
   314  1.25600000E+02  1.60033576E+00  1.43325915E+00  1.60033576E+00
   315  1.26000000E+02  1.60033582E+00  1.43994068E+00  1.60033582E+00
   316  1.26400000E+02  1.60033569E+00  1.44652424E+00  1.60033569E+00
   317  1.26800000E+02  1.60033516E+00  1.45300460E+00  1.60033516E+00
   318  1.27200000E+02  1.60033426E+00  1.45937673E+00  1.60033426E+00
   319  1.27600000E+02  1.60033299E+00  1.46563592E+00  1.60033299E+00
   320  1.28000000E+02  1.60033136E+00  1.47177771E+00  1.60033136E+00
   321  1.28400000E+02  1.60032938E+00  1.47779793E+00  1.60032938E+00
   322  1.28800000E+02  1.60032707E+00  1.48369270E+00  1.60032707E+00
   323  1.29200000E+02  1.60032448E+00  1.48945839E+00  1.60032448E+00
   324  1.29600000E+02  1.60032165E+00  1.49509162E+00  1.60032165E+00
   325  1.30000000E+02  1.60031864E+00  1.50058923E+00  1.60031864E+00
   326  1.30400000E+02  1.60031552E+00  1.50594826E+00  1.60031552E+00
   327  1.30800000E+02  1.60031235E+00  1.51116591E+00  1.60031235E+00
   328  1.31200000E+02  1.60030919E+00  1.51623950E+00  1.60030919E+00
   329  1.31600000E+02  1.60030609E+00  1.52116646E+00  1.60030609E+00
   330  1.32000000E+02  1.60030308E+00  1.52594423E+00  1.60030308E+00
   331  1.32400000E+02  1.60030016E+00  1.53057031E+00  1.60030016E+00
   332  1.32800000E+02  1.60029737E+00  1.53504216E+00  1.60029737E+00
   333  1.33200000E+02  1.60029470E+00  1.53935718E+00  1.60029470E+00
   334  1.33600000E+02  1.60029217E+00  1.54351274E+00  1.60029217E+00
   335  1.34000000E+02  1.60028978E+00  1.54750609E+00  1.60028978E+00
   336  1.34400000E+02  1.60028754E+00  1.55133445E+00  1.60028754E+00
   337  1.34800000E+02  1.60028546E+00  1.55499496E+00  1.60028546E+00
   338  1.35200000E+02  1.60028353E+00  1.55848478E+00  1.60028353E+00
   339  1.35600000E+02  1.60028178E+00  1.56180110E+00  1.60028178E+00
   340  1.36000000E+02  1.60028018E+00  1.56494127E+00  1.60028018E+00
   341  1.36400000E+02  1.60027874E+00  1.56790291E+00  1.60027874E+00
   342  1.36800000E+02  1.60027743E+00  1.57068402E+00  1.60027743E+00
   343  1.37200000E+02  1.60027624E+00  1.57328319E+00  1.60027624E+00
   344  1.37600000E+02  1.60027515E+00  1.57569977E+00  1.60027515E+00
   345  1.38000000E+02  1.60027414E+00  1.57793404E+00  1.60027414E+00
   346  1.38400000E+02  1.60027319E+00  1.57998749E+00  1.60027319E+00
   347  1.38800000E+02  1.60027230E+00  1.58186296E+00  1.60027230E+00
   348  1.39200000E+02  1.60027144E+00  1.58356485E+00  1.60027144E+00
   349  1.39600000E+02  1.60027060E+00  1.58509922E+00  1.60027060E+00
   350  1.40000000E+02  1.60026978E+00  1.58647392E+00  1.60026978E+00
   351  1.40400000E+02  1.60026897E+00  1.58769853E+00  1.60026897E+00
   352  1.40800000E+02  1.60026815E+00  1.58878430E+00  1.60026815E+00
   353  1.41200000E+02  1.60026731E+00  1.58974389E+00  1.60026731E+00
   354  1.41600000E+02  1.60026646E+00  1.59059110E+00  1.60026646E+00
   355  1.42000000E+02  1.60026558E+00  1.59134043E+00  1.60026558E+00
   356  1.42400000E+02  1.60026466E+00  1.59200653E+00  1.60026466E+00
   357  1.42800000E+02  1.60026372E+00  1.59260369E+00  1.60026372E+00
   358  1.43200000E+02  1.60026274E+00  1.59314518E+00  1.60026274E+00
   359  1.43600000E+02  1.60026174E+00  1.59364274E+00  1.60026174E+00
   360  1.44000000E+02  1.60026070E+00  1.59410608E+00  1.60026070E+00
   361  1.44400000E+02  1.60025965E+00  1.59454251E+00  1.60025965E+00
   362  1.44800000E+02  1.60025857E+00  1.59495677E+00  1.60025857E+00
   363  1.45200000E+02  1.60025749E+00  1.59535107E+00  1.60025749E+00
   364  1.45600000E+02  1.60025639E+00  1.59572529E+00  1.60025639E+00
   365  1.46000000E+02  1.60025530E+00  1.59607739E+00  1.60025530E+00
   366  1.46400000E+02  1.60025420E+00  1.59640406E+00  1.60025420E+00
   367  1.46800000E+02  1.60025312E+00  1.59670134E+00  1.60025312E+00
   368  1.47200000E+02  1.60025205E+00  1.59696541E+00  1.60025205E+00
   369  1.47600000E+02  1.60025101E+00  1.59719320E+00  1.60025101E+00
   370  1.48000000E+02  1.60024999E+00  1.59738301E+00  1.60024999E+00
   371  1.48400000E+02  1.60024900E+00  1.59753485E+00  1.60024900E+00
   372  1.48800000E+02  1.60024805E+00  1.59765060E+00  1.60024805E+00
   373  1.49200000E+02  1.60024714E+00  1.59773389E+00  1.60024714E+00
   374  1.49600000E+02  1.60024627E+00  1.59778982E+00  1.60024627E+00
   375  1.50000000E+02  1.60024545E+00  1.59782442E+00  1.60024545E+00
   376  1.50400000E+02  1.60024467E+00  1.59784407E+00  1.60024467E+00
   377  1.50800000E+02  1.60024394E+00  1.59785487E+00  1.60024394E+00
   378  1.51200000E+02  1.60024326E+00  1.59786205E+00  1.60024326E+00
   379  1.51600000E+02  1.60024262E+00  1.59786952E+00  1.60024262E+00
   380  1.52000000E+02  1.60024203E+00  1.59787963E+00  1.60024203E+00
   381  1.52400000E+02  1.60024149E+00  1.59789315E+00  1.60024149E+00
   382  1.52800000E+02  1.60024099E+00  1.59790939E+00  1.60024099E+00
   383  1.53200000E+02  1.60024053E+00  1.59792654E+00  1.60024053E+00
   384  1.53600000E+02  1.60024011E+00  1.59794217E+00  1.60024011E+00
   385  1.54000000E+02  1.60023973E+00  1.59795364E+00  1.60023973E+00
   386  1.54400000E+02  1.60023938E+00  1.59795862E+00  1.60023938E+00
   387  1.54800000E+02  1.60023905E+00  1.59795542E+00  1.60023905E+00
   388  1.55200000E+02  1.60023876E+00  1.59794320E+00  1.60023876E+00
   389  1.55600000E+02  1.60023849E+00  1.59792209E+00  1.60023849E+00
   390  1.56000000E+02  1.60023823E+00  1.59789307E+00  1.60023823E+00
   391  1.56400000E+02  1.60023800E+00  1.59785776E+00  1.60023800E+00
   392  1.56800000E+02  1.60023778E+00  1.59781818E+00  1.60023778E+00
   393  1.57200000E+02  1.60023758E+00  1.59777639E+00  1.60023758E+00
   394  1.57600000E+02  1.60023738E+00  1.59773430E+00  1.60023738E+00
   395  1.58000000E+02  1.60023720E+00  1.59769337E+00  1.60023720E+00
   396  1.58400000E+02  1.60023702E+00  1.59765456E+00  1.60023702E+00
   397  1.58800000E+02  1.60023685E+00  1.59761831E+00  1.60023685E+00
   398  1.59200000E+02  1.60023668E+00  1.59758456E+00  1.60023668E+00
   399  1.59600000E+02  1.60023651E+00  1.59755294E+00  1.60023651E+00
   400  1.60000000E+02  1.60023635E+00  1.59752292E+00  1.60023635E+00
   401  1.60400000E+02  1.60023619E+00  1.59749398E+00  1.60023619E+00
   402  1.60800000E+02  1.60023603E+00  1.59746572E+00  1.60023603E+00
   403  1.61200000E+02  1.60023587E+00  1.59743800E+00  1.60023587E+00
   404  1.61600000E+02  1.60023572E+00  1.59741094E+00  1.60023572E+00
   405  1.62000000E+02  1.60023556E+00  1.59738491E+00  1.60023556E+00
   406  1.62400000E+02  1.60023541E+00  1.59736045E+00  1.60023541E+00
   407  1.62800000E+02  1.60023527E+00  1.59733819E+00  1.60023527E+00
   408  1.63200000E+02  1.60023513E+00  1.59731874E+00  1.60023513E+00
   409  1.63600000E+02  1.60023499E+00  1.59730259E+00  1.60023499E+00
   410  1.64000000E+02  1.60023485E+00  1.59729004E+00  1.60023485E+00
   411  1.64400000E+02  1.60023472E+00  1.59728118E+00  1.60023472E+00
   412  1.64800000E+02  1.60023460E+00  1.59727588E+00  1.60023460E+00
   413  1.65200000E+02  1.60023448E+00  1.59727380E+00  1.60023448E+00
   414  1.65600000E+02  1.60023437E+00  1.59727447E+00  1.60023437E+00
   415  1.66000000E+02  1.60023427E+00  1.59727734E+00  1.60023427E+00
   416  1.66400000E+02  1.60023417E+00  1.59728187E+00  1.60023417E+00
   417  1.66800000E+02  1.60023408E+00  1.59728755E+00  1.60023408E+00
   418  1.67200000E+02  1.60023400E+00  1.59729396E+00  1.60023400E+00
   419  1.67600000E+02  1.60023393E+00  1.59730080E+00  1.60023393E+00
   420  1.68000000E+02  1.60023386E+00  1.59730788E+00  1.60023386E+00
   421  1.68400000E+02  1.60023380E+00  1.59731509E+00  1.60023380E+00
   422  1.68800000E+02  1.60023375E+00  1.59732241E+00  1.60023375E+00
   423  1.69200000E+02  1.60023370E+00  1.59732983E+00  1.60023370E+00
   424  1.69600000E+02  1.60023366E+00  1.59733738E+00  1.60023366E+00
   425  1.70000000E+02  1.60023363E+00  1.59734506E+00  1.60023363E+00
   426  1.70400000E+02  1.60023360E+00  1.59735284E+00  1.60023360E+00
   427  1.70800000E+02  1.60023357E+00  1.59736068E+00  1.60023357E+00
   428  1.71200000E+02  1.60023356E+00  1.59736850E+00  1.60023356E+00
   429  1.71600000E+02  1.60023354E+00  1.59737624E+00  1.60023354E+00
   430  1.72000000E+02  1.60023353E+00  1.59738382E+00  1.60023353E+00
   431  1.72400000E+02  1.60023352E+00  1.59739119E+00  1.60023352E+00
   432  1.72800000E+02  1.60023352E+00  1.59739832E+00  1.60023352E+00
   433  1.73200000E+02  1.60023351E+00  1.59740520E+00  1.60023351E+00
   434  1.73600000E+02  1.60023351E+00  1.59741184E+00  1.60023351E+00
   435  1.74000000E+02  1.60023351E+00  1.59741826E+00  1.60023351E+00
   436  1.74400000E+02  1.60023351E+00  1.59742447E+00  1.60023351E+00
   437  1.74800000E+02  1.60023351E+00  1.59743048E+00  1.60023351E+00
   438  1.75200000E+02  1.60023352E+00  1.59743628E+00  1.60023352E+00
   439  1.75600000E+02  1.60023352E+00  1.59744185E+00  1.60023352E+00
   440  1.76000000E+02  1.60023352E+00  1.59744717E+00  1.60023352E+00
   441  1.76400000E+02  1.60023352E+00  1.59745221E+00  1.60023352E+00
   442  1.76800000E+02  1.60023352E+00  1.59745696E+00  1.60023352E+00
   443  1.77200000E+02  1.60023352E+00  1.59746141E+00  1.60023352E+00
   444  1.77600000E+02  1.60023352E+00  1.59746559E+00  1.60023352E+00
   445  1.78000000E+02  1.60023352E+00  1.59746954E+00  1.60023352E+00
   446  1.78400000E+02  1.60023352E+00  1.59747330E+00  1.60023352E+00
   447  1.78800000E+02  1.60023352E+00  1.59747695E+00  1.60023352E+00
   448  1.79200000E+02  1.60023352E+00  1.59748054E+00  1.60023352E+00
   449  1.79600000E+02  1.60023352E+00  1.59748413E+00  1.60023352E+00
   450  1.80000000E+02  1.60023352E+00  1.59748776E+00  1.60023352E+00
   451  1.80400000E+02  1.60023351E+00  1.59749145E+00  1.60023351E+00
   452  1.80800000E+02  1.60023351E+00  1.59749522E+00  1.60023351E+00
   453  1.81200000E+02  1.60023351E+00  1.59749905E+00  1.60023351E+00
   454  1.81600000E+02  1.60023351E+00  1.59750293E+00  1.60023351E+00
   455  1.82000000E+02  1.60023350E+00  1.59750683E+00  1.60023350E+00
   456  1.82400000E+02  1.60023350E+00  1.59751073E+00  1.60023350E+00
   457  1.82800000E+02  1.60023350E+00  1.59751461E+00  1.60023350E+00
   458  1.83200000E+02  1.60023350E+00  1.59751843E+00  1.60023350E+00
   459  1.83600000E+02  1.60023350E+00  1.59752216E+00  1.60023350E+00
   460  1.84000000E+02  1.60023350E+00  1.59752578E+00  1.60023350E+00
   461  1.84400000E+02  1.60023350E+00  1.59752923E+00  1.60023350E+00
   462  1.84800000E+02  1.60023350E+00  1.59753246E+00  1.60023350E+00
   463  1.85200000E+02  1.60023350E+00  1.59753540E+00  1.60023350E+00
   464  1.85600000E+02  1.60023350E+00  1.59753800E+00  1.60023350E+00
   465  1.86000000E+02  1.60023350E+00  1.59754018E+00  1.60023350E+00
   466  1.86400000E+02  1.60023350E+00  1.59754187E+00  1.60023350E+00
   467  1.86800000E+02  1.60023351E+00  1.59754302E+00  1.60023351E+00
   468  1.87200000E+02  1.60023351E+00  1.59754360E+00  1.60023351E+00
   469  1.87600000E+02  1.60023351E+00  1.59754359E+00  1.60023351E+00
   470  1.88000000E+02  1.60023352E+00  1.59754300E+00  1.60023352E+00
   471  1.88400000E+02  1.60023352E+00  1.59754186E+00  1.60023352E+00
   472  1.88800000E+02  1.60023352E+00  1.59754021E+00  1.60023352E+00
   473  1.89200000E+02  1.60023353E+00  1.59753812E+00  1.60023353E+00
   474  1.89600000E+02  1.60023353E+00  1.59753567E+00  1.60023353E+00
   475  1.90000000E+02  1.60023354E+00  1.59753292E+00  1.60023354E+00
   476  1.90400000E+02  1.60023354E+00  1.59752995E+00  1.60023354E+00
   477  1.90800000E+02  1.60023354E+00  1.59752683E+00  1.60023354E+00
   478  1.91200000E+02  1.60023355E+00  1.59752361E+00  1.60023355E+00
   479  1.91600000E+02  1.60023355E+00  1.59752035E+00  1.60023355E+00
   480  1.92000000E+02  1.60023355E+00  1.59751708E+00  1.60023355E+00
   481  1.92400000E+02  1.60023356E+00  1.59751383E+00  1.60023356E+00
   482  1.92800000E+02  1.60023356E+00  1.59751063E+00  1.60023356E+00
   483  1.93200000E+02  1.60023356E+00  1.59750751E+00  1.60023356E+00
   484  1.93600000E+02  1.60023357E+00  1.59750448E+00  1.60023357E+00
   485  1.94000000E+02  1.60023357E+00  1.59750157E+00  1.60023357E+00
   486  1.94400000E+02  1.60023357E+00  1.59749880E+00  1.60023357E+00
   487  1.94800000E+02  1.60023357E+00  1.59749617E+00  1.60023357E+00
   488  1.95200000E+02  1.60023357E+00  1.59749371E+00  1.60023357E+00
   489  1.95600000E+02  1.60023358E+00  1.59749143E+00  1.60023358E+00
   490  1.96000000E+02  1.60023358E+00  1.59748933E+00  1.60023358E+00
   491  1.96400000E+02  1.60023358E+00  1.59748742E+00  1.60023358E+00
   492  1.96800000E+02  1.60023358E+00  1.59748570E+00  1.60023358E+00
   493  1.97200000E+02  1.60023358E+00  1.59748415E+00  1.60023358E+00
   494  1.97600000E+02  1.60023358E+00  1.59748277E+00  1.60023358E+00
   495  1.98000000E+02  1.60023358E+00  1.59748153E+00  1.60023358E+00
   496  1.98400000E+02  1.60023358E+00  1.59748043E+00  1.60023358E+00
   497  1.98800000E+02  1.60023358E+00  1.59747943E+00  1.60023358E+00
   498  1.99200000E+02  1.60023358E+00  1.59747852E+00  1.60023358E+00
   499  1.99600000E+02  1.60023358E+00  1.59747767E+00  1.60023358E+00
   500  2.00000000E+02  1.60023358E+00  1.59747688E+00  1.60023358E+00
   501  2.00400000E+02  1.60023358E+00  1.59747611E+00  1.60023358E+00
   502  2.00800000E+02  1.60023358E+00  1.59747536E+00  1.60023358E+00
   503  2.01200000E+02  1.60023358E+00  1.59747461E+00  1.60023358E+00
   504  2.01600000E+02  1.60023358E+00  1.59747386E+00  1.60023358E+00
   505  2.02000000E+02  1.60023358E+00  1.59747310E+00  1.60023358E+00
   506  2.02400000E+02  1.60023358E+00  1.59747232E+00  1.60023358E+00
   507  2.02800000E+02  1.60023358E+00  1.59747151E+00  1.60023358E+00
   508  2.03200000E+02  1.60023358E+00  1.59747067E+00  1.60023358E+00
   509  2.03600000E+02  1.60023358E+00  1.59746980E+00  1.60023358E+00
   510  2.04000000E+02  1.60023359E+00  1.59746890E+00  1.60023359E+00
   511  2.04400000E+02  1.60023359E+00  1.59746795E+00  1.60023359E+00
   512  2.04800000E+02  1.60023359E+00  1.59746697E+00  1.60023359E+00
   513  2.05200000E+02  1.60023359E+00  1.59746596E+00  1.60023359E+00
   514  2.05600000E+02  1.60023359E+00  1.59746491E+00  1.60023359E+00
   515  2.06000000E+02  1.60023359E+00  1.59746384E+00  1.60023359E+00
   516  2.06400000E+02  1.60023359E+00  1.59746276E+00  1.60023359E+00
   517  2.06800000E+02  1.60023359E+00  1.59746166E+00  1.60023359E+00
   518  2.07200000E+02  1.60023359E+00  1.59746056E+00  1.60023359E+00
   519  2.07600000E+02  1.60023359E+00  1.59745947E+00  1.60023359E+00
   520  2.08000000E+02  1.60023359E+00  1.59745838E+00  1.60023359E+00
   521  2.08400000E+02  1.60023359E+00  1.59745731E+00  1.60023359E+00
   522  2.08800000E+02  1.60023359E+00  1.59745627E+00  1.60023359E+00
   523  2.09200000E+02  1.60023359E+00  1.59745526E+00  1.60023359E+00
   524  2.09600000E+02  1.60023359E+00  1.59745428E+00  1.60023359E+00
   525  2.10000000E+02  1.60023359E+00  1.59745333E+00  1.60023359E+00
   526  2.10400000E+02  1.60023359E+00  1.59745243E+00  1.60023359E+00
   527  2.10800000E+02  1.60023359E+00  1.59745158E+00  1.60023359E+00
   528  2.11200000E+02  1.60023359E+00  1.59745077E+00  1.60023359E+00
   529  2.11600000E+02  1.60023359E+00  1.59745001E+00  1.60023359E+00
   530  2.12000000E+02  1.60023359E+00  1.59744930E+00  1.60023359E+00
   531  2.12400000E+02  1.60023359E+00  1.59744864E+00  1.60023359E+00
   532  2.12800000E+02  1.60023359E+00  1.59744803E+00  1.60023359E+00
   533  2.13200000E+02  1.60023359E+00  1.59744747E+00  1.60023359E+00
   534  2.13600000E+02  1.60023359E+00  1.59744695E+00  1.60023359E+00
   535  2.14000000E+02  1.60023359E+00  1.59744648E+00  1.60023359E+00
   536  2.14400000E+02  1.60023359E+00  1.59744605E+00  1.60023359E+00
   537  2.14800000E+02  1.60023359E+00  1.59744567E+00  1.60023359E+00
   538  2.15200000E+02  1.60023359E+00  1.59744531E+00  1.60023359E+00
   539  2.15600000E+02  1.60023359E+00  1.59744499E+00  1.60023359E+00
   540  2.16000000E+02  1.60023359E+00  1.59744470E+00  1.60023359E+00
   541  2.16400000E+02  1.60023359E+00  1.59744444E+00  1.60023359E+00
   542  2.16800000E+02  1.60023359E+00  1.59744419E+00  1.60023359E+00
   543  2.17200000E+02  1.60023359E+00  1.59744397E+00  1.60023359E+00
   544  2.17600000E+02  1.60023359E+00  1.59744377E+00  1.60023359E+00
   545  2.18000000E+02  1.60023359E+00  1.59744358E+00  1.60023359E+00
   546  2.18400000E+02  1.60023359E+00  1.59744340E+00  1.60023359E+00
   547  2.18800000E+02  1.60023359E+00  1.59744322E+00  1.60023359E+00
   548  2.19200000E+02  1.60023359E+00  1.59744306E+00  1.60023359E+00
   549  2.19600000E+02  1.60023359E+00  1.59744290E+00  1.60023359E+00
   550  2.20000000E+02  1.60023359E+00  1.59744275E+00  1.60023359E+00
   551  2.20400000E+02  1.60023360E+00  1.59744259E+00  1.60023360E+00
   552  2.20800000E+02  1.60023360E+00  1.59744244E+00  1.60023360E+00
   553  2.21200000E+02  1.60023360E+00  1.59744229E+00  1.60023360E+00
   554  2.21600000E+02  1.60023360E+00  1.59744214E+00  1.60023360E+00
   555  2.22000000E+02  1.60023360E+00  1.59744200E+00  1.60023360E+00
   556  2.22400000E+02  1.60023360E+00  1.59744185E+00  1.60023360E+00
   557  2.22800000E+02  1.60023360E+00  1.59744170E+00  1.60023360E+00
   558  2.23200000E+02  1.60023360E+00  1.59744156E+00  1.60023360E+00
   559  2.23600000E+02  1.60023360E+00  1.59744141E+00  1.60023360E+00
   560  2.24000000E+02  1.60023360E+00  1.59744127E+00  1.60023360E+00
   561  2.24400000E+02  1.60023360E+00  1.59744114E+00  1.60023360E+00
   562  2.24800000E+02  1.60023360E+00  1.59744100E+00  1.60023360E+00
   563  2.25200000E+02  1.60023360E+00  1.59744087E+00  1.60023360E+00
   564  2.25600000E+02  1.60023360E+00  1.59744075E+00  1.60023360E+00
   565  2.26000000E+02  1.60023360E+00  1.59744063E+00  1.60023360E+00
   566  2.26400000E+02  1.60023360E+00  1.59744051E+00  1.60023360E+00
   567  2.26800000E+02  1.60023360E+00  1.59744041E+00  1.60023360E+00
   568  2.27200000E+02  1.60023360E+00  1.59744031E+00  1.60023360E+00
   569  2.27600000E+02  1.60023360E+00  1.59744022E+00  1.60023360E+00
   570  2.28000000E+02  1.60023360E+00  1.59744013E+00  1.60023360E+00
   571  2.28400000E+02  1.60023360E+00  1.59744005E+00  1.60023360E+00
   572  2.28800000E+02  1.60023360E+00  1.59743998E+00  1.60023360E+00
   573  2.29200000E+02  1.60023360E+00  1.59743992E+00  1.60023360E+00
   574  2.29600000E+02  1.60023360E+00  1.59743986E+00  1.60023360E+00
   575  2.30000000E+02  1.60023360E+00  1.59743982E+00  1.60023360E+00
   576  2.30400000E+02  1.60023360E+00  1.59743977E+00  1.60023360E+00
   577  2.30800000E+02  1.60023360E+00  1.59743974E+00  1.60023360E+00
   578  2.31200000E+02  1.60023360E+00  1.59743971E+00  1.60023360E+00
   579  2.31600000E+02  1.60023360E+00  1.59743969E+00  1.60023360E+00
   580  2.32000000E+02  1.60023360E+00  1.59743967E+00  1.60023360E+00
   581  2.32400000E+02  1.60023360E+00  1.59743965E+00  1.60023360E+00
   582  2.32800000E+02  1.60023360E+00  1.59743964E+00  1.60023360E+00
   583  2.33200000E+02  1.60023360E+00  1.59743964E+00  1.60023360E+00
   584  2.33600000E+02  1.60023360E+00  1.59743963E+00  1.60023360E+00
   585  2.34000000E+02  1.60023360E+00  1.59743963E+00  1.60023360E+00
   586  2.34400000E+02  1.60023360E+00  1.59743963E+00  1.60023360E+00
   587  2.34800000E+02  1.60023360E+00  1.59743963E+00  1.60023360E+00
   588  2.35200000E+02  1.60023360E+00  1.59743964E+00  1.60023360E+00
   589  2.35600000E+02  1.60023360E+00  1.59743964E+00  1.60023360E+00
   590  2.36000000E+02  1.60023360E+00  1.59743965E+00  1.60023360E+00
   591  2.36400000E+02  1.60023360E+00  1.59743965E+00  1.60023360E+00
   592  2.36800000E+02  1.60023360E+00  1.59743965E+00  1.60023360E+00
   593  2.37200000E+02  1.60023360E+00  1.59743966E+00  1.60023360E+00
   594  2.37600000E+02  1.60023360E+00  1.59743966E+00  1.60023360E+00
   595  2.38000000E+02  1.60023360E+00  1.59743966E+00  1.60023360E+00
   596  2.38400000E+02  1.60023360E+00  1.59743967E+00  1.60023360E+00
   597  2.38800000E+02  1.60023360E+00  1.59743967E+00  1.60023360E+00
   598  2.39200000E+02  1.60023360E+00  1.59743967E+00  1.60023360E+00
   599  2.39600000E+02  1.60023360E+00  1.59743967E+00  1.60023360E+00
   600  2.40000000E+02  1.60023360E+00  1.59743967E+00  1.60023360E+00
   601  2.40400000E+02  1.60023360E+00  1.59743967E+00  1.60023360E+00
   602  2.40800000E+02  1.60023360E+00  1.59743966E+00  1.60023360E+00
   603  2.41200000E+02  1.60023360E+00  1.59743966E+00  1.60023360E+00
   604  2.41600000E+02  1.60023360E+00  1.59743966E+00  1.60023360E+00
   605  2.42000000E+02  1.60023360E+00  1.59743966E+00  1.60023360E+00
   606  2.42400000E+02  1.60023360E+00  1.59743965E+00  1.60023360E+00
   607  2.42800000E+02  1.60023360E+00  1.59743965E+00  1.60023360E+00
   608  2.43200000E+02  1.60023360E+00  1.59743965E+00  1.60023360E+00
   609  2.43600000E+02  1.60023360E+00  1.59743965E+00  1.60023360E+00
   610  2.44000000E+02  1.60023360E+00  1.59743964E+00  1.60023360E+00
   611  2.44400000E+02  1.60023360E+00  1.59743964E+00  1.60023360E+00
   612  2.44800000E+02  1.60023360E+00  1.59743964E+00  1.60023360E+00
   613  2.45200000E+02  1.60023360E+00  1.59743964E+00  1.60023360E+00
   614  2.45600000E+02  1.60023360E+00  1.59743964E+00  1.60023360E+00
   615  2.46000000E+02  1.60023360E+00  1.59743964E+00  1.60023360E+00
   616  2.46400000E+02  1.60023360E+00  1.59743964E+00  1.60023360E+00
   617  2.46800000E+02  1.60023360E+00  1.59743964E+00  1.60023360E+00
   618  2.47200000E+02  1.60023360E+00  1.59743964E+00  1.60023360E+00
   619  2.47600000E+02  1.60023360E+00  1.59743965E+00  1.60023360E+00
   620  2.48000000E+02  1.60023360E+00  1.59743965E+00  1.60023360E+00
   621  2.48400000E+02  1.60023360E+00  1.59743965E+00  1.60023360E+00
   622  2.48800000E+02  1.60023360E+00  1.59743966E+00  1.60023360E+00
   623  2.49200000E+02  1.60023360E+00  1.59743966E+00  1.60023360E+00
   624  2.49600000E+02  1.60023360E+00  1.59743966E+00  1.60023360E+00
   625  2.50000000E+02  1.60023360E+00  1.59743967E+00  1.60023360E+00
   626  2.50400000E+02  1.60023360E+00  1.59743967E+00  1.60023360E+00
   627  2.50800000E+02  1.60023360E+00  1.59743968E+00  1.60023360E+00
   628  2.51200000E+02  1.60023360E+00  1.59743968E+00  1.60023360E+00
   629  2.51600000E+02  1.60023360E+00  1.59743969E+00  1.60023360E+00
   630  2.52000000E+02  1.60023360E+00  1.59743969E+00  1.60023360E+00
   631  2.52400000E+02  1.60023360E+00  1.59743969E+00  1.60023360E+00
   632  2.52800000E+02  1.60023360E+00  1.59743970E+00  1.60023360E+00
   633  2.53200000E+02  1.60023360E+00  1.59743970E+00  1.60023360E+00
   634  2.53600000E+02  1.60023360E+00  1.59743970E+00  1.60023360E+00
   635  2.54000000E+02  1.60023360E+00  1.59743971E+00  1.60023360E+00
   636  2.54400000E+02  1.60023360E+00  1.59743971E+00  1.60023360E+00
   637  2.54800000E+02  1.60023360E+00  1.59743971E+00  1.60023360E+00
   638  2.55200000E+02  1.60023360E+00  1.59743972E+00  1.60023360E+00
   639  2.55600000E+02  1.60023360E+00  1.59743972E+00  1.60023360E+00
   640  2.56000000E+02  1.60023360E+00  1.59743972E+00  1.60023360E+00
   641  2.56400000E+02  1.60023360E+00  1.59743972E+00  1.60023360E+00
   642  2.56800000E+02  1.60023360E+00  1.59743972E+00  1.60023360E+00
   643  2.57200000E+02  1.60023360E+00  1.59743972E+00  1.60023360E+00
   644  2.57600000E+02  1.60023360E+00  1.59743972E+00  1.60023360E+00
   645  2.58000000E+02  1.60023360E+00  1.59743972E+00  1.60023360E+00
   646  2.58400000E+02  1.60023360E+00  1.59743973E+00  1.60023360E+00
   647  2.58800000E+02  1.60023360E+00  1.59743973E+00  1.60023360E+00
   648  2.59200000E+02  1.60023360E+00  1.59743973E+00  1.60023360E+00
   649  2.59600000E+02  1.60023360E+00  1.59743973E+00  1.60023360E+00
   650  2.60000000E+02  1.60023360E+00  1.59743973E+00  1.60023360E+00
   651  2.60400000E+02  1.60023360E+00  1.59743973E+00  1.60023360E+00
   652  2.60800000E+02  1.60023360E+00  1.59743973E+00  1.60023360E+00
   653  2.61200000E+02  1.60023360E+00  1.59743973E+00  1.60023360E+00
   654  2.61600000E+02  1.60023360E+00  1.59743973E+00  1.60023360E+00
   655  2.62000000E+02  1.60023360E+00  1.59743973E+00  1.60023360E+00
   656  2.62400000E+02  1.60023360E+00  1.59743973E+00  1.60023360E+00
   657  2.62800000E+02  1.60023360E+00  1.59743973E+00  1.60023360E+00
   658  2.63200000E+02  1.60023360E+00  1.59743973E+00  1.60023360E+00
   659  2.63600000E+02  1.60023360E+00  1.59743973E+00  1.60023360E+00
   660  2.64000000E+02  1.60023360E+00  1.59743973E+00  1.60023360E+00
   661  2.64400000E+02  1.60023361E+00  1.59743973E+00  1.60023361E+00
   662  2.64800000E+02  1.60023361E+00  1.59743973E+00  1.60023361E+00
   663  2.65200000E+02  1.60023361E+00  1.59743973E+00  1.60023361E+00
   664  2.65600000E+02  1.60023361E+00  1.59743973E+00  1.60023361E+00
   665  2.66000000E+02  1.60023361E+00  1.59743973E+00  1.60023361E+00
   666  2.66400000E+02  1.60023361E+00  1.59743973E+00  1.60023361E+00
   667  2.66800000E+02  1.60023361E+00  1.59743973E+00  1.60023361E+00
   668  2.67200000E+02  1.60023361E+00  1.59743973E+00  1.60023361E+00
   669  2.67600000E+02  1.60023361E+00  1.59743973E+00  1.60023361E+00
   670  2.68000000E+02  1.60023361E+00  1.59743973E+00  1.60023361E+00
   671  2.68400000E+02  1.60023361E+00  1.59743973E+00  1.60023361E+00
   672  2.68800000E+02  1.60023361E+00  1.59743973E+00  1.60023361E+00
   673  2.69200000E+02  1.60023361E+00  1.59743973E+00  1.60023361E+00
   674  2.69600000E+02  1.60023361E+00  1.59743973E+00  1.60023361E+00
   675  2.70000000E+02  1.60023361E+00  1.59743973E+00  1.60023361E+00
   676  2.70400000E+02  1.60023361E+00  1.59743974E+00  1.60023361E+00
   677  2.70800000E+02  1.60023361E+00  1.59743974E+00  1.60023361E+00
   678  2.71200000E+02  1.60023361E+00  1.59743974E+00  1.60023361E+00
   679  2.71600000E+02  1.60023361E+00  1.59743974E+00  1.60023361E+00
   680  2.72000000E+02  1.60023361E+00  1.59743974E+00  1.60023361E+00
   681  2.72400000E+02  1.60023361E+00  1.59743974E+00  1.60023361E+00
   682  2.72800000E+02  1.60023361E+00  1.59743974E+00  1.60023361E+00
   683  2.73200000E+02  1.60023361E+00  1.59743974E+00  1.60023361E+00
   684  2.73600000E+02  1.60023361E+00  1.59743974E+00  1.60023361E+00
   685  2.74000000E+02  1.60023361E+00  1.59743974E+00  1.60023361E+00
   686  2.74400000E+02  1.60023361E+00  1.59743974E+00  1.60023361E+00
   687  2.74800000E+02  1.60023361E+00  1.59743974E+00  1.60023361E+00
   688  2.75200000E+02  1.60023361E+00  1.59743974E+00  1.60023361E+00
   689  2.75600000E+02  1.60023361E+00  1.59743974E+00  1.60023361E+00
   690  2.76000000E+02  1.60023361E+00  1.59743974E+00  1.60023361E+00
   691  2.76400000E+02  1.60023361E+00  1.59743974E+00  1.60023361E+00
   692  2.76800000E+02  1.60023361E+00  1.59743974E+00  1.60023361E+00
   693  2.77200000E+02  1.60023361E+00  1.59743974E+00  1.60023361E+00
   694  2.77600000E+02  1.60023361E+00  1.59743974E+00  1.60023361E+00
   695  2.78000000E+02  1.60023361E+00  1.59743974E+00  1.60023361E+00
   696  2.78400000E+02  1.60023361E+00  1.59743974E+00  1.60023361E+00
   697  2.78800000E+02  1.60023361E+00  1.59743974E+00  1.60023361E+00
   698  2.79200000E+02  1.60023361E+00  1.59743974E+00  1.60023361E+00
   699  2.79600000E+02  1.60023361E+00  1.59743974E+00  1.60023361E+00
   700  2.80000000E+02  1.60023361E+00  1.59743974E+00  1.60023361E+00
   701  2.80400000E+02  1.60023361E+00  1.59743974E+00  1.60023361E+00
   702  2.80800000E+02  1.60023361E+00  1.59743974E+00  1.60023361E+00
   703  2.81200000E+02  1.60023361E+00  1.59743974E+00  1.60023361E+00
   704  2.81600000E+02  1.60023361E+00  1.59743974E+00  1.60023361E+00
   705  2.82000000E+02  1.60023361E+00  1.59743974E+00  1.60023361E+00
   706  2.82400000E+02  1.60023361E+00  1.59743974E+00  1.60023361E+00
   707  2.82800000E+02  1.60023361E+00  1.59743974E+00  1.60023361E+00
   708  2.83200000E+02  1.60023361E+00  1.59743974E+00  1.60023361E+00
   709  2.83600000E+02  1.60023361E+00  1.59743974E+00  1.60023361E+00
   710  2.84000000E+02  1.60023361E+00  1.59743974E+00  1.60023361E+00
   711  2.84400000E+02  1.60023361E+00  1.59743974E+00  1.60023361E+00
   712  2.84800000E+02  1.60023361E+00  1.59743974E+00  1.60023361E+00
   713  2.85200000E+02  1.60023361E+00  1.59743974E+00  1.60023361E+00
   714  2.85600000E+02  1.60023361E+00  1.59743974E+00  1.60023361E+00
   715  2.86000000E+02  1.60023361E+00  1.59743974E+00  1.60023361E+00
   716  2.86400000E+02  1.60023361E+00  1.59743974E+00  1.60023361E+00
   717  2.86800000E+02  1.60023361E+00  1.59743974E+00  1.60023361E+00
   718  2.87200000E+02  1.60023361E+00  1.59743974E+00  1.60023361E+00
   719  2.87600000E+02  1.60023361E+00  1.59743974E+00  1.60023361E+00
   720  2.88000000E+02  1.60023361E+00  1.59743974E+00  1.60023361E+00
   721  2.88400000E+02  1.60023361E+00  1.59743974E+00  1.60023361E+00
   722  2.88800000E+02  1.60023361E+00  1.59743974E+00  1.60023361E+00
   723  2.89200000E+02  1.60023361E+00  1.59743974E+00  1.60023361E+00
   724  2.89600000E+02  1.60023361E+00  1.59743974E+00  1.60023361E+00
   725  2.90000000E+02  1.60023361E+00  1.59743974E+00  1.60023361E+00
   726  2.90400000E+02  1.60023361E+00  1.59743974E+00  1.60023361E+00
   727  2.90800000E+02  1.60023361E+00  1.59743974E+00  1.60023361E+00
   728  2.91200000E+02  1.60023361E+00  1.59743974E+00  1.60023361E+00
   729  2.91600000E+02  1.60023361E+00  1.59743974E+00  1.60023361E+00
   730  2.92000000E+02  1.60023361E+00  1.59743974E+00  1.60023361E+00
   731  2.92400000E+02  1.60023361E+00  1.59743974E+00  1.60023361E+00
   732  2.92800000E+02  1.60023361E+00  1.59743974E+00  1.60023361E+00
   733  2.93200000E+02  1.60023361E+00  1.59743974E+00  1.60023361E+00
   734  2.93600000E+02  1.60023361E+00  1.59743974E+00  1.60023361E+00
   735  2.94000000E+02  1.60023361E+00  1.59743974E+00  1.60023361E+00
   736  2.94400000E+02  1.60023361E+00  1.59743974E+00  1.60023361E+00
   737  2.94800000E+02  1.60023361E+00  1.59743974E+00  1.60023361E+00
   738  2.95200000E+02  1.60023361E+00  1.59743974E+00  1.60023361E+00
   739  2.95600000E+02  1.60023361E+00  1.59743974E+00  1.60023361E+00
   740  2.96000000E+02  1.60023361E+00  1.59743974E+00  1.60023361E+00
   741  2.96400000E+02  1.60023361E+00  1.59743974E+00  1.60023361E+00
   742  2.96800000E+02  1.60023361E+00  1.59743974E+00  1.60023361E+00
   743  2.97200000E+02  1.60023361E+00  1.59743974E+00  1.60023361E+00
   744  2.97600000E+02  1.60023361E+00  1.59743974E+00  1.60023361E+00
   745  2.98000000E+02  1.60023361E+00  1.59743974E+00  1.60023361E+00
   746  2.98400000E+02  1.60023361E+00  1.59743974E+00  1.60023361E+00
   747  2.98800000E+02  1.60023361E+00  1.59743974E+00  1.60023361E+00
   748  2.99200000E+02  1.60023361E+00  1.59743974E+00  1.60023361E+00
   749  2.99600000E+02  1.60023361E+00  1.59743974E+00  1.60023361E+00
   750  3.00000000E+02  1.60023361E+00  1.59743974E+00  1.60023361E+00
   751  3.00400000E+02  1.60023361E+00  1.59743974E+00  1.60023361E+00
   752  3.00800000E+02  1.60023361E+00  1.59743974E+00  1.60023361E+00
   753  3.01200000E+02  1.60023361E+00  1.59743975E+00  1.60023361E+00
   754  3.01600000E+02  1.60023361E+00  1.59743975E+00  1.60023361E+00
   755  3.02000000E+02  1.60023361E+00  1.59743975E+00  1.60023361E+00
   756  3.02400000E+02  1.60023361E+00  1.59743975E+00  1.60023361E+00
   757  3.02800000E+02  1.60023361E+00  1.59743975E+00  1.60023361E+00
   758  3.03200000E+02  1.60023361E+00  1.59743975E+00  1.60023361E+00
   759  3.03600000E+02  1.60023361E+00  1.59743975E+00  1.60023361E+00
   760  3.04000000E+02  1.60023361E+00  1.59743975E+00  1.60023361E+00
   761  3.04400000E+02  1.60023361E+00  1.59743975E+00  1.60023361E+00
   762  3.04800000E+02  1.60023361E+00  1.59743975E+00  1.60023361E+00
   763  3.05200000E+02  1.60023361E+00  1.59743975E+00  1.60023361E+00
   764  3.05600000E+02  1.60023361E+00  1.59743975E+00  1.60023361E+00
   765  3.06000000E+02  1.60023361E+00  1.59743975E+00  1.60023361E+00
   766  3.06400000E+02  1.60023361E+00  1.59743975E+00  1.60023361E+00
   767  3.06800000E+02  1.60023361E+00  1.59743975E+00  1.60023361E+00
   768  3.07200000E+02  1.60023361E+00  1.59743975E+00  1.60023361E+00
   769  3.07600000E+02  1.60023361E+00  1.59743975E+00  1.60023361E+00
   770  3.08000000E+02  1.60023361E+00  1.59743975E+00  1.60023361E+00
   771  3.08400000E+02  1.60023361E+00  1.59743975E+00  1.60023361E+00
   772  3.08800000E+02  1.60023361E+00  1.59743975E+00  1.60023361E+00
   773  3.09200000E+02  1.60023361E+00  1.59743975E+00  1.60023361E+00
   774  3.09600000E+02  1.60023361E+00  1.59743975E+00  1.60023361E+00
   775  3.10000000E+02  1.60023361E+00  1.59743975E+00  1.60023361E+00
   776  3.10400000E+02  1.60023361E+00  1.59743975E+00  1.60023361E+00
   777  3.10800000E+02  1.60023361E+00  1.59743975E+00  1.60023361E+00
   778  3.11200000E+02  1.60023361E+00  1.59743975E+00  1.60023361E+00
   779  3.11600000E+02  1.60023361E+00  1.59743975E+00  1.60023361E+00
   780  3.12000000E+02  1.60023361E+00  1.59743975E+00  1.60023361E+00
   781  3.12400000E+02  1.60023361E+00  1.59743975E+00  1.60023361E+00
   782  3.12800000E+02  1.60023361E+00  1.59743975E+00  1.60023361E+00
   783  3.13200000E+02  1.60023361E+00  1.59743975E+00  1.60023361E+00
   784  3.13600000E+02  1.60023361E+00  1.59743975E+00  1.60023361E+00
   785  3.14000000E+02  1.60023361E+00  1.59743975E+00  1.60023361E+00
   786  3.14400000E+02  1.60023361E+00  1.59743975E+00  1.60023361E+00
   787  3.14800000E+02  1.60023361E+00  1.59743975E+00  1.60023361E+00
   788  3.15200000E+02  1.60023361E+00  1.59743975E+00  1.60023361E+00
   789  3.15600000E+02  1.60023361E+00  1.59743975E+00  1.60023361E+00
   790  3.16000000E+02  1.60023361E+00  1.59743975E+00  1.60023361E+00
   791  3.16400000E+02  1.60023361E+00  1.59743975E+00  1.60023361E+00
   792  3.16800000E+02  1.60023361E+00  1.59743975E+00  1.60023361E+00
   793  3.17200000E+02  1.60023361E+00  1.59743975E+00  1.60023361E+00
   794  3.17600000E+02  1.60023361E+00  1.59743975E+00  1.60023361E+00
   795  3.18000000E+02  1.60023361E+00  1.59743975E+00  1.60023361E+00
   796  3.18400000E+02  1.60023361E+00  1.59743975E+00  1.60023361E+00
   797  3.18800000E+02  1.60023361E+00  1.59743975E+00  1.60023361E+00
   798  3.19200000E+02  1.60023361E+00  1.59743975E+00  1.60023361E+00
   799  3.19600000E+02  1.60023361E+00  1.59743975E+00  1.60023361E+00
   800  3.20000000E+02  1.60023361E+00  1.59743975E+00  1.60023361E+00
   801  3.20400000E+02  1.60023361E+00  1.59743975E+00  1.60023361E+00
   802  3.20800000E+02  1.60023361E+00  1.59743975E+00  1.60023361E+00
   803  3.21200000E+02  1.60023361E+00  1.59743975E+00  1.60023361E+00
   804  3.21600000E+02  1.60023361E+00  1.59743975E+00  1.60023361E+00
   805  3.22000000E+02  1.60023361E+00  1.59743975E+00  1.60023361E+00
   806  3.22400000E+02  1.60023361E+00  1.59743975E+00  1.60023361E+00
   807  3.22800000E+02  1.60023361E+00  1.59743975E+00  1.60023361E+00
   808  3.23200000E+02  1.60023361E+00  1.59743975E+00  1.60023361E+00
   809  3.23600000E+02  1.60023361E+00  1.59743975E+00  1.60023361E+00
   810  3.24000000E+02  1.60023361E+00  1.59743975E+00  1.60023361E+00
   811  3.24400000E+02  1.60023361E+00  1.59743975E+00  1.60023361E+00
   812  3.24800000E+02  1.60023361E+00  1.59743975E+00  1.60023361E+00
   813  3.25200000E+02  1.60023361E+00  1.59743975E+00  1.60023361E+00
   814  3.25600000E+02  1.60023361E+00  1.59743975E+00  1.60023361E+00
   815  3.26000000E+02  1.60023361E+00  1.59743975E+00  1.60023361E+00
   816  3.26400000E+02  1.60023361E+00  1.59743975E+00  1.60023361E+00
   817  3.26800000E+02  1.60023361E+00  1.59743975E+00  1.60023361E+00
   818  3.27200000E+02  1.60023361E+00  1.59743975E+00  1.60023361E+00
   819  3.27600000E+02  1.60023361E+00  1.59743975E+00  1.60023361E+00
   820  3.28000000E+02  1.60023361E+00  1.59743975E+00  1.60023361E+00
   821  3.28400000E+02  1.60023361E+00  1.59743975E+00  1.60023361E+00
   822  3.28800000E+02  1.60023361E+00  1.59743975E+00  1.60023361E+00
   823  3.29200000E+02  1.60023361E+00  1.59743975E+00  1.60023361E+00
   824  3.29600000E+02  1.60023361E+00  1.59743975E+00  1.60023361E+00
   825  3.30000000E+02  1.60023361E+00  1.59743975E+00  1.60023361E+00
   826  3.30400000E+02  1.60023361E+00  1.59743975E+00  1.60023361E+00
   827  3.30800000E+02  1.60023361E+00  1.59743975E+00  1.60023361E+00
   828  3.31200000E+02  1.60023361E+00  1.59743975E+00  1.60023361E+00
   829  3.31600000E+02  1.60023361E+00  1.59743975E+00  1.60023361E+00
   830  3.32000000E+02  1.60023361E+00  1.59743975E+00  1.60023361E+00
   831  3.32400000E+02  1.60023361E+00  1.59743975E+00  1.60023361E+00
   832  3.32800000E+02  1.60023361E+00  1.59743975E+00  1.60023361E+00
   833  3.33200000E+02  1.60023361E+00  1.59743975E+00  1.60023361E+00
   834  3.33600000E+02  1.60023361E+00  1.59743975E+00  1.60023361E+00
   835  3.34000000E+02  1.60023361E+00  1.59743975E+00  1.60023361E+00
   836  3.34400000E+02  1.60023361E+00  1.59743975E+00  1.60023361E+00
   837  3.34800000E+02  1.60023361E+00  1.59743975E+00  1.60023361E+00
   838  3.35200000E+02  1.60023361E+00  1.59743975E+00  1.60023361E+00
   839  3.35600000E+02  1.60023361E+00  1.59743975E+00  1.60023361E+00
   840  3.36000000E+02  1.60023361E+00  1.59743975E+00  1.60023361E+00
   841  3.36400000E+02  1.60023361E+00  1.59743975E+00  1.60023361E+00
   842  3.36800000E+02  1.60023361E+00  1.59743975E+00  1.60023361E+00
   843  3.37200000E+02  1.60023361E+00  1.59743975E+00  1.60023361E+00
   844  3.37600000E+02  1.60023361E+00  1.59743975E+00  1.60023361E+00
   845  3.38000000E+02  1.60023361E+00  1.59743975E+00  1.60023361E+00
   846  3.38400000E+02  1.60023361E+00  1.59743975E+00  1.60023361E+00
   847  3.38800000E+02  1.60023361E+00  1.59743975E+00  1.60023361E+00
   848  3.39200000E+02  1.60023361E+00  1.59743975E+00  1.60023361E+00
   849  3.39600000E+02  1.60023361E+00  1.59743975E+00  1.60023361E+00
   850  3.40000000E+02  1.60023361E+00  1.59743975E+00  1.60023361E+00
   851  3.40400000E+02  1.60023361E+00  1.59743975E+00  1.60023361E+00
   852  3.40800000E+02  1.60023361E+00  1.59743975E+00  1.60023361E+00
   853  3.41200000E+02  1.60023361E+00  1.59743975E+00  1.60023361E+00
   854  3.41600000E+02  1.60023361E+00  1.59743975E+00  1.60023361E+00
   855  3.42000000E+02  1.60023361E+00  1.59743975E+00  1.60023361E+00
   856  3.42400000E+02  1.60023361E+00  1.59743975E+00  1.60023361E+00
   857  3.42800000E+02  1.60023361E+00  1.59743975E+00  1.60023361E+00
   858  3.43200000E+02  1.60023361E+00  1.59743975E+00  1.60023361E+00
   859  3.43600000E+02  1.60023361E+00  1.59743975E+00  1.60023361E+00
   860  3.44000000E+02  1.60023361E+00  1.59743975E+00  1.60023361E+00
   861  3.44400000E+02  1.60023361E+00  1.59743975E+00  1.60023361E+00
   862  3.44800000E+02  1.60023361E+00  1.59743975E+00  1.60023361E+00
   863  3.45200000E+02  1.60023361E+00  1.59743975E+00  1.60023361E+00
   864  3.45600000E+02  1.60023361E+00  1.59743975E+00  1.60023361E+00
   865  3.46000000E+02  1.60023361E+00  1.59743975E+00  1.60023361E+00
   866  3.46400000E+02  1.60023361E+00  1.59743975E+00  1.60023361E+00
   867  3.46800000E+02  1.60023361E+00  1.59743975E+00  1.60023361E+00
   868  3.47200000E+02  1.60023361E+00  1.59743975E+00  1.60023361E+00
   869  3.47600000E+02  1.60023361E+00  1.59743975E+00  1.60023361E+00
   870  3.48000000E+02  1.60023361E+00  1.59743975E+00  1.60023361E+00
   871  3.48400000E+02  1.60023361E+00  1.59743975E+00  1.60023361E+00
   872  3.48800000E+02  1.60023361E+00  1.59743975E+00  1.60023361E+00
   873  3.49200000E+02  1.60023361E+00  1.59743975E+00  1.60023361E+00
   874  3.49600000E+02  1.60023361E+00  1.59743975E+00  1.60023361E+00
   875  3.50000000E+02  1.60023361E+00  1.59743975E+00  1.60023361E+00
   876  3.50400000E+02  1.60023361E+00  1.59743975E+00  1.60023361E+00
   877  3.50800000E+02  1.60023361E+00  1.59743975E+00  1.60023361E+00
   878  3.51200000E+02  1.60023361E+00  1.59743975E+00  1.60023361E+00
   879  3.51600000E+02  1.60023361E+00  1.59743975E+00  1.60023361E+00
   880  3.52000000E+02  1.60023361E+00  1.59743975E+00  1.60023361E+00
   881  3.52400000E+02  1.60023361E+00  1.59743975E+00  1.60023361E+00
   882  3.52800000E+02  1.60023361E+00  1.59743975E+00  1.60023361E+00
   883  3.53200000E+02  1.60023361E+00  1.59743975E+00  1.60023361E+00
   884  3.53600000E+02  1.60023361E+00  1.59743975E+00  1.60023361E+00
   885  3.54000000E+02  1.60023361E+00  1.59743975E+00  1.60023361E+00
   886  3.54400000E+02  1.60023361E+00  1.59743975E+00  1.60023361E+00
   887  3.54800000E+02  1.60023361E+00  1.59743975E+00  1.60023361E+00
   888  3.55200000E+02  1.60023361E+00  1.59743975E+00  1.60023361E+00
   889  3.55600000E+02  1.60023361E+00  1.59743975E+00  1.60023361E+00
   890  3.56000000E+02  1.60023361E+00  1.59743975E+00  1.60023361E+00
   891  3.56400000E+02  1.60023361E+00  1.59743975E+00  1.60023361E+00
   892  3.56800000E+02  1.60023361E+00  1.59743975E+00  1.60023361E+00
   893  3.57200000E+02  1.60023361E+00  1.59743975E+00  1.60023361E+00
   894  3.57600000E+02  1.60023361E+00  1.59743975E+00  1.60023361E+00
   895  3.58000000E+02  1.60023361E+00  1.59743975E+00  1.60023361E+00
   896  3.58400000E+02  1.60023361E+00  1.59743975E+00  1.60023361E+00
   897  3.58800000E+02  1.60023361E+00  1.59743975E+00  1.60023361E+00
   898  3.59200000E+02  1.60023361E+00  1.59743975E+00  1.60023361E+00
   899  3.59600000E+02  1.60023361E+00  1.59743975E+00  1.60023361E+00
   900  3.60000000E+02  1.60023361E+00  1.59743975E+00  1.60023361E+00
   901  3.60400000E+02  1.60023361E+00  1.59743975E+00  1.60023361E+00
   902  3.60800000E+02  1.60023361E+00  1.59743975E+00  1.60023361E+00
   903  3.61200000E+02  1.60023361E+00  1.59743975E+00  1.60023361E+00
   904  3.61600000E+02  1.60023361E+00  1.59743975E+00  1.60023361E+00
   905  3.62000000E+02  1.60023361E+00  1.59743975E+00  1.60023361E+00
   906  3.62400000E+02  1.60023361E+00  1.59743975E+00  1.60023361E+00
   907  3.62800000E+02  1.60023361E+00  1.59743975E+00  1.60023361E+00
   908  3.63200000E+02  1.60023361E+00  1.59743975E+00  1.60023361E+00
   909  3.63600000E+02  1.60023361E+00  1.59743975E+00  1.60023361E+00
   910  3.64000000E+02  1.60023361E+00  1.59743975E+00  1.60023361E+00
   911  3.64400000E+02  1.60023361E+00  1.59743975E+00  1.60023361E+00
   912  3.64800000E+02  1.60023361E+00  1.59743975E+00  1.60023361E+00
   913  3.65200000E+02  1.60023361E+00  1.59743975E+00  1.60023361E+00
   914  3.65600000E+02  1.60023361E+00  1.59743975E+00  1.60023361E+00
   915  3.66000000E+02  1.60023361E+00  1.59743975E+00  1.60023361E+00
   916  3.66400000E+02  1.60023361E+00  1.59743975E+00  1.60023361E+00
   917  3.66800000E+02  1.60023361E+00  1.59743975E+00  1.60023361E+00
   918  3.67200000E+02  1.60023361E+00  1.59743975E+00  1.60023361E+00
   919  3.67600000E+02  1.60023361E+00  1.59743975E+00  1.60023361E+00
   920  3.68000000E+02  1.60023361E+00  1.59743975E+00  1.60023361E+00
   921  3.68400000E+02  1.60023361E+00  1.59743975E+00  1.60023361E+00
   922  3.68800000E+02  1.60023361E+00  1.59743975E+00  1.60023361E+00
   923  3.69200000E+02  1.60023361E+00  1.59743975E+00  1.60023361E+00
   924  3.69600000E+02  1.60023361E+00  1.59743975E+00  1.60023361E+00
   925  3.70000000E+02  1.60023361E+00  1.59743975E+00  1.60023361E+00
   926  3.70400000E+02  1.60023361E+00  1.59743975E+00  1.60023361E+00
   927  3.70800000E+02  1.60023361E+00  1.59743975E+00  1.60023361E+00
   928  3.71200000E+02  1.60023361E+00  1.59743975E+00  1.60023361E+00
   929  3.71600000E+02  1.60023361E+00  1.59743975E+00  1.60023361E+00
   930  3.72000000E+02  1.60023361E+00  1.59743975E+00  1.60023361E+00
   931  3.72400000E+02  1.60023361E+00  1.59743975E+00  1.60023361E+00
   932  3.72800000E+02  1.60023361E+00  1.59743975E+00  1.60023361E+00
   933  3.73200000E+02  1.60023361E+00  1.59743975E+00  1.60023361E+00
   934  3.73600000E+02  1.60023361E+00  1.59743975E+00  1.60023361E+00
   935  3.74000000E+02  1.60023361E+00  1.59743975E+00  1.60023361E+00
   936  3.74400000E+02  1.60023361E+00  1.59743975E+00  1.60023361E+00
   937  3.74800000E+02  1.60023361E+00  1.59743975E+00  1.60023361E+00
   938  3.75200000E+02  1.60023361E+00  1.59743975E+00  1.60023361E+00
   939  3.75600000E+02  1.60023361E+00  1.59743975E+00  1.60023361E+00
   940  3.76000000E+02  1.60023361E+00  1.59743975E+00  1.60023361E+00
   941  3.76400000E+02  1.60023361E+00  1.59743975E+00  1.60023361E+00
   942  3.76800000E+02  1.60023361E+00  1.59743975E+00  1.60023361E+00
   943  3.77200000E+02  1.60023361E+00  1.59743975E+00  1.60023361E+00
   944  3.77600000E+02  1.60023361E+00  1.59743975E+00  1.60023361E+00
   945  3.78000000E+02  1.60023361E+00  1.59743975E+00  1.60023361E+00
   946  3.78400000E+02  1.60023361E+00  1.59743975E+00  1.60023361E+00
   947  3.78800000E+02  1.60023361E+00  1.59743975E+00  1.60023361E+00
   948  3.79200000E+02  1.60023361E+00  1.59743975E+00  1.60023361E+00
   949  3.79600000E+02  1.60023361E+00  1.59743975E+00  1.60023361E+00
   950  3.80000000E+02  1.60023361E+00  1.59743975E+00  1.60023361E+00
   951  3.80400000E+02  1.60023361E+00  1.59743975E+00  1.60023361E+00
   952  3.80800000E+02  1.60023361E+00  1.59743975E+00  1.60023361E+00
   953  3.81200000E+02  1.60023361E+00  1.59743975E+00  1.60023361E+00
   954  3.81600000E+02  1.60023361E+00  1.59743975E+00  1.60023361E+00
   955  3.82000000E+02  1.60023361E+00  1.59743975E+00  1.60023361E+00
   956  3.82400000E+02  1.60023361E+00  1.59743975E+00  1.60023361E+00
   957  3.82800000E+02  1.60023361E+00  1.59743975E+00  1.60023361E+00
   958  3.83200000E+02  1.60023361E+00  1.59743975E+00  1.60023361E+00
   959  3.83600000E+02  1.60023361E+00  1.59743975E+00  1.60023361E+00
   960  3.84000000E+02  1.60023361E+00  1.59743975E+00  1.60023361E+00
   961  3.84400000E+02  1.60023361E+00  1.59743975E+00  1.60023361E+00
   962  3.84800000E+02  1.60023361E+00  1.59743975E+00  1.60023361E+00
   963  3.85200000E+02  1.60023361E+00  1.59743975E+00  1.60023361E+00
   964  3.85600000E+02  1.60023361E+00  1.59743975E+00  1.60023361E+00
   965  3.86000000E+02  1.60023361E+00  1.59743975E+00  1.60023361E+00
   966  3.86400000E+02  1.60023361E+00  1.59743975E+00  1.60023361E+00
   967  3.86800000E+02  1.60023361E+00  1.59743975E+00  1.60023361E+00
   968  3.87200000E+02  1.60023361E+00  1.59743975E+00  1.60023361E+00
   969  3.87600000E+02  1.60023361E+00  1.59743975E+00  1.60023361E+00
   970  3.88000000E+02  1.60023361E+00  1.59743975E+00  1.60023361E+00
   971  3.88400000E+02  1.60023361E+00  1.59743975E+00  1.60023361E+00
   972  3.88800000E+02  1.60023361E+00  1.59743975E+00  1.60023361E+00
   973  3.89200000E+02  1.60023361E+00  1.59743975E+00  1.60023361E+00
   974  3.89600000E+02  1.60023361E+00  1.59743975E+00  1.60023361E+00
   975  3.90000000E+02  1.60023361E+00  1.59743975E+00  1.60023361E+00
   976  3.90400000E+02  1.60023361E+00  1.59743975E+00  1.60023361E+00
   977  3.90800000E+02  1.60023361E+00  1.59743975E+00  1.60023361E+00
   978  3.91200000E+02  1.60023361E+00  1.59743975E+00  1.60023361E+00
   979  3.91600000E+02  1.60023361E+00  1.59743975E+00  1.60023361E+00
   980  3.92000000E+02  1.60023361E+00  1.59743975E+00  1.60023361E+00
   981  3.92400000E+02  1.60023361E+00  1.59743975E+00  1.60023361E+00
   982  3.92800000E+02  1.60023361E+00  1.59743975E+00  1.60023361E+00
   983  3.93200000E+02  1.60023361E+00  1.59743975E+00  1.60023361E+00
   984  3.93600000E+02  1.60023361E+00  1.59743975E+00  1.60023361E+00
   985  3.94000000E+02  1.60023361E+00  1.59743975E+00  1.60023361E+00
   986  3.94400000E+02  1.60023361E+00  1.59743975E+00  1.60023361E+00
   987  3.94800000E+02  1.60023361E+00  1.59743975E+00  1.60023361E+00
   988  3.95200000E+02  1.60023361E+00  1.59743975E+00  1.60023361E+00
   989  3.95600000E+02  1.60023361E+00  1.59743975E+00  1.60023361E+00
   990  3.96000000E+02  1.60023361E+00  1.59743975E+00  1.60023361E+00
   991  3.96400000E+02  1.60023361E+00  1.59743975E+00  1.60023361E+00
   992  3.96800000E+02  1.60023361E+00  1.59743975E+00  1.60023361E+00
   993  3.97200000E+02  1.60023361E+00  1.59743975E+00  1.60023361E+00
   994  3.97600000E+02  1.60023361E+00  1.59743975E+00  1.60023361E+00
   995  3.98000000E+02  1.60023361E+00  1.59743975E+00  1.60023361E+00
   996  3.98400000E+02  1.60023361E+00  1.59743975E+00  1.60023361E+00
   997  3.98800000E+02  1.60023361E+00  1.59743975E+00  1.60023361E+00
   998  3.99200000E+02  1.60023361E+00  1.59743975E+00  1.60023361E+00
   999  3.99600000E+02  1.60023361E+00  1.59743975E+00  1.60023361E+00
  1000  4.00000000E+02  1.60023361E+00  1.59743975E+00  1.60023361E+00
