 comppar: model =   2
 comppar: lambda,mobility/eps,betav,eta_0 =  1.0000E-01  0.0000E+00  1.0000E-01  1.0000E+00
 comppar: eta_s,eta_p,G =  1.0000E-01  9.0000E-01  9.0000E+00
 comppar: U_avg,deltat,flowrate,nsteps =  1.0000E-01  2.0000E-01  3.1416E-01    2000
 comppar: geometry = axisymmetric
 comppar: steady stop change,gap,hold,min =  1.0000E-07  1.0000E-03       1      80
 comppar: steady stop truncated decimals =       3
 comppar: ncompc,ncompg =     4     5
 mesh nnodes = 5797
 mesh nelem = 2796
 P1 BC   5.0000000000000000     
 P2 BC   0.0000000000000000     
     1  2.00000000E-01  1.00252927E+00  1.00000000E+00  1.00252927E+00
     2  4.00000000E-01  1.00501128E+00  1.00000000E+00  1.00501128E+00
     3  6.00000000E-01  1.00743701E+00  1.00000000E+00  1.00743701E+00
     4  8.00000000E-01  1.00982986E+00  1.00000000E+00  1.00982986E+00
     5  1.00000000E+00  1.01218811E+00  1.00000000E+00  1.01218811E+00
     6  1.20000000E+00  1.01452218E+00  1.00000000E+00  1.01452218E+00
     7  1.40000000E+00  1.01681939E+00  1.00000000E+00  1.01681939E+00
     8  1.60000000E+00  1.01908801E+00  1.00000000E+00  1.01908801E+00
     9  1.80000000E+00  1.02132399E+00  1.00000000E+00  1.02132399E+00
    10  2.00000000E+00  1.02352898E+00  1.00000000E+00  1.02352898E+00
    11  2.20000000E+00  1.02570636E+00  1.00000000E+00  1.02570636E+00
    12  2.40000000E+00  1.02784829E+00  1.00000000E+00  1.02784829E+00
    13  2.60000000E+00  1.02996267E+00  1.00000000E+00  1.02996267E+00
    14  2.80000000E+00  1.03204865E+00  1.00000000E+00  1.03204865E+00
    15  3.00000000E+00  1.03409965E+00  1.00000000E+00  1.03409965E+00
    16  3.20000000E+00  1.03613154E+00  1.00000000E+00  1.03613154E+00
    17  3.40000000E+00  1.03810591E+00  1.00000000E+00  1.03810591E+00
    18  3.60000000E+00  1.04009326E+00  1.00000000E+00  1.04009326E+00
    19  3.80000000E+00  1.04202164E+00  1.00000000E+00  1.04202164E+00
    20  4.00000000E+00  1.04393610E+00  1.00000000E+00  1.04393610E+00
    21  4.20000000E+00  1.04582168E+00  9.99999999E-01  1.04582168E+00
    22  4.40000000E+00  1.04764421E+00  9.99999997E-01  1.04764421E+00
    23  4.60000000E+00  1.04949698E+00  9.99999994E-01  1.04949698E+00
    24  4.80000000E+00  1.05128950E+00  9.99999991E-01  1.05128950E+00
    25  5.00000000E+00  1.05304694E+00  9.99999988E-01  1.05304694E+00
    26  5.20000000E+00  1.05481085E+00  9.99999983E-01  1.05481085E+00
    27  5.40000000E+00  1.05650942E+00  9.99999978E-01  1.05650942E+00
    28  5.60000000E+00  1.05818367E+00  9.99999973E-01  1.05818367E+00
    29  5.80000000E+00  1.05986882E+00  9.99999966E-01  1.05986882E+00
    30  6.00000000E+00  1.06148670E+00  9.99999959E-01  1.06148670E+00
    31  6.20000000E+00  1.06308393E+00  9.99999950E-01  1.06308393E+00
    32  6.40000000E+00  1.06469026E+00  9.99999941E-01  1.06469026E+00
    33  6.60000000E+00  1.06622737E+00  9.99999930E-01  1.06622737E+00
    34  6.80000000E+00  1.06771821E+00  9.99999918E-01  1.06771821E+00
    35  7.00000000E+00  1.06926201E+00  9.99999905E-01  1.06926201E+00
    36  7.20000000E+00  1.07073558E+00  9.99999891E-01  1.07073558E+00
    37  7.40000000E+00  1.07213616E+00  9.99999875E-01  1.07213616E+00
    38  7.60000000E+00  1.07360332E+00  9.99999857E-01  1.07360332E+00
    39  7.80000000E+00  1.07501356E+00  9.99999838E-01  1.07501356E+00
    40  8.00000000E+00  1.07634986E+00  9.99999816E-01  1.07634986E+00
    41  8.20000000E+00  1.07767800E+00  9.99999793E-01  1.07767800E+00
    42  8.40000000E+00  1.07904562E+00  9.99999768E-01  1.07904562E+00
    43  8.60000000E+00  1.08033916E+00  9.99999740E-01  1.08033916E+00
    44  8.80000000E+00  1.08155640E+00  9.99999710E-01  1.08155640E+00
    45  9.00000000E+00  1.08284430E+00  9.99999677E-01  1.08284430E+00
    46  9.20000000E+00  1.08409516E+00  9.99999642E-01  1.08409516E+00
    47  9.40000000E+00  1.08526954E+00  9.99999603E-01  1.08526954E+00
    48  9.60000000E+00  1.08636562E+00  9.99999562E-01  1.08636562E+00
    49  9.80000000E+00  1.08758369E+00  9.99999517E-01  1.08758369E+00
    50  1.00000000E+01  1.08874039E+00  9.99999469E-01  1.08874039E+00
    51  1.02000000E+01  1.08981937E+00  9.99999418E-01  1.08981937E+00
    52  1.04000000E+01  1.09082582E+00  9.99999362E-01  1.09082582E+00
    53  1.06000000E+01  1.09196451E+00  9.99999302E-01  1.09196451E+00
    54  1.08000000E+01  1.09302586E+00  9.99999238E-01  1.09302586E+00
    55  1.10000000E+01  1.09400847E+00  9.99999169E-01  1.09400847E+00
    56  1.12000000E+01  1.09491131E+00  9.99999096E-01  1.09491131E+00
    57  1.14000000E+01  1.09594848E+00  9.99999017E-01  1.09594848E+00
    58  1.16000000E+01  1.09693707E+00  9.99998933E-01  1.09693707E+00
    59  1.18000000E+01  1.09784670E+00  9.99998844E-01  1.09784670E+00
    60  1.20000000E+01  1.09867683E+00  9.99998748E-01  1.09867683E+00
    61  1.22000000E+01  1.09960151E+00  9.99998646E-01  1.09960151E+00
    62  1.24000000E+01  1.10051668E+00  9.99998538E-01  1.10051668E+00
    63  1.26000000E+01  1.10135276E+00  9.99998422E-01  1.10135276E+00
    64  1.28000000E+01  1.10210968E+00  9.99998300E-01  1.10210968E+00
    65  1.30000000E+01  1.10291017E+00  9.99998169E-01  1.10291017E+00
    66  1.32000000E+01  1.10375490E+00  9.99998031E-01  1.10375490E+00
    67  1.34000000E+01  1.10452106E+00  9.99997884E-01  1.10452106E+00
    68  1.36000000E+01  1.10520928E+00  9.99997728E-01  1.10520928E+00
    69  1.38000000E+01  1.10592206E+00  9.99997563E-01  1.10592206E+00
    70  1.40000000E+01  1.10669578E+00  9.99997388E-01  1.10669578E+00
    71  1.42000000E+01  1.10739159E+00  9.99997203E-01  1.10739159E+00
    72  1.44000000E+01  1.10801074E+00  9.99997007E-01  1.10801074E+00
    73  1.46000000E+01  1.10863295E+00  9.99996800E-01  1.10863295E+00
    74  1.48000000E+01  1.10933791E+00  9.99996582E-01  1.10933791E+00
    75  1.50000000E+01  1.10996659E+00  9.99996351E-01  1.10996659E+00
    76  1.52000000E+01  1.11052103E+00  9.99996107E-01  1.11052103E+00
    77  1.54000000E+01  1.11108156E+00  9.99995850E-01  1.11108156E+00
    78  1.56000000E+01  1.11171735E+00  9.99995579E-01  1.11171735E+00
    79  1.58000000E+01  1.11227862E+00  9.99995293E-01  1.11227862E+00
    80  1.60000000E+01  1.11276817E+00  9.99994992E-01  1.11276817E+00
    81  1.62000000E+01  1.11326799E+00  9.99994675E-01  1.11326799E+00
    82  1.64000000E+01  1.11383867E+00  9.99994342E-01  1.11383867E+00
    83  1.66000000E+01  1.11433767E+00  9.99993991E-01  1.11433767E+00
    84  1.68000000E+01  1.11476847E+00  9.99993623E-01  1.11476847E+00
    85  1.70000000E+01  1.11522447E+00  9.99993236E-01  1.11522447E+00
    86  1.72000000E+01  1.11572988E+00  9.99992829E-01  1.11572988E+00
    87  1.74000000E+01  1.11616662E+00  9.99992402E-01  1.11616662E+00
    88  1.76000000E+01  1.11653888E+00  9.99991954E-01  1.11653888E+00
    89  1.78000000E+01  1.11696058E+00  9.99991485E-01  1.11696058E+00
    90  1.80000000E+01  1.11740652E+00  9.99990992E-01  1.11740652E+00
    91  1.82000000E+01  1.11778761E+00  9.99990476E-01  1.11778761E+00
    92  1.84000000E+01  1.11810850E+00  9.99989936E-01  1.11810850E+00
    93  1.86000000E+01  1.11849573E+00  9.99989370E-01  1.11849573E+00
    94  1.88000000E+01  1.11888236E+00  9.99988778E-01  1.11888236E+00
    95  1.90000000E+01  1.11920825E+00  9.99988159E-01  1.11920825E+00
    96  1.92000000E+01  1.11947854E+00  9.99987512E-01  1.11947854E+00
    97  1.94000000E+01  1.11984885E+00  9.99986835E-01  1.11984885E+00
    98  1.96000000E+01  1.12018312E+00  9.99986128E-01  1.12018312E+00
    99  1.98000000E+01  1.12046107E+00  9.99985391E-01  1.12046107E+00
   100  2.00000000E+01  1.12068868E+00  9.99984620E-01  1.12068868E+00
   101  2.02000000E+01  1.12102818E+00  9.99983817E-01  1.12102818E+00
   102  2.04000000E+01  1.12131079E+00  9.99982979E-01  1.12131079E+00
   103  2.06000000E+01  1.12154192E+00  9.99982106E-01  1.12154192E+00
   104  2.08000000E+01  1.12177263E+00  9.99981197E-01  1.12177263E+00
   105  2.10000000E+01  1.12206316E+00  9.99980250E-01  1.12206316E+00
   106  2.12000000E+01  1.12230137E+00  9.99979264E-01  1.12230137E+00
   107  2.14000000E+01  1.12249284E+00  9.99978239E-01  1.12249284E+00
   108  2.16000000E+01  1.12270615E+00  9.99977173E-01  1.12270615E+00
   109  2.18000000E+01  1.12294871E+00  9.99976064E-01  1.12294871E+00
   110  2.20000000E+01  1.12314396E+00  9.99974913E-01  1.12314396E+00
   111  2.22000000E+01  1.12329765E+00  9.99973717E-01  1.12329765E+00
   112  2.24000000E+01  1.12352234E+00  9.99972476E-01  1.12352234E+00
   113  2.26000000E+01  1.12372408E+00  9.99971189E-01  1.12372408E+00
   114  2.28000000E+01  1.12388327E+00  9.99969855E-01  1.12388327E+00
   115  2.30000000E+01  1.12400566E+00  9.99968472E-01  1.12400566E+00
   116  2.32000000E+01  1.12420960E+00  9.99967039E-01  1.12420960E+00
   117  2.34000000E+01  1.12437225E+00  9.99965556E-01  1.12437225E+00
   118  2.36000000E+01  1.12449756E+00  9.99964022E-01  1.12449756E+00
   119  2.38000000E+01  1.12464127E+00  9.99962435E-01  1.12464127E+00
   120  2.40000000E+01  1.12480982E+00  9.99960796E-01  1.12480982E+00
   121  2.42000000E+01  1.12493998E+00  9.99959102E-01  1.12493998E+00
   122  2.44000000E+01  1.12503746E+00  9.99957354E-01  1.12503746E+00
   123  2.46000000E+01  1.12516756E+00  9.99955550E-01  1.12516756E+00
   124  2.48000000E+01  1.12530089E+00  9.99953690E-01  1.12530089E+00
   125  2.50000000E+01  1.12540100E+00  9.99951774E-01  1.12540100E+00
   126  2.52000000E+01  1.12548833E+00  9.99949801E-01  1.12548833E+00
   127  2.54000000E+01  1.12562693E+00  9.99947771E-01  1.12562693E+00
   128  2.56000000E+01  1.12573124E+00  9.99945683E-01  1.12573124E+00
   129  2.58000000E+01  1.12580689E+00  9.99943538E-01  1.12580689E+00
   130  2.60000000E+01  1.12588529E+00  9.99941335E-01  1.12588529E+00
   131  2.62000000E+01  1.12599247E+00  9.99939075E-01  1.12599247E+00
   132  2.64000000E+01  1.12607046E+00  9.99936758E-01  1.12607046E+00
   133  2.66000000E+01  1.12612470E+00  9.99934385E-01  1.12612470E+00
   134  2.68000000E+01  1.12623229E+00  9.99931956E-01  1.12623229E+00
   135  2.70000000E+01  1.12631382E+00  9.99929472E-01  1.12631382E+00
   136  2.72000000E+01  1.12637055E+00  9.99926935E-01  1.12637055E+00
   137  2.74000000E+01  1.12641443E+00  9.99924346E-01  1.12641443E+00
   138  2.76000000E+01  1.12649853E+00  9.99921707E-01  1.12649853E+00
   139  2.78000000E+01  1.12655732E+00  9.99919019E-01  1.12655732E+00
   140  2.80000000E+01  1.12659604E+00  9.99916286E-01  1.12659604E+00
   141  2.82000000E+01  1.12667270E+00  9.99913508E-01  1.12667270E+00
   142  2.84000000E+01  1.12673438E+00  9.99910691E-01  1.12673438E+00
   143  2.86000000E+01  1.12677497E+00  9.99907836E-01  1.12677497E+00
   144  2.88000000E+01  1.12679933E+00  9.99904947E-01  1.12679933E+00
   145  2.90000000E+01  1.12686115E+00  9.99902029E-01  1.12686115E+00
   146  2.92000000E+01  1.12690353E+00  9.99899086E-01  1.12690353E+00
   147  2.94000000E+01  1.12692927E+00  9.99896124E-01  1.12692927E+00
   148  2.96000000E+01  1.12698611E+00  9.99893147E-01  1.12698611E+00
   149  2.98000000E+01  1.12703071E+00  9.99890163E-01  1.12703071E+00
   150  3.00000000E+01  1.12705771E+00  9.99887177E-01  1.12705771E+00
   151  3.02000000E+01  1.12707169E+00  9.99884197E-01  1.12707169E+00
   152  3.04000000E+01  1.12711444E+00  9.99881231E-01  1.12711444E+00
   153  3.06000000E+01  1.12714297E+00  9.99878288E-01  1.12714297E+00
   154  3.08000000E+01  1.12715810E+00  9.99875378E-01  1.12715810E+00
   155  3.10000000E+01  1.12720297E+00  9.99872510E-01  1.12720297E+00
   156  3.12000000E+01  1.12723310E+00  9.99869696E-01  1.12723310E+00
   157  3.14000000E+01  1.12724890E+00  9.99866948E-01  1.12724890E+00
   158  3.16000000E+01  1.12725461E+00  9.99864279E-01  1.12725461E+00
   159  3.18000000E+01  1.12728535E+00  9.99861703E-01  1.12728535E+00
   160  3.20000000E+01  1.12730243E+00  9.99859236E-01  1.12730243E+00
   161  3.22000000E+01  1.12731367E+00  9.99856892E-01  1.12731367E+00
   162  3.24000000E+01  1.12734743E+00  9.99854691E-01  1.12734743E+00
   163  3.26000000E+01  1.12736549E+00  9.99852650E-01  1.12736549E+00
   164  3.28000000E+01  1.12737227E+00  9.99850790E-01  1.12737227E+00
   165  3.30000000E+01  1.12737574E+00  9.99849131E-01  1.12737574E+00
   166  3.32000000E+01  1.12739521E+00  9.99847697E-01  1.12739521E+00
   167  3.34000000E+01  1.12740304E+00  9.99846512E-01  1.12740304E+00
   168  3.36000000E+01  1.12741761E+00  9.99845602E-01  1.12741761E+00
   169  3.38000000E+01  1.12743840E+00  9.99844995E-01  1.12743840E+00
   170  3.40000000E+01  1.12744663E+00  9.99844720E-01  1.12744663E+00
   171  3.42000000E+01  1.12744637E+00  9.99844810E-01  1.12744637E+00
   172  3.44000000E+01  1.12745124E+00  9.99845297E-01  1.12745124E+00
   173  3.46000000E+01  1.12746064E+00  9.99846217E-01  1.12746064E+00
   174  3.48000000E+01  1.12746122E+00  9.99847608E-01  1.12746122E+00
   175  3.50000000E+01  1.12748046E+00  9.99849510E-01  1.12748046E+00
   176  3.52000000E+01  1.12749056E+00  9.99851966E-01  1.12749056E+00
   177  3.54000000E+01  1.12749102E+00  9.99855021E-01  1.12749102E+00
   178  3.56000000E+01  1.12748550E+00  9.99858724E-01  1.12748550E+00
   179  3.58000000E+01  1.12749301E+00  9.99863124E-01  1.12749301E+00
   180  3.60000000E+01  1.12749439E+00  9.99868275E-01  1.12749439E+00
   181  3.62000000E+01  1.12750131E+00  9.99874235E-01  1.12750131E+00
   182  3.64000000E+01  1.12751371E+00  9.99881064E-01  1.12751371E+00
   183  3.66000000E+01  1.12751524E+00  9.99888824E-01  1.12751524E+00
   184  3.68000000E+01  1.12752362E+00  9.99897583E-01  1.12752362E+00
   185  3.70000000E+01  1.12753539E+00  9.99907412E-01  1.12753539E+00
   186  3.72000000E+01  1.12754556E+00  9.99918384E-01  1.12754556E+00
   187  3.74000000E+01  1.12755420E+00  9.99930580E-01  1.12755420E+00
   188  3.76000000E+01  1.12756145E+00  9.99944081E-01  1.12756145E+00
   189  3.78000000E+01  1.12757168E+00  9.99958974E-01  1.12757168E+00
   190  3.80000000E+01  1.12758087E+00  9.99975353E-01  1.12758087E+00
   191  3.82000000E+01  1.12758862E+00  9.99993312E-01  1.12758862E+00
   192  3.84000000E+01  1.12759508E+00  1.00001295E+00  1.12759508E+00
   193  3.86000000E+01  1.12760102E+00  1.00003439E+00  1.12760102E+00
   194  3.88000000E+01  1.12760880E+00  1.00005772E+00  1.12760880E+00
   195  3.90000000E+01  1.12761527E+00  1.00008308E+00  1.12761527E+00
   196  3.92000000E+01  1.12762065E+00  1.00011058E+00  1.12762065E+00
   197  3.94000000E+01  1.12762515E+00  1.00014035E+00  1.12762515E+00
   198  3.96000000E+01  1.12762898E+00  1.00017253E+00  1.12762898E+00
   199  3.98000000E+01  1.12763466E+00  1.00020727E+00  1.12763466E+00
   200  4.00000000E+01  1.12763942E+00  1.00024471E+00  1.12763942E+00
   201  4.02000000E+01  1.12764341E+00  1.00028501E+00  1.12764341E+00
   202  4.04000000E+01  1.12764683E+00  1.00032834E+00  1.12764683E+00
   203  4.06000000E+01  1.12764984E+00  1.00037486E+00  1.12764984E+00
   204  4.08000000E+01  1.12765257E+00  1.00042476E+00  1.12765257E+00
   205  4.10000000E+01  1.12765561E+00  1.00047823E+00  1.12765561E+00
   206  4.12000000E+01  1.12765861E+00  1.00053546E+00  1.12765861E+00
   207  4.14000000E+01  1.12766135E+00  1.00059666E+00  1.12766135E+00
   208  4.16000000E+01  1.12766391E+00  1.00066205E+00  1.12766391E+00
   209  4.18000000E+01  1.12766634E+00  1.00073185E+00  1.12766634E+00
   210  4.20000000E+01  1.12766869E+00  1.00080629E+00  1.12766869E+00
   211  4.22000000E+01  1.12767095E+00  1.00088561E+00  1.12767095E+00
   212  4.24000000E+01  1.12767310E+00  1.00097008E+00  1.12767310E+00
   213  4.26000000E+01  1.12767514E+00  1.00105996E+00  1.12767514E+00
   214  4.28000000E+01  1.12767703E+00  1.00115553E+00  1.12767703E+00
   215  4.30000000E+01  1.12767875E+00  1.00125707E+00  1.12767875E+00
   216  4.32000000E+01  1.12768030E+00  1.00136488E+00  1.12768030E+00
   217  4.34000000E+01  1.12768185E+00  1.00147928E+00  1.12768185E+00
   218  4.36000000E+01  1.12768357E+00  1.00160058E+00  1.12768357E+00
   219  4.38000000E+01  1.12768514E+00  1.00172913E+00  1.12768514E+00
   220  4.40000000E+01  1.12768654E+00  1.00186528E+00  1.12768654E+00
   221  4.42000000E+01  1.12768776E+00  1.00200938E+00  1.12768776E+00
   222  4.44000000E+01  1.12768882E+00  1.00216182E+00  1.12768882E+00
   223  4.46000000E+01  1.12768972E+00  1.00232298E+00  1.12768972E+00
   224  4.48000000E+01  1.12769047E+00  1.00249327E+00  1.12769047E+00
   225  4.50000000E+01  1.12769109E+00  1.00267312E+00  1.12769109E+00
   226  4.52000000E+01  1.12769161E+00  1.00286294E+00  1.12769161E+00
   227  4.54000000E+01  1.12769219E+00  1.00306319E+00  1.12769219E+00
   228  4.56000000E+01  1.12769283E+00  1.00327433E+00  1.12769283E+00
   229  4.58000000E+01  1.12769335E+00  1.00349685E+00  1.12769335E+00
   230  4.60000000E+01  1.12769378E+00  1.00373123E+00  1.12769378E+00
   231  4.62000000E+01  1.12769413E+00  1.00397798E+00  1.12769413E+00
   232  4.64000000E+01  1.12769441E+00  1.00423763E+00  1.12769441E+00
   233  4.66000000E+01  1.12769464E+00  1.00451073E+00  1.12769464E+00
   234  4.68000000E+01  1.12769483E+00  1.00479782E+00  1.12769483E+00
   235  4.70000000E+01  1.12769497E+00  1.00509948E+00  1.12769497E+00
   236  4.72000000E+01  1.12769508E+00  1.00541629E+00  1.12769508E+00
   237  4.74000000E+01  1.12769516E+00  1.00574886E+00  1.12769516E+00
   238  4.76000000E+01  1.12769521E+00  1.00609781E+00  1.12769521E+00
   239  4.78000000E+01  1.12769524E+00  1.00646376E+00  1.12769524E+00
   240  4.80000000E+01  1.12769524E+00  1.00684737E+00  1.12769524E+00
   241  4.82000000E+01  1.12769522E+00  1.00724929E+00  1.12769522E+00
   242  4.84000000E+01  1.12769518E+00  1.00767020E+00  1.12769518E+00
   243  4.86000000E+01  1.12769512E+00  1.00811079E+00  1.12769512E+00
   244  4.88000000E+01  1.12769504E+00  1.00857175E+00  1.12769504E+00
   245  4.90000000E+01  1.12769496E+00  1.00905379E+00  1.12769496E+00
   246  4.92000000E+01  1.12769486E+00  1.00955764E+00  1.12769486E+00
   247  4.94000000E+01  1.12769475E+00  1.01008402E+00  1.12769475E+00
   248  4.96000000E+01  1.12769464E+00  1.01063367E+00  1.12769464E+00
   249  4.98000000E+01  1.12769452E+00  1.01120734E+00  1.12769452E+00
   250  5.00000000E+01  1.12769440E+00  1.01180577E+00  1.12769440E+00
   251  5.02000000E+01  1.12769427E+00  1.01242973E+00  1.12769427E+00
   252  5.04000000E+01  1.12769415E+00  1.01307996E+00  1.12769415E+00
   253  5.06000000E+01  1.12769402E+00  1.01375723E+00  1.12769402E+00
   254  5.08000000E+01  1.12769390E+00  1.01446229E+00  1.12769390E+00
   255  5.10000000E+01  1.12769377E+00  1.01519588E+00  1.12769377E+00
   256  5.12000000E+01  1.12769365E+00  1.01595876E+00  1.12769365E+00
   257  5.14000000E+01  1.12769353E+00  1.01675165E+00  1.12769353E+00
   258  5.16000000E+01  1.12769341E+00  1.01757528E+00  1.12769341E+00
   259  5.18000000E+01  1.12769329E+00  1.01843035E+00  1.12769329E+00
   260  5.20000000E+01  1.12769318E+00  1.01931756E+00  1.12769318E+00
   261  5.22000000E+01  1.12769307E+00  1.02023756E+00  1.12769307E+00
   262  5.24000000E+01  1.12769296E+00  1.02119099E+00  1.12769296E+00
   263  5.26000000E+01  1.12769286E+00  1.02217847E+00  1.12769286E+00
   264  5.28000000E+01  1.12769276E+00  1.02320057E+00  1.12769276E+00
   265  5.30000000E+01  1.12769266E+00  1.02425783E+00  1.12769266E+00
   266  5.32000000E+01  1.12769257E+00  1.02535074E+00  1.12769257E+00
   267  5.34000000E+01  1.12769248E+00  1.02647976E+00  1.12769248E+00
   268  5.36000000E+01  1.12769239E+00  1.02764529E+00  1.12769239E+00
   269  5.38000000E+01  1.12769231E+00  1.02884767E+00  1.12769231E+00
   270  5.40000000E+01  1.12769223E+00  1.03008719E+00  1.12769223E+00
   271  5.42000000E+01  1.12769216E+00  1.03136406E+00  1.12769216E+00
   272  5.44000000E+01  1.12769209E+00  1.03267844E+00  1.12769209E+00
   273  5.46000000E+01  1.12769202E+00  1.03403040E+00  1.12769202E+00
   274  5.48000000E+01  1.12769196E+00  1.03541993E+00  1.12769196E+00
   275  5.50000000E+01  1.12769190E+00  1.03684694E+00  1.12769190E+00
   276  5.52000000E+01  1.12769184E+00  1.03831125E+00  1.12769184E+00
   277  5.54000000E+01  1.12769178E+00  1.03981258E+00  1.12769178E+00
   278  5.56000000E+01  1.12769173E+00  1.04135055E+00  1.12769173E+00
   279  5.58000000E+01  1.12769168E+00  1.04292469E+00  1.12769168E+00
   280  5.60000000E+01  1.12769164E+00  1.04453439E+00  1.12769164E+00
   281  5.62000000E+01  1.12769159E+00  1.04617895E+00  1.12769159E+00
   282  5.64000000E+01  1.12769155E+00  1.04785755E+00  1.12769155E+00
   283  5.66000000E+01  1.12769151E+00  1.04956924E+00  1.12769151E+00
   284  5.68000000E+01  1.12769147E+00  1.05131295E+00  1.12769147E+00
   285  5.70000000E+01  1.12769144E+00  1.05308747E+00  1.12769144E+00
   286  5.72000000E+01  1.12769141E+00  1.05489149E+00  1.12769141E+00
   287  5.74000000E+01  1.12769138E+00  1.05672355E+00  1.12769138E+00
   288  5.76000000E+01  1.12769135E+00  1.05858204E+00  1.12769135E+00
   289  5.78000000E+01  1.12769132E+00  1.06046524E+00  1.12769132E+00
   290  5.80000000E+01  1.12769130E+00  1.06237130E+00  1.12769130E+00
   291  5.82000000E+01  1.12769127E+00  1.06429822E+00  1.12769127E+00
   292  5.84000000E+01  1.12769125E+00  1.06624388E+00  1.12769125E+00
   293  5.86000000E+01  1.12769123E+00  1.06820602E+00  1.12769123E+00
   294  5.88000000E+01  1.12769121E+00  1.07018226E+00  1.12769121E+00
   295  5.90000000E+01  1.12769119E+00  1.07217010E+00  1.12769119E+00
   296  5.92000000E+01  1.12769118E+00  1.07416692E+00  1.12769118E+00
   297  5.94000000E+01  1.12769116E+00  1.07616997E+00  1.12769116E+00
   298  5.96000000E+01  1.12769115E+00  1.07817642E+00  1.12769115E+00
   299  5.98000000E+01  1.12769113E+00  1.08018331E+00  1.12769113E+00
   300  6.00000000E+01  1.12769112E+00  1.08218761E+00  1.12769112E+00
   301  6.02000000E+01  1.12769111E+00  1.08418618E+00  1.12769111E+00
   302  6.04000000E+01  1.12769110E+00  1.08617580E+00  1.12769110E+00
   303  6.06000000E+01  1.12769109E+00  1.08815321E+00  1.12769109E+00
   304  6.08000000E+01  1.12769108E+00  1.09011507E+00  1.12769108E+00
   305  6.10000000E+01  1.12769107E+00  1.09205798E+00  1.12769107E+00
   306  6.12000000E+01  1.12769106E+00  1.09397852E+00  1.12769106E+00
   307  6.14000000E+01  1.12769105E+00  1.09587324E+00  1.12769105E+00
   308  6.16000000E+01  1.12769105E+00  1.09773868E+00  1.12769105E+00
   309  6.18000000E+01  1.12769104E+00  1.09957137E+00  1.12769104E+00
   310  6.20000000E+01  1.12769103E+00  1.10136786E+00  1.12769103E+00
   311  6.22000000E+01  1.12769103E+00  1.10312475E+00  1.12769103E+00
   312  6.24000000E+01  1.12769102E+00  1.10483866E+00  1.12769102E+00
   313  6.26000000E+01  1.12769102E+00  1.10650629E+00  1.12769102E+00
   314  6.28000000E+01  1.12769101E+00  1.10812442E+00  1.12769101E+00
   315  6.30000000E+01  1.12769101E+00  1.10968992E+00  1.12769101E+00
   316  6.32000000E+01  1.12769101E+00  1.11119980E+00  1.12769101E+00
   317  6.34000000E+01  1.12769100E+00  1.11265121E+00  1.12769100E+00
   318  6.36000000E+01  1.12769100E+00  1.11404145E+00  1.12769100E+00
   319  6.38000000E+01  1.12769100E+00  1.11536803E+00  1.12769100E+00
   320  6.40000000E+01  1.12769099E+00  1.11662867E+00  1.12769099E+00
   321  6.42000000E+01  1.12769099E+00  1.11782133E+00  1.12769099E+00
   322  6.44000000E+01  1.12769099E+00  1.11894424E+00  1.12769099E+00
   323  6.46000000E+01  1.12769099E+00  1.11999597E+00  1.12769099E+00
   324  6.48000000E+01  1.12769098E+00  1.12097539E+00  1.12769098E+00
   325  6.50000000E+01  1.12769098E+00  1.12188175E+00  1.12769098E+00
   326  6.52000000E+01  1.12769098E+00  1.12271474E+00  1.12769098E+00
   327  6.54000000E+01  1.12769098E+00  1.12347446E+00  1.12769098E+00
   328  6.56000000E+01  1.12769098E+00  1.12416148E+00  1.12769098E+00
   329  6.58000000E+01  1.12769098E+00  1.12477687E+00  1.12769098E+00
   330  6.60000000E+01  1.12769098E+00  1.12532222E+00  1.12769098E+00
   331  6.62000000E+01  1.12769097E+00  1.12579965E+00  1.12769097E+00
   332  6.64000000E+01  1.12769097E+00  1.12621177E+00  1.12769097E+00
   333  6.66000000E+01  1.12769097E+00  1.12656175E+00  1.12769097E+00
   334  6.68000000E+01  1.12769097E+00  1.12685321E+00  1.12769097E+00
   335  6.70000000E+01  1.12769097E+00  1.12709024E+00  1.12769097E+00
 steady-height stop at step    335: truncated to 3 decimals, truncated max/end/ratio =       1127      1127      1127, max/end/ratio =   1.12769097E+00  1.12709024E+00  1.12769097E+00
