Info    : Running 'gmsh -2 -order 2 -algo front2d -o mesh_inlet.msh mesh_inlet.geo' [Gmsh 4.15.0-git, 1 node, max. 1 thread]
Info    : Started on Mon Sep 28 08:13:57 2026
Info    : Reading 'mesh_inlet.geo'...
Info    : Reading 'mesh_inlet_2D_bc.igo'...
Info    : Done reading 'mesh_inlet_2D_bc.igo'
Info    : Done reading 'mesh_inlet.geo'
Info    : Reconstructing periodicity for curve connection 2 - 4
Info    : Meshing 1D...
Info    : [  0%] Meshing curve 1 (Line)
Info    : [ 60%] Meshing curve 3 (Line)
Info    : [ 80%] Meshing curve 4 (Line)
Info    : [100%] Meshing curve 2 (Line) as a copy of curve 4
Info    : Done meshing 1D (Wall 0.00273314s, CPU 0.000202s)
Info    : Meshing 2D...
Info    : Meshing surface 1 (Plane, Frontal-Delaunay)
Info    : Done meshing 2D (Wall 0.00326029s, CPU 0.002137s)
Info    : Meshing order 2 (curvilinear on)...
Info    : [  0%] Meshing curve 1 order 2
Info    : [ 30%] Meshing curve 2 order 2
Info    : [ 50%] Meshing curve 3 order 2
Info    : [ 70%] Meshing curve 4 order 2
Info    : [ 90%] Meshing surface 1 order 2
Info    : Surface mesh: worst distortion = 1 (0 elements in ]0, 0.2]); worst gamma = 0.882699
Info    : Done meshing order 2 (Wall 0.00480034s, CPU 0.000507s)
Info    : Reconstructing periodicity for curve connection 2 - 4
Info    : 545 nodes 296 elements
Info    : Writing 'mesh_inlet.msh'...
Info    : Done writing 'mesh_inlet.msh'
Info    : Stopped on Mon Sep 28 08:13:57 2026 (From start: Wall 0.0175627s, CPU 0.048301s)
