 comppar: model =   3
 comppar: lambda,mobility/eps,betav,eta_0 =  9.0000E+00  1.0000E-01  9.0000E-01  1.0000E+00
 comppar: eta_s,eta_p,G =  9.0000E-01  1.0000E-01  1.1111E-02
 comppar: U_avg,deltat,flowrate,nsteps =  1.0000E-01  4.0000E-01  3.1416E-01    1000
 comppar: geometry = axisymmetric
 comppar: steady stop change,gap,hold,min =  1.0000E-05  2.0000E-04      10      80
 comppar: steady stop rounded decimals =       4
 comppar: ncompc,ncompg =     4     5
 mesh nnodes = 22999
 mesh nelem = 11296
 P1 BC   5.0000000000000000     
 P2 BC   0.0000000000000000     
     1  4.00000000E-01  1.00503996E+00  1.00000000E+00  1.00503996E+00
     2  8.00000000E-01  1.00992372E+00  1.00000000E+00  1.00992372E+00
     3  1.20000000E+00  1.01465658E+00  1.00000000E+00  1.01465658E+00
     4  1.60000000E+00  1.01925196E+00  1.00000000E+00  1.01925196E+00
     5  2.00000000E+00  1.02371383E+00  1.00000000E+00  1.02371383E+00
     6  2.40000000E+00  1.02804820E+00  1.00000000E+00  1.02804820E+00
     7  2.80000000E+00  1.03225988E+00  1.00000000E+00  1.03225988E+00
     8  3.20000000E+00  1.03635154E+00  1.00000000E+00  1.03635154E+00
     9  3.60000000E+00  1.04033786E+00  1.00000000E+00  1.04033786E+00
    10  4.00000000E+00  1.04421013E+00  1.00000000E+00  1.04421013E+00
    11  4.40000000E+00  1.04797714E+00  9.99999996E-01  1.04797714E+00
    12  4.80000000E+00  1.05164261E+00  9.99999990E-01  1.05164261E+00
    13  5.20000000E+00  1.05520986E+00  9.99999982E-01  1.05520986E+00
    14  5.60000000E+00  1.05866964E+00  9.99999972E-01  1.05866964E+00
    15  6.00000000E+00  1.06205086E+00  9.99999958E-01  1.06205086E+00
    16  6.40000000E+00  1.06533449E+00  9.99999940E-01  1.06533449E+00
    17  6.80000000E+00  1.06852277E+00  9.99999918E-01  1.06852277E+00
    18  7.20000000E+00  1.07161844E+00  9.99999891E-01  1.07161844E+00
    19  7.60000000E+00  1.07462397E+00  9.99999857E-01  1.07462397E+00
    20  8.00000000E+00  1.07755775E+00  9.99999818E-01  1.07755775E+00
    21  8.40000000E+00  1.08040280E+00  9.99999770E-01  1.08040280E+00
    22  8.80000000E+00  1.08316558E+00  9.99999714E-01  1.08316558E+00
    23  9.20000000E+00  1.08584241E+00  9.99999649E-01  1.08584241E+00
    24  9.60000000E+00  1.08844002E+00  9.99999572E-01  1.08844002E+00
    25  1.00000000E+01  1.09095271E+00  9.99999483E-01  1.09095271E+00
    26  1.04000000E+01  1.09338797E+00  9.99999381E-01  1.09338797E+00
    27  1.08000000E+01  1.09576009E+00  9.99999264E-01  1.09576009E+00
    28  1.12000000E+01  1.09806005E+00  9.99999130E-01  1.09806005E+00
    29  1.16000000E+01  1.10028268E+00  9.99998977E-01  1.10028268E+00
    30  1.20000000E+01  1.10242794E+00  9.99998804E-01  1.10242794E+00
    31  1.24000000E+01  1.10449606E+00  9.99998608E-01  1.10449606E+00
    32  1.28000000E+01  1.10648581E+00  9.99998388E-01  1.10648581E+00
    33  1.32000000E+01  1.10841948E+00  9.99998140E-01  1.10841948E+00
    34  1.36000000E+01  1.11030368E+00  9.99997862E-01  1.11030368E+00
    35  1.40000000E+01  1.11211463E+00  9.99997552E-01  1.11211463E+00
    36  1.44000000E+01  1.11385442E+00  9.99997206E-01  1.11385442E+00
    37  1.48000000E+01  1.11552560E+00  9.99996821E-01  1.11552560E+00
    38  1.52000000E+01  1.11713107E+00  9.99996393E-01  1.11713107E+00
    39  1.56000000E+01  1.11870996E+00  9.99995919E-01  1.11870996E+00
    40  1.60000000E+01  1.12022469E+00  9.99995396E-01  1.12022469E+00
    41  1.64000000E+01  1.12167525E+00  9.99994818E-01  1.12167525E+00
    42  1.68000000E+01  1.12306645E+00  9.99994181E-01  1.12306645E+00
    43  1.72000000E+01  1.12440721E+00  9.99993481E-01  1.12440721E+00
    44  1.76000000E+01  1.12572089E+00  9.99992712E-01  1.12572089E+00
    45  1.80000000E+01  1.12697897E+00  9.99991870E-01  1.12697897E+00
    46  1.84000000E+01  1.12818036E+00  9.99990948E-01  1.12818036E+00
    47  1.88000000E+01  1.12934083E+00  9.99989942E-01  1.12934083E+00
    48  1.92000000E+01  1.13047935E+00  9.99988845E-01  1.13047935E+00
    49  1.96000000E+01  1.13156602E+00  9.99987650E-01  1.13156602E+00
    50  2.00000000E+01  1.13261265E+00  9.99986351E-01  1.13261265E+00
    51  2.04000000E+01  1.13364561E+00  9.99984942E-01  1.13364561E+00
    52  2.08000000E+01  1.13463042E+00  9.99983414E-01  1.13463042E+00
    53  2.12000000E+01  1.13560630E+00  9.99981762E-01  1.13560630E+00
    54  2.16000000E+01  1.13654641E+00  9.99979977E-01  1.13654641E+00
    55  2.20000000E+01  1.13748481E+00  9.99978052E-01  1.13748481E+00
    56  2.24000000E+01  1.13840534E+00  9.99975979E-01  1.13840534E+00
    57  2.28000000E+01  1.13931576E+00  9.99973751E-01  1.13931576E+00
    58  2.32000000E+01  1.14021870E+00  9.99971360E-01  1.14021870E+00
    59  2.36000000E+01  1.14111786E+00  9.99968798E-01  1.14111786E+00
    60  2.40000000E+01  1.14201175E+00  9.99966058E-01  1.14201175E+00
    61  2.44000000E+01  1.14288882E+00  9.99963133E-01  1.14288882E+00
    62  2.48000000E+01  1.14374567E+00  9.99960017E-01  1.14374567E+00
    63  2.52000000E+01  1.14459618E+00  9.99956703E-01  1.14459618E+00
    64  2.56000000E+01  1.14541345E+00  9.99953186E-01  1.14541345E+00
    65  2.60000000E+01  1.14622558E+00  9.99949461E-01  1.14622558E+00
    66  2.64000000E+01  1.14699941E+00  9.99945526E-01  1.14699941E+00
    67  2.68000000E+01  1.14776768E+00  9.99941377E-01  1.14776768E+00
    68  2.72000000E+01  1.14849887E+00  9.99937014E-01  1.14849887E+00
    69  2.76000000E+01  1.14921921E+00  9.99932439E-01  1.14921921E+00
    70  2.80000000E+01  1.14990938E+00  9.99927655E-01  1.14990938E+00
    71  2.84000000E+01  1.15057899E+00  9.99922668E-01  1.15057899E+00
    72  2.88000000E+01  1.15123021E+00  9.99917487E-01  1.15123021E+00
    73  2.92000000E+01  1.15184982E+00  9.99912124E-01  1.15184982E+00
    74  2.96000000E+01  1.15246243E+00  9.99906595E-01  1.15246243E+00
    75  3.00000000E+01  1.15304298E+00  9.99900921E-01  1.15304298E+00
    76  3.04000000E+01  1.15360986E+00  9.99895127E-01  1.15360986E+00
    77  3.08000000E+01  1.15415547E+00  9.99889245E-01  1.15415547E+00
    78  3.12000000E+01  1.15467840E+00  9.99883313E-01  1.15467840E+00
    79  3.16000000E+01  1.15519068E+00  9.99877374E-01  1.15519068E+00
    80  3.20000000E+01  1.15567566E+00  9.99871483E-01  1.15567566E+00
    81  3.24000000E+01  1.15615292E+00  9.99865702E-01  1.15615292E+00
    82  3.28000000E+01  1.15660701E+00  9.99860104E-01  1.15660701E+00
    83  3.32000000E+01  1.15704657E+00  9.99854771E-01  1.15704657E+00
    84  3.36000000E+01  1.15747144E+00  9.99849801E-01  1.15747144E+00
    85  3.40000000E+01  1.15787546E+00  9.99845306E-01  1.15787546E+00
    86  3.44000000E+01  1.15827245E+00  9.99841410E-01  1.15827245E+00
    87  3.48000000E+01  1.15864741E+00  9.99838258E-01  1.15864741E+00
    88  3.52000000E+01  1.15901355E+00  9.99836014E-01  1.15901355E+00
    89  3.56000000E+01  1.15936346E+00  9.99834860E-01  1.15936346E+00
    90  3.60000000E+01  1.15969773E+00  9.99835005E-01  1.15969773E+00
    91  3.64000000E+01  1.16002376E+00  9.99836681E-01  1.16002376E+00
    92  3.68000000E+01  1.16033108E+00  9.99840150E-01  1.16033108E+00
    93  3.72000000E+01  1.16063124E+00  9.99845704E-01  1.16063124E+00
    94  3.76000000E+01  1.16091696E+00  9.99853668E-01  1.16091696E+00
    95  3.80000000E+01  1.16118864E+00  9.99864404E-01  1.16118864E+00
    96  3.84000000E+01  1.16145392E+00  9.99878315E-01  1.16145392E+00
    97  3.88000000E+01  1.16170342E+00  9.99895849E-01  1.16170342E+00
    98  3.92000000E+01  1.16194497E+00  9.99917497E-01  1.16194497E+00
    99  3.96000000E+01  1.16217625E+00  9.99943807E-01  1.16217625E+00
   100  4.00000000E+01  1.16239343E+00  9.99975381E-01  1.16239343E+00
   101  4.04000000E+01  1.16260711E+00  1.00001288E+00  1.16260711E+00
   102  4.08000000E+01  1.16280785E+00  1.00005703E+00  1.16280785E+00
   103  4.12000000E+01  1.16299883E+00  1.00010864E+00  1.16299883E+00
   104  4.16000000E+01  1.16318417E+00  1.00016857E+00  1.16318417E+00
   105  4.20000000E+01  1.16335770E+00  1.00023780E+00  1.16335770E+00
   106  4.24000000E+01  1.16352509E+00  1.00031735E+00  1.16352509E+00
   107  4.28000000E+01  1.16368507E+00  1.00040838E+00  1.16368507E+00
   108  4.32000000E+01  1.16383473E+00  1.00051212E+00  1.16383473E+00
   109  4.36000000E+01  1.16398070E+00  1.00062994E+00  1.16398070E+00
   110  4.40000000E+01  1.16411818E+00  1.00076328E+00  1.16411818E+00
   111  4.44000000E+01  1.16424695E+00  1.00091375E+00  1.16424695E+00
   112  4.48000000E+01  1.16437300E+00  1.00108306E+00  1.16437300E+00
   113  4.52000000E+01  1.16449061E+00  1.00127307E+00  1.16449061E+00
   114  4.56000000E+01  1.16460167E+00  1.00148578E+00  1.16460167E+00
   115  4.60000000E+01  1.16470925E+00  1.00172334E+00  1.16470925E+00
   116  4.64000000E+01  1.16480936E+00  1.00198809E+00  1.16480936E+00
   117  4.68000000E+01  1.16490446E+00  1.00228248E+00  1.16490446E+00
   118  4.72000000E+01  1.16499575E+00  1.00260920E+00  1.16499575E+00
   119  4.76000000E+01  1.16508057E+00  1.00297108E+00  1.16508057E+00
   120  4.80000000E+01  1.16516134E+00  1.00337114E+00  1.16516134E+00
   121  4.84000000E+01  1.16523840E+00  1.00381260E+00  1.16523840E+00
   122  4.88000000E+01  1.16530981E+00  1.00429889E+00  1.16530981E+00
   123  4.92000000E+01  1.16537775E+00  1.00483360E+00  1.16537775E+00
   124  4.96000000E+01  1.16544245E+00  1.00542054E+00  1.16544245E+00
   125  5.00000000E+01  1.16550224E+00  1.00606373E+00  1.16550224E+00
   126  5.04000000E+01  1.16555874E+00  1.00676735E+00  1.16555874E+00
   127  5.08000000E+01  1.16561261E+00  1.00753578E+00  1.16561261E+00
   128  5.12000000E+01  1.16566225E+00  1.00837359E+00  1.16566225E+00
   129  5.16000000E+01  1.16570858E+00  1.00928548E+00  1.16570858E+00
   130  5.20000000E+01  1.16575311E+00  1.01027631E+00  1.16575311E+00
   131  5.24000000E+01  1.16579399E+00  1.01135106E+00  1.16579399E+00
   132  5.28000000E+01  1.16583144E+00  1.01251479E+00  1.16583144E+00
   133  5.32000000E+01  1.16586778E+00  1.01377263E+00  1.16586778E+00
   134  5.36000000E+01  1.16590116E+00  1.01512972E+00  1.16590116E+00
   135  5.40000000E+01  1.16593158E+00  1.01659117E+00  1.16593158E+00
   136  5.44000000E+01  1.16596014E+00  1.01816201E+00  1.16596014E+00
   137  5.48000000E+01  1.16598705E+00  1.01984711E+00  1.16598705E+00
   138  5.52000000E+01  1.16601149E+00  1.02165114E+00  1.16601149E+00
   139  5.56000000E+01  1.16603366E+00  1.02357848E+00  1.16603366E+00
   140  5.60000000E+01  1.16605467E+00  1.02563313E+00  1.16605467E+00
   141  5.64000000E+01  1.16607392E+00  1.02781863E+00  1.16607392E+00
   142  5.68000000E+01  1.16609127E+00  1.03013795E+00  1.16609127E+00
   143  5.72000000E+01  1.16610682E+00  1.03259343E+00  1.16610682E+00
   144  5.76000000E+01  1.16612140E+00  1.03518662E+00  1.16612140E+00
   145  5.80000000E+01  1.16613471E+00  1.03791820E+00  1.16613471E+00
   146  5.84000000E+01  1.16614650E+00  1.04078788E+00  1.16614650E+00
   147  5.88000000E+01  1.16615694E+00  1.04379428E+00  1.16615694E+00
   148  5.92000000E+01  1.16616609E+00  1.04693484E+00  1.16616609E+00
   149  5.96000000E+01  1.16617469E+00  1.05020572E+00  1.16617469E+00
   150  6.00000000E+01  1.16618221E+00  1.05360172E+00  1.16618221E+00
   151  6.04000000E+01  1.16618868E+00  1.05711620E+00  1.16618868E+00
   152  6.08000000E+01  1.16619424E+00  1.06074106E+00  1.16619424E+00
   153  6.12000000E+01  1.16619890E+00  1.06446667E+00  1.16619890E+00
   154  6.16000000E+01  1.16620281E+00  1.06828187E+00  1.16620281E+00
   155  6.20000000E+01  1.16620606E+00  1.07217400E+00  1.16620606E+00
   156  6.24000000E+01  1.16620883E+00  1.07612896E+00  1.16620883E+00
   157  6.28000000E+01  1.16621099E+00  1.08013124E+00  1.16621099E+00
   158  6.32000000E+01  1.16621254E+00  1.08416409E+00  1.16621254E+00
   159  6.36000000E+01  1.16621361E+00  1.08820961E+00  1.16621361E+00
   160  6.40000000E+01  1.16621419E+00  1.09224899E+00  1.16621419E+00
   161  6.44000000E+01  1.16621439E+00  1.09626267E+00  1.16621439E+00
   162  6.48000000E+01  1.16621418E+00  1.10023066E+00  1.16621418E+00
   163  6.52000000E+01  1.16621368E+00  1.10413277E+00  1.16621368E+00
   164  6.56000000E+01  1.16621287E+00  1.10794896E+00  1.16621287E+00
   165  6.60000000E+01  1.16621183E+00  1.11165966E+00  1.16621183E+00
   166  6.64000000E+01  1.16621052E+00  1.11524616E+00  1.16621052E+00
   167  6.68000000E+01  1.16620903E+00  1.11869101E+00  1.16620903E+00
   168  6.72000000E+01  1.16620744E+00  1.12197835E+00  1.16620744E+00
   169  6.76000000E+01  1.16620579E+00  1.12509437E+00  1.16620579E+00
   170  6.80000000E+01  1.16620405E+00  1.12802763E+00  1.16620405E+00
   171  6.84000000E+01  1.16620217E+00  1.13076944E+00  1.16620217E+00
   172  6.88000000E+01  1.16620024E+00  1.13331415E+00  1.16620024E+00
   173  6.92000000E+01  1.16619822E+00  1.13565939E+00  1.16619822E+00
   174  6.96000000E+01  1.16619617E+00  1.13780623E+00  1.16619617E+00
   175  7.00000000E+01  1.16619432E+00  1.13975925E+00  1.16619432E+00
   176  7.04000000E+01  1.16619243E+00  1.14152648E+00  1.16619243E+00
   177  7.08000000E+01  1.16619053E+00  1.14311922E+00  1.16619053E+00
   178  7.12000000E+01  1.16618858E+00  1.14455171E+00  1.16618858E+00
   179  7.16000000E+01  1.16618673E+00  1.14584067E+00  1.16618673E+00
   180  7.20000000E+01  1.16618508E+00  1.14700470E+00  1.16618508E+00
   181  7.24000000E+01  1.16618339E+00  1.14806356E+00  1.16618339E+00
   182  7.28000000E+01  1.16618173E+00  1.14903734E+00  1.16618173E+00
   183  7.32000000E+01  1.16618007E+00  1.14994566E+00  1.16618007E+00
   184  7.36000000E+01  1.16617869E+00  1.15080674E+00  1.16617869E+00
   185  7.40000000E+01  1.16617734E+00  1.15163665E+00  1.16617734E+00
   186  7.44000000E+01  1.16617596E+00  1.15244859E+00  1.16617596E+00
   187  7.48000000E+01  1.16617460E+00  1.15325238E+00  1.16617460E+00
   188  7.52000000E+01  1.16617349E+00  1.15405417E+00  1.16617349E+00
   189  7.56000000E+01  1.16617242E+00  1.15485635E+00  1.16617242E+00
   190  7.60000000E+01  1.16617137E+00  1.15565782E+00  1.16617137E+00
   191  7.64000000E+01  1.16617030E+00  1.15645440E+00  1.16617030E+00
   192  7.68000000E+01  1.16616939E+00  1.15723954E+00  1.16616939E+00
   193  7.72000000E+01  1.16616864E+00  1.15800519E+00  1.16616864E+00
   194  7.76000000E+01  1.16616786E+00  1.15874268E+00  1.16616786E+00
   195  7.80000000E+01  1.16616709E+00  1.15944367E+00  1.16616709E+00
   196  7.84000000E+01  1.16616632E+00  1.16010098E+00  1.16616632E+00
   197  7.88000000E+01  1.16616581E+00  1.16070925E+00  1.16616581E+00
   198  7.92000000E+01  1.16616530E+00  1.16126534E+00  1.16616530E+00
   199  7.96000000E+01  1.16616474E+00  1.16176852E+00  1.16616474E+00
   200  8.00000000E+01  1.16616419E+00  1.16222035E+00  1.16616419E+00
   201  8.04000000E+01  1.16616379E+00  1.16262431E+00  1.16616379E+00
   202  8.08000000E+01  1.16616347E+00  1.16298530E+00  1.16616347E+00
   203  8.12000000E+01  1.16616316E+00  1.16330901E+00  1.16616316E+00
   204  8.16000000E+01  1.16616278E+00  1.16360126E+00  1.16616278E+00
   205  8.20000000E+01  1.16616240E+00  1.16386747E+00  1.16616240E+00
   206  8.24000000E+01  1.16616226E+00  1.16411217E+00  1.16616226E+00
   207  8.28000000E+01  1.16616210E+00  1.16433878E+00  1.16616210E+00
   208  8.32000000E+01  1.16616193E+00  1.16454953E+00  1.16616193E+00
   209  8.36000000E+01  1.16616170E+00  1.16474557E+00  1.16616170E+00
   210  8.40000000E+01  1.16616148E+00  1.16492721E+00  1.16616148E+00
   211  8.44000000E+01  1.16616153E+00  1.16509422E+00  1.16616153E+00
   212  8.48000000E+01  1.16616149E+00  1.16524620E+00  1.16616149E+00
   213  8.52000000E+01  1.16616146E+00  1.16538284E+00  1.16616146E+00
   214  8.56000000E+01  1.16616135E+00  1.16550416E+00  1.16616135E+00
   215  8.60000000E+01  1.16616130E+00  1.16561060E+00  1.16616130E+00
   216  8.64000000E+01  1.16616147E+00  1.16570302E+00  1.16616147E+00
   217  8.68000000E+01  1.16616157E+00  1.16578265E+00  1.16616157E+00
   218  8.72000000E+01  1.16616166E+00  1.16585092E+00  1.16616166E+00
   219  8.76000000E+01  1.16616168E+00  1.16590934E+00  1.16616168E+00
   220  8.80000000E+01  1.16616180E+00  1.16595930E+00  1.16616180E+00
   221  8.84000000E+01  1.16616212E+00  1.16600204E+00  1.16616212E+00
   222  8.88000000E+01  1.16616236E+00  1.16603855E+00  1.16616236E+00
   223  8.92000000E+01  1.16616260E+00  1.16606954E+00  1.16616260E+00
   224  8.96000000E+01  1.16616277E+00  1.16609555E+00  1.16616277E+00
   225  9.00000000E+01  1.16616308E+00  1.16611694E+00  1.16616308E+00
   226  9.04000000E+01  1.16616355E+00  1.16613400E+00  1.16616355E+00
   227  9.08000000E+01  1.16616395E+00  1.16614701E+00  1.16616395E+00
   228  9.12000000E+01  1.16616433E+00  1.16615625E+00  1.16616433E+00
   229  9.16000000E+01  1.16616461E+00  1.16616207E+00  1.16616461E+00
   230  9.20000000E+01  1.16616488E+00  1.16616484E+00  1.16616488E+00
   231  9.24000000E+01  1.16616494E+00  1.16616494E+00  1.16616494E+00
   232  9.28000000E+01  1.16616279E+00  1.16616279E+00  1.16616279E+00
   233  9.32000000E+01  1.16615873E+00  1.16615873E+00  1.16615873E+00
   234  9.36000000E+01  1.16615311E+00  1.16615311E+00  1.16615311E+00
   235  9.40000000E+01  1.16614620E+00  1.16614620E+00  1.16614620E+00
   236  9.44000000E+01  1.16613823E+00  1.16613823E+00  1.16613823E+00
   237  9.48000000E+01  1.16612938E+00  1.16612938E+00  1.16612938E+00
 steady-height stop at step    237: rounded to 4 decimals, rounded max/end/ratio =      11661     11661     11661, max/end/ratio =   1.16612938E+00  1.16612938E+00  1.16612938E+00
