 comppar: model =   2
 comppar: lambda,mobility/eps,betav,eta_0 =  3.0000E-01  0.0000E+00  6.0000E-01  1.0000E+00
 comppar: eta_s,eta_p,G =  6.0000E-01  4.0000E-01  1.3333E+00
 comppar: U_avg,deltat,flowrate,nsteps =  1.0000E-01  2.0000E-01  3.1416E-01    2000
 comppar: geometry = axisymmetric
 comppar: steady stop change,gap,hold,min =  1.0000E-07  1.0000E-03       1      80
 comppar: steady stop truncated decimals =       3
 comppar: ncompc,ncompg =     4     5
 mesh nnodes = 5797
 mesh nelem = 2796
 P1 BC   5.0000000000000000     
 P2 BC   0.0000000000000000     
     1  2.00000000E-01  1.00253105E+00  1.00000000E+00  1.00253105E+00
     2  4.00000000E-01  1.00501998E+00  1.00000000E+00  1.00501998E+00
     3  6.00000000E-01  1.00745967E+00  1.00000000E+00  1.00745967E+00
     4  8.00000000E-01  1.00985782E+00  1.00000000E+00  1.00985782E+00
     5  1.00000000E+00  1.01221835E+00  1.00000000E+00  1.01221835E+00
     6  1.20000000E+00  1.01454784E+00  1.00000000E+00  1.01454784E+00
     7  1.40000000E+00  1.01683992E+00  1.00000000E+00  1.01683992E+00
     8  1.60000000E+00  1.01910521E+00  1.00000000E+00  1.01910521E+00
     9  1.80000000E+00  1.02133602E+00  1.00000000E+00  1.02133602E+00
    10  2.00000000E+00  1.02353738E+00  1.00000000E+00  1.02353738E+00
    11  2.20000000E+00  1.02571051E+00  1.00000000E+00  1.02571051E+00
    12  2.40000000E+00  1.02784892E+00  1.00000000E+00  1.02784892E+00
    13  2.60000000E+00  1.02995988E+00  1.00000000E+00  1.02995988E+00
    14  2.80000000E+00  1.03204252E+00  1.00000000E+00  1.03204252E+00
    15  3.00000000E+00  1.03409084E+00  1.00000000E+00  1.03409084E+00
    16  3.20000000E+00  1.03611953E+00  1.00000000E+00  1.03611953E+00
    17  3.40000000E+00  1.03809215E+00  1.00000000E+00  1.03809215E+00
    18  3.60000000E+00  1.04007645E+00  1.00000000E+00  1.04007645E+00
    19  3.80000000E+00  1.04200166E+00  1.00000000E+00  1.04200166E+00
    20  4.00000000E+00  1.04391532E+00  1.00000000E+00  1.04391532E+00
    21  4.20000000E+00  1.04579781E+00  1.00000000E+00  1.04579781E+00
    22  4.40000000E+00  1.04761822E+00  9.99999998E-01  1.04761822E+00
    23  4.60000000E+00  1.04947007E+00  9.99999995E-01  1.04947007E+00
    24  4.80000000E+00  1.05125941E+00  9.99999992E-01  1.05125941E+00
    25  5.00000000E+00  1.05301717E+00  9.99999988E-01  1.05301717E+00
    26  5.20000000E+00  1.05477791E+00  9.99999984E-01  1.05477791E+00
    27  5.40000000E+00  1.05647313E+00  9.99999979E-01  1.05647313E+00
    28  5.60000000E+00  1.05814875E+00  9.99999973E-01  1.05814875E+00
    29  5.80000000E+00  1.05983059E+00  9.99999967E-01  1.05983059E+00
    30  6.00000000E+00  1.06144495E+00  9.99999959E-01  1.06144495E+00
    31  6.20000000E+00  1.06304425E+00  9.99999951E-01  1.06304425E+00
    32  6.40000000E+00  1.06464708E+00  9.99999942E-01  1.06464708E+00
    33  6.60000000E+00  1.06618044E+00  9.99999931E-01  1.06618044E+00
    34  6.80000000E+00  1.06767451E+00  9.99999919E-01  1.06767451E+00
    35  7.00000000E+00  1.06921463E+00  9.99999906E-01  1.06921463E+00
    36  7.20000000E+00  1.07068425E+00  9.99999892E-01  1.07068425E+00
    37  7.40000000E+00  1.07208059E+00  9.99999876E-01  1.07208059E+00
    38  7.60000000E+00  1.07355168E+00  9.99999858E-01  1.07355168E+00
    39  7.80000000E+00  1.07495774E+00  9.99999839E-01  1.07495774E+00
    40  8.00000000E+00  1.07628955E+00  9.99999817E-01  1.07628955E+00
    41  8.20000000E+00  1.07762315E+00  9.99999794E-01  1.07762315E+00
    42  8.40000000E+00  1.07898640E+00  9.99999769E-01  1.07898640E+00
    43  8.60000000E+00  1.08027525E+00  9.99999741E-01  1.08027525E+00
    44  8.80000000E+00  1.08148744E+00  9.99999711E-01  1.08148744E+00
    45  9.00000000E+00  1.08278157E+00  9.99999678E-01  1.08278157E+00
    46  9.20000000E+00  1.08402751E+00  9.99999643E-01  1.08402751E+00
    47  9.40000000E+00  1.08519663E+00  9.99999605E-01  1.08519663E+00
    48  9.60000000E+00  1.08628705E+00  9.99999564E-01  1.08628705E+00
    49  9.80000000E+00  1.08751376E+00  9.99999519E-01  1.08751376E+00
    50  1.00000000E+01  1.08866506E+00  9.99999471E-01  1.08866506E+00
    51  1.02000000E+01  1.08973823E+00  9.99999419E-01  1.08973823E+00
    52  1.04000000E+01  1.09075382E+00  9.99999364E-01  1.09075382E+00
    53  1.06000000E+01  1.09188698E+00  9.99999304E-01  1.09188698E+00
    54  1.08000000E+01  1.09294241E+00  9.99999240E-01  1.09294241E+00
    55  1.10000000E+01  1.09391869E+00  9.99999172E-01  1.09391869E+00
    56  1.12000000E+01  1.09481483E+00  9.99999098E-01  1.09481483E+00
    57  1.14000000E+01  1.09586406E+00  9.99999020E-01  1.09586406E+00
    58  1.16000000E+01  1.09684628E+00  9.99998936E-01  1.09684628E+00
    59  1.18000000E+01  1.09774917E+00  9.99998846E-01  1.09774917E+00
    60  1.20000000E+01  1.09857225E+00  9.99998751E-01  1.09857225E+00
    61  1.22000000E+01  1.09950971E+00  9.99998649E-01  1.09950971E+00
    62  1.24000000E+01  1.10041805E+00  9.99998541E-01  1.10041805E+00
    63  1.26000000E+01  1.10124699E+00  9.99998426E-01  1.10124699E+00
    64  1.28000000E+01  1.10199653E+00  9.99998303E-01  1.10199653E+00
    65  1.30000000E+01  1.10281053E+00  9.99998173E-01  1.10281053E+00
    66  1.32000000E+01  1.10364809E+00  9.99998034E-01  1.10364809E+00
    67  1.34000000E+01  1.10440689E+00  9.99997887E-01  1.10440689E+00
    68  1.36000000E+01  1.10508766E+00  9.99997732E-01  1.10508766E+00
    69  1.38000000E+01  1.10581439E+00  9.99997567E-01  1.10581439E+00
    70  1.40000000E+01  1.10658061E+00  9.99997392E-01  1.10658061E+00
    71  1.42000000E+01  1.10726881E+00  9.99997207E-01  1.10726881E+00
    72  1.44000000E+01  1.10788042E+00  9.99997011E-01  1.10788042E+00
    73  1.46000000E+01  1.10851696E+00  9.99996804E-01  1.10851696E+00
    74  1.48000000E+01  1.10921431E+00  9.99996586E-01  1.10921431E+00
    75  1.50000000E+01  1.10983545E+00  9.99996355E-01  1.10983545E+00
    76  1.52000000E+01  1.11038258E+00  9.99996111E-01  1.11038258E+00
    77  1.54000000E+01  1.11095682E+00  9.99995854E-01  1.11095682E+00
    78  1.56000000E+01  1.11158489E+00  9.99995583E-01  1.11158489E+00
    79  1.58000000E+01  1.11213865E+00  9.99995298E-01  1.11213865E+00
    80  1.60000000E+01  1.11262111E+00  9.99994997E-01  1.11262111E+00
    81  1.62000000E+01  1.11313487E+00  9.99994680E-01  1.11313487E+00
    82  1.64000000E+01  1.11369800E+00  9.99994347E-01  1.11369800E+00
    83  1.66000000E+01  1.11418981E+00  9.99993996E-01  1.11418981E+00
    84  1.68000000E+01  1.11461391E+00  9.99993628E-01  1.11461391E+00
    85  1.70000000E+01  1.11508277E+00  9.99993241E-01  1.11508277E+00
    86  1.72000000E+01  1.11558078E+00  9.99992834E-01  1.11558078E+00
    87  1.74000000E+01  1.11601063E+00  9.99992407E-01  1.11601063E+00
    88  1.76000000E+01  1.11637660E+00  9.99991959E-01  1.11637660E+00
    89  1.78000000E+01  1.11681088E+00  9.99991490E-01  1.11681088E+00
    90  1.80000000E+01  1.11724978E+00  9.99990997E-01  1.11724978E+00
    91  1.82000000E+01  1.11762438E+00  9.99990481E-01  1.11762438E+00
    92  1.84000000E+01  1.11793936E+00  9.99989940E-01  1.11793936E+00
    93  1.86000000E+01  1.11833763E+00  9.99989375E-01  1.11833763E+00
    94  1.88000000E+01  1.11871761E+00  9.99988782E-01  1.11871761E+00
    95  1.90000000E+01  1.11903745E+00  9.99988163E-01  1.11903745E+00
    96  1.92000000E+01  1.11930231E+00  9.99987515E-01  1.11930231E+00
    97  1.94000000E+01  1.11968345E+00  9.99986839E-01  1.11968345E+00
    98  1.96000000E+01  1.12001143E+00  9.99986132E-01  1.12001143E+00
    99  1.98000000E+01  1.12028368E+00  9.99985393E-01  1.12028368E+00
   100  2.00000000E+01  1.12052226E+00  9.99984623E-01  1.12052226E+00
   101  2.02000000E+01  1.12085533E+00  9.99983819E-01  1.12085533E+00
   102  2.04000000E+01  1.12113213E+00  9.99982981E-01  1.12113213E+00
   103  2.06000000E+01  1.12135801E+00  9.99982108E-01  1.12135801E+00
   104  2.08000000E+01  1.12159932E+00  9.99981198E-01  1.12159932E+00
   105  2.10000000E+01  1.12188378E+00  9.99980250E-01  1.12188378E+00
   106  2.12000000E+01  1.12211648E+00  9.99979264E-01  1.12211648E+00
   107  2.14000000E+01  1.12230294E+00  9.99978237E-01  1.12230294E+00
   108  2.16000000E+01  1.12252580E+00  9.99977170E-01  1.12252580E+00
   109  2.18000000E+01  1.12276275E+00  9.99976061E-01  1.12276275E+00
   110  2.20000000E+01  1.12295291E+00  9.99974909E-01  1.12295291E+00
   111  2.22000000E+01  1.12310195E+00  9.99973712E-01  1.12310195E+00
   112  2.24000000E+01  1.12333573E+00  9.99972471E-01  1.12333573E+00
   113  2.26000000E+01  1.12353213E+00  9.99971182E-01  1.12353213E+00
   114  2.28000000E+01  1.12368644E+00  9.99969847E-01  1.12368644E+00
   115  2.30000000E+01  1.12381640E+00  9.99968462E-01  1.12381640E+00
   116  2.32000000E+01  1.12401678E+00  9.99967028E-01  1.12401678E+00
   117  2.34000000E+01  1.12417450E+00  9.99965544E-01  1.12417450E+00
   118  2.36000000E+01  1.12429525E+00  9.99964008E-01  1.12429525E+00
   119  2.38000000E+01  1.12444793E+00  9.99962420E-01  1.12444793E+00
   120  2.40000000E+01  1.12461131E+00  9.99960779E-01  1.12461131E+00
   121  2.42000000E+01  1.12473672E+00  9.99959083E-01  1.12473672E+00
   122  2.44000000E+01  1.12482976E+00  9.99957333E-01  1.12482976E+00
   123  2.46000000E+01  1.12496842E+00  9.99955527E-01  1.12496842E+00
   124  2.48000000E+01  1.12509695E+00  9.99953665E-01  1.12509695E+00
   125  2.50000000E+01  1.12519260E+00  9.99951747E-01  1.12519260E+00
   126  2.52000000E+01  1.12528878E+00  9.99949771E-01  1.12528878E+00
   127  2.54000000E+01  1.12542237E+00  9.99947738E-01  1.12542237E+00
   128  2.56000000E+01  1.12552205E+00  9.99945648E-01  1.12552205E+00
   129  2.58000000E+01  1.12559336E+00  9.99943500E-01  1.12559336E+00
   130  2.60000000E+01  1.12568029E+00  9.99941294E-01  1.12568029E+00
   131  2.62000000E+01  1.12578280E+00  9.99939031E-01  1.12578280E+00
   132  2.64000000E+01  1.12585643E+00  9.99936711E-01  1.12585643E+00
   133  2.66000000E+01  1.12591518E+00  9.99934334E-01  1.12591518E+00
   134  2.68000000E+01  1.12602213E+00  9.99931902E-01  1.12602213E+00
   135  2.70000000E+01  1.12609916E+00  9.99929415E-01  1.12609916E+00
   136  2.72000000E+01  1.12615167E+00  9.99926874E-01  1.12615167E+00
   137  2.74000000E+01  1.12620404E+00  9.99924282E-01  1.12620404E+00
   138  2.76000000E+01  1.12628360E+00  9.99921639E-01  1.12628360E+00
   139  2.78000000E+01  1.12633814E+00  9.99918947E-01  1.12633814E+00
   140  2.80000000E+01  1.12637407E+00  9.99916209E-01  1.12637407E+00
   141  2.82000000E+01  1.12645742E+00  9.99913428E-01  1.12645742E+00
   142  2.84000000E+01  1.12651474E+00  9.99910605E-01  1.12651474E+00
   143  2.86000000E+01  1.12655122E+00  9.99907746E-01  1.12655122E+00
   144  2.88000000E+01  1.12658186E+00  9.99904853E-01  1.12658186E+00
   145  2.90000000E+01  1.12664140E+00  9.99901930E-01  1.12664140E+00
   146  2.92000000E+01  1.12667964E+00  9.99898983E-01  1.12667964E+00
   147  2.94000000E+01  1.12670342E+00  9.99896015E-01  1.12670342E+00
   148  2.96000000E+01  1.12676611E+00  9.99893034E-01  1.12676611E+00
   149  2.98000000E+01  1.12680650E+00  9.99890044E-01  1.12680650E+00
   150  3.00000000E+01  1.12682953E+00  9.99887053E-01  1.12682953E+00
   151  3.02000000E+01  1.12684793E+00  9.99884068E-01  1.12684793E+00
   152  3.04000000E+01  1.12689024E+00  9.99881098E-01  1.12689024E+00
   153  3.06000000E+01  1.12691478E+00  9.99878150E-01  1.12691478E+00
   154  3.08000000E+01  1.12693381E+00  9.99875234E-01  1.12693381E+00
   155  3.10000000E+01  1.12697863E+00  9.99872362E-01  1.12697863E+00
   156  3.12000000E+01  1.12700468E+00  9.99869543E-01  1.12700468E+00
   157  3.14000000E+01  1.12701667E+00  9.99866791E-01  1.12701667E+00
   158  3.16000000E+01  1.12702935E+00  9.99864118E-01  1.12702935E+00
   159  3.18000000E+01  1.12705706E+00  9.99861538E-01  1.12705706E+00
   160  3.20000000E+01  1.12707029E+00  9.99859067E-01  1.12707029E+00
   161  3.22000000E+01  1.12708951E+00  9.99856720E-01  1.12708951E+00
   162  3.24000000E+01  1.12711907E+00  9.99854515E-01  1.12711907E+00
   163  3.26000000E+01  1.12713324E+00  9.99852472E-01  1.12713324E+00
   164  3.28000000E+01  1.12713637E+00  9.99850609E-01  1.12713637E+00
   165  3.30000000E+01  1.12714762E+00  9.99848948E-01  1.12714762E+00
   166  3.32000000E+01  1.12716316E+00  9.99847512E-01  1.12716316E+00
   167  3.34000000E+01  1.12716732E+00  9.99846327E-01  1.12716732E+00
   168  3.36000000E+01  1.12718956E+00  9.99845416E-01  1.12718956E+00
   169  3.38000000E+01  1.12720634E+00  9.99844810E-01  1.12720634E+00
   170  3.40000000E+01  1.12721086E+00  9.99844537E-01  1.12721086E+00
   171  3.42000000E+01  1.12720714E+00  9.99844629E-01  1.12720714E+00
   172  3.44000000E+01  1.12721949E+00  9.99845119E-01  1.12721949E+00
   173  3.46000000E+01  1.12722514E+00  9.99846044E-01  1.12722514E+00
   174  3.48000000E+01  1.12722897E+00  9.99847442E-01  1.12722897E+00
   175  3.50000000E+01  1.12724882E+00  9.99849352E-01  1.12724882E+00
   176  3.52000000E+01  1.12725511E+00  9.99851817E-01  1.12725511E+00
   177  3.54000000E+01  1.12725204E+00  9.99854884E-01  1.12725204E+00
   178  3.56000000E+01  1.12725036E+00  9.99858599E-01  1.12725036E+00
   179  3.58000000E+01  1.12725790E+00  9.99863014E-01  1.12725790E+00
   180  3.60000000E+01  1.12725573E+00  9.99868183E-01  1.12725573E+00
   181  3.62000000E+01  1.12727025E+00  9.99874163E-01  1.12727025E+00
   182  3.64000000E+01  1.12727873E+00  9.99881014E-01  1.12727873E+00
   183  3.66000000E+01  1.12727665E+00  9.99888799E-01  1.12727665E+00
   184  3.68000000E+01  1.12726785E+00  9.99897585E-01  1.12726785E+00
   185  3.70000000E+01  1.12727395E+00  9.99907445E-01  1.12727395E+00
   186  3.72000000E+01  1.12728391E+00  9.99918452E-01  1.12728391E+00
   187  3.74000000E+01  1.12729230E+00  9.99930685E-01  1.12729230E+00
   188  3.76000000E+01  1.12729928E+00  9.99944227E-01  1.12729928E+00
   189  3.78000000E+01  1.12730970E+00  9.99959167E-01  1.12730970E+00
   190  3.80000000E+01  1.12731866E+00  9.99975596E-01  1.12731866E+00
   191  3.82000000E+01  1.12732616E+00  9.99993610E-01  1.12732616E+00
   192  3.84000000E+01  1.12733236E+00  1.00001331E+00  1.12733236E+00
   193  3.86000000E+01  1.12733863E+00  1.00003481E+00  1.12733863E+00
   194  3.88000000E+01  1.12734616E+00  1.00005822E+00  1.12734616E+00
   195  3.90000000E+01  1.12735236E+00  1.00008365E+00  1.12735236E+00
   196  3.92000000E+01  1.12735744E+00  1.00011124E+00  1.12735744E+00
   197  3.94000000E+01  1.12736164E+00  1.00014110E+00  1.12736164E+00
   198  3.96000000E+01  1.12736581E+00  1.00017339E+00  1.12736581E+00
   199  3.98000000E+01  1.12737128E+00  1.00020823E+00  1.12737128E+00
   200  4.00000000E+01  1.12737575E+00  1.00024579E+00  1.12737575E+00
   201  4.02000000E+01  1.12737946E+00  1.00028622E+00  1.12737946E+00
   202  4.04000000E+01  1.12738260E+00  1.00032969E+00  1.12738260E+00
   203  4.06000000E+01  1.12738535E+00  1.00037636E+00  1.12738535E+00
   204  4.08000000E+01  1.12738811E+00  1.00042642E+00  1.12738811E+00
   205  4.10000000E+01  1.12739123E+00  1.00048006E+00  1.12739123E+00
   206  4.12000000E+01  1.12739396E+00  1.00053748E+00  1.12739396E+00
   207  4.14000000E+01  1.12739646E+00  1.00059888E+00  1.12739646E+00
   208  4.16000000E+01  1.12739880E+00  1.00066448E+00  1.12739880E+00
   209  4.18000000E+01  1.12740106E+00  1.00073451E+00  1.12740106E+00
   210  4.20000000E+01  1.12740325E+00  1.00080919E+00  1.12740325E+00
   211  4.22000000E+01  1.12740538E+00  1.00088878E+00  1.12740538E+00
   212  4.24000000E+01  1.12740742E+00  1.00097353E+00  1.12740742E+00
   213  4.26000000E+01  1.12740936E+00  1.00106370E+00  1.12740936E+00
   214  4.28000000E+01  1.12741116E+00  1.00115959E+00  1.12741116E+00
   215  4.30000000E+01  1.12741281E+00  1.00126146E+00  1.12741281E+00
   216  4.32000000E+01  1.12741429E+00  1.00136963E+00  1.12741429E+00
   217  4.34000000E+01  1.12741582E+00  1.00148441E+00  1.12741582E+00
   218  4.36000000E+01  1.12741747E+00  1.00160612E+00  1.12741747E+00
   219  4.38000000E+01  1.12741896E+00  1.00173511E+00  1.12741896E+00
   220  4.40000000E+01  1.12742030E+00  1.00187171E+00  1.12742030E+00
   221  4.42000000E+01  1.12742146E+00  1.00201631E+00  1.12742146E+00
   222  4.44000000E+01  1.12742246E+00  1.00216926E+00  1.12742246E+00
   223  4.46000000E+01  1.12742330E+00  1.00233098E+00  1.12742330E+00
   224  4.48000000E+01  1.12742400E+00  1.00250186E+00  1.12742400E+00
   225  4.50000000E+01  1.12742457E+00  1.00268232E+00  1.12742457E+00
   226  4.52000000E+01  1.12742504E+00  1.00287279E+00  1.12742504E+00
   227  4.54000000E+01  1.12742559E+00  1.00307374E+00  1.12742559E+00
   228  4.56000000E+01  1.12742617E+00  1.00328561E+00  1.12742617E+00
   229  4.58000000E+01  1.12742665E+00  1.00350891E+00  1.12742665E+00
   230  4.60000000E+01  1.12742703E+00  1.00374410E+00  1.12742703E+00
   231  4.62000000E+01  1.12742734E+00  1.00399172E+00  1.12742734E+00
   232  4.64000000E+01  1.12742758E+00  1.00425229E+00  1.12742758E+00
   233  4.66000000E+01  1.12742778E+00  1.00452634E+00  1.12742778E+00
   234  4.68000000E+01  1.12742793E+00  1.00481444E+00  1.12742793E+00
   235  4.70000000E+01  1.12742805E+00  1.00511716E+00  1.12742805E+00
   236  4.72000000E+01  1.12742813E+00  1.00543509E+00  1.12742813E+00
   237  4.74000000E+01  1.12742819E+00  1.00576883E+00  1.12742819E+00
   238  4.76000000E+01  1.12742822E+00  1.00611901E+00  1.12742822E+00
   239  4.78000000E+01  1.12742823E+00  1.00648626E+00  1.12742823E+00
   240  4.80000000E+01  1.12742822E+00  1.00687122E+00  1.12742822E+00
   241  4.82000000E+01  1.12742818E+00  1.00727456E+00  1.12742818E+00
   242  4.84000000E+01  1.12742813E+00  1.00769695E+00  1.12742813E+00
   243  4.86000000E+01  1.12742806E+00  1.00813909E+00  1.12742806E+00
   244  4.88000000E+01  1.12742797E+00  1.00860167E+00  1.12742797E+00
   245  4.90000000E+01  1.12742787E+00  1.00908541E+00  1.12742787E+00
   246  4.92000000E+01  1.12742777E+00  1.00959103E+00  1.12742777E+00
   247  4.94000000E+01  1.12742765E+00  1.01011926E+00  1.12742765E+00
   248  4.96000000E+01  1.12742753E+00  1.01067084E+00  1.12742753E+00
   249  4.98000000E+01  1.12742741E+00  1.01124651E+00  1.12742741E+00
   250  5.00000000E+01  1.12742728E+00  1.01184704E+00  1.12742728E+00
   251  5.02000000E+01  1.12742715E+00  1.01247317E+00  1.12742715E+00
   252  5.04000000E+01  1.12742702E+00  1.01312566E+00  1.12742702E+00
   253  5.06000000E+01  1.12742689E+00  1.01380527E+00  1.12742689E+00
   254  5.08000000E+01  1.12742676E+00  1.01451276E+00  1.12742676E+00
   255  5.10000000E+01  1.12742663E+00  1.01524887E+00  1.12742663E+00
   256  5.12000000E+01  1.12742651E+00  1.01601436E+00  1.12742651E+00
   257  5.14000000E+01  1.12742638E+00  1.01680994E+00  1.12742638E+00
   258  5.16000000E+01  1.12742626E+00  1.01763636E+00  1.12742626E+00
   259  5.18000000E+01  1.12742615E+00  1.01849430E+00  1.12742615E+00
   260  5.20000000E+01  1.12742603E+00  1.01938446E+00  1.12742603E+00
   261  5.22000000E+01  1.12742592E+00  1.02030750E+00  1.12742592E+00
   262  5.24000000E+01  1.12742581E+00  1.02126406E+00  1.12742581E+00
   263  5.26000000E+01  1.12742571E+00  1.02225475E+00  1.12742571E+00
   264  5.28000000E+01  1.12742561E+00  1.02328014E+00  1.12742561E+00
   265  5.30000000E+01  1.12742551E+00  1.02434077E+00  1.12742551E+00
   266  5.32000000E+01  1.12742542E+00  1.02543713E+00  1.12742542E+00
   267  5.34000000E+01  1.12742533E+00  1.02656967E+00  1.12742533E+00
   268  5.36000000E+01  1.12742524E+00  1.02773879E+00  1.12742524E+00
   269  5.38000000E+01  1.12742516E+00  1.02894483E+00  1.12742516E+00
   270  5.40000000E+01  1.12742508E+00  1.03018805E+00  1.12742508E+00
   271  5.42000000E+01  1.12742501E+00  1.03146869E+00  1.12742501E+00
   272  5.44000000E+01  1.12742494E+00  1.03278688E+00  1.12742494E+00
   273  5.46000000E+01  1.12742487E+00  1.03414269E+00  1.12742487E+00
   274  5.48000000E+01  1.12742481E+00  1.03553609E+00  1.12742481E+00
   275  5.50000000E+01  1.12742474E+00  1.03696700E+00  1.12742474E+00
   276  5.52000000E+01  1.12742469E+00  1.03843521E+00  1.12742469E+00
   277  5.54000000E+01  1.12742463E+00  1.03994044E+00  1.12742463E+00
   278  5.56000000E+01  1.12742458E+00  1.04148229E+00  1.12742458E+00
   279  5.58000000E+01  1.12742453E+00  1.04306028E+00  1.12742453E+00
   280  5.60000000E+01  1.12742449E+00  1.04467378E+00  1.12742449E+00
   281  5.62000000E+01  1.12742444E+00  1.04632209E+00  1.12742444E+00
   282  5.64000000E+01  1.12742440E+00  1.04800436E+00  1.12742440E+00
   283  5.66000000E+01  1.12742436E+00  1.04971962E+00  1.12742436E+00
   284  5.68000000E+01  1.12742433E+00  1.05146679E+00  1.12742433E+00
   285  5.70000000E+01  1.12742429E+00  1.05324465E+00  1.12742429E+00
   286  5.72000000E+01  1.12742426E+00  1.05505186E+00  1.12742426E+00
   287  5.74000000E+01  1.12742423E+00  1.05688693E+00  1.12742423E+00
   288  5.76000000E+01  1.12742420E+00  1.05874826E+00  1.12742420E+00
   289  5.78000000E+01  1.12742418E+00  1.06063409E+00  1.12742418E+00
   290  5.80000000E+01  1.12742415E+00  1.06254254E+00  1.12742415E+00
   291  5.82000000E+01  1.12742413E+00  1.06447160E+00  1.12742413E+00
   292  5.84000000E+01  1.12742411E+00  1.06641912E+00  1.12742411E+00
   293  5.86000000E+01  1.12742409E+00  1.06838282E+00  1.12742409E+00
   294  5.88000000E+01  1.12742407E+00  1.07036031E+00  1.12742407E+00
   295  5.90000000E+01  1.12742405E+00  1.07234906E+00  1.12742405E+00
   296  5.92000000E+01  1.12742403E+00  1.07434641E+00  1.12742403E+00
   297  5.94000000E+01  1.12742402E+00  1.07634962E+00  1.12742402E+00
   298  5.96000000E+01  1.12742400E+00  1.07835580E+00  1.12742400E+00
   299  5.98000000E+01  1.12742399E+00  1.08036200E+00  1.12742399E+00
   300  6.00000000E+01  1.12742398E+00  1.08236514E+00  1.12742398E+00
   301  6.02000000E+01  1.12742397E+00  1.08436207E+00  1.12742397E+00
   302  6.04000000E+01  1.12742396E+00  1.08634957E+00  1.12742396E+00
   303  6.06000000E+01  1.12742395E+00  1.08832432E+00  1.12742395E+00
   304  6.08000000E+01  1.12742394E+00  1.09028298E+00  1.12742394E+00
   305  6.10000000E+01  1.12742393E+00  1.09222214E+00  1.12742393E+00
   306  6.12000000E+01  1.12742392E+00  1.09413835E+00  1.12742392E+00
   307  6.14000000E+01  1.12742391E+00  1.09602815E+00  1.12742391E+00
   308  6.16000000E+01  1.12742391E+00  1.09788806E+00  1.12742391E+00
   309  6.18000000E+01  1.12742390E+00  1.09971460E+00  1.12742390E+00
   310  6.20000000E+01  1.12742389E+00  1.10150432E+00  1.12742389E+00
   311  6.22000000E+01  1.12742389E+00  1.10325379E+00  1.12742389E+00
   312  6.24000000E+01  1.12742388E+00  1.10495964E+00  1.12742388E+00
   313  6.26000000E+01  1.12742388E+00  1.10661857E+00  1.12742388E+00
   314  6.28000000E+01  1.12742387E+00  1.10822734E+00  1.12742387E+00
   315  6.30000000E+01  1.12742387E+00  1.10978285E+00  1.12742387E+00
   316  6.32000000E+01  1.12742387E+00  1.11128209E+00  1.12742387E+00
   317  6.34000000E+01  1.12742386E+00  1.11272224E+00  1.12742386E+00
   318  6.36000000E+01  1.12742386E+00  1.11410061E+00  1.12742386E+00
   319  6.38000000E+01  1.12742386E+00  1.11541473E+00  1.12742386E+00
   320  6.40000000E+01  1.12742385E+00  1.11666235E+00  1.12742385E+00
   321  6.42000000E+01  1.12742385E+00  1.11784146E+00  1.12742385E+00
   322  6.44000000E+01  1.12742385E+00  1.11895035E+00  1.12742385E+00
   323  6.46000000E+01  1.12742385E+00  1.11998762E+00  1.12742385E+00
   324  6.48000000E+01  1.12742384E+00  1.12095222E+00  1.12742384E+00
   325  6.50000000E+01  1.12742384E+00  1.12184348E+00  1.12742384E+00
   326  6.52000000E+01  1.12742384E+00  1.12266115E+00  1.12742384E+00
   327  6.54000000E+01  1.12742384E+00  1.12340544E+00  1.12742384E+00
   328  6.56000000E+01  1.12742384E+00  1.12407703E+00  1.12742384E+00
   329  6.58000000E+01  1.12742384E+00  1.12467711E+00  1.12742384E+00
   330  6.60000000E+01  1.12742384E+00  1.12520739E+00  1.12742384E+00
   331  6.62000000E+01  1.12742383E+00  1.12567009E+00  1.12742383E+00
   332  6.64000000E+01  1.12742383E+00  1.12606798E+00  1.12742383E+00
   333  6.66000000E+01  1.12742383E+00  1.12640431E+00  1.12742383E+00
   334  6.68000000E+01  1.12742383E+00  1.12668284E+00  1.12742383E+00
   335  6.70000000E+01  1.12742383E+00  1.12690773E+00  1.12742383E+00
   336  6.72000000E+01  1.12742383E+00  1.12708356E+00  1.12742383E+00
 steady-height stop at step    336: truncated to 3 decimals, truncated max/end/ratio =       1127      1127      1127, max/end/ratio =   1.12742383E+00  1.12708356E+00  1.12742383E+00
