 comppar: model =   2
 comppar: lambda,mobility/eps,betav,eta_0 =  3.0000E+00  0.0000E+00  8.0000E-01  1.0000E+00
 comppar: eta_s,eta_p,G =  8.0000E-01  2.0000E-01  6.6667E-02
 comppar: U_avg,deltat,flowrate,nsteps =  1.0000E-01  2.0000E-01  3.1416E-01    2000
 comppar: geometry = axisymmetric
 comppar: steady stop change,gap,hold,min =  1.0000E-07  1.0000E-03       1      80
 comppar: steady stop truncated decimals =       3
 comppar: ncompc,ncompg =     4     5
 mesh nnodes = 5797
 mesh nelem = 2796
 P1 BC   5.0000000000000000     
 P2 BC   0.0000000000000000     
     1  2.00000000E-01  1.00253188E+00  1.00000000E+00  1.00253188E+00
     2  4.00000000E-01  1.00502897E+00  1.00000000E+00  1.00502897E+00
     3  6.00000000E-01  1.00749052E+00  1.00000000E+00  1.00749052E+00
     4  8.00000000E-01  1.00991469E+00  1.00000000E+00  1.00991469E+00
     5  1.00000000E+00  1.01230816E+00  1.00000000E+00  1.01230816E+00
     6  1.20000000E+00  1.01466236E+00  1.00000000E+00  1.01466236E+00
     7  1.40000000E+00  1.01697984E+00  1.00000000E+00  1.01697984E+00
     8  1.60000000E+00  1.01926966E+00  1.00000000E+00  1.01926966E+00
     9  1.80000000E+00  1.02151353E+00  1.00000000E+00  1.02151353E+00
    10  2.00000000E+00  1.02374160E+00  1.00000000E+00  1.02374160E+00
    11  2.20000000E+00  1.02592529E+00  1.00000000E+00  1.02592529E+00
    12  2.40000000E+00  1.02809123E+00  1.00000000E+00  1.02809123E+00
    13  2.60000000E+00  1.03021269E+00  1.00000000E+00  1.03021269E+00
    14  2.80000000E+00  1.03232741E+00  1.00000000E+00  1.03232741E+00
    15  3.00000000E+00  1.03439175E+00  1.00000000E+00  1.03439175E+00
    16  3.20000000E+00  1.03646060E+00  1.00000000E+00  1.03646060E+00
    17  3.40000000E+00  1.03847647E+00  1.00000000E+00  1.03847647E+00
    18  3.60000000E+00  1.04049043E+00  1.00000000E+00  1.04049043E+00
    19  3.80000000E+00  1.04247429E+00  1.00000000E+00  1.04247429E+00
    20  4.00000000E+00  1.04442543E+00  1.00000000E+00  1.04442543E+00
    21  4.20000000E+00  1.04638129E+00  1.00000000E+00  1.04638129E+00
    22  4.40000000E+00  1.04828394E+00  9.99999998E-01  1.04828394E+00
    23  4.60000000E+00  1.05018744E+00  9.99999996E-01  1.05018744E+00
    24  4.80000000E+00  1.05207723E+00  9.99999993E-01  1.05207723E+00
    25  5.00000000E+00  1.05391303E+00  9.99999990E-01  1.05391303E+00
    26  5.20000000E+00  1.05577455E+00  9.99999986E-01  1.05577455E+00
    27  5.40000000E+00  1.05760124E+00  9.99999982E-01  1.05760124E+00
    28  5.60000000E+00  1.05937302E+00  9.99999976E-01  1.05937302E+00
    29  5.80000000E+00  1.06117037E+00  9.99999970E-01  1.06117037E+00
    30  6.00000000E+00  1.06294861E+00  9.99999963E-01  1.06294861E+00
    31  6.20000000E+00  1.06467174E+00  9.99999956E-01  1.06467174E+00
    32  6.40000000E+00  1.06639788E+00  9.99999947E-01  1.06639788E+00
    33  6.60000000E+00  1.06812880E+00  9.99999937E-01  1.06812880E+00
    34  6.80000000E+00  1.06980415E+00  9.99999926E-01  1.06980415E+00
    35  7.00000000E+00  1.07142317E+00  9.99999914E-01  1.07142317E+00
    36  7.20000000E+00  1.07312264E+00  9.99999901E-01  1.07312264E+00
    37  7.40000000E+00  1.07476665E+00  9.99999886E-01  1.07476665E+00
    38  7.60000000E+00  1.07635349E+00  9.99999870E-01  1.07635349E+00
    39  7.80000000E+00  1.07793914E+00  9.99999852E-01  1.07793914E+00
    40  8.00000000E+00  1.07955175E+00  9.99999833E-01  1.07955175E+00
    41  8.20000000E+00  1.08110724E+00  9.99999811E-01  1.08110724E+00
    42  8.40000000E+00  1.08260428E+00  9.99999788E-01  1.08260428E+00
    43  8.60000000E+00  1.08411669E+00  9.99999763E-01  1.08411669E+00
    44  8.80000000E+00  1.08565910E+00  9.99999736E-01  1.08565910E+00
    45  9.00000000E+00  1.08714366E+00  9.99999706E-01  1.08714366E+00
    46  9.20000000E+00  1.08856936E+00  9.99999674E-01  1.08856936E+00
    47  9.40000000E+00  1.08999680E+00  9.99999640E-01  1.08999680E+00
    48  9.60000000E+00  1.09146735E+00  9.99999602E-01  1.09146735E+00
    49  9.80000000E+00  1.09287950E+00  9.99999562E-01  1.09287950E+00
    50  1.00000000E+01  1.09423264E+00  9.99999519E-01  1.09423264E+00
    51  1.02000000E+01  1.09552643E+00  9.99999473E-01  1.09552643E+00
    52  1.04000000E+01  1.09692763E+00  9.99999423E-01  1.09692763E+00
    53  1.06000000E+01  1.09828778E+00  9.99999370E-01  1.09828778E+00
    54  1.08000000E+01  1.09958930E+00  9.99999313E-01  1.09958930E+00
    55  1.10000000E+01  1.10083227E+00  9.99999253E-01  1.10083227E+00
    56  1.12000000E+01  1.10207485E+00  9.99999188E-01  1.10207485E+00
    57  1.14000000E+01  1.10338131E+00  9.99999118E-01  1.10338131E+00
    58  1.16000000E+01  1.10462966E+00  9.99999044E-01  1.10462966E+00
    59  1.18000000E+01  1.10582033E+00  9.99998966E-01  1.10582033E+00
    60  1.20000000E+01  1.10695428E+00  9.99998882E-01  1.10695428E+00
    61  1.22000000E+01  1.10810893E+00  9.99998793E-01  1.10810893E+00
    62  1.24000000E+01  1.10932304E+00  9.99998698E-01  1.10932304E+00
    63  1.26000000E+01  1.11048067E+00  9.99998598E-01  1.11048067E+00
    64  1.28000000E+01  1.11158320E+00  9.99998491E-01  1.11158320E+00
    65  1.30000000E+01  1.11263263E+00  9.99998378E-01  1.11263263E+00
    66  1.32000000E+01  1.11368304E+00  9.99998259E-01  1.11368304E+00
    67  1.34000000E+01  1.11480551E+00  9.99998132E-01  1.11480551E+00
    68  1.36000000E+01  1.11587424E+00  9.99997997E-01  1.11587424E+00
    69  1.38000000E+01  1.11689158E+00  9.99997856E-01  1.11689158E+00
    70  1.40000000E+01  1.11786050E+00  9.99997706E-01  1.11786050E+00
    71  1.42000000E+01  1.11878908E+00  9.99997547E-01  1.11878908E+00
    72  1.44000000E+01  1.11982800E+00  9.99997380E-01  1.11982800E+00
    73  1.46000000E+01  1.12081777E+00  9.99997203E-01  1.12081777E+00
    74  1.48000000E+01  1.12176153E+00  9.99997017E-01  1.12176153E+00
    75  1.50000000E+01  1.12266280E+00  9.99996821E-01  1.12266280E+00
    76  1.52000000E+01  1.12352528E+00  9.99996614E-01  1.12352528E+00
    77  1.54000000E+01  1.12442617E+00  9.99996396E-01  1.12442617E+00
    78  1.56000000E+01  1.12534221E+00  9.99996167E-01  1.12534221E+00
    79  1.58000000E+01  1.12621826E+00  9.99995926E-01  1.12621826E+00
    80  1.60000000E+01  1.12705810E+00  9.99995673E-01  1.12705810E+00
    81  1.62000000E+01  1.12786539E+00  9.99995406E-01  1.12786539E+00
    82  1.64000000E+01  1.12864351E+00  9.99995127E-01  1.12864351E+00
    83  1.66000000E+01  1.12948767E+00  9.99994833E-01  1.12948767E+00
    84  1.68000000E+01  1.13030776E+00  9.99994524E-01  1.13030776E+00
    85  1.70000000E+01  1.13109698E+00  9.99994201E-01  1.13109698E+00
    86  1.72000000E+01  1.13185840E+00  9.99993861E-01  1.13185840E+00
    87  1.74000000E+01  1.13259470E+00  9.99993506E-01  1.13259470E+00
    88  1.76000000E+01  1.13330809E+00  9.99993133E-01  1.13330809E+00
    89  1.78000000E+01  1.13403826E+00  9.99992742E-01  1.13403826E+00
    90  1.80000000E+01  1.13478322E+00  9.99992334E-01  1.13478322E+00
    91  1.82000000E+01  1.13550473E+00  9.99991906E-01  1.13550473E+00
    92  1.84000000E+01  1.13620470E+00  9.99991458E-01  1.13620470E+00
    93  1.86000000E+01  1.13688460E+00  9.99990990E-01  1.13688460E+00
    94  1.88000000E+01  1.13754553E+00  9.99990501E-01  1.13754553E+00
    95  1.90000000E+01  1.13818831E+00  9.99989989E-01  1.13818831E+00
    96  1.92000000E+01  1.13885381E+00  9.99989455E-01  1.13885381E+00
    97  1.94000000E+01  1.13951987E+00  9.99988898E-01  1.13951987E+00
    98  1.96000000E+01  1.14016752E+00  9.99988316E-01  1.14016752E+00
    99  1.98000000E+01  1.14079754E+00  9.99987708E-01  1.14079754E+00
   100  2.00000000E+01  1.14141050E+00  9.99987075E-01  1.14141050E+00
   101  2.02000000E+01  1.14200683E+00  9.99986415E-01  1.14200683E+00
   102  2.04000000E+01  1.14258685E+00  9.99985727E-01  1.14258685E+00
   103  2.06000000E+01  1.14316417E+00  9.99985010E-01  1.14316417E+00
   104  2.08000000E+01  1.14376648E+00  9.99984263E-01  1.14376648E+00
   105  2.10000000E+01  1.14435233E+00  9.99983486E-01  1.14435233E+00
   106  2.12000000E+01  1.14492199E+00  9.99982677E-01  1.14492199E+00
   107  2.14000000E+01  1.14547569E+00  9.99981836E-01  1.14547569E+00
   108  2.16000000E+01  1.14601364E+00  9.99980961E-01  1.14601364E+00
   109  2.18000000E+01  1.14653598E+00  9.99980052E-01  1.14653598E+00
   110  2.20000000E+01  1.14704288E+00  9.99979108E-01  1.14704288E+00
   111  2.22000000E+01  1.14758516E+00  9.99978127E-01  1.14758516E+00
   112  2.24000000E+01  1.14811235E+00  9.99977108E-01  1.14811235E+00
   113  2.26000000E+01  1.14862411E+00  9.99976051E-01  1.14862411E+00
   114  2.28000000E+01  1.14912054E+00  9.99974954E-01  1.14912054E+00
   115  2.30000000E+01  1.14960176E+00  9.99973817E-01  1.14960176E+00
   116  2.32000000E+01  1.15006786E+00  9.99972638E-01  1.15006786E+00
   117  2.34000000E+01  1.15051896E+00  9.99971417E-01  1.15051896E+00
   118  2.36000000E+01  1.15099915E+00  9.99970151E-01  1.15099915E+00
   119  2.38000000E+01  1.15147028E+00  9.99968841E-01  1.15147028E+00
   120  2.40000000E+01  1.15192634E+00  9.99967486E-01  1.15192634E+00
   121  2.42000000E+01  1.15236746E+00  9.99966083E-01  1.15236746E+00
   122  2.44000000E+01  1.15279380E+00  9.99964633E-01  1.15279380E+00
   123  2.46000000E+01  1.15320551E+00  9.99963135E-01  1.15320551E+00
   124  2.48000000E+01  1.15360280E+00  9.99961586E-01  1.15360280E+00
   125  2.50000000E+01  1.15403084E+00  9.99959987E-01  1.15403084E+00
   126  2.52000000E+01  1.15444736E+00  9.99958337E-01  1.15444736E+00
   127  2.54000000E+01  1.15484941E+00  9.99956634E-01  1.15484941E+00
   128  2.56000000E+01  1.15523719E+00  9.99954879E-01  1.15523719E+00
   129  2.58000000E+01  1.15561096E+00  9.99953069E-01  1.15561096E+00
   130  2.60000000E+01  1.15597097E+00  9.99951205E-01  1.15597097E+00
   131  2.62000000E+01  1.15632792E+00  9.99949285E-01  1.15632792E+00
   132  2.64000000E+01  1.15670628E+00  9.99947309E-01  1.15670628E+00
   133  2.66000000E+01  1.15707078E+00  9.99945277E-01  1.15707078E+00
   134  2.68000000E+01  1.15742171E+00  9.99943188E-01  1.15742171E+00
   135  2.70000000E+01  1.15775936E+00  9.99941041E-01  1.15775936E+00
   136  2.72000000E+01  1.15808405E+00  9.99938837E-01  1.15808405E+00
   137  2.74000000E+01  1.15839610E+00  9.99936575E-01  1.15839610E+00
   138  2.76000000E+01  1.15872059E+00  9.99934255E-01  1.15872059E+00
   139  2.78000000E+01  1.15904964E+00  9.99931877E-01  1.15904964E+00
   140  2.80000000E+01  1.15936593E+00  9.99929441E-01  1.15936593E+00
   141  2.82000000E+01  1.15966979E+00  9.99926947E-01  1.15966979E+00
   142  2.84000000E+01  1.15996154E+00  9.99924396E-01  1.15996154E+00
   143  2.86000000E+01  1.16024153E+00  9.99921789E-01  1.16024153E+00
   144  2.88000000E+01  1.16051180E+00  9.99919126E-01  1.16051180E+00
   145  2.90000000E+01  1.16080757E+00  9.99916408E-01  1.16080757E+00
   146  2.92000000E+01  1.16109146E+00  9.99913636E-01  1.16109146E+00
   147  2.94000000E+01  1.16136380E+00  9.99910811E-01  1.16136380E+00
   148  2.96000000E+01  1.16162494E+00  9.99907936E-01  1.16162494E+00
   149  2.98000000E+01  1.16187521E+00  9.99905012E-01  1.16187521E+00
   150  3.00000000E+01  1.16211495E+00  9.99902041E-01  1.16211495E+00
   151  3.02000000E+01  1.16236365E+00  9.99899025E-01  1.16236365E+00
   152  3.04000000E+01  1.16261759E+00  9.99895967E-01  1.16261759E+00
   153  3.06000000E+01  1.16286088E+00  9.99892871E-01  1.16286088E+00
   154  3.08000000E+01  1.16309385E+00  9.99889738E-01  1.16309385E+00
   155  3.10000000E+01  1.16331683E+00  9.99886573E-01  1.16331683E+00
   156  3.12000000E+01  1.16353016E+00  9.99883380E-01  1.16353016E+00
   157  3.14000000E+01  1.16373612E+00  9.99880163E-01  1.16373612E+00
   158  3.16000000E+01  1.16396249E+00  9.99876928E-01  1.16396249E+00
   159  3.18000000E+01  1.16417909E+00  9.99873678E-01  1.16417909E+00
   160  3.20000000E+01  1.16438626E+00  9.99870421E-01  1.16438626E+00
   161  3.22000000E+01  1.16458432E+00  9.99867162E-01  1.16458432E+00
   162  3.24000000E+01  1.16477361E+00  9.99863909E-01  1.16477361E+00
   163  3.26000000E+01  1.16495443E+00  9.99860668E-01  1.16495443E+00
   164  3.28000000E+01  1.16514430E+00  9.99857448E-01  1.16514430E+00
   165  3.30000000E+01  1.16533658E+00  9.99854258E-01  1.16533658E+00
   166  3.32000000E+01  1.16552029E+00  9.99851106E-01  1.16552029E+00
   167  3.34000000E+01  1.16569575E+00  9.99848003E-01  1.16569575E+00
   168  3.36000000E+01  1.16586326E+00  9.99844960E-01  1.16586326E+00
   169  3.38000000E+01  1.16602314E+00  9.99841989E-01  1.16602314E+00
   170  3.40000000E+01  1.16617861E+00  9.99839101E-01  1.16617861E+00
   171  3.42000000E+01  1.16634887E+00  9.99836311E-01  1.16634887E+00
   172  3.44000000E+01  1.16651139E+00  9.99833631E-01  1.16651139E+00
   173  3.46000000E+01  1.16666647E+00  9.99831079E-01  1.16666647E+00
   174  3.48000000E+01  1.16681441E+00  9.99828669E-01  1.16681441E+00
   175  3.50000000E+01  1.16695550E+00  9.99826420E-01  1.16695550E+00
   176  3.52000000E+01  1.16709002E+00  9.99824349E-01  1.16709002E+00
   177  3.54000000E+01  1.16723249E+00  9.99822476E-01  1.16723249E+00
   178  3.56000000E+01  1.16737594E+00  9.99820823E-01  1.16737594E+00
   179  3.58000000E+01  1.16751272E+00  9.99819412E-01  1.16751272E+00
   180  3.60000000E+01  1.16764311E+00  9.99818266E-01  1.16764311E+00
   181  3.62000000E+01  1.16776736E+00  9.99817410E-01  1.16776736E+00
   182  3.64000000E+01  1.16788575E+00  9.99816872E-01  1.16788575E+00
   183  3.66000000E+01  1.16800019E+00  9.99816679E-01  1.16800019E+00
   184  3.68000000E+01  1.16812660E+00  9.99816862E-01  1.16812660E+00
   185  3.70000000E+01  1.16824706E+00  9.99817452E-01  1.16824706E+00
   186  3.72000000E+01  1.16836181E+00  9.99818483E-01  1.16836181E+00
   187  3.74000000E+01  1.16847110E+00  9.99819990E-01  1.16847110E+00
   188  3.76000000E+01  1.16857517E+00  9.99822012E-01  1.16857517E+00
   189  3.78000000E+01  1.16867425E+00  9.99824587E-01  1.16867425E+00
   190  3.80000000E+01  1.16877750E+00  9.99827757E-01  1.16877750E+00
   191  3.82000000E+01  1.16888338E+00  9.99831567E-01  1.16888338E+00
   192  3.84000000E+01  1.16898419E+00  9.99836063E-01  1.16898419E+00
   193  3.86000000E+01  1.16908014E+00  9.99841294E-01  1.16908014E+00
   194  3.88000000E+01  1.16917146E+00  9.99847312E-01  1.16917146E+00
   195  3.90000000E+01  1.16925836E+00  9.99854171E-01  1.16925836E+00
   196  3.92000000E+01  1.16934102E+00  9.99861929E-01  1.16934102E+00
   197  3.94000000E+01  1.16943215E+00  9.99870646E-01  1.16943215E+00
   198  3.96000000E+01  1.16952063E+00  9.99880385E-01  1.16952063E+00
   199  3.98000000E+01  1.16960480E+00  9.99891212E-01  1.16960480E+00
   200  4.00000000E+01  1.16968487E+00  9.99903199E-01  1.16968487E+00
   201  4.02000000E+01  1.16976102E+00  9.99916418E-01  1.16976102E+00
   202  4.04000000E+01  1.16983343E+00  9.99930947E-01  1.16983343E+00
   203  4.06000000E+01  1.16990473E+00  9.99946866E-01  1.16990473E+00
   204  4.08000000E+01  1.16998225E+00  9.99964262E-01  1.16998225E+00
   205  4.10000000E+01  1.17005597E+00  9.99983222E-01  1.17005597E+00
   206  4.12000000E+01  1.17012606E+00  1.00000384E+00  1.17012606E+00
   207  4.14000000E+01  1.17019269E+00  1.00002621E+00  1.17019269E+00
   208  4.16000000E+01  1.17025602E+00  1.00005045E+00  1.17025602E+00
   209  4.18000000E+01  1.17031620E+00  1.00007665E+00  1.17031620E+00
   210  4.20000000E+01  1.17037738E+00  1.00010493E+00  1.17037738E+00
   211  4.22000000E+01  1.17044191E+00  1.00013540E+00  1.17044191E+00
   212  4.24000000E+01  1.17050323E+00  1.00016820E+00  1.17050323E+00
   213  4.26000000E+01  1.17056151E+00  1.00020344E+00  1.17056151E+00
   214  4.28000000E+01  1.17061687E+00  1.00024126E+00  1.17061687E+00
   215  4.30000000E+01  1.17066947E+00  1.00028181E+00  1.17066947E+00
   216  4.32000000E+01  1.17071942E+00  1.00032522E+00  1.17071942E+00
   217  4.34000000E+01  1.17077166E+00  1.00037166E+00  1.17077166E+00
   218  4.36000000E+01  1.17082523E+00  1.00042128E+00  1.17082523E+00
   219  4.38000000E+01  1.17087612E+00  1.00047425E+00  1.17087612E+00
   220  4.40000000E+01  1.17092444E+00  1.00053074E+00  1.17092444E+00
   221  4.42000000E+01  1.17097033E+00  1.00059094E+00  1.17097033E+00
   222  4.44000000E+01  1.17101390E+00  1.00065502E+00  1.17101390E+00
   223  4.46000000E+01  1.17105527E+00  1.00072320E+00  1.17105527E+00
   224  4.48000000E+01  1.17109832E+00  1.00079566E+00  1.17109832E+00
   225  4.50000000E+01  1.17114274E+00  1.00087263E+00  1.17114274E+00
   226  4.52000000E+01  1.17118491E+00  1.00095433E+00  1.17118491E+00
   227  4.54000000E+01  1.17122494E+00  1.00104098E+00  1.17122494E+00
   228  4.56000000E+01  1.17126294E+00  1.00113283E+00  1.17126294E+00
   229  4.58000000E+01  1.17129900E+00  1.00123013E+00  1.17129900E+00
   230  4.60000000E+01  1.17133321E+00  1.00133312E+00  1.17133321E+00
   231  4.62000000E+01  1.17136812E+00  1.00144209E+00  1.17136812E+00
   232  4.64000000E+01  1.17140486E+00  1.00155730E+00  1.17140486E+00
   233  4.66000000E+01  1.17143973E+00  1.00167905E+00  1.17143973E+00
   234  4.68000000E+01  1.17147281E+00  1.00180764E+00  1.17147281E+00
   235  4.70000000E+01  1.17150419E+00  1.00194337E+00  1.17150419E+00
   236  4.72000000E+01  1.17153396E+00  1.00208657E+00  1.17153396E+00
   237  4.74000000E+01  1.17156219E+00  1.00223758E+00  1.17156219E+00
   238  4.76000000E+01  1.17158935E+00  1.00239672E+00  1.17158935E+00
   239  4.78000000E+01  1.17161972E+00  1.00256437E+00  1.17161972E+00
   240  4.80000000E+01  1.17164852E+00  1.00274089E+00  1.17164852E+00
   241  4.82000000E+01  1.17167584E+00  1.00292666E+00  1.17167584E+00
   242  4.84000000E+01  1.17170174E+00  1.00312207E+00  1.17170174E+00
   243  4.86000000E+01  1.17172629E+00  1.00332752E+00  1.17172629E+00
   244  4.88000000E+01  1.17174957E+00  1.00354345E+00  1.17174957E+00
   245  4.90000000E+01  1.17177164E+00  1.00377027E+00  1.17177164E+00
   246  4.92000000E+01  1.17179504E+00  1.00400844E+00  1.17179504E+00
   247  4.94000000E+01  1.17181877E+00  1.00425842E+00  1.17181877E+00
   248  4.96000000E+01  1.17184127E+00  1.00452066E+00  1.17184127E+00
   249  4.98000000E+01  1.17186259E+00  1.00479567E+00  1.17186259E+00
   250  5.00000000E+01  1.17188280E+00  1.00508393E+00  1.17188280E+00
   251  5.02000000E+01  1.17190195E+00  1.00538596E+00  1.17190195E+00
   252  5.04000000E+01  1.17192009E+00  1.00570229E+00  1.17192009E+00
   253  5.06000000E+01  1.17193728E+00  1.00603345E+00  1.17193728E+00
   254  5.08000000E+01  1.17195632E+00  1.00638000E+00  1.17195632E+00
   255  5.10000000E+01  1.17197484E+00  1.00674250E+00  1.17197484E+00
   256  5.12000000E+01  1.17199238E+00  1.00712153E+00  1.17199238E+00
   257  5.14000000E+01  1.17200900E+00  1.00751768E+00  1.17200900E+00
   258  5.16000000E+01  1.17202475E+00  1.00793155E+00  1.17202475E+00
   259  5.18000000E+01  1.17203965E+00  1.00836376E+00  1.17203965E+00
   260  5.20000000E+01  1.17205377E+00  1.00881494E+00  1.17205377E+00
   261  5.22000000E+01  1.17206714E+00  1.00928571E+00  1.17206714E+00
   262  5.24000000E+01  1.17208186E+00  1.00977673E+00  1.17208186E+00
   263  5.26000000E+01  1.17209626E+00  1.01028866E+00  1.17209626E+00
   264  5.28000000E+01  1.17210990E+00  1.01082216E+00  1.17210990E+00
   265  5.30000000E+01  1.17212281E+00  1.01137790E+00  1.17212281E+00
   266  5.32000000E+01  1.17213503E+00  1.01195658E+00  1.17213503E+00
   267  5.34000000E+01  1.17214660E+00  1.01255887E+00  1.17214660E+00
   268  5.36000000E+01  1.17215756E+00  1.01318546E+00  1.17215756E+00
   269  5.38000000E+01  1.17216792E+00  1.01383706E+00  1.17216792E+00
   270  5.40000000E+01  1.17217843E+00  1.01451437E+00  1.17217843E+00
   271  5.42000000E+01  1.17218961E+00  1.01521807E+00  1.17218961E+00
   272  5.44000000E+01  1.17220020E+00  1.01594887E+00  1.17220020E+00
   273  5.46000000E+01  1.17221022E+00  1.01670747E+00  1.17221022E+00
   274  5.48000000E+01  1.17221970E+00  1.01749455E+00  1.17221970E+00
   275  5.50000000E+01  1.17222867E+00  1.01831079E+00  1.17222867E+00
   276  5.52000000E+01  1.17223716E+00  1.01915687E+00  1.17223716E+00
   277  5.54000000E+01  1.17224519E+00  1.02003346E+00  1.17224519E+00
   278  5.56000000E+01  1.17225278E+00  1.02094118E+00  1.17225278E+00
   279  5.58000000E+01  1.17226038E+00  1.02188069E+00  1.17226038E+00
   280  5.60000000E+01  1.17226858E+00  1.02285258E+00  1.17226858E+00
   281  5.62000000E+01  1.17227633E+00  1.02385746E+00  1.17227633E+00
   282  5.64000000E+01  1.17228366E+00  1.02489587E+00  1.17228366E+00
   283  5.66000000E+01  1.17229059E+00  1.02596835E+00  1.17229059E+00
   284  5.68000000E+01  1.17229715E+00  1.02707541E+00  1.17229715E+00
   285  5.70000000E+01  1.17230335E+00  1.02821752E+00  1.17230335E+00
   286  5.72000000E+01  1.17230921E+00  1.02939511E+00  1.17230921E+00
   287  5.74000000E+01  1.17231475E+00  1.03060855E+00  1.17231475E+00
   288  5.76000000E+01  1.17231999E+00  1.03185820E+00  1.17231999E+00
   289  5.78000000E+01  1.17232538E+00  1.03314434E+00  1.17232538E+00
   290  5.80000000E+01  1.17233104E+00  1.03446722E+00  1.17233104E+00
   291  5.82000000E+01  1.17233639E+00  1.03582702E+00  1.17233639E+00
   292  5.84000000E+01  1.17234146E+00  1.03722386E+00  1.17234146E+00
   293  5.86000000E+01  1.17234624E+00  1.03865778E+00  1.17234624E+00
   294  5.88000000E+01  1.17235076E+00  1.04012880E+00  1.17235076E+00
   295  5.90000000E+01  1.17235504E+00  1.04163681E+00  1.17235504E+00
   296  5.92000000E+01  1.17235907E+00  1.04318165E+00  1.17235907E+00
   297  5.94000000E+01  1.17236289E+00  1.04476310E+00  1.17236289E+00
   298  5.96000000E+01  1.17236650E+00  1.04638081E+00  1.17236650E+00
   299  5.98000000E+01  1.17236990E+00  1.04803439E+00  1.17236990E+00
   300  6.00000000E+01  1.17237316E+00  1.04972332E+00  1.17237316E+00
   301  6.02000000E+01  1.17237684E+00  1.05144703E+00  1.17237684E+00
   302  6.04000000E+01  1.17238032E+00  1.05320480E+00  1.17238032E+00
   303  6.06000000E+01  1.17238361E+00  1.05499587E+00  1.17238361E+00
   304  6.08000000E+01  1.17238672E+00  1.05681934E+00  1.17238672E+00
   305  6.10000000E+01  1.17238965E+00  1.05867422E+00  1.17238965E+00
   306  6.12000000E+01  1.17239242E+00  1.06055941E+00  1.17239242E+00
   307  6.14000000E+01  1.17239504E+00  1.06247373E+00  1.17239504E+00
   308  6.16000000E+01  1.17239751E+00  1.06441586E+00  1.17239751E+00
   309  6.18000000E+01  1.17239984E+00  1.06638441E+00  1.17239984E+00
   310  6.20000000E+01  1.17240204E+00  1.06837787E+00  1.17240204E+00
   311  6.22000000E+01  1.17240413E+00  1.07039462E+00  1.17240413E+00
   312  6.24000000E+01  1.17240609E+00  1.07243295E+00  1.17240609E+00
   313  6.26000000E+01  1.17240795E+00  1.07449105E+00  1.17240795E+00
   314  6.28000000E+01  1.17240970E+00  1.07656701E+00  1.17240970E+00
   315  6.30000000E+01  1.17241164E+00  1.07865884E+00  1.17241164E+00
   316  6.32000000E+01  1.17241353E+00  1.08076443E+00  1.17241353E+00
   317  6.34000000E+01  1.17241532E+00  1.08288163E+00  1.17241532E+00
   318  6.36000000E+01  1.17241701E+00  1.08500816E+00  1.17241701E+00
   319  6.38000000E+01  1.17241861E+00  1.08714171E+00  1.17241861E+00
   320  6.40000000E+01  1.17242012E+00  1.08927988E+00  1.17242012E+00
   321  6.42000000E+01  1.17242154E+00  1.09142020E+00  1.17242154E+00
   322  6.44000000E+01  1.17242288E+00  1.09356016E+00  1.17242288E+00
   323  6.46000000E+01  1.17242415E+00  1.09569719E+00  1.17242415E+00
   324  6.48000000E+01  1.17242534E+00  1.09782868E+00  1.17242534E+00
   325  6.50000000E+01  1.17242647E+00  1.09995200E+00  1.17242647E+00
   326  6.52000000E+01  1.17242754E+00  1.10206447E+00  1.17242754E+00
   327  6.54000000E+01  1.17242854E+00  1.10416343E+00  1.17242854E+00
   328  6.56000000E+01  1.17242949E+00  1.10624617E+00  1.17242949E+00
   329  6.58000000E+01  1.17243039E+00  1.10831003E+00  1.17243039E+00
   330  6.60000000E+01  1.17243123E+00  1.11035232E+00  1.17243123E+00
   331  6.62000000E+01  1.17243203E+00  1.11237042E+00  1.17243203E+00
   332  6.64000000E+01  1.17243278E+00  1.11436170E+00  1.17243278E+00
   333  6.66000000E+01  1.17243349E+00  1.11632362E+00  1.17243349E+00
   334  6.68000000E+01  1.17243415E+00  1.11825368E+00  1.17243415E+00
   335  6.70000000E+01  1.17243478E+00  1.12014944E+00  1.17243478E+00
   336  6.72000000E+01  1.17243538E+00  1.12200856E+00  1.17243538E+00
   337  6.74000000E+01  1.17243594E+00  1.12382880E+00  1.17243594E+00
   338  6.76000000E+01  1.17243647E+00  1.12560802E+00  1.17243647E+00
   339  6.78000000E+01  1.17243697E+00  1.12734420E+00  1.17243697E+00
   340  6.80000000E+01  1.17243751E+00  1.12903546E+00  1.17243751E+00
   341  6.82000000E+01  1.17243805E+00  1.13068007E+00  1.17243805E+00
   342  6.84000000E+01  1.17243856E+00  1.13227649E+00  1.17243856E+00
   343  6.86000000E+01  1.17243904E+00  1.13382332E+00  1.17243904E+00
   344  6.88000000E+01  1.17243949E+00  1.13531941E+00  1.17243949E+00
   345  6.90000000E+01  1.17243992E+00  1.13676380E+00  1.17243992E+00
   346  6.92000000E+01  1.17244032E+00  1.13815577E+00  1.17244032E+00
   347  6.94000000E+01  1.17244070E+00  1.13949488E+00  1.17244070E+00
   348  6.96000000E+01  1.17244106E+00  1.14078094E+00  1.17244106E+00
   349  6.98000000E+01  1.17244140E+00  1.14201406E+00  1.17244140E+00
   350  7.00000000E+01  1.17244172E+00  1.14319467E+00  1.17244172E+00
   351  7.02000000E+01  1.17244202E+00  1.14432348E+00  1.17244202E+00
   352  7.04000000E+01  1.17244230E+00  1.14540155E+00  1.17244230E+00
   353  7.06000000E+01  1.17244257E+00  1.14643021E+00  1.17244257E+00
   354  7.08000000E+01  1.17244282E+00  1.14741113E+00  1.17244282E+00
   355  7.10000000E+01  1.17244306E+00  1.14834622E+00  1.17244306E+00
   356  7.12000000E+01  1.17244328E+00  1.14923769E+00  1.17244328E+00
   357  7.14000000E+01  1.17244349E+00  1.15008791E+00  1.17244349E+00
   358  7.16000000E+01  1.17244369E+00  1.15089946E+00  1.17244369E+00
   359  7.18000000E+01  1.17244388E+00  1.15167504E+00  1.17244388E+00
   360  7.20000000E+01  1.17244406E+00  1.15241740E+00  1.17244406E+00
   361  7.22000000E+01  1.17244422E+00  1.15312932E+00  1.17244422E+00
   362  7.24000000E+01  1.17244438E+00  1.15381350E+00  1.17244438E+00
   363  7.26000000E+01  1.17244453E+00  1.15447257E+00  1.17244453E+00
   364  7.28000000E+01  1.17244467E+00  1.15510898E+00  1.17244467E+00
   365  7.30000000E+01  1.17244480E+00  1.15572498E+00  1.17244480E+00
   366  7.32000000E+01  1.17244492E+00  1.15632258E+00  1.17244492E+00
   367  7.34000000E+01  1.17244504E+00  1.15690353E+00  1.17244504E+00
   368  7.36000000E+01  1.17244515E+00  1.15746927E+00  1.17244515E+00
   369  7.38000000E+01  1.17244526E+00  1.15802098E+00  1.17244526E+00
   370  7.40000000E+01  1.17244535E+00  1.15855951E+00  1.17244535E+00
   371  7.42000000E+01  1.17244545E+00  1.15908549E+00  1.17244545E+00
   372  7.44000000E+01  1.17244553E+00  1.15959928E+00  1.17244553E+00
   373  7.46000000E+01  1.17244561E+00  1.16010100E+00  1.17244561E+00
   374  7.48000000E+01  1.17244569E+00  1.16059065E+00  1.17244569E+00
   375  7.50000000E+01  1.17244576E+00  1.16106805E+00  1.17244576E+00
   376  7.52000000E+01  1.17244583E+00  1.16153294E+00  1.17244583E+00
   377  7.54000000E+01  1.17244590E+00  1.16198501E+00  1.17244590E+00
   378  7.56000000E+01  1.17244596E+00  1.16242394E+00  1.17244596E+00
   379  7.58000000E+01  1.17244602E+00  1.16284940E+00  1.17244602E+00
   380  7.60000000E+01  1.17244607E+00  1.16326113E+00  1.17244607E+00
   381  7.62000000E+01  1.17244612E+00  1.16365892E+00  1.17244612E+00
   382  7.64000000E+01  1.17244617E+00  1.16404266E+00  1.17244617E+00
   383  7.66000000E+01  1.17244621E+00  1.16441229E+00  1.17244621E+00
   384  7.68000000E+01  1.17244626E+00  1.16476788E+00  1.17244626E+00
   385  7.70000000E+01  1.17244630E+00  1.16510956E+00  1.17244630E+00
   386  7.72000000E+01  1.17244634E+00  1.16543755E+00  1.17244634E+00
   387  7.74000000E+01  1.17244637E+00  1.16575213E+00  1.17244637E+00
   388  7.76000000E+01  1.17244640E+00  1.16605364E+00  1.17244640E+00
   389  7.78000000E+01  1.17244644E+00  1.16634247E+00  1.17244644E+00
   390  7.80000000E+01  1.17244647E+00  1.16661904E+00  1.17244647E+00
   391  7.82000000E+01  1.17244649E+00  1.16688377E+00  1.17244649E+00
   392  7.84000000E+01  1.17244652E+00  1.16713712E+00  1.17244652E+00
   393  7.86000000E+01  1.17244655E+00  1.16737952E+00  1.17244655E+00
   394  7.88000000E+01  1.17244657E+00  1.16761140E+00  1.17244657E+00
   395  7.90000000E+01  1.17244659E+00  1.16783318E+00  1.17244659E+00
   396  7.92000000E+01  1.17244661E+00  1.16804525E+00  1.17244661E+00
   397  7.94000000E+01  1.17244663E+00  1.16824801E+00  1.17244663E+00
   398  7.96000000E+01  1.17244665E+00  1.16844181E+00  1.17244665E+00
   399  7.98000000E+01  1.17244667E+00  1.16862699E+00  1.17244667E+00
   400  8.00000000E+01  1.17244669E+00  1.16880389E+00  1.17244669E+00
   401  8.02000000E+01  1.17244670E+00  1.16897282E+00  1.17244670E+00
   402  8.04000000E+01  1.17244672E+00  1.16913407E+00  1.17244672E+00
   403  8.06000000E+01  1.17244673E+00  1.16928794E+00  1.17244673E+00
   404  8.08000000E+01  1.17244674E+00  1.16943470E+00  1.17244674E+00
   405  8.10000000E+01  1.17244676E+00  1.16957465E+00  1.17244676E+00
   406  8.12000000E+01  1.17244677E+00  1.16970803E+00  1.17244677E+00
   407  8.14000000E+01  1.17244678E+00  1.16983513E+00  1.17244678E+00
   408  8.16000000E+01  1.17244679E+00  1.16995619E+00  1.17244679E+00
   409  8.18000000E+01  1.17244680E+00  1.17007146E+00  1.17244680E+00
   410  8.20000000E+01  1.17244681E+00  1.17018120E+00  1.17244681E+00
   411  8.22000000E+01  1.17244682E+00  1.17028565E+00  1.17244682E+00
   412  8.24000000E+01  1.17244682E+00  1.17038504E+00  1.17244682E+00
   413  8.26000000E+01  1.17244683E+00  1.17047960E+00  1.17244683E+00
   414  8.28000000E+01  1.17244684E+00  1.17056955E+00  1.17244684E+00
   415  8.30000000E+01  1.17244685E+00  1.17065510E+00  1.17244685E+00
   416  8.32000000E+01  1.17244685E+00  1.17073646E+00  1.17244685E+00
   417  8.34000000E+01  1.17244686E+00  1.17081382E+00  1.17244686E+00
   418  8.36000000E+01  1.17244686E+00  1.17088736E+00  1.17244686E+00
   419  8.38000000E+01  1.17244687E+00  1.17095727E+00  1.17244687E+00
   420  8.40000000E+01  1.17244687E+00  1.17102372E+00  1.17244687E+00
   421  8.42000000E+01  1.17244688E+00  1.17108688E+00  1.17244688E+00
   422  8.44000000E+01  1.17244688E+00  1.17114689E+00  1.17244688E+00
   423  8.46000000E+01  1.17244689E+00  1.17120390E+00  1.17244689E+00
   424  8.48000000E+01  1.17244689E+00  1.17125806E+00  1.17244689E+00
   425  8.50000000E+01  1.17244690E+00  1.17130951E+00  1.17244690E+00
   426  8.52000000E+01  1.17244690E+00  1.17135837E+00  1.17244690E+00
   427  8.54000000E+01  1.17244690E+00  1.17140476E+00  1.17244690E+00
   428  8.56000000E+01  1.17244691E+00  1.17144880E+00  1.17244691E+00
   429  8.58000000E+01  1.17244691E+00  1.17149061E+00  1.17244691E+00
   430  8.60000000E+01  1.17244691E+00  1.17153029E+00  1.17244691E+00
   431  8.62000000E+01  1.17244691E+00  1.17156795E+00  1.17244691E+00
   432  8.64000000E+01  1.17244692E+00  1.17160369E+00  1.17244692E+00
   433  8.66000000E+01  1.17244692E+00  1.17163759E+00  1.17244692E+00
   434  8.68000000E+01  1.17244692E+00  1.17166975E+00  1.17244692E+00
   435  8.70000000E+01  1.17244692E+00  1.17170025E+00  1.17244692E+00
   436  8.72000000E+01  1.17244692E+00  1.17172918E+00  1.17244692E+00
   437  8.74000000E+01  1.17244693E+00  1.17175662E+00  1.17244693E+00
   438  8.76000000E+01  1.17244693E+00  1.17178263E+00  1.17244693E+00
   439  8.78000000E+01  1.17244693E+00  1.17180728E+00  1.17244693E+00
   440  8.80000000E+01  1.17244693E+00  1.17183066E+00  1.17244693E+00
   441  8.82000000E+01  1.17244693E+00  1.17185281E+00  1.17244693E+00
   442  8.84000000E+01  1.17244693E+00  1.17187381E+00  1.17244693E+00
   443  8.86000000E+01  1.17244694E+00  1.17189371E+00  1.17244694E+00
   444  8.88000000E+01  1.17244694E+00  1.17191256E+00  1.17244694E+00
   445  8.90000000E+01  1.17244694E+00  1.17193042E+00  1.17244694E+00
   446  8.92000000E+01  1.17244694E+00  1.17194733E+00  1.17244694E+00
   447  8.94000000E+01  1.17244694E+00  1.17196336E+00  1.17244694E+00
   448  8.96000000E+01  1.17244694E+00  1.17197853E+00  1.17244694E+00
   449  8.98000000E+01  1.17244694E+00  1.17199290E+00  1.17244694E+00
   450  9.00000000E+01  1.17244694E+00  1.17200651E+00  1.17244694E+00
 steady-height stop at step    450: truncated to 3 decimals, truncated max/end/ratio =       1172      1172      1172, max/end/ratio =   1.17244694E+00  1.17200651E+00  1.17244694E+00
