 comppar: model =   3
 comppar: lambda,mobility/eps,betav,eta_0 =  7.0000E+00  1.0000E-02  1.0000E-01  1.0000E+00
 comppar: eta_s,eta_p,G =  1.0000E-01  9.0000E-01  1.2857E-01
 comppar: U_avg,deltat,flowrate,nsteps =  1.0000E-01  4.0000E-01  3.1416E-01    1000
 comppar: geometry = axisymmetric
 comppar: steady stop change,gap,hold,min =  1.0000E-05  2.0000E-04      10      80
 comppar: steady stop rounded decimals =       4
 comppar: ncompc,ncompg =     4     5
 mesh nnodes = 22999
 mesh nelem = 11296
 P1 BC   5.0000000000000000     
 P2 BC   0.0000000000000000     
     1  4.00000000E-01  1.00503209E+00  1.00000000E+00  1.00503209E+00
     2  8.00000000E-01  1.00981615E+00  1.00000000E+00  1.00981615E+00
     3  1.20000000E+00  1.01433742E+00  1.00000000E+00  1.01433742E+00
     4  1.60000000E+00  1.01871613E+00  1.00000000E+00  1.01871613E+00
     5  2.00000000E+00  1.02302732E+00  1.00000001E+00  1.02302732E+00
     6  2.40000000E+00  1.02734882E+00  1.00000001E+00  1.02734882E+00
     7  2.80000000E+00  1.03175326E+00  1.00000001E+00  1.03175326E+00
     8  3.20000000E+00  1.03630554E+00  1.00000001E+00  1.03630554E+00
     9  3.60000000E+00  1.04102817E+00  1.00000001E+00  1.04102817E+00
    10  4.00000000E+00  1.04594209E+00  1.00000001E+00  1.04594209E+00
    11  4.40000000E+00  1.05105793E+00  1.00000001E+00  1.05105793E+00
    12  4.80000000E+00  1.05637557E+00  1.00000001E+00  1.05637557E+00
    13  5.20000000E+00  1.06190105E+00  1.00000001E+00  1.06190105E+00
    14  5.60000000E+00  1.06762604E+00  1.00000001E+00  1.06762604E+00
    15  6.00000000E+00  1.07354256E+00  1.00000000E+00  1.07354256E+00
    16  6.40000000E+00  1.07962736E+00  9.99999994E-01  1.07962736E+00
    17  6.80000000E+00  1.08588721E+00  9.99999986E-01  1.08588721E+00
    18  7.20000000E+00  1.09228629E+00  9.99999976E-01  1.09228629E+00
    19  7.60000000E+00  1.09880135E+00  9.99999963E-01  1.09880135E+00
    20  8.00000000E+00  1.10541050E+00  9.99999948E-01  1.10541050E+00
    21  8.40000000E+00  1.11210420E+00  9.99999931E-01  1.11210420E+00
    22  8.80000000E+00  1.11885957E+00  9.99999910E-01  1.11885957E+00
    23  9.20000000E+00  1.12564745E+00  9.99999886E-01  1.12564745E+00
    24  9.60000000E+00  1.13244744E+00  9.99999858E-01  1.13244744E+00
    25  1.00000000E+01  1.13926252E+00  9.99999826E-01  1.13926252E+00
    26  1.04000000E+01  1.14607641E+00  9.99999790E-01  1.14607641E+00
    27  1.08000000E+01  1.15285454E+00  9.99999749E-01  1.15285454E+00
    28  1.12000000E+01  1.15961486E+00  9.99999703E-01  1.15961486E+00
    29  1.16000000E+01  1.16633521E+00  9.99999651E-01  1.16633521E+00
    30  1.20000000E+01  1.17298278E+00  9.99999594E-01  1.17298278E+00
    31  1.24000000E+01  1.17961577E+00  9.99999530E-01  1.17961577E+00
    32  1.28000000E+01  1.18615962E+00  9.99999458E-01  1.18615962E+00
    33  1.32000000E+01  1.19267489E+00  9.99999380E-01  1.19267489E+00
    34  1.36000000E+01  1.19910208E+00  9.99999293E-01  1.19910208E+00
    35  1.40000000E+01  1.20551208E+00  9.99999198E-01  1.20551208E+00
    36  1.44000000E+01  1.21181993E+00  9.99999094E-01  1.21181993E+00
    37  1.48000000E+01  1.21807150E+00  9.99998980E-01  1.21807150E+00
    38  1.52000000E+01  1.22424770E+00  9.99998855E-01  1.22424770E+00
    39  1.56000000E+01  1.23031580E+00  9.99998720E-01  1.23031580E+00
    40  1.60000000E+01  1.23635645E+00  9.99998572E-01  1.23635645E+00
    41  1.64000000E+01  1.24228501E+00  9.99998413E-01  1.24228501E+00
    42  1.68000000E+01  1.24818548E+00  9.99998239E-01  1.24818548E+00
    43  1.72000000E+01  1.25396027E+00  9.99998052E-01  1.25396027E+00
    44  1.76000000E+01  1.25968266E+00  9.99997850E-01  1.25968266E+00
    45  1.80000000E+01  1.26532215E+00  9.99997632E-01  1.26532215E+00
    46  1.84000000E+01  1.27083905E+00  9.99997397E-01  1.27083905E+00
    47  1.88000000E+01  1.27634667E+00  9.99997145E-01  1.27634667E+00
    48  1.92000000E+01  1.28172500E+00  9.99996874E-01  1.28172500E+00
    49  1.96000000E+01  1.28707894E+00  9.99996583E-01  1.28707894E+00
    50  2.00000000E+01  1.29233473E+00  9.99996272E-01  1.29233473E+00
    51  2.04000000E+01  1.29752360E+00  9.99995938E-01  1.29752360E+00
    52  2.08000000E+01  1.30265686E+00  9.99995582E-01  1.30265686E+00
    53  2.12000000E+01  1.30767638E+00  9.99995201E-01  1.30767638E+00
    54  2.16000000E+01  1.31269680E+00  9.99994794E-01  1.31269680E+00
    55  2.20000000E+01  1.31758742E+00  9.99994361E-01  1.31758742E+00
    56  2.24000000E+01  1.32245195E+00  9.99993899E-01  1.32245195E+00
    57  2.28000000E+01  1.32723155E+00  9.99993408E-01  1.32723155E+00
    58  2.32000000E+01  1.33188196E+00  9.99992885E-01  1.33188196E+00
    59  2.36000000E+01  1.33653845E+00  9.99992330E-01  1.33653845E+00
    60  2.40000000E+01  1.34108995E+00  9.99991740E-01  1.34108995E+00
    61  2.44000000E+01  1.34551838E+00  9.99991114E-01  1.34551838E+00
    62  2.48000000E+01  1.34997338E+00  9.99990450E-01  1.34997338E+00
    63  2.52000000E+01  1.35430188E+00  9.99989746E-01  1.35430188E+00
    64  2.56000000E+01  1.35859318E+00  9.99989001E-01  1.35859318E+00
    65  2.60000000E+01  1.36283720E+00  9.99988212E-01  1.36283720E+00
    66  2.64000000E+01  1.36695772E+00  9.99987378E-01  1.36695772E+00
    67  2.68000000E+01  1.37111624E+00  9.99986496E-01  1.37111624E+00
    68  2.72000000E+01  1.37515478E+00  9.99985565E-01  1.37515478E+00
    69  2.76000000E+01  1.37909611E+00  9.99984581E-01  1.37909611E+00
    70  2.80000000E+01  1.38305514E+00  9.99983543E-01  1.38305514E+00
    71  2.84000000E+01  1.38689462E+00  9.99982448E-01  1.38689462E+00
    72  2.88000000E+01  1.39066616E+00  9.99981293E-01  1.39066616E+00
    73  2.92000000E+01  1.39442760E+00  9.99980077E-01  1.39442760E+00
    74  2.96000000E+01  1.39807052E+00  9.99978796E-01  1.39807052E+00
    75  3.00000000E+01  1.40170380E+00  9.99977447E-01  1.40170380E+00
    76  3.04000000E+01  1.40527015E+00  9.99976028E-01  1.40527015E+00
    77  3.08000000E+01  1.40874543E+00  9.99974536E-01  1.40874543E+00
    78  3.12000000E+01  1.41223632E+00  9.99972968E-01  1.41223632E+00
    79  3.16000000E+01  1.41560589E+00  9.99971320E-01  1.41560589E+00
    80  3.20000000E+01  1.41896564E+00  9.99969590E-01  1.41896564E+00
    81  3.24000000E+01  1.42225730E+00  9.99967774E-01  1.42225730E+00
    82  3.28000000E+01  1.42543904E+00  9.99965868E-01  1.42543904E+00
    83  3.32000000E+01  1.42865271E+00  9.99963870E-01  1.42865271E+00
    84  3.36000000E+01  1.43173284E+00  9.99961775E-01  1.43173284E+00
    85  3.40000000E+01  1.43478716E+00  9.99959580E-01  1.43478716E+00
    86  3.44000000E+01  1.43778468E+00  9.99957281E-01  1.43778468E+00
    87  3.48000000E+01  1.44069363E+00  9.99954874E-01  1.44069363E+00
    88  3.52000000E+01  1.44360908E+00  9.99952356E-01  1.44360908E+00
    89  3.56000000E+01  1.44638413E+00  9.99949722E-01  1.44638413E+00
    90  3.60000000E+01  1.44921496E+00  9.99946968E-01  1.44921496E+00
    91  3.64000000E+01  1.45189100E+00  9.99944090E-01  1.45189100E+00
    92  3.68000000E+01  1.45460360E+00  9.99941083E-01  1.45460360E+00
    93  3.72000000E+01  1.45719164E+00  9.99937944E-01  1.45719164E+00
    94  3.76000000E+01  1.45974895E+00  9.99934667E-01  1.45974895E+00
    95  3.80000000E+01  1.46224839E+00  9.99931249E-01  1.46224839E+00
    96  3.84000000E+01  1.46468891E+00  9.99927684E-01  1.46468891E+00
    97  3.88000000E+01  1.46710151E+00  9.99923968E-01  1.46710151E+00
    98  3.92000000E+01  1.46943582E+00  9.99920097E-01  1.46943582E+00
    99  3.96000000E+01  1.47176331E+00  9.99916065E-01  1.47176331E+00
   100  4.00000000E+01  1.47399771E+00  9.99911867E-01  1.47399771E+00
   101  4.04000000E+01  1.47624110E+00  9.99907500E-01  1.47624110E+00
   102  4.08000000E+01  1.47836358E+00  9.99902957E-01  1.47836358E+00
   103  4.12000000E+01  1.48052690E+00  9.99898235E-01  1.48052690E+00
   104  4.16000000E+01  1.48255267E+00  9.99893328E-01  1.48255267E+00
   105  4.20000000E+01  1.48463723E+00  9.99888232E-01  1.48463723E+00
   106  4.24000000E+01  1.48658307E+00  9.99882941E-01  1.48658307E+00
   107  4.28000000E+01  1.48858058E+00  9.99877451E-01  1.48858058E+00
   108  4.32000000E+01  1.49046187E+00  9.99871757E-01  1.49046187E+00
   109  4.36000000E+01  1.49235553E+00  9.99865855E-01  1.49235553E+00
   110  4.40000000E+01  1.49417395E+00  9.99859740E-01  1.49417395E+00
   111  4.44000000E+01  1.49596731E+00  9.99853408E-01  1.49596731E+00
   112  4.48000000E+01  1.49773064E+00  9.99846853E-01  1.49773064E+00
   113  4.52000000E+01  1.49942167E+00  9.99840073E-01  1.49942167E+00
   114  4.56000000E+01  1.50113169E+00  9.99833063E-01  1.50113169E+00
   115  4.60000000E+01  1.50275917E+00  9.99825820E-01  1.50275917E+00
   116  4.64000000E+01  1.50440026E+00  9.99818339E-01  1.50440026E+00
   117  4.68000000E+01  1.50598941E+00  9.99810618E-01  1.50598941E+00
   118  4.72000000E+01  1.50752816E+00  9.99802654E-01  1.50752816E+00
   119  4.76000000E+01  1.50908144E+00  9.99794444E-01  1.50908144E+00
   120  4.80000000E+01  1.51058263E+00  9.99785987E-01  1.51058263E+00
   121  4.84000000E+01  1.51205883E+00  9.99777279E-01  1.51205883E+00
   122  4.88000000E+01  1.51353047E+00  9.99768322E-01  1.51353047E+00
   123  4.92000000E+01  1.51495853E+00  9.99759112E-01  1.51495853E+00
   124  4.96000000E+01  1.51635132E+00  9.99749651E-01  1.51635132E+00
   125  5.00000000E+01  1.51775367E+00  9.99739939E-01  1.51775367E+00
   126  5.04000000E+01  1.51910983E+00  9.99729976E-01  1.51910983E+00
   127  5.08000000E+01  1.52043099E+00  9.99719766E-01  1.52043099E+00
   128  5.12000000E+01  1.52175625E+00  9.99709311E-01  1.52175625E+00
   129  5.16000000E+01  1.52302667E+00  9.99698614E-01  1.52302667E+00
   130  5.20000000E+01  1.52429089E+00  9.99687680E-01  1.52429089E+00
   131  5.24000000E+01  1.52553024E+00  9.99676515E-01  1.52553024E+00
   132  5.28000000E+01  1.52671707E+00  9.99665126E-01  1.52671707E+00
   133  5.32000000E+01  1.52792426E+00  9.99653521E-01  1.52792426E+00
   134  5.36000000E+01  1.52907006E+00  9.99641709E-01  1.52907006E+00
   135  5.40000000E+01  1.53021720E+00  9.99629701E-01  1.53021720E+00
   136  5.44000000E+01  1.53133166E+00  9.99617509E-01  1.53133166E+00
   137  5.48000000E+01  1.53240146E+00  9.99605148E-01  1.53240146E+00
   138  5.52000000E+01  1.53348691E+00  9.99592633E-01  1.53348691E+00
   139  5.56000000E+01  1.53451643E+00  9.99579982E-01  1.53451643E+00
   140  5.60000000E+01  1.53554746E+00  9.99567214E-01  1.53554746E+00
   141  5.64000000E+01  1.53655008E+00  9.99554353E-01  1.53655008E+00
   142  5.68000000E+01  1.53751736E+00  9.99541420E-01  1.53751736E+00
   143  5.72000000E+01  1.53849646E+00  9.99528445E-01  1.53849646E+00
   144  5.76000000E+01  1.53943195E+00  9.99515455E-01  1.53943195E+00
   145  5.80000000E+01  1.54035455E+00  9.99502484E-01  1.54035455E+00
   146  5.84000000E+01  1.54126863E+00  9.99489565E-01  1.54126863E+00
   147  5.88000000E+01  1.54214726E+00  9.99476739E-01  1.54214726E+00
   148  5.92000000E+01  1.54302505E+00  9.99464045E-01  1.54302505E+00
   149  5.96000000E+01  1.54388425E+00  9.99451531E-01  1.54388425E+00
   150  6.00000000E+01  1.54470974E+00  9.99439245E-01  1.54470974E+00
   151  6.04000000E+01  1.54553984E+00  9.99427240E-01  1.54553984E+00
   152  6.08000000E+01  1.54634652E+00  9.99415575E-01  1.54634652E+00
   153  6.12000000E+01  1.54712168E+00  9.99404311E-01  1.54712168E+00
   154  6.16000000E+01  1.54790790E+00  9.99393517E-01  1.54790790E+00
   155  6.20000000E+01  1.54865711E+00  9.99383265E-01  1.54865711E+00
   156  6.24000000E+01  1.54939493E+00  9.99373633E-01  1.54939493E+00
   157  6.28000000E+01  1.55012423E+00  9.99364704E-01  1.55012423E+00
   158  6.32000000E+01  1.55081337E+00  9.99356569E-01  1.55081337E+00
   159  6.36000000E+01  1.55151805E+00  9.99349325E-01  1.55151805E+00
   160  6.40000000E+01  1.55218705E+00  9.99343075E-01  1.55218705E+00
   161  6.44000000E+01  1.55284502E+00  9.99337930E-01  1.55284502E+00
   162  6.48000000E+01  1.55349456E+00  9.99334008E-01  1.55349456E+00
   163  6.52000000E+01  1.55410637E+00  9.99331437E-01  1.55410637E+00
   164  6.56000000E+01  1.55473648E+00  9.99330352E-01  1.55473648E+00
   165  6.60000000E+01  1.55533198E+00  9.99330897E-01  1.55533198E+00
   166  6.64000000E+01  1.55591740E+00  9.99333227E-01  1.55591740E+00
   167  6.68000000E+01  1.55649654E+00  9.99337505E-01  1.55649654E+00
   168  6.72000000E+01  1.55704664E+00  9.99343908E-01  1.55704664E+00
   169  6.76000000E+01  1.55760294E+00  9.99352620E-01  1.55760294E+00
   170  6.80000000E+01  1.55814094E+00  9.99363840E-01  1.55814094E+00
   171  6.84000000E+01  1.55865695E+00  9.99377779E-01  1.55865695E+00
   172  6.88000000E+01  1.55917906E+00  9.99394661E-01  1.55917906E+00
   173  6.92000000E+01  1.55968461E+00  9.99414722E-01  1.55968461E+00
   174  6.96000000E+01  1.56017303E+00  9.99438215E-01  1.56017303E+00
   175  7.00000000E+01  1.56066401E+00  9.99465408E-01  1.56066401E+00
   176  7.04000000E+01  1.56114267E+00  9.99496584E-01  1.56114267E+00
   177  7.08000000E+01  1.56160466E+00  9.99532043E-01  1.56160466E+00
   178  7.12000000E+01  1.56206197E+00  9.99572103E-01  1.56206197E+00
   179  7.16000000E+01  1.56251473E+00  9.99617101E-01  1.56251473E+00
   180  7.20000000E+01  1.56294891E+00  9.99667395E-01  1.56294891E+00
   181  7.24000000E+01  1.56337747E+00  9.99723360E-01  1.56337747E+00
   182  7.28000000E+01  1.56380092E+00  9.99785394E-01  1.56380092E+00
   183  7.32000000E+01  1.56420385E+00  9.99853921E-01  1.56420385E+00
   184  7.36000000E+01  1.56460872E+00  9.99929383E-01  1.56460872E+00
   185  7.40000000E+01  1.56500148E+00  1.00001225E+00  1.56500148E+00
   186  7.44000000E+01  1.56537347E+00  1.00010302E+00  1.56537347E+00
   187  7.48000000E+01  1.56575479E+00  1.00020221E+00  1.56575479E+00
   188  7.52000000E+01  1.56611783E+00  1.00031038E+00  1.56611783E+00
   189  7.56000000E+01  1.56646838E+00  1.00042810E+00  1.56646838E+00
   190  7.60000000E+01  1.56682241E+00  1.00055599E+00  1.56682241E+00
   191  7.64000000E+01  1.56715953E+00  1.00069470E+00  1.56715953E+00
   192  7.68000000E+01  1.56748875E+00  1.00084490E+00  1.56748875E+00
   193  7.72000000E+01  1.56781913E+00  1.00100730E+00  1.56781913E+00
   194  7.76000000E+01  1.56813651E+00  1.00118266E+00  1.56813651E+00
   195  7.80000000E+01  1.56844321E+00  1.00137177E+00  1.56844321E+00
   196  7.84000000E+01  1.56875338E+00  1.00157545E+00  1.56875338E+00
   197  7.88000000E+01  1.56905478E+00  1.00179459E+00  1.56905478E+00
   198  7.92000000E+01  1.56934696E+00  1.00203009E+00  1.56934696E+00
   199  7.96000000E+01  1.56963350E+00  1.00228292E+00  1.56963350E+00
   200  8.00000000E+01  1.56991992E+00  1.00255408E+00  1.56991992E+00
   201  8.04000000E+01  1.57019596E+00  1.00284463E+00  1.57019596E+00
   202  8.08000000E+01  1.57046004E+00  1.00315569E+00  1.57046004E+00
   203  8.12000000E+01  1.57073026E+00  1.00348840E+00  1.57073026E+00
   204  8.16000000E+01  1.57098798E+00  1.00384399E+00  1.57098798E+00
   205  8.20000000E+01  1.57123281E+00  1.00422373E+00  1.57123281E+00
   206  8.24000000E+01  1.57148365E+00  1.00462895E+00  1.57148365E+00
   207  8.28000000E+01  1.57172049E+00  1.00506104E+00  1.57172049E+00
   208  8.32000000E+01  1.57195077E+00  1.00552145E+00  1.57195077E+00
   209  8.36000000E+01  1.57218087E+00  1.00601169E+00  1.57218087E+00
   210  8.40000000E+01  1.57239685E+00  1.00653335E+00  1.57239685E+00
   211  8.44000000E+01  1.57261246E+00  1.00708808E+00  1.57261246E+00
   212  8.48000000E+01  1.57282258E+00  1.00767760E+00  1.57282258E+00
   213  8.52000000E+01  1.57302042E+00  1.00830368E+00  1.57302042E+00
   214  8.56000000E+01  1.57322217E+00  1.00896820E+00  1.57322217E+00
   215  8.60000000E+01  1.57341464E+00  1.00967308E+00  1.57341464E+00
   216  8.64000000E+01  1.57359741E+00  1.01042033E+00  1.57359741E+00
   217  8.68000000E+01  1.57378444E+00  1.01121203E+00  1.57378444E+00
   218  8.72000000E+01  1.57396316E+00  1.01205033E+00  1.57396316E+00
   219  8.76000000E+01  1.57413429E+00  1.01293745E+00  1.57413429E+00
   220  8.80000000E+01  1.57430486E+00  1.01387571E+00  1.57430486E+00
   221  8.84000000E+01  1.57447237E+00  1.01486748E+00  1.57447237E+00
   222  8.88000000E+01  1.57463345E+00  1.01591522E+00  1.57463345E+00
   223  8.92000000E+01  1.57478921E+00  1.01702143E+00  1.57478921E+00
   224  8.96000000E+01  1.57494662E+00  1.01818871E+00  1.57494662E+00
   225  9.00000000E+01  1.57509738E+00  1.01941972E+00  1.57509738E+00
   226  9.04000000E+01  1.57524092E+00  1.02071718E+00  1.57524092E+00
   227  9.08000000E+01  1.57538610E+00  1.02208386E+00  1.57538610E+00
   228  9.12000000E+01  1.57552598E+00  1.02352261E+00  1.57552598E+00
   229  9.16000000E+01  1.57565784E+00  1.02503631E+00  1.57565784E+00
   230  9.20000000E+01  1.57579102E+00  1.02662787E+00  1.57579102E+00
   231  9.24000000E+01  1.57591905E+00  1.02830026E+00  1.57591905E+00
   232  9.28000000E+01  1.57603905E+00  1.03005648E+00  1.57603905E+00
   233  9.32000000E+01  1.57616222E+00  1.03189952E+00  1.57616222E+00
   234  9.36000000E+01  1.57627857E+00  1.03383240E+00  1.57627857E+00
   235  9.40000000E+01  1.57638751E+00  1.03585814E+00  1.57638751E+00
   236  9.44000000E+01  1.57650037E+00  1.03797972E+00  1.57650037E+00
   237  9.48000000E+01  1.57660629E+00  1.04020011E+00  1.57660629E+00
   238  9.52000000E+01  1.57670594E+00  1.04252224E+00  1.57670594E+00
   239  9.56000000E+01  1.57680868E+00  1.04494896E+00  1.57680868E+00
   240  9.60000000E+01  1.57690554E+00  1.04748307E+00  1.57690554E+00
   241  9.64000000E+01  1.57699728E+00  1.05012725E+00  1.57699728E+00
   242  9.68000000E+01  1.57709029E+00  1.05288411E+00  1.57709029E+00
   243  9.72000000E+01  1.57717964E+00  1.05575608E+00  1.57717964E+00
   244  9.76000000E+01  1.57726444E+00  1.05874548E+00  1.57726444E+00
   245  9.80000000E+01  1.57734736E+00  1.06185445E+00  1.57734736E+00
   246  9.84000000E+01  1.57742996E+00  1.06508494E+00  1.57742996E+00
   247  9.88000000E+01  1.57750816E+00  1.06843869E+00  1.57750816E+00
   248  9.92000000E+01  1.57758205E+00  1.07191723E+00  1.57758205E+00
   249  9.96000000E+01  1.57765789E+00  1.07552183E+00  1.57765789E+00
   250  1.00000000E+02  1.57772911E+00  1.07925350E+00  1.57772911E+00
   251  1.00400000E+02  1.57779548E+00  1.08311297E+00  1.57779548E+00
   252  1.00800000E+02  1.57786395E+00  1.08710068E+00  1.57786395E+00
   253  1.01200000E+02  1.57792802E+00  1.09121675E+00  1.57792802E+00
   254  1.01600000E+02  1.57798717E+00  1.09546101E+00  1.57798717E+00
   255  1.02000000E+02  1.57804851E+00  1.09983291E+00  1.57804851E+00
   256  1.02400000E+02  1.57810550E+00  1.10433161E+00  1.57810550E+00
   257  1.02800000E+02  1.57815812E+00  1.10895590E+00  1.57815812E+00
   258  1.03200000E+02  1.57821297E+00  1.11370423E+00  1.57821297E+00
   259  1.03600000E+02  1.57826343E+00  1.11857472E+00  1.57826343E+00
   260  1.04000000E+02  1.57831003E+00  1.12356513E+00  1.57831003E+00
   261  1.04400000E+02  1.57835872E+00  1.12867291E+00  1.57835872E+00
   262  1.04800000E+02  1.57840377E+00  1.13389517E+00  1.57840377E+00
   263  1.05200000E+02  1.57844575E+00  1.13922872E+00  1.57844575E+00
   264  1.05600000E+02  1.57848783E+00  1.14467007E+00  1.57848783E+00
   265  1.06000000E+02  1.57852852E+00  1.15021546E+00  1.57852852E+00
   266  1.06400000E+02  1.57856692E+00  1.15586087E+00  1.57856692E+00
   267  1.06800000E+02  1.57860343E+00  1.16160205E+00  1.57860343E+00
   268  1.07200000E+02  1.57864004E+00  1.16743455E+00  1.57864004E+00
   269  1.07600000E+02  1.57867564E+00  1.17335373E+00  1.57867564E+00
   270  1.08000000E+02  1.57870967E+00  1.17935478E+00  1.57870967E+00
   271  1.08400000E+02  1.57874218E+00  1.18543279E+00  1.57874218E+00
   272  1.08800000E+02  1.57877314E+00  1.19158273E+00  1.57877314E+00
   273  1.09200000E+02  1.57880460E+00  1.19779951E+00  1.57880460E+00
   274  1.09600000E+02  1.57883479E+00  1.20407798E+00  1.57883479E+00
   275  1.10000000E+02  1.57886331E+00  1.21041298E+00  1.57886331E+00
   276  1.10400000E+02  1.57889002E+00  1.21679936E+00  1.57889002E+00
   277  1.10800000E+02  1.57891644E+00  1.22323197E+00  1.57891644E+00
   278  1.11200000E+02  1.57894227E+00  1.22970573E+00  1.57894227E+00
   279  1.11600000E+02  1.57896615E+00  1.23621561E+00  1.57896615E+00
   280  1.12000000E+02  1.57898802E+00  1.24275666E+00  1.57898802E+00
   281  1.12400000E+02  1.57901048E+00  1.24932402E+00  1.57901048E+00
   282  1.12800000E+02  1.57903139E+00  1.25591292E+00  1.57903139E+00
   283  1.13200000E+02  1.57905024E+00  1.26251872E+00  1.57905024E+00
   284  1.13600000E+02  1.57906800E+00  1.26913684E+00  1.57906800E+00
   285  1.14000000E+02  1.57908591E+00  1.27576284E+00  1.57908591E+00
   286  1.14400000E+02  1.57910182E+00  1.28239236E+00  1.57910182E+00
   287  1.14800000E+02  1.57911581E+00  1.28902115E+00  1.57911581E+00
   288  1.15200000E+02  1.57913055E+00  1.29564502E+00  1.57913055E+00
   289  1.15600000E+02  1.57914371E+00  1.30225988E+00  1.57914371E+00
   290  1.16000000E+02  1.57915518E+00  1.30886167E+00  1.57915518E+00
   291  1.16400000E+02  1.57916605E+00  1.31544639E+00  1.57916605E+00
   292  1.16800000E+02  1.57917683E+00  1.32201005E+00  1.57917683E+00
   293  1.17200000E+02  1.57918621E+00  1.32854869E+00  1.57918621E+00
   294  1.17600000E+02  1.57919439E+00  1.33505834E+00  1.57919439E+00
   295  1.18000000E+02  1.57920203E+00  1.34153501E+00  1.57920203E+00
   296  1.18400000E+02  1.57920971E+00  1.34797466E+00  1.57920971E+00
   297  1.18800000E+02  1.57921645E+00  1.35437326E+00  1.57921645E+00
   298  1.19200000E+02  1.57922237E+00  1.36072669E+00  1.57922237E+00
   299  1.19600000E+02  1.57922752E+00  1.36703079E+00  1.57922752E+00
   300  1.20000000E+02  1.57923204E+00  1.37328137E+00  1.57923204E+00
   301  1.20400000E+02  1.57923680E+00  1.37947420E+00  1.57923680E+00
   302  1.20800000E+02  1.57924081E+00  1.38560499E+00  1.57924081E+00
   303  1.21200000E+02  1.57924402E+00  1.39166945E+00  1.57924402E+00
   304  1.21600000E+02  1.57924641E+00  1.39766329E+00  1.57924641E+00
   305  1.22000000E+02  1.57924823E+00  1.40358224E+00  1.57924823E+00
   306  1.22400000E+02  1.57925024E+00  1.40942206E+00  1.57925024E+00
   307  1.22800000E+02  1.57925140E+00  1.41517859E+00  1.57925140E+00
   308  1.23200000E+02  1.57925176E+00  1.42084776E+00  1.57925176E+00
   309  1.23600000E+02  1.57925140E+00  1.42642563E+00  1.57925140E+00
   310  1.24000000E+02  1.57925099E+00  1.43190839E+00  1.57925099E+00
   311  1.24400000E+02  1.57925036E+00  1.43729243E+00  1.57925036E+00
   312  1.24800000E+02  1.57924917E+00  1.44257433E+00  1.57924917E+00
   313  1.25200000E+02  1.57924757E+00  1.44775090E+00  1.57924757E+00
   314  1.25600000E+02  1.57924565E+00  1.45281919E+00  1.57924565E+00
   315  1.26000000E+02  1.57924354E+00  1.45777648E+00  1.57924354E+00
   316  1.26400000E+02  1.57924127E+00  1.46262035E+00  1.57924127E+00
   317  1.26800000E+02  1.57923888E+00  1.46734861E+00  1.57923888E+00
   318  1.27200000E+02  1.57923638E+00  1.47195935E+00  1.57923638E+00
   319  1.27600000E+02  1.57923374E+00  1.47645090E+00  1.57923374E+00
   320  1.28000000E+02  1.57923111E+00  1.48082184E+00  1.57923111E+00
   321  1.28400000E+02  1.57922841E+00  1.48507096E+00  1.57922841E+00
   322  1.28800000E+02  1.57922558E+00  1.48919724E+00  1.57922558E+00
   323  1.29200000E+02  1.57922260E+00  1.49319982E+00  1.57922260E+00
   324  1.29600000E+02  1.57921952E+00  1.49707800E+00  1.57921952E+00
   325  1.30000000E+02  1.57921635E+00  1.50083116E+00  1.57921635E+00
   326  1.30400000E+02  1.57921315E+00  1.50445880E+00  1.57921315E+00
   327  1.30800000E+02  1.57920996E+00  1.50796045E+00  1.57920996E+00
   328  1.31200000E+02  1.57920680E+00  1.51133569E+00  1.57920680E+00
   329  1.31600000E+02  1.57920370E+00  1.51458416E+00  1.57920370E+00
   330  1.32000000E+02  1.57920067E+00  1.51770554E+00  1.57920067E+00
   331  1.32400000E+02  1.57919769E+00  1.52069955E+00  1.57919769E+00
   332  1.32800000E+02  1.57919477E+00  1.52356603E+00  1.57919477E+00
   333  1.33200000E+02  1.57919189E+00  1.52630496E+00  1.57919189E+00
   334  1.33600000E+02  1.57918906E+00  1.52891650E+00  1.57918906E+00
   335  1.34000000E+02  1.57918627E+00  1.53140111E+00  1.57918627E+00
   336  1.34400000E+02  1.57918353E+00  1.53375963E+00  1.57918353E+00
   337  1.34800000E+02  1.57918096E+00  1.53599335E+00  1.57918096E+00
   338  1.35200000E+02  1.57917846E+00  1.53810414E+00  1.57917846E+00
   339  1.35600000E+02  1.57917604E+00  1.54009452E+00  1.57917604E+00
   340  1.36000000E+02  1.57917368E+00  1.54196780E+00  1.57917368E+00
   341  1.36400000E+02  1.57917140E+00  1.54372808E+00  1.57917140E+00
   342  1.36800000E+02  1.57916919E+00  1.54538032E+00  1.57916919E+00
   343  1.37200000E+02  1.57916704E+00  1.54693034E+00  1.57916704E+00
   344  1.37600000E+02  1.57916496E+00  1.54838475E+00  1.57916496E+00
   345  1.38000000E+02  1.57916295E+00  1.54975089E+00  1.57916295E+00
   346  1.38400000E+02  1.57916101E+00  1.55103659E+00  1.57916101E+00
   347  1.38800000E+02  1.57915914E+00  1.55225007E+00  1.57915914E+00
   348  1.39200000E+02  1.57915735E+00  1.55339960E+00  1.57915735E+00
   349  1.39600000E+02  1.57915563E+00  1.55449325E+00  1.57915563E+00
   350  1.40000000E+02  1.57915398E+00  1.55553859E+00  1.57915398E+00
   351  1.40400000E+02  1.57915240E+00  1.55654241E+00  1.57915240E+00
   352  1.40800000E+02  1.57915089E+00  1.55751045E+00  1.57915089E+00
   353  1.41200000E+02  1.57914945E+00  1.55844719E+00  1.57914945E+00
   354  1.41600000E+02  1.57914807E+00  1.55935576E+00  1.57914807E+00
   355  1.42000000E+02  1.57914675E+00  1.56023789E+00  1.57914675E+00
   356  1.42400000E+02  1.57914549E+00  1.56109398E+00  1.57914549E+00
   357  1.42800000E+02  1.57914430E+00  1.56192330E+00  1.57914430E+00
   358  1.43200000E+02  1.57914316E+00  1.56272422E+00  1.57914316E+00
   359  1.43600000E+02  1.57914208E+00  1.56349457E+00  1.57914208E+00
   360  1.44000000E+02  1.57914105E+00  1.56423199E+00  1.57914105E+00
   361  1.44400000E+02  1.57914007E+00  1.56493433E+00  1.57914007E+00
   362  1.44800000E+02  1.57913915E+00  1.56559992E+00  1.57913915E+00
   363  1.45200000E+02  1.57913827E+00  1.56622790E+00  1.57913827E+00
   364  1.45600000E+02  1.57913743E+00  1.56681834E+00  1.57913743E+00
   365  1.46000000E+02  1.57913664E+00  1.56737234E+00  1.57913664E+00
   366  1.46400000E+02  1.57913589E+00  1.56789191E+00  1.57913589E+00
   367  1.46800000E+02  1.57913518E+00  1.56837984E+00  1.57913518E+00
   368  1.47200000E+02  1.57913450E+00  1.56883947E+00  1.57913450E+00
   369  1.47600000E+02  1.57913386E+00  1.56927439E+00  1.57913386E+00
   370  1.48000000E+02  1.57913326E+00  1.56968812E+00  1.57913326E+00
   371  1.48400000E+02  1.57913269E+00  1.57008386E+00  1.57913269E+00
   372  1.48800000E+02  1.57913217E+00  1.57046430E+00  1.57913217E+00
   373  1.49200000E+02  1.57913170E+00  1.57083143E+00  1.57913170E+00
   374  1.49600000E+02  1.57913125E+00  1.57118657E+00  1.57913125E+00
   375  1.50000000E+02  1.57913083E+00  1.57153038E+00  1.57913083E+00
   376  1.50400000E+02  1.57913043E+00  1.57186297E+00  1.57913043E+00
   377  1.50800000E+02  1.57913006E+00  1.57218409E+00  1.57913006E+00
   378  1.51200000E+02  1.57912971E+00  1.57249327E+00  1.57912971E+00
   379  1.51600000E+02  1.57912937E+00  1.57279005E+00  1.57912937E+00
   380  1.52000000E+02  1.57912906E+00  1.57307405E+00  1.57912906E+00
   381  1.52400000E+02  1.57912876E+00  1.57334511E+00  1.57912876E+00
   382  1.52800000E+02  1.57912848E+00  1.57360333E+00  1.57912848E+00
   383  1.53200000E+02  1.57912822E+00  1.57384899E+00  1.57912822E+00
   384  1.53600000E+02  1.57912797E+00  1.57408260E+00  1.57912797E+00
   385  1.54000000E+02  1.57912774E+00  1.57430475E+00  1.57912774E+00
   386  1.54400000E+02  1.57912752E+00  1.57451607E+00  1.57912752E+00
   387  1.54800000E+02  1.57912731E+00  1.57471715E+00  1.57912731E+00
   388  1.55200000E+02  1.57912711E+00  1.57490850E+00  1.57912711E+00
   389  1.55600000E+02  1.57912693E+00  1.57509053E+00  1.57912693E+00
   390  1.56000000E+02  1.57912676E+00  1.57526357E+00  1.57912676E+00
   391  1.56400000E+02  1.57912660E+00  1.57542786E+00  1.57912660E+00
   392  1.56800000E+02  1.57912644E+00  1.57558362E+00  1.57912644E+00
   393  1.57200000E+02  1.57912630E+00  1.57573107E+00  1.57912630E+00
   394  1.57600000E+02  1.57912616E+00  1.57587044E+00  1.57912616E+00
   395  1.58000000E+02  1.57912604E+00  1.57600203E+00  1.57912604E+00
   396  1.58400000E+02  1.57912592E+00  1.57612618E+00  1.57912592E+00
   397  1.58800000E+02  1.57912581E+00  1.57624328E+00  1.57912581E+00
   398  1.59200000E+02  1.57912570E+00  1.57635374E+00  1.57912570E+00
   399  1.59600000E+02  1.57912560E+00  1.57645798E+00  1.57912560E+00
   400  1.60000000E+02  1.57912551E+00  1.57655638E+00  1.57912551E+00
   401  1.60400000E+02  1.57912543E+00  1.57664931E+00  1.57912543E+00
   402  1.60800000E+02  1.57912534E+00  1.57673707E+00  1.57912534E+00
   403  1.61200000E+02  1.57912527E+00  1.57681991E+00  1.57912527E+00
   404  1.61600000E+02  1.57912520E+00  1.57689803E+00  1.57912520E+00
   405  1.62000000E+02  1.57912513E+00  1.57697158E+00  1.57912513E+00
   406  1.62400000E+02  1.57912507E+00  1.57704069E+00  1.57912507E+00
   407  1.62800000E+02  1.57912501E+00  1.57710546E+00  1.57912501E+00
   408  1.63200000E+02  1.57912495E+00  1.57716600E+00  1.57912495E+00
   409  1.63600000E+02  1.57912490E+00  1.57722245E+00  1.57912490E+00
   410  1.64000000E+02  1.57912485E+00  1.57727494E+00  1.57912485E+00
   411  1.64400000E+02  1.57912480E+00  1.57732367E+00  1.57912480E+00
   412  1.64800000E+02  1.57912476E+00  1.57736884E+00  1.57912476E+00
   413  1.65200000E+02  1.57912472E+00  1.57741070E+00  1.57912472E+00
   414  1.65600000E+02  1.57912468E+00  1.57744951E+00  1.57912468E+00
   415  1.66000000E+02  1.57912465E+00  1.57748556E+00  1.57912465E+00
   416  1.66400000E+02  1.57912462E+00  1.57751911E+00  1.57912462E+00
   417  1.66800000E+02  1.57912458E+00  1.57755044E+00  1.57912458E+00
   418  1.67200000E+02  1.57912456E+00  1.57757976E+00  1.57912456E+00
   419  1.67600000E+02  1.57912453E+00  1.57760729E+00  1.57912453E+00
   420  1.68000000E+02  1.57912450E+00  1.57763318E+00  1.57912450E+00
   421  1.68400000E+02  1.57912448E+00  1.57765755E+00  1.57912448E+00
   422  1.68800000E+02  1.57912446E+00  1.57768049E+00  1.57912446E+00
   423  1.69200000E+02  1.57912444E+00  1.57770204E+00  1.57912444E+00
   424  1.69600000E+02  1.57912442E+00  1.57772223E+00  1.57912442E+00
   425  1.70000000E+02  1.57912440E+00  1.57774104E+00  1.57912440E+00
   426  1.70400000E+02  1.57912438E+00  1.57775847E+00  1.57912438E+00
   427  1.70800000E+02  1.57912437E+00  1.57777447E+00  1.57912437E+00
   428  1.71200000E+02  1.57912435E+00  1.57778902E+00  1.57912435E+00
   429  1.71600000E+02  1.57912434E+00  1.57780209E+00  1.57912434E+00
   430  1.72000000E+02  1.57912432E+00  1.57781363E+00  1.57912432E+00
   431  1.72400000E+02  1.57912431E+00  1.57782366E+00  1.57912431E+00
   432  1.72800000E+02  1.57912430E+00  1.57783218E+00  1.57912430E+00
   433  1.73200000E+02  1.57912429E+00  1.57783924E+00  1.57912429E+00
   434  1.73600000E+02  1.57912428E+00  1.57784491E+00  1.57912428E+00
   435  1.74000000E+02  1.57912427E+00  1.57784930E+00  1.57912427E+00
   436  1.74400000E+02  1.57912426E+00  1.57785255E+00  1.57912426E+00
   437  1.74800000E+02  1.57912425E+00  1.57785481E+00  1.57912425E+00
   438  1.75200000E+02  1.57912425E+00  1.57785624E+00  1.57912425E+00
   439  1.75600000E+02  1.57912424E+00  1.57785700E+00  1.57912424E+00
   440  1.76000000E+02  1.57912423E+00  1.57785723E+00  1.57912423E+00
   441  1.76400000E+02  1.57912423E+00  1.57785703E+00  1.57912423E+00
   442  1.76800000E+02  1.57912422E+00  1.57785649E+00  1.57912422E+00
   443  1.77200000E+02  1.57912421E+00  1.57785565E+00  1.57912421E+00
   444  1.77600000E+02  1.57912421E+00  1.57785452E+00  1.57912421E+00
   445  1.78000000E+02  1.57912420E+00  1.57785310E+00  1.57912420E+00
   446  1.78400000E+02  1.57912420E+00  1.57785138E+00  1.57912420E+00
   447  1.78800000E+02  1.57912420E+00  1.57784934E+00  1.57912420E+00
   448  1.79200000E+02  1.57912419E+00  1.57784698E+00  1.57912419E+00
   449  1.79600000E+02  1.57912419E+00  1.57784431E+00  1.57912419E+00
   450  1.80000000E+02  1.57912419E+00  1.57784138E+00  1.57912419E+00
   451  1.80400000E+02  1.57912418E+00  1.57783822E+00  1.57912418E+00
   452  1.80800000E+02  1.57912418E+00  1.57783490E+00  1.57912418E+00
   453  1.81200000E+02  1.57912418E+00  1.57783149E+00  1.57912418E+00
   454  1.81600000E+02  1.57912417E+00  1.57782804E+00  1.57912417E+00
   455  1.82000000E+02  1.57912417E+00  1.57782462E+00  1.57912417E+00
   456  1.82400000E+02  1.57912417E+00  1.57782126E+00  1.57912417E+00
   457  1.82800000E+02  1.57912417E+00  1.57781799E+00  1.57912417E+00
   458  1.83200000E+02  1.57912417E+00  1.57781481E+00  1.57912417E+00
   459  1.83600000E+02  1.57912416E+00  1.57781172E+00  1.57912416E+00
   460  1.84000000E+02  1.57912416E+00  1.57780870E+00  1.57912416E+00
   461  1.84400000E+02  1.57912416E+00  1.57780575E+00  1.57912416E+00
   462  1.84800000E+02  1.57912416E+00  1.57780283E+00  1.57912416E+00
   463  1.85200000E+02  1.57912416E+00  1.57779995E+00  1.57912416E+00
   464  1.85600000E+02  1.57912416E+00  1.57779710E+00  1.57912416E+00
   465  1.86000000E+02  1.57912416E+00  1.57779428E+00  1.57912416E+00
   466  1.86400000E+02  1.57912416E+00  1.57779150E+00  1.57912416E+00
   467  1.86800000E+02  1.57912415E+00  1.57778878E+00  1.57912415E+00
   468  1.87200000E+02  1.57912415E+00  1.57778612E+00  1.57912415E+00
   469  1.87600000E+02  1.57912415E+00  1.57778354E+00  1.57912415E+00
   470  1.88000000E+02  1.57912415E+00  1.57778105E+00  1.57912415E+00
   471  1.88400000E+02  1.57912415E+00  1.57777865E+00  1.57912415E+00
   472  1.88800000E+02  1.57912415E+00  1.57777634E+00  1.57912415E+00
   473  1.89200000E+02  1.57912415E+00  1.57777411E+00  1.57912415E+00
   474  1.89600000E+02  1.57912415E+00  1.57777197E+00  1.57912415E+00
   475  1.90000000E+02  1.57912415E+00  1.57776990E+00  1.57912415E+00
   476  1.90400000E+02  1.57912415E+00  1.57776789E+00  1.57912415E+00
   477  1.90800000E+02  1.57912415E+00  1.57776594E+00  1.57912415E+00
   478  1.91200000E+02  1.57912415E+00  1.57776406E+00  1.57912415E+00
   479  1.91600000E+02  1.57912415E+00  1.57776223E+00  1.57912415E+00
   480  1.92000000E+02  1.57912415E+00  1.57776047E+00  1.57912415E+00
   481  1.92400000E+02  1.57912415E+00  1.57775877E+00  1.57912415E+00
   482  1.92800000E+02  1.57912415E+00  1.57775715E+00  1.57912415E+00
   483  1.93200000E+02  1.57912415E+00  1.57775560E+00  1.57912415E+00
   484  1.93600000E+02  1.57912415E+00  1.57775412E+00  1.57912415E+00
   485  1.94000000E+02  1.57912415E+00  1.57775271E+00  1.57912415E+00
   486  1.94400000E+02  1.57912415E+00  1.57775137E+00  1.57912415E+00
   487  1.94800000E+02  1.57912415E+00  1.57775010E+00  1.57912415E+00
   488  1.95200000E+02  1.57912415E+00  1.57774889E+00  1.57912415E+00
   489  1.95600000E+02  1.57912415E+00  1.57774773E+00  1.57912415E+00
   490  1.96000000E+02  1.57912415E+00  1.57774664E+00  1.57912415E+00
   491  1.96400000E+02  1.57912415E+00  1.57774560E+00  1.57912415E+00
   492  1.96800000E+02  1.57912415E+00  1.57774460E+00  1.57912415E+00
   493  1.97200000E+02  1.57912415E+00  1.57774366E+00  1.57912415E+00
   494  1.97600000E+02  1.57912415E+00  1.57774277E+00  1.57912415E+00
   495  1.98000000E+02  1.57912415E+00  1.57774192E+00  1.57912415E+00
   496  1.98400000E+02  1.57912415E+00  1.57774112E+00  1.57912415E+00
   497  1.98800000E+02  1.57912415E+00  1.57774036E+00  1.57912415E+00
   498  1.99200000E+02  1.57912415E+00  1.57773965E+00  1.57912415E+00
   499  1.99600000E+02  1.57912415E+00  1.57773897E+00  1.57912415E+00
   500  2.00000000E+02  1.57912415E+00  1.57773832E+00  1.57912415E+00
   501  2.00400000E+02  1.57912415E+00  1.57773771E+00  1.57912415E+00
   502  2.00800000E+02  1.57912415E+00  1.57773714E+00  1.57912415E+00
   503  2.01200000E+02  1.57912415E+00  1.57773659E+00  1.57912415E+00
   504  2.01600000E+02  1.57912415E+00  1.57773607E+00  1.57912415E+00
   505  2.02000000E+02  1.57912415E+00  1.57773559E+00  1.57912415E+00
   506  2.02400000E+02  1.57912415E+00  1.57773512E+00  1.57912415E+00
   507  2.02800000E+02  1.57912415E+00  1.57773469E+00  1.57912415E+00
   508  2.03200000E+02  1.57912415E+00  1.57773427E+00  1.57912415E+00
   509  2.03600000E+02  1.57912415E+00  1.57773388E+00  1.57912415E+00
   510  2.04000000E+02  1.57912415E+00  1.57773352E+00  1.57912415E+00
   511  2.04400000E+02  1.57912415E+00  1.57773317E+00  1.57912415E+00
   512  2.04800000E+02  1.57912415E+00  1.57773284E+00  1.57912415E+00
   513  2.05200000E+02  1.57912415E+00  1.57773253E+00  1.57912415E+00
   514  2.05600000E+02  1.57912415E+00  1.57773224E+00  1.57912415E+00
   515  2.06000000E+02  1.57912415E+00  1.57773197E+00  1.57912415E+00
   516  2.06400000E+02  1.57912415E+00  1.57773171E+00  1.57912415E+00
   517  2.06800000E+02  1.57912415E+00  1.57773147E+00  1.57912415E+00
   518  2.07200000E+02  1.57912415E+00  1.57773124E+00  1.57912415E+00
   519  2.07600000E+02  1.57912415E+00  1.57773102E+00  1.57912415E+00
   520  2.08000000E+02  1.57912415E+00  1.57773082E+00  1.57912415E+00
   521  2.08400000E+02  1.57912415E+00  1.57773063E+00  1.57912415E+00
   522  2.08800000E+02  1.57912415E+00  1.57773045E+00  1.57912415E+00
   523  2.09200000E+02  1.57912415E+00  1.57773028E+00  1.57912415E+00
   524  2.09600000E+02  1.57912415E+00  1.57773012E+00  1.57912415E+00
   525  2.10000000E+02  1.57912415E+00  1.57772997E+00  1.57912415E+00
   526  2.10400000E+02  1.57912415E+00  1.57772983E+00  1.57912415E+00
   527  2.10800000E+02  1.57912415E+00  1.57772970E+00  1.57912415E+00
   528  2.11200000E+02  1.57912415E+00  1.57772958E+00  1.57912415E+00
   529  2.11600000E+02  1.57912416E+00  1.57772946E+00  1.57912416E+00
   530  2.12000000E+02  1.57912416E+00  1.57772935E+00  1.57912416E+00
   531  2.12400000E+02  1.57912416E+00  1.57772925E+00  1.57912416E+00
   532  2.12800000E+02  1.57912416E+00  1.57772916E+00  1.57912416E+00
   533  2.13200000E+02  1.57912416E+00  1.57772907E+00  1.57912416E+00
   534  2.13600000E+02  1.57912416E+00  1.57772898E+00  1.57912416E+00
   535  2.14000000E+02  1.57912416E+00  1.57772890E+00  1.57912416E+00
   536  2.14400000E+02  1.57912416E+00  1.57772883E+00  1.57912416E+00
   537  2.14800000E+02  1.57912416E+00  1.57772876E+00  1.57912416E+00
   538  2.15200000E+02  1.57912416E+00  1.57772869E+00  1.57912416E+00
   539  2.15600000E+02  1.57912416E+00  1.57772863E+00  1.57912416E+00
   540  2.16000000E+02  1.57912416E+00  1.57772857E+00  1.57912416E+00
   541  2.16400000E+02  1.57912416E+00  1.57772852E+00  1.57912416E+00
   542  2.16800000E+02  1.57912416E+00  1.57772847E+00  1.57912416E+00
   543  2.17200000E+02  1.57912416E+00  1.57772842E+00  1.57912416E+00
   544  2.17600000E+02  1.57912416E+00  1.57772838E+00  1.57912416E+00
   545  2.18000000E+02  1.57912416E+00  1.57772834E+00  1.57912416E+00
   546  2.18400000E+02  1.57912416E+00  1.57772830E+00  1.57912416E+00
   547  2.18800000E+02  1.57912416E+00  1.57772826E+00  1.57912416E+00
   548  2.19200000E+02  1.57912416E+00  1.57772823E+00  1.57912416E+00
   549  2.19600000E+02  1.57912416E+00  1.57772819E+00  1.57912416E+00
   550  2.20000000E+02  1.57912416E+00  1.57772816E+00  1.57912416E+00
   551  2.20400000E+02  1.57912416E+00  1.57772814E+00  1.57912416E+00
   552  2.20800000E+02  1.57912416E+00  1.57772811E+00  1.57912416E+00
   553  2.21200000E+02  1.57912416E+00  1.57772808E+00  1.57912416E+00
   554  2.21600000E+02  1.57912416E+00  1.57772806E+00  1.57912416E+00
   555  2.22000000E+02  1.57912416E+00  1.57772804E+00  1.57912416E+00
   556  2.22400000E+02  1.57912416E+00  1.57772802E+00  1.57912416E+00
   557  2.22800000E+02  1.57912416E+00  1.57772800E+00  1.57912416E+00
   558  2.23200000E+02  1.57912416E+00  1.57772798E+00  1.57912416E+00
   559  2.23600000E+02  1.57912416E+00  1.57772797E+00  1.57912416E+00
   560  2.24000000E+02  1.57912416E+00  1.57772795E+00  1.57912416E+00
   561  2.24400000E+02  1.57912416E+00  1.57772794E+00  1.57912416E+00
   562  2.24800000E+02  1.57912416E+00  1.57772792E+00  1.57912416E+00
   563  2.25200000E+02  1.57912416E+00  1.57772791E+00  1.57912416E+00
   564  2.25600000E+02  1.57912416E+00  1.57772790E+00  1.57912416E+00
   565  2.26000000E+02  1.57912416E+00  1.57772789E+00  1.57912416E+00
   566  2.26400000E+02  1.57912416E+00  1.57772788E+00  1.57912416E+00
   567  2.26800000E+02  1.57912416E+00  1.57772787E+00  1.57912416E+00
   568  2.27200000E+02  1.57912416E+00  1.57772786E+00  1.57912416E+00
   569  2.27600000E+02  1.57912416E+00  1.57772785E+00  1.57912416E+00
   570  2.28000000E+02  1.57912416E+00  1.57772784E+00  1.57912416E+00
   571  2.28400000E+02  1.57912416E+00  1.57772783E+00  1.57912416E+00
   572  2.28800000E+02  1.57912416E+00  1.57772783E+00  1.57912416E+00
   573  2.29200000E+02  1.57912416E+00  1.57772782E+00  1.57912416E+00
   574  2.29600000E+02  1.57912416E+00  1.57772782E+00  1.57912416E+00
   575  2.30000000E+02  1.57912416E+00  1.57772781E+00  1.57912416E+00
   576  2.30400000E+02  1.57912416E+00  1.57772780E+00  1.57912416E+00
   577  2.30800000E+02  1.57912416E+00  1.57772780E+00  1.57912416E+00
   578  2.31200000E+02  1.57912416E+00  1.57772779E+00  1.57912416E+00
   579  2.31600000E+02  1.57912416E+00  1.57772779E+00  1.57912416E+00
   580  2.32000000E+02  1.57912416E+00  1.57772779E+00  1.57912416E+00
   581  2.32400000E+02  1.57912416E+00  1.57772778E+00  1.57912416E+00
   582  2.32800000E+02  1.57912416E+00  1.57772778E+00  1.57912416E+00
   583  2.33200000E+02  1.57912416E+00  1.57772778E+00  1.57912416E+00
   584  2.33600000E+02  1.57912416E+00  1.57772777E+00  1.57912416E+00
   585  2.34000000E+02  1.57912416E+00  1.57772777E+00  1.57912416E+00
   586  2.34400000E+02  1.57912416E+00  1.57772777E+00  1.57912416E+00
   587  2.34800000E+02  1.57912416E+00  1.57772777E+00  1.57912416E+00
   588  2.35200000E+02  1.57912416E+00  1.57772776E+00  1.57912416E+00
   589  2.35600000E+02  1.57912416E+00  1.57772776E+00  1.57912416E+00
   590  2.36000000E+02  1.57912416E+00  1.57772776E+00  1.57912416E+00
   591  2.36400000E+02  1.57912416E+00  1.57772776E+00  1.57912416E+00
   592  2.36800000E+02  1.57912416E+00  1.57772776E+00  1.57912416E+00
   593  2.37200000E+02  1.57912416E+00  1.57772775E+00  1.57912416E+00
   594  2.37600000E+02  1.57912416E+00  1.57772775E+00  1.57912416E+00
   595  2.38000000E+02  1.57912416E+00  1.57772775E+00  1.57912416E+00
   596  2.38400000E+02  1.57912416E+00  1.57772775E+00  1.57912416E+00
   597  2.38800000E+02  1.57912416E+00  1.57772775E+00  1.57912416E+00
   598  2.39200000E+02  1.57912416E+00  1.57772775E+00  1.57912416E+00
   599  2.39600000E+02  1.57912416E+00  1.57772775E+00  1.57912416E+00
   600  2.40000000E+02  1.57912416E+00  1.57772775E+00  1.57912416E+00
   601  2.40400000E+02  1.57912416E+00  1.57772775E+00  1.57912416E+00
   602  2.40800000E+02  1.57912416E+00  1.57772775E+00  1.57912416E+00
   603  2.41200000E+02  1.57912416E+00  1.57772774E+00  1.57912416E+00
   604  2.41600000E+02  1.57912416E+00  1.57772774E+00  1.57912416E+00
   605  2.42000000E+02  1.57912416E+00  1.57772774E+00  1.57912416E+00
   606  2.42400000E+02  1.57912416E+00  1.57772774E+00  1.57912416E+00
   607  2.42800000E+02  1.57912416E+00  1.57772774E+00  1.57912416E+00
   608  2.43200000E+02  1.57912416E+00  1.57772774E+00  1.57912416E+00
   609  2.43600000E+02  1.57912416E+00  1.57772774E+00  1.57912416E+00
   610  2.44000000E+02  1.57912416E+00  1.57772774E+00  1.57912416E+00
   611  2.44400000E+02  1.57912416E+00  1.57772774E+00  1.57912416E+00
   612  2.44800000E+02  1.57912416E+00  1.57772774E+00  1.57912416E+00
   613  2.45200000E+02  1.57912416E+00  1.57772774E+00  1.57912416E+00
   614  2.45600000E+02  1.57912416E+00  1.57772774E+00  1.57912416E+00
   615  2.46000000E+02  1.57912416E+00  1.57772774E+00  1.57912416E+00
   616  2.46400000E+02  1.57912416E+00  1.57772774E+00  1.57912416E+00
   617  2.46800000E+02  1.57912416E+00  1.57772774E+00  1.57912416E+00
   618  2.47200000E+02  1.57912416E+00  1.57772774E+00  1.57912416E+00
   619  2.47600000E+02  1.57912416E+00  1.57772774E+00  1.57912416E+00
   620  2.48000000E+02  1.57912416E+00  1.57772774E+00  1.57912416E+00
   621  2.48400000E+02  1.57912416E+00  1.57772774E+00  1.57912416E+00
   622  2.48800000E+02  1.57912416E+00  1.57772774E+00  1.57912416E+00
   623  2.49200000E+02  1.57912416E+00  1.57772774E+00  1.57912416E+00
   624  2.49600000E+02  1.57912416E+00  1.57772774E+00  1.57912416E+00
   625  2.50000000E+02  1.57912416E+00  1.57772774E+00  1.57912416E+00
   626  2.50400000E+02  1.57912416E+00  1.57772774E+00  1.57912416E+00
   627  2.50800000E+02  1.57912416E+00  1.57772774E+00  1.57912416E+00
   628  2.51200000E+02  1.57912416E+00  1.57772774E+00  1.57912416E+00
   629  2.51600000E+02  1.57912416E+00  1.57772774E+00  1.57912416E+00
   630  2.52000000E+02  1.57912416E+00  1.57772774E+00  1.57912416E+00
   631  2.52400000E+02  1.57912416E+00  1.57772774E+00  1.57912416E+00
   632  2.52800000E+02  1.57912416E+00  1.57772774E+00  1.57912416E+00
   633  2.53200000E+02  1.57912416E+00  1.57772774E+00  1.57912416E+00
   634  2.53600000E+02  1.57912416E+00  1.57772774E+00  1.57912416E+00
   635  2.54000000E+02  1.57912416E+00  1.57772774E+00  1.57912416E+00
   636  2.54400000E+02  1.57912416E+00  1.57772774E+00  1.57912416E+00
   637  2.54800000E+02  1.57912416E+00  1.57772774E+00  1.57912416E+00
   638  2.55200000E+02  1.57912416E+00  1.57772774E+00  1.57912416E+00
   639  2.55600000E+02  1.57912416E+00  1.57772774E+00  1.57912416E+00
   640  2.56000000E+02  1.57912416E+00  1.57772774E+00  1.57912416E+00
   641  2.56400000E+02  1.57912416E+00  1.57772774E+00  1.57912416E+00
   642  2.56800000E+02  1.57912416E+00  1.57772774E+00  1.57912416E+00
   643  2.57200000E+02  1.57912416E+00  1.57772774E+00  1.57912416E+00
   644  2.57600000E+02  1.57912416E+00  1.57772774E+00  1.57912416E+00
   645  2.58000000E+02  1.57912416E+00  1.57772774E+00  1.57912416E+00
   646  2.58400000E+02  1.57912416E+00  1.57772774E+00  1.57912416E+00
   647  2.58800000E+02  1.57912416E+00  1.57772775E+00  1.57912416E+00
   648  2.59200000E+02  1.57912416E+00  1.57772775E+00  1.57912416E+00
   649  2.59600000E+02  1.57912416E+00  1.57772775E+00  1.57912416E+00
   650  2.60000000E+02  1.57912416E+00  1.57772775E+00  1.57912416E+00
   651  2.60400000E+02  1.57912416E+00  1.57772775E+00  1.57912416E+00
   652  2.60800000E+02  1.57912416E+00  1.57772775E+00  1.57912416E+00
   653  2.61200000E+02  1.57912416E+00  1.57772775E+00  1.57912416E+00
   654  2.61600000E+02  1.57912416E+00  1.57772775E+00  1.57912416E+00
   655  2.62000000E+02  1.57912416E+00  1.57772775E+00  1.57912416E+00
   656  2.62400000E+02  1.57912416E+00  1.57772775E+00  1.57912416E+00
   657  2.62800000E+02  1.57912416E+00  1.57772775E+00  1.57912416E+00
   658  2.63200000E+02  1.57912416E+00  1.57772775E+00  1.57912416E+00
   659  2.63600000E+02  1.57912416E+00  1.57772775E+00  1.57912416E+00
   660  2.64000000E+02  1.57912416E+00  1.57772775E+00  1.57912416E+00
   661  2.64400000E+02  1.57912416E+00  1.57772775E+00  1.57912416E+00
   662  2.64800000E+02  1.57912416E+00  1.57772775E+00  1.57912416E+00
   663  2.65200000E+02  1.57912416E+00  1.57772775E+00  1.57912416E+00
   664  2.65600000E+02  1.57912416E+00  1.57772775E+00  1.57912416E+00
   665  2.66000000E+02  1.57912416E+00  1.57772775E+00  1.57912416E+00
   666  2.66400000E+02  1.57912416E+00  1.57772775E+00  1.57912416E+00
   667  2.66800000E+02  1.57912416E+00  1.57772775E+00  1.57912416E+00
   668  2.67200000E+02  1.57912416E+00  1.57772775E+00  1.57912416E+00
   669  2.67600000E+02  1.57912416E+00  1.57772775E+00  1.57912416E+00
   670  2.68000000E+02  1.57912416E+00  1.57772775E+00  1.57912416E+00
   671  2.68400000E+02  1.57912416E+00  1.57772775E+00  1.57912416E+00
   672  2.68800000E+02  1.57912416E+00  1.57772775E+00  1.57912416E+00
   673  2.69200000E+02  1.57912416E+00  1.57772775E+00  1.57912416E+00
   674  2.69600000E+02  1.57912416E+00  1.57772775E+00  1.57912416E+00
   675  2.70000000E+02  1.57912416E+00  1.57772775E+00  1.57912416E+00
   676  2.70400000E+02  1.57912416E+00  1.57772775E+00  1.57912416E+00
   677  2.70800000E+02  1.57912416E+00  1.57772775E+00  1.57912416E+00
   678  2.71200000E+02  1.57912416E+00  1.57772775E+00  1.57912416E+00
   679  2.71600000E+02  1.57912416E+00  1.57772775E+00  1.57912416E+00
   680  2.72000000E+02  1.57912416E+00  1.57772775E+00  1.57912416E+00
   681  2.72400000E+02  1.57912416E+00  1.57772775E+00  1.57912416E+00
   682  2.72800000E+02  1.57912416E+00  1.57772775E+00  1.57912416E+00
   683  2.73200000E+02  1.57912416E+00  1.57772775E+00  1.57912416E+00
   684  2.73600000E+02  1.57912416E+00  1.57772775E+00  1.57912416E+00
   685  2.74000000E+02  1.57912416E+00  1.57772775E+00  1.57912416E+00
   686  2.74400000E+02  1.57912416E+00  1.57772775E+00  1.57912416E+00
   687  2.74800000E+02  1.57912416E+00  1.57772775E+00  1.57912416E+00
   688  2.75200000E+02  1.57912416E+00  1.57772775E+00  1.57912416E+00
   689  2.75600000E+02  1.57912416E+00  1.57772775E+00  1.57912416E+00
   690  2.76000000E+02  1.57912416E+00  1.57772775E+00  1.57912416E+00
   691  2.76400000E+02  1.57912416E+00  1.57772775E+00  1.57912416E+00
   692  2.76800000E+02  1.57912416E+00  1.57772775E+00  1.57912416E+00
   693  2.77200000E+02  1.57912416E+00  1.57772775E+00  1.57912416E+00
   694  2.77600000E+02  1.57912416E+00  1.57772775E+00  1.57912416E+00
   695  2.78000000E+02  1.57912416E+00  1.57772775E+00  1.57912416E+00
   696  2.78400000E+02  1.57912416E+00  1.57772775E+00  1.57912416E+00
   697  2.78800000E+02  1.57912416E+00  1.57772775E+00  1.57912416E+00
   698  2.79200000E+02  1.57912416E+00  1.57772775E+00  1.57912416E+00
   699  2.79600000E+02  1.57912416E+00  1.57772775E+00  1.57912416E+00
   700  2.80000000E+02  1.57912416E+00  1.57772775E+00  1.57912416E+00
   701  2.80400000E+02  1.57912416E+00  1.57772775E+00  1.57912416E+00
   702  2.80800000E+02  1.57912416E+00  1.57772775E+00  1.57912416E+00
   703  2.81200000E+02  1.57912416E+00  1.57772775E+00  1.57912416E+00
   704  2.81600000E+02  1.57912416E+00  1.57772775E+00  1.57912416E+00
   705  2.82000000E+02  1.57912416E+00  1.57772775E+00  1.57912416E+00
   706  2.82400000E+02  1.57912416E+00  1.57772775E+00  1.57912416E+00
   707  2.82800000E+02  1.57912416E+00  1.57772775E+00  1.57912416E+00
   708  2.83200000E+02  1.57912416E+00  1.57772775E+00  1.57912416E+00
   709  2.83600000E+02  1.57912416E+00  1.57772775E+00  1.57912416E+00
   710  2.84000000E+02  1.57912416E+00  1.57772775E+00  1.57912416E+00
   711  2.84400000E+02  1.57912416E+00  1.57772775E+00  1.57912416E+00
   712  2.84800000E+02  1.57912416E+00  1.57772775E+00  1.57912416E+00
   713  2.85200000E+02  1.57912416E+00  1.57772775E+00  1.57912416E+00
   714  2.85600000E+02  1.57912416E+00  1.57772775E+00  1.57912416E+00
   715  2.86000000E+02  1.57912416E+00  1.57772775E+00  1.57912416E+00
   716  2.86400000E+02  1.57912416E+00  1.57772775E+00  1.57912416E+00
   717  2.86800000E+02  1.57912416E+00  1.57772775E+00  1.57912416E+00
   718  2.87200000E+02  1.57912416E+00  1.57772775E+00  1.57912416E+00
   719  2.87600000E+02  1.57912416E+00  1.57772775E+00  1.57912416E+00
   720  2.88000000E+02  1.57912416E+00  1.57772775E+00  1.57912416E+00
   721  2.88400000E+02  1.57912416E+00  1.57772775E+00  1.57912416E+00
   722  2.88800000E+02  1.57912416E+00  1.57772775E+00  1.57912416E+00
   723  2.89200000E+02  1.57912416E+00  1.57772775E+00  1.57912416E+00
   724  2.89600000E+02  1.57912416E+00  1.57772775E+00  1.57912416E+00
   725  2.90000000E+02  1.57912416E+00  1.57772775E+00  1.57912416E+00
   726  2.90400000E+02  1.57912416E+00  1.57772775E+00  1.57912416E+00
   727  2.90800000E+02  1.57912416E+00  1.57772775E+00  1.57912416E+00
   728  2.91200000E+02  1.57912416E+00  1.57772775E+00  1.57912416E+00
   729  2.91600000E+02  1.57912416E+00  1.57772775E+00  1.57912416E+00
   730  2.92000000E+02  1.57912416E+00  1.57772775E+00  1.57912416E+00
   731  2.92400000E+02  1.57912416E+00  1.57772775E+00  1.57912416E+00
   732  2.92800000E+02  1.57912416E+00  1.57772775E+00  1.57912416E+00
   733  2.93200000E+02  1.57912416E+00  1.57772775E+00  1.57912416E+00
   734  2.93600000E+02  1.57912416E+00  1.57772775E+00  1.57912416E+00
   735  2.94000000E+02  1.57912416E+00  1.57772775E+00  1.57912416E+00
   736  2.94400000E+02  1.57912416E+00  1.57772775E+00  1.57912416E+00
   737  2.94800000E+02  1.57912416E+00  1.57772775E+00  1.57912416E+00
   738  2.95200000E+02  1.57912416E+00  1.57772775E+00  1.57912416E+00
   739  2.95600000E+02  1.57912416E+00  1.57772775E+00  1.57912416E+00
   740  2.96000000E+02  1.57912416E+00  1.57772775E+00  1.57912416E+00
   741  2.96400000E+02  1.57912416E+00  1.57772775E+00  1.57912416E+00
   742  2.96800000E+02  1.57912416E+00  1.57772775E+00  1.57912416E+00
   743  2.97200000E+02  1.57912416E+00  1.57772775E+00  1.57912416E+00
   744  2.97600000E+02  1.57912416E+00  1.57772775E+00  1.57912416E+00
   745  2.98000000E+02  1.57912416E+00  1.57772775E+00  1.57912416E+00
   746  2.98400000E+02  1.57912416E+00  1.57772775E+00  1.57912416E+00
   747  2.98800000E+02  1.57912416E+00  1.57772775E+00  1.57912416E+00
   748  2.99200000E+02  1.57912416E+00  1.57772775E+00  1.57912416E+00
   749  2.99600000E+02  1.57912416E+00  1.57772775E+00  1.57912416E+00
   750  3.00000000E+02  1.57912416E+00  1.57772775E+00  1.57912416E+00
   751  3.00400000E+02  1.57912416E+00  1.57772775E+00  1.57912416E+00
   752  3.00800000E+02  1.57912416E+00  1.57772775E+00  1.57912416E+00
   753  3.01200000E+02  1.57912416E+00  1.57772775E+00  1.57912416E+00
   754  3.01600000E+02  1.57912416E+00  1.57772775E+00  1.57912416E+00
   755  3.02000000E+02  1.57912416E+00  1.57772775E+00  1.57912416E+00
   756  3.02400000E+02  1.57912416E+00  1.57772775E+00  1.57912416E+00
   757  3.02800000E+02  1.57912416E+00  1.57772775E+00  1.57912416E+00
   758  3.03200000E+02  1.57912416E+00  1.57772775E+00  1.57912416E+00
   759  3.03600000E+02  1.57912416E+00  1.57772775E+00  1.57912416E+00
   760  3.04000000E+02  1.57912416E+00  1.57772775E+00  1.57912416E+00
   761  3.04400000E+02  1.57912416E+00  1.57772775E+00  1.57912416E+00
   762  3.04800000E+02  1.57912416E+00  1.57772775E+00  1.57912416E+00
   763  3.05200000E+02  1.57912416E+00  1.57772775E+00  1.57912416E+00
   764  3.05600000E+02  1.57912416E+00  1.57772775E+00  1.57912416E+00
   765  3.06000000E+02  1.57912416E+00  1.57772775E+00  1.57912416E+00
   766  3.06400000E+02  1.57912416E+00  1.57772775E+00  1.57912416E+00
   767  3.06800000E+02  1.57912416E+00  1.57772775E+00  1.57912416E+00
   768  3.07200000E+02  1.57912416E+00  1.57772775E+00  1.57912416E+00
   769  3.07600000E+02  1.57912416E+00  1.57772775E+00  1.57912416E+00
   770  3.08000000E+02  1.57912416E+00  1.57772775E+00  1.57912416E+00
   771  3.08400000E+02  1.57912416E+00  1.57772775E+00  1.57912416E+00
   772  3.08800000E+02  1.57912416E+00  1.57772775E+00  1.57912416E+00
   773  3.09200000E+02  1.57912416E+00  1.57772775E+00  1.57912416E+00
   774  3.09600000E+02  1.57912416E+00  1.57772775E+00  1.57912416E+00
   775  3.10000000E+02  1.57912416E+00  1.57772775E+00  1.57912416E+00
   776  3.10400000E+02  1.57912416E+00  1.57772775E+00  1.57912416E+00
   777  3.10800000E+02  1.57912416E+00  1.57772775E+00  1.57912416E+00
   778  3.11200000E+02  1.57912416E+00  1.57772775E+00  1.57912416E+00
   779  3.11600000E+02  1.57912416E+00  1.57772775E+00  1.57912416E+00
   780  3.12000000E+02  1.57912416E+00  1.57772775E+00  1.57912416E+00
   781  3.12400000E+02  1.57912416E+00  1.57772775E+00  1.57912416E+00
   782  3.12800000E+02  1.57912416E+00  1.57772775E+00  1.57912416E+00
   783  3.13200000E+02  1.57912416E+00  1.57772775E+00  1.57912416E+00
   784  3.13600000E+02  1.57912416E+00  1.57772775E+00  1.57912416E+00
   785  3.14000000E+02  1.57912416E+00  1.57772775E+00  1.57912416E+00
   786  3.14400000E+02  1.57912416E+00  1.57772775E+00  1.57912416E+00
   787  3.14800000E+02  1.57912416E+00  1.57772775E+00  1.57912416E+00
   788  3.15200000E+02  1.57912416E+00  1.57772775E+00  1.57912416E+00
   789  3.15600000E+02  1.57912416E+00  1.57772775E+00  1.57912416E+00
   790  3.16000000E+02  1.57912416E+00  1.57772775E+00  1.57912416E+00
   791  3.16400000E+02  1.57912416E+00  1.57772775E+00  1.57912416E+00
   792  3.16800000E+02  1.57912416E+00  1.57772775E+00  1.57912416E+00
   793  3.17200000E+02  1.57912416E+00  1.57772775E+00  1.57912416E+00
   794  3.17600000E+02  1.57912416E+00  1.57772775E+00  1.57912416E+00
   795  3.18000000E+02  1.57912416E+00  1.57772775E+00  1.57912416E+00
   796  3.18400000E+02  1.57912416E+00  1.57772775E+00  1.57912416E+00
   797  3.18800000E+02  1.57912416E+00  1.57772775E+00  1.57912416E+00
   798  3.19200000E+02  1.57912416E+00  1.57772775E+00  1.57912416E+00
   799  3.19600000E+02  1.57912416E+00  1.57772775E+00  1.57912416E+00
   800  3.20000000E+02  1.57912416E+00  1.57772775E+00  1.57912416E+00
   801  3.20400000E+02  1.57912416E+00  1.57772775E+00  1.57912416E+00
   802  3.20800000E+02  1.57912416E+00  1.57772775E+00  1.57912416E+00
   803  3.21200000E+02  1.57912416E+00  1.57772775E+00  1.57912416E+00
   804  3.21600000E+02  1.57912416E+00  1.57772775E+00  1.57912416E+00
   805  3.22000000E+02  1.57912416E+00  1.57772775E+00  1.57912416E+00
   806  3.22400000E+02  1.57912416E+00  1.57772775E+00  1.57912416E+00
   807  3.22800000E+02  1.57912416E+00  1.57772775E+00  1.57912416E+00
   808  3.23200000E+02  1.57912416E+00  1.57772775E+00  1.57912416E+00
   809  3.23600000E+02  1.57912416E+00  1.57772775E+00  1.57912416E+00
   810  3.24000000E+02  1.57912416E+00  1.57772775E+00  1.57912416E+00
   811  3.24400000E+02  1.57912416E+00  1.57772775E+00  1.57912416E+00
   812  3.24800000E+02  1.57912416E+00  1.57772775E+00  1.57912416E+00
   813  3.25200000E+02  1.57912416E+00  1.57772775E+00  1.57912416E+00
   814  3.25600000E+02  1.57912416E+00  1.57772775E+00  1.57912416E+00
   815  3.26000000E+02  1.57912416E+00  1.57772775E+00  1.57912416E+00
   816  3.26400000E+02  1.57912416E+00  1.57772775E+00  1.57912416E+00
   817  3.26800000E+02  1.57912416E+00  1.57772775E+00  1.57912416E+00
   818  3.27200000E+02  1.57912416E+00  1.57772775E+00  1.57912416E+00
   819  3.27600000E+02  1.57912416E+00  1.57772775E+00  1.57912416E+00
   820  3.28000000E+02  1.57912416E+00  1.57772775E+00  1.57912416E+00
   821  3.28400000E+02  1.57912416E+00  1.57772775E+00  1.57912416E+00
   822  3.28800000E+02  1.57912416E+00  1.57772775E+00  1.57912416E+00
   823  3.29200000E+02  1.57912416E+00  1.57772775E+00  1.57912416E+00
   824  3.29600000E+02  1.57912416E+00  1.57772775E+00  1.57912416E+00
   825  3.30000000E+02  1.57912416E+00  1.57772775E+00  1.57912416E+00
   826  3.30400000E+02  1.57912416E+00  1.57772775E+00  1.57912416E+00
   827  3.30800000E+02  1.57912416E+00  1.57772775E+00  1.57912416E+00
   828  3.31200000E+02  1.57912416E+00  1.57772775E+00  1.57912416E+00
   829  3.31600000E+02  1.57912416E+00  1.57772775E+00  1.57912416E+00
   830  3.32000000E+02  1.57912416E+00  1.57772775E+00  1.57912416E+00
   831  3.32400000E+02  1.57912416E+00  1.57772775E+00  1.57912416E+00
   832  3.32800000E+02  1.57912416E+00  1.57772775E+00  1.57912416E+00
   833  3.33200000E+02  1.57912416E+00  1.57772775E+00  1.57912416E+00
   834  3.33600000E+02  1.57912416E+00  1.57772775E+00  1.57912416E+00
   835  3.34000000E+02  1.57912416E+00  1.57772775E+00  1.57912416E+00
   836  3.34400000E+02  1.57912416E+00  1.57772775E+00  1.57912416E+00
   837  3.34800000E+02  1.57912416E+00  1.57772775E+00  1.57912416E+00
   838  3.35200000E+02  1.57912416E+00  1.57772775E+00  1.57912416E+00
   839  3.35600000E+02  1.57912416E+00  1.57772775E+00  1.57912416E+00
   840  3.36000000E+02  1.57912416E+00  1.57772775E+00  1.57912416E+00
   841  3.36400000E+02  1.57912416E+00  1.57772775E+00  1.57912416E+00
   842  3.36800000E+02  1.57912416E+00  1.57772775E+00  1.57912416E+00
   843  3.37200000E+02  1.57912416E+00  1.57772775E+00  1.57912416E+00
   844  3.37600000E+02  1.57912416E+00  1.57772775E+00  1.57912416E+00
   845  3.38000000E+02  1.57912416E+00  1.57772775E+00  1.57912416E+00
   846  3.38400000E+02  1.57912416E+00  1.57772775E+00  1.57912416E+00
   847  3.38800000E+02  1.57912416E+00  1.57772775E+00  1.57912416E+00
   848  3.39200000E+02  1.57912416E+00  1.57772775E+00  1.57912416E+00
   849  3.39600000E+02  1.57912416E+00  1.57772775E+00  1.57912416E+00
   850  3.40000000E+02  1.57912416E+00  1.57772775E+00  1.57912416E+00
   851  3.40400000E+02  1.57912416E+00  1.57772775E+00  1.57912416E+00
   852  3.40800000E+02  1.57912416E+00  1.57772775E+00  1.57912416E+00
   853  3.41200000E+02  1.57912416E+00  1.57772775E+00  1.57912416E+00
   854  3.41600000E+02  1.57912416E+00  1.57772775E+00  1.57912416E+00
   855  3.42000000E+02  1.57912416E+00  1.57772775E+00  1.57912416E+00
   856  3.42400000E+02  1.57912416E+00  1.57772775E+00  1.57912416E+00
   857  3.42800000E+02  1.57912416E+00  1.57772775E+00  1.57912416E+00
   858  3.43200000E+02  1.57912416E+00  1.57772775E+00  1.57912416E+00
   859  3.43600000E+02  1.57912416E+00  1.57772775E+00  1.57912416E+00
   860  3.44000000E+02  1.57912416E+00  1.57772775E+00  1.57912416E+00
   861  3.44400000E+02  1.57912416E+00  1.57772775E+00  1.57912416E+00
   862  3.44800000E+02  1.57912416E+00  1.57772775E+00  1.57912416E+00
   863  3.45200000E+02  1.57912416E+00  1.57772775E+00  1.57912416E+00
   864  3.45600000E+02  1.57912416E+00  1.57772775E+00  1.57912416E+00
   865  3.46000000E+02  1.57912416E+00  1.57772775E+00  1.57912416E+00
   866  3.46400000E+02  1.57912416E+00  1.57772775E+00  1.57912416E+00
   867  3.46800000E+02  1.57912416E+00  1.57772775E+00  1.57912416E+00
   868  3.47200000E+02  1.57912416E+00  1.57772775E+00  1.57912416E+00
   869  3.47600000E+02  1.57912416E+00  1.57772775E+00  1.57912416E+00
   870  3.48000000E+02  1.57912416E+00  1.57772775E+00  1.57912416E+00
   871  3.48400000E+02  1.57912416E+00  1.57772775E+00  1.57912416E+00
   872  3.48800000E+02  1.57912416E+00  1.57772775E+00  1.57912416E+00
   873  3.49200000E+02  1.57912416E+00  1.57772775E+00  1.57912416E+00
   874  3.49600000E+02  1.57912416E+00  1.57772775E+00  1.57912416E+00
   875  3.50000000E+02  1.57912416E+00  1.57772775E+00  1.57912416E+00
   876  3.50400000E+02  1.57912416E+00  1.57772775E+00  1.57912416E+00
   877  3.50800000E+02  1.57912416E+00  1.57772775E+00  1.57912416E+00
   878  3.51200000E+02  1.57912416E+00  1.57772775E+00  1.57912416E+00
   879  3.51600000E+02  1.57912416E+00  1.57772775E+00  1.57912416E+00
   880  3.52000000E+02  1.57912416E+00  1.57772775E+00  1.57912416E+00
   881  3.52400000E+02  1.57912416E+00  1.57772775E+00  1.57912416E+00
   882  3.52800000E+02  1.57912416E+00  1.57772775E+00  1.57912416E+00
   883  3.53200000E+02  1.57912416E+00  1.57772775E+00  1.57912416E+00
   884  3.53600000E+02  1.57912416E+00  1.57772775E+00  1.57912416E+00
   885  3.54000000E+02  1.57912416E+00  1.57772775E+00  1.57912416E+00
   886  3.54400000E+02  1.57912416E+00  1.57772775E+00  1.57912416E+00
   887  3.54800000E+02  1.57912416E+00  1.57772775E+00  1.57912416E+00
   888  3.55200000E+02  1.57912416E+00  1.57772775E+00  1.57912416E+00
   889  3.55600000E+02  1.57912416E+00  1.57772775E+00  1.57912416E+00
   890  3.56000000E+02  1.57912416E+00  1.57772775E+00  1.57912416E+00
   891  3.56400000E+02  1.57912416E+00  1.57772775E+00  1.57912416E+00
   892  3.56800000E+02  1.57912416E+00  1.57772775E+00  1.57912416E+00
   893  3.57200000E+02  1.57912416E+00  1.57772775E+00  1.57912416E+00
   894  3.57600000E+02  1.57912416E+00  1.57772775E+00  1.57912416E+00
   895  3.58000000E+02  1.57912416E+00  1.57772775E+00  1.57912416E+00
   896  3.58400000E+02  1.57912416E+00  1.57772775E+00  1.57912416E+00
   897  3.58800000E+02  1.57912416E+00  1.57772775E+00  1.57912416E+00
   898  3.59200000E+02  1.57912416E+00  1.57772775E+00  1.57912416E+00
   899  3.59600000E+02  1.57912416E+00  1.57772775E+00  1.57912416E+00
   900  3.60000000E+02  1.57912416E+00  1.57772775E+00  1.57912416E+00
   901  3.60400000E+02  1.57912416E+00  1.57772775E+00  1.57912416E+00
   902  3.60800000E+02  1.57912416E+00  1.57772775E+00  1.57912416E+00
   903  3.61200000E+02  1.57912416E+00  1.57772775E+00  1.57912416E+00
   904  3.61600000E+02  1.57912416E+00  1.57772775E+00  1.57912416E+00
   905  3.62000000E+02  1.57912416E+00  1.57772775E+00  1.57912416E+00
   906  3.62400000E+02  1.57912416E+00  1.57772775E+00  1.57912416E+00
   907  3.62800000E+02  1.57912416E+00  1.57772775E+00  1.57912416E+00
   908  3.63200000E+02  1.57912416E+00  1.57772775E+00  1.57912416E+00
   909  3.63600000E+02  1.57912416E+00  1.57772775E+00  1.57912416E+00
   910  3.64000000E+02  1.57912416E+00  1.57772775E+00  1.57912416E+00
   911  3.64400000E+02  1.57912416E+00  1.57772775E+00  1.57912416E+00
   912  3.64800000E+02  1.57912416E+00  1.57772775E+00  1.57912416E+00
   913  3.65200000E+02  1.57912416E+00  1.57772775E+00  1.57912416E+00
   914  3.65600000E+02  1.57912416E+00  1.57772775E+00  1.57912416E+00
   915  3.66000000E+02  1.57912416E+00  1.57772775E+00  1.57912416E+00
   916  3.66400000E+02  1.57912416E+00  1.57772775E+00  1.57912416E+00
   917  3.66800000E+02  1.57912416E+00  1.57772775E+00  1.57912416E+00
   918  3.67200000E+02  1.57912416E+00  1.57772775E+00  1.57912416E+00
   919  3.67600000E+02  1.57912416E+00  1.57772775E+00  1.57912416E+00
   920  3.68000000E+02  1.57912416E+00  1.57772775E+00  1.57912416E+00
   921  3.68400000E+02  1.57912416E+00  1.57772775E+00  1.57912416E+00
   922  3.68800000E+02  1.57912416E+00  1.57772775E+00  1.57912416E+00
   923  3.69200000E+02  1.57912416E+00  1.57772775E+00  1.57912416E+00
   924  3.69600000E+02  1.57912416E+00  1.57772775E+00  1.57912416E+00
   925  3.70000000E+02  1.57912416E+00  1.57772775E+00  1.57912416E+00
   926  3.70400000E+02  1.57912416E+00  1.57772775E+00  1.57912416E+00
   927  3.70800000E+02  1.57912416E+00  1.57772775E+00  1.57912416E+00
   928  3.71200000E+02  1.57912416E+00  1.57772775E+00  1.57912416E+00
   929  3.71600000E+02  1.57912416E+00  1.57772775E+00  1.57912416E+00
   930  3.72000000E+02  1.57912416E+00  1.57772775E+00  1.57912416E+00
   931  3.72400000E+02  1.57912416E+00  1.57772775E+00  1.57912416E+00
   932  3.72800000E+02  1.57912416E+00  1.57772775E+00  1.57912416E+00
   933  3.73200000E+02  1.57912416E+00  1.57772775E+00  1.57912416E+00
   934  3.73600000E+02  1.57912416E+00  1.57772775E+00  1.57912416E+00
   935  3.74000000E+02  1.57912416E+00  1.57772775E+00  1.57912416E+00
   936  3.74400000E+02  1.57912416E+00  1.57772775E+00  1.57912416E+00
   937  3.74800000E+02  1.57912416E+00  1.57772775E+00  1.57912416E+00
   938  3.75200000E+02  1.57912416E+00  1.57772775E+00  1.57912416E+00
   939  3.75600000E+02  1.57912416E+00  1.57772775E+00  1.57912416E+00
   940  3.76000000E+02  1.57912416E+00  1.57772775E+00  1.57912416E+00
   941  3.76400000E+02  1.57912416E+00  1.57772775E+00  1.57912416E+00
   942  3.76800000E+02  1.57912416E+00  1.57772775E+00  1.57912416E+00
   943  3.77200000E+02  1.57912416E+00  1.57772775E+00  1.57912416E+00
   944  3.77600000E+02  1.57912416E+00  1.57772775E+00  1.57912416E+00
   945  3.78000000E+02  1.57912416E+00  1.57772775E+00  1.57912416E+00
   946  3.78400000E+02  1.57912416E+00  1.57772775E+00  1.57912416E+00
   947  3.78800000E+02  1.57912416E+00  1.57772775E+00  1.57912416E+00
   948  3.79200000E+02  1.57912416E+00  1.57772775E+00  1.57912416E+00
   949  3.79600000E+02  1.57912416E+00  1.57772775E+00  1.57912416E+00
   950  3.80000000E+02  1.57912416E+00  1.57772775E+00  1.57912416E+00
   951  3.80400000E+02  1.57912416E+00  1.57772775E+00  1.57912416E+00
   952  3.80800000E+02  1.57912416E+00  1.57772775E+00  1.57912416E+00
   953  3.81200000E+02  1.57912416E+00  1.57772775E+00  1.57912416E+00
   954  3.81600000E+02  1.57912416E+00  1.57772775E+00  1.57912416E+00
   955  3.82000000E+02  1.57912416E+00  1.57772775E+00  1.57912416E+00
   956  3.82400000E+02  1.57912416E+00  1.57772775E+00  1.57912416E+00
   957  3.82800000E+02  1.57912416E+00  1.57772775E+00  1.57912416E+00
   958  3.83200000E+02  1.57912416E+00  1.57772775E+00  1.57912416E+00
   959  3.83600000E+02  1.57912416E+00  1.57772775E+00  1.57912416E+00
   960  3.84000000E+02  1.57912416E+00  1.57772775E+00  1.57912416E+00
   961  3.84400000E+02  1.57912416E+00  1.57772775E+00  1.57912416E+00
   962  3.84800000E+02  1.57912416E+00  1.57772775E+00  1.57912416E+00
   963  3.85200000E+02  1.57912416E+00  1.57772775E+00  1.57912416E+00
   964  3.85600000E+02  1.57912416E+00  1.57772775E+00  1.57912416E+00
   965  3.86000000E+02  1.57912416E+00  1.57772775E+00  1.57912416E+00
   966  3.86400000E+02  1.57912416E+00  1.57772775E+00  1.57912416E+00
   967  3.86800000E+02  1.57912416E+00  1.57772775E+00  1.57912416E+00
   968  3.87200000E+02  1.57912416E+00  1.57772775E+00  1.57912416E+00
   969  3.87600000E+02  1.57912416E+00  1.57772775E+00  1.57912416E+00
   970  3.88000000E+02  1.57912416E+00  1.57772775E+00  1.57912416E+00
   971  3.88400000E+02  1.57912416E+00  1.57772775E+00  1.57912416E+00
   972  3.88800000E+02  1.57912416E+00  1.57772775E+00  1.57912416E+00
   973  3.89200000E+02  1.57912416E+00  1.57772775E+00  1.57912416E+00
   974  3.89600000E+02  1.57912416E+00  1.57772775E+00  1.57912416E+00
   975  3.90000000E+02  1.57912416E+00  1.57772775E+00  1.57912416E+00
   976  3.90400000E+02  1.57912416E+00  1.57772775E+00  1.57912416E+00
   977  3.90800000E+02  1.57912416E+00  1.57772775E+00  1.57912416E+00
   978  3.91200000E+02  1.57912416E+00  1.57772775E+00  1.57912416E+00
   979  3.91600000E+02  1.57912416E+00  1.57772775E+00  1.57912416E+00
   980  3.92000000E+02  1.57912416E+00  1.57772775E+00  1.57912416E+00
   981  3.92400000E+02  1.57912416E+00  1.57772775E+00  1.57912416E+00
   982  3.92800000E+02  1.57912416E+00  1.57772775E+00  1.57912416E+00
   983  3.93200000E+02  1.57912416E+00  1.57772775E+00  1.57912416E+00
   984  3.93600000E+02  1.57912416E+00  1.57772775E+00  1.57912416E+00
   985  3.94000000E+02  1.57912416E+00  1.57772775E+00  1.57912416E+00
   986  3.94400000E+02  1.57912416E+00  1.57772775E+00  1.57912416E+00
   987  3.94800000E+02  1.57912416E+00  1.57772775E+00  1.57912416E+00
   988  3.95200000E+02  1.57912416E+00  1.57772775E+00  1.57912416E+00
   989  3.95600000E+02  1.57912416E+00  1.57772775E+00  1.57912416E+00
   990  3.96000000E+02  1.57912416E+00  1.57772775E+00  1.57912416E+00
   991  3.96400000E+02  1.57912416E+00  1.57772775E+00  1.57912416E+00
   992  3.96800000E+02  1.57912416E+00  1.57772775E+00  1.57912416E+00
   993  3.97200000E+02  1.57912416E+00  1.57772775E+00  1.57912416E+00
   994  3.97600000E+02  1.57912416E+00  1.57772775E+00  1.57912416E+00
   995  3.98000000E+02  1.57912416E+00  1.57772775E+00  1.57912416E+00
   996  3.98400000E+02  1.57912416E+00  1.57772775E+00  1.57912416E+00
   997  3.98800000E+02  1.57912416E+00  1.57772775E+00  1.57912416E+00
   998  3.99200000E+02  1.57912416E+00  1.57772775E+00  1.57912416E+00
   999  3.99600000E+02  1.57912416E+00  1.57772775E+00  1.57912416E+00
  1000  4.00000000E+02  1.57912416E+00  1.57772775E+00  1.57912416E+00
