 comppar: model =   3
 comppar: lambda,mobility/eps,betav,eta_0 =  7.0000E+00  1.0000E-02  9.0000E-01  1.0000E+00
 comppar: eta_s,eta_p,G =  9.0000E-01  1.0000E-01  1.4286E-02
 comppar: U_avg,deltat,flowrate,nsteps =  1.0000E-01  4.0000E-01  3.1416E-01    1000
 comppar: geometry = axisymmetric
 comppar: steady stop change,gap,hold,min =  1.0000E-05  2.0000E-04      10      80
 comppar: steady stop rounded decimals =       4
 comppar: ncompc,ncompg =     4     5
 mesh nnodes = 22999
 mesh nelem = 11296
 P1 BC   5.0000000000000000     
 P2 BC   0.0000000000000000     
     1  4.00000000E-01  1.00503996E+00  1.00000000E+00  1.00503996E+00
     2  8.00000000E-01  1.00992338E+00  1.00000000E+00  1.00992338E+00
     3  1.20000000E+00  1.01465542E+00  1.00000000E+00  1.01465542E+00
     4  1.60000000E+00  1.01924995E+00  1.00000000E+00  1.01924995E+00
     5  2.00000000E+00  1.02371138E+00  1.00000000E+00  1.02371138E+00
     6  2.40000000E+00  1.02804633E+00  1.00000000E+00  1.02804633E+00
     7  2.80000000E+00  1.03226033E+00  1.00000000E+00  1.03226033E+00
     8  3.20000000E+00  1.03635673E+00  1.00000000E+00  1.03635673E+00
     9  3.60000000E+00  1.04035037E+00  1.00000000E+00  1.04035037E+00
    10  4.00000000E+00  1.04423449E+00  1.00000000E+00  1.04423449E+00
    11  4.40000000E+00  1.04801739E+00  9.99999996E-01  1.04801739E+00
    12  4.80000000E+00  1.05170496E+00  9.99999990E-01  1.05170496E+00
    13  5.20000000E+00  1.05530028E+00  9.99999982E-01  1.05530028E+00
    14  5.60000000E+00  1.05879573E+00  9.99999972E-01  1.05879573E+00
    15  6.00000000E+00  1.06221950E+00  9.99999958E-01  1.06221950E+00
    16  6.40000000E+00  1.06555533E+00  9.99999940E-01  1.06555533E+00
    17  6.80000000E+00  1.06880565E+00  9.99999918E-01  1.06880565E+00
    18  7.20000000E+00  1.07197364E+00  9.99999891E-01  1.07197364E+00
    19  7.60000000E+00  1.07506262E+00  9.99999858E-01  1.07506262E+00
    20  8.00000000E+00  1.07807763E+00  9.99999818E-01  1.07807763E+00
    21  8.40000000E+00  1.08102351E+00  9.99999771E-01  1.08102351E+00
    22  8.80000000E+00  1.08389873E+00  9.99999716E-01  1.08389873E+00
    23  9.20000000E+00  1.08669798E+00  9.99999651E-01  1.08669798E+00
    24  9.60000000E+00  1.08943796E+00  9.99999575E-01  1.08943796E+00
    25  1.00000000E+01  1.09211099E+00  9.99999488E-01  1.09211099E+00
    26  1.04000000E+01  1.09472001E+00  9.99999387E-01  1.09472001E+00
    27  1.08000000E+01  1.09726256E+00  9.99999272E-01  1.09726256E+00
    28  1.12000000E+01  1.09973652E+00  9.99999140E-01  1.09973652E+00
    29  1.16000000E+01  1.10214140E+00  9.99998991E-01  1.10214140E+00
    30  1.20000000E+01  1.10447165E+00  9.99998822E-01  1.10447165E+00
    31  1.24000000E+01  1.10677594E+00  9.99998631E-01  1.10677594E+00
    32  1.28000000E+01  1.10902013E+00  9.99998417E-01  1.10902013E+00
    33  1.32000000E+01  1.11119244E+00  9.99998177E-01  1.11119244E+00
    34  1.36000000E+01  1.11329510E+00  9.99997909E-01  1.11329510E+00
    35  1.40000000E+01  1.11536951E+00  9.99997609E-01  1.11536951E+00
    36  1.44000000E+01  1.11739420E+00  9.99997277E-01  1.11739420E+00
    37  1.48000000E+01  1.11935100E+00  9.99996908E-01  1.11935100E+00
    38  1.52000000E+01  1.12124615E+00  9.99996500E-01  1.12124615E+00
    39  1.56000000E+01  1.12313353E+00  9.99996049E-01  1.12313353E+00
    40  1.60000000E+01  1.12495580E+00  9.99995552E-01  1.12495580E+00
    41  1.64000000E+01  1.12671538E+00  9.99995005E-01  1.12671538E+00
    42  1.68000000E+01  1.12847127E+00  9.99994405E-01  1.12847127E+00
    43  1.72000000E+01  1.13016578E+00  9.99993747E-01  1.13016578E+00
    44  1.76000000E+01  1.13182347E+00  9.99993027E-01  1.13182347E+00
    45  1.80000000E+01  1.13346229E+00  9.99992240E-01  1.13346229E+00
    46  1.84000000E+01  1.13505382E+00  9.99991383E-01  1.13505382E+00
    47  1.88000000E+01  1.13663868E+00  9.99990449E-01  1.13663868E+00
    48  1.92000000E+01  1.13819218E+00  9.99989434E-01  1.13819218E+00
    49  1.96000000E+01  1.13972610E+00  9.99988333E-01  1.13972610E+00
    50  2.00000000E+01  1.14126313E+00  9.99987139E-01  1.14126313E+00
    51  2.04000000E+01  1.14278912E+00  9.99985848E-01  1.14278912E+00
    52  2.08000000E+01  1.14431095E+00  9.99984453E-01  1.14431095E+00
    53  2.12000000E+01  1.14582991E+00  9.99982947E-01  1.14582991E+00
    54  2.16000000E+01  1.14734257E+00  9.99981325E-01  1.14734257E+00
    55  2.20000000E+01  1.14885685E+00  9.99979581E-01  1.14885685E+00
    56  2.24000000E+01  1.15036328E+00  9.99977707E-01  1.15036328E+00
    57  2.28000000E+01  1.15184823E+00  9.99975698E-01  1.15184823E+00
    58  2.32000000E+01  1.15331349E+00  9.99973545E-01  1.15331349E+00
    59  2.36000000E+01  1.15477429E+00  9.99971244E-01  1.15477429E+00
    60  2.40000000E+01  1.15620109E+00  9.99968787E-01  1.15620109E+00
    61  2.44000000E+01  1.15761606E+00  9.99966167E-01  1.15761606E+00
    62  2.48000000E+01  1.15900904E+00  9.99963379E-01  1.15900904E+00
    63  2.52000000E+01  1.16036745E+00  9.99960416E-01  1.16036745E+00
    64  2.56000000E+01  1.16172524E+00  9.99957273E-01  1.16172524E+00
    65  2.60000000E+01  1.16304634E+00  9.99953945E-01  1.16304634E+00
    66  2.64000000E+01  1.16435039E+00  9.99950426E-01  1.16435039E+00
    67  2.68000000E+01  1.16563653E+00  9.99946714E-01  1.16563653E+00
    68  2.72000000E+01  1.16688680E+00  9.99942804E-01  1.16688680E+00
    69  2.76000000E+01  1.16813707E+00  9.99938694E-01  1.16813707E+00
    70  2.80000000E+01  1.16934999E+00  9.99934385E-01  1.16934999E+00
    71  2.84000000E+01  1.17054648E+00  9.99929876E-01  1.17054648E+00
    72  2.88000000E+01  1.17171918E+00  9.99925169E-01  1.17171918E+00
    73  2.92000000E+01  1.17286064E+00  9.99920268E-01  1.17286064E+00
    74  2.96000000E+01  1.17398981E+00  9.99915180E-01  1.17398981E+00
    75  3.00000000E+01  1.17507830E+00  9.99909913E-01  1.17507830E+00
    76  3.04000000E+01  1.17616149E+00  9.99904478E-01  1.17616149E+00
    77  3.08000000E+01  1.17719938E+00  9.99898889E-01  1.17719938E+00
    78  3.12000000E+01  1.17823475E+00  9.99893166E-01  1.17823475E+00
    79  3.16000000E+01  1.17922623E+00  9.99887329E-01  1.17922623E+00
    80  3.20000000E+01  1.18021099E+00  9.99881405E-01  1.18021099E+00
    81  3.24000000E+01  1.18115770E+00  9.99875427E-01  1.18115770E+00
    82  3.28000000E+01  1.18209528E+00  9.99869431E-01  1.18209528E+00
    83  3.32000000E+01  1.18300002E+00  9.99863460E-01  1.18300002E+00
    84  3.36000000E+01  1.18389318E+00  9.99857566E-01  1.18389318E+00
    85  3.40000000E+01  1.18475869E+00  9.99851807E-01  1.18475869E+00
    86  3.44000000E+01  1.18560635E+00  9.99846249E-01  1.18560635E+00
    87  3.48000000E+01  1.18643497E+00  9.99840968E-01  1.18643497E+00
    88  3.52000000E+01  1.18723652E+00  9.99836053E-01  1.18723652E+00
    89  3.56000000E+01  1.18802984E+00  9.99831600E-01  1.18802984E+00
    90  3.60000000E+01  1.18879090E+00  9.99827722E-01  1.18879090E+00
    91  3.64000000E+01  1.18954921E+00  9.99824543E-01  1.18954921E+00
    92  3.68000000E+01  1.19027587E+00  9.99822203E-01  1.19027587E+00
    93  3.72000000E+01  1.19099642E+00  9.99820859E-01  1.19099642E+00
    94  3.76000000E+01  1.19168872E+00  9.99820687E-01  1.19168872E+00
    95  3.80000000E+01  1.19236984E+00  9.99821882E-01  1.19236984E+00
    96  3.84000000E+01  1.19302788E+00  9.99824660E-01  1.19302788E+00
    97  3.88000000E+01  1.19367191E+00  9.99829263E-01  1.19367191E+00
    98  3.92000000E+01  1.19429620E+00  9.99835957E-01  1.19429620E+00
    99  3.96000000E+01  1.19490449E+00  9.99845036E-01  1.19490449E+00
   100  4.00000000E+01  1.19549607E+00  9.99856825E-01  1.19549607E+00
   101  4.04000000E+01  1.19606980E+00  9.99871682E-01  1.19606980E+00
   102  4.08000000E+01  1.19663001E+00  9.99890000E-01  1.19663001E+00
   103  4.12000000E+01  1.19717147E+00  9.99912211E-01  1.19717147E+00
   104  4.16000000E+01  1.19770193E+00  9.99938787E-01  1.19770193E+00
   105  4.20000000E+01  1.19821277E+00  9.99970247E-01  1.19821277E+00
   106  4.24000000E+01  1.19871506E+00  1.00000716E+00  1.19871506E+00
   107  4.28000000E+01  1.19919647E+00  1.00005013E+00  1.19919647E+00
   108  4.32000000E+01  1.19967207E+00  1.00009985E+00  1.19967207E+00
   109  4.36000000E+01  1.20012536E+00  1.00015704E+00  1.20012536E+00
   110  4.40000000E+01  1.20057554E+00  1.00022251E+00  1.20057554E+00
   111  4.44000000E+01  1.20100321E+00  1.00029710E+00  1.20100321E+00
   112  4.48000000E+01  1.20142762E+00  1.00038178E+00  1.20142762E+00
   113  4.52000000E+01  1.20183175E+00  1.00047754E+00  1.20183175E+00
   114  4.56000000E+01  1.20223035E+00  1.00058548E+00  1.20223035E+00
   115  4.60000000E+01  1.20261182E+00  1.00070680E+00  1.20261182E+00
   116  4.64000000E+01  1.20298621E+00  1.00084277E+00  1.20298621E+00
   117  4.68000000E+01  1.20334587E+00  1.00099477E+00  1.20334587E+00
   118  4.72000000E+01  1.20369758E+00  1.00116428E+00  1.20369758E+00
   119  4.76000000E+01  1.20403636E+00  1.00135290E+00  1.20403636E+00
   120  4.80000000E+01  1.20436615E+00  1.00156232E+00  1.20436615E+00
   121  4.84000000E+01  1.20468504E+00  1.00179437E+00  1.20468504E+00
   122  4.88000000E+01  1.20499395E+00  1.00205102E+00  1.20499395E+00
   123  4.92000000E+01  1.20529392E+00  1.00233434E+00  1.20529392E+00
   124  4.96000000E+01  1.20558303E+00  1.00264656E+00  1.20558303E+00
   125  5.00000000E+01  1.20586510E+00  1.00299005E+00  1.20586510E+00
   126  5.04000000E+01  1.20613545E+00  1.00336731E+00  1.20613545E+00
   127  5.08000000E+01  1.20640056E+00  1.00378101E+00  1.20640056E+00
   128  5.12000000E+01  1.20665362E+00  1.00423395E+00  1.20665362E+00
   129  5.16000000E+01  1.20690268E+00  1.00472912E+00  1.20690268E+00
   130  5.20000000E+01  1.20713941E+00  1.00526964E+00  1.20713941E+00
   131  5.24000000E+01  1.20737327E+00  1.00585879E+00  1.20737327E+00
   132  5.28000000E+01  1.20759400E+00  1.00650002E+00  1.20759400E+00
   133  5.32000000E+01  1.20781343E+00  1.00719691E+00  1.20781343E+00
   134  5.36000000E+01  1.20802025E+00  1.00795320E+00  1.20802025E+00
   135  5.40000000E+01  1.20822480E+00  1.00877278E+00  1.20822480E+00
   136  5.44000000E+01  1.20841860E+00  1.00965965E+00  1.20841860E+00
   137  5.48000000E+01  1.20860928E+00  1.01061794E+00  1.20860928E+00
   138  5.52000000E+01  1.20879074E+00  1.01165188E+00  1.20879074E+00
   139  5.56000000E+01  1.20896829E+00  1.01276577E+00  1.20896829E+00
   140  5.60000000E+01  1.20913809E+00  1.01396398E+00  1.20913809E+00
   141  5.64000000E+01  1.20930312E+00  1.01525091E+00  1.20930312E+00
   142  5.68000000E+01  1.20946191E+00  1.01663096E+00  1.20946191E+00
   143  5.72000000E+01  1.20961520E+00  1.01810848E+00  1.20961520E+00
   144  5.76000000E+01  1.20976361E+00  1.01968776E+00  1.20976361E+00
   145  5.80000000E+01  1.20990598E+00  1.02137294E+00  1.20990598E+00
   146  5.84000000E+01  1.21004461E+00  1.02316802E+00  1.21004461E+00
   147  5.88000000E+01  1.21017655E+00  1.02507673E+00  1.21017655E+00
   148  5.92000000E+01  1.21030598E+00  1.02710253E+00  1.21030598E+00
   149  5.96000000E+01  1.21042822E+00  1.02924850E+00  1.21042822E+00
   150  6.00000000E+01  1.21054898E+00  1.03151732E+00  1.21054898E+00
   151  6.04000000E+01  1.21066230E+00  1.03391115E+00  1.21066230E+00
   152  6.08000000E+01  1.21077492E+00  1.03643156E+00  1.21077492E+00
   153  6.12000000E+01  1.21088047E+00  1.03907950E+00  1.21088047E+00
   154  6.16000000E+01  1.21098457E+00  1.04185517E+00  1.21098457E+00
   155  6.20000000E+01  1.21108288E+00  1.04475796E+00  1.21108288E+00
   156  6.24000000E+01  1.21117889E+00  1.04778641E+00  1.21117889E+00
   157  6.28000000E+01  1.21127040E+00  1.05093809E+00  1.21127040E+00
   158  6.32000000E+01  1.21135892E+00  1.05420956E+00  1.21135892E+00
   159  6.36000000E+01  1.21144404E+00  1.05759635E+00  1.21144404E+00
   160  6.40000000E+01  1.21152556E+00  1.06109287E+00  1.21152556E+00
   161  6.44000000E+01  1.21160469E+00  1.06469240E+00  1.21160469E+00
   162  6.48000000E+01  1.21167961E+00  1.06838707E+00  1.21167961E+00
   163  6.52000000E+01  1.21175313E+00  1.07216790E+00  1.21175313E+00
   164  6.56000000E+01  1.21182194E+00  1.07602475E+00  1.21182194E+00
   165  6.60000000E+01  1.21189020E+00  1.07994641E+00  1.21189020E+00
   166  6.64000000E+01  1.21195392E+00  1.08392066E+00  1.21195392E+00
   167  6.68000000E+01  1.21201672E+00  1.08793433E+00  1.21201672E+00
   168  6.72000000E+01  1.21207581E+00  1.09197343E+00  1.21207581E+00
   169  6.76000000E+01  1.21213330E+00  1.09602325E+00  1.21213330E+00
   170  6.80000000E+01  1.21218806E+00  1.10006857E+00  1.21218806E+00
   171  6.84000000E+01  1.21224063E+00  1.10409374E+00  1.21224063E+00
   172  6.88000000E+01  1.21229135E+00  1.10808298E+00  1.21229135E+00
   173  6.92000000E+01  1.21233941E+00  1.11202052E+00  1.21233941E+00
   174  6.96000000E+01  1.21238635E+00  1.11589086E+00  1.21238635E+00
   175  7.00000000E+01  1.21243010E+00  1.11967903E+00  1.21243010E+00
   176  7.04000000E+01  1.21247351E+00  1.12337081E+00  1.21247351E+00
   177  7.08000000E+01  1.21251389E+00  1.12695305E+00  1.21251389E+00
   178  7.12000000E+01  1.21255334E+00  1.13041389E+00  1.21255334E+00
   179  7.16000000E+01  1.21259063E+00  1.13374303E+00  1.21259063E+00
   180  7.20000000E+01  1.21262640E+00  1.13693200E+00  1.21262640E+00
   181  7.24000000E+01  1.21266082E+00  1.13997438E+00  1.21266082E+00
   182  7.28000000E+01  1.21269321E+00  1.14286600E+00  1.21269321E+00
   183  7.32000000E+01  1.21272495E+00  1.14560506E+00  1.21272495E+00
   184  7.36000000E+01  1.21275440E+00  1.14819228E+00  1.21275440E+00
   185  7.40000000E+01  1.21278343E+00  1.15063092E+00  1.21278343E+00
   186  7.44000000E+01  1.21281055E+00  1.15292672E+00  1.21281055E+00
   187  7.48000000E+01  1.21283667E+00  1.15508780E+00  1.21283667E+00
   188  7.52000000E+01  1.21286163E+00  1.15712442E+00  1.21286163E+00
   189  7.56000000E+01  1.21288503E+00  1.15904868E+00  1.21288503E+00
   190  7.60000000E+01  1.21290798E+00  1.16087411E+00  1.21290798E+00
   191  7.64000000E+01  1.21292920E+00  1.16261518E+00  1.21292920E+00
   192  7.68000000E+01  1.21294996E+00  1.16428676E+00  1.21294996E+00
   193  7.72000000E+01  1.21296944E+00  1.16590348E+00  1.21296944E+00
   194  7.76000000E+01  1.21298795E+00  1.16747920E+00  1.21298795E+00
   195  7.80000000E+01  1.21300581E+00  1.16902631E+00  1.21300581E+00
   196  7.84000000E+01  1.21302230E+00  1.17055532E+00  1.21302230E+00
   197  7.88000000E+01  1.21303862E+00  1.17207434E+00  1.21303862E+00
   198  7.92000000E+01  1.21305372E+00  1.17358882E+00  1.21305372E+00
   199  7.96000000E+01  1.21306811E+00  1.17510143E+00  1.21306811E+00
   200  8.00000000E+01  1.21308191E+00  1.17661206E+00  1.21308191E+00
   201  8.04000000E+01  1.21309461E+00  1.17811812E+00  1.21309461E+00
   202  8.08000000E+01  1.21310713E+00  1.17961485E+00  1.21310713E+00
   203  8.12000000E+01  1.21311873E+00  1.18109590E+00  1.21311873E+00
   204  8.16000000E+01  1.21312964E+00  1.18255396E+00  1.21312964E+00
   205  8.20000000E+01  1.21314021E+00  1.18398141E+00  1.21314021E+00
   206  8.24000000E+01  1.21314991E+00  1.18537098E+00  1.21314991E+00
   207  8.28000000E+01  1.21315931E+00  1.18671632E+00  1.21315931E+00
   208  8.32000000E+01  1.21316813E+00  1.18801244E+00  1.21316813E+00
   209  8.36000000E+01  1.21317620E+00  1.18925600E+00  1.21317620E+00
   210  8.40000000E+01  1.21318419E+00  1.19044537E+00  1.21318419E+00
   211  8.44000000E+01  1.21319151E+00  1.19158058E+00  1.21319151E+00
   212  8.48000000E+01  1.21319826E+00  1.19266308E+00  1.21319826E+00
   213  8.52000000E+01  1.21320490E+00  1.19369531E+00  1.21320490E+00
   214  8.56000000E+01  1.21321095E+00  1.19468039E+00  1.21321095E+00
   215  8.60000000E+01  1.21321653E+00  1.19562162E+00  1.21321653E+00
   216  8.64000000E+01  1.21322200E+00  1.19652213E+00  1.21322200E+00
   217  8.68000000E+01  1.21322696E+00  1.19738466E+00  1.21322696E+00
   218  8.72000000E+01  1.21323151E+00  1.19821135E+00  1.21323151E+00
   219  8.76000000E+01  1.21323598E+00  1.19900372E+00  1.21323598E+00
   220  8.80000000E+01  1.21324003E+00  1.19976278E+00  1.21324003E+00
   221  8.84000000E+01  1.21324369E+00  1.20048915E+00  1.21324369E+00
   222  8.88000000E+01  1.21324726E+00  1.20118328E+00  1.21324726E+00
   223  8.92000000E+01  1.21325054E+00  1.20184560E+00  1.21325054E+00
   224  8.96000000E+01  1.21325349E+00  1.20247669E+00  1.21325349E+00
   225  9.00000000E+01  1.21325621E+00  1.20307735E+00  1.21325621E+00
   226  9.04000000E+01  1.21325884E+00  1.20364863E+00  1.21325884E+00
   227  9.08000000E+01  1.21326119E+00  1.20419174E+00  1.21326119E+00
   228  9.12000000E+01  1.21326330E+00  1.20470799E+00  1.21326330E+00
   229  9.16000000E+01  1.21326525E+00  1.20519871E+00  1.21326525E+00
   230  9.20000000E+01  1.21326710E+00  1.20566510E+00  1.21326710E+00
   231  9.24000000E+01  1.21326875E+00  1.20610821E+00  1.21326875E+00
   232  9.28000000E+01  1.21327020E+00  1.20652894E+00  1.21327020E+00
   233  9.32000000E+01  1.21327148E+00  1.20692801E+00  1.21327148E+00
   234  9.36000000E+01  1.21327275E+00  1.20730607E+00  1.21327275E+00
   235  9.40000000E+01  1.21327386E+00  1.20766378E+00  1.21327386E+00
   236  9.44000000E+01  1.21327483E+00  1.20800181E+00  1.21327483E+00
   237  9.48000000E+01  1.21327566E+00  1.20832095E+00  1.21327566E+00
   238  9.52000000E+01  1.21327638E+00  1.20862209E+00  1.21327638E+00
   239  9.56000000E+01  1.21327702E+00  1.20890619E+00  1.21327702E+00
   240  9.60000000E+01  1.21327762E+00  1.20917427E+00  1.21327762E+00
   241  9.64000000E+01  1.21327813E+00  1.20942733E+00  1.21327813E+00
   242  9.68000000E+01  1.21327855E+00  1.20966627E+00  1.21327855E+00
   243  9.72000000E+01  1.21327889E+00  1.20989192E+00  1.21327889E+00
   244  9.76000000E+01  1.21327916E+00  1.21010494E+00  1.21327916E+00
   245  9.80000000E+01  1.21327936E+00  1.21030591E+00  1.21327936E+00
   246  9.84000000E+01  1.21327951E+00  1.21049531E+00  1.21327951E+00
   247  9.88000000E+01  1.21327961E+00  1.21067358E+00  1.21327961E+00
   248  9.92000000E+01  1.21327968E+00  1.21084115E+00  1.21327968E+00
   249  9.96000000E+01  1.21327973E+00  1.21099848E+00  1.21327973E+00
   250  1.00000000E+02  1.21327974E+00  1.21114608E+00  1.21327974E+00
   251  1.00400000E+02  1.21327972E+00  1.21128447E+00  1.21327972E+00
   252  1.00800000E+02  1.21327967E+00  1.21141423E+00  1.21327967E+00
   253  1.01200000E+02  1.21327959E+00  1.21153589E+00  1.21327959E+00
   254  1.01600000E+02  1.21327948E+00  1.21164998E+00  1.21327948E+00
   255  1.02000000E+02  1.21327936E+00  1.21175698E+00  1.21327936E+00
   256  1.02400000E+02  1.21327922E+00  1.21185732E+00  1.21327922E+00
   257  1.02800000E+02  1.21327907E+00  1.21195135E+00  1.21327907E+00
   258  1.03200000E+02  1.21327891E+00  1.21203942E+00  1.21327891E+00
   259  1.03600000E+02  1.21327873E+00  1.21212181E+00  1.21327873E+00
   260  1.04000000E+02  1.21327855E+00  1.21219882E+00  1.21327855E+00
   261  1.04400000E+02  1.21327836E+00  1.21227072E+00  1.21327836E+00
   262  1.04800000E+02  1.21327817E+00  1.21233781E+00  1.21327817E+00
   263  1.05200000E+02  1.21327797E+00  1.21240037E+00  1.21327797E+00
   264  1.05600000E+02  1.21327777E+00  1.21245869E+00  1.21327777E+00
   265  1.06000000E+02  1.21327757E+00  1.21251304E+00  1.21327757E+00
   266  1.06400000E+02  1.21327737E+00  1.21256369E+00  1.21327737E+00
   267  1.06800000E+02  1.21327718E+00  1.21261086E+00  1.21327718E+00
   268  1.07200000E+02  1.21327698E+00  1.21265479E+00  1.21327698E+00
   269  1.07600000E+02  1.21327678E+00  1.21269566E+00  1.21327678E+00
   270  1.08000000E+02  1.21327659E+00  1.21273366E+00  1.21327659E+00
   271  1.08400000E+02  1.21327641E+00  1.21276897E+00  1.21327641E+00
   272  1.08800000E+02  1.21327622E+00  1.21280175E+00  1.21327622E+00
   273  1.09200000E+02  1.21327604E+00  1.21283215E+00  1.21327604E+00
   274  1.09600000E+02  1.21327587E+00  1.21286032E+00  1.21327587E+00
   275  1.10000000E+02  1.21327570E+00  1.21288642E+00  1.21327570E+00
   276  1.10400000E+02  1.21327553E+00  1.21291059E+00  1.21327553E+00
   277  1.10800000E+02  1.21327537E+00  1.21293294E+00  1.21327537E+00
   278  1.11200000E+02  1.21327521E+00  1.21295362E+00  1.21327521E+00
   279  1.11600000E+02  1.21327506E+00  1.21297272E+00  1.21327506E+00
   280  1.12000000E+02  1.21327491E+00  1.21299037E+00  1.21327491E+00
   281  1.12400000E+02  1.21327477E+00  1.21300664E+00  1.21327477E+00
   282  1.12800000E+02  1.21327464E+00  1.21302165E+00  1.21327464E+00
   283  1.13200000E+02  1.21327451E+00  1.21303546E+00  1.21327451E+00
   284  1.13600000E+02  1.21327438E+00  1.21304818E+00  1.21327438E+00
   285  1.14000000E+02  1.21327426E+00  1.21305986E+00  1.21327426E+00
   286  1.14400000E+02  1.21327415E+00  1.21307059E+00  1.21327415E+00
   287  1.14800000E+02  1.21327404E+00  1.21308044E+00  1.21327404E+00
   288  1.15200000E+02  1.21327393E+00  1.21308946E+00  1.21327393E+00
   289  1.15600000E+02  1.21327383E+00  1.21309772E+00  1.21327383E+00
   290  1.16000000E+02  1.21327373E+00  1.21310528E+00  1.21327373E+00
   291  1.16400000E+02  1.21327364E+00  1.21311218E+00  1.21327364E+00
   292  1.16800000E+02  1.21327355E+00  1.21311847E+00  1.21327355E+00
   293  1.17200000E+02  1.21327347E+00  1.21312421E+00  1.21327347E+00
   294  1.17600000E+02  1.21327339E+00  1.21312942E+00  1.21327339E+00
   295  1.18000000E+02  1.21327331E+00  1.21313416E+00  1.21327331E+00
   296  1.18400000E+02  1.21327324E+00  1.21313846E+00  1.21327324E+00
   297  1.18800000E+02  1.21327317E+00  1.21314234E+00  1.21327317E+00
   298  1.19200000E+02  1.21327311E+00  1.21314586E+00  1.21327311E+00
   299  1.19600000E+02  1.21327304E+00  1.21314902E+00  1.21327304E+00
   300  1.20000000E+02  1.21327299E+00  1.21315187E+00  1.21327299E+00
   301  1.20400000E+02  1.21327293E+00  1.21315443E+00  1.21327293E+00
   302  1.20800000E+02  1.21327288E+00  1.21315672E+00  1.21327288E+00
   303  1.21200000E+02  1.21327283E+00  1.21315877E+00  1.21327283E+00
   304  1.21600000E+02  1.21327278E+00  1.21316058E+00  1.21327278E+00
   305  1.22000000E+02  1.21327274E+00  1.21316220E+00  1.21327274E+00
   306  1.22400000E+02  1.21327269E+00  1.21316362E+00  1.21327269E+00
   307  1.22800000E+02  1.21327265E+00  1.21316487E+00  1.21327265E+00
   308  1.23200000E+02  1.21327262E+00  1.21316597E+00  1.21327262E+00
   309  1.23600000E+02  1.21327258E+00  1.21316692E+00  1.21327258E+00
   310  1.24000000E+02  1.21327255E+00  1.21316774E+00  1.21327255E+00
   311  1.24400000E+02  1.21327251E+00  1.21316845E+00  1.21327251E+00
   312  1.24800000E+02  1.21327248E+00  1.21316905E+00  1.21327248E+00
   313  1.25200000E+02  1.21327246E+00  1.21316955E+00  1.21327246E+00
   314  1.25600000E+02  1.21327243E+00  1.21316996E+00  1.21327243E+00
   315  1.26000000E+02  1.21327241E+00  1.21317030E+00  1.21327241E+00
   316  1.26400000E+02  1.21327238E+00  1.21317056E+00  1.21327238E+00
   317  1.26800000E+02  1.21327236E+00  1.21317077E+00  1.21327236E+00
   318  1.27200000E+02  1.21327234E+00  1.21317091E+00  1.21327234E+00
   319  1.27600000E+02  1.21327232E+00  1.21317101E+00  1.21327232E+00
   320  1.28000000E+02  1.21327230E+00  1.21317106E+00  1.21327230E+00
   321  1.28400000E+02  1.21327229E+00  1.21317107E+00  1.21327229E+00
   322  1.28800000E+02  1.21327227E+00  1.21317104E+00  1.21327227E+00
   323  1.29200000E+02  1.21327226E+00  1.21317099E+00  1.21327226E+00
   324  1.29600000E+02  1.21327224E+00  1.21317091E+00  1.21327224E+00
   325  1.30000000E+02  1.21327223E+00  1.21317080E+00  1.21327223E+00
   326  1.30400000E+02  1.21327222E+00  1.21317068E+00  1.21327222E+00
   327  1.30800000E+02  1.21327220E+00  1.21317054E+00  1.21327220E+00
   328  1.31200000E+02  1.21327219E+00  1.21317038E+00  1.21327219E+00
   329  1.31600000E+02  1.21327218E+00  1.21317021E+00  1.21327218E+00
   330  1.32000000E+02  1.21327217E+00  1.21317004E+00  1.21327217E+00
   331  1.32400000E+02  1.21327217E+00  1.21316985E+00  1.21327217E+00
   332  1.32800000E+02  1.21327216E+00  1.21316966E+00  1.21327216E+00
   333  1.33200000E+02  1.21327215E+00  1.21316946E+00  1.21327215E+00
   334  1.33600000E+02  1.21327214E+00  1.21316926E+00  1.21327214E+00
   335  1.34000000E+02  1.21327214E+00  1.21316906E+00  1.21327214E+00
   336  1.34400000E+02  1.21327213E+00  1.21316886E+00  1.21327213E+00
   337  1.34800000E+02  1.21327213E+00  1.21316865E+00  1.21327213E+00
   338  1.35200000E+02  1.21327212E+00  1.21316845E+00  1.21327212E+00
   339  1.35600000E+02  1.21327212E+00  1.21316825E+00  1.21327212E+00
   340  1.36000000E+02  1.21327211E+00  1.21316806E+00  1.21327211E+00
   341  1.36400000E+02  1.21327211E+00  1.21316786E+00  1.21327211E+00
   342  1.36800000E+02  1.21327210E+00  1.21316767E+00  1.21327210E+00
   343  1.37200000E+02  1.21327210E+00  1.21316748E+00  1.21327210E+00
   344  1.37600000E+02  1.21327210E+00  1.21316730E+00  1.21327210E+00
   345  1.38000000E+02  1.21327209E+00  1.21316712E+00  1.21327209E+00
   346  1.38400000E+02  1.21327209E+00  1.21316695E+00  1.21327209E+00
   347  1.38800000E+02  1.21327209E+00  1.21316678E+00  1.21327209E+00
   348  1.39200000E+02  1.21327208E+00  1.21316662E+00  1.21327208E+00
   349  1.39600000E+02  1.21327208E+00  1.21316646E+00  1.21327208E+00
   350  1.40000000E+02  1.21327208E+00  1.21316631E+00  1.21327208E+00
   351  1.40400000E+02  1.21327208E+00  1.21316616E+00  1.21327208E+00
   352  1.40800000E+02  1.21327208E+00  1.21316602E+00  1.21327208E+00
   353  1.41200000E+02  1.21327208E+00  1.21316588E+00  1.21327208E+00
   354  1.41600000E+02  1.21327207E+00  1.21316575E+00  1.21327207E+00
   355  1.42000000E+02  1.21327207E+00  1.21316562E+00  1.21327207E+00
   356  1.42400000E+02  1.21327207E+00  1.21316550E+00  1.21327207E+00
   357  1.42800000E+02  1.21327207E+00  1.21316538E+00  1.21327207E+00
   358  1.43200000E+02  1.21327207E+00  1.21316527E+00  1.21327207E+00
   359  1.43600000E+02  1.21327207E+00  1.21316516E+00  1.21327207E+00
   360  1.44000000E+02  1.21327207E+00  1.21316506E+00  1.21327207E+00
   361  1.44400000E+02  1.21327207E+00  1.21316496E+00  1.21327207E+00
   362  1.44800000E+02  1.21327207E+00  1.21316486E+00  1.21327207E+00
   363  1.45200000E+02  1.21327207E+00  1.21316478E+00  1.21327207E+00
   364  1.45600000E+02  1.21327206E+00  1.21316469E+00  1.21327206E+00
   365  1.46000000E+02  1.21327206E+00  1.21316461E+00  1.21327206E+00
   366  1.46400000E+02  1.21327206E+00  1.21316453E+00  1.21327206E+00
   367  1.46800000E+02  1.21327206E+00  1.21316446E+00  1.21327206E+00
   368  1.47200000E+02  1.21327206E+00  1.21316439E+00  1.21327206E+00
   369  1.47600000E+02  1.21327206E+00  1.21316432E+00  1.21327206E+00
   370  1.48000000E+02  1.21327206E+00  1.21316426E+00  1.21327206E+00
   371  1.48400000E+02  1.21327206E+00  1.21316420E+00  1.21327206E+00
   372  1.48800000E+02  1.21327206E+00  1.21316414E+00  1.21327206E+00
   373  1.49200000E+02  1.21327206E+00  1.21316409E+00  1.21327206E+00
   374  1.49600000E+02  1.21327206E+00  1.21316404E+00  1.21327206E+00
   375  1.50000000E+02  1.21327206E+00  1.21316399E+00  1.21327206E+00
   376  1.50400000E+02  1.21327206E+00  1.21316395E+00  1.21327206E+00
   377  1.50800000E+02  1.21327206E+00  1.21316390E+00  1.21327206E+00
   378  1.51200000E+02  1.21327206E+00  1.21316386E+00  1.21327206E+00
   379  1.51600000E+02  1.21327206E+00  1.21316382E+00  1.21327206E+00
   380  1.52000000E+02  1.21327206E+00  1.21316379E+00  1.21327206E+00
   381  1.52400000E+02  1.21327206E+00  1.21316375E+00  1.21327206E+00
   382  1.52800000E+02  1.21327206E+00  1.21316372E+00  1.21327206E+00
   383  1.53200000E+02  1.21327206E+00  1.21316369E+00  1.21327206E+00
   384  1.53600000E+02  1.21327206E+00  1.21316366E+00  1.21327206E+00
   385  1.54000000E+02  1.21327206E+00  1.21316364E+00  1.21327206E+00
   386  1.54400000E+02  1.21327206E+00  1.21316361E+00  1.21327206E+00
   387  1.54800000E+02  1.21327206E+00  1.21316359E+00  1.21327206E+00
   388  1.55200000E+02  1.21327206E+00  1.21316357E+00  1.21327206E+00
   389  1.55600000E+02  1.21327206E+00  1.21316355E+00  1.21327206E+00
   390  1.56000000E+02  1.21327206E+00  1.21316353E+00  1.21327206E+00
   391  1.56400000E+02  1.21327206E+00  1.21316351E+00  1.21327206E+00
   392  1.56800000E+02  1.21327206E+00  1.21316349E+00  1.21327206E+00
   393  1.57200000E+02  1.21327206E+00  1.21316347E+00  1.21327206E+00
   394  1.57600000E+02  1.21327206E+00  1.21316346E+00  1.21327206E+00
   395  1.58000000E+02  1.21327206E+00  1.21316345E+00  1.21327206E+00
   396  1.58400000E+02  1.21327206E+00  1.21316343E+00  1.21327206E+00
   397  1.58800000E+02  1.21327206E+00  1.21316342E+00  1.21327206E+00
   398  1.59200000E+02  1.21327206E+00  1.21316341E+00  1.21327206E+00
   399  1.59600000E+02  1.21327206E+00  1.21316340E+00  1.21327206E+00
   400  1.60000000E+02  1.21327206E+00  1.21316339E+00  1.21327206E+00
   401  1.60400000E+02  1.21327206E+00  1.21316338E+00  1.21327206E+00
   402  1.60800000E+02  1.21327206E+00  1.21316337E+00  1.21327206E+00
   403  1.61200000E+02  1.21327206E+00  1.21316336E+00  1.21327206E+00
   404  1.61600000E+02  1.21327206E+00  1.21316335E+00  1.21327206E+00
   405  1.62000000E+02  1.21327206E+00  1.21316335E+00  1.21327206E+00
   406  1.62400000E+02  1.21327206E+00  1.21316334E+00  1.21327206E+00
   407  1.62800000E+02  1.21327206E+00  1.21316333E+00  1.21327206E+00
   408  1.63200000E+02  1.21327206E+00  1.21316333E+00  1.21327206E+00
   409  1.63600000E+02  1.21327206E+00  1.21316332E+00  1.21327206E+00
   410  1.64000000E+02  1.21327206E+00  1.21316332E+00  1.21327206E+00
   411  1.64400000E+02  1.21327206E+00  1.21316331E+00  1.21327206E+00
   412  1.64800000E+02  1.21327206E+00  1.21316331E+00  1.21327206E+00
   413  1.65200000E+02  1.21327206E+00  1.21316330E+00  1.21327206E+00
   414  1.65600000E+02  1.21327206E+00  1.21316330E+00  1.21327206E+00
   415  1.66000000E+02  1.21327206E+00  1.21316330E+00  1.21327206E+00
   416  1.66400000E+02  1.21327206E+00  1.21316329E+00  1.21327206E+00
   417  1.66800000E+02  1.21327206E+00  1.21316329E+00  1.21327206E+00
   418  1.67200000E+02  1.21327206E+00  1.21316329E+00  1.21327206E+00
   419  1.67600000E+02  1.21327206E+00  1.21316329E+00  1.21327206E+00
   420  1.68000000E+02  1.21327206E+00  1.21316328E+00  1.21327206E+00
   421  1.68400000E+02  1.21327206E+00  1.21316328E+00  1.21327206E+00
   422  1.68800000E+02  1.21327206E+00  1.21316328E+00  1.21327206E+00
   423  1.69200000E+02  1.21327206E+00  1.21316328E+00  1.21327206E+00
   424  1.69600000E+02  1.21327206E+00  1.21316328E+00  1.21327206E+00
   425  1.70000000E+02  1.21327206E+00  1.21316328E+00  1.21327206E+00
   426  1.70400000E+02  1.21327206E+00  1.21316327E+00  1.21327206E+00
   427  1.70800000E+02  1.21327206E+00  1.21316327E+00  1.21327206E+00
   428  1.71200000E+02  1.21327206E+00  1.21316327E+00  1.21327206E+00
   429  1.71600000E+02  1.21327206E+00  1.21316327E+00  1.21327206E+00
   430  1.72000000E+02  1.21327206E+00  1.21316327E+00  1.21327206E+00
   431  1.72400000E+02  1.21327206E+00  1.21316327E+00  1.21327206E+00
   432  1.72800000E+02  1.21327206E+00  1.21316327E+00  1.21327206E+00
   433  1.73200000E+02  1.21327206E+00  1.21316327E+00  1.21327206E+00
   434  1.73600000E+02  1.21327206E+00  1.21316327E+00  1.21327206E+00
   435  1.74000000E+02  1.21327206E+00  1.21316327E+00  1.21327206E+00
   436  1.74400000E+02  1.21327206E+00  1.21316327E+00  1.21327206E+00
   437  1.74800000E+02  1.21327206E+00  1.21316327E+00  1.21327206E+00
   438  1.75200000E+02  1.21327206E+00  1.21316326E+00  1.21327206E+00
   439  1.75600000E+02  1.21327206E+00  1.21316326E+00  1.21327206E+00
   440  1.76000000E+02  1.21327206E+00  1.21316326E+00  1.21327206E+00
   441  1.76400000E+02  1.21327206E+00  1.21316326E+00  1.21327206E+00
   442  1.76800000E+02  1.21327206E+00  1.21316326E+00  1.21327206E+00
   443  1.77200000E+02  1.21327206E+00  1.21316326E+00  1.21327206E+00
   444  1.77600000E+02  1.21327206E+00  1.21316326E+00  1.21327206E+00
   445  1.78000000E+02  1.21327206E+00  1.21316326E+00  1.21327206E+00
   446  1.78400000E+02  1.21327206E+00  1.21316326E+00  1.21327206E+00
   447  1.78800000E+02  1.21327206E+00  1.21316326E+00  1.21327206E+00
   448  1.79200000E+02  1.21327206E+00  1.21316326E+00  1.21327206E+00
   449  1.79600000E+02  1.21327206E+00  1.21316326E+00  1.21327206E+00
   450  1.80000000E+02  1.21327206E+00  1.21316326E+00  1.21327206E+00
   451  1.80400000E+02  1.21327206E+00  1.21316326E+00  1.21327206E+00
   452  1.80800000E+02  1.21327206E+00  1.21316326E+00  1.21327206E+00
   453  1.81200000E+02  1.21327206E+00  1.21316326E+00  1.21327206E+00
   454  1.81600000E+02  1.21327206E+00  1.21316326E+00  1.21327206E+00
   455  1.82000000E+02  1.21327206E+00  1.21316326E+00  1.21327206E+00
   456  1.82400000E+02  1.21327206E+00  1.21316326E+00  1.21327206E+00
   457  1.82800000E+02  1.21327206E+00  1.21316326E+00  1.21327206E+00
   458  1.83200000E+02  1.21327206E+00  1.21316326E+00  1.21327206E+00
   459  1.83600000E+02  1.21327206E+00  1.21316326E+00  1.21327206E+00
   460  1.84000000E+02  1.21327206E+00  1.21316326E+00  1.21327206E+00
   461  1.84400000E+02  1.21327206E+00  1.21316326E+00  1.21327206E+00
   462  1.84800000E+02  1.21327206E+00  1.21316326E+00  1.21327206E+00
   463  1.85200000E+02  1.21327206E+00  1.21316326E+00  1.21327206E+00
   464  1.85600000E+02  1.21327206E+00  1.21316326E+00  1.21327206E+00
   465  1.86000000E+02  1.21327206E+00  1.21316326E+00  1.21327206E+00
   466  1.86400000E+02  1.21327206E+00  1.21316326E+00  1.21327206E+00
   467  1.86800000E+02  1.21327206E+00  1.21316326E+00  1.21327206E+00
   468  1.87200000E+02  1.21327206E+00  1.21316326E+00  1.21327206E+00
   469  1.87600000E+02  1.21327206E+00  1.21316326E+00  1.21327206E+00
   470  1.88000000E+02  1.21327206E+00  1.21316326E+00  1.21327206E+00
   471  1.88400000E+02  1.21327206E+00  1.21316326E+00  1.21327206E+00
   472  1.88800000E+02  1.21327206E+00  1.21316326E+00  1.21327206E+00
   473  1.89200000E+02  1.21327206E+00  1.21316326E+00  1.21327206E+00
   474  1.89600000E+02  1.21327206E+00  1.21316326E+00  1.21327206E+00
   475  1.90000000E+02  1.21327206E+00  1.21316326E+00  1.21327206E+00
   476  1.90400000E+02  1.21327206E+00  1.21316326E+00  1.21327206E+00
   477  1.90800000E+02  1.21327206E+00  1.21316326E+00  1.21327206E+00
   478  1.91200000E+02  1.21327206E+00  1.21316326E+00  1.21327206E+00
   479  1.91600000E+02  1.21327206E+00  1.21316326E+00  1.21327206E+00
   480  1.92000000E+02  1.21327206E+00  1.21316326E+00  1.21327206E+00
   481  1.92400000E+02  1.21327206E+00  1.21316326E+00  1.21327206E+00
   482  1.92800000E+02  1.21327206E+00  1.21316326E+00  1.21327206E+00
   483  1.93200000E+02  1.21327206E+00  1.21316326E+00  1.21327206E+00
   484  1.93600000E+02  1.21327206E+00  1.21316326E+00  1.21327206E+00
   485  1.94000000E+02  1.21327206E+00  1.21316326E+00  1.21327206E+00
   486  1.94400000E+02  1.21327206E+00  1.21316326E+00  1.21327206E+00
   487  1.94800000E+02  1.21327206E+00  1.21316326E+00  1.21327206E+00
   488  1.95200000E+02  1.21327206E+00  1.21316326E+00  1.21327206E+00
   489  1.95600000E+02  1.21327206E+00  1.21316326E+00  1.21327206E+00
   490  1.96000000E+02  1.21327206E+00  1.21316326E+00  1.21327206E+00
   491  1.96400000E+02  1.21327206E+00  1.21316326E+00  1.21327206E+00
   492  1.96800000E+02  1.21327206E+00  1.21316326E+00  1.21327206E+00
   493  1.97200000E+02  1.21327206E+00  1.21316326E+00  1.21327206E+00
   494  1.97600000E+02  1.21327206E+00  1.21316326E+00  1.21327206E+00
   495  1.98000000E+02  1.21327206E+00  1.21316326E+00  1.21327206E+00
   496  1.98400000E+02  1.21327206E+00  1.21316326E+00  1.21327206E+00
   497  1.98800000E+02  1.21327206E+00  1.21316326E+00  1.21327206E+00
   498  1.99200000E+02  1.21327206E+00  1.21316326E+00  1.21327206E+00
   499  1.99600000E+02  1.21327206E+00  1.21316326E+00  1.21327206E+00
   500  2.00000000E+02  1.21327206E+00  1.21316326E+00  1.21327206E+00
   501  2.00400000E+02  1.21327206E+00  1.21316326E+00  1.21327206E+00
   502  2.00800000E+02  1.21327206E+00  1.21316326E+00  1.21327206E+00
   503  2.01200000E+02  1.21327206E+00  1.21316326E+00  1.21327206E+00
   504  2.01600000E+02  1.21327206E+00  1.21316326E+00  1.21327206E+00
   505  2.02000000E+02  1.21327206E+00  1.21316326E+00  1.21327206E+00
   506  2.02400000E+02  1.21327206E+00  1.21316326E+00  1.21327206E+00
   507  2.02800000E+02  1.21327206E+00  1.21316326E+00  1.21327206E+00
   508  2.03200000E+02  1.21327206E+00  1.21316326E+00  1.21327206E+00
   509  2.03600000E+02  1.21327206E+00  1.21316326E+00  1.21327206E+00
   510  2.04000000E+02  1.21327206E+00  1.21316326E+00  1.21327206E+00
   511  2.04400000E+02  1.21327206E+00  1.21316326E+00  1.21327206E+00
   512  2.04800000E+02  1.21327206E+00  1.21316326E+00  1.21327206E+00
   513  2.05200000E+02  1.21327206E+00  1.21316326E+00  1.21327206E+00
   514  2.05600000E+02  1.21327206E+00  1.21316326E+00  1.21327206E+00
   515  2.06000000E+02  1.21327206E+00  1.21316326E+00  1.21327206E+00
   516  2.06400000E+02  1.21327206E+00  1.21316326E+00  1.21327206E+00
   517  2.06800000E+02  1.21327206E+00  1.21316326E+00  1.21327206E+00
   518  2.07200000E+02  1.21327206E+00  1.21316326E+00  1.21327206E+00
   519  2.07600000E+02  1.21327206E+00  1.21316326E+00  1.21327206E+00
   520  2.08000000E+02  1.21327206E+00  1.21316326E+00  1.21327206E+00
   521  2.08400000E+02  1.21327206E+00  1.21316326E+00  1.21327206E+00
   522  2.08800000E+02  1.21327206E+00  1.21316326E+00  1.21327206E+00
   523  2.09200000E+02  1.21327206E+00  1.21316326E+00  1.21327206E+00
   524  2.09600000E+02  1.21327206E+00  1.21316326E+00  1.21327206E+00
   525  2.10000000E+02  1.21327206E+00  1.21316326E+00  1.21327206E+00
   526  2.10400000E+02  1.21327206E+00  1.21316326E+00  1.21327206E+00
   527  2.10800000E+02  1.21327206E+00  1.21316326E+00  1.21327206E+00
   528  2.11200000E+02  1.21327206E+00  1.21316326E+00  1.21327206E+00
   529  2.11600000E+02  1.21327206E+00  1.21316326E+00  1.21327206E+00
   530  2.12000000E+02  1.21327206E+00  1.21316326E+00  1.21327206E+00
   531  2.12400000E+02  1.21327206E+00  1.21316326E+00  1.21327206E+00
   532  2.12800000E+02  1.21327206E+00  1.21316326E+00  1.21327206E+00
   533  2.13200000E+02  1.21327206E+00  1.21316326E+00  1.21327206E+00
   534  2.13600000E+02  1.21327206E+00  1.21316326E+00  1.21327206E+00
   535  2.14000000E+02  1.21327206E+00  1.21316326E+00  1.21327206E+00
   536  2.14400000E+02  1.21327206E+00  1.21316326E+00  1.21327206E+00
   537  2.14800000E+02  1.21327206E+00  1.21316326E+00  1.21327206E+00
   538  2.15200000E+02  1.21327206E+00  1.21316326E+00  1.21327206E+00
   539  2.15600000E+02  1.21327206E+00  1.21316326E+00  1.21327206E+00
   540  2.16000000E+02  1.21327206E+00  1.21316326E+00  1.21327206E+00
   541  2.16400000E+02  1.21327206E+00  1.21316326E+00  1.21327206E+00
   542  2.16800000E+02  1.21327206E+00  1.21316326E+00  1.21327206E+00
   543  2.17200000E+02  1.21327206E+00  1.21316326E+00  1.21327206E+00
   544  2.17600000E+02  1.21327206E+00  1.21316326E+00  1.21327206E+00
   545  2.18000000E+02  1.21327206E+00  1.21316326E+00  1.21327206E+00
   546  2.18400000E+02  1.21327206E+00  1.21316326E+00  1.21327206E+00
   547  2.18800000E+02  1.21327206E+00  1.21316326E+00  1.21327206E+00
   548  2.19200000E+02  1.21327206E+00  1.21316326E+00  1.21327206E+00
   549  2.19600000E+02  1.21327206E+00  1.21316326E+00  1.21327206E+00
   550  2.20000000E+02  1.21327206E+00  1.21316326E+00  1.21327206E+00
   551  2.20400000E+02  1.21327206E+00  1.21316326E+00  1.21327206E+00
   552  2.20800000E+02  1.21327206E+00  1.21316326E+00  1.21327206E+00
   553  2.21200000E+02  1.21327206E+00  1.21316326E+00  1.21327206E+00
   554  2.21600000E+02  1.21327206E+00  1.21316326E+00  1.21327206E+00
   555  2.22000000E+02  1.21327206E+00  1.21316326E+00  1.21327206E+00
   556  2.22400000E+02  1.21327206E+00  1.21316326E+00  1.21327206E+00
   557  2.22800000E+02  1.21327206E+00  1.21316326E+00  1.21327206E+00
   558  2.23200000E+02  1.21327206E+00  1.21316326E+00  1.21327206E+00
   559  2.23600000E+02  1.21327206E+00  1.21316326E+00  1.21327206E+00
   560  2.24000000E+02  1.21327206E+00  1.21316326E+00  1.21327206E+00
   561  2.24400000E+02  1.21327206E+00  1.21316326E+00  1.21327206E+00
   562  2.24800000E+02  1.21327206E+00  1.21316326E+00  1.21327206E+00
   563  2.25200000E+02  1.21327206E+00  1.21316326E+00  1.21327206E+00
   564  2.25600000E+02  1.21327206E+00  1.21316326E+00  1.21327206E+00
   565  2.26000000E+02  1.21327206E+00  1.21316326E+00  1.21327206E+00
   566  2.26400000E+02  1.21327206E+00  1.21316326E+00  1.21327206E+00
   567  2.26800000E+02  1.21327206E+00  1.21316326E+00  1.21327206E+00
   568  2.27200000E+02  1.21327206E+00  1.21316326E+00  1.21327206E+00
   569  2.27600000E+02  1.21327206E+00  1.21316326E+00  1.21327206E+00
   570  2.28000000E+02  1.21327206E+00  1.21316326E+00  1.21327206E+00
   571  2.28400000E+02  1.21327206E+00  1.21316326E+00  1.21327206E+00
   572  2.28800000E+02  1.21327206E+00  1.21316326E+00  1.21327206E+00
   573  2.29200000E+02  1.21327206E+00  1.21316326E+00  1.21327206E+00
   574  2.29600000E+02  1.21327206E+00  1.21316326E+00  1.21327206E+00
   575  2.30000000E+02  1.21327206E+00  1.21316326E+00  1.21327206E+00
   576  2.30400000E+02  1.21327206E+00  1.21316326E+00  1.21327206E+00
   577  2.30800000E+02  1.21327206E+00  1.21316326E+00  1.21327206E+00
   578  2.31200000E+02  1.21327206E+00  1.21316326E+00  1.21327206E+00
   579  2.31600000E+02  1.21327206E+00  1.21316326E+00  1.21327206E+00
   580  2.32000000E+02  1.21327206E+00  1.21316326E+00  1.21327206E+00
   581  2.32400000E+02  1.21327206E+00  1.21316326E+00  1.21327206E+00
   582  2.32800000E+02  1.21327206E+00  1.21316326E+00  1.21327206E+00
   583  2.33200000E+02  1.21327206E+00  1.21316326E+00  1.21327206E+00
   584  2.33600000E+02  1.21327206E+00  1.21316326E+00  1.21327206E+00
   585  2.34000000E+02  1.21327206E+00  1.21316326E+00  1.21327206E+00
   586  2.34400000E+02  1.21327206E+00  1.21316326E+00  1.21327206E+00
   587  2.34800000E+02  1.21327206E+00  1.21316326E+00  1.21327206E+00
   588  2.35200000E+02  1.21327206E+00  1.21316326E+00  1.21327206E+00
   589  2.35600000E+02  1.21327206E+00  1.21316326E+00  1.21327206E+00
   590  2.36000000E+02  1.21327206E+00  1.21316326E+00  1.21327206E+00
   591  2.36400000E+02  1.21327206E+00  1.21316326E+00  1.21327206E+00
   592  2.36800000E+02  1.21327206E+00  1.21316326E+00  1.21327206E+00
   593  2.37200000E+02  1.21327206E+00  1.21316326E+00  1.21327206E+00
   594  2.37600000E+02  1.21327206E+00  1.21316326E+00  1.21327206E+00
   595  2.38000000E+02  1.21327206E+00  1.21316326E+00  1.21327206E+00
   596  2.38400000E+02  1.21327206E+00  1.21316326E+00  1.21327206E+00
   597  2.38800000E+02  1.21327206E+00  1.21316326E+00  1.21327206E+00
   598  2.39200000E+02  1.21327206E+00  1.21316326E+00  1.21327206E+00
   599  2.39600000E+02  1.21327206E+00  1.21316326E+00  1.21327206E+00
   600  2.40000000E+02  1.21327206E+00  1.21316326E+00  1.21327206E+00
   601  2.40400000E+02  1.21327206E+00  1.21316326E+00  1.21327206E+00
   602  2.40800000E+02  1.21327206E+00  1.21316326E+00  1.21327206E+00
   603  2.41200000E+02  1.21327206E+00  1.21316326E+00  1.21327206E+00
   604  2.41600000E+02  1.21327206E+00  1.21316326E+00  1.21327206E+00
   605  2.42000000E+02  1.21327206E+00  1.21316326E+00  1.21327206E+00
   606  2.42400000E+02  1.21327206E+00  1.21316326E+00  1.21327206E+00
   607  2.42800000E+02  1.21327206E+00  1.21316326E+00  1.21327206E+00
   608  2.43200000E+02  1.21327206E+00  1.21316326E+00  1.21327206E+00
   609  2.43600000E+02  1.21327206E+00  1.21316326E+00  1.21327206E+00
   610  2.44000000E+02  1.21327206E+00  1.21316326E+00  1.21327206E+00
   611  2.44400000E+02  1.21327206E+00  1.21316326E+00  1.21327206E+00
   612  2.44800000E+02  1.21327206E+00  1.21316326E+00  1.21327206E+00
   613  2.45200000E+02  1.21327206E+00  1.21316326E+00  1.21327206E+00
   614  2.45600000E+02  1.21327206E+00  1.21316326E+00  1.21327206E+00
   615  2.46000000E+02  1.21327206E+00  1.21316326E+00  1.21327206E+00
   616  2.46400000E+02  1.21327206E+00  1.21316326E+00  1.21327206E+00
   617  2.46800000E+02  1.21327206E+00  1.21316326E+00  1.21327206E+00
   618  2.47200000E+02  1.21327206E+00  1.21316326E+00  1.21327206E+00
   619  2.47600000E+02  1.21327206E+00  1.21316326E+00  1.21327206E+00
   620  2.48000000E+02  1.21327206E+00  1.21316326E+00  1.21327206E+00
   621  2.48400000E+02  1.21327206E+00  1.21316326E+00  1.21327206E+00
   622  2.48800000E+02  1.21327206E+00  1.21316326E+00  1.21327206E+00
   623  2.49200000E+02  1.21327206E+00  1.21316326E+00  1.21327206E+00
   624  2.49600000E+02  1.21327206E+00  1.21316326E+00  1.21327206E+00
   625  2.50000000E+02  1.21327206E+00  1.21316326E+00  1.21327206E+00
   626  2.50400000E+02  1.21327206E+00  1.21316326E+00  1.21327206E+00
   627  2.50800000E+02  1.21327206E+00  1.21316326E+00  1.21327206E+00
   628  2.51200000E+02  1.21327206E+00  1.21316326E+00  1.21327206E+00
   629  2.51600000E+02  1.21327206E+00  1.21316326E+00  1.21327206E+00
   630  2.52000000E+02  1.21327206E+00  1.21316326E+00  1.21327206E+00
   631  2.52400000E+02  1.21327206E+00  1.21316326E+00  1.21327206E+00
   632  2.52800000E+02  1.21327206E+00  1.21316326E+00  1.21327206E+00
   633  2.53200000E+02  1.21327206E+00  1.21316326E+00  1.21327206E+00
   634  2.53600000E+02  1.21327206E+00  1.21316326E+00  1.21327206E+00
   635  2.54000000E+02  1.21327206E+00  1.21316326E+00  1.21327206E+00
   636  2.54400000E+02  1.21327206E+00  1.21316326E+00  1.21327206E+00
   637  2.54800000E+02  1.21327206E+00  1.21316326E+00  1.21327206E+00
   638  2.55200000E+02  1.21327206E+00  1.21316326E+00  1.21327206E+00
   639  2.55600000E+02  1.21327206E+00  1.21316326E+00  1.21327206E+00
   640  2.56000000E+02  1.21327206E+00  1.21316326E+00  1.21327206E+00
   641  2.56400000E+02  1.21327206E+00  1.21316326E+00  1.21327206E+00
   642  2.56800000E+02  1.21327206E+00  1.21316326E+00  1.21327206E+00
   643  2.57200000E+02  1.21327206E+00  1.21316326E+00  1.21327206E+00
   644  2.57600000E+02  1.21327206E+00  1.21316326E+00  1.21327206E+00
   645  2.58000000E+02  1.21327206E+00  1.21316326E+00  1.21327206E+00
   646  2.58400000E+02  1.21327206E+00  1.21316326E+00  1.21327206E+00
   647  2.58800000E+02  1.21327206E+00  1.21316326E+00  1.21327206E+00
   648  2.59200000E+02  1.21327206E+00  1.21316326E+00  1.21327206E+00
   649  2.59600000E+02  1.21327206E+00  1.21316326E+00  1.21327206E+00
   650  2.60000000E+02  1.21327206E+00  1.21316326E+00  1.21327206E+00
   651  2.60400000E+02  1.21327206E+00  1.21316326E+00  1.21327206E+00
   652  2.60800000E+02  1.21327206E+00  1.21316326E+00  1.21327206E+00
   653  2.61200000E+02  1.21327206E+00  1.21316326E+00  1.21327206E+00
   654  2.61600000E+02  1.21327206E+00  1.21316326E+00  1.21327206E+00
   655  2.62000000E+02  1.21327206E+00  1.21316326E+00  1.21327206E+00
   656  2.62400000E+02  1.21327206E+00  1.21316326E+00  1.21327206E+00
   657  2.62800000E+02  1.21327206E+00  1.21316326E+00  1.21327206E+00
   658  2.63200000E+02  1.21327206E+00  1.21316326E+00  1.21327206E+00
   659  2.63600000E+02  1.21327206E+00  1.21316326E+00  1.21327206E+00
   660  2.64000000E+02  1.21327206E+00  1.21316326E+00  1.21327206E+00
   661  2.64400000E+02  1.21327206E+00  1.21316326E+00  1.21327206E+00
   662  2.64800000E+02  1.21327206E+00  1.21316326E+00  1.21327206E+00
   663  2.65200000E+02  1.21327206E+00  1.21316326E+00  1.21327206E+00
   664  2.65600000E+02  1.21327206E+00  1.21316326E+00  1.21327206E+00
   665  2.66000000E+02  1.21327206E+00  1.21316326E+00  1.21327206E+00
   666  2.66400000E+02  1.21327206E+00  1.21316326E+00  1.21327206E+00
   667  2.66800000E+02  1.21327206E+00  1.21316326E+00  1.21327206E+00
   668  2.67200000E+02  1.21327206E+00  1.21316326E+00  1.21327206E+00
   669  2.67600000E+02  1.21327206E+00  1.21316326E+00  1.21327206E+00
   670  2.68000000E+02  1.21327206E+00  1.21316326E+00  1.21327206E+00
   671  2.68400000E+02  1.21327206E+00  1.21316326E+00  1.21327206E+00
   672  2.68800000E+02  1.21327206E+00  1.21316326E+00  1.21327206E+00
   673  2.69200000E+02  1.21327206E+00  1.21316326E+00  1.21327206E+00
   674  2.69600000E+02  1.21327206E+00  1.21316326E+00  1.21327206E+00
   675  2.70000000E+02  1.21327206E+00  1.21316326E+00  1.21327206E+00
   676  2.70400000E+02  1.21327206E+00  1.21316326E+00  1.21327206E+00
   677  2.70800000E+02  1.21327206E+00  1.21316326E+00  1.21327206E+00
   678  2.71200000E+02  1.21327206E+00  1.21316326E+00  1.21327206E+00
   679  2.71600000E+02  1.21327206E+00  1.21316326E+00  1.21327206E+00
   680  2.72000000E+02  1.21327206E+00  1.21316326E+00  1.21327206E+00
   681  2.72400000E+02  1.21327206E+00  1.21316326E+00  1.21327206E+00
   682  2.72800000E+02  1.21327206E+00  1.21316326E+00  1.21327206E+00
   683  2.73200000E+02  1.21327206E+00  1.21316326E+00  1.21327206E+00
   684  2.73600000E+02  1.21327206E+00  1.21316326E+00  1.21327206E+00
   685  2.74000000E+02  1.21327206E+00  1.21316326E+00  1.21327206E+00
   686  2.74400000E+02  1.21327206E+00  1.21316326E+00  1.21327206E+00
   687  2.74800000E+02  1.21327206E+00  1.21316326E+00  1.21327206E+00
   688  2.75200000E+02  1.21327206E+00  1.21316326E+00  1.21327206E+00
   689  2.75600000E+02  1.21327206E+00  1.21316326E+00  1.21327206E+00
   690  2.76000000E+02  1.21327206E+00  1.21316326E+00  1.21327206E+00
   691  2.76400000E+02  1.21327206E+00  1.21316326E+00  1.21327206E+00
   692  2.76800000E+02  1.21327206E+00  1.21316326E+00  1.21327206E+00
   693  2.77200000E+02  1.21327206E+00  1.21316326E+00  1.21327206E+00
   694  2.77600000E+02  1.21327206E+00  1.21316326E+00  1.21327206E+00
   695  2.78000000E+02  1.21327206E+00  1.21316326E+00  1.21327206E+00
   696  2.78400000E+02  1.21327206E+00  1.21316326E+00  1.21327206E+00
   697  2.78800000E+02  1.21327206E+00  1.21316326E+00  1.21327206E+00
   698  2.79200000E+02  1.21327206E+00  1.21316326E+00  1.21327206E+00
   699  2.79600000E+02  1.21327206E+00  1.21316326E+00  1.21327206E+00
   700  2.80000000E+02  1.21327206E+00  1.21316326E+00  1.21327206E+00
   701  2.80400000E+02  1.21327206E+00  1.21316326E+00  1.21327206E+00
   702  2.80800000E+02  1.21327206E+00  1.21316326E+00  1.21327206E+00
   703  2.81200000E+02  1.21327206E+00  1.21316326E+00  1.21327206E+00
   704  2.81600000E+02  1.21327206E+00  1.21316326E+00  1.21327206E+00
   705  2.82000000E+02  1.21327206E+00  1.21316326E+00  1.21327206E+00
   706  2.82400000E+02  1.21327206E+00  1.21316326E+00  1.21327206E+00
   707  2.82800000E+02  1.21327206E+00  1.21316326E+00  1.21327206E+00
   708  2.83200000E+02  1.21327206E+00  1.21316326E+00  1.21327206E+00
   709  2.83600000E+02  1.21327206E+00  1.21316326E+00  1.21327206E+00
   710  2.84000000E+02  1.21327206E+00  1.21316326E+00  1.21327206E+00
   711  2.84400000E+02  1.21327206E+00  1.21316326E+00  1.21327206E+00
   712  2.84800000E+02  1.21327206E+00  1.21316326E+00  1.21327206E+00
   713  2.85200000E+02  1.21327206E+00  1.21316326E+00  1.21327206E+00
   714  2.85600000E+02  1.21327206E+00  1.21316326E+00  1.21327206E+00
   715  2.86000000E+02  1.21327206E+00  1.21316326E+00  1.21327206E+00
   716  2.86400000E+02  1.21327206E+00  1.21316326E+00  1.21327206E+00
   717  2.86800000E+02  1.21327206E+00  1.21316326E+00  1.21327206E+00
   718  2.87200000E+02  1.21327206E+00  1.21316326E+00  1.21327206E+00
   719  2.87600000E+02  1.21327206E+00  1.21316326E+00  1.21327206E+00
   720  2.88000000E+02  1.21327206E+00  1.21316326E+00  1.21327206E+00
   721  2.88400000E+02  1.21327206E+00  1.21316326E+00  1.21327206E+00
   722  2.88800000E+02  1.21327206E+00  1.21316326E+00  1.21327206E+00
   723  2.89200000E+02  1.21327206E+00  1.21316326E+00  1.21327206E+00
   724  2.89600000E+02  1.21327206E+00  1.21316326E+00  1.21327206E+00
   725  2.90000000E+02  1.21327206E+00  1.21316326E+00  1.21327206E+00
   726  2.90400000E+02  1.21327206E+00  1.21316326E+00  1.21327206E+00
   727  2.90800000E+02  1.21327206E+00  1.21316326E+00  1.21327206E+00
   728  2.91200000E+02  1.21327206E+00  1.21316326E+00  1.21327206E+00
   729  2.91600000E+02  1.21327206E+00  1.21316326E+00  1.21327206E+00
   730  2.92000000E+02  1.21327206E+00  1.21316326E+00  1.21327206E+00
   731  2.92400000E+02  1.21327206E+00  1.21316326E+00  1.21327206E+00
   732  2.92800000E+02  1.21327206E+00  1.21316326E+00  1.21327206E+00
   733  2.93200000E+02  1.21327206E+00  1.21316326E+00  1.21327206E+00
   734  2.93600000E+02  1.21327206E+00  1.21316326E+00  1.21327206E+00
   735  2.94000000E+02  1.21327206E+00  1.21316326E+00  1.21327206E+00
   736  2.94400000E+02  1.21327206E+00  1.21316326E+00  1.21327206E+00
   737  2.94800000E+02  1.21327206E+00  1.21316326E+00  1.21327206E+00
   738  2.95200000E+02  1.21327206E+00  1.21316326E+00  1.21327206E+00
   739  2.95600000E+02  1.21327206E+00  1.21316326E+00  1.21327206E+00
   740  2.96000000E+02  1.21327206E+00  1.21316326E+00  1.21327206E+00
   741  2.96400000E+02  1.21327206E+00  1.21316326E+00  1.21327206E+00
   742  2.96800000E+02  1.21327206E+00  1.21316326E+00  1.21327206E+00
   743  2.97200000E+02  1.21327206E+00  1.21316326E+00  1.21327206E+00
   744  2.97600000E+02  1.21327206E+00  1.21316326E+00  1.21327206E+00
   745  2.98000000E+02  1.21327206E+00  1.21316326E+00  1.21327206E+00
   746  2.98400000E+02  1.21327206E+00  1.21316326E+00  1.21327206E+00
   747  2.98800000E+02  1.21327206E+00  1.21316326E+00  1.21327206E+00
   748  2.99200000E+02  1.21327206E+00  1.21316326E+00  1.21327206E+00
   749  2.99600000E+02  1.21327206E+00  1.21316326E+00  1.21327206E+00
   750  3.00000000E+02  1.21327206E+00  1.21316326E+00  1.21327206E+00
   751  3.00400000E+02  1.21327206E+00  1.21316326E+00  1.21327206E+00
   752  3.00800000E+02  1.21327206E+00  1.21316326E+00  1.21327206E+00
   753  3.01200000E+02  1.21327206E+00  1.21316326E+00  1.21327206E+00
   754  3.01600000E+02  1.21327206E+00  1.21316326E+00  1.21327206E+00
   755  3.02000000E+02  1.21327206E+00  1.21316326E+00  1.21327206E+00
   756  3.02400000E+02  1.21327206E+00  1.21316326E+00  1.21327206E+00
   757  3.02800000E+02  1.21327206E+00  1.21316326E+00  1.21327206E+00
   758  3.03200000E+02  1.21327206E+00  1.21316326E+00  1.21327206E+00
   759  3.03600000E+02  1.21327206E+00  1.21316326E+00  1.21327206E+00
   760  3.04000000E+02  1.21327206E+00  1.21316326E+00  1.21327206E+00
   761  3.04400000E+02  1.21327206E+00  1.21316326E+00  1.21327206E+00
   762  3.04800000E+02  1.21327206E+00  1.21316326E+00  1.21327206E+00
   763  3.05200000E+02  1.21327206E+00  1.21316326E+00  1.21327206E+00
   764  3.05600000E+02  1.21327206E+00  1.21316326E+00  1.21327206E+00
   765  3.06000000E+02  1.21327206E+00  1.21316326E+00  1.21327206E+00
   766  3.06400000E+02  1.21327206E+00  1.21316326E+00  1.21327206E+00
   767  3.06800000E+02  1.21327206E+00  1.21316326E+00  1.21327206E+00
   768  3.07200000E+02  1.21327206E+00  1.21316326E+00  1.21327206E+00
   769  3.07600000E+02  1.21327206E+00  1.21316326E+00  1.21327206E+00
   770  3.08000000E+02  1.21327206E+00  1.21316326E+00  1.21327206E+00
   771  3.08400000E+02  1.21327206E+00  1.21316326E+00  1.21327206E+00
   772  3.08800000E+02  1.21327206E+00  1.21316326E+00  1.21327206E+00
   773  3.09200000E+02  1.21327206E+00  1.21316326E+00  1.21327206E+00
   774  3.09600000E+02  1.21327206E+00  1.21316326E+00  1.21327206E+00
   775  3.10000000E+02  1.21327206E+00  1.21316326E+00  1.21327206E+00
   776  3.10400000E+02  1.21327206E+00  1.21316326E+00  1.21327206E+00
   777  3.10800000E+02  1.21327206E+00  1.21316326E+00  1.21327206E+00
   778  3.11200000E+02  1.21327206E+00  1.21316326E+00  1.21327206E+00
   779  3.11600000E+02  1.21327206E+00  1.21316326E+00  1.21327206E+00
   780  3.12000000E+02  1.21327206E+00  1.21316326E+00  1.21327206E+00
   781  3.12400000E+02  1.21327206E+00  1.21316326E+00  1.21327206E+00
   782  3.12800000E+02  1.21327206E+00  1.21316326E+00  1.21327206E+00
   783  3.13200000E+02  1.21327206E+00  1.21316326E+00  1.21327206E+00
   784  3.13600000E+02  1.21327206E+00  1.21316326E+00  1.21327206E+00
   785  3.14000000E+02  1.21327206E+00  1.21316326E+00  1.21327206E+00
   786  3.14400000E+02  1.21327206E+00  1.21316326E+00  1.21327206E+00
   787  3.14800000E+02  1.21327206E+00  1.21316326E+00  1.21327206E+00
   788  3.15200000E+02  1.21327206E+00  1.21316326E+00  1.21327206E+00
   789  3.15600000E+02  1.21327206E+00  1.21316326E+00  1.21327206E+00
   790  3.16000000E+02  1.21327206E+00  1.21316326E+00  1.21327206E+00
   791  3.16400000E+02  1.21327206E+00  1.21316326E+00  1.21327206E+00
   792  3.16800000E+02  1.21327206E+00  1.21316326E+00  1.21327206E+00
   793  3.17200000E+02  1.21327206E+00  1.21316326E+00  1.21327206E+00
   794  3.17600000E+02  1.21327206E+00  1.21316326E+00  1.21327206E+00
   795  3.18000000E+02  1.21327206E+00  1.21316326E+00  1.21327206E+00
   796  3.18400000E+02  1.21327206E+00  1.21316326E+00  1.21327206E+00
   797  3.18800000E+02  1.21327206E+00  1.21316326E+00  1.21327206E+00
   798  3.19200000E+02  1.21327206E+00  1.21316326E+00  1.21327206E+00
   799  3.19600000E+02  1.21327206E+00  1.21316326E+00  1.21327206E+00
   800  3.20000000E+02  1.21327206E+00  1.21316326E+00  1.21327206E+00
   801  3.20400000E+02  1.21327206E+00  1.21316326E+00  1.21327206E+00
   802  3.20800000E+02  1.21327206E+00  1.21316326E+00  1.21327206E+00
   803  3.21200000E+02  1.21327206E+00  1.21316326E+00  1.21327206E+00
   804  3.21600000E+02  1.21327206E+00  1.21316326E+00  1.21327206E+00
   805  3.22000000E+02  1.21327206E+00  1.21316326E+00  1.21327206E+00
   806  3.22400000E+02  1.21327206E+00  1.21316326E+00  1.21327206E+00
   807  3.22800000E+02  1.21327206E+00  1.21316326E+00  1.21327206E+00
   808  3.23200000E+02  1.21327206E+00  1.21316326E+00  1.21327206E+00
   809  3.23600000E+02  1.21327206E+00  1.21316326E+00  1.21327206E+00
   810  3.24000000E+02  1.21327206E+00  1.21316326E+00  1.21327206E+00
   811  3.24400000E+02  1.21327206E+00  1.21316326E+00  1.21327206E+00
   812  3.24800000E+02  1.21327206E+00  1.21316326E+00  1.21327206E+00
   813  3.25200000E+02  1.21327206E+00  1.21316326E+00  1.21327206E+00
   814  3.25600000E+02  1.21327206E+00  1.21316326E+00  1.21327206E+00
   815  3.26000000E+02  1.21327206E+00  1.21316326E+00  1.21327206E+00
   816  3.26400000E+02  1.21327206E+00  1.21316326E+00  1.21327206E+00
   817  3.26800000E+02  1.21327206E+00  1.21316326E+00  1.21327206E+00
   818  3.27200000E+02  1.21327206E+00  1.21316326E+00  1.21327206E+00
   819  3.27600000E+02  1.21327206E+00  1.21316326E+00  1.21327206E+00
   820  3.28000000E+02  1.21327206E+00  1.21316326E+00  1.21327206E+00
   821  3.28400000E+02  1.21327206E+00  1.21316326E+00  1.21327206E+00
   822  3.28800000E+02  1.21327206E+00  1.21316326E+00  1.21327206E+00
   823  3.29200000E+02  1.21327206E+00  1.21316326E+00  1.21327206E+00
   824  3.29600000E+02  1.21327206E+00  1.21316326E+00  1.21327206E+00
   825  3.30000000E+02  1.21327206E+00  1.21316326E+00  1.21327206E+00
   826  3.30400000E+02  1.21327206E+00  1.21316326E+00  1.21327206E+00
   827  3.30800000E+02  1.21327206E+00  1.21316326E+00  1.21327206E+00
   828  3.31200000E+02  1.21327206E+00  1.21316326E+00  1.21327206E+00
   829  3.31600000E+02  1.21327206E+00  1.21316326E+00  1.21327206E+00
   830  3.32000000E+02  1.21327206E+00  1.21316326E+00  1.21327206E+00
   831  3.32400000E+02  1.21327206E+00  1.21316326E+00  1.21327206E+00
   832  3.32800000E+02  1.21327206E+00  1.21316326E+00  1.21327206E+00
   833  3.33200000E+02  1.21327206E+00  1.21316326E+00  1.21327206E+00
   834  3.33600000E+02  1.21327206E+00  1.21316326E+00  1.21327206E+00
   835  3.34000000E+02  1.21327206E+00  1.21316326E+00  1.21327206E+00
   836  3.34400000E+02  1.21327206E+00  1.21316326E+00  1.21327206E+00
   837  3.34800000E+02  1.21327206E+00  1.21316326E+00  1.21327206E+00
   838  3.35200000E+02  1.21327206E+00  1.21316326E+00  1.21327206E+00
   839  3.35600000E+02  1.21327206E+00  1.21316326E+00  1.21327206E+00
   840  3.36000000E+02  1.21327206E+00  1.21316326E+00  1.21327206E+00
   841  3.36400000E+02  1.21327206E+00  1.21316326E+00  1.21327206E+00
   842  3.36800000E+02  1.21327206E+00  1.21316326E+00  1.21327206E+00
   843  3.37200000E+02  1.21327206E+00  1.21316326E+00  1.21327206E+00
   844  3.37600000E+02  1.21327206E+00  1.21316326E+00  1.21327206E+00
   845  3.38000000E+02  1.21327206E+00  1.21316326E+00  1.21327206E+00
   846  3.38400000E+02  1.21327206E+00  1.21316326E+00  1.21327206E+00
   847  3.38800000E+02  1.21327206E+00  1.21316326E+00  1.21327206E+00
   848  3.39200000E+02  1.21327206E+00  1.21316326E+00  1.21327206E+00
   849  3.39600000E+02  1.21327206E+00  1.21316326E+00  1.21327206E+00
   850  3.40000000E+02  1.21327206E+00  1.21316326E+00  1.21327206E+00
   851  3.40400000E+02  1.21327206E+00  1.21316326E+00  1.21327206E+00
   852  3.40800000E+02  1.21327206E+00  1.21316326E+00  1.21327206E+00
   853  3.41200000E+02  1.21327206E+00  1.21316326E+00  1.21327206E+00
   854  3.41600000E+02  1.21327206E+00  1.21316326E+00  1.21327206E+00
   855  3.42000000E+02  1.21327206E+00  1.21316326E+00  1.21327206E+00
   856  3.42400000E+02  1.21327206E+00  1.21316326E+00  1.21327206E+00
   857  3.42800000E+02  1.21327206E+00  1.21316326E+00  1.21327206E+00
   858  3.43200000E+02  1.21327206E+00  1.21316326E+00  1.21327206E+00
   859  3.43600000E+02  1.21327206E+00  1.21316326E+00  1.21327206E+00
   860  3.44000000E+02  1.21327206E+00  1.21316326E+00  1.21327206E+00
   861  3.44400000E+02  1.21327206E+00  1.21316326E+00  1.21327206E+00
   862  3.44800000E+02  1.21327206E+00  1.21316326E+00  1.21327206E+00
   863  3.45200000E+02  1.21327206E+00  1.21316326E+00  1.21327206E+00
   864  3.45600000E+02  1.21327206E+00  1.21316326E+00  1.21327206E+00
   865  3.46000000E+02  1.21327206E+00  1.21316326E+00  1.21327206E+00
   866  3.46400000E+02  1.21327206E+00  1.21316326E+00  1.21327206E+00
   867  3.46800000E+02  1.21327206E+00  1.21316326E+00  1.21327206E+00
   868  3.47200000E+02  1.21327206E+00  1.21316326E+00  1.21327206E+00
   869  3.47600000E+02  1.21327206E+00  1.21316326E+00  1.21327206E+00
   870  3.48000000E+02  1.21327206E+00  1.21316326E+00  1.21327206E+00
   871  3.48400000E+02  1.21327206E+00  1.21316326E+00  1.21327206E+00
   872  3.48800000E+02  1.21327206E+00  1.21316326E+00  1.21327206E+00
   873  3.49200000E+02  1.21327206E+00  1.21316326E+00  1.21327206E+00
   874  3.49600000E+02  1.21327206E+00  1.21316326E+00  1.21327206E+00
   875  3.50000000E+02  1.21327206E+00  1.21316326E+00  1.21327206E+00
   876  3.50400000E+02  1.21327206E+00  1.21316326E+00  1.21327206E+00
   877  3.50800000E+02  1.21327206E+00  1.21316326E+00  1.21327206E+00
   878  3.51200000E+02  1.21327206E+00  1.21316326E+00  1.21327206E+00
   879  3.51600000E+02  1.21327206E+00  1.21316326E+00  1.21327206E+00
   880  3.52000000E+02  1.21327206E+00  1.21316326E+00  1.21327206E+00
   881  3.52400000E+02  1.21327206E+00  1.21316326E+00  1.21327206E+00
   882  3.52800000E+02  1.21327206E+00  1.21316326E+00  1.21327206E+00
   883  3.53200000E+02  1.21327206E+00  1.21316326E+00  1.21327206E+00
   884  3.53600000E+02  1.21327206E+00  1.21316326E+00  1.21327206E+00
   885  3.54000000E+02  1.21327206E+00  1.21316326E+00  1.21327206E+00
   886  3.54400000E+02  1.21327206E+00  1.21316326E+00  1.21327206E+00
   887  3.54800000E+02  1.21327206E+00  1.21316326E+00  1.21327206E+00
   888  3.55200000E+02  1.21327206E+00  1.21316326E+00  1.21327206E+00
   889  3.55600000E+02  1.21327206E+00  1.21316326E+00  1.21327206E+00
   890  3.56000000E+02  1.21327206E+00  1.21316326E+00  1.21327206E+00
   891  3.56400000E+02  1.21327206E+00  1.21316326E+00  1.21327206E+00
   892  3.56800000E+02  1.21327206E+00  1.21316326E+00  1.21327206E+00
   893  3.57200000E+02  1.21327206E+00  1.21316326E+00  1.21327206E+00
   894  3.57600000E+02  1.21327206E+00  1.21316326E+00  1.21327206E+00
   895  3.58000000E+02  1.21327206E+00  1.21316326E+00  1.21327206E+00
   896  3.58400000E+02  1.21327206E+00  1.21316326E+00  1.21327206E+00
   897  3.58800000E+02  1.21327206E+00  1.21316326E+00  1.21327206E+00
   898  3.59200000E+02  1.21327206E+00  1.21316326E+00  1.21327206E+00
   899  3.59600000E+02  1.21327206E+00  1.21316326E+00  1.21327206E+00
   900  3.60000000E+02  1.21327206E+00  1.21316326E+00  1.21327206E+00
   901  3.60400000E+02  1.21327206E+00  1.21316326E+00  1.21327206E+00
   902  3.60800000E+02  1.21327206E+00  1.21316326E+00  1.21327206E+00
   903  3.61200000E+02  1.21327206E+00  1.21316326E+00  1.21327206E+00
   904  3.61600000E+02  1.21327206E+00  1.21316326E+00  1.21327206E+00
   905  3.62000000E+02  1.21327206E+00  1.21316326E+00  1.21327206E+00
   906  3.62400000E+02  1.21327206E+00  1.21316326E+00  1.21327206E+00
   907  3.62800000E+02  1.21327206E+00  1.21316326E+00  1.21327206E+00
   908  3.63200000E+02  1.21327206E+00  1.21316326E+00  1.21327206E+00
   909  3.63600000E+02  1.21327206E+00  1.21316326E+00  1.21327206E+00
   910  3.64000000E+02  1.21327206E+00  1.21316326E+00  1.21327206E+00
   911  3.64400000E+02  1.21327206E+00  1.21316326E+00  1.21327206E+00
   912  3.64800000E+02  1.21327206E+00  1.21316326E+00  1.21327206E+00
   913  3.65200000E+02  1.21327206E+00  1.21316326E+00  1.21327206E+00
   914  3.65600000E+02  1.21327206E+00  1.21316326E+00  1.21327206E+00
   915  3.66000000E+02  1.21327206E+00  1.21316326E+00  1.21327206E+00
   916  3.66400000E+02  1.21327206E+00  1.21316326E+00  1.21327206E+00
   917  3.66800000E+02  1.21327206E+00  1.21316326E+00  1.21327206E+00
   918  3.67200000E+02  1.21327206E+00  1.21316326E+00  1.21327206E+00
   919  3.67600000E+02  1.21327206E+00  1.21316326E+00  1.21327206E+00
   920  3.68000000E+02  1.21327206E+00  1.21316326E+00  1.21327206E+00
   921  3.68400000E+02  1.21327206E+00  1.21316326E+00  1.21327206E+00
   922  3.68800000E+02  1.21327206E+00  1.21316326E+00  1.21327206E+00
   923  3.69200000E+02  1.21327206E+00  1.21316326E+00  1.21327206E+00
   924  3.69600000E+02  1.21327206E+00  1.21316326E+00  1.21327206E+00
   925  3.70000000E+02  1.21327206E+00  1.21316326E+00  1.21327206E+00
   926  3.70400000E+02  1.21327206E+00  1.21316326E+00  1.21327206E+00
   927  3.70800000E+02  1.21327206E+00  1.21316326E+00  1.21327206E+00
   928  3.71200000E+02  1.21327206E+00  1.21316326E+00  1.21327206E+00
   929  3.71600000E+02  1.21327206E+00  1.21316326E+00  1.21327206E+00
   930  3.72000000E+02  1.21327206E+00  1.21316326E+00  1.21327206E+00
   931  3.72400000E+02  1.21327206E+00  1.21316326E+00  1.21327206E+00
   932  3.72800000E+02  1.21327206E+00  1.21316326E+00  1.21327206E+00
   933  3.73200000E+02  1.21327206E+00  1.21316326E+00  1.21327206E+00
   934  3.73600000E+02  1.21327206E+00  1.21316326E+00  1.21327206E+00
   935  3.74000000E+02  1.21327206E+00  1.21316326E+00  1.21327206E+00
   936  3.74400000E+02  1.21327206E+00  1.21316326E+00  1.21327206E+00
   937  3.74800000E+02  1.21327206E+00  1.21316326E+00  1.21327206E+00
   938  3.75200000E+02  1.21327206E+00  1.21316326E+00  1.21327206E+00
   939  3.75600000E+02  1.21327206E+00  1.21316326E+00  1.21327206E+00
   940  3.76000000E+02  1.21327206E+00  1.21316326E+00  1.21327206E+00
   941  3.76400000E+02  1.21327206E+00  1.21316326E+00  1.21327206E+00
   942  3.76800000E+02  1.21327206E+00  1.21316326E+00  1.21327206E+00
   943  3.77200000E+02  1.21327206E+00  1.21316326E+00  1.21327206E+00
   944  3.77600000E+02  1.21327206E+00  1.21316326E+00  1.21327206E+00
   945  3.78000000E+02  1.21327206E+00  1.21316326E+00  1.21327206E+00
   946  3.78400000E+02  1.21327206E+00  1.21316326E+00  1.21327206E+00
   947  3.78800000E+02  1.21327206E+00  1.21316326E+00  1.21327206E+00
   948  3.79200000E+02  1.21327206E+00  1.21316326E+00  1.21327206E+00
   949  3.79600000E+02  1.21327206E+00  1.21316326E+00  1.21327206E+00
   950  3.80000000E+02  1.21327206E+00  1.21316326E+00  1.21327206E+00
   951  3.80400000E+02  1.21327206E+00  1.21316326E+00  1.21327206E+00
   952  3.80800000E+02  1.21327206E+00  1.21316326E+00  1.21327206E+00
   953  3.81200000E+02  1.21327206E+00  1.21316326E+00  1.21327206E+00
   954  3.81600000E+02  1.21327206E+00  1.21316326E+00  1.21327206E+00
   955  3.82000000E+02  1.21327206E+00  1.21316326E+00  1.21327206E+00
   956  3.82400000E+02  1.21327206E+00  1.21316326E+00  1.21327206E+00
   957  3.82800000E+02  1.21327206E+00  1.21316326E+00  1.21327206E+00
   958  3.83200000E+02  1.21327206E+00  1.21316326E+00  1.21327206E+00
   959  3.83600000E+02  1.21327206E+00  1.21316326E+00  1.21327206E+00
   960  3.84000000E+02  1.21327206E+00  1.21316326E+00  1.21327206E+00
   961  3.84400000E+02  1.21327206E+00  1.21316326E+00  1.21327206E+00
   962  3.84800000E+02  1.21327206E+00  1.21316326E+00  1.21327206E+00
   963  3.85200000E+02  1.21327206E+00  1.21316326E+00  1.21327206E+00
   964  3.85600000E+02  1.21327206E+00  1.21316326E+00  1.21327206E+00
   965  3.86000000E+02  1.21327206E+00  1.21316326E+00  1.21327206E+00
   966  3.86400000E+02  1.21327206E+00  1.21316326E+00  1.21327206E+00
   967  3.86800000E+02  1.21327206E+00  1.21316326E+00  1.21327206E+00
   968  3.87200000E+02  1.21327206E+00  1.21316326E+00  1.21327206E+00
   969  3.87600000E+02  1.21327206E+00  1.21316326E+00  1.21327206E+00
   970  3.88000000E+02  1.21327206E+00  1.21316326E+00  1.21327206E+00
   971  3.88400000E+02  1.21327206E+00  1.21316326E+00  1.21327206E+00
   972  3.88800000E+02  1.21327206E+00  1.21316326E+00  1.21327206E+00
   973  3.89200000E+02  1.21327206E+00  1.21316326E+00  1.21327206E+00
   974  3.89600000E+02  1.21327206E+00  1.21316326E+00  1.21327206E+00
   975  3.90000000E+02  1.21327206E+00  1.21316326E+00  1.21327206E+00
   976  3.90400000E+02  1.21327206E+00  1.21316326E+00  1.21327206E+00
   977  3.90800000E+02  1.21327206E+00  1.21316326E+00  1.21327206E+00
   978  3.91200000E+02  1.21327206E+00  1.21316326E+00  1.21327206E+00
   979  3.91600000E+02  1.21327206E+00  1.21316326E+00  1.21327206E+00
   980  3.92000000E+02  1.21327206E+00  1.21316326E+00  1.21327206E+00
   981  3.92400000E+02  1.21327206E+00  1.21316326E+00  1.21327206E+00
   982  3.92800000E+02  1.21327206E+00  1.21316326E+00  1.21327206E+00
   983  3.93200000E+02  1.21327206E+00  1.21316326E+00  1.21327206E+00
   984  3.93600000E+02  1.21327206E+00  1.21316326E+00  1.21327206E+00
   985  3.94000000E+02  1.21327206E+00  1.21316326E+00  1.21327206E+00
   986  3.94400000E+02  1.21327206E+00  1.21316326E+00  1.21327206E+00
   987  3.94800000E+02  1.21327206E+00  1.21316326E+00  1.21327206E+00
   988  3.95200000E+02  1.21327206E+00  1.21316326E+00  1.21327206E+00
   989  3.95600000E+02  1.21327206E+00  1.21316326E+00  1.21327206E+00
   990  3.96000000E+02  1.21327206E+00  1.21316326E+00  1.21327206E+00
   991  3.96400000E+02  1.21327206E+00  1.21316326E+00  1.21327206E+00
   992  3.96800000E+02  1.21327206E+00  1.21316326E+00  1.21327206E+00
   993  3.97200000E+02  1.21327206E+00  1.21316326E+00  1.21327206E+00
   994  3.97600000E+02  1.21327206E+00  1.21316326E+00  1.21327206E+00
   995  3.98000000E+02  1.21327206E+00  1.21316326E+00  1.21327206E+00
   996  3.98400000E+02  1.21327206E+00  1.21316326E+00  1.21327206E+00
   997  3.98800000E+02  1.21327206E+00  1.21316326E+00  1.21327206E+00
   998  3.99200000E+02  1.21327206E+00  1.21316326E+00  1.21327206E+00
   999  3.99600000E+02  1.21327206E+00  1.21316326E+00  1.21327206E+00
  1000  4.00000000E+02  1.21327206E+00  1.21316326E+00  1.21327206E+00
