 dx_box  0.20000000000000001      dx_wall   5.0000000000000003E-002
 comppar: model =   2
 comppar: lambda,mobility/eps,betav,eta_0 =  1.0000E+00  0.0000E+00  1.1111E-01  1.0000E+00
 comppar: eta_s,eta_p,G =  1.1111E-01  8.8889E-01  8.8889E-01
 comppar: U_avg,deltat,flowrate,nsteps =  5.0000E-01  5.0000E-02  1.5708E+00    1000
 comppar: geometry = axisymmetric
 comppar: steady stop change,gap,hold,min =  1.0000E-05  5.0000E-03      10      80
 comppar: ncompc,ncompg =     4     5
 mesh nnodes = 4357
 mesh nelem = 2112
 P1 BC   5.0000000000000000     
 P2 BC   0.0000000000000000     
     1  5.00000000E-02  1.00315046E+00  1.00000000E+00  1.00315046E+00
     2  1.00000000E-01  1.00620426E+00  1.00000000E+00  1.00620426E+00
     3  1.50000000E-01  1.00913846E+00  1.00000000E+00  1.00913846E+00
     4  2.00000000E-01  1.01197893E+00  1.00000000E+00  1.01197893E+00
     5  2.50000000E-01  1.01474450E+00  1.00000000E+00  1.01474450E+00
     6  3.00000000E-01  1.01745738E+00  1.00000000E+00  1.01745738E+00
     7  3.50000000E-01  1.02013090E+00  1.00000000E+00  1.02013090E+00
     8  4.00000000E-01  1.02281265E+00  1.00000000E+00  1.02281265E+00
     9  4.50000000E-01  1.02550028E+00  1.00000001E+00  1.02550028E+00
    10  5.00000000E-01  1.02822199E+00  1.00000001E+00  1.02822199E+00
    11  5.50000000E-01  1.03094695E+00  1.00000001E+00  1.03094695E+00
    12  6.00000000E-01  1.03376536E+00  1.00000001E+00  1.03376536E+00
    13  6.50000000E-01  1.03663022E+00  1.00000001E+00  1.03663022E+00
    14  7.00000000E-01  1.03952528E+00  1.00000001E+00  1.03952528E+00
    15  7.50000000E-01  1.04247991E+00  1.00000001E+00  1.04247991E+00
    16  8.00000000E-01  1.04554013E+00  1.00000001E+00  1.04554013E+00
    17  8.50000000E-01  1.04864202E+00  1.00000001E+00  1.04864202E+00
    18  9.00000000E-01  1.05178621E+00  1.00000001E+00  1.05178621E+00
    19  9.50000000E-01  1.05497290E+00  1.00000001E+00  1.05497290E+00
    20  1.00000000E+00  1.05820197E+00  1.00000001E+00  1.05820197E+00
    21  1.05000000E+00  1.06149153E+00  1.00000000E+00  1.06149153E+00
    22  1.10000000E+00  1.06489733E+00  1.00000000E+00  1.06489733E+00
    23  1.15000000E+00  1.06834066E+00  9.99999997E-01  1.06834066E+00
    24  1.20000000E+00  1.07181983E+00  9.99999992E-01  1.07181983E+00
    25  1.25000000E+00  1.07533308E+00  9.99999987E-01  1.07533308E+00
    26  1.30000000E+00  1.07887854E+00  9.99999981E-01  1.07887854E+00
    27  1.35000000E+00  1.08245409E+00  9.99999974E-01  1.08245409E+00
    28  1.40000000E+00  1.08605737E+00  9.99999966E-01  1.08605737E+00
    29  1.45000000E+00  1.08968569E+00  9.99999957E-01  1.08968569E+00
    30  1.50000000E+00  1.09333607E+00  9.99999947E-01  1.09333607E+00
    31  1.55000000E+00  1.09700526E+00  9.99999935E-01  1.09700526E+00
    32  1.60000000E+00  1.10068971E+00  9.99999922E-01  1.10068971E+00
    33  1.65000000E+00  1.10438569E+00  9.99999908E-01  1.10438569E+00
    34  1.70000000E+00  1.10813482E+00  9.99999892E-01  1.10813482E+00
    35  1.75000000E+00  1.11190036E+00  9.99999875E-01  1.11190036E+00
    36  1.80000000E+00  1.11566798E+00  9.99999856E-01  1.11566798E+00
    37  1.85000000E+00  1.11943434E+00  9.99999836E-01  1.11943434E+00
    38  1.90000000E+00  1.12319614E+00  9.99999813E-01  1.12319614E+00
    39  1.95000000E+00  1.12695018E+00  9.99999788E-01  1.12695018E+00
    40  2.00000000E+00  1.13069338E+00  9.99999762E-01  1.13069338E+00
    41  2.05000000E+00  1.13442282E+00  9.99999733E-01  1.13442282E+00
    42  2.10000000E+00  1.13813565E+00  9.99999701E-01  1.13813565E+00
    43  2.15000000E+00  1.14182912E+00  9.99999668E-01  1.14182912E+00
    44  2.20000000E+00  1.14550052E+00  9.99999631E-01  1.14550052E+00
    45  2.25000000E+00  1.14914714E+00  9.99999592E-01  1.14914714E+00
    46  2.30000000E+00  1.15276628E+00  9.99999549E-01  1.15276628E+00
    47  2.35000000E+00  1.15635526E+00  9.99999504E-01  1.15635526E+00
    48  2.40000000E+00  1.15991133E+00  9.99999455E-01  1.15991133E+00
    49  2.45000000E+00  1.16344188E+00  9.99999403E-01  1.16344188E+00
    50  2.50000000E+00  1.16708612E+00  9.99999347E-01  1.16708612E+00
    51  2.55000000E+00  1.17070016E+00  9.99999287E-01  1.17070016E+00
    52  2.60000000E+00  1.17428164E+00  9.99999224E-01  1.17428164E+00
    53  2.65000000E+00  1.17782812E+00  9.99999156E-01  1.17782812E+00
    54  2.70000000E+00  1.18133710E+00  9.99999084E-01  1.18133710E+00
    55  2.75000000E+00  1.18480613E+00  9.99999007E-01  1.18480613E+00
    56  2.80000000E+00  1.18823280E+00  9.99998926E-01  1.18823280E+00
    57  2.85000000E+00  1.19161484E+00  9.99998840E-01  1.19161484E+00
    58  2.90000000E+00  1.19495017E+00  9.99998748E-01  1.19495017E+00
    59  2.95000000E+00  1.19823702E+00  9.99998651E-01  1.19823702E+00
    60  3.00000000E+00  1.20147391E+00  9.99998549E-01  1.20147391E+00
    61  3.05000000E+00  1.20478262E+00  9.99998440E-01  1.20478262E+00
    62  3.10000000E+00  1.20814746E+00  9.99998326E-01  1.20814746E+00
    63  3.15000000E+00  1.21146578E+00  9.99998204E-01  1.21146578E+00
    64  3.20000000E+00  1.21473581E+00  9.99998077E-01  1.21473581E+00
    65  3.25000000E+00  1.21795593E+00  9.99997942E-01  1.21795593E+00
    66  3.30000000E+00  1.22112483E+00  9.99997800E-01  1.22112483E+00
    67  3.35000000E+00  1.22424164E+00  9.99997650E-01  1.22424164E+00
    68  3.40000000E+00  1.22730619E+00  9.99997493E-01  1.22730619E+00
    69  3.45000000E+00  1.23031914E+00  9.99997327E-01  1.23031914E+00
    70  3.50000000E+00  1.23328216E+00  9.99997153E-01  1.23328216E+00
    71  3.55000000E+00  1.23619776E+00  9.99996970E-01  1.23619776E+00
    72  3.60000000E+00  1.23906880E+00  9.99996778E-01  1.23906880E+00
    73  3.65000000E+00  1.24189758E+00  9.99996576E-01  1.24189758E+00
    74  3.70000000E+00  1.24480051E+00  9.99996365E-01  1.24480051E+00
    75  3.75000000E+00  1.24783451E+00  9.99996142E-01  1.24783451E+00
    76  3.80000000E+00  1.25082336E+00  9.99995910E-01  1.25082336E+00
    77  3.85000000E+00  1.25376859E+00  9.99995666E-01  1.25376859E+00
    78  3.90000000E+00  1.25667092E+00  9.99995410E-01  1.25667092E+00
    79  3.95000000E+00  1.25952979E+00  9.99995142E-01  1.25952979E+00
    80  4.00000000E+00  1.26234301E+00  9.99994862E-01  1.26234301E+00
    81  4.05000000E+00  1.26510686E+00  9.99994570E-01  1.26510686E+00
    82  4.10000000E+00  1.26781666E+00  9.99994263E-01  1.26781666E+00
    83  4.15000000E+00  1.27046753E+00  9.99993944E-01  1.27046753E+00
    84  4.20000000E+00  1.27305536E+00  9.99993609E-01  1.27305536E+00
    85  4.25000000E+00  1.27557743E+00  9.99993261E-01  1.27557743E+00
    86  4.30000000E+00  1.27803274E+00  9.99992897E-01  1.27803274E+00
    87  4.35000000E+00  1.28042171E+00  9.99992517E-01  1.28042171E+00
    88  4.40000000E+00  1.28292245E+00  9.99992121E-01  1.28292245E+00
    89  4.45000000E+00  1.28560185E+00  9.99991708E-01  1.28560185E+00
    90  4.50000000E+00  1.28822022E+00  9.99991278E-01  1.28822022E+00
    91  4.55000000E+00  1.29077687E+00  9.99990829E-01  1.29077687E+00
    92  4.60000000E+00  1.29327234E+00  9.99990362E-01  1.29327234E+00
    93  4.65000000E+00  1.29570761E+00  9.99989876E-01  1.29570761E+00
    94  4.70000000E+00  1.29808317E+00  9.99989370E-01  1.29808317E+00
    95  4.75000000E+00  1.30039853E+00  9.99988843E-01  1.30039853E+00
    96  4.80000000E+00  1.30265213E+00  9.99988295E-01  1.30265213E+00
    97  4.85000000E+00  1.30484173E+00  9.99987725E-01  1.30484173E+00
    98  4.90000000E+00  1.30696507E+00  9.99987133E-01  1.30696507E+00
    99  4.95000000E+00  1.30902045E+00  9.99986517E-01  1.30902045E+00
   100  5.00000000E+00  1.31100718E+00  9.99985877E-01  1.31100718E+00
   101  5.05000000E+00  1.31292560E+00  9.99985211E-01  1.31292560E+00
   102  5.10000000E+00  1.31518048E+00  9.99984520E-01  1.31518048E+00
   103  5.15000000E+00  1.31747300E+00  9.99983803E-01  1.31747300E+00
   104  5.20000000E+00  1.31970246E+00  9.99983058E-01  1.31970246E+00
   105  5.25000000E+00  1.32186802E+00  9.99982284E-01  1.32186802E+00
   106  5.30000000E+00  1.32396918E+00  9.99981481E-01  1.32396918E+00
   107  5.35000000E+00  1.32600566E+00  9.99980648E-01  1.32600566E+00
   108  5.40000000E+00  1.32797740E+00  9.99979783E-01  1.32797740E+00
   109  5.45000000E+00  1.32988452E+00  9.99978886E-01  1.32988452E+00
   110  5.50000000E+00  1.33172737E+00  9.99977956E-01  1.33172737E+00
   111  5.55000000E+00  1.33350658E+00  9.99976992E-01  1.33350658E+00
   112  5.60000000E+00  1.33522314E+00  9.99975992E-01  1.33522314E+00
   113  5.65000000E+00  1.33687839E+00  9.99974957E-01  1.33687839E+00
   114  5.70000000E+00  1.33847390E+00  9.99973884E-01  1.33847390E+00
   115  5.75000000E+00  1.34033251E+00  9.99972773E-01  1.34033251E+00
   116  5.80000000E+00  1.34228942E+00  9.99971623E-01  1.34228942E+00
   117  5.85000000E+00  1.34418166E+00  9.99970432E-01  1.34418166E+00
   118  5.90000000E+00  1.34601002E+00  9.99969201E-01  1.34601002E+00
   119  5.95000000E+00  1.34777563E+00  9.99967927E-01  1.34777563E+00
   120  6.00000000E+00  1.34947977E+00  9.99966610E-01  1.34947977E+00
   121  6.05000000E+00  1.35112373E+00  9.99965248E-01  1.35112373E+00
   122  6.10000000E+00  1.35270878E+00  9.99963841E-01  1.35270878E+00
   123  6.15000000E+00  1.35423617E+00  9.99962387E-01  1.35423617E+00
   124  6.20000000E+00  1.35570718E+00  9.99960885E-01  1.35570718E+00
   125  6.25000000E+00  1.35712324E+00  9.99959334E-01  1.35712324E+00
   126  6.30000000E+00  1.35848599E+00  9.99957732E-01  1.35848599E+00
   127  6.35000000E+00  1.35979728E+00  9.99956078E-01  1.35979728E+00
   128  6.40000000E+00  1.36105916E+00  9.99954371E-01  1.36105916E+00
   129  6.45000000E+00  1.36241770E+00  9.99952609E-01  1.36241770E+00
   130  6.50000000E+00  1.36400691E+00  9.99950791E-01  1.36400691E+00
   131  6.55000000E+00  1.36553848E+00  9.99948914E-01  1.36553848E+00
   132  6.60000000E+00  1.36701378E+00  9.99946979E-01  1.36701378E+00
   133  6.65000000E+00  1.36843437E+00  9.99944984E-01  1.36843437E+00
   134  6.70000000E+00  1.36980196E+00  9.99942926E-01  1.36980196E+00
   135  6.75000000E+00  1.37111836E+00  9.99940806E-01  1.37111836E+00
   136  6.80000000E+00  1.37238550E+00  9.99938620E-01  1.37238550E+00
   137  6.85000000E+00  1.37360538E+00  9.99936369E-01  1.37360538E+00
   138  6.90000000E+00  1.37478008E+00  9.99934051E-01  1.37478008E+00
   139  6.95000000E+00  1.37591175E+00  9.99931664E-01  1.37591175E+00
   140  7.00000000E+00  1.37700253E+00  9.99929208E-01  1.37700253E+00
   141  7.05000000E+00  1.37805457E+00  9.99926681E-01  1.37805457E+00
   142  7.10000000E+00  1.37916435E+00  9.99924082E-01  1.37916435E+00
   143  7.15000000E+00  1.38047476E+00  9.99921409E-01  1.38047476E+00
   144  7.20000000E+00  1.38173603E+00  9.99918662E-01  1.38173603E+00
   145  7.25000000E+00  1.38295027E+00  9.99915838E-01  1.38295027E+00
   146  7.30000000E+00  1.38411964E+00  9.99912937E-01  1.38411964E+00
   147  7.35000000E+00  1.38524635E+00  9.99909957E-01  1.38524635E+00
   148  7.40000000E+00  1.38633256E+00  9.99906897E-01  1.38633256E+00
   149  7.45000000E+00  1.38738042E+00  9.99903754E-01  1.38738042E+00
   150  7.50000000E+00  1.38839203E+00  9.99900528E-01  1.38839203E+00
   151  7.55000000E+00  1.38936939E+00  9.99897217E-01  1.38936939E+00
   152  7.60000000E+00  1.39031449E+00  9.99893819E-01  1.39031449E+00
   153  7.65000000E+00  1.39122916E+00  9.99890333E-01  1.39122916E+00
   154  7.70000000E+00  1.39230636E+00  9.99886757E-01  1.39230636E+00
   155  7.75000000E+00  1.39344186E+00  9.99883090E-01  1.39344186E+00
   156  7.80000000E+00  1.39453625E+00  9.99879332E-01  1.39453625E+00
   157  7.85000000E+00  1.39559158E+00  9.99875480E-01  1.39559158E+00
   158  7.90000000E+00  1.39660986E+00  9.99871534E-01  1.39660986E+00
   159  7.95000000E+00  1.39759306E+00  9.99867492E-01  1.39759306E+00
   160  8.00000000E+00  1.39854310E+00  9.99863356E-01  1.39854310E+00
   161  8.05000000E+00  1.39946180E+00  9.99859123E-01  1.39946180E+00
   162  8.10000000E+00  1.40035089E+00  9.99854793E-01  1.40035089E+00
   163  8.15000000E+00  1.40121198E+00  9.99850367E-01  1.40121198E+00
   164  8.20000000E+00  1.40204661E+00  9.99845844E-01  1.40204661E+00
   165  8.25000000E+00  1.40285614E+00  9.99841225E-01  1.40285614E+00
   166  8.30000000E+00  1.40364187E+00  9.99836510E-01  1.40364187E+00
   167  8.35000000E+00  1.40440492E+00  9.99831698E-01  1.40440492E+00
   168  8.40000000E+00  1.40525758E+00  9.99826791E-01  1.40525758E+00
   169  8.45000000E+00  1.40617636E+00  9.99821790E-01  1.40617636E+00
   170  8.50000000E+00  1.40706589E+00  9.99816693E-01  1.40706589E+00
   171  8.55000000E+00  1.40792779E+00  9.99811503E-01  1.40792779E+00
   172  8.60000000E+00  1.40876358E+00  9.99806219E-01  1.40876358E+00
   173  8.65000000E+00  1.40957463E+00  9.99800843E-01  1.40957463E+00
   174  8.70000000E+00  1.41036218E+00  9.99795375E-01  1.41036218E+00
   175  8.75000000E+00  1.41112736E+00  9.99789815E-01  1.41112736E+00
   176  8.80000000E+00  1.41187114E+00  9.99784164E-01  1.41187114E+00
   177  8.85000000E+00  1.41259438E+00  9.99778424E-01  1.41259438E+00
   178  8.90000000E+00  1.41329784E+00  9.99772595E-01  1.41329784E+00
   179  8.95000000E+00  1.41398216E+00  9.99766678E-01  1.41398216E+00
   180  9.00000000E+00  1.41464787E+00  9.99760675E-01  1.41464787E+00
   181  9.05000000E+00  1.41529542E+00  9.99754588E-01  1.41529542E+00
   182  9.10000000E+00  1.41592521E+00  9.99748419E-01  1.41592521E+00
   183  9.15000000E+00  1.41653755E+00  9.99742171E-01  1.41653755E+00
   184  9.20000000E+00  1.41713270E+00  9.99735845E-01  1.41713270E+00
   185  9.25000000E+00  1.41776992E+00  9.99729446E-01  1.41776992E+00
   186  9.30000000E+00  1.41847128E+00  9.99722977E-01  1.41847128E+00
   187  9.35000000E+00  1.41915303E+00  9.99716443E-01  1.41915303E+00
   188  9.40000000E+00  1.41981582E+00  9.99709849E-01  1.41981582E+00
   189  9.45000000E+00  1.42046021E+00  9.99703199E-01  1.42046021E+00
   190  9.50000000E+00  1.42108668E+00  9.99696500E-01  1.42108668E+00
   191  9.55000000E+00  1.42169564E+00  9.99689758E-01  1.42169564E+00
   192  9.60000000E+00  1.42228746E+00  9.99682981E-01  1.42228746E+00
   193  9.65000000E+00  1.42286246E+00  9.99676175E-01  1.42286246E+00
   194  9.70000000E+00  1.42342090E+00  9.99669348E-01  1.42342090E+00
   195  9.75000000E+00  1.42396307E+00  9.99662510E-01  1.42396307E+00
   196  9.80000000E+00  1.42448918E+00  9.99655670E-01  1.42448918E+00
   197  9.85000000E+00  1.42499949E+00  9.99648838E-01  1.42499949E+00
   198  9.90000000E+00  1.42549422E+00  9.99642023E-01  1.42549422E+00
   199  9.95000000E+00  1.42597361E+00  9.99635238E-01  1.42597361E+00
   200  1.00000000E+01  1.42643790E+00  9.99628494E-01  1.42643790E+00
   201  1.00500000E+01  1.42688736E+00  9.99621803E-01  1.42688736E+00
   202  1.01000000E+01  1.42736444E+00  9.99615179E-01  1.42736444E+00
   203  1.01500000E+01  1.42791047E+00  9.99608635E-01  1.42791047E+00
   204  1.02000000E+01  1.42844026E+00  9.99602187E-01  1.42844026E+00
   205  1.02500000E+01  1.42895405E+00  9.99595849E-01  1.42895405E+00
   206  1.03000000E+01  1.42945206E+00  9.99589637E-01  1.42945206E+00
   207  1.03500000E+01  1.42993453E+00  9.99583569E-01  1.42993453E+00
   208  1.04000000E+01  1.43040169E+00  9.99577663E-01  1.43040169E+00
   209  1.04500000E+01  1.43085382E+00  9.99571937E-01  1.43085382E+00
   210  1.05000000E+01  1.43129119E+00  9.99566410E-01  1.43129119E+00
   211  1.05500000E+01  1.43171410E+00  9.99561105E-01  1.43171410E+00
   212  1.06000000E+01  1.43212287E+00  9.99556042E-01  1.43212287E+00
   213  1.06500000E+01  1.43251784E+00  9.99551245E-01  1.43251784E+00
   214  1.07000000E+01  1.43289935E+00  9.99546738E-01  1.43289935E+00
   215  1.07500000E+01  1.43326777E+00  9.99542545E-01  1.43326777E+00
   216  1.08000000E+01  1.43364176E+00  9.99538693E-01  1.43364176E+00
   217  1.08500000E+01  1.43409449E+00  9.99535211E-01  1.43409449E+00
   218  1.09000000E+01  1.43453274E+00  9.99532127E-01  1.43453274E+00
   219  1.09500000E+01  1.43495679E+00  9.99529472E-01  1.43495679E+00
   220  1.10000000E+01  1.43536692E+00  9.99527278E-01  1.43536692E+00
   221  1.10500000E+01  1.43576344E+00  9.99525580E-01  1.43576344E+00
   222  1.11000000E+01  1.43614667E+00  9.99524412E-01  1.43614667E+00
   223  1.11500000E+01  1.43651692E+00  9.99523812E-01  1.43651692E+00
   224  1.12000000E+01  1.43687454E+00  9.99523820E-01  1.43687454E+00
   225  1.12500000E+01  1.43721987E+00  9.99524477E-01  1.43721987E+00
   226  1.13000000E+01  1.43755325E+00  9.99525827E-01  1.43755325E+00
   227  1.13500000E+01  1.43787504E+00  9.99527916E-01  1.43787504E+00
   228  1.14000000E+01  1.43818557E+00  9.99530792E-01  1.43818557E+00
   229  1.14500000E+01  1.43848521E+00  9.99534507E-01  1.43848521E+00
   230  1.15000000E+01  1.43877430E+00  9.99539116E-01  1.43877430E+00
   231  1.15500000E+01  1.43906317E+00  9.99544674E-01  1.43906317E+00
   232  1.16000000E+01  1.43942363E+00  9.99551243E-01  1.43942363E+00
   233  1.16500000E+01  1.43977164E+00  9.99558885E-01  1.43977164E+00
   234  1.17000000E+01  1.44010757E+00  9.99567668E-01  1.44010757E+00
   235  1.17500000E+01  1.44043179E+00  9.99577661E-01  1.44043179E+00
   236  1.18000000E+01  1.44074466E+00  9.99588938E-01  1.44074466E+00
   237  1.18500000E+01  1.44104654E+00  9.99601576E-01  1.44104654E+00
   238  1.19000000E+01  1.44133779E+00  9.99615655E-01  1.44133779E+00
   239  1.19500000E+01  1.44161874E+00  9.99631258E-01  1.44161874E+00
   240  1.20000000E+01  1.44188975E+00  9.99648472E-01  1.44188975E+00
   241  1.20500000E+01  1.44215113E+00  9.99667388E-01  1.44215113E+00
   242  1.21000000E+01  1.44240320E+00  9.99688097E-01  1.44240320E+00
   243  1.21500000E+01  1.44264626E+00  9.99710697E-01  1.44264626E+00
   244  1.22000000E+01  1.44288060E+00  9.99735285E-01  1.44288060E+00
   245  1.22500000E+01  1.44310648E+00  9.99761963E-01  1.44310648E+00
   246  1.23000000E+01  1.44332417E+00  9.99790835E-01  1.44332417E+00
   247  1.23500000E+01  1.44357365E+00  9.99822008E-01  1.44357365E+00
   248  1.24000000E+01  1.44384698E+00  9.99855592E-01  1.44384698E+00
   249  1.24500000E+01  1.44411055E+00  9.99891699E-01  1.44411055E+00
   250  1.25000000E+01  1.44436468E+00  9.99930444E-01  1.44436468E+00
   251  1.25500000E+01  1.44460967E+00  9.99971946E-01  1.44460967E+00
   252  1.26000000E+01  1.44484579E+00  1.00001633E+00  1.44484579E+00
   253  1.26500000E+01  1.44507333E+00  1.00006371E+00  1.44507333E+00
   254  1.27000000E+01  1.44529255E+00  1.00011424E+00  1.44529255E+00
   255  1.27500000E+01  1.44550370E+00  1.00016803E+00  1.44550370E+00
   256  1.28000000E+01  1.44570703E+00  1.00022524E+00  1.44570703E+00
   257  1.28500000E+01  1.44590277E+00  1.00028600E+00  1.44590277E+00
   258  1.29000000E+01  1.44609115E+00  1.00035048E+00  1.44609115E+00
   259  1.29500000E+01  1.44627236E+00  1.00041883E+00  1.44627236E+00
   260  1.30000000E+01  1.44644663E+00  1.00049123E+00  1.44644663E+00
   261  1.30500000E+01  1.44661414E+00  1.00056784E+00  1.44661414E+00
   262  1.31000000E+01  1.44677508E+00  1.00064886E+00  1.44677508E+00
   263  1.31500000E+01  1.44696597E+00  1.00073449E+00  1.44696597E+00
   264  1.32000000E+01  1.44717156E+00  1.00082492E+00  1.44717156E+00
   265  1.32500000E+01  1.44736950E+00  1.00092037E+00  1.44736950E+00
   266  1.33000000E+01  1.44756003E+00  1.00102108E+00  1.44756003E+00
   267  1.33500000E+01  1.44774335E+00  1.00112728E+00  1.44774335E+00
   268  1.34000000E+01  1.44791966E+00  1.00123921E+00  1.44791966E+00
   269  1.34500000E+01  1.44808916E+00  1.00135714E+00  1.44808916E+00
   270  1.35000000E+01  1.44825204E+00  1.00148134E+00  1.44825204E+00
   271  1.35500000E+01  1.44840848E+00  1.00161208E+00  1.44840848E+00
   272  1.36000000E+01  1.44855865E+00  1.00174966E+00  1.44855865E+00
   273  1.36500000E+01  1.44870274E+00  1.00189439E+00  1.44870274E+00
   274  1.37000000E+01  1.44884090E+00  1.00204656E+00  1.44884090E+00
   275  1.37500000E+01  1.44897331E+00  1.00220651E+00  1.44897331E+00
   276  1.38000000E+01  1.44910012E+00  1.00237457E+00  1.44910012E+00
   277  1.38500000E+01  1.44922152E+00  1.00255107E+00  1.44922152E+00
   278  1.39000000E+01  1.44936051E+00  1.00273638E+00  1.44936051E+00
   279  1.39500000E+01  1.44951830E+00  1.00293085E+00  1.44951830E+00
   280  1.40000000E+01  1.44966978E+00  1.00313485E+00  1.44966978E+00
   281  1.40500000E+01  1.44981512E+00  1.00334876E+00  1.44981512E+00
   282  1.41000000E+01  1.44995452E+00  1.00357298E+00  1.44995452E+00
   283  1.41500000E+01  1.45008813E+00  1.00380789E+00  1.45008813E+00
   284  1.42000000E+01  1.45021613E+00  1.00405392E+00  1.45021613E+00
   285  1.42500000E+01  1.45033869E+00  1.00431147E+00  1.45033869E+00
   286  1.43000000E+01  1.45045597E+00  1.00458099E+00  1.45045597E+00
   287  1.43500000E+01  1.45056814E+00  1.00486291E+00  1.45056814E+00
   288  1.44000000E+01  1.45067535E+00  1.00515769E+00  1.45067535E+00
   289  1.44500000E+01  1.45077778E+00  1.00546578E+00  1.45077778E+00
   290  1.45000000E+01  1.45087558E+00  1.00578767E+00  1.45087558E+00
   291  1.45500000E+01  1.45096891E+00  1.00612385E+00  1.45096891E+00
   292  1.46000000E+01  1.45105793E+00  1.00647482E+00  1.45105793E+00
   293  1.46500000E+01  1.45114878E+00  1.00684110E+00  1.45114878E+00
   294  1.47000000E+01  1.45126785E+00  1.00722321E+00  1.45126785E+00
   295  1.47500000E+01  1.45138173E+00  1.00762172E+00  1.45138173E+00
   296  1.48000000E+01  1.45149060E+00  1.00803717E+00  1.45149060E+00
   297  1.48500000E+01  1.45159461E+00  1.00847014E+00  1.45159461E+00
   298  1.49000000E+01  1.45169393E+00  1.00892124E+00  1.45169393E+00
   299  1.49500000E+01  1.45178871E+00  1.00939107E+00  1.45178871E+00
   300  1.50000000E+01  1.45187913E+00  1.00988025E+00  1.45187913E+00
   301  1.50500000E+01  1.45196533E+00  1.01038943E+00  1.45196533E+00
   302  1.51000000E+01  1.45204748E+00  1.01091928E+00  1.45204748E+00
   303  1.51500000E+01  1.45212574E+00  1.01147047E+00  1.45212574E+00
   304  1.52000000E+01  1.45220026E+00  1.01204370E+00  1.45220026E+00
   305  1.52500000E+01  1.45227120E+00  1.01263968E+00  1.45227120E+00
   306  1.53000000E+01  1.45233871E+00  1.01325914E+00  1.45233871E+00
   307  1.53500000E+01  1.45240294E+00  1.01390283E+00  1.45240294E+00
   308  1.54000000E+01  1.45246403E+00  1.01457151E+00  1.45246403E+00
   309  1.54500000E+01  1.45254920E+00  1.01526597E+00  1.45254920E+00
   310  1.55000000E+01  1.45263250E+00  1.01598701E+00  1.45263250E+00
   311  1.55500000E+01  1.45271188E+00  1.01673542E+00  1.45271188E+00
   312  1.56000000E+01  1.45278747E+00  1.01751204E+00  1.45278747E+00
   313  1.56500000E+01  1.45285945E+00  1.01831771E+00  1.45285945E+00
   314  1.57000000E+01  1.45292795E+00  1.01915327E+00  1.45292795E+00
   315  1.57500000E+01  1.45299312E+00  1.02001960E+00  1.45299312E+00
   316  1.58000000E+01  1.45305511E+00  1.02091757E+00  1.45305511E+00
   317  1.58500000E+01  1.45311406E+00  1.02184805E+00  1.45311406E+00
   318  1.59000000E+01  1.45317011E+00  1.02281194E+00  1.45317011E+00
   319  1.59500000E+01  1.45322340E+00  1.02381015E+00  1.45322340E+00
   320  1.60000000E+01  1.45327405E+00  1.02484356E+00  1.45327405E+00
   321  1.60500000E+01  1.45332219E+00  1.02591310E+00  1.45332219E+00
   322  1.61000000E+01  1.45336795E+00  1.02701967E+00  1.45336795E+00
   323  1.61500000E+01  1.45341145E+00  1.02816417E+00  1.45341145E+00
   324  1.62000000E+01  1.45345280E+00  1.02934753E+00  1.45345280E+00
   325  1.62500000E+01  1.45350085E+00  1.03057064E+00  1.45350085E+00
   326  1.63000000E+01  1.45355795E+00  1.03183441E+00  1.45355795E+00
   327  1.63500000E+01  1.45361224E+00  1.03313973E+00  1.45361224E+00
   328  1.64000000E+01  1.45366386E+00  1.03448748E+00  1.45366386E+00
   329  1.64500000E+01  1.45371293E+00  1.03587853E+00  1.45371293E+00
   330  1.65000000E+01  1.45375957E+00  1.03731375E+00  1.45375957E+00
   331  1.65500000E+01  1.45380392E+00  1.03879396E+00  1.45380392E+00
   332  1.66000000E+01  1.45384609E+00  1.04032000E+00  1.45384609E+00
   333  1.66500000E+01  1.45388618E+00  1.04189264E+00  1.45388618E+00
   334  1.67000000E+01  1.45392431E+00  1.04351267E+00  1.45392431E+00
   335  1.67500000E+01  1.45396058E+00  1.04518081E+00  1.45396058E+00
   336  1.68000000E+01  1.45399508E+00  1.04689777E+00  1.45399508E+00
   337  1.68500000E+01  1.45402791E+00  1.04866422E+00  1.45402791E+00
   338  1.69000000E+01  1.45405915E+00  1.05048077E+00  1.45405915E+00
   339  1.69500000E+01  1.45408889E+00  1.05234801E+00  1.45408889E+00
   340  1.70000000E+01  1.45411720E+00  1.05426647E+00  1.45411720E+00
   341  1.70500000E+01  1.45414416E+00  1.05623661E+00  1.45414416E+00
   342  1.71000000E+01  1.45417795E+00  1.05825885E+00  1.45417795E+00
   343  1.71500000E+01  1.45421470E+00  1.06033356E+00  1.45421470E+00
   344  1.72000000E+01  1.45424965E+00  1.06246102E+00  1.45424965E+00
   345  1.72500000E+01  1.45428288E+00  1.06464145E+00  1.45428288E+00
   346  1.73000000E+01  1.45431449E+00  1.06687501E+00  1.45431449E+00
   347  1.73500000E+01  1.45434455E+00  1.06916177E+00  1.45434455E+00
   348  1.74000000E+01  1.45437316E+00  1.07150174E+00  1.45437316E+00
   349  1.74500000E+01  1.45440039E+00  1.07389484E+00  1.45440039E+00
   350  1.75000000E+01  1.45442631E+00  1.07634092E+00  1.45442631E+00
   351  1.75500000E+01  1.45445099E+00  1.07883974E+00  1.45445099E+00
   352  1.76000000E+01  1.45447449E+00  1.08139099E+00  1.45447449E+00
   353  1.76500000E+01  1.45449687E+00  1.08399427E+00  1.45449687E+00
   354  1.77000000E+01  1.45451820E+00  1.08664911E+00  1.45451820E+00
   355  1.77500000E+01  1.45453851E+00  1.08935497E+00  1.45453851E+00
   356  1.78000000E+01  1.45455787E+00  1.09211122E+00  1.45455787E+00
   357  1.78500000E+01  1.45457631E+00  1.09491716E+00  1.45457631E+00
   358  1.79000000E+01  1.45459389E+00  1.09777203E+00  1.45459389E+00
   359  1.79500000E+01  1.45461064E+00  1.10067500E+00  1.45461064E+00
   360  1.80000000E+01  1.45462659E+00  1.10362519E+00  1.45462659E+00
   361  1.80500000E+01  1.45464180E+00  1.10662164E+00  1.45464180E+00
   362  1.81000000E+01  1.45465979E+00  1.10966336E+00  1.45465979E+00
   363  1.81500000E+01  1.45468062E+00  1.11274930E+00  1.45468062E+00
   364  1.82000000E+01  1.45470048E+00  1.11587837E+00  1.45470048E+00
   365  1.82500000E+01  1.45471940E+00  1.11904945E+00  1.45471940E+00
   366  1.83000000E+01  1.45473744E+00  1.12226137E+00  1.45473744E+00
   367  1.83500000E+01  1.45475463E+00  1.12551295E+00  1.45475463E+00
   368  1.84000000E+01  1.45477101E+00  1.12880296E+00  1.45477101E+00
   369  1.84500000E+01  1.45478662E+00  1.13213015E+00  1.45478662E+00
   370  1.85000000E+01  1.45480150E+00  1.13549329E+00  1.45480150E+00
   371  1.85500000E+01  1.45481566E+00  1.13889107E+00  1.45481566E+00
   372  1.86000000E+01  1.45482915E+00  1.14232221E+00  1.45482915E+00
   373  1.86500000E+01  1.45484198E+00  1.14578539E+00  1.45484198E+00
   374  1.87000000E+01  1.45485419E+00  1.14927931E+00  1.45485419E+00
   375  1.87500000E+01  1.45486580E+00  1.15280261E+00  1.45486580E+00
   376  1.88000000E+01  1.45487683E+00  1.15635396E+00  1.45487683E+00
   377  1.88500000E+01  1.45488730E+00  1.15993200E+00  1.45488730E+00
   378  1.89000000E+01  1.45489724E+00  1.16353534E+00  1.45489724E+00
   379  1.89500000E+01  1.45490665E+00  1.16716260E+00  1.45490665E+00
   380  1.90000000E+01  1.45491557E+00  1.17081237E+00  1.45491557E+00
   381  1.90500000E+01  1.45492400E+00  1.17448324E+00  1.45492400E+00
   382  1.91000000E+01  1.45493197E+00  1.17817377E+00  1.45493197E+00
   383  1.91500000E+01  1.45493949E+00  1.18188248E+00  1.45493949E+00
   384  1.92000000E+01  1.45494656E+00  1.18560792E+00  1.45494656E+00
   385  1.92500000E+01  1.45495710E+00  1.18934858E+00  1.45495710E+00
   386  1.93000000E+01  1.45496712E+00  1.19310295E+00  1.45496712E+00
   387  1.93500000E+01  1.45497663E+00  1.19686949E+00  1.45497663E+00
   388  1.94000000E+01  1.45498564E+00  1.20064665E+00  1.45498564E+00
   389  1.94500000E+01  1.45499416E+00  1.20443286E+00  1.45499416E+00
   390  1.95000000E+01  1.45500222E+00  1.20822655E+00  1.45500222E+00
   391  1.95500000E+01  1.45500982E+00  1.21202611E+00  1.45500982E+00
   392  1.96000000E+01  1.45501699E+00  1.21582995E+00  1.45501699E+00
   393  1.96500000E+01  1.45502373E+00  1.21963646E+00  1.45502373E+00
   394  1.97000000E+01  1.45503007E+00  1.22344404E+00  1.45503007E+00
   395  1.97500000E+01  1.45503601E+00  1.22725110E+00  1.45503601E+00
   396  1.98000000E+01  1.45504156E+00  1.23105603E+00  1.45504156E+00
   397  1.98500000E+01  1.45504675E+00  1.23485727E+00  1.45504675E+00
   398  1.99000000E+01  1.45505157E+00  1.23865327E+00  1.45505157E+00
   399  1.99500000E+01  1.45505605E+00  1.24244249E+00  1.45505605E+00
   400  2.00000000E+01  1.45506019E+00  1.24622344E+00  1.45506019E+00
   401  2.00500000E+01  1.45506400E+00  1.24999466E+00  1.45506400E+00
   402  2.01000000E+01  1.45506750E+00  1.25375471E+00  1.45506750E+00
   403  2.01500000E+01  1.45507070E+00  1.25750221E+00  1.45507070E+00
   404  2.02000000E+01  1.45507360E+00  1.26123583E+00  1.45507360E+00
   405  2.02500000E+01  1.45507622E+00  1.26495427E+00  1.45507622E+00
   406  2.03000000E+01  1.45507857E+00  1.26865629E+00  1.45507857E+00
   407  2.03500000E+01  1.45508066E+00  1.27234068E+00  1.45508066E+00
   408  2.04000000E+01  1.45508250E+00  1.27600631E+00  1.45508250E+00
   409  2.04500000E+01  1.45508410E+00  1.27965207E+00  1.45508410E+00
   410  2.05000000E+01  1.45508546E+00  1.28327689E+00  1.45508546E+00
   411  2.05500000E+01  1.45508808E+00  1.28687976E+00  1.45508808E+00
   412  2.06000000E+01  1.45509113E+00  1.29045969E+00  1.45509113E+00
   413  2.06500000E+01  1.45509388E+00  1.29401573E+00  1.45509388E+00
   414  2.07000000E+01  1.45509636E+00  1.29754695E+00  1.45509636E+00
   415  2.07500000E+01  1.45509856E+00  1.30105243E+00  1.45509856E+00
   416  2.08000000E+01  1.45510052E+00  1.30453129E+00  1.45510052E+00
   417  2.08500000E+01  1.45510222E+00  1.30798262E+00  1.45510222E+00
   418  2.09000000E+01  1.45510369E+00  1.31140554E+00  1.45510369E+00
   419  2.09500000E+01  1.45510493E+00  1.31479913E+00  1.45510493E+00
   420  2.10000000E+01  1.45510596E+00  1.31816249E+00  1.45510596E+00
   421  2.10500000E+01  1.45510678E+00  1.32149467E+00  1.45510678E+00
   422  2.11000000E+01  1.45510741E+00  1.32479472E+00  1.45510741E+00
   423  2.11500000E+01  1.45510786E+00  1.32806164E+00  1.45510786E+00
   424  2.12000000E+01  1.45510813E+00  1.33129440E+00  1.45510813E+00
   425  2.12500000E+01  1.45510824E+00  1.33449194E+00  1.45510824E+00
   426  2.13000000E+01  1.45510819E+00  1.33765317E+00  1.45510819E+00
   427  2.13500000E+01  1.45510800E+00  1.34077694E+00  1.45510800E+00
   428  2.14000000E+01  1.45510767E+00  1.34386208E+00  1.45510767E+00
   429  2.14500000E+01  1.45510722E+00  1.34690737E+00  1.45510722E+00
   430  2.15000000E+01  1.45510665E+00  1.34991159E+00  1.45510665E+00
   431  2.15500000E+01  1.45510598E+00  1.35287347E+00  1.45510598E+00
   432  2.16000000E+01  1.45510521E+00  1.35579172E+00  1.45510521E+00
   433  2.16500000E+01  1.45510435E+00  1.35866505E+00  1.45510435E+00
   434  2.17000000E+01  1.45510341E+00  1.36149215E+00  1.45510341E+00
   435  2.17500000E+01  1.45510240E+00  1.36427175E+00  1.45510240E+00
   436  2.18000000E+01  1.45510133E+00  1.36700257E+00  1.45510133E+00
   437  2.18500000E+01  1.45510019E+00  1.36968335E+00  1.45510019E+00
   438  2.19000000E+01  1.45509901E+00  1.37231290E+00  1.45509901E+00
   439  2.19500000E+01  1.45509779E+00  1.37489004E+00  1.45509779E+00
   440  2.20000000E+01  1.45509653E+00  1.37741370E+00  1.45509653E+00
   441  2.20500000E+01  1.45509524E+00  1.37988283E+00  1.45509524E+00
   442  2.21000000E+01  1.45509394E+00  1.38229651E+00  1.45509394E+00
   443  2.21500000E+01  1.45509261E+00  1.38465388E+00  1.45509261E+00
   444  2.22000000E+01  1.45509127E+00  1.38695422E+00  1.45509127E+00
   445  2.22500000E+01  1.45508993E+00  1.38919689E+00  1.45508993E+00
   446  2.23000000E+01  1.45508858E+00  1.39138138E+00  1.45508858E+00
   447  2.23500000E+01  1.45508724E+00  1.39350733E+00  1.45508724E+00
   448  2.24000000E+01  1.45508591E+00  1.39557449E+00  1.45508591E+00
   449  2.24500000E+01  1.45508458E+00  1.39758275E+00  1.45508458E+00
   450  2.25000000E+01  1.45508327E+00  1.39953214E+00  1.45508327E+00
   451  2.25500000E+01  1.45508198E+00  1.40142285E+00  1.45508198E+00
   452  2.26000000E+01  1.45508071E+00  1.40325519E+00  1.45508071E+00
   453  2.26500000E+01  1.45507946E+00  1.40502962E+00  1.45507946E+00
   454  2.27000000E+01  1.45507824E+00  1.40674673E+00  1.45507824E+00
   455  2.27500000E+01  1.45507704E+00  1.40840724E+00  1.45507704E+00
   456  2.28000000E+01  1.45507588E+00  1.41001202E+00  1.45507588E+00
   457  2.28500000E+01  1.45507474E+00  1.41156202E+00  1.45507474E+00
   458  2.29000000E+01  1.45507364E+00  1.41305834E+00  1.45507364E+00
   459  2.29500000E+01  1.45507256E+00  1.41450215E+00  1.45507256E+00
   460  2.30000000E+01  1.45507153E+00  1.41589472E+00  1.45507153E+00
   461  2.30500000E+01  1.45507052E+00  1.41723743E+00  1.45507052E+00
   462  2.31000000E+01  1.45506955E+00  1.41853168E+00  1.45506955E+00
   463  2.31500000E+01  1.45506862E+00  1.41977898E+00  1.45506862E+00
   464  2.32000000E+01  1.45506772E+00  1.42098085E+00  1.45506772E+00
   465  2.32500000E+01  1.45506686E+00  1.42213886E+00  1.45506686E+00
   466  2.33000000E+01  1.45506603E+00  1.42325461E+00  1.45506603E+00
   467  2.33500000E+01  1.45506523E+00  1.42432970E+00  1.45506523E+00
   468  2.34000000E+01  1.45506447E+00  1.42536574E+00  1.45506447E+00
   469  2.34500000E+01  1.45506374E+00  1.42636434E+00  1.45506374E+00
   470  2.35000000E+01  1.45506305E+00  1.42732708E+00  1.45506305E+00
   471  2.35500000E+01  1.45506239E+00  1.42825551E+00  1.45506239E+00
   472  2.36000000E+01  1.45506175E+00  1.42915117E+00  1.45506175E+00
   473  2.36500000E+01  1.45506115E+00  1.43001553E+00  1.45506115E+00
   474  2.37000000E+01  1.45506058E+00  1.43085002E+00  1.45506058E+00
   475  2.37500000E+01  1.45506004E+00  1.43165604E+00  1.45506004E+00
   476  2.38000000E+01  1.45505952E+00  1.43243489E+00  1.45505952E+00
   477  2.38500000E+01  1.45505903E+00  1.43318783E+00  1.45505903E+00
   478  2.39000000E+01  1.45505857E+00  1.43391608E+00  1.45505857E+00
   479  2.39500000E+01  1.45505813E+00  1.43462074E+00  1.45505813E+00
   480  2.40000000E+01  1.45505772E+00  1.43530290E+00  1.45505772E+00
   481  2.40500000E+01  1.45505733E+00  1.43596354E+00  1.45505733E+00
   482  2.41000000E+01  1.45505695E+00  1.43660359E+00  1.45505695E+00
   483  2.41500000E+01  1.45505660E+00  1.43722392E+00  1.45505660E+00
   484  2.42000000E+01  1.45505627E+00  1.43782533E+00  1.45505627E+00
   485  2.42500000E+01  1.45505596E+00  1.43840857E+00  1.45505596E+00
   486  2.43000000E+01  1.45505567E+00  1.43897431E+00  1.45505567E+00
   487  2.43500000E+01  1.45505539E+00  1.43952318E+00  1.45505539E+00
   488  2.44000000E+01  1.45505513E+00  1.44005577E+00  1.45505513E+00
   489  2.44500000E+01  1.45505488E+00  1.44057260E+00  1.45505488E+00
   490  2.45000000E+01  1.45505465E+00  1.44107416E+00  1.45505465E+00
   491  2.45500000E+01  1.45505443E+00  1.44156090E+00  1.45505443E+00
   492  2.46000000E+01  1.45505422E+00  1.44203323E+00  1.45505422E+00
   493  2.46500000E+01  1.45505402E+00  1.44249153E+00  1.45505402E+00
   494  2.47000000E+01  1.45505384E+00  1.44293615E+00  1.45505384E+00
   495  2.47500000E+01  1.45505366E+00  1.44336743E+00  1.45505366E+00
   496  2.48000000E+01  1.45505349E+00  1.44378566E+00  1.45505349E+00
   497  2.48500000E+01  1.45505334E+00  1.44419114E+00  1.45505334E+00
   498  2.49000000E+01  1.45505319E+00  1.44458415E+00  1.45505319E+00
   499  2.49500000E+01  1.45505305E+00  1.44496494E+00  1.45505305E+00
   500  2.50000000E+01  1.45505291E+00  1.44533377E+00  1.45505291E+00
   501  2.50500000E+01  1.45505278E+00  1.44569089E+00  1.45505278E+00
   502  2.51000000E+01  1.45505266E+00  1.44603653E+00  1.45505266E+00
   503  2.51500000E+01  1.45505254E+00  1.44637093E+00  1.45505254E+00
   504  2.52000000E+01  1.45505243E+00  1.44669431E+00  1.45505243E+00
   505  2.52500000E+01  1.45505233E+00  1.44700692E+00  1.45505233E+00
   506  2.53000000E+01  1.45505222E+00  1.44730899E+00  1.45505222E+00
   507  2.53500000E+01  1.45505213E+00  1.44760073E+00  1.45505213E+00
   508  2.54000000E+01  1.45505203E+00  1.44788238E+00  1.45505203E+00
   509  2.54500000E+01  1.45505194E+00  1.44815416E+00  1.45505194E+00
   510  2.55000000E+01  1.45505185E+00  1.44841632E+00  1.45505185E+00
   511  2.55500000E+01  1.45505177E+00  1.44866907E+00  1.45505177E+00
   512  2.56000000E+01  1.45505168E+00  1.44891265E+00  1.45505168E+00
   513  2.56500000E+01  1.45505160E+00  1.44914729E+00  1.45505160E+00
   514  2.57000000E+01  1.45505152E+00  1.44937322E+00  1.45505152E+00
   515  2.57500000E+01  1.45505145E+00  1.44959067E+00  1.45505145E+00
   516  2.58000000E+01  1.45505137E+00  1.44979987E+00  1.45505137E+00
   517  2.58500000E+01  1.45505130E+00  1.45000104E+00  1.45505130E+00
   518  2.59000000E+01  1.45505123E+00  1.45019441E+00  1.45505123E+00
   519  2.59500000E+01  1.45505116E+00  1.45038020E+00  1.45505116E+00
   520  2.60000000E+01  1.45505109E+00  1.45055865E+00  1.45505109E+00
   521  2.60500000E+01  1.45505103E+00  1.45072996E+00  1.45505103E+00
   522  2.61000000E+01  1.45505096E+00  1.45089435E+00  1.45505096E+00
   523  2.61500000E+01  1.45505090E+00  1.45105203E+00  1.45505090E+00
   524  2.62000000E+01  1.45505083E+00  1.45120323E+00  1.45505083E+00
   525  2.62500000E+01  1.45505077E+00  1.45134813E+00  1.45505077E+00
   526  2.63000000E+01  1.45505071E+00  1.45148696E+00  1.45505071E+00
   527  2.63500000E+01  1.45505064E+00  1.45161989E+00  1.45505064E+00
   528  2.64000000E+01  1.45505058E+00  1.45174714E+00  1.45505058E+00
   529  2.64500000E+01  1.45505052E+00  1.45186889E+00  1.45505052E+00
   530  2.65000000E+01  1.45505047E+00  1.45198534E+00  1.45505047E+00
   531  2.65500000E+01  1.45505041E+00  1.45209666E+00  1.45505041E+00
   532  2.66000000E+01  1.45505035E+00  1.45220303E+00  1.45505035E+00
   533  2.66500000E+01  1.45505029E+00  1.45230464E+00  1.45505029E+00
   534  2.67000000E+01  1.45505023E+00  1.45240166E+00  1.45505023E+00
   535  2.67500000E+01  1.45505018E+00  1.45249425E+00  1.45505018E+00
   536  2.68000000E+01  1.45505012E+00  1.45258259E+00  1.45505012E+00
   537  2.68500000E+01  1.45505007E+00  1.45266683E+00  1.45505007E+00
   538  2.69000000E+01  1.45505001E+00  1.45274713E+00  1.45505001E+00
   539  2.69500000E+01  1.45504996E+00  1.45282365E+00  1.45504996E+00
   540  2.70000000E+01  1.45504991E+00  1.45289654E+00  1.45504991E+00
   541  2.70500000E+01  1.45504985E+00  1.45296595E+00  1.45504985E+00
   542  2.71000000E+01  1.45504980E+00  1.45303203E+00  1.45504980E+00
   543  2.71500000E+01  1.45504975E+00  1.45309490E+00  1.45504975E+00
   544  2.72000000E+01  1.45504970E+00  1.45315472E+00  1.45504970E+00
   545  2.72500000E+01  1.45504965E+00  1.45321161E+00  1.45504965E+00
   546  2.73000000E+01  1.45504960E+00  1.45326570E+00  1.45504960E+00
   547  2.73500000E+01  1.45504955E+00  1.45331713E+00  1.45504955E+00
   548  2.74000000E+01  1.45504950E+00  1.45336601E+00  1.45504950E+00
   549  2.74500000E+01  1.45504945E+00  1.45341246E+00  1.45504945E+00
   550  2.75000000E+01  1.45504941E+00  1.45345660E+00  1.45504941E+00
   551  2.75500000E+01  1.45504936E+00  1.45349854E+00  1.45504936E+00
   552  2.76000000E+01  1.45504931E+00  1.45353839E+00  1.45504931E+00
   553  2.76500000E+01  1.45504927E+00  1.45357625E+00  1.45504927E+00
   554  2.77000000E+01  1.45504922E+00  1.45361223E+00  1.45504922E+00
   555  2.77500000E+01  1.45504918E+00  1.45364641E+00  1.45504918E+00
   556  2.78000000E+01  1.45504914E+00  1.45367888E+00  1.45504914E+00
   557  2.78500000E+01  1.45504909E+00  1.45370975E+00  1.45504909E+00
   558  2.79000000E+01  1.45504905E+00  1.45373908E+00  1.45504905E+00
   559  2.79500000E+01  1.45504901E+00  1.45376697E+00  1.45504901E+00
   560  2.80000000E+01  1.45504897E+00  1.45379348E+00  1.45504897E+00
   561  2.80500000E+01  1.45504893E+00  1.45381869E+00  1.45504893E+00
   562  2.81000000E+01  1.45504889E+00  1.45384267E+00  1.45504889E+00
   563  2.81500000E+01  1.45504885E+00  1.45386548E+00  1.45504885E+00
   564  2.82000000E+01  1.45504881E+00  1.45388718E+00  1.45504881E+00
   565  2.82500000E+01  1.45504877E+00  1.45390784E+00  1.45504877E+00
   566  2.83000000E+01  1.45504874E+00  1.45392750E+00  1.45504874E+00
   567  2.83500000E+01  1.45504870E+00  1.45394621E+00  1.45504870E+00
   568  2.84000000E+01  1.45504867E+00  1.45396403E+00  1.45504867E+00
   569  2.84500000E+01  1.45504863E+00  1.45398100E+00  1.45504863E+00
   570  2.85000000E+01  1.45504860E+00  1.45399716E+00  1.45504860E+00
   571  2.85500000E+01  1.45504856E+00  1.45401254E+00  1.45504856E+00
   572  2.86000000E+01  1.45504853E+00  1.45402719E+00  1.45504853E+00
   573  2.86500000E+01  1.45504850E+00  1.45404115E+00  1.45504850E+00
   574  2.87000000E+01  1.45504847E+00  1.45405443E+00  1.45504847E+00
   575  2.87500000E+01  1.45504844E+00  1.45406707E+00  1.45504844E+00
   576  2.88000000E+01  1.45504841E+00  1.45407909E+00  1.45504841E+00
   577  2.88500000E+01  1.45504838E+00  1.45409053E+00  1.45504838E+00
   578  2.89000000E+01  1.45504835E+00  1.45410141E+00  1.45504835E+00
   579  2.89500000E+01  1.45504832E+00  1.45411174E+00  1.45504832E+00
   580  2.90000000E+01  1.45504829E+00  1.45412155E+00  1.45504829E+00
   581  2.90500000E+01  1.45504826E+00  1.45413085E+00  1.45504826E+00
   582  2.91000000E+01  1.45504824E+00  1.45413967E+00  1.45504824E+00
   583  2.91500000E+01  1.45504821E+00  1.45414803E+00  1.45504821E+00
   584  2.92000000E+01  1.45504819E+00  1.45415592E+00  1.45504819E+00
   585  2.92500000E+01  1.45504816E+00  1.45416338E+00  1.45504816E+00
   586  2.93000000E+01  1.45504814E+00  1.45417042E+00  1.45504814E+00
   587  2.93500000E+01  1.45504812E+00  1.45417704E+00  1.45504812E+00
   588  2.94000000E+01  1.45504809E+00  1.45418327E+00  1.45504809E+00
   589  2.94500000E+01  1.45504807E+00  1.45418910E+00  1.45504807E+00
 steady-height stop at step    589: changes <=   1.0000E-05, max-end <=   5.0000E-03, max/end/gap/profile_change =   1.45504807E+00  1.45418910E+00  8.58966129E-04  5.83902302E-06
