 comppar: model =   2
 comppar: lambda,mobility/eps,betav,eta_0 =  5.0000E-01  0.0000E+00  1.0000E-01  1.0000E+00
 comppar: eta_s,eta_p,G =  1.0000E-01  9.0000E-01  1.8000E+00
 comppar: U_avg,deltat,flowrate,nsteps =  1.0000E-01  2.0000E-01  3.1416E-01    2000
 comppar: geometry = axisymmetric
 comppar: steady stop change,gap,hold,min =  1.0000E-07  1.0000E-03       1      80
 comppar: steady stop truncated decimals =       3
 comppar: ncompc,ncompg =     4     5
 mesh nnodes = 5797
 mesh nelem = 2796
 P1 BC   5.0000000000000000     
 P2 BC   0.0000000000000000     
     1  2.00000000E-01  1.00252714E+00  1.00000000E+00  1.00252714E+00
     2  4.00000000E-01  1.00497924E+00  1.00000000E+00  1.00497924E+00
     3  6.00000000E-01  1.00733930E+00  1.00000000E+00  1.00733930E+00
     4  8.00000000E-01  1.00965428E+00  1.00000000E+00  1.00965428E+00
     5  1.00000000E+00  1.01193621E+00  1.00000000E+00  1.01193621E+00
     6  1.20000000E+00  1.01418869E+00  1.00000000E+00  1.01418869E+00
     7  1.40000000E+00  1.01641552E+00  1.00000000E+00  1.01641552E+00
     8  1.60000000E+00  1.01862186E+00  1.00000000E+00  1.01862186E+00
     9  1.80000000E+00  1.02079551E+00  1.00000000E+00  1.02079551E+00
    10  2.00000000E+00  1.02295600E+00  1.00000000E+00  1.02295600E+00
    11  2.20000000E+00  1.02507414E+00  1.00000001E+00  1.02507414E+00
    12  2.40000000E+00  1.02718172E+00  1.00000001E+00  1.02718172E+00
    13  2.60000000E+00  1.02924893E+00  1.00000001E+00  1.02924893E+00
    14  2.80000000E+00  1.03129988E+00  1.00000001E+00  1.03129988E+00
    15  3.00000000E+00  1.03331676E+00  1.00000001E+00  1.03331676E+00
    16  3.20000000E+00  1.03529842E+00  1.00000001E+00  1.03529842E+00
    17  3.40000000E+00  1.03727331E+00  1.00000001E+00  1.03727331E+00
    18  3.60000000E+00  1.03919134E+00  1.00000001E+00  1.03919134E+00
    19  3.80000000E+00  1.04111680E+00  1.00000000E+00  1.04111680E+00
    20  4.00000000E+00  1.04299348E+00  1.00000000E+00  1.04299348E+00
    21  4.20000000E+00  1.04483130E+00  1.00000000E+00  1.04483130E+00
    22  4.40000000E+00  1.04667794E+00  9.99999999E-01  1.04667794E+00
    23  4.60000000E+00  1.04846349E+00  9.99999997E-01  1.04846349E+00
    24  4.80000000E+00  1.05023715E+00  9.99999994E-01  1.05023715E+00
    25  5.00000000E+00  1.05199416E+00  9.99999990E-01  1.05199416E+00
    26  5.20000000E+00  1.05368667E+00  9.99999986E-01  1.05368667E+00
    27  5.40000000E+00  1.05537687E+00  9.99999981E-01  1.05537687E+00
    28  5.60000000E+00  1.05705548E+00  9.99999975E-01  1.05705548E+00
    29  5.80000000E+00  1.05866728E+00  9.99999969E-01  1.05866728E+00
    30  6.00000000E+00  1.06028363E+00  9.99999961E-01  1.06028363E+00
    31  6.20000000E+00  1.06188332E+00  9.99999953E-01  1.06188332E+00
    32  6.40000000E+00  1.06341392E+00  9.99999943E-01  1.06341392E+00
    33  6.60000000E+00  1.06493131E+00  9.99999933E-01  1.06493131E+00
    34  6.80000000E+00  1.06646787E+00  9.99999921E-01  1.06646787E+00
    35  7.00000000E+00  1.06793407E+00  9.99999908E-01  1.06793407E+00
    36  7.20000000E+00  1.06934627E+00  9.99999893E-01  1.06934627E+00
    37  7.40000000E+00  1.07081974E+00  9.99999877E-01  1.07081974E+00
    38  7.60000000E+00  1.07222150E+00  9.99999860E-01  1.07222150E+00
    39  7.80000000E+00  1.07354871E+00  9.99999840E-01  1.07354871E+00
    40  8.00000000E+00  1.07490338E+00  9.99999819E-01  1.07490338E+00
    41  8.20000000E+00  1.07626115E+00  9.99999796E-01  1.07626115E+00
    42  8.40000000E+00  1.07754409E+00  9.99999770E-01  1.07754409E+00
    43  8.60000000E+00  1.07875153E+00  9.99999743E-01  1.07875153E+00
    44  8.80000000E+00  1.08006548E+00  9.99999713E-01  1.08006548E+00
    45  9.00000000E+00  1.08130417E+00  9.99999680E-01  1.08130417E+00
    46  9.20000000E+00  1.08246530E+00  9.99999645E-01  1.08246530E+00
    47  9.40000000E+00  1.08358244E+00  9.99999606E-01  1.08358244E+00
    48  9.60000000E+00  1.08480139E+00  9.99999565E-01  1.08480139E+00
    49  9.80000000E+00  1.08594326E+00  9.99999520E-01  1.08594326E+00
    50  1.00000000E+01  1.08700613E+00  9.99999472E-01  1.08700613E+00
    51  1.02000000E+01  1.08805101E+00  9.99999420E-01  1.08805101E+00
    52  1.04000000E+01  1.08917334E+00  9.99999365E-01  1.08917334E+00
    53  1.06000000E+01  1.09021700E+00  9.99999305E-01  1.09021700E+00
    54  1.08000000E+01  1.09118056E+00  9.99999241E-01  1.09118056E+00
    55  1.10000000E+01  1.09209786E+00  9.99999172E-01  1.09209786E+00
    56  1.12000000E+01  1.09314538E+00  9.99999098E-01  1.09314538E+00
    57  1.14000000E+01  1.09411365E+00  9.99999019E-01  1.09411365E+00
    58  1.16000000E+01  1.09500168E+00  9.99998935E-01  1.09500168E+00
    59  1.18000000E+01  1.09581071E+00  9.99998845E-01  1.09581071E+00
    60  1.20000000E+01  1.09678262E+00  9.99998749E-01  1.09678262E+00
    61  1.22000000E+01  1.09767479E+00  9.99998647E-01  1.09767479E+00
    62  1.24000000E+01  1.09848673E+00  9.99998538E-01  1.09848673E+00
    63  1.26000000E+01  1.09921863E+00  9.99998422E-01  1.09921863E+00
    64  1.28000000E+01  1.10007116E+00  9.99998299E-01  1.10007116E+00
    65  1.30000000E+01  1.10089052E+00  9.99998168E-01  1.10089052E+00
    66  1.32000000E+01  1.10163042E+00  9.99998029E-01  1.10163042E+00
    67  1.34000000E+01  1.10229188E+00  9.99997881E-01  1.10229188E+00
    68  1.36000000E+01  1.10305895E+00  9.99997724E-01  1.10305895E+00
    69  1.38000000E+01  1.10380500E+00  9.99997558E-01  1.10380500E+00
    70  1.40000000E+01  1.10447256E+00  9.99997382E-01  1.10447256E+00
    71  1.42000000E+01  1.10506339E+00  9.99997196E-01  1.10506339E+00
    72  1.44000000E+01  1.10574089E+00  9.99996999E-01  1.10574089E+00
    73  1.46000000E+01  1.10641642E+00  9.99996790E-01  1.10641642E+00
    74  1.48000000E+01  1.10701563E+00  9.99996570E-01  1.10701563E+00
    75  1.50000000E+01  1.10754126E+00  9.99996337E-01  1.10754126E+00
    76  1.52000000E+01  1.10815660E+00  9.99996091E-01  1.10815660E+00
    77  1.54000000E+01  1.10876137E+00  9.99995832E-01  1.10876137E+00
    78  1.56000000E+01  1.10929215E+00  9.99995558E-01  1.10929215E+00
    79  1.58000000E+01  1.10975266E+00  9.99995270E-01  1.10975266E+00
    80  1.60000000E+01  1.11030828E+00  9.99994966E-01  1.11030828E+00
    81  1.62000000E+01  1.11084738E+00  9.99994647E-01  1.11084738E+00
    82  1.64000000E+01  1.11131628E+00  9.99994310E-01  1.11131628E+00
    83  1.66000000E+01  1.11171952E+00  9.99993956E-01  1.11171952E+00
    84  1.68000000E+01  1.11222799E+00  9.99993583E-01  1.11222799E+00
    85  1.70000000E+01  1.11270152E+00  9.99993192E-01  1.11270152E+00
    86  1.72000000E+01  1.11310881E+00  9.99992781E-01  1.11310881E+00
    87  1.74000000E+01  1.11345523E+00  9.99992349E-01  1.11345523E+00
    88  1.76000000E+01  1.11392735E+00  9.99991896E-01  1.11392735E+00
    89  1.78000000E+01  1.11434279E+00  9.99991421E-01  1.11434279E+00
    90  1.80000000E+01  1.11469694E+00  9.99990922E-01  1.11469694E+00
    91  1.82000000E+01  1.11500392E+00  9.99990400E-01  1.11500392E+00
    92  1.84000000E+01  1.11542356E+00  9.99989853E-01  1.11542356E+00
    93  1.86000000E+01  1.11578134E+00  9.99989280E-01  1.11578134E+00
    94  1.88000000E+01  1.11608307E+00  9.99988680E-01  1.11608307E+00
    95  1.90000000E+01  1.11637667E+00  9.99988053E-01  1.11637667E+00
    96  1.92000000E+01  1.11674225E+00  9.99987396E-01  1.11674225E+00
    97  1.94000000E+01  1.11705113E+00  9.99986711E-01  1.11705113E+00
    98  1.96000000E+01  1.11730937E+00  9.99985994E-01  1.11730937E+00
    99  1.98000000E+01  1.11757419E+00  9.99985246E-01  1.11757419E+00
   100  2.00000000E+01  1.11788638E+00  9.99984464E-01  1.11788638E+00
   101  2.02000000E+01  1.11814739E+00  9.99983649E-01  1.11814739E+00
   102  2.04000000E+01  1.11836359E+00  9.99982799E-01  1.11836359E+00
   103  2.06000000E+01  1.11862633E+00  9.99981913E-01  1.11862633E+00
   104  2.08000000E+01  1.11889382E+00  9.99980990E-01  1.11889382E+00
   105  2.10000000E+01  1.11911542E+00  9.99980029E-01  1.11911542E+00
   106  2.12000000E+01  1.11929727E+00  9.99979028E-01  1.11929727E+00
   107  2.14000000E+01  1.11952731E+00  9.99977986E-01  1.11952731E+00
   108  2.16000000E+01  1.11975148E+00  9.99976903E-01  1.11975148E+00
   109  2.18000000E+01  1.11993552E+00  9.99975777E-01  1.11993552E+00
   110  2.20000000E+01  1.12008971E+00  9.99974607E-01  1.12008971E+00
   111  2.22000000E+01  1.12031965E+00  9.99973392E-01  1.12031965E+00
   112  2.24000000E+01  1.12050828E+00  9.99972131E-01  1.12050828E+00
   113  2.26000000E+01  1.12066155E+00  9.99970822E-01  1.12066155E+00
   114  2.28000000E+01  1.12079232E+00  9.99969465E-01  1.12079232E+00
   115  2.30000000E+01  1.12098337E+00  9.99968059E-01  1.12098337E+00
   116  2.32000000E+01  1.12113872E+00  9.99966602E-01  1.12113872E+00
   117  2.34000000E+01  1.12126404E+00  9.99965094E-01  1.12126404E+00
   118  2.36000000E+01  1.12141023E+00  9.99963533E-01  1.12141023E+00
   119  2.38000000E+01  1.12156937E+00  9.99961919E-01  1.12156937E+00
   120  2.40000000E+01  1.12169726E+00  9.99960251E-01  1.12169726E+00
   121  2.42000000E+01  1.12179908E+00  9.99958528E-01  1.12179908E+00
   122  2.44000000E+01  1.12191754E+00  9.99956749E-01  1.12191754E+00
   123  2.46000000E+01  1.12204743E+00  9.99954914E-01  1.12204743E+00
   124  2.48000000E+01  1.12215104E+00  9.99953022E-01  1.12215104E+00
   125  2.50000000E+01  1.12223377E+00  9.99951072E-01  1.12223377E+00
   126  2.52000000E+01  1.12236668E+00  9.99949064E-01  1.12236668E+00
   127  2.54000000E+01  1.12247217E+00  9.99946998E-01  1.12247217E+00
   128  2.56000000E+01  1.12255502E+00  9.99944874E-01  1.12255502E+00
   129  2.58000000E+01  1.12261938E+00  9.99942691E-01  1.12261938E+00
   130  2.60000000E+01  1.12272385E+00  9.99940450E-01  1.12272385E+00
   131  2.62000000E+01  1.12280844E+00  9.99938151E-01  1.12280844E+00
   132  2.64000000E+01  1.12287440E+00  9.99935794E-01  1.12287440E+00
   133  2.66000000E+01  1.12295708E+00  9.99933380E-01  1.12295708E+00
   134  2.68000000E+01  1.12304293E+00  9.99930910E-01  1.12304293E+00
   135  2.70000000E+01  1.12310927E+00  9.99928385E-01  1.12310927E+00
   136  2.72000000E+01  1.12315984E+00  9.99925806E-01  1.12315984E+00
   137  2.74000000E+01  1.12321947E+00  9.99923175E-01  1.12321947E+00
   138  2.76000000E+01  1.12328747E+00  9.99920493E-01  1.12328747E+00
   139  2.78000000E+01  1.12333959E+00  9.99917763E-01  1.12333959E+00
   140  2.80000000E+01  1.12338710E+00  9.99914987E-01  1.12338710E+00
   141  2.82000000E+01  1.12345582E+00  9.99912167E-01  1.12345582E+00
   142  2.84000000E+01  1.12350790E+00  9.99909308E-01  1.12350790E+00
   143  2.86000000E+01  1.12354668E+00  9.99906412E-01  1.12354668E+00
   144  2.88000000E+01  1.12357563E+00  9.99903483E-01  1.12357563E+00
   145  2.90000000E+01  1.12362930E+00  9.99900526E-01  1.12362930E+00
   146  2.92000000E+01  1.12366954E+00  9.99897546E-01  1.12366954E+00
   147  2.94000000E+01  1.12369911E+00  9.99894547E-01  1.12369911E+00
   148  2.96000000E+01  1.12374788E+00  9.99891537E-01  1.12374788E+00
   149  2.98000000E+01  1.12378775E+00  9.99888521E-01  1.12378775E+00
   150  3.00000000E+01  1.12381654E+00  9.99885507E-01  1.12381654E+00
   151  3.02000000E+01  1.12383666E+00  9.99882502E-01  1.12383666E+00
   152  3.04000000E+01  1.12386711E+00  9.99879515E-01  1.12386711E+00
   153  3.06000000E+01  1.12389728E+00  9.99876556E-01  1.12389728E+00
   154  3.08000000E+01  1.12391867E+00  9.99873634E-01  1.12391867E+00
   155  3.10000000E+01  1.12394870E+00  9.99870761E-01  1.12394870E+00
   156  3.12000000E+01  1.12397822E+00  9.99867948E-01  1.12397822E+00
   157  3.14000000E+01  1.12399867E+00  9.99865207E-01  1.12399867E+00
   158  3.16000000E+01  1.12401213E+00  9.99862554E-01  1.12401213E+00
   159  3.18000000E+01  1.12402707E+00  9.99860002E-01  1.12402707E+00
   160  3.20000000E+01  1.12404879E+00  9.99857567E-01  1.12404879E+00
   161  3.22000000E+01  1.12406342E+00  9.99855266E-01  1.12406342E+00
   162  3.24000000E+01  1.12408173E+00  9.99853119E-01  1.12408173E+00
   163  3.26000000E+01  1.12410260E+00  9.99851144E-01  1.12410260E+00
   164  3.28000000E+01  1.12411617E+00  9.99849362E-01  1.12411617E+00
   165  3.30000000E+01  1.12412426E+00  9.99847797E-01  1.12412426E+00
   166  3.32000000E+01  1.12412978E+00  9.99846472E-01  1.12412978E+00
   167  3.34000000E+01  1.12414452E+00  9.99845413E-01  1.12414452E+00
   168  3.36000000E+01  1.12415367E+00  9.99844648E-01  1.12415367E+00
   169  3.38000000E+01  1.12416516E+00  9.99844206E-01  1.12416516E+00
   170  3.40000000E+01  1.12417888E+00  9.99844118E-01  1.12417888E+00
   171  3.42000000E+01  1.12418689E+00  9.99844418E-01  1.12418689E+00
   172  3.44000000E+01  1.12419075E+00  9.99845142E-01  1.12419075E+00
   173  3.46000000E+01  1.12419169E+00  9.99846326E-01  1.12419169E+00
   174  3.48000000E+01  1.12420021E+00  9.99848011E-01  1.12420021E+00
   175  3.50000000E+01  1.12420502E+00  9.99850240E-01  1.12420502E+00
   176  3.52000000E+01  1.12421295E+00  9.99853057E-01  1.12421295E+00
   177  3.54000000E+01  1.12422090E+00  9.99856510E-01  1.12422090E+00
   178  3.56000000E+01  1.12422453E+00  9.99860650E-01  1.12422453E+00
   179  3.58000000E+01  1.12422517E+00  9.99865531E-01  1.12422517E+00
   180  3.60000000E+01  1.12422385E+00  9.99871208E-01  1.12422385E+00
   181  3.62000000E+01  1.12422777E+00  9.99877742E-01  1.12422777E+00
   182  3.64000000E+01  1.12422925E+00  9.99885196E-01  1.12422925E+00
   183  3.66000000E+01  1.12423573E+00  9.99893637E-01  1.12423573E+00
   184  3.68000000E+01  1.12423911E+00  9.99903135E-01  1.12423911E+00
   185  3.70000000E+01  1.12423939E+00  9.99913766E-01  1.12423939E+00
   186  3.72000000E+01  1.12423769E+00  9.99925608E-01  1.12423769E+00
   187  3.74000000E+01  1.12423508E+00  9.99938744E-01  1.12423508E+00
   188  3.76000000E+01  1.12423622E+00  9.99953262E-01  1.12423622E+00
   189  3.78000000E+01  1.12423829E+00  9.99969254E-01  1.12423829E+00
   190  3.80000000E+01  1.12424142E+00  9.99986817E-01  1.12424142E+00
   191  3.82000000E+01  1.12424132E+00  1.00000605E+00  1.12424132E+00
   192  3.84000000E+01  1.12424596E+00  1.00002707E+00  1.12424596E+00
   193  3.86000000E+01  1.12425251E+00  1.00004998E+00  1.12425251E+00
   194  3.88000000E+01  1.12425870E+00  1.00007490E+00  1.12425870E+00
   195  3.90000000E+01  1.12426415E+00  1.00010197E+00  1.12426415E+00
   196  3.92000000E+01  1.12426880E+00  1.00013129E+00  1.12426880E+00
   197  3.94000000E+01  1.12427267E+00  1.00016303E+00  1.12427267E+00
   198  3.96000000E+01  1.12427582E+00  1.00019732E+00  1.12427582E+00
   199  3.98000000E+01  1.12428021E+00  1.00023430E+00  1.12428021E+00
   200  4.00000000E+01  1.12428434E+00  1.00027415E+00  1.12428434E+00
   201  4.02000000E+01  1.12428774E+00  1.00031702E+00  1.12428774E+00
   202  4.04000000E+01  1.12429049E+00  1.00036310E+00  1.12429049E+00
   203  4.06000000E+01  1.12429269E+00  1.00041255E+00  1.12429269E+00
   204  4.08000000E+01  1.12429523E+00  1.00046558E+00  1.12429523E+00
   205  4.10000000E+01  1.12429798E+00  1.00052238E+00  1.12429798E+00
   206  4.12000000E+01  1.12430016E+00  1.00058316E+00  1.12430016E+00
   207  4.14000000E+01  1.12430190E+00  1.00064813E+00  1.12430190E+00
   208  4.16000000E+01  1.12430330E+00  1.00071753E+00  1.12430330E+00
   209  4.18000000E+01  1.12430447E+00  1.00079159E+00  1.12430447E+00
   210  4.20000000E+01  1.12430558E+00  1.00087056E+00  1.12430558E+00
   211  4.22000000E+01  1.12430708E+00  1.00095469E+00  1.12430708E+00
   212  4.24000000E+01  1.12430829E+00  1.00104426E+00  1.12430829E+00
   213  4.26000000E+01  1.12430932E+00  1.00113954E+00  1.12430932E+00
   214  4.28000000E+01  1.12431023E+00  1.00124084E+00  1.12431023E+00
   215  4.30000000E+01  1.12431108E+00  1.00134844E+00  1.12431108E+00
   216  4.32000000E+01  1.12431189E+00  1.00146267E+00  1.12431189E+00
   217  4.34000000E+01  1.12431268E+00  1.00158387E+00  1.12431268E+00
   218  4.36000000E+01  1.12431344E+00  1.00171236E+00  1.12431344E+00
   219  4.38000000E+01  1.12431417E+00  1.00184850E+00  1.12431417E+00
   220  4.40000000E+01  1.12431485E+00  1.00199268E+00  1.12431485E+00
   221  4.42000000E+01  1.12431547E+00  1.00214525E+00  1.12431547E+00
   222  4.44000000E+01  1.12431601E+00  1.00230664E+00  1.12431601E+00
   223  4.46000000E+01  1.12431648E+00  1.00247724E+00  1.12431648E+00
   224  4.48000000E+01  1.12431686E+00  1.00265748E+00  1.12431686E+00
   225  4.50000000E+01  1.12431716E+00  1.00284780E+00  1.12431716E+00
   226  4.52000000E+01  1.12431738E+00  1.00304866E+00  1.12431738E+00
   227  4.54000000E+01  1.12431753E+00  1.00326053E+00  1.12431753E+00
   228  4.56000000E+01  1.12431771E+00  1.00348389E+00  1.12431771E+00
   229  4.58000000E+01  1.12431794E+00  1.00371926E+00  1.12431794E+00
   230  4.60000000E+01  1.12431809E+00  1.00396714E+00  1.12431809E+00
   231  4.62000000E+01  1.12431818E+00  1.00422808E+00  1.12431818E+00
   232  4.64000000E+01  1.12431822E+00  1.00450261E+00  1.12431822E+00
   233  4.66000000E+01  1.12431822E+00  1.00479132E+00  1.12431822E+00
   234  4.68000000E+01  1.12431819E+00  1.00509477E+00  1.12431819E+00
   235  4.70000000E+01  1.12431813E+00  1.00541358E+00  1.12431813E+00
   236  4.72000000E+01  1.12431806E+00  1.00574834E+00  1.12431806E+00
   237  4.74000000E+01  1.12431797E+00  1.00609970E+00  1.12431797E+00
   238  4.76000000E+01  1.12431787E+00  1.00646829E+00  1.12431787E+00
   239  4.78000000E+01  1.12431776E+00  1.00685477E+00  1.12431776E+00
   240  4.80000000E+01  1.12431764E+00  1.00725981E+00  1.12431764E+00
   241  4.82000000E+01  1.12431752E+00  1.00768411E+00  1.12431752E+00
   242  4.84000000E+01  1.12431739E+00  1.00812835E+00  1.12431739E+00
   243  4.86000000E+01  1.12431725E+00  1.00859326E+00  1.12431725E+00
   244  4.88000000E+01  1.12431711E+00  1.00907954E+00  1.12431711E+00
   245  4.90000000E+01  1.12431696E+00  1.00958795E+00  1.12431696E+00
   246  4.92000000E+01  1.12431681E+00  1.01011921E+00  1.12431681E+00
   247  4.94000000E+01  1.12431666E+00  1.01067408E+00  1.12431666E+00
   248  4.96000000E+01  1.12431651E+00  1.01125332E+00  1.12431651E+00
   249  4.98000000E+01  1.12431636E+00  1.01185769E+00  1.12431636E+00
   250  5.00000000E+01  1.12431620E+00  1.01248795E+00  1.12431620E+00
   251  5.02000000E+01  1.12431606E+00  1.01314487E+00  1.12431606E+00
   252  5.04000000E+01  1.12431591E+00  1.01382922E+00  1.12431591E+00
   253  5.06000000E+01  1.12431577E+00  1.01454176E+00  1.12431577E+00
   254  5.08000000E+01  1.12431563E+00  1.01528324E+00  1.12431563E+00
   255  5.10000000E+01  1.12431549E+00  1.01605442E+00  1.12431549E+00
   256  5.12000000E+01  1.12431536E+00  1.01685602E+00  1.12431536E+00
   257  5.14000000E+01  1.12431523E+00  1.01768878E+00  1.12431523E+00
   258  5.16000000E+01  1.12431511E+00  1.01855339E+00  1.12431511E+00
   259  5.18000000E+01  1.12431499E+00  1.01945054E+00  1.12431499E+00
   260  5.20000000E+01  1.12431487E+00  1.02038088E+00  1.12431487E+00
   261  5.22000000E+01  1.12431476E+00  1.02134505E+00  1.12431476E+00
   262  5.24000000E+01  1.12431466E+00  1.02234364E+00  1.12431466E+00
   263  5.26000000E+01  1.12431456E+00  1.02337722E+00  1.12431456E+00
   264  5.28000000E+01  1.12431446E+00  1.02444630E+00  1.12431446E+00
   265  5.30000000E+01  1.12431437E+00  1.02555135E+00  1.12431437E+00
   266  5.32000000E+01  1.12431428E+00  1.02669281E+00  1.12431428E+00
   267  5.34000000E+01  1.12431420E+00  1.02787104E+00  1.12431420E+00
   268  5.36000000E+01  1.12431412E+00  1.02908636E+00  1.12431412E+00
   269  5.38000000E+01  1.12431404E+00  1.03033902E+00  1.12431404E+00
   270  5.40000000E+01  1.12431397E+00  1.03162918E+00  1.12431397E+00
   271  5.42000000E+01  1.12431390E+00  1.03295695E+00  1.12431390E+00
   272  5.44000000E+01  1.12431384E+00  1.03432235E+00  1.12431384E+00
   273  5.46000000E+01  1.12431378E+00  1.03572532E+00  1.12431378E+00
   274  5.48000000E+01  1.12431372E+00  1.03716570E+00  1.12431372E+00
   275  5.50000000E+01  1.12431366E+00  1.03864323E+00  1.12431366E+00
   276  5.52000000E+01  1.12431361E+00  1.04015755E+00  1.12431361E+00
   277  5.54000000E+01  1.12431356E+00  1.04170821E+00  1.12431356E+00
   278  5.56000000E+01  1.12431352E+00  1.04329462E+00  1.12431352E+00
   279  5.58000000E+01  1.12431348E+00  1.04491608E+00  1.12431348E+00
   280  5.60000000E+01  1.12431344E+00  1.04657179E+00  1.12431344E+00
   281  5.62000000E+01  1.12431340E+00  1.04826079E+00  1.12431340E+00
   282  5.64000000E+01  1.12431336E+00  1.04998201E+00  1.12431336E+00
   283  5.66000000E+01  1.12431333E+00  1.05173424E+00  1.12431333E+00
   284  5.68000000E+01  1.12431330E+00  1.05351616E+00  1.12431330E+00
   285  5.70000000E+01  1.12431327E+00  1.05532627E+00  1.12431327E+00
   286  5.72000000E+01  1.12431324E+00  1.05716297E+00  1.12431324E+00
   287  5.74000000E+01  1.12431322E+00  1.05902450E+00  1.12431322E+00
   288  5.76000000E+01  1.12431319E+00  1.06090897E+00  1.12431319E+00
   289  5.78000000E+01  1.12431317E+00  1.06281436E+00  1.12431317E+00
   290  5.80000000E+01  1.12431315E+00  1.06473849E+00  1.12431315E+00
   291  5.82000000E+01  1.12431313E+00  1.06667906E+00  1.12431313E+00
   292  5.84000000E+01  1.12431311E+00  1.06863364E+00  1.12431311E+00
   293  5.86000000E+01  1.12431310E+00  1.07059968E+00  1.12431310E+00
   294  5.88000000E+01  1.12431308E+00  1.07257447E+00  1.12431308E+00
   295  5.90000000E+01  1.12431307E+00  1.07455522E+00  1.12431307E+00
   296  5.92000000E+01  1.12431305E+00  1.07653901E+00  1.12431305E+00
   297  5.94000000E+01  1.12431304E+00  1.07852280E+00  1.12431304E+00
   298  5.96000000E+01  1.12431303E+00  1.08050346E+00  1.12431303E+00
   299  5.98000000E+01  1.12431302E+00  1.08247778E+00  1.12431302E+00
   300  6.00000000E+01  1.12431301E+00  1.08444244E+00  1.12431301E+00
   301  6.02000000E+01  1.12431300E+00  1.08639406E+00  1.12431300E+00
   302  6.04000000E+01  1.12431299E+00  1.08832920E+00  1.12431299E+00
   303  6.06000000E+01  1.12431298E+00  1.09024436E+00  1.12431298E+00
   304  6.08000000E+01  1.12431298E+00  1.09213601E+00  1.12431298E+00
   305  6.10000000E+01  1.12431297E+00  1.09400058E+00  1.12431297E+00
   306  6.12000000E+01  1.12431296E+00  1.09583449E+00  1.12431296E+00
   307  6.14000000E+01  1.12431296E+00  1.09763418E+00  1.12431296E+00
   308  6.16000000E+01  1.12431295E+00  1.09939608E+00  1.12431295E+00
   309  6.18000000E+01  1.12431295E+00  1.10111669E+00  1.12431295E+00
   310  6.20000000E+01  1.12431294E+00  1.10279254E+00  1.12431294E+00
   311  6.22000000E+01  1.12431294E+00  1.10442023E+00  1.12431294E+00
   312  6.24000000E+01  1.12431293E+00  1.10599649E+00  1.12431293E+00
   313  6.26000000E+01  1.12431293E+00  1.10751813E+00  1.12431293E+00
   314  6.28000000E+01  1.12431293E+00  1.10898212E+00  1.12431293E+00
   315  6.30000000E+01  1.12431292E+00  1.11038558E+00  1.12431292E+00
   316  6.32000000E+01  1.12431292E+00  1.11172584E+00  1.12431292E+00
   317  6.34000000E+01  1.12431292E+00  1.11300043E+00  1.12431292E+00
   318  6.36000000E+01  1.12431292E+00  1.11420716E+00  1.12431292E+00
   319  6.38000000E+01  1.12431292E+00  1.11534409E+00  1.12431292E+00
   320  6.40000000E+01  1.12431291E+00  1.11640963E+00  1.12431291E+00
   321  6.42000000E+01  1.12431291E+00  1.11740253E+00  1.12431291E+00
   322  6.44000000E+01  1.12431291E+00  1.11832196E+00  1.12431291E+00
   323  6.46000000E+01  1.12431291E+00  1.11916751E+00  1.12431291E+00
   324  6.48000000E+01  1.12431291E+00  1.11993925E+00  1.12431291E+00
   325  6.50000000E+01  1.12431291E+00  1.12063776E+00  1.12431291E+00
   326  6.52000000E+01  1.12431290E+00  1.12126416E+00  1.12431290E+00
   327  6.54000000E+01  1.12431290E+00  1.12182012E+00  1.12431290E+00
   328  6.56000000E+01  1.12431290E+00  1.12230788E+00  1.12431290E+00
   329  6.58000000E+01  1.12431290E+00  1.12273024E+00  1.12431290E+00
   330  6.60000000E+01  1.12431290E+00  1.12309054E+00  1.12431290E+00
   331  6.62000000E+01  1.12431290E+00  1.12339264E+00  1.12431290E+00
   332  6.64000000E+01  1.12431290E+00  1.12364081E+00  1.12431290E+00
   333  6.66000000E+01  1.12431290E+00  1.12383972E+00  1.12431290E+00
   334  6.68000000E+01  1.12431290E+00  1.12399434E+00  1.12431290E+00
   335  6.70000000E+01  1.12431290E+00  1.12410979E+00  1.12431290E+00
 steady-height stop at step    335: truncated to 3 decimals, truncated max/end/ratio =       1124      1124      1124, max/end/ratio =   1.12431290E+00  1.12410979E+00  1.12431290E+00
