 comppar: model =   2
 comppar: lambda,mobility/eps,betav,eta_0 =  1.0000E-01  0.0000E+00  8.0000E-01  1.0000E+00
 comppar: eta_s,eta_p,G =  8.0000E-01  2.0000E-01  2.0000E+00
 comppar: U_avg,deltat,flowrate,nsteps =  1.0000E-01  2.0000E-01  3.1416E-01    2000
 comppar: geometry = axisymmetric
 comppar: steady stop change,gap,hold,min =  1.0000E-07  1.0000E-03       1      80
 comppar: steady stop truncated decimals =       3
 comppar: ncompc,ncompg =     4     5
 mesh nnodes = 5797
 mesh nelem = 2796
 P1 BC   5.0000000000000000     
 P2 BC   0.0000000000000000     
     1  2.00000000E-01  1.00253197E+00  1.00000000E+00  1.00253197E+00
     2  4.00000000E-01  1.00502810E+00  1.00000000E+00  1.00502810E+00
     3  6.00000000E-01  1.00748656E+00  1.00000000E+00  1.00748656E+00
     4  8.00000000E-01  1.00990914E+00  1.00000000E+00  1.00990914E+00
     5  1.00000000E+00  1.01230312E+00  1.00000000E+00  1.01230312E+00
     6  1.20000000E+00  1.01466107E+00  1.00000000E+00  1.01466107E+00
     7  1.40000000E+00  1.01698499E+00  1.00000000E+00  1.01698499E+00
     8  1.60000000E+00  1.01928244E+00  1.00000000E+00  1.01928244E+00
     9  1.80000000E+00  1.02153476E+00  1.00000000E+00  1.02153476E+00
    10  2.00000000E+00  1.02377254E+00  1.00000000E+00  1.02377254E+00
    11  2.20000000E+00  1.02596158E+00  1.00000000E+00  1.02596158E+00
    12  2.40000000E+00  1.02813693E+00  1.00000000E+00  1.02813693E+00
    13  2.60000000E+00  1.03025711E+00  1.00000000E+00  1.03025711E+00
    14  2.80000000E+00  1.03237613E+00  1.00000000E+00  1.03237613E+00
    15  3.00000000E+00  1.03443833E+00  1.00000000E+00  1.03443833E+00
    16  3.20000000E+00  1.03649492E+00  1.00000000E+00  1.03649492E+00
    17  3.40000000E+00  1.03850185E+00  1.00000000E+00  1.03850185E+00
    18  3.60000000E+00  1.04048631E+00  1.00000000E+00  1.04048631E+00
    19  3.80000000E+00  1.04244836E+00  1.00000000E+00  1.04244836E+00
    20  4.00000000E+00  1.04435694E+00  1.00000000E+00  1.04435694E+00
    21  4.20000000E+00  1.04627613E+00  9.99999999E-01  1.04627613E+00
    22  4.40000000E+00  1.04813339E+00  9.99999997E-01  1.04813339E+00
    23  4.60000000E+00  1.04997166E+00  9.99999994E-01  1.04997166E+00
    24  4.80000000E+00  1.05179870E+00  9.99999991E-01  1.05179870E+00
    25  5.00000000E+00  1.05356101E+00  9.99999988E-01  1.05356101E+00
    26  5.20000000E+00  1.05533893E+00  9.99999984E-01  1.05533893E+00
    27  5.40000000E+00  1.05707316E+00  9.99999979E-01  1.05707316E+00
    28  5.60000000E+00  1.05873997E+00  9.99999973E-01  1.05873997E+00
    29  5.80000000E+00  1.06044433E+00  9.99999967E-01  1.06044433E+00
    30  6.00000000E+00  1.06209888E+00  9.99999959E-01  1.06209888E+00
    31  6.20000000E+00  1.06368432E+00  9.99999951E-01  1.06368432E+00
    32  6.40000000E+00  1.06531259E+00  9.99999941E-01  1.06531259E+00
    33  6.60000000E+00  1.06688751E+00  9.99999931E-01  1.06688751E+00
    34  6.80000000E+00  1.06839161E+00  9.99999919E-01  1.06839161E+00
    35  7.00000000E+00  1.06992236E+00  9.99999906E-01  1.06992236E+00
    36  7.20000000E+00  1.07143466E+00  9.99999892E-01  1.07143466E+00
    37  7.40000000E+00  1.07287531E+00  9.99999876E-01  1.07287531E+00
    38  7.60000000E+00  1.07430161E+00  9.99999858E-01  1.07430161E+00
    39  7.80000000E+00  1.07575163E+00  9.99999839E-01  1.07575163E+00
    40  8.00000000E+00  1.07712907E+00  9.99999818E-01  1.07712907E+00
    41  8.20000000E+00  1.07843156E+00  9.99999795E-01  1.07843156E+00
    42  8.40000000E+00  1.07981256E+00  9.99999770E-01  1.07981256E+00
    43  8.60000000E+00  1.08114801E+00  9.99999742E-01  1.08114801E+00
    44  8.80000000E+00  1.08240851E+00  9.99999712E-01  1.08240851E+00
    45  9.00000000E+00  1.08363989E+00  9.99999680E-01  1.08363989E+00
    46  9.20000000E+00  1.08493350E+00  9.99999645E-01  1.08493350E+00
    47  9.40000000E+00  1.08615201E+00  9.99999607E-01  1.08615201E+00
    48  9.60000000E+00  1.08729353E+00  9.99999565E-01  1.08729353E+00
    49  9.80000000E+00  1.08843814E+00  9.99999521E-01  1.08843814E+00
    50  1.00000000E+01  1.08963947E+00  9.99999473E-01  1.08963947E+00
    51  1.02000000E+01  1.09076440E+00  9.99999422E-01  1.09076440E+00
    52  1.04000000E+01  1.09181139E+00  9.99999367E-01  1.09181139E+00
    53  1.06000000E+01  1.09287980E+00  9.99999307E-01  1.09287980E+00
    54  1.08000000E+01  1.09398770E+00  9.99999244E-01  1.09398770E+00
    55  1.10000000E+01  1.09501808E+00  9.99999176E-01  1.09501808E+00
    56  1.12000000E+01  1.09596981E+00  9.99999103E-01  1.09596981E+00
    57  1.14000000E+01  1.09691404E+00  9.99999025E-01  1.09691404E+00
    58  1.16000000E+01  1.09795070E+00  9.99998941E-01  1.09795070E+00
    59  1.18000000E+01  1.09890953E+00  9.99998852E-01  1.09890953E+00
    60  1.20000000E+01  1.09978981E+00  9.99998757E-01  1.09978981E+00
    61  1.22000000E+01  1.10061812E+00  9.99998656E-01  1.10061812E+00
    62  1.24000000E+01  1.10158288E+00  9.99998549E-01  1.10158288E+00
    63  1.26000000E+01  1.10246956E+00  9.99998434E-01  1.10246956E+00
    64  1.28000000E+01  1.10327786E+00  9.99998312E-01  1.10327786E+00
    65  1.30000000E+01  1.10400813E+00  9.99998183E-01  1.10400813E+00
    66  1.32000000E+01  1.10487347E+00  9.99998045E-01  1.10487347E+00
    67  1.34000000E+01  1.10569142E+00  9.99997900E-01  1.10569142E+00
    68  1.36000000E+01  1.10643191E+00  9.99997745E-01  1.10643191E+00
    69  1.38000000E+01  1.10709596E+00  9.99997581E-01  1.10709596E+00
    70  1.40000000E+01  1.10786791E+00  9.99997408E-01  1.10786791E+00
    71  1.42000000E+01  1.10861659E+00  9.99997224E-01  1.10861659E+00
    72  1.44000000E+01  1.10928879E+00  9.99997030E-01  1.10928879E+00
    73  1.46000000E+01  1.10988618E+00  9.99996824E-01  1.10988618E+00
    74  1.48000000E+01  1.11056405E+00  9.99996607E-01  1.11056405E+00
    75  1.50000000E+01  1.11124625E+00  9.99996378E-01  1.11124625E+00
    76  1.52000000E+01  1.11185390E+00  9.99996137E-01  1.11185390E+00
    77  1.54000000E+01  1.11238929E+00  9.99995882E-01  1.11238929E+00
    78  1.56000000E+01  1.11299858E+00  9.99995613E-01  1.11299858E+00
    79  1.58000000E+01  1.11361387E+00  9.99995329E-01  1.11361387E+00
    80  1.60000000E+01  1.11415662E+00  9.99995031E-01  1.11415662E+00
    81  1.62000000E+01  1.11462981E+00  9.99994717E-01  1.11462981E+00
    82  1.64000000E+01  1.11517449E+00  9.99994386E-01  1.11517449E+00
    83  1.66000000E+01  1.11572720E+00  9.99994039E-01  1.11572720E+00
    84  1.68000000E+01  1.11621021E+00  9.99993674E-01  1.11621021E+00
    85  1.70000000E+01  1.11662697E+00  9.99993290E-01  1.11662697E+00
    86  1.72000000E+01  1.11712090E+00  9.99992887E-01  1.11712090E+00
    87  1.74000000E+01  1.11761085E+00  9.99992463E-01  1.11761085E+00
    88  1.76000000E+01  1.11803413E+00  9.99992020E-01  1.11803413E+00
    89  1.78000000E+01  1.11839474E+00  9.99991554E-01  1.11839474E+00
    90  1.80000000E+01  1.11885041E+00  9.99991066E-01  1.11885041E+00
    91  1.82000000E+01  1.11928313E+00  9.99990555E-01  1.11928313E+00
    92  1.84000000E+01  1.11965271E+00  9.99990019E-01  1.11965271E+00
    93  1.86000000E+01  1.11996353E+00  9.99989458E-01  1.11996353E+00
    94  1.88000000E+01  1.12037956E+00  9.99988872E-01  1.12037956E+00
    95  1.90000000E+01  1.12075529E+00  9.99988258E-01  1.12075529E+00
    96  1.92000000E+01  1.12107174E+00  9.99987616E-01  1.12107174E+00
    97  1.94000000E+01  1.12134450E+00  9.99986946E-01  1.12134450E+00
    98  1.96000000E+01  1.12172933E+00  9.99986246E-01  1.12172933E+00
    99  1.98000000E+01  1.12205427E+00  9.99985515E-01  1.12205427E+00
   100  2.00000000E+01  1.12232401E+00  9.99984751E-01  1.12232401E+00
   101  2.02000000E+01  1.12257532E+00  9.99983955E-01  1.12257532E+00
   102  2.04000000E+01  1.12290611E+00  9.99983126E-01  1.12290611E+00
   103  2.06000000E+01  1.12318112E+00  9.99982260E-01  1.12318112E+00
   104  2.08000000E+01  1.12340539E+00  9.99981359E-01  1.12340539E+00
   105  2.10000000E+01  1.12365664E+00  9.99980421E-01  1.12365664E+00
   106  2.12000000E+01  1.12393972E+00  9.99979444E-01  1.12393972E+00
   107  2.14000000E+01  1.12417126E+00  9.99978428E-01  1.12417126E+00
   108  2.16000000E+01  1.12435654E+00  9.99977372E-01  1.12435654E+00
   109  2.18000000E+01  1.12458842E+00  9.99976273E-01  1.12458842E+00
   110  2.20000000E+01  1.12482491E+00  9.99975132E-01  1.12482491E+00
   111  2.22000000E+01  1.12501450E+00  9.99973948E-01  1.12501450E+00
   112  2.24000000E+01  1.12516269E+00  9.99972718E-01  1.12516269E+00
   113  2.26000000E+01  1.12540348E+00  9.99971442E-01  1.12540348E+00
   114  2.28000000E+01  1.12559984E+00  9.99970120E-01  1.12559984E+00
   115  2.30000000E+01  1.12575388E+00  9.99968749E-01  1.12575388E+00
   116  2.32000000E+01  1.12588969E+00  9.99967329E-01  1.12588969E+00
   117  2.34000000E+01  1.12609067E+00  9.99965859E-01  1.12609067E+00
   118  2.36000000E+01  1.12624866E+00  9.99964338E-01  1.12624866E+00
   119  2.38000000E+01  1.12636927E+00  9.99962765E-01  1.12636927E+00
   120  2.40000000E+01  1.12652619E+00  9.99961139E-01  1.12652619E+00
   121  2.42000000E+01  1.12669042E+00  9.99959460E-01  1.12669042E+00
   122  2.44000000E+01  1.12681630E+00  9.99957726E-01  1.12681630E+00
   123  2.46000000E+01  1.12690943E+00  9.99955937E-01  1.12690943E+00
   124  2.48000000E+01  1.12705263E+00  9.99954092E-01  1.12705263E+00
   125  2.50000000E+01  1.12718211E+00  9.99952191E-01  1.12718211E+00
   126  2.52000000E+01  1.12727820E+00  9.99950233E-01  1.12727820E+00
   127  2.54000000E+01  1.12737636E+00  9.99948218E-01  1.12737636E+00
   128  2.56000000E+01  1.12751151E+00  9.99946146E-01  1.12751151E+00
   129  2.58000000E+01  1.12761227E+00  9.99944016E-01  1.12761227E+00
   130  2.60000000E+01  1.12768420E+00  9.99941828E-01  1.12768420E+00
   131  2.62000000E+01  1.12777357E+00  9.99939584E-01  1.12777357E+00
   132  2.64000000E+01  1.12787757E+00  9.99937282E-01  1.12787757E+00
   133  2.66000000E+01  1.12795212E+00  9.99934923E-01  1.12795212E+00
   134  2.68000000E+01  1.12801100E+00  9.99932509E-01  1.12801100E+00
   135  2.70000000E+01  1.12812007E+00  9.99930039E-01  1.12812007E+00
   136  2.72000000E+01  1.12819865E+00  9.99927516E-01  1.12819865E+00
   137  2.74000000E+01  1.12825223E+00  9.99924940E-01  1.12825223E+00
   138  2.76000000E+01  1.12830522E+00  9.99922313E-01  1.12830522E+00
   139  2.78000000E+01  1.12838668E+00  9.99919636E-01  1.12838668E+00
   140  2.80000000E+01  1.12844253E+00  9.99916913E-01  1.12844253E+00
   141  2.82000000E+01  1.12847811E+00  9.99914145E-01  1.12847811E+00
   142  2.84000000E+01  1.12856302E+00  9.99911335E-01  1.12856302E+00
   143  2.86000000E+01  1.12862225E+00  9.99908486E-01  1.12862225E+00
   144  2.88000000E+01  1.12866016E+00  9.99905602E-01  1.12866016E+00
   145  2.90000000E+01  1.12868996E+00  9.99902687E-01  1.12868996E+00
   146  2.92000000E+01  1.12875170E+00  9.99899745E-01  1.12875170E+00
   147  2.94000000E+01  1.12879155E+00  9.99896780E-01  1.12879155E+00
   148  2.96000000E+01  1.12881461E+00  9.99893799E-01  1.12881461E+00
   149  2.98000000E+01  1.12887843E+00  9.99890807E-01  1.12887843E+00
   150  3.00000000E+01  1.12892098E+00  9.99887811E-01  1.12892098E+00
   151  3.02000000E+01  1.12894572E+00  9.99884817E-01  1.12894572E+00
   152  3.04000000E+01  1.12896213E+00  9.99881833E-01  1.12896213E+00
   153  3.06000000E+01  1.12900685E+00  9.99878868E-01  1.12900685E+00
   154  3.08000000E+01  1.12903321E+00  9.99875930E-01  1.12903321E+00
   155  3.10000000E+01  1.12904906E+00  9.99873030E-01  1.12904906E+00
   156  3.12000000E+01  1.12909688E+00  9.99870179E-01  1.12909688E+00
   157  3.14000000E+01  1.12912528E+00  9.99867387E-01  1.12912528E+00
   158  3.16000000E+01  1.12913916E+00  9.99864668E-01  1.12913916E+00
   159  3.18000000E+01  1.12914898E+00  9.99862034E-01  1.12914898E+00
   160  3.20000000E+01  1.12917921E+00  9.99859502E-01  1.12917921E+00
   161  3.22000000E+01  1.12919442E+00  9.99857085E-01  1.12919442E+00
   162  3.24000000E+01  1.12920994E+00  9.99854801E-01  1.12920994E+00
   163  3.26000000E+01  1.12924259E+00  9.99852668E-01  1.12924259E+00
   164  3.28000000E+01  1.12925920E+00  9.99850705E-01  1.12925920E+00
   165  3.30000000E+01  1.12926436E+00  9.99848933E-01  1.12926436E+00
   166  3.32000000E+01  1.12927210E+00  9.99847373E-01  1.12927210E+00
   167  3.34000000E+01  1.12929022E+00  9.99846049E-01  1.12929022E+00
   168  3.36000000E+01  1.12929644E+00  9.99844986E-01  1.12929644E+00
   169  3.38000000E+01  1.12931471E+00  9.99844212E-01  1.12931471E+00
   170  3.40000000E+01  1.12933457E+00  9.99843753E-01  1.12933457E+00
   171  3.42000000E+01  1.12934156E+00  9.99843642E-01  1.12934156E+00
   172  3.44000000E+01  1.12933993E+00  9.99843909E-01  1.12933993E+00
   173  3.46000000E+01  1.12934834E+00  9.99844590E-01  1.12934834E+00
   174  3.48000000E+01  1.12935655E+00  9.99845721E-01  1.12935655E+00
   175  3.50000000E+01  1.12935574E+00  9.99847340E-01  1.12935574E+00
   176  3.52000000E+01  1.12937827E+00  9.99849490E-01  1.12937827E+00
   177  3.54000000E+01  1.12938758E+00  9.99852213E-01  1.12938758E+00
   178  3.56000000E+01  1.12938694E+00  9.99855556E-01  1.12938694E+00
   179  3.58000000E+01  1.12938028E+00  9.99859567E-01  1.12938028E+00
   180  3.60000000E+01  1.12939072E+00  9.99864300E-01  1.12939072E+00
   181  3.62000000E+01  1.12939317E+00  9.99869808E-01  1.12939317E+00
   182  3.64000000E+01  1.12940765E+00  9.99876149E-01  1.12940765E+00
   183  3.66000000E+01  1.12942020E+00  9.99883385E-01  1.12942020E+00
   184  3.68000000E+01  1.12943086E+00  9.99891580E-01  1.12943086E+00
   185  3.70000000E+01  1.12944514E+00  9.99900803E-01  1.12944514E+00
   186  3.72000000E+01  1.12945786E+00  9.99911126E-01  1.12945786E+00
   187  3.74000000E+01  1.12946862E+00  9.99922624E-01  1.12946862E+00
   188  3.76000000E+01  1.12947759E+00  9.99935378E-01  1.12947759E+00
   189  3.78000000E+01  1.12948500E+00  9.99949472E-01  1.12948500E+00
   190  3.80000000E+01  1.12949560E+00  9.99964995E-01  1.12949560E+00
   191  3.82000000E+01  1.12950527E+00  9.99982040E-01  1.12950527E+00
   192  3.84000000E+01  1.12951327E+00  1.00000070E+00  1.12951327E+00
   193  3.86000000E+01  1.12951986E+00  1.00002109E+00  1.12951986E+00
   194  3.88000000E+01  1.12952616E+00  1.00004331E+00  1.12952616E+00
   195  3.90000000E+01  1.12953419E+00  1.00006748E+00  1.12953419E+00
   196  3.92000000E+01  1.12954078E+00  1.00009372E+00  1.12954078E+00
   197  3.94000000E+01  1.12954621E+00  1.00012214E+00  1.12954621E+00
   198  3.96000000E+01  1.12955075E+00  1.00015289E+00  1.12955075E+00
   199  3.98000000E+01  1.12955527E+00  1.00018610E+00  1.12955527E+00
   200  4.00000000E+01  1.12956110E+00  1.00022192E+00  1.12956110E+00
   201  4.02000000E+01  1.12956591E+00  1.00026050E+00  1.12956591E+00
   202  4.04000000E+01  1.12956996E+00  1.00030199E+00  1.12956996E+00
   203  4.06000000E+01  1.12957349E+00  1.00034658E+00  1.12957349E+00
   204  4.08000000E+01  1.12957668E+00  1.00039442E+00  1.12957668E+00
   205  4.10000000E+01  1.12957965E+00  1.00044570E+00  1.12957965E+00
   206  4.12000000E+01  1.12958272E+00  1.00050062E+00  1.12958272E+00
   207  4.14000000E+01  1.12958590E+00  1.00055937E+00  1.12958590E+00
   208  4.16000000E+01  1.12958888E+00  1.00062216E+00  1.12958888E+00
   209  4.18000000E+01  1.12959175E+00  1.00068921E+00  1.12959175E+00
   210  4.20000000E+01  1.12959455E+00  1.00076074E+00  1.12959455E+00
   211  4.22000000E+01  1.12959728E+00  1.00083700E+00  1.12959728E+00
   212  4.24000000E+01  1.12959993E+00  1.00091823E+00  1.12959993E+00
   213  4.26000000E+01  1.12960246E+00  1.00100468E+00  1.12960246E+00
   214  4.28000000E+01  1.12960484E+00  1.00109663E+00  1.12960484E+00
   215  4.30000000E+01  1.12960704E+00  1.00119435E+00  1.12960704E+00
   216  4.32000000E+01  1.12960903E+00  1.00129814E+00  1.12960903E+00
   217  4.34000000E+01  1.12961081E+00  1.00140829E+00  1.12961081E+00
   218  4.36000000E+01  1.12961237E+00  1.00152513E+00  1.12961237E+00
   219  4.38000000E+01  1.12961425E+00  1.00164897E+00  1.12961425E+00
   220  4.40000000E+01  1.12961606E+00  1.00178017E+00  1.12961606E+00
   221  4.42000000E+01  1.12961766E+00  1.00191906E+00  1.12961766E+00
   222  4.44000000E+01  1.12961906E+00  1.00206602E+00  1.12961906E+00
   223  4.46000000E+01  1.12962026E+00  1.00222142E+00  1.12962026E+00
   224  4.48000000E+01  1.12962128E+00  1.00238566E+00  1.12962128E+00
   225  4.50000000E+01  1.12962214E+00  1.00255915E+00  1.12962214E+00
   226  4.52000000E+01  1.12962285E+00  1.00274230E+00  1.12962285E+00
   227  4.54000000E+01  1.12962345E+00  1.00293556E+00  1.12962345E+00
   228  4.56000000E+01  1.12962423E+00  1.00313936E+00  1.12962423E+00
   229  4.58000000E+01  1.12962496E+00  1.00335419E+00  1.12962496E+00
   230  4.60000000E+01  1.12962556E+00  1.00358052E+00  1.12962556E+00
   231  4.62000000E+01  1.12962607E+00  1.00381884E+00  1.12962607E+00
   232  4.64000000E+01  1.12962649E+00  1.00406967E+00  1.12962649E+00
   233  4.66000000E+01  1.12962685E+00  1.00433354E+00  1.12962685E+00
   234  4.68000000E+01  1.12962715E+00  1.00461098E+00  1.12962715E+00
   235  4.70000000E+01  1.12962740E+00  1.00490256E+00  1.12962740E+00
   236  4.72000000E+01  1.12962761E+00  1.00520885E+00  1.12962761E+00
   237  4.74000000E+01  1.12962779E+00  1.00553044E+00  1.12962779E+00
   238  4.76000000E+01  1.12962792E+00  1.00586794E+00  1.12962792E+00
   239  4.78000000E+01  1.12962802E+00  1.00622195E+00  1.12962802E+00
   240  4.80000000E+01  1.12962809E+00  1.00659312E+00  1.12962809E+00
   241  4.82000000E+01  1.12962814E+00  1.00698210E+00  1.12962814E+00
   242  4.84000000E+01  1.12962815E+00  1.00738954E+00  1.12962815E+00
   243  4.86000000E+01  1.12962814E+00  1.00781612E+00  1.12962814E+00
   244  4.88000000E+01  1.12962811E+00  1.00826253E+00  1.12962811E+00
   245  4.90000000E+01  1.12962806E+00  1.00872946E+00  1.12962806E+00
   246  4.92000000E+01  1.12962799E+00  1.00921764E+00  1.12962799E+00
   247  4.94000000E+01  1.12962791E+00  1.00972777E+00  1.12962791E+00
   248  4.96000000E+01  1.12962783E+00  1.01026059E+00  1.12962783E+00
   249  4.98000000E+01  1.12962773E+00  1.01081683E+00  1.12962773E+00
   250  5.00000000E+01  1.12962762E+00  1.01139725E+00  1.12962762E+00
   251  5.02000000E+01  1.12962751E+00  1.01200258E+00  1.12962751E+00
   252  5.04000000E+01  1.12962740E+00  1.01263358E+00  1.12962740E+00
   253  5.06000000E+01  1.12962728E+00  1.01329102E+00  1.12962728E+00
   254  5.08000000E+01  1.12962717E+00  1.01397563E+00  1.12962717E+00
   255  5.10000000E+01  1.12962705E+00  1.01468818E+00  1.12962705E+00
   256  5.12000000E+01  1.12962693E+00  1.01542941E+00  1.12962693E+00
   257  5.14000000E+01  1.12962681E+00  1.01620006E+00  1.12962681E+00
   258  5.16000000E+01  1.12962670E+00  1.01700087E+00  1.12962670E+00
   259  5.18000000E+01  1.12962658E+00  1.01783255E+00  1.12962658E+00
   260  5.20000000E+01  1.12962647E+00  1.01869580E+00  1.12962647E+00
   261  5.22000000E+01  1.12962636E+00  1.01959132E+00  1.12962636E+00
   262  5.24000000E+01  1.12962625E+00  1.02051976E+00  1.12962625E+00
   263  5.26000000E+01  1.12962615E+00  1.02148176E+00  1.12962615E+00
   264  5.28000000E+01  1.12962604E+00  1.02247793E+00  1.12962604E+00
   265  5.30000000E+01  1.12962595E+00  1.02350883E+00  1.12962595E+00
   266  5.32000000E+01  1.12962585E+00  1.02457502E+00  1.12962585E+00
   267  5.34000000E+01  1.12962576E+00  1.02567697E+00  1.12962576E+00
   268  5.36000000E+01  1.12962567E+00  1.02681515E+00  1.12962567E+00
   269  5.38000000E+01  1.12962558E+00  1.02798993E+00  1.12962558E+00
   270  5.40000000E+01  1.12962550E+00  1.02920168E+00  1.12962550E+00
   271  5.42000000E+01  1.12962542E+00  1.03045067E+00  1.12962542E+00
   272  5.44000000E+01  1.12962535E+00  1.03173711E+00  1.12962535E+00
   273  5.46000000E+01  1.12962527E+00  1.03306115E+00  1.12962527E+00
   274  5.48000000E+01  1.12962521E+00  1.03442287E+00  1.12962521E+00
   275  5.50000000E+01  1.12962514E+00  1.03582225E+00  1.12962514E+00
   276  5.52000000E+01  1.12962508E+00  1.03725920E+00  1.12962508E+00
   277  5.54000000E+01  1.12962502E+00  1.03873354E+00  1.12962502E+00
   278  5.56000000E+01  1.12962496E+00  1.04024499E+00  1.12962496E+00
   279  5.58000000E+01  1.12962491E+00  1.04179317E+00  1.12962491E+00
   280  5.60000000E+01  1.12962486E+00  1.04337760E+00  1.12962486E+00
   281  5.62000000E+01  1.12962481E+00  1.04499770E+00  1.12962481E+00
   282  5.64000000E+01  1.12962477E+00  1.04665275E+00  1.12962477E+00
   283  5.66000000E+01  1.12962472E+00  1.04834195E+00  1.12962472E+00
   284  5.68000000E+01  1.12962468E+00  1.05006435E+00  1.12962468E+00
   285  5.70000000E+01  1.12962465E+00  1.05181889E+00  1.12962465E+00
   286  5.72000000E+01  1.12962461E+00  1.05360439E+00  1.12962461E+00
   287  5.74000000E+01  1.12962458E+00  1.05541953E+00  1.12962458E+00
   288  5.76000000E+01  1.12962454E+00  1.05726286E+00  1.12962454E+00
   289  5.78000000E+01  1.12962452E+00  1.05913280E+00  1.12962452E+00
   290  5.80000000E+01  1.12962449E+00  1.06102766E+00  1.12962449E+00
   291  5.82000000E+01  1.12962446E+00  1.06294559E+00  1.12962446E+00
   292  5.84000000E+01  1.12962444E+00  1.06488462E+00  1.12962444E+00
   293  5.86000000E+01  1.12962441E+00  1.06684265E+00  1.12962441E+00
   294  5.88000000E+01  1.12962439E+00  1.06881745E+00  1.12962439E+00
   295  5.90000000E+01  1.12962437E+00  1.07080666E+00  1.12962437E+00
   296  5.92000000E+01  1.12962435E+00  1.07280783E+00  1.12962435E+00
   297  5.94000000E+01  1.12962434E+00  1.07481834E+00  1.12962434E+00
   298  5.96000000E+01  1.12962432E+00  1.07683550E+00  1.12962432E+00
   299  5.98000000E+01  1.12962430E+00  1.07885649E+00  1.12962430E+00
   300  6.00000000E+01  1.12962429E+00  1.08087841E+00  1.12962429E+00
   301  6.02000000E+01  1.12962428E+00  1.08289825E+00  1.12962428E+00
   302  6.04000000E+01  1.12962426E+00  1.08491292E+00  1.12962426E+00
   303  6.06000000E+01  1.12962425E+00  1.08691924E+00  1.12962425E+00
   304  6.08000000E+01  1.12962424E+00  1.08891400E+00  1.12962424E+00
   305  6.10000000E+01  1.12962423E+00  1.09089388E+00  1.12962423E+00
   306  6.12000000E+01  1.12962422E+00  1.09285555E+00  1.12962422E+00
   307  6.14000000E+01  1.12962421E+00  1.09479563E+00  1.12962421E+00
   308  6.16000000E+01  1.12962420E+00  1.09671071E+00  1.12962420E+00
   309  6.18000000E+01  1.12962420E+00  1.09859737E+00  1.12962420E+00
   310  6.20000000E+01  1.12962419E+00  1.10045219E+00  1.12962419E+00
   311  6.22000000E+01  1.12962418E+00  1.10227177E+00  1.12962418E+00
   312  6.24000000E+01  1.12962418E+00  1.10405273E+00  1.12962418E+00
   313  6.26000000E+01  1.12962417E+00  1.10579174E+00  1.12962417E+00
   314  6.28000000E+01  1.12962417E+00  1.10748553E+00  1.12962417E+00
   315  6.30000000E+01  1.12962416E+00  1.10913090E+00  1.12962416E+00
   316  6.32000000E+01  1.12962416E+00  1.11072476E+00  1.12962416E+00
   317  6.34000000E+01  1.12962415E+00  1.11226412E+00  1.12962415E+00
   318  6.36000000E+01  1.12962415E+00  1.11374614E+00  1.12962415E+00
   319  6.38000000E+01  1.12962415E+00  1.11516812E+00  1.12962415E+00
   320  6.40000000E+01  1.12962414E+00  1.11652756E+00  1.12962414E+00
   321  6.42000000E+01  1.12962414E+00  1.11782215E+00  1.12962414E+00
   322  6.44000000E+01  1.12962414E+00  1.11904981E+00  1.12962414E+00
   323  6.46000000E+01  1.12962413E+00  1.12020873E+00  1.12962413E+00
   324  6.48000000E+01  1.12962413E+00  1.12129738E+00  1.12962413E+00
   325  6.50000000E+01  1.12962413E+00  1.12231455E+00  1.12962413E+00
   326  6.52000000E+01  1.12962413E+00  1.12325937E+00  1.12962413E+00
   327  6.54000000E+01  1.12962413E+00  1.12413138E+00  1.12962413E+00
   328  6.56000000E+01  1.12962412E+00  1.12493050E+00  1.12962412E+00
   329  6.58000000E+01  1.12962412E+00  1.12565710E+00  1.12962412E+00
   330  6.60000000E+01  1.12962412E+00  1.12631202E+00  1.12962412E+00
   331  6.62000000E+01  1.12962412E+00  1.12689656E+00  1.12962412E+00
   332  6.64000000E+01  1.12962412E+00  1.12741255E+00  1.12962412E+00
   333  6.66000000E+01  1.12962412E+00  1.12786229E+00  1.12962412E+00
   334  6.68000000E+01  1.12962412E+00  1.12824859E+00  1.12962412E+00
   335  6.70000000E+01  1.12962412E+00  1.12857473E+00  1.12962412E+00
   336  6.72000000E+01  1.12962411E+00  1.12884446E+00  1.12962411E+00
   337  6.74000000E+01  1.12962411E+00  1.12906191E+00  1.12962411E+00
 steady-height stop at step    337: truncated to 3 decimals, truncated max/end/ratio =       1129      1129      1129, max/end/ratio =   1.12962411E+00  1.12906191E+00  1.12962411E+00
