 comppar: model =   3
 comppar: lambda,mobility/eps,betav,eta_0 =  9.0000E+00  3.0000E-01  9.0000E-01  1.0000E+00
 comppar: eta_s,eta_p,G =  9.0000E-01  1.0000E-01  1.1111E-02
 comppar: U_avg,deltat,flowrate,nsteps =  1.0000E-01  4.0000E-01  3.1416E-01    1000
 comppar: geometry = axisymmetric
 comppar: steady stop change,gap,hold,min =  1.0000E-05  2.0000E-04      10      80
 comppar: steady stop rounded decimals =       4
 comppar: ncompc,ncompg =     4     5
 mesh nnodes = 22999
 mesh nelem = 11296
 P1 BC   5.0000000000000000     
 P2 BC   0.0000000000000000     
     1  4.00000000E-01  1.00503996E+00  1.00000000E+00  1.00503996E+00
     2  8.00000000E-01  1.00992372E+00  1.00000000E+00  1.00992372E+00
     3  1.20000000E+00  1.01465647E+00  1.00000000E+00  1.01465647E+00
     4  1.60000000E+00  1.01925140E+00  1.00000000E+00  1.01925140E+00
     5  2.00000000E+00  1.02371209E+00  1.00000000E+00  1.02371209E+00
     6  2.40000000E+00  1.02804414E+00  1.00000000E+00  1.02804414E+00
     7  2.80000000E+00  1.03225194E+00  1.00000000E+00  1.03225194E+00
     8  3.20000000E+00  1.03633787E+00  1.00000000E+00  1.03633787E+00
     9  3.60000000E+00  1.04031596E+00  1.00000000E+00  1.04031596E+00
    10  4.00000000E+00  1.04417711E+00  1.00000000E+00  1.04417711E+00
    11  4.40000000E+00  1.04792963E+00  9.99999996E-01  1.04792963E+00
    12  4.80000000E+00  1.05157666E+00  9.99999990E-01  1.05157666E+00
    13  5.20000000E+00  1.05512082E+00  9.99999982E-01  1.05512082E+00
    14  5.60000000E+00  1.05855222E+00  9.99999972E-01  1.05855222E+00
    15  6.00000000E+00  1.06190079E+00  9.99999958E-01  1.06190079E+00
    16  6.40000000E+00  1.06514460E+00  9.99999940E-01  1.06514460E+00
    17  6.80000000E+00  1.06828620E+00  9.99999918E-01  1.06828620E+00
    18  7.20000000E+00  1.07132808E+00  9.99999891E-01  1.07132808E+00
    19  7.60000000E+00  1.07427858E+00  9.99999857E-01  1.07427858E+00
    20  8.00000000E+00  1.07714692E+00  9.99999818E-01  1.07714692E+00
    21  8.40000000E+00  1.07991783E+00  9.99999770E-01  1.07991783E+00
    22  8.80000000E+00  1.08259857E+00  9.99999714E-01  1.08259857E+00
    23  9.20000000E+00  1.08518645E+00  9.99999648E-01  1.08518645E+00
    24  9.60000000E+00  1.08768716E+00  9.99999570E-01  1.08768716E+00
    25  1.00000000E+01  1.09009692E+00  9.99999481E-01  1.09009692E+00
    26  1.04000000E+01  1.09242180E+00  9.99999378E-01  1.09242180E+00
    27  1.08000000E+01  1.09465544E+00  9.99999259E-01  1.09465544E+00
    28  1.12000000E+01  1.09680528E+00  9.99999123E-01  1.09680528E+00
    29  1.16000000E+01  1.09888818E+00  9.99998968E-01  1.09888818E+00
    30  1.20000000E+01  1.10089623E+00  9.99998792E-01  1.10089623E+00
    31  1.24000000E+01  1.10282180E+00  9.99998592E-01  1.10282180E+00
    32  1.28000000E+01  1.10466493E+00  9.99998367E-01  1.10466493E+00
    33  1.32000000E+01  1.10642936E+00  9.99998113E-01  1.10642936E+00
    34  1.36000000E+01  1.10811570E+00  9.99997828E-01  1.10811570E+00
    35  1.40000000E+01  1.10972732E+00  9.99997509E-01  1.10972732E+00
    36  1.44000000E+01  1.11126676E+00  9.99997152E-01  1.11126676E+00
    37  1.48000000E+01  1.11276231E+00  9.99996754E-01  1.11276231E+00
    38  1.52000000E+01  1.11418781E+00  9.99996312E-01  1.11418781E+00
    39  1.56000000E+01  1.11554619E+00  9.99995820E-01  1.11554619E+00
    40  1.60000000E+01  1.11683871E+00  9.99995276E-01  1.11683871E+00
    41  1.64000000E+01  1.11806931E+00  9.99994674E-01  1.11806931E+00
    42  1.68000000E+01  1.11923896E+00  9.99994009E-01  1.11923896E+00
    43  1.72000000E+01  1.12035090E+00  9.99993276E-01  1.12035090E+00
    44  1.76000000E+01  1.12140571E+00  9.99992470E-01  1.12140571E+00
    45  1.80000000E+01  1.12241877E+00  9.99991585E-01  1.12241877E+00
    46  1.84000000E+01  1.12338900E+00  9.99990615E-01  1.12338900E+00
    47  1.88000000E+01  1.12430718E+00  9.99989554E-01  1.12430718E+00
    48  1.92000000E+01  1.12517850E+00  9.99988394E-01  1.12517850E+00
    49  1.96000000E+01  1.12600170E+00  9.99987129E-01  1.12600170E+00
    50  2.00000000E+01  1.12678252E+00  9.99985752E-01  1.12678252E+00
    51  2.04000000E+01  1.12751927E+00  9.99984254E-01  1.12751927E+00
    52  2.08000000E+01  1.12822160E+00  9.99982629E-01  1.12822160E+00
    53  2.12000000E+01  1.12889972E+00  9.99980868E-01  1.12889972E+00
    54  2.16000000E+01  1.12953829E+00  9.99978964E-01  1.12953829E+00
    55  2.20000000E+01  1.13014337E+00  9.99976908E-01  1.13014337E+00
    56  2.24000000E+01  1.13071241E+00  9.99974691E-01  1.13071241E+00
    57  2.28000000E+01  1.13126142E+00  9.99972307E-01  1.13126142E+00
    58  2.32000000E+01  1.13178933E+00  9.99969746E-01  1.13178933E+00
    59  2.36000000E+01  1.13228570E+00  9.99967001E-01  1.13228570E+00
    60  2.40000000E+01  1.13277117E+00  9.99964065E-01  1.13277117E+00
    61  2.44000000E+01  1.13323548E+00  9.99960931E-01  1.13323548E+00
    62  2.48000000E+01  1.13369630E+00  9.99957591E-01  1.13369630E+00
    63  2.52000000E+01  1.13415062E+00  9.99954042E-01  1.13415062E+00
    64  2.56000000E+01  1.13460372E+00  9.99950278E-01  1.13460372E+00
    65  2.60000000E+01  1.13505464E+00  9.99946297E-01  1.13505464E+00
    66  2.64000000E+01  1.13549783E+00  9.99942097E-01  1.13549783E+00
    67  2.68000000E+01  1.13592792E+00  9.99937679E-01  1.13592792E+00
    68  2.72000000E+01  1.13635197E+00  9.99933044E-01  1.13635197E+00
    69  2.76000000E+01  1.13675319E+00  9.99928199E-01  1.13675319E+00
    70  2.80000000E+01  1.13714705E+00  9.99923152E-01  1.13714705E+00
    71  2.84000000E+01  1.13752091E+00  9.99917914E-01  1.13752091E+00
    72  2.88000000E+01  1.13787608E+00  9.99912503E-01  1.13787608E+00
    73  2.92000000E+01  1.13822107E+00  9.99906938E-01  1.13822107E+00
    74  2.96000000E+01  1.13854532E+00  9.99901247E-01  1.13854532E+00
    75  3.00000000E+01  1.13885154E+00  9.99895461E-01  1.13885154E+00
    76  3.04000000E+01  1.13914927E+00  9.99889621E-01  1.13914927E+00
    77  3.08000000E+01  1.13942816E+00  9.99883774E-01  1.13942816E+00
    78  3.12000000E+01  1.13968895E+00  9.99877977E-01  1.13968895E+00
    79  3.16000000E+01  1.13994114E+00  9.99872296E-01  1.13994114E+00
    80  3.20000000E+01  1.14017929E+00  9.99866809E-01  1.14017929E+00
    81  3.24000000E+01  1.14040165E+00  9.99861609E-01  1.14040165E+00
    82  3.28000000E+01  1.14061127E+00  9.99856799E-01  1.14061127E+00
    83  3.32000000E+01  1.14081343E+00  9.99852503E-01  1.14081343E+00
    84  3.36000000E+01  1.14100186E+00  9.99848858E-01  1.14100186E+00
    85  3.40000000E+01  1.14117676E+00  9.99846023E-01  1.14117676E+00
    86  3.44000000E+01  1.14134727E+00  9.99844180E-01  1.14134727E+00
    87  3.48000000E+01  1.14150608E+00  9.99843533E-01  1.14150608E+00
    88  3.52000000E+01  1.14165316E+00  9.99844314E-01  1.14165316E+00
    89  3.56000000E+01  1.14179680E+00  9.99846784E-01  1.14179680E+00
    90  3.60000000E+01  1.14192993E+00  9.99851238E-01  1.14192993E+00
    91  3.64000000E+01  1.14205517E+00  9.99858004E-01  1.14205517E+00
    92  3.68000000E+01  1.14217528E+00  9.99867451E-01  1.14217528E+00
    93  3.72000000E+01  1.14228618E+00  9.99879992E-01  1.14228618E+00
    94  3.76000000E+01  1.14239324E+00  9.99896083E-01  1.14239324E+00
    95  3.80000000E+01  1.14249296E+00  9.99916236E-01  1.14249296E+00
    96  3.84000000E+01  1.14258604E+00  9.99941016E-01  1.14258604E+00
    97  3.88000000E+01  1.14267549E+00  9.99971050E-01  1.14267549E+00
    98  3.92000000E+01  1.14275750E+00  1.00000703E+00  1.14275750E+00
    99  3.96000000E+01  1.14283519E+00  1.00004972E+00  1.14283519E+00
   100  4.00000000E+01  1.14290815E+00  1.00009996E+00  1.14290815E+00
   101  4.04000000E+01  1.14297469E+00  1.00015869E+00  1.14297469E+00
   102  4.08000000E+01  1.14303786E+00  1.00022691E+00  1.14303786E+00
   103  4.12000000E+01  1.14309653E+00  1.00030573E+00  1.14309653E+00
   104  4.16000000E+01  1.14314968E+00  1.00039639E+00  1.14314968E+00
   105  4.20000000E+01  1.14319945E+00  1.00050021E+00  1.14319945E+00
   106  4.24000000E+01  1.14324579E+00  1.00061864E+00  1.14324579E+00
   107  4.28000000E+01  1.14328740E+00  1.00075327E+00  1.14328740E+00
   108  4.32000000E+01  1.14332531E+00  1.00090581E+00  1.14332531E+00
   109  4.36000000E+01  1.14336113E+00  1.00107812E+00  1.14336113E+00
   110  4.40000000E+01  1.14339289E+00  1.00127224E+00  1.14339289E+00
   111  4.44000000E+01  1.14342099E+00  1.00149033E+00  1.14342099E+00
   112  4.48000000E+01  1.14344764E+00  1.00173475E+00  1.14344764E+00
   113  4.52000000E+01  1.14347110E+00  1.00200804E+00  1.14347110E+00
   114  4.56000000E+01  1.14349150E+00  1.00231292E+00  1.14349150E+00
   115  4.60000000E+01  1.14351016E+00  1.00265230E+00  1.14351016E+00
   116  4.64000000E+01  1.14352667E+00  1.00302932E+00  1.14352667E+00
   117  4.68000000E+01  1.14354066E+00  1.00344730E+00  1.14354066E+00
   118  4.72000000E+01  1.14355295E+00  1.00390979E+00  1.14355295E+00
   119  4.76000000E+01  1.14356373E+00  1.00442054E+00  1.14356373E+00
   120  4.80000000E+01  1.14357241E+00  1.00498355E+00  1.14357241E+00
   121  4.84000000E+01  1.14357963E+00  1.00560300E+00  1.14357963E+00
   122  4.88000000E+01  1.14358569E+00  1.00628330E+00  1.14358569E+00
   123  4.92000000E+01  1.14359005E+00  1.00702907E+00  1.14359005E+00
   124  4.96000000E+01  1.14359319E+00  1.00784513E+00  1.14359319E+00
   125  5.00000000E+01  1.14359542E+00  1.00873646E+00  1.14359542E+00
   126  5.04000000E+01  1.14359625E+00  1.00970821E+00  1.14359625E+00
   127  5.08000000E+01  1.14359602E+00  1.01076567E+00  1.14359602E+00
   128  5.12000000E+01  1.14359517E+00  1.01191423E+00  1.14359517E+00
   129  5.16000000E+01  1.14359320E+00  1.01315935E+00  1.14359320E+00
   130  5.20000000E+01  1.14359021E+00  1.01450649E+00  1.14359021E+00
   131  5.24000000E+01  1.14358684E+00  1.01596110E+00  1.14358684E+00
   132  5.28000000E+01  1.14358264E+00  1.01752851E+00  1.14358264E+00
   133  5.32000000E+01  1.14357766E+00  1.01921389E+00  1.14357766E+00
   134  5.36000000E+01  1.14357208E+00  1.02102218E+00  1.14357208E+00
   135  5.40000000E+01  1.14356617E+00  1.02295795E+00  1.14356617E+00
   136  5.44000000E+01  1.14355967E+00  1.02502535E+00  1.14355967E+00
   137  5.48000000E+01  1.14355267E+00  1.02722801E+00  1.14355267E+00
   138  5.52000000E+01  1.14354522E+00  1.02956889E+00  1.14354522E+00
   139  5.56000000E+01  1.14353752E+00  1.03205017E+00  1.14353752E+00
   140  5.60000000E+01  1.14352955E+00  1.03467317E+00  1.14352955E+00
   141  5.64000000E+01  1.14352127E+00  1.03743814E+00  1.14352127E+00
   142  5.68000000E+01  1.14351277E+00  1.04034424E+00  1.14351277E+00
   143  5.72000000E+01  1.14350406E+00  1.04338933E+00  1.14350406E+00
   144  5.76000000E+01  1.14349522E+00  1.04656989E+00  1.14349522E+00
   145  5.80000000E+01  1.14348627E+00  1.04988091E+00  1.14348627E+00
   146  5.84000000E+01  1.14347726E+00  1.05331579E+00  1.14347726E+00
   147  5.88000000E+01  1.14346824E+00  1.05686628E+00  1.14346824E+00
   148  5.92000000E+01  1.14345932E+00  1.06052240E+00  1.14345932E+00
   149  5.96000000E+01  1.14345045E+00  1.06427242E+00  1.14345045E+00
   150  6.00000000E+01  1.14344181E+00  1.06810286E+00  1.14344181E+00
   151  6.04000000E+01  1.14343330E+00  1.07199852E+00  1.14343330E+00
   152  6.08000000E+01  1.14342514E+00  1.07594258E+00  1.14342514E+00
   153  6.12000000E+01  1.14341719E+00  1.07991664E+00  1.14341719E+00
   154  6.16000000E+01  1.14340960E+00  1.08390094E+00  1.14340960E+00
   155  6.20000000E+01  1.14340232E+00  1.08787451E+00  1.14340232E+00
   156  6.24000000E+01  1.14339534E+00  1.09181545E+00  1.14339534E+00
   157  6.28000000E+01  1.14338880E+00  1.09570115E+00  1.14338880E+00
   158  6.32000000E+01  1.14338257E+00  1.09950868E+00  1.14338257E+00
   159  6.36000000E+01  1.14337668E+00  1.10321514E+00  1.14337668E+00
   160  6.40000000E+01  1.14337127E+00  1.10679804E+00  1.14337127E+00
   161  6.44000000E+01  1.14336622E+00  1.11023576E+00  1.14336622E+00
   162  6.48000000E+01  1.14336301E+00  1.11350800E+00  1.14336301E+00
   163  6.52000000E+01  1.14336034E+00  1.11659629E+00  1.14336034E+00
   164  6.56000000E+01  1.14335790E+00  1.11948443E+00  1.14335790E+00
   165  6.60000000E+01  1.14335579E+00  1.12215900E+00  1.14335579E+00
   166  6.64000000E+01  1.14335393E+00  1.12460978E+00  1.14335393E+00
   167  6.68000000E+01  1.14335225E+00  1.12683017E+00  1.14335225E+00
   168  6.72000000E+01  1.14335073E+00  1.12881750E+00  1.14335073E+00
   169  6.76000000E+01  1.14334936E+00  1.13057328E+00  1.14334936E+00
   170  6.80000000E+01  1.14334813E+00  1.13210330E+00  1.14334813E+00
   171  6.84000000E+01  1.14334703E+00  1.13341757E+00  1.14334703E+00
   172  6.88000000E+01  1.14334604E+00  1.13453018E+00  1.14334604E+00
   173  6.92000000E+01  1.14334521E+00  1.13545887E+00  1.14334521E+00
   174  6.96000000E+01  1.14334450E+00  1.13622448E+00  1.14334450E+00
   175  7.00000000E+01  1.14334387E+00  1.13685019E+00  1.14334387E+00
   176  7.04000000E+01  1.14334332E+00  1.13736066E+00  1.14334332E+00
   177  7.08000000E+01  1.14334283E+00  1.13778097E+00  1.14334283E+00
   178  7.12000000E+01  1.14334240E+00  1.13813557E+00  1.14334240E+00
   179  7.16000000E+01  1.14334202E+00  1.13844717E+00  1.14334202E+00
   180  7.20000000E+01  1.14334170E+00  1.13873573E+00  1.14334170E+00
   181  7.24000000E+01  1.14334141E+00  1.13901763E+00  1.14334141E+00
   182  7.28000000E+01  1.14334117E+00  1.13930502E+00  1.14334117E+00
   183  7.32000000E+01  1.14334095E+00  1.13960549E+00  1.14334095E+00
   184  7.36000000E+01  1.14334077E+00  1.13992206E+00  1.14334077E+00
   185  7.40000000E+01  1.14334061E+00  1.14025351E+00  1.14334061E+00
   186  7.44000000E+01  1.14334048E+00  1.14059503E+00  1.14334048E+00
   187  7.48000000E+01  1.14334037E+00  1.14093915E+00  1.14334037E+00
   188  7.52000000E+01  1.14334027E+00  1.14127680E+00  1.14334027E+00
   189  7.56000000E+01  1.14334019E+00  1.14159850E+00  1.14334019E+00
   190  7.60000000E+01  1.14334013E+00  1.14189549E+00  1.14334013E+00
   191  7.64000000E+01  1.14334008E+00  1.14216064E+00  1.14334008E+00
   192  7.68000000E+01  1.14334003E+00  1.14238919E+00  1.14334003E+00
   193  7.72000000E+01  1.14334000E+00  1.14257911E+00  1.14334000E+00
   194  7.76000000E+01  1.14333997E+00  1.14273113E+00  1.14333997E+00
   195  7.80000000E+01  1.14333995E+00  1.14284841E+00  1.14333995E+00
   196  7.84000000E+01  1.14333993E+00  1.14293600E+00  1.14333993E+00
   197  7.88000000E+01  1.14333992E+00  1.14300009E+00  1.14333992E+00
   198  7.92000000E+01  1.14333991E+00  1.14304716E+00  1.14333991E+00
   199  7.96000000E+01  1.14333990E+00  1.14308327E+00  1.14333990E+00
   200  8.00000000E+01  1.14333990E+00  1.14311345E+00  1.14333990E+00
   201  8.04000000E+01  1.14333990E+00  1.14314128E+00  1.14333990E+00
   202  8.08000000E+01  1.14333990E+00  1.14316880E+00  1.14333990E+00
   203  8.12000000E+01  1.14333990E+00  1.14319660E+00  1.14333990E+00
   204  8.16000000E+01  1.14333990E+00  1.14322412E+00  1.14333990E+00
   205  8.20000000E+01  1.14333990E+00  1.14325009E+00  1.14333990E+00
   206  8.24000000E+01  1.14333990E+00  1.14327295E+00  1.14333990E+00
   207  8.28000000E+01  1.14333990E+00  1.14329130E+00  1.14333990E+00
   208  8.32000000E+01  1.14333991E+00  1.14330418E+00  1.14333991E+00
   209  8.36000000E+01  1.14333991E+00  1.14331126E+00  1.14333991E+00
   210  8.40000000E+01  1.14333991E+00  1.14331281E+00  1.14333991E+00
   211  8.44000000E+01  1.14333991E+00  1.14330962E+00  1.14333991E+00
   212  8.48000000E+01  1.14333991E+00  1.14330281E+00  1.14333991E+00
   213  8.52000000E+01  1.14333992E+00  1.14329363E+00  1.14333992E+00
   214  8.56000000E+01  1.14333992E+00  1.14328318E+00  1.14333992E+00
 steady-height stop at step    214: rounded to 4 decimals, rounded max/end/ratio =      11433     11433     11433, max/end/ratio =   1.14333992E+00  1.14328318E+00  1.14333992E+00
