 dx_box  0.20000000000000001      dx_wall   1.2500000000000001E-002
 comppar: model =   2
 comppar: lambda,mobility/eps,betav,eta_0 =  1.0000E+00  0.0000E+00  1.1111E-01  1.0000E+00
 comppar: eta_s,eta_p,G =  1.1111E-01  8.8889E-01  8.8889E-01
 comppar: U_avg,deltat,flowrate,nsteps =  5.0000E-01  5.0000E-02  1.5708E+00    1000
 comppar: geometry = axisymmetric
 comppar: steady stop change,gap,hold,min =  1.0000E-05  5.0000E-03      10      80
 comppar: ncompc,ncompg =     4     5
 mesh nnodes = 39337
 mesh nelem = 19550
 P1 BC   5.0000000000000000     
 P2 BC   0.0000000000000000     
     1  5.00000000E-02  1.00314932E+00  1.00000000E+00  1.00314932E+00
     2  1.00000000E-01  1.00619529E+00  1.00000000E+00  1.00619529E+00
     3  1.50000000E-01  1.00912027E+00  1.00000000E+00  1.00912027E+00
     4  2.00000000E-01  1.01195632E+00  1.00000000E+00  1.01195632E+00
     5  2.50000000E-01  1.01471577E+00  1.00000000E+00  1.01471577E+00
     6  3.00000000E-01  1.01742788E+00  1.00000000E+00  1.01742788E+00
     7  3.50000000E-01  1.02011813E+00  1.00000000E+00  1.02011813E+00
     8  4.00000000E-01  1.02280036E+00  1.00000000E+00  1.02280036E+00
     9  4.50000000E-01  1.02550475E+00  1.00000001E+00  1.02550475E+00
    10  5.00000000E-01  1.02823999E+00  1.00000001E+00  1.02823999E+00
    11  5.50000000E-01  1.03101247E+00  1.00000001E+00  1.03101247E+00
    12  6.00000000E-01  1.03380075E+00  1.00000001E+00  1.03380075E+00
    13  6.50000000E-01  1.03670093E+00  1.00000001E+00  1.03670093E+00
    14  7.00000000E-01  1.03964798E+00  1.00000001E+00  1.03964798E+00
    15  7.50000000E-01  1.04263474E+00  1.00000001E+00  1.04263474E+00
    16  8.00000000E-01  1.04568766E+00  1.00000001E+00  1.04568766E+00
    17  8.50000000E-01  1.04884168E+00  1.00000001E+00  1.04884168E+00
    18  9.00000000E-01  1.05203951E+00  1.00000001E+00  1.05203951E+00
    19  9.50000000E-01  1.05528172E+00  1.00000001E+00  1.05528172E+00
    20  1.00000000E+00  1.05856844E+00  1.00000000E+00  1.05856844E+00
    21  1.05000000E+00  1.06189975E+00  1.00000000E+00  1.06189975E+00
    22  1.10000000E+00  1.06528533E+00  9.99999999E-01  1.06528533E+00
    23  1.15000000E+00  1.06879178E+00  9.99999996E-01  1.06879178E+00
    24  1.20000000E+00  1.07233825E+00  9.99999991E-01  1.07233825E+00
    25  1.25000000E+00  1.07592130E+00  9.99999986E-01  1.07592130E+00
    26  1.30000000E+00  1.07953843E+00  9.99999980E-01  1.07953843E+00
    27  1.35000000E+00  1.08318829E+00  9.99999972E-01  1.08318829E+00
    28  1.40000000E+00  1.08686955E+00  9.99999964E-01  1.08686955E+00
    29  1.45000000E+00  1.09057973E+00  9.99999955E-01  1.09057973E+00
    30  1.50000000E+00  1.09431473E+00  9.99999945E-01  1.09431473E+00
    31  1.55000000E+00  1.09807041E+00  9.99999933E-01  1.09807041E+00
    32  1.60000000E+00  1.10184371E+00  9.99999920E-01  1.10184371E+00
    33  1.65000000E+00  1.10563179E+00  9.99999906E-01  1.10563179E+00
    34  1.70000000E+00  1.10943121E+00  9.99999890E-01  1.10943121E+00
    35  1.75000000E+00  1.11324022E+00  9.99999873E-01  1.11324022E+00
    36  1.80000000E+00  1.11710291E+00  9.99999854E-01  1.11710291E+00
    37  1.85000000E+00  1.12096726E+00  9.99999833E-01  1.12096726E+00
    38  1.90000000E+00  1.12482997E+00  9.99999810E-01  1.12482997E+00
    39  1.95000000E+00  1.12868846E+00  9.99999786E-01  1.12868846E+00
    40  2.00000000E+00  1.13253974E+00  9.99999759E-01  1.13253974E+00
    41  2.05000000E+00  1.13637967E+00  9.99999730E-01  1.13637967E+00
    42  2.10000000E+00  1.14020439E+00  9.99999699E-01  1.14020439E+00
    43  2.15000000E+00  1.14401050E+00  9.99999666E-01  1.14401050E+00
    44  2.20000000E+00  1.14779449E+00  9.99999629E-01  1.14779449E+00
    45  2.25000000E+00  1.15155321E+00  9.99999590E-01  1.15155321E+00
    46  2.30000000E+00  1.15528410E+00  9.99999549E-01  1.15528410E+00
    47  2.35000000E+00  1.15898461E+00  9.99999504E-01  1.15898461E+00
    48  2.40000000E+00  1.16265139E+00  9.99999456E-01  1.16265139E+00
    49  2.45000000E+00  1.16628183E+00  9.99999404E-01  1.16628183E+00
    50  2.50000000E+00  1.16993537E+00  9.99999349E-01  1.16993537E+00
    51  2.55000000E+00  1.17366033E+00  9.99999291E-01  1.17366033E+00
    52  2.60000000E+00  1.17735189E+00  9.99999229E-01  1.17735189E+00
    53  2.65000000E+00  1.18100883E+00  9.99999162E-01  1.18100883E+00
    54  2.70000000E+00  1.18462949E+00  9.99999092E-01  1.18462949E+00
    55  2.75000000E+00  1.18821135E+00  9.99999017E-01  1.18821135E+00
    56  2.80000000E+00  1.19175237E+00  9.99998938E-01  1.19175237E+00
    57  2.85000000E+00  1.19525127E+00  9.99998854E-01  1.19525127E+00
    58  2.90000000E+00  1.19870628E+00  9.99998765E-01  1.19870628E+00
    59  2.95000000E+00  1.20211577E+00  9.99998671E-01  1.20211577E+00
    60  3.00000000E+00  1.20547913E+00  9.99998571E-01  1.20547913E+00
    61  3.05000000E+00  1.20879563E+00  9.99998466E-01  1.20879563E+00
    62  3.10000000E+00  1.21216978E+00  9.99998355E-01  1.21216978E+00
    63  3.15000000E+00  1.21560808E+00  9.99998238E-01  1.21560808E+00
    64  3.20000000E+00  1.21900179E+00  9.99998114E-01  1.21900179E+00
    65  3.25000000E+00  1.22234967E+00  9.99997984E-01  1.22234967E+00
    66  3.30000000E+00  1.22565047E+00  9.99997848E-01  1.22565047E+00
    67  3.35000000E+00  1.22890378E+00  9.99997704E-01  1.22890378E+00
    68  3.40000000E+00  1.23210932E+00  9.99997552E-01  1.23210932E+00
    69  3.45000000E+00  1.23526603E+00  9.99997394E-01  1.23526603E+00
    70  3.50000000E+00  1.23837290E+00  9.99997227E-01  1.23837290E+00
    71  3.55000000E+00  1.24142943E+00  9.99997052E-01  1.24142943E+00
    72  3.60000000E+00  1.24443477E+00  9.99996868E-01  1.24443477E+00
    73  3.65000000E+00  1.24738791E+00  9.99996675E-01  1.24738791E+00
    74  3.70000000E+00  1.25028865E+00  9.99996473E-01  1.25028865E+00
    75  3.75000000E+00  1.25316926E+00  9.99996262E-01  1.25316926E+00
    76  3.80000000E+00  1.25629779E+00  9.99996040E-01  1.25629779E+00
    77  3.85000000E+00  1.25937756E+00  9.99995808E-01  1.25937756E+00
    78  3.90000000E+00  1.26240818E+00  9.99995566E-01  1.26240818E+00
    79  3.95000000E+00  1.26538903E+00  9.99995312E-01  1.26538903E+00
    80  4.00000000E+00  1.26831916E+00  9.99995047E-01  1.26831916E+00
    81  4.05000000E+00  1.27119813E+00  9.99994770E-01  1.27119813E+00
    82  4.10000000E+00  1.27402593E+00  9.99994481E-01  1.27402593E+00
    83  4.15000000E+00  1.27680224E+00  9.99994179E-01  1.27680224E+00
    84  4.20000000E+00  1.27952657E+00  9.99993864E-01  1.27952657E+00
    85  4.25000000E+00  1.28219854E+00  9.99993535E-01  1.28219854E+00
    86  4.30000000E+00  1.28481804E+00  9.99993193E-01  1.28481804E+00
    87  4.35000000E+00  1.28738462E+00  9.99992836E-01  1.28738462E+00
    88  4.40000000E+00  1.28989778E+00  9.99992464E-01  1.28989778E+00
    89  4.45000000E+00  1.29235761E+00  9.99992076E-01  1.29235761E+00
    90  4.50000000E+00  1.29507606E+00  9.99991673E-01  1.29507606E+00
    91  4.55000000E+00  1.29778454E+00  9.99991253E-01  1.29778454E+00
    92  4.60000000E+00  1.30044273E+00  9.99990817E-01  1.30044273E+00
    93  4.65000000E+00  1.30305004E+00  9.99990363E-01  1.30305004E+00
    94  4.70000000E+00  1.30560586E+00  9.99989891E-01  1.30560586E+00
    95  4.75000000E+00  1.30810909E+00  9.99989401E-01  1.30810909E+00
    96  4.80000000E+00  1.31055879E+00  9.99988891E-01  1.31055879E+00
    97  4.85000000E+00  1.31295468E+00  9.99988361E-01  1.31295468E+00
    98  4.90000000E+00  1.31529689E+00  9.99987811E-01  1.31529689E+00
    99  4.95000000E+00  1.31758593E+00  9.99987240E-01  1.31758593E+00
   100  5.00000000E+00  1.31982285E+00  9.99986647E-01  1.31982285E+00
   101  5.05000000E+00  1.32200992E+00  9.99986031E-01  1.32200992E+00
   102  5.10000000E+00  1.32415063E+00  9.99985393E-01  1.32415063E+00
   103  5.15000000E+00  1.32624888E+00  9.99984730E-01  1.32624888E+00
   104  5.20000000E+00  1.32830887E+00  9.99984043E-01  1.32830887E+00
   105  5.25000000E+00  1.33041379E+00  9.99983330E-01  1.33041379E+00
   106  5.30000000E+00  1.33275616E+00  9.99982591E-01  1.33275616E+00
   107  5.35000000E+00  1.33505094E+00  9.99981826E-01  1.33505094E+00
   108  5.40000000E+00  1.33730057E+00  9.99981032E-01  1.33730057E+00
   109  5.45000000E+00  1.33950775E+00  9.99980211E-01  1.33950775E+00
   110  5.50000000E+00  1.34167466E+00  9.99979360E-01  1.34167466E+00
   111  5.55000000E+00  1.34380215E+00  9.99978479E-01  1.34380215E+00
   112  5.60000000E+00  1.34588996E+00  9.99977567E-01  1.34588996E+00
   113  5.65000000E+00  1.34793670E+00  9.99976623E-01  1.34793670E+00
   114  5.70000000E+00  1.34993949E+00  9.99975646E-01  1.34993949E+00
   115  5.75000000E+00  1.35189430E+00  9.99974636E-01  1.35189430E+00
   116  5.80000000E+00  1.35379676E+00  9.99973592E-01  1.35379676E+00
   117  5.85000000E+00  1.35564334E+00  9.99972512E-01  1.35564334E+00
   118  5.90000000E+00  1.35743132E+00  9.99971395E-01  1.35743132E+00
   119  5.95000000E+00  1.35915912E+00  9.99970241E-01  1.35915912E+00
   120  6.00000000E+00  1.36082719E+00  9.99969048E-01  1.36082719E+00
   121  6.05000000E+00  1.36269725E+00  9.99967815E-01  1.36269725E+00
   122  6.10000000E+00  1.36471490E+00  9.99966542E-01  1.36471490E+00
   123  6.15000000E+00  1.36667895E+00  9.99965228E-01  1.36667895E+00
   124  6.20000000E+00  1.36858614E+00  9.99963870E-01  1.36858614E+00
   125  6.25000000E+00  1.37043451E+00  9.99962469E-01  1.37043451E+00
   126  6.30000000E+00  1.37222267E+00  9.99961022E-01  1.37222267E+00
   127  6.35000000E+00  1.37395031E+00  9.99959529E-01  1.37395031E+00
   128  6.40000000E+00  1.37561882E+00  9.99957988E-01  1.37561882E+00
   129  6.45000000E+00  1.37723041E+00  9.99956400E-01  1.37723041E+00
   130  6.50000000E+00  1.37878737E+00  9.99954762E-01  1.37878737E+00
   131  6.55000000E+00  1.38029283E+00  9.99953073E-01  1.38029283E+00
   132  6.60000000E+00  1.38175102E+00  9.99951333E-01  1.38175102E+00
   133  6.65000000E+00  1.38316590E+00  9.99949540E-01  1.38316590E+00
   134  6.70000000E+00  1.38454058E+00  9.99947693E-01  1.38454058E+00
   135  6.75000000E+00  1.38616899E+00  9.99945790E-01  1.38616899E+00
   136  6.80000000E+00  1.38785091E+00  9.99943831E-01  1.38785091E+00
   137  6.85000000E+00  1.38948225E+00  9.99941814E-01  1.38948225E+00
   138  6.90000000E+00  1.39106444E+00  9.99939739E-01  1.39106444E+00
   139  6.95000000E+00  1.39259973E+00  9.99937604E-01  1.39259973E+00
   140  7.00000000E+00  1.39409062E+00  9.99935408E-01  1.39409062E+00
   141  7.05000000E+00  1.39553846E+00  9.99933148E-01  1.39553846E+00
   142  7.10000000E+00  1.39694457E+00  9.99930825E-01  1.39694457E+00
   143  7.15000000E+00  1.39831123E+00  9.99928436E-01  1.39831123E+00
   144  7.20000000E+00  1.39964052E+00  9.99925981E-01  1.39964052E+00
   145  7.25000000E+00  1.40093321E+00  9.99923458E-01  1.40093321E+00
   146  7.30000000E+00  1.40218995E+00  9.99920866E-01  1.40218995E+00
   147  7.35000000E+00  1.40341229E+00  9.99918204E-01  1.40341229E+00
   148  7.40000000E+00  1.40460091E+00  9.99915469E-01  1.40460091E+00
   149  7.45000000E+00  1.40575525E+00  9.99912661E-01  1.40575525E+00
   150  7.50000000E+00  1.40716214E+00  9.99909777E-01  1.40716214E+00
   151  7.55000000E+00  1.40854030E+00  9.99906817E-01  1.40854030E+00
   152  7.60000000E+00  1.40988110E+00  9.99903780E-01  1.40988110E+00
   153  7.65000000E+00  1.41118501E+00  9.99900664E-01  1.41118501E+00
   154  7.70000000E+00  1.41245323E+00  9.99897468E-01  1.41245323E+00
   155  7.75000000E+00  1.41368728E+00  9.99894191E-01  1.41368728E+00
   156  7.80000000E+00  1.41488713E+00  9.99890831E-01  1.41488713E+00
   157  7.85000000E+00  1.41605253E+00  9.99887386E-01  1.41605253E+00
   158  7.90000000E+00  1.41718453E+00  9.99883857E-01  1.41718453E+00
   159  7.95000000E+00  1.41828405E+00  9.99880241E-01  1.41828405E+00
   160  8.00000000E+00  1.41935049E+00  9.99876540E-01  1.41935049E+00
   161  8.05000000E+00  1.42038352E+00  9.99872749E-01  1.42038352E+00
   162  8.10000000E+00  1.42138422E+00  9.99868870E-01  1.42138422E+00
   163  8.15000000E+00  1.42235301E+00  9.99864902E-01  1.42235301E+00
   164  8.20000000E+00  1.42328902E+00  9.99860842E-01  1.42328902E+00
   165  8.25000000E+00  1.42446001E+00  9.99856690E-01  1.42446001E+00
   166  8.30000000E+00  1.42560440E+00  9.99852447E-01  1.42560440E+00
   167  8.35000000E+00  1.42671487E+00  9.99848112E-01  1.42671487E+00
   168  8.40000000E+00  1.42779102E+00  9.99843684E-01  1.42779102E+00
   169  8.45000000E+00  1.42883353E+00  9.99839162E-01  1.42883353E+00
   170  8.50000000E+00  1.42984365E+00  9.99834548E-01  1.42984365E+00
   171  8.55000000E+00  1.43082110E+00  9.99829840E-01  1.43082110E+00
   172  8.60000000E+00  1.43176547E+00  9.99825036E-01  1.43176547E+00
   173  8.65000000E+00  1.43267807E+00  9.99820138E-01  1.43267807E+00
   174  8.70000000E+00  1.43356039E+00  9.99815148E-01  1.43356039E+00
   175  8.75000000E+00  1.43441238E+00  9.99810064E-01  1.43441238E+00
   176  8.80000000E+00  1.43523432E+00  9.99804885E-01  1.43523432E+00
   177  8.85000000E+00  1.43602816E+00  9.99799614E-01  1.43602816E+00
   178  8.90000000E+00  1.43679527E+00  9.99794251E-01  1.43679527E+00
   179  8.95000000E+00  1.43770645E+00  9.99788795E-01  1.43770645E+00
   180  9.00000000E+00  1.43866360E+00  9.99783245E-01  1.43866360E+00
   181  9.05000000E+00  1.43958925E+00  9.99777606E-01  1.43958925E+00
   182  9.10000000E+00  1.44048415E+00  9.99771879E-01  1.44048415E+00
   183  9.15000000E+00  1.44134817E+00  9.99766063E-01  1.44134817E+00
   184  9.20000000E+00  1.44218240E+00  9.99760157E-01  1.44218240E+00
   185  9.25000000E+00  1.44298882E+00  9.99754168E-01  1.44298882E+00
   186  9.30000000E+00  1.44376785E+00  9.99748093E-01  1.44376785E+00
   187  9.35000000E+00  1.44451943E+00  9.99741934E-01  1.44451943E+00
   188  9.40000000E+00  1.44524516E+00  9.99735692E-01  1.44524516E+00
   189  9.45000000E+00  1.44594678E+00  9.99729374E-01  1.44594678E+00
   190  9.50000000E+00  1.44662423E+00  9.99722979E-01  1.44662423E+00
   191  9.55000000E+00  1.44727749E+00  9.99716508E-01  1.44727749E+00
   192  9.60000000E+00  1.44790831E+00  9.99709967E-01  1.44790831E+00
   193  9.65000000E+00  1.44872452E+00  9.99703360E-01  1.44872452E+00
   194  9.70000000E+00  1.44951772E+00  9.99696688E-01  1.44951772E+00
   195  9.75000000E+00  1.45028311E+00  9.99689955E-01  1.45028311E+00
   196  9.80000000E+00  1.45102251E+00  9.99683168E-01  1.45102251E+00
   197  9.85000000E+00  1.45173678E+00  9.99676334E-01  1.45173678E+00
   198  9.90000000E+00  1.45242573E+00  9.99669454E-01  1.45242573E+00
   199  9.95000000E+00  1.45309030E+00  9.99662536E-01  1.45309030E+00
   200  1.00000000E+01  1.45373248E+00  9.99655589E-01  1.45373248E+00
   201  1.00500000E+01  1.45435282E+00  9.99648619E-01  1.45435282E+00
   202  1.01000000E+01  1.45495130E+00  9.99641630E-01  1.45495130E+00
   203  1.01500000E+01  1.45552961E+00  9.99634632E-01  1.45552961E+00
   204  1.02000000E+01  1.45608984E+00  9.99627638E-01  1.45608984E+00
   205  1.02500000E+01  1.45663231E+00  9.99620654E-01  1.45663231E+00
   206  1.03000000E+01  1.45715726E+00  9.99613688E-01  1.45715726E+00
   207  1.03500000E+01  1.45768427E+00  9.99606752E-01  1.45768427E+00
   208  1.04000000E+01  1.45833683E+00  9.99599859E-01  1.45833683E+00
   209  1.04500000E+01  1.45896650E+00  9.99593017E-01  1.45896650E+00
   210  1.05000000E+01  1.45957414E+00  9.99586237E-01  1.45957414E+00
   211  1.05500000E+01  1.46016196E+00  9.99579533E-01  1.46016196E+00
   212  1.06000000E+01  1.46073130E+00  9.99572921E-01  1.46073130E+00
   213  1.06500000E+01  1.46128228E+00  9.99566410E-01  1.46128228E+00
   214  1.07000000E+01  1.46181597E+00  9.99560013E-01  1.46181597E+00
   215  1.07500000E+01  1.46233439E+00  9.99553749E-01  1.46233439E+00
   216  1.08000000E+01  1.46283812E+00  9.99547631E-01  1.46283812E+00
   217  1.08500000E+01  1.46332688E+00  9.99541673E-01  1.46332688E+00
   218  1.09000000E+01  1.46380176E+00  9.99535893E-01  1.46380176E+00
   219  1.09500000E+01  1.46426429E+00  9.99530309E-01  1.46426429E+00
   220  1.10000000E+01  1.46471424E+00  9.99524941E-01  1.46471424E+00
   221  1.10500000E+01  1.46515109E+00  9.99519804E-01  1.46515109E+00
   222  1.11000000E+01  1.46557581E+00  9.99514921E-01  1.46557581E+00
   223  1.11500000E+01  1.46601686E+00  9.99510315E-01  1.46601686E+00
   224  1.12000000E+01  1.46652983E+00  9.99506008E-01  1.46652983E+00
   225  1.12500000E+01  1.46702686E+00  9.99502022E-01  1.46702686E+00
   226  1.13000000E+01  1.46750951E+00  9.99498388E-01  1.46750951E+00
   227  1.13500000E+01  1.46797870E+00  9.99495132E-01  1.46797870E+00
   228  1.14000000E+01  1.46843397E+00  9.99492283E-01  1.46843397E+00
   229  1.14500000E+01  1.46887561E+00  9.99489873E-01  1.46887561E+00
   230  1.15000000E+01  1.46930489E+00  9.99487935E-01  1.46930489E+00
   231  1.15500000E+01  1.46972210E+00  9.99486504E-01  1.46972210E+00
   232  1.16000000E+01  1.47012652E+00  9.99485617E-01  1.47012652E+00
   233  1.16500000E+01  1.47051855E+00  9.99485314E-01  1.47051855E+00
   234  1.17000000E+01  1.47089942E+00  9.99485634E-01  1.47089942E+00
   235  1.17500000E+01  1.47126896E+00  9.99486621E-01  1.47126896E+00
   236  1.18000000E+01  1.47162641E+00  9.99488320E-01  1.47162641E+00
   237  1.18500000E+01  1.47197236E+00  9.99490778E-01  1.47197236E+00
   238  1.19000000E+01  1.47230777E+00  9.99494041E-01  1.47230777E+00
   239  1.19500000E+01  1.47263214E+00  9.99498163E-01  1.47263214E+00
   240  1.20000000E+01  1.47295021E+00  9.99503198E-01  1.47295021E+00
   241  1.20500000E+01  1.47335117E+00  9.99509199E-01  1.47335117E+00
   242  1.21000000E+01  1.47374083E+00  9.99516221E-01  1.47374083E+00
   243  1.21500000E+01  1.47411860E+00  9.99524326E-01  1.47411860E+00
   244  1.22000000E+01  1.47448420E+00  9.99533580E-01  1.47448420E+00
   245  1.22500000E+01  1.47483851E+00  9.99544041E-01  1.47483851E+00
   246  1.23000000E+01  1.47518192E+00  9.99555774E-01  1.47518192E+00
   247  1.23500000E+01  1.47551378E+00  9.99568852E-01  1.47551378E+00
   248  1.24000000E+01  1.47583393E+00  9.99583350E-01  1.47583393E+00
   249  1.24500000E+01  1.47614343E+00  9.99599333E-01  1.47614343E+00
   250  1.25000000E+01  1.47644256E+00  9.99616871E-01  1.47644256E+00
   251  1.25500000E+01  1.47673052E+00  9.99636052E-01  1.47673052E+00
   252  1.26000000E+01  1.47700751E+00  9.99656961E-01  1.47700751E+00
   253  1.26500000E+01  1.47727456E+00  9.99679667E-01  1.47727456E+00
   254  1.27000000E+01  1.47753176E+00  9.99704257E-01  1.47753176E+00
   255  1.27500000E+01  1.47777858E+00  9.99730832E-01  1.47777858E+00
   256  1.28000000E+01  1.47804272E+00  9.99759483E-01  1.47804272E+00
   257  1.28500000E+01  1.47835712E+00  9.99790286E-01  1.47835712E+00
   258  1.29000000E+01  1.47866096E+00  9.99823341E-01  1.47866096E+00
   259  1.29500000E+01  1.47895371E+00  9.99858770E-01  1.47895371E+00
   260  1.30000000E+01  1.47923590E+00  9.99896674E-01  1.47923590E+00
   261  1.30500000E+01  1.47950826E+00  9.99937148E-01  1.47950826E+00
   262  1.31000000E+01  1.47977064E+00  9.99980314E-01  1.47977064E+00
   263  1.31500000E+01  1.48002279E+00  1.00002631E+00  1.48002279E+00
   264  1.32000000E+01  1.48026535E+00  1.00007526E+00  1.48026535E+00
   265  1.32500000E+01  1.48049932E+00  1.00012725E+00  1.48049932E+00
   266  1.33000000E+01  1.48072442E+00  1.00018245E+00  1.48072442E+00
   267  1.33500000E+01  1.48094047E+00  1.00024103E+00  1.48094047E+00
   268  1.34000000E+01  1.48114837E+00  1.00030311E+00  1.48114837E+00
   269  1.34500000E+01  1.48134882E+00  1.00036884E+00  1.48134882E+00
   270  1.35000000E+01  1.48154171E+00  1.00043839E+00  1.48154171E+00
   271  1.35500000E+01  1.48176302E+00  1.00051197E+00  1.48176302E+00
   272  1.36000000E+01  1.48201180E+00  1.00058971E+00  1.48201180E+00
   273  1.36500000E+01  1.48225157E+00  1.00067177E+00  1.48225157E+00
   274  1.37000000E+01  1.48248199E+00  1.00075838E+00  1.48248199E+00
   275  1.37500000E+01  1.48270320E+00  1.00084976E+00  1.48270320E+00
   276  1.38000000E+01  1.48291609E+00  1.00094609E+00  1.48291609E+00
   277  1.38500000E+01  1.48312116E+00  1.00104755E+00  1.48312116E+00
   278  1.39000000E+01  1.48331839E+00  1.00115440E+00  1.48331839E+00
   279  1.39500000E+01  1.48350797E+00  1.00126689E+00  1.48350797E+00
   280  1.40000000E+01  1.48369082E+00  1.00138521E+00  1.48369082E+00
   281  1.40500000E+01  1.48386761E+00  1.00150954E+00  1.48386761E+00
   282  1.41000000E+01  1.48403795E+00  1.00164022E+00  1.48403795E+00
   283  1.41500000E+01  1.48420211E+00  1.00177751E+00  1.48420211E+00
   284  1.42000000E+01  1.48436093E+00  1.00192164E+00  1.48436093E+00
   285  1.42500000E+01  1.48451967E+00  1.00207286E+00  1.48451967E+00
   286  1.43000000E+01  1.48472268E+00  1.00223149E+00  1.48472268E+00
   287  1.43500000E+01  1.48491795E+00  1.00239784E+00  1.48491795E+00
   288  1.44000000E+01  1.48510625E+00  1.00257213E+00  1.48510625E+00
   289  1.44500000E+01  1.48528810E+00  1.00275463E+00  1.48528810E+00
   290  1.45000000E+01  1.48546317E+00  1.00294575E+00  1.48546317E+00
   291  1.45500000E+01  1.48563183E+00  1.00314583E+00  1.48563183E+00
   292  1.46000000E+01  1.48579477E+00  1.00335513E+00  1.48579477E+00
   293  1.46500000E+01  1.48595222E+00  1.00357398E+00  1.48595222E+00
   294  1.47000000E+01  1.48610417E+00  1.00380278E+00  1.48610417E+00
   295  1.47500000E+01  1.48625078E+00  1.00404191E+00  1.48625078E+00
   296  1.48000000E+01  1.48639268E+00  1.00429165E+00  1.48639268E+00
   297  1.48500000E+01  1.48653018E+00  1.00455232E+00  1.48653018E+00
   298  1.49000000E+01  1.48666278E+00  1.00482448E+00  1.48666278E+00
   299  1.49500000E+01  1.48679072E+00  1.00510853E+00  1.48679072E+00
   300  1.50000000E+01  1.48691449E+00  1.00540479E+00  1.48691449E+00
   301  1.50500000E+01  1.48703413E+00  1.00571370E+00  1.48703413E+00
   302  1.51000000E+01  1.48714952E+00  1.00603576E+00  1.48714952E+00
   303  1.51500000E+01  1.48727625E+00  1.00637145E+00  1.48727625E+00
   304  1.52000000E+01  1.48742200E+00  1.00672114E+00  1.48742200E+00
   305  1.52500000E+01  1.48756320E+00  1.00708523E+00  1.48756320E+00
   306  1.53000000E+01  1.48769950E+00  1.00746445E+00  1.48769950E+00
   307  1.53500000E+01  1.48783110E+00  1.00785934E+00  1.48783110E+00
   308  1.54000000E+01  1.48795845E+00  1.00827031E+00  1.48795845E+00
   309  1.54500000E+01  1.48808158E+00  1.00869792E+00  1.48808158E+00
   310  1.55000000E+01  1.48820043E+00  1.00914280E+00  1.48820043E+00
   311  1.55500000E+01  1.48831502E+00  1.00960560E+00  1.48831502E+00
   312  1.56000000E+01  1.48842568E+00  1.01008677E+00  1.48842568E+00
   313  1.56500000E+01  1.48853261E+00  1.01058684E+00  1.48853261E+00
   314  1.57000000E+01  1.48863534E+00  1.01110672E+00  1.48863534E+00
   315  1.57500000E+01  1.48873392E+00  1.01164714E+00  1.48873392E+00
   316  1.58000000E+01  1.48882874E+00  1.01220856E+00  1.48882874E+00
   317  1.58500000E+01  1.48891980E+00  1.01279168E+00  1.48891980E+00
   318  1.59000000E+01  1.48900699E+00  1.01339727E+00  1.48900699E+00
   319  1.59500000E+01  1.48909030E+00  1.01402610E+00  1.48909030E+00
   320  1.60000000E+01  1.48916998E+00  1.01467874E+00  1.48916998E+00
   321  1.60500000E+01  1.48925171E+00  1.01535574E+00  1.48925171E+00
   322  1.61000000E+01  1.48935641E+00  1.01605823E+00  1.48935641E+00
   323  1.61500000E+01  1.48945698E+00  1.01678705E+00  1.48945698E+00
   324  1.62000000E+01  1.48955376E+00  1.01754273E+00  1.48955376E+00
   325  1.62500000E+01  1.48964678E+00  1.01832602E+00  1.48964678E+00
   326  1.63000000E+01  1.48973600E+00  1.01913778E+00  1.48973600E+00
   327  1.63500000E+01  1.48982141E+00  1.01997885E+00  1.48982141E+00
   328  1.64000000E+01  1.48990319E+00  1.02084991E+00  1.48990319E+00
   329  1.64500000E+01  1.48998157E+00  1.02175145E+00  1.48998157E+00
   330  1.65000000E+01  1.49005624E+00  1.02268471E+00  1.49005624E+00
   331  1.65500000E+01  1.49012714E+00  1.02365073E+00  1.49012714E+00
   332  1.66000000E+01  1.49019459E+00  1.02465000E+00  1.49019459E+00
   333  1.66500000E+01  1.49025868E+00  1.02568325E+00  1.49025868E+00
   334  1.67000000E+01  1.49031933E+00  1.02675141E+00  1.49031933E+00
   335  1.67500000E+01  1.49037658E+00  1.02785536E+00  1.49037658E+00
   336  1.68000000E+01  1.49043055E+00  1.02899580E+00  1.49043055E+00
   337  1.68500000E+01  1.49048154E+00  1.03017315E+00  1.49048154E+00
   338  1.69000000E+01  1.49055620E+00  1.03138869E+00  1.49055620E+00
   339  1.69500000E+01  1.49063014E+00  1.03264361E+00  1.49063014E+00
   340  1.70000000E+01  1.49070054E+00  1.03393834E+00  1.49070054E+00
   341  1.70500000E+01  1.49076749E+00  1.03527353E+00  1.49076749E+00
   342  1.71000000E+01  1.49083096E+00  1.03665008E+00  1.49083096E+00
   343  1.71500000E+01  1.49089097E+00  1.03806880E+00  1.49089097E+00
   344  1.72000000E+01  1.49094760E+00  1.03953042E+00  1.49094760E+00
   345  1.72500000E+01  1.49100110E+00  1.04103513E+00  1.49100110E+00
   346  1.73000000E+01  1.49105133E+00  1.04258409E+00  1.49105133E+00
   347  1.73500000E+01  1.49109814E+00  1.04417865E+00  1.49109814E+00
   348  1.74000000E+01  1.49114182E+00  1.04581905E+00  1.49114182E+00
   349  1.74500000E+01  1.49118252E+00  1.04750568E+00  1.49118252E+00
   350  1.75000000E+01  1.49122024E+00  1.04923931E+00  1.49122024E+00
   351  1.75500000E+01  1.49125504E+00  1.05102054E+00  1.49125504E+00
   352  1.76000000E+01  1.49131139E+00  1.05284995E+00  1.49131139E+00
   353  1.76500000E+01  1.49136718E+00  1.05472740E+00  1.49136718E+00
   354  1.77000000E+01  1.49141972E+00  1.05665374E+00  1.49141972E+00
   355  1.77500000E+01  1.49146888E+00  1.05863029E+00  1.49146888E+00
   356  1.78000000E+01  1.49151487E+00  1.06065702E+00  1.49151487E+00
   357  1.78500000E+01  1.49155785E+00  1.06273390E+00  1.49155785E+00
   358  1.79000000E+01  1.49159783E+00  1.06486137E+00  1.49159783E+00
   359  1.79500000E+01  1.49163486E+00  1.06703970E+00  1.49163486E+00
   360  1.80000000E+01  1.49166903E+00  1.06926912E+00  1.49166903E+00
   361  1.80500000E+01  1.49170058E+00  1.07154907E+00  1.49170058E+00
   362  1.81000000E+01  1.49172952E+00  1.07387985E+00  1.49172952E+00
   363  1.81500000E+01  1.49175572E+00  1.07626264E+00  1.49175572E+00
   364  1.82000000E+01  1.49177942E+00  1.07869705E+00  1.49177942E+00
   365  1.82500000E+01  1.49180084E+00  1.08118250E+00  1.49180084E+00
   366  1.83000000E+01  1.49183950E+00  1.08371893E+00  1.49183950E+00
   367  1.83500000E+01  1.49187882E+00  1.08630616E+00  1.49187882E+00
   368  1.84000000E+01  1.49191518E+00  1.08894393E+00  1.49191518E+00
   369  1.84500000E+01  1.49194876E+00  1.09163121E+00  1.49194876E+00
   370  1.85000000E+01  1.49197963E+00  1.09436757E+00  1.49197963E+00
   371  1.85500000E+01  1.49200771E+00  1.09715390E+00  1.49200771E+00
   372  1.86000000E+01  1.49203318E+00  1.09998947E+00  1.49203318E+00
   373  1.86500000E+01  1.49205623E+00  1.10287304E+00  1.49205623E+00
   374  1.87000000E+01  1.49207697E+00  1.10580398E+00  1.49207697E+00
   375  1.87500000E+01  1.49209549E+00  1.10878160E+00  1.49209549E+00
   376  1.88000000E+01  1.49211193E+00  1.11180508E+00  1.49211193E+00
   377  1.88500000E+01  1.49212649E+00  1.11487292E+00  1.49212649E+00
   378  1.89000000E+01  1.49213933E+00  1.11798395E+00  1.49213933E+00
   379  1.89500000E+01  1.49215037E+00  1.12113873E+00  1.49215037E+00
   380  1.90000000E+01  1.49217637E+00  1.12433622E+00  1.49217637E+00
   381  1.90500000E+01  1.49220154E+00  1.12757463E+00  1.49220154E+00
   382  1.91000000E+01  1.49222432E+00  1.13085288E+00  1.49222432E+00
   383  1.91500000E+01  1.49224482E+00  1.13416980E+00  1.49224482E+00
   384  1.92000000E+01  1.49226315E+00  1.13752411E+00  1.49226315E+00
   385  1.92500000E+01  1.49227949E+00  1.14091398E+00  1.49227949E+00
   386  1.93000000E+01  1.49229400E+00  1.14433771E+00  1.49229400E+00
   387  1.93500000E+01  1.49230663E+00  1.14779558E+00  1.49230663E+00
   388  1.94000000E+01  1.49231755E+00  1.15128647E+00  1.49231755E+00
   389  1.94500000E+01  1.49232697E+00  1.15480828E+00  1.49232697E+00
   390  1.95000000E+01  1.49233499E+00  1.15835965E+00  1.49233499E+00
   391  1.95500000E+01  1.49234174E+00  1.16193925E+00  1.49234174E+00
   392  1.96000000E+01  1.49234736E+00  1.16554548E+00  1.49234736E+00
   393  1.96500000E+01  1.49235200E+00  1.16917643E+00  1.49235200E+00
   394  1.97000000E+01  1.49236226E+00  1.17283019E+00  1.49236226E+00
   395  1.97500000E+01  1.49237613E+00  1.17650693E+00  1.49237613E+00
   396  1.98000000E+01  1.49238820E+00  1.18020568E+00  1.49238820E+00
   397  1.98500000E+01  1.49239866E+00  1.18392429E+00  1.49239866E+00
   398  1.99000000E+01  1.49240764E+00  1.18766138E+00  1.49240764E+00
   399  1.99500000E+01  1.49241527E+00  1.19141562E+00  1.49241527E+00
   400  2.00000000E+01  1.49242170E+00  1.19518507E+00  1.49242170E+00
   401  2.00500000E+01  1.49242710E+00  1.19896772E+00  1.49242710E+00
   402  2.01000000E+01  1.49243160E+00  1.20276171E+00  1.49243160E+00
   403  2.01500000E+01  1.49243518E+00  1.20656749E+00  1.49243518E+00
   404  2.02000000E+01  1.49243796E+00  1.21038445E+00  1.49243796E+00
   405  2.02500000E+01  1.49244009E+00  1.21421054E+00  1.49244009E+00
   406  2.03000000E+01  1.49244166E+00  1.21804463E+00  1.49244166E+00
   407  2.03500000E+01  1.49244316E+00  1.22188533E+00  1.49244316E+00
   408  2.04000000E+01  1.49245082E+00  1.22573069E+00  1.49245082E+00
   409  2.04500000E+01  1.49245729E+00  1.22957878E+00  1.49245729E+00
   410  2.05000000E+01  1.49246272E+00  1.23342765E+00  1.49246272E+00
   411  2.05500000E+01  1.49246712E+00  1.23727767E+00  1.49246712E+00
   412  2.06000000E+01  1.49247059E+00  1.24112847E+00  1.49247059E+00
   413  2.06500000E+01  1.49247328E+00  1.24497802E+00  1.49247328E+00
   414  2.07000000E+01  1.49247530E+00  1.24882529E+00  1.49247530E+00
   415  2.07500000E+01  1.49247671E+00  1.25266904E+00  1.49247671E+00
   416  2.08000000E+01  1.49247766E+00  1.25650716E+00  1.49247766E+00
   417  2.08500000E+01  1.49247824E+00  1.26033781E+00  1.49247824E+00
   418  2.09000000E+01  1.49247854E+00  1.26415900E+00  1.49247854E+00
   419  2.09500000E+01  1.49247853E+00  1.26797098E+00  1.49247853E+00
   420  2.10000000E+01  1.49247823E+00  1.27177361E+00  1.49247823E+00
   421  2.10500000E+01  1.49247776E+00  1.27556498E+00  1.49247776E+00
   422  2.11000000E+01  1.49247714E+00  1.27934410E+00  1.49247714E+00
   423  2.11500000E+01  1.49247640E+00  1.28310991E+00  1.49247640E+00
   424  2.12000000E+01  1.49247561E+00  1.28686040E+00  1.49247561E+00
   425  2.12500000E+01  1.49247480E+00  1.29059387E+00  1.49247480E+00
   426  2.13000000E+01  1.49247402E+00  1.29430842E+00  1.49247402E+00
   427  2.13500000E+01  1.49247320E+00  1.29800417E+00  1.49247320E+00
   428  2.14000000E+01  1.49247230E+00  1.30168120E+00  1.49247230E+00
   429  2.14500000E+01  1.49247139E+00  1.30533758E+00  1.49247139E+00
   430  2.15000000E+01  1.49247046E+00  1.30897254E+00  1.49247046E+00
   431  2.15500000E+01  1.49246947E+00  1.31258536E+00  1.49246947E+00
   432  2.16000000E+01  1.49246848E+00  1.31617420E+00  1.49246848E+00
   433  2.16500000E+01  1.49246749E+00  1.31973749E+00  1.49246749E+00
   434  2.17000000E+01  1.49246654E+00  1.32327343E+00  1.49246654E+00
   435  2.17500000E+01  1.49246555E+00  1.32678182E+00  1.49246555E+00
   436  2.18000000E+01  1.49246446E+00  1.33026265E+00  1.49246446E+00
   437  2.18500000E+01  1.49246333E+00  1.33371454E+00  1.49246333E+00
   438  2.19000000E+01  1.49246212E+00  1.33713696E+00  1.49246212E+00
   439  2.19500000E+01  1.49246081E+00  1.34052920E+00  1.49246081E+00
   440  2.20000000E+01  1.49245944E+00  1.34388952E+00  1.49245944E+00
   441  2.20500000E+01  1.49245804E+00  1.34721661E+00  1.49245804E+00
   442  2.21000000E+01  1.49245662E+00  1.35050902E+00  1.49245662E+00
   443  2.21500000E+01  1.49245539E+00  1.35376622E+00  1.49245539E+00
   444  2.22000000E+01  1.49245455E+00  1.35698846E+00  1.49245455E+00
   445  2.22500000E+01  1.49245365E+00  1.36017475E+00  1.49245365E+00
   446  2.23000000E+01  1.49245265E+00  1.36332459E+00  1.49245265E+00
   447  2.23500000E+01  1.49245155E+00  1.36643751E+00  1.49245155E+00
   448  2.24000000E+01  1.49245038E+00  1.36951199E+00  1.49245038E+00
   449  2.24500000E+01  1.49244916E+00  1.37254676E+00  1.49244916E+00
   450  2.25000000E+01  1.49244789E+00  1.37554056E+00  1.49244789E+00
   451  2.25500000E+01  1.49244654E+00  1.37849283E+00  1.49244654E+00
   452  2.26000000E+01  1.49244507E+00  1.38140397E+00  1.49244507E+00
   453  2.26500000E+01  1.49244350E+00  1.38427333E+00  1.49244350E+00
   454  2.27000000E+01  1.49244183E+00  1.38710049E+00  1.49244183E+00
   455  2.27500000E+01  1.49244002E+00  1.38988527E+00  1.49244002E+00
   456  2.28000000E+01  1.49243813E+00  1.39262649E+00  1.49243813E+00
   457  2.28500000E+01  1.49243619E+00  1.39532304E+00  1.49243619E+00
   458  2.29000000E+01  1.49243420E+00  1.39797399E+00  1.49243420E+00
   459  2.29500000E+01  1.49243216E+00  1.40057888E+00  1.49243216E+00
   460  2.30000000E+01  1.49243002E+00  1.40313823E+00  1.49243002E+00
   461  2.30500000E+01  1.49242779E+00  1.40565171E+00  1.49242779E+00
   462  2.31000000E+01  1.49242548E+00  1.40811911E+00  1.49242548E+00
   463  2.31500000E+01  1.49242306E+00  1.41054053E+00  1.49242306E+00
   464  2.32000000E+01  1.49242058E+00  1.41291521E+00  1.49242058E+00
   465  2.32500000E+01  1.49241807E+00  1.41524235E+00  1.49241807E+00
   466  2.33000000E+01  1.49241554E+00  1.41752144E+00  1.49241554E+00
   467  2.33500000E+01  1.49241299E+00  1.41975228E+00  1.49241299E+00
   468  2.34000000E+01  1.49241034E+00  1.42193553E+00  1.49241034E+00
   469  2.34500000E+01  1.49240763E+00  1.42407125E+00  1.49240763E+00
   470  2.35000000E+01  1.49240486E+00  1.42615951E+00  1.49240486E+00
   471  2.35500000E+01  1.49240199E+00  1.42820069E+00  1.49240199E+00
   472  2.36000000E+01  1.49239906E+00  1.43019446E+00  1.49239906E+00
   473  2.36500000E+01  1.49239611E+00  1.43214044E+00  1.49239611E+00
   474  2.37000000E+01  1.49239314E+00  1.43403853E+00  1.49239314E+00
   475  2.37500000E+01  1.49239015E+00  1.43588888E+00  1.49239015E+00
   476  2.38000000E+01  1.49238707E+00  1.43769235E+00  1.49238707E+00
   477  2.38500000E+01  1.49238392E+00  1.43944935E+00  1.49238392E+00
   478  2.39000000E+01  1.49238070E+00  1.44116028E+00  1.49238070E+00
   479  2.39500000E+01  1.49237738E+00  1.44282583E+00  1.49237738E+00
   480  2.40000000E+01  1.49237400E+00  1.44444610E+00  1.49237400E+00
   481  2.40500000E+01  1.49237059E+00  1.44602115E+00  1.49237059E+00
   482  2.41000000E+01  1.49236716E+00  1.44755129E+00  1.49236716E+00
   483  2.41500000E+01  1.49236370E+00  1.44903706E+00  1.49236370E+00
   484  2.42000000E+01  1.49236015E+00  1.45047947E+00  1.49236015E+00
   485  2.42500000E+01  1.49235654E+00  1.45187929E+00  1.49235654E+00
   486  2.43000000E+01  1.49235286E+00  1.45323728E+00  1.49235286E+00
   487  2.43500000E+01  1.49234907E+00  1.45455436E+00  1.49234907E+00
   488  2.44000000E+01  1.49234523E+00  1.45583104E+00  1.49234523E+00
   489  2.44500000E+01  1.49234137E+00  1.45706779E+00  1.49234137E+00
   490  2.45000000E+01  1.49233749E+00  1.45826528E+00  1.49233749E+00
   491  2.45500000E+01  1.49233358E+00  1.45942436E+00  1.49233358E+00
   492  2.46000000E+01  1.49232961E+00  1.46054618E+00  1.49232961E+00
   493  2.46500000E+01  1.49232560E+00  1.46163169E+00  1.49232560E+00
   494  2.47000000E+01  1.49232153E+00  1.46268186E+00  1.49232153E+00
   495  2.47500000E+01  1.49231739E+00  1.46369785E+00  1.49231739E+00
   496  2.48000000E+01  1.49231320E+00  1.46468040E+00  1.49231320E+00
   497  2.48500000E+01  1.49230901E+00  1.46563025E+00  1.49230901E+00
   498  2.49000000E+01  1.49230482E+00  1.46654826E+00  1.49230482E+00
   499  2.49500000E+01  1.49230063E+00  1.46743541E+00  1.49230063E+00
   500  2.50000000E+01  1.49229639E+00  1.46829285E+00  1.49229639E+00
   501  2.50500000E+01  1.49229214E+00  1.46912156E+00  1.49229214E+00
   502  2.51000000E+01  1.49228786E+00  1.46992255E+00  1.49228786E+00
   503  2.51500000E+01  1.49228374E+00  1.47069691E+00  1.49228374E+00
   504  2.52000000E+01  1.49227959E+00  1.47144540E+00  1.49227959E+00
   505  2.52500000E+01  1.49227544E+00  1.47216873E+00  1.49227544E+00
   506  2.53000000E+01  1.49227129E+00  1.47286772E+00  1.49227129E+00
   507  2.53500000E+01  1.49226711E+00  1.47354325E+00  1.49226711E+00
   508  2.54000000E+01  1.49226290E+00  1.47419631E+00  1.49226290E+00
   509  2.54500000E+01  1.49225866E+00  1.47482772E+00  1.49225866E+00
   510  2.55000000E+01  1.49225441E+00  1.47543831E+00  1.49225441E+00
   511  2.55500000E+01  1.49225010E+00  1.47602897E+00  1.49225010E+00
   512  2.56000000E+01  1.49224577E+00  1.47660030E+00  1.49224577E+00
   513  2.56500000E+01  1.49224147E+00  1.47715286E+00  1.49224147E+00
   514  2.57000000E+01  1.49223720E+00  1.47768726E+00  1.49223720E+00
   515  2.57500000E+01  1.49223294E+00  1.47820415E+00  1.49223294E+00
   516  2.58000000E+01  1.49222883E+00  1.47870424E+00  1.49222883E+00
   517  2.58500000E+01  1.49222486E+00  1.47918813E+00  1.49222486E+00
   518  2.59000000E+01  1.49222093E+00  1.47965640E+00  1.49222093E+00
   519  2.59500000E+01  1.49221701E+00  1.48010968E+00  1.49221701E+00
   520  2.60000000E+01  1.49221313E+00  1.48054839E+00  1.49221313E+00
   521  2.60500000E+01  1.49220935E+00  1.48097287E+00  1.49220935E+00
   522  2.61000000E+01  1.49220565E+00  1.48138356E+00  1.49220565E+00
   523  2.61500000E+01  1.49220205E+00  1.48178086E+00  1.49220205E+00
   524  2.62000000E+01  1.49219849E+00  1.48216528E+00  1.49219849E+00
   525  2.62500000E+01  1.49219501E+00  1.48253721E+00  1.49219501E+00
   526  2.63000000E+01  1.49219160E+00  1.48289706E+00  1.49219160E+00
   527  2.63500000E+01  1.49218821E+00  1.48324526E+00  1.49218821E+00
   528  2.64000000E+01  1.49218488E+00  1.48358209E+00  1.49218488E+00
   529  2.64500000E+01  1.49218168E+00  1.48390778E+00  1.49218168E+00
   530  2.65000000E+01  1.49217859E+00  1.48422265E+00  1.49217859E+00
   531  2.65500000E+01  1.49217560E+00  1.48452699E+00  1.49217560E+00
   532  2.66000000E+01  1.49217270E+00  1.48482117E+00  1.49217270E+00
   533  2.66500000E+01  1.49216988E+00  1.48510549E+00  1.49216988E+00
   534  2.67000000E+01  1.49216716E+00  1.48538027E+00  1.49216716E+00
   535  2.67500000E+01  1.49216448E+00  1.48564583E+00  1.49216448E+00
   536  2.68000000E+01  1.49216189E+00  1.48590241E+00  1.49216189E+00
   537  2.68500000E+01  1.49215943E+00  1.48615020E+00  1.49215943E+00
   538  2.69000000E+01  1.49215711E+00  1.48638947E+00  1.49215711E+00
   539  2.69500000E+01  1.49215491E+00  1.48662046E+00  1.49215491E+00
   540  2.70000000E+01  1.49215280E+00  1.48684348E+00  1.49215280E+00
   541  2.70500000E+01  1.49215079E+00  1.48705879E+00  1.49215079E+00
   542  2.71000000E+01  1.49214888E+00  1.48726666E+00  1.49214888E+00
   543  2.71500000E+01  1.49214703E+00  1.48746736E+00  1.49214703E+00
   544  2.72000000E+01  1.49214528E+00  1.48766109E+00  1.49214528E+00
   545  2.72500000E+01  1.49214367E+00  1.48784803E+00  1.49214367E+00
   546  2.73000000E+01  1.49214219E+00  1.48802840E+00  1.49214219E+00
   547  2.73500000E+01  1.49214143E+00  1.48820241E+00  1.49214143E+00
   548  2.74000000E+01  1.49214118E+00  1.48837030E+00  1.49214118E+00
   549  2.74500000E+01  1.49214104E+00  1.48853229E+00  1.49214104E+00
   550  2.75000000E+01  1.49214100E+00  1.48868858E+00  1.49214100E+00
   551  2.75500000E+01  1.49214102E+00  1.48883938E+00  1.49214102E+00
   552  2.76000000E+01  1.49214116E+00  1.48898484E+00  1.49214116E+00
   553  2.76500000E+01  1.49214146E+00  1.48912510E+00  1.49214146E+00
   554  2.77000000E+01  1.49214191E+00  1.48926029E+00  1.49214191E+00
   555  2.77500000E+01  1.49214251E+00  1.48939058E+00  1.49214251E+00
   556  2.78000000E+01  1.49214323E+00  1.48951613E+00  1.49214323E+00
   557  2.78500000E+01  1.49214408E+00  1.48963706E+00  1.49214408E+00
   558  2.79000000E+01  1.49214504E+00  1.48975353E+00  1.49214504E+00
   559  2.79500000E+01  1.49214609E+00  1.48986565E+00  1.49214609E+00
   560  2.80000000E+01  1.49214727E+00  1.48997351E+00  1.49214727E+00
   561  2.80500000E+01  1.49214864E+00  1.49007718E+00  1.49214864E+00
   562  2.81000000E+01  1.49215019E+00  1.49017675E+00  1.49215019E+00
   563  2.81500000E+01  1.49215189E+00  1.49027231E+00  1.49215189E+00
   564  2.82000000E+01  1.49215373E+00  1.49036395E+00  1.49215373E+00
   565  2.82500000E+01  1.49215572E+00  1.49045174E+00  1.49215572E+00
   566  2.83000000E+01  1.49215782E+00  1.49053578E+00  1.49215782E+00
   567  2.83500000E+01  1.49216000E+00  1.49061613E+00  1.49216000E+00
   568  2.84000000E+01  1.49216234E+00  1.49069283E+00  1.49216234E+00
   569  2.84500000E+01  1.49216485E+00  1.49076595E+00  1.49216485E+00
   570  2.85000000E+01  1.49216754E+00  1.49083553E+00  1.49216754E+00
   571  2.85500000E+01  1.49217037E+00  1.49090163E+00  1.49217037E+00
   572  2.86000000E+01  1.49217358E+00  1.49096434E+00  1.49217358E+00
   573  2.86500000E+01  1.49217781E+00  1.49102370E+00  1.49217781E+00
   574  2.87000000E+01  1.49218212E+00  1.49107981E+00  1.49218212E+00
   575  2.87500000E+01  1.49218649E+00  1.49113272E+00  1.49218649E+00
   576  2.88000000E+01  1.49219101E+00  1.49118250E+00  1.49219101E+00
   577  2.88500000E+01  1.49219569E+00  1.49122920E+00  1.49219569E+00
   578  2.89000000E+01  1.49220051E+00  1.49127291E+00  1.49220051E+00
   579  2.89500000E+01  1.49220546E+00  1.49131370E+00  1.49220546E+00
   580  2.90000000E+01  1.49221051E+00  1.49135166E+00  1.49221051E+00
   581  2.90500000E+01  1.49221565E+00  1.49138689E+00  1.49221565E+00
   582  2.91000000E+01  1.49222082E+00  1.49141949E+00  1.49222082E+00
   583  2.91500000E+01  1.49222603E+00  1.49144953E+00  1.49222603E+00
   584  2.92000000E+01  1.49223134E+00  1.49147712E+00  1.49223134E+00
   585  2.92500000E+01  1.49223678E+00  1.49150236E+00  1.49223678E+00
   586  2.93000000E+01  1.49224233E+00  1.49152535E+00  1.49224233E+00
   587  2.93500000E+01  1.49224797E+00  1.49154619E+00  1.49224797E+00
   588  2.94000000E+01  1.49225368E+00  1.49156500E+00  1.49225368E+00
   589  2.94500000E+01  1.49225947E+00  1.49158190E+00  1.49225947E+00
   590  2.95000000E+01  1.49226528E+00  1.49159698E+00  1.49226528E+00
   591  2.95500000E+01  1.49227115E+00  1.49161037E+00  1.49227115E+00
   592  2.96000000E+01  1.49227715E+00  1.49162217E+00  1.49227715E+00
   593  2.96500000E+01  1.49228330E+00  1.49163250E+00  1.49228330E+00
   594  2.97000000E+01  1.49228959E+00  1.49164145E+00  1.49228959E+00
   595  2.97500000E+01  1.49229601E+00  1.49164913E+00  1.49229601E+00
   596  2.98000000E+01  1.49230257E+00  1.49165566E+00  1.49230257E+00
   597  2.98500000E+01  1.49230925E+00  1.49166113E+00  1.49230925E+00
   598  2.99000000E+01  1.49231599E+00  1.49166564E+00  1.49231599E+00
   599  2.99500000E+01  1.49232284E+00  1.49166928E+00  1.49232284E+00
   600  3.00000000E+01  1.49232986E+00  1.49167215E+00  1.49232986E+00
   601  3.00500000E+01  1.49233704E+00  1.49167432E+00  1.49233704E+00
   602  3.01000000E+01  1.49234437E+00  1.49167588E+00  1.49234437E+00
   603  3.01500000E+01  1.49235184E+00  1.49167690E+00  1.49235184E+00
   604  3.02000000E+01  1.49235944E+00  1.49167745E+00  1.49235944E+00
   605  3.02500000E+01  1.49236710E+00  1.49167760E+00  1.49236710E+00
   606  3.03000000E+01  1.49237479E+00  1.49167740E+00  1.49237479E+00
   607  3.03500000E+01  1.49238255E+00  1.49167691E+00  1.49238255E+00
   608  3.04000000E+01  1.49239044E+00  1.49167618E+00  1.49239044E+00
   609  3.04500000E+01  1.49239842E+00  1.49167525E+00  1.49239842E+00
   610  3.05000000E+01  1.49240650E+00  1.49167416E+00  1.49240650E+00
   611  3.05500000E+01  1.49241467E+00  1.49167294E+00  1.49241467E+00
   612  3.06000000E+01  1.49242291E+00  1.49167162E+00  1.49242291E+00
   613  3.06500000E+01  1.49243118E+00  1.49167023E+00  1.49243118E+00
   614  3.07000000E+01  1.49243946E+00  1.49166878E+00  1.49243946E+00
   615  3.07500000E+01  1.49244783E+00  1.49166730E+00  1.49244783E+00
   616  3.08000000E+01  1.49245633E+00  1.49166580E+00  1.49245633E+00
   617  3.08500000E+01  1.49246497E+00  1.49166428E+00  1.49246497E+00
   618  3.09000000E+01  1.49247375E+00  1.49166277E+00  1.49247375E+00
   619  3.09500000E+01  1.49248267E+00  1.49166125E+00  1.49248267E+00
   620  3.10000000E+01  1.49249175E+00  1.49165973E+00  1.49249175E+00
   621  3.10500000E+01  1.49250149E+00  1.49165823E+00  1.49250149E+00
   622  3.11000000E+01  1.49251226E+00  1.49165672E+00  1.49251226E+00
   623  3.11500000E+01  1.49252320E+00  1.49165522E+00  1.49252320E+00
   624  3.12000000E+01  1.49253432E+00  1.49165372E+00  1.49253432E+00
   625  3.12500000E+01  1.49254561E+00  1.49165222E+00  1.49254561E+00
   626  3.13000000E+01  1.49255703E+00  1.49165071E+00  1.49255703E+00
   627  3.13500000E+01  1.49256856E+00  1.49164918E+00  1.49256856E+00
   628  3.14000000E+01  1.49258019E+00  1.49164764E+00  1.49258019E+00
   629  3.14500000E+01  1.49259184E+00  1.49164607E+00  1.49259184E+00
   630  3.15000000E+01  1.49260347E+00  1.49164448E+00  1.49260347E+00
   631  3.15500000E+01  1.49261519E+00  1.49164285E+00  1.49261519E+00
   632  3.16000000E+01  1.49262702E+00  1.49164118E+00  1.49262702E+00
   633  3.16500000E+01  1.49263893E+00  1.49163947E+00  1.49263893E+00
   634  3.17000000E+01  1.49265090E+00  1.49163772E+00  1.49265090E+00
   635  3.17500000E+01  1.49266292E+00  1.49163591E+00  1.49266292E+00
   636  3.18000000E+01  1.49267498E+00  1.49163405E+00  1.49267498E+00
   637  3.18500000E+01  1.49268701E+00  1.49163212E+00  1.49268701E+00
   638  3.19000000E+01  1.49269902E+00  1.49163014E+00  1.49269902E+00
   639  3.19500000E+01  1.49271112E+00  1.49162810E+00  1.49271112E+00
   640  3.20000000E+01  1.49272332E+00  1.49162598E+00  1.49272332E+00
   641  3.20500000E+01  1.49273564E+00  1.49162381E+00  1.49273564E+00
   642  3.21000000E+01  1.49274808E+00  1.49162156E+00  1.49274808E+00
   643  3.21500000E+01  1.49276063E+00  1.49161925E+00  1.49276063E+00
   644  3.22000000E+01  1.49277330E+00  1.49161686E+00  1.49277330E+00
   645  3.22500000E+01  1.49278604E+00  1.49161441E+00  1.49278604E+00
   646  3.23000000E+01  1.49279890E+00  1.49161188E+00  1.49279890E+00
   647  3.23500000E+01  1.49281197E+00  1.49160929E+00  1.49281197E+00
   648  3.24000000E+01  1.49282529E+00  1.49160662E+00  1.49282529E+00
   649  3.24500000E+01  1.49283886E+00  1.49160388E+00  1.49283886E+00
   650  3.25000000E+01  1.49285269E+00  1.49160108E+00  1.49285269E+00
   651  3.25500000E+01  1.49286677E+00  1.49159820E+00  1.49286677E+00
   652  3.26000000E+01  1.49288108E+00  1.49159526E+00  1.49288108E+00
   653  3.26500000E+01  1.49289558E+00  1.49159224E+00  1.49289558E+00
   654  3.27000000E+01  1.49291030E+00  1.49158916E+00  1.49291030E+00
   655  3.27500000E+01  1.49292532E+00  1.49158601E+00  1.49292532E+00
   656  3.28000000E+01  1.49294064E+00  1.49158280E+00  1.49294064E+00
   657  3.28500000E+01  1.49295624E+00  1.49157952E+00  1.49295624E+00
   658  3.29000000E+01  1.49297210E+00  1.49157617E+00  1.49297210E+00
   659  3.29500000E+01  1.49298818E+00  1.49157277E+00  1.49298818E+00
   660  3.30000000E+01  1.49300443E+00  1.49156930E+00  1.49300443E+00
   661  3.30500000E+01  1.49302079E+00  1.49156577E+00  1.49302079E+00
   662  3.31000000E+01  1.49303726E+00  1.49156219E+00  1.49303726E+00
   663  3.31500000E+01  1.49305389E+00  1.49155854E+00  1.49305389E+00
   664  3.32000000E+01  1.49307065E+00  1.49155484E+00  1.49307065E+00
   665  3.32500000E+01  1.49308748E+00  1.49155109E+00  1.49308748E+00
   666  3.33000000E+01  1.49310434E+00  1.49154729E+00  1.49310434E+00
   667  3.33500000E+01  1.49312118E+00  1.49154343E+00  1.49312118E+00
   668  3.34000000E+01  1.49313791E+00  1.49153953E+00  1.49313791E+00
   669  3.34500000E+01  1.49315449E+00  1.49153559E+00  1.49315449E+00
   670  3.35000000E+01  1.49317094E+00  1.49153160E+00  1.49317094E+00
   671  3.35500000E+01  1.49318728E+00  1.49152757E+00  1.49318728E+00
   672  3.36000000E+01  1.49320350E+00  1.49152351E+00  1.49320350E+00
   673  3.36500000E+01  1.49321957E+00  1.49151941E+00  1.49321957E+00
   674  3.37000000E+01  1.49323547E+00  1.49151528E+00  1.49323547E+00
   675  3.37500000E+01  1.49325116E+00  1.49151112E+00  1.49325116E+00
   676  3.38000000E+01  1.49326662E+00  1.49150694E+00  1.49326662E+00
   677  3.38500000E+01  1.49328184E+00  1.49150273E+00  1.49328184E+00
   678  3.39000000E+01  1.49329690E+00  1.49149851E+00  1.49329690E+00
   679  3.39500000E+01  1.49331186E+00  1.49149426E+00  1.49331186E+00
   680  3.40000000E+01  1.49332676E+00  1.49149001E+00  1.49332676E+00
   681  3.40500000E+01  1.49334159E+00  1.49148575E+00  1.49334159E+00
   682  3.41000000E+01  1.49335639E+00  1.49148148E+00  1.49335639E+00
   683  3.41500000E+01  1.49337115E+00  1.49147721E+00  1.49337115E+00
   684  3.42000000E+01  1.49338588E+00  1.49147295E+00  1.49338588E+00
   685  3.42500000E+01  1.49340060E+00  1.49146869E+00  1.49340060E+00
   686  3.43000000E+01  1.49341543E+00  1.49146444E+00  1.49341543E+00
   687  3.43500000E+01  1.49343041E+00  1.49146020E+00  1.49343041E+00
   688  3.44000000E+01  1.49344558E+00  1.49145599E+00  1.49344558E+00
   689  3.44500000E+01  1.49346094E+00  1.49145180E+00  1.49346094E+00
   690  3.45000000E+01  1.49347649E+00  1.49144763E+00  1.49347649E+00
   691  3.45500000E+01  1.49349221E+00  1.49144349E+00  1.49349221E+00
   692  3.46000000E+01  1.49350809E+00  1.49143939E+00  1.49350809E+00
   693  3.46500000E+01  1.49352415E+00  1.49143533E+00  1.49352415E+00
   694  3.47000000E+01  1.49354045E+00  1.49143131E+00  1.49354045E+00
   695  3.47500000E+01  1.49355700E+00  1.49142733E+00  1.49355700E+00
   696  3.48000000E+01  1.49357380E+00  1.49142341E+00  1.49357380E+00
   697  3.48500000E+01  1.49359082E+00  1.49141954E+00  1.49359082E+00
   698  3.49000000E+01  1.49360803E+00  1.49141572E+00  1.49360803E+00
   699  3.49500000E+01  1.49362535E+00  1.49141196E+00  1.49362535E+00
   700  3.50000000E+01  1.49364276E+00  1.49140827E+00  1.49364276E+00
   701  3.50500000E+01  1.49366027E+00  1.49140464E+00  1.49366027E+00
   702  3.51000000E+01  1.49367788E+00  1.49140108E+00  1.49367788E+00
   703  3.51500000E+01  1.49369560E+00  1.49139760E+00  1.49369560E+00
   704  3.52000000E+01  1.49371338E+00  1.49139419E+00  1.49371338E+00
   705  3.52500000E+01  1.49373120E+00  1.49139085E+00  1.49373120E+00
   706  3.53000000E+01  1.49374901E+00  1.49138760E+00  1.49374901E+00
   707  3.53500000E+01  1.49376674E+00  1.49138443E+00  1.49376674E+00
   708  3.54000000E+01  1.49378433E+00  1.49138134E+00  1.49378433E+00
   709  3.54500000E+01  1.49380180E+00  1.49137834E+00  1.49380180E+00
   710  3.55000000E+01  1.49381916E+00  1.49137543E+00  1.49381916E+00
   711  3.55500000E+01  1.49383639E+00  1.49137261E+00  1.49383639E+00
   712  3.56000000E+01  1.49385346E+00  1.49136988E+00  1.49385346E+00
   713  3.56500000E+01  1.49387035E+00  1.49136725E+00  1.49387035E+00
   714  3.57000000E+01  1.49388701E+00  1.49136472E+00  1.49388701E+00
   715  3.57500000E+01  1.49390335E+00  1.49136228E+00  1.49390335E+00
   716  3.58000000E+01  1.49391937E+00  1.49135995E+00  1.49391937E+00
   717  3.58500000E+01  1.49393511E+00  1.49135771E+00  1.49393511E+00
   718  3.59000000E+01  1.49395057E+00  1.49135558E+00  1.49395057E+00
   719  3.59500000E+01  1.49396577E+00  1.49135355E+00  1.49396577E+00
   720  3.60000000E+01  1.49398069E+00  1.49135162E+00  1.49398069E+00
   721  3.60500000E+01  1.49399531E+00  1.49134980E+00  1.49399531E+00
   722  3.61000000E+01  1.49400959E+00  1.49134808E+00  1.49400959E+00
   723  3.61500000E+01  1.49402349E+00  1.49134646E+00  1.49402349E+00
   724  3.62000000E+01  1.49403705E+00  1.49134495E+00  1.49403705E+00
   725  3.62500000E+01  1.49405033E+00  1.49134355E+00  1.49405033E+00
   726  3.63000000E+01  1.49406337E+00  1.49134225E+00  1.49406337E+00
   727  3.63500000E+01  1.49407622E+00  1.49134106E+00  1.49407622E+00
   728  3.64000000E+01  1.49408888E+00  1.49133998E+00  1.49408888E+00
   729  3.64500000E+01  1.49410133E+00  1.49133901E+00  1.49410133E+00
   730  3.65000000E+01  1.49411356E+00  1.49133815E+00  1.49411356E+00
   731  3.65500000E+01  1.49412557E+00  1.49133740E+00  1.49412557E+00
   732  3.66000000E+01  1.49413745E+00  1.49133677E+00  1.49413745E+00
   733  3.66500000E+01  1.49414928E+00  1.49133624E+00  1.49414928E+00
   734  3.67000000E+01  1.49416109E+00  1.49133584E+00  1.49416109E+00
   735  3.67500000E+01  1.49417293E+00  1.49133555E+00  1.49417293E+00
   736  3.68000000E+01  1.49418481E+00  1.49133538E+00  1.49418481E+00
   737  3.68500000E+01  1.49419670E+00  1.49133533E+00  1.49419670E+00
   738  3.69000000E+01  1.49420858E+00  1.49133541E+00  1.49420858E+00
   739  3.69500000E+01  1.49422047E+00  1.49133562E+00  1.49422047E+00
   740  3.70000000E+01  1.49423245E+00  1.49133595E+00  1.49423245E+00
   741  3.70500000E+01  1.49424456E+00  1.49133641E+00  1.49424456E+00
   742  3.71000000E+01  1.49425684E+00  1.49133701E+00  1.49425684E+00
   743  3.71500000E+01  1.49426927E+00  1.49133775E+00  1.49426927E+00
   744  3.72000000E+01  1.49428183E+00  1.49133862E+00  1.49428183E+00
   745  3.72500000E+01  1.49429446E+00  1.49133963E+00  1.49429446E+00
   746  3.73000000E+01  1.49430711E+00  1.49134077E+00  1.49430711E+00
   747  3.73500000E+01  1.49431982E+00  1.49134206E+00  1.49431982E+00
   748  3.74000000E+01  1.49433261E+00  1.49134349E+00  1.49433261E+00
   749  3.74500000E+01  1.49434552E+00  1.49134506E+00  1.49434552E+00
   750  3.75000000E+01  1.49435852E+00  1.49134678E+00  1.49435852E+00
   751  3.75500000E+01  1.49437155E+00  1.49134863E+00  1.49437155E+00
   752  3.76000000E+01  1.49438458E+00  1.49135062E+00  1.49438458E+00
   753  3.76500000E+01  1.49439752E+00  1.49135275E+00  1.49439752E+00
   754  3.77000000E+01  1.49441035E+00  1.49135502E+00  1.49441035E+00
   755  3.77500000E+01  1.49442308E+00  1.49135742E+00  1.49442308E+00
   756  3.78000000E+01  1.49443573E+00  1.49135996E+00  1.49443573E+00
   757  3.78500000E+01  1.49444833E+00  1.49136263E+00  1.49444833E+00
   758  3.79000000E+01  1.49446084E+00  1.49136544E+00  1.49446084E+00
   759  3.79500000E+01  1.49447322E+00  1.49136837E+00  1.49447322E+00
   760  3.80000000E+01  1.49448540E+00  1.49137142E+00  1.49448540E+00
   761  3.80500000E+01  1.49449737E+00  1.49137461E+00  1.49449737E+00
   762  3.81000000E+01  1.49450913E+00  1.49137791E+00  1.49450913E+00
   763  3.81500000E+01  1.49452073E+00  1.49138134E+00  1.49452073E+00
   764  3.82000000E+01  1.49453223E+00  1.49138489E+00  1.49453223E+00
   765  3.82500000E+01  1.49454364E+00  1.49138856E+00  1.49454364E+00
   766  3.83000000E+01  1.49455494E+00  1.49139235E+00  1.49455494E+00
   767  3.83500000E+01  1.49456612E+00  1.49139625E+00  1.49456612E+00
   768  3.84000000E+01  1.49457713E+00  1.49140027E+00  1.49457713E+00
   769  3.84500000E+01  1.49458800E+00  1.49140440E+00  1.49458800E+00
   770  3.85000000E+01  1.49459877E+00  1.49140866E+00  1.49459877E+00
   771  3.85500000E+01  1.49460952E+00  1.49141302E+00  1.49460952E+00
   772  3.86000000E+01  1.49462029E+00  1.49141751E+00  1.49462029E+00
   773  3.86500000E+01  1.49463108E+00  1.49142210E+00  1.49463108E+00
   774  3.87000000E+01  1.49464187E+00  1.49142681E+00  1.49464187E+00
   775  3.87500000E+01  1.49465266E+00  1.49143163E+00  1.49465266E+00
   776  3.88000000E+01  1.49466343E+00  1.49143657E+00  1.49466343E+00
   777  3.88500000E+01  1.49467420E+00  1.49144162E+00  1.49467420E+00
   778  3.89000000E+01  1.49468504E+00  1.49144678E+00  1.49468504E+00
   779  3.89500000E+01  1.49469602E+00  1.49145205E+00  1.49469602E+00
   780  3.90000000E+01  1.49470712E+00  1.49145743E+00  1.49470712E+00
   781  3.90500000E+01  1.49471834E+00  1.49146292E+00  1.49471834E+00
   782  3.91000000E+01  1.49472966E+00  1.49146851E+00  1.49472966E+00
   783  3.91500000E+01  1.49474107E+00  1.49147421E+00  1.49474107E+00
   784  3.92000000E+01  1.49475255E+00  1.49148001E+00  1.49475255E+00
   785  3.92500000E+01  1.49476415E+00  1.49148591E+00  1.49476415E+00
   786  3.93000000E+01  1.49477590E+00  1.49149190E+00  1.49477590E+00
   787  3.93500000E+01  1.49478782E+00  1.49149799E+00  1.49478782E+00
   788  3.94000000E+01  1.49479990E+00  1.49150417E+00  1.49479990E+00
   789  3.94500000E+01  1.49481208E+00  1.49151044E+00  1.49481208E+00
   790  3.95000000E+01  1.49482437E+00  1.49151680E+00  1.49482437E+00
   791  3.95500000E+01  1.49483672E+00  1.49152324E+00  1.49483672E+00
   792  3.96000000E+01  1.49484915E+00  1.49152977E+00  1.49484915E+00
   793  3.96500000E+01  1.49486167E+00  1.49153638E+00  1.49486167E+00
   794  3.97000000E+01  1.49487430E+00  1.49154308E+00  1.49487430E+00
   795  3.97500000E+01  1.49488702E+00  1.49154985E+00  1.49488702E+00
   796  3.98000000E+01  1.49489981E+00  1.49155671E+00  1.49489981E+00
   797  3.98500000E+01  1.49491261E+00  1.49156365E+00  1.49491261E+00
   798  3.99000000E+01  1.49492542E+00  1.49157068E+00  1.49492542E+00
   799  3.99500000E+01  1.49493822E+00  1.49157780E+00  1.49493822E+00
   800  4.00000000E+01  1.49495102E+00  1.49158502E+00  1.49495102E+00
   801  4.00500000E+01  1.49496384E+00  1.49159234E+00  1.49496384E+00
   802  4.01000000E+01  1.49497669E+00  1.49159975E+00  1.49497669E+00
   803  4.01500000E+01  1.49498953E+00  1.49160728E+00  1.49498953E+00
   804  4.02000000E+01  1.49500234E+00  1.49161492E+00  1.49500234E+00
   805  4.02500000E+01  1.49501511E+00  1.49162268E+00  1.49501511E+00
   806  4.03000000E+01  1.49502782E+00  1.49163057E+00  1.49502782E+00
   807  4.03500000E+01  1.49504049E+00  1.49163859E+00  1.49504049E+00
   808  4.04000000E+01  1.49505314E+00  1.49164675E+00  1.49505314E+00
   809  4.04500000E+01  1.49506579E+00  1.49165506E+00  1.49506579E+00
   810  4.05000000E+01  1.49507844E+00  1.49166351E+00  1.49507844E+00
   811  4.05500000E+01  1.49509106E+00  1.49167211E+00  1.49509106E+00
   812  4.06000000E+01  1.49510365E+00  1.49168087E+00  1.49510365E+00
   813  4.06500000E+01  1.49511619E+00  1.49168979E+00  1.49511619E+00
   814  4.07000000E+01  1.49512871E+00  1.49169886E+00  1.49512871E+00
   815  4.07500000E+01  1.49514122E+00  1.49170809E+00  1.49514122E+00
   816  4.08000000E+01  1.49515375E+00  1.49171747E+00  1.49515375E+00
   817  4.08500000E+01  1.49516631E+00  1.49172701E+00  1.49516631E+00
   818  4.09000000E+01  1.49517887E+00  1.49173669E+00  1.49517887E+00
   819  4.09500000E+01  1.49519143E+00  1.49174652E+00  1.49519143E+00
   820  4.10000000E+01  1.49520397E+00  1.49175648E+00  1.49520397E+00
   821  4.10500000E+01  1.49521651E+00  1.49176657E+00  1.49521651E+00
   822  4.11000000E+01  1.49522905E+00  1.49177679E+00  1.49522905E+00
   823  4.11500000E+01  1.49524161E+00  1.49178712E+00  1.49524161E+00
   824  4.12000000E+01  1.49525420E+00  1.49179755E+00  1.49525420E+00
   825  4.12500000E+01  1.49526681E+00  1.49180808E+00  1.49526681E+00
   826  4.13000000E+01  1.49527940E+00  1.49181870E+00  1.49527940E+00
   827  4.13500000E+01  1.49529196E+00  1.49182940E+00  1.49529196E+00
   828  4.14000000E+01  1.49530449E+00  1.49184018E+00  1.49530449E+00
   829  4.14500000E+01  1.49531699E+00  1.49185103E+00  1.49531699E+00
   830  4.15000000E+01  1.49532948E+00  1.49186194E+00  1.49532948E+00
   831  4.15500000E+01  1.49534197E+00  1.49187292E+00  1.49534197E+00
   832  4.16000000E+01  1.49535444E+00  1.49188396E+00  1.49535444E+00
   833  4.16500000E+01  1.49536687E+00  1.49189505E+00  1.49536687E+00
   834  4.17000000E+01  1.49537924E+00  1.49190621E+00  1.49537924E+00
   835  4.17500000E+01  1.49539156E+00  1.49191744E+00  1.49539156E+00
   836  4.18000000E+01  1.49540383E+00  1.49192874E+00  1.49540383E+00
   837  4.18500000E+01  1.49541608E+00  1.49194011E+00  1.49541608E+00
   838  4.19000000E+01  1.49542833E+00  1.49195157E+00  1.49542833E+00
   839  4.19500000E+01  1.49544058E+00  1.49196313E+00  1.49544058E+00
   840  4.20000000E+01  1.49545283E+00  1.49197479E+00  1.49545283E+00
   841  4.20500000E+01  1.49546506E+00  1.49198656E+00  1.49546506E+00
   842  4.21000000E+01  1.49547728E+00  1.49199846E+00  1.49547728E+00
   843  4.21500000E+01  1.49548952E+00  1.49201051E+00  1.49548952E+00
   844  4.22000000E+01  1.49550181E+00  1.49202271E+00  1.49550181E+00
   845  4.22500000E+01  1.49551418E+00  1.49203507E+00  1.49551418E+00
   846  4.23000000E+01  1.49552665E+00  1.49204761E+00  1.49552665E+00
   847  4.23500000E+01  1.49553922E+00  1.49206033E+00  1.49553922E+00
   848  4.24000000E+01  1.49555188E+00  1.49207325E+00  1.49555188E+00
   849  4.24500000E+01  1.49556462E+00  1.49208638E+00  1.49556462E+00
   850  4.25000000E+01  1.49557747E+00  1.49209971E+00  1.49557747E+00
   851  4.25500000E+01  1.49559046E+00  1.49211326E+00  1.49559046E+00
   852  4.26000000E+01  1.49560360E+00  1.49212703E+00  1.49560360E+00
   853  4.26500000E+01  1.49561691E+00  1.49214102E+00  1.49561691E+00
   854  4.27000000E+01  1.49563038E+00  1.49215522E+00  1.49563038E+00
   855  4.27500000E+01  1.49564398E+00  1.49216964E+00  1.49564398E+00
   856  4.28000000E+01  1.49565768E+00  1.49218426E+00  1.49565768E+00
   857  4.28500000E+01  1.49567149E+00  1.49219909E+00  1.49567149E+00
   858  4.29000000E+01  1.49568539E+00  1.49221410E+00  1.49568539E+00
   859  4.29500000E+01  1.49569942E+00  1.49222929E+00  1.49569942E+00
   860  4.30000000E+01  1.49571355E+00  1.49224465E+00  1.49571355E+00
   861  4.30500000E+01  1.49572777E+00  1.49226015E+00  1.49572777E+00
   862  4.31000000E+01  1.49574203E+00  1.49227578E+00  1.49574203E+00
   863  4.31500000E+01  1.49575630E+00  1.49229153E+00  1.49575630E+00
   864  4.32000000E+01  1.49577055E+00  1.49230737E+00  1.49577055E+00
   865  4.32500000E+01  1.49578477E+00  1.49232329E+00  1.49578477E+00
   866  4.33000000E+01  1.49579896E+00  1.49233927E+00  1.49579896E+00
   867  4.33500000E+01  1.49581314E+00  1.49235530E+00  1.49581314E+00
   868  4.34000000E+01  1.49582730E+00  1.49237134E+00  1.49582730E+00
   869  4.34500000E+01  1.49584140E+00  1.49238739E+00  1.49584140E+00
   870  4.35000000E+01  1.49585540E+00  1.49240342E+00  1.49585540E+00
   871  4.35500000E+01  1.49586930E+00  1.49241944E+00  1.49586930E+00
   872  4.36000000E+01  1.49588311E+00  1.49243542E+00  1.49588311E+00
   873  4.36500000E+01  1.49589684E+00  1.49245135E+00  1.49589684E+00
   874  4.37000000E+01  1.49591053E+00  1.49246722E+00  1.49591053E+00
   875  4.37500000E+01  1.49592420E+00  1.49248303E+00  1.49592420E+00
   876  4.38000000E+01  1.49593785E+00  1.49249878E+00  1.49593785E+00
   877  4.38500000E+01  1.49595146E+00  1.49251445E+00  1.49595146E+00
   878  4.39000000E+01  1.49596503E+00  1.49253005E+00  1.49596503E+00
   879  4.39500000E+01  1.49597859E+00  1.49254560E+00  1.49597859E+00
   880  4.40000000E+01  1.49599216E+00  1.49256108E+00  1.49599216E+00
   881  4.40500000E+01  1.49600581E+00  1.49257651E+00  1.49600581E+00
   882  4.41000000E+01  1.49601956E+00  1.49259190E+00  1.49601956E+00
   883  4.41500000E+01  1.49603343E+00  1.49260725E+00  1.49603343E+00
   884  4.42000000E+01  1.49604743E+00  1.49262259E+00  1.49604743E+00
   885  4.42500000E+01  1.49606154E+00  1.49263792E+00  1.49606154E+00
   886  4.43000000E+01  1.49607578E+00  1.49265326E+00  1.49607578E+00
   887  4.43500000E+01  1.49609017E+00  1.49266863E+00  1.49609017E+00
   888  4.44000000E+01  1.49610477E+00  1.49268405E+00  1.49610477E+00
   889  4.44500000E+01  1.49611961E+00  1.49269952E+00  1.49611961E+00
   890  4.45000000E+01  1.49613471E+00  1.49271507E+00  1.49613471E+00
   891  4.45500000E+01  1.49615007E+00  1.49273071E+00  1.49615007E+00
   892  4.46000000E+01  1.49616565E+00  1.49274645E+00  1.49616565E+00
   893  4.46500000E+01  1.49618146E+00  1.49276231E+00  1.49618146E+00
   894  4.47000000E+01  1.49619750E+00  1.49277830E+00  1.49619750E+00
   895  4.47500000E+01  1.49621378E+00  1.49279442E+00  1.49621378E+00
   896  4.48000000E+01  1.49623034E+00  1.49281069E+00  1.49623034E+00
   897  4.48500000E+01  1.49624719E+00  1.49282710E+00  1.49624719E+00
   898  4.49000000E+01  1.49626429E+00  1.49284366E+00  1.49626429E+00
   899  4.49500000E+01  1.49628161E+00  1.49286036E+00  1.49628161E+00
   900  4.50000000E+01  1.49629911E+00  1.49287721E+00  1.49629911E+00
   901  4.50500000E+01  1.49631676E+00  1.49289420E+00  1.49631676E+00
   902  4.51000000E+01  1.49633455E+00  1.49291131E+00  1.49633455E+00
   903  4.51500000E+01  1.49635249E+00  1.49292853E+00  1.49635249E+00
   904  4.52000000E+01  1.49637058E+00  1.49294586E+00  1.49637058E+00
   905  4.52500000E+01  1.49638879E+00  1.49296326E+00  1.49638879E+00
   906  4.53000000E+01  1.49640707E+00  1.49298073E+00  1.49640707E+00
   907  4.53500000E+01  1.49642537E+00  1.49299823E+00  1.49642537E+00
   908  4.54000000E+01  1.49644364E+00  1.49301576E+00  1.49644364E+00
   909  4.54500000E+01  1.49646188E+00  1.49303329E+00  1.49646188E+00
   910  4.55000000E+01  1.49648009E+00  1.49305079E+00  1.49648009E+00
   911  4.55500000E+01  1.49649828E+00  1.49306824E+00  1.49649828E+00
   912  4.56000000E+01  1.49651646E+00  1.49308561E+00  1.49651646E+00
   913  4.56500000E+01  1.49653457E+00  1.49310287E+00  1.49653457E+00
   914  4.57000000E+01  1.49655260E+00  1.49312002E+00  1.49655260E+00
   915  4.57500000E+01  1.49657050E+00  1.49313702E+00  1.49657050E+00
   916  4.58000000E+01  1.49658829E+00  1.49315385E+00  1.49658829E+00
   917  4.58500000E+01  1.49660597E+00  1.49317051E+00  1.49660597E+00
   918  4.59000000E+01  1.49662358E+00  1.49318696E+00  1.49662358E+00
   919  4.59500000E+01  1.49664114E+00  1.49320320E+00  1.49664114E+00
   920  4.60000000E+01  1.49665865E+00  1.49321921E+00  1.49665865E+00
   921  4.60500000E+01  1.49667608E+00  1.49323498E+00  1.49667608E+00
   922  4.61000000E+01  1.49669341E+00  1.49325051E+00  1.49669341E+00
   923  4.61500000E+01  1.49671065E+00  1.49326580E+00  1.49671065E+00
   924  4.62000000E+01  1.49672780E+00  1.49328084E+00  1.49672780E+00
   925  4.62500000E+01  1.49674490E+00  1.49329564E+00  1.49674490E+00
   926  4.63000000E+01  1.49676200E+00  1.49331020E+00  1.49676200E+00
   927  4.63500000E+01  1.49677909E+00  1.49332453E+00  1.49677909E+00
   928  4.64000000E+01  1.49679615E+00  1.49333863E+00  1.49679615E+00
   929  4.64500000E+01  1.49681316E+00  1.49335252E+00  1.49681316E+00
   930  4.65000000E+01  1.49683010E+00  1.49336621E+00  1.49683010E+00
   931  4.65500000E+01  1.49684698E+00  1.49337972E+00  1.49684698E+00
   932  4.66000000E+01  1.49686381E+00  1.49339307E+00  1.49686381E+00
   933  4.66500000E+01  1.49688063E+00  1.49340626E+00  1.49688063E+00
   934  4.67000000E+01  1.49689746E+00  1.49341932E+00  1.49689746E+00
   935  4.67500000E+01  1.49691427E+00  1.49343225E+00  1.49691427E+00
   936  4.68000000E+01  1.49693103E+00  1.49344509E+00  1.49693103E+00
   937  4.68500000E+01  1.49694770E+00  1.49345785E+00  1.49694770E+00
   938  4.69000000E+01  1.49696428E+00  1.49347054E+00  1.49696428E+00
   939  4.69500000E+01  1.49698078E+00  1.49348319E+00  1.49698078E+00
   940  4.70000000E+01  1.49699723E+00  1.49349579E+00  1.49699723E+00
   941  4.70500000E+01  1.49701364E+00  1.49350838E+00  1.49701364E+00
   942  4.71000000E+01  1.49703003E+00  1.49352094E+00  1.49703003E+00
   943  4.71500000E+01  1.49704634E+00  1.49353351E+00  1.49704634E+00
   944  4.72000000E+01  1.49706255E+00  1.49354607E+00  1.49706255E+00
   945  4.72500000E+01  1.49707865E+00  1.49355865E+00  1.49707865E+00
   946  4.73000000E+01  1.49709466E+00  1.49357124E+00  1.49709466E+00
   947  4.73500000E+01  1.49711060E+00  1.49358385E+00  1.49711060E+00
   948  4.74000000E+01  1.49712651E+00  1.49359648E+00  1.49712651E+00
   949  4.74500000E+01  1.49714242E+00  1.49360911E+00  1.49714242E+00
   950  4.75000000E+01  1.49715830E+00  1.49362175E+00  1.49715830E+00
   951  4.75500000E+01  1.49717414E+00  1.49363440E+00  1.49717414E+00
   952  4.76000000E+01  1.49718992E+00  1.49364705E+00  1.49718992E+00
   953  4.76500000E+01  1.49720568E+00  1.49365970E+00  1.49720568E+00
   954  4.77000000E+01  1.49722144E+00  1.49367233E+00  1.49722144E+00
   955  4.77500000E+01  1.49723723E+00  1.49368493E+00  1.49723723E+00
   956  4.78000000E+01  1.49725309E+00  1.49369750E+00  1.49725309E+00
   957  4.78500000E+01  1.49726901E+00  1.49371004E+00  1.49726901E+00
   958  4.79000000E+01  1.49728497E+00  1.49372252E+00  1.49728497E+00
   959  4.79500000E+01  1.49730094E+00  1.49373495E+00  1.49730094E+00
   960  4.80000000E+01  1.49731695E+00  1.49374731E+00  1.49731695E+00
   961  4.80500000E+01  1.49733300E+00  1.49375960E+00  1.49733300E+00
   962  4.81000000E+01  1.49734909E+00  1.49377182E+00  1.49734909E+00
   963  4.81500000E+01  1.49736526E+00  1.49378396E+00  1.49736526E+00
   964  4.82000000E+01  1.49738150E+00  1.49379601E+00  1.49738150E+00
   965  4.82500000E+01  1.49739777E+00  1.49380797E+00  1.49739777E+00
   966  4.83000000E+01  1.49741400E+00  1.49381985E+00  1.49741400E+00
   967  4.83500000E+01  1.49743019E+00  1.49383165E+00  1.49743019E+00
   968  4.84000000E+01  1.49744635E+00  1.49384336E+00  1.49744635E+00
   969  4.84500000E+01  1.49746246E+00  1.49385500E+00  1.49746246E+00
   970  4.85000000E+01  1.49747850E+00  1.49386656E+00  1.49747850E+00
   971  4.85500000E+01  1.49749450E+00  1.49387805E+00  1.49749450E+00
   972  4.86000000E+01  1.49751041E+00  1.49388948E+00  1.49751041E+00
   973  4.86500000E+01  1.49752617E+00  1.49390086E+00  1.49752617E+00
   974  4.87000000E+01  1.49754174E+00  1.49391220E+00  1.49754174E+00
   975  4.87500000E+01  1.49755714E+00  1.49392350E+00  1.49755714E+00
   976  4.88000000E+01  1.49757235E+00  1.49393478E+00  1.49757235E+00
   977  4.88500000E+01  1.49758738E+00  1.49394604E+00  1.49758738E+00
   978  4.89000000E+01  1.49760224E+00  1.49395730E+00  1.49760224E+00
   979  4.89500000E+01  1.49761694E+00  1.49396856E+00  1.49761694E+00
   980  4.90000000E+01  1.49763142E+00  1.49397984E+00  1.49763142E+00
   981  4.90500000E+01  1.49764566E+00  1.49399114E+00  1.49764566E+00
   982  4.91000000E+01  1.49765966E+00  1.49400247E+00  1.49765966E+00
   983  4.91500000E+01  1.49767344E+00  1.49401384E+00  1.49767344E+00
   984  4.92000000E+01  1.49768703E+00  1.49402526E+00  1.49768703E+00
   985  4.92500000E+01  1.49770044E+00  1.49403673E+00  1.49770044E+00
   986  4.93000000E+01  1.49771373E+00  1.49404826E+00  1.49771373E+00
   987  4.93500000E+01  1.49772689E+00  1.49405984E+00  1.49772689E+00
   988  4.94000000E+01  1.49773988E+00  1.49407149E+00  1.49773988E+00
   989  4.94500000E+01  1.49775268E+00  1.49408320E+00  1.49775268E+00
   990  4.95000000E+01  1.49776529E+00  1.49409499E+00  1.49776529E+00
   991  4.95500000E+01  1.49777776E+00  1.49410684E+00  1.49777776E+00
   992  4.96000000E+01  1.49779011E+00  1.49411876E+00  1.49779011E+00
   993  4.96500000E+01  1.49780238E+00  1.49413075E+00  1.49780238E+00
   994  4.97000000E+01  1.49781458E+00  1.49414281E+00  1.49781458E+00
   995  4.97500000E+01  1.49782669E+00  1.49415493E+00  1.49782669E+00
   996  4.98000000E+01  1.49783869E+00  1.49416711E+00  1.49783869E+00
   997  4.98500000E+01  1.49785054E+00  1.49417936E+00  1.49785054E+00
   998  4.99000000E+01  1.49786224E+00  1.49419167E+00  1.49786224E+00
   999  4.99500000E+01  1.49787382E+00  1.49420404E+00  1.49787382E+00
  1000  5.00000000E+01  1.49788533E+00  1.49421646E+00  1.49788533E+00
