 comppar: model =   3
 comppar: lambda,mobility/eps,betav,eta_0 =  5.0000E+00  4.0000E-01  3.0000E-01  1.0000E+00
 comppar: eta_s,eta_p,G =  3.0000E-01  7.0000E-01  1.4000E-01
 comppar: U_avg,deltat,flowrate,nsteps =  1.0000E-01  4.0000E-01  3.1416E-01    1000
 comppar: geometry = axisymmetric
 comppar: steady stop change,gap,hold,min =  1.0000E-05  2.0000E-04      10      80
 comppar: steady stop rounded decimals =       4
 comppar: ncompc,ncompg =     4     5
 mesh nnodes = 22999
 mesh nelem = 11296
 P1 BC   5.0000000000000000     
 P2 BC   0.0000000000000000     
     1  4.00000000E-01  1.00503627E+00  1.00000000E+00  1.00503627E+00
     2  8.00000000E-01  1.00987855E+00  1.00000000E+00  1.00987855E+00
     3  1.20000000E+00  1.01451063E+00  1.00000000E+00  1.01451063E+00
     4  1.60000000E+00  1.01896435E+00  1.00000000E+00  1.01896435E+00
     5  2.00000000E+00  1.02325725E+00  1.00000000E+00  1.02325725E+00
     6  2.40000000E+00  1.02740685E+00  1.00000001E+00  1.02740685E+00
     7  2.80000000E+00  1.03143561E+00  1.00000001E+00  1.03143561E+00
     8  3.20000000E+00  1.03535781E+00  1.00000001E+00  1.03535781E+00
     9  3.60000000E+00  1.03919757E+00  1.00000001E+00  1.03919757E+00
    10  4.00000000E+00  1.04294266E+00  1.00000001E+00  1.04294266E+00
    11  4.40000000E+00  1.04661762E+00  1.00000000E+00  1.04661762E+00
    12  4.80000000E+00  1.05020669E+00  1.00000000E+00  1.05020669E+00
    13  5.20000000E+00  1.05370910E+00  9.99999996E-01  1.05370910E+00
    14  5.60000000E+00  1.05712294E+00  9.99999989E-01  1.05712294E+00
    15  6.00000000E+00  1.06045365E+00  9.99999980E-01  1.06045365E+00
    16  6.40000000E+00  1.06368623E+00  9.99999968E-01  1.06368623E+00
    17  6.80000000E+00  1.06681812E+00  9.99999953E-01  1.06681812E+00
    18  7.20000000E+00  1.06984284E+00  9.99999933E-01  1.06984284E+00
    19  7.60000000E+00  1.07275957E+00  9.99999910E-01  1.07275957E+00
    20  8.00000000E+00  1.07556476E+00  9.99999881E-01  1.07556476E+00
    21  8.40000000E+00  1.07825962E+00  9.99999847E-01  1.07825962E+00
    22  8.80000000E+00  1.08083091E+00  9.99999805E-01  1.08083091E+00
    23  9.20000000E+00  1.08329135E+00  9.99999757E-01  1.08329135E+00
    24  9.60000000E+00  1.08564488E+00  9.99999700E-01  1.08564488E+00
    25  1.00000000E+01  1.08789390E+00  9.99999633E-01  1.08789390E+00
    26  1.04000000E+01  1.09003511E+00  9.99999555E-01  1.09003511E+00
    27  1.08000000E+01  1.09207179E+00  9.99999465E-01  1.09207179E+00
    28  1.12000000E+01  1.09400441E+00  9.99999361E-01  1.09400441E+00
    29  1.16000000E+01  1.09583091E+00  9.99999242E-01  1.09583091E+00
    30  1.20000000E+01  1.09757852E+00  9.99999106E-01  1.09757852E+00
    31  1.24000000E+01  1.09924738E+00  9.99998951E-01  1.09924738E+00
    32  1.28000000E+01  1.10082584E+00  9.99998775E-01  1.10082584E+00
    33  1.32000000E+01  1.10231398E+00  9.99998575E-01  1.10231398E+00
    34  1.36000000E+01  1.10376069E+00  9.99998348E-01  1.10376069E+00
    35  1.40000000E+01  1.10512863E+00  9.99998093E-01  1.10512863E+00
    36  1.44000000E+01  1.10642395E+00  9.99997807E-01  1.10642395E+00
    37  1.48000000E+01  1.10768181E+00  9.99997485E-01  1.10768181E+00
    38  1.52000000E+01  1.10886490E+00  9.99997124E-01  1.10886490E+00
    39  1.56000000E+01  1.11002064E+00  9.99996722E-01  1.11002064E+00
    40  1.60000000E+01  1.11110979E+00  9.99996273E-01  1.11110979E+00
    41  1.64000000E+01  1.11216543E+00  9.99995773E-01  1.11216543E+00
    42  1.68000000E+01  1.11316913E+00  9.99995219E-01  1.11316913E+00
    43  1.72000000E+01  1.11411550E+00  9.99994604E-01  1.11411550E+00
    44  1.76000000E+01  1.11503285E+00  9.99993924E-01  1.11503285E+00
    45  1.80000000E+01  1.11588804E+00  9.99993172E-01  1.11588804E+00
    46  1.84000000E+01  1.11668712E+00  9.99992344E-01  1.11668712E+00
    47  1.88000000E+01  1.11744811E+00  9.99991433E-01  1.11744811E+00
    48  1.92000000E+01  1.11816596E+00  9.99990432E-01  1.11816596E+00
    49  1.96000000E+01  1.11883591E+00  9.99989335E-01  1.11883591E+00
    50  2.00000000E+01  1.11945469E+00  9.99988133E-01  1.11945469E+00
    51  2.04000000E+01  1.12002853E+00  9.99986821E-01  1.12002853E+00
    52  2.08000000E+01  1.12055888E+00  9.99985389E-01  1.12055888E+00
    53  2.12000000E+01  1.12105150E+00  9.99983831E-01  1.12105150E+00
    54  2.16000000E+01  1.12151639E+00  9.99982137E-01  1.12151639E+00
    55  2.20000000E+01  1.12194312E+00  9.99980299E-01  1.12194312E+00
    56  2.24000000E+01  1.12233506E+00  9.99978309E-01  1.12233506E+00
    57  2.28000000E+01  1.12269440E+00  9.99976158E-01  1.12269440E+00
    58  2.32000000E+01  1.12302347E+00  9.99973838E-01  1.12302347E+00
    59  2.36000000E+01  1.12332314E+00  9.99971340E-01  1.12332314E+00
    60  2.40000000E+01  1.12359539E+00  9.99968656E-01  1.12359539E+00
    61  2.44000000E+01  1.12384204E+00  9.99965778E-01  1.12384204E+00
    62  2.48000000E+01  1.12406452E+00  9.99962700E-01  1.12406452E+00
    63  2.52000000E+01  1.12426589E+00  9.99959415E-01  1.12426589E+00
    64  2.56000000E+01  1.12444666E+00  9.99955917E-01  1.12444666E+00
    65  2.60000000E+01  1.12460866E+00  9.99952202E-01  1.12460866E+00
    66  2.64000000E+01  1.12475160E+00  9.99948267E-01  1.12475160E+00
    67  2.68000000E+01  1.12487927E+00  9.99944112E-01  1.12487927E+00
    68  2.72000000E+01  1.12499105E+00  9.99939737E-01  1.12499105E+00
    69  2.76000000E+01  1.12508935E+00  9.99935146E-01  1.12508935E+00
    70  2.80000000E+01  1.12517330E+00  9.99930347E-01  1.12517330E+00
    71  2.84000000E+01  1.12524657E+00  9.99925348E-01  1.12524657E+00
    72  2.88000000E+01  1.12530759E+00  9.99920166E-01  1.12530759E+00
    73  2.92000000E+01  1.12535994E+00  9.99914818E-01  1.12535994E+00
    74  2.96000000E+01  1.12540165E+00  9.99909330E-01  1.12540165E+00
    75  3.00000000E+01  1.12543644E+00  9.99903732E-01  1.12543644E+00
    76  3.04000000E+01  1.12546199E+00  9.99898064E-01  1.12546199E+00
    77  3.08000000E+01  1.12548208E+00  9.99892370E-01  1.12548208E+00
    78  3.12000000E+01  1.12549885E+00  9.99886708E-01  1.12549885E+00
    79  3.16000000E+01  1.12550900E+00  9.99881144E-01  1.12550900E+00
    80  3.20000000E+01  1.12551515E+00  9.99875755E-01  1.12551515E+00
    81  3.24000000E+01  1.12551497E+00  9.99870634E-01  1.12551497E+00
    82  3.28000000E+01  1.12551193E+00  9.99865887E-01  1.12551193E+00
    83  3.32000000E+01  1.12550350E+00  9.99861639E-01  1.12550350E+00
    84  3.36000000E+01  1.12549432E+00  9.99858031E-01  1.12549432E+00
    85  3.40000000E+01  1.12548577E+00  9.99855227E-01  1.12548577E+00
    86  3.44000000E+01  1.12547272E+00  9.99853414E-01  1.12547272E+00
    87  3.48000000E+01  1.12545846E+00  9.99852806E-01  1.12545846E+00
    88  3.52000000E+01  1.12544032E+00  9.99853642E-01  1.12544032E+00
    89  3.56000000E+01  1.12542509E+00  9.99856199E-01  1.12542509E+00
    90  3.60000000E+01  1.12541011E+00  9.99860783E-01  1.12541011E+00
    91  3.64000000E+01  1.12539172E+00  9.99867742E-01  1.12539172E+00
    92  3.68000000E+01  1.12537291E+00  9.99877468E-01  1.12537291E+00
    93  3.72000000E+01  1.12535644E+00  9.99890396E-01  1.12535644E+00
    94  3.76000000E+01  1.12533983E+00  9.99907015E-01  1.12533983E+00
    95  3.80000000E+01  1.12532284E+00  9.99927870E-01  1.12532284E+00
    96  3.84000000E+01  1.12530307E+00  9.99953569E-01  1.12530307E+00
    97  3.88000000E+01  1.12528901E+00  9.99984783E-01  1.12528901E+00
    98  3.92000000E+01  1.12527501E+00  1.00002226E+00  1.12527501E+00
    99  3.96000000E+01  1.12525834E+00  1.00006683E+00  1.12525834E+00
   100  4.00000000E+01  1.12524175E+00  1.00011940E+00  1.12524175E+00
   101  4.04000000E+01  1.12523143E+00  1.00018097E+00  1.12523143E+00
   102  4.08000000E+01  1.12521847E+00  1.00025267E+00  1.12521847E+00
   103  4.12000000E+01  1.12520514E+00  1.00033569E+00  1.12520514E+00
   104  4.16000000E+01  1.12519257E+00  1.00043138E+00  1.12519257E+00
   105  4.20000000E+01  1.12518372E+00  1.00054119E+00  1.12518372E+00
   106  4.24000000E+01  1.12517420E+00  1.00066672E+00  1.12517420E+00
   107  4.28000000E+01  1.12516219E+00  1.00080971E+00  1.12516219E+00
   108  4.32000000E+01  1.12515383E+00  1.00097204E+00  1.12515383E+00
   109  4.36000000E+01  1.12514826E+00  1.00115579E+00  1.12514826E+00
   110  4.40000000E+01  1.12514015E+00  1.00136316E+00  1.12514015E+00
   111  4.44000000E+01  1.12514108E+00  1.00159659E+00  1.12514108E+00
   112  4.48000000E+01  1.12514548E+00  1.00185866E+00  1.12514548E+00
   113  4.52000000E+01  1.12514972E+00  1.00215218E+00  1.12514972E+00
   114  4.56000000E+01  1.12515378E+00  1.00248018E+00  1.12515378E+00
   115  4.60000000E+01  1.12515761E+00  1.00284586E+00  1.12515761E+00
   116  4.64000000E+01  1.12516120E+00  1.00325270E+00  1.12516120E+00
   117  4.68000000E+01  1.12516455E+00  1.00370437E+00  1.12516455E+00
   118  4.72000000E+01  1.12516765E+00  1.00420479E+00  1.12516765E+00
   119  4.76000000E+01  1.12517050E+00  1.00475809E+00  1.12517050E+00
   120  4.80000000E+01  1.12517312E+00  1.00536865E+00  1.12517312E+00
   121  4.84000000E+01  1.12517552E+00  1.00604107E+00  1.12517552E+00
   122  4.88000000E+01  1.12517769E+00  1.00678017E+00  1.12517769E+00
   123  4.92000000E+01  1.12517966E+00  1.00759094E+00  1.12517966E+00
   124  4.96000000E+01  1.12518143E+00  1.00847859E+00  1.12518143E+00
   125  5.00000000E+01  1.12518301E+00  1.00944846E+00  1.12518301E+00
   126  5.04000000E+01  1.12518443E+00  1.01050602E+00  1.12518443E+00
   127  5.08000000E+01  1.12518569E+00  1.01165683E+00  1.12518569E+00
   128  5.12000000E+01  1.12518681E+00  1.01290646E+00  1.12518681E+00
   129  5.16000000E+01  1.12518780E+00  1.01426049E+00  1.12518780E+00
   130  5.20000000E+01  1.12518867E+00  1.01572437E+00  1.12518867E+00
   131  5.24000000E+01  1.12518943E+00  1.01730340E+00  1.12518943E+00
   132  5.28000000E+01  1.12519010E+00  1.01900262E+00  1.12519010E+00
   133  5.32000000E+01  1.12519068E+00  1.02082670E+00  1.12519068E+00
   134  5.36000000E+01  1.12519121E+00  1.02277986E+00  1.12519121E+00
   135  5.40000000E+01  1.12519170E+00  1.02486571E+00  1.12519170E+00
   136  5.44000000E+01  1.12519213E+00  1.02708714E+00  1.12519213E+00
   137  5.48000000E+01  1.12519250E+00  1.02944620E+00  1.12519250E+00
   138  5.52000000E+01  1.12519282E+00  1.03194392E+00  1.12519282E+00
   139  5.56000000E+01  1.12519309E+00  1.03458021E+00  1.12519309E+00
   140  5.60000000E+01  1.12519332E+00  1.03735365E+00  1.12519332E+00
   141  5.64000000E+01  1.12519353E+00  1.04026140E+00  1.12519353E+00
   142  5.68000000E+01  1.12519370E+00  1.04329903E+00  1.12519370E+00
   143  5.72000000E+01  1.12519385E+00  1.04646043E+00  1.12519385E+00
   144  5.76000000E+01  1.12519397E+00  1.04973763E+00  1.12519397E+00
   145  5.80000000E+01  1.12519408E+00  1.05312082E+00  1.12519408E+00
   146  5.84000000E+01  1.12519418E+00  1.05659818E+00  1.12519418E+00
   147  5.88000000E+01  1.12519426E+00  1.06015595E+00  1.12519426E+00
   148  5.92000000E+01  1.12519433E+00  1.06377841E+00  1.12519433E+00
   149  5.96000000E+01  1.12519439E+00  1.06744795E+00  1.12519439E+00
   150  6.00000000E+01  1.12519444E+00  1.07114522E+00  1.12519444E+00
   151  6.04000000E+01  1.12519449E+00  1.07484932E+00  1.12519449E+00
   152  6.08000000E+01  1.12519453E+00  1.07853802E+00  1.12519453E+00
   153  6.12000000E+01  1.12519456E+00  1.08218815E+00  1.12519456E+00
   154  6.16000000E+01  1.12519460E+00  1.08577592E+00  1.12519460E+00
   155  6.20000000E+01  1.12519462E+00  1.08927745E+00  1.12519462E+00
   156  6.24000000E+01  1.12519465E+00  1.09266927E+00  1.12519465E+00
   157  6.28000000E+01  1.12519468E+00  1.09592890E+00  1.12519468E+00
   158  6.32000000E+01  1.12519470E+00  1.09903545E+00  1.12519470E+00
   159  6.36000000E+01  1.12519472E+00  1.10197026E+00  1.12519472E+00
   160  6.40000000E+01  1.12519474E+00  1.10471752E+00  1.12519474E+00
   161  6.44000000E+01  1.12519476E+00  1.10726480E+00  1.12519476E+00
   162  6.48000000E+01  1.12519477E+00  1.10960353E+00  1.12519477E+00
   163  6.52000000E+01  1.12519479E+00  1.11172935E+00  1.12519479E+00
   164  6.56000000E+01  1.12519480E+00  1.11364230E+00  1.12519480E+00
   165  6.60000000E+01  1.12519482E+00  1.11534678E+00  1.12519482E+00
   166  6.64000000E+01  1.12519483E+00  1.11685130E+00  1.12519483E+00
   167  6.68000000E+01  1.12519484E+00  1.11816804E+00  1.12519484E+00
   168  6.72000000E+01  1.12519486E+00  1.11931209E+00  1.12519486E+00
   169  6.76000000E+01  1.12519487E+00  1.12030065E+00  1.12519487E+00
   170  6.80000000E+01  1.12519488E+00  1.12115192E+00  1.12519488E+00
   171  6.84000000E+01  1.12519489E+00  1.12188406E+00  1.12519489E+00
   172  6.88000000E+01  1.12519490E+00  1.12251413E+00  1.12519490E+00
   173  6.92000000E+01  1.12519491E+00  1.12305717E+00  1.12519491E+00
   174  6.96000000E+01  1.12519492E+00  1.12352553E+00  1.12519492E+00
   175  7.00000000E+01  1.12519493E+00  1.12392844E+00  1.12519493E+00
   176  7.04000000E+01  1.12519493E+00  1.12427202E+00  1.12519493E+00
   177  7.08000000E+01  1.12519494E+00  1.12455963E+00  1.12519494E+00
   178  7.12000000E+01  1.12519495E+00  1.12479252E+00  1.12519495E+00
   179  7.16000000E+01  1.12519496E+00  1.12497076E+00  1.12519496E+00
   180  7.20000000E+01  1.12519496E+00  1.12509433E+00  1.12519496E+00
   181  7.24000000E+01  1.12519497E+00  1.12516412E+00  1.12519497E+00
   182  7.28000000E+01  1.12519497E+00  1.12518277E+00  1.12519497E+00
   183  7.32000000E+01  1.12519498E+00  1.12515529E+00  1.12519498E+00
   184  7.36000000E+01  1.12519498E+00  1.12508914E+00  1.12519498E+00
   185  7.40000000E+01  1.12519499E+00  1.12499395E+00  1.12519499E+00
   186  7.44000000E+01  1.12519499E+00  1.12488086E+00  1.12519499E+00
   187  7.48000000E+01  1.12519499E+00  1.12476147E+00  1.12519499E+00
   188  7.52000000E+01  1.12519500E+00  1.12464674E+00  1.12519500E+00
   189  7.56000000E+01  1.12519500E+00  1.12454585E+00  1.12519500E+00
   190  7.60000000E+01  1.12519500E+00  1.12446532E+00  1.12519500E+00
   191  7.64000000E+01  1.12519501E+00  1.12440849E+00  1.12519501E+00
   192  7.68000000E+01  1.12519501E+00  1.12437541E+00  1.12519501E+00
   193  7.72000000E+01  1.12519501E+00  1.12436326E+00  1.12519501E+00
   194  7.76000000E+01  1.12519501E+00  1.12436709E+00  1.12519501E+00
   195  7.80000000E+01  1.12519501E+00  1.12438082E+00  1.12519501E+00
   196  7.84000000E+01  1.12519502E+00  1.12439831E+00  1.12519502E+00
   197  7.88000000E+01  1.12519502E+00  1.12441435E+00  1.12519502E+00
   198  7.92000000E+01  1.12519502E+00  1.12442530E+00  1.12519502E+00
   199  7.96000000E+01  1.12519502E+00  1.12442945E+00  1.12519502E+00
   200  8.00000000E+01  1.12519502E+00  1.12442693E+00  1.12519502E+00
   201  8.04000000E+01  1.12519502E+00  1.12441939E+00  1.12519502E+00
   202  8.08000000E+01  1.12519502E+00  1.12440932E+00  1.12519502E+00
   203  8.12000000E+01  1.12519503E+00  1.12439942E+00  1.12519503E+00
   204  8.16000000E+01  1.12519503E+00  1.12439202E+00  1.12519503E+00
   205  8.20000000E+01  1.12519503E+00  1.12438861E+00  1.12519503E+00
   206  8.24000000E+01  1.12519503E+00  1.12438970E+00  1.12519503E+00
   207  8.28000000E+01  1.12519503E+00  1.12439486E+00  1.12519503E+00
   208  8.32000000E+01  1.12519503E+00  1.12440296E+00  1.12519503E+00
   209  8.36000000E+01  1.12519503E+00  1.12441256E+00  1.12519503E+00
   210  8.40000000E+01  1.12519503E+00  1.12442224E+00  1.12519503E+00
   211  8.44000000E+01  1.12519503E+00  1.12443090E+00  1.12519503E+00
   212  8.48000000E+01  1.12519503E+00  1.12443792E+00  1.12519503E+00
   213  8.52000000E+01  1.12519503E+00  1.12444319E+00  1.12519503E+00
   214  8.56000000E+01  1.12519503E+00  1.12444698E+00  1.12519503E+00
   215  8.60000000E+01  1.12519503E+00  1.12444981E+00  1.12519503E+00
   216  8.64000000E+01  1.12519503E+00  1.12445225E+00  1.12519503E+00
   217  8.68000000E+01  1.12519503E+00  1.12445475E+00  1.12519503E+00
   218  8.72000000E+01  1.12519503E+00  1.12445757E+00  1.12519503E+00
   219  8.76000000E+01  1.12519503E+00  1.12446073E+00  1.12519503E+00
   220  8.80000000E+01  1.12519503E+00  1.12446413E+00  1.12519503E+00
   221  8.84000000E+01  1.12519503E+00  1.12446752E+00  1.12519503E+00
   222  8.88000000E+01  1.12519503E+00  1.12447069E+00  1.12519503E+00
   223  8.92000000E+01  1.12519503E+00  1.12447346E+00  1.12519503E+00
   224  8.96000000E+01  1.12519503E+00  1.12447576E+00  1.12519503E+00
   225  9.00000000E+01  1.12519503E+00  1.12447760E+00  1.12519503E+00
   226  9.04000000E+01  1.12519503E+00  1.12447907E+00  1.12519503E+00
   227  9.08000000E+01  1.12519503E+00  1.12448029E+00  1.12519503E+00
   228  9.12000000E+01  1.12519503E+00  1.12448136E+00  1.12519503E+00
   229  9.16000000E+01  1.12519503E+00  1.12448235E+00  1.12519503E+00
   230  9.20000000E+01  1.12519503E+00  1.12448331E+00  1.12519503E+00
   231  9.24000000E+01  1.12519503E+00  1.12448423E+00  1.12519503E+00
   232  9.28000000E+01  1.12519503E+00  1.12448507E+00  1.12519503E+00
   233  9.32000000E+01  1.12519503E+00  1.12448583E+00  1.12519503E+00
   234  9.36000000E+01  1.12519503E+00  1.12448647E+00  1.12519503E+00
   235  9.40000000E+01  1.12519503E+00  1.12448700E+00  1.12519503E+00
   236  9.44000000E+01  1.12519503E+00  1.12448742E+00  1.12519503E+00
   237  9.48000000E+01  1.12519503E+00  1.12448776E+00  1.12519503E+00
   238  9.52000000E+01  1.12519503E+00  1.12448804E+00  1.12519503E+00
   239  9.56000000E+01  1.12519503E+00  1.12448828E+00  1.12519503E+00
   240  9.60000000E+01  1.12519503E+00  1.12448850E+00  1.12519503E+00
   241  9.64000000E+01  1.12519503E+00  1.12448870E+00  1.12519503E+00
   242  9.68000000E+01  1.12519503E+00  1.12448887E+00  1.12519503E+00
   243  9.72000000E+01  1.12519503E+00  1.12448902E+00  1.12519503E+00
   244  9.76000000E+01  1.12519503E+00  1.12448916E+00  1.12519503E+00
   245  9.80000000E+01  1.12519504E+00  1.12448926E+00  1.12519504E+00
   246  9.84000000E+01  1.12519504E+00  1.12448935E+00  1.12519504E+00
   247  9.88000000E+01  1.12519504E+00  1.12448942E+00  1.12519504E+00
   248  9.92000000E+01  1.12519504E+00  1.12448948E+00  1.12519504E+00
   249  9.96000000E+01  1.12519504E+00  1.12448953E+00  1.12519504E+00
   250  1.00000000E+02  1.12519504E+00  1.12448958E+00  1.12519504E+00
   251  1.00400000E+02  1.12519504E+00  1.12448962E+00  1.12519504E+00
   252  1.00800000E+02  1.12519504E+00  1.12448966E+00  1.12519504E+00
   253  1.01200000E+02  1.12519504E+00  1.12448969E+00  1.12519504E+00
   254  1.01600000E+02  1.12519504E+00  1.12448973E+00  1.12519504E+00
   255  1.02000000E+02  1.12519504E+00  1.12448975E+00  1.12519504E+00
   256  1.02400000E+02  1.12519504E+00  1.12448978E+00  1.12519504E+00
   257  1.02800000E+02  1.12519504E+00  1.12448980E+00  1.12519504E+00
   258  1.03200000E+02  1.12519504E+00  1.12448982E+00  1.12519504E+00
   259  1.03600000E+02  1.12519504E+00  1.12448984E+00  1.12519504E+00
   260  1.04000000E+02  1.12519504E+00  1.12448986E+00  1.12519504E+00
   261  1.04400000E+02  1.12519504E+00  1.12448987E+00  1.12519504E+00
   262  1.04800000E+02  1.12519504E+00  1.12448989E+00  1.12519504E+00
   263  1.05200000E+02  1.12519504E+00  1.12448991E+00  1.12519504E+00
   264  1.05600000E+02  1.12519504E+00  1.12448992E+00  1.12519504E+00
   265  1.06000000E+02  1.12519504E+00  1.12448993E+00  1.12519504E+00
   266  1.06400000E+02  1.12519504E+00  1.12448995E+00  1.12519504E+00
   267  1.06800000E+02  1.12519504E+00  1.12448996E+00  1.12519504E+00
   268  1.07200000E+02  1.12519504E+00  1.12448997E+00  1.12519504E+00
   269  1.07600000E+02  1.12519504E+00  1.12448999E+00  1.12519504E+00
   270  1.08000000E+02  1.12519504E+00  1.12449000E+00  1.12519504E+00
   271  1.08400000E+02  1.12519504E+00  1.12449001E+00  1.12519504E+00
   272  1.08800000E+02  1.12519504E+00  1.12449002E+00  1.12519504E+00
   273  1.09200000E+02  1.12519504E+00  1.12449003E+00  1.12519504E+00
   274  1.09600000E+02  1.12519504E+00  1.12449004E+00  1.12519504E+00
   275  1.10000000E+02  1.12519504E+00  1.12449004E+00  1.12519504E+00
   276  1.10400000E+02  1.12519504E+00  1.12449005E+00  1.12519504E+00
   277  1.10800000E+02  1.12519504E+00  1.12449006E+00  1.12519504E+00
   278  1.11200000E+02  1.12519504E+00  1.12449007E+00  1.12519504E+00
   279  1.11600000E+02  1.12519504E+00  1.12449007E+00  1.12519504E+00
   280  1.12000000E+02  1.12519504E+00  1.12449008E+00  1.12519504E+00
   281  1.12400000E+02  1.12519504E+00  1.12449009E+00  1.12519504E+00
   282  1.12800000E+02  1.12519504E+00  1.12449009E+00  1.12519504E+00
   283  1.13200000E+02  1.12519504E+00  1.12449010E+00  1.12519504E+00
   284  1.13600000E+02  1.12519504E+00  1.12449010E+00  1.12519504E+00
   285  1.14000000E+02  1.12519504E+00  1.12449011E+00  1.12519504E+00
   286  1.14400000E+02  1.12519504E+00  1.12449011E+00  1.12519504E+00
   287  1.14800000E+02  1.12519504E+00  1.12449011E+00  1.12519504E+00
   288  1.15200000E+02  1.12519504E+00  1.12449012E+00  1.12519504E+00
   289  1.15600000E+02  1.12519504E+00  1.12449012E+00  1.12519504E+00
   290  1.16000000E+02  1.12519504E+00  1.12449012E+00  1.12519504E+00
   291  1.16400000E+02  1.12519504E+00  1.12449013E+00  1.12519504E+00
   292  1.16800000E+02  1.12519504E+00  1.12449013E+00  1.12519504E+00
   293  1.17200000E+02  1.12519504E+00  1.12449013E+00  1.12519504E+00
   294  1.17600000E+02  1.12519504E+00  1.12449013E+00  1.12519504E+00
   295  1.18000000E+02  1.12519504E+00  1.12449014E+00  1.12519504E+00
   296  1.18400000E+02  1.12519504E+00  1.12449014E+00  1.12519504E+00
   297  1.18800000E+02  1.12519504E+00  1.12449014E+00  1.12519504E+00
   298  1.19200000E+02  1.12519504E+00  1.12449014E+00  1.12519504E+00
   299  1.19600000E+02  1.12519504E+00  1.12449014E+00  1.12519504E+00
   300  1.20000000E+02  1.12519504E+00  1.12449014E+00  1.12519504E+00
   301  1.20400000E+02  1.12519504E+00  1.12449014E+00  1.12519504E+00
   302  1.20800000E+02  1.12519504E+00  1.12449015E+00  1.12519504E+00
   303  1.21200000E+02  1.12519504E+00  1.12449015E+00  1.12519504E+00
   304  1.21600000E+02  1.12519504E+00  1.12449015E+00  1.12519504E+00
   305  1.22000000E+02  1.12519504E+00  1.12449015E+00  1.12519504E+00
   306  1.22400000E+02  1.12519504E+00  1.12449015E+00  1.12519504E+00
   307  1.22800000E+02  1.12519504E+00  1.12449015E+00  1.12519504E+00
   308  1.23200000E+02  1.12519504E+00  1.12449015E+00  1.12519504E+00
   309  1.23600000E+02  1.12519504E+00  1.12449015E+00  1.12519504E+00
   310  1.24000000E+02  1.12519504E+00  1.12449015E+00  1.12519504E+00
   311  1.24400000E+02  1.12519504E+00  1.12449015E+00  1.12519504E+00
   312  1.24800000E+02  1.12519504E+00  1.12449015E+00  1.12519504E+00
   313  1.25200000E+02  1.12519504E+00  1.12449015E+00  1.12519504E+00
   314  1.25600000E+02  1.12519504E+00  1.12449015E+00  1.12519504E+00
   315  1.26000000E+02  1.12519504E+00  1.12449015E+00  1.12519504E+00
   316  1.26400000E+02  1.12519504E+00  1.12449015E+00  1.12519504E+00
   317  1.26800000E+02  1.12519504E+00  1.12449015E+00  1.12519504E+00
   318  1.27200000E+02  1.12519504E+00  1.12449015E+00  1.12519504E+00
   319  1.27600000E+02  1.12519504E+00  1.12449015E+00  1.12519504E+00
   320  1.28000000E+02  1.12519504E+00  1.12449015E+00  1.12519504E+00
   321  1.28400000E+02  1.12519504E+00  1.12449015E+00  1.12519504E+00
   322  1.28800000E+02  1.12519504E+00  1.12449016E+00  1.12519504E+00
   323  1.29200000E+02  1.12519504E+00  1.12449016E+00  1.12519504E+00
   324  1.29600000E+02  1.12519504E+00  1.12449016E+00  1.12519504E+00
   325  1.30000000E+02  1.12519504E+00  1.12449016E+00  1.12519504E+00
   326  1.30400000E+02  1.12519504E+00  1.12449016E+00  1.12519504E+00
   327  1.30800000E+02  1.12519504E+00  1.12449016E+00  1.12519504E+00
   328  1.31200000E+02  1.12519504E+00  1.12449016E+00  1.12519504E+00
   329  1.31600000E+02  1.12519504E+00  1.12449016E+00  1.12519504E+00
   330  1.32000000E+02  1.12519504E+00  1.12449016E+00  1.12519504E+00
   331  1.32400000E+02  1.12519504E+00  1.12449016E+00  1.12519504E+00
   332  1.32800000E+02  1.12519504E+00  1.12449016E+00  1.12519504E+00
   333  1.33200000E+02  1.12519504E+00  1.12449016E+00  1.12519504E+00
   334  1.33600000E+02  1.12519504E+00  1.12449016E+00  1.12519504E+00
   335  1.34000000E+02  1.12519504E+00  1.12449016E+00  1.12519504E+00
   336  1.34400000E+02  1.12519504E+00  1.12449016E+00  1.12519504E+00
   337  1.34800000E+02  1.12519504E+00  1.12449016E+00  1.12519504E+00
   338  1.35200000E+02  1.12519504E+00  1.12449016E+00  1.12519504E+00
   339  1.35600000E+02  1.12519504E+00  1.12449016E+00  1.12519504E+00
   340  1.36000000E+02  1.12519504E+00  1.12449016E+00  1.12519504E+00
   341  1.36400000E+02  1.12519504E+00  1.12449016E+00  1.12519504E+00
   342  1.36800000E+02  1.12519504E+00  1.12449016E+00  1.12519504E+00
   343  1.37200000E+02  1.12519504E+00  1.12449016E+00  1.12519504E+00
   344  1.37600000E+02  1.12519504E+00  1.12449016E+00  1.12519504E+00
   345  1.38000000E+02  1.12519504E+00  1.12449016E+00  1.12519504E+00
   346  1.38400000E+02  1.12519504E+00  1.12449016E+00  1.12519504E+00
   347  1.38800000E+02  1.12519504E+00  1.12449016E+00  1.12519504E+00
   348  1.39200000E+02  1.12519504E+00  1.12449016E+00  1.12519504E+00
   349  1.39600000E+02  1.12519504E+00  1.12449016E+00  1.12519504E+00
   350  1.40000000E+02  1.12519504E+00  1.12449016E+00  1.12519504E+00
   351  1.40400000E+02  1.12519504E+00  1.12449016E+00  1.12519504E+00
   352  1.40800000E+02  1.12519504E+00  1.12449016E+00  1.12519504E+00
   353  1.41200000E+02  1.12519504E+00  1.12449016E+00  1.12519504E+00
   354  1.41600000E+02  1.12519504E+00  1.12449016E+00  1.12519504E+00
   355  1.42000000E+02  1.12519504E+00  1.12449016E+00  1.12519504E+00
   356  1.42400000E+02  1.12519504E+00  1.12449016E+00  1.12519504E+00
   357  1.42800000E+02  1.12519504E+00  1.12449016E+00  1.12519504E+00
   358  1.43200000E+02  1.12519504E+00  1.12449016E+00  1.12519504E+00
   359  1.43600000E+02  1.12519504E+00  1.12449016E+00  1.12519504E+00
   360  1.44000000E+02  1.12519504E+00  1.12449016E+00  1.12519504E+00
   361  1.44400000E+02  1.12519504E+00  1.12449016E+00  1.12519504E+00
   362  1.44800000E+02  1.12519504E+00  1.12449016E+00  1.12519504E+00
   363  1.45200000E+02  1.12519504E+00  1.12449016E+00  1.12519504E+00
   364  1.45600000E+02  1.12519504E+00  1.12449016E+00  1.12519504E+00
   365  1.46000000E+02  1.12519504E+00  1.12449016E+00  1.12519504E+00
   366  1.46400000E+02  1.12519504E+00  1.12449016E+00  1.12519504E+00
   367  1.46800000E+02  1.12519504E+00  1.12449016E+00  1.12519504E+00
   368  1.47200000E+02  1.12519504E+00  1.12449016E+00  1.12519504E+00
   369  1.47600000E+02  1.12519504E+00  1.12449016E+00  1.12519504E+00
   370  1.48000000E+02  1.12519504E+00  1.12449016E+00  1.12519504E+00
   371  1.48400000E+02  1.12519504E+00  1.12449016E+00  1.12519504E+00
   372  1.48800000E+02  1.12519504E+00  1.12449016E+00  1.12519504E+00
   373  1.49200000E+02  1.12519504E+00  1.12449016E+00  1.12519504E+00
   374  1.49600000E+02  1.12519504E+00  1.12449016E+00  1.12519504E+00
   375  1.50000000E+02  1.12519504E+00  1.12449016E+00  1.12519504E+00
   376  1.50400000E+02  1.12519504E+00  1.12449016E+00  1.12519504E+00
   377  1.50800000E+02  1.12519504E+00  1.12449016E+00  1.12519504E+00
   378  1.51200000E+02  1.12519504E+00  1.12449016E+00  1.12519504E+00
   379  1.51600000E+02  1.12519504E+00  1.12449016E+00  1.12519504E+00
   380  1.52000000E+02  1.12519504E+00  1.12449016E+00  1.12519504E+00
   381  1.52400000E+02  1.12519504E+00  1.12449016E+00  1.12519504E+00
   382  1.52800000E+02  1.12519504E+00  1.12449016E+00  1.12519504E+00
   383  1.53200000E+02  1.12519504E+00  1.12449016E+00  1.12519504E+00
   384  1.53600000E+02  1.12519504E+00  1.12449016E+00  1.12519504E+00
   385  1.54000000E+02  1.12519504E+00  1.12449016E+00  1.12519504E+00
   386  1.54400000E+02  1.12519504E+00  1.12449016E+00  1.12519504E+00
   387  1.54800000E+02  1.12519504E+00  1.12449016E+00  1.12519504E+00
   388  1.55200000E+02  1.12519504E+00  1.12449016E+00  1.12519504E+00
   389  1.55600000E+02  1.12519504E+00  1.12449016E+00  1.12519504E+00
   390  1.56000000E+02  1.12519504E+00  1.12449016E+00  1.12519504E+00
   391  1.56400000E+02  1.12519504E+00  1.12449016E+00  1.12519504E+00
   392  1.56800000E+02  1.12519504E+00  1.12449016E+00  1.12519504E+00
   393  1.57200000E+02  1.12519504E+00  1.12449016E+00  1.12519504E+00
   394  1.57600000E+02  1.12519504E+00  1.12449016E+00  1.12519504E+00
   395  1.58000000E+02  1.12519504E+00  1.12449016E+00  1.12519504E+00
   396  1.58400000E+02  1.12519504E+00  1.12449016E+00  1.12519504E+00
   397  1.58800000E+02  1.12519504E+00  1.12449016E+00  1.12519504E+00
   398  1.59200000E+02  1.12519504E+00  1.12449016E+00  1.12519504E+00
   399  1.59600000E+02  1.12519504E+00  1.12449016E+00  1.12519504E+00
   400  1.60000000E+02  1.12519504E+00  1.12449016E+00  1.12519504E+00
   401  1.60400000E+02  1.12519504E+00  1.12449016E+00  1.12519504E+00
   402  1.60800000E+02  1.12519504E+00  1.12449016E+00  1.12519504E+00
   403  1.61200000E+02  1.12519504E+00  1.12449016E+00  1.12519504E+00
   404  1.61600000E+02  1.12519504E+00  1.12449016E+00  1.12519504E+00
   405  1.62000000E+02  1.12519504E+00  1.12449016E+00  1.12519504E+00
   406  1.62400000E+02  1.12519504E+00  1.12449016E+00  1.12519504E+00
   407  1.62800000E+02  1.12519504E+00  1.12449016E+00  1.12519504E+00
   408  1.63200000E+02  1.12519504E+00  1.12449016E+00  1.12519504E+00
   409  1.63600000E+02  1.12519504E+00  1.12449016E+00  1.12519504E+00
   410  1.64000000E+02  1.12519504E+00  1.12449016E+00  1.12519504E+00
   411  1.64400000E+02  1.12519504E+00  1.12449016E+00  1.12519504E+00
   412  1.64800000E+02  1.12519504E+00  1.12449016E+00  1.12519504E+00
   413  1.65200000E+02  1.12519504E+00  1.12449016E+00  1.12519504E+00
   414  1.65600000E+02  1.12519504E+00  1.12449016E+00  1.12519504E+00
   415  1.66000000E+02  1.12519504E+00  1.12449016E+00  1.12519504E+00
   416  1.66400000E+02  1.12519504E+00  1.12449016E+00  1.12519504E+00
   417  1.66800000E+02  1.12519504E+00  1.12449016E+00  1.12519504E+00
   418  1.67200000E+02  1.12519504E+00  1.12449016E+00  1.12519504E+00
   419  1.67600000E+02  1.12519504E+00  1.12449016E+00  1.12519504E+00
   420  1.68000000E+02  1.12519504E+00  1.12449016E+00  1.12519504E+00
   421  1.68400000E+02  1.12519504E+00  1.12449016E+00  1.12519504E+00
   422  1.68800000E+02  1.12519504E+00  1.12449016E+00  1.12519504E+00
   423  1.69200000E+02  1.12519504E+00  1.12449016E+00  1.12519504E+00
   424  1.69600000E+02  1.12519504E+00  1.12449016E+00  1.12519504E+00
   425  1.70000000E+02  1.12519504E+00  1.12449016E+00  1.12519504E+00
   426  1.70400000E+02  1.12519504E+00  1.12449016E+00  1.12519504E+00
   427  1.70800000E+02  1.12519504E+00  1.12449016E+00  1.12519504E+00
   428  1.71200000E+02  1.12519504E+00  1.12449016E+00  1.12519504E+00
   429  1.71600000E+02  1.12519504E+00  1.12449016E+00  1.12519504E+00
   430  1.72000000E+02  1.12519504E+00  1.12449016E+00  1.12519504E+00
   431  1.72400000E+02  1.12519504E+00  1.12449016E+00  1.12519504E+00
   432  1.72800000E+02  1.12519504E+00  1.12449016E+00  1.12519504E+00
   433  1.73200000E+02  1.12519504E+00  1.12449016E+00  1.12519504E+00
   434  1.73600000E+02  1.12519504E+00  1.12449016E+00  1.12519504E+00
   435  1.74000000E+02  1.12519504E+00  1.12449016E+00  1.12519504E+00
   436  1.74400000E+02  1.12519504E+00  1.12449016E+00  1.12519504E+00
   437  1.74800000E+02  1.12519504E+00  1.12449016E+00  1.12519504E+00
   438  1.75200000E+02  1.12519504E+00  1.12449016E+00  1.12519504E+00
   439  1.75600000E+02  1.12519504E+00  1.12449016E+00  1.12519504E+00
   440  1.76000000E+02  1.12519504E+00  1.12449016E+00  1.12519504E+00
   441  1.76400000E+02  1.12519504E+00  1.12449016E+00  1.12519504E+00
   442  1.76800000E+02  1.12519504E+00  1.12449016E+00  1.12519504E+00
   443  1.77200000E+02  1.12519504E+00  1.12449016E+00  1.12519504E+00
   444  1.77600000E+02  1.12519504E+00  1.12449016E+00  1.12519504E+00
   445  1.78000000E+02  1.12519504E+00  1.12449016E+00  1.12519504E+00
   446  1.78400000E+02  1.12519504E+00  1.12449016E+00  1.12519504E+00
   447  1.78800000E+02  1.12519504E+00  1.12449016E+00  1.12519504E+00
   448  1.79200000E+02  1.12519504E+00  1.12449016E+00  1.12519504E+00
   449  1.79600000E+02  1.12519504E+00  1.12449016E+00  1.12519504E+00
   450  1.80000000E+02  1.12519504E+00  1.12449016E+00  1.12519504E+00
   451  1.80400000E+02  1.12519504E+00  1.12449016E+00  1.12519504E+00
   452  1.80800000E+02  1.12519504E+00  1.12449016E+00  1.12519504E+00
   453  1.81200000E+02  1.12519504E+00  1.12449016E+00  1.12519504E+00
   454  1.81600000E+02  1.12519504E+00  1.12449016E+00  1.12519504E+00
   455  1.82000000E+02  1.12519504E+00  1.12449016E+00  1.12519504E+00
   456  1.82400000E+02  1.12519504E+00  1.12449016E+00  1.12519504E+00
   457  1.82800000E+02  1.12519504E+00  1.12449016E+00  1.12519504E+00
   458  1.83200000E+02  1.12519504E+00  1.12449016E+00  1.12519504E+00
   459  1.83600000E+02  1.12519504E+00  1.12449016E+00  1.12519504E+00
   460  1.84000000E+02  1.12519504E+00  1.12449016E+00  1.12519504E+00
   461  1.84400000E+02  1.12519504E+00  1.12449016E+00  1.12519504E+00
   462  1.84800000E+02  1.12519504E+00  1.12449016E+00  1.12519504E+00
   463  1.85200000E+02  1.12519504E+00  1.12449016E+00  1.12519504E+00
   464  1.85600000E+02  1.12519504E+00  1.12449016E+00  1.12519504E+00
   465  1.86000000E+02  1.12519504E+00  1.12449016E+00  1.12519504E+00
   466  1.86400000E+02  1.12519504E+00  1.12449016E+00  1.12519504E+00
   467  1.86800000E+02  1.12519504E+00  1.12449016E+00  1.12519504E+00
   468  1.87200000E+02  1.12519504E+00  1.12449016E+00  1.12519504E+00
   469  1.87600000E+02  1.12519504E+00  1.12449016E+00  1.12519504E+00
   470  1.88000000E+02  1.12519504E+00  1.12449016E+00  1.12519504E+00
   471  1.88400000E+02  1.12519504E+00  1.12449016E+00  1.12519504E+00
   472  1.88800000E+02  1.12519504E+00  1.12449016E+00  1.12519504E+00
   473  1.89200000E+02  1.12519504E+00  1.12449016E+00  1.12519504E+00
   474  1.89600000E+02  1.12519504E+00  1.12449016E+00  1.12519504E+00
   475  1.90000000E+02  1.12519504E+00  1.12449016E+00  1.12519504E+00
   476  1.90400000E+02  1.12519504E+00  1.12449016E+00  1.12519504E+00
   477  1.90800000E+02  1.12519504E+00  1.12449016E+00  1.12519504E+00
   478  1.91200000E+02  1.12519504E+00  1.12449016E+00  1.12519504E+00
   479  1.91600000E+02  1.12519504E+00  1.12449016E+00  1.12519504E+00
   480  1.92000000E+02  1.12519504E+00  1.12449016E+00  1.12519504E+00
   481  1.92400000E+02  1.12519504E+00  1.12449016E+00  1.12519504E+00
   482  1.92800000E+02  1.12519504E+00  1.12449016E+00  1.12519504E+00
   483  1.93200000E+02  1.12519504E+00  1.12449016E+00  1.12519504E+00
   484  1.93600000E+02  1.12519504E+00  1.12449016E+00  1.12519504E+00
   485  1.94000000E+02  1.12519504E+00  1.12449016E+00  1.12519504E+00
   486  1.94400000E+02  1.12519504E+00  1.12449016E+00  1.12519504E+00
   487  1.94800000E+02  1.12519504E+00  1.12449016E+00  1.12519504E+00
   488  1.95200000E+02  1.12519504E+00  1.12449016E+00  1.12519504E+00
   489  1.95600000E+02  1.12519504E+00  1.12449016E+00  1.12519504E+00
   490  1.96000000E+02  1.12519504E+00  1.12449016E+00  1.12519504E+00
   491  1.96400000E+02  1.12519504E+00  1.12449016E+00  1.12519504E+00
   492  1.96800000E+02  1.12519504E+00  1.12449016E+00  1.12519504E+00
   493  1.97200000E+02  1.12519504E+00  1.12449016E+00  1.12519504E+00
   494  1.97600000E+02  1.12519504E+00  1.12449016E+00  1.12519504E+00
   495  1.98000000E+02  1.12519504E+00  1.12449016E+00  1.12519504E+00
   496  1.98400000E+02  1.12519504E+00  1.12449016E+00  1.12519504E+00
   497  1.98800000E+02  1.12519504E+00  1.12449016E+00  1.12519504E+00
   498  1.99200000E+02  1.12519504E+00  1.12449016E+00  1.12519504E+00
   499  1.99600000E+02  1.12519504E+00  1.12449016E+00  1.12519504E+00
   500  2.00000000E+02  1.12519504E+00  1.12449016E+00  1.12519504E+00
   501  2.00400000E+02  1.12519504E+00  1.12449016E+00  1.12519504E+00
   502  2.00800000E+02  1.12519504E+00  1.12449016E+00  1.12519504E+00
   503  2.01200000E+02  1.12519504E+00  1.12449016E+00  1.12519504E+00
   504  2.01600000E+02  1.12519504E+00  1.12449016E+00  1.12519504E+00
   505  2.02000000E+02  1.12519504E+00  1.12449016E+00  1.12519504E+00
   506  2.02400000E+02  1.12519504E+00  1.12449016E+00  1.12519504E+00
   507  2.02800000E+02  1.12519504E+00  1.12449016E+00  1.12519504E+00
   508  2.03200000E+02  1.12519504E+00  1.12449016E+00  1.12519504E+00
   509  2.03600000E+02  1.12519504E+00  1.12449016E+00  1.12519504E+00
   510  2.04000000E+02  1.12519504E+00  1.12449016E+00  1.12519504E+00
   511  2.04400000E+02  1.12519504E+00  1.12449016E+00  1.12519504E+00
   512  2.04800000E+02  1.12519504E+00  1.12449016E+00  1.12519504E+00
   513  2.05200000E+02  1.12519504E+00  1.12449016E+00  1.12519504E+00
   514  2.05600000E+02  1.12519504E+00  1.12449016E+00  1.12519504E+00
   515  2.06000000E+02  1.12519504E+00  1.12449016E+00  1.12519504E+00
   516  2.06400000E+02  1.12519504E+00  1.12449016E+00  1.12519504E+00
   517  2.06800000E+02  1.12519504E+00  1.12449016E+00  1.12519504E+00
   518  2.07200000E+02  1.12519504E+00  1.12449016E+00  1.12519504E+00
   519  2.07600000E+02  1.12519504E+00  1.12449016E+00  1.12519504E+00
   520  2.08000000E+02  1.12519504E+00  1.12449016E+00  1.12519504E+00
   521  2.08400000E+02  1.12519504E+00  1.12449016E+00  1.12519504E+00
   522  2.08800000E+02  1.12519504E+00  1.12449016E+00  1.12519504E+00
   523  2.09200000E+02  1.12519504E+00  1.12449016E+00  1.12519504E+00
   524  2.09600000E+02  1.12519504E+00  1.12449016E+00  1.12519504E+00
   525  2.10000000E+02  1.12519504E+00  1.12449016E+00  1.12519504E+00
   526  2.10400000E+02  1.12519504E+00  1.12449016E+00  1.12519504E+00
   527  2.10800000E+02  1.12519504E+00  1.12449016E+00  1.12519504E+00
   528  2.11200000E+02  1.12519504E+00  1.12449016E+00  1.12519504E+00
   529  2.11600000E+02  1.12519504E+00  1.12449016E+00  1.12519504E+00
   530  2.12000000E+02  1.12519504E+00  1.12449016E+00  1.12519504E+00
   531  2.12400000E+02  1.12519504E+00  1.12449016E+00  1.12519504E+00
   532  2.12800000E+02  1.12519504E+00  1.12449016E+00  1.12519504E+00
   533  2.13200000E+02  1.12519504E+00  1.12449016E+00  1.12519504E+00
   534  2.13600000E+02  1.12519504E+00  1.12449016E+00  1.12519504E+00
   535  2.14000000E+02  1.12519504E+00  1.12449016E+00  1.12519504E+00
   536  2.14400000E+02  1.12519504E+00  1.12449016E+00  1.12519504E+00
   537  2.14800000E+02  1.12519504E+00  1.12449016E+00  1.12519504E+00
   538  2.15200000E+02  1.12519504E+00  1.12449016E+00  1.12519504E+00
   539  2.15600000E+02  1.12519504E+00  1.12449016E+00  1.12519504E+00
   540  2.16000000E+02  1.12519504E+00  1.12449016E+00  1.12519504E+00
   541  2.16400000E+02  1.12519504E+00  1.12449016E+00  1.12519504E+00
   542  2.16800000E+02  1.12519504E+00  1.12449016E+00  1.12519504E+00
   543  2.17200000E+02  1.12519504E+00  1.12449016E+00  1.12519504E+00
   544  2.17600000E+02  1.12519504E+00  1.12449016E+00  1.12519504E+00
   545  2.18000000E+02  1.12519504E+00  1.12449016E+00  1.12519504E+00
   546  2.18400000E+02  1.12519504E+00  1.12449016E+00  1.12519504E+00
   547  2.18800000E+02  1.12519504E+00  1.12449016E+00  1.12519504E+00
   548  2.19200000E+02  1.12519504E+00  1.12449016E+00  1.12519504E+00
   549  2.19600000E+02  1.12519504E+00  1.12449016E+00  1.12519504E+00
   550  2.20000000E+02  1.12519504E+00  1.12449016E+00  1.12519504E+00
   551  2.20400000E+02  1.12519504E+00  1.12449016E+00  1.12519504E+00
   552  2.20800000E+02  1.12519504E+00  1.12449016E+00  1.12519504E+00
   553  2.21200000E+02  1.12519504E+00  1.12449016E+00  1.12519504E+00
   554  2.21600000E+02  1.12519504E+00  1.12449016E+00  1.12519504E+00
   555  2.22000000E+02  1.12519504E+00  1.12449016E+00  1.12519504E+00
   556  2.22400000E+02  1.12519504E+00  1.12449016E+00  1.12519504E+00
   557  2.22800000E+02  1.12519504E+00  1.12449016E+00  1.12519504E+00
   558  2.23200000E+02  1.12519504E+00  1.12449016E+00  1.12519504E+00
   559  2.23600000E+02  1.12519504E+00  1.12449016E+00  1.12519504E+00
   560  2.24000000E+02  1.12519504E+00  1.12449016E+00  1.12519504E+00
   561  2.24400000E+02  1.12519504E+00  1.12449016E+00  1.12519504E+00
   562  2.24800000E+02  1.12519504E+00  1.12449016E+00  1.12519504E+00
   563  2.25200000E+02  1.12519504E+00  1.12449016E+00  1.12519504E+00
   564  2.25600000E+02  1.12519504E+00  1.12449016E+00  1.12519504E+00
   565  2.26000000E+02  1.12519504E+00  1.12449016E+00  1.12519504E+00
   566  2.26400000E+02  1.12519504E+00  1.12449016E+00  1.12519504E+00
   567  2.26800000E+02  1.12519504E+00  1.12449016E+00  1.12519504E+00
   568  2.27200000E+02  1.12519504E+00  1.12449016E+00  1.12519504E+00
   569  2.27600000E+02  1.12519504E+00  1.12449016E+00  1.12519504E+00
   570  2.28000000E+02  1.12519504E+00  1.12449016E+00  1.12519504E+00
   571  2.28400000E+02  1.12519504E+00  1.12449016E+00  1.12519504E+00
   572  2.28800000E+02  1.12519504E+00  1.12449016E+00  1.12519504E+00
   573  2.29200000E+02  1.12519504E+00  1.12449016E+00  1.12519504E+00
   574  2.29600000E+02  1.12519504E+00  1.12449016E+00  1.12519504E+00
   575  2.30000000E+02  1.12519504E+00  1.12449016E+00  1.12519504E+00
   576  2.30400000E+02  1.12519504E+00  1.12449016E+00  1.12519504E+00
   577  2.30800000E+02  1.12519504E+00  1.12449016E+00  1.12519504E+00
   578  2.31200000E+02  1.12519504E+00  1.12449016E+00  1.12519504E+00
   579  2.31600000E+02  1.12519504E+00  1.12449016E+00  1.12519504E+00
   580  2.32000000E+02  1.12519504E+00  1.12449016E+00  1.12519504E+00
   581  2.32400000E+02  1.12519504E+00  1.12449016E+00  1.12519504E+00
   582  2.32800000E+02  1.12519504E+00  1.12449016E+00  1.12519504E+00
   583  2.33200000E+02  1.12519504E+00  1.12449016E+00  1.12519504E+00
   584  2.33600000E+02  1.12519504E+00  1.12449016E+00  1.12519504E+00
   585  2.34000000E+02  1.12519504E+00  1.12449016E+00  1.12519504E+00
   586  2.34400000E+02  1.12519504E+00  1.12449016E+00  1.12519504E+00
   587  2.34800000E+02  1.12519504E+00  1.12449016E+00  1.12519504E+00
   588  2.35200000E+02  1.12519504E+00  1.12449016E+00  1.12519504E+00
   589  2.35600000E+02  1.12519504E+00  1.12449016E+00  1.12519504E+00
   590  2.36000000E+02  1.12519504E+00  1.12449016E+00  1.12519504E+00
   591  2.36400000E+02  1.12519504E+00  1.12449016E+00  1.12519504E+00
   592  2.36800000E+02  1.12519504E+00  1.12449016E+00  1.12519504E+00
   593  2.37200000E+02  1.12519504E+00  1.12449016E+00  1.12519504E+00
   594  2.37600000E+02  1.12519504E+00  1.12449016E+00  1.12519504E+00
   595  2.38000000E+02  1.12519504E+00  1.12449016E+00  1.12519504E+00
   596  2.38400000E+02  1.12519504E+00  1.12449016E+00  1.12519504E+00
   597  2.38800000E+02  1.12519504E+00  1.12449016E+00  1.12519504E+00
   598  2.39200000E+02  1.12519504E+00  1.12449016E+00  1.12519504E+00
   599  2.39600000E+02  1.12519504E+00  1.12449016E+00  1.12519504E+00
   600  2.40000000E+02  1.12519504E+00  1.12449016E+00  1.12519504E+00
   601  2.40400000E+02  1.12519504E+00  1.12449016E+00  1.12519504E+00
   602  2.40800000E+02  1.12519504E+00  1.12449016E+00  1.12519504E+00
   603  2.41200000E+02  1.12519504E+00  1.12449016E+00  1.12519504E+00
   604  2.41600000E+02  1.12519504E+00  1.12449016E+00  1.12519504E+00
   605  2.42000000E+02  1.12519504E+00  1.12449016E+00  1.12519504E+00
   606  2.42400000E+02  1.12519504E+00  1.12449016E+00  1.12519504E+00
   607  2.42800000E+02  1.12519504E+00  1.12449016E+00  1.12519504E+00
   608  2.43200000E+02  1.12519504E+00  1.12449016E+00  1.12519504E+00
   609  2.43600000E+02  1.12519504E+00  1.12449016E+00  1.12519504E+00
   610  2.44000000E+02  1.12519504E+00  1.12449016E+00  1.12519504E+00
   611  2.44400000E+02  1.12519504E+00  1.12449016E+00  1.12519504E+00
   612  2.44800000E+02  1.12519504E+00  1.12449016E+00  1.12519504E+00
   613  2.45200000E+02  1.12519504E+00  1.12449016E+00  1.12519504E+00
   614  2.45600000E+02  1.12519504E+00  1.12449016E+00  1.12519504E+00
   615  2.46000000E+02  1.12519504E+00  1.12449016E+00  1.12519504E+00
   616  2.46400000E+02  1.12519504E+00  1.12449016E+00  1.12519504E+00
   617  2.46800000E+02  1.12519504E+00  1.12449016E+00  1.12519504E+00
   618  2.47200000E+02  1.12519504E+00  1.12449016E+00  1.12519504E+00
   619  2.47600000E+02  1.12519504E+00  1.12449016E+00  1.12519504E+00
   620  2.48000000E+02  1.12519504E+00  1.12449016E+00  1.12519504E+00
   621  2.48400000E+02  1.12519504E+00  1.12449016E+00  1.12519504E+00
   622  2.48800000E+02  1.12519504E+00  1.12449016E+00  1.12519504E+00
   623  2.49200000E+02  1.12519504E+00  1.12449016E+00  1.12519504E+00
   624  2.49600000E+02  1.12519504E+00  1.12449016E+00  1.12519504E+00
   625  2.50000000E+02  1.12519504E+00  1.12449016E+00  1.12519504E+00
   626  2.50400000E+02  1.12519504E+00  1.12449016E+00  1.12519504E+00
   627  2.50800000E+02  1.12519504E+00  1.12449016E+00  1.12519504E+00
   628  2.51200000E+02  1.12519504E+00  1.12449016E+00  1.12519504E+00
   629  2.51600000E+02  1.12519504E+00  1.12449016E+00  1.12519504E+00
   630  2.52000000E+02  1.12519504E+00  1.12449016E+00  1.12519504E+00
   631  2.52400000E+02  1.12519504E+00  1.12449016E+00  1.12519504E+00
   632  2.52800000E+02  1.12519504E+00  1.12449016E+00  1.12519504E+00
   633  2.53200000E+02  1.12519504E+00  1.12449016E+00  1.12519504E+00
   634  2.53600000E+02  1.12519504E+00  1.12449016E+00  1.12519504E+00
   635  2.54000000E+02  1.12519504E+00  1.12449016E+00  1.12519504E+00
   636  2.54400000E+02  1.12519504E+00  1.12449016E+00  1.12519504E+00
   637  2.54800000E+02  1.12519504E+00  1.12449016E+00  1.12519504E+00
   638  2.55200000E+02  1.12519504E+00  1.12449016E+00  1.12519504E+00
   639  2.55600000E+02  1.12519504E+00  1.12449016E+00  1.12519504E+00
   640  2.56000000E+02  1.12519504E+00  1.12449016E+00  1.12519504E+00
   641  2.56400000E+02  1.12519504E+00  1.12449016E+00  1.12519504E+00
   642  2.56800000E+02  1.12519504E+00  1.12449016E+00  1.12519504E+00
   643  2.57200000E+02  1.12519504E+00  1.12449016E+00  1.12519504E+00
   644  2.57600000E+02  1.12519504E+00  1.12449016E+00  1.12519504E+00
   645  2.58000000E+02  1.12519504E+00  1.12449016E+00  1.12519504E+00
   646  2.58400000E+02  1.12519504E+00  1.12449016E+00  1.12519504E+00
   647  2.58800000E+02  1.12519504E+00  1.12449016E+00  1.12519504E+00
   648  2.59200000E+02  1.12519504E+00  1.12449016E+00  1.12519504E+00
   649  2.59600000E+02  1.12519504E+00  1.12449016E+00  1.12519504E+00
   650  2.60000000E+02  1.12519504E+00  1.12449016E+00  1.12519504E+00
   651  2.60400000E+02  1.12519504E+00  1.12449016E+00  1.12519504E+00
   652  2.60800000E+02  1.12519504E+00  1.12449016E+00  1.12519504E+00
   653  2.61200000E+02  1.12519504E+00  1.12449016E+00  1.12519504E+00
   654  2.61600000E+02  1.12519504E+00  1.12449016E+00  1.12519504E+00
   655  2.62000000E+02  1.12519504E+00  1.12449016E+00  1.12519504E+00
   656  2.62400000E+02  1.12519504E+00  1.12449016E+00  1.12519504E+00
   657  2.62800000E+02  1.12519504E+00  1.12449016E+00  1.12519504E+00
   658  2.63200000E+02  1.12519504E+00  1.12449016E+00  1.12519504E+00
   659  2.63600000E+02  1.12519504E+00  1.12449016E+00  1.12519504E+00
   660  2.64000000E+02  1.12519504E+00  1.12449016E+00  1.12519504E+00
   661  2.64400000E+02  1.12519504E+00  1.12449016E+00  1.12519504E+00
   662  2.64800000E+02  1.12519504E+00  1.12449016E+00  1.12519504E+00
   663  2.65200000E+02  1.12519504E+00  1.12449016E+00  1.12519504E+00
   664  2.65600000E+02  1.12519504E+00  1.12449016E+00  1.12519504E+00
   665  2.66000000E+02  1.12519504E+00  1.12449016E+00  1.12519504E+00
   666  2.66400000E+02  1.12519504E+00  1.12449016E+00  1.12519504E+00
   667  2.66800000E+02  1.12519504E+00  1.12449016E+00  1.12519504E+00
   668  2.67200000E+02  1.12519504E+00  1.12449016E+00  1.12519504E+00
   669  2.67600000E+02  1.12519504E+00  1.12449016E+00  1.12519504E+00
   670  2.68000000E+02  1.12519504E+00  1.12449016E+00  1.12519504E+00
   671  2.68400000E+02  1.12519504E+00  1.12449016E+00  1.12519504E+00
   672  2.68800000E+02  1.12519504E+00  1.12449016E+00  1.12519504E+00
   673  2.69200000E+02  1.12519504E+00  1.12449016E+00  1.12519504E+00
   674  2.69600000E+02  1.12519504E+00  1.12449016E+00  1.12519504E+00
   675  2.70000000E+02  1.12519504E+00  1.12449016E+00  1.12519504E+00
   676  2.70400000E+02  1.12519504E+00  1.12449016E+00  1.12519504E+00
   677  2.70800000E+02  1.12519504E+00  1.12449016E+00  1.12519504E+00
   678  2.71200000E+02  1.12519504E+00  1.12449016E+00  1.12519504E+00
   679  2.71600000E+02  1.12519504E+00  1.12449016E+00  1.12519504E+00
   680  2.72000000E+02  1.12519504E+00  1.12449016E+00  1.12519504E+00
   681  2.72400000E+02  1.12519504E+00  1.12449016E+00  1.12519504E+00
   682  2.72800000E+02  1.12519504E+00  1.12449016E+00  1.12519504E+00
   683  2.73200000E+02  1.12519504E+00  1.12449016E+00  1.12519504E+00
   684  2.73600000E+02  1.12519504E+00  1.12449016E+00  1.12519504E+00
   685  2.74000000E+02  1.12519504E+00  1.12449016E+00  1.12519504E+00
   686  2.74400000E+02  1.12519504E+00  1.12449016E+00  1.12519504E+00
   687  2.74800000E+02  1.12519504E+00  1.12449016E+00  1.12519504E+00
   688  2.75200000E+02  1.12519504E+00  1.12449016E+00  1.12519504E+00
   689  2.75600000E+02  1.12519504E+00  1.12449016E+00  1.12519504E+00
   690  2.76000000E+02  1.12519504E+00  1.12449016E+00  1.12519504E+00
   691  2.76400000E+02  1.12519504E+00  1.12449016E+00  1.12519504E+00
   692  2.76800000E+02  1.12519504E+00  1.12449016E+00  1.12519504E+00
   693  2.77200000E+02  1.12519504E+00  1.12449016E+00  1.12519504E+00
   694  2.77600000E+02  1.12519504E+00  1.12449016E+00  1.12519504E+00
   695  2.78000000E+02  1.12519504E+00  1.12449016E+00  1.12519504E+00
   696  2.78400000E+02  1.12519504E+00  1.12449016E+00  1.12519504E+00
   697  2.78800000E+02  1.12519504E+00  1.12449016E+00  1.12519504E+00
   698  2.79200000E+02  1.12519504E+00  1.12449016E+00  1.12519504E+00
   699  2.79600000E+02  1.12519504E+00  1.12449016E+00  1.12519504E+00
   700  2.80000000E+02  1.12519504E+00  1.12449016E+00  1.12519504E+00
   701  2.80400000E+02  1.12519504E+00  1.12449016E+00  1.12519504E+00
   702  2.80800000E+02  1.12519504E+00  1.12449016E+00  1.12519504E+00
   703  2.81200000E+02  1.12519504E+00  1.12449016E+00  1.12519504E+00
   704  2.81600000E+02  1.12519504E+00  1.12449016E+00  1.12519504E+00
   705  2.82000000E+02  1.12519504E+00  1.12449016E+00  1.12519504E+00
   706  2.82400000E+02  1.12519504E+00  1.12449016E+00  1.12519504E+00
   707  2.82800000E+02  1.12519504E+00  1.12449016E+00  1.12519504E+00
   708  2.83200000E+02  1.12519504E+00  1.12449016E+00  1.12519504E+00
   709  2.83600000E+02  1.12519504E+00  1.12449016E+00  1.12519504E+00
   710  2.84000000E+02  1.12519504E+00  1.12449016E+00  1.12519504E+00
   711  2.84400000E+02  1.12519504E+00  1.12449016E+00  1.12519504E+00
   712  2.84800000E+02  1.12519504E+00  1.12449016E+00  1.12519504E+00
   713  2.85200000E+02  1.12519504E+00  1.12449016E+00  1.12519504E+00
   714  2.85600000E+02  1.12519504E+00  1.12449016E+00  1.12519504E+00
   715  2.86000000E+02  1.12519504E+00  1.12449016E+00  1.12519504E+00
   716  2.86400000E+02  1.12519504E+00  1.12449016E+00  1.12519504E+00
   717  2.86800000E+02  1.12519504E+00  1.12449016E+00  1.12519504E+00
   718  2.87200000E+02  1.12519504E+00  1.12449016E+00  1.12519504E+00
   719  2.87600000E+02  1.12519504E+00  1.12449016E+00  1.12519504E+00
   720  2.88000000E+02  1.12519504E+00  1.12449016E+00  1.12519504E+00
   721  2.88400000E+02  1.12519504E+00  1.12449016E+00  1.12519504E+00
   722  2.88800000E+02  1.12519504E+00  1.12449016E+00  1.12519504E+00
   723  2.89200000E+02  1.12519504E+00  1.12449016E+00  1.12519504E+00
   724  2.89600000E+02  1.12519504E+00  1.12449016E+00  1.12519504E+00
   725  2.90000000E+02  1.12519504E+00  1.12449016E+00  1.12519504E+00
   726  2.90400000E+02  1.12519504E+00  1.12449016E+00  1.12519504E+00
   727  2.90800000E+02  1.12519504E+00  1.12449016E+00  1.12519504E+00
   728  2.91200000E+02  1.12519504E+00  1.12449016E+00  1.12519504E+00
   729  2.91600000E+02  1.12519504E+00  1.12449016E+00  1.12519504E+00
   730  2.92000000E+02  1.12519504E+00  1.12449016E+00  1.12519504E+00
   731  2.92400000E+02  1.12519504E+00  1.12449016E+00  1.12519504E+00
   732  2.92800000E+02  1.12519504E+00  1.12449016E+00  1.12519504E+00
   733  2.93200000E+02  1.12519504E+00  1.12449016E+00  1.12519504E+00
   734  2.93600000E+02  1.12519504E+00  1.12449016E+00  1.12519504E+00
   735  2.94000000E+02  1.12519504E+00  1.12449016E+00  1.12519504E+00
   736  2.94400000E+02  1.12519504E+00  1.12449016E+00  1.12519504E+00
   737  2.94800000E+02  1.12519504E+00  1.12449016E+00  1.12519504E+00
   738  2.95200000E+02  1.12519504E+00  1.12449016E+00  1.12519504E+00
   739  2.95600000E+02  1.12519504E+00  1.12449016E+00  1.12519504E+00
   740  2.96000000E+02  1.12519504E+00  1.12449016E+00  1.12519504E+00
   741  2.96400000E+02  1.12519504E+00  1.12449016E+00  1.12519504E+00
   742  2.96800000E+02  1.12519504E+00  1.12449016E+00  1.12519504E+00
   743  2.97200000E+02  1.12519504E+00  1.12449016E+00  1.12519504E+00
   744  2.97600000E+02  1.12519504E+00  1.12449016E+00  1.12519504E+00
   745  2.98000000E+02  1.12519504E+00  1.12449016E+00  1.12519504E+00
   746  2.98400000E+02  1.12519504E+00  1.12449016E+00  1.12519504E+00
   747  2.98800000E+02  1.12519504E+00  1.12449016E+00  1.12519504E+00
   748  2.99200000E+02  1.12519504E+00  1.12449016E+00  1.12519504E+00
   749  2.99600000E+02  1.12519504E+00  1.12449016E+00  1.12519504E+00
   750  3.00000000E+02  1.12519504E+00  1.12449016E+00  1.12519504E+00
   751  3.00400000E+02  1.12519504E+00  1.12449016E+00  1.12519504E+00
   752  3.00800000E+02  1.12519504E+00  1.12449016E+00  1.12519504E+00
   753  3.01200000E+02  1.12519504E+00  1.12449016E+00  1.12519504E+00
   754  3.01600000E+02  1.12519504E+00  1.12449016E+00  1.12519504E+00
   755  3.02000000E+02  1.12519504E+00  1.12449016E+00  1.12519504E+00
   756  3.02400000E+02  1.12519504E+00  1.12449016E+00  1.12519504E+00
   757  3.02800000E+02  1.12519504E+00  1.12449016E+00  1.12519504E+00
   758  3.03200000E+02  1.12519504E+00  1.12449016E+00  1.12519504E+00
   759  3.03600000E+02  1.12519504E+00  1.12449016E+00  1.12519504E+00
   760  3.04000000E+02  1.12519504E+00  1.12449016E+00  1.12519504E+00
   761  3.04400000E+02  1.12519504E+00  1.12449016E+00  1.12519504E+00
   762  3.04800000E+02  1.12519504E+00  1.12449016E+00  1.12519504E+00
   763  3.05200000E+02  1.12519504E+00  1.12449016E+00  1.12519504E+00
   764  3.05600000E+02  1.12519504E+00  1.12449016E+00  1.12519504E+00
   765  3.06000000E+02  1.12519504E+00  1.12449016E+00  1.12519504E+00
   766  3.06400000E+02  1.12519504E+00  1.12449016E+00  1.12519504E+00
   767  3.06800000E+02  1.12519504E+00  1.12449016E+00  1.12519504E+00
   768  3.07200000E+02  1.12519504E+00  1.12449016E+00  1.12519504E+00
   769  3.07600000E+02  1.12519504E+00  1.12449016E+00  1.12519504E+00
   770  3.08000000E+02  1.12519504E+00  1.12449016E+00  1.12519504E+00
   771  3.08400000E+02  1.12519504E+00  1.12449016E+00  1.12519504E+00
   772  3.08800000E+02  1.12519504E+00  1.12449016E+00  1.12519504E+00
   773  3.09200000E+02  1.12519504E+00  1.12449016E+00  1.12519504E+00
   774  3.09600000E+02  1.12519504E+00  1.12449016E+00  1.12519504E+00
   775  3.10000000E+02  1.12519504E+00  1.12449016E+00  1.12519504E+00
   776  3.10400000E+02  1.12519504E+00  1.12449016E+00  1.12519504E+00
   777  3.10800000E+02  1.12519504E+00  1.12449016E+00  1.12519504E+00
   778  3.11200000E+02  1.12519504E+00  1.12449016E+00  1.12519504E+00
   779  3.11600000E+02  1.12519504E+00  1.12449016E+00  1.12519504E+00
   780  3.12000000E+02  1.12519504E+00  1.12449016E+00  1.12519504E+00
   781  3.12400000E+02  1.12519504E+00  1.12449016E+00  1.12519504E+00
   782  3.12800000E+02  1.12519504E+00  1.12449016E+00  1.12519504E+00
   783  3.13200000E+02  1.12519504E+00  1.12449016E+00  1.12519504E+00
   784  3.13600000E+02  1.12519504E+00  1.12449016E+00  1.12519504E+00
   785  3.14000000E+02  1.12519504E+00  1.12449016E+00  1.12519504E+00
   786  3.14400000E+02  1.12519504E+00  1.12449016E+00  1.12519504E+00
   787  3.14800000E+02  1.12519504E+00  1.12449016E+00  1.12519504E+00
   788  3.15200000E+02  1.12519504E+00  1.12449016E+00  1.12519504E+00
   789  3.15600000E+02  1.12519504E+00  1.12449016E+00  1.12519504E+00
   790  3.16000000E+02  1.12519504E+00  1.12449016E+00  1.12519504E+00
   791  3.16400000E+02  1.12519504E+00  1.12449016E+00  1.12519504E+00
   792  3.16800000E+02  1.12519504E+00  1.12449016E+00  1.12519504E+00
   793  3.17200000E+02  1.12519504E+00  1.12449016E+00  1.12519504E+00
   794  3.17600000E+02  1.12519504E+00  1.12449016E+00  1.12519504E+00
   795  3.18000000E+02  1.12519504E+00  1.12449016E+00  1.12519504E+00
   796  3.18400000E+02  1.12519504E+00  1.12449016E+00  1.12519504E+00
   797  3.18800000E+02  1.12519504E+00  1.12449016E+00  1.12519504E+00
   798  3.19200000E+02  1.12519504E+00  1.12449016E+00  1.12519504E+00
   799  3.19600000E+02  1.12519504E+00  1.12449016E+00  1.12519504E+00
   800  3.20000000E+02  1.12519504E+00  1.12449016E+00  1.12519504E+00
   801  3.20400000E+02  1.12519504E+00  1.12449016E+00  1.12519504E+00
   802  3.20800000E+02  1.12519504E+00  1.12449016E+00  1.12519504E+00
   803  3.21200000E+02  1.12519504E+00  1.12449016E+00  1.12519504E+00
   804  3.21600000E+02  1.12519504E+00  1.12449016E+00  1.12519504E+00
   805  3.22000000E+02  1.12519504E+00  1.12449016E+00  1.12519504E+00
   806  3.22400000E+02  1.12519504E+00  1.12449016E+00  1.12519504E+00
   807  3.22800000E+02  1.12519504E+00  1.12449016E+00  1.12519504E+00
   808  3.23200000E+02  1.12519504E+00  1.12449016E+00  1.12519504E+00
   809  3.23600000E+02  1.12519504E+00  1.12449016E+00  1.12519504E+00
   810  3.24000000E+02  1.12519504E+00  1.12449016E+00  1.12519504E+00
   811  3.24400000E+02  1.12519504E+00  1.12449016E+00  1.12519504E+00
   812  3.24800000E+02  1.12519504E+00  1.12449016E+00  1.12519504E+00
   813  3.25200000E+02  1.12519504E+00  1.12449016E+00  1.12519504E+00
   814  3.25600000E+02  1.12519504E+00  1.12449016E+00  1.12519504E+00
   815  3.26000000E+02  1.12519504E+00  1.12449016E+00  1.12519504E+00
   816  3.26400000E+02  1.12519504E+00  1.12449016E+00  1.12519504E+00
   817  3.26800000E+02  1.12519504E+00  1.12449016E+00  1.12519504E+00
   818  3.27200000E+02  1.12519504E+00  1.12449016E+00  1.12519504E+00
   819  3.27600000E+02  1.12519504E+00  1.12449016E+00  1.12519504E+00
   820  3.28000000E+02  1.12519504E+00  1.12449016E+00  1.12519504E+00
   821  3.28400000E+02  1.12519504E+00  1.12449016E+00  1.12519504E+00
   822  3.28800000E+02  1.12519504E+00  1.12449016E+00  1.12519504E+00
   823  3.29200000E+02  1.12519504E+00  1.12449016E+00  1.12519504E+00
   824  3.29600000E+02  1.12519504E+00  1.12449016E+00  1.12519504E+00
   825  3.30000000E+02  1.12519504E+00  1.12449016E+00  1.12519504E+00
   826  3.30400000E+02  1.12519504E+00  1.12449016E+00  1.12519504E+00
   827  3.30800000E+02  1.12519504E+00  1.12449016E+00  1.12519504E+00
   828  3.31200000E+02  1.12519504E+00  1.12449016E+00  1.12519504E+00
   829  3.31600000E+02  1.12519504E+00  1.12449016E+00  1.12519504E+00
   830  3.32000000E+02  1.12519504E+00  1.12449016E+00  1.12519504E+00
   831  3.32400000E+02  1.12519504E+00  1.12449016E+00  1.12519504E+00
   832  3.32800000E+02  1.12519504E+00  1.12449016E+00  1.12519504E+00
   833  3.33200000E+02  1.12519504E+00  1.12449016E+00  1.12519504E+00
   834  3.33600000E+02  1.12519504E+00  1.12449016E+00  1.12519504E+00
   835  3.34000000E+02  1.12519504E+00  1.12449016E+00  1.12519504E+00
   836  3.34400000E+02  1.12519504E+00  1.12449016E+00  1.12519504E+00
   837  3.34800000E+02  1.12519504E+00  1.12449016E+00  1.12519504E+00
   838  3.35200000E+02  1.12519504E+00  1.12449016E+00  1.12519504E+00
   839  3.35600000E+02  1.12519504E+00  1.12449016E+00  1.12519504E+00
   840  3.36000000E+02  1.12519504E+00  1.12449016E+00  1.12519504E+00
   841  3.36400000E+02  1.12519504E+00  1.12449016E+00  1.12519504E+00
   842  3.36800000E+02  1.12519504E+00  1.12449016E+00  1.12519504E+00
   843  3.37200000E+02  1.12519504E+00  1.12449016E+00  1.12519504E+00
   844  3.37600000E+02  1.12519504E+00  1.12449016E+00  1.12519504E+00
   845  3.38000000E+02  1.12519504E+00  1.12449016E+00  1.12519504E+00
   846  3.38400000E+02  1.12519504E+00  1.12449016E+00  1.12519504E+00
   847  3.38800000E+02  1.12519504E+00  1.12449016E+00  1.12519504E+00
   848  3.39200000E+02  1.12519504E+00  1.12449016E+00  1.12519504E+00
   849  3.39600000E+02  1.12519504E+00  1.12449016E+00  1.12519504E+00
   850  3.40000000E+02  1.12519504E+00  1.12449016E+00  1.12519504E+00
   851  3.40400000E+02  1.12519504E+00  1.12449016E+00  1.12519504E+00
   852  3.40800000E+02  1.12519504E+00  1.12449016E+00  1.12519504E+00
   853  3.41200000E+02  1.12519504E+00  1.12449016E+00  1.12519504E+00
   854  3.41600000E+02  1.12519504E+00  1.12449016E+00  1.12519504E+00
   855  3.42000000E+02  1.12519504E+00  1.12449016E+00  1.12519504E+00
   856  3.42400000E+02  1.12519504E+00  1.12449016E+00  1.12519504E+00
   857  3.42800000E+02  1.12519504E+00  1.12449016E+00  1.12519504E+00
   858  3.43200000E+02  1.12519504E+00  1.12449016E+00  1.12519504E+00
   859  3.43600000E+02  1.12519504E+00  1.12449016E+00  1.12519504E+00
   860  3.44000000E+02  1.12519504E+00  1.12449016E+00  1.12519504E+00
   861  3.44400000E+02  1.12519504E+00  1.12449016E+00  1.12519504E+00
   862  3.44800000E+02  1.12519504E+00  1.12449016E+00  1.12519504E+00
   863  3.45200000E+02  1.12519504E+00  1.12449016E+00  1.12519504E+00
   864  3.45600000E+02  1.12519504E+00  1.12449016E+00  1.12519504E+00
   865  3.46000000E+02  1.12519504E+00  1.12449016E+00  1.12519504E+00
   866  3.46400000E+02  1.12519504E+00  1.12449016E+00  1.12519504E+00
   867  3.46800000E+02  1.12519504E+00  1.12449016E+00  1.12519504E+00
   868  3.47200000E+02  1.12519504E+00  1.12449016E+00  1.12519504E+00
   869  3.47600000E+02  1.12519504E+00  1.12449016E+00  1.12519504E+00
   870  3.48000000E+02  1.12519504E+00  1.12449016E+00  1.12519504E+00
   871  3.48400000E+02  1.12519504E+00  1.12449016E+00  1.12519504E+00
   872  3.48800000E+02  1.12519504E+00  1.12449016E+00  1.12519504E+00
   873  3.49200000E+02  1.12519504E+00  1.12449016E+00  1.12519504E+00
   874  3.49600000E+02  1.12519504E+00  1.12449016E+00  1.12519504E+00
   875  3.50000000E+02  1.12519504E+00  1.12449016E+00  1.12519504E+00
   876  3.50400000E+02  1.12519504E+00  1.12449016E+00  1.12519504E+00
   877  3.50800000E+02  1.12519504E+00  1.12449016E+00  1.12519504E+00
   878  3.51200000E+02  1.12519504E+00  1.12449016E+00  1.12519504E+00
   879  3.51600000E+02  1.12519504E+00  1.12449016E+00  1.12519504E+00
   880  3.52000000E+02  1.12519504E+00  1.12449016E+00  1.12519504E+00
   881  3.52400000E+02  1.12519504E+00  1.12449016E+00  1.12519504E+00
   882  3.52800000E+02  1.12519504E+00  1.12449016E+00  1.12519504E+00
   883  3.53200000E+02  1.12519504E+00  1.12449016E+00  1.12519504E+00
   884  3.53600000E+02  1.12519504E+00  1.12449016E+00  1.12519504E+00
   885  3.54000000E+02  1.12519504E+00  1.12449016E+00  1.12519504E+00
   886  3.54400000E+02  1.12519504E+00  1.12449016E+00  1.12519504E+00
   887  3.54800000E+02  1.12519504E+00  1.12449016E+00  1.12519504E+00
   888  3.55200000E+02  1.12519504E+00  1.12449016E+00  1.12519504E+00
   889  3.55600000E+02  1.12519504E+00  1.12449016E+00  1.12519504E+00
   890  3.56000000E+02  1.12519504E+00  1.12449016E+00  1.12519504E+00
   891  3.56400000E+02  1.12519504E+00  1.12449016E+00  1.12519504E+00
   892  3.56800000E+02  1.12519504E+00  1.12449016E+00  1.12519504E+00
   893  3.57200000E+02  1.12519504E+00  1.12449016E+00  1.12519504E+00
   894  3.57600000E+02  1.12519504E+00  1.12449016E+00  1.12519504E+00
   895  3.58000000E+02  1.12519504E+00  1.12449016E+00  1.12519504E+00
   896  3.58400000E+02  1.12519504E+00  1.12449016E+00  1.12519504E+00
   897  3.58800000E+02  1.12519504E+00  1.12449016E+00  1.12519504E+00
   898  3.59200000E+02  1.12519504E+00  1.12449016E+00  1.12519504E+00
   899  3.59600000E+02  1.12519504E+00  1.12449016E+00  1.12519504E+00
   900  3.60000000E+02  1.12519504E+00  1.12449016E+00  1.12519504E+00
   901  3.60400000E+02  1.12519504E+00  1.12449016E+00  1.12519504E+00
   902  3.60800000E+02  1.12519504E+00  1.12449016E+00  1.12519504E+00
   903  3.61200000E+02  1.12519504E+00  1.12449016E+00  1.12519504E+00
   904  3.61600000E+02  1.12519504E+00  1.12449016E+00  1.12519504E+00
   905  3.62000000E+02  1.12519504E+00  1.12449016E+00  1.12519504E+00
   906  3.62400000E+02  1.12519504E+00  1.12449016E+00  1.12519504E+00
   907  3.62800000E+02  1.12519504E+00  1.12449016E+00  1.12519504E+00
   908  3.63200000E+02  1.12519504E+00  1.12449016E+00  1.12519504E+00
   909  3.63600000E+02  1.12519504E+00  1.12449016E+00  1.12519504E+00
   910  3.64000000E+02  1.12519504E+00  1.12449016E+00  1.12519504E+00
   911  3.64400000E+02  1.12519504E+00  1.12449016E+00  1.12519504E+00
   912  3.64800000E+02  1.12519504E+00  1.12449016E+00  1.12519504E+00
   913  3.65200000E+02  1.12519504E+00  1.12449016E+00  1.12519504E+00
   914  3.65600000E+02  1.12519504E+00  1.12449016E+00  1.12519504E+00
   915  3.66000000E+02  1.12519504E+00  1.12449016E+00  1.12519504E+00
   916  3.66400000E+02  1.12519504E+00  1.12449016E+00  1.12519504E+00
   917  3.66800000E+02  1.12519504E+00  1.12449016E+00  1.12519504E+00
   918  3.67200000E+02  1.12519504E+00  1.12449016E+00  1.12519504E+00
   919  3.67600000E+02  1.12519504E+00  1.12449016E+00  1.12519504E+00
   920  3.68000000E+02  1.12519504E+00  1.12449016E+00  1.12519504E+00
   921  3.68400000E+02  1.12519504E+00  1.12449016E+00  1.12519504E+00
   922  3.68800000E+02  1.12519504E+00  1.12449016E+00  1.12519504E+00
   923  3.69200000E+02  1.12519504E+00  1.12449016E+00  1.12519504E+00
   924  3.69600000E+02  1.12519504E+00  1.12449016E+00  1.12519504E+00
   925  3.70000000E+02  1.12519504E+00  1.12449016E+00  1.12519504E+00
   926  3.70400000E+02  1.12519504E+00  1.12449016E+00  1.12519504E+00
   927  3.70800000E+02  1.12519504E+00  1.12449016E+00  1.12519504E+00
   928  3.71200000E+02  1.12519504E+00  1.12449016E+00  1.12519504E+00
   929  3.71600000E+02  1.12519504E+00  1.12449016E+00  1.12519504E+00
   930  3.72000000E+02  1.12519504E+00  1.12449016E+00  1.12519504E+00
   931  3.72400000E+02  1.12519504E+00  1.12449016E+00  1.12519504E+00
   932  3.72800000E+02  1.12519504E+00  1.12449016E+00  1.12519504E+00
   933  3.73200000E+02  1.12519504E+00  1.12449016E+00  1.12519504E+00
   934  3.73600000E+02  1.12519504E+00  1.12449016E+00  1.12519504E+00
   935  3.74000000E+02  1.12519504E+00  1.12449016E+00  1.12519504E+00
   936  3.74400000E+02  1.12519504E+00  1.12449016E+00  1.12519504E+00
   937  3.74800000E+02  1.12519504E+00  1.12449016E+00  1.12519504E+00
   938  3.75200000E+02  1.12519504E+00  1.12449016E+00  1.12519504E+00
   939  3.75600000E+02  1.12519504E+00  1.12449016E+00  1.12519504E+00
   940  3.76000000E+02  1.12519504E+00  1.12449016E+00  1.12519504E+00
   941  3.76400000E+02  1.12519504E+00  1.12449016E+00  1.12519504E+00
   942  3.76800000E+02  1.12519504E+00  1.12449016E+00  1.12519504E+00
   943  3.77200000E+02  1.12519504E+00  1.12449016E+00  1.12519504E+00
   944  3.77600000E+02  1.12519504E+00  1.12449016E+00  1.12519504E+00
   945  3.78000000E+02  1.12519504E+00  1.12449016E+00  1.12519504E+00
   946  3.78400000E+02  1.12519504E+00  1.12449016E+00  1.12519504E+00
   947  3.78800000E+02  1.12519504E+00  1.12449016E+00  1.12519504E+00
   948  3.79200000E+02  1.12519504E+00  1.12449016E+00  1.12519504E+00
   949  3.79600000E+02  1.12519504E+00  1.12449016E+00  1.12519504E+00
   950  3.80000000E+02  1.12519504E+00  1.12449016E+00  1.12519504E+00
   951  3.80400000E+02  1.12519504E+00  1.12449016E+00  1.12519504E+00
   952  3.80800000E+02  1.12519504E+00  1.12449016E+00  1.12519504E+00
   953  3.81200000E+02  1.12519504E+00  1.12449016E+00  1.12519504E+00
   954  3.81600000E+02  1.12519504E+00  1.12449016E+00  1.12519504E+00
   955  3.82000000E+02  1.12519504E+00  1.12449016E+00  1.12519504E+00
   956  3.82400000E+02  1.12519504E+00  1.12449016E+00  1.12519504E+00
   957  3.82800000E+02  1.12519504E+00  1.12449016E+00  1.12519504E+00
   958  3.83200000E+02  1.12519504E+00  1.12449016E+00  1.12519504E+00
   959  3.83600000E+02  1.12519504E+00  1.12449016E+00  1.12519504E+00
   960  3.84000000E+02  1.12519504E+00  1.12449016E+00  1.12519504E+00
   961  3.84400000E+02  1.12519504E+00  1.12449016E+00  1.12519504E+00
   962  3.84800000E+02  1.12519504E+00  1.12449016E+00  1.12519504E+00
   963  3.85200000E+02  1.12519504E+00  1.12449016E+00  1.12519504E+00
   964  3.85600000E+02  1.12519504E+00  1.12449016E+00  1.12519504E+00
   965  3.86000000E+02  1.12519504E+00  1.12449016E+00  1.12519504E+00
   966  3.86400000E+02  1.12519504E+00  1.12449016E+00  1.12519504E+00
   967  3.86800000E+02  1.12519504E+00  1.12449016E+00  1.12519504E+00
   968  3.87200000E+02  1.12519504E+00  1.12449016E+00  1.12519504E+00
   969  3.87600000E+02  1.12519504E+00  1.12449016E+00  1.12519504E+00
   970  3.88000000E+02  1.12519504E+00  1.12449016E+00  1.12519504E+00
   971  3.88400000E+02  1.12519504E+00  1.12449016E+00  1.12519504E+00
   972  3.88800000E+02  1.12519504E+00  1.12449016E+00  1.12519504E+00
   973  3.89200000E+02  1.12519504E+00  1.12449016E+00  1.12519504E+00
   974  3.89600000E+02  1.12519504E+00  1.12449016E+00  1.12519504E+00
   975  3.90000000E+02  1.12519504E+00  1.12449016E+00  1.12519504E+00
   976  3.90400000E+02  1.12519504E+00  1.12449016E+00  1.12519504E+00
   977  3.90800000E+02  1.12519504E+00  1.12449016E+00  1.12519504E+00
   978  3.91200000E+02  1.12519504E+00  1.12449016E+00  1.12519504E+00
   979  3.91600000E+02  1.12519504E+00  1.12449016E+00  1.12519504E+00
   980  3.92000000E+02  1.12519504E+00  1.12449016E+00  1.12519504E+00
   981  3.92400000E+02  1.12519504E+00  1.12449016E+00  1.12519504E+00
   982  3.92800000E+02  1.12519504E+00  1.12449016E+00  1.12519504E+00
   983  3.93200000E+02  1.12519504E+00  1.12449016E+00  1.12519504E+00
   984  3.93600000E+02  1.12519504E+00  1.12449016E+00  1.12519504E+00
   985  3.94000000E+02  1.12519504E+00  1.12449016E+00  1.12519504E+00
   986  3.94400000E+02  1.12519504E+00  1.12449016E+00  1.12519504E+00
   987  3.94800000E+02  1.12519504E+00  1.12449016E+00  1.12519504E+00
   988  3.95200000E+02  1.12519504E+00  1.12449016E+00  1.12519504E+00
   989  3.95600000E+02  1.12519504E+00  1.12449016E+00  1.12519504E+00
   990  3.96000000E+02  1.12519504E+00  1.12449016E+00  1.12519504E+00
   991  3.96400000E+02  1.12519504E+00  1.12449016E+00  1.12519504E+00
   992  3.96800000E+02  1.12519504E+00  1.12449016E+00  1.12519504E+00
   993  3.97200000E+02  1.12519504E+00  1.12449016E+00  1.12519504E+00
   994  3.97600000E+02  1.12519504E+00  1.12449016E+00  1.12519504E+00
   995  3.98000000E+02  1.12519504E+00  1.12449016E+00  1.12519504E+00
   996  3.98400000E+02  1.12519504E+00  1.12449016E+00  1.12519504E+00
   997  3.98800000E+02  1.12519504E+00  1.12449016E+00  1.12519504E+00
   998  3.99200000E+02  1.12519504E+00  1.12449016E+00  1.12519504E+00
   999  3.99600000E+02  1.12519504E+00  1.12449016E+00  1.12519504E+00
  1000  4.00000000E+02  1.12519504E+00  1.12449016E+00  1.12519504E+00
