 comppar: model =   2
 comppar: lambda,mobility/eps,betav,eta_0 =  8.0000E-01  0.0000E+00  5.0000E-01  1.0000E+00
 comppar: eta_s,eta_p,G =  5.0000E-01  5.0000E-01  6.2500E-01
 comppar: U_avg,deltat,flowrate,nsteps =  1.0000E-01  2.0000E-01  3.1416E-01    2000
 comppar: geometry = axisymmetric
 comppar: steady stop change,gap,hold,min =  1.0000E-07  1.0000E-03       1      80
 comppar: steady stop truncated decimals =       3
 comppar: ncompc,ncompg =     4     5
 mesh nnodes = 5797
 mesh nelem = 2796
 P1 BC   5.0000000000000000     
 P2 BC   0.0000000000000000     
     1  2.00000000E-01  1.00253022E+00  1.00000000E+00  1.00253022E+00
     2  4.00000000E-01  1.00501591E+00  1.00000000E+00  1.00501591E+00
     3  6.00000000E-01  1.00744809E+00  1.00000000E+00  1.00744809E+00
     4  8.00000000E-01  1.00983201E+00  1.00000000E+00  1.00983201E+00
     5  1.00000000E+00  1.01216792E+00  1.00000000E+00  1.01216792E+00
     6  1.20000000E+00  1.01447000E+00  1.00000000E+00  1.01447000E+00
     7  1.40000000E+00  1.01673349E+00  1.00000000E+00  1.01673349E+00
     8  1.60000000E+00  1.01895963E+00  1.00000000E+00  1.01895963E+00
     9  1.80000000E+00  1.02116750E+00  1.00000000E+00  1.02116750E+00
    10  2.00000000E+00  1.02333549E+00  1.00000000E+00  1.02333549E+00
    11  2.20000000E+00  1.02549415E+00  1.00000000E+00  1.02549415E+00
    12  2.40000000E+00  1.02760673E+00  1.00000001E+00  1.02760673E+00
    13  2.60000000E+00  1.02971924E+00  1.00000001E+00  1.02971924E+00
    14  2.80000000E+00  1.03178101E+00  1.00000001E+00  1.03178101E+00
    15  3.00000000E+00  1.03384604E+00  1.00000001E+00  1.03384604E+00
    16  3.20000000E+00  1.03586129E+00  1.00000001E+00  1.03586129E+00
    17  3.40000000E+00  1.03786375E+00  1.00000001E+00  1.03786375E+00
    18  3.60000000E+00  1.03984071E+00  1.00000001E+00  1.03984071E+00
    19  3.80000000E+00  1.04177367E+00  1.00000000E+00  1.04177367E+00
    20  4.00000000E+00  1.04371272E+00  1.00000000E+00  1.04371272E+00
    21  4.20000000E+00  1.04559352E+00  1.00000000E+00  1.04559352E+00
    22  4.40000000E+00  1.04746206E+00  1.00000000E+00  1.04746206E+00
    23  4.60000000E+00  1.04931537E+00  9.99999997E-01  1.04931537E+00
    24  4.80000000E+00  1.05110685E+00  9.99999994E-01  1.05110685E+00
    25  5.00000000E+00  1.05291423E+00  9.99999991E-01  1.05291423E+00
    26  5.20000000E+00  1.05467912E+00  9.99999987E-01  1.05467912E+00
    27  5.40000000E+00  1.05637893E+00  9.99999982E-01  1.05637893E+00
    28  5.60000000E+00  1.05810684E+00  9.99999976E-01  1.05810684E+00
    29  5.80000000E+00  1.05979465E+00  9.99999970E-01  1.05979465E+00
    30  6.00000000E+00  1.06141529E+00  9.99999963E-01  1.06141529E+00
    31  6.20000000E+00  1.06306566E+00  9.99999954E-01  1.06306566E+00
    32  6.40000000E+00  1.06467575E+00  9.99999945E-01  1.06467575E+00
    33  6.60000000E+00  1.06621664E+00  9.99999935E-01  1.06621664E+00
    34  6.80000000E+00  1.06776618E+00  9.99999923E-01  1.06776618E+00
    35  7.00000000E+00  1.06931461E+00  9.99999910E-01  1.06931461E+00
    36  7.20000000E+00  1.07079277E+00  9.99999896E-01  1.07079277E+00
    37  7.40000000E+00  1.07223410E+00  9.99999880E-01  1.07223410E+00
    38  7.60000000E+00  1.07372095E+00  9.99999863E-01  1.07372095E+00
    39  7.80000000E+00  1.07513642E+00  9.99999844E-01  1.07513642E+00
    40  8.00000000E+00  1.07647796E+00  9.99999823E-01  1.07647796E+00
    41  8.20000000E+00  1.07786208E+00  9.99999800E-01  1.07786208E+00
    42  8.40000000E+00  1.07923551E+00  9.99999775E-01  1.07923551E+00
    43  8.60000000E+00  1.08053490E+00  9.99999748E-01  1.08053490E+00
    44  8.80000000E+00  1.08176466E+00  9.99999719E-01  1.08176466E+00
    45  9.00000000E+00  1.08309619E+00  9.99999687E-01  1.08309619E+00
    46  9.20000000E+00  1.08435343E+00  9.99999652E-01  1.08435343E+00
    47  9.40000000E+00  1.08553435E+00  9.99999614E-01  1.08553435E+00
    48  9.60000000E+00  1.08666515E+00  9.99999573E-01  1.08666515E+00
    49  9.80000000E+00  1.08790470E+00  9.99999530E-01  1.08790470E+00
    50  1.00000000E+01  1.08906849E+00  9.99999482E-01  1.08906849E+00
    51  1.02000000E+01  1.09015490E+00  9.99999431E-01  1.09015490E+00
    52  1.04000000E+01  1.09120417E+00  9.99999377E-01  1.09120417E+00
    53  1.06000000E+01  1.09235049E+00  9.99999318E-01  1.09235049E+00
    54  1.08000000E+01  1.09341983E+00  9.99999255E-01  1.09341983E+00
    55  1.10000000E+01  1.09441100E+00  9.99999187E-01  1.09441100E+00
    56  1.12000000E+01  1.09532332E+00  9.99999115E-01  1.09532332E+00
    57  1.14000000E+01  1.09639606E+00  9.99999038E-01  1.09639606E+00
    58  1.16000000E+01  1.09739374E+00  9.99998955E-01  1.09739374E+00
    59  1.18000000E+01  1.09831336E+00  9.99998867E-01  1.09831336E+00
    60  1.20000000E+01  1.09915478E+00  9.99998773E-01  1.09915478E+00
    61  1.22000000E+01  1.10010525E+00  9.99998672E-01  1.10010525E+00
    62  1.24000000E+01  1.10103072E+00  9.99998565E-01  1.10103072E+00
    63  1.26000000E+01  1.10187831E+00  9.99998452E-01  1.10187831E+00
    64  1.28000000E+01  1.10264844E+00  9.99998331E-01  1.10264844E+00
    65  1.30000000E+01  1.10346562E+00  9.99998202E-01  1.10346562E+00
    66  1.32000000E+01  1.10432236E+00  9.99998066E-01  1.10432236E+00
    67  1.34000000E+01  1.10510220E+00  9.99997921E-01  1.10510220E+00
    68  1.36000000E+01  1.10580632E+00  9.99997767E-01  1.10580632E+00
    69  1.38000000E+01  1.10652525E+00  9.99997604E-01  1.10652525E+00
    70  1.40000000E+01  1.10731279E+00  9.99997432E-01  1.10731279E+00
    71  1.42000000E+01  1.10802449E+00  9.99997249E-01  1.10802449E+00
    72  1.44000000E+01  1.10866226E+00  9.99997056E-01  1.10866226E+00
    73  1.46000000E+01  1.10928099E+00  9.99996851E-01  1.10928099E+00
    74  1.48000000E+01  1.11000233E+00  9.99996636E-01  1.11000233E+00
    75  1.50000000E+01  1.11065002E+00  9.99996408E-01  1.11065002E+00
    76  1.52000000E+01  1.11122681E+00  9.99996167E-01  1.11122681E+00
    77  1.54000000E+01  1.11177077E+00  9.99995913E-01  1.11177077E+00
    78  1.56000000E+01  1.11242554E+00  9.99995645E-01  1.11242554E+00
    79  1.58000000E+01  1.11300894E+00  9.99995363E-01  1.11300894E+00
    80  1.60000000E+01  1.11352453E+00  9.99995065E-01  1.11352453E+00
    81  1.62000000E+01  1.11399804E+00  9.99994752E-01  1.11399804E+00
    82  1.64000000E+01  1.11459122E+00  9.99994423E-01  1.11459122E+00
    83  1.66000000E+01  1.11511647E+00  9.99994076E-01  1.11511647E+00
    84  1.68000000E+01  1.11557793E+00  9.99993712E-01  1.11557793E+00
    85  1.70000000E+01  1.11599382E+00  9.99993329E-01  1.11599382E+00
    86  1.72000000E+01  1.11652523E+00  9.99992926E-01  1.11652523E+00
    87  1.74000000E+01  1.11699227E+00  9.99992504E-01  1.11699227E+00
    88  1.76000000E+01  1.11739974E+00  9.99992061E-01  1.11739974E+00
    89  1.78000000E+01  1.11777111E+00  9.99991596E-01  1.11777111E+00
    90  1.80000000E+01  1.11824746E+00  9.99991108E-01  1.11824746E+00
    91  1.82000000E+01  1.11866366E+00  9.99990597E-01  1.11866366E+00
    92  1.84000000E+01  1.11902481E+00  9.99990062E-01  1.11902481E+00
    93  1.86000000E+01  1.11934569E+00  9.99989502E-01  1.11934569E+00
    94  1.88000000E+01  1.11976710E+00  9.99988915E-01  1.11976710E+00
    95  1.90000000E+01  1.12013284E+00  9.99988302E-01  1.12013284E+00
    96  1.92000000E+01  1.12044840E+00  9.99987660E-01  1.12044840E+00
    97  1.94000000E+01  1.12074252E+00  9.99986990E-01  1.12074252E+00
    98  1.96000000E+01  1.12111641E+00  9.99986289E-01  1.12111641E+00
    99  1.98000000E+01  1.12143913E+00  9.99985557E-01  1.12143913E+00
   100  2.00000000E+01  1.12171609E+00  9.99984793E-01  1.12171609E+00
   101  2.02000000E+01  1.12196516E+00  9.99983996E-01  1.12196516E+00
   102  2.04000000E+01  1.12229223E+00  9.99983165E-01  1.12229223E+00
   103  2.06000000E+01  1.12257302E+00  9.99982299E-01  1.12257302E+00
   104  2.08000000E+01  1.12281297E+00  9.99981396E-01  1.12281297E+00
   105  2.10000000E+01  1.12304870E+00  9.99980456E-01  1.12304870E+00
   106  2.12000000E+01  1.12333595E+00  9.99979477E-01  1.12333595E+00
   107  2.14000000E+01  1.12358120E+00  9.99978458E-01  1.12358120E+00
   108  2.16000000E+01  1.12378964E+00  9.99977398E-01  1.12378964E+00
   109  2.18000000E+01  1.12398261E+00  9.99976297E-01  1.12398261E+00
   110  2.20000000E+01  1.12423151E+00  9.99975152E-01  1.12423151E+00
   111  2.22000000E+01  1.12444318E+00  9.99973963E-01  1.12444318E+00
   112  2.24000000E+01  1.12462258E+00  9.99972729E-01  1.12462258E+00
   113  2.26000000E+01  1.12481088E+00  9.99971448E-01  1.12481088E+00
   114  2.28000000E+01  1.12502717E+00  9.99970119E-01  1.12502717E+00
   115  2.30000000E+01  1.12521004E+00  9.99968742E-01  1.12521004E+00
   116  2.32000000E+01  1.12536408E+00  9.99967315E-01  1.12536408E+00
   117  2.34000000E+01  1.12551237E+00  9.99965838E-01  1.12551237E+00
   118  2.36000000E+01  1.12569834E+00  9.99964308E-01  1.12569834E+00
   119  2.38000000E+01  1.12585518E+00  9.99962726E-01  1.12585518E+00
   120  2.40000000E+01  1.12598707E+00  9.99961091E-01  1.12598707E+00
   121  2.42000000E+01  1.12613597E+00  9.99959401E-01  1.12613597E+00
   122  2.44000000E+01  1.12629571E+00  9.99957655E-01  1.12629571E+00
   123  2.46000000E+01  1.12642956E+00  9.99955854E-01  1.12642956E+00
   124  2.48000000E+01  1.12654134E+00  9.99953996E-01  1.12654134E+00
   125  2.50000000E+01  1.12665375E+00  9.99952080E-01  1.12665375E+00
   126  2.52000000E+01  1.12679028E+00  9.99950107E-01  1.12679028E+00
   127  2.54000000E+01  1.12690450E+00  9.99948076E-01  1.12690450E+00
   128  2.56000000E+01  1.12699977E+00  9.99945985E-01  1.12699977E+00
   129  2.58000000E+01  1.12711554E+00  9.99943836E-01  1.12711554E+00
   130  2.60000000E+01  1.12723130E+00  9.99941629E-01  1.12723130E+00
   131  2.62000000E+01  1.12732746E+00  9.99939362E-01  1.12732746E+00
   132  2.64000000E+01  1.12740707E+00  9.99937037E-01  1.12740707E+00
   133  2.66000000E+01  1.12749060E+00  9.99934654E-01  1.12749060E+00
   134  2.68000000E+01  1.12758907E+00  9.99932214E-01  1.12758907E+00
   135  2.70000000E+01  1.12767078E+00  9.99929716E-01  1.12767078E+00
   136  2.72000000E+01  1.12773837E+00  9.99927163E-01  1.12773837E+00
   137  2.74000000E+01  1.12782628E+00  9.99924556E-01  1.12782628E+00
   138  2.76000000E+01  1.12790859E+00  9.99921895E-01  1.12790859E+00
   139  2.78000000E+01  1.12797638E+00  9.99919183E-01  1.12797638E+00
   140  2.80000000E+01  1.12803203E+00  9.99916422E-01  1.12803203E+00
   141  2.82000000E+01  1.12809251E+00  9.99913614E-01  1.12809251E+00
   142  2.84000000E+01  1.12816227E+00  9.99910762E-01  1.12816227E+00
   143  2.86000000E+01  1.12821970E+00  9.99907869E-01  1.12821970E+00
   144  2.88000000E+01  1.12826681E+00  9.99904937E-01  1.12826681E+00
   145  2.90000000E+01  1.12833151E+00  9.99901972E-01  1.12833151E+00
   146  2.92000000E+01  1.12838897E+00  9.99898977E-01  1.12838897E+00
   147  2.94000000E+01  1.12843593E+00  9.99895957E-01  1.12843593E+00
   148  2.96000000E+01  1.12847420E+00  9.99892917E-01  1.12847420E+00
   149  2.98000000E+01  1.12851596E+00  9.99889863E-01  1.12851596E+00
   150  3.00000000E+01  1.12856456E+00  9.99886801E-01  1.12856456E+00
   151  3.02000000E+01  1.12860428E+00  9.99883738E-01  1.12860428E+00
   152  3.04000000E+01  1.12863669E+00  9.99880682E-01  1.12863669E+00
   153  3.06000000E+01  1.12868205E+00  9.99877641E-01  1.12868205E+00
   154  3.08000000E+01  1.12872153E+00  9.99874623E-01  1.12872153E+00
   155  3.10000000E+01  1.12875363E+00  9.99871640E-01  1.12875363E+00
   156  3.12000000E+01  1.12877975E+00  9.99868701E-01  1.12877975E+00
   157  3.14000000E+01  1.12880628E+00  9.99865817E-01  1.12880628E+00
   158  3.16000000E+01  1.12883970E+00  9.99863002E-01  1.12883970E+00
   159  3.18000000E+01  1.12886695E+00  9.99860268E-01  1.12886695E+00
   160  3.20000000E+01  1.12888921E+00  9.99857630E-01  1.12888921E+00
   161  3.22000000E+01  1.12891838E+00  9.99855103E-01  1.12891838E+00
   162  3.24000000E+01  1.12894527E+00  9.99852703E-01  1.12894527E+00
   163  3.26000000E+01  1.12896719E+00  9.99850449E-01  1.12896719E+00
   164  3.28000000E+01  1.12898519E+00  9.99848359E-01  1.12898519E+00
   165  3.30000000E+01  1.12900017E+00  9.99846455E-01  1.12900017E+00
   166  3.32000000E+01  1.12902209E+00  9.99844756E-01  1.12902209E+00
   167  3.34000000E+01  1.12904094E+00  9.99843288E-01  1.12904094E+00
   168  3.36000000E+01  1.12905660E+00  9.99842074E-01  1.12905660E+00
   169  3.38000000E+01  1.12907231E+00  9.99841142E-01  1.12907231E+00
   170  3.40000000E+01  1.12909078E+00  9.99840519E-01  1.12909078E+00
   171  3.42000000E+01  1.12910610E+00  9.99840237E-01  1.12910610E+00
   172  3.44000000E+01  1.12911904E+00  9.99840327E-01  1.12911904E+00
   173  3.46000000E+01  1.12913024E+00  9.99840823E-01  1.12913024E+00
   174  3.48000000E+01  1.12914025E+00  9.99841762E-01  1.12914025E+00
   175  3.50000000E+01  1.12915215E+00  9.99843182E-01  1.12915215E+00
   176  3.52000000E+01  1.12916383E+00  9.99845125E-01  1.12916383E+00
   177  3.54000000E+01  1.12917421E+00  9.99847634E-01  1.12917421E+00
   178  3.56000000E+01  1.12918375E+00  9.99850755E-01  1.12918375E+00
   179  3.58000000E+01  1.12919287E+00  9.99854536E-01  1.12919287E+00
   180  3.60000000E+01  1.12920293E+00  9.99859030E-01  1.12920293E+00
   181  3.62000000E+01  1.12921215E+00  9.99864291E-01  1.12921215E+00
   182  3.64000000E+01  1.12922088E+00  9.99870376E-01  1.12922088E+00
   183  3.66000000E+01  1.12922935E+00  9.99877348E-01  1.12922935E+00
   184  3.68000000E+01  1.12923775E+00  9.99885269E-01  1.12923775E+00
   185  3.70000000E+01  1.12924613E+00  9.99894209E-01  1.12924613E+00
   186  3.72000000E+01  1.12925453E+00  9.99904238E-01  1.12925453E+00
   187  3.74000000E+01  1.12926289E+00  9.99915434E-01  1.12926289E+00
   188  3.76000000E+01  1.12927113E+00  9.99927876E-01  1.12927113E+00
   189  3.78000000E+01  1.12927914E+00  9.99941648E-01  1.12927914E+00
   190  3.80000000E+01  1.12928681E+00  9.99956839E-01  1.12928681E+00
   191  3.82000000E+01  1.12929404E+00  9.99973543E-01  1.12929404E+00
   192  3.84000000E+01  1.12930075E+00  9.99991857E-01  1.12930075E+00
   193  3.86000000E+01  1.12930687E+00  1.00001189E+00  1.12930687E+00
   194  3.88000000E+01  1.12931318E+00  1.00003374E+00  1.12931318E+00
   195  3.90000000E+01  1.12932000E+00  1.00005753E+00  1.12932000E+00
   196  3.92000000E+01  1.12932623E+00  1.00008337E+00  1.12932623E+00
   197  3.94000000E+01  1.12933183E+00  1.00011140E+00  1.12933183E+00
   198  3.96000000E+01  1.12933680E+00  1.00014175E+00  1.12933680E+00
   199  3.98000000E+01  1.12934118E+00  1.00017455E+00  1.12934118E+00
   200  4.00000000E+01  1.12934500E+00  1.00020995E+00  1.12934500E+00
   201  4.02000000E+01  1.12934970E+00  1.00024810E+00  1.12934970E+00
   202  4.04000000E+01  1.12935423E+00  1.00028917E+00  1.12935423E+00
   203  4.06000000E+01  1.12935820E+00  1.00033331E+00  1.12935820E+00
   204  4.08000000E+01  1.12936166E+00  1.00038071E+00  1.12936166E+00
   205  4.10000000E+01  1.12936468E+00  1.00043155E+00  1.12936468E+00
   206  4.12000000E+01  1.12936732E+00  1.00048601E+00  1.12936732E+00
   207  4.14000000E+01  1.12936993E+00  1.00054431E+00  1.12936993E+00
   208  4.16000000E+01  1.12937298E+00  1.00060664E+00  1.12937298E+00
   209  4.18000000E+01  1.12937563E+00  1.00067323E+00  1.12937563E+00
   210  4.20000000E+01  1.12937797E+00  1.00074430E+00  1.12937797E+00
   211  4.22000000E+01  1.12938005E+00  1.00082010E+00  1.12938005E+00
   212  4.24000000E+01  1.12938192E+00  1.00090087E+00  1.12938192E+00
   213  4.26000000E+01  1.12938362E+00  1.00098686E+00  1.12938362E+00
   214  4.28000000E+01  1.12938517E+00  1.00107836E+00  1.12938517E+00
   215  4.30000000E+01  1.12938659E+00  1.00117563E+00  1.12938659E+00
   216  4.32000000E+01  1.12938801E+00  1.00127898E+00  1.12938801E+00
   217  4.34000000E+01  1.12938955E+00  1.00138870E+00  1.12938955E+00
   218  4.36000000E+01  1.12939096E+00  1.00150512E+00  1.12939096E+00
   219  4.38000000E+01  1.12939225E+00  1.00162856E+00  1.12939225E+00
   220  4.40000000E+01  1.12939344E+00  1.00175937E+00  1.12939344E+00
   221  4.42000000E+01  1.12939452E+00  1.00189789E+00  1.12939452E+00
   222  4.44000000E+01  1.12939549E+00  1.00204450E+00  1.12939549E+00
   223  4.46000000E+01  1.12939636E+00  1.00219959E+00  1.12939636E+00
   224  4.48000000E+01  1.12939713E+00  1.00236354E+00  1.12939713E+00
   225  4.50000000E+01  1.12939780E+00  1.00253677E+00  1.12939780E+00
   226  4.52000000E+01  1.12939837E+00  1.00271970E+00  1.12939837E+00
   227  4.54000000E+01  1.12939885E+00  1.00291278E+00  1.12939885E+00
   228  4.56000000E+01  1.12939924E+00  1.00311645E+00  1.12939924E+00
   229  4.58000000E+01  1.12939957E+00  1.00333119E+00  1.12939957E+00
   230  4.60000000E+01  1.12939997E+00  1.00355748E+00  1.12939997E+00
   231  4.62000000E+01  1.12940038E+00  1.00379583E+00  1.12940038E+00
   232  4.64000000E+01  1.12940071E+00  1.00404675E+00  1.12940071E+00
   233  4.66000000E+01  1.12940097E+00  1.00431077E+00  1.12940097E+00
   234  4.68000000E+01  1.12940117E+00  1.00458845E+00  1.12940117E+00
   235  4.70000000E+01  1.12940132E+00  1.00488034E+00  1.12940132E+00
   236  4.72000000E+01  1.12940142E+00  1.00518702E+00  1.12940142E+00
   237  4.74000000E+01  1.12940149E+00  1.00550910E+00  1.12940149E+00
   238  4.76000000E+01  1.12940153E+00  1.00584718E+00  1.12940153E+00
   239  4.78000000E+01  1.12940154E+00  1.00620189E+00  1.12940154E+00
   240  4.80000000E+01  1.12940152E+00  1.00657386E+00  1.12940152E+00
   241  4.82000000E+01  1.12940148E+00  1.00696376E+00  1.12940148E+00
   242  4.84000000E+01  1.12940143E+00  1.00737226E+00  1.12940143E+00
   243  4.86000000E+01  1.12940136E+00  1.00780003E+00  1.12940136E+00
   244  4.88000000E+01  1.12940127E+00  1.00824777E+00  1.12940127E+00
   245  4.90000000E+01  1.12940118E+00  1.00871619E+00  1.12940118E+00
   246  4.92000000E+01  1.12940107E+00  1.00920601E+00  1.12940107E+00
   247  4.94000000E+01  1.12940095E+00  1.00971796E+00  1.12940095E+00
   248  4.96000000E+01  1.12940083E+00  1.01025278E+00  1.12940083E+00
   249  4.98000000E+01  1.12940070E+00  1.01081122E+00  1.12940070E+00
   250  5.00000000E+01  1.12940057E+00  1.01139403E+00  1.12940057E+00
   251  5.02000000E+01  1.12940043E+00  1.01200197E+00  1.12940043E+00
   252  5.04000000E+01  1.12940029E+00  1.01263580E+00  1.12940029E+00
   253  5.06000000E+01  1.12940015E+00  1.01329630E+00  1.12940015E+00
   254  5.08000000E+01  1.12940002E+00  1.01398422E+00  1.12940002E+00
   255  5.10000000E+01  1.12939988E+00  1.01470033E+00  1.12939988E+00
   256  5.12000000E+01  1.12939974E+00  1.01544538E+00  1.12939974E+00
   257  5.14000000E+01  1.12939961E+00  1.01622013E+00  1.12939961E+00
   258  5.16000000E+01  1.12939947E+00  1.01702531E+00  1.12939947E+00
   259  5.18000000E+01  1.12939934E+00  1.01786165E+00  1.12939934E+00
   260  5.20000000E+01  1.12939922E+00  1.01872986E+00  1.12939922E+00
   261  5.22000000E+01  1.12939909E+00  1.01963063E+00  1.12939909E+00
   262  5.24000000E+01  1.12939897E+00  1.02056462E+00  1.12939897E+00
   263  5.26000000E+01  1.12939886E+00  1.02153248E+00  1.12939886E+00
   264  5.28000000E+01  1.12939875E+00  1.02253481E+00  1.12939875E+00
   265  5.30000000E+01  1.12939864E+00  1.02357218E+00  1.12939864E+00
   266  5.32000000E+01  1.12939853E+00  1.02464514E+00  1.12939853E+00
   267  5.34000000E+01  1.12939843E+00  1.02575417E+00  1.12939843E+00
   268  5.36000000E+01  1.12939834E+00  1.02689971E+00  1.12939834E+00
   269  5.38000000E+01  1.12939825E+00  1.02808217E+00  1.12939825E+00
   270  5.40000000E+01  1.12939816E+00  1.02930188E+00  1.12939816E+00
   271  5.42000000E+01  1.12939807E+00  1.03055910E+00  1.12939807E+00
   272  5.44000000E+01  1.12939799E+00  1.03185405E+00  1.12939799E+00
   273  5.46000000E+01  1.12939792E+00  1.03318685E+00  1.12939792E+00
   274  5.48000000E+01  1.12939784E+00  1.03455758E+00  1.12939784E+00
   275  5.50000000E+01  1.12939777E+00  1.03596620E+00  1.12939777E+00
   276  5.52000000E+01  1.12939771E+00  1.03741259E+00  1.12939771E+00
   277  5.54000000E+01  1.12939765E+00  1.03889657E+00  1.12939765E+00
   278  5.56000000E+01  1.12939759E+00  1.04041781E+00  1.12939759E+00
   279  5.58000000E+01  1.12939753E+00  1.04197591E+00  1.12939753E+00
   280  5.60000000E+01  1.12939748E+00  1.04357036E+00  1.12939748E+00
   281  5.62000000E+01  1.12939743E+00  1.04520053E+00  1.12939743E+00
   282  5.64000000E+01  1.12939738E+00  1.04686568E+00  1.12939738E+00
   283  5.66000000E+01  1.12939734E+00  1.04856493E+00  1.12939734E+00
   284  5.68000000E+01  1.12939730E+00  1.05029730E+00  1.12939730E+00
   285  5.70000000E+01  1.12939726E+00  1.05206167E+00  1.12939726E+00
   286  5.72000000E+01  1.12939722E+00  1.05385680E+00  1.12939722E+00
   287  5.74000000E+01  1.12939718E+00  1.05568130E+00  1.12939718E+00
   288  5.76000000E+01  1.12939715E+00  1.05753366E+00  1.12939715E+00
   289  5.78000000E+01  1.12939712E+00  1.05941222E+00  1.12939712E+00
   290  5.80000000E+01  1.12939709E+00  1.06131522E+00  1.12939709E+00
   291  5.82000000E+01  1.12939706E+00  1.06324072E+00  1.12939706E+00
   292  5.84000000E+01  1.12939704E+00  1.06518668E+00  1.12939704E+00
   293  5.86000000E+01  1.12939702E+00  1.06715091E+00  1.12939702E+00
   294  5.88000000E+01  1.12939699E+00  1.06913110E+00  1.12939699E+00
   295  5.90000000E+01  1.12939697E+00  1.07112482E+00  1.12939697E+00
   296  5.92000000E+01  1.12939695E+00  1.07312950E+00  1.12939695E+00
   297  5.94000000E+01  1.12939694E+00  1.07514246E+00  1.12939694E+00
   298  5.96000000E+01  1.12939692E+00  1.07716092E+00  1.12939692E+00
   299  5.98000000E+01  1.12939690E+00  1.07918197E+00  1.12939690E+00
   300  6.00000000E+01  1.12939689E+00  1.08120262E+00  1.12939689E+00
   301  6.02000000E+01  1.12939688E+00  1.08321977E+00  1.12939688E+00
   302  6.04000000E+01  1.12939686E+00  1.08523027E+00  1.12939686E+00
   303  6.06000000E+01  1.12939685E+00  1.08723085E+00  1.12939685E+00
   304  6.08000000E+01  1.12939684E+00  1.08921820E+00  1.12939684E+00
   305  6.10000000E+01  1.12939683E+00  1.09118895E+00  1.12939683E+00
   306  6.12000000E+01  1.12939682E+00  1.09313970E+00  1.12939682E+00
   307  6.14000000E+01  1.12939681E+00  1.09506698E+00  1.12939681E+00
   308  6.16000000E+01  1.12939680E+00  1.09696735E+00  1.12939680E+00
   309  6.18000000E+01  1.12939680E+00  1.09883732E+00  1.12939680E+00
   310  6.20000000E+01  1.12939679E+00  1.10067345E+00  1.12939679E+00
   311  6.22000000E+01  1.12939678E+00  1.10247228E+00  1.12939678E+00
   312  6.24000000E+01  1.12939678E+00  1.10423044E+00  1.12939678E+00
   313  6.26000000E+01  1.12939677E+00  1.10594458E+00  1.12939677E+00
   314  6.28000000E+01  1.12939677E+00  1.10761144E+00  1.12939677E+00
   315  6.30000000E+01  1.12939676E+00  1.10922787E+00  1.12939676E+00
   316  6.32000000E+01  1.12939676E+00  1.11079080E+00  1.12939676E+00
   317  6.34000000E+01  1.12939675E+00  1.11229734E+00  1.12939675E+00
   318  6.36000000E+01  1.12939675E+00  1.11374474E+00  1.12939675E+00
   319  6.38000000E+01  1.12939675E+00  1.11513041E+00  1.12939675E+00
   320  6.40000000E+01  1.12939674E+00  1.11645203E+00  1.12939674E+00
   321  6.42000000E+01  1.12939674E+00  1.11770746E+00  1.12939674E+00
   322  6.44000000E+01  1.12939674E+00  1.11889486E+00  1.12939674E+00
   323  6.46000000E+01  1.12939674E+00  1.12001270E+00  1.12939674E+00
   324  6.48000000E+01  1.12939673E+00  1.12105976E+00  1.12939673E+00
   325  6.50000000E+01  1.12939673E+00  1.12203521E+00  1.12939673E+00
   326  6.52000000E+01  1.12939673E+00  1.12293861E+00  1.12939673E+00
   327  6.54000000E+01  1.12939673E+00  1.12376998E+00  1.12939673E+00
   328  6.56000000E+01  1.12939673E+00  1.12452978E+00  1.12939673E+00
   329  6.58000000E+01  1.12939672E+00  1.12521898E+00  1.12939672E+00
   330  6.60000000E+01  1.12939672E+00  1.12583905E+00  1.12939672E+00
   331  6.62000000E+01  1.12939672E+00  1.12639196E+00  1.12939672E+00
   332  6.64000000E+01  1.12939672E+00  1.12688022E+00  1.12939672E+00
   333  6.66000000E+01  1.12939672E+00  1.12730678E+00  1.12939672E+00
   334  6.68000000E+01  1.12939672E+00  1.12767510E+00  1.12939672E+00
   335  6.70000000E+01  1.12939672E+00  1.12798901E+00  1.12939672E+00
   336  6.72000000E+01  1.12939672E+00  1.12825270E+00  1.12939672E+00
   337  6.74000000E+01  1.12939672E+00  1.12847063E+00  1.12939672E+00
   338  6.76000000E+01  1.12939672E+00  1.12864746E+00  1.12939672E+00
   339  6.78000000E+01  1.12939672E+00  1.12878793E+00  1.12939672E+00
   340  6.80000000E+01  1.12939671E+00  1.12889678E+00  1.12939671E+00
   341  6.82000000E+01  1.12939671E+00  1.12897865E+00  1.12939671E+00
   342  6.84000000E+01  1.12939671E+00  1.12903801E+00  1.12939671E+00
 steady-height stop at step    342: truncated to 3 decimals, truncated max/end/ratio =       1129      1129      1129, max/end/ratio =   1.12939671E+00  1.12903801E+00  1.12939671E+00
