 dx_box  0.20000000000000001      dx_wall   1.2500000000000001E-002
 comppar: model =   2
 comppar: lambda,mobility/eps,betav,eta_0 =  1.0000E+00  0.0000E+00  1.1111E-01  1.0000E+00
 comppar: eta_s,eta_p,G =  1.1111E-01  8.8889E-01  8.8889E-01
 comppar: U_avg,deltat,flowrate,nsteps =  1.2500E-01  2.0000E-01  3.9270E-01    1000
 comppar: geometry = axisymmetric
 comppar: steady stop change,gap,hold,min =  1.0000E-05  5.0000E-03      10      80
 comppar: ncompc,ncompg =     4     5
 mesh nnodes = 39337
 mesh nelem = 19550
 P1 BC   5.0000000000000000     
 P2 BC   0.0000000000000000     
     1  2.00000000E-01  1.00315033E+00  1.00000000E+00  1.00315033E+00
     2  4.00000000E-01  1.00616910E+00  1.00000000E+00  1.00616910E+00
     3  6.00000000E-01  1.00903459E+00  1.00000000E+00  1.00903459E+00
     4  8.00000000E-01  1.01181716E+00  1.00000000E+00  1.01181716E+00
     5  1.00000000E+00  1.01455137E+00  1.00000000E+00  1.01455137E+00
     6  1.20000000E+00  1.01726285E+00  1.00000000E+00  1.01726285E+00
     7  1.40000000E+00  1.01997458E+00  1.00000000E+00  1.01997458E+00
     8  1.60000000E+00  1.02267564E+00  1.00000000E+00  1.02267564E+00
     9  1.80000000E+00  1.02536582E+00  1.00000001E+00  1.02536582E+00
    10  2.00000000E+00  1.02804842E+00  1.00000001E+00  1.02804842E+00
    11  2.20000000E+00  1.03070872E+00  1.00000001E+00  1.03070872E+00
    12  2.40000000E+00  1.03332409E+00  1.00000001E+00  1.03332409E+00
    13  2.60000000E+00  1.03598202E+00  1.00000001E+00  1.03598202E+00
    14  2.80000000E+00  1.03858288E+00  1.00000001E+00  1.03858288E+00
    15  3.00000000E+00  1.04114841E+00  1.00000001E+00  1.04114841E+00
    16  3.20000000E+00  1.04373475E+00  1.00000001E+00  1.04373475E+00
    17  3.40000000E+00  1.04625251E+00  1.00000000E+00  1.04625251E+00
    18  3.60000000E+00  1.04869398E+00  1.00000000E+00  1.04869398E+00
    19  3.80000000E+00  1.05117935E+00  9.99999998E-01  1.05117935E+00
    20  4.00000000E+00  1.05364741E+00  9.99999994E-01  1.05364741E+00
    21  4.20000000E+00  1.05603562E+00  9.99999989E-01  1.05603562E+00
    22  4.40000000E+00  1.05833754E+00  9.99999984E-01  1.05833754E+00
    23  4.60000000E+00  1.06069714E+00  9.99999976E-01  1.06069714E+00
    24  4.80000000E+00  1.06302542E+00  9.99999968E-01  1.06302542E+00
    25  5.00000000E+00  1.06526540E+00  9.99999958E-01  1.06526540E+00
    26  5.20000000E+00  1.06741198E+00  9.99999947E-01  1.06741198E+00
    27  5.40000000E+00  1.06946066E+00  9.99999933E-01  1.06946066E+00
    28  5.60000000E+00  1.07160823E+00  9.99999918E-01  1.07160823E+00
    29  5.80000000E+00  1.07377061E+00  9.99999901E-01  1.07377061E+00
    30  6.00000000E+00  1.07583877E+00  9.99999882E-01  1.07583877E+00
    31  6.20000000E+00  1.07780886E+00  9.99999860E-01  1.07780886E+00
    32  6.40000000E+00  1.07967779E+00  9.99999836E-01  1.07967779E+00
    33  6.60000000E+00  1.08160443E+00  9.99999809E-01  1.08160443E+00
    34  6.80000000E+00  1.08359305E+00  9.99999778E-01  1.08359305E+00
    35  7.00000000E+00  1.08548296E+00  9.99999745E-01  1.08548296E+00
    36  7.20000000E+00  1.08727147E+00  9.99999708E-01  1.08727147E+00
    37  7.40000000E+00  1.08895677E+00  9.99999667E-01  1.08895677E+00
    38  7.60000000E+00  1.09053801E+00  9.99999621E-01  1.09053801E+00
    39  7.80000000E+00  1.09207401E+00  9.99999572E-01  1.09207401E+00
    40  8.00000000E+00  1.09390808E+00  9.99999517E-01  1.09390808E+00
    41  8.20000000E+00  1.09564249E+00  9.99999457E-01  1.09564249E+00
    42  8.40000000E+00  1.09727578E+00  9.99999392E-01  1.09727578E+00
    43  8.60000000E+00  1.09880741E+00  9.99999320E-01  1.09880741E+00
    44  8.80000000E+00  1.10023792E+00  9.99999242E-01  1.10023792E+00
    45  9.00000000E+00  1.10156895E+00  9.99999157E-01  1.10156895E+00
    46  9.20000000E+00  1.10296553E+00  9.99999065E-01  1.10296553E+00
    47  9.40000000E+00  1.10454347E+00  9.99998965E-01  1.10454347E+00
    48  9.60000000E+00  1.10602026E+00  9.99998856E-01  1.10602026E+00
    49  9.80000000E+00  1.10739659E+00  9.99998739E-01  1.10739659E+00
    50  1.00000000E+01  1.10867427E+00  9.99998612E-01  1.10867427E+00
    51  1.02000000E+01  1.10985644E+00  9.99998475E-01  1.10985644E+00
    52  1.04000000E+01  1.11094752E+00  9.99998327E-01  1.11094752E+00
    53  1.06000000E+01  1.11195326E+00  9.99998168E-01  1.11195326E+00
    54  1.08000000E+01  1.11324246E+00  9.99997997E-01  1.11324246E+00
    55  1.10000000E+01  1.11454269E+00  9.99997813E-01  1.11454269E+00
    56  1.12000000E+01  1.11574893E+00  9.99997615E-01  1.11574893E+00
    57  1.14000000E+01  1.11686534E+00  9.99997403E-01  1.11686534E+00
    58  1.16000000E+01  1.11789729E+00  9.99997175E-01  1.11789729E+00
    59  1.18000000E+01  1.11885111E+00  9.99996932E-01  1.11885111E+00
    60  1.20000000E+01  1.11973382E+00  9.99996671E-01  1.11973382E+00
    61  1.22000000E+01  1.12055270E+00  9.99996392E-01  1.12055270E+00
    62  1.24000000E+01  1.12166388E+00  9.99996094E-01  1.12166388E+00
    63  1.26000000E+01  1.12269932E+00  9.99995776E-01  1.12269932E+00
    64  1.28000000E+01  1.12365573E+00  9.99995437E-01  1.12365573E+00
    65  1.30000000E+01  1.12454066E+00  9.99995075E-01  1.12454066E+00
    66  1.32000000E+01  1.12536195E+00  9.99994690E-01  1.12536195E+00
    67  1.34000000E+01  1.12612725E+00  9.99994279E-01  1.12612725E+00
    68  1.36000000E+01  1.12684345E+00  9.99993843E-01  1.12684345E+00
    69  1.38000000E+01  1.12751631E+00  9.99993380E-01  1.12751631E+00
    70  1.40000000E+01  1.12838777E+00  9.99992887E-01  1.12838777E+00
    71  1.42000000E+01  1.12923328E+00  9.99992365E-01  1.12923328E+00
    72  1.44000000E+01  1.13001968E+00  9.99991811E-01  1.13001968E+00
    73  1.46000000E+01  1.13075301E+00  9.99991223E-01  1.13075301E+00
    74  1.48000000E+01  1.13143842E+00  9.99990601E-01  1.13143842E+00
    75  1.50000000E+01  1.13207999E+00  9.99989942E-01  1.13207999E+00
    76  1.52000000E+01  1.13268065E+00  9.99989245E-01  1.13268065E+00
    77  1.54000000E+01  1.13324219E+00  9.99988508E-01  1.13324219E+00
    78  1.56000000E+01  1.13376546E+00  9.99987728E-01  1.13376546E+00
    79  1.58000000E+01  1.13444004E+00  9.99986905E-01  1.13444004E+00
    80  1.60000000E+01  1.13508994E+00  9.99986036E-01  1.13508994E+00
    81  1.62000000E+01  1.13569989E+00  9.99985120E-01  1.13569989E+00
    82  1.64000000E+01  1.13627144E+00  9.99984154E-01  1.13627144E+00
    83  1.66000000E+01  1.13680513E+00  9.99983135E-01  1.13680513E+00
    84  1.68000000E+01  1.13730078E+00  9.99982063E-01  1.13730078E+00
    85  1.70000000E+01  1.13775785E+00  9.99980935E-01  1.13775785E+00
    86  1.72000000E+01  1.13817579E+00  9.99979749E-01  1.13817579E+00
    87  1.74000000E+01  1.13867680E+00  9.99978503E-01  1.13867680E+00
    88  1.76000000E+01  1.13921023E+00  9.99977194E-01  1.13921023E+00
    89  1.78000000E+01  1.13970435E+00  9.99975820E-01  1.13970435E+00
    90  1.80000000E+01  1.14015970E+00  9.99974379E-01  1.14015970E+00
    91  1.82000000E+01  1.14057667E+00  9.99972869E-01  1.14057667E+00
    92  1.84000000E+01  1.14095567E+00  9.99971288E-01  1.14095567E+00
    93  1.86000000E+01  1.14129733E+00  9.99969633E-01  1.14129733E+00
    94  1.88000000E+01  1.14160259E+00  9.99967902E-01  1.14160259E+00
    95  1.90000000E+01  1.14196183E+00  9.99966094E-01  1.14196183E+00
    96  1.92000000E+01  1.14238913E+00  9.99964206E-01  1.14238913E+00
    97  1.94000000E+01  1.14277798E+00  9.99962236E-01  1.14277798E+00
    98  1.96000000E+01  1.14312885E+00  9.99960182E-01  1.14312885E+00
    99  1.98000000E+01  1.14344256E+00  9.99958043E-01  1.14344256E+00
   100  2.00000000E+01  1.14372032E+00  9.99955817E-01  1.14372032E+00
   101  2.02000000E+01  1.14396380E+00  9.99953502E-01  1.14396380E+00
   102  2.04000000E+01  1.14417546E+00  9.99951096E-01  1.14417546E+00
   103  2.06000000E+01  1.14452936E+00  9.99948598E-01  1.14452936E+00
   104  2.08000000E+01  1.14484738E+00  9.99946006E-01  1.14484738E+00
   105  2.10000000E+01  1.14513075E+00  9.99943319E-01  1.14513075E+00
   106  2.12000000E+01  1.14538097E+00  9.99940536E-01  1.14538097E+00
   107  2.14000000E+01  1.14559985E+00  9.99937655E-01  1.14559985E+00
   108  2.16000000E+01  1.14578943E+00  9.99934677E-01  1.14578943E+00
   109  2.18000000E+01  1.14595203E+00  9.99931601E-01  1.14595203E+00
   110  2.20000000E+01  1.14615650E+00  9.99928428E-01  1.14615650E+00
   111  2.22000000E+01  1.14641439E+00  9.99925158E-01  1.14641439E+00
   112  2.24000000E+01  1.14664007E+00  9.99921792E-01  1.14664007E+00
   113  2.26000000E+01  1.14683561E+00  9.99918333E-01  1.14683561E+00
   114  2.28000000E+01  1.14700336E+00  9.99914783E-01  1.14700336E+00
   115  2.30000000E+01  1.14714585E+00  9.99911146E-01  1.14714585E+00
   116  2.32000000E+01  1.14726575E+00  9.99907425E-01  1.14726575E+00
   117  2.34000000E+01  1.14741132E+00  9.99903625E-01  1.14741132E+00
   118  2.36000000E+01  1.14761438E+00  9.99899753E-01  1.14761438E+00
   119  2.38000000E+01  1.14778987E+00  9.99895814E-01  1.14778987E+00
   120  2.40000000E+01  1.14794005E+00  9.99891815E-01  1.14794005E+00
   121  2.42000000E+01  1.14806729E+00  9.99887766E-01  1.14806729E+00
   122  2.44000000E+01  1.14817402E+00  9.99883675E-01  1.14817402E+00
   123  2.46000000E+01  1.14826271E+00  9.99879551E-01  1.14826271E+00
   124  2.48000000E+01  1.14833576E+00  9.99875406E-01  1.14833576E+00
   125  2.50000000E+01  1.14847912E+00  9.99871251E-01  1.14847912E+00
   126  2.52000000E+01  1.14861090E+00  9.99867099E-01  1.14861090E+00
   127  2.54000000E+01  1.14872154E+00  9.99862965E-01  1.14872154E+00
   128  2.56000000E+01  1.14881359E+00  9.99858865E-01  1.14881359E+00
   129  2.58000000E+01  1.14888955E+00  9.99854816E-01  1.14888955E+00
   130  2.60000000E+01  1.14895183E+00  9.99850837E-01  1.14895183E+00
   131  2.62000000E+01  1.14901014E+00  9.99846950E-01  1.14901014E+00
   132  2.64000000E+01  1.14912758E+00  9.99843180E-01  1.14912758E+00
   133  2.66000000E+01  1.14922580E+00  9.99839553E-01  1.14922580E+00
   134  2.68000000E+01  1.14930713E+00  9.99836100E-01  1.14930713E+00
   135  2.70000000E+01  1.14937386E+00  9.99832852E-01  1.14937386E+00
   136  2.72000000E+01  1.14942815E+00  9.99829846E-01  1.14942815E+00
   137  2.74000000E+01  1.14947204E+00  9.99827122E-01  1.14947204E+00
   138  2.76000000E+01  1.14950741E+00  9.99824723E-01  1.14950741E+00
   139  2.78000000E+01  1.14956324E+00  9.99822696E-01  1.14956324E+00
   140  2.80000000E+01  1.14963296E+00  9.99821089E-01  1.14963296E+00
   141  2.82000000E+01  1.14968988E+00  9.99819958E-01  1.14968988E+00
   142  2.84000000E+01  1.14973611E+00  9.99819360E-01  1.14973611E+00
   143  2.86000000E+01  1.14977358E+00  9.99819355E-01  1.14977358E+00
   144  2.88000000E+01  1.14980402E+00  9.99820011E-01  1.14980402E+00
   145  2.90000000E+01  1.14983935E+00  9.99821396E-01  1.14983935E+00
   146  2.92000000E+01  1.14990033E+00  9.99823587E-01  1.14990033E+00
   147  2.94000000E+01  1.14994968E+00  9.99826664E-01  1.14994968E+00
   148  2.96000000E+01  1.14998935E+00  9.99830713E-01  1.14998935E+00
   149  2.98000000E+01  1.15002109E+00  9.99835829E-01  1.15002109E+00
   150  3.00000000E+01  1.15004646E+00  9.99842111E-01  1.15004646E+00
   151  3.02000000E+01  1.15006684E+00  9.99849668E-01  1.15006684E+00
   152  3.04000000E+01  1.15008341E+00  9.99858617E-01  1.15008341E+00
   153  3.06000000E+01  1.15009713E+00  9.99869085E-01  1.15009713E+00
   154  3.08000000E+01  1.15012075E+00  9.99881206E-01  1.15012075E+00
   155  3.10000000E+01  1.15014807E+00  9.99895126E-01  1.15014807E+00
   156  3.12000000E+01  1.15017026E+00  9.99911002E-01  1.15017026E+00
   157  3.14000000E+01  1.15018854E+00  9.99928998E-01  1.15018854E+00
   158  3.16000000E+01  1.15020390E+00  9.99949291E-01  1.15020390E+00
   159  3.18000000E+01  1.15021714E+00  9.99972068E-01  1.15021714E+00
   160  3.20000000E+01  1.15023733E+00  9.99997527E-01  1.15023733E+00
   161  3.22000000E+01  1.15025989E+00  1.00002588E+00  1.15025989E+00
   162  3.24000000E+01  1.15027786E+00  1.00005734E+00  1.15027786E+00
   163  3.26000000E+01  1.15029234E+00  1.00009214E+00  1.15029234E+00
   164  3.28000000E+01  1.15030425E+00  1.00013053E+00  1.15030425E+00
   165  3.30000000E+01  1.15031434E+00  1.00017276E+00  1.15031434E+00
   166  3.32000000E+01  1.15032318E+00  1.00021910E+00  1.15032318E+00
   167  3.34000000E+01  1.15033121E+00  1.00026984E+00  1.15033121E+00
   168  3.36000000E+01  1.15033872E+00  1.00032528E+00  1.15033872E+00
   169  3.38000000E+01  1.15034591E+00  1.00038574E+00  1.15034591E+00
   170  3.40000000E+01  1.15035290E+00  1.00045155E+00  1.15035290E+00
   171  3.42000000E+01  1.15035973E+00  1.00052307E+00  1.15035973E+00
   172  3.44000000E+01  1.15036640E+00  1.00060069E+00  1.15036640E+00
   173  3.46000000E+01  1.15037287E+00  1.00068480E+00  1.15037287E+00
   174  3.48000000E+01  1.15037911E+00  1.00077584E+00  1.15037911E+00
   175  3.50000000E+01  1.15038504E+00  1.00087426E+00  1.15038504E+00
   176  3.52000000E+01  1.15039061E+00  1.00098054E+00  1.15039061E+00
   177  3.54000000E+01  1.15039734E+00  1.00109519E+00  1.15039734E+00
   178  3.56000000E+01  1.15040478E+00  1.00121875E+00  1.15040478E+00
   179  3.58000000E+01  1.15041188E+00  1.00135177E+00  1.15041188E+00
   180  3.60000000E+01  1.15041859E+00  1.00149486E+00  1.15041859E+00
   181  3.62000000E+01  1.15042485E+00  1.00164862E+00  1.15042485E+00
   182  3.64000000E+01  1.15043062E+00  1.00181372E+00  1.15043062E+00
   183  3.66000000E+01  1.15043586E+00  1.00199084E+00  1.15043586E+00
   184  3.68000000E+01  1.15044055E+00  1.00218067E+00  1.15044055E+00
   185  3.70000000E+01  1.15044471E+00  1.00238397E+00  1.15044471E+00
   186  3.72000000E+01  1.15044833E+00  1.00260151E+00  1.15044833E+00
   187  3.74000000E+01  1.15045144E+00  1.00283408E+00  1.15045144E+00
   188  3.76000000E+01  1.15045409E+00  1.00308252E+00  1.15045409E+00
   189  3.78000000E+01  1.15045631E+00  1.00334770E+00  1.15045631E+00
   190  3.80000000E+01  1.15045862E+00  1.00363052E+00  1.15045862E+00
   191  3.82000000E+01  1.15046231E+00  1.00393190E+00  1.15046231E+00
   192  3.84000000E+01  1.15046556E+00  1.00425283E+00  1.15046556E+00
   193  3.86000000E+01  1.15046838E+00  1.00459430E+00  1.15046838E+00
   194  3.88000000E+01  1.15047078E+00  1.00495735E+00  1.15047078E+00
   195  3.90000000E+01  1.15047280E+00  1.00534305E+00  1.15047280E+00
   196  3.92000000E+01  1.15047446E+00  1.00575253E+00  1.15047446E+00
   197  3.94000000E+01  1.15047582E+00  1.00618692E+00  1.15047582E+00
   198  3.96000000E+01  1.15047692E+00  1.00664743E+00  1.15047692E+00
   199  3.98000000E+01  1.15047778E+00  1.00713527E+00  1.15047778E+00
   200  4.00000000E+01  1.15047845E+00  1.00765172E+00  1.15047845E+00
   201  4.02000000E+01  1.15047896E+00  1.00819808E+00  1.15047896E+00
   202  4.04000000E+01  1.15047934E+00  1.00877570E+00  1.15047934E+00
   203  4.06000000E+01  1.15047963E+00  1.00938596E+00  1.15047963E+00
   204  4.08000000E+01  1.15047983E+00  1.01003027E+00  1.15047983E+00
   205  4.10000000E+01  1.15047998E+00  1.01071006E+00  1.15047998E+00
   206  4.12000000E+01  1.15048008E+00  1.01142680E+00  1.15048008E+00
   207  4.14000000E+01  1.15048015E+00  1.01218197E+00  1.15048015E+00
   208  4.16000000E+01  1.15048019E+00  1.01297705E+00  1.15048019E+00
   209  4.18000000E+01  1.15048021E+00  1.01381355E+00  1.15048021E+00
   210  4.20000000E+01  1.15048022E+00  1.01469295E+00  1.15048022E+00
   211  4.22000000E+01  1.15048021E+00  1.01561673E+00  1.15048021E+00
   212  4.24000000E+01  1.15048019E+00  1.01658637E+00  1.15048019E+00
   213  4.26000000E+01  1.15048015E+00  1.01760332E+00  1.15048015E+00
   214  4.28000000E+01  1.15048011E+00  1.01866898E+00  1.15048011E+00
   215  4.30000000E+01  1.15048006E+00  1.01978475E+00  1.15048006E+00
   216  4.32000000E+01  1.15048004E+00  1.02095196E+00  1.15048004E+00
   217  4.34000000E+01  1.15048004E+00  1.02217191E+00  1.15048004E+00
   218  4.36000000E+01  1.15048003E+00  1.02344585E+00  1.15048003E+00
   219  4.38000000E+01  1.15048001E+00  1.02477494E+00  1.15048001E+00
   220  4.40000000E+01  1.15047997E+00  1.02616029E+00  1.15047997E+00
   221  4.42000000E+01  1.15047993E+00  1.02760291E+00  1.15047993E+00
   222  4.44000000E+01  1.15047987E+00  1.02910372E+00  1.15047987E+00
   223  4.46000000E+01  1.15047980E+00  1.03066351E+00  1.15047980E+00
   224  4.48000000E+01  1.15047972E+00  1.03228294E+00  1.15047972E+00
   225  4.50000000E+01  1.15047963E+00  1.03396251E+00  1.15047963E+00
   226  4.52000000E+01  1.15047954E+00  1.03570256E+00  1.15047954E+00
   227  4.54000000E+01  1.15047944E+00  1.03750322E+00  1.15047944E+00
   228  4.56000000E+01  1.15047933E+00  1.03936441E+00  1.15047933E+00
   229  4.58000000E+01  1.15047922E+00  1.04128584E+00  1.15047922E+00
   230  4.60000000E+01  1.15047911E+00  1.04326695E+00  1.15047911E+00
   231  4.62000000E+01  1.15047900E+00  1.04530693E+00  1.15047900E+00
   232  4.64000000E+01  1.15047890E+00  1.04740473E+00  1.15047890E+00
   233  4.66000000E+01  1.15047879E+00  1.04955900E+00  1.15047879E+00
   234  4.68000000E+01  1.15047868E+00  1.05176814E+00  1.15047868E+00
   235  4.70000000E+01  1.15047858E+00  1.05403025E+00  1.15047858E+00
   236  4.72000000E+01  1.15047848E+00  1.05634321E+00  1.15047848E+00
   237  4.74000000E+01  1.15047839E+00  1.05870460E+00  1.15047839E+00
   238  4.76000000E+01  1.15047830E+00  1.06111176E+00  1.15047830E+00
   239  4.78000000E+01  1.15047821E+00  1.06356179E+00  1.15047821E+00
   240  4.80000000E+01  1.15047813E+00  1.06605151E+00  1.15047813E+00
   241  4.82000000E+01  1.15047805E+00  1.06857754E+00  1.15047805E+00
   242  4.84000000E+01  1.15047798E+00  1.07113622E+00  1.15047798E+00
   243  4.86000000E+01  1.15047791E+00  1.07372366E+00  1.15047791E+00
   244  4.88000000E+01  1.15047784E+00  1.07633571E+00  1.15047784E+00
   245  4.90000000E+01  1.15047778E+00  1.07896796E+00  1.15047778E+00
   246  4.92000000E+01  1.15047772E+00  1.08161575E+00  1.15047772E+00
   247  4.94000000E+01  1.15047766E+00  1.08427414E+00  1.15047766E+00
   248  4.96000000E+01  1.15047761E+00  1.08693791E+00  1.15047761E+00
   249  4.98000000E+01  1.15047756E+00  1.08960161E+00  1.15047756E+00
   250  5.00000000E+01  1.15047752E+00  1.09225950E+00  1.15047752E+00
   251  5.02000000E+01  1.15047748E+00  1.09490563E+00  1.15047748E+00
   252  5.04000000E+01  1.15047744E+00  1.09753382E+00  1.15047744E+00
   253  5.06000000E+01  1.15047740E+00  1.10013775E+00  1.15047740E+00
   254  5.08000000E+01  1.15047736E+00  1.10271096E+00  1.15047736E+00
   255  5.10000000E+01  1.15047733E+00  1.10524696E+00  1.15047733E+00
   256  5.12000000E+01  1.15047730E+00  1.10773926E+00  1.15047730E+00
   257  5.14000000E+01  1.15047727E+00  1.11018148E+00  1.15047727E+00
   258  5.16000000E+01  1.15047725E+00  1.11256742E+00  1.15047725E+00
   259  5.18000000E+01  1.15047722E+00  1.11489114E+00  1.15047722E+00
   260  5.20000000E+01  1.15047720E+00  1.11714708E+00  1.15047720E+00
   261  5.22000000E+01  1.15047718E+00  1.11933012E+00  1.15047718E+00
   262  5.24000000E+01  1.15047716E+00  1.12143566E+00  1.15047716E+00
   263  5.26000000E+01  1.15047714E+00  1.12345971E+00  1.15047714E+00
   264  5.28000000E+01  1.15047712E+00  1.12539893E+00  1.15047712E+00
   265  5.30000000E+01  1.15047711E+00  1.12725071E+00  1.15047711E+00
   266  5.32000000E+01  1.15047710E+00  1.12901313E+00  1.15047710E+00
   267  5.34000000E+01  1.15047708E+00  1.13068504E+00  1.15047708E+00
   268  5.36000000E+01  1.15047707E+00  1.13226603E+00  1.15047707E+00
   269  5.38000000E+01  1.15047706E+00  1.13375639E+00  1.15047706E+00
   270  5.40000000E+01  1.15047705E+00  1.13515708E+00  1.15047705E+00
   271  5.42000000E+01  1.15047704E+00  1.13646970E+00  1.15047704E+00
   272  5.44000000E+01  1.15047703E+00  1.13769639E+00  1.15047703E+00
   273  5.46000000E+01  1.15047703E+00  1.13883977E+00  1.15047703E+00
   274  5.48000000E+01  1.15047702E+00  1.13990285E+00  1.15047702E+00
   275  5.50000000E+01  1.15047701E+00  1.14088898E+00  1.15047701E+00
   276  5.52000000E+01  1.15047701E+00  1.14180172E+00  1.15047701E+00
   277  5.54000000E+01  1.15047700E+00  1.14264477E+00  1.15047700E+00
   278  5.56000000E+01  1.15047700E+00  1.14342191E+00  1.15047700E+00
   279  5.58000000E+01  1.15047700E+00  1.14413693E+00  1.15047700E+00
   280  5.60000000E+01  1.15047699E+00  1.14479357E+00  1.15047699E+00
   281  5.62000000E+01  1.15047699E+00  1.14539544E+00  1.15047699E+00
   282  5.64000000E+01  1.15047699E+00  1.14594604E+00  1.15047699E+00
   283  5.66000000E+01  1.15047699E+00  1.14644869E+00  1.15047699E+00
   284  5.68000000E+01  1.15047699E+00  1.14690652E+00  1.15047699E+00
   285  5.70000000E+01  1.15047699E+00  1.14732248E+00  1.15047699E+00
   286  5.72000000E+01  1.15047698E+00  1.14769935E+00  1.15047698E+00
   287  5.74000000E+01  1.15047698E+00  1.14803970E+00  1.15047698E+00
   288  5.76000000E+01  1.15047698E+00  1.14834596E+00  1.15047698E+00
   289  5.78000000E+01  1.15047698E+00  1.14862041E+00  1.15047698E+00
   290  5.80000000E+01  1.15047698E+00  1.14886522E+00  1.15047698E+00
   291  5.82000000E+01  1.15047698E+00  1.14908244E+00  1.15047698E+00
   292  5.84000000E+01  1.15047698E+00  1.14927403E+00  1.15047698E+00
   293  5.86000000E+01  1.15047698E+00  1.14944189E+00  1.15047698E+00
   294  5.88000000E+01  1.15047698E+00  1.14958786E+00  1.15047698E+00
   295  5.90000000E+01  1.15047698E+00  1.14971374E+00  1.15047698E+00
   296  5.92000000E+01  1.15047698E+00  1.14982127E+00  1.15047698E+00
   297  5.94000000E+01  1.15047698E+00  1.14991218E+00  1.15047698E+00
   298  5.96000000E+01  1.15047698E+00  1.14998814E+00  1.15047698E+00
   299  5.98000000E+01  1.15047698E+00  1.15005077E+00  1.15047698E+00
   300  6.00000000E+01  1.15047698E+00  1.15010163E+00  1.15047698E+00
   301  6.02000000E+01  1.15047698E+00  1.15014225E+00  1.15047698E+00
   302  6.04000000E+01  1.15047698E+00  1.15017406E+00  1.15047698E+00
   303  6.06000000E+01  1.15047698E+00  1.15019840E+00  1.15047698E+00
   304  6.08000000E+01  1.15047697E+00  1.15021654E+00  1.15047697E+00
   305  6.10000000E+01  1.15047697E+00  1.15022963E+00  1.15047697E+00
   306  6.12000000E+01  1.15047697E+00  1.15023872E+00  1.15047697E+00
   307  6.14000000E+01  1.15047697E+00  1.15024473E+00  1.15047697E+00
   308  6.16000000E+01  1.15047697E+00  1.15024849E+00  1.15047697E+00
   309  6.18000000E+01  1.15047697E+00  1.15025069E+00  1.15047697E+00
   310  6.20000000E+01  1.15047697E+00  1.15025190E+00  1.15047697E+00
   311  6.22000000E+01  1.15047697E+00  1.15025262E+00  1.15047697E+00
   312  6.24000000E+01  1.15047697E+00  1.15025320E+00  1.15047697E+00
   313  6.26000000E+01  1.15047697E+00  1.15025391E+00  1.15047697E+00
   314  6.28000000E+01  1.15047697E+00  1.15025496E+00  1.15047697E+00
   315  6.30000000E+01  1.15047697E+00  1.15025645E+00  1.15047697E+00
 steady-height stop at step    315: changes <=   1.0000E-05, max-end <=   5.0000E-03, max/end/gap/profile_change =   1.15047697E+00  1.15025645E+00  2.20527720E-04  3.72819760E-06
