 comppar: model =   2
 comppar: lambda,mobility/eps,betav,eta_0 =  8.0000E-01  0.0000E+00  9.0000E-02  1.0000E+00
 comppar: eta_s,eta_p,G =  9.0000E-02  9.1000E-01  1.1375E+00
 comppar: U_avg,deltat,flowrate,nsteps =  1.0000E-01  2.0000E-01  3.1416E-01    2000
 comppar: geometry = axisymmetric
 comppar: steady stop change,gap,hold,min =  1.0000E-07  1.0000E-03       1      80
 comppar: steady stop truncated decimals =       3
 comppar: ncompc,ncompg =     4     5
 mesh nnodes = 5797
 mesh nelem = 2796
 P1 BC   5.0000000000000000     
 P2 BC   0.0000000000000000     
     1  2.00000000E-01  1.00252605E+00  1.00000000E+00  1.00252605E+00
     2  4.00000000E-01  1.00497146E+00  1.00000000E+00  1.00497146E+00
     3  6.00000000E-01  1.00731714E+00  1.00000000E+00  1.00731714E+00
     4  8.00000000E-01  1.00961047E+00  1.00000000E+00  1.00961047E+00
     5  1.00000000E+00  1.01186716E+00  1.00000000E+00  1.01186716E+00
     6  1.20000000E+00  1.01409594E+00  1.00000000E+00  1.01409594E+00
     7  1.40000000E+00  1.01629534E+00  1.00000000E+00  1.01629534E+00
     8  1.60000000E+00  1.01849154E+00  1.00000000E+00  1.01849154E+00
     9  1.80000000E+00  1.02065983E+00  1.00000000E+00  1.02065983E+00
    10  2.00000000E+00  1.02281894E+00  1.00000001E+00  1.02281894E+00
    11  2.20000000E+00  1.02494557E+00  1.00000001E+00  1.02494557E+00
    12  2.40000000E+00  1.02706882E+00  1.00000001E+00  1.02706882E+00
    13  2.60000000E+00  1.02914852E+00  1.00000001E+00  1.02914852E+00
    14  2.80000000E+00  1.03123329E+00  1.00000001E+00  1.03123329E+00
    15  3.00000000E+00  1.03327064E+00  1.00000001E+00  1.03327064E+00
    16  3.20000000E+00  1.03529690E+00  1.00000001E+00  1.03529690E+00
    17  3.40000000E+00  1.03729971E+00  1.00000001E+00  1.03729971E+00
    18  3.60000000E+00  1.03925768E+00  1.00000001E+00  1.03925768E+00
    19  3.80000000E+00  1.04122548E+00  1.00000001E+00  1.04122548E+00
    20  4.00000000E+00  1.04313883E+00  1.00000001E+00  1.04313883E+00
    21  4.20000000E+00  1.04503026E+00  1.00000000E+00  1.04503026E+00
    22  4.40000000E+00  1.04691732E+00  1.00000000E+00  1.04691732E+00
    23  4.60000000E+00  1.04874587E+00  9.99999999E-01  1.04874587E+00
    24  4.80000000E+00  1.05056933E+00  9.99999997E-01  1.05056933E+00
    25  5.00000000E+00  1.05237184E+00  9.99999993E-01  1.05237184E+00
    26  5.20000000E+00  1.05411227E+00  9.99999989E-01  1.05411227E+00
    27  5.40000000E+00  1.05584227E+00  9.99999984E-01  1.05584227E+00
    28  5.60000000E+00  1.05757019E+00  9.99999979E-01  1.05757019E+00
    29  5.80000000E+00  1.05923368E+00  9.99999973E-01  1.05923368E+00
    30  6.00000000E+00  1.06088468E+00  9.99999965E-01  1.06088468E+00
    31  6.20000000E+00  1.06253709E+00  9.99999957E-01  1.06253709E+00
    32  6.40000000E+00  1.06412283E+00  9.99999948E-01  1.06412283E+00
    33  6.60000000E+00  1.06567025E+00  9.99999938E-01  1.06567025E+00
    34  6.80000000E+00  1.06726240E+00  9.99999927E-01  1.06726240E+00
    35  7.00000000E+00  1.06878665E+00  9.99999914E-01  1.06878665E+00
    36  7.20000000E+00  1.07024014E+00  9.99999900E-01  1.07024014E+00
    37  7.40000000E+00  1.07175170E+00  9.99999884E-01  1.07175170E+00
    38  7.60000000E+00  1.07321437E+00  9.99999867E-01  1.07321437E+00
    39  7.80000000E+00  1.07460520E+00  9.99999849E-01  1.07460520E+00
    40  8.00000000E+00  1.07595725E+00  9.99999828E-01  1.07595725E+00
    41  8.20000000E+00  1.07737819E+00  9.99999805E-01  1.07737819E+00
    42  8.40000000E+00  1.07872707E+00  9.99999781E-01  1.07872707E+00
    43  8.60000000E+00  1.08000165E+00  9.99999754E-01  1.08000165E+00
    44  8.80000000E+00  1.08129949E+00  9.99999725E-01  1.08129949E+00
    45  9.00000000E+00  1.08260653E+00  9.99999693E-01  1.08260653E+00
    46  9.20000000E+00  1.08383906E+00  9.99999659E-01  1.08383906E+00
    47  9.40000000E+00  1.08499528E+00  9.99999622E-01  1.08499528E+00
    48  9.60000000E+00  1.08620602E+00  9.99999582E-01  1.08620602E+00
    49  9.80000000E+00  1.08742094E+00  9.99999538E-01  1.08742094E+00
    50  1.00000000E+01  1.08856015E+00  9.99999491E-01  1.08856015E+00
    51  1.02000000E+01  1.08962239E+00  9.99999441E-01  1.08962239E+00
    52  1.04000000E+01  1.09074664E+00  9.99999387E-01  1.09074664E+00
    53  1.06000000E+01  1.09186841E+00  9.99999329E-01  1.09186841E+00
    54  1.08000000E+01  1.09291362E+00  9.99999267E-01  1.09291362E+00
    55  1.10000000E+01  1.09388158E+00  9.99999200E-01  1.09388158E+00
    56  1.12000000E+01  1.09486795E+00  9.99999128E-01  1.09486795E+00
    57  1.14000000E+01  1.09591893E+00  9.99999052E-01  1.09591893E+00
    58  1.16000000E+01  1.09689344E+00  9.99998970E-01  1.09689344E+00
    59  1.18000000E+01  1.09779132E+00  9.99998883E-01  1.09779132E+00
    60  1.20000000E+01  1.09864999E+00  9.99998790E-01  1.09864999E+00
    61  1.22000000E+01  1.09962964E+00  9.99998690E-01  1.09962964E+00
    62  1.24000000E+01  1.10053300E+00  9.99998585E-01  1.10053300E+00
    63  1.26000000E+01  1.10136045E+00  9.99998472E-01  1.10136045E+00
    64  1.28000000E+01  1.10211310E+00  9.99998352E-01  1.10211310E+00
    65  1.30000000E+01  1.10299159E+00  9.99998225E-01  1.10299159E+00
    66  1.32000000E+01  1.10382804E+00  9.99998089E-01  1.10382804E+00
    67  1.34000000E+01  1.10459012E+00  9.99997946E-01  1.10459012E+00
    68  1.36000000E+01  1.10527970E+00  9.99997794E-01  1.10527970E+00
    69  1.38000000E+01  1.10604925E+00  9.99997632E-01  1.10604925E+00
    70  1.40000000E+01  1.10681849E+00  9.99997461E-01  1.10681849E+00
    71  1.42000000E+01  1.10751498E+00  9.99997280E-01  1.10751498E+00
    72  1.44000000E+01  1.10814135E+00  9.99997088E-01  1.10814135E+00
    73  1.46000000E+01  1.10880185E+00  9.99996885E-01  1.10880185E+00
    74  1.48000000E+01  1.10950764E+00  9.99996671E-01  1.10950764E+00
    75  1.50000000E+01  1.11014344E+00  9.99996445E-01  1.11014344E+00
    76  1.52000000E+01  1.11071274E+00  9.99996206E-01  1.11071274E+00
    77  1.54000000E+01  1.11128581E+00  9.99995953E-01  1.11128581E+00
    78  1.56000000E+01  1.11192797E+00  9.99995687E-01  1.11192797E+00
    79  1.58000000E+01  1.11250303E+00  9.99995407E-01  1.11250303E+00
    80  1.60000000E+01  1.11301529E+00  9.99995111E-01  1.11301529E+00
    81  1.62000000E+01  1.11351017E+00  9.99994800E-01  1.11351017E+00
    82  1.64000000E+01  1.11409449E+00  9.99994473E-01  1.11409449E+00
    83  1.66000000E+01  1.11461581E+00  9.99994128E-01  1.11461581E+00
    84  1.68000000E+01  1.11507910E+00  9.99993765E-01  1.11507910E+00
    85  1.70000000E+01  1.11550257E+00  9.99993384E-01  1.11550257E+00
    86  1.72000000E+01  1.11602912E+00  9.99992984E-01  1.11602912E+00
    87  1.74000000E+01  1.11649688E+00  9.99992564E-01  1.11649688E+00
    88  1.76000000E+01  1.11691152E+00  9.99992123E-01  1.11691152E+00
    89  1.78000000E+01  1.11728040E+00  9.99991660E-01  1.11728040E+00
    90  1.80000000E+01  1.11775684E+00  9.99991174E-01  1.11775684E+00
    91  1.82000000E+01  1.11817944E+00  9.99990666E-01  1.11817944E+00
    92  1.84000000E+01  1.11855403E+00  9.99990133E-01  1.11855403E+00
    93  1.86000000E+01  1.11888660E+00  9.99989574E-01  1.11888660E+00
    94  1.88000000E+01  1.11928183E+00  9.99988990E-01  1.11928183E+00
    95  1.90000000E+01  1.11965980E+00  9.99988378E-01  1.11965980E+00
    96  1.92000000E+01  1.11999521E+00  9.99987738E-01  1.11999521E+00
    97  1.94000000E+01  1.12029401E+00  9.99987070E-01  1.12029401E+00
    98  1.96000000E+01  1.12064430E+00  9.99986371E-01  1.12064430E+00
    99  1.98000000E+01  1.12098578E+00  9.99985641E-01  1.12098578E+00
   100  2.00000000E+01  1.12128924E+00  9.99984879E-01  1.12128924E+00
   101  2.02000000E+01  1.12156006E+00  9.99984084E-01  1.12156006E+00
   102  2.04000000E+01  1.12183434E+00  9.99983254E-01  1.12183434E+00
   103  2.06000000E+01  1.12214053E+00  9.99982389E-01  1.12214053E+00
   104  2.08000000E+01  1.12241379E+00  9.99981488E-01  1.12241379E+00
   105  2.10000000E+01  1.12265895E+00  9.99980549E-01  1.12265895E+00
   106  2.12000000E+01  1.12290099E+00  9.99979571E-01  1.12290099E+00
   107  2.14000000E+01  1.12317800E+00  9.99978553E-01  1.12317800E+00
   108  2.16000000E+01  1.12342549E+00  9.99977494E-01  1.12342549E+00
   109  2.18000000E+01  1.12364750E+00  9.99976393E-01  1.12364750E+00
   110  2.20000000E+01  1.12384714E+00  9.99975248E-01  1.12384714E+00
   111  2.22000000E+01  1.12407075E+00  9.99974059E-01  1.12407075E+00
   112  2.24000000E+01  1.12429523E+00  9.99972825E-01  1.12429523E+00
   113  2.26000000E+01  1.12449743E+00  9.99971543E-01  1.12449743E+00
   114  2.28000000E+01  1.12467957E+00  9.99970214E-01  1.12467957E+00
   115  2.30000000E+01  1.12487448E+00  9.99968835E-01  1.12487448E+00
   116  2.32000000E+01  1.12507725E+00  9.99967407E-01  1.12507725E+00
   117  2.34000000E+01  1.12525921E+00  9.99965927E-01  1.12525921E+00
   118  2.36000000E+01  1.12542203E+00  9.99964396E-01  1.12542203E+00
   119  2.38000000E+01  1.12556668E+00  9.99962811E-01  1.12556668E+00
   120  2.40000000E+01  1.12574378E+00  9.99961172E-01  1.12574378E+00
   121  2.42000000E+01  1.12590944E+00  9.99959477E-01  1.12590944E+00
   122  2.44000000E+01  1.12605705E+00  9.99957727E-01  1.12605705E+00
   123  2.46000000E+01  1.12618699E+00  9.99955921E-01  1.12618699E+00
   124  2.48000000E+01  1.12634008E+00  9.99954056E-01  1.12634008E+00
   125  2.50000000E+01  1.12648723E+00  9.99952134E-01  1.12648723E+00
   126  2.52000000E+01  1.12661689E+00  9.99950153E-01  1.12661689E+00
   127  2.54000000E+01  1.12672940E+00  9.99948113E-01  1.12672940E+00
   128  2.56000000E+01  1.12684411E+00  9.99946014E-01  1.12684411E+00
   129  2.58000000E+01  1.12697674E+00  9.99943855E-01  1.12697674E+00
   130  2.60000000E+01  1.12709221E+00  9.99941635E-01  1.12709221E+00
   131  2.62000000E+01  1.12719068E+00  9.99939357E-01  1.12719068E+00
   132  2.64000000E+01  1.12729005E+00  9.99937018E-01  1.12729005E+00
   133  2.66000000E+01  1.12740555E+00  9.99934620E-01  1.12740555E+00
   134  2.68000000E+01  1.12750452E+00  9.99932163E-01  1.12750452E+00
   135  2.70000000E+01  1.12758731E+00  9.99929649E-01  1.12758731E+00
   136  2.72000000E+01  1.12766416E+00  9.99927077E-01  1.12766416E+00
   137  2.74000000E+01  1.12776601E+00  9.99924449E-01  1.12776601E+00
   138  2.76000000E+01  1.12785148E+00  9.99921766E-01  1.12785148E+00
   139  2.78000000E+01  1.12792099E+00  9.99919030E-01  1.12792099E+00
   140  2.80000000E+01  1.12798985E+00  9.99916243E-01  1.12798985E+00
   141  2.82000000E+01  1.12807617E+00  9.99913408E-01  1.12807617E+00
   142  2.84000000E+01  1.12814706E+00  9.99910526E-01  1.12814706E+00
   143  2.86000000E+01  1.12820322E+00  9.99907600E-01  1.12820322E+00
   144  2.88000000E+01  1.12826054E+00  9.99904635E-01  1.12826054E+00
   145  2.90000000E+01  1.12833395E+00  9.99901632E-01  1.12833395E+00
   146  2.92000000E+01  1.12839229E+00  9.99898598E-01  1.12839229E+00
   147  2.94000000E+01  1.12843654E+00  9.99895536E-01  1.12843654E+00
   148  2.96000000E+01  1.12849096E+00  9.99892450E-01  1.12849096E+00
   149  2.98000000E+01  1.12855091E+00  9.99889348E-01  1.12855091E+00
   150  3.00000000E+01  1.12859712E+00  9.99886235E-01  1.12859712E+00
   151  3.02000000E+01  1.12863077E+00  9.99883118E-01  1.12863077E+00
   152  3.04000000E+01  1.12867926E+00  9.99880004E-01  1.12867926E+00
   153  3.06000000E+01  1.12872744E+00  9.99876901E-01  1.12872744E+00
   154  3.08000000E+01  1.12876268E+00  9.99873819E-01  1.12876268E+00
   155  3.10000000E+01  1.12878645E+00  9.99870766E-01  1.12878645E+00
   156  3.12000000E+01  1.12883573E+00  9.99867754E-01  1.12883573E+00
   157  3.14000000E+01  1.12887298E+00  9.99864793E-01  1.12887298E+00
   158  3.16000000E+01  1.12889886E+00  9.99861895E-01  1.12889886E+00
   159  3.18000000E+01  1.12892069E+00  9.99859074E-01  1.12892069E+00
   160  3.20000000E+01  1.12895969E+00  9.99856344E-01  1.12895969E+00
   161  3.22000000E+01  1.12898693E+00  9.99853720E-01  1.12898693E+00
   162  3.24000000E+01  1.12900401E+00  9.99851217E-01  1.12900401E+00
   163  3.26000000E+01  1.12903098E+00  9.99848854E-01  1.12903098E+00
   164  3.28000000E+01  1.12906022E+00  9.99846650E-01  1.12906022E+00
   165  3.30000000E+01  1.12907928E+00  9.99844623E-01  1.12907928E+00
   166  3.32000000E+01  1.12908982E+00  9.99842797E-01  1.12908982E+00
   167  3.34000000E+01  1.12911517E+00  9.99841193E-01  1.12911517E+00
   168  3.36000000E+01  1.12913538E+00  9.99839837E-01  1.12913538E+00
   169  3.38000000E+01  1.12914670E+00  9.99838755E-01  1.12914670E+00
   170  3.40000000E+01  1.12916003E+00  9.99837975E-01  1.12916003E+00
   171  3.42000000E+01  1.12918218E+00  9.99837526E-01  1.12918218E+00
   172  3.44000000E+01  1.12919533E+00  9.99837442E-01  1.12919533E+00
   173  3.46000000E+01  1.12920118E+00  9.99837755E-01  1.12920118E+00
   174  3.48000000E+01  1.12921446E+00  9.99838502E-01  1.12921446E+00
   175  3.50000000E+01  1.12922856E+00  9.99839721E-01  1.12922856E+00
   176  3.52000000E+01  1.12923502E+00  9.99841453E-01  1.12923502E+00
   177  3.54000000E+01  1.12924089E+00  9.99843740E-01  1.12924089E+00
   178  3.56000000E+01  1.12925681E+00  9.99846629E-01  1.12925681E+00
   179  3.58000000E+01  1.12926491E+00  9.99850168E-01  1.12926491E+00
   180  3.60000000E+01  1.12926687E+00  9.99854407E-01  1.12926687E+00
   181  3.62000000E+01  1.12927337E+00  9.99859402E-01  1.12927337E+00
   182  3.64000000E+01  1.12928222E+00  9.99865209E-01  1.12928222E+00
   183  3.66000000E+01  1.12928464E+00  9.99871888E-01  1.12928464E+00
   184  3.68000000E+01  1.12928728E+00  9.99879505E-01  1.12928728E+00
   185  3.70000000E+01  1.12929781E+00  9.99888125E-01  1.12929781E+00
   186  3.72000000E+01  1.12930165E+00  9.99897822E-01  1.12930165E+00
   187  3.74000000E+01  1.12930047E+00  9.99908670E-01  1.12930047E+00
   188  3.76000000E+01  1.12930374E+00  9.99920748E-01  1.12930374E+00
   189  3.78000000E+01  1.12930816E+00  9.99934140E-01  1.12930816E+00
   190  3.80000000E+01  1.12930729E+00  9.99948936E-01  1.12930729E+00
   191  3.82000000E+01  1.12930955E+00  9.99965227E-01  1.12930955E+00
   192  3.84000000E+01  1.12931547E+00  9.99983112E-01  1.12931547E+00
   193  3.86000000E+01  1.12931579E+00  1.00000269E+00  1.12931579E+00
   194  3.88000000E+01  1.12931214E+00  1.00002408E+00  1.12931214E+00
   195  3.90000000E+01  1.12931452E+00  1.00004739E+00  1.12931452E+00
   196  3.92000000E+01  1.12931527E+00  1.00007273E+00  1.12931527E+00
   197  3.94000000E+01  1.12931180E+00  1.00010024E+00  1.12931180E+00
   198  3.96000000E+01  1.12931538E+00  1.00013004E+00  1.12931538E+00
   199  3.98000000E+01  1.12931743E+00  1.00016228E+00  1.12931743E+00
   200  4.00000000E+01  1.12931492E+00  1.00019710E+00  1.12931492E+00
   201  4.02000000E+01  1.12930977E+00  1.00023465E+00  1.12930977E+00
   202  4.04000000E+01  1.12931238E+00  1.00027510E+00  1.12931238E+00
   203  4.06000000E+01  1.12931266E+00  1.00031860E+00  1.12931266E+00
   204  4.08000000E+01  1.12931658E+00  1.00036533E+00  1.12931658E+00
   205  4.10000000E+01  1.12931972E+00  1.00041548E+00  1.12931972E+00
   206  4.12000000E+01  1.12932216E+00  1.00046923E+00  1.12932216E+00
   207  4.14000000E+01  1.12932424E+00  1.00052680E+00  1.12932424E+00
   208  4.16000000E+01  1.12932741E+00  1.00058837E+00  1.12932741E+00
   209  4.18000000E+01  1.12932985E+00  1.00065418E+00  1.12932985E+00
   210  4.20000000E+01  1.12933168E+00  1.00072445E+00  1.12933168E+00
   211  4.22000000E+01  1.12933304E+00  1.00079941E+00  1.12933304E+00
   212  4.24000000E+01  1.12933408E+00  1.00087933E+00  1.12933408E+00
   213  4.26000000E+01  1.12933511E+00  1.00096444E+00  1.12933511E+00
   214  4.28000000E+01  1.12933669E+00  1.00105503E+00  1.12933669E+00
   215  4.30000000E+01  1.12933787E+00  1.00115138E+00  1.12933787E+00
   216  4.32000000E+01  1.12933876E+00  1.00125377E+00  1.12933876E+00
   217  4.34000000E+01  1.12933948E+00  1.00136252E+00  1.12933948E+00
   218  4.36000000E+01  1.12934011E+00  1.00147794E+00  1.12934011E+00
   219  4.38000000E+01  1.12934071E+00  1.00160035E+00  1.12934071E+00
   220  4.40000000E+01  1.12934132E+00  1.00173011E+00  1.12934132E+00
   221  4.42000000E+01  1.12934193E+00  1.00186757E+00  1.12934193E+00
   222  4.44000000E+01  1.12934256E+00  1.00201309E+00  1.12934256E+00
   223  4.46000000E+01  1.12934318E+00  1.00216707E+00  1.12934318E+00
   224  4.48000000E+01  1.12934377E+00  1.00232990E+00  1.12934377E+00
   225  4.50000000E+01  1.12934432E+00  1.00250198E+00  1.12934432E+00
   226  4.52000000E+01  1.12934480E+00  1.00268376E+00  1.12934480E+00
   227  4.54000000E+01  1.12934521E+00  1.00287566E+00  1.12934521E+00
   228  4.56000000E+01  1.12934555E+00  1.00307815E+00  1.12934555E+00
   229  4.58000000E+01  1.12934580E+00  1.00329169E+00  1.12934580E+00
   230  4.60000000E+01  1.12934598E+00  1.00351678E+00  1.12934598E+00
   231  4.62000000E+01  1.12934610E+00  1.00375391E+00  1.12934610E+00
   232  4.64000000E+01  1.12934621E+00  1.00400361E+00  1.12934621E+00
   233  4.66000000E+01  1.12934639E+00  1.00426641E+00  1.12934639E+00
   234  4.68000000E+01  1.12934651E+00  1.00454287E+00  1.12934651E+00
   235  4.70000000E+01  1.12934657E+00  1.00483354E+00  1.12934657E+00
   236  4.72000000E+01  1.12934658E+00  1.00513901E+00  1.12934658E+00
   237  4.74000000E+01  1.12934656E+00  1.00545989E+00  1.12934656E+00
   238  4.76000000E+01  1.12934650E+00  1.00579677E+00  1.12934650E+00
   239  4.78000000E+01  1.12934642E+00  1.00615030E+00  1.12934642E+00
   240  4.80000000E+01  1.12934633E+00  1.00652112E+00  1.12934633E+00
   241  4.82000000E+01  1.12934623E+00  1.00690988E+00  1.12934623E+00
   242  4.84000000E+01  1.12934611E+00  1.00731726E+00  1.12934611E+00
   243  4.86000000E+01  1.12934599E+00  1.00774395E+00  1.12934599E+00
   244  4.88000000E+01  1.12934586E+00  1.00819064E+00  1.12934586E+00
   245  4.90000000E+01  1.12934572E+00  1.00865806E+00  1.12934572E+00
   246  4.92000000E+01  1.12934558E+00  1.00914692E+00  1.12934558E+00
   247  4.94000000E+01  1.12934543E+00  1.00965797E+00  1.12934543E+00
   248  4.96000000E+01  1.12934527E+00  1.01019194E+00  1.12934527E+00
   249  4.98000000E+01  1.12934512E+00  1.01074960E+00  1.12934512E+00
   250  5.00000000E+01  1.12934496E+00  1.01133170E+00  1.12934496E+00
   251  5.02000000E+01  1.12934479E+00  1.01193901E+00  1.12934479E+00
   252  5.04000000E+01  1.12934463E+00  1.01257231E+00  1.12934463E+00
   253  5.06000000E+01  1.12934447E+00  1.01323236E+00  1.12934447E+00
   254  5.08000000E+01  1.12934431E+00  1.01391994E+00  1.12934431E+00
   255  5.10000000E+01  1.12934415E+00  1.01463582E+00  1.12934415E+00
   256  5.12000000E+01  1.12934399E+00  1.01538076E+00  1.12934399E+00
   257  5.14000000E+01  1.12934384E+00  1.01615551E+00  1.12934384E+00
   258  5.16000000E+01  1.12934369E+00  1.01696083E+00  1.12934369E+00
   259  5.18000000E+01  1.12934355E+00  1.01779744E+00  1.12934355E+00
   260  5.20000000E+01  1.12934341E+00  1.01866606E+00  1.12934341E+00
   261  5.22000000E+01  1.12934327E+00  1.01956739E+00  1.12934327E+00
   262  5.24000000E+01  1.12934314E+00  1.02050208E+00  1.12934314E+00
   263  5.26000000E+01  1.12934301E+00  1.02147078E+00  1.12934301E+00
   264  5.28000000E+01  1.12934289E+00  1.02247411E+00  1.12934289E+00
   265  5.30000000E+01  1.12934277E+00  1.02351263E+00  1.12934277E+00
   266  5.32000000E+01  1.12934266E+00  1.02458689E+00  1.12934266E+00
   267  5.34000000E+01  1.12934255E+00  1.02569737E+00  1.12934255E+00
   268  5.36000000E+01  1.12934245E+00  1.02684453E+00  1.12934245E+00
   269  5.38000000E+01  1.12934235E+00  1.02802875E+00  1.12934235E+00
   270  5.40000000E+01  1.12934225E+00  1.02925037E+00  1.12934225E+00
   271  5.42000000E+01  1.12934216E+00  1.03050966E+00  1.12934216E+00
   272  5.44000000E+01  1.12934207E+00  1.03180682E+00  1.12934207E+00
   273  5.46000000E+01  1.12934199E+00  1.03314198E+00  1.12934199E+00
   274  5.48000000E+01  1.12934191E+00  1.03451520E+00  1.12934191E+00
   275  5.50000000E+01  1.12934184E+00  1.03592645E+00  1.12934184E+00
   276  5.52000000E+01  1.12934177E+00  1.03737560E+00  1.12934177E+00
   277  5.54000000E+01  1.12934170E+00  1.03886244E+00  1.12934170E+00
   278  5.56000000E+01  1.12934164E+00  1.04038665E+00  1.12934164E+00
   279  5.58000000E+01  1.12934158E+00  1.04194781E+00  1.12934158E+00
   280  5.60000000E+01  1.12934153E+00  1.04354538E+00  1.12934153E+00
   281  5.62000000E+01  1.12934147E+00  1.04517871E+00  1.12934147E+00
   282  5.64000000E+01  1.12934142E+00  1.04684704E+00  1.12934142E+00
   283  5.66000000E+01  1.12934138E+00  1.04854946E+00  1.12934138E+00
   284  5.68000000E+01  1.12934133E+00  1.05028496E+00  1.12934133E+00
   285  5.70000000E+01  1.12934129E+00  1.05205238E+00  1.12934129E+00
   286  5.72000000E+01  1.12934125E+00  1.05385044E+00  1.12934125E+00
   287  5.74000000E+01  1.12934121E+00  1.05567770E+00  1.12934121E+00
   288  5.76000000E+01  1.12934118E+00  1.05753263E+00  1.12934118E+00
   289  5.78000000E+01  1.12934115E+00  1.05941352E+00  1.12934115E+00
   290  5.80000000E+01  1.12934112E+00  1.06131853E+00  1.12934112E+00
   291  5.82000000E+01  1.12934109E+00  1.06324571E+00  1.12934109E+00
   292  5.84000000E+01  1.12934106E+00  1.06519295E+00  1.12934106E+00
   293  5.86000000E+01  1.12934104E+00  1.06715801E+00  1.12934104E+00
   294  5.88000000E+01  1.12934101E+00  1.06913854E+00  1.12934101E+00
   295  5.90000000E+01  1.12934099E+00  1.07113204E+00  1.12934099E+00
   296  5.92000000E+01  1.12934097E+00  1.07313589E+00  1.12934097E+00
   297  5.94000000E+01  1.12934095E+00  1.07514737E+00  1.12934095E+00
   298  5.96000000E+01  1.12934094E+00  1.07716363E+00  1.12934094E+00
   299  5.98000000E+01  1.12934092E+00  1.07918172E+00  1.12934092E+00
   300  6.00000000E+01  1.12934090E+00  1.08119860E+00  1.12934090E+00
   301  6.02000000E+01  1.12934089E+00  1.08321112E+00  1.12934089E+00
   302  6.04000000E+01  1.12934088E+00  1.08521607E+00  1.12934088E+00
   303  6.06000000E+01  1.12934087E+00  1.08721015E+00  1.12934087E+00
   304  6.08000000E+01  1.12934085E+00  1.08919000E+00  1.12934085E+00
   305  6.10000000E+01  1.12934084E+00  1.09115221E+00  1.12934084E+00
   306  6.12000000E+01  1.12934083E+00  1.09309334E+00  1.12934083E+00
   307  6.14000000E+01  1.12934083E+00  1.09500991E+00  1.12934083E+00
   308  6.16000000E+01  1.12934082E+00  1.09689842E+00  1.12934082E+00
   309  6.18000000E+01  1.12934081E+00  1.09875540E+00  1.12934081E+00
   310  6.20000000E+01  1.12934080E+00  1.10057737E+00  1.12934080E+00
   311  6.22000000E+01  1.12934080E+00  1.10236091E+00  1.12934080E+00
   312  6.24000000E+01  1.12934079E+00  1.10410264E+00  1.12934079E+00
   313  6.26000000E+01  1.12934078E+00  1.10579924E+00  1.12934078E+00
   314  6.28000000E+01  1.12934078E+00  1.10744751E+00  1.12934078E+00
   315  6.30000000E+01  1.12934077E+00  1.10904433E+00  1.12934077E+00
   316  6.32000000E+01  1.12934077E+00  1.11058674E+00  1.12934077E+00
   317  6.34000000E+01  1.12934077E+00  1.11207194E+00  1.12934077E+00
   318  6.36000000E+01  1.12934076E+00  1.11349730E+00  1.12934076E+00
   319  6.38000000E+01  1.12934076E+00  1.11486039E+00  1.12934076E+00
   320  6.40000000E+01  1.12934076E+00  1.11615906E+00  1.12934076E+00
   321  6.42000000E+01  1.12934075E+00  1.11739139E+00  1.12934075E+00
   322  6.44000000E+01  1.12934075E+00  1.11855577E+00  1.12934075E+00
   323  6.46000000E+01  1.12934075E+00  1.11965093E+00  1.12934075E+00
   324  6.48000000E+01  1.12934075E+00  1.12067599E+00  1.12934075E+00
   325  6.50000000E+01  1.12934074E+00  1.12163044E+00  1.12934074E+00
   326  6.52000000E+01  1.12934074E+00  1.12251423E+00  1.12934074E+00
   327  6.54000000E+01  1.12934074E+00  1.12332777E+00  1.12934074E+00
   328  6.56000000E+01  1.12934074E+00  1.12407198E+00  1.12934074E+00
   329  6.58000000E+01  1.12934074E+00  1.12474827E+00  1.12934074E+00
   330  6.60000000E+01  1.12934074E+00  1.12535856E+00  1.12934074E+00
   331  6.62000000E+01  1.12934073E+00  1.12590532E+00  1.12934073E+00
   332  6.64000000E+01  1.12934073E+00  1.12639145E+00  1.12934073E+00
   333  6.66000000E+01  1.12934073E+00  1.12682033E+00  1.12934073E+00
   334  6.68000000E+01  1.12934073E+00  1.12719574E+00  1.12934073E+00
   335  6.70000000E+01  1.12934073E+00  1.12752174E+00  1.12934073E+00
   336  6.72000000E+01  1.12934073E+00  1.12780266E+00  1.12934073E+00
   337  6.74000000E+01  1.12934073E+00  1.12804295E+00  1.12934073E+00
   338  6.76000000E+01  1.12934073E+00  1.12824709E+00  1.12934073E+00
   339  6.78000000E+01  1.12934073E+00  1.12841948E+00  1.12934073E+00
   340  6.80000000E+01  1.12934073E+00  1.12856434E+00  1.12934073E+00
   341  6.82000000E+01  1.12934073E+00  1.12868565E+00  1.12934073E+00
   342  6.84000000E+01  1.12934073E+00  1.12878699E+00  1.12934073E+00
   343  6.86000000E+01  1.12934073E+00  1.12887158E+00  1.12934073E+00
   344  6.88000000E+01  1.12934073E+00  1.12894217E+00  1.12934073E+00
   345  6.90000000E+01  1.12934073E+00  1.12900106E+00  1.12934073E+00
 steady-height stop at step    345: truncated to 3 decimals, truncated max/end/ratio =       1129      1129      1129, max/end/ratio =   1.12934073E+00  1.12900106E+00  1.12934073E+00
