 comppar: model =   2
 comppar: lambda,mobility/eps,betav,eta_0 =  1.0000E+00  0.0000E+00  4.0000E-01  1.0000E+00
 comppar: eta_s,eta_p,G =  4.0000E-01  6.0000E-01  6.0000E-01
 comppar: U_avg,deltat,flowrate,nsteps =  1.0000E-01  2.0000E-01  3.1416E-01    2000
 comppar: geometry = axisymmetric
 comppar: steady stop change,gap,hold,min =  1.0000E-07  1.0000E-03       1      80
 comppar: steady stop truncated decimals =       3
 comppar: ncompc,ncompg =     4     5
 mesh nnodes = 5797
 mesh nelem = 2796
 P1 BC   5.0000000000000000     
 P2 BC   0.0000000000000000     
     1  2.00000000E-01  1.00252944E+00  1.00000000E+00  1.00252944E+00
     2  4.00000000E-01  1.00501081E+00  1.00000000E+00  1.00501081E+00
     3  6.00000000E-01  1.00743353E+00  1.00000000E+00  1.00743353E+00
     4  8.00000000E-01  1.00980434E+00  1.00000000E+00  1.00980434E+00
     5  1.00000000E+00  1.01212369E+00  1.00000000E+00  1.01212369E+00
     6  1.20000000E+00  1.01440527E+00  1.00000000E+00  1.01440527E+00
     7  1.40000000E+00  1.01665193E+00  1.00000000E+00  1.01665193E+00
     8  1.60000000E+00  1.01885897E+00  1.00000000E+00  1.01885897E+00
     9  1.80000000E+00  1.02105230E+00  1.00000000E+00  1.02105230E+00
    10  2.00000000E+00  1.02321454E+00  1.00000000E+00  1.02321454E+00
    11  2.20000000E+00  1.02535897E+00  1.00000000E+00  1.02535897E+00
    12  2.40000000E+00  1.02747709E+00  1.00000001E+00  1.02747709E+00
    13  2.60000000E+00  1.02958345E+00  1.00000001E+00  1.02958345E+00
    14  2.80000000E+00  1.03165767E+00  1.00000001E+00  1.03165767E+00
    15  3.00000000E+00  1.03372730E+00  1.00000001E+00  1.03372730E+00
    16  3.20000000E+00  1.03574818E+00  1.00000001E+00  1.03574818E+00
    17  3.40000000E+00  1.03777964E+00  1.00000001E+00  1.03777964E+00
    18  3.60000000E+00  1.03976943E+00  1.00000001E+00  1.03976943E+00
    19  3.80000000E+00  1.04173652E+00  1.00000001E+00  1.04173652E+00
    20  4.00000000E+00  1.04369446E+00  1.00000000E+00  1.04369446E+00
    21  4.20000000E+00  1.04559718E+00  1.00000000E+00  1.04559718E+00
    22  4.40000000E+00  1.04750755E+00  1.00000000E+00  1.04750755E+00
    23  4.60000000E+00  1.04938734E+00  9.99999999E-01  1.04938734E+00
    24  4.80000000E+00  1.05120799E+00  9.99999996E-01  1.05120799E+00
    25  5.00000000E+00  1.05305741E+00  9.99999993E-01  1.05305741E+00
    26  5.20000000E+00  1.05485478E+00  9.99999989E-01  1.05485478E+00
    27  5.40000000E+00  1.05658953E+00  9.99999984E-01  1.05658953E+00
    28  5.60000000E+00  1.05835510E+00  9.99999979E-01  1.05835510E+00
    29  5.80000000E+00  1.06007993E+00  9.99999972E-01  1.06007993E+00
    30  6.00000000E+00  1.06173989E+00  9.99999965E-01  1.06173989E+00
    31  6.20000000E+00  1.06342351E+00  9.99999957E-01  1.06342351E+00
    32  6.40000000E+00  1.06507438E+00  9.99999948E-01  1.06507438E+00
    33  6.60000000E+00  1.06665830E+00  9.99999938E-01  1.06665830E+00
    34  6.80000000E+00  1.06823586E+00  9.99999927E-01  1.06823586E+00
    35  7.00000000E+00  1.06982803E+00  9.99999915E-01  1.06982803E+00
    36  7.20000000E+00  1.07135216E+00  9.99999901E-01  1.07135216E+00
    37  7.40000000E+00  1.07281449E+00  9.99999885E-01  1.07281449E+00
    38  7.60000000E+00  1.07434780E+00  9.99999869E-01  1.07434780E+00
    39  7.80000000E+00  1.07581198E+00  9.99999850E-01  1.07581198E+00
    40  8.00000000E+00  1.07720459E+00  9.99999830E-01  1.07720459E+00
    41  8.20000000E+00  1.07859326E+00  9.99999807E-01  1.07859326E+00
    42  8.40000000E+00  1.08001751E+00  9.99999783E-01  1.08001751E+00
    43  8.60000000E+00  1.08137011E+00  9.99999756E-01  1.08137011E+00
    44  8.80000000E+00  1.08264903E+00  9.99999727E-01  1.08264903E+00
    45  9.00000000E+00  1.08397877E+00  9.99999696E-01  1.08397877E+00
    46  9.20000000E+00  1.08529132E+00  9.99999662E-01  1.08529132E+00
    47  9.40000000E+00  1.08653015E+00  9.99999625E-01  1.08653015E+00
    48  9.60000000E+00  1.08769369E+00  9.99999586E-01  1.08769369E+00
    49  9.80000000E+00  1.08893012E+00  9.99999543E-01  1.08893012E+00
    50  1.00000000E+01  1.09015325E+00  9.99999497E-01  1.09015325E+00
    51  1.02000000E+01  1.09130176E+00  9.99999447E-01  1.09130176E+00
    52  1.04000000E+01  1.09237456E+00  9.99999394E-01  1.09237456E+00
    53  1.06000000E+01  1.09351677E+00  9.99999336E-01  1.09351677E+00
    54  1.08000000E+01  1.09464967E+00  9.99999275E-01  1.09464967E+00
    55  1.10000000E+01  1.09570733E+00  9.99999209E-01  1.09570733E+00
    56  1.12000000E+01  1.09668921E+00  9.99999138E-01  1.09668921E+00
    57  1.14000000E+01  1.09768809E+00  9.99999063E-01  1.09768809E+00
    58  1.16000000E+01  1.09875310E+00  9.99998982E-01  1.09875310E+00
    59  1.18000000E+01  1.09974309E+00  9.99998896E-01  1.09974309E+00
    60  1.20000000E+01  1.10065803E+00  9.99998804E-01  1.10065803E+00
    61  1.22000000E+01  1.10151873E+00  9.99998706E-01  1.10151873E+00
    62  1.24000000E+01  1.10251540E+00  9.99998601E-01  1.10251540E+00
    63  1.26000000E+01  1.10343731E+00  9.99998490E-01  1.10343731E+00
    64  1.28000000E+01  1.10428495E+00  9.99998372E-01  1.10428495E+00
    65  1.30000000E+01  1.10505958E+00  9.99998246E-01  1.10505958E+00
    66  1.32000000E+01  1.10592818E+00  9.99998113E-01  1.10592818E+00
    67  1.34000000E+01  1.10678628E+00  9.99997972E-01  1.10678628E+00
    68  1.36000000E+01  1.10757176E+00  9.99997821E-01  1.10757176E+00
    69  1.38000000E+01  1.10828664E+00  9.99997662E-01  1.10828664E+00
    70  1.40000000E+01  1.10903673E+00  9.99997494E-01  1.10903673E+00
    71  1.42000000E+01  1.10983066E+00  9.99997315E-01  1.10983066E+00
    72  1.44000000E+01  1.11055363E+00  9.99997127E-01  1.11055363E+00
    73  1.46000000E+01  1.11120840E+00  9.99996927E-01  1.11120840E+00
    74  1.48000000E+01  1.11184210E+00  9.99996716E-01  1.11184210E+00
    75  1.50000000E+01  1.11257576E+00  9.99996493E-01  1.11257576E+00
    76  1.52000000E+01  1.11324128E+00  9.99996258E-01  1.11324128E+00
    77  1.54000000E+01  1.11384211E+00  9.99996010E-01  1.11384211E+00
    78  1.56000000E+01  1.11438257E+00  9.99995748E-01  1.11438257E+00
    79  1.58000000E+01  1.11505199E+00  9.99995473E-01  1.11505199E+00
    80  1.60000000E+01  1.11565972E+00  9.99995182E-01  1.11565972E+00
    81  1.62000000E+01  1.11620634E+00  9.99994876E-01  1.11620634E+00
    82  1.64000000E+01  1.11669678E+00  9.99994554E-01  1.11669678E+00
    83  1.66000000E+01  1.11727473E+00  9.99994216E-01  1.11727473E+00
    84  1.68000000E+01  1.11783142E+00  9.99993859E-01  1.11783142E+00
    85  1.70000000E+01  1.11833125E+00  9.99993485E-01  1.11833125E+00
    86  1.72000000E+01  1.11877937E+00  9.99993092E-01  1.11877937E+00
    87  1.74000000E+01  1.11926498E+00  9.99992679E-01  1.11926498E+00
    88  1.76000000E+01  1.11977050E+00  9.99992246E-01  1.11977050E+00
    89  1.78000000E+01  1.12022359E+00  9.99991792E-01  1.12022359E+00
    90  1.80000000E+01  1.12062973E+00  9.99991315E-01  1.12062973E+00
    91  1.82000000E+01  1.12104897E+00  9.99990816E-01  1.12104897E+00
    92  1.84000000E+01  1.12151077E+00  9.99990293E-01  1.12151077E+00
    93  1.86000000E+01  1.12192448E+00  9.99989745E-01  1.12192448E+00
    94  1.88000000E+01  1.12229539E+00  9.99989171E-01  1.12229539E+00
    95  1.90000000E+01  1.12262981E+00  9.99988571E-01  1.12262981E+00
    96  1.92000000E+01  1.12304820E+00  9.99987944E-01  1.12304820E+00
    97  1.94000000E+01  1.12342323E+00  9.99987288E-01  1.12342323E+00
    98  1.96000000E+01  1.12376009E+00  9.99986602E-01  1.12376009E+00
    99  1.98000000E+01  1.12406356E+00  9.99985887E-01  1.12406356E+00
   100  2.00000000E+01  1.12442800E+00  9.99985139E-01  1.12442800E+00
   101  2.02000000E+01  1.12477030E+00  9.99984359E-01  1.12477030E+00
   102  2.04000000E+01  1.12507785E+00  9.99983546E-01  1.12507785E+00
   103  2.06000000E+01  1.12535485E+00  9.99982698E-01  1.12535485E+00
   104  2.08000000E+01  1.12563584E+00  9.99981814E-01  1.12563584E+00
   105  2.10000000E+01  1.12594701E+00  9.99980893E-01  1.12594701E+00
   106  2.12000000E+01  1.12622741E+00  9.99979934E-01  1.12622741E+00
   107  2.14000000E+01  1.12648068E+00  9.99978936E-01  1.12648068E+00
   108  2.16000000E+01  1.12672167E+00  9.99977898E-01  1.12672167E+00
   109  2.18000000E+01  1.12700551E+00  9.99976819E-01  1.12700551E+00
   110  2.20000000E+01  1.12726110E+00  9.99975697E-01  1.12726110E+00
   111  2.22000000E+01  1.12749158E+00  9.99974531E-01  1.12749158E+00
   112  2.24000000E+01  1.12769938E+00  9.99973320E-01  1.12769938E+00
   113  2.26000000E+01  1.12792120E+00  9.99972064E-01  1.12792120E+00
   114  2.28000000E+01  1.12815500E+00  9.99970760E-01  1.12815500E+00
   115  2.30000000E+01  1.12836608E+00  9.99969409E-01  1.12836608E+00
   116  2.32000000E+01  1.12855628E+00  9.99968008E-01  1.12855628E+00
   117  2.34000000E+01  1.12874424E+00  9.99966556E-01  1.12874424E+00
   118  2.36000000E+01  1.12895654E+00  9.99965054E-01  1.12895654E+00
   119  2.38000000E+01  1.12914755E+00  9.99963499E-01  1.12914755E+00
   120  2.40000000E+01  1.12931883E+00  9.99961890E-01  1.12931883E+00
   121  2.42000000E+01  1.12947155E+00  9.99960228E-01  1.12947155E+00
   122  2.44000000E+01  1.12964448E+00  9.99958510E-01  1.12964448E+00
   123  2.46000000E+01  1.12981902E+00  9.99956736E-01  1.12981902E+00
   124  2.48000000E+01  1.12997493E+00  9.99954906E-01  1.12997493E+00
   125  2.50000000E+01  1.13011307E+00  9.99953018E-01  1.13011307E+00
   126  2.52000000E+01  1.13025828E+00  9.99951071E-01  1.13025828E+00
   127  2.54000000E+01  1.13041494E+00  9.99949067E-01  1.13041494E+00
   128  2.56000000E+01  1.13055397E+00  9.99947003E-01  1.13055397E+00
   129  2.58000000E+01  1.13067625E+00  9.99944879E-01  1.13067625E+00
   130  2.60000000E+01  1.13078261E+00  9.99942696E-01  1.13078261E+00
   131  2.62000000E+01  1.13092345E+00  9.99940453E-01  1.13092345E+00
   132  2.64000000E+01  1.13104869E+00  9.99938151E-01  1.13104869E+00
   133  2.66000000E+01  1.13115778E+00  9.99935789E-01  1.13115778E+00
   134  2.68000000E+01  1.13125158E+00  9.99933367E-01  1.13125158E+00
   135  2.70000000E+01  1.13137053E+00  9.99930887E-01  1.13137053E+00
   136  2.72000000E+01  1.13148094E+00  9.99928349E-01  1.13148094E+00
   137  2.74000000E+01  1.13157634E+00  9.99925755E-01  1.13157634E+00
   138  2.76000000E+01  1.13165768E+00  9.99923104E-01  1.13165768E+00
   139  2.78000000E+01  1.13174899E+00  9.99920399E-01  1.13174899E+00
   140  2.80000000E+01  1.13184698E+00  9.99917641E-01  1.13184698E+00
   141  2.82000000E+01  1.13193062E+00  9.99914832E-01  1.13193062E+00
   142  2.84000000E+01  1.13200097E+00  9.99911975E-01  1.13200097E+00
   143  2.86000000E+01  1.13207831E+00  9.99909071E-01  1.13207831E+00
   144  2.88000000E+01  1.13216363E+00  9.99906124E-01  1.13216363E+00
   145  2.90000000E+01  1.13223583E+00  9.99903138E-01  1.13223583E+00
   146  2.92000000E+01  1.13229605E+00  9.99900115E-01  1.13229605E+00
   147  2.94000000E+01  1.13235434E+00  9.99897060E-01  1.13235434E+00
   148  2.96000000E+01  1.13242867E+00  9.99893978E-01  1.13242867E+00
   149  2.98000000E+01  1.13249071E+00  9.99890873E-01  1.13249071E+00
   150  3.00000000E+01  1.13254176E+00  9.99887751E-01  1.13254176E+00
   151  3.02000000E+01  1.13259193E+00  9.99884618E-01  1.13259193E+00
   152  3.04000000E+01  1.13265580E+00  9.99881481E-01  1.13265580E+00
   153  3.06000000E+01  1.13270867E+00  9.99878347E-01  1.13270867E+00
   154  3.08000000E+01  1.13275184E+00  9.99875225E-01  1.13275184E+00
   155  3.10000000E+01  1.13278792E+00  9.99872122E-01  1.13278792E+00
   156  3.12000000E+01  1.13284244E+00  9.99869049E-01  1.13284244E+00
   157  3.14000000E+01  1.13288695E+00  9.99866016E-01  1.13288695E+00
   158  3.16000000E+01  1.13292288E+00  9.99863033E-01  1.13292288E+00
   159  3.18000000E+01  1.13295518E+00  9.99860113E-01  1.13295518E+00
   160  3.20000000E+01  1.13300142E+00  9.99857269E-01  1.13300142E+00
   161  3.22000000E+01  1.13303890E+00  9.99854514E-01  1.13303890E+00
   162  3.24000000E+01  1.13306901E+00  9.99851864E-01  1.13306901E+00
   163  3.26000000E+01  1.13309312E+00  9.99849334E-01  1.13309312E+00
   164  3.28000000E+01  1.13312854E+00  9.99846942E-01  1.13312854E+00
   165  3.30000000E+01  1.13315956E+00  9.99844706E-01  1.13315956E+00
   166  3.32000000E+01  1.13318435E+00  9.99842647E-01  1.13318435E+00
   167  3.34000000E+01  1.13320427E+00  9.99840784E-01  1.13320427E+00
   168  3.36000000E+01  1.13323660E+00  9.99839141E-01  1.13323660E+00
   169  3.38000000E+01  1.13326251E+00  9.99837742E-01  1.13326251E+00
   170  3.40000000E+01  1.13328321E+00  9.99836614E-01  1.13328321E+00
   171  3.42000000E+01  1.13329994E+00  9.99835782E-01  1.13329994E+00
   172  3.44000000E+01  1.13331965E+00  9.99835277E-01  1.13331965E+00
   173  3.46000000E+01  1.13334095E+00  9.99835131E-01  1.13334095E+00
   174  3.48000000E+01  1.13335810E+00  9.99835375E-01  1.13335810E+00
   175  3.50000000E+01  1.13337225E+00  9.99836047E-01  1.13337225E+00
   176  3.52000000E+01  1.13339075E+00  9.99837183E-01  1.13339075E+00
   177  3.54000000E+01  1.13340852E+00  9.99838822E-01  1.13340852E+00
   178  3.56000000E+01  1.13342296E+00  9.99841008E-01  1.13342296E+00
   179  3.58000000E+01  1.13343506E+00  9.99843785E-01  1.13343506E+00
   180  3.60000000E+01  1.13344564E+00  9.99847201E-01  1.13344564E+00
   181  3.62000000E+01  1.13345701E+00  9.99851304E-01  1.13345701E+00
   182  3.64000000E+01  1.13346938E+00  9.99856150E-01  1.13346938E+00
   183  3.66000000E+01  1.13348017E+00  9.99861792E-01  1.13348017E+00
   184  3.68000000E+01  1.13349003E+00  9.99868292E-01  1.13349003E+00
   185  3.70000000E+01  1.13349964E+00  9.99875711E-01  1.13349964E+00
   186  3.72000000E+01  1.13351030E+00  9.99884115E-01  1.13351030E+00
   187  3.74000000E+01  1.13351982E+00  9.99893574E-01  1.13351982E+00
   188  3.76000000E+01  1.13352872E+00  9.99904163E-01  1.13352872E+00
   189  3.78000000E+01  1.13353735E+00  9.99915957E-01  1.13353735E+00
   190  3.80000000E+01  1.13354589E+00  9.99929040E-01  1.13354589E+00
   191  3.82000000E+01  1.13355440E+00  9.99943497E-01  1.13355440E+00
   192  3.84000000E+01  1.13356283E+00  9.99959420E-01  1.13356283E+00
   193  3.86000000E+01  1.13357108E+00  9.99976903E-01  1.13357108E+00
   194  3.88000000E+01  1.13357901E+00  9.99996047E-01  1.13357901E+00
   195  3.90000000E+01  1.13358649E+00  1.00001696E+00  1.13358649E+00
   196  3.92000000E+01  1.13359341E+00  1.00003975E+00  1.13359341E+00
   197  3.94000000E+01  1.13359970E+00  1.00006453E+00  1.13359970E+00
   198  3.96000000E+01  1.13360577E+00  1.00009143E+00  1.13360577E+00
   199  3.98000000E+01  1.13361289E+00  1.00012058E+00  1.13361289E+00
   200  4.00000000E+01  1.13361934E+00  1.00015210E+00  1.13361934E+00
   201  4.02000000E+01  1.13362509E+00  1.00018615E+00  1.13362509E+00
   202  4.04000000E+01  1.13363013E+00  1.00022287E+00  1.13363013E+00
   203  4.06000000E+01  1.13363450E+00  1.00026241E+00  1.13363450E+00
   204  4.08000000E+01  1.13363826E+00  1.00030493E+00  1.13363826E+00
   205  4.10000000E+01  1.13364316E+00  1.00035062E+00  1.13364316E+00
   206  4.12000000E+01  1.13364774E+00  1.00039964E+00  1.13364774E+00
   207  4.14000000E+01  1.13365169E+00  1.00045218E+00  1.13365169E+00
   208  4.16000000E+01  1.13365509E+00  1.00050844E+00  1.13365509E+00
   209  4.18000000E+01  1.13365801E+00  1.00056861E+00  1.13365801E+00
   210  4.20000000E+01  1.13366052E+00  1.00063292E+00  1.13366052E+00
   211  4.22000000E+01  1.13366345E+00  1.00070157E+00  1.13366345E+00
   212  4.24000000E+01  1.13366640E+00  1.00077481E+00  1.13366640E+00
   213  4.26000000E+01  1.13366894E+00  1.00085288E+00  1.13366894E+00
   214  4.28000000E+01  1.13367115E+00  1.00093601E+00  1.13367115E+00
   215  4.30000000E+01  1.13367310E+00  1.00102449E+00  1.13367310E+00
   216  4.32000000E+01  1.13367484E+00  1.00111858E+00  1.13367484E+00
   217  4.34000000E+01  1.13367642E+00  1.00121856E+00  1.13367642E+00
   218  4.36000000E+01  1.13367788E+00  1.00132473E+00  1.13367788E+00
   219  4.38000000E+01  1.13367927E+00  1.00143740E+00  1.13367927E+00
   220  4.40000000E+01  1.13368085E+00  1.00155689E+00  1.13368085E+00
   221  4.42000000E+01  1.13368228E+00  1.00168353E+00  1.13368228E+00
   222  4.44000000E+01  1.13368360E+00  1.00181767E+00  1.13368360E+00
   223  4.46000000E+01  1.13368481E+00  1.00195967E+00  1.13368481E+00
   224  4.48000000E+01  1.13368593E+00  1.00210989E+00  1.13368593E+00
   225  4.50000000E+01  1.13368695E+00  1.00226874E+00  1.13368695E+00
   226  4.52000000E+01  1.13368787E+00  1.00243659E+00  1.13368787E+00
   227  4.54000000E+01  1.13368870E+00  1.00261388E+00  1.13368870E+00
   228  4.56000000E+01  1.13368942E+00  1.00280103E+00  1.13368942E+00
   229  4.58000000E+01  1.13369006E+00  1.00299848E+00  1.13369006E+00
   230  4.60000000E+01  1.13369059E+00  1.00320669E+00  1.13369059E+00
   231  4.62000000E+01  1.13369104E+00  1.00342614E+00  1.13369104E+00
   232  4.64000000E+01  1.13369141E+00  1.00365732E+00  1.13369141E+00
   233  4.66000000E+01  1.13369171E+00  1.00390072E+00  1.13369171E+00
   234  4.68000000E+01  1.13369207E+00  1.00415688E+00  1.13369207E+00
   235  4.70000000E+01  1.13369245E+00  1.00442632E+00  1.13369245E+00
   236  4.72000000E+01  1.13369276E+00  1.00470960E+00  1.13369276E+00
   237  4.74000000E+01  1.13369300E+00  1.00500729E+00  1.13369300E+00
   238  4.76000000E+01  1.13369318E+00  1.00531998E+00  1.13369318E+00
   239  4.78000000E+01  1.13369332E+00  1.00564825E+00  1.13369332E+00
   240  4.80000000E+01  1.13369342E+00  1.00599273E+00  1.13369342E+00
   241  4.82000000E+01  1.13369348E+00  1.00635404E+00  1.13369348E+00
   242  4.84000000E+01  1.13369351E+00  1.00673283E+00  1.13369351E+00
   243  4.86000000E+01  1.13369351E+00  1.00712976E+00  1.13369351E+00
   244  4.88000000E+01  1.13369349E+00  1.00754550E+00  1.13369349E+00
   245  4.90000000E+01  1.13369345E+00  1.00798074E+00  1.13369345E+00
   246  4.92000000E+01  1.13369340E+00  1.00843617E+00  1.13369340E+00
   247  4.94000000E+01  1.13369333E+00  1.00891251E+00  1.13369333E+00
   248  4.96000000E+01  1.13369324E+00  1.00941048E+00  1.13369324E+00
   249  4.98000000E+01  1.13369315E+00  1.00993081E+00  1.13369315E+00
   250  5.00000000E+01  1.13369304E+00  1.01047425E+00  1.13369304E+00
   251  5.02000000E+01  1.13369292E+00  1.01104155E+00  1.13369292E+00
   252  5.04000000E+01  1.13369280E+00  1.01163346E+00  1.13369280E+00
   253  5.06000000E+01  1.13369267E+00  1.01225075E+00  1.13369267E+00
   254  5.08000000E+01  1.13369254E+00  1.01289419E+00  1.13369254E+00
   255  5.10000000E+01  1.13369240E+00  1.01356453E+00  1.13369240E+00
   256  5.12000000E+01  1.13369226E+00  1.01426256E+00  1.13369226E+00
   257  5.14000000E+01  1.13369212E+00  1.01498904E+00  1.13369212E+00
   258  5.16000000E+01  1.13369199E+00  1.01574471E+00  1.13369199E+00
   259  5.18000000E+01  1.13369185E+00  1.01653035E+00  1.13369185E+00
   260  5.20000000E+01  1.13369171E+00  1.01734668E+00  1.13369171E+00
   261  5.22000000E+01  1.13369158E+00  1.01819443E+00  1.13369158E+00
   262  5.24000000E+01  1.13369144E+00  1.01907431E+00  1.13369144E+00
   263  5.26000000E+01  1.13369131E+00  1.01998702E+00  1.13369131E+00
   264  5.28000000E+01  1.13369119E+00  1.02093322E+00  1.13369119E+00
   265  5.30000000E+01  1.13369106E+00  1.02191354E+00  1.13369106E+00
   266  5.32000000E+01  1.13369094E+00  1.02292860E+00  1.13369094E+00
   267  5.34000000E+01  1.13369082E+00  1.02397897E+00  1.13369082E+00
   268  5.36000000E+01  1.13369071E+00  1.02506518E+00  1.13369071E+00
   269  5.38000000E+01  1.13369060E+00  1.02618773E+00  1.13369060E+00
   270  5.40000000E+01  1.13369049E+00  1.02734706E+00  1.13369049E+00
   271  5.42000000E+01  1.13369039E+00  1.02854356E+00  1.13369039E+00
   272  5.44000000E+01  1.13369029E+00  1.02977756E+00  1.13369029E+00
   273  5.46000000E+01  1.13369020E+00  1.03104935E+00  1.13369020E+00
   274  5.48000000E+01  1.13369011E+00  1.03235913E+00  1.13369011E+00
   275  5.50000000E+01  1.13369002E+00  1.03370703E+00  1.13369002E+00
   276  5.52000000E+01  1.13368994E+00  1.03509311E+00  1.13368994E+00
   277  5.54000000E+01  1.13368986E+00  1.03651736E+00  1.13368986E+00
   278  5.56000000E+01  1.13368979E+00  1.03797965E+00  1.13368979E+00
   279  5.58000000E+01  1.13368972E+00  1.03947980E+00  1.13368972E+00
   280  5.60000000E+01  1.13368965E+00  1.04101748E+00  1.13368965E+00
   281  5.62000000E+01  1.13368958E+00  1.04259232E+00  1.13368958E+00
   282  5.64000000E+01  1.13368952E+00  1.04420378E+00  1.13368952E+00
   283  5.66000000E+01  1.13368947E+00  1.04585126E+00  1.13368947E+00
   284  5.68000000E+01  1.13368941E+00  1.04753401E+00  1.13368941E+00
   285  5.70000000E+01  1.13368936E+00  1.04925117E+00  1.13368936E+00
   286  5.72000000E+01  1.13368931E+00  1.05100176E+00  1.13368931E+00
   287  5.74000000E+01  1.13368926E+00  1.05278467E+00  1.13368926E+00
   288  5.76000000E+01  1.13368922E+00  1.05459867E+00  1.13368922E+00
   289  5.78000000E+01  1.13368918E+00  1.05644237E+00  1.13368918E+00
   290  5.80000000E+01  1.13368914E+00  1.05831428E+00  1.13368914E+00
   291  5.82000000E+01  1.13368910E+00  1.06021277E+00  1.13368910E+00
   292  5.84000000E+01  1.13368907E+00  1.06213607E+00  1.13368907E+00
   293  5.86000000E+01  1.13368904E+00  1.06408227E+00  1.13368904E+00
   294  5.88000000E+01  1.13368901E+00  1.06604935E+00  1.13368901E+00
   295  5.90000000E+01  1.13368898E+00  1.06803515E+00  1.13368898E+00
   296  5.92000000E+01  1.13368895E+00  1.07003737E+00  1.13368895E+00
   297  5.94000000E+01  1.13368892E+00  1.07205362E+00  1.13368892E+00
   298  5.96000000E+01  1.13368890E+00  1.07408135E+00  1.13368890E+00
   299  5.98000000E+01  1.13368888E+00  1.07611793E+00  1.13368888E+00
   300  6.00000000E+01  1.13368886E+00  1.07816060E+00  1.13368886E+00
   301  6.02000000E+01  1.13368884E+00  1.08020651E+00  1.13368884E+00
   302  6.04000000E+01  1.13368882E+00  1.08225271E+00  1.13368882E+00
   303  6.06000000E+01  1.13368880E+00  1.08429614E+00  1.13368880E+00
   304  6.08000000E+01  1.13368879E+00  1.08633370E+00  1.13368879E+00
   305  6.10000000E+01  1.13368877E+00  1.08836218E+00  1.13368877E+00
   306  6.12000000E+01  1.13368876E+00  1.09037834E+00  1.13368876E+00
   307  6.14000000E+01  1.13368875E+00  1.09237885E+00  1.13368875E+00
   308  6.16000000E+01  1.13368874E+00  1.09436038E+00  1.13368874E+00
   309  6.18000000E+01  1.13368873E+00  1.09631955E+00  1.13368873E+00
   310  6.20000000E+01  1.13368872E+00  1.09825295E+00  1.13368872E+00
   311  6.22000000E+01  1.13368871E+00  1.10015721E+00  1.13368871E+00
   312  6.24000000E+01  1.13368870E+00  1.10202893E+00  1.13368870E+00
   313  6.26000000E+01  1.13368869E+00  1.10386476E+00  1.13368869E+00
   314  6.28000000E+01  1.13368868E+00  1.10566139E+00  1.13368868E+00
   315  6.30000000E+01  1.13368868E+00  1.10741558E+00  1.13368868E+00
   316  6.32000000E+01  1.13368867E+00  1.10912414E+00  1.13368867E+00
   317  6.34000000E+01  1.13368866E+00  1.11078401E+00  1.13368866E+00
   318  6.36000000E+01  1.13368866E+00  1.11239224E+00  1.13368866E+00
   319  6.38000000E+01  1.13368865E+00  1.11394600E+00  1.13368865E+00
   320  6.40000000E+01  1.13368865E+00  1.11544265E+00  1.13368865E+00
   321  6.42000000E+01  1.13368864E+00  1.11687971E+00  1.13368864E+00
   322  6.44000000E+01  1.13368864E+00  1.11825492E+00  1.13368864E+00
   323  6.46000000E+01  1.13368864E+00  1.11956625E+00  1.13368864E+00
   324  6.48000000E+01  1.13368863E+00  1.12081194E+00  1.13368863E+00
   325  6.50000000E+01  1.13368863E+00  1.12199054E+00  1.13368863E+00
   326  6.52000000E+01  1.13368863E+00  1.12310090E+00  1.13368863E+00
   327  6.54000000E+01  1.13368862E+00  1.12414223E+00  1.13368862E+00
   328  6.56000000E+01  1.13368862E+00  1.12511417E+00  1.13368862E+00
   329  6.58000000E+01  1.13368862E+00  1.12601673E+00  1.13368862E+00
   330  6.60000000E+01  1.13368862E+00  1.12685040E+00  1.13368862E+00
   331  6.62000000E+01  1.13368861E+00  1.12761612E+00  1.13368861E+00
   332  6.64000000E+01  1.13368861E+00  1.12831532E+00  1.13368861E+00
   333  6.66000000E+01  1.13368861E+00  1.12894990E+00  1.13368861E+00
   334  6.68000000E+01  1.13368861E+00  1.12952224E+00  1.13368861E+00
   335  6.70000000E+01  1.13368861E+00  1.13003516E+00  1.13368861E+00
   336  6.72000000E+01  1.13368861E+00  1.13049188E+00  1.13368861E+00
   337  6.74000000E+01  1.13368861E+00  1.13089599E+00  1.13368861E+00
   338  6.76000000E+01  1.13368860E+00  1.13125135E+00  1.13368860E+00
   339  6.78000000E+01  1.13368860E+00  1.13156204E+00  1.13368860E+00
   340  6.80000000E+01  1.13368860E+00  1.13183226E+00  1.13368860E+00
   341  6.82000000E+01  1.13368860E+00  1.13206623E+00  1.13368860E+00
   342  6.84000000E+01  1.13368860E+00  1.13226811E+00  1.13368860E+00
   343  6.86000000E+01  1.13368860E+00  1.13244191E+00  1.13368860E+00
   344  6.88000000E+01  1.13368860E+00  1.13259140E+00  1.13368860E+00
   345  6.90000000E+01  1.13368860E+00  1.13272005E+00  1.13368860E+00
   346  6.92000000E+01  1.13368860E+00  1.13283098E+00  1.13368860E+00
   347  6.94000000E+01  1.13368860E+00  1.13292690E+00  1.13368860E+00
   348  6.96000000E+01  1.13368860E+00  1.13301014E+00  1.13368860E+00
 steady-height stop at step    348: truncated to 3 decimals, truncated max/end/ratio =       1133      1133      1133, max/end/ratio =   1.13368860E+00  1.13301014E+00  1.13368860E+00
