 comppar: model =   2
 comppar: lambda,mobility/eps,betav,eta_0 =  3.0000E+00  0.0000E+00  7.0000E-02  1.0000E+00
 comppar: eta_s,eta_p,G =  7.0000E-02  9.3000E-01  3.1000E-01
 comppar: U_avg,deltat,flowrate,nsteps =  1.0000E-01  2.0000E-01  3.1416E-01    2000
 comppar: geometry = axisymmetric
 comppar: steady stop change,gap,hold,min =  1.0000E-07  1.0000E-03       1      80
 comppar: steady stop truncated decimals =       3
 comppar: ncompc,ncompg =     4     5
 mesh nnodes = 5797
 mesh nelem = 2796
 P1 BC   5.0000000000000000     
 P2 BC   0.0000000000000000     
     1  2.00000000E-01  1.00252312E+00  1.00000000E+00  1.00252312E+00
     2  4.00000000E-01  1.00496945E+00  1.00000000E+00  1.00496945E+00
     3  6.00000000E-01  1.00731807E+00  1.00000000E+00  1.00731807E+00
     4  8.00000000E-01  1.00959777E+00  1.00000000E+00  1.00959777E+00
     5  1.00000000E+00  1.01182483E+00  1.00000000E+00  1.01182483E+00
     6  1.20000000E+00  1.01401431E+00  1.00000000E+00  1.01401431E+00
     7  1.40000000E+00  1.01617743E+00  1.00000000E+00  1.01617743E+00
     8  1.60000000E+00  1.01833262E+00  1.00000000E+00  1.01833262E+00
     9  1.80000000E+00  1.02049809E+00  1.00000000E+00  1.02049809E+00
    10  2.00000000E+00  1.02266133E+00  1.00000001E+00  1.02266133E+00
    11  2.20000000E+00  1.02485375E+00  1.00000001E+00  1.02485375E+00
    12  2.40000000E+00  1.02705426E+00  1.00000001E+00  1.02705426E+00
    13  2.60000000E+00  1.02927585E+00  1.00000001E+00  1.02927585E+00
    14  2.80000000E+00  1.03152117E+00  1.00000001E+00  1.03152117E+00
    15  3.00000000E+00  1.03376609E+00  1.00000001E+00  1.03376609E+00
    16  3.20000000E+00  1.03604634E+00  1.00000001E+00  1.03604634E+00
    17  3.40000000E+00  1.03834343E+00  1.00000001E+00  1.03834343E+00
    18  3.60000000E+00  1.04063965E+00  1.00000001E+00  1.04063965E+00
    19  3.80000000E+00  1.04296018E+00  1.00000001E+00  1.04296018E+00
    20  4.00000000E+00  1.04530630E+00  1.00000001E+00  1.04530630E+00
    21  4.20000000E+00  1.04765007E+00  1.00000001E+00  1.04765007E+00
    22  4.40000000E+00  1.04998981E+00  1.00000001E+00  1.04998981E+00
    23  4.60000000E+00  1.05237114E+00  1.00000001E+00  1.05237114E+00
    24  4.80000000E+00  1.05476285E+00  1.00000001E+00  1.05476285E+00
    25  5.00000000E+00  1.05714793E+00  1.00000001E+00  1.05714793E+00
    26  5.20000000E+00  1.05952441E+00  1.00000001E+00  1.05952441E+00
    27  5.40000000E+00  1.06190486E+00  1.00000000E+00  1.06190486E+00
    28  5.60000000E+00  1.06432303E+00  1.00000000E+00  1.06432303E+00
    29  5.80000000E+00  1.06672924E+00  9.99999998E-01  1.06672924E+00
    30  6.00000000E+00  1.06912173E+00  9.99999994E-01  1.06912173E+00
    31  6.20000000E+00  1.07149900E+00  9.99999989E-01  1.07149900E+00
    32  6.40000000E+00  1.07385978E+00  9.99999984E-01  1.07385978E+00
    33  6.60000000E+00  1.07620302E+00  9.99999978E-01  1.07620302E+00
    34  6.80000000E+00  1.07859611E+00  9.99999971E-01  1.07859611E+00
    35  7.00000000E+00  1.08097341E+00  9.99999964E-01  1.08097341E+00
    36  7.20000000E+00  1.08333157E+00  9.99999956E-01  1.08333157E+00
    37  7.40000000E+00  1.08566963E+00  9.99999946E-01  1.08566963E+00
    38  7.60000000E+00  1.08798669E+00  9.99999936E-01  1.08798669E+00
    39  7.80000000E+00  1.09028198E+00  9.99999925E-01  1.09028198E+00
    40  8.00000000E+00  1.09260818E+00  9.99999912E-01  1.09260818E+00
    41  8.20000000E+00  1.09492454E+00  9.99999899E-01  1.09492454E+00
    42  8.40000000E+00  1.09721747E+00  9.99999884E-01  1.09721747E+00
    43  8.60000000E+00  1.09948660E+00  9.99999868E-01  1.09948660E+00
    44  8.80000000E+00  1.10173198E+00  9.99999850E-01  1.10173198E+00
    45  9.00000000E+00  1.10395410E+00  9.99999831E-01  1.10395410E+00
    46  9.20000000E+00  1.10620552E+00  9.99999811E-01  1.10620552E+00
    47  9.40000000E+00  1.10844801E+00  9.99999788E-01  1.10844801E+00
    48  9.60000000E+00  1.11066686E+00  9.99999764E-01  1.11066686E+00
    49  9.80000000E+00  1.11286291E+00  9.99999738E-01  1.11286291E+00
    50  1.00000000E+01  1.11503712E+00  9.99999711E-01  1.11503712E+00
    51  1.02000000E+01  1.11719027E+00  9.99999681E-01  1.11719027E+00
    52  1.04000000E+01  1.11932265E+00  9.99999649E-01  1.11932265E+00
    53  1.06000000E+01  1.12147159E+00  9.99999614E-01  1.12147159E+00
    54  1.08000000E+01  1.12361580E+00  9.99999578E-01  1.12361580E+00
    55  1.10000000E+01  1.12573920E+00  9.99999538E-01  1.12573920E+00
    56  1.12000000E+01  1.12784137E+00  9.99999497E-01  1.12784137E+00
    57  1.14000000E+01  1.12992100E+00  9.99999452E-01  1.12992100E+00
    58  1.16000000E+01  1.13197596E+00  9.99999404E-01  1.13197596E+00
    59  1.18000000E+01  1.13400369E+00  9.99999354E-01  1.13400369E+00
    60  1.20000000E+01  1.13600170E+00  9.99999300E-01  1.13600170E+00
    61  1.22000000E+01  1.13802750E+00  9.99999243E-01  1.13802750E+00
    62  1.24000000E+01  1.14004753E+00  9.99999182E-01  1.14004753E+00
    63  1.26000000E+01  1.14203812E+00  9.99999118E-01  1.14203812E+00
    64  1.28000000E+01  1.14399780E+00  9.99999049E-01  1.14399780E+00
    65  1.30000000E+01  1.14592593E+00  9.99998977E-01  1.14592593E+00
    66  1.32000000E+01  1.14782290E+00  9.99998901E-01  1.14782290E+00
    67  1.34000000E+01  1.14969007E+00  9.99998820E-01  1.14969007E+00
    68  1.36000000E+01  1.15155550E+00  9.99998734E-01  1.15155550E+00
    69  1.38000000E+01  1.15344495E+00  9.99998644E-01  1.15344495E+00
    70  1.40000000E+01  1.15530354E+00  9.99998548E-01  1.15530354E+00
    71  1.42000000E+01  1.15713340E+00  9.99998448E-01  1.15713340E+00
    72  1.44000000E+01  1.15893720E+00  9.99998342E-01  1.15893720E+00
    73  1.46000000E+01  1.16071763E+00  9.99998230E-01  1.16071763E+00
    74  1.48000000E+01  1.16247692E+00  9.99998112E-01  1.16247692E+00
    75  1.50000000E+01  1.16421619E+00  9.99997988E-01  1.16421619E+00
    76  1.52000000E+01  1.16593501E+00  9.99997857E-01  1.16593501E+00
    77  1.54000000E+01  1.16763088E+00  9.99997720E-01  1.16763088E+00
    78  1.56000000E+01  1.16936165E+00  9.99997575E-01  1.16936165E+00
    79  1.58000000E+01  1.17107812E+00  9.99997424E-01  1.17107812E+00
    80  1.60000000E+01  1.17277139E+00  9.99997264E-01  1.17277139E+00
    81  1.62000000E+01  1.17443786E+00  9.99997097E-01  1.17443786E+00
    82  1.64000000E+01  1.17607171E+00  9.99996921E-01  1.17607171E+00
    83  1.66000000E+01  1.17766503E+00  9.99996737E-01  1.17766503E+00
    84  1.68000000E+01  1.17920834E+00  9.99996544E-01  1.17920834E+00
    85  1.70000000E+01  1.18075576E+00  9.99996341E-01  1.18075576E+00
    86  1.72000000E+01  1.18236470E+00  9.99996129E-01  1.18236470E+00
    87  1.74000000E+01  1.18393079E+00  9.99995907E-01  1.18393079E+00
    88  1.76000000E+01  1.18544349E+00  9.99995674E-01  1.18544349E+00
    89  1.78000000E+01  1.18689190E+00  9.99995431E-01  1.18689190E+00
    90  1.80000000E+01  1.18826611E+00  9.99995176E-01  1.18826611E+00
    91  1.82000000E+01  1.18970050E+00  9.99994910E-01  1.18970050E+00
    92  1.84000000E+01  1.19118634E+00  9.99994631E-01  1.19118634E+00
    93  1.86000000E+01  1.19260857E+00  9.99994340E-01  1.19260857E+00
    94  1.88000000E+01  1.19395931E+00  9.99994036E-01  1.19395931E+00
    95  1.90000000E+01  1.19523303E+00  9.99993718E-01  1.19523303E+00
    96  1.92000000E+01  1.19649997E+00  9.99993387E-01  1.19649997E+00
    97  1.94000000E+01  1.19790964E+00  9.99993041E-01  1.19790964E+00
    98  1.96000000E+01  1.19924542E+00  9.99992680E-01  1.19924542E+00
    99  1.98000000E+01  1.20050179E+00  9.99992303E-01  1.20050179E+00
   100  2.00000000E+01  1.20167678E+00  9.99991910E-01  1.20167678E+00
   101  2.02000000E+01  1.20277230E+00  9.99991501E-01  1.20277230E+00
   102  2.04000000E+01  1.20398032E+00  9.99991074E-01  1.20398032E+00
   103  2.06000000E+01  1.20522198E+00  9.99990630E-01  1.20522198E+00
   104  2.08000000E+01  1.20638776E+00  9.99990167E-01  1.20638776E+00
   105  2.10000000E+01  1.20747943E+00  9.99989685E-01  1.20747943E+00
   106  2.12000000E+01  1.20850134E+00  9.99989184E-01  1.20850134E+00
   107  2.14000000E+01  1.20957229E+00  9.99988662E-01  1.20957229E+00
   108  2.16000000E+01  1.21072106E+00  9.99988119E-01  1.21072106E+00
   109  2.18000000E+01  1.21179507E+00  9.99987555E-01  1.21179507E+00
   110  2.20000000E+01  1.21279959E+00  9.99986968E-01  1.21279959E+00
   111  2.22000000E+01  1.21374168E+00  9.99986358E-01  1.21374168E+00
   112  2.24000000E+01  1.21462919E+00  9.99985724E-01  1.21462919E+00
   113  2.26000000E+01  1.21567911E+00  9.99985065E-01  1.21567911E+00
   114  2.28000000E+01  1.21668357E+00  9.99984382E-01  1.21668357E+00
   115  2.30000000E+01  1.21762698E+00  9.99983672E-01  1.21762698E+00
   116  2.32000000E+01  1.21851551E+00  9.99982935E-01  1.21851551E+00
   117  2.34000000E+01  1.21935521E+00  9.99982171E-01  1.21935521E+00
   118  2.36000000E+01  1.22020876E+00  9.99981378E-01  1.22020876E+00
   119  2.38000000E+01  1.22113719E+00  9.99980556E-01  1.22113719E+00
   120  2.40000000E+01  1.22201223E+00  9.99979703E-01  1.22201223E+00
   121  2.42000000E+01  1.22284014E+00  9.99978820E-01  1.22284014E+00
   122  2.44000000E+01  1.22362628E+00  9.99977904E-01  1.22362628E+00
   123  2.46000000E+01  1.22437472E+00  9.99976956E-01  1.22437472E+00
   124  2.48000000E+01  1.22516413E+00  9.99975973E-01  1.22516413E+00
   125  2.50000000E+01  1.22598982E+00  9.99974957E-01  1.22598982E+00
   126  2.52000000E+01  1.22677164E+00  9.99973904E-01  1.22677164E+00
   127  2.54000000E+01  1.22751359E+00  9.99972815E-01  1.22751359E+00
   128  2.56000000E+01  1.22821880E+00  9.99971688E-01  1.22821880E+00
   129  2.58000000E+01  1.22888963E+00  9.99970522E-01  1.22888963E+00
   130  2.60000000E+01  1.22958346E+00  9.99969317E-01  1.22958346E+00
   131  2.62000000E+01  1.23031707E+00  9.99968072E-01  1.23031707E+00
   132  2.64000000E+01  1.23101504E+00  9.99966784E-01  1.23101504E+00
   133  2.66000000E+01  1.23167949E+00  9.99965455E-01  1.23167949E+00
   134  2.68000000E+01  1.23231198E+00  9.99964081E-01  1.23231198E+00
   135  2.70000000E+01  1.23291367E+00  9.99962663E-01  1.23291367E+00
   136  2.72000000E+01  1.23356367E+00  9.99961199E-01  1.23356367E+00
   137  2.74000000E+01  1.23421975E+00  9.99959689E-01  1.23421975E+00
   138  2.76000000E+01  1.23484357E+00  9.99958131E-01  1.23484357E+00
   139  2.78000000E+01  1.23543678E+00  9.99956524E-01  1.23543678E+00
   140  2.80000000E+01  1.23600081E+00  9.99954867E-01  1.23600081E+00
   141  2.82000000E+01  1.23653689E+00  9.99953159E-01  1.23653689E+00
   142  2.84000000E+01  1.23708923E+00  9.99951400E-01  1.23708923E+00
   143  2.86000000E+01  1.23767757E+00  9.99949588E-01  1.23767757E+00
   144  2.88000000E+01  1.23823713E+00  9.99947721E-01  1.23823713E+00
   145  2.90000000E+01  1.23876903E+00  9.99945800E-01  1.23876903E+00
   146  2.92000000E+01  1.23927434E+00  9.99943823E-01  1.23927434E+00
   147  2.94000000E+01  1.23975412E+00  9.99941789E-01  1.23975412E+00
   148  2.96000000E+01  1.24024164E+00  9.99939698E-01  1.24024164E+00
   149  2.98000000E+01  1.24076691E+00  9.99937547E-01  1.24076691E+00
   150  3.00000000E+01  1.24126617E+00  9.99935337E-01  1.24126617E+00
   151  3.02000000E+01  1.24174048E+00  9.99933066E-01  1.24174048E+00
   152  3.04000000E+01  1.24219084E+00  9.99930733E-01  1.24219084E+00
   153  3.06000000E+01  1.24261824E+00  9.99928339E-01  1.24261824E+00
   154  3.08000000E+01  1.24302699E+00  9.99925881E-01  1.24302699E+00
   155  3.10000000E+01  1.24349792E+00  9.99923359E-01  1.24349792E+00
   156  3.12000000E+01  1.24394497E+00  9.99920773E-01  1.24394497E+00
   157  3.14000000E+01  1.24436911E+00  9.99918122E-01  1.24436911E+00
   158  3.16000000E+01  1.24477133E+00  9.99915406E-01  1.24477133E+00
   159  3.18000000E+01  1.24515265E+00  9.99912622E-01  1.24515265E+00
   160  3.20000000E+01  1.24551415E+00  9.99909773E-01  1.24551415E+00
   161  3.22000000E+01  1.24593287E+00  9.99906856E-01  1.24593287E+00
   162  3.24000000E+01  1.24633124E+00  9.99903872E-01  1.24633124E+00
   163  3.26000000E+01  1.24670909E+00  9.99900820E-01  1.24670909E+00
   164  3.28000000E+01  1.24706741E+00  9.99897701E-01  1.24706741E+00
   165  3.30000000E+01  1.24740724E+00  9.99894514E-01  1.24740724E+00
   166  3.32000000E+01  1.24772960E+00  9.99891260E-01  1.24772960E+00
   167  3.34000000E+01  1.24808173E+00  9.99887937E-01  1.24808173E+00
   168  3.36000000E+01  1.24843725E+00  9.99884548E-01  1.24843725E+00
   169  3.38000000E+01  1.24877434E+00  9.99881092E-01  1.24877434E+00
   170  3.40000000E+01  1.24909407E+00  9.99877570E-01  1.24909407E+00
   171  3.42000000E+01  1.24939748E+00  9.99873982E-01  1.24939748E+00
   172  3.44000000E+01  1.24968558E+00  9.99870330E-01  1.24968558E+00
   173  3.46000000E+01  1.24998692E+00  9.99866614E-01  1.24998692E+00
   174  3.48000000E+01  1.25030416E+00  9.99862836E-01  1.25030416E+00
   175  3.50000000E+01  1.25060521E+00  9.99858996E-01  1.25060521E+00
   176  3.52000000E+01  1.25089102E+00  9.99855097E-01  1.25089102E+00
   177  3.54000000E+01  1.25116252E+00  9.99851141E-01  1.25116252E+00
   178  3.56000000E+01  1.25142058E+00  9.99847128E-01  1.25142058E+00
   179  3.58000000E+01  1.25166599E+00  9.99843063E-01  1.25166599E+00
   180  3.60000000E+01  1.25194620E+00  9.99838946E-01  1.25194620E+00
   181  3.62000000E+01  1.25221569E+00  9.99834781E-01  1.25221569E+00
   182  3.64000000E+01  1.25247185E+00  9.99830572E-01  1.25247185E+00
   183  3.66000000E+01  1.25271550E+00  9.99826321E-01  1.25271550E+00
   184  3.68000000E+01  1.25294737E+00  9.99822032E-01  1.25294737E+00
   185  3.70000000E+01  1.25316812E+00  9.99817709E-01  1.25316812E+00
   186  3.72000000E+01  1.25339881E+00  9.99813357E-01  1.25339881E+00
   187  3.74000000E+01  1.25364051E+00  9.99808980E-01  1.25364051E+00
   188  3.76000000E+01  1.25387047E+00  9.99804584E-01  1.25387047E+00
   189  3.78000000E+01  1.25408935E+00  9.99800173E-01  1.25408935E+00
   190  3.80000000E+01  1.25429778E+00  9.99795754E-01  1.25429778E+00
   191  3.82000000E+01  1.25449631E+00  9.99791333E-01  1.25449631E+00
   192  3.84000000E+01  1.25468546E+00  9.99786917E-01  1.25468546E+00
   193  3.86000000E+01  1.25488739E+00  9.99782513E-01  1.25488739E+00
   194  3.88000000E+01  1.25509451E+00  9.99778129E-01  1.25509451E+00
   195  3.90000000E+01  1.25529181E+00  9.99773773E-01  1.25529181E+00
   196  3.92000000E+01  1.25547981E+00  9.99769455E-01  1.25547981E+00
   197  3.94000000E+01  1.25565894E+00  9.99765183E-01  1.25565894E+00
   198  3.96000000E+01  1.25582963E+00  9.99760967E-01  1.25582963E+00
   199  3.98000000E+01  1.25599226E+00  9.99756819E-01  1.25599226E+00
   200  4.00000000E+01  1.25617252E+00  9.99752751E-01  1.25617252E+00
   201  4.02000000E+01  1.25635017E+00  9.99748773E-01  1.25635017E+00
   202  4.04000000E+01  1.25651944E+00  9.99744900E-01  1.25651944E+00
   203  4.06000000E+01  1.25668074E+00  9.99741145E-01  1.25668074E+00
   204  4.08000000E+01  1.25683440E+00  9.99737523E-01  1.25683440E+00
   205  4.10000000E+01  1.25698077E+00  9.99734050E-01  1.25698077E+00
   206  4.12000000E+01  1.25712016E+00  9.99730741E-01  1.25712016E+00
   207  4.14000000E+01  1.25727373E+00  9.99727615E-01  1.25727373E+00
   208  4.16000000E+01  1.25742654E+00  9.99724690E-01  1.25742654E+00
   209  4.18000000E+01  1.25757208E+00  9.99721984E-01  1.25757208E+00
   210  4.20000000E+01  1.25771067E+00  9.99719519E-01  1.25771067E+00
   211  4.22000000E+01  1.25784261E+00  9.99717317E-01  1.25784261E+00
   212  4.24000000E+01  1.25796818E+00  9.99715399E-01  1.25796818E+00
   213  4.26000000E+01  1.25808765E+00  9.99713790E-01  1.25808765E+00
   214  4.28000000E+01  1.25822235E+00  9.99712515E-01  1.25822235E+00
   215  4.30000000E+01  1.25835332E+00  9.99711600E-01  1.25835332E+00
   216  4.32000000E+01  1.25847798E+00  9.99711073E-01  1.25847798E+00
   217  4.34000000E+01  1.25859659E+00  9.99710963E-01  1.25859659E+00
   218  4.36000000E+01  1.25870942E+00  9.99711302E-01  1.25870942E+00
   219  4.38000000E+01  1.25881672E+00  9.99712121E-01  1.25881672E+00
   220  4.40000000E+01  1.25891873E+00  9.99713454E-01  1.25891873E+00
   221  4.42000000E+01  1.25903241E+00  9.99715337E-01  1.25903241E+00
   222  4.44000000E+01  1.25914461E+00  9.99717807E-01  1.25914461E+00
   223  4.46000000E+01  1.25925130E+00  9.99720903E-01  1.25925130E+00
   224  4.48000000E+01  1.25935271E+00  9.99724666E-01  1.25935271E+00
   225  4.50000000E+01  1.25944909E+00  9.99729140E-01  1.25944909E+00
   226  4.52000000E+01  1.25954066E+00  9.99734370E-01  1.25954066E+00
   227  4.54000000E+01  1.25962763E+00  9.99740402E-01  1.25962763E+00
   228  4.56000000E+01  1.25972458E+00  9.99747287E-01  1.25972458E+00
   229  4.58000000E+01  1.25982032E+00  9.99755076E-01  1.25982032E+00
   230  4.60000000E+01  1.25991126E+00  9.99763823E-01  1.25991126E+00
   231  4.62000000E+01  1.25999764E+00  9.99773585E-01  1.25999764E+00
   232  4.64000000E+01  1.26007965E+00  9.99784421E-01  1.26007965E+00
   233  4.66000000E+01  1.26015748E+00  9.99796394E-01  1.26015748E+00
   234  4.68000000E+01  1.26023133E+00  9.99809567E-01  1.26023133E+00
   235  4.70000000E+01  1.26031076E+00  9.99824009E-01  1.26031076E+00
   236  4.72000000E+01  1.26039230E+00  9.99839790E-01  1.26039230E+00
   237  4.74000000E+01  1.26046969E+00  9.99856985E-01  1.26046969E+00
   238  4.76000000E+01  1.26054312E+00  9.99875669E-01  1.26054312E+00
   239  4.78000000E+01  1.26061276E+00  9.99895924E-01  1.26061276E+00
   240  4.80000000E+01  1.26067879E+00  9.99917833E-01  1.26067879E+00
   241  4.82000000E+01  1.26074137E+00  9.99941483E-01  1.26074137E+00
   242  4.84000000E+01  1.26080682E+00  9.99966966E-01  1.26080682E+00
   243  4.86000000E+01  1.26087600E+00  9.99994376E-01  1.26087600E+00
   244  4.88000000E+01  1.26094158E+00  1.00002381E+00  1.26094158E+00
   245  4.90000000E+01  1.26100374E+00  1.00005537E+00  1.26100374E+00
   246  4.92000000E+01  1.26106263E+00  1.00008917E+00  1.26106263E+00
   247  4.94000000E+01  1.26111839E+00  1.00012532E+00  1.26111839E+00
   248  4.96000000E+01  1.26117118E+00  1.00016392E+00  1.26117118E+00
   249  4.98000000E+01  1.26122178E+00  1.00020511E+00  1.26122178E+00
   250  5.00000000E+01  1.26128034E+00  1.00024901E+00  1.26128034E+00
   251  5.02000000E+01  1.26133580E+00  1.00029574E+00  1.26133580E+00
   252  5.04000000E+01  1.26138829E+00  1.00034544E+00  1.26138829E+00
   253  5.06000000E+01  1.26143796E+00  1.00039825E+00  1.26143796E+00
   254  5.08000000E+01  1.26148494E+00  1.00045432E+00  1.26148494E+00
   255  5.10000000E+01  1.26152936E+00  1.00051380E+00  1.26152936E+00
   256  5.12000000E+01  1.26157133E+00  1.00057684E+00  1.26157133E+00
   257  5.14000000E+01  1.26161764E+00  1.00064360E+00  1.26161764E+00
   258  5.16000000E+01  1.26166430E+00  1.00071427E+00  1.26166430E+00
   259  5.18000000E+01  1.26170842E+00  1.00078900E+00  1.26170842E+00
   260  5.20000000E+01  1.26175011E+00  1.00086799E+00  1.26175011E+00
   261  5.22000000E+01  1.26178950E+00  1.00095142E+00  1.26178950E+00
   262  5.24000000E+01  1.26182669E+00  1.00103949E+00  1.26182669E+00
   263  5.26000000E+01  1.26186179E+00  1.00113240E+00  1.26186179E+00
   264  5.28000000E+01  1.26189622E+00  1.00123036E+00  1.26189622E+00
   265  5.30000000E+01  1.26193539E+00  1.00133358E+00  1.26193539E+00
   266  5.32000000E+01  1.26197237E+00  1.00144231E+00  1.26197237E+00
   267  5.34000000E+01  1.26200728E+00  1.00155676E+00  1.26200728E+00
   268  5.36000000E+01  1.26204021E+00  1.00167717E+00  1.26204021E+00
   269  5.38000000E+01  1.26207127E+00  1.00180381E+00  1.26207127E+00
   270  5.40000000E+01  1.26210056E+00  1.00193692E+00  1.26210056E+00
   271  5.42000000E+01  1.26212815E+00  1.00207677E+00  1.26212815E+00
   272  5.44000000E+01  1.26215835E+00  1.00222363E+00  1.26215835E+00
   273  5.46000000E+01  1.26218920E+00  1.00237780E+00  1.26218920E+00
   274  5.48000000E+01  1.26221829E+00  1.00253956E+00  1.26221829E+00
   275  5.50000000E+01  1.26224569E+00  1.00270921E+00  1.26224569E+00
   276  5.52000000E+01  1.26227151E+00  1.00288708E+00  1.26227151E+00
   277  5.54000000E+01  1.26229582E+00  1.00307348E+00  1.26229582E+00
   278  5.56000000E+01  1.26231870E+00  1.00326874E+00  1.26231870E+00
   279  5.58000000E+01  1.26234023E+00  1.00347321E+00  1.26234023E+00
   280  5.60000000E+01  1.26236462E+00  1.00368724E+00  1.26236462E+00
   281  5.62000000E+01  1.26238880E+00  1.00391120E+00  1.26238880E+00
   282  5.64000000E+01  1.26241156E+00  1.00414545E+00  1.26241156E+00
   283  5.66000000E+01  1.26243297E+00  1.00439039E+00  1.26243297E+00
   284  5.68000000E+01  1.26245311E+00  1.00464642E+00  1.26245311E+00
   285  5.70000000E+01  1.26247204E+00  1.00491394E+00  1.26247204E+00
   286  5.72000000E+01  1.26248984E+00  1.00519336E+00  1.26248984E+00
   287  5.74000000E+01  1.26250656E+00  1.00548513E+00  1.26250656E+00
   288  5.76000000E+01  1.26252574E+00  1.00578967E+00  1.26252574E+00
   289  5.78000000E+01  1.26254454E+00  1.00610745E+00  1.26254454E+00
   290  5.80000000E+01  1.26256222E+00  1.00643892E+00  1.26256222E+00
   291  5.82000000E+01  1.26257882E+00  1.00678456E+00  1.26257882E+00
   292  5.84000000E+01  1.26259441E+00  1.00714486E+00  1.26259441E+00
   293  5.86000000E+01  1.26260904E+00  1.00752032E+00  1.26260904E+00
   294  5.88000000E+01  1.26262277E+00  1.00791144E+00  1.26262277E+00
   295  5.90000000E+01  1.26263565E+00  1.00831875E+00  1.26263565E+00
   296  5.92000000E+01  1.26264910E+00  1.00874278E+00  1.26264910E+00
   297  5.94000000E+01  1.26266366E+00  1.00918407E+00  1.26266366E+00
   298  5.96000000E+01  1.26267732E+00  1.00964318E+00  1.26267732E+00
   299  5.98000000E+01  1.26269013E+00  1.01012068E+00  1.26269013E+00
   300  6.00000000E+01  1.26270214E+00  1.01061714E+00  1.26270214E+00
   301  6.02000000E+01  1.26271340E+00  1.01113315E+00  1.26271340E+00
   302  6.04000000E+01  1.26272395E+00  1.01166932E+00  1.26272395E+00
   303  6.06000000E+01  1.26273383E+00  1.01222625E+00  1.26273383E+00
   304  6.08000000E+01  1.26274308E+00  1.01280455E+00  1.26274308E+00
   305  6.10000000E+01  1.26275339E+00  1.01340487E+00  1.26275339E+00
   306  6.12000000E+01  1.26276386E+00  1.01402782E+00  1.26276386E+00
   307  6.14000000E+01  1.26277367E+00  1.01467406E+00  1.26277367E+00
   308  6.16000000E+01  1.26278285E+00  1.01534423E+00  1.26278285E+00
   309  6.18000000E+01  1.26279143E+00  1.01603898E+00  1.26279143E+00
   310  6.20000000E+01  1.26279946E+00  1.01675898E+00  1.26279946E+00
   311  6.22000000E+01  1.26280697E+00  1.01750488E+00  1.26280697E+00
   312  6.24000000E+01  1.26281398E+00  1.01827735E+00  1.26281398E+00
   313  6.26000000E+01  1.26282053E+00  1.01907704E+00  1.26282053E+00
   314  6.28000000E+01  1.26282681E+00  1.01990463E+00  1.26282681E+00
   315  6.30000000E+01  1.26283428E+00  1.02076078E+00  1.26283428E+00
   316  6.32000000E+01  1.26284126E+00  1.02164613E+00  1.26284126E+00
   317  6.34000000E+01  1.26284777E+00  1.02256134E+00  1.26284777E+00
   318  6.36000000E+01  1.26285386E+00  1.02350706E+00  1.26285386E+00
   319  6.38000000E+01  1.26285953E+00  1.02448393E+00  1.26285953E+00
   320  6.40000000E+01  1.26286482E+00  1.02549256E+00  1.26286482E+00
   321  6.42000000E+01  1.26286975E+00  1.02653359E+00  1.26286975E+00
   322  6.44000000E+01  1.26287434E+00  1.02760761E+00  1.26287434E+00
   323  6.46000000E+01  1.26287862E+00  1.02871522E+00  1.26287862E+00
   324  6.48000000E+01  1.26288260E+00  1.02985697E+00  1.26288260E+00
   325  6.50000000E+01  1.26288658E+00  1.03103344E+00  1.26288658E+00
   326  6.52000000E+01  1.26289113E+00  1.03224514E+00  1.26289113E+00
   327  6.54000000E+01  1.26289537E+00  1.03349260E+00  1.26289537E+00
   328  6.56000000E+01  1.26289932E+00  1.03477629E+00  1.26289932E+00
   329  6.58000000E+01  1.26290299E+00  1.03609667E+00  1.26290299E+00
   330  6.60000000E+01  1.26290639E+00  1.03745417E+00  1.26290639E+00
   331  6.62000000E+01  1.26290956E+00  1.03884918E+00  1.26290956E+00
   332  6.64000000E+01  1.26291249E+00  1.04028206E+00  1.26291249E+00
   333  6.66000000E+01  1.26291521E+00  1.04175313E+00  1.26291521E+00
   334  6.68000000E+01  1.26291773E+00  1.04326267E+00  1.26291773E+00
   335  6.70000000E+01  1.26292006E+00  1.04481092E+00  1.26292006E+00
   336  6.72000000E+01  1.26292222E+00  1.04639806E+00  1.26292222E+00
   337  6.74000000E+01  1.26292421E+00  1.04802422E+00  1.26292421E+00
   338  6.76000000E+01  1.26292605E+00  1.04968950E+00  1.26292605E+00
   339  6.78000000E+01  1.26292803E+00  1.05139391E+00  1.26292803E+00
   340  6.80000000E+01  1.26293018E+00  1.05313744E+00  1.26293018E+00
   341  6.82000000E+01  1.26293216E+00  1.05491998E+00  1.26293216E+00
   342  6.84000000E+01  1.26293399E+00  1.05674139E+00  1.26293399E+00
   343  6.86000000E+01  1.26293567E+00  1.05860143E+00  1.26293567E+00
   344  6.88000000E+01  1.26293723E+00  1.06049982E+00  1.26293723E+00
   345  6.90000000E+01  1.26293866E+00  1.06243621E+00  1.26293866E+00
   346  6.92000000E+01  1.26293997E+00  1.06441016E+00  1.26293997E+00
   347  6.94000000E+01  1.26294118E+00  1.06642117E+00  1.26294118E+00
   348  6.96000000E+01  1.26294228E+00  1.06846865E+00  1.26294228E+00
   349  6.98000000E+01  1.26294329E+00  1.07055197E+00  1.26294329E+00
   350  7.00000000E+01  1.26294421E+00  1.07267040E+00  1.26294421E+00
   351  7.02000000E+01  1.26294506E+00  1.07482313E+00  1.26294506E+00
   352  7.04000000E+01  1.26294582E+00  1.07700930E+00  1.26294582E+00
   353  7.06000000E+01  1.26294652E+00  1.07922796E+00  1.26294652E+00
   354  7.08000000E+01  1.26294715E+00  1.08147809E+00  1.26294715E+00
   355  7.10000000E+01  1.26294772E+00  1.08375861E+00  1.26294772E+00
   356  7.12000000E+01  1.26294823E+00  1.08606836E+00  1.26294823E+00
   357  7.14000000E+01  1.26294869E+00  1.08840612E+00  1.26294869E+00
   358  7.16000000E+01  1.26294911E+00  1.09077060E+00  1.26294911E+00
   359  7.18000000E+01  1.26294948E+00  1.09316045E+00  1.26294948E+00
   360  7.20000000E+01  1.26294980E+00  1.09557426E+00  1.26294980E+00
   361  7.22000000E+01  1.26295009E+00  1.09801057E+00  1.26295009E+00
   362  7.24000000E+01  1.26295035E+00  1.10046786E+00  1.26295035E+00
   363  7.26000000E+01  1.26295057E+00  1.10294455E+00  1.26295057E+00
   364  7.28000000E+01  1.26295076E+00  1.10543904E+00  1.26295076E+00
   365  7.30000000E+01  1.26295096E+00  1.10794966E+00  1.26295096E+00
   366  7.32000000E+01  1.26295121E+00  1.11047472E+00  1.26295121E+00
   367  7.34000000E+01  1.26295143E+00  1.11301250E+00  1.26295143E+00
   368  7.36000000E+01  1.26295162E+00  1.11556124E+00  1.26295162E+00
   369  7.38000000E+01  1.26295178E+00  1.11811918E+00  1.26295178E+00
   370  7.40000000E+01  1.26295192E+00  1.12068454E+00  1.26295192E+00
   371  7.42000000E+01  1.26295203E+00  1.12325553E+00  1.26295203E+00
   372  7.44000000E+01  1.26295212E+00  1.12583037E+00  1.26295212E+00
   373  7.46000000E+01  1.26295220E+00  1.12840730E+00  1.26295220E+00
   374  7.48000000E+01  1.26295226E+00  1.13098454E+00  1.26295226E+00
   375  7.50000000E+01  1.26295230E+00  1.13356037E+00  1.26295230E+00
   376  7.52000000E+01  1.26295232E+00  1.13613307E+00  1.26295232E+00
   377  7.54000000E+01  1.26295234E+00  1.13870097E+00  1.26295234E+00
   378  7.56000000E+01  1.26295234E+00  1.14126243E+00  1.26295234E+00
   379  7.58000000E+01  1.26295233E+00  1.14381582E+00  1.26295233E+00
   380  7.60000000E+01  1.26295231E+00  1.14635960E+00  1.26295231E+00
   381  7.62000000E+01  1.26295229E+00  1.14889226E+00  1.26295229E+00
   382  7.64000000E+01  1.26295225E+00  1.15141232E+00  1.26295225E+00
   383  7.66000000E+01  1.26295221E+00  1.15391838E+00  1.26295221E+00
   384  7.68000000E+01  1.26295217E+00  1.15640912E+00  1.26295217E+00
   385  7.70000000E+01  1.26295211E+00  1.15888324E+00  1.26295211E+00
   386  7.72000000E+01  1.26295206E+00  1.16133956E+00  1.26295206E+00
   387  7.74000000E+01  1.26295200E+00  1.16377696E+00  1.26295200E+00
   388  7.76000000E+01  1.26295193E+00  1.16619442E+00  1.26295193E+00
   389  7.78000000E+01  1.26295187E+00  1.16859099E+00  1.26295187E+00
   390  7.80000000E+01  1.26295180E+00  1.17096583E+00  1.26295180E+00
   391  7.82000000E+01  1.26295172E+00  1.17331819E+00  1.26295172E+00
   392  7.84000000E+01  1.26295165E+00  1.17564740E+00  1.26295165E+00
   393  7.86000000E+01  1.26295158E+00  1.17795290E+00  1.26295158E+00
   394  7.88000000E+01  1.26295150E+00  1.18023418E+00  1.26295150E+00
   395  7.90000000E+01  1.26295143E+00  1.18249082E+00  1.26295143E+00
   396  7.92000000E+01  1.26295135E+00  1.18472245E+00  1.26295135E+00
   397  7.94000000E+01  1.26295127E+00  1.18692876E+00  1.26295127E+00
   398  7.96000000E+01  1.26295120E+00  1.18910945E+00  1.26295120E+00
   399  7.98000000E+01  1.26295112E+00  1.19126428E+00  1.26295112E+00
   400  8.00000000E+01  1.26295105E+00  1.19339301E+00  1.26295105E+00
   401  8.02000000E+01  1.26295097E+00  1.19549543E+00  1.26295097E+00
   402  8.04000000E+01  1.26295090E+00  1.19757133E+00  1.26295090E+00
   403  8.06000000E+01  1.26295083E+00  1.19962052E+00  1.26295083E+00
   404  8.08000000E+01  1.26295076E+00  1.20164281E+00  1.26295076E+00
   405  8.10000000E+01  1.26295069E+00  1.20363805E+00  1.26295069E+00
   406  8.12000000E+01  1.26295062E+00  1.20560610E+00  1.26295062E+00
   407  8.14000000E+01  1.26295055E+00  1.20754684E+00  1.26295055E+00
   408  8.16000000E+01  1.26295048E+00  1.20946019E+00  1.26295048E+00
   409  8.18000000E+01  1.26295042E+00  1.21134606E+00  1.26295042E+00
   410  8.20000000E+01  1.26295036E+00  1.21320439E+00  1.26295036E+00
   411  8.22000000E+01  1.26295029E+00  1.21503510E+00  1.26295029E+00
   412  8.24000000E+01  1.26295023E+00  1.21683809E+00  1.26295023E+00
   413  8.26000000E+01  1.26295018E+00  1.21861319E+00  1.26295018E+00
   414  8.28000000E+01  1.26295012E+00  1.22036012E+00  1.26295012E+00
   415  8.30000000E+01  1.26295006E+00  1.22207851E+00  1.26295006E+00
   416  8.32000000E+01  1.26295001E+00  1.22376778E+00  1.26295001E+00
   417  8.34000000E+01  1.26294996E+00  1.22542718E+00  1.26294996E+00
   418  8.36000000E+01  1.26294991E+00  1.22705572E+00  1.26294991E+00
   419  8.38000000E+01  1.26294986E+00  1.22865218E+00  1.26294986E+00
   420  8.40000000E+01  1.26294981E+00  1.23021506E+00  1.26294981E+00
   421  8.42000000E+01  1.26294976E+00  1.23174263E+00  1.26294976E+00
   422  8.44000000E+01  1.26294972E+00  1.23323295E+00  1.26294972E+00
   423  8.46000000E+01  1.26294968E+00  1.23468387E+00  1.26294968E+00
   424  8.48000000E+01  1.26294963E+00  1.23609311E+00  1.26294963E+00
   425  8.50000000E+01  1.26294959E+00  1.23745832E+00  1.26294959E+00
   426  8.52000000E+01  1.26294956E+00  1.23877718E+00  1.26294956E+00
   427  8.54000000E+01  1.26294952E+00  1.24004743E+00  1.26294952E+00
   428  8.56000000E+01  1.26294948E+00  1.24126701E+00  1.26294948E+00
   429  8.58000000E+01  1.26294945E+00  1.24243413E+00  1.26294945E+00
   430  8.60000000E+01  1.26294941E+00  1.24354734E+00  1.26294941E+00
   431  8.62000000E+01  1.26294938E+00  1.24460559E+00  1.26294938E+00
   432  8.64000000E+01  1.26294935E+00  1.24560834E+00  1.26294935E+00
   433  8.66000000E+01  1.26294932E+00  1.24655552E+00  1.26294932E+00
   434  8.68000000E+01  1.26294929E+00  1.24744761E+00  1.26294929E+00
   435  8.70000000E+01  1.26294927E+00  1.24828562E+00  1.26294927E+00
   436  8.72000000E+01  1.26294924E+00  1.24907106E+00  1.26294924E+00
   437  8.74000000E+01  1.26294921E+00  1.24980590E+00  1.26294921E+00
   438  8.76000000E+01  1.26294919E+00  1.25049252E+00  1.26294919E+00
   439  8.78000000E+01  1.26294917E+00  1.25113361E+00  1.26294917E+00
   440  8.80000000E+01  1.26294914E+00  1.25173215E+00  1.26294914E+00
   441  8.82000000E+01  1.26294912E+00  1.25229124E+00  1.26294912E+00
   442  8.84000000E+01  1.26294910E+00  1.25281410E+00  1.26294910E+00
   443  8.86000000E+01  1.26294908E+00  1.25330389E+00  1.26294908E+00
   444  8.88000000E+01  1.26294906E+00  1.25376371E+00  1.26294906E+00
   445  8.90000000E+01  1.26294904E+00  1.25419650E+00  1.26294904E+00
   446  8.92000000E+01  1.26294903E+00  1.25460499E+00  1.26294903E+00
   447  8.94000000E+01  1.26294901E+00  1.25499163E+00  1.26294901E+00
   448  8.96000000E+01  1.26294900E+00  1.25535861E+00  1.26294900E+00
   449  8.98000000E+01  1.26294898E+00  1.25570782E+00  1.26294898E+00
   450  9.00000000E+01  1.26294897E+00  1.25604086E+00  1.26294897E+00
   451  9.02000000E+01  1.26294895E+00  1.25635904E+00  1.26294895E+00
   452  9.04000000E+01  1.26294894E+00  1.25666343E+00  1.26294894E+00
   453  9.06000000E+01  1.26294893E+00  1.25695484E+00  1.26294893E+00
   454  9.08000000E+01  1.26294891E+00  1.25723394E+00  1.26294891E+00
   455  9.10000000E+01  1.26294890E+00  1.25750122E+00  1.26294890E+00
   456  9.12000000E+01  1.26294889E+00  1.25775704E+00  1.26294889E+00
   457  9.14000000E+01  1.26294888E+00  1.25800171E+00  1.26294888E+00
   458  9.16000000E+01  1.26294887E+00  1.25823550E+00  1.26294887E+00
   459  9.18000000E+01  1.26294886E+00  1.25845863E+00  1.26294886E+00
   460  9.20000000E+01  1.26294885E+00  1.25867135E+00  1.26294885E+00
   461  9.22000000E+01  1.26294885E+00  1.25887392E+00  1.26294885E+00
   462  9.24000000E+01  1.26294884E+00  1.25906662E+00  1.26294884E+00
   463  9.26000000E+01  1.26294883E+00  1.25924979E+00  1.26294883E+00
   464  9.28000000E+01  1.26294882E+00  1.25942377E+00  1.26294882E+00
   465  9.30000000E+01  1.26294881E+00  1.25958895E+00  1.26294881E+00
   466  9.32000000E+01  1.26294881E+00  1.25974575E+00  1.26294881E+00
   467  9.34000000E+01  1.26294880E+00  1.25989457E+00  1.26294880E+00
   468  9.36000000E+01  1.26294880E+00  1.26003585E+00  1.26294880E+00
   469  9.38000000E+01  1.26294879E+00  1.26017001E+00  1.26294879E+00
   470  9.40000000E+01  1.26294878E+00  1.26029746E+00  1.26294878E+00
   471  9.42000000E+01  1.26294878E+00  1.26041858E+00  1.26294878E+00
   472  9.44000000E+01  1.26294877E+00  1.26053376E+00  1.26294877E+00
   473  9.46000000E+01  1.26294877E+00  1.26064331E+00  1.26294877E+00
   474  9.48000000E+01  1.26294877E+00  1.26074756E+00  1.26294877E+00
   475  9.50000000E+01  1.26294876E+00  1.26084678E+00  1.26294876E+00
   476  9.52000000E+01  1.26294876E+00  1.26094121E+00  1.26294876E+00
   477  9.54000000E+01  1.26294875E+00  1.26103110E+00  1.26294875E+00
   478  9.56000000E+01  1.26294875E+00  1.26111662E+00  1.26294875E+00
   479  9.58000000E+01  1.26294875E+00  1.26119797E+00  1.26294875E+00
   480  9.60000000E+01  1.26294874E+00  1.26127531E+00  1.26294874E+00
   481  9.62000000E+01  1.26294874E+00  1.26134880E+00  1.26294874E+00
   482  9.64000000E+01  1.26294874E+00  1.26141858E+00  1.26294874E+00
   483  9.66000000E+01  1.26294874E+00  1.26148479E+00  1.26294874E+00
   484  9.68000000E+01  1.26294873E+00  1.26154756E+00  1.26294873E+00
   485  9.70000000E+01  1.26294873E+00  1.26160703E+00  1.26294873E+00
   486  9.72000000E+01  1.26294873E+00  1.26166334E+00  1.26294873E+00
   487  9.74000000E+01  1.26294873E+00  1.26171661E+00  1.26294873E+00
   488  9.76000000E+01  1.26294872E+00  1.26176698E+00  1.26294872E+00
   489  9.78000000E+01  1.26294872E+00  1.26181458E+00  1.26294872E+00
   490  9.80000000E+01  1.26294872E+00  1.26185953E+00  1.26294872E+00
   491  9.82000000E+01  1.26294872E+00  1.26190197E+00  1.26294872E+00
   492  9.84000000E+01  1.26294872E+00  1.26194203E+00  1.26294872E+00
   493  9.86000000E+01  1.26294871E+00  1.26197981E+00  1.26294871E+00
   494  9.88000000E+01  1.26294871E+00  1.26201546E+00  1.26294871E+00
 steady-height stop at step    494: truncated to 3 decimals, truncated max/end/ratio =       1262      1262      1262, max/end/ratio =   1.26294871E+00  1.26201546E+00  1.26294871E+00
