 comppar: model =   2
 comppar: lambda,mobility/eps,betav,eta_0 =  1.0000E+00  0.0000E+00  6.0000E-01  1.0000E+00
 comppar: eta_s,eta_p,G =  6.0000E-01  4.0000E-01  4.0000E-01
 comppar: U_avg,deltat,flowrate,nsteps =  1.0000E-01  2.0000E-01  3.1416E-01    2000
 comppar: geometry = axisymmetric
 comppar: steady stop change,gap,hold,min =  1.0000E-07  1.0000E-03       1      80
 comppar: steady stop truncated decimals =       3
 comppar: ncompc,ncompg =     4     5
 mesh nnodes = 5797
 mesh nelem = 2796
 P1 BC   5.0000000000000000     
 P2 BC   0.0000000000000000     
     1  2.00000000E-01  1.00253084E+00  1.00000000E+00  1.00253084E+00
     2  4.00000000E-01  1.00502121E+00  1.00000000E+00  1.00502121E+00
     3  6.00000000E-01  1.00746508E+00  1.00000000E+00  1.00746508E+00
     4  8.00000000E-01  1.00986405E+00  1.00000000E+00  1.00986405E+00
     5  1.00000000E+00  1.01222026E+00  1.00000000E+00  1.01222026E+00
     6  1.20000000E+00  1.01453898E+00  1.00000000E+00  1.01453898E+00
     7  1.40000000E+00  1.01681672E+00  1.00000000E+00  1.01681672E+00
     8  1.60000000E+00  1.01906242E+00  1.00000000E+00  1.01906242E+00
     9  1.80000000E+00  1.02127834E+00  1.00000000E+00  1.02127834E+00
    10  2.00000000E+00  1.02345915E+00  1.00000000E+00  1.02345915E+00
    11  2.20000000E+00  1.02562497E+00  1.00000000E+00  1.02562497E+00
    12  2.40000000E+00  1.02774831E+00  1.00000000E+00  1.02774831E+00
    13  2.60000000E+00  1.02986511E+00  1.00000001E+00  1.02986511E+00
    14  2.80000000E+00  1.03194151E+00  1.00000001E+00  1.03194151E+00
    15  3.00000000E+00  1.03400776E+00  1.00000001E+00  1.03400776E+00
    16  3.20000000E+00  1.03603961E+00  1.00000001E+00  1.03603961E+00
    17  3.40000000E+00  1.03804325E+00  1.00000001E+00  1.03804325E+00
    18  3.60000000E+00  1.04003956E+00  1.00000000E+00  1.04003956E+00
    19  3.80000000E+00  1.04198042E+00  1.00000000E+00  1.04198042E+00
    20  4.00000000E+00  1.04393713E+00  1.00000000E+00  1.04393713E+00
    21  4.20000000E+00  1.04584244E+00  1.00000000E+00  1.04584244E+00
    22  4.40000000E+00  1.04771400E+00  9.99999999E-01  1.04771400E+00
    23  4.60000000E+00  1.04959449E+00  9.99999997E-01  1.04959449E+00
    24  4.80000000E+00  1.05141527E+00  9.99999994E-01  1.05141527E+00
    25  5.00000000E+00  1.05322702E+00  9.99999991E-01  1.05322702E+00
    26  5.20000000E+00  1.05502341E+00  9.99999987E-01  1.05502341E+00
    27  5.40000000E+00  1.05675676E+00  9.99999982E-01  1.05675676E+00
    28  5.60000000E+00  1.05848503E+00  9.99999977E-01  1.05848503E+00
    29  5.80000000E+00  1.06020779E+00  9.99999970E-01  1.06020779E+00
    30  6.00000000E+00  1.06186531E+00  9.99999963E-01  1.06186531E+00
    31  6.20000000E+00  1.06351342E+00  9.99999955E-01  1.06351342E+00
    32  6.40000000E+00  1.06516140E+00  9.99999946E-01  1.06516140E+00
    33  6.60000000E+00  1.06674205E+00  9.99999936E-01  1.06674205E+00
    34  6.80000000E+00  1.06828032E+00  9.99999924E-01  1.06828032E+00
    35  7.00000000E+00  1.06986889E+00  9.99999912E-01  1.06986889E+00
    36  7.20000000E+00  1.07138905E+00  9.99999898E-01  1.07138905E+00
    37  7.40000000E+00  1.07283809E+00  9.99999882E-01  1.07283809E+00
    38  7.60000000E+00  1.07434450E+00  9.99999865E-01  1.07434450E+00
    39  7.80000000E+00  1.07580403E+00  9.99999846E-01  1.07580403E+00
    40  8.00000000E+00  1.07719151E+00  9.99999825E-01  1.07719151E+00
    41  8.20000000E+00  1.07854687E+00  9.99999803E-01  1.07854687E+00
    42  8.40000000E+00  1.07996589E+00  9.99999778E-01  1.07996589E+00
    43  8.60000000E+00  1.08131276E+00  9.99999751E-01  1.08131276E+00
    44  8.80000000E+00  1.08258533E+00  9.99999722E-01  1.08258533E+00
    45  9.00000000E+00  1.08388741E+00  9.99999690E-01  1.08388741E+00
    46  9.20000000E+00  1.08519365E+00  9.99999656E-01  1.08519365E+00
    47  9.40000000E+00  1.08642548E+00  9.99999619E-01  1.08642548E+00
    48  9.60000000E+00  1.08758121E+00  9.99999578E-01  1.08758121E+00
    49  9.80000000E+00  1.08879290E+00  9.99999535E-01  1.08879290E+00
    50  1.00000000E+01  1.09000859E+00  9.99999488E-01  1.09000859E+00
    51  1.02000000E+01  1.09114881E+00  9.99999438E-01  1.09114881E+00
    52  1.04000000E+01  1.09221226E+00  9.99999384E-01  1.09221226E+00
    53  1.06000000E+01  1.09333628E+00  9.99999326E-01  1.09333628E+00
    54  1.08000000E+01  1.09446045E+00  9.99999264E-01  1.09446045E+00
    55  1.10000000E+01  1.09550833E+00  9.99999197E-01  1.09550833E+00
    56  1.12000000E+01  1.09647910E+00  9.99999125E-01  1.09647910E+00
    57  1.14000000E+01  1.09746730E+00  9.99999049E-01  1.09746730E+00
    58  1.16000000E+01  1.09852226E+00  9.99998967E-01  1.09852226E+00
    59  1.18000000E+01  1.09950091E+00  9.99998880E-01  1.09950091E+00
    60  1.20000000E+01  1.10040296E+00  9.99998787E-01  1.10040296E+00
    61  1.22000000E+01  1.10126069E+00  9.99998688E-01  1.10126069E+00
    62  1.24000000E+01  1.10224591E+00  9.99998582E-01  1.10224591E+00
    63  1.26000000E+01  1.10315488E+00  9.99998470E-01  1.10315488E+00
    64  1.28000000E+01  1.10398779E+00  9.99998350E-01  1.10398779E+00
    65  1.30000000E+01  1.10474559E+00  9.99998224E-01  1.10474559E+00
    66  1.32000000E+01  1.10562178E+00  9.99998089E-01  1.10562178E+00
    67  1.34000000E+01  1.10646502E+00  9.99997946E-01  1.10646502E+00
    68  1.36000000E+01  1.10723362E+00  9.99997794E-01  1.10723362E+00
    69  1.38000000E+01  1.10792930E+00  9.99997633E-01  1.10792930E+00
    70  1.40000000E+01  1.10869581E+00  9.99997463E-01  1.10869581E+00
    71  1.42000000E+01  1.10947289E+00  9.99997283E-01  1.10947289E+00
    72  1.44000000E+01  1.11017678E+00  9.99997092E-01  1.11017678E+00
    73  1.46000000E+01  1.11080993E+00  9.99996890E-01  1.11080993E+00
    74  1.48000000E+01  1.11146770E+00  9.99996677E-01  1.11146770E+00
    75  1.50000000E+01  1.11218222E+00  9.99996452E-01  1.11218222E+00
    76  1.52000000E+01  1.11282613E+00  9.99996215E-01  1.11282613E+00
    77  1.54000000E+01  1.11340260E+00  9.99995964E-01  1.11340260E+00
    78  1.56000000E+01  1.11397307E+00  9.99995700E-01  1.11397307E+00
    79  1.58000000E+01  1.11462464E+00  9.99995421E-01  1.11462464E+00
    80  1.60000000E+01  1.11520822E+00  9.99995128E-01  1.11520822E+00
    81  1.62000000E+01  1.11572770E+00  9.99994819E-01  1.11572770E+00
    82  1.64000000E+01  1.11621873E+00  9.99994494E-01  1.11621873E+00
    83  1.66000000E+01  1.11681279E+00  9.99994152E-01  1.11681279E+00
    84  1.68000000E+01  1.11734242E+00  9.99993793E-01  1.11734242E+00
    85  1.70000000E+01  1.11781196E+00  9.99993415E-01  1.11781196E+00
    86  1.72000000E+01  1.11823264E+00  9.99993019E-01  1.11823264E+00
    87  1.74000000E+01  1.11876893E+00  9.99992602E-01  1.11876893E+00
    88  1.76000000E+01  1.11924450E+00  9.99992165E-01  1.11924450E+00
    89  1.78000000E+01  1.11966420E+00  9.99991707E-01  1.11966420E+00
    90  1.80000000E+01  1.12003325E+00  9.99991226E-01  1.12003325E+00
    91  1.82000000E+01  1.12051700E+00  9.99990723E-01  1.12051700E+00
    92  1.84000000E+01  1.12094560E+00  9.99990195E-01  1.12094560E+00
    93  1.86000000E+01  1.12132254E+00  9.99989643E-01  1.12132254E+00
    94  1.88000000E+01  1.12165299E+00  9.99989064E-01  1.12165299E+00
    95  1.90000000E+01  1.12206252E+00  9.99988459E-01  1.12206252E+00
    96  1.92000000E+01  1.12244452E+00  9.99987827E-01  1.12244452E+00
    97  1.94000000E+01  1.12277947E+00  9.99987166E-01  1.12277947E+00
    98  1.96000000E+01  1.12307257E+00  9.99986475E-01  1.12307257E+00
    99  1.98000000E+01  1.12344069E+00  9.99985754E-01  1.12344069E+00
   100  2.00000000E+01  1.12378280E+00  9.99985001E-01  1.12378280E+00
   101  2.02000000E+01  1.12408186E+00  9.99984215E-01  1.12408186E+00
   102  2.04000000E+01  1.12434280E+00  9.99983396E-01  1.12434280E+00
   103  2.06000000E+01  1.12464576E+00  9.99982542E-01  1.12464576E+00
   104  2.08000000E+01  1.12494911E+00  9.99981652E-01  1.12494911E+00
   105  2.10000000E+01  1.12521391E+00  9.99980725E-01  1.12521391E+00
   106  2.12000000E+01  1.12544486E+00  9.99979760E-01  1.12544486E+00
   107  2.14000000E+01  1.12572051E+00  9.99978755E-01  1.12572051E+00
   108  2.16000000E+01  1.12599060E+00  9.99977711E-01  1.12599060E+00
   109  2.18000000E+01  1.12622567E+00  9.99976624E-01  1.12622567E+00
   110  2.20000000E+01  1.12643012E+00  9.99975495E-01  1.12643012E+00
   111  2.22000000E+01  1.12664788E+00  9.99974323E-01  1.12664788E+00
   112  2.24000000E+01  1.12688667E+00  9.99973105E-01  1.12688667E+00
   113  2.26000000E+01  1.12709448E+00  9.99971842E-01  1.12709448E+00
   114  2.28000000E+01  1.12727533E+00  9.99970531E-01  1.12727533E+00
   115  2.30000000E+01  1.12747576E+00  9.99969173E-01  1.12747576E+00
   116  2.32000000E+01  1.12768715E+00  9.99967765E-01  1.12768715E+00
   117  2.34000000E+01  1.12787060E+00  9.99966307E-01  1.12787060E+00
   118  2.36000000E+01  1.12802980E+00  9.99964797E-01  1.12802980E+00
   119  2.38000000E+01  1.12818004E+00  9.99963236E-01  1.12818004E+00
   120  2.40000000E+01  1.12836675E+00  9.99961621E-01  1.12836675E+00
   121  2.42000000E+01  1.12852892E+00  9.99959952E-01  1.12852892E+00
   122  2.44000000E+01  1.12866981E+00  9.99958228E-01  1.12866981E+00
   123  2.46000000E+01  1.12880976E+00  9.99956448E-01  1.12880976E+00
   124  2.48000000E+01  1.12897414E+00  9.99954612E-01  1.12897414E+00
   125  2.50000000E+01  1.12911654E+00  9.99952718E-01  1.12911654E+00
   126  2.52000000E+01  1.12923993E+00  9.99950767E-01  1.12923993E+00
   127  2.54000000E+01  1.12934687E+00  9.99948758E-01  1.12934687E+00
   128  2.56000000E+01  1.12948283E+00  9.99946690E-01  1.12948283E+00
   129  2.58000000E+01  1.12960885E+00  9.99944564E-01  1.12960885E+00
   130  2.60000000E+01  1.12971818E+00  9.99942378E-01  1.12971818E+00
   131  2.62000000E+01  1.12981301E+00  9.99940134E-01  1.12981301E+00
   132  2.64000000E+01  1.12993751E+00  9.99937830E-01  1.12993751E+00
   133  2.66000000E+01  1.13004765E+00  9.99935468E-01  1.13004765E+00
   134  2.68000000E+01  1.13014301E+00  9.99933047E-01  1.13014301E+00
   135  2.70000000E+01  1.13022560E+00  9.99930570E-01  1.13022560E+00
   136  2.72000000E+01  1.13031297E+00  9.99928035E-01  1.13031297E+00
   137  2.74000000E+01  1.13041061E+00  9.99925445E-01  1.13041061E+00
   138  2.76000000E+01  1.13049525E+00  9.99922800E-01  1.13049525E+00
   139  2.78000000E+01  1.13056861E+00  9.99920103E-01  1.13056861E+00
   140  2.80000000E+01  1.13064838E+00  9.99917355E-01  1.13064838E+00
   141  2.82000000E+01  1.13073343E+00  9.99914558E-01  1.13073343E+00
   142  2.84000000E+01  1.13080709E+00  9.99911714E-01  1.13080709E+00
   143  2.86000000E+01  1.13087091E+00  9.99908827E-01  1.13087091E+00
   144  2.88000000E+01  1.13092627E+00  9.99905899E-01  1.13092627E+00
   145  2.90000000E+01  1.13099711E+00  9.99902934E-01  1.13099711E+00
   146  2.92000000E+01  1.13106265E+00  9.99899935E-01  1.13106265E+00
   147  2.94000000E+01  1.13111951E+00  9.99896908E-01  1.13111951E+00
   148  2.96000000E+01  1.13116889E+00  9.99893856E-01  1.13116889E+00
   149  2.98000000E+01  1.13123096E+00  9.99890786E-01  1.13123096E+00
   150  3.00000000E+01  1.13128801E+00  9.99887703E-01  1.13128801E+00
   151  3.02000000E+01  1.13133758E+00  9.99884613E-01  1.13133758E+00
   152  3.04000000E+01  1.13138074E+00  9.99881523E-01  1.13138074E+00
   153  3.06000000E+01  1.13141926E+00  9.99878442E-01  1.13141926E+00
   154  3.08000000E+01  1.13147022E+00  9.99875377E-01  1.13147022E+00
   155  3.10000000E+01  1.13151458E+00  9.99872338E-01  1.13151458E+00
   156  3.12000000E+01  1.13155331E+00  9.99869334E-01  1.13155331E+00
   157  3.14000000E+01  1.13158728E+00  9.99866377E-01  1.13158728E+00
   158  3.16000000E+01  1.13163032E+00  9.99863477E-01  1.13163032E+00
   159  3.18000000E+01  1.13166919E+00  9.99860647E-01  1.13166919E+00
   160  3.20000000E+01  1.13170330E+00  9.99857901E-01  1.13170330E+00
   161  3.22000000E+01  1.13173338E+00  9.99855253E-01  1.13173338E+00
   162  3.24000000E+01  1.13176011E+00  9.99852719E-01  1.13176011E+00
   163  3.26000000E+01  1.13179282E+00  9.99850315E-01  1.13179282E+00
   164  3.28000000E+01  1.13182369E+00  9.99848058E-01  1.13182369E+00
   165  3.30000000E+01  1.13185106E+00  9.99845970E-01  1.13185106E+00
   166  3.32000000E+01  1.13187554E+00  9.99844068E-01  1.13187554E+00
   167  3.34000000E+01  1.13190028E+00  9.99842377E-01  1.13190028E+00
   168  3.36000000E+01  1.13192773E+00  9.99840918E-01  1.13192773E+00
   169  3.38000000E+01  1.13195225E+00  9.99839718E-01  1.13195225E+00
   170  3.40000000E+01  1.13197432E+00  9.99838802E-01  1.13197432E+00
   171  3.42000000E+01  1.13199435E+00  9.99838199E-01  1.13199435E+00
   172  3.44000000E+01  1.13201265E+00  9.99837940E-01  1.13201265E+00
   173  3.46000000E+01  1.13203240E+00  9.99838057E-01  1.13203240E+00
   174  3.48000000E+01  1.13205285E+00  9.99838585E-01  1.13205285E+00
   175  3.50000000E+01  1.13207153E+00  9.99839558E-01  1.13207153E+00
   176  3.52000000E+01  1.13208869E+00  9.99841017E-01  1.13208869E+00
   177  3.54000000E+01  1.13210453E+00  9.99843003E-01  1.13210453E+00
   178  3.56000000E+01  1.13211948E+00  9.99845558E-01  1.13211948E+00
   179  3.58000000E+01  1.13213657E+00  9.99848729E-01  1.13213657E+00
   180  3.60000000E+01  1.13215233E+00  9.99852565E-01  1.13215233E+00
   181  3.62000000E+01  1.13216690E+00  9.99857117E-01  1.13216690E+00
   182  3.64000000E+01  1.13218038E+00  9.99862440E-01  1.13218038E+00
   183  3.66000000E+01  1.13219283E+00  9.99868591E-01  1.13219283E+00
   184  3.68000000E+01  1.13220428E+00  9.99875632E-01  1.13220428E+00
   185  3.70000000E+01  1.13221603E+00  9.99883628E-01  1.13221603E+00
   186  3.72000000E+01  1.13222872E+00  9.99892645E-01  1.13222872E+00
   187  3.74000000E+01  1.13224040E+00  9.99902756E-01  1.13224040E+00
   188  3.76000000E+01  1.13225109E+00  9.99914036E-01  1.13225109E+00
   189  3.78000000E+01  1.13226083E+00  9.99926566E-01  1.13226083E+00
   190  3.80000000E+01  1.13226963E+00  9.99940429E-01  1.13226963E+00
   191  3.82000000E+01  1.13227837E+00  9.99955714E-01  1.13227837E+00
   192  3.84000000E+01  1.13228816E+00  9.99972513E-01  1.13228816E+00
   193  3.86000000E+01  1.13229705E+00  9.99990926E-01  1.13229705E+00
   194  3.88000000E+01  1.13230508E+00  1.00001105E+00  1.13230508E+00
   195  3.90000000E+01  1.13231227E+00  1.00003301E+00  1.13231227E+00
   196  3.92000000E+01  1.13231869E+00  1.00005690E+00  1.13231869E+00
   197  3.94000000E+01  1.13232477E+00  1.00008285E+00  1.13232477E+00
   198  3.96000000E+01  1.13233211E+00  1.00011098E+00  1.13233211E+00
   199  3.98000000E+01  1.13233865E+00  1.00014143E+00  1.13233865E+00
   200  4.00000000E+01  1.13234446E+00  1.00017432E+00  1.13234446E+00
   201  4.02000000E+01  1.13234961E+00  1.00020982E+00  1.13234961E+00
   202  4.04000000E+01  1.13235418E+00  1.00024807E+00  1.13235418E+00
   203  4.06000000E+01  1.13235824E+00  1.00028922E+00  1.13235824E+00
   204  4.08000000E+01  1.13236342E+00  1.00033345E+00  1.13236342E+00
   205  4.10000000E+01  1.13236809E+00  1.00038093E+00  1.13236809E+00
   206  4.12000000E+01  1.13237223E+00  1.00043184E+00  1.13237223E+00
   207  4.14000000E+01  1.13237592E+00  1.00048637E+00  1.13237592E+00
   208  4.16000000E+01  1.13237921E+00  1.00054472E+00  1.13237921E+00
   209  4.18000000E+01  1.13238216E+00  1.00060709E+00  1.13238216E+00
   210  4.20000000E+01  1.13238481E+00  1.00067371E+00  1.13238481E+00
   211  4.22000000E+01  1.13238786E+00  1.00074480E+00  1.13238786E+00
   212  4.24000000E+01  1.13239085E+00  1.00082060E+00  1.13239085E+00
   213  4.26000000E+01  1.13239355E+00  1.00090135E+00  1.13239355E+00
   214  4.28000000E+01  1.13239599E+00  1.00098731E+00  1.13239599E+00
   215  4.30000000E+01  1.13239821E+00  1.00107875E+00  1.13239821E+00
   216  4.32000000E+01  1.13240023E+00  1.00117594E+00  1.13240023E+00
   217  4.34000000E+01  1.13240206E+00  1.00127918E+00  1.13240206E+00
   218  4.36000000E+01  1.13240373E+00  1.00138877E+00  1.13240373E+00
   219  4.38000000E+01  1.13240523E+00  1.00150502E+00  1.13240523E+00
   220  4.40000000E+01  1.13240674E+00  1.00162826E+00  1.13240674E+00
   221  4.42000000E+01  1.13240841E+00  1.00175883E+00  1.13240841E+00
   222  4.44000000E+01  1.13240992E+00  1.00189708E+00  1.13240992E+00
   223  4.46000000E+01  1.13241127E+00  1.00204337E+00  1.13241127E+00
   224  4.48000000E+01  1.13241249E+00  1.00219809E+00  1.13241249E+00
   225  4.50000000E+01  1.13241356E+00  1.00236163E+00  1.13241356E+00
   226  4.52000000E+01  1.13241451E+00  1.00253439E+00  1.13241451E+00
   227  4.54000000E+01  1.13241534E+00  1.00271680E+00  1.13241534E+00
   228  4.56000000E+01  1.13241606E+00  1.00290929E+00  1.13241606E+00
   229  4.58000000E+01  1.13241667E+00  1.00311231E+00  1.13241667E+00
   230  4.60000000E+01  1.13241719E+00  1.00332633E+00  1.13241719E+00
   231  4.62000000E+01  1.13241763E+00  1.00355184E+00  1.13241763E+00
   232  4.64000000E+01  1.13241805E+00  1.00378932E+00  1.13241805E+00
   233  4.66000000E+01  1.13241859E+00  1.00403929E+00  1.13241859E+00
   234  4.68000000E+01  1.13241904E+00  1.00430227E+00  1.13241904E+00
   235  4.70000000E+01  1.13241941E+00  1.00457882E+00  1.13241941E+00
   236  4.72000000E+01  1.13241972E+00  1.00486949E+00  1.13241972E+00
   237  4.74000000E+01  1.13241997E+00  1.00517486E+00  1.13241997E+00
   238  4.76000000E+01  1.13242017E+00  1.00549551E+00  1.13242017E+00
   239  4.78000000E+01  1.13242033E+00  1.00583205E+00  1.13242033E+00
   240  4.80000000E+01  1.13242045E+00  1.00618510E+00  1.13242045E+00
   241  4.82000000E+01  1.13242053E+00  1.00655530E+00  1.13242053E+00
   242  4.84000000E+01  1.13242058E+00  1.00694331E+00  1.13242058E+00
   243  4.86000000E+01  1.13242060E+00  1.00734977E+00  1.13242060E+00
   244  4.88000000E+01  1.13242060E+00  1.00777537E+00  1.13242060E+00
   245  4.90000000E+01  1.13242058E+00  1.00822081E+00  1.13242058E+00
   246  4.92000000E+01  1.13242054E+00  1.00868678E+00  1.13242054E+00
   247  4.94000000E+01  1.13242048E+00  1.00917400E+00  1.13242048E+00
   248  4.96000000E+01  1.13242041E+00  1.00968320E+00  1.13242041E+00
   249  4.98000000E+01  1.13242033E+00  1.01021510E+00  1.13242033E+00
   250  5.00000000E+01  1.13242023E+00  1.01077047E+00  1.13242023E+00
   251  5.02000000E+01  1.13242013E+00  1.01135003E+00  1.13242013E+00
   252  5.04000000E+01  1.13242002E+00  1.01195456E+00  1.13242002E+00
   253  5.06000000E+01  1.13241990E+00  1.01258482E+00  1.13241990E+00
   254  5.08000000E+01  1.13241979E+00  1.01324156E+00  1.13241979E+00
   255  5.10000000E+01  1.13241966E+00  1.01392555E+00  1.13241966E+00
   256  5.12000000E+01  1.13241954E+00  1.01463756E+00  1.13241954E+00
   257  5.14000000E+01  1.13241942E+00  1.01537834E+00  1.13241942E+00
   258  5.16000000E+01  1.13241929E+00  1.01614864E+00  1.13241929E+00
   259  5.18000000E+01  1.13241917E+00  1.01694920E+00  1.13241917E+00
   260  5.20000000E+01  1.13241904E+00  1.01778076E+00  1.13241904E+00
   261  5.22000000E+01  1.13241892E+00  1.01864403E+00  1.13241892E+00
   262  5.24000000E+01  1.13241880E+00  1.01953970E+00  1.13241880E+00
   263  5.26000000E+01  1.13241868E+00  1.02046845E+00  1.13241868E+00
   264  5.28000000E+01  1.13241857E+00  1.02143092E+00  1.13241857E+00
   265  5.30000000E+01  1.13241845E+00  1.02242774E+00  1.13241845E+00
   266  5.32000000E+01  1.13241835E+00  1.02345950E+00  1.13241835E+00
   267  5.34000000E+01  1.13241824E+00  1.02452674E+00  1.13241824E+00
   268  5.36000000E+01  1.13241814E+00  1.02562996E+00  1.13241814E+00
   269  5.38000000E+01  1.13241804E+00  1.02676965E+00  1.13241804E+00
   270  5.40000000E+01  1.13241794E+00  1.02794620E+00  1.13241794E+00
   271  5.42000000E+01  1.13241785E+00  1.02915997E+00  1.13241785E+00
   272  5.44000000E+01  1.13241776E+00  1.03041128E+00  1.13241776E+00
   273  5.46000000E+01  1.13241768E+00  1.03170034E+00  1.13241768E+00
   274  5.48000000E+01  1.13241760E+00  1.03302733E+00  1.13241760E+00
   275  5.50000000E+01  1.13241752E+00  1.03439234E+00  1.13241752E+00
   276  5.52000000E+01  1.13241744E+00  1.03579537E+00  1.13241744E+00
   277  5.54000000E+01  1.13241737E+00  1.03723636E+00  1.13241737E+00
   278  5.56000000E+01  1.13241731E+00  1.03871515E+00  1.13241731E+00
   279  5.58000000E+01  1.13241724E+00  1.04023148E+00  1.13241724E+00
   280  5.60000000E+01  1.13241718E+00  1.04178498E+00  1.13241718E+00
   281  5.62000000E+01  1.13241712E+00  1.04337520E+00  1.13241712E+00
   282  5.64000000E+01  1.13241707E+00  1.04500158E+00  1.13241707E+00
   283  5.66000000E+01  1.13241702E+00  1.04666341E+00  1.13241702E+00
   284  5.68000000E+01  1.13241697E+00  1.04835991E+00  1.13241697E+00
   285  5.70000000E+01  1.13241692E+00  1.05009015E+00  1.13241692E+00
   286  5.72000000E+01  1.13241688E+00  1.05185307E+00  1.13241688E+00
   287  5.74000000E+01  1.13241683E+00  1.05364752E+00  1.13241683E+00
   288  5.76000000E+01  1.13241679E+00  1.05547218E+00  1.13241679E+00
   289  5.78000000E+01  1.13241676E+00  1.05732562E+00  1.13241676E+00
   290  5.80000000E+01  1.13241672E+00  1.05920628E+00  1.13241672E+00
   291  5.82000000E+01  1.13241669E+00  1.06111244E+00  1.13241669E+00
   292  5.84000000E+01  1.13241666E+00  1.06304229E+00  1.13241666E+00
   293  5.86000000E+01  1.13241663E+00  1.06499385E+00  1.13241663E+00
   294  5.88000000E+01  1.13241660E+00  1.06696504E+00  1.13241660E+00
   295  5.90000000E+01  1.13241658E+00  1.06895363E+00  1.13241658E+00
   296  5.92000000E+01  1.13241655E+00  1.07095727E+00  1.13241655E+00
   297  5.94000000E+01  1.13241653E+00  1.07297350E+00  1.13241653E+00
   298  5.96000000E+01  1.13241651E+00  1.07499973E+00  1.13241651E+00
   299  5.98000000E+01  1.13241649E+00  1.07703326E+00  1.13241649E+00
   300  6.00000000E+01  1.13241647E+00  1.07907129E+00  1.13241647E+00
   301  6.02000000E+01  1.13241646E+00  1.08111091E+00  1.13241646E+00
   302  6.04000000E+01  1.13241644E+00  1.08314912E+00  1.13241644E+00
   303  6.06000000E+01  1.13241643E+00  1.08518284E+00  1.13241643E+00
   304  6.08000000E+01  1.13241641E+00  1.08720890E+00  1.13241641E+00
   305  6.10000000E+01  1.13241640E+00  1.08922408E+00  1.13241640E+00
   306  6.12000000E+01  1.13241639E+00  1.09122509E+00  1.13241639E+00
   307  6.14000000E+01  1.13241638E+00  1.09320860E+00  1.13241638E+00
   308  6.16000000E+01  1.13241636E+00  1.09517122E+00  1.13241636E+00
   309  6.18000000E+01  1.13241636E+00  1.09710958E+00  1.13241636E+00
   310  6.20000000E+01  1.13241635E+00  1.09902025E+00  1.13241635E+00
   311  6.22000000E+01  1.13241634E+00  1.10089984E+00  1.13241634E+00
   312  6.24000000E+01  1.13241633E+00  1.10274495E+00  1.13241633E+00
   313  6.26000000E+01  1.13241632E+00  1.10455224E+00  1.13241632E+00
   314  6.28000000E+01  1.13241632E+00  1.10631840E+00  1.13241632E+00
   315  6.30000000E+01  1.13241631E+00  1.10804018E+00  1.13241631E+00
   316  6.32000000E+01  1.13241630E+00  1.10971443E+00  1.13241630E+00
   317  6.34000000E+01  1.13241630E+00  1.11133809E+00  1.13241630E+00
   318  6.36000000E+01  1.13241629E+00  1.11290823E+00  1.13241629E+00
   319  6.38000000E+01  1.13241629E+00  1.11442206E+00  1.13241629E+00
   320  6.40000000E+01  1.13241629E+00  1.11587696E+00  1.13241629E+00
   321  6.42000000E+01  1.13241628E+00  1.11727048E+00  1.13241628E+00
   322  6.44000000E+01  1.13241628E+00  1.11860041E+00  1.13241628E+00
   323  6.46000000E+01  1.13241627E+00  1.11986477E+00  1.13241627E+00
   324  6.48000000E+01  1.13241627E+00  1.12106185E+00  1.13241627E+00
   325  6.50000000E+01  1.13241627E+00  1.12219024E+00  1.13241627E+00
   326  6.52000000E+01  1.13241627E+00  1.12324888E+00  1.13241627E+00
   327  6.54000000E+01  1.13241626E+00  1.12423706E+00  1.13241626E+00
   328  6.56000000E+01  1.13241626E+00  1.12515447E+00  1.13241626E+00
   329  6.58000000E+01  1.13241626E+00  1.12600125E+00  1.13241626E+00
   330  6.60000000E+01  1.13241626E+00  1.12677796E+00  1.13241626E+00
   331  6.62000000E+01  1.13241626E+00  1.12748566E+00  1.13241626E+00
   332  6.64000000E+01  1.13241625E+00  1.12812588E+00  1.13241625E+00
   333  6.66000000E+01  1.13241625E+00  1.12870065E+00  1.13241625E+00
   334  6.68000000E+01  1.13241625E+00  1.12921247E+00  1.13241625E+00
   335  6.70000000E+01  1.13241625E+00  1.12966428E+00  1.13241625E+00
   336  6.72000000E+01  1.13241625E+00  1.13005948E+00  1.13241625E+00
   337  6.74000000E+01  1.13241625E+00  1.13040179E+00  1.13241625E+00
   338  6.76000000E+01  1.13241625E+00  1.13069527E+00  1.13241625E+00
   339  6.78000000E+01  1.13241625E+00  1.13094421E+00  1.13241625E+00
   340  6.80000000E+01  1.13241625E+00  1.13115304E+00  1.13241625E+00
   341  6.82000000E+01  1.13241625E+00  1.13132626E+00  1.13241625E+00
   342  6.84000000E+01  1.13241624E+00  1.13146834E+00  1.13241624E+00
   343  6.86000000E+01  1.13241624E+00  1.13158363E+00  1.13241624E+00
   344  6.88000000E+01  1.13241624E+00  1.13167630E+00  1.13241624E+00
   345  6.90000000E+01  1.13241624E+00  1.13175022E+00  1.13241624E+00
   346  6.92000000E+01  1.13241624E+00  1.13180897E+00  1.13241624E+00
   347  6.94000000E+01  1.13241624E+00  1.13185570E+00  1.13241624E+00
   348  6.96000000E+01  1.13241624E+00  1.13189319E+00  1.13241624E+00
   349  6.98000000E+01  1.13241624E+00  1.13192379E+00  1.13241624E+00
   350  7.00000000E+01  1.13241624E+00  1.13194943E+00  1.13241624E+00
   351  7.02000000E+01  1.13241624E+00  1.13197165E+00  1.13241624E+00
   352  7.04000000E+01  1.13241624E+00  1.13199161E+00  1.13241624E+00
   353  7.06000000E+01  1.13241624E+00  1.13201016E+00  1.13241624E+00
 steady-height stop at step    353: truncated to 3 decimals, truncated max/end/ratio =       1132      1132      1132, max/end/ratio =   1.13241624E+00  1.13201016E+00  1.13241624E+00
