 comppar: model =   3
 comppar: lambda,mobility/eps,betav,eta_0 =  5.0000E+00  1.0000E-02  1.0000E-01  1.0000E+00
 comppar: eta_s,eta_p,G =  1.0000E-01  9.0000E-01  1.8000E-01
 comppar: U_avg,deltat,flowrate,nsteps =  1.0000E-01  4.0000E-01  3.1416E-01    1000
 comppar: geometry = axisymmetric
 comppar: steady stop change,gap,hold,min =  1.0000E-05  2.0000E-04      10      80
 comppar: steady stop rounded decimals =       4
 comppar: ncompc,ncompg =     4     5
 mesh nnodes = 22999
 mesh nelem = 11296
 P1 BC   5.0000000000000000     
 P2 BC   0.0000000000000000     
     1  4.00000000E-01  1.00503250E+00  1.00000000E+00  1.00503250E+00
     2  8.00000000E-01  1.00979912E+00  1.00000000E+00  1.00979912E+00
     3  1.20000000E+00  1.01428401E+00  1.00000000E+00  1.01428401E+00
     4  1.60000000E+00  1.01863248E+00  1.00000000E+00  1.01863248E+00
     5  2.00000000E+00  1.02292677E+00  1.00000001E+00  1.02292677E+00
     6  2.40000000E+00  1.02724780E+00  1.00000001E+00  1.02724780E+00
     7  2.80000000E+00  1.03166518E+00  1.00000001E+00  1.03166518E+00
     8  3.20000000E+00  1.03622723E+00  1.00000001E+00  1.03622723E+00
     9  3.60000000E+00  1.04094317E+00  1.00000001E+00  1.04094317E+00
    10  4.00000000E+00  1.04581620E+00  1.00000001E+00  1.04581620E+00
    11  4.40000000E+00  1.05084254E+00  1.00000001E+00  1.05084254E+00
    12  4.80000000E+00  1.05601331E+00  1.00000001E+00  1.05601331E+00
    13  5.20000000E+00  1.06131435E+00  1.00000001E+00  1.06131435E+00
    14  5.60000000E+00  1.06675851E+00  1.00000000E+00  1.06675851E+00
    15  6.00000000E+00  1.07230640E+00  9.99999998E-01  1.07230640E+00
    16  6.40000000E+00  1.07797132E+00  9.99999990E-01  1.07797132E+00
    17  6.80000000E+00  1.08370911E+00  9.99999980E-01  1.08370911E+00
    18  7.20000000E+00  1.08953825E+00  9.99999968E-01  1.08953825E+00
    19  7.60000000E+00  1.09541167E+00  9.99999953E-01  1.09541167E+00
    20  8.00000000E+00  1.10131633E+00  9.99999935E-01  1.10131633E+00
    21  8.40000000E+00  1.10726463E+00  9.99999913E-01  1.10726463E+00
    22  8.80000000E+00  1.11321486E+00  9.99999888E-01  1.11321486E+00
    23  9.20000000E+00  1.11915548E+00  9.99999858E-01  1.11915548E+00
    24  9.60000000E+00  1.12510937E+00  9.99999824E-01  1.12510937E+00
    25  1.00000000E+01  1.13103268E+00  9.99999784E-01  1.13103268E+00
    26  1.04000000E+01  1.13691656E+00  9.99999739E-01  1.13691656E+00
    27  1.08000000E+01  1.14279170E+00  9.99999687E-01  1.14279170E+00
    28  1.12000000E+01  1.14860520E+00  9.99999629E-01  1.14860520E+00
    29  1.16000000E+01  1.15438041E+00  9.99999563E-01  1.15438041E+00
    30  1.20000000E+01  1.16009855E+00  9.99999489E-01  1.16009855E+00
    31  1.24000000E+01  1.16576985E+00  9.99999406E-01  1.16576985E+00
    32  1.28000000E+01  1.17137596E+00  9.99999314E-01  1.17137596E+00
    33  1.32000000E+01  1.17691418E+00  9.99999212E-01  1.17691418E+00
    34  1.36000000E+01  1.18238746E+00  9.99999098E-01  1.18238746E+00
    35  1.40000000E+01  1.18777153E+00  9.99998973E-01  1.18777153E+00
    36  1.44000000E+01  1.19309892E+00  9.99998835E-01  1.19309892E+00
    37  1.48000000E+01  1.19834684E+00  9.99998682E-01  1.19834684E+00
    38  1.52000000E+01  1.20351547E+00  9.99998515E-01  1.20351547E+00
    39  1.56000000E+01  1.20857486E+00  9.99998332E-01  1.20857486E+00
    40  1.60000000E+01  1.21358253E+00  9.99998131E-01  1.21358253E+00
    41  1.64000000E+01  1.21844948E+00  9.99997912E-01  1.21844948E+00
    42  1.68000000E+01  1.22329272E+00  9.99997674E-01  1.22329272E+00
    43  1.72000000E+01  1.22800518E+00  9.99997414E-01  1.22800518E+00
    44  1.76000000E+01  1.23268896E+00  9.99997131E-01  1.23268896E+00
    45  1.80000000E+01  1.23725381E+00  9.99996825E-01  1.23725381E+00
    46  1.84000000E+01  1.24177388E+00  9.99996493E-01  1.24177388E+00
    47  1.88000000E+01  1.24618396E+00  9.99996133E-01  1.24618396E+00
    48  1.92000000E+01  1.25054694E+00  9.99995744E-01  1.25054694E+00
    49  1.96000000E+01  1.25480049E+00  9.99995325E-01  1.25480049E+00
    50  2.00000000E+01  1.25900500E+00  9.99994872E-01  1.25900500E+00
    51  2.04000000E+01  1.26305765E+00  9.99994384E-01  1.26305765E+00
    52  2.08000000E+01  1.26711362E+00  9.99993858E-01  1.26711362E+00
    53  2.12000000E+01  1.27101056E+00  9.99993294E-01  1.27101056E+00
    54  2.16000000E+01  1.27488778E+00  9.99992687E-01  1.27488778E+00
    55  2.20000000E+01  1.27863615E+00  9.99992035E-01  1.27863615E+00
    56  2.24000000E+01  1.28237361E+00  9.99991337E-01  1.28237361E+00
    57  2.28000000E+01  1.28598331E+00  9.99990588E-01  1.28598331E+00
    58  2.32000000E+01  1.28957808E+00  9.99989787E-01  1.28957808E+00
    59  2.36000000E+01  1.29304898E+00  9.99988930E-01  1.29304898E+00
    60  2.40000000E+01  1.29646934E+00  9.99988014E-01  1.29646934E+00
    61  2.44000000E+01  1.29980204E+00  9.99987035E-01  1.29980204E+00
    62  2.48000000E+01  1.30305619E+00  9.99985991E-01  1.30305619E+00
    63  2.52000000E+01  1.30624974E+00  9.99984878E-01  1.30624974E+00
    64  2.56000000E+01  1.30935865E+00  9.99983691E-01  1.30935865E+00
    65  2.60000000E+01  1.31241176E+00  9.99982427E-01  1.31241176E+00
    66  2.64000000E+01  1.31539405E+00  9.99981083E-01  1.31539405E+00
    67  2.68000000E+01  1.31830531E+00  9.99979653E-01  1.31830531E+00
    68  2.72000000E+01  1.32116040E+00  9.99978134E-01  1.32116040E+00
    69  2.76000000E+01  1.32392750E+00  9.99976521E-01  1.32392750E+00
    70  2.80000000E+01  1.32664811E+00  9.99974809E-01  1.32664811E+00
    71  2.84000000E+01  1.32926931E+00  9.99972993E-01  1.32926931E+00
    72  2.88000000E+01  1.33185102E+00  9.99971070E-01  1.33185102E+00
    73  2.92000000E+01  1.33432457E+00  9.99969032E-01  1.33432457E+00
    74  2.96000000E+01  1.33679127E+00  9.99966876E-01  1.33679127E+00
    75  3.00000000E+01  1.33912095E+00  9.99964595E-01  1.33912095E+00
    76  3.04000000E+01  1.34148079E+00  9.99962184E-01  1.34148079E+00
    77  3.08000000E+01  1.34370669E+00  9.99959638E-01  1.34370669E+00
    78  3.12000000E+01  1.34591973E+00  9.99956950E-01  1.34591973E+00
    79  3.16000000E+01  1.34802930E+00  9.99954114E-01  1.34802930E+00
    80  3.20000000E+01  1.35009692E+00  9.99951126E-01  1.35009692E+00
    81  3.24000000E+01  1.35211128E+00  9.99947977E-01  1.35211128E+00
    82  3.28000000E+01  1.35403703E+00  9.99944663E-01  1.35403703E+00
    83  3.32000000E+01  1.35596993E+00  9.99941176E-01  1.35596993E+00
    84  3.36000000E+01  1.35778708E+00  9.99937510E-01  1.35778708E+00
    85  3.40000000E+01  1.35961104E+00  9.99933660E-01  1.35961104E+00
    86  3.44000000E+01  1.36134395E+00  9.99929617E-01  1.36134395E+00
    87  3.48000000E+01  1.36303840E+00  9.99925377E-01  1.36303840E+00
    88  3.52000000E+01  1.36469329E+00  9.99920932E-01  1.36469329E+00
    89  3.56000000E+01  1.36626595E+00  9.99916277E-01  1.36626595E+00
    90  3.60000000E+01  1.36785021E+00  9.99911404E-01  1.36785021E+00
    91  3.64000000E+01  1.36932926E+00  9.99906308E-01  1.36932926E+00
    92  3.68000000E+01  1.37081901E+00  9.99900983E-01  1.37081901E+00
    93  3.72000000E+01  1.37222521E+00  9.99895423E-01  1.37222521E+00
    94  3.76000000E+01  1.37361262E+00  9.99889623E-01  1.37361262E+00
    95  3.80000000E+01  1.37494595E+00  9.99883578E-01  1.37494595E+00
    96  3.84000000E+01  1.37624116E+00  9.99877282E-01  1.37624116E+00
    97  3.88000000E+01  1.37751072E+00  9.99870732E-01  1.37751072E+00
    98  3.92000000E+01  1.37872589E+00  9.99863924E-01  1.37872589E+00
    99  3.96000000E+01  1.37992617E+00  9.99856855E-01  1.37992617E+00
   100  4.00000000E+01  1.38107136E+00  9.99849522E-01  1.38107136E+00
   101  4.04000000E+01  1.38221282E+00  9.99841923E-01  1.38221282E+00
   102  4.08000000E+01  1.38329776E+00  9.99834058E-01  1.38329776E+00
   103  4.12000000E+01  1.38437040E+00  9.99825927E-01  1.38437040E+00
   104  4.16000000E+01  1.38540321E+00  9.99817531E-01  1.38540321E+00
   105  4.20000000E+01  1.38641425E+00  9.99808872E-01  1.38641425E+00
   106  4.24000000E+01  1.38740061E+00  9.99799954E-01  1.38740061E+00
   107  4.28000000E+01  1.38834667E+00  9.99790783E-01  1.38834667E+00
   108  4.32000000E+01  1.38929183E+00  9.99781366E-01  1.38929183E+00
   109  4.36000000E+01  1.39019097E+00  9.99771711E-01  1.39019097E+00
   110  4.40000000E+01  1.39109001E+00  9.99761829E-01  1.39109001E+00
   111  4.44000000E+01  1.39195059E+00  9.99751733E-01  1.39195059E+00
   112  4.48000000E+01  1.39279366E+00  9.99741439E-01  1.39279366E+00
   113  4.52000000E+01  1.39361706E+00  9.99730965E-01  1.39361706E+00
   114  4.56000000E+01  1.39440526E+00  9.99720331E-01  1.39440526E+00
   115  4.60000000E+01  1.39519032E+00  9.99709561E-01  1.39519032E+00
   116  4.64000000E+01  1.39593016E+00  9.99698684E-01  1.39593016E+00
   117  4.68000000E+01  1.39667749E+00  9.99687730E-01  1.39667749E+00
   118  4.72000000E+01  1.39737643E+00  9.99676735E-01  1.39737643E+00
   119  4.76000000E+01  1.39808173E+00  9.99665738E-01  1.39808173E+00
   120  4.80000000E+01  1.39874382E+00  9.99654784E-01  1.39874382E+00
   121  4.84000000E+01  1.39940735E+00  9.99643922E-01  1.39940735E+00
   122  4.88000000E+01  1.40003388E+00  9.99633206E-01  1.40003388E+00
   123  4.92000000E+01  1.40065552E+00  9.99622699E-01  1.40065552E+00
   124  4.96000000E+01  1.40124921E+00  9.99612466E-01  1.40124921E+00
   125  5.00000000E+01  1.40183209E+00  9.99602583E-01  1.40183209E+00
   126  5.04000000E+01  1.40239467E+00  9.99593131E-01  1.40239467E+00
   127  5.08000000E+01  1.40294096E+00  9.99584200E-01  1.40294096E+00
   128  5.12000000E+01  1.40347545E+00  9.99575887E-01  1.40347545E+00
   129  5.16000000E+01  1.40398487E+00  9.99568301E-01  1.40398487E+00
   130  5.20000000E+01  1.40449304E+00  9.99561559E-01  1.40449304E+00
   131  5.24000000E+01  1.40497144E+00  9.99555787E-01  1.40497144E+00
   132  5.28000000E+01  1.40545257E+00  9.99551127E-01  1.40545257E+00
   133  5.32000000E+01  1.40590869E+00  9.99547729E-01  1.40590869E+00
   134  5.36000000E+01  1.40635525E+00  9.99545757E-01  1.40635525E+00
   135  5.40000000E+01  1.40679015E+00  9.99545390E-01  1.40679015E+00
   136  5.44000000E+01  1.40720579E+00  9.99546821E-01  1.40720579E+00
   137  5.48000000E+01  1.40761956E+00  9.99550258E-01  1.40761956E+00
   138  5.52000000E+01  1.40800743E+00  9.99555928E-01  1.40800743E+00
   139  5.56000000E+01  1.40839812E+00  9.99564073E-01  1.40839812E+00
   140  5.60000000E+01  1.40876531E+00  9.99574958E-01  1.40876531E+00
   141  5.64000000E+01  1.40912763E+00  9.99588864E-01  1.40912763E+00
   142  5.68000000E+01  1.40947400E+00  9.99606097E-01  1.40947400E+00
   143  5.72000000E+01  1.40981098E+00  9.99626985E-01  1.40981098E+00
   144  5.76000000E+01  1.41013713E+00  9.99651879E-01  1.41013713E+00
   145  5.80000000E+01  1.41044996E+00  9.99681159E-01  1.41044996E+00
   146  5.84000000E+01  1.41075654E+00  9.99715230E-01  1.41075654E+00
   147  5.88000000E+01  1.41104716E+00  9.99754527E-01  1.41104716E+00
   148  5.92000000E+01  1.41133500E+00  9.99799516E-01  1.41133500E+00
   149  5.96000000E+01  1.41160389E+00  9.99850697E-01  1.41160389E+00
   150  6.00000000E+01  1.41187437E+00  9.99908604E-01  1.41187437E+00
   151  6.04000000E+01  1.41212401E+00  9.99973807E-01  1.41212401E+00
   152  6.08000000E+01  1.41237717E+00  1.00004691E+00  1.41237717E+00
   153  6.12000000E+01  1.41261245E+00  1.00012858E+00  1.41261245E+00
   154  6.16000000E+01  1.41284606E+00  1.00021950E+00  1.41284606E+00
   155  6.20000000E+01  1.41306854E+00  1.00032040E+00  1.41306854E+00
   156  6.24000000E+01  1.41328276E+00  1.00043209E+00  1.41328276E+00
   157  6.28000000E+01  1.41349348E+00  1.00055539E+00  1.41349348E+00
   158  6.32000000E+01  1.41369087E+00  1.00069121E+00  1.41369087E+00
   159  6.36000000E+01  1.41389033E+00  1.00084049E+00  1.41389033E+00
   160  6.40000000E+01  1.41407775E+00  1.00100423E+00  1.41407775E+00
   161  6.44000000E+01  1.41425960E+00  1.00118352E+00  1.41425960E+00
   162  6.48000000E+01  1.41443761E+00  1.00137948E+00  1.41443761E+00
   163  6.52000000E+01  1.41460390E+00  1.00159332E+00  1.41460390E+00
   164  6.56000000E+01  1.41477226E+00  1.00182633E+00  1.41477226E+00
   165  6.60000000E+01  1.41492907E+00  1.00207984E+00  1.41492907E+00
   166  6.64000000E+01  1.41508272E+00  1.00235529E+00  1.41508272E+00
   167  6.68000000E+01  1.41523026E+00  1.00265418E+00  1.41523026E+00
   168  6.72000000E+01  1.41537001E+00  1.00297813E+00  1.41537001E+00
   169  6.76000000E+01  1.41550822E+00  1.00332880E+00  1.41550822E+00
   170  6.80000000E+01  1.41563554E+00  1.00370798E+00  1.41563554E+00
   171  6.84000000E+01  1.41576462E+00  1.00411754E+00  1.41576462E+00
   172  6.88000000E+01  1.41588197E+00  1.00455944E+00  1.41588197E+00
   173  6.92000000E+01  1.41600015E+00  1.00503576E+00  1.41600015E+00
   174  6.96000000E+01  1.41610909E+00  1.00554867E+00  1.41610909E+00
   175  7.00000000E+01  1.41621632E+00  1.00610046E+00  1.41621632E+00
   176  7.04000000E+01  1.41631719E+00  1.00669351E+00  1.41631719E+00
   177  7.08000000E+01  1.41641405E+00  1.00733033E+00  1.41641405E+00
   178  7.12000000E+01  1.41650749E+00  1.00801354E+00  1.41650749E+00
   179  7.16000000E+01  1.41659461E+00  1.00874586E+00  1.41659461E+00
   180  7.20000000E+01  1.41668101E+00  1.00953014E+00  1.41668101E+00
   181  7.24000000E+01  1.41675916E+00  1.01036934E+00  1.41675916E+00
   182  7.28000000E+01  1.41683912E+00  1.01126655E+00  1.41683912E+00
   183  7.32000000E+01  1.41691139E+00  1.01222494E+00  1.41691139E+00
   184  7.36000000E+01  1.41698253E+00  1.01324782E+00  1.41698253E+00
   185  7.40000000E+01  1.41704935E+00  1.01433859E+00  1.41704935E+00
   186  7.44000000E+01  1.41711261E+00  1.01550077E+00  1.41711261E+00
   187  7.48000000E+01  1.41717427E+00  1.01673796E+00  1.41717427E+00
   188  7.52000000E+01  1.41722991E+00  1.01805385E+00  1.41722991E+00
   189  7.56000000E+01  1.41728673E+00  1.01945222E+00  1.41728673E+00
   190  7.60000000E+01  1.41733762E+00  1.02093691E+00  1.41733762E+00
   191  7.64000000E+01  1.41738769E+00  1.02251182E+00  1.41738769E+00
   192  7.68000000E+01  1.41743416E+00  1.02418088E+00  1.41743416E+00
   193  7.72000000E+01  1.41747773E+00  1.02594807E+00  1.41747773E+00
   194  7.76000000E+01  1.41752005E+00  1.02781736E+00  1.41752005E+00
   195  7.80000000E+01  1.41755767E+00  1.02979269E+00  1.41755767E+00
   196  7.84000000E+01  1.41759601E+00  1.03187799E+00  1.41759601E+00
   197  7.88000000E+01  1.41762949E+00  1.03407712E+00  1.41762949E+00
   198  7.92000000E+01  1.41766279E+00  1.03639384E+00  1.41766279E+00
   199  7.96000000E+01  1.41769286E+00  1.03883179E+00  1.41769286E+00
   200  8.00000000E+01  1.41772106E+00  1.04139446E+00  1.41772106E+00
   201  8.04000000E+01  1.41774803E+00  1.04408517E+00  1.41774803E+00
   202  8.08000000E+01  1.41777149E+00  1.04690699E+00  1.41777149E+00
   203  8.12000000E+01  1.41779561E+00  1.04986276E+00  1.41779561E+00
   204  8.16000000E+01  1.41781645E+00  1.05295502E+00  1.41781645E+00
   205  8.20000000E+01  1.41783635E+00  1.05618597E+00  1.41783635E+00
   206  8.24000000E+01  1.41785501E+00  1.05955746E+00  1.41785501E+00
   207  8.28000000E+01  1.41787119E+00  1.06307093E+00  1.41787119E+00
   208  8.32000000E+01  1.41788740E+00  1.06672738E+00  1.41788740E+00
   209  8.36000000E+01  1.41790191E+00  1.07052734E+00  1.41790191E+00
   210  8.40000000E+01  1.41791453E+00  1.07447084E+00  1.41791453E+00
   211  8.44000000E+01  1.41792733E+00  1.07855739E+00  1.41792733E+00
   212  8.48000000E+01  1.41793859E+00  1.08278595E+00  1.41793859E+00
   213  8.52000000E+01  1.41794827E+00  1.08715490E+00  1.41794827E+00
   214  8.56000000E+01  1.41795777E+00  1.09166207E+00  1.41795777E+00
   215  8.60000000E+01  1.41796635E+00  1.09630467E+00  1.41796635E+00
   216  8.64000000E+01  1.41797360E+00  1.10107935E+00  1.41797360E+00
   217  8.68000000E+01  1.41798003E+00  1.10598218E+00  1.41798003E+00
   218  8.72000000E+01  1.41798638E+00  1.11100867E+00  1.41798638E+00
   219  8.76000000E+01  1.41799169E+00  1.11615375E+00  1.41799169E+00
   220  8.80000000E+01  1.41799613E+00  1.12141189E+00  1.41799613E+00
   221  8.84000000E+01  1.41799992E+00  1.12677704E+00  1.41799992E+00
   222  8.88000000E+01  1.41800383E+00  1.13224271E+00  1.41800383E+00
   223  8.92000000E+01  1.41800718E+00  1.13780204E+00  1.41800718E+00
   224  8.96000000E+01  1.41801014E+00  1.14344780E+00  1.41801014E+00
   225  9.00000000E+01  1.41801280E+00  1.14917248E+00  1.41801280E+00
   226  9.04000000E+01  1.41801523E+00  1.15496836E+00  1.41801523E+00
   227  9.08000000E+01  1.41801746E+00  1.16082752E+00  1.41801746E+00
   228  9.12000000E+01  1.41801950E+00  1.16674197E+00  1.41801950E+00
   229  9.16000000E+01  1.41802136E+00  1.17270364E+00  1.41802136E+00
   230  9.20000000E+01  1.41802305E+00  1.17870450E+00  1.41802305E+00
   231  9.24000000E+01  1.41802460E+00  1.18473660E+00  1.41802460E+00
   232  9.28000000E+01  1.41802602E+00  1.19079212E+00  1.41802602E+00
   233  9.32000000E+01  1.41802739E+00  1.19686340E+00  1.41802739E+00
   234  9.36000000E+01  1.41802873E+00  1.20294303E+00  1.41802873E+00
   235  9.40000000E+01  1.41802998E+00  1.20902386E+00  1.41802998E+00
   236  9.44000000E+01  1.41803115E+00  1.21509901E+00  1.41803115E+00
   237  9.48000000E+01  1.41803225E+00  1.22116194E+00  1.41803225E+00
   238  9.52000000E+01  1.41803328E+00  1.22720641E+00  1.41803328E+00
   239  9.56000000E+01  1.41803423E+00  1.23322651E+00  1.41803423E+00
   240  9.60000000E+01  1.41803509E+00  1.23921667E+00  1.41803509E+00
   241  9.64000000E+01  1.41803588E+00  1.24517158E+00  1.41803588E+00
   242  9.68000000E+01  1.41803658E+00  1.25108624E+00  1.41803658E+00
   243  9.72000000E+01  1.41803721E+00  1.25695586E+00  1.41803721E+00
   244  9.76000000E+01  1.41803778E+00  1.26277586E+00  1.41803778E+00
   245  9.80000000E+01  1.41803829E+00  1.26854180E+00  1.41803829E+00
   246  9.84000000E+01  1.41803874E+00  1.27424935E+00  1.41803874E+00
   247  9.88000000E+01  1.41803913E+00  1.27989418E+00  1.41803913E+00
   248  9.92000000E+01  1.41803948E+00  1.28547198E+00  1.41803948E+00
   249  9.96000000E+01  1.41803977E+00  1.29097834E+00  1.41803977E+00
   250  1.00000000E+02  1.41804002E+00  1.29640873E+00  1.41804002E+00
   251  1.00400000E+02  1.41804022E+00  1.30175846E+00  1.41804022E+00
   252  1.00800000E+02  1.41804038E+00  1.30702264E+00  1.41804038E+00
   253  1.01200000E+02  1.41804051E+00  1.31219617E+00  1.41804051E+00
   254  1.01600000E+02  1.41804060E+00  1.31727373E+00  1.41804060E+00
   255  1.02000000E+02  1.41804067E+00  1.32224978E+00  1.41804067E+00
   256  1.02400000E+02  1.41804071E+00  1.32711862E+00  1.41804071E+00
   257  1.02800000E+02  1.41804073E+00  1.33187440E+00  1.41804073E+00
   258  1.03200000E+02  1.41804073E+00  1.33651119E+00  1.41804073E+00
   259  1.03600000E+02  1.41804071E+00  1.34102307E+00  1.41804071E+00
   260  1.04000000E+02  1.41804068E+00  1.34540419E+00  1.41804068E+00
   261  1.04400000E+02  1.41804064E+00  1.34964887E+00  1.41804064E+00
   262  1.04800000E+02  1.41804058E+00  1.35375169E+00  1.41804058E+00
   263  1.05200000E+02  1.41804052E+00  1.35770758E+00  1.41804052E+00
   264  1.05600000E+02  1.41804045E+00  1.36151193E+00  1.41804045E+00
   265  1.06000000E+02  1.41804038E+00  1.36516062E+00  1.41804038E+00
   266  1.06400000E+02  1.41804030E+00  1.36865014E+00  1.41804030E+00
   267  1.06800000E+02  1.41804022E+00  1.37197761E+00  1.41804022E+00
   268  1.07200000E+02  1.41804014E+00  1.37514085E+00  1.41804014E+00
   269  1.07600000E+02  1.41804006E+00  1.37813841E+00  1.41804006E+00
   270  1.08000000E+02  1.41803997E+00  1.38096956E+00  1.41803997E+00
   271  1.08400000E+02  1.41803989E+00  1.38363435E+00  1.41803989E+00
   272  1.08800000E+02  1.41803981E+00  1.38613364E+00  1.41803981E+00
   273  1.09200000E+02  1.41803974E+00  1.38846905E+00  1.41803974E+00
   274  1.09600000E+02  1.41803966E+00  1.39064305E+00  1.41803966E+00
   275  1.10000000E+02  1.41803959E+00  1.39265898E+00  1.41803959E+00
   276  1.10400000E+02  1.41803952E+00  1.39452105E+00  1.41803952E+00
   277  1.10800000E+02  1.41803946E+00  1.39623439E+00  1.41803946E+00
   278  1.11200000E+02  1.41803940E+00  1.39780509E+00  1.41803940E+00
   279  1.11600000E+02  1.41803934E+00  1.39924019E+00  1.41803934E+00
   280  1.12000000E+02  1.41803928E+00  1.40054768E+00  1.41803928E+00
   281  1.12400000E+02  1.41803923E+00  1.40173644E+00  1.41803923E+00
   282  1.12800000E+02  1.41803919E+00  1.40281617E+00  1.41803919E+00
   283  1.13200000E+02  1.41803914E+00  1.40379720E+00  1.41803914E+00
   284  1.13600000E+02  1.41803910E+00  1.40469035E+00  1.41803910E+00
   285  1.14000000E+02  1.41803907E+00  1.40550660E+00  1.41803907E+00
   286  1.14400000E+02  1.41803904E+00  1.40625686E+00  1.41803904E+00
   287  1.14800000E+02  1.41803901E+00  1.40695156E+00  1.41803901E+00
   288  1.15200000E+02  1.41803898E+00  1.40760040E+00  1.41803898E+00
   289  1.15600000E+02  1.41803895E+00  1.40821193E+00  1.41803895E+00
   290  1.16000000E+02  1.41803893E+00  1.40879335E+00  1.41803893E+00
   291  1.16400000E+02  1.41803892E+00  1.40935028E+00  1.41803892E+00
   292  1.16800000E+02  1.41803890E+00  1.40988663E+00  1.41803890E+00
   293  1.17200000E+02  1.41803889E+00  1.41040465E+00  1.41803889E+00
   294  1.17600000E+02  1.41803888E+00  1.41090501E+00  1.41803888E+00
   295  1.18000000E+02  1.41803887E+00  1.41138708E+00  1.41803887E+00
   296  1.18400000E+02  1.41803886E+00  1.41184922E+00  1.41803886E+00
   297  1.18800000E+02  1.41803885E+00  1.41228923E+00  1.41803885E+00
   298  1.19200000E+02  1.41803885E+00  1.41270471E+00  1.41803885E+00
   299  1.19600000E+02  1.41803885E+00  1.41309350E+00  1.41803885E+00
   300  1.20000000E+02  1.41803885E+00  1.41345399E+00  1.41803885E+00
   301  1.20400000E+02  1.41803885E+00  1.41378541E+00  1.41803885E+00
   302  1.20800000E+02  1.41803885E+00  1.41408791E+00  1.41803885E+00
   303  1.21200000E+02  1.41803885E+00  1.41436262E+00  1.41803885E+00
   304  1.21600000E+02  1.41803886E+00  1.41461147E+00  1.41803886E+00
   305  1.22000000E+02  1.41803886E+00  1.41483705E+00  1.41803886E+00
   306  1.22400000E+02  1.41803887E+00  1.41504228E+00  1.41803887E+00
   307  1.22800000E+02  1.41803887E+00  1.41523016E+00  1.41803887E+00
   308  1.23200000E+02  1.41803888E+00  1.41540347E+00  1.41803888E+00
   309  1.23600000E+02  1.41803889E+00  1.41556455E+00  1.41803889E+00
   310  1.24000000E+02  1.41803889E+00  1.41571522E+00  1.41803889E+00
   311  1.24400000E+02  1.41803890E+00  1.41585665E+00  1.41803890E+00
   312  1.24800000E+02  1.41803891E+00  1.41598948E+00  1.41803891E+00
   313  1.25200000E+02  1.41803892E+00  1.41611389E+00  1.41803892E+00
   314  1.25600000E+02  1.41803893E+00  1.41622977E+00  1.41803893E+00
   315  1.26000000E+02  1.41803894E+00  1.41633689E+00  1.41803894E+00
   316  1.26400000E+02  1.41803894E+00  1.41643503E+00  1.41803894E+00
   317  1.26800000E+02  1.41803895E+00  1.41652414E+00  1.41803895E+00
   318  1.27200000E+02  1.41803896E+00  1.41660436E+00  1.41803896E+00
   319  1.27600000E+02  1.41803897E+00  1.41667605E+00  1.41803897E+00
   320  1.28000000E+02  1.41803898E+00  1.41673975E+00  1.41803898E+00
   321  1.28400000E+02  1.41803899E+00  1.41679612E+00  1.41803899E+00
   322  1.28800000E+02  1.41803900E+00  1.41684588E+00  1.41803900E+00
   323  1.29200000E+02  1.41803901E+00  1.41688970E+00  1.41803901E+00
   324  1.29600000E+02  1.41803902E+00  1.41692821E+00  1.41803902E+00
   325  1.30000000E+02  1.41803903E+00  1.41696195E+00  1.41803903E+00
   326  1.30400000E+02  1.41803903E+00  1.41699137E+00  1.41803903E+00
   327  1.30800000E+02  1.41803904E+00  1.41701686E+00  1.41803904E+00
   328  1.31200000E+02  1.41803905E+00  1.41703876E+00  1.41803905E+00
   329  1.31600000E+02  1.41803906E+00  1.41705742E+00  1.41803906E+00
   330  1.32000000E+02  1.41803907E+00  1.41707320E+00  1.41803907E+00
   331  1.32400000E+02  1.41803907E+00  1.41708645E+00  1.41803907E+00
   332  1.32800000E+02  1.41803908E+00  1.41709756E+00  1.41803908E+00
   333  1.33200000E+02  1.41803909E+00  1.41710688E+00  1.41803909E+00
   334  1.33600000E+02  1.41803909E+00  1.41711474E+00  1.41803909E+00
   335  1.34000000E+02  1.41803910E+00  1.41712141E+00  1.41803910E+00
   336  1.34400000E+02  1.41803911E+00  1.41712712E+00  1.41803911E+00
   337  1.34800000E+02  1.41803911E+00  1.41713203E+00  1.41803911E+00
   338  1.35200000E+02  1.41803912E+00  1.41713625E+00  1.41803912E+00
   339  1.35600000E+02  1.41803912E+00  1.41713986E+00  1.41803912E+00
   340  1.36000000E+02  1.41803913E+00  1.41714292E+00  1.41803913E+00
   341  1.36400000E+02  1.41803914E+00  1.41714551E+00  1.41803914E+00
   342  1.36800000E+02  1.41803914E+00  1.41714768E+00  1.41803914E+00
   343  1.37200000E+02  1.41803915E+00  1.41714951E+00  1.41803915E+00
   344  1.37600000E+02  1.41803915E+00  1.41715110E+00  1.41803915E+00
   345  1.38000000E+02  1.41803915E+00  1.41715251E+00  1.41803915E+00
   346  1.38400000E+02  1.41803916E+00  1.41715381E+00  1.41803916E+00
   347  1.38800000E+02  1.41803916E+00  1.41715506E+00  1.41803916E+00
   348  1.39200000E+02  1.41803917E+00  1.41715629E+00  1.41803917E+00
   349  1.39600000E+02  1.41803917E+00  1.41715750E+00  1.41803917E+00
   350  1.40000000E+02  1.41803917E+00  1.41715871E+00  1.41803917E+00
   351  1.40400000E+02  1.41803918E+00  1.41715988E+00  1.41803918E+00
   352  1.40800000E+02  1.41803918E+00  1.41716102E+00  1.41803918E+00
   353  1.41200000E+02  1.41803918E+00  1.41716210E+00  1.41803918E+00
   354  1.41600000E+02  1.41803919E+00  1.41716312E+00  1.41803919E+00
   355  1.42000000E+02  1.41803919E+00  1.41716407E+00  1.41803919E+00
   356  1.42400000E+02  1.41803919E+00  1.41716494E+00  1.41803919E+00
   357  1.42800000E+02  1.41803919E+00  1.41716575E+00  1.41803919E+00
   358  1.43200000E+02  1.41803920E+00  1.41716648E+00  1.41803920E+00
   359  1.43600000E+02  1.41803920E+00  1.41716714E+00  1.41803920E+00
   360  1.44000000E+02  1.41803920E+00  1.41716774E+00  1.41803920E+00
   361  1.44400000E+02  1.41803920E+00  1.41716826E+00  1.41803920E+00
   362  1.44800000E+02  1.41803920E+00  1.41716871E+00  1.41803920E+00
   363  1.45200000E+02  1.41803921E+00  1.41716909E+00  1.41803921E+00
   364  1.45600000E+02  1.41803921E+00  1.41716942E+00  1.41803921E+00
   365  1.46000000E+02  1.41803921E+00  1.41716969E+00  1.41803921E+00
   366  1.46400000E+02  1.41803921E+00  1.41716991E+00  1.41803921E+00
   367  1.46800000E+02  1.41803921E+00  1.41717010E+00  1.41803921E+00
   368  1.47200000E+02  1.41803921E+00  1.41717025E+00  1.41803921E+00
   369  1.47600000E+02  1.41803921E+00  1.41717037E+00  1.41803921E+00
   370  1.48000000E+02  1.41803922E+00  1.41717046E+00  1.41803922E+00
   371  1.48400000E+02  1.41803922E+00  1.41717052E+00  1.41803922E+00
   372  1.48800000E+02  1.41803922E+00  1.41717056E+00  1.41803922E+00
   373  1.49200000E+02  1.41803922E+00  1.41717057E+00  1.41803922E+00
   374  1.49600000E+02  1.41803922E+00  1.41717057E+00  1.41803922E+00
   375  1.50000000E+02  1.41803922E+00  1.41717054E+00  1.41803922E+00
   376  1.50400000E+02  1.41803922E+00  1.41717049E+00  1.41803922E+00
   377  1.50800000E+02  1.41803922E+00  1.41717043E+00  1.41803922E+00
   378  1.51200000E+02  1.41803922E+00  1.41717037E+00  1.41803922E+00
   379  1.51600000E+02  1.41803922E+00  1.41717029E+00  1.41803922E+00
   380  1.52000000E+02  1.41803922E+00  1.41717022E+00  1.41803922E+00
   381  1.52400000E+02  1.41803922E+00  1.41717013E+00  1.41803922E+00
   382  1.52800000E+02  1.41803923E+00  1.41717005E+00  1.41803923E+00
   383  1.53200000E+02  1.41803923E+00  1.41716996E+00  1.41803923E+00
   384  1.53600000E+02  1.41803923E+00  1.41716988E+00  1.41803923E+00
   385  1.54000000E+02  1.41803923E+00  1.41716979E+00  1.41803923E+00
   386  1.54400000E+02  1.41803923E+00  1.41716970E+00  1.41803923E+00
   387  1.54800000E+02  1.41803923E+00  1.41716962E+00  1.41803923E+00
   388  1.55200000E+02  1.41803923E+00  1.41716953E+00  1.41803923E+00
   389  1.55600000E+02  1.41803923E+00  1.41716945E+00  1.41803923E+00
   390  1.56000000E+02  1.41803923E+00  1.41716938E+00  1.41803923E+00
   391  1.56400000E+02  1.41803923E+00  1.41716930E+00  1.41803923E+00
   392  1.56800000E+02  1.41803923E+00  1.41716923E+00  1.41803923E+00
   393  1.57200000E+02  1.41803923E+00  1.41716916E+00  1.41803923E+00
   394  1.57600000E+02  1.41803923E+00  1.41716910E+00  1.41803923E+00
   395  1.58000000E+02  1.41803923E+00  1.41716904E+00  1.41803923E+00
   396  1.58400000E+02  1.41803923E+00  1.41716899E+00  1.41803923E+00
   397  1.58800000E+02  1.41803923E+00  1.41716893E+00  1.41803923E+00
   398  1.59200000E+02  1.41803923E+00  1.41716889E+00  1.41803923E+00
   399  1.59600000E+02  1.41803923E+00  1.41716884E+00  1.41803923E+00
   400  1.60000000E+02  1.41803923E+00  1.41716880E+00  1.41803923E+00
   401  1.60400000E+02  1.41803923E+00  1.41716876E+00  1.41803923E+00
   402  1.60800000E+02  1.41803923E+00  1.41716873E+00  1.41803923E+00
   403  1.61200000E+02  1.41803923E+00  1.41716870E+00  1.41803923E+00
   404  1.61600000E+02  1.41803923E+00  1.41716868E+00  1.41803923E+00
   405  1.62000000E+02  1.41803923E+00  1.41716865E+00  1.41803923E+00
   406  1.62400000E+02  1.41803923E+00  1.41716863E+00  1.41803923E+00
   407  1.62800000E+02  1.41803923E+00  1.41716861E+00  1.41803923E+00
   408  1.63200000E+02  1.41803923E+00  1.41716860E+00  1.41803923E+00
   409  1.63600000E+02  1.41803923E+00  1.41716858E+00  1.41803923E+00
   410  1.64000000E+02  1.41803923E+00  1.41716857E+00  1.41803923E+00
   411  1.64400000E+02  1.41803923E+00  1.41716856E+00  1.41803923E+00
   412  1.64800000E+02  1.41803923E+00  1.41716856E+00  1.41803923E+00
   413  1.65200000E+02  1.41803923E+00  1.41716855E+00  1.41803923E+00
   414  1.65600000E+02  1.41803923E+00  1.41716855E+00  1.41803923E+00
   415  1.66000000E+02  1.41803923E+00  1.41716855E+00  1.41803923E+00
   416  1.66400000E+02  1.41803923E+00  1.41716855E+00  1.41803923E+00
   417  1.66800000E+02  1.41803923E+00  1.41716855E+00  1.41803923E+00
   418  1.67200000E+02  1.41803923E+00  1.41716855E+00  1.41803923E+00
   419  1.67600000E+02  1.41803923E+00  1.41716855E+00  1.41803923E+00
   420  1.68000000E+02  1.41803923E+00  1.41716856E+00  1.41803923E+00
   421  1.68400000E+02  1.41803923E+00  1.41716856E+00  1.41803923E+00
   422  1.68800000E+02  1.41803923E+00  1.41716857E+00  1.41803923E+00
   423  1.69200000E+02  1.41803923E+00  1.41716857E+00  1.41803923E+00
   424  1.69600000E+02  1.41803923E+00  1.41716858E+00  1.41803923E+00
   425  1.70000000E+02  1.41803923E+00  1.41716859E+00  1.41803923E+00
   426  1.70400000E+02  1.41803923E+00  1.41716860E+00  1.41803923E+00
   427  1.70800000E+02  1.41803923E+00  1.41716860E+00  1.41803923E+00
   428  1.71200000E+02  1.41803923E+00  1.41716861E+00  1.41803923E+00
   429  1.71600000E+02  1.41803923E+00  1.41716862E+00  1.41803923E+00
   430  1.72000000E+02  1.41803923E+00  1.41716863E+00  1.41803923E+00
   431  1.72400000E+02  1.41803923E+00  1.41716864E+00  1.41803923E+00
   432  1.72800000E+02  1.41803923E+00  1.41716865E+00  1.41803923E+00
   433  1.73200000E+02  1.41803923E+00  1.41716866E+00  1.41803923E+00
   434  1.73600000E+02  1.41803923E+00  1.41716867E+00  1.41803923E+00
   435  1.74000000E+02  1.41803923E+00  1.41716868E+00  1.41803923E+00
   436  1.74400000E+02  1.41803923E+00  1.41716869E+00  1.41803923E+00
   437  1.74800000E+02  1.41803923E+00  1.41716869E+00  1.41803923E+00
   438  1.75200000E+02  1.41803923E+00  1.41716870E+00  1.41803923E+00
   439  1.75600000E+02  1.41803923E+00  1.41716871E+00  1.41803923E+00
   440  1.76000000E+02  1.41803923E+00  1.41716872E+00  1.41803923E+00
   441  1.76400000E+02  1.41803923E+00  1.41716873E+00  1.41803923E+00
   442  1.76800000E+02  1.41803923E+00  1.41716874E+00  1.41803923E+00
   443  1.77200000E+02  1.41803923E+00  1.41716875E+00  1.41803923E+00
   444  1.77600000E+02  1.41803923E+00  1.41716876E+00  1.41803923E+00
   445  1.78000000E+02  1.41803923E+00  1.41716876E+00  1.41803923E+00
   446  1.78400000E+02  1.41803923E+00  1.41716877E+00  1.41803923E+00
   447  1.78800000E+02  1.41803923E+00  1.41716878E+00  1.41803923E+00
   448  1.79200000E+02  1.41803923E+00  1.41716879E+00  1.41803923E+00
   449  1.79600000E+02  1.41803923E+00  1.41716879E+00  1.41803923E+00
   450  1.80000000E+02  1.41803923E+00  1.41716880E+00  1.41803923E+00
   451  1.80400000E+02  1.41803923E+00  1.41716881E+00  1.41803923E+00
   452  1.80800000E+02  1.41803923E+00  1.41716881E+00  1.41803923E+00
   453  1.81200000E+02  1.41803923E+00  1.41716882E+00  1.41803923E+00
   454  1.81600000E+02  1.41803923E+00  1.41716882E+00  1.41803923E+00
   455  1.82000000E+02  1.41803923E+00  1.41716883E+00  1.41803923E+00
   456  1.82400000E+02  1.41803923E+00  1.41716884E+00  1.41803923E+00
   457  1.82800000E+02  1.41803923E+00  1.41716884E+00  1.41803923E+00
   458  1.83200000E+02  1.41803923E+00  1.41716885E+00  1.41803923E+00
   459  1.83600000E+02  1.41803923E+00  1.41716885E+00  1.41803923E+00
   460  1.84000000E+02  1.41803923E+00  1.41716886E+00  1.41803923E+00
   461  1.84400000E+02  1.41803923E+00  1.41716886E+00  1.41803923E+00
   462  1.84800000E+02  1.41803923E+00  1.41716886E+00  1.41803923E+00
   463  1.85200000E+02  1.41803923E+00  1.41716887E+00  1.41803923E+00
   464  1.85600000E+02  1.41803923E+00  1.41716887E+00  1.41803923E+00
   465  1.86000000E+02  1.41803923E+00  1.41716888E+00  1.41803923E+00
   466  1.86400000E+02  1.41803923E+00  1.41716888E+00  1.41803923E+00
   467  1.86800000E+02  1.41803923E+00  1.41716888E+00  1.41803923E+00
   468  1.87200000E+02  1.41803923E+00  1.41716889E+00  1.41803923E+00
   469  1.87600000E+02  1.41803923E+00  1.41716889E+00  1.41803923E+00
   470  1.88000000E+02  1.41803923E+00  1.41716889E+00  1.41803923E+00
   471  1.88400000E+02  1.41803923E+00  1.41716889E+00  1.41803923E+00
   472  1.88800000E+02  1.41803923E+00  1.41716890E+00  1.41803923E+00
   473  1.89200000E+02  1.41803923E+00  1.41716890E+00  1.41803923E+00
   474  1.89600000E+02  1.41803923E+00  1.41716890E+00  1.41803923E+00
   475  1.90000000E+02  1.41803923E+00  1.41716890E+00  1.41803923E+00
   476  1.90400000E+02  1.41803923E+00  1.41716891E+00  1.41803923E+00
   477  1.90800000E+02  1.41803923E+00  1.41716891E+00  1.41803923E+00
   478  1.91200000E+02  1.41803923E+00  1.41716891E+00  1.41803923E+00
   479  1.91600000E+02  1.41803923E+00  1.41716891E+00  1.41803923E+00
   480  1.92000000E+02  1.41803923E+00  1.41716891E+00  1.41803923E+00
   481  1.92400000E+02  1.41803923E+00  1.41716891E+00  1.41803923E+00
   482  1.92800000E+02  1.41803923E+00  1.41716892E+00  1.41803923E+00
   483  1.93200000E+02  1.41803923E+00  1.41716892E+00  1.41803923E+00
   484  1.93600000E+02  1.41803923E+00  1.41716892E+00  1.41803923E+00
   485  1.94000000E+02  1.41803923E+00  1.41716892E+00  1.41803923E+00
   486  1.94400000E+02  1.41803923E+00  1.41716892E+00  1.41803923E+00
   487  1.94800000E+02  1.41803923E+00  1.41716892E+00  1.41803923E+00
   488  1.95200000E+02  1.41803923E+00  1.41716892E+00  1.41803923E+00
   489  1.95600000E+02  1.41803923E+00  1.41716892E+00  1.41803923E+00
   490  1.96000000E+02  1.41803923E+00  1.41716893E+00  1.41803923E+00
   491  1.96400000E+02  1.41803923E+00  1.41716893E+00  1.41803923E+00
   492  1.96800000E+02  1.41803923E+00  1.41716893E+00  1.41803923E+00
   493  1.97200000E+02  1.41803923E+00  1.41716893E+00  1.41803923E+00
   494  1.97600000E+02  1.41803923E+00  1.41716893E+00  1.41803923E+00
   495  1.98000000E+02  1.41803923E+00  1.41716893E+00  1.41803923E+00
   496  1.98400000E+02  1.41803923E+00  1.41716893E+00  1.41803923E+00
   497  1.98800000E+02  1.41803923E+00  1.41716893E+00  1.41803923E+00
   498  1.99200000E+02  1.41803923E+00  1.41716893E+00  1.41803923E+00
   499  1.99600000E+02  1.41803923E+00  1.41716893E+00  1.41803923E+00
   500  2.00000000E+02  1.41803923E+00  1.41716893E+00  1.41803923E+00
   501  2.00400000E+02  1.41803923E+00  1.41716893E+00  1.41803923E+00
   502  2.00800000E+02  1.41803923E+00  1.41716893E+00  1.41803923E+00
   503  2.01200000E+02  1.41803923E+00  1.41716893E+00  1.41803923E+00
   504  2.01600000E+02  1.41803923E+00  1.41716893E+00  1.41803923E+00
   505  2.02000000E+02  1.41803923E+00  1.41716893E+00  1.41803923E+00
   506  2.02400000E+02  1.41803923E+00  1.41716893E+00  1.41803923E+00
   507  2.02800000E+02  1.41803923E+00  1.41716893E+00  1.41803923E+00
   508  2.03200000E+02  1.41803923E+00  1.41716893E+00  1.41803923E+00
   509  2.03600000E+02  1.41803923E+00  1.41716893E+00  1.41803923E+00
   510  2.04000000E+02  1.41803923E+00  1.41716894E+00  1.41803923E+00
   511  2.04400000E+02  1.41803923E+00  1.41716894E+00  1.41803923E+00
   512  2.04800000E+02  1.41803923E+00  1.41716894E+00  1.41803923E+00
   513  2.05200000E+02  1.41803923E+00  1.41716894E+00  1.41803923E+00
   514  2.05600000E+02  1.41803923E+00  1.41716894E+00  1.41803923E+00
   515  2.06000000E+02  1.41803923E+00  1.41716894E+00  1.41803923E+00
   516  2.06400000E+02  1.41803923E+00  1.41716894E+00  1.41803923E+00
   517  2.06800000E+02  1.41803923E+00  1.41716894E+00  1.41803923E+00
   518  2.07200000E+02  1.41803923E+00  1.41716894E+00  1.41803923E+00
   519  2.07600000E+02  1.41803923E+00  1.41716894E+00  1.41803923E+00
   520  2.08000000E+02  1.41803923E+00  1.41716894E+00  1.41803923E+00
   521  2.08400000E+02  1.41803923E+00  1.41716894E+00  1.41803923E+00
   522  2.08800000E+02  1.41803923E+00  1.41716894E+00  1.41803923E+00
   523  2.09200000E+02  1.41803923E+00  1.41716894E+00  1.41803923E+00
   524  2.09600000E+02  1.41803923E+00  1.41716894E+00  1.41803923E+00
   525  2.10000000E+02  1.41803923E+00  1.41716894E+00  1.41803923E+00
   526  2.10400000E+02  1.41803923E+00  1.41716894E+00  1.41803923E+00
   527  2.10800000E+02  1.41803923E+00  1.41716894E+00  1.41803923E+00
   528  2.11200000E+02  1.41803923E+00  1.41716894E+00  1.41803923E+00
   529  2.11600000E+02  1.41803923E+00  1.41716894E+00  1.41803923E+00
   530  2.12000000E+02  1.41803923E+00  1.41716894E+00  1.41803923E+00
   531  2.12400000E+02  1.41803923E+00  1.41716894E+00  1.41803923E+00
   532  2.12800000E+02  1.41803923E+00  1.41716894E+00  1.41803923E+00
   533  2.13200000E+02  1.41803923E+00  1.41716894E+00  1.41803923E+00
   534  2.13600000E+02  1.41803923E+00  1.41716894E+00  1.41803923E+00
   535  2.14000000E+02  1.41803923E+00  1.41716894E+00  1.41803923E+00
   536  2.14400000E+02  1.41803923E+00  1.41716894E+00  1.41803923E+00
   537  2.14800000E+02  1.41803923E+00  1.41716894E+00  1.41803923E+00
   538  2.15200000E+02  1.41803923E+00  1.41716894E+00  1.41803923E+00
   539  2.15600000E+02  1.41803923E+00  1.41716894E+00  1.41803923E+00
   540  2.16000000E+02  1.41803923E+00  1.41716894E+00  1.41803923E+00
   541  2.16400000E+02  1.41803923E+00  1.41716894E+00  1.41803923E+00
   542  2.16800000E+02  1.41803923E+00  1.41716894E+00  1.41803923E+00
   543  2.17200000E+02  1.41803923E+00  1.41716894E+00  1.41803923E+00
   544  2.17600000E+02  1.41803923E+00  1.41716894E+00  1.41803923E+00
   545  2.18000000E+02  1.41803923E+00  1.41716894E+00  1.41803923E+00
   546  2.18400000E+02  1.41803923E+00  1.41716894E+00  1.41803923E+00
   547  2.18800000E+02  1.41803923E+00  1.41716894E+00  1.41803923E+00
   548  2.19200000E+02  1.41803923E+00  1.41716894E+00  1.41803923E+00
   549  2.19600000E+02  1.41803923E+00  1.41716894E+00  1.41803923E+00
   550  2.20000000E+02  1.41803923E+00  1.41716894E+00  1.41803923E+00
   551  2.20400000E+02  1.41803923E+00  1.41716894E+00  1.41803923E+00
   552  2.20800000E+02  1.41803923E+00  1.41716894E+00  1.41803923E+00
   553  2.21200000E+02  1.41803923E+00  1.41716894E+00  1.41803923E+00
   554  2.21600000E+02  1.41803923E+00  1.41716894E+00  1.41803923E+00
   555  2.22000000E+02  1.41803923E+00  1.41716894E+00  1.41803923E+00
   556  2.22400000E+02  1.41803923E+00  1.41716894E+00  1.41803923E+00
   557  2.22800000E+02  1.41803923E+00  1.41716894E+00  1.41803923E+00
   558  2.23200000E+02  1.41803923E+00  1.41716894E+00  1.41803923E+00
   559  2.23600000E+02  1.41803923E+00  1.41716894E+00  1.41803923E+00
   560  2.24000000E+02  1.41803923E+00  1.41716894E+00  1.41803923E+00
   561  2.24400000E+02  1.41803923E+00  1.41716894E+00  1.41803923E+00
   562  2.24800000E+02  1.41803923E+00  1.41716894E+00  1.41803923E+00
   563  2.25200000E+02  1.41803923E+00  1.41716894E+00  1.41803923E+00
   564  2.25600000E+02  1.41803923E+00  1.41716894E+00  1.41803923E+00
   565  2.26000000E+02  1.41803923E+00  1.41716894E+00  1.41803923E+00
   566  2.26400000E+02  1.41803923E+00  1.41716894E+00  1.41803923E+00
   567  2.26800000E+02  1.41803923E+00  1.41716894E+00  1.41803923E+00
   568  2.27200000E+02  1.41803923E+00  1.41716894E+00  1.41803923E+00
   569  2.27600000E+02  1.41803923E+00  1.41716894E+00  1.41803923E+00
   570  2.28000000E+02  1.41803923E+00  1.41716894E+00  1.41803923E+00
   571  2.28400000E+02  1.41803923E+00  1.41716894E+00  1.41803923E+00
   572  2.28800000E+02  1.41803923E+00  1.41716894E+00  1.41803923E+00
   573  2.29200000E+02  1.41803923E+00  1.41716894E+00  1.41803923E+00
   574  2.29600000E+02  1.41803923E+00  1.41716894E+00  1.41803923E+00
   575  2.30000000E+02  1.41803923E+00  1.41716894E+00  1.41803923E+00
   576  2.30400000E+02  1.41803923E+00  1.41716894E+00  1.41803923E+00
   577  2.30800000E+02  1.41803923E+00  1.41716894E+00  1.41803923E+00
   578  2.31200000E+02  1.41803923E+00  1.41716894E+00  1.41803923E+00
   579  2.31600000E+02  1.41803923E+00  1.41716894E+00  1.41803923E+00
   580  2.32000000E+02  1.41803923E+00  1.41716894E+00  1.41803923E+00
   581  2.32400000E+02  1.41803923E+00  1.41716894E+00  1.41803923E+00
   582  2.32800000E+02  1.41803923E+00  1.41716894E+00  1.41803923E+00
   583  2.33200000E+02  1.41803923E+00  1.41716894E+00  1.41803923E+00
   584  2.33600000E+02  1.41803923E+00  1.41716894E+00  1.41803923E+00
   585  2.34000000E+02  1.41803923E+00  1.41716894E+00  1.41803923E+00
   586  2.34400000E+02  1.41803923E+00  1.41716894E+00  1.41803923E+00
   587  2.34800000E+02  1.41803923E+00  1.41716894E+00  1.41803923E+00
   588  2.35200000E+02  1.41803923E+00  1.41716894E+00  1.41803923E+00
   589  2.35600000E+02  1.41803923E+00  1.41716894E+00  1.41803923E+00
   590  2.36000000E+02  1.41803923E+00  1.41716894E+00  1.41803923E+00
   591  2.36400000E+02  1.41803923E+00  1.41716894E+00  1.41803923E+00
   592  2.36800000E+02  1.41803923E+00  1.41716894E+00  1.41803923E+00
   593  2.37200000E+02  1.41803923E+00  1.41716894E+00  1.41803923E+00
   594  2.37600000E+02  1.41803923E+00  1.41716894E+00  1.41803923E+00
   595  2.38000000E+02  1.41803923E+00  1.41716894E+00  1.41803923E+00
   596  2.38400000E+02  1.41803923E+00  1.41716894E+00  1.41803923E+00
   597  2.38800000E+02  1.41803923E+00  1.41716894E+00  1.41803923E+00
   598  2.39200000E+02  1.41803923E+00  1.41716894E+00  1.41803923E+00
   599  2.39600000E+02  1.41803923E+00  1.41716894E+00  1.41803923E+00
   600  2.40000000E+02  1.41803923E+00  1.41716894E+00  1.41803923E+00
   601  2.40400000E+02  1.41803923E+00  1.41716894E+00  1.41803923E+00
   602  2.40800000E+02  1.41803923E+00  1.41716894E+00  1.41803923E+00
   603  2.41200000E+02  1.41803923E+00  1.41716894E+00  1.41803923E+00
   604  2.41600000E+02  1.41803923E+00  1.41716894E+00  1.41803923E+00
   605  2.42000000E+02  1.41803923E+00  1.41716894E+00  1.41803923E+00
   606  2.42400000E+02  1.41803923E+00  1.41716894E+00  1.41803923E+00
   607  2.42800000E+02  1.41803923E+00  1.41716894E+00  1.41803923E+00
   608  2.43200000E+02  1.41803923E+00  1.41716894E+00  1.41803923E+00
   609  2.43600000E+02  1.41803923E+00  1.41716894E+00  1.41803923E+00
   610  2.44000000E+02  1.41803923E+00  1.41716894E+00  1.41803923E+00
   611  2.44400000E+02  1.41803923E+00  1.41716894E+00  1.41803923E+00
   612  2.44800000E+02  1.41803923E+00  1.41716894E+00  1.41803923E+00
   613  2.45200000E+02  1.41803923E+00  1.41716894E+00  1.41803923E+00
   614  2.45600000E+02  1.41803923E+00  1.41716894E+00  1.41803923E+00
   615  2.46000000E+02  1.41803923E+00  1.41716894E+00  1.41803923E+00
   616  2.46400000E+02  1.41803923E+00  1.41716894E+00  1.41803923E+00
   617  2.46800000E+02  1.41803923E+00  1.41716894E+00  1.41803923E+00
   618  2.47200000E+02  1.41803923E+00  1.41716894E+00  1.41803923E+00
   619  2.47600000E+02  1.41803923E+00  1.41716894E+00  1.41803923E+00
   620  2.48000000E+02  1.41803923E+00  1.41716894E+00  1.41803923E+00
   621  2.48400000E+02  1.41803923E+00  1.41716894E+00  1.41803923E+00
   622  2.48800000E+02  1.41803923E+00  1.41716894E+00  1.41803923E+00
   623  2.49200000E+02  1.41803923E+00  1.41716894E+00  1.41803923E+00
   624  2.49600000E+02  1.41803923E+00  1.41716894E+00  1.41803923E+00
   625  2.50000000E+02  1.41803923E+00  1.41716894E+00  1.41803923E+00
   626  2.50400000E+02  1.41803923E+00  1.41716894E+00  1.41803923E+00
   627  2.50800000E+02  1.41803923E+00  1.41716894E+00  1.41803923E+00
   628  2.51200000E+02  1.41803923E+00  1.41716894E+00  1.41803923E+00
   629  2.51600000E+02  1.41803923E+00  1.41716894E+00  1.41803923E+00
   630  2.52000000E+02  1.41803923E+00  1.41716894E+00  1.41803923E+00
   631  2.52400000E+02  1.41803923E+00  1.41716894E+00  1.41803923E+00
   632  2.52800000E+02  1.41803923E+00  1.41716894E+00  1.41803923E+00
   633  2.53200000E+02  1.41803923E+00  1.41716894E+00  1.41803923E+00
   634  2.53600000E+02  1.41803923E+00  1.41716894E+00  1.41803923E+00
   635  2.54000000E+02  1.41803923E+00  1.41716894E+00  1.41803923E+00
   636  2.54400000E+02  1.41803923E+00  1.41716894E+00  1.41803923E+00
   637  2.54800000E+02  1.41803923E+00  1.41716894E+00  1.41803923E+00
   638  2.55200000E+02  1.41803923E+00  1.41716894E+00  1.41803923E+00
   639  2.55600000E+02  1.41803923E+00  1.41716894E+00  1.41803923E+00
   640  2.56000000E+02  1.41803923E+00  1.41716894E+00  1.41803923E+00
   641  2.56400000E+02  1.41803923E+00  1.41716894E+00  1.41803923E+00
   642  2.56800000E+02  1.41803923E+00  1.41716894E+00  1.41803923E+00
   643  2.57200000E+02  1.41803923E+00  1.41716894E+00  1.41803923E+00
   644  2.57600000E+02  1.41803923E+00  1.41716894E+00  1.41803923E+00
   645  2.58000000E+02  1.41803923E+00  1.41716894E+00  1.41803923E+00
   646  2.58400000E+02  1.41803923E+00  1.41716894E+00  1.41803923E+00
   647  2.58800000E+02  1.41803923E+00  1.41716894E+00  1.41803923E+00
   648  2.59200000E+02  1.41803923E+00  1.41716894E+00  1.41803923E+00
   649  2.59600000E+02  1.41803923E+00  1.41716894E+00  1.41803923E+00
   650  2.60000000E+02  1.41803923E+00  1.41716894E+00  1.41803923E+00
   651  2.60400000E+02  1.41803923E+00  1.41716894E+00  1.41803923E+00
   652  2.60800000E+02  1.41803923E+00  1.41716894E+00  1.41803923E+00
   653  2.61200000E+02  1.41803923E+00  1.41716894E+00  1.41803923E+00
   654  2.61600000E+02  1.41803923E+00  1.41716894E+00  1.41803923E+00
   655  2.62000000E+02  1.41803923E+00  1.41716894E+00  1.41803923E+00
   656  2.62400000E+02  1.41803923E+00  1.41716894E+00  1.41803923E+00
   657  2.62800000E+02  1.41803923E+00  1.41716894E+00  1.41803923E+00
   658  2.63200000E+02  1.41803923E+00  1.41716894E+00  1.41803923E+00
   659  2.63600000E+02  1.41803923E+00  1.41716894E+00  1.41803923E+00
   660  2.64000000E+02  1.41803923E+00  1.41716894E+00  1.41803923E+00
   661  2.64400000E+02  1.41803923E+00  1.41716894E+00  1.41803923E+00
   662  2.64800000E+02  1.41803923E+00  1.41716894E+00  1.41803923E+00
   663  2.65200000E+02  1.41803923E+00  1.41716894E+00  1.41803923E+00
   664  2.65600000E+02  1.41803923E+00  1.41716894E+00  1.41803923E+00
   665  2.66000000E+02  1.41803923E+00  1.41716894E+00  1.41803923E+00
   666  2.66400000E+02  1.41803923E+00  1.41716894E+00  1.41803923E+00
   667  2.66800000E+02  1.41803923E+00  1.41716894E+00  1.41803923E+00
   668  2.67200000E+02  1.41803923E+00  1.41716894E+00  1.41803923E+00
   669  2.67600000E+02  1.41803923E+00  1.41716894E+00  1.41803923E+00
   670  2.68000000E+02  1.41803923E+00  1.41716894E+00  1.41803923E+00
   671  2.68400000E+02  1.41803923E+00  1.41716894E+00  1.41803923E+00
   672  2.68800000E+02  1.41803923E+00  1.41716894E+00  1.41803923E+00
   673  2.69200000E+02  1.41803923E+00  1.41716894E+00  1.41803923E+00
   674  2.69600000E+02  1.41803923E+00  1.41716894E+00  1.41803923E+00
   675  2.70000000E+02  1.41803923E+00  1.41716894E+00  1.41803923E+00
   676  2.70400000E+02  1.41803923E+00  1.41716894E+00  1.41803923E+00
   677  2.70800000E+02  1.41803923E+00  1.41716894E+00  1.41803923E+00
   678  2.71200000E+02  1.41803923E+00  1.41716894E+00  1.41803923E+00
   679  2.71600000E+02  1.41803923E+00  1.41716894E+00  1.41803923E+00
   680  2.72000000E+02  1.41803923E+00  1.41716894E+00  1.41803923E+00
   681  2.72400000E+02  1.41803923E+00  1.41716894E+00  1.41803923E+00
   682  2.72800000E+02  1.41803923E+00  1.41716894E+00  1.41803923E+00
   683  2.73200000E+02  1.41803923E+00  1.41716894E+00  1.41803923E+00
   684  2.73600000E+02  1.41803923E+00  1.41716894E+00  1.41803923E+00
   685  2.74000000E+02  1.41803923E+00  1.41716894E+00  1.41803923E+00
   686  2.74400000E+02  1.41803923E+00  1.41716894E+00  1.41803923E+00
   687  2.74800000E+02  1.41803923E+00  1.41716894E+00  1.41803923E+00
   688  2.75200000E+02  1.41803923E+00  1.41716894E+00  1.41803923E+00
   689  2.75600000E+02  1.41803923E+00  1.41716894E+00  1.41803923E+00
   690  2.76000000E+02  1.41803923E+00  1.41716894E+00  1.41803923E+00
   691  2.76400000E+02  1.41803923E+00  1.41716894E+00  1.41803923E+00
   692  2.76800000E+02  1.41803923E+00  1.41716894E+00  1.41803923E+00
   693  2.77200000E+02  1.41803923E+00  1.41716894E+00  1.41803923E+00
   694  2.77600000E+02  1.41803923E+00  1.41716894E+00  1.41803923E+00
   695  2.78000000E+02  1.41803923E+00  1.41716894E+00  1.41803923E+00
   696  2.78400000E+02  1.41803923E+00  1.41716894E+00  1.41803923E+00
   697  2.78800000E+02  1.41803923E+00  1.41716894E+00  1.41803923E+00
   698  2.79200000E+02  1.41803923E+00  1.41716894E+00  1.41803923E+00
   699  2.79600000E+02  1.41803923E+00  1.41716894E+00  1.41803923E+00
   700  2.80000000E+02  1.41803923E+00  1.41716894E+00  1.41803923E+00
   701  2.80400000E+02  1.41803923E+00  1.41716894E+00  1.41803923E+00
   702  2.80800000E+02  1.41803923E+00  1.41716894E+00  1.41803923E+00
   703  2.81200000E+02  1.41803923E+00  1.41716894E+00  1.41803923E+00
   704  2.81600000E+02  1.41803923E+00  1.41716894E+00  1.41803923E+00
   705  2.82000000E+02  1.41803923E+00  1.41716894E+00  1.41803923E+00
   706  2.82400000E+02  1.41803923E+00  1.41716894E+00  1.41803923E+00
   707  2.82800000E+02  1.41803923E+00  1.41716894E+00  1.41803923E+00
   708  2.83200000E+02  1.41803923E+00  1.41716894E+00  1.41803923E+00
   709  2.83600000E+02  1.41803923E+00  1.41716894E+00  1.41803923E+00
   710  2.84000000E+02  1.41803923E+00  1.41716894E+00  1.41803923E+00
   711  2.84400000E+02  1.41803923E+00  1.41716894E+00  1.41803923E+00
   712  2.84800000E+02  1.41803923E+00  1.41716894E+00  1.41803923E+00
   713  2.85200000E+02  1.41803923E+00  1.41716894E+00  1.41803923E+00
   714  2.85600000E+02  1.41803923E+00  1.41716894E+00  1.41803923E+00
   715  2.86000000E+02  1.41803923E+00  1.41716894E+00  1.41803923E+00
   716  2.86400000E+02  1.41803923E+00  1.41716894E+00  1.41803923E+00
   717  2.86800000E+02  1.41803923E+00  1.41716894E+00  1.41803923E+00
   718  2.87200000E+02  1.41803923E+00  1.41716894E+00  1.41803923E+00
   719  2.87600000E+02  1.41803923E+00  1.41716894E+00  1.41803923E+00
   720  2.88000000E+02  1.41803923E+00  1.41716894E+00  1.41803923E+00
   721  2.88400000E+02  1.41803923E+00  1.41716894E+00  1.41803923E+00
   722  2.88800000E+02  1.41803923E+00  1.41716894E+00  1.41803923E+00
   723  2.89200000E+02  1.41803923E+00  1.41716894E+00  1.41803923E+00
   724  2.89600000E+02  1.41803923E+00  1.41716894E+00  1.41803923E+00
   725  2.90000000E+02  1.41803923E+00  1.41716894E+00  1.41803923E+00
   726  2.90400000E+02  1.41803923E+00  1.41716894E+00  1.41803923E+00
   727  2.90800000E+02  1.41803923E+00  1.41716894E+00  1.41803923E+00
   728  2.91200000E+02  1.41803923E+00  1.41716894E+00  1.41803923E+00
   729  2.91600000E+02  1.41803923E+00  1.41716894E+00  1.41803923E+00
   730  2.92000000E+02  1.41803923E+00  1.41716894E+00  1.41803923E+00
   731  2.92400000E+02  1.41803923E+00  1.41716894E+00  1.41803923E+00
   732  2.92800000E+02  1.41803923E+00  1.41716894E+00  1.41803923E+00
   733  2.93200000E+02  1.41803923E+00  1.41716894E+00  1.41803923E+00
   734  2.93600000E+02  1.41803923E+00  1.41716894E+00  1.41803923E+00
   735  2.94000000E+02  1.41803923E+00  1.41716894E+00  1.41803923E+00
   736  2.94400000E+02  1.41803923E+00  1.41716894E+00  1.41803923E+00
   737  2.94800000E+02  1.41803923E+00  1.41716894E+00  1.41803923E+00
   738  2.95200000E+02  1.41803923E+00  1.41716894E+00  1.41803923E+00
   739  2.95600000E+02  1.41803923E+00  1.41716894E+00  1.41803923E+00
   740  2.96000000E+02  1.41803923E+00  1.41716894E+00  1.41803923E+00
   741  2.96400000E+02  1.41803923E+00  1.41716894E+00  1.41803923E+00
   742  2.96800000E+02  1.41803923E+00  1.41716894E+00  1.41803923E+00
   743  2.97200000E+02  1.41803923E+00  1.41716894E+00  1.41803923E+00
   744  2.97600000E+02  1.41803923E+00  1.41716894E+00  1.41803923E+00
   745  2.98000000E+02  1.41803923E+00  1.41716894E+00  1.41803923E+00
   746  2.98400000E+02  1.41803923E+00  1.41716894E+00  1.41803923E+00
   747  2.98800000E+02  1.41803923E+00  1.41716894E+00  1.41803923E+00
   748  2.99200000E+02  1.41803923E+00  1.41716894E+00  1.41803923E+00
   749  2.99600000E+02  1.41803923E+00  1.41716894E+00  1.41803923E+00
   750  3.00000000E+02  1.41803923E+00  1.41716894E+00  1.41803923E+00
   751  3.00400000E+02  1.41803923E+00  1.41716894E+00  1.41803923E+00
   752  3.00800000E+02  1.41803923E+00  1.41716894E+00  1.41803923E+00
   753  3.01200000E+02  1.41803923E+00  1.41716894E+00  1.41803923E+00
   754  3.01600000E+02  1.41803923E+00  1.41716894E+00  1.41803923E+00
   755  3.02000000E+02  1.41803923E+00  1.41716894E+00  1.41803923E+00
   756  3.02400000E+02  1.41803923E+00  1.41716894E+00  1.41803923E+00
   757  3.02800000E+02  1.41803923E+00  1.41716894E+00  1.41803923E+00
   758  3.03200000E+02  1.41803923E+00  1.41716894E+00  1.41803923E+00
   759  3.03600000E+02  1.41803923E+00  1.41716894E+00  1.41803923E+00
   760  3.04000000E+02  1.41803923E+00  1.41716894E+00  1.41803923E+00
   761  3.04400000E+02  1.41803923E+00  1.41716894E+00  1.41803923E+00
   762  3.04800000E+02  1.41803923E+00  1.41716894E+00  1.41803923E+00
   763  3.05200000E+02  1.41803923E+00  1.41716894E+00  1.41803923E+00
   764  3.05600000E+02  1.41803923E+00  1.41716894E+00  1.41803923E+00
   765  3.06000000E+02  1.41803923E+00  1.41716894E+00  1.41803923E+00
   766  3.06400000E+02  1.41803923E+00  1.41716894E+00  1.41803923E+00
   767  3.06800000E+02  1.41803923E+00  1.41716894E+00  1.41803923E+00
   768  3.07200000E+02  1.41803923E+00  1.41716894E+00  1.41803923E+00
   769  3.07600000E+02  1.41803923E+00  1.41716894E+00  1.41803923E+00
   770  3.08000000E+02  1.41803923E+00  1.41716894E+00  1.41803923E+00
   771  3.08400000E+02  1.41803923E+00  1.41716894E+00  1.41803923E+00
   772  3.08800000E+02  1.41803923E+00  1.41716894E+00  1.41803923E+00
   773  3.09200000E+02  1.41803923E+00  1.41716894E+00  1.41803923E+00
   774  3.09600000E+02  1.41803923E+00  1.41716894E+00  1.41803923E+00
   775  3.10000000E+02  1.41803923E+00  1.41716894E+00  1.41803923E+00
   776  3.10400000E+02  1.41803923E+00  1.41716894E+00  1.41803923E+00
   777  3.10800000E+02  1.41803923E+00  1.41716894E+00  1.41803923E+00
   778  3.11200000E+02  1.41803923E+00  1.41716894E+00  1.41803923E+00
   779  3.11600000E+02  1.41803923E+00  1.41716894E+00  1.41803923E+00
   780  3.12000000E+02  1.41803923E+00  1.41716894E+00  1.41803923E+00
   781  3.12400000E+02  1.41803923E+00  1.41716894E+00  1.41803923E+00
   782  3.12800000E+02  1.41803923E+00  1.41716894E+00  1.41803923E+00
   783  3.13200000E+02  1.41803923E+00  1.41716894E+00  1.41803923E+00
   784  3.13600000E+02  1.41803923E+00  1.41716894E+00  1.41803923E+00
   785  3.14000000E+02  1.41803923E+00  1.41716894E+00  1.41803923E+00
   786  3.14400000E+02  1.41803923E+00  1.41716894E+00  1.41803923E+00
   787  3.14800000E+02  1.41803923E+00  1.41716894E+00  1.41803923E+00
   788  3.15200000E+02  1.41803923E+00  1.41716894E+00  1.41803923E+00
   789  3.15600000E+02  1.41803923E+00  1.41716894E+00  1.41803923E+00
   790  3.16000000E+02  1.41803923E+00  1.41716894E+00  1.41803923E+00
   791  3.16400000E+02  1.41803923E+00  1.41716894E+00  1.41803923E+00
   792  3.16800000E+02  1.41803923E+00  1.41716894E+00  1.41803923E+00
   793  3.17200000E+02  1.41803923E+00  1.41716894E+00  1.41803923E+00
   794  3.17600000E+02  1.41803923E+00  1.41716894E+00  1.41803923E+00
   795  3.18000000E+02  1.41803923E+00  1.41716894E+00  1.41803923E+00
   796  3.18400000E+02  1.41803923E+00  1.41716894E+00  1.41803923E+00
   797  3.18800000E+02  1.41803923E+00  1.41716894E+00  1.41803923E+00
   798  3.19200000E+02  1.41803923E+00  1.41716894E+00  1.41803923E+00
   799  3.19600000E+02  1.41803923E+00  1.41716894E+00  1.41803923E+00
   800  3.20000000E+02  1.41803923E+00  1.41716894E+00  1.41803923E+00
   801  3.20400000E+02  1.41803923E+00  1.41716894E+00  1.41803923E+00
   802  3.20800000E+02  1.41803923E+00  1.41716894E+00  1.41803923E+00
   803  3.21200000E+02  1.41803923E+00  1.41716894E+00  1.41803923E+00
   804  3.21600000E+02  1.41803923E+00  1.41716894E+00  1.41803923E+00
   805  3.22000000E+02  1.41803923E+00  1.41716894E+00  1.41803923E+00
   806  3.22400000E+02  1.41803923E+00  1.41716894E+00  1.41803923E+00
   807  3.22800000E+02  1.41803923E+00  1.41716894E+00  1.41803923E+00
   808  3.23200000E+02  1.41803923E+00  1.41716894E+00  1.41803923E+00
   809  3.23600000E+02  1.41803923E+00  1.41716894E+00  1.41803923E+00
   810  3.24000000E+02  1.41803923E+00  1.41716894E+00  1.41803923E+00
   811  3.24400000E+02  1.41803923E+00  1.41716894E+00  1.41803923E+00
   812  3.24800000E+02  1.41803923E+00  1.41716894E+00  1.41803923E+00
   813  3.25200000E+02  1.41803923E+00  1.41716894E+00  1.41803923E+00
   814  3.25600000E+02  1.41803923E+00  1.41716894E+00  1.41803923E+00
   815  3.26000000E+02  1.41803923E+00  1.41716894E+00  1.41803923E+00
   816  3.26400000E+02  1.41803923E+00  1.41716894E+00  1.41803923E+00
   817  3.26800000E+02  1.41803923E+00  1.41716894E+00  1.41803923E+00
   818  3.27200000E+02  1.41803923E+00  1.41716894E+00  1.41803923E+00
   819  3.27600000E+02  1.41803923E+00  1.41716894E+00  1.41803923E+00
   820  3.28000000E+02  1.41803923E+00  1.41716894E+00  1.41803923E+00
   821  3.28400000E+02  1.41803923E+00  1.41716894E+00  1.41803923E+00
   822  3.28800000E+02  1.41803923E+00  1.41716894E+00  1.41803923E+00
   823  3.29200000E+02  1.41803923E+00  1.41716894E+00  1.41803923E+00
   824  3.29600000E+02  1.41803923E+00  1.41716894E+00  1.41803923E+00
   825  3.30000000E+02  1.41803923E+00  1.41716894E+00  1.41803923E+00
   826  3.30400000E+02  1.41803923E+00  1.41716894E+00  1.41803923E+00
   827  3.30800000E+02  1.41803923E+00  1.41716894E+00  1.41803923E+00
   828  3.31200000E+02  1.41803923E+00  1.41716894E+00  1.41803923E+00
   829  3.31600000E+02  1.41803923E+00  1.41716894E+00  1.41803923E+00
   830  3.32000000E+02  1.41803923E+00  1.41716894E+00  1.41803923E+00
   831  3.32400000E+02  1.41803923E+00  1.41716894E+00  1.41803923E+00
   832  3.32800000E+02  1.41803923E+00  1.41716894E+00  1.41803923E+00
   833  3.33200000E+02  1.41803923E+00  1.41716894E+00  1.41803923E+00
   834  3.33600000E+02  1.41803923E+00  1.41716894E+00  1.41803923E+00
   835  3.34000000E+02  1.41803923E+00  1.41716894E+00  1.41803923E+00
   836  3.34400000E+02  1.41803923E+00  1.41716894E+00  1.41803923E+00
   837  3.34800000E+02  1.41803923E+00  1.41716894E+00  1.41803923E+00
   838  3.35200000E+02  1.41803923E+00  1.41716894E+00  1.41803923E+00
   839  3.35600000E+02  1.41803923E+00  1.41716894E+00  1.41803923E+00
   840  3.36000000E+02  1.41803923E+00  1.41716894E+00  1.41803923E+00
   841  3.36400000E+02  1.41803923E+00  1.41716894E+00  1.41803923E+00
   842  3.36800000E+02  1.41803923E+00  1.41716894E+00  1.41803923E+00
   843  3.37200000E+02  1.41803923E+00  1.41716894E+00  1.41803923E+00
   844  3.37600000E+02  1.41803923E+00  1.41716894E+00  1.41803923E+00
   845  3.38000000E+02  1.41803923E+00  1.41716894E+00  1.41803923E+00
   846  3.38400000E+02  1.41803923E+00  1.41716894E+00  1.41803923E+00
   847  3.38800000E+02  1.41803923E+00  1.41716894E+00  1.41803923E+00
   848  3.39200000E+02  1.41803923E+00  1.41716894E+00  1.41803923E+00
   849  3.39600000E+02  1.41803923E+00  1.41716894E+00  1.41803923E+00
   850  3.40000000E+02  1.41803923E+00  1.41716894E+00  1.41803923E+00
   851  3.40400000E+02  1.41803923E+00  1.41716894E+00  1.41803923E+00
   852  3.40800000E+02  1.41803923E+00  1.41716894E+00  1.41803923E+00
   853  3.41200000E+02  1.41803923E+00  1.41716894E+00  1.41803923E+00
   854  3.41600000E+02  1.41803923E+00  1.41716894E+00  1.41803923E+00
   855  3.42000000E+02  1.41803923E+00  1.41716894E+00  1.41803923E+00
   856  3.42400000E+02  1.41803923E+00  1.41716894E+00  1.41803923E+00
   857  3.42800000E+02  1.41803923E+00  1.41716894E+00  1.41803923E+00
   858  3.43200000E+02  1.41803923E+00  1.41716894E+00  1.41803923E+00
   859  3.43600000E+02  1.41803923E+00  1.41716894E+00  1.41803923E+00
   860  3.44000000E+02  1.41803923E+00  1.41716894E+00  1.41803923E+00
   861  3.44400000E+02  1.41803923E+00  1.41716894E+00  1.41803923E+00
   862  3.44800000E+02  1.41803923E+00  1.41716894E+00  1.41803923E+00
   863  3.45200000E+02  1.41803923E+00  1.41716894E+00  1.41803923E+00
   864  3.45600000E+02  1.41803923E+00  1.41716894E+00  1.41803923E+00
   865  3.46000000E+02  1.41803923E+00  1.41716894E+00  1.41803923E+00
   866  3.46400000E+02  1.41803923E+00  1.41716894E+00  1.41803923E+00
   867  3.46800000E+02  1.41803923E+00  1.41716894E+00  1.41803923E+00
   868  3.47200000E+02  1.41803923E+00  1.41716894E+00  1.41803923E+00
   869  3.47600000E+02  1.41803923E+00  1.41716894E+00  1.41803923E+00
   870  3.48000000E+02  1.41803923E+00  1.41716894E+00  1.41803923E+00
   871  3.48400000E+02  1.41803923E+00  1.41716894E+00  1.41803923E+00
   872  3.48800000E+02  1.41803923E+00  1.41716894E+00  1.41803923E+00
   873  3.49200000E+02  1.41803923E+00  1.41716894E+00  1.41803923E+00
   874  3.49600000E+02  1.41803923E+00  1.41716894E+00  1.41803923E+00
   875  3.50000000E+02  1.41803923E+00  1.41716894E+00  1.41803923E+00
   876  3.50400000E+02  1.41803923E+00  1.41716894E+00  1.41803923E+00
   877  3.50800000E+02  1.41803923E+00  1.41716894E+00  1.41803923E+00
   878  3.51200000E+02  1.41803923E+00  1.41716894E+00  1.41803923E+00
   879  3.51600000E+02  1.41803923E+00  1.41716894E+00  1.41803923E+00
   880  3.52000000E+02  1.41803923E+00  1.41716894E+00  1.41803923E+00
   881  3.52400000E+02  1.41803923E+00  1.41716894E+00  1.41803923E+00
   882  3.52800000E+02  1.41803923E+00  1.41716894E+00  1.41803923E+00
   883  3.53200000E+02  1.41803923E+00  1.41716894E+00  1.41803923E+00
   884  3.53600000E+02  1.41803923E+00  1.41716894E+00  1.41803923E+00
   885  3.54000000E+02  1.41803923E+00  1.41716894E+00  1.41803923E+00
   886  3.54400000E+02  1.41803923E+00  1.41716894E+00  1.41803923E+00
   887  3.54800000E+02  1.41803923E+00  1.41716894E+00  1.41803923E+00
   888  3.55200000E+02  1.41803923E+00  1.41716894E+00  1.41803923E+00
   889  3.55600000E+02  1.41803923E+00  1.41716894E+00  1.41803923E+00
   890  3.56000000E+02  1.41803923E+00  1.41716894E+00  1.41803923E+00
   891  3.56400000E+02  1.41803923E+00  1.41716894E+00  1.41803923E+00
   892  3.56800000E+02  1.41803923E+00  1.41716894E+00  1.41803923E+00
   893  3.57200000E+02  1.41803923E+00  1.41716894E+00  1.41803923E+00
   894  3.57600000E+02  1.41803923E+00  1.41716894E+00  1.41803923E+00
   895  3.58000000E+02  1.41803923E+00  1.41716894E+00  1.41803923E+00
   896  3.58400000E+02  1.41803923E+00  1.41716894E+00  1.41803923E+00
   897  3.58800000E+02  1.41803923E+00  1.41716894E+00  1.41803923E+00
   898  3.59200000E+02  1.41803923E+00  1.41716894E+00  1.41803923E+00
   899  3.59600000E+02  1.41803923E+00  1.41716894E+00  1.41803923E+00
   900  3.60000000E+02  1.41803923E+00  1.41716894E+00  1.41803923E+00
   901  3.60400000E+02  1.41803923E+00  1.41716894E+00  1.41803923E+00
   902  3.60800000E+02  1.41803923E+00  1.41716894E+00  1.41803923E+00
   903  3.61200000E+02  1.41803923E+00  1.41716894E+00  1.41803923E+00
   904  3.61600000E+02  1.41803923E+00  1.41716894E+00  1.41803923E+00
   905  3.62000000E+02  1.41803923E+00  1.41716894E+00  1.41803923E+00
   906  3.62400000E+02  1.41803923E+00  1.41716894E+00  1.41803923E+00
   907  3.62800000E+02  1.41803923E+00  1.41716894E+00  1.41803923E+00
   908  3.63200000E+02  1.41803923E+00  1.41716894E+00  1.41803923E+00
   909  3.63600000E+02  1.41803923E+00  1.41716894E+00  1.41803923E+00
   910  3.64000000E+02  1.41803923E+00  1.41716894E+00  1.41803923E+00
   911  3.64400000E+02  1.41803923E+00  1.41716894E+00  1.41803923E+00
   912  3.64800000E+02  1.41803923E+00  1.41716894E+00  1.41803923E+00
   913  3.65200000E+02  1.41803923E+00  1.41716894E+00  1.41803923E+00
   914  3.65600000E+02  1.41803923E+00  1.41716894E+00  1.41803923E+00
   915  3.66000000E+02  1.41803923E+00  1.41716894E+00  1.41803923E+00
   916  3.66400000E+02  1.41803923E+00  1.41716894E+00  1.41803923E+00
   917  3.66800000E+02  1.41803923E+00  1.41716894E+00  1.41803923E+00
   918  3.67200000E+02  1.41803923E+00  1.41716894E+00  1.41803923E+00
   919  3.67600000E+02  1.41803923E+00  1.41716894E+00  1.41803923E+00
   920  3.68000000E+02  1.41803923E+00  1.41716894E+00  1.41803923E+00
   921  3.68400000E+02  1.41803923E+00  1.41716894E+00  1.41803923E+00
   922  3.68800000E+02  1.41803923E+00  1.41716894E+00  1.41803923E+00
   923  3.69200000E+02  1.41803923E+00  1.41716894E+00  1.41803923E+00
   924  3.69600000E+02  1.41803923E+00  1.41716894E+00  1.41803923E+00
   925  3.70000000E+02  1.41803923E+00  1.41716894E+00  1.41803923E+00
   926  3.70400000E+02  1.41803923E+00  1.41716894E+00  1.41803923E+00
   927  3.70800000E+02  1.41803923E+00  1.41716894E+00  1.41803923E+00
   928  3.71200000E+02  1.41803923E+00  1.41716894E+00  1.41803923E+00
   929  3.71600000E+02  1.41803923E+00  1.41716894E+00  1.41803923E+00
   930  3.72000000E+02  1.41803923E+00  1.41716894E+00  1.41803923E+00
   931  3.72400000E+02  1.41803923E+00  1.41716894E+00  1.41803923E+00
   932  3.72800000E+02  1.41803923E+00  1.41716894E+00  1.41803923E+00
   933  3.73200000E+02  1.41803923E+00  1.41716894E+00  1.41803923E+00
   934  3.73600000E+02  1.41803923E+00  1.41716894E+00  1.41803923E+00
   935  3.74000000E+02  1.41803923E+00  1.41716894E+00  1.41803923E+00
   936  3.74400000E+02  1.41803923E+00  1.41716894E+00  1.41803923E+00
   937  3.74800000E+02  1.41803923E+00  1.41716894E+00  1.41803923E+00
   938  3.75200000E+02  1.41803923E+00  1.41716894E+00  1.41803923E+00
   939  3.75600000E+02  1.41803923E+00  1.41716894E+00  1.41803923E+00
   940  3.76000000E+02  1.41803923E+00  1.41716894E+00  1.41803923E+00
   941  3.76400000E+02  1.41803923E+00  1.41716894E+00  1.41803923E+00
   942  3.76800000E+02  1.41803923E+00  1.41716894E+00  1.41803923E+00
   943  3.77200000E+02  1.41803923E+00  1.41716894E+00  1.41803923E+00
   944  3.77600000E+02  1.41803923E+00  1.41716894E+00  1.41803923E+00
   945  3.78000000E+02  1.41803923E+00  1.41716894E+00  1.41803923E+00
   946  3.78400000E+02  1.41803923E+00  1.41716894E+00  1.41803923E+00
   947  3.78800000E+02  1.41803923E+00  1.41716894E+00  1.41803923E+00
   948  3.79200000E+02  1.41803923E+00  1.41716894E+00  1.41803923E+00
   949  3.79600000E+02  1.41803923E+00  1.41716894E+00  1.41803923E+00
   950  3.80000000E+02  1.41803923E+00  1.41716894E+00  1.41803923E+00
   951  3.80400000E+02  1.41803923E+00  1.41716894E+00  1.41803923E+00
   952  3.80800000E+02  1.41803923E+00  1.41716894E+00  1.41803923E+00
   953  3.81200000E+02  1.41803923E+00  1.41716894E+00  1.41803923E+00
   954  3.81600000E+02  1.41803923E+00  1.41716894E+00  1.41803923E+00
   955  3.82000000E+02  1.41803923E+00  1.41716894E+00  1.41803923E+00
   956  3.82400000E+02  1.41803923E+00  1.41716894E+00  1.41803923E+00
   957  3.82800000E+02  1.41803923E+00  1.41716894E+00  1.41803923E+00
   958  3.83200000E+02  1.41803923E+00  1.41716894E+00  1.41803923E+00
   959  3.83600000E+02  1.41803923E+00  1.41716894E+00  1.41803923E+00
   960  3.84000000E+02  1.41803923E+00  1.41716894E+00  1.41803923E+00
   961  3.84400000E+02  1.41803923E+00  1.41716894E+00  1.41803923E+00
   962  3.84800000E+02  1.41803923E+00  1.41716894E+00  1.41803923E+00
   963  3.85200000E+02  1.41803923E+00  1.41716894E+00  1.41803923E+00
   964  3.85600000E+02  1.41803923E+00  1.41716894E+00  1.41803923E+00
   965  3.86000000E+02  1.41803923E+00  1.41716894E+00  1.41803923E+00
   966  3.86400000E+02  1.41803923E+00  1.41716894E+00  1.41803923E+00
   967  3.86800000E+02  1.41803923E+00  1.41716894E+00  1.41803923E+00
   968  3.87200000E+02  1.41803923E+00  1.41716894E+00  1.41803923E+00
   969  3.87600000E+02  1.41803923E+00  1.41716894E+00  1.41803923E+00
   970  3.88000000E+02  1.41803923E+00  1.41716894E+00  1.41803923E+00
   971  3.88400000E+02  1.41803923E+00  1.41716894E+00  1.41803923E+00
   972  3.88800000E+02  1.41803923E+00  1.41716894E+00  1.41803923E+00
   973  3.89200000E+02  1.41803923E+00  1.41716894E+00  1.41803923E+00
   974  3.89600000E+02  1.41803923E+00  1.41716894E+00  1.41803923E+00
   975  3.90000000E+02  1.41803923E+00  1.41716894E+00  1.41803923E+00
   976  3.90400000E+02  1.41803923E+00  1.41716894E+00  1.41803923E+00
   977  3.90800000E+02  1.41803923E+00  1.41716894E+00  1.41803923E+00
   978  3.91200000E+02  1.41803923E+00  1.41716894E+00  1.41803923E+00
   979  3.91600000E+02  1.41803923E+00  1.41716894E+00  1.41803923E+00
   980  3.92000000E+02  1.41803923E+00  1.41716894E+00  1.41803923E+00
   981  3.92400000E+02  1.41803923E+00  1.41716894E+00  1.41803923E+00
   982  3.92800000E+02  1.41803923E+00  1.41716894E+00  1.41803923E+00
   983  3.93200000E+02  1.41803923E+00  1.41716894E+00  1.41803923E+00
   984  3.93600000E+02  1.41803923E+00  1.41716894E+00  1.41803923E+00
   985  3.94000000E+02  1.41803923E+00  1.41716894E+00  1.41803923E+00
   986  3.94400000E+02  1.41803923E+00  1.41716894E+00  1.41803923E+00
   987  3.94800000E+02  1.41803923E+00  1.41716894E+00  1.41803923E+00
   988  3.95200000E+02  1.41803923E+00  1.41716894E+00  1.41803923E+00
   989  3.95600000E+02  1.41803923E+00  1.41716894E+00  1.41803923E+00
   990  3.96000000E+02  1.41803923E+00  1.41716894E+00  1.41803923E+00
   991  3.96400000E+02  1.41803923E+00  1.41716894E+00  1.41803923E+00
   992  3.96800000E+02  1.41803923E+00  1.41716894E+00  1.41803923E+00
   993  3.97200000E+02  1.41803923E+00  1.41716894E+00  1.41803923E+00
   994  3.97600000E+02  1.41803923E+00  1.41716894E+00  1.41803923E+00
   995  3.98000000E+02  1.41803923E+00  1.41716894E+00  1.41803923E+00
   996  3.98400000E+02  1.41803923E+00  1.41716894E+00  1.41803923E+00
   997  3.98800000E+02  1.41803923E+00  1.41716894E+00  1.41803923E+00
   998  3.99200000E+02  1.41803923E+00  1.41716894E+00  1.41803923E+00
   999  3.99600000E+02  1.41803923E+00  1.41716894E+00  1.41803923E+00
  1000  4.00000000E+02  1.41803923E+00  1.41716894E+00  1.41803923E+00
