 comppar: model =   2
 comppar: lambda,mobility/eps,betav,eta_0 =  5.0000E-01  0.0000E+00  9.0000E-02  1.0000E+00
 comppar: eta_s,eta_p,G =  9.0000E-02  9.1000E-01  1.8200E+00
 comppar: U_avg,deltat,flowrate,nsteps =  1.0000E-01  2.0000E-01  3.1416E-01    2000
 comppar: geometry = axisymmetric
 comppar: steady stop change,gap,hold,min =  1.0000E-07  1.0000E-03       1      80
 comppar: steady stop truncated decimals =       3
 comppar: ncompc,ncompg =     4     5
 mesh nnodes = 5797
 mesh nelem = 2796
 P1 BC   5.0000000000000000     
 P2 BC   0.0000000000000000     
     1  2.00000000E-01  1.00252702E+00  1.00000000E+00  1.00252702E+00
     2  4.00000000E-01  1.00497767E+00  1.00000000E+00  1.00497767E+00
     3  6.00000000E-01  1.00733498E+00  1.00000000E+00  1.00733498E+00
     4  8.00000000E-01  1.00964798E+00  1.00000000E+00  1.00964798E+00
     5  1.00000000E+00  1.01192884E+00  1.00000000E+00  1.01192884E+00
     6  1.20000000E+00  1.01418070E+00  1.00000000E+00  1.01418070E+00
     7  1.40000000E+00  1.01640640E+00  1.00000000E+00  1.01640640E+00
     8  1.60000000E+00  1.01861247E+00  1.00000000E+00  1.01861247E+00
     9  1.80000000E+00  1.02078503E+00  1.00000000E+00  1.02078503E+00
    10  2.00000000E+00  1.02294532E+00  1.00000000E+00  1.02294532E+00
    11  2.20000000E+00  1.02506234E+00  1.00000001E+00  1.02506234E+00
    12  2.40000000E+00  1.02716992E+00  1.00000001E+00  1.02716992E+00
    13  2.60000000E+00  1.02923603E+00  1.00000001E+00  1.02923603E+00
    14  2.80000000E+00  1.03128710E+00  1.00000001E+00  1.03128710E+00
    15  3.00000000E+00  1.03330290E+00  1.00000001E+00  1.03330290E+00
    16  3.20000000E+00  1.03528491E+00  1.00000001E+00  1.03528491E+00
    17  3.40000000E+00  1.03725875E+00  1.00000001E+00  1.03725875E+00
    18  3.60000000E+00  1.03917569E+00  1.00000001E+00  1.03917569E+00
    19  3.80000000E+00  1.04110161E+00  1.00000000E+00  1.04110161E+00
    20  4.00000000E+00  1.04297721E+00  1.00000000E+00  1.04297721E+00
    21  4.20000000E+00  1.04481573E+00  1.00000000E+00  1.04481573E+00
    22  4.40000000E+00  1.04666131E+00  9.99999999E-01  1.04666131E+00
    23  4.60000000E+00  1.04844576E+00  9.99999997E-01  1.04844576E+00
    24  4.80000000E+00  1.05022015E+00  9.99999994E-01  1.05022015E+00
    25  5.00000000E+00  1.05197607E+00  9.99999990E-01  1.05197607E+00
    26  5.20000000E+00  1.05366745E+00  9.99999986E-01  1.05366745E+00
    27  5.40000000E+00  1.05535861E+00  9.99999981E-01  1.05535861E+00
    28  5.60000000E+00  1.05703610E+00  9.99999975E-01  1.05703610E+00
    29  5.80000000E+00  1.05864675E+00  9.99999969E-01  1.05864675E+00
    30  6.00000000E+00  1.06026419E+00  9.99999961E-01  1.06026419E+00
    31  6.20000000E+00  1.06186272E+00  9.99999953E-01  1.06186272E+00
    32  6.40000000E+00  1.06339213E+00  9.99999943E-01  1.06339213E+00
    33  6.60000000E+00  1.06491104E+00  9.99999933E-01  1.06491104E+00
    34  6.80000000E+00  1.06644643E+00  9.99999921E-01  1.06644643E+00
    35  7.00000000E+00  1.06791141E+00  9.99999908E-01  1.06791141E+00
    36  7.20000000E+00  1.06932514E+00  9.99999893E-01  1.06932514E+00
    37  7.40000000E+00  1.07079741E+00  9.99999877E-01  1.07079741E+00
    38  7.60000000E+00  1.07219791E+00  9.99999860E-01  1.07219791E+00
    39  7.80000000E+00  1.07352384E+00  9.99999840E-01  1.07352384E+00
    40  8.00000000E+00  1.07488036E+00  9.99999819E-01  1.07488036E+00
    41  8.20000000E+00  1.07623685E+00  9.99999796E-01  1.07623685E+00
    42  8.40000000E+00  1.07751849E+00  9.99999770E-01  1.07751849E+00
    43  8.60000000E+00  1.07872782E+00  9.99999743E-01  1.07872782E+00
    44  8.80000000E+00  1.08004048E+00  9.99999713E-01  1.08004048E+00
    45  9.00000000E+00  1.08127783E+00  9.99999680E-01  1.08127783E+00
    46  9.20000000E+00  1.08243758E+00  9.99999645E-01  1.08243758E+00
    47  9.40000000E+00  1.08355719E+00  9.99999606E-01  1.08355719E+00
    48  9.60000000E+00  1.08477480E+00  9.99999565E-01  1.08477480E+00
    49  9.80000000E+00  1.08591527E+00  9.99999520E-01  1.08591527E+00
    50  1.00000000E+01  1.08697671E+00  9.99999472E-01  1.08697671E+00
    51  1.02000000E+01  1.08802413E+00  9.99999420E-01  1.08802413E+00
    52  1.04000000E+01  1.08914505E+00  9.99999365E-01  1.08914505E+00
    53  1.06000000E+01  1.09018727E+00  9.99999305E-01  1.09018727E+00
    54  1.08000000E+01  1.09114936E+00  9.99999241E-01  1.09114936E+00
    55  1.10000000E+01  1.09206960E+00  9.99999172E-01  1.09206960E+00
    56  1.12000000E+01  1.09311567E+00  9.99999098E-01  1.09311567E+00
    57  1.14000000E+01  1.09408246E+00  9.99999019E-01  1.09408246E+00
    58  1.16000000E+01  1.09496899E+00  9.99998935E-01  1.09496899E+00
    59  1.18000000E+01  1.09578103E+00  9.99998845E-01  1.09578103E+00
    60  1.20000000E+01  1.09675144E+00  9.99998749E-01  1.09675144E+00
    61  1.22000000E+01  1.09764210E+00  9.99998647E-01  1.09764210E+00
    62  1.24000000E+01  1.09845253E+00  9.99998538E-01  1.09845253E+00
    63  1.26000000E+01  1.09918292E+00  9.99998422E-01  1.09918292E+00
    64  1.28000000E+01  1.10003855E+00  9.99998299E-01  1.10003855E+00
    65  1.30000000E+01  1.10085637E+00  9.99998168E-01  1.10085637E+00
    66  1.32000000E+01  1.10159476E+00  9.99998029E-01  1.10159476E+00
    67  1.34000000E+01  1.10225472E+00  9.99997881E-01  1.10225472E+00
    68  1.36000000E+01  1.10302483E+00  9.99997724E-01  1.10302483E+00
    69  1.38000000E+01  1.10376934E+00  9.99997558E-01  1.10376934E+00
    70  1.40000000E+01  1.10443538E+00  9.99997382E-01  1.10443538E+00
    71  1.42000000E+01  1.10502473E+00  9.99997196E-01  1.10502473E+00
    72  1.44000000E+01  1.10570524E+00  9.99996999E-01  1.10570524E+00
    73  1.46000000E+01  1.10637923E+00  9.99996790E-01  1.10637923E+00
    74  1.48000000E+01  1.10697694E+00  9.99996570E-01  1.10697694E+00
    75  1.50000000E+01  1.10750113E+00  9.99996337E-01  1.10750113E+00
    76  1.52000000E+01  1.10811937E+00  9.99996091E-01  1.10811937E+00
    77  1.54000000E+01  1.10872261E+00  9.99995832E-01  1.10872261E+00
    78  1.56000000E+01  1.10925193E+00  9.99995558E-01  1.10925193E+00
    79  1.58000000E+01  1.10971105E+00  9.99995270E-01  1.10971105E+00
    80  1.60000000E+01  1.11026953E+00  9.99994966E-01  1.11026953E+00
    81  1.62000000E+01  1.11080715E+00  9.99994646E-01  1.11080715E+00
    82  1.64000000E+01  1.11127464E+00  9.99994309E-01  1.11127464E+00
    83  1.66000000E+01  1.11167658E+00  9.99993955E-01  1.11167658E+00
    84  1.68000000E+01  1.11218770E+00  9.99993583E-01  1.11218770E+00
    85  1.70000000E+01  1.11265980E+00  9.99993191E-01  1.11265980E+00
    86  1.72000000E+01  1.11306574E+00  9.99992780E-01  1.11306574E+00
    87  1.74000000E+01  1.11341097E+00  9.99992348E-01  1.11341097E+00
    88  1.76000000E+01  1.11388562E+00  9.99991895E-01  1.11388562E+00
    89  1.78000000E+01  1.11429970E+00  9.99991420E-01  1.11429970E+00
    90  1.80000000E+01  1.11465262E+00  9.99990921E-01  1.11465262E+00
    91  1.82000000E+01  1.11496211E+00  9.99990399E-01  1.11496211E+00
    92  1.84000000E+01  1.11538038E+00  9.99989852E-01  1.11538038E+00
    93  1.86000000E+01  1.11573689E+00  9.99989278E-01  1.11573689E+00
    94  1.88000000E+01  1.11603752E+00  9.99988679E-01  1.11603752E+00
    95  1.90000000E+01  1.11633349E+00  9.99988051E-01  1.11633349E+00
    96  1.92000000E+01  1.11669780E+00  9.99987395E-01  1.11669780E+00
    97  1.94000000E+01  1.11700555E+00  9.99986709E-01  1.11700555E+00
    98  1.96000000E+01  1.11726284E+00  9.99985992E-01  1.11726284E+00
    99  1.98000000E+01  1.11752964E+00  9.99985243E-01  1.11752964E+00
   100  2.00000000E+01  1.11784067E+00  9.99984462E-01  1.11784067E+00
   101  2.02000000E+01  1.11810070E+00  9.99983647E-01  1.11810070E+00
   102  2.04000000E+01  1.11831611E+00  9.99982797E-01  1.11831611E+00
   103  2.06000000E+01  1.11858062E+00  9.99981911E-01  1.11858062E+00
   104  2.08000000E+01  1.11884711E+00  9.99980987E-01  1.11884711E+00
   105  2.10000000E+01  1.11906788E+00  9.99980025E-01  1.11906788E+00
   106  2.12000000E+01  1.11924911E+00  9.99979024E-01  1.11924911E+00
   107  2.14000000E+01  1.11948047E+00  9.99977983E-01  1.11948047E+00
   108  2.16000000E+01  1.11970379E+00  9.99976899E-01  1.11970379E+00
   109  2.18000000E+01  1.11988718E+00  9.99975773E-01  1.11988718E+00
   110  2.20000000E+01  1.12004290E+00  9.99974603E-01  1.12004290E+00
   111  2.22000000E+01  1.12027194E+00  9.99973387E-01  1.12027194E+00
   112  2.24000000E+01  1.12045988E+00  9.99972126E-01  1.12045988E+00
   113  2.26000000E+01  1.12061266E+00  9.99970817E-01  1.12061266E+00
   114  2.28000000E+01  1.12074450E+00  9.99969460E-01  1.12074450E+00
   115  2.30000000E+01  1.12093483E+00  9.99968053E-01  1.12093483E+00
   116  2.32000000E+01  1.12108968E+00  9.99966596E-01  1.12108968E+00
   117  2.34000000E+01  1.12121469E+00  9.99965087E-01  1.12121469E+00
   118  2.36000000E+01  1.12136168E+00  9.99963526E-01  1.12136168E+00
   119  2.38000000E+01  1.12152026E+00  9.99961912E-01  1.12152026E+00
   120  2.40000000E+01  1.12164780E+00  9.99960244E-01  1.12164780E+00
   121  2.42000000E+01  1.12174945E+00  9.99958520E-01  1.12174945E+00
   122  2.44000000E+01  1.12186831E+00  9.99956741E-01  1.12186831E+00
   123  2.46000000E+01  1.12199782E+00  9.99954905E-01  1.12199782E+00
   124  2.48000000E+01  1.12210125E+00  9.99953012E-01  1.12210125E+00
   125  2.50000000E+01  1.12218451E+00  9.99951062E-01  1.12218451E+00
   126  2.52000000E+01  1.12231699E+00  9.99949054E-01  1.12231699E+00
   127  2.54000000E+01  1.12242225E+00  9.99946987E-01  1.12242225E+00
   128  2.56000000E+01  1.12250504E+00  9.99944863E-01  1.12250504E+00
   129  2.58000000E+01  1.12256947E+00  9.99942679E-01  1.12256947E+00
   130  2.60000000E+01  1.12267381E+00  9.99940438E-01  1.12267381E+00
   131  2.62000000E+01  1.12275832E+00  9.99938138E-01  1.12275832E+00
   132  2.64000000E+01  1.12282435E+00  9.99935781E-01  1.12282435E+00
   133  2.66000000E+01  1.12290696E+00  9.99933366E-01  1.12290696E+00
   134  2.68000000E+01  1.12299268E+00  9.99930896E-01  1.12299268E+00
   135  2.70000000E+01  1.12305905E+00  9.99928370E-01  1.12305905E+00
   136  2.72000000E+01  1.12310976E+00  9.99925791E-01  1.12310976E+00
   137  2.74000000E+01  1.12316911E+00  9.99923159E-01  1.12316911E+00
   138  2.76000000E+01  1.12323713E+00  9.99920476E-01  1.12323713E+00
   139  2.78000000E+01  1.12328939E+00  9.99917746E-01  1.12328939E+00
   140  2.80000000E+01  1.12333666E+00  9.99914969E-01  1.12333666E+00
   141  2.82000000E+01  1.12340535E+00  9.99912149E-01  1.12340535E+00
   142  2.84000000E+01  1.12345753E+00  9.99909289E-01  1.12345753E+00
   143  2.86000000E+01  1.12349649E+00  9.99906393E-01  1.12349649E+00
   144  2.88000000E+01  1.12352508E+00  9.99903463E-01  1.12352508E+00
   145  2.90000000E+01  1.12357883E+00  9.99900506E-01  1.12357883E+00
   146  2.92000000E+01  1.12361926E+00  9.99897525E-01  1.12361926E+00
   147  2.94000000E+01  1.12364908E+00  9.99894527E-01  1.12364908E+00
   148  2.96000000E+01  1.12369727E+00  9.99891516E-01  1.12369727E+00
   149  2.98000000E+01  1.12373730E+00  9.99888500E-01  1.12373730E+00
   150  3.00000000E+01  1.12376631E+00  9.99885485E-01  1.12376631E+00
   151  3.02000000E+01  1.12378669E+00  9.99882481E-01  1.12378669E+00
   152  3.04000000E+01  1.12381659E+00  9.99879494E-01  1.12381659E+00
   153  3.06000000E+01  1.12384698E+00  9.99876535E-01  1.12384698E+00
   154  3.08000000E+01  1.12386863E+00  9.99873613E-01  1.12386863E+00
   155  3.10000000E+01  1.12389803E+00  9.99870740E-01  1.12389803E+00
   156  3.12000000E+01  1.12392775E+00  9.99867927E-01  1.12392775E+00
   157  3.14000000E+01  1.12394844E+00  9.99865187E-01  1.12394844E+00
   158  3.16000000E+01  1.12396216E+00  9.99862534E-01  1.12396216E+00
   159  3.18000000E+01  1.12397655E+00  9.99859982E-01  1.12397655E+00
   160  3.20000000E+01  1.12399852E+00  9.99857548E-01  1.12399852E+00
   161  3.22000000E+01  1.12401341E+00  9.99855249E-01  1.12401341E+00
   162  3.24000000E+01  1.12403106E+00  9.99853103E-01  1.12403106E+00
   163  3.26000000E+01  1.12405215E+00  9.99851129E-01  1.12405215E+00
   164  3.28000000E+01  1.12406597E+00  9.99849350E-01  1.12406597E+00
   165  3.30000000E+01  1.12407431E+00  9.99847786E-01  1.12407431E+00
   166  3.32000000E+01  1.12407929E+00  9.99846463E-01  1.12407929E+00
   167  3.34000000E+01  1.12409429E+00  9.99845407E-01  1.12409429E+00
   168  3.36000000E+01  1.12410369E+00  9.99844644E-01  1.12410369E+00
   169  3.38000000E+01  1.12411452E+00  9.99844205E-01  1.12411452E+00
   170  3.40000000E+01  1.12412849E+00  9.99844121E-01  1.12412849E+00
   171  3.42000000E+01  1.12413675E+00  9.99844425E-01  1.12413675E+00
   172  3.44000000E+01  1.12414084E+00  9.99845153E-01  1.12414084E+00
   173  3.46000000E+01  1.12414196E+00  9.99846342E-01  1.12414196E+00
   174  3.48000000E+01  1.12415005E+00  9.99848032E-01  1.12415005E+00
   175  3.50000000E+01  1.12415509E+00  9.99850267E-01  1.12415509E+00
   176  3.52000000E+01  1.12416239E+00  9.99853090E-01  1.12416239E+00
   177  3.54000000E+01  1.12417058E+00  9.99856550E-01  1.12417058E+00
   178  3.56000000E+01  1.12417445E+00  9.99860698E-01  1.12417445E+00
   179  3.58000000E+01  1.12417529E+00  9.99865587E-01  1.12417529E+00
   180  3.60000000E+01  1.12417412E+00  9.99871273E-01  1.12417412E+00
   181  3.62000000E+01  1.12417769E+00  9.99877816E-01  1.12417769E+00
   182  3.64000000E+01  1.12417937E+00  9.99885281E-01  1.12417937E+00
   183  3.66000000E+01  1.12418525E+00  9.99893733E-01  1.12418525E+00
   184  3.68000000E+01  1.12418888E+00  9.99903244E-01  1.12418888E+00
   185  3.70000000E+01  1.12418938E+00  9.99913889E-01  1.12418938E+00
   186  3.72000000E+01  1.12418785E+00  9.99925745E-01  1.12418785E+00
   187  3.74000000E+01  1.12418512E+00  9.99938897E-01  1.12418512E+00
   188  3.76000000E+01  1.12418621E+00  9.99953432E-01  1.12418621E+00
   189  3.78000000E+01  1.12418766E+00  9.99969441E-01  1.12418766E+00
   190  3.80000000E+01  1.12419105E+00  9.99987024E-01  1.12419105E+00
   191  3.82000000E+01  1.12419117E+00  1.00000628E+00  1.12419117E+00
   192  3.84000000E+01  1.12419476E+00  1.00002732E+00  1.12419476E+00
   193  3.86000000E+01  1.12420128E+00  1.00005026E+00  1.12420128E+00
   194  3.88000000E+01  1.12420747E+00  1.00007521E+00  1.12420747E+00
   195  3.90000000E+01  1.12421292E+00  1.00010229E+00  1.12421292E+00
   196  3.92000000E+01  1.12421757E+00  1.00013165E+00  1.12421757E+00
   197  3.94000000E+01  1.12422144E+00  1.00016342E+00  1.12422144E+00
   198  3.96000000E+01  1.12422458E+00  1.00019774E+00  1.12422458E+00
   199  3.98000000E+01  1.12422895E+00  1.00023476E+00  1.12422895E+00
   200  4.00000000E+01  1.12423308E+00  1.00027465E+00  1.12423308E+00
   201  4.02000000E+01  1.12423648E+00  1.00031757E+00  1.12423648E+00
   202  4.04000000E+01  1.12423922E+00  1.00036368E+00  1.12423922E+00
   203  4.06000000E+01  1.12424140E+00  1.00041319E+00  1.12424140E+00
   204  4.08000000E+01  1.12424395E+00  1.00046626E+00  1.12424395E+00
   205  4.10000000E+01  1.12424669E+00  1.00052312E+00  1.12424669E+00
   206  4.12000000E+01  1.12424886E+00  1.00058395E+00  1.12424886E+00
   207  4.14000000E+01  1.12425058E+00  1.00064899E+00  1.12425058E+00
   208  4.16000000E+01  1.12425196E+00  1.00071845E+00  1.12425196E+00
   209  4.18000000E+01  1.12425311E+00  1.00079257E+00  1.12425311E+00
   210  4.20000000E+01  1.12425424E+00  1.00087161E+00  1.12425424E+00
   211  4.22000000E+01  1.12425572E+00  1.00095582E+00  1.12425572E+00
   212  4.24000000E+01  1.12425692E+00  1.00104547E+00  1.12425692E+00
   213  4.26000000E+01  1.12425793E+00  1.00114084E+00  1.12425793E+00
   214  4.28000000E+01  1.12425883E+00  1.00124223E+00  1.12425883E+00
   215  4.30000000E+01  1.12425966E+00  1.00134993E+00  1.12425966E+00
   216  4.32000000E+01  1.12426046E+00  1.00146426E+00  1.12426046E+00
   217  4.34000000E+01  1.12426123E+00  1.00158556E+00  1.12426123E+00
   218  4.36000000E+01  1.12426198E+00  1.00171417E+00  1.12426198E+00
   219  4.38000000E+01  1.12426270E+00  1.00185043E+00  1.12426270E+00
   220  4.40000000E+01  1.12426338E+00  1.00199473E+00  1.12426338E+00
   221  4.42000000E+01  1.12426399E+00  1.00214744E+00  1.12426399E+00
   222  4.44000000E+01  1.12426453E+00  1.00230897E+00  1.12426453E+00
   223  4.46000000E+01  1.12426500E+00  1.00247971E+00  1.12426500E+00
   224  4.48000000E+01  1.12426537E+00  1.00266011E+00  1.12426537E+00
   225  4.50000000E+01  1.12426567E+00  1.00285060E+00  1.12426567E+00
   226  4.52000000E+01  1.12426589E+00  1.00305163E+00  1.12426589E+00
   227  4.54000000E+01  1.12426603E+00  1.00326368E+00  1.12426603E+00
   228  4.56000000E+01  1.12426620E+00  1.00348724E+00  1.12426620E+00
   229  4.58000000E+01  1.12426643E+00  1.00372280E+00  1.12426643E+00
   230  4.60000000E+01  1.12426658E+00  1.00397090E+00  1.12426658E+00
   231  4.62000000E+01  1.12426667E+00  1.00423205E+00  1.12426667E+00
   232  4.64000000E+01  1.12426671E+00  1.00450682E+00  1.12426671E+00
   233  4.66000000E+01  1.12426670E+00  1.00479577E+00  1.12426670E+00
   234  4.68000000E+01  1.12426667E+00  1.00509948E+00  1.12426667E+00
   235  4.70000000E+01  1.12426661E+00  1.00541855E+00  1.12426661E+00
   236  4.72000000E+01  1.12426653E+00  1.00575359E+00  1.12426653E+00
   237  4.74000000E+01  1.12426644E+00  1.00610524E+00  1.12426644E+00
   238  4.76000000E+01  1.12426634E+00  1.00647413E+00  1.12426634E+00
   239  4.78000000E+01  1.12426623E+00  1.00686093E+00  1.12426623E+00
   240  4.80000000E+01  1.12426611E+00  1.00726630E+00  1.12426611E+00
   241  4.82000000E+01  1.12426599E+00  1.00769094E+00  1.12426599E+00
   242  4.84000000E+01  1.12426585E+00  1.00813555E+00  1.12426585E+00
   243  4.86000000E+01  1.12426572E+00  1.00860083E+00  1.12426572E+00
   244  4.88000000E+01  1.12426557E+00  1.00908750E+00  1.12426557E+00
   245  4.90000000E+01  1.12426543E+00  1.00959631E+00  1.12426543E+00
   246  4.92000000E+01  1.12426528E+00  1.01012800E+00  1.12426528E+00
   247  4.94000000E+01  1.12426512E+00  1.01068330E+00  1.12426512E+00
   248  4.96000000E+01  1.12426497E+00  1.01126299E+00  1.12426497E+00
   249  4.98000000E+01  1.12426482E+00  1.01186783E+00  1.12426482E+00
   250  5.00000000E+01  1.12426467E+00  1.01249858E+00  1.12426467E+00
   251  5.02000000E+01  1.12426452E+00  1.01315600E+00  1.12426452E+00
   252  5.04000000E+01  1.12426437E+00  1.01384087E+00  1.12426437E+00
   253  5.06000000E+01  1.12426423E+00  1.01455395E+00  1.12426423E+00
   254  5.08000000E+01  1.12426409E+00  1.01529598E+00  1.12426409E+00
   255  5.10000000E+01  1.12426395E+00  1.01606773E+00  1.12426395E+00
   256  5.12000000E+01  1.12426382E+00  1.01686992E+00  1.12426382E+00
   257  5.14000000E+01  1.12426369E+00  1.01770328E+00  1.12426369E+00
   258  5.16000000E+01  1.12426357E+00  1.01856851E+00  1.12426357E+00
   259  5.18000000E+01  1.12426345E+00  1.01946629E+00  1.12426345E+00
   260  5.20000000E+01  1.12426334E+00  1.02039728E+00  1.12426334E+00
   261  5.22000000E+01  1.12426323E+00  1.02136211E+00  1.12426323E+00
   262  5.24000000E+01  1.12426312E+00  1.02236137E+00  1.12426312E+00
   263  5.26000000E+01  1.12426302E+00  1.02339563E+00  1.12426302E+00
   264  5.28000000E+01  1.12426292E+00  1.02446541E+00  1.12426292E+00
   265  5.30000000E+01  1.12426283E+00  1.02557117E+00  1.12426283E+00
   266  5.32000000E+01  1.12426274E+00  1.02671334E+00  1.12426274E+00
   267  5.34000000E+01  1.12426266E+00  1.02789230E+00  1.12426266E+00
   268  5.36000000E+01  1.12426258E+00  1.02910835E+00  1.12426258E+00
   269  5.38000000E+01  1.12426250E+00  1.03036173E+00  1.12426250E+00
   270  5.40000000E+01  1.12426243E+00  1.03165263E+00  1.12426243E+00
   271  5.42000000E+01  1.12426237E+00  1.03298114E+00  1.12426237E+00
   272  5.44000000E+01  1.12426230E+00  1.03434727E+00  1.12426230E+00
   273  5.46000000E+01  1.12426224E+00  1.03575097E+00  1.12426224E+00
   274  5.48000000E+01  1.12426218E+00  1.03719207E+00  1.12426218E+00
   275  5.50000000E+01  1.12426213E+00  1.03867032E+00  1.12426213E+00
   276  5.52000000E+01  1.12426208E+00  1.04018535E+00  1.12426208E+00
   277  5.54000000E+01  1.12426203E+00  1.04173669E+00  1.12426203E+00
   278  5.56000000E+01  1.12426198E+00  1.04332377E+00  1.12426198E+00
   279  5.58000000E+01  1.12426194E+00  1.04494588E+00  1.12426194E+00
   280  5.60000000E+01  1.12426190E+00  1.04660220E+00  1.12426190E+00
   281  5.62000000E+01  1.12426186E+00  1.04829179E+00  1.12426186E+00
   282  5.64000000E+01  1.12426183E+00  1.05001357E+00  1.12426183E+00
   283  5.66000000E+01  1.12426179E+00  1.05176632E+00  1.12426179E+00
   284  5.68000000E+01  1.12426176E+00  1.05354872E+00  1.12426176E+00
   285  5.70000000E+01  1.12426173E+00  1.05535926E+00  1.12426173E+00
   286  5.72000000E+01  1.12426171E+00  1.05719634E+00  1.12426171E+00
   287  5.74000000E+01  1.12426168E+00  1.05905820E+00  1.12426168E+00
   288  5.76000000E+01  1.12426166E+00  1.06094294E+00  1.12426166E+00
   289  5.78000000E+01  1.12426164E+00  1.06284853E+00  1.12426164E+00
   290  5.80000000E+01  1.12426162E+00  1.06477279E+00  1.12426162E+00
   291  5.82000000E+01  1.12426160E+00  1.06671342E+00  1.12426160E+00
   292  5.84000000E+01  1.12426158E+00  1.06866799E+00  1.12426158E+00
   293  5.86000000E+01  1.12426156E+00  1.07063392E+00  1.12426156E+00
   294  5.88000000E+01  1.12426155E+00  1.07260853E+00  1.12426155E+00
   295  5.90000000E+01  1.12426153E+00  1.07458900E+00  1.12426153E+00
   296  5.92000000E+01  1.12426152E+00  1.07657241E+00  1.12426152E+00
   297  5.94000000E+01  1.12426151E+00  1.07855572E+00  1.12426151E+00
   298  5.96000000E+01  1.12426150E+00  1.08053581E+00  1.12426150E+00
   299  5.98000000E+01  1.12426148E+00  1.08250943E+00  1.12426148E+00
   300  6.00000000E+01  1.12426147E+00  1.08447329E+00  1.12426147E+00
   301  6.02000000E+01  1.12426147E+00  1.08642400E+00  1.12426147E+00
   302  6.04000000E+01  1.12426146E+00  1.08835811E+00  1.12426146E+00
   303  6.06000000E+01  1.12426145E+00  1.09027212E+00  1.12426145E+00
   304  6.08000000E+01  1.12426144E+00  1.09216249E+00  1.12426144E+00
   305  6.10000000E+01  1.12426144E+00  1.09402565E+00  1.12426144E+00
   306  6.12000000E+01  1.12426143E+00  1.09585803E+00  1.12426143E+00
   307  6.14000000E+01  1.12426142E+00  1.09765606E+00  1.12426142E+00
   308  6.16000000E+01  1.12426142E+00  1.09941618E+00  1.12426142E+00
   309  6.18000000E+01  1.12426141E+00  1.10113487E+00  1.12426141E+00
   310  6.20000000E+01  1.12426141E+00  1.10280867E+00  1.12426141E+00
   311  6.22000000E+01  1.12426141E+00  1.10443420E+00  1.12426141E+00
   312  6.24000000E+01  1.12426140E+00  1.10600816E+00  1.12426140E+00
   313  6.26000000E+01  1.12426140E+00  1.10752739E+00  1.12426140E+00
   314  6.28000000E+01  1.12426139E+00  1.10898884E+00  1.12426139E+00
   315  6.30000000E+01  1.12426139E+00  1.11038967E+00  1.12426139E+00
   316  6.32000000E+01  1.12426139E+00  1.11172719E+00  1.12426139E+00
   317  6.34000000E+01  1.12426139E+00  1.11299895E+00  1.12426139E+00
   318  6.36000000E+01  1.12426138E+00  1.11420275E+00  1.12426138E+00
   319  6.38000000E+01  1.12426138E+00  1.11533669E+00  1.12426138E+00
   320  6.40000000E+01  1.12426138E+00  1.11639918E+00  1.12426138E+00
   321  6.42000000E+01  1.12426138E+00  1.11738899E+00  1.12426138E+00
   322  6.44000000E+01  1.12426138E+00  1.11830530E+00  1.12426138E+00
   323  6.46000000E+01  1.12426138E+00  1.11914772E+00  1.12426138E+00
   324  6.48000000E+01  1.12426137E+00  1.11991634E+00  1.12426137E+00
   325  6.50000000E+01  1.12426137E+00  1.12061177E+00  1.12426137E+00
   326  6.52000000E+01  1.12426137E+00  1.12123515E+00  1.12426137E+00
   327  6.54000000E+01  1.12426137E+00  1.12178818E+00  1.12426137E+00
   328  6.56000000E+01  1.12426137E+00  1.12227313E+00  1.12426137E+00
   329  6.58000000E+01  1.12426137E+00  1.12269282E+00  1.12426137E+00
   330  6.60000000E+01  1.12426137E+00  1.12305062E+00  1.12426137E+00
   331  6.62000000E+01  1.12426137E+00  1.12335040E+00  1.12426137E+00
   332  6.64000000E+01  1.12426137E+00  1.12359648E+00  1.12426137E+00
   333  6.66000000E+01  1.12426137E+00  1.12379352E+00  1.12426137E+00
   334  6.68000000E+01  1.12426137E+00  1.12394652E+00  1.12426137E+00
   335  6.70000000E+01  1.12426136E+00  1.12406061E+00  1.12426136E+00
 steady-height stop at step    335: truncated to 3 decimals, truncated max/end/ratio =       1124      1124      1124, max/end/ratio =   1.12426136E+00  1.12406061E+00  1.12426136E+00
