 comppar: model =   2
 comppar: lambda,mobility/eps,betav,eta_0 =  1.0000E-01  0.0000E+00  9.0000E-02  1.0000E+00
 comppar: eta_s,eta_p,G =  9.0000E-02  9.1000E-01  9.1000E+00
 comppar: U_avg,deltat,flowrate,nsteps =  1.0000E-01  2.0000E-01  3.1416E-01    2000
 comppar: geometry = axisymmetric
 comppar: steady stop change,gap,hold,min =  1.0000E-07  1.0000E-03       1      80
 comppar: steady stop truncated decimals =       3
 comppar: ncompc,ncompg =     4     5
 mesh nnodes = 5797
 mesh nelem = 2796
 P1 BC   5.0000000000000000     
 P2 BC   0.0000000000000000     
     1  2.00000000E-01  1.00252923E+00  1.00000000E+00  1.00252923E+00
     2  4.00000000E-01  1.00501097E+00  1.00000000E+00  1.00501097E+00
     3  6.00000000E-01  1.00743612E+00  1.00000000E+00  1.00743612E+00
     4  8.00000000E-01  1.00982854E+00  1.00000000E+00  1.00982854E+00
     5  1.00000000E+00  1.01218629E+00  1.00000000E+00  1.01218629E+00
     6  1.20000000E+00  1.01452003E+00  1.00000000E+00  1.01452003E+00
     7  1.40000000E+00  1.01681694E+00  1.00000000E+00  1.01681694E+00
     8  1.60000000E+00  1.01908507E+00  1.00000000E+00  1.01908507E+00
     9  1.80000000E+00  1.02132084E+00  1.00000000E+00  1.02132084E+00
    10  2.00000000E+00  1.02352534E+00  1.00000000E+00  1.02352534E+00
    11  2.20000000E+00  1.02570255E+00  1.00000000E+00  1.02570255E+00
    12  2.40000000E+00  1.02784400E+00  1.00000000E+00  1.02784400E+00
    13  2.60000000E+00  1.02995830E+00  1.00000000E+00  1.02995830E+00
    14  2.80000000E+00  1.03204380E+00  1.00000000E+00  1.03204380E+00
    15  3.00000000E+00  1.03409476E+00  1.00000000E+00  1.03409476E+00
    16  3.20000000E+00  1.03612618E+00  1.00000000E+00  1.03612618E+00
    17  3.40000000E+00  1.03810059E+00  1.00000000E+00  1.03810059E+00
    18  3.60000000E+00  1.04008747E+00  1.00000000E+00  1.04008747E+00
    19  3.80000000E+00  1.04201537E+00  1.00000000E+00  1.04201537E+00
    20  4.00000000E+00  1.04392990E+00  1.00000000E+00  1.04392990E+00
    21  4.20000000E+00  1.04581500E+00  9.99999999E-01  1.04581500E+00
    22  4.40000000E+00  1.04763704E+00  9.99999997E-01  1.04763704E+00
    23  4.60000000E+00  1.04949000E+00  9.99999994E-01  1.04949000E+00
    24  4.80000000E+00  1.05128203E+00  9.99999991E-01  1.05128203E+00
    25  5.00000000E+00  1.05303969E+00  9.99999988E-01  1.05303969E+00
    26  5.20000000E+00  1.05480310E+00  9.99999983E-01  1.05480310E+00
    27  5.40000000E+00  1.05650115E+00  9.99999978E-01  1.05650115E+00
    28  5.60000000E+00  1.05817574E+00  9.99999973E-01  1.05817574E+00
    29  5.80000000E+00  1.05986038E+00  9.99999966E-01  1.05986038E+00
    30  6.00000000E+00  1.06147773E+00  9.99999959E-01  1.06147773E+00
    31  6.20000000E+00  1.06307534E+00  9.99999950E-01  1.06307534E+00
    32  6.40000000E+00  1.06468114E+00  9.99999941E-01  1.06468114E+00
    33  6.60000000E+00  1.06621770E+00  9.99999930E-01  1.06621770E+00
    34  6.80000000E+00  1.06770907E+00  9.99999918E-01  1.06770907E+00
    35  7.00000000E+00  1.06925233E+00  9.99999905E-01  1.06925233E+00
    36  7.20000000E+00  1.07072534E+00  9.99999891E-01  1.07072534E+00
    37  7.40000000E+00  1.07212534E+00  9.99999875E-01  1.07212534E+00
    38  7.60000000E+00  1.07359308E+00  9.99999857E-01  1.07359308E+00
    39  7.80000000E+00  1.07500275E+00  9.99999838E-01  1.07500275E+00
    40  8.00000000E+00  1.07633845E+00  9.99999816E-01  1.07633845E+00
    41  8.20000000E+00  1.07766735E+00  9.99999793E-01  1.07766735E+00
    42  8.40000000E+00  1.07903437E+00  9.99999768E-01  1.07903437E+00
    43  8.60000000E+00  1.08032731E+00  9.99999740E-01  1.08032731E+00
    44  8.80000000E+00  1.08154393E+00  9.99999710E-01  1.08154393E+00
    45  9.00000000E+00  1.08283263E+00  9.99999677E-01  1.08283263E+00
    46  9.20000000E+00  1.08408287E+00  9.99999642E-01  1.08408287E+00
    47  9.40000000E+00  1.08525661E+00  9.99999603E-01  1.08525661E+00
    48  9.60000000E+00  1.08635204E+00  9.99999562E-01  1.08635204E+00
    49  9.80000000E+00  1.08757116E+00  9.99999517E-01  1.08757116E+00
    50  1.00000000E+01  1.08872721E+00  9.99999469E-01  1.08872721E+00
    51  1.02000000E+01  1.08980552E+00  9.99999418E-01  1.08980552E+00
    52  1.04000000E+01  1.09081305E+00  9.99999362E-01  1.09081305E+00
    53  1.06000000E+01  1.09195109E+00  9.99999302E-01  1.09195109E+00
    54  1.08000000E+01  1.09301177E+00  9.99999238E-01  1.09301177E+00
    55  1.10000000E+01  1.09399368E+00  9.99999169E-01  1.09399368E+00
    56  1.12000000E+01  1.09489582E+00  9.99999096E-01  1.09489582E+00
    57  1.14000000E+01  1.09593432E+00  9.99999017E-01  1.09593432E+00
    58  1.16000000E+01  1.09692221E+00  9.99998933E-01  1.09692221E+00
    59  1.18000000E+01  1.09783113E+00  9.99998844E-01  1.09783113E+00
    60  1.20000000E+01  1.09866053E+00  9.99998748E-01  1.09866053E+00
    61  1.22000000E+01  1.09958660E+00  9.99998646E-01  1.09958660E+00
    62  1.24000000E+01  1.10050104E+00  9.99998538E-01  1.10050104E+00
    63  1.26000000E+01  1.10133639E+00  9.99998422E-01  1.10133639E+00
    64  1.28000000E+01  1.10209258E+00  9.99998300E-01  1.10209258E+00
    65  1.30000000E+01  1.10289451E+00  9.99998169E-01  1.10289451E+00
    66  1.32000000E+01  1.10373849E+00  9.99998031E-01  1.10373849E+00
    67  1.34000000E+01  1.10450392E+00  9.99997884E-01  1.10450392E+00
    68  1.36000000E+01  1.10519138E+00  9.99997728E-01  1.10519138E+00
    69  1.38000000E+01  1.10590562E+00  9.99997563E-01  1.10590562E+00
    70  1.40000000E+01  1.10667859E+00  9.99997388E-01  1.10667859E+00
    71  1.42000000E+01  1.10737364E+00  9.99997203E-01  1.10737364E+00
    72  1.44000000E+01  1.10799202E+00  9.99997007E-01  1.10799202E+00
    73  1.46000000E+01  1.10861574E+00  9.99996800E-01  1.10861574E+00
    74  1.48000000E+01  1.10931993E+00  9.99996581E-01  1.10931993E+00
    75  1.50000000E+01  1.10994784E+00  9.99996350E-01  1.10994784E+00
    76  1.52000000E+01  1.11050151E+00  9.99996106E-01  1.11050151E+00
    77  1.54000000E+01  1.11106355E+00  9.99995849E-01  1.11106355E+00
    78  1.56000000E+01  1.11169856E+00  9.99995578E-01  1.11169856E+00
    79  1.58000000E+01  1.11225906E+00  9.99995292E-01  1.11225906E+00
    80  1.60000000E+01  1.11274784E+00  9.99994992E-01  1.11274784E+00
    81  1.62000000E+01  1.11324919E+00  9.99994675E-01  1.11324919E+00
    82  1.64000000E+01  1.11381908E+00  9.99994341E-01  1.11381908E+00
    83  1.66000000E+01  1.11431732E+00  9.99993991E-01  1.11431732E+00
    84  1.68000000E+01  1.11474737E+00  9.99993622E-01  1.11474737E+00
    85  1.70000000E+01  1.11520487E+00  9.99993235E-01  1.11520487E+00
    86  1.72000000E+01  1.11570949E+00  9.99992828E-01  1.11570949E+00
    87  1.74000000E+01  1.11614547E+00  9.99992401E-01  1.11614547E+00
    88  1.76000000E+01  1.11651700E+00  9.99991954E-01  1.11651700E+00
    89  1.78000000E+01  1.11694020E+00  9.99991484E-01  1.11694020E+00
    90  1.80000000E+01  1.11738536E+00  9.99990991E-01  1.11738536E+00
    91  1.82000000E+01  1.11776571E+00  9.99990475E-01  1.11776571E+00
    92  1.84000000E+01  1.11808591E+00  9.99989935E-01  1.11808591E+00
    93  1.86000000E+01  1.11847455E+00  9.99989369E-01  1.11847455E+00
    94  1.88000000E+01  1.11886043E+00  9.99988777E-01  1.11886043E+00
    95  1.90000000E+01  1.11918561E+00  9.99988158E-01  1.11918561E+00
    96  1.92000000E+01  1.11945525E+00  9.99987510E-01  1.11945525E+00
    97  1.94000000E+01  1.11982694E+00  9.99986834E-01  1.11982694E+00
    98  1.96000000E+01  1.12016048E+00  9.99986127E-01  1.12016048E+00
    99  1.98000000E+01  1.12043777E+00  9.99985389E-01  1.12043777E+00
   100  2.00000000E+01  1.12066676E+00  9.99984619E-01  1.12066676E+00
   101  2.02000000E+01  1.12100552E+00  9.99983815E-01  1.12100552E+00
   102  2.04000000E+01  1.12128745E+00  9.99982977E-01  1.12128745E+00
   103  2.06000000E+01  1.12151796E+00  9.99982104E-01  1.12151796E+00
   104  2.08000000E+01  1.12175000E+00  9.99981195E-01  1.12175000E+00
   105  2.10000000E+01  1.12203983E+00  9.99980248E-01  1.12203983E+00
   106  2.12000000E+01  1.12227741E+00  9.99979262E-01  1.12227741E+00
   107  2.14000000E+01  1.12246833E+00  9.99978236E-01  1.12246833E+00
   108  2.16000000E+01  1.12268281E+00  9.99977170E-01  1.12268281E+00
   109  2.18000000E+01  1.12292472E+00  9.99976061E-01  1.12292472E+00
   110  2.20000000E+01  1.12311939E+00  9.99974910E-01  1.12311939E+00
   111  2.22000000E+01  1.12327259E+00  9.99973714E-01  1.12327259E+00
   112  2.24000000E+01  1.12349838E+00  9.99972473E-01  1.12349838E+00
   113  2.26000000E+01  1.12369953E+00  9.99971186E-01  1.12369953E+00
   114  2.28000000E+01  1.12385821E+00  9.99969851E-01  1.12385821E+00
   115  2.30000000E+01  1.12398016E+00  9.99968468E-01  1.12398016E+00
   116  2.32000000E+01  1.12418503E+00  9.99967035E-01  1.12418503E+00
   117  2.34000000E+01  1.12434716E+00  9.99965552E-01  1.12434716E+00
   118  2.36000000E+01  1.12447202E+00  9.99964018E-01  1.12447202E+00
   119  2.38000000E+01  1.12461674E+00  9.99962431E-01  1.12461674E+00
   120  2.40000000E+01  1.12478474E+00  9.99960791E-01  1.12478474E+00
   121  2.42000000E+01  1.12491444E+00  9.99959097E-01  1.12491444E+00
   122  2.44000000E+01  1.12501153E+00  9.99957349E-01  1.12501153E+00
   123  2.46000000E+01  1.12514247E+00  9.99955545E-01  1.12514247E+00
   124  2.48000000E+01  1.12527532E+00  9.99953685E-01  1.12527532E+00
   125  2.50000000E+01  1.12537503E+00  9.99951768E-01  1.12537503E+00
   126  2.52000000E+01  1.12546329E+00  9.99949795E-01  1.12546329E+00
   127  2.54000000E+01  1.12560139E+00  9.99947765E-01  1.12560139E+00
   128  2.56000000E+01  1.12570528E+00  9.99945677E-01  1.12570528E+00
   129  2.58000000E+01  1.12578059E+00  9.99943531E-01  1.12578059E+00
   130  2.60000000E+01  1.12585974E+00  9.99941328E-01  1.12585974E+00
   131  2.62000000E+01  1.12596649E+00  9.99939068E-01  1.12596649E+00
   132  2.64000000E+01  1.12604414E+00  9.99936751E-01  1.12604414E+00
   133  2.66000000E+01  1.12609811E+00  9.99934377E-01  1.12609811E+00
   134  2.68000000E+01  1.12620633E+00  9.99931948E-01  1.12620633E+00
   135  2.70000000E+01  1.12628750E+00  9.99929464E-01  1.12628750E+00
   136  2.72000000E+01  1.12634395E+00  9.99926927E-01  1.12634395E+00
   137  2.74000000E+01  1.12638847E+00  9.99924338E-01  1.12638847E+00
   138  2.76000000E+01  1.12647219E+00  9.99921699E-01  1.12647219E+00
   139  2.78000000E+01  1.12653069E+00  9.99919011E-01  1.12653069E+00
   140  2.80000000E+01  1.12656920E+00  9.99916277E-01  1.12656920E+00
   141  2.82000000E+01  1.12664638E+00  9.99913499E-01  1.12664638E+00
   142  2.84000000E+01  1.12670775E+00  9.99910682E-01  1.12670775E+00
   143  2.86000000E+01  1.12674810E+00  9.99907827E-01  1.12674810E+00
   144  2.88000000E+01  1.12677230E+00  9.99904938E-01  1.12677230E+00
   145  2.90000000E+01  1.12683451E+00  9.99902020E-01  1.12683451E+00
   146  2.92000000E+01  1.12687664E+00  9.99899077E-01  1.12687664E+00
   147  2.94000000E+01  1.12690222E+00  9.99896115E-01  1.12690222E+00
   148  2.96000000E+01  1.12695949E+00  9.99893138E-01  1.12695949E+00
   149  2.98000000E+01  1.12700382E+00  9.99890154E-01  1.12700382E+00
   150  3.00000000E+01  1.12703064E+00  9.99887168E-01  1.12703064E+00
   151  3.02000000E+01  1.12704449E+00  9.99884188E-01  1.12704449E+00
   152  3.04000000E+01  1.12708755E+00  9.99881223E-01  1.12708755E+00
   153  3.06000000E+01  1.12711588E+00  9.99878280E-01  1.12711588E+00
   154  3.08000000E+01  1.12713088E+00  9.99875370E-01  1.12713088E+00
   155  3.10000000E+01  1.12717609E+00  9.99872503E-01  1.12717609E+00
   156  3.12000000E+01  1.12720600E+00  9.99869689E-01  1.12720600E+00
   157  3.14000000E+01  1.12722165E+00  9.99866942E-01  1.12722165E+00
   158  3.16000000E+01  1.12722727E+00  9.99864274E-01  1.12722727E+00
   159  3.18000000E+01  1.12725824E+00  9.99861699E-01  1.12725824E+00
   160  3.20000000E+01  1.12727517E+00  9.99859232E-01  1.12727517E+00
   161  3.22000000E+01  1.12728682E+00  9.99856890E-01  1.12728682E+00
   162  3.24000000E+01  1.12732033E+00  9.99854690E-01  1.12732033E+00
   163  3.26000000E+01  1.12733822E+00  9.99852651E-01  1.12733822E+00
   164  3.28000000E+01  1.12734489E+00  9.99850792E-01  1.12734489E+00
   165  3.30000000E+01  1.12734865E+00  9.99849135E-01  1.12734865E+00
   166  3.32000000E+01  1.12736794E+00  9.99847703E-01  1.12736794E+00
   167  3.34000000E+01  1.12737566E+00  9.99846520E-01  1.12737566E+00
   168  3.36000000E+01  1.12739053E+00  9.99845612E-01  1.12739053E+00
   169  3.38000000E+01  1.12741112E+00  9.99845007E-01  1.12741112E+00
   170  3.40000000E+01  1.12741922E+00  9.99844735E-01  1.12741922E+00
   171  3.42000000E+01  1.12741889E+00  9.99844828E-01  1.12741889E+00
   172  3.44000000E+01  1.12742397E+00  9.99845318E-01  1.12742397E+00
   173  3.46000000E+01  1.12743323E+00  9.99846241E-01  1.12743323E+00
   174  3.48000000E+01  1.12743374E+00  9.99847636E-01  1.12743374E+00
   175  3.50000000E+01  1.12745320E+00  9.99849543E-01  1.12745320E+00
   176  3.52000000E+01  1.12746314E+00  9.99852003E-01  1.12746314E+00
   177  3.54000000E+01  1.12746351E+00  9.99855063E-01  1.12746351E+00
   178  3.56000000E+01  1.12745795E+00  9.99858771E-01  1.12745795E+00
   179  3.58000000E+01  1.12746559E+00  9.99863177E-01  1.12746559E+00
   180  3.60000000E+01  1.12746688E+00  9.99868335E-01  1.12746688E+00
   181  3.62000000E+01  1.12747408E+00  9.99874301E-01  1.12747408E+00
   182  3.64000000E+01  1.12748630E+00  9.99881137E-01  1.12748630E+00
   183  3.66000000E+01  1.12748771E+00  9.99888905E-01  1.12748771E+00
   184  3.68000000E+01  1.12749606E+00  9.99897672E-01  1.12749606E+00
   185  3.70000000E+01  1.12750779E+00  9.99907510E-01  1.12750779E+00
   186  3.72000000E+01  1.12751793E+00  9.99918492E-01  1.12751793E+00
   187  3.74000000E+01  1.12752654E+00  9.99930697E-01  1.12752654E+00
   188  3.76000000E+01  1.12753377E+00  9.99944209E-01  1.12753377E+00
   189  3.78000000E+01  1.12754405E+00  9.99959114E-01  1.12754405E+00
   190  3.80000000E+01  1.12755321E+00  9.99975505E-01  1.12755321E+00
   191  3.82000000E+01  1.12756093E+00  9.99993478E-01  1.12756093E+00
   192  3.84000000E+01  1.12756738E+00  1.00001314E+00  1.12756738E+00
   193  3.86000000E+01  1.12757334E+00  1.00003458E+00  1.12757334E+00
   194  3.88000000E+01  1.12758110E+00  1.00005793E+00  1.12758110E+00
   195  3.90000000E+01  1.12758756E+00  1.00008331E+00  1.12758756E+00
   196  3.92000000E+01  1.12759292E+00  1.00011082E+00  1.12759292E+00
   197  3.94000000E+01  1.12759741E+00  1.00014062E+00  1.12759741E+00
   198  3.96000000E+01  1.12760123E+00  1.00017282E+00  1.12760123E+00
   199  3.98000000E+01  1.12760692E+00  1.00020758E+00  1.12760692E+00
   200  4.00000000E+01  1.12761167E+00  1.00024504E+00  1.12761167E+00
   201  4.02000000E+01  1.12761565E+00  1.00028537E+00  1.12761565E+00
   202  4.04000000E+01  1.12761906E+00  1.00032872E+00  1.12761906E+00
   203  4.06000000E+01  1.12762207E+00  1.00037528E+00  1.12762207E+00
   204  4.08000000E+01  1.12762479E+00  1.00042521E+00  1.12762479E+00
   205  4.10000000E+01  1.12762784E+00  1.00047871E+00  1.12762784E+00
   206  4.12000000E+01  1.12763083E+00  1.00053597E+00  1.12763083E+00
   207  4.14000000E+01  1.12763356E+00  1.00059721E+00  1.12763356E+00
   208  4.16000000E+01  1.12763611E+00  1.00066264E+00  1.12763611E+00
   209  4.18000000E+01  1.12763855E+00  1.00073247E+00  1.12763855E+00
   210  4.20000000E+01  1.12764089E+00  1.00080695E+00  1.12764089E+00
   211  4.22000000E+01  1.12764314E+00  1.00088633E+00  1.12764314E+00
   212  4.24000000E+01  1.12764529E+00  1.00097084E+00  1.12764529E+00
   213  4.26000000E+01  1.12764731E+00  1.00106077E+00  1.12764731E+00
   214  4.28000000E+01  1.12764919E+00  1.00115639E+00  1.12764919E+00
   215  4.30000000E+01  1.12765091E+00  1.00125799E+00  1.12765091E+00
   216  4.32000000E+01  1.12765246E+00  1.00136586E+00  1.12765246E+00
   217  4.34000000E+01  1.12765401E+00  1.00148031E+00  1.12765401E+00
   218  4.36000000E+01  1.12765573E+00  1.00160168E+00  1.12765573E+00
   219  4.38000000E+01  1.12765729E+00  1.00173030E+00  1.12765729E+00
   220  4.40000000E+01  1.12765868E+00  1.00186652E+00  1.12765868E+00
   221  4.42000000E+01  1.12765990E+00  1.00201070E+00  1.12765990E+00
   222  4.44000000E+01  1.12766095E+00  1.00216322E+00  1.12766095E+00
   223  4.46000000E+01  1.12766185E+00  1.00232447E+00  1.12766185E+00
   224  4.48000000E+01  1.12766260E+00  1.00249485E+00  1.12766260E+00
   225  4.50000000E+01  1.12766322E+00  1.00267478E+00  1.12766322E+00
   226  4.52000000E+01  1.12766373E+00  1.00286470E+00  1.12766373E+00
   227  4.54000000E+01  1.12766432E+00  1.00306505E+00  1.12766432E+00
   228  4.56000000E+01  1.12766495E+00  1.00327630E+00  1.12766495E+00
   229  4.58000000E+01  1.12766547E+00  1.00349893E+00  1.12766547E+00
   230  4.60000000E+01  1.12766589E+00  1.00373343E+00  1.12766589E+00
   231  4.62000000E+01  1.12766624E+00  1.00398030E+00  1.12766624E+00
   232  4.64000000E+01  1.12766652E+00  1.00424009E+00  1.12766652E+00
   233  4.66000000E+01  1.12766675E+00  1.00451331E+00  1.12766675E+00
   234  4.68000000E+01  1.12766694E+00  1.00480054E+00  1.12766694E+00
   235  4.70000000E+01  1.12766708E+00  1.00510235E+00  1.12766708E+00
   236  4.72000000E+01  1.12766719E+00  1.00541932E+00  1.12766719E+00
   237  4.74000000E+01  1.12766727E+00  1.00575205E+00  1.12766727E+00
   238  4.76000000E+01  1.12766732E+00  1.00610116E+00  1.12766732E+00
   239  4.78000000E+01  1.12766734E+00  1.00646729E+00  1.12766734E+00
   240  4.80000000E+01  1.12766734E+00  1.00685108E+00  1.12766734E+00
   241  4.82000000E+01  1.12766732E+00  1.00725319E+00  1.12766732E+00
   242  4.84000000E+01  1.12766728E+00  1.00767430E+00  1.12766728E+00
   243  4.86000000E+01  1.12766722E+00  1.00811508E+00  1.12766722E+00
   244  4.88000000E+01  1.12766714E+00  1.00857626E+00  1.12766714E+00
   245  4.90000000E+01  1.12766706E+00  1.00905852E+00  1.12766706E+00
   246  4.92000000E+01  1.12766696E+00  1.00956259E+00  1.12766696E+00
   247  4.94000000E+01  1.12766685E+00  1.01008921E+00  1.12766685E+00
   248  4.96000000E+01  1.12766674E+00  1.01063911E+00  1.12766674E+00
   249  4.98000000E+01  1.12766662E+00  1.01121303E+00  1.12766662E+00
   250  5.00000000E+01  1.12766650E+00  1.01181172E+00  1.12766650E+00
   251  5.02000000E+01  1.12766637E+00  1.01243595E+00  1.12766637E+00
   252  5.04000000E+01  1.12766625E+00  1.01308646E+00  1.12766625E+00
   253  5.06000000E+01  1.12766612E+00  1.01376401E+00  1.12766612E+00
   254  5.08000000E+01  1.12766599E+00  1.01446937E+00  1.12766599E+00
   255  5.10000000E+01  1.12766587E+00  1.01520327E+00  1.12766587E+00
   256  5.12000000E+01  1.12766575E+00  1.01596646E+00  1.12766575E+00
   257  5.14000000E+01  1.12766563E+00  1.01675967E+00  1.12766563E+00
   258  5.16000000E+01  1.12766551E+00  1.01758363E+00  1.12766551E+00
   259  5.18000000E+01  1.12766539E+00  1.01843904E+00  1.12766539E+00
   260  5.20000000E+01  1.12766528E+00  1.01932659E+00  1.12766528E+00
   261  5.22000000E+01  1.12766517E+00  1.02024694E+00  1.12766517E+00
   262  5.24000000E+01  1.12766506E+00  1.02120074E+00  1.12766506E+00
   263  5.26000000E+01  1.12766496E+00  1.02218858E+00  1.12766496E+00
   264  5.28000000E+01  1.12766486E+00  1.02321106E+00  1.12766486E+00
   265  5.30000000E+01  1.12766476E+00  1.02426869E+00  1.12766476E+00
   266  5.32000000E+01  1.12766467E+00  1.02536199E+00  1.12766467E+00
   267  5.34000000E+01  1.12766458E+00  1.02649140E+00  1.12766458E+00
   268  5.36000000E+01  1.12766449E+00  1.02765733E+00  1.12766449E+00
   269  5.38000000E+01  1.12766441E+00  1.02886010E+00  1.12766441E+00
   270  5.40000000E+01  1.12766433E+00  1.03010002E+00  1.12766433E+00
   271  5.42000000E+01  1.12766426E+00  1.03137729E+00  1.12766426E+00
   272  5.44000000E+01  1.12766419E+00  1.03269206E+00  1.12766419E+00
   273  5.46000000E+01  1.12766412E+00  1.03404442E+00  1.12766412E+00
   274  5.48000000E+01  1.12766406E+00  1.03543434E+00  1.12766406E+00
   275  5.50000000E+01  1.12766399E+00  1.03686175E+00  1.12766399E+00
   276  5.52000000E+01  1.12766394E+00  1.03832644E+00  1.12766394E+00
   277  5.54000000E+01  1.12766388E+00  1.03982815E+00  1.12766388E+00
   278  5.56000000E+01  1.12766383E+00  1.04136650E+00  1.12766383E+00
   279  5.58000000E+01  1.12766378E+00  1.04294100E+00  1.12766378E+00
   280  5.60000000E+01  1.12766373E+00  1.04455106E+00  1.12766373E+00
   281  5.62000000E+01  1.12766369E+00  1.04619596E+00  1.12766369E+00
   282  5.64000000E+01  1.12766365E+00  1.04787489E+00  1.12766365E+00
   283  5.66000000E+01  1.12766361E+00  1.04958689E+00  1.12766361E+00
   284  5.68000000E+01  1.12766357E+00  1.05133089E+00  1.12766357E+00
   285  5.70000000E+01  1.12766354E+00  1.05310569E+00  1.12766354E+00
   286  5.72000000E+01  1.12766351E+00  1.05490996E+00  1.12766351E+00
   287  5.74000000E+01  1.12766348E+00  1.05674224E+00  1.12766348E+00
   288  5.76000000E+01  1.12766345E+00  1.05860093E+00  1.12766345E+00
   289  5.78000000E+01  1.12766342E+00  1.06048431E+00  1.12766342E+00
   290  5.80000000E+01  1.12766340E+00  1.06239050E+00  1.12766340E+00
   291  5.82000000E+01  1.12766337E+00  1.06431753E+00  1.12766337E+00
   292  5.84000000E+01  1.12766335E+00  1.06626326E+00  1.12766335E+00
   293  5.86000000E+01  1.12766333E+00  1.06822543E+00  1.12766333E+00
   294  5.88000000E+01  1.12766331E+00  1.07020167E+00  1.12766331E+00
   295  5.90000000E+01  1.12766329E+00  1.07218946E+00  1.12766329E+00
   296  5.92000000E+01  1.12766328E+00  1.07418619E+00  1.12766328E+00
   297  5.94000000E+01  1.12766326E+00  1.07618910E+00  1.12766326E+00
   298  5.96000000E+01  1.12766325E+00  1.07819537E+00  1.12766325E+00
   299  5.98000000E+01  1.12766323E+00  1.08020203E+00  1.12766323E+00
   300  6.00000000E+01  1.12766322E+00  1.08220603E+00  1.12766322E+00
   301  6.02000000E+01  1.12766321E+00  1.08420426E+00  1.12766321E+00
   302  6.04000000E+01  1.12766320E+00  1.08619349E+00  1.12766320E+00
   303  6.06000000E+01  1.12766319E+00  1.08817045E+00  1.12766319E+00
   304  6.08000000E+01  1.12766318E+00  1.09013179E+00  1.12766318E+00
   305  6.10000000E+01  1.12766317E+00  1.09207413E+00  1.12766317E+00
   306  6.12000000E+01  1.12766316E+00  1.09399404E+00  1.12766316E+00
   307  6.14000000E+01  1.12766315E+00  1.09588807E+00  1.12766315E+00
   308  6.16000000E+01  1.12766315E+00  1.09775275E+00  1.12766315E+00
   309  6.18000000E+01  1.12766314E+00  1.09958462E+00  1.12766314E+00
   310  6.20000000E+01  1.12766313E+00  1.10138023E+00  1.12766313E+00
   311  6.22000000E+01  1.12766313E+00  1.10313618E+00  1.12766313E+00
   312  6.24000000E+01  1.12766312E+00  1.10484908E+00  1.12766312E+00
   313  6.26000000E+01  1.12766312E+00  1.10651564E+00  1.12766312E+00
   314  6.28000000E+01  1.12766311E+00  1.10813263E+00  1.12766311E+00
   315  6.30000000E+01  1.12766311E+00  1.10969695E+00  1.12766311E+00
   316  6.32000000E+01  1.12766311E+00  1.11120558E+00  1.12766311E+00
   317  6.34000000E+01  1.12766310E+00  1.11265568E+00  1.12766310E+00
   318  6.36000000E+01  1.12766310E+00  1.11404456E+00  1.12766310E+00
   319  6.38000000E+01  1.12766310E+00  1.11536973E+00  1.12766310E+00
   320  6.40000000E+01  1.12766309E+00  1.11662891E+00  1.12766309E+00
   321  6.42000000E+01  1.12766309E+00  1.11782007E+00  1.12766309E+00
   322  6.44000000E+01  1.12766309E+00  1.11894145E+00  1.12766309E+00
   323  6.46000000E+01  1.12766309E+00  1.11999161E+00  1.12766309E+00
   324  6.48000000E+01  1.12766308E+00  1.12096943E+00  1.12766308E+00
   325  6.50000000E+01  1.12766308E+00  1.12187419E+00  1.12766308E+00
   326  6.52000000E+01  1.12766308E+00  1.12270555E+00  1.12766308E+00
   327  6.54000000E+01  1.12766308E+00  1.12346365E+00  1.12766308E+00
   328  6.56000000E+01  1.12766308E+00  1.12414905E+00  1.12766308E+00
   329  6.58000000E+01  1.12766308E+00  1.12476285E+00  1.12766308E+00
   330  6.60000000E+01  1.12766308E+00  1.12530665E+00  1.12766308E+00
   331  6.62000000E+01  1.12766307E+00  1.12578256E+00  1.12766307E+00
   332  6.64000000E+01  1.12766307E+00  1.12619322E+00  1.12766307E+00
   333  6.66000000E+01  1.12766307E+00  1.12654181E+00  1.12766307E+00
   334  6.68000000E+01  1.12766307E+00  1.12683196E+00  1.12766307E+00
   335  6.70000000E+01  1.12766307E+00  1.12706777E+00  1.12766307E+00
 steady-height stop at step    335: truncated to 3 decimals, truncated max/end/ratio =       1127      1127      1127, max/end/ratio =   1.12766307E+00  1.12706777E+00  1.12766307E+00
