 comppar: model =   3
 comppar: lambda,mobility/eps,betav,eta_0 =  9.0000E+00  5.0000E-02  7.0000E-01  1.0000E+00
 comppar: eta_s,eta_p,G =  7.0000E-01  3.0000E-01  3.3333E-02
 comppar: U_avg,deltat,flowrate,nsteps =  1.0000E-01  4.0000E-01  3.1416E-01    1000
 comppar: geometry = axisymmetric
 comppar: steady stop change,gap,hold,min =  1.0000E-05  2.0000E-04      10      80
 comppar: steady stop rounded decimals =       4
 comppar: ncompc,ncompg =     4     5
 mesh nnodes = 22999
 mesh nelem = 11296
 P1 BC   5.0000000000000000     
 P2 BC   0.0000000000000000     
     1  4.00000000E-01  1.00503928E+00  1.00000000E+00  1.00503928E+00
     2  8.00000000E-01  1.00992003E+00  1.00000000E+00  1.00992003E+00
     3  1.20000000E+00  1.01464542E+00  1.00000000E+00  1.01464542E+00
     4  1.60000000E+00  1.01923141E+00  1.00000000E+00  1.01923141E+00
     5  2.00000000E+00  1.02368451E+00  1.00000000E+00  1.02368451E+00
     6  2.40000000E+00  1.02801503E+00  1.00000000E+00  1.02801503E+00
     7  2.80000000E+00  1.03223302E+00  1.00000000E+00  1.03223302E+00
     8  3.20000000E+00  1.03634626E+00  1.00000000E+00  1.03634626E+00
     9  3.60000000E+00  1.04036820E+00  1.00000000E+00  1.04036820E+00
    10  4.00000000E+00  1.04430717E+00  1.00000000E+00  1.04430717E+00
    11  4.40000000E+00  1.04816477E+00  9.99999997E-01  1.04816477E+00
    12  4.80000000E+00  1.05195898E+00  9.99999992E-01  1.05195898E+00
    13  5.20000000E+00  1.05569078E+00  9.99999984E-01  1.05569078E+00
    14  5.60000000E+00  1.05936041E+00  9.99999974E-01  1.05936041E+00
    15  6.00000000E+00  1.06298004E+00  9.99999961E-01  1.06298004E+00
    16  6.40000000E+00  1.06656190E+00  9.99999945E-01  1.06656190E+00
    17  6.80000000E+00  1.07010100E+00  9.99999924E-01  1.07010100E+00
    18  7.20000000E+00  1.07359899E+00  9.99999899E-01  1.07359899E+00
    19  7.60000000E+00  1.07706157E+00  9.99999869E-01  1.07706157E+00
    20  8.00000000E+00  1.08048861E+00  9.99999833E-01  1.08048861E+00
    21  8.40000000E+00  1.08388564E+00  9.99999791E-01  1.08388564E+00
    22  8.80000000E+00  1.08724640E+00  9.99999741E-01  1.08724640E+00
    23  9.20000000E+00  1.09060149E+00  9.99999684E-01  1.09060149E+00
    24  9.60000000E+00  1.09392401E+00  9.99999617E-01  1.09392401E+00
    25  1.00000000E+01  1.09721341E+00  9.99999541E-01  1.09721341E+00
    26  1.04000000E+01  1.10046623E+00  9.99999454E-01  1.10046623E+00
    27  1.08000000E+01  1.10372854E+00  9.99999355E-01  1.10372854E+00
    28  1.12000000E+01  1.10695806E+00  9.99999244E-01  1.10695806E+00
    29  1.16000000E+01  1.11014921E+00  9.99999119E-01  1.11014921E+00
    30  1.20000000E+01  1.11336098E+00  9.99998978E-01  1.11336098E+00
    31  1.24000000E+01  1.11651352E+00  9.99998821E-01  1.11651352E+00
    32  1.28000000E+01  1.11969603E+00  9.99998646E-01  1.11969603E+00
    33  1.32000000E+01  1.12282150E+00  9.99998452E-01  1.12282150E+00
    34  1.36000000E+01  1.12597846E+00  9.99998237E-01  1.12597846E+00
    35  1.40000000E+01  1.12910198E+00  9.99997999E-01  1.12910198E+00
    36  1.44000000E+01  1.13222418E+00  9.99997737E-01  1.13222418E+00
    37  1.48000000E+01  1.13536244E+00  9.99997449E-01  1.13536244E+00
    38  1.52000000E+01  1.13848549E+00  9.99997133E-01  1.13848549E+00
    39  1.56000000E+01  1.14159993E+00  9.99996786E-01  1.14159993E+00
    40  1.60000000E+01  1.14474739E+00  9.99996407E-01  1.14474739E+00
    41  1.64000000E+01  1.14788756E+00  9.99995993E-01  1.14788756E+00
    42  1.68000000E+01  1.15101454E+00  9.99995542E-01  1.15101454E+00
    43  1.72000000E+01  1.15411943E+00  9.99995050E-01  1.15411943E+00
    44  1.76000000E+01  1.15724743E+00  9.99994516E-01  1.15724743E+00
    45  1.80000000E+01  1.16033954E+00  9.99993937E-01  1.16033954E+00
    46  1.84000000E+01  1.16337931E+00  9.99993309E-01  1.16337931E+00
    47  1.88000000E+01  1.16643329E+00  9.99992628E-01  1.16643329E+00
    48  1.92000000E+01  1.16942175E+00  9.99991893E-01  1.16942175E+00
    49  1.96000000E+01  1.17237826E+00  9.99991099E-01  1.17237826E+00
    50  2.00000000E+01  1.17529752E+00  9.99990242E-01  1.17529752E+00
    51  2.04000000E+01  1.17816325E+00  9.99989318E-01  1.17816325E+00
    52  2.08000000E+01  1.18100015E+00  9.99988325E-01  1.18100015E+00
    53  2.12000000E+01  1.18377026E+00  9.99987256E-01  1.18377026E+00
    54  2.16000000E+01  1.18651677E+00  9.99986108E-01  1.18651677E+00
    55  2.20000000E+01  1.18918403E+00  9.99984877E-01  1.18918403E+00
    56  2.24000000E+01  1.19183589E+00  9.99983557E-01  1.19183589E+00
    57  2.28000000E+01  1.19439572E+00  9.99982144E-01  1.19439572E+00
    58  2.32000000E+01  1.19695374E+00  9.99980632E-01  1.19695374E+00
    59  2.36000000E+01  1.19941649E+00  9.99979016E-01  1.19941649E+00
    60  2.40000000E+01  1.20187396E+00  9.99977291E-01  1.20187396E+00
    61  2.44000000E+01  1.20425016E+00  9.99975451E-01  1.20425016E+00
    62  2.48000000E+01  1.20661032E+00  9.99973491E-01  1.20661032E+00
    63  2.52000000E+01  1.20890249E+00  9.99971405E-01  1.20890249E+00
    64  2.56000000E+01  1.21116718E+00  9.99969187E-01  1.21116718E+00
    65  2.60000000E+01  1.21337596E+00  9.99966831E-01  1.21337596E+00
    66  2.64000000E+01  1.21553685E+00  9.99964331E-01  1.21553685E+00
    67  2.68000000E+01  1.21766006E+00  9.99961681E-01  1.21766006E+00
    68  2.72000000E+01  1.21971663E+00  9.99958876E-01  1.21971663E+00
    69  2.76000000E+01  1.22175110E+00  9.99955909E-01  1.22175110E+00
    70  2.80000000E+01  1.22371123E+00  9.99952774E-01  1.22371123E+00
    71  2.84000000E+01  1.22565212E+00  9.99949467E-01  1.22565212E+00
    72  2.88000000E+01  1.22752193E+00  9.99945982E-01  1.22752193E+00
    73  2.92000000E+01  1.22936531E+00  9.99942313E-01  1.22936531E+00
    74  2.96000000E+01  1.23114410E+00  9.99938456E-01  1.23114410E+00
    75  3.00000000E+01  1.23288707E+00  9.99934407E-01  1.23288707E+00
    76  3.04000000E+01  1.23457980E+00  9.99930163E-01  1.23457980E+00
    77  3.08000000E+01  1.23622159E+00  9.99925719E-01  1.23622159E+00
    78  3.12000000E+01  1.23783208E+00  9.99921075E-01  1.23783208E+00
    79  3.16000000E+01  1.23937476E+00  9.99916228E-01  1.23937476E+00
    80  3.20000000E+01  1.24090515E+00  9.99911179E-01  1.24090515E+00
    81  3.24000000E+01  1.24235644E+00  9.99905928E-01  1.24235644E+00
    82  3.28000000E+01  1.24380325E+00  9.99900477E-01  1.24380325E+00
    83  3.32000000E+01  1.24517815E+00  9.99894831E-01  1.24517815E+00
    84  3.36000000E+01  1.24653456E+00  9.99888996E-01  1.24653456E+00
    85  3.40000000E+01  1.24783661E+00  9.99882977E-01  1.24783661E+00
    86  3.44000000E+01  1.24910907E+00  9.99876786E-01  1.24910907E+00
    87  3.48000000E+01  1.25033910E+00  9.99870435E-01  1.25033910E+00
    88  3.52000000E+01  1.25153352E+00  9.99863939E-01  1.25153352E+00
    89  3.56000000E+01  1.25269853E+00  9.99857316E-01  1.25269853E+00
    90  3.60000000E+01  1.25382029E+00  9.99850587E-01  1.25382029E+00
    91  3.64000000E+01  1.25492237E+00  9.99843779E-01  1.25492237E+00
    92  3.68000000E+01  1.25597592E+00  9.99836921E-01  1.25597592E+00
    93  3.72000000E+01  1.25701493E+00  9.99830047E-01  1.25701493E+00
    94  3.76000000E+01  1.25800329E+00  9.99823198E-01  1.25800329E+00
    95  3.80000000E+01  1.25897927E+00  9.99816419E-01  1.25897927E+00
    96  3.84000000E+01  1.25990505E+00  9.99809760E-01  1.25990505E+00
    97  3.88000000E+01  1.26082547E+00  9.99803282E-01  1.26082547E+00
    98  3.92000000E+01  1.26169477E+00  9.99797049E-01  1.26169477E+00
    99  3.96000000E+01  1.26255901E+00  9.99791135E-01  1.26255901E+00
   100  4.00000000E+01  1.26337582E+00  9.99785625E-01  1.26337582E+00
   101  4.04000000E+01  1.26418118E+00  9.99780611E-01  1.26418118E+00
   102  4.08000000E+01  1.26494836E+00  9.99776197E-01  1.26494836E+00
   103  4.12000000E+01  1.26569682E+00  9.99772497E-01  1.26569682E+00
   104  4.16000000E+01  1.26641645E+00  9.99769640E-01  1.26641645E+00
   105  4.20000000E+01  1.26711032E+00  9.99767767E-01  1.26711032E+00
   106  4.24000000E+01  1.26778474E+00  9.99767034E-01  1.26778474E+00
   107  4.28000000E+01  1.26842665E+00  9.99767614E-01  1.26842665E+00
   108  4.32000000E+01  1.26905909E+00  9.99769696E-01  1.26905909E+00
   109  4.36000000E+01  1.26965217E+00  9.99773489E-01  1.26965217E+00
   110  4.40000000E+01  1.27024453E+00  9.99779222E-01  1.27024453E+00
   111  4.44000000E+01  1.27079907E+00  9.99787144E-01  1.27079907E+00
   112  4.48000000E+01  1.27134629E+00  9.99797530E-01  1.27134629E+00
   113  4.52000000E+01  1.27186434E+00  9.99810679E-01  1.27186434E+00
   114  4.56000000E+01  1.27236903E+00  9.99826918E-01  1.27236903E+00
   115  4.60000000E+01  1.27285258E+00  9.99846603E-01  1.27285258E+00
   116  4.64000000E+01  1.27331778E+00  9.99870119E-01  1.27331778E+00
   117  4.68000000E+01  1.27376772E+00  9.99897889E-01  1.27376772E+00
   118  4.72000000E+01  1.27419625E+00  9.99930369E-01  1.27419625E+00
   119  4.76000000E+01  1.27461558E+00  9.99968053E-01  1.27461558E+00
   120  4.80000000E+01  1.27500986E+00  1.00001148E+00  1.27500986E+00
   121  4.84000000E+01  1.27539992E+00  1.00006123E+00  1.27539992E+00
   122  4.88000000E+01  1.27576239E+00  1.00011792E+00  1.27576239E+00
   123  4.92000000E+01  1.27612449E+00  1.00018224E+00  1.27612449E+00
   124  4.96000000E+01  1.27646026E+00  1.00025491E+00  1.27646026E+00
   125  5.00000000E+01  1.27679236E+00  1.00033673E+00  1.27679236E+00
   126  5.04000000E+01  1.27710313E+00  1.00042853E+00  1.27710313E+00
   127  5.08000000E+01  1.27740694E+00  1.00053124E+00  1.27740694E+00
   128  5.12000000E+01  1.27769419E+00  1.00064581E+00  1.27769419E+00
   129  5.16000000E+01  1.27797145E+00  1.00077331E+00  1.27797145E+00
   130  5.20000000E+01  1.27823734E+00  1.00091486E+00  1.27823734E+00
   131  5.24000000E+01  1.27848965E+00  1.00107165E+00  1.27848965E+00
   132  5.28000000E+01  1.27873523E+00  1.00124498E+00  1.27873523E+00
   133  5.32000000E+01  1.27896422E+00  1.00143622E+00  1.27896422E+00
   134  5.36000000E+01  1.27919008E+00  1.00164683E+00  1.27919008E+00
   135  5.40000000E+01  1.27939736E+00  1.00187838E+00  1.27939736E+00
   136  5.44000000E+01  1.27960451E+00  1.00213253E+00  1.27960451E+00
   137  5.48000000E+01  1.27979467E+00  1.00241105E+00  1.27979467E+00
   138  5.52000000E+01  1.27998191E+00  1.00271581E+00  1.27998191E+00
   139  5.56000000E+01  1.28015586E+00  1.00304881E+00  1.28015586E+00
   140  5.60000000E+01  1.28032447E+00  1.00341215E+00  1.28032447E+00
   141  5.64000000E+01  1.28048329E+00  1.00380805E+00  1.28048329E+00
   142  5.68000000E+01  1.28063472E+00  1.00423888E+00  1.28063472E+00
   143  5.72000000E+01  1.28077920E+00  1.00470711E+00  1.28077920E+00
   144  5.76000000E+01  1.28091481E+00  1.00521535E+00  1.28091481E+00
   145  5.80000000E+01  1.28104623E+00  1.00576634E+00  1.28104623E+00
   146  5.84000000E+01  1.28116725E+00  1.00636294E+00  1.28116725E+00
   147  5.88000000E+01  1.28128608E+00  1.00700817E+00  1.28128608E+00
   148  5.92000000E+01  1.28139368E+00  1.00770514E+00  1.28139368E+00
   149  5.96000000E+01  1.28150106E+00  1.00845713E+00  1.28150106E+00
   150  6.00000000E+01  1.28159772E+00  1.00926752E+00  1.28159772E+00
   151  6.04000000E+01  1.28169301E+00  1.01013982E+00  1.28169301E+00
   152  6.08000000E+01  1.28177966E+00  1.01107764E+00  1.28177966E+00
   153  6.12000000E+01  1.28186354E+00  1.01208472E+00  1.28186354E+00
   154  6.16000000E+01  1.28194065E+00  1.01316486E+00  1.28194065E+00
   155  6.20000000E+01  1.28201405E+00  1.01432196E+00  1.28201405E+00
   156  6.24000000E+01  1.28208251E+00  1.01555999E+00  1.28208251E+00
   157  6.28000000E+01  1.28214625E+00  1.01688294E+00  1.28214625E+00
   158  6.32000000E+01  1.28220663E+00  1.01829485E+00  1.28220663E+00
   159  6.36000000E+01  1.28226153E+00  1.01979975E+00  1.28226153E+00
   160  6.40000000E+01  1.28231441E+00  1.02140164E+00  1.28231441E+00
   161  6.44000000E+01  1.28236121E+00  1.02310445E+00  1.28236121E+00
   162  6.48000000E+01  1.28240719E+00  1.02491203E+00  1.28240719E+00
   163  6.52000000E+01  1.28244690E+00  1.02682809E+00  1.28244690E+00
   164  6.56000000E+01  1.28248641E+00  1.02885618E+00  1.28248641E+00
   165  6.60000000E+01  1.28252015E+00  1.03099961E+00  1.28252015E+00
   166  6.64000000E+01  1.28255295E+00  1.03326144E+00  1.28255295E+00
   167  6.68000000E+01  1.28258141E+00  1.03564441E+00  1.28258141E+00
   168  6.72000000E+01  1.28260813E+00  1.03815089E+00  1.28260813E+00
   169  6.76000000E+01  1.28263169E+00  1.04078285E+00  1.28263169E+00
   170  6.80000000E+01  1.28265294E+00  1.04354177E+00  1.28265294E+00
   171  6.84000000E+01  1.28267191E+00  1.04642861E+00  1.28267191E+00
   172  6.88000000E+01  1.28268821E+00  1.04944375E+00  1.28268821E+00
   173  6.92000000E+01  1.28270283E+00  1.05258694E+00  1.28270283E+00
   174  6.96000000E+01  1.28271470E+00  1.05585727E+00  1.28271470E+00
   175  7.00000000E+01  1.28272553E+00  1.05925310E+00  1.28272553E+00
   176  7.04000000E+01  1.28273341E+00  1.06277203E+00  1.28273341E+00
   177  7.08000000E+01  1.28274076E+00  1.06641090E+00  1.28274076E+00
   178  7.12000000E+01  1.28274510E+00  1.07016572E+00  1.28274510E+00
   179  7.16000000E+01  1.28274930E+00  1.07403170E+00  1.28274930E+00
   180  7.20000000E+01  1.28275056E+00  1.07800325E+00  1.28275056E+00
   181  7.24000000E+01  1.28275177E+00  1.08207395E+00  1.28275177E+00
   182  7.28000000E+01  1.28275042E+00  1.08623661E+00  1.28275042E+00
   183  7.32000000E+01  1.28274882E+00  1.09048332E+00  1.28274882E+00
   184  7.36000000E+01  1.28274509E+00  1.09480546E+00  1.28274509E+00
   185  7.40000000E+01  1.28274101E+00  1.09919381E+00  1.28274101E+00
   186  7.44000000E+01  1.28273527E+00  1.10363860E+00  1.28273527E+00
   187  7.48000000E+01  1.28272903E+00  1.10812965E+00  1.28272903E+00
   188  7.52000000E+01  1.28272146E+00  1.11265643E+00  1.28272146E+00
   189  7.56000000E+01  1.28271333E+00  1.11720822E+00  1.28271333E+00
   190  7.60000000E+01  1.28270411E+00  1.12177421E+00  1.28270411E+00
   191  7.64000000E+01  1.28269435E+00  1.12634369E+00  1.28269435E+00
   192  7.68000000E+01  1.28268363E+00  1.13090616E+00  1.28268363E+00
   193  7.72000000E+01  1.28267249E+00  1.13545149E+00  1.28267249E+00
   194  7.76000000E+01  1.28266052E+00  1.13997009E+00  1.28266052E+00
   195  7.80000000E+01  1.28264820E+00  1.14445303E+00  1.28264820E+00
   196  7.84000000E+01  1.28263514E+00  1.14889219E+00  1.28263514E+00
   197  7.88000000E+01  1.28262184E+00  1.15328041E+00  1.28262184E+00
   198  7.92000000E+01  1.28260779E+00  1.15761155E+00  1.28260779E+00
   199  7.96000000E+01  1.28259370E+00  1.16188060E+00  1.28259370E+00
   200  8.00000000E+01  1.28257898E+00  1.16608371E+00  1.28257898E+00
   201  8.04000000E+01  1.28256408E+00  1.17021824E+00  1.28256408E+00
   202  8.08000000E+01  1.28254887E+00  1.17428270E+00  1.28254887E+00
   203  8.12000000E+01  1.28253331E+00  1.17827671E+00  1.28253331E+00
   204  8.16000000E+01  1.28251771E+00  1.18220085E+00  1.28251771E+00
   205  8.20000000E+01  1.28250191E+00  1.18605655E+00  1.28250191E+00
   206  8.24000000E+01  1.28248599E+00  1.18984588E+00  1.28248599E+00
   207  8.28000000E+01  1.28247004E+00  1.19357130E+00  1.28247004E+00
   208  8.32000000E+01  1.28245414E+00  1.19723538E+00  1.28245414E+00
   209  8.36000000E+01  1.28243844E+00  1.20084058E+00  1.28243844E+00
   210  8.40000000E+01  1.28242312E+00  1.20438890E+00  1.28242312E+00
   211  8.44000000E+01  1.28240840E+00  1.20788163E+00  1.28240840E+00
   212  8.48000000E+01  1.28239437E+00  1.21131914E+00  1.28239437E+00
   213  8.52000000E+01  1.28238107E+00  1.21470064E+00  1.28238107E+00
   214  8.56000000E+01  1.28236857E+00  1.21802409E+00  1.28236857E+00
   215  8.60000000E+01  1.28235699E+00  1.22128612E+00  1.28235699E+00
   216  8.64000000E+01  1.28234609E+00  1.22448216E+00  1.28234609E+00
   217  8.68000000E+01  1.28233595E+00  1.22760649E+00  1.28233595E+00
   218  8.72000000E+01  1.28232647E+00  1.23065254E+00  1.28232647E+00
   219  8.76000000E+01  1.28231772E+00  1.23361322E+00  1.28231772E+00
   220  8.80000000E+01  1.28230943E+00  1.23648125E+00  1.28230943E+00
   221  8.84000000E+01  1.28230185E+00  1.23924966E+00  1.28230185E+00
   222  8.88000000E+01  1.28229483E+00  1.24191214E+00  1.28229483E+00
   223  8.92000000E+01  1.28228821E+00  1.24446348E+00  1.28228821E+00
   224  8.96000000E+01  1.28228206E+00  1.24689987E+00  1.28228206E+00
   225  9.00000000E+01  1.28227656E+00  1.24921914E+00  1.28227656E+00
   226  9.04000000E+01  1.28227140E+00  1.25142082E+00  1.28227140E+00
   227  9.08000000E+01  1.28226657E+00  1.25350613E+00  1.28226657E+00
   228  9.12000000E+01  1.28226206E+00  1.25547784E+00  1.28226206E+00
   229  9.16000000E+01  1.28225784E+00  1.25733992E+00  1.28225784E+00
   230  9.20000000E+01  1.28225415E+00  1.25909724E+00  1.28225415E+00
   231  9.24000000E+01  1.28225076E+00  1.26075511E+00  1.28225076E+00
   232  9.28000000E+01  1.28224760E+00  1.26231892E+00  1.28224760E+00
   233  9.32000000E+01  1.28224468E+00  1.26379371E+00  1.28224468E+00
   234  9.36000000E+01  1.28224198E+00  1.26518400E+00  1.28224198E+00
   235  9.40000000E+01  1.28223949E+00  1.26649355E+00  1.28223949E+00
   236  9.44000000E+01  1.28223718E+00  1.26772539E+00  1.28223718E+00
   237  9.48000000E+01  1.28223507E+00  1.26888189E+00  1.28223507E+00
   238  9.52000000E+01  1.28223312E+00  1.26996499E+00  1.28223312E+00
   239  9.56000000E+01  1.28223134E+00  1.27097646E+00  1.28223134E+00
   240  9.60000000E+01  1.28222980E+00  1.27191817E+00  1.28222980E+00
   241  9.64000000E+01  1.28222845E+00  1.27279230E+00  1.28222845E+00
   242  9.68000000E+01  1.28222721E+00  1.27360159E+00  1.28222721E+00
   243  9.72000000E+01  1.28222610E+00  1.27434933E+00  1.28222610E+00
   244  9.76000000E+01  1.28222508E+00  1.27503936E+00  1.28222508E+00
   245  9.80000000E+01  1.28222417E+00  1.27567591E+00  1.28222417E+00
   246  9.84000000E+01  1.28222335E+00  1.27626338E+00  1.28222335E+00
   247  9.88000000E+01  1.28222261E+00  1.27680608E+00  1.28222261E+00
   248  9.92000000E+01  1.28222196E+00  1.27730798E+00  1.28222196E+00
   249  9.96000000E+01  1.28222137E+00  1.27777255E+00  1.28222137E+00
   250  1.00000000E+02  1.28222086E+00  1.27820260E+00  1.28222086E+00
   251  1.00400000E+02  1.28222040E+00  1.27860029E+00  1.28222040E+00
   252  1.00800000E+02  1.28222000E+00  1.27896722E+00  1.28222000E+00
   253  1.01200000E+02  1.28221965E+00  1.27930456E+00  1.28221965E+00
   254  1.01600000E+02  1.28221935E+00  1.27961330E+00  1.28221935E+00
   255  1.02000000E+02  1.28221910E+00  1.27989438E+00  1.28221910E+00
   256  1.02400000E+02  1.28221888E+00  1.28014892E+00  1.28221888E+00
   257  1.02800000E+02  1.28221870E+00  1.28037828E+00  1.28221870E+00
   258  1.03200000E+02  1.28221855E+00  1.28058411E+00  1.28221855E+00
   259  1.03600000E+02  1.28221842E+00  1.28076831E+00  1.28221842E+00
   260  1.04000000E+02  1.28221833E+00  1.28093289E+00  1.28221833E+00
   261  1.04400000E+02  1.28221826E+00  1.28107990E+00  1.28221826E+00
   262  1.04800000E+02  1.28221821E+00  1.28121125E+00  1.28221821E+00
   263  1.05200000E+02  1.28221818E+00  1.28132860E+00  1.28221818E+00
   264  1.05600000E+02  1.28221816E+00  1.28143336E+00  1.28221816E+00
   265  1.06000000E+02  1.28221816E+00  1.28152658E+00  1.28221816E+00
   266  1.06400000E+02  1.28221817E+00  1.28160911E+00  1.28221817E+00
   267  1.06800000E+02  1.28221820E+00  1.28168155E+00  1.28221820E+00
   268  1.07200000E+02  1.28221823E+00  1.28174447E+00  1.28221823E+00
   269  1.07600000E+02  1.28221827E+00  1.28179836E+00  1.28221827E+00
   270  1.08000000E+02  1.28221832E+00  1.28184381E+00  1.28221832E+00
   271  1.08400000E+02  1.28221837E+00  1.28188145E+00  1.28221837E+00
   272  1.08800000E+02  1.28221843E+00  1.28191200E+00  1.28221843E+00
   273  1.09200000E+02  1.28221850E+00  1.28193622E+00  1.28221850E+00
   274  1.09600000E+02  1.28221856E+00  1.28195486E+00  1.28221856E+00
   275  1.10000000E+02  1.28221863E+00  1.28196866E+00  1.28221863E+00
   276  1.10400000E+02  1.28221870E+00  1.28197823E+00  1.28221870E+00
   277  1.10800000E+02  1.28221878E+00  1.28198412E+00  1.28221878E+00
   278  1.11200000E+02  1.28221885E+00  1.28198676E+00  1.28221885E+00
   279  1.11600000E+02  1.28221892E+00  1.28198649E+00  1.28221892E+00
   280  1.12000000E+02  1.28221899E+00  1.28198361E+00  1.28221899E+00
   281  1.12400000E+02  1.28221906E+00  1.28197836E+00  1.28221906E+00
   282  1.12800000E+02  1.28221914E+00  1.28197099E+00  1.28221914E+00
   283  1.13200000E+02  1.28221921E+00  1.28196173E+00  1.28221921E+00
   284  1.13600000E+02  1.28221927E+00  1.28195085E+00  1.28221927E+00
   285  1.14000000E+02  1.28221934E+00  1.28193860E+00  1.28221934E+00
   286  1.14400000E+02  1.28221941E+00  1.28192522E+00  1.28221941E+00
   287  1.14800000E+02  1.28221947E+00  1.28191095E+00  1.28221947E+00
   288  1.15200000E+02  1.28221953E+00  1.28189599E+00  1.28221953E+00
   289  1.15600000E+02  1.28221959E+00  1.28188052E+00  1.28221959E+00
   290  1.16000000E+02  1.28221964E+00  1.28186469E+00  1.28221964E+00
   291  1.16400000E+02  1.28221970E+00  1.28184862E+00  1.28221970E+00
   292  1.16800000E+02  1.28221975E+00  1.28183240E+00  1.28221975E+00
   293  1.17200000E+02  1.28221980E+00  1.28181613E+00  1.28221980E+00
   294  1.17600000E+02  1.28221985E+00  1.28179987E+00  1.28221985E+00
   295  1.18000000E+02  1.28221989E+00  1.28178370E+00  1.28221989E+00
   296  1.18400000E+02  1.28221994E+00  1.28176770E+00  1.28221994E+00
   297  1.18800000E+02  1.28221998E+00  1.28175192E+00  1.28221998E+00
   298  1.19200000E+02  1.28222002E+00  1.28173643E+00  1.28222002E+00
   299  1.19600000E+02  1.28222005E+00  1.28172128E+00  1.28222005E+00
   300  1.20000000E+02  1.28222009E+00  1.28170650E+00  1.28222009E+00
   301  1.20400000E+02  1.28222012E+00  1.28169214E+00  1.28222012E+00
   302  1.20800000E+02  1.28222015E+00  1.28167821E+00  1.28222015E+00
   303  1.21200000E+02  1.28222018E+00  1.28166473E+00  1.28222018E+00
   304  1.21600000E+02  1.28222021E+00  1.28165172E+00  1.28222021E+00
   305  1.22000000E+02  1.28222023E+00  1.28163919E+00  1.28222023E+00
   306  1.22400000E+02  1.28222026E+00  1.28162714E+00  1.28222026E+00
   307  1.22800000E+02  1.28222028E+00  1.28161557E+00  1.28222028E+00
   308  1.23200000E+02  1.28222030E+00  1.28160449E+00  1.28222030E+00
   309  1.23600000E+02  1.28222032E+00  1.28159390E+00  1.28222032E+00
   310  1.24000000E+02  1.28222034E+00  1.28158380E+00  1.28222034E+00
   311  1.24400000E+02  1.28222035E+00  1.28157417E+00  1.28222035E+00
   312  1.24800000E+02  1.28222037E+00  1.28156501E+00  1.28222037E+00
   313  1.25200000E+02  1.28222038E+00  1.28155632E+00  1.28222038E+00
   314  1.25600000E+02  1.28222040E+00  1.28154808E+00  1.28222040E+00
   315  1.26000000E+02  1.28222041E+00  1.28154028E+00  1.28222041E+00
   316  1.26400000E+02  1.28222042E+00  1.28153290E+00  1.28222042E+00
   317  1.26800000E+02  1.28222043E+00  1.28152594E+00  1.28222043E+00
   318  1.27200000E+02  1.28222044E+00  1.28151938E+00  1.28222044E+00
   319  1.27600000E+02  1.28222045E+00  1.28151321E+00  1.28222045E+00
   320  1.28000000E+02  1.28222046E+00  1.28150741E+00  1.28222046E+00
   321  1.28400000E+02  1.28222047E+00  1.28150197E+00  1.28222047E+00
   322  1.28800000E+02  1.28222047E+00  1.28149687E+00  1.28222047E+00
   323  1.29200000E+02  1.28222048E+00  1.28149210E+00  1.28222048E+00
   324  1.29600000E+02  1.28222048E+00  1.28148764E+00  1.28222048E+00
   325  1.30000000E+02  1.28222049E+00  1.28148349E+00  1.28222049E+00
   326  1.30400000E+02  1.28222049E+00  1.28147961E+00  1.28222049E+00
   327  1.30800000E+02  1.28222050E+00  1.28147601E+00  1.28222050E+00
   328  1.31200000E+02  1.28222050E+00  1.28147267E+00  1.28222050E+00
   329  1.31600000E+02  1.28222050E+00  1.28146957E+00  1.28222050E+00
   330  1.32000000E+02  1.28222051E+00  1.28146670E+00  1.28222051E+00
   331  1.32400000E+02  1.28222051E+00  1.28146404E+00  1.28222051E+00
   332  1.32800000E+02  1.28222051E+00  1.28146159E+00  1.28222051E+00
   333  1.33200000E+02  1.28222051E+00  1.28145934E+00  1.28222051E+00
   334  1.33600000E+02  1.28222051E+00  1.28145727E+00  1.28222051E+00
   335  1.34000000E+02  1.28222052E+00  1.28145536E+00  1.28222052E+00
   336  1.34400000E+02  1.28222052E+00  1.28145362E+00  1.28222052E+00
   337  1.34800000E+02  1.28222052E+00  1.28145203E+00  1.28222052E+00
   338  1.35200000E+02  1.28222052E+00  1.28145058E+00  1.28222052E+00
   339  1.35600000E+02  1.28222052E+00  1.28144925E+00  1.28222052E+00
   340  1.36000000E+02  1.28222052E+00  1.28144805E+00  1.28222052E+00
   341  1.36400000E+02  1.28222052E+00  1.28144697E+00  1.28222052E+00
   342  1.36800000E+02  1.28222052E+00  1.28144599E+00  1.28222052E+00
   343  1.37200000E+02  1.28222052E+00  1.28144510E+00  1.28222052E+00
   344  1.37600000E+02  1.28222052E+00  1.28144431E+00  1.28222052E+00
   345  1.38000000E+02  1.28222052E+00  1.28144360E+00  1.28222052E+00
   346  1.38400000E+02  1.28222052E+00  1.28144297E+00  1.28222052E+00
   347  1.38800000E+02  1.28222052E+00  1.28144241E+00  1.28222052E+00
   348  1.39200000E+02  1.28222052E+00  1.28144191E+00  1.28222052E+00
   349  1.39600000E+02  1.28222052E+00  1.28144148E+00  1.28222052E+00
   350  1.40000000E+02  1.28222052E+00  1.28144110E+00  1.28222052E+00
   351  1.40400000E+02  1.28222052E+00  1.28144077E+00  1.28222052E+00
   352  1.40800000E+02  1.28222052E+00  1.28144049E+00  1.28222052E+00
   353  1.41200000E+02  1.28222052E+00  1.28144025E+00  1.28222052E+00
   354  1.41600000E+02  1.28222052E+00  1.28144005E+00  1.28222052E+00
   355  1.42000000E+02  1.28222052E+00  1.28143988E+00  1.28222052E+00
   356  1.42400000E+02  1.28222052E+00  1.28143974E+00  1.28222052E+00
   357  1.42800000E+02  1.28222052E+00  1.28143963E+00  1.28222052E+00
   358  1.43200000E+02  1.28222052E+00  1.28143955E+00  1.28222052E+00
   359  1.43600000E+02  1.28222052E+00  1.28143949E+00  1.28222052E+00
   360  1.44000000E+02  1.28222052E+00  1.28143945E+00  1.28222052E+00
   361  1.44400000E+02  1.28222052E+00  1.28143943E+00  1.28222052E+00
   362  1.44800000E+02  1.28222052E+00  1.28143942E+00  1.28222052E+00
   363  1.45200000E+02  1.28222052E+00  1.28143943E+00  1.28222052E+00
   364  1.45600000E+02  1.28222052E+00  1.28143945E+00  1.28222052E+00
   365  1.46000000E+02  1.28222052E+00  1.28143948E+00  1.28222052E+00
   366  1.46400000E+02  1.28222052E+00  1.28143952E+00  1.28222052E+00
   367  1.46800000E+02  1.28222052E+00  1.28143957E+00  1.28222052E+00
   368  1.47200000E+02  1.28222052E+00  1.28143962E+00  1.28222052E+00
   369  1.47600000E+02  1.28222051E+00  1.28143968E+00  1.28222051E+00
   370  1.48000000E+02  1.28222051E+00  1.28143974E+00  1.28222051E+00
   371  1.48400000E+02  1.28222051E+00  1.28143981E+00  1.28222051E+00
   372  1.48800000E+02  1.28222051E+00  1.28143988E+00  1.28222051E+00
   373  1.49200000E+02  1.28222051E+00  1.28143995E+00  1.28222051E+00
   374  1.49600000E+02  1.28222051E+00  1.28144003E+00  1.28222051E+00
   375  1.50000000E+02  1.28222051E+00  1.28144010E+00  1.28222051E+00
   376  1.50400000E+02  1.28222051E+00  1.28144018E+00  1.28222051E+00
   377  1.50800000E+02  1.28222051E+00  1.28144025E+00  1.28222051E+00
   378  1.51200000E+02  1.28222051E+00  1.28144033E+00  1.28222051E+00
   379  1.51600000E+02  1.28222051E+00  1.28144040E+00  1.28222051E+00
   380  1.52000000E+02  1.28222051E+00  1.28144047E+00  1.28222051E+00
   381  1.52400000E+02  1.28222051E+00  1.28144054E+00  1.28222051E+00
   382  1.52800000E+02  1.28222051E+00  1.28144061E+00  1.28222051E+00
   383  1.53200000E+02  1.28222051E+00  1.28144068E+00  1.28222051E+00
   384  1.53600000E+02  1.28222051E+00  1.28144075E+00  1.28222051E+00
   385  1.54000000E+02  1.28222051E+00  1.28144081E+00  1.28222051E+00
   386  1.54400000E+02  1.28222051E+00  1.28144087E+00  1.28222051E+00
   387  1.54800000E+02  1.28222051E+00  1.28144093E+00  1.28222051E+00
   388  1.55200000E+02  1.28222051E+00  1.28144099E+00  1.28222051E+00
   389  1.55600000E+02  1.28222051E+00  1.28144104E+00  1.28222051E+00
   390  1.56000000E+02  1.28222051E+00  1.28144109E+00  1.28222051E+00
   391  1.56400000E+02  1.28222051E+00  1.28144114E+00  1.28222051E+00
   392  1.56800000E+02  1.28222051E+00  1.28144119E+00  1.28222051E+00
   393  1.57200000E+02  1.28222051E+00  1.28144124E+00  1.28222051E+00
   394  1.57600000E+02  1.28222051E+00  1.28144128E+00  1.28222051E+00
   395  1.58000000E+02  1.28222051E+00  1.28144132E+00  1.28222051E+00
   396  1.58400000E+02  1.28222051E+00  1.28144136E+00  1.28222051E+00
   397  1.58800000E+02  1.28222051E+00  1.28144140E+00  1.28222051E+00
   398  1.59200000E+02  1.28222051E+00  1.28144143E+00  1.28222051E+00
   399  1.59600000E+02  1.28222051E+00  1.28144146E+00  1.28222051E+00
   400  1.60000000E+02  1.28222051E+00  1.28144149E+00  1.28222051E+00
   401  1.60400000E+02  1.28222051E+00  1.28144152E+00  1.28222051E+00
   402  1.60800000E+02  1.28222051E+00  1.28144155E+00  1.28222051E+00
   403  1.61200000E+02  1.28222051E+00  1.28144158E+00  1.28222051E+00
   404  1.61600000E+02  1.28222051E+00  1.28144160E+00  1.28222051E+00
   405  1.62000000E+02  1.28222051E+00  1.28144162E+00  1.28222051E+00
   406  1.62400000E+02  1.28222051E+00  1.28144164E+00  1.28222051E+00
   407  1.62800000E+02  1.28222051E+00  1.28144166E+00  1.28222051E+00
   408  1.63200000E+02  1.28222051E+00  1.28144168E+00  1.28222051E+00
   409  1.63600000E+02  1.28222051E+00  1.28144170E+00  1.28222051E+00
   410  1.64000000E+02  1.28222051E+00  1.28144171E+00  1.28222051E+00
   411  1.64400000E+02  1.28222051E+00  1.28144173E+00  1.28222051E+00
   412  1.64800000E+02  1.28222051E+00  1.28144174E+00  1.28222051E+00
   413  1.65200000E+02  1.28222051E+00  1.28144175E+00  1.28222051E+00
   414  1.65600000E+02  1.28222051E+00  1.28144176E+00  1.28222051E+00
   415  1.66000000E+02  1.28222051E+00  1.28144177E+00  1.28222051E+00
   416  1.66400000E+02  1.28222051E+00  1.28144178E+00  1.28222051E+00
   417  1.66800000E+02  1.28222051E+00  1.28144179E+00  1.28222051E+00
   418  1.67200000E+02  1.28222051E+00  1.28144180E+00  1.28222051E+00
   419  1.67600000E+02  1.28222051E+00  1.28144180E+00  1.28222051E+00
   420  1.68000000E+02  1.28222051E+00  1.28144181E+00  1.28222051E+00
   421  1.68400000E+02  1.28222051E+00  1.28144182E+00  1.28222051E+00
   422  1.68800000E+02  1.28222051E+00  1.28144182E+00  1.28222051E+00
   423  1.69200000E+02  1.28222051E+00  1.28144183E+00  1.28222051E+00
   424  1.69600000E+02  1.28222051E+00  1.28144183E+00  1.28222051E+00
   425  1.70000000E+02  1.28222051E+00  1.28144184E+00  1.28222051E+00
   426  1.70400000E+02  1.28222051E+00  1.28144184E+00  1.28222051E+00
   427  1.70800000E+02  1.28222051E+00  1.28144184E+00  1.28222051E+00
   428  1.71200000E+02  1.28222051E+00  1.28144184E+00  1.28222051E+00
   429  1.71600000E+02  1.28222051E+00  1.28144185E+00  1.28222051E+00
   430  1.72000000E+02  1.28222051E+00  1.28144185E+00  1.28222051E+00
   431  1.72400000E+02  1.28222051E+00  1.28144185E+00  1.28222051E+00
   432  1.72800000E+02  1.28222051E+00  1.28144185E+00  1.28222051E+00
   433  1.73200000E+02  1.28222051E+00  1.28144185E+00  1.28222051E+00
   434  1.73600000E+02  1.28222051E+00  1.28144185E+00  1.28222051E+00
   435  1.74000000E+02  1.28222051E+00  1.28144186E+00  1.28222051E+00
   436  1.74400000E+02  1.28222051E+00  1.28144186E+00  1.28222051E+00
   437  1.74800000E+02  1.28222051E+00  1.28144186E+00  1.28222051E+00
   438  1.75200000E+02  1.28222051E+00  1.28144186E+00  1.28222051E+00
   439  1.75600000E+02  1.28222051E+00  1.28144186E+00  1.28222051E+00
   440  1.76000000E+02  1.28222051E+00  1.28144186E+00  1.28222051E+00
   441  1.76400000E+02  1.28222051E+00  1.28144186E+00  1.28222051E+00
   442  1.76800000E+02  1.28222051E+00  1.28144186E+00  1.28222051E+00
   443  1.77200000E+02  1.28222051E+00  1.28144186E+00  1.28222051E+00
   444  1.77600000E+02  1.28222051E+00  1.28144186E+00  1.28222051E+00
   445  1.78000000E+02  1.28222051E+00  1.28144186E+00  1.28222051E+00
   446  1.78400000E+02  1.28222051E+00  1.28144186E+00  1.28222051E+00
   447  1.78800000E+02  1.28222051E+00  1.28144186E+00  1.28222051E+00
   448  1.79200000E+02  1.28222051E+00  1.28144186E+00  1.28222051E+00
   449  1.79600000E+02  1.28222051E+00  1.28144186E+00  1.28222051E+00
   450  1.80000000E+02  1.28222051E+00  1.28144186E+00  1.28222051E+00
   451  1.80400000E+02  1.28222051E+00  1.28144186E+00  1.28222051E+00
   452  1.80800000E+02  1.28222051E+00  1.28144186E+00  1.28222051E+00
   453  1.81200000E+02  1.28222051E+00  1.28144186E+00  1.28222051E+00
   454  1.81600000E+02  1.28222051E+00  1.28144186E+00  1.28222051E+00
   455  1.82000000E+02  1.28222051E+00  1.28144186E+00  1.28222051E+00
   456  1.82400000E+02  1.28222051E+00  1.28144185E+00  1.28222051E+00
   457  1.82800000E+02  1.28222051E+00  1.28144185E+00  1.28222051E+00
   458  1.83200000E+02  1.28222051E+00  1.28144185E+00  1.28222051E+00
   459  1.83600000E+02  1.28222051E+00  1.28144185E+00  1.28222051E+00
   460  1.84000000E+02  1.28222051E+00  1.28144185E+00  1.28222051E+00
   461  1.84400000E+02  1.28222051E+00  1.28144185E+00  1.28222051E+00
   462  1.84800000E+02  1.28222051E+00  1.28144185E+00  1.28222051E+00
   463  1.85200000E+02  1.28222051E+00  1.28144185E+00  1.28222051E+00
   464  1.85600000E+02  1.28222051E+00  1.28144185E+00  1.28222051E+00
   465  1.86000000E+02  1.28222051E+00  1.28144185E+00  1.28222051E+00
   466  1.86400000E+02  1.28222051E+00  1.28144185E+00  1.28222051E+00
   467  1.86800000E+02  1.28222051E+00  1.28144185E+00  1.28222051E+00
   468  1.87200000E+02  1.28222051E+00  1.28144185E+00  1.28222051E+00
   469  1.87600000E+02  1.28222051E+00  1.28144185E+00  1.28222051E+00
   470  1.88000000E+02  1.28222051E+00  1.28144185E+00  1.28222051E+00
   471  1.88400000E+02  1.28222051E+00  1.28144185E+00  1.28222051E+00
   472  1.88800000E+02  1.28222051E+00  1.28144185E+00  1.28222051E+00
   473  1.89200000E+02  1.28222051E+00  1.28144185E+00  1.28222051E+00
   474  1.89600000E+02  1.28222051E+00  1.28144185E+00  1.28222051E+00
   475  1.90000000E+02  1.28222051E+00  1.28144185E+00  1.28222051E+00
   476  1.90400000E+02  1.28222051E+00  1.28144185E+00  1.28222051E+00
   477  1.90800000E+02  1.28222051E+00  1.28144185E+00  1.28222051E+00
   478  1.91200000E+02  1.28222051E+00  1.28144185E+00  1.28222051E+00
   479  1.91600000E+02  1.28222051E+00  1.28144185E+00  1.28222051E+00
   480  1.92000000E+02  1.28222051E+00  1.28144185E+00  1.28222051E+00
   481  1.92400000E+02  1.28222051E+00  1.28144185E+00  1.28222051E+00
   482  1.92800000E+02  1.28222051E+00  1.28144185E+00  1.28222051E+00
   483  1.93200000E+02  1.28222051E+00  1.28144185E+00  1.28222051E+00
   484  1.93600000E+02  1.28222051E+00  1.28144185E+00  1.28222051E+00
   485  1.94000000E+02  1.28222051E+00  1.28144185E+00  1.28222051E+00
   486  1.94400000E+02  1.28222051E+00  1.28144185E+00  1.28222051E+00
   487  1.94800000E+02  1.28222051E+00  1.28144185E+00  1.28222051E+00
   488  1.95200000E+02  1.28222051E+00  1.28144185E+00  1.28222051E+00
   489  1.95600000E+02  1.28222051E+00  1.28144185E+00  1.28222051E+00
   490  1.96000000E+02  1.28222051E+00  1.28144185E+00  1.28222051E+00
   491  1.96400000E+02  1.28222051E+00  1.28144185E+00  1.28222051E+00
   492  1.96800000E+02  1.28222051E+00  1.28144185E+00  1.28222051E+00
   493  1.97200000E+02  1.28222051E+00  1.28144185E+00  1.28222051E+00
   494  1.97600000E+02  1.28222051E+00  1.28144185E+00  1.28222051E+00
   495  1.98000000E+02  1.28222051E+00  1.28144185E+00  1.28222051E+00
   496  1.98400000E+02  1.28222051E+00  1.28144185E+00  1.28222051E+00
   497  1.98800000E+02  1.28222051E+00  1.28144185E+00  1.28222051E+00
   498  1.99200000E+02  1.28222051E+00  1.28144185E+00  1.28222051E+00
   499  1.99600000E+02  1.28222051E+00  1.28144185E+00  1.28222051E+00
   500  2.00000000E+02  1.28222051E+00  1.28144185E+00  1.28222051E+00
   501  2.00400000E+02  1.28222051E+00  1.28144185E+00  1.28222051E+00
   502  2.00800000E+02  1.28222051E+00  1.28144185E+00  1.28222051E+00
   503  2.01200000E+02  1.28222051E+00  1.28144185E+00  1.28222051E+00
   504  2.01600000E+02  1.28222051E+00  1.28144185E+00  1.28222051E+00
   505  2.02000000E+02  1.28222051E+00  1.28144185E+00  1.28222051E+00
   506  2.02400000E+02  1.28222051E+00  1.28144185E+00  1.28222051E+00
   507  2.02800000E+02  1.28222051E+00  1.28144185E+00  1.28222051E+00
   508  2.03200000E+02  1.28222051E+00  1.28144185E+00  1.28222051E+00
   509  2.03600000E+02  1.28222051E+00  1.28144185E+00  1.28222051E+00
   510  2.04000000E+02  1.28222051E+00  1.28144185E+00  1.28222051E+00
   511  2.04400000E+02  1.28222051E+00  1.28144185E+00  1.28222051E+00
   512  2.04800000E+02  1.28222051E+00  1.28144185E+00  1.28222051E+00
   513  2.05200000E+02  1.28222051E+00  1.28144185E+00  1.28222051E+00
   514  2.05600000E+02  1.28222051E+00  1.28144185E+00  1.28222051E+00
   515  2.06000000E+02  1.28222051E+00  1.28144185E+00  1.28222051E+00
   516  2.06400000E+02  1.28222051E+00  1.28144185E+00  1.28222051E+00
   517  2.06800000E+02  1.28222051E+00  1.28144185E+00  1.28222051E+00
   518  2.07200000E+02  1.28222051E+00  1.28144185E+00  1.28222051E+00
   519  2.07600000E+02  1.28222051E+00  1.28144185E+00  1.28222051E+00
   520  2.08000000E+02  1.28222051E+00  1.28144185E+00  1.28222051E+00
   521  2.08400000E+02  1.28222051E+00  1.28144185E+00  1.28222051E+00
   522  2.08800000E+02  1.28222051E+00  1.28144185E+00  1.28222051E+00
   523  2.09200000E+02  1.28222051E+00  1.28144185E+00  1.28222051E+00
   524  2.09600000E+02  1.28222051E+00  1.28144185E+00  1.28222051E+00
   525  2.10000000E+02  1.28222051E+00  1.28144185E+00  1.28222051E+00
   526  2.10400000E+02  1.28222051E+00  1.28144185E+00  1.28222051E+00
   527  2.10800000E+02  1.28222051E+00  1.28144185E+00  1.28222051E+00
   528  2.11200000E+02  1.28222051E+00  1.28144185E+00  1.28222051E+00
   529  2.11600000E+02  1.28222051E+00  1.28144185E+00  1.28222051E+00
   530  2.12000000E+02  1.28222051E+00  1.28144185E+00  1.28222051E+00
   531  2.12400000E+02  1.28222051E+00  1.28144185E+00  1.28222051E+00
   532  2.12800000E+02  1.28222051E+00  1.28144185E+00  1.28222051E+00
   533  2.13200000E+02  1.28222051E+00  1.28144185E+00  1.28222051E+00
   534  2.13600000E+02  1.28222051E+00  1.28144185E+00  1.28222051E+00
   535  2.14000000E+02  1.28222051E+00  1.28144185E+00  1.28222051E+00
   536  2.14400000E+02  1.28222051E+00  1.28144185E+00  1.28222051E+00
   537  2.14800000E+02  1.28222051E+00  1.28144185E+00  1.28222051E+00
   538  2.15200000E+02  1.28222051E+00  1.28144185E+00  1.28222051E+00
   539  2.15600000E+02  1.28222051E+00  1.28144185E+00  1.28222051E+00
   540  2.16000000E+02  1.28222051E+00  1.28144185E+00  1.28222051E+00
   541  2.16400000E+02  1.28222051E+00  1.28144185E+00  1.28222051E+00
   542  2.16800000E+02  1.28222051E+00  1.28144185E+00  1.28222051E+00
   543  2.17200000E+02  1.28222051E+00  1.28144185E+00  1.28222051E+00
   544  2.17600000E+02  1.28222051E+00  1.28144185E+00  1.28222051E+00
   545  2.18000000E+02  1.28222051E+00  1.28144185E+00  1.28222051E+00
   546  2.18400000E+02  1.28222051E+00  1.28144185E+00  1.28222051E+00
   547  2.18800000E+02  1.28222051E+00  1.28144185E+00  1.28222051E+00
   548  2.19200000E+02  1.28222051E+00  1.28144185E+00  1.28222051E+00
   549  2.19600000E+02  1.28222051E+00  1.28144185E+00  1.28222051E+00
   550  2.20000000E+02  1.28222051E+00  1.28144185E+00  1.28222051E+00
   551  2.20400000E+02  1.28222051E+00  1.28144185E+00  1.28222051E+00
   552  2.20800000E+02  1.28222051E+00  1.28144185E+00  1.28222051E+00
   553  2.21200000E+02  1.28222051E+00  1.28144185E+00  1.28222051E+00
   554  2.21600000E+02  1.28222051E+00  1.28144185E+00  1.28222051E+00
   555  2.22000000E+02  1.28222051E+00  1.28144185E+00  1.28222051E+00
   556  2.22400000E+02  1.28222051E+00  1.28144185E+00  1.28222051E+00
   557  2.22800000E+02  1.28222051E+00  1.28144185E+00  1.28222051E+00
   558  2.23200000E+02  1.28222051E+00  1.28144185E+00  1.28222051E+00
   559  2.23600000E+02  1.28222051E+00  1.28144185E+00  1.28222051E+00
   560  2.24000000E+02  1.28222051E+00  1.28144185E+00  1.28222051E+00
   561  2.24400000E+02  1.28222051E+00  1.28144185E+00  1.28222051E+00
   562  2.24800000E+02  1.28222051E+00  1.28144185E+00  1.28222051E+00
   563  2.25200000E+02  1.28222051E+00  1.28144185E+00  1.28222051E+00
   564  2.25600000E+02  1.28222051E+00  1.28144185E+00  1.28222051E+00
   565  2.26000000E+02  1.28222051E+00  1.28144185E+00  1.28222051E+00
   566  2.26400000E+02  1.28222051E+00  1.28144185E+00  1.28222051E+00
   567  2.26800000E+02  1.28222051E+00  1.28144185E+00  1.28222051E+00
   568  2.27200000E+02  1.28222051E+00  1.28144185E+00  1.28222051E+00
   569  2.27600000E+02  1.28222051E+00  1.28144185E+00  1.28222051E+00
   570  2.28000000E+02  1.28222051E+00  1.28144185E+00  1.28222051E+00
   571  2.28400000E+02  1.28222051E+00  1.28144185E+00  1.28222051E+00
   572  2.28800000E+02  1.28222051E+00  1.28144185E+00  1.28222051E+00
   573  2.29200000E+02  1.28222051E+00  1.28144185E+00  1.28222051E+00
   574  2.29600000E+02  1.28222051E+00  1.28144185E+00  1.28222051E+00
   575  2.30000000E+02  1.28222051E+00  1.28144185E+00  1.28222051E+00
   576  2.30400000E+02  1.28222051E+00  1.28144185E+00  1.28222051E+00
   577  2.30800000E+02  1.28222051E+00  1.28144185E+00  1.28222051E+00
   578  2.31200000E+02  1.28222051E+00  1.28144185E+00  1.28222051E+00
   579  2.31600000E+02  1.28222051E+00  1.28144185E+00  1.28222051E+00
   580  2.32000000E+02  1.28222051E+00  1.28144185E+00  1.28222051E+00
   581  2.32400000E+02  1.28222051E+00  1.28144185E+00  1.28222051E+00
   582  2.32800000E+02  1.28222051E+00  1.28144185E+00  1.28222051E+00
   583  2.33200000E+02  1.28222051E+00  1.28144185E+00  1.28222051E+00
   584  2.33600000E+02  1.28222051E+00  1.28144185E+00  1.28222051E+00
   585  2.34000000E+02  1.28222051E+00  1.28144185E+00  1.28222051E+00
   586  2.34400000E+02  1.28222051E+00  1.28144185E+00  1.28222051E+00
   587  2.34800000E+02  1.28222051E+00  1.28144185E+00  1.28222051E+00
   588  2.35200000E+02  1.28222051E+00  1.28144185E+00  1.28222051E+00
   589  2.35600000E+02  1.28222051E+00  1.28144185E+00  1.28222051E+00
   590  2.36000000E+02  1.28222051E+00  1.28144185E+00  1.28222051E+00
   591  2.36400000E+02  1.28222051E+00  1.28144185E+00  1.28222051E+00
   592  2.36800000E+02  1.28222051E+00  1.28144185E+00  1.28222051E+00
   593  2.37200000E+02  1.28222051E+00  1.28144185E+00  1.28222051E+00
   594  2.37600000E+02  1.28222051E+00  1.28144185E+00  1.28222051E+00
   595  2.38000000E+02  1.28222051E+00  1.28144185E+00  1.28222051E+00
   596  2.38400000E+02  1.28222051E+00  1.28144185E+00  1.28222051E+00
   597  2.38800000E+02  1.28222051E+00  1.28144185E+00  1.28222051E+00
   598  2.39200000E+02  1.28222051E+00  1.28144185E+00  1.28222051E+00
   599  2.39600000E+02  1.28222051E+00  1.28144185E+00  1.28222051E+00
   600  2.40000000E+02  1.28222051E+00  1.28144185E+00  1.28222051E+00
   601  2.40400000E+02  1.28222051E+00  1.28144185E+00  1.28222051E+00
   602  2.40800000E+02  1.28222051E+00  1.28144185E+00  1.28222051E+00
   603  2.41200000E+02  1.28222051E+00  1.28144185E+00  1.28222051E+00
   604  2.41600000E+02  1.28222051E+00  1.28144185E+00  1.28222051E+00
   605  2.42000000E+02  1.28222051E+00  1.28144185E+00  1.28222051E+00
   606  2.42400000E+02  1.28222051E+00  1.28144185E+00  1.28222051E+00
   607  2.42800000E+02  1.28222051E+00  1.28144185E+00  1.28222051E+00
   608  2.43200000E+02  1.28222051E+00  1.28144185E+00  1.28222051E+00
   609  2.43600000E+02  1.28222051E+00  1.28144185E+00  1.28222051E+00
   610  2.44000000E+02  1.28222051E+00  1.28144185E+00  1.28222051E+00
   611  2.44400000E+02  1.28222051E+00  1.28144185E+00  1.28222051E+00
   612  2.44800000E+02  1.28222051E+00  1.28144185E+00  1.28222051E+00
   613  2.45200000E+02  1.28222051E+00  1.28144185E+00  1.28222051E+00
   614  2.45600000E+02  1.28222051E+00  1.28144185E+00  1.28222051E+00
   615  2.46000000E+02  1.28222051E+00  1.28144185E+00  1.28222051E+00
   616  2.46400000E+02  1.28222051E+00  1.28144185E+00  1.28222051E+00
   617  2.46800000E+02  1.28222051E+00  1.28144185E+00  1.28222051E+00
   618  2.47200000E+02  1.28222051E+00  1.28144185E+00  1.28222051E+00
   619  2.47600000E+02  1.28222051E+00  1.28144185E+00  1.28222051E+00
   620  2.48000000E+02  1.28222051E+00  1.28144185E+00  1.28222051E+00
   621  2.48400000E+02  1.28222051E+00  1.28144185E+00  1.28222051E+00
   622  2.48800000E+02  1.28222051E+00  1.28144185E+00  1.28222051E+00
   623  2.49200000E+02  1.28222051E+00  1.28144185E+00  1.28222051E+00
   624  2.49600000E+02  1.28222051E+00  1.28144185E+00  1.28222051E+00
   625  2.50000000E+02  1.28222051E+00  1.28144185E+00  1.28222051E+00
   626  2.50400000E+02  1.28222051E+00  1.28144185E+00  1.28222051E+00
   627  2.50800000E+02  1.28222051E+00  1.28144185E+00  1.28222051E+00
   628  2.51200000E+02  1.28222051E+00  1.28144185E+00  1.28222051E+00
   629  2.51600000E+02  1.28222051E+00  1.28144185E+00  1.28222051E+00
   630  2.52000000E+02  1.28222051E+00  1.28144185E+00  1.28222051E+00
   631  2.52400000E+02  1.28222051E+00  1.28144185E+00  1.28222051E+00
   632  2.52800000E+02  1.28222051E+00  1.28144185E+00  1.28222051E+00
   633  2.53200000E+02  1.28222051E+00  1.28144185E+00  1.28222051E+00
   634  2.53600000E+02  1.28222051E+00  1.28144185E+00  1.28222051E+00
   635  2.54000000E+02  1.28222051E+00  1.28144185E+00  1.28222051E+00
   636  2.54400000E+02  1.28222051E+00  1.28144185E+00  1.28222051E+00
   637  2.54800000E+02  1.28222051E+00  1.28144185E+00  1.28222051E+00
   638  2.55200000E+02  1.28222051E+00  1.28144185E+00  1.28222051E+00
   639  2.55600000E+02  1.28222051E+00  1.28144185E+00  1.28222051E+00
   640  2.56000000E+02  1.28222051E+00  1.28144185E+00  1.28222051E+00
   641  2.56400000E+02  1.28222051E+00  1.28144185E+00  1.28222051E+00
   642  2.56800000E+02  1.28222051E+00  1.28144185E+00  1.28222051E+00
   643  2.57200000E+02  1.28222051E+00  1.28144185E+00  1.28222051E+00
   644  2.57600000E+02  1.28222051E+00  1.28144185E+00  1.28222051E+00
   645  2.58000000E+02  1.28222051E+00  1.28144185E+00  1.28222051E+00
   646  2.58400000E+02  1.28222051E+00  1.28144185E+00  1.28222051E+00
   647  2.58800000E+02  1.28222051E+00  1.28144185E+00  1.28222051E+00
   648  2.59200000E+02  1.28222051E+00  1.28144185E+00  1.28222051E+00
   649  2.59600000E+02  1.28222051E+00  1.28144185E+00  1.28222051E+00
   650  2.60000000E+02  1.28222051E+00  1.28144185E+00  1.28222051E+00
   651  2.60400000E+02  1.28222051E+00  1.28144185E+00  1.28222051E+00
   652  2.60800000E+02  1.28222051E+00  1.28144185E+00  1.28222051E+00
   653  2.61200000E+02  1.28222051E+00  1.28144185E+00  1.28222051E+00
   654  2.61600000E+02  1.28222051E+00  1.28144185E+00  1.28222051E+00
   655  2.62000000E+02  1.28222051E+00  1.28144185E+00  1.28222051E+00
   656  2.62400000E+02  1.28222051E+00  1.28144185E+00  1.28222051E+00
   657  2.62800000E+02  1.28222051E+00  1.28144185E+00  1.28222051E+00
   658  2.63200000E+02  1.28222051E+00  1.28144185E+00  1.28222051E+00
   659  2.63600000E+02  1.28222051E+00  1.28144185E+00  1.28222051E+00
   660  2.64000000E+02  1.28222051E+00  1.28144185E+00  1.28222051E+00
   661  2.64400000E+02  1.28222051E+00  1.28144185E+00  1.28222051E+00
   662  2.64800000E+02  1.28222051E+00  1.28144185E+00  1.28222051E+00
   663  2.65200000E+02  1.28222051E+00  1.28144185E+00  1.28222051E+00
   664  2.65600000E+02  1.28222051E+00  1.28144185E+00  1.28222051E+00
   665  2.66000000E+02  1.28222051E+00  1.28144185E+00  1.28222051E+00
   666  2.66400000E+02  1.28222051E+00  1.28144185E+00  1.28222051E+00
   667  2.66800000E+02  1.28222051E+00  1.28144185E+00  1.28222051E+00
   668  2.67200000E+02  1.28222051E+00  1.28144185E+00  1.28222051E+00
   669  2.67600000E+02  1.28222051E+00  1.28144185E+00  1.28222051E+00
   670  2.68000000E+02  1.28222051E+00  1.28144185E+00  1.28222051E+00
   671  2.68400000E+02  1.28222051E+00  1.28144185E+00  1.28222051E+00
   672  2.68800000E+02  1.28222051E+00  1.28144185E+00  1.28222051E+00
   673  2.69200000E+02  1.28222051E+00  1.28144185E+00  1.28222051E+00
   674  2.69600000E+02  1.28222051E+00  1.28144185E+00  1.28222051E+00
   675  2.70000000E+02  1.28222051E+00  1.28144185E+00  1.28222051E+00
   676  2.70400000E+02  1.28222051E+00  1.28144185E+00  1.28222051E+00
   677  2.70800000E+02  1.28222051E+00  1.28144185E+00  1.28222051E+00
   678  2.71200000E+02  1.28222051E+00  1.28144185E+00  1.28222051E+00
   679  2.71600000E+02  1.28222051E+00  1.28144185E+00  1.28222051E+00
   680  2.72000000E+02  1.28222051E+00  1.28144185E+00  1.28222051E+00
   681  2.72400000E+02  1.28222051E+00  1.28144185E+00  1.28222051E+00
   682  2.72800000E+02  1.28222051E+00  1.28144185E+00  1.28222051E+00
   683  2.73200000E+02  1.28222051E+00  1.28144185E+00  1.28222051E+00
   684  2.73600000E+02  1.28222051E+00  1.28144185E+00  1.28222051E+00
   685  2.74000000E+02  1.28222051E+00  1.28144185E+00  1.28222051E+00
   686  2.74400000E+02  1.28222051E+00  1.28144185E+00  1.28222051E+00
   687  2.74800000E+02  1.28222051E+00  1.28144185E+00  1.28222051E+00
   688  2.75200000E+02  1.28222051E+00  1.28144185E+00  1.28222051E+00
   689  2.75600000E+02  1.28222051E+00  1.28144185E+00  1.28222051E+00
   690  2.76000000E+02  1.28222051E+00  1.28144185E+00  1.28222051E+00
   691  2.76400000E+02  1.28222051E+00  1.28144185E+00  1.28222051E+00
   692  2.76800000E+02  1.28222051E+00  1.28144185E+00  1.28222051E+00
   693  2.77200000E+02  1.28222051E+00  1.28144185E+00  1.28222051E+00
   694  2.77600000E+02  1.28222051E+00  1.28144185E+00  1.28222051E+00
   695  2.78000000E+02  1.28222051E+00  1.28144185E+00  1.28222051E+00
   696  2.78400000E+02  1.28222051E+00  1.28144185E+00  1.28222051E+00
   697  2.78800000E+02  1.28222051E+00  1.28144185E+00  1.28222051E+00
   698  2.79200000E+02  1.28222051E+00  1.28144185E+00  1.28222051E+00
   699  2.79600000E+02  1.28222051E+00  1.28144185E+00  1.28222051E+00
   700  2.80000000E+02  1.28222051E+00  1.28144185E+00  1.28222051E+00
   701  2.80400000E+02  1.28222051E+00  1.28144185E+00  1.28222051E+00
   702  2.80800000E+02  1.28222051E+00  1.28144185E+00  1.28222051E+00
   703  2.81200000E+02  1.28222051E+00  1.28144185E+00  1.28222051E+00
   704  2.81600000E+02  1.28222051E+00  1.28144185E+00  1.28222051E+00
   705  2.82000000E+02  1.28222051E+00  1.28144185E+00  1.28222051E+00
   706  2.82400000E+02  1.28222051E+00  1.28144185E+00  1.28222051E+00
   707  2.82800000E+02  1.28222051E+00  1.28144185E+00  1.28222051E+00
   708  2.83200000E+02  1.28222051E+00  1.28144185E+00  1.28222051E+00
   709  2.83600000E+02  1.28222051E+00  1.28144185E+00  1.28222051E+00
   710  2.84000000E+02  1.28222051E+00  1.28144185E+00  1.28222051E+00
   711  2.84400000E+02  1.28222051E+00  1.28144185E+00  1.28222051E+00
   712  2.84800000E+02  1.28222051E+00  1.28144185E+00  1.28222051E+00
   713  2.85200000E+02  1.28222051E+00  1.28144185E+00  1.28222051E+00
   714  2.85600000E+02  1.28222051E+00  1.28144185E+00  1.28222051E+00
   715  2.86000000E+02  1.28222051E+00  1.28144185E+00  1.28222051E+00
   716  2.86400000E+02  1.28222051E+00  1.28144185E+00  1.28222051E+00
   717  2.86800000E+02  1.28222051E+00  1.28144185E+00  1.28222051E+00
   718  2.87200000E+02  1.28222051E+00  1.28144185E+00  1.28222051E+00
   719  2.87600000E+02  1.28222051E+00  1.28144185E+00  1.28222051E+00
   720  2.88000000E+02  1.28222051E+00  1.28144185E+00  1.28222051E+00
   721  2.88400000E+02  1.28222051E+00  1.28144185E+00  1.28222051E+00
   722  2.88800000E+02  1.28222051E+00  1.28144185E+00  1.28222051E+00
   723  2.89200000E+02  1.28222051E+00  1.28144185E+00  1.28222051E+00
   724  2.89600000E+02  1.28222051E+00  1.28144185E+00  1.28222051E+00
   725  2.90000000E+02  1.28222051E+00  1.28144185E+00  1.28222051E+00
   726  2.90400000E+02  1.28222051E+00  1.28144185E+00  1.28222051E+00
   727  2.90800000E+02  1.28222051E+00  1.28144185E+00  1.28222051E+00
   728  2.91200000E+02  1.28222051E+00  1.28144185E+00  1.28222051E+00
   729  2.91600000E+02  1.28222051E+00  1.28144185E+00  1.28222051E+00
   730  2.92000000E+02  1.28222051E+00  1.28144185E+00  1.28222051E+00
   731  2.92400000E+02  1.28222051E+00  1.28144185E+00  1.28222051E+00
   732  2.92800000E+02  1.28222051E+00  1.28144185E+00  1.28222051E+00
   733  2.93200000E+02  1.28222051E+00  1.28144185E+00  1.28222051E+00
   734  2.93600000E+02  1.28222051E+00  1.28144185E+00  1.28222051E+00
   735  2.94000000E+02  1.28222051E+00  1.28144185E+00  1.28222051E+00
   736  2.94400000E+02  1.28222051E+00  1.28144185E+00  1.28222051E+00
   737  2.94800000E+02  1.28222051E+00  1.28144185E+00  1.28222051E+00
   738  2.95200000E+02  1.28222051E+00  1.28144185E+00  1.28222051E+00
   739  2.95600000E+02  1.28222051E+00  1.28144185E+00  1.28222051E+00
   740  2.96000000E+02  1.28222051E+00  1.28144185E+00  1.28222051E+00
   741  2.96400000E+02  1.28222051E+00  1.28144185E+00  1.28222051E+00
   742  2.96800000E+02  1.28222051E+00  1.28144185E+00  1.28222051E+00
   743  2.97200000E+02  1.28222051E+00  1.28144185E+00  1.28222051E+00
   744  2.97600000E+02  1.28222051E+00  1.28144185E+00  1.28222051E+00
   745  2.98000000E+02  1.28222051E+00  1.28144185E+00  1.28222051E+00
   746  2.98400000E+02  1.28222051E+00  1.28144185E+00  1.28222051E+00
   747  2.98800000E+02  1.28222051E+00  1.28144185E+00  1.28222051E+00
   748  2.99200000E+02  1.28222051E+00  1.28144185E+00  1.28222051E+00
   749  2.99600000E+02  1.28222051E+00  1.28144185E+00  1.28222051E+00
   750  3.00000000E+02  1.28222051E+00  1.28144185E+00  1.28222051E+00
   751  3.00400000E+02  1.28222051E+00  1.28144185E+00  1.28222051E+00
   752  3.00800000E+02  1.28222051E+00  1.28144185E+00  1.28222051E+00
   753  3.01200000E+02  1.28222051E+00  1.28144185E+00  1.28222051E+00
   754  3.01600000E+02  1.28222051E+00  1.28144185E+00  1.28222051E+00
   755  3.02000000E+02  1.28222051E+00  1.28144185E+00  1.28222051E+00
   756  3.02400000E+02  1.28222051E+00  1.28144185E+00  1.28222051E+00
   757  3.02800000E+02  1.28222051E+00  1.28144185E+00  1.28222051E+00
   758  3.03200000E+02  1.28222051E+00  1.28144185E+00  1.28222051E+00
   759  3.03600000E+02  1.28222051E+00  1.28144185E+00  1.28222051E+00
   760  3.04000000E+02  1.28222051E+00  1.28144185E+00  1.28222051E+00
   761  3.04400000E+02  1.28222051E+00  1.28144185E+00  1.28222051E+00
   762  3.04800000E+02  1.28222051E+00  1.28144185E+00  1.28222051E+00
   763  3.05200000E+02  1.28222051E+00  1.28144185E+00  1.28222051E+00
   764  3.05600000E+02  1.28222051E+00  1.28144185E+00  1.28222051E+00
   765  3.06000000E+02  1.28222051E+00  1.28144185E+00  1.28222051E+00
   766  3.06400000E+02  1.28222051E+00  1.28144185E+00  1.28222051E+00
   767  3.06800000E+02  1.28222051E+00  1.28144185E+00  1.28222051E+00
   768  3.07200000E+02  1.28222051E+00  1.28144185E+00  1.28222051E+00
   769  3.07600000E+02  1.28222051E+00  1.28144185E+00  1.28222051E+00
   770  3.08000000E+02  1.28222051E+00  1.28144185E+00  1.28222051E+00
   771  3.08400000E+02  1.28222051E+00  1.28144185E+00  1.28222051E+00
   772  3.08800000E+02  1.28222051E+00  1.28144185E+00  1.28222051E+00
   773  3.09200000E+02  1.28222051E+00  1.28144185E+00  1.28222051E+00
   774  3.09600000E+02  1.28222051E+00  1.28144185E+00  1.28222051E+00
   775  3.10000000E+02  1.28222051E+00  1.28144185E+00  1.28222051E+00
   776  3.10400000E+02  1.28222051E+00  1.28144185E+00  1.28222051E+00
   777  3.10800000E+02  1.28222051E+00  1.28144185E+00  1.28222051E+00
   778  3.11200000E+02  1.28222051E+00  1.28144185E+00  1.28222051E+00
   779  3.11600000E+02  1.28222051E+00  1.28144185E+00  1.28222051E+00
   780  3.12000000E+02  1.28222051E+00  1.28144185E+00  1.28222051E+00
   781  3.12400000E+02  1.28222051E+00  1.28144185E+00  1.28222051E+00
   782  3.12800000E+02  1.28222051E+00  1.28144185E+00  1.28222051E+00
   783  3.13200000E+02  1.28222051E+00  1.28144185E+00  1.28222051E+00
   784  3.13600000E+02  1.28222051E+00  1.28144185E+00  1.28222051E+00
   785  3.14000000E+02  1.28222051E+00  1.28144185E+00  1.28222051E+00
   786  3.14400000E+02  1.28222051E+00  1.28144185E+00  1.28222051E+00
   787  3.14800000E+02  1.28222051E+00  1.28144185E+00  1.28222051E+00
   788  3.15200000E+02  1.28222051E+00  1.28144185E+00  1.28222051E+00
   789  3.15600000E+02  1.28222051E+00  1.28144185E+00  1.28222051E+00
   790  3.16000000E+02  1.28222051E+00  1.28144185E+00  1.28222051E+00
   791  3.16400000E+02  1.28222051E+00  1.28144185E+00  1.28222051E+00
   792  3.16800000E+02  1.28222051E+00  1.28144185E+00  1.28222051E+00
   793  3.17200000E+02  1.28222051E+00  1.28144185E+00  1.28222051E+00
   794  3.17600000E+02  1.28222051E+00  1.28144185E+00  1.28222051E+00
   795  3.18000000E+02  1.28222051E+00  1.28144185E+00  1.28222051E+00
   796  3.18400000E+02  1.28222051E+00  1.28144185E+00  1.28222051E+00
   797  3.18800000E+02  1.28222051E+00  1.28144185E+00  1.28222051E+00
   798  3.19200000E+02  1.28222051E+00  1.28144185E+00  1.28222051E+00
   799  3.19600000E+02  1.28222051E+00  1.28144185E+00  1.28222051E+00
   800  3.20000000E+02  1.28222051E+00  1.28144185E+00  1.28222051E+00
   801  3.20400000E+02  1.28222051E+00  1.28144185E+00  1.28222051E+00
   802  3.20800000E+02  1.28222051E+00  1.28144185E+00  1.28222051E+00
   803  3.21200000E+02  1.28222051E+00  1.28144185E+00  1.28222051E+00
   804  3.21600000E+02  1.28222051E+00  1.28144185E+00  1.28222051E+00
   805  3.22000000E+02  1.28222051E+00  1.28144185E+00  1.28222051E+00
   806  3.22400000E+02  1.28222051E+00  1.28144185E+00  1.28222051E+00
   807  3.22800000E+02  1.28222051E+00  1.28144185E+00  1.28222051E+00
   808  3.23200000E+02  1.28222051E+00  1.28144185E+00  1.28222051E+00
   809  3.23600000E+02  1.28222051E+00  1.28144185E+00  1.28222051E+00
   810  3.24000000E+02  1.28222051E+00  1.28144185E+00  1.28222051E+00
   811  3.24400000E+02  1.28222051E+00  1.28144185E+00  1.28222051E+00
   812  3.24800000E+02  1.28222051E+00  1.28144185E+00  1.28222051E+00
   813  3.25200000E+02  1.28222051E+00  1.28144185E+00  1.28222051E+00
   814  3.25600000E+02  1.28222051E+00  1.28144185E+00  1.28222051E+00
   815  3.26000000E+02  1.28222051E+00  1.28144185E+00  1.28222051E+00
   816  3.26400000E+02  1.28222051E+00  1.28144185E+00  1.28222051E+00
   817  3.26800000E+02  1.28222051E+00  1.28144185E+00  1.28222051E+00
   818  3.27200000E+02  1.28222051E+00  1.28144185E+00  1.28222051E+00
   819  3.27600000E+02  1.28222051E+00  1.28144185E+00  1.28222051E+00
   820  3.28000000E+02  1.28222051E+00  1.28144185E+00  1.28222051E+00
   821  3.28400000E+02  1.28222051E+00  1.28144185E+00  1.28222051E+00
   822  3.28800000E+02  1.28222051E+00  1.28144185E+00  1.28222051E+00
   823  3.29200000E+02  1.28222051E+00  1.28144185E+00  1.28222051E+00
   824  3.29600000E+02  1.28222051E+00  1.28144185E+00  1.28222051E+00
   825  3.30000000E+02  1.28222051E+00  1.28144185E+00  1.28222051E+00
   826  3.30400000E+02  1.28222051E+00  1.28144185E+00  1.28222051E+00
   827  3.30800000E+02  1.28222051E+00  1.28144185E+00  1.28222051E+00
   828  3.31200000E+02  1.28222051E+00  1.28144185E+00  1.28222051E+00
   829  3.31600000E+02  1.28222051E+00  1.28144185E+00  1.28222051E+00
   830  3.32000000E+02  1.28222051E+00  1.28144185E+00  1.28222051E+00
   831  3.32400000E+02  1.28222051E+00  1.28144185E+00  1.28222051E+00
   832  3.32800000E+02  1.28222051E+00  1.28144185E+00  1.28222051E+00
   833  3.33200000E+02  1.28222051E+00  1.28144185E+00  1.28222051E+00
   834  3.33600000E+02  1.28222051E+00  1.28144185E+00  1.28222051E+00
   835  3.34000000E+02  1.28222051E+00  1.28144185E+00  1.28222051E+00
   836  3.34400000E+02  1.28222051E+00  1.28144185E+00  1.28222051E+00
   837  3.34800000E+02  1.28222051E+00  1.28144185E+00  1.28222051E+00
   838  3.35200000E+02  1.28222051E+00  1.28144185E+00  1.28222051E+00
   839  3.35600000E+02  1.28222051E+00  1.28144185E+00  1.28222051E+00
   840  3.36000000E+02  1.28222051E+00  1.28144185E+00  1.28222051E+00
   841  3.36400000E+02  1.28222051E+00  1.28144185E+00  1.28222051E+00
   842  3.36800000E+02  1.28222051E+00  1.28144185E+00  1.28222051E+00
   843  3.37200000E+02  1.28222051E+00  1.28144185E+00  1.28222051E+00
   844  3.37600000E+02  1.28222051E+00  1.28144185E+00  1.28222051E+00
   845  3.38000000E+02  1.28222051E+00  1.28144185E+00  1.28222051E+00
   846  3.38400000E+02  1.28222051E+00  1.28144185E+00  1.28222051E+00
   847  3.38800000E+02  1.28222051E+00  1.28144185E+00  1.28222051E+00
   848  3.39200000E+02  1.28222051E+00  1.28144185E+00  1.28222051E+00
   849  3.39600000E+02  1.28222051E+00  1.28144185E+00  1.28222051E+00
   850  3.40000000E+02  1.28222051E+00  1.28144185E+00  1.28222051E+00
   851  3.40400000E+02  1.28222051E+00  1.28144185E+00  1.28222051E+00
   852  3.40800000E+02  1.28222051E+00  1.28144185E+00  1.28222051E+00
   853  3.41200000E+02  1.28222051E+00  1.28144185E+00  1.28222051E+00
   854  3.41600000E+02  1.28222051E+00  1.28144185E+00  1.28222051E+00
   855  3.42000000E+02  1.28222051E+00  1.28144185E+00  1.28222051E+00
   856  3.42400000E+02  1.28222051E+00  1.28144185E+00  1.28222051E+00
   857  3.42800000E+02  1.28222051E+00  1.28144185E+00  1.28222051E+00
   858  3.43200000E+02  1.28222051E+00  1.28144185E+00  1.28222051E+00
   859  3.43600000E+02  1.28222051E+00  1.28144185E+00  1.28222051E+00
   860  3.44000000E+02  1.28222051E+00  1.28144185E+00  1.28222051E+00
   861  3.44400000E+02  1.28222051E+00  1.28144185E+00  1.28222051E+00
   862  3.44800000E+02  1.28222051E+00  1.28144185E+00  1.28222051E+00
   863  3.45200000E+02  1.28222051E+00  1.28144185E+00  1.28222051E+00
   864  3.45600000E+02  1.28222051E+00  1.28144185E+00  1.28222051E+00
   865  3.46000000E+02  1.28222051E+00  1.28144185E+00  1.28222051E+00
   866  3.46400000E+02  1.28222051E+00  1.28144185E+00  1.28222051E+00
   867  3.46800000E+02  1.28222051E+00  1.28144185E+00  1.28222051E+00
   868  3.47200000E+02  1.28222051E+00  1.28144185E+00  1.28222051E+00
   869  3.47600000E+02  1.28222051E+00  1.28144185E+00  1.28222051E+00
   870  3.48000000E+02  1.28222051E+00  1.28144185E+00  1.28222051E+00
   871  3.48400000E+02  1.28222051E+00  1.28144185E+00  1.28222051E+00
   872  3.48800000E+02  1.28222051E+00  1.28144185E+00  1.28222051E+00
   873  3.49200000E+02  1.28222051E+00  1.28144185E+00  1.28222051E+00
   874  3.49600000E+02  1.28222051E+00  1.28144185E+00  1.28222051E+00
   875  3.50000000E+02  1.28222051E+00  1.28144185E+00  1.28222051E+00
   876  3.50400000E+02  1.28222051E+00  1.28144185E+00  1.28222051E+00
   877  3.50800000E+02  1.28222051E+00  1.28144185E+00  1.28222051E+00
   878  3.51200000E+02  1.28222051E+00  1.28144185E+00  1.28222051E+00
   879  3.51600000E+02  1.28222051E+00  1.28144185E+00  1.28222051E+00
   880  3.52000000E+02  1.28222051E+00  1.28144185E+00  1.28222051E+00
   881  3.52400000E+02  1.28222051E+00  1.28144185E+00  1.28222051E+00
   882  3.52800000E+02  1.28222051E+00  1.28144185E+00  1.28222051E+00
   883  3.53200000E+02  1.28222051E+00  1.28144185E+00  1.28222051E+00
   884  3.53600000E+02  1.28222051E+00  1.28144185E+00  1.28222051E+00
   885  3.54000000E+02  1.28222051E+00  1.28144185E+00  1.28222051E+00
   886  3.54400000E+02  1.28222051E+00  1.28144185E+00  1.28222051E+00
   887  3.54800000E+02  1.28222051E+00  1.28144185E+00  1.28222051E+00
   888  3.55200000E+02  1.28222051E+00  1.28144185E+00  1.28222051E+00
   889  3.55600000E+02  1.28222051E+00  1.28144185E+00  1.28222051E+00
   890  3.56000000E+02  1.28222051E+00  1.28144185E+00  1.28222051E+00
   891  3.56400000E+02  1.28222051E+00  1.28144185E+00  1.28222051E+00
   892  3.56800000E+02  1.28222051E+00  1.28144185E+00  1.28222051E+00
   893  3.57200000E+02  1.28222051E+00  1.28144185E+00  1.28222051E+00
   894  3.57600000E+02  1.28222051E+00  1.28144185E+00  1.28222051E+00
   895  3.58000000E+02  1.28222051E+00  1.28144185E+00  1.28222051E+00
   896  3.58400000E+02  1.28222051E+00  1.28144185E+00  1.28222051E+00
   897  3.58800000E+02  1.28222051E+00  1.28144185E+00  1.28222051E+00
   898  3.59200000E+02  1.28222051E+00  1.28144185E+00  1.28222051E+00
   899  3.59600000E+02  1.28222051E+00  1.28144185E+00  1.28222051E+00
   900  3.60000000E+02  1.28222051E+00  1.28144185E+00  1.28222051E+00
   901  3.60400000E+02  1.28222051E+00  1.28144185E+00  1.28222051E+00
   902  3.60800000E+02  1.28222051E+00  1.28144185E+00  1.28222051E+00
   903  3.61200000E+02  1.28222051E+00  1.28144185E+00  1.28222051E+00
   904  3.61600000E+02  1.28222051E+00  1.28144185E+00  1.28222051E+00
   905  3.62000000E+02  1.28222051E+00  1.28144185E+00  1.28222051E+00
   906  3.62400000E+02  1.28222051E+00  1.28144185E+00  1.28222051E+00
   907  3.62800000E+02  1.28222051E+00  1.28144185E+00  1.28222051E+00
   908  3.63200000E+02  1.28222051E+00  1.28144185E+00  1.28222051E+00
   909  3.63600000E+02  1.28222051E+00  1.28144185E+00  1.28222051E+00
   910  3.64000000E+02  1.28222051E+00  1.28144185E+00  1.28222051E+00
   911  3.64400000E+02  1.28222051E+00  1.28144185E+00  1.28222051E+00
   912  3.64800000E+02  1.28222051E+00  1.28144185E+00  1.28222051E+00
   913  3.65200000E+02  1.28222051E+00  1.28144185E+00  1.28222051E+00
   914  3.65600000E+02  1.28222051E+00  1.28144185E+00  1.28222051E+00
   915  3.66000000E+02  1.28222051E+00  1.28144185E+00  1.28222051E+00
   916  3.66400000E+02  1.28222051E+00  1.28144185E+00  1.28222051E+00
   917  3.66800000E+02  1.28222051E+00  1.28144185E+00  1.28222051E+00
   918  3.67200000E+02  1.28222051E+00  1.28144185E+00  1.28222051E+00
   919  3.67600000E+02  1.28222051E+00  1.28144185E+00  1.28222051E+00
   920  3.68000000E+02  1.28222051E+00  1.28144185E+00  1.28222051E+00
   921  3.68400000E+02  1.28222051E+00  1.28144185E+00  1.28222051E+00
   922  3.68800000E+02  1.28222051E+00  1.28144185E+00  1.28222051E+00
   923  3.69200000E+02  1.28222051E+00  1.28144185E+00  1.28222051E+00
   924  3.69600000E+02  1.28222051E+00  1.28144185E+00  1.28222051E+00
   925  3.70000000E+02  1.28222051E+00  1.28144185E+00  1.28222051E+00
   926  3.70400000E+02  1.28222051E+00  1.28144185E+00  1.28222051E+00
   927  3.70800000E+02  1.28222051E+00  1.28144185E+00  1.28222051E+00
   928  3.71200000E+02  1.28222051E+00  1.28144185E+00  1.28222051E+00
   929  3.71600000E+02  1.28222051E+00  1.28144185E+00  1.28222051E+00
   930  3.72000000E+02  1.28222051E+00  1.28144185E+00  1.28222051E+00
   931  3.72400000E+02  1.28222051E+00  1.28144185E+00  1.28222051E+00
   932  3.72800000E+02  1.28222051E+00  1.28144185E+00  1.28222051E+00
   933  3.73200000E+02  1.28222051E+00  1.28144185E+00  1.28222051E+00
   934  3.73600000E+02  1.28222051E+00  1.28144185E+00  1.28222051E+00
   935  3.74000000E+02  1.28222051E+00  1.28144185E+00  1.28222051E+00
   936  3.74400000E+02  1.28222051E+00  1.28144185E+00  1.28222051E+00
   937  3.74800000E+02  1.28222051E+00  1.28144185E+00  1.28222051E+00
   938  3.75200000E+02  1.28222051E+00  1.28144185E+00  1.28222051E+00
   939  3.75600000E+02  1.28222051E+00  1.28144185E+00  1.28222051E+00
   940  3.76000000E+02  1.28222051E+00  1.28144185E+00  1.28222051E+00
   941  3.76400000E+02  1.28222051E+00  1.28144185E+00  1.28222051E+00
   942  3.76800000E+02  1.28222051E+00  1.28144185E+00  1.28222051E+00
   943  3.77200000E+02  1.28222051E+00  1.28144185E+00  1.28222051E+00
   944  3.77600000E+02  1.28222051E+00  1.28144185E+00  1.28222051E+00
   945  3.78000000E+02  1.28222051E+00  1.28144185E+00  1.28222051E+00
   946  3.78400000E+02  1.28222051E+00  1.28144185E+00  1.28222051E+00
   947  3.78800000E+02  1.28222051E+00  1.28144185E+00  1.28222051E+00
   948  3.79200000E+02  1.28222051E+00  1.28144185E+00  1.28222051E+00
   949  3.79600000E+02  1.28222051E+00  1.28144185E+00  1.28222051E+00
   950  3.80000000E+02  1.28222051E+00  1.28144185E+00  1.28222051E+00
   951  3.80400000E+02  1.28222051E+00  1.28144185E+00  1.28222051E+00
   952  3.80800000E+02  1.28222051E+00  1.28144185E+00  1.28222051E+00
   953  3.81200000E+02  1.28222051E+00  1.28144185E+00  1.28222051E+00
   954  3.81600000E+02  1.28222051E+00  1.28144185E+00  1.28222051E+00
   955  3.82000000E+02  1.28222051E+00  1.28144185E+00  1.28222051E+00
   956  3.82400000E+02  1.28222051E+00  1.28144185E+00  1.28222051E+00
   957  3.82800000E+02  1.28222051E+00  1.28144185E+00  1.28222051E+00
   958  3.83200000E+02  1.28222051E+00  1.28144185E+00  1.28222051E+00
   959  3.83600000E+02  1.28222051E+00  1.28144185E+00  1.28222051E+00
   960  3.84000000E+02  1.28222051E+00  1.28144185E+00  1.28222051E+00
   961  3.84400000E+02  1.28222051E+00  1.28144185E+00  1.28222051E+00
   962  3.84800000E+02  1.28222051E+00  1.28144185E+00  1.28222051E+00
   963  3.85200000E+02  1.28222051E+00  1.28144185E+00  1.28222051E+00
   964  3.85600000E+02  1.28222051E+00  1.28144185E+00  1.28222051E+00
   965  3.86000000E+02  1.28222051E+00  1.28144185E+00  1.28222051E+00
   966  3.86400000E+02  1.28222051E+00  1.28144185E+00  1.28222051E+00
   967  3.86800000E+02  1.28222051E+00  1.28144185E+00  1.28222051E+00
   968  3.87200000E+02  1.28222051E+00  1.28144185E+00  1.28222051E+00
   969  3.87600000E+02  1.28222051E+00  1.28144185E+00  1.28222051E+00
   970  3.88000000E+02  1.28222051E+00  1.28144185E+00  1.28222051E+00
   971  3.88400000E+02  1.28222051E+00  1.28144185E+00  1.28222051E+00
   972  3.88800000E+02  1.28222051E+00  1.28144185E+00  1.28222051E+00
   973  3.89200000E+02  1.28222051E+00  1.28144185E+00  1.28222051E+00
   974  3.89600000E+02  1.28222051E+00  1.28144185E+00  1.28222051E+00
   975  3.90000000E+02  1.28222051E+00  1.28144185E+00  1.28222051E+00
   976  3.90400000E+02  1.28222051E+00  1.28144185E+00  1.28222051E+00
   977  3.90800000E+02  1.28222051E+00  1.28144185E+00  1.28222051E+00
   978  3.91200000E+02  1.28222051E+00  1.28144185E+00  1.28222051E+00
   979  3.91600000E+02  1.28222051E+00  1.28144185E+00  1.28222051E+00
   980  3.92000000E+02  1.28222051E+00  1.28144185E+00  1.28222051E+00
   981  3.92400000E+02  1.28222051E+00  1.28144185E+00  1.28222051E+00
   982  3.92800000E+02  1.28222051E+00  1.28144185E+00  1.28222051E+00
   983  3.93200000E+02  1.28222051E+00  1.28144185E+00  1.28222051E+00
   984  3.93600000E+02  1.28222051E+00  1.28144185E+00  1.28222051E+00
   985  3.94000000E+02  1.28222051E+00  1.28144185E+00  1.28222051E+00
   986  3.94400000E+02  1.28222051E+00  1.28144185E+00  1.28222051E+00
   987  3.94800000E+02  1.28222051E+00  1.28144185E+00  1.28222051E+00
   988  3.95200000E+02  1.28222051E+00  1.28144185E+00  1.28222051E+00
   989  3.95600000E+02  1.28222051E+00  1.28144185E+00  1.28222051E+00
   990  3.96000000E+02  1.28222051E+00  1.28144185E+00  1.28222051E+00
   991  3.96400000E+02  1.28222051E+00  1.28144185E+00  1.28222051E+00
   992  3.96800000E+02  1.28222051E+00  1.28144185E+00  1.28222051E+00
   993  3.97200000E+02  1.28222051E+00  1.28144185E+00  1.28222051E+00
   994  3.97600000E+02  1.28222051E+00  1.28144185E+00  1.28222051E+00
   995  3.98000000E+02  1.28222051E+00  1.28144185E+00  1.28222051E+00
   996  3.98400000E+02  1.28222051E+00  1.28144185E+00  1.28222051E+00
   997  3.98800000E+02  1.28222051E+00  1.28144185E+00  1.28222051E+00
   998  3.99200000E+02  1.28222051E+00  1.28144185E+00  1.28222051E+00
   999  3.99600000E+02  1.28222051E+00  1.28144185E+00  1.28222051E+00
  1000  4.00000000E+02  1.28222051E+00  1.28144185E+00  1.28222051E+00
