 dx_box  0.20000000000000001      dx_wall  0.10000000000000001     
 comppar: model =   2
 comppar: lambda,mobility/eps,betav,eta_0 =  1.0000E+00  0.0000E+00  1.1111E-01  1.0000E+00
 comppar: eta_s,eta_p,G =  1.1111E-01  8.8889E-01  8.8889E-01
 comppar: U_avg,deltat,flowrate,nsteps =  1.2500E-01  2.0000E-01  3.9270E-01    1000
 comppar: geometry = axisymmetric
 comppar: steady stop change,gap,hold,min =  1.0000E-05  5.0000E-03      10      80
 comppar: ncompc,ncompg =     4     5
 mesh nnodes = 2291
 mesh nelem = 1088
 P1 BC   5.0000000000000000     
 P2 BC   0.0000000000000000     
     1  2.00000000E-01  1.00315262E+00  1.00000000E+00  1.00315262E+00
     2  4.00000000E-01  1.00618910E+00  1.00000000E+00  1.00618910E+00
     3  6.00000000E-01  1.00908295E+00  1.00000000E+00  1.00908295E+00
     4  8.00000000E-01  1.01189275E+00  1.00000000E+00  1.01189275E+00
     5  1.00000000E+00  1.01466068E+00  1.00000000E+00  1.01466068E+00
     6  1.20000000E+00  1.01739286E+00  1.00000000E+00  1.01739286E+00
     7  1.40000000E+00  1.02009404E+00  1.00000000E+00  1.02009404E+00
     8  1.60000000E+00  1.02279212E+00  1.00000000E+00  1.02279212E+00
     9  1.80000000E+00  1.02548741E+00  1.00000001E+00  1.02548741E+00
    10  2.00000000E+00  1.02813547E+00  1.00000001E+00  1.02813547E+00
    11  2.20000000E+00  1.03082544E+00  1.00000001E+00  1.03082544E+00
    12  2.40000000E+00  1.03346250E+00  1.00000001E+00  1.03346250E+00
    13  2.60000000E+00  1.03603708E+00  1.00000001E+00  1.03603708E+00
    14  2.80000000E+00  1.03861273E+00  1.00000001E+00  1.03861273E+00
    15  3.00000000E+00  1.04119956E+00  1.00000001E+00  1.04119956E+00
    16  3.20000000E+00  1.04371811E+00  1.00000001E+00  1.04371811E+00
    17  3.40000000E+00  1.04616080E+00  1.00000000E+00  1.04616080E+00
    18  3.60000000E+00  1.04866971E+00  1.00000000E+00  1.04866971E+00
    19  3.80000000E+00  1.05112319E+00  9.99999999E-01  1.05112319E+00
    20  4.00000000E+00  1.05349561E+00  9.99999995E-01  1.05349561E+00
    21  4.20000000E+00  1.05578031E+00  9.99999991E-01  1.05578031E+00
    22  4.40000000E+00  1.05810000E+00  9.99999985E-01  1.05810000E+00
    23  4.60000000E+00  1.06045142E+00  9.99999978E-01  1.06045142E+00
    24  4.80000000E+00  1.06271621E+00  9.99999970E-01  1.06271621E+00
    25  5.00000000E+00  1.06488880E+00  9.99999960E-01  1.06488880E+00
    26  5.20000000E+00  1.06696422E+00  9.99999949E-01  1.06696422E+00
    27  5.40000000E+00  1.06914617E+00  9.99999936E-01  1.06914617E+00
    28  5.60000000E+00  1.07129732E+00  9.99999922E-01  1.07129732E+00
    29  5.80000000E+00  1.07335284E+00  9.99999905E-01  1.07335284E+00
    30  6.00000000E+00  1.07530848E+00  9.99999886E-01  1.07530848E+00
    31  6.20000000E+00  1.07716067E+00  9.99999865E-01  1.07716067E+00
    32  6.40000000E+00  1.07891225E+00  9.99999841E-01  1.07891225E+00
    33  6.60000000E+00  1.08093722E+00  9.99999814E-01  1.08093722E+00
    34  6.80000000E+00  1.08286436E+00  9.99999784E-01  1.08286436E+00
    35  7.00000000E+00  1.08469031E+00  9.99999751E-01  1.08469031E+00
    36  7.20000000E+00  1.08641251E+00  9.99999714E-01  1.08641251E+00
    37  7.40000000E+00  1.08802931E+00  9.99999674E-01  1.08802931E+00
    38  7.60000000E+00  1.08963489E+00  9.99999629E-01  1.08963489E+00
    39  7.80000000E+00  1.09143326E+00  9.99999580E-01  1.09143326E+00
    40  8.00000000E+00  1.09312924E+00  9.99999526E-01  1.09312924E+00
    41  8.20000000E+00  1.09472109E+00  9.99999466E-01  1.09472109E+00
    42  8.40000000E+00  1.09620795E+00  9.99999401E-01  1.09620795E+00
    43  8.60000000E+00  1.09758999E+00  9.99999330E-01  1.09758999E+00
    44  8.80000000E+00  1.09886859E+00  9.99999253E-01  1.09886859E+00
    45  9.00000000E+00  1.10022425E+00  9.99999168E-01  1.10022425E+00
    46  9.20000000E+00  1.10179980E+00  9.99999076E-01  1.10179980E+00
    47  9.40000000E+00  1.10327232E+00  9.99998977E-01  1.10327232E+00
    48  9.60000000E+00  1.10464222E+00  9.99998869E-01  1.10464222E+00
    49  9.80000000E+00  1.10591142E+00  9.99998752E-01  1.10591142E+00
    50  1.00000000E+01  1.10708355E+00  9.99998625E-01  1.10708355E+00
    51  1.02000000E+01  1.10816404E+00  9.99998489E-01  1.10816404E+00
    52  1.04000000E+01  1.10926296E+00  9.99998342E-01  1.10926296E+00
    53  1.06000000E+01  1.11060978E+00  9.99998183E-01  1.11060978E+00
    54  1.08000000E+01  1.11185457E+00  9.99998013E-01  1.11185457E+00
    55  1.10000000E+01  1.11300159E+00  9.99997830E-01  1.11300159E+00
    56  1.12000000E+01  1.11405733E+00  9.99997632E-01  1.11405733E+00
    57  1.14000000E+01  1.11503011E+00  9.99997421E-01  1.11503011E+00
    58  1.16000000E+01  1.11592935E+00  9.99997194E-01  1.11592935E+00
    59  1.18000000E+01  1.11676456E+00  9.99996950E-01  1.11676456E+00
    60  1.20000000E+01  1.11776879E+00  9.99996690E-01  1.11776879E+00
    61  1.22000000E+01  1.11884205E+00  9.99996411E-01  1.11884205E+00
    62  1.24000000E+01  1.11983453E+00  9.99996113E-01  1.11983453E+00
    63  1.26000000E+01  1.12075373E+00  9.99995795E-01  1.12075373E+00
    64  1.28000000E+01  1.12160695E+00  9.99995455E-01  1.12160695E+00
    65  1.30000000E+01  1.12240068E+00  9.99995093E-01  1.12240068E+00
    66  1.32000000E+01  1.12314014E+00  9.99994707E-01  1.12314014E+00
    67  1.34000000E+01  1.12382914E+00  9.99994296E-01  1.12382914E+00
    68  1.36000000E+01  1.12460216E+00  9.99993858E-01  1.12460216E+00
    69  1.38000000E+01  1.12545236E+00  9.99993393E-01  1.12545236E+00
    70  1.40000000E+01  1.12624514E+00  9.99992898E-01  1.12624514E+00
    71  1.42000000E+01  1.12698554E+00  9.99992372E-01  1.12698554E+00
    72  1.44000000E+01  1.12767697E+00  9.99991814E-01  1.12767697E+00
    73  1.46000000E+01  1.12832134E+00  9.99991222E-01  1.12832134E+00
    74  1.48000000E+01  1.12891932E+00  9.99990595E-01  1.12891932E+00
    75  1.50000000E+01  1.12947073E+00  9.99989930E-01  1.12947073E+00
    76  1.52000000E+01  1.13010851E+00  9.99989227E-01  1.13010851E+00
    77  1.54000000E+01  1.13080155E+00  9.99988483E-01  1.13080155E+00
    78  1.56000000E+01  1.13144356E+00  9.99987697E-01  1.13144356E+00
    79  1.58000000E+01  1.13203627E+00  9.99986867E-01  1.13203627E+00
    80  1.60000000E+01  1.13258078E+00  9.99985991E-01  1.13258078E+00
    81  1.62000000E+01  1.13307783E+00  9.99985068E-01  1.13307783E+00
    82  1.64000000E+01  1.13352808E+00  9.99984095E-01  1.13352808E+00
    83  1.66000000E+01  1.13393234E+00  9.99983070E-01  1.13393234E+00
    84  1.68000000E+01  1.13442270E+00  9.99981992E-01  1.13442270E+00
    85  1.70000000E+01  1.13497162E+00  9.99980857E-01  1.13497162E+00
    86  1.72000000E+01  1.13547308E+00  9.99979664E-01  1.13547308E+00
    87  1.74000000E+01  1.13592748E+00  9.99978409E-01  1.13592748E+00
    88  1.76000000E+01  1.13633544E+00  9.99977092E-01  1.13633544E+00
    89  1.78000000E+01  1.13669796E+00  9.99975709E-01  1.13669796E+00
    90  1.80000000E+01  1.13701653E+00  9.99974258E-01  1.13701653E+00
    91  1.82000000E+01  1.13735435E+00  9.99972736E-01  1.13735435E+00
    92  1.84000000E+01  1.13780521E+00  9.99971143E-01  1.13780521E+00
    93  1.86000000E+01  1.13821062E+00  9.99969475E-01  1.13821062E+00
    94  1.88000000E+01  1.13857198E+00  9.99967730E-01  1.13857198E+00
    95  1.90000000E+01  1.13889099E+00  9.99965907E-01  1.13889099E+00
    96  1.92000000E+01  1.13916969E+00  9.99964004E-01  1.13916969E+00
    97  1.94000000E+01  1.13941048E+00  9.99962019E-01  1.13941048E+00
    98  1.96000000E+01  1.13962415E+00  9.99959949E-01  1.13962415E+00
    99  1.98000000E+01  1.13998927E+00  9.99957794E-01  1.13998927E+00
   100  2.00000000E+01  1.14031147E+00  9.99955551E-01  1.14031147E+00
   101  2.02000000E+01  1.14059277E+00  9.99953218E-01  1.14059277E+00
   102  2.04000000E+01  1.14083558E+00  9.99950794E-01  1.14083558E+00
   103  2.06000000E+01  1.14104270E+00  9.99948277E-01  1.14104270E+00
   104  2.08000000E+01  1.14121722E+00  9.99945666E-01  1.14121722E+00
   105  2.10000000E+01  1.14140730E+00  9.99942959E-01  1.14140730E+00
   106  2.12000000E+01  1.14169074E+00  9.99940156E-01  1.14169074E+00
   107  2.14000000E+01  1.14193671E+00  9.99937256E-01  1.14193671E+00
   108  2.16000000E+01  1.14214780E+00  9.99934259E-01  1.14214780E+00
   109  2.18000000E+01  1.14232683E+00  9.99931164E-01  1.14232683E+00
   110  2.20000000E+01  1.14247682E+00  9.99927974E-01  1.14247682E+00
   111  2.22000000E+01  1.14260089E+00  9.99924689E-01  1.14260089E+00
   112  2.24000000E+01  1.14272372E+00  9.99921311E-01  1.14272372E+00
   113  2.26000000E+01  1.14293705E+00  9.99917843E-01  1.14293705E+00
   114  2.28000000E+01  1.14311784E+00  9.99914289E-01  1.14311784E+00
   115  2.30000000E+01  1.14326919E+00  9.99910651E-01  1.14326919E+00
   116  2.32000000E+01  1.14339433E+00  9.99906935E-01  1.14339433E+00
   117  2.34000000E+01  1.14349650E+00  9.99903144E-01  1.14349650E+00
   118  2.36000000E+01  1.14357893E+00  9.99899285E-01  1.14357893E+00
   119  2.38000000E+01  1.14371924E+00  9.99895363E-01  1.14371924E+00
   120  2.40000000E+01  1.14387497E+00  9.99891385E-01  1.14387497E+00
   121  2.42000000E+01  1.14400443E+00  9.99887359E-01  1.14400443E+00
   122  2.44000000E+01  1.14411064E+00  9.99883294E-01  1.14411064E+00
   123  2.46000000E+01  1.14419658E+00  9.99879199E-01  1.14419658E+00
   124  2.48000000E+01  1.14426517E+00  9.99875085E-01  1.14426517E+00
   125  2.50000000E+01  1.14431919E+00  9.99870967E-01  1.14431919E+00
   126  2.52000000E+01  1.14440206E+00  9.99866857E-01  1.14440206E+00
   127  2.54000000E+01  1.14450959E+00  9.99862774E-01  1.14450959E+00
   128  2.56000000E+01  1.14459668E+00  9.99858736E-01  1.14459668E+00
   129  2.58000000E+01  1.14466630E+00  9.99854764E-01  1.14466630E+00
   130  2.60000000E+01  1.14472132E+00  9.99850882E-01  1.14472132E+00
   131  2.62000000E+01  1.14476437E+00  9.99847116E-01  1.14476437E+00
   132  2.64000000E+01  1.14482314E+00  9.99843494E-01  1.14482314E+00
   133  2.66000000E+01  1.14491370E+00  9.99840047E-01  1.14491370E+00
   134  2.68000000E+01  1.14498623E+00  9.99836808E-01  1.14498623E+00
   135  2.70000000E+01  1.14504346E+00  9.99833811E-01  1.14504346E+00
   136  2.72000000E+01  1.14508795E+00  9.99831096E-01  1.14508795E+00
   137  2.74000000E+01  1.14512206E+00  9.99828703E-01  1.14512206E+00
   138  2.76000000E+01  1.14514790E+00  9.99826675E-01  1.14514790E+00
   139  2.78000000E+01  1.14516736E+00  9.99825060E-01  1.14516736E+00
   140  2.80000000E+01  1.14522427E+00  9.99823906E-01  1.14522427E+00
   141  2.82000000E+01  1.14526995E+00  9.99823269E-01  1.14526995E+00
   142  2.84000000E+01  1.14530525E+00  9.99823207E-01  1.14530525E+00
   143  2.86000000E+01  1.14533233E+00  9.99823783E-01  1.14533233E+00
   144  2.88000000E+01  1.14535310E+00  9.99825069E-01  1.14535310E+00
   145  2.90000000E+01  1.14538308E+00  9.99827138E-01  1.14538308E+00
   146  2.92000000E+01  1.14543042E+00  9.99830074E-01  1.14543042E+00
   147  2.94000000E+01  1.14546667E+00  9.99833966E-01  1.14546667E+00
   148  2.96000000E+01  1.14549399E+00  9.99838910E-01  1.14549399E+00
   149  2.98000000E+01  1.14551429E+00  9.99845012E-01  1.14551429E+00
   150  3.00000000E+01  1.14552925E+00  9.99852384E-01  1.14552925E+00
   151  3.02000000E+01  1.14554031E+00  9.99861147E-01  1.14554031E+00
   152  3.04000000E+01  1.14554864E+00  9.99871430E-01  1.14554864E+00
   153  3.06000000E+01  1.14555518E+00  9.99883372E-01  1.14555518E+00
   154  3.08000000E+01  1.14557329E+00  9.99897118E-01  1.14557329E+00
   155  3.10000000E+01  1.14558963E+00  9.99912824E-01  1.14558963E+00
   156  3.12000000E+01  1.14560212E+00  9.99930653E-01  1.14560212E+00
   157  3.14000000E+01  1.14561192E+00  9.99950781E-01  1.14561192E+00
   158  3.16000000E+01  1.14562086E+00  9.99973388E-01  1.14562086E+00
   159  3.18000000E+01  1.14564235E+00  9.99998669E-01  1.14564235E+00
   160  3.20000000E+01  1.14565795E+00  1.00002683E+00  1.14565795E+00
   161  3.22000000E+01  1.14566915E+00  1.00005808E+00  1.14566915E+00
   162  3.24000000E+01  1.14567723E+00  1.00009264E+00  1.14567723E+00
   163  3.26000000E+01  1.14568322E+00  1.00013077E+00  1.14568322E+00
   164  3.28000000E+01  1.14568793E+00  1.00017271E+00  1.14568793E+00
   165  3.30000000E+01  1.14569198E+00  1.00021872E+00  1.14569198E+00
   166  3.32000000E+01  1.14569580E+00  1.00026911E+00  1.14569580E+00
   167  3.34000000E+01  1.14569968E+00  1.00032417E+00  1.14569968E+00
   168  3.36000000E+01  1.14570378E+00  1.00038423E+00  1.14570378E+00
   169  3.38000000E+01  1.14570817E+00  1.00044963E+00  1.14570817E+00
   170  3.40000000E+01  1.14571284E+00  1.00052074E+00  1.14571284E+00
   171  3.42000000E+01  1.14571772E+00  1.00059796E+00  1.14571772E+00
   172  3.44000000E+01  1.14572271E+00  1.00068171E+00  1.14572271E+00
   173  3.46000000E+01  1.14572772E+00  1.00077243E+00  1.14572772E+00
   174  3.48000000E+01  1.14573263E+00  1.00087058E+00  1.14573263E+00
   175  3.50000000E+01  1.14573734E+00  1.00097667E+00  1.14573734E+00
   176  3.52000000E+01  1.14574176E+00  1.00109122E+00  1.14574176E+00
   177  3.54000000E+01  1.14574582E+00  1.00121477E+00  1.14574582E+00
   178  3.56000000E+01  1.14574948E+00  1.00134790E+00  1.14574948E+00
   179  3.58000000E+01  1.14575271E+00  1.00149121E+00  1.14575271E+00
   180  3.60000000E+01  1.14575550E+00  1.00164532E+00  1.14575550E+00
   181  3.62000000E+01  1.14575914E+00  1.00181088E+00  1.14575914E+00
   182  3.64000000E+01  1.14576362E+00  1.00198856E+00  1.14576362E+00
   183  3.66000000E+01  1.14576760E+00  1.00217908E+00  1.14576760E+00
   184  3.68000000E+01  1.14577108E+00  1.00238316E+00  1.14577108E+00
   185  3.70000000E+01  1.14577405E+00  1.00260157E+00  1.14577405E+00
   186  3.72000000E+01  1.14577654E+00  1.00283511E+00  1.14577654E+00
   187  3.74000000E+01  1.14577858E+00  1.00308459E+00  1.14577858E+00
   188  3.76000000E+01  1.14578022E+00  1.00335089E+00  1.14578022E+00
   189  3.78000000E+01  1.14578149E+00  1.00363490E+00  1.14578149E+00
   190  3.80000000E+01  1.14578246E+00  1.00393756E+00  1.14578246E+00
   191  3.82000000E+01  1.14578316E+00  1.00425984E+00  1.14578316E+00
   192  3.84000000E+01  1.14578366E+00  1.00460277E+00  1.14578366E+00
   193  3.86000000E+01  1.14578398E+00  1.00496739E+00  1.14578398E+00
   194  3.88000000E+01  1.14578459E+00  1.00535481E+00  1.14578459E+00
   195  3.90000000E+01  1.14578570E+00  1.00576617E+00  1.14578570E+00
   196  3.92000000E+01  1.14578654E+00  1.00620266E+00  1.14578654E+00
   197  3.94000000E+01  1.14578713E+00  1.00666550E+00  1.14578713E+00
   198  3.96000000E+01  1.14578752E+00  1.00715598E+00  1.14578752E+00
   199  3.98000000E+01  1.14578775E+00  1.00767540E+00  1.14578775E+00
   200  4.00000000E+01  1.14578786E+00  1.00822511E+00  1.14578786E+00
   201  4.02000000E+01  1.14578787E+00  1.00880650E+00  1.14578787E+00
   202  4.04000000E+01  1.14578782E+00  1.00942100E+00  1.14578782E+00
   203  4.06000000E+01  1.14578772E+00  1.01007003E+00  1.14578772E+00
   204  4.08000000E+01  1.14578758E+00  1.01075508E+00  1.14578758E+00
   205  4.10000000E+01  1.14578743E+00  1.01147760E+00  1.14578743E+00
   206  4.12000000E+01  1.14578727E+00  1.01223910E+00  1.14578727E+00
   207  4.14000000E+01  1.14578710E+00  1.01304105E+00  1.14578710E+00
   208  4.16000000E+01  1.14578694E+00  1.01388494E+00  1.14578694E+00
   209  4.18000000E+01  1.14578677E+00  1.01477223E+00  1.14578677E+00
   210  4.20000000E+01  1.14578661E+00  1.01570436E+00  1.14578661E+00
   211  4.22000000E+01  1.14578644E+00  1.01668277E+00  1.14578644E+00
   212  4.24000000E+01  1.14578628E+00  1.01770884E+00  1.14578628E+00
   213  4.26000000E+01  1.14578612E+00  1.01878396E+00  1.14578612E+00
   214  4.28000000E+01  1.14578596E+00  1.01990945E+00  1.14578596E+00
   215  4.30000000E+01  1.14578579E+00  1.02108660E+00  1.14578579E+00
   216  4.32000000E+01  1.14578563E+00  1.02231668E+00  1.14578563E+00
   217  4.34000000E+01  1.14578547E+00  1.02360087E+00  1.14578547E+00
   218  4.36000000E+01  1.14578530E+00  1.02494031E+00  1.14578530E+00
   219  4.38000000E+01  1.14578513E+00  1.02633609E+00  1.14578513E+00
   220  4.40000000E+01  1.14578497E+00  1.02778918E+00  1.14578497E+00
   221  4.42000000E+01  1.14578481E+00  1.02930047E+00  1.14578481E+00
   222  4.44000000E+01  1.14578465E+00  1.03087071E+00  1.14578465E+00
   223  4.46000000E+01  1.14578449E+00  1.03250055E+00  1.14578449E+00
   224  4.48000000E+01  1.14578433E+00  1.03419043E+00  1.14578433E+00
   225  4.50000000E+01  1.14578419E+00  1.03594063E+00  1.14578419E+00
   226  4.52000000E+01  1.14578404E+00  1.03775122E+00  1.14578404E+00
   227  4.54000000E+01  1.14578390E+00  1.03962205E+00  1.14578390E+00
   228  4.56000000E+01  1.14578377E+00  1.04155272E+00  1.14578377E+00
   229  4.58000000E+01  1.14578365E+00  1.04354256E+00  1.14578365E+00
   230  4.60000000E+01  1.14578353E+00  1.04559066E+00  1.14578353E+00
   231  4.62000000E+01  1.14578342E+00  1.04769583E+00  1.14578342E+00
   232  4.64000000E+01  1.14578331E+00  1.04985658E+00  1.14578331E+00
   233  4.66000000E+01  1.14578321E+00  1.05207117E+00  1.14578321E+00
   234  4.68000000E+01  1.14578312E+00  1.05433759E+00  1.14578312E+00
   235  4.70000000E+01  1.14578303E+00  1.05665356E+00  1.14578303E+00
   236  4.72000000E+01  1.14578294E+00  1.05901652E+00  1.14578294E+00
   237  4.74000000E+01  1.14578287E+00  1.06142367E+00  1.14578287E+00
   238  4.76000000E+01  1.14578279E+00  1.06387196E+00  1.14578279E+00
   239  4.78000000E+01  1.14578273E+00  1.06635808E+00  1.14578273E+00
   240  4.80000000E+01  1.14578266E+00  1.06887844E+00  1.14578266E+00
   241  4.82000000E+01  1.14578260E+00  1.07142922E+00  1.14578260E+00
   242  4.84000000E+01  1.14578255E+00  1.07400630E+00  1.14578255E+00
   243  4.86000000E+01  1.14578250E+00  1.07660531E+00  1.14578250E+00
   244  4.88000000E+01  1.14578245E+00  1.07922154E+00  1.14578245E+00
   245  4.90000000E+01  1.14578241E+00  1.08185004E+00  1.14578241E+00
   246  4.92000000E+01  1.14578237E+00  1.08448552E+00  1.14578237E+00
   247  4.94000000E+01  1.14578233E+00  1.08712241E+00  1.14578233E+00
   248  4.96000000E+01  1.14578229E+00  1.08975486E+00  1.14578229E+00
   249  4.98000000E+01  1.14578226E+00  1.09237674E+00  1.14578226E+00
   250  5.00000000E+01  1.14578223E+00  1.09498171E+00  1.14578223E+00
   251  5.02000000E+01  1.14578220E+00  1.09756325E+00  1.14578220E+00
   252  5.04000000E+01  1.14578218E+00  1.10011471E+00  1.14578218E+00
   253  5.06000000E+01  1.14578215E+00  1.10262936E+00  1.14578215E+00
   254  5.08000000E+01  1.14578213E+00  1.10510054E+00  1.14578213E+00
   255  5.10000000E+01  1.14578211E+00  1.10752164E+00  1.14578211E+00
   256  5.12000000E+01  1.14578209E+00  1.10988630E+00  1.14578209E+00
   257  5.14000000E+01  1.14578207E+00  1.11218843E+00  1.14578207E+00
   258  5.16000000E+01  1.14578206E+00  1.11442233E+00  1.14578206E+00
   259  5.18000000E+01  1.14578205E+00  1.11658278E+00  1.14578205E+00
   260  5.20000000E+01  1.14578203E+00  1.11866509E+00  1.14578203E+00
   261  5.22000000E+01  1.14578202E+00  1.12066521E+00  1.14578202E+00
   262  5.24000000E+01  1.14578201E+00  1.12257978E+00  1.14578201E+00
   263  5.26000000E+01  1.14578200E+00  1.12440611E+00  1.14578200E+00
   264  5.28000000E+01  1.14578199E+00  1.12614229E+00  1.14578199E+00
   265  5.30000000E+01  1.14578198E+00  1.12778712E+00  1.14578198E+00
   266  5.32000000E+01  1.14578197E+00  1.12934013E+00  1.14578197E+00
   267  5.34000000E+01  1.14578197E+00  1.13080156E+00  1.14578197E+00
   268  5.36000000E+01  1.14578196E+00  1.13217227E+00  1.14578196E+00
   269  5.38000000E+01  1.14578196E+00  1.13345375E+00  1.14578196E+00
   270  5.40000000E+01  1.14578195E+00  1.13464798E+00  1.14578195E+00
   271  5.42000000E+01  1.14578195E+00  1.13575743E+00  1.14578195E+00
   272  5.44000000E+01  1.14578194E+00  1.13678492E+00  1.14578194E+00
   273  5.46000000E+01  1.14578194E+00  1.13773359E+00  1.14578194E+00
   274  5.48000000E+01  1.14578194E+00  1.13860680E+00  1.14578194E+00
   275  5.50000000E+01  1.14578193E+00  1.13940806E+00  1.14578193E+00
   276  5.52000000E+01  1.14578193E+00  1.14014099E+00  1.14578193E+00
   277  5.54000000E+01  1.14578193E+00  1.14080922E+00  1.14578193E+00
   278  5.56000000E+01  1.14578192E+00  1.14141641E+00  1.14578192E+00
   279  5.58000000E+01  1.14578192E+00  1.14196614E+00  1.14578192E+00
   280  5.60000000E+01  1.14578192E+00  1.14246195E+00  1.14578192E+00
   281  5.62000000E+01  1.14578192E+00  1.14290725E+00  1.14578192E+00
   282  5.64000000E+01  1.14578192E+00  1.14330538E+00  1.14578192E+00
   283  5.66000000E+01  1.14578192E+00  1.14365956E+00  1.14578192E+00
   284  5.68000000E+01  1.14578192E+00  1.14397290E+00  1.14578192E+00
   285  5.70000000E+01  1.14578191E+00  1.14424840E+00  1.14578191E+00
   286  5.72000000E+01  1.14578191E+00  1.14448897E+00  1.14578191E+00
   287  5.74000000E+01  1.14578191E+00  1.14469740E+00  1.14578191E+00
   288  5.76000000E+01  1.14578191E+00  1.14487644E+00  1.14578191E+00
   289  5.78000000E+01  1.14578191E+00  1.14502869E+00  1.14578191E+00
   290  5.80000000E+01  1.14578191E+00  1.14515672E+00  1.14578191E+00
   291  5.82000000E+01  1.14578191E+00  1.14526297E+00  1.14578191E+00
   292  5.84000000E+01  1.14578191E+00  1.14534983E+00  1.14578191E+00
   293  5.86000000E+01  1.14578191E+00  1.14541957E+00  1.14578191E+00
   294  5.88000000E+01  1.14578191E+00  1.14547437E+00  1.14578191E+00
   295  5.90000000E+01  1.14578191E+00  1.14551628E+00  1.14578191E+00
   296  5.92000000E+01  1.14578191E+00  1.14554725E+00  1.14578191E+00
   297  5.94000000E+01  1.14578191E+00  1.14556908E+00  1.14578191E+00
   298  5.96000000E+01  1.14578191E+00  1.14558346E+00  1.14578191E+00
   299  5.98000000E+01  1.14578191E+00  1.14559189E+00  1.14578191E+00
   300  6.00000000E+01  1.14578191E+00  1.14559573E+00  1.14578191E+00
   301  6.02000000E+01  1.14578191E+00  1.14559620E+00  1.14578191E+00
   302  6.04000000E+01  1.14578191E+00  1.14559434E+00  1.14578191E+00
   303  6.06000000E+01  1.14578191E+00  1.14559103E+00  1.14578191E+00
   304  6.08000000E+01  1.14578191E+00  1.14558702E+00  1.14578191E+00
   305  6.10000000E+01  1.14578191E+00  1.14558287E+00  1.14578191E+00
   306  6.12000000E+01  1.14578191E+00  1.14557906E+00  1.14578191E+00
   307  6.14000000E+01  1.14578191E+00  1.14557589E+00  1.14578191E+00
   308  6.16000000E+01  1.14578191E+00  1.14557358E+00  1.14578191E+00
 steady-height stop at step    308: changes <=   1.0000E-05, max-end <=   5.0000E-03, max/end/gap/profile_change =   1.14578191E+00  1.14557358E+00  2.08325141E-04  4.25880852E-06
