 comppar: model =   3
 comppar: lambda,mobility/eps,betav,eta_0 =  7.0000E+00  1.0000E-01  9.0000E-01  1.0000E+00
 comppar: eta_s,eta_p,G =  9.0000E-01  1.0000E-01  1.4286E-02
 comppar: U_avg,deltat,flowrate,nsteps =  1.0000E-01  4.0000E-01  3.1416E-01    1000
 comppar: geometry = axisymmetric
 comppar: steady stop change,gap,hold,min =  1.0000E-05  2.0000E-04      10      80
 comppar: steady stop rounded decimals =       4
 comppar: ncompc,ncompg =     4     5
 mesh nnodes = 22999
 mesh nelem = 11296
 P1 BC   5.0000000000000000     
 P2 BC   0.0000000000000000     
     1  4.00000000E-01  1.00503996E+00  1.00000000E+00  1.00503996E+00
     2  8.00000000E-01  1.00992337E+00  1.00000000E+00  1.00992337E+00
     3  1.20000000E+00  1.01465534E+00  1.00000000E+00  1.01465534E+00
     4  1.60000000E+00  1.01924955E+00  1.00000000E+00  1.01924955E+00
     5  2.00000000E+00  1.02371005E+00  1.00000000E+00  1.02371005E+00
     6  2.40000000E+00  1.02804303E+00  1.00000000E+00  1.02804303E+00
     7  2.80000000E+00  1.03225351E+00  1.00000000E+00  1.03225351E+00
     8  3.20000000E+00  1.03634428E+00  1.00000000E+00  1.03634428E+00
     9  3.60000000E+00  1.04032973E+00  1.00000000E+00  1.04032973E+00
    10  4.00000000E+00  1.04420214E+00  1.00000000E+00  1.04420214E+00
    11  4.40000000E+00  1.04796919E+00  9.99999996E-01  1.04796919E+00
    12  4.80000000E+00  1.05163577E+00  9.99999991E-01  1.05163577E+00
    13  5.20000000E+00  1.05520390E+00  9.99999983E-01  1.05520390E+00
    14  5.60000000E+00  1.05866483E+00  9.99999972E-01  1.05866483E+00
    15  6.00000000E+00  1.06204755E+00  9.99999958E-01  1.06204755E+00
    16  6.40000000E+00  1.06533216E+00  9.99999940E-01  1.06533216E+00
    17  6.80000000E+00  1.06852104E+00  9.99999918E-01  1.06852104E+00
    18  7.20000000E+00  1.07161670E+00  9.99999891E-01  1.07161670E+00
    19  7.60000000E+00  1.07462130E+00  9.99999858E-01  1.07462130E+00
    20  8.00000000E+00  1.07755262E+00  9.99999818E-01  1.07755262E+00
    21  8.40000000E+00  1.08039409E+00  9.99999771E-01  1.08039409E+00
    22  8.80000000E+00  1.08315173E+00  9.99999715E-01  1.08315173E+00
    23  9.20000000E+00  1.08582160E+00  9.99999649E-01  1.08582160E+00
    24  9.60000000E+00  1.08841027E+00  9.99999573E-01  1.08841027E+00
    25  1.00000000E+01  1.09091191E+00  9.99999484E-01  1.09091191E+00
    26  1.04000000E+01  1.09333388E+00  9.99999382E-01  1.09333388E+00
    27  1.08000000E+01  1.09568759E+00  9.99999265E-01  1.09568759E+00
    28  1.12000000E+01  1.09796860E+00  9.99999131E-01  1.09796860E+00
    29  1.16000000E+01  1.10016982E+00  9.99998978E-01  1.10016982E+00
    30  1.20000000E+01  1.10229151E+00  9.99998805E-01  1.10229151E+00
    31  1.24000000E+01  1.10433369E+00  9.99998608E-01  1.10433369E+00
    32  1.28000000E+01  1.10629530E+00  9.99998387E-01  1.10629530E+00
    33  1.32000000E+01  1.10818430E+00  9.99998138E-01  1.10818430E+00
    34  1.36000000E+01  1.11003349E+00  9.99997859E-01  1.11003349E+00
    35  1.40000000E+01  1.11180723E+00  9.99997547E-01  1.11180723E+00
    36  1.44000000E+01  1.11350769E+00  9.99997199E-01  1.11350769E+00
    37  1.48000000E+01  1.11513753E+00  9.99996811E-01  1.11513753E+00
    38  1.52000000E+01  1.11669836E+00  9.99996380E-01  1.11669836E+00
    39  1.56000000E+01  1.11820109E+00  9.99995902E-01  1.11820109E+00
    40  1.60000000E+01  1.11966577E+00  9.99995374E-01  1.11966577E+00
    41  1.64000000E+01  1.12106478E+00  9.99994789E-01  1.12106478E+00
    42  1.68000000E+01  1.12240291E+00  9.99994145E-01  1.12240291E+00
    43  1.72000000E+01  1.12368045E+00  9.99993436E-01  1.12368045E+00
    44  1.76000000E+01  1.12490055E+00  9.99992658E-01  1.12490055E+00
    45  1.80000000E+01  1.12609389E+00  9.99991803E-01  1.12609389E+00
    46  1.84000000E+01  1.12723395E+00  9.99990868E-01  1.12723395E+00
    47  1.88000000E+01  1.12832252E+00  9.99989846E-01  1.12832252E+00
    48  1.92000000E+01  1.12935829E+00  9.99988730E-01  1.12935829E+00
    49  1.96000000E+01  1.13036239E+00  9.99987514E-01  1.13036239E+00
    50  2.00000000E+01  1.13133501E+00  9.99986191E-01  1.13133501E+00
    51  2.04000000E+01  1.13225888E+00  9.99984754E-01  1.13225888E+00
    52  2.08000000E+01  1.13314550E+00  9.99983195E-01  1.13314550E+00
    53  2.12000000E+01  1.13401644E+00  9.99981508E-01  1.13401644E+00
    54  2.16000000E+01  1.13484324E+00  9.99979684E-01  1.13484324E+00
    55  2.20000000E+01  1.13565587E+00  9.99977716E-01  1.13565587E+00
    56  2.24000000E+01  1.13643772E+00  9.99975595E-01  1.13643772E+00
    57  2.28000000E+01  1.13721252E+00  9.99973315E-01  1.13721252E+00
    58  2.32000000E+01  1.13796874E+00  9.99970865E-01  1.13796874E+00
    59  2.36000000E+01  1.13871330E+00  9.99968240E-01  1.13871330E+00
    60  2.40000000E+01  1.13944910E+00  9.99965432E-01  1.13944910E+00
    61  2.44000000E+01  1.14018186E+00  9.99962433E-01  1.14018186E+00
    62  2.48000000E+01  1.14090006E+00  9.99959236E-01  1.14090006E+00
    63  2.52000000E+01  1.14159718E+00  9.99955837E-01  1.14159718E+00
    64  2.56000000E+01  1.14228841E+00  9.99952228E-01  1.14228841E+00
    65  2.60000000E+01  1.14295267E+00  9.99948407E-01  1.14295267E+00
    66  2.64000000E+01  1.14360445E+00  9.99944370E-01  1.14360445E+00
    67  2.68000000E+01  1.14422740E+00  9.99940116E-01  1.14422740E+00
    68  2.72000000E+01  1.14483908E+00  9.99935645E-01  1.14483908E+00
    69  2.76000000E+01  1.14541920E+00  9.99930959E-01  1.14541920E+00
    70  2.80000000E+01  1.14598899E+00  9.99926063E-01  1.14598899E+00
    71  2.84000000E+01  1.14653121E+00  9.99920965E-01  1.14653121E+00
    72  2.88000000E+01  1.14705145E+00  9.99915675E-01  1.14705145E+00
    73  2.92000000E+01  1.14755757E+00  9.99910209E-01  1.14755757E+00
    74  2.96000000E+01  1.14803554E+00  9.99904586E-01  1.14803554E+00
    75  3.00000000E+01  1.14850082E+00  9.99898829E-01  1.14850082E+00
    76  3.04000000E+01  1.14894608E+00  9.99892968E-01  1.14894608E+00
    77  3.08000000E+01  1.14936603E+00  9.99887041E-01  1.14936603E+00
    78  3.12000000E+01  1.14977990E+00  9.99881089E-01  1.14977990E+00
    79  3.16000000E+01  1.15016949E+00  9.99875166E-01  1.15016949E+00
    80  3.20000000E+01  1.15054301E+00  9.99869331E-01  1.15054301E+00
    81  3.24000000E+01  1.15090449E+00  9.99863657E-01  1.15090449E+00
    82  3.28000000E+01  1.15124416E+00  9.99858226E-01  1.15124416E+00
    83  3.32000000E+01  1.15157651E+00  9.99853133E-01  1.15157651E+00
    84  3.36000000E+01  1.15189113E+00  9.99848490E-01  1.15189113E+00
    85  3.40000000E+01  1.15219141E+00  9.99844422E-01  1.15219141E+00
    86  3.44000000E+01  1.15248225E+00  9.99841072E-01  1.15248225E+00
    87  3.48000000E+01  1.15275507E+00  9.99838605E-01  1.15275507E+00
    88  3.52000000E+01  1.15302214E+00  9.99837206E-01  1.15302214E+00
    89  3.56000000E+01  1.15327378E+00  9.99837083E-01  1.15327378E+00
    90  3.60000000E+01  1.15351433E+00  9.99838472E-01  1.15351433E+00
    91  3.64000000E+01  1.15374617E+00  9.99841637E-01  1.15374617E+00
    92  3.68000000E+01  1.15396288E+00  9.99846875E-01  1.15396288E+00
    93  3.72000000E+01  1.15417517E+00  9.99854516E-01  1.15417517E+00
    94  3.76000000E+01  1.15437426E+00  9.99864929E-01  1.15437426E+00
    95  3.80000000E+01  1.15456359E+00  9.99878526E-01  1.15456359E+00
    96  3.84000000E+01  1.15474626E+00  9.99895763E-01  1.15474626E+00
    97  3.88000000E+01  1.15491640E+00  9.99917144E-01  1.15491640E+00
    98  3.92000000E+01  1.15508136E+00  9.99943231E-01  1.15508136E+00
    99  3.96000000E+01  1.15523688E+00  9.99974642E-01  1.15523688E+00
   100  4.00000000E+01  1.15538228E+00  1.00001206E+00  1.15538228E+00
   101  4.04000000E+01  1.15552412E+00  1.00005623E+00  1.15552412E+00
   102  4.08000000E+01  1.15565570E+00  1.00010798E+00  1.15565570E+00
   103  4.12000000E+01  1.15578076E+00  1.00016821E+00  1.15578076E+00
   104  4.16000000E+01  1.15590042E+00  1.00023792E+00  1.15590042E+00
   105  4.20000000E+01  1.15601115E+00  1.00031819E+00  1.15601115E+00
   106  4.24000000E+01  1.15611804E+00  1.00041019E+00  1.15611804E+00
   107  4.28000000E+01  1.15621824E+00  1.00051523E+00  1.15621824E+00
   108  4.32000000E+01  1.15631100E+00  1.00063471E+00  1.15631100E+00
   109  4.36000000E+01  1.15640141E+00  1.00077014E+00  1.15640141E+00
   110  4.40000000E+01  1.15648468E+00  1.00092319E+00  1.15648468E+00
   111  4.44000000E+01  1.15656306E+00  1.00109565E+00  1.15656306E+00
   112  4.48000000E+01  1.15663785E+00  1.00128945E+00  1.15663785E+00
   113  4.52000000E+01  1.15670643E+00  1.00150669E+00  1.15670643E+00
   114  4.56000000E+01  1.15677222E+00  1.00174962E+00  1.15677222E+00
   115  4.60000000E+01  1.15683346E+00  1.00202066E+00  1.15683346E+00
   116  4.64000000E+01  1.15688958E+00  1.00232241E+00  1.15688958E+00
   117  4.68000000E+01  1.15694416E+00  1.00265766E+00  1.15694416E+00
   118  4.72000000E+01  1.15699377E+00  1.00302938E+00  1.15699377E+00
   119  4.76000000E+01  1.15704010E+00  1.00344073E+00  1.15704010E+00
   120  4.80000000E+01  1.15708397E+00  1.00389511E+00  1.15708397E+00
   121  4.84000000E+01  1.15712362E+00  1.00439607E+00  1.15712362E+00
   122  4.88000000E+01  1.15716142E+00  1.00494742E+00  1.15716142E+00
   123  4.92000000E+01  1.15719616E+00  1.00555313E+00  1.15719616E+00
   124  4.96000000E+01  1.15722744E+00  1.00621740E+00  1.15722744E+00
   125  5.00000000E+01  1.15725768E+00  1.00694462E+00  1.15725768E+00
   126  5.04000000E+01  1.15728465E+00  1.00773939E+00  1.15728465E+00
   127  5.08000000E+01  1.15730940E+00  1.00860645E+00  1.15730940E+00
   128  5.12000000E+01  1.15733256E+00  1.00955072E+00  1.15733256E+00
   129  5.16000000E+01  1.15735295E+00  1.01057728E+00  1.15735295E+00
   130  5.20000000E+01  1.15737208E+00  1.01169128E+00  1.15737208E+00
   131  5.24000000E+01  1.15738926E+00  1.01289800E+00  1.15738926E+00
   132  5.28000000E+01  1.15740417E+00  1.01420272E+00  1.15740417E+00
   133  5.32000000E+01  1.15741850E+00  1.01561074E+00  1.15741850E+00
   134  5.36000000E+01  1.15743070E+00  1.01712730E+00  1.15743070E+00
   135  5.40000000E+01  1.15744147E+00  1.01875751E+00  1.15744147E+00
   136  5.44000000E+01  1.15745129E+00  1.02050630E+00  1.15745129E+00
   137  5.48000000E+01  1.15745939E+00  1.02237835E+00  1.15745939E+00
   138  5.52000000E+01  1.15746667E+00  1.02437798E+00  1.15746667E+00
   139  5.56000000E+01  1.15747279E+00  1.02650906E+00  1.15747279E+00
   140  5.60000000E+01  1.15747753E+00  1.02877494E+00  1.15747753E+00
   141  5.64000000E+01  1.15748186E+00  1.03117832E+00  1.15748186E+00
   142  5.68000000E+01  1.15748493E+00  1.03372114E+00  1.15748493E+00
   143  5.72000000E+01  1.15748723E+00  1.03640447E+00  1.15748723E+00
   144  5.76000000E+01  1.15748887E+00  1.03922841E+00  1.15748887E+00
   145  5.80000000E+01  1.15748950E+00  1.04219196E+00  1.15748950E+00
   146  5.84000000E+01  1.15748981E+00  1.04529290E+00  1.15748981E+00
   147  5.88000000E+01  1.15748930E+00  1.04852773E+00  1.15748930E+00
   148  5.92000000E+01  1.15748820E+00  1.05189152E+00  1.15748820E+00
   149  5.96000000E+01  1.15748669E+00  1.05537788E+00  1.15748669E+00
   150  6.00000000E+01  1.15748447E+00  1.05897884E+00  1.15748447E+00
   151  6.04000000E+01  1.15748207E+00  1.06268487E+00  1.15748207E+00
   152  6.08000000E+01  1.15747909E+00  1.06648481E+00  1.15747909E+00
   153  6.12000000E+01  1.15747580E+00  1.07036591E+00  1.15747580E+00
   154  6.16000000E+01  1.15747216E+00  1.07431383E+00  1.15747216E+00
   155  6.20000000E+01  1.15746818E+00  1.07831275E+00  1.15746818E+00
   156  6.24000000E+01  1.15746398E+00  1.08234546E+00  1.15746398E+00
   157  6.28000000E+01  1.15745946E+00  1.08639349E+00  1.15745946E+00
   158  6.32000000E+01  1.15745479E+00  1.09043730E+00  1.15745479E+00
   159  6.36000000E+01  1.15744988E+00  1.09445652E+00  1.15744988E+00
   160  6.40000000E+01  1.15744484E+00  1.09843017E+00  1.15744484E+00
   161  6.44000000E+01  1.15743967E+00  1.10233698E+00  1.15743967E+00
   162  6.48000000E+01  1.15743436E+00  1.10615571E+00  1.15743436E+00
   163  6.52000000E+01  1.15742898E+00  1.10986550E+00  1.15742898E+00
   164  6.56000000E+01  1.15742359E+00  1.11344629E+00  1.15742359E+00
   165  6.60000000E+01  1.15741822E+00  1.11687919E+00  1.15741822E+00
   166  6.64000000E+01  1.15741293E+00  1.12014690E+00  1.15741293E+00
   167  6.68000000E+01  1.15740777E+00  1.12323418E+00  1.15740777E+00
   168  6.72000000E+01  1.15740286E+00  1.12612818E+00  1.15740286E+00
   169  6.76000000E+01  1.15739822E+00  1.12881891E+00  1.15739822E+00
   170  6.80000000E+01  1.15739384E+00  1.13129950E+00  1.15739384E+00
   171  6.84000000E+01  1.15738982E+00  1.13356658E+00  1.15738982E+00
   172  6.88000000E+01  1.15738606E+00  1.13562039E+00  1.15738606E+00
   173  6.92000000E+01  1.15738263E+00  1.13746496E+00  1.15738263E+00
   174  6.96000000E+01  1.15737944E+00  1.13910804E+00  1.15737944E+00
   175  7.00000000E+01  1.15737657E+00  1.14056098E+00  1.15737657E+00
   176  7.04000000E+01  1.15737389E+00  1.14183840E+00  1.15737389E+00
   177  7.08000000E+01  1.15737144E+00  1.14295776E+00  1.15737144E+00
   178  7.12000000E+01  1.15736926E+00  1.14393874E+00  1.15736926E+00
   179  7.16000000E+01  1.15736724E+00  1.14480246E+00  1.15736724E+00
   180  7.20000000E+01  1.15736538E+00  1.14557072E+00  1.15736538E+00
   181  7.24000000E+01  1.15736367E+00  1.14626498E+00  1.15736367E+00
   182  7.28000000E+01  1.15736219E+00  1.14690551E+00  1.15736219E+00
   183  7.32000000E+01  1.15736085E+00  1.14751046E+00  1.15736085E+00
   184  7.36000000E+01  1.15735962E+00  1.14809514E+00  1.15735962E+00
   185  7.40000000E+01  1.15735850E+00  1.14867133E+00  1.15735850E+00
   186  7.44000000E+01  1.15735748E+00  1.14924699E+00  1.15735748E+00
   187  7.48000000E+01  1.15735655E+00  1.14982610E+00  1.15735655E+00
   188  7.52000000E+01  1.15735571E+00  1.15040886E+00  1.15735571E+00
   189  7.56000000E+01  1.15735496E+00  1.15099211E+00  1.15735496E+00
   190  7.60000000E+01  1.15735429E+00  1.15157003E+00  1.15735429E+00
   191  7.64000000E+01  1.15735373E+00  1.15213502E+00  1.15735373E+00
   192  7.68000000E+01  1.15735323E+00  1.15267868E+00  1.15735323E+00
   193  7.72000000E+01  1.15735278E+00  1.15319274E+00  1.15735278E+00
   194  7.76000000E+01  1.15735238E+00  1.15367001E+00  1.15735238E+00
   195  7.80000000E+01  1.15735202E+00  1.15410508E+00  1.15735202E+00
   196  7.84000000E+01  1.15735171E+00  1.15449476E+00  1.15735171E+00
   197  7.88000000E+01  1.15735143E+00  1.15483832E+00  1.15735143E+00
   198  7.92000000E+01  1.15735119E+00  1.15513735E+00  1.15735119E+00
   199  7.96000000E+01  1.15735098E+00  1.15539543E+00  1.15735098E+00
   200  8.00000000E+01  1.15735079E+00  1.15561762E+00  1.15735079E+00
   201  8.04000000E+01  1.15735063E+00  1.15580974E+00  1.15735063E+00
   202  8.08000000E+01  1.15735049E+00  1.15597775E+00  1.15735049E+00
   203  8.12000000E+01  1.15735037E+00  1.15612715E+00  1.15735037E+00
   204  8.16000000E+01  1.15735027E+00  1.15626246E+00  1.15735027E+00
   205  8.20000000E+01  1.15735018E+00  1.15638705E+00  1.15735018E+00
   206  8.24000000E+01  1.15735011E+00  1.15650297E+00  1.15735011E+00
   207  8.28000000E+01  1.15735005E+00  1.15661113E+00  1.15735005E+00
   208  8.32000000E+01  1.15735000E+00  1.15671156E+00  1.15735000E+00
   209  8.36000000E+01  1.15734996E+00  1.15680371E+00  1.15734996E+00
   210  8.40000000E+01  1.15734993E+00  1.15688684E+00  1.15734993E+00
   211  8.44000000E+01  1.15734991E+00  1.15696031E+00  1.15734991E+00
   212  8.48000000E+01  1.15734989E+00  1.15702383E+00  1.15734989E+00
   213  8.52000000E+01  1.15734988E+00  1.15707755E+00  1.15734988E+00
   214  8.56000000E+01  1.15734987E+00  1.15712209E+00  1.15734987E+00
   215  8.60000000E+01  1.15734987E+00  1.15715843E+00  1.15734987E+00
   216  8.64000000E+01  1.15734987E+00  1.15718777E+00  1.15734987E+00
   217  8.68000000E+01  1.15734987E+00  1.15721139E+00  1.15734987E+00
   218  8.72000000E+01  1.15734987E+00  1.15723047E+00  1.15734987E+00
   219  8.76000000E+01  1.15734988E+00  1.15724599E+00  1.15734988E+00
   220  8.80000000E+01  1.15734989E+00  1.15725870E+00  1.15734989E+00
   221  8.84000000E+01  1.15734990E+00  1.15726907E+00  1.15734990E+00
   222  8.88000000E+01  1.15734990E+00  1.15727739E+00  1.15734990E+00
   223  8.92000000E+01  1.15734991E+00  1.15728378E+00  1.15734991E+00
   224  8.96000000E+01  1.15734992E+00  1.15728831E+00  1.15734992E+00
   225  9.00000000E+01  1.15734994E+00  1.15729105E+00  1.15734994E+00
   226  9.04000000E+01  1.15734995E+00  1.15729209E+00  1.15734995E+00
   227  9.08000000E+01  1.15734996E+00  1.15729159E+00  1.15734996E+00
   228  9.12000000E+01  1.15734997E+00  1.15728974E+00  1.15734997E+00
   229  9.16000000E+01  1.15734998E+00  1.15728680E+00  1.15734998E+00
 steady-height stop at step    229: rounded to 4 decimals, rounded max/end/ratio =      11573     11573     11573, max/end/ratio =   1.15734998E+00  1.15728680E+00  1.15734998E+00
