 comppar: model =   2
 comppar: lambda,mobility/eps,betav,eta_0 =  1.0000E-01  0.0000E+00  6.0000E-01  1.0000E+00
 comppar: eta_s,eta_p,G =  6.0000E-01  4.0000E-01  4.0000E+00
 comppar: U_avg,deltat,flowrate,nsteps =  1.0000E-01  2.0000E-01  3.1416E-01    2000
 comppar: geometry = axisymmetric
 comppar: steady stop change,gap,hold,min =  1.0000E-07  1.0000E-03       1      80
 comppar: steady stop truncated decimals =       3
 comppar: ncompc,ncompg =     4     5
 mesh nnodes = 5797
 mesh nelem = 2796
 P1 BC   5.0000000000000000     
 P2 BC   0.0000000000000000     
     1  2.00000000E-01  1.00253125E+00  1.00000000E+00  1.00253125E+00
     2  4.00000000E-01  1.00502423E+00  1.00000000E+00  1.00502423E+00
     3  6.00000000E-01  1.00747469E+00  1.00000000E+00  1.00747469E+00
     4  8.00000000E-01  1.00988913E+00  1.00000000E+00  1.00988913E+00
     5  1.00000000E+00  1.01227296E+00  1.00000000E+00  1.01227296E+00
     6  1.20000000E+00  1.01462394E+00  1.00000000E+00  1.01462394E+00
     7  1.40000000E+00  1.01693769E+00  1.00000000E+00  1.01693769E+00
     8  1.60000000E+00  1.01922943E+00  1.00000000E+00  1.01922943E+00
     9  1.80000000E+00  1.02147633E+00  1.00000000E+00  1.02147633E+00
    10  2.00000000E+00  1.02370552E+00  1.00000000E+00  1.02370552E+00
    11  2.20000000E+00  1.02589122E+00  1.00000000E+00  1.02589122E+00
    12  2.40000000E+00  1.02805710E+00  1.00000000E+00  1.02805710E+00
    13  2.60000000E+00  1.03017561E+00  1.00000000E+00  1.03017561E+00
    14  2.80000000E+00  1.03228526E+00  1.00000000E+00  1.03228526E+00
    15  3.00000000E+00  1.03433845E+00  1.00000000E+00  1.03433845E+00
    16  3.20000000E+00  1.03639390E+00  1.00000000E+00  1.03639390E+00
    17  3.40000000E+00  1.03839123E+00  1.00000000E+00  1.03839123E+00
    18  3.60000000E+00  1.04037691E+00  1.00000000E+00  1.04037691E+00
    19  3.80000000E+00  1.04232944E+00  1.00000000E+00  1.04232944E+00
    20  4.00000000E+00  1.04423971E+00  1.00000000E+00  1.04423971E+00
    21  4.20000000E+00  1.04614939E+00  9.99999999E-01  1.04614939E+00
    22  4.40000000E+00  1.04799682E+00  9.99999997E-01  1.04799682E+00
    23  4.60000000E+00  1.04983927E+00  9.99999994E-01  1.04983927E+00
    24  4.80000000E+00  1.05165655E+00  9.99999991E-01  1.05165655E+00
    25  5.00000000E+00  1.05340877E+00  9.99999988E-01  1.05340877E+00
    26  5.20000000E+00  1.05519154E+00  9.99999984E-01  1.05519154E+00
    27  5.40000000E+00  1.05691569E+00  9.99999979E-01  1.05691569E+00
    28  5.60000000E+00  1.05857308E+00  9.99999973E-01  1.05857308E+00
    29  5.80000000E+00  1.06028363E+00  9.99999966E-01  1.06028363E+00
    30  6.00000000E+00  1.06192782E+00  9.99999959E-01  1.06192782E+00
    31  6.20000000E+00  1.06350628E+00  9.99999951E-01  1.06350628E+00
    32  6.40000000E+00  1.06513880E+00  9.99999941E-01  1.06513880E+00
    33  6.60000000E+00  1.06670305E+00  9.99999931E-01  1.06670305E+00
    34  6.80000000E+00  1.06819610E+00  9.99999919E-01  1.06819610E+00
    35  7.00000000E+00  1.06973795E+00  9.99999906E-01  1.06973795E+00
    36  7.20000000E+00  1.07123932E+00  9.99999891E-01  1.07123932E+00
    37  7.40000000E+00  1.07266866E+00  9.99999876E-01  1.07266866E+00
    38  7.60000000E+00  1.07410662E+00  9.99999858E-01  1.07410662E+00
    39  7.80000000E+00  1.07554541E+00  9.99999839E-01  1.07554541E+00
    40  8.00000000E+00  1.07691125E+00  9.99999817E-01  1.07691125E+00
    41  8.20000000E+00  1.07820176E+00  9.99999794E-01  1.07820176E+00
    42  8.40000000E+00  1.07959838E+00  9.99999769E-01  1.07959838E+00
    43  8.60000000E+00  1.08092200E+00  9.99999741E-01  1.08092200E+00
    44  8.80000000E+00  1.08217030E+00  9.99999711E-01  1.08217030E+00
    45  9.00000000E+00  1.08341779E+00  9.99999679E-01  1.08341779E+00
    46  9.20000000E+00  1.08469935E+00  9.99999644E-01  1.08469935E+00
    47  9.40000000E+00  1.08590541E+00  9.99999606E-01  1.08590541E+00
    48  9.60000000E+00  1.08703411E+00  9.99999564E-01  1.08703411E+00
    49  9.80000000E+00  1.08819961E+00  9.99999520E-01  1.08819961E+00
    50  1.00000000E+01  1.08938836E+00  9.99999472E-01  1.08938836E+00
    51  1.02000000E+01  1.09050032E+00  9.99999421E-01  1.09050032E+00
    52  1.04000000E+01  1.09153398E+00  9.99999365E-01  1.09153398E+00
    53  1.06000000E+01  1.09262430E+00  9.99999306E-01  1.09262430E+00
    54  1.08000000E+01  1.09371907E+00  9.99999242E-01  1.09371907E+00
    55  1.10000000E+01  1.09473598E+00  9.99999174E-01  1.09473598E+00
    56  1.12000000E+01  1.09567390E+00  9.99999101E-01  1.09567390E+00
    57  1.14000000E+01  1.09664455E+00  9.99999023E-01  1.09664455E+00
    58  1.16000000E+01  1.09766765E+00  9.99998939E-01  1.09766765E+00
    59  1.18000000E+01  1.09861259E+00  9.99998850E-01  1.09861259E+00
    60  1.20000000E+01  1.09947869E+00  9.99998755E-01  1.09947869E+00
    61  1.22000000E+01  1.10033444E+00  9.99998653E-01  1.10033444E+00
    62  1.24000000E+01  1.10128520E+00  9.99998546E-01  1.10128520E+00
    63  1.26000000E+01  1.10215758E+00  9.99998431E-01  1.10215758E+00
    64  1.28000000E+01  1.10295135E+00  9.99998309E-01  1.10295135E+00
    65  1.30000000E+01  1.10367985E+00  9.99998179E-01  1.10367985E+00
    66  1.32000000E+01  1.10456117E+00  9.99998041E-01  1.10456117E+00
    67  1.34000000E+01  1.10536448E+00  9.99997895E-01  1.10536448E+00
    68  1.36000000E+01  1.10609018E+00  9.99997740E-01  1.10609018E+00
    69  1.38000000E+01  1.10673940E+00  9.99997576E-01  1.10673940E+00
    70  1.40000000E+01  1.10754065E+00  9.99997402E-01  1.10754065E+00
    71  1.42000000E+01  1.10827438E+00  9.99997218E-01  1.10827438E+00
    72  1.44000000E+01  1.10893156E+00  9.99997023E-01  1.10893156E+00
    73  1.46000000E+01  1.10951401E+00  9.99996817E-01  1.10951401E+00
    74  1.48000000E+01  1.11022171E+00  9.99996600E-01  1.11022171E+00
    75  1.50000000E+01  1.11088877E+00  9.99996370E-01  1.11088877E+00
    76  1.52000000E+01  1.11148134E+00  9.99996128E-01  1.11148134E+00
    77  1.54000000E+01  1.11200192E+00  9.99995872E-01  1.11200192E+00
    78  1.56000000E+01  1.11264083E+00  9.99995603E-01  1.11264083E+00
    79  1.58000000E+01  1.11324082E+00  9.99995319E-01  1.11324082E+00
    80  1.60000000E+01  1.11376850E+00  9.99995020E-01  1.11376850E+00
    81  1.62000000E+01  1.11422703E+00  9.99994705E-01  1.11422703E+00
    82  1.64000000E+01  1.11480145E+00  9.99994374E-01  1.11480145E+00
    83  1.66000000E+01  1.11533894E+00  9.99994025E-01  1.11533894E+00
    84  1.68000000E+01  1.11580714E+00  9.99993659E-01  1.11580714E+00
    85  1.70000000E+01  1.11620972E+00  9.99993274E-01  1.11620972E+00
    86  1.72000000E+01  1.11673239E+00  9.99992870E-01  1.11673239E+00
    87  1.74000000E+01  1.11720725E+00  9.99992446E-01  1.11720725E+00
    88  1.76000000E+01  1.11761603E+00  9.99992001E-01  1.11761603E+00
    89  1.78000000E+01  1.11796299E+00  9.99991534E-01  1.11796299E+00
    90  1.80000000E+01  1.11844707E+00  9.99991045E-01  1.11844707E+00
    91  1.82000000E+01  1.11886512E+00  9.99990532E-01  1.11886512E+00
    92  1.84000000E+01  1.11922083E+00  9.99989995E-01  1.11922083E+00
    93  1.86000000E+01  1.11953685E+00  9.99989433E-01  1.11953685E+00
    94  1.88000000E+01  1.11996123E+00  9.99988845E-01  1.11996123E+00
    95  1.90000000E+01  1.12032277E+00  9.99988230E-01  1.12032277E+00
    96  1.92000000E+01  1.12062603E+00  9.99987586E-01  1.12062603E+00
    97  1.94000000E+01  1.12092676E+00  9.99986914E-01  1.12092676E+00
    98  1.96000000E+01  1.12129718E+00  9.99986212E-01  1.12129718E+00
    99  1.98000000E+01  1.12160870E+00  9.99985479E-01  1.12160870E+00
   100  2.00000000E+01  1.12186619E+00  9.99984714E-01  1.12186619E+00
   101  2.02000000E+01  1.12214306E+00  9.99983916E-01  1.12214306E+00
   102  2.04000000E+01  1.12246009E+00  9.99983084E-01  1.12246009E+00
   103  2.06000000E+01  1.12272251E+00  9.99982216E-01  1.12272251E+00
   104  2.08000000E+01  1.12293555E+00  9.99981313E-01  1.12293555E+00
   105  2.10000000E+01  1.12321127E+00  9.99980372E-01  1.12321127E+00
   106  2.12000000E+01  1.12348148E+00  9.99979393E-01  1.12348148E+00
   107  2.14000000E+01  1.12370146E+00  9.99978374E-01  1.12370146E+00
   108  2.16000000E+01  1.12387663E+00  9.99977315E-01  1.12387663E+00
   109  2.18000000E+01  1.12412994E+00  9.99976213E-01  1.12412994E+00
   110  2.20000000E+01  1.12435454E+00  9.99975069E-01  1.12435454E+00
   111  2.22000000E+01  1.12453371E+00  9.99973882E-01  1.12453371E+00
   112  2.24000000E+01  1.12470177E+00  9.99972649E-01  1.12470177E+00
   113  2.26000000E+01  1.12493367E+00  9.99971370E-01  1.12493367E+00
   114  2.28000000E+01  1.12511925E+00  9.99970044E-01  1.12511925E+00
   115  2.30000000E+01  1.12526402E+00  9.99968669E-01  1.12526402E+00
   116  2.32000000E+01  1.12541983E+00  9.99967246E-01  1.12541983E+00
   117  2.34000000E+01  1.12560968E+00  9.99965772E-01  1.12560968E+00
   118  2.36000000E+01  1.12575812E+00  9.99964247E-01  1.12575812E+00
   119  2.38000000E+01  1.12587076E+00  9.99962671E-01  1.12587076E+00
   120  2.40000000E+01  1.12604591E+00  9.99961041E-01  1.12604591E+00
   121  2.42000000E+01  1.12620019E+00  9.99959357E-01  1.12620019E+00
   122  2.44000000E+01  1.12631768E+00  9.99957619E-01  1.12631768E+00
   123  2.46000000E+01  1.12640399E+00  9.99955826E-01  1.12640399E+00
   124  2.48000000E+01  1.12656215E+00  9.99953977E-01  1.12656215E+00
   125  2.50000000E+01  1.12668296E+00  9.99952071E-01  1.12668296E+00
   126  2.52000000E+01  1.12677199E+00  9.99950109E-01  1.12677199E+00
   127  2.54000000E+01  1.12688666E+00  9.99948090E-01  1.12688666E+00
   128  2.56000000E+01  1.12701273E+00  9.99946013E-01  1.12701273E+00
   129  2.58000000E+01  1.12710599E+00  9.99943879E-01  1.12710599E+00
   130  2.60000000E+01  1.12717199E+00  9.99941687E-01  1.12717199E+00
   131  2.62000000E+01  1.12727467E+00  9.99939437E-01  1.12727467E+00
   132  2.64000000E+01  1.12737091E+00  9.99937131E-01  1.12737091E+00
   133  2.66000000E+01  1.12743930E+00  9.99934768E-01  1.12743930E+00
   134  2.68000000E+01  1.12751290E+00  9.99932350E-01  1.12751290E+00
   135  2.70000000E+01  1.12761378E+00  9.99929876E-01  1.12761378E+00
   136  2.72000000E+01  1.12768577E+00  9.99927349E-01  1.12768577E+00
   137  2.74000000E+01  1.12773426E+00  9.99924769E-01  1.12773426E+00
   138  2.76000000E+01  1.12779891E+00  9.99922138E-01  1.12779891E+00
   139  2.78000000E+01  1.12787353E+00  9.99919459E-01  1.12787353E+00
   140  2.80000000E+01  1.12792410E+00  9.99916732E-01  1.12792410E+00
   141  2.82000000E+01  1.12797160E+00  9.99913961E-01  1.12797160E+00
   142  2.84000000E+01  1.12805021E+00  9.99911149E-01  1.12805021E+00
   143  2.86000000E+01  1.12810372E+00  9.99908298E-01  1.12810372E+00
   144  2.88000000E+01  1.12813737E+00  9.99905413E-01  1.12813737E+00
   145  2.90000000E+01  1.12817720E+00  9.99902497E-01  1.12817720E+00
   146  2.92000000E+01  1.12823301E+00  9.99899554E-01  1.12823301E+00
   147  2.94000000E+01  1.12826843E+00  9.99896590E-01  1.12826843E+00
   148  2.96000000E+01  1.12830085E+00  9.99893610E-01  1.12830085E+00
   149  2.98000000E+01  1.12836000E+00  9.99890620E-01  1.12836000E+00
   150  3.00000000E+01  1.12839770E+00  9.99887626E-01  1.12839770E+00
   151  3.02000000E+01  1.12841896E+00  9.99884636E-01  1.12841896E+00
   152  3.04000000E+01  1.12844380E+00  9.99881657E-01  1.12844380E+00
   153  3.06000000E+01  1.12848347E+00  9.99878697E-01  1.12848347E+00
   154  3.08000000E+01  1.12850621E+00  9.99875767E-01  1.12850621E+00
   155  3.10000000E+01  1.12853132E+00  9.99872876E-01  1.12853132E+00
   156  3.12000000E+01  1.12857366E+00  9.99870034E-01  1.12857366E+00
   157  3.14000000E+01  1.12859804E+00  9.99867255E-01  1.12859804E+00
   158  3.16000000E+01  1.12860918E+00  9.99864549E-01  1.12860918E+00
   159  3.18000000E+01  1.12862589E+00  9.99861932E-01  1.12862589E+00
   160  3.20000000E+01  1.12865192E+00  9.99859417E-01  1.12865192E+00
   161  3.22000000E+01  1.12866427E+00  9.99857021E-01  1.12866427E+00
   162  3.24000000E+01  1.12868731E+00  9.99854760E-01  1.12868731E+00
   163  3.26000000E+01  1.12871535E+00  9.99852652E-01  1.12871535E+00
   164  3.28000000E+01  1.12872871E+00  9.99850718E-01  1.12872871E+00
   165  3.30000000E+01  1.12873182E+00  9.99848977E-01  1.12873182E+00
   166  3.32000000E+01  1.12874499E+00  9.99847452E-01  1.12874499E+00
   167  3.34000000E+01  1.12875973E+00  9.99846166E-01  1.12875973E+00
   168  3.36000000E+01  1.12876379E+00  9.99845146E-01  1.12876379E+00
   169  3.38000000E+01  1.12878790E+00  9.99844418E-01  1.12878790E+00
   170  3.40000000E+01  1.12880399E+00  9.99844011E-01  1.12880399E+00
   171  3.42000000E+01  1.12880848E+00  9.99843955E-01  1.12880848E+00
   172  3.44000000E+01  1.12880542E+00  9.99844283E-01  1.12880542E+00
   173  3.46000000E+01  1.12881790E+00  9.99845031E-01  1.12881790E+00
   174  3.48000000E+01  1.12882348E+00  9.99846234E-01  1.12882348E+00
   175  3.50000000E+01  1.12882863E+00  9.99847932E-01  1.12882863E+00
   176  3.52000000E+01  1.12884796E+00  9.99850167E-01  1.12884796E+00
   177  3.54000000E+01  1.12885428E+00  9.99852983E-01  1.12885428E+00
   178  3.56000000E+01  1.12885183E+00  9.99856426E-01  1.12885183E+00
   179  3.58000000E+01  1.12884999E+00  9.99860546E-01  1.12884999E+00
   180  3.60000000E+01  1.12885755E+00  9.99865395E-01  1.12885755E+00
   181  3.62000000E+01  1.12885595E+00  9.99871030E-01  1.12885595E+00
   182  3.64000000E+01  1.12887032E+00  9.99877507E-01  1.12887032E+00
   183  3.66000000E+01  1.12888096E+00  9.99884889E-01  1.12888096E+00
   184  3.68000000E+01  1.12889257E+00  9.99893242E-01  1.12889257E+00
   185  3.70000000E+01  1.12890640E+00  9.99902634E-01  1.12890640E+00
   186  3.72000000E+01  1.12891835E+00  9.99913138E-01  1.12891835E+00
   187  3.74000000E+01  1.12892847E+00  9.99924832E-01  1.12892847E+00
   188  3.76000000E+01  1.12893690E+00  9.99937794E-01  1.12893690E+00
   189  3.78000000E+01  1.12894457E+00  9.99952112E-01  1.12894457E+00
   190  3.80000000E+01  1.12895538E+00  9.99967874E-01  1.12895538E+00
   191  3.82000000E+01  1.12896445E+00  9.99985174E-01  1.12896445E+00
   192  3.84000000E+01  1.12897197E+00  1.00000411E+00  1.12897197E+00
   193  3.86000000E+01  1.12897818E+00  1.00002479E+00  1.12897818E+00
   194  3.88000000E+01  1.12898515E+00  1.00004733E+00  1.12898515E+00
   195  3.90000000E+01  1.12899269E+00  1.00007183E+00  1.12899269E+00
   196  3.92000000E+01  1.12899889E+00  1.00009841E+00  1.12899889E+00
   197  3.94000000E+01  1.12900402E+00  1.00012722E+00  1.12900402E+00
   198  3.96000000E+01  1.12900833E+00  1.00015837E+00  1.12900833E+00
   199  3.98000000E+01  1.12901326E+00  1.00019200E+00  1.12901326E+00
   200  4.00000000E+01  1.12901875E+00  1.00022828E+00  1.12901875E+00
   201  4.02000000E+01  1.12902329E+00  1.00026734E+00  1.12902329E+00
   202  4.04000000E+01  1.12902714E+00  1.00030935E+00  1.12902714E+00
   203  4.06000000E+01  1.12903050E+00  1.00035447E+00  1.12903050E+00
   204  4.08000000E+01  1.12903354E+00  1.00040289E+00  1.12903354E+00
   205  4.10000000E+01  1.12903638E+00  1.00045478E+00  1.12903638E+00
   206  4.12000000E+01  1.12903960E+00  1.00051035E+00  1.12903960E+00
   207  4.14000000E+01  1.12904264E+00  1.00056979E+00  1.12904264E+00
   208  4.16000000E+01  1.12904549E+00  1.00063330E+00  1.12904549E+00
   209  4.18000000E+01  1.12904823E+00  1.00070112E+00  1.12904823E+00
   210  4.20000000E+01  1.12905089E+00  1.00077347E+00  1.12905089E+00
   211  4.22000000E+01  1.12905348E+00  1.00085059E+00  1.12905348E+00
   212  4.24000000E+01  1.12905598E+00  1.00093272E+00  1.12905598E+00
   213  4.26000000E+01  1.12905837E+00  1.00102014E+00  1.12905837E+00
   214  4.28000000E+01  1.12906060E+00  1.00111310E+00  1.12906060E+00
   215  4.30000000E+01  1.12906266E+00  1.00121189E+00  1.12906266E+00
   216  4.32000000E+01  1.12906452E+00  1.00131680E+00  1.12906452E+00
   217  4.34000000E+01  1.12906617E+00  1.00142815E+00  1.12906617E+00
   218  4.36000000E+01  1.12906775E+00  1.00154624E+00  1.12906775E+00
   219  4.38000000E+01  1.12906963E+00  1.00167140E+00  1.12906963E+00
   220  4.40000000E+01  1.12907132E+00  1.00180398E+00  1.12907132E+00
   221  4.42000000E+01  1.12907280E+00  1.00194433E+00  1.12907280E+00
   222  4.44000000E+01  1.12907410E+00  1.00209283E+00  1.12907410E+00
   223  4.46000000E+01  1.12907521E+00  1.00224985E+00  1.12907521E+00
   224  4.48000000E+01  1.12907614E+00  1.00241578E+00  1.12907614E+00
   225  4.50000000E+01  1.12907693E+00  1.00259105E+00  1.12907693E+00
   226  4.52000000E+01  1.12907758E+00  1.00277608E+00  1.12907758E+00
   227  4.54000000E+01  1.12907812E+00  1.00297129E+00  1.12907812E+00
   228  4.56000000E+01  1.12907892E+00  1.00317716E+00  1.12907892E+00
   229  4.58000000E+01  1.12907958E+00  1.00339414E+00  1.12907958E+00
   230  4.60000000E+01  1.12908013E+00  1.00362273E+00  1.12908013E+00
   231  4.62000000E+01  1.12908059E+00  1.00386342E+00  1.12908059E+00
   232  4.64000000E+01  1.12908097E+00  1.00411672E+00  1.12908097E+00
   233  4.66000000E+01  1.12908129E+00  1.00438318E+00  1.12908129E+00
   234  4.68000000E+01  1.12908155E+00  1.00466333E+00  1.12908155E+00
   235  4.70000000E+01  1.12908177E+00  1.00495774E+00  1.12908177E+00
   236  4.72000000E+01  1.12908195E+00  1.00526698E+00  1.12908195E+00
   237  4.74000000E+01  1.12908209E+00  1.00559166E+00  1.12908209E+00
   238  4.76000000E+01  1.12908220E+00  1.00593237E+00  1.12908220E+00
   239  4.78000000E+01  1.12908228E+00  1.00628973E+00  1.12908228E+00
   240  4.80000000E+01  1.12908233E+00  1.00666440E+00  1.12908233E+00
   241  4.82000000E+01  1.12908235E+00  1.00705701E+00  1.12908235E+00
   242  4.84000000E+01  1.12908235E+00  1.00746824E+00  1.12908235E+00
   243  4.86000000E+01  1.12908232E+00  1.00789875E+00  1.12908232E+00
   244  4.88000000E+01  1.12908228E+00  1.00834925E+00  1.12908228E+00
   245  4.90000000E+01  1.12908222E+00  1.00882043E+00  1.12908222E+00
   246  4.92000000E+01  1.12908214E+00  1.00931302E+00  1.12908214E+00
   247  4.94000000E+01  1.12908205E+00  1.00982772E+00  1.12908205E+00
   248  4.96000000E+01  1.12908195E+00  1.01036527E+00  1.12908195E+00
   249  4.98000000E+01  1.12908185E+00  1.01092642E+00  1.12908185E+00
   250  5.00000000E+01  1.12908174E+00  1.01151190E+00  1.12908174E+00
   251  5.02000000E+01  1.12908162E+00  1.01212248E+00  1.12908162E+00
   252  5.04000000E+01  1.12908151E+00  1.01275890E+00  1.12908151E+00
   253  5.06000000E+01  1.12908139E+00  1.01342192E+00  1.12908139E+00
   254  5.08000000E+01  1.12908127E+00  1.01411229E+00  1.12908127E+00
   255  5.10000000E+01  1.12908115E+00  1.01483077E+00  1.12908115E+00
   256  5.12000000E+01  1.12908103E+00  1.01557810E+00  1.12908103E+00
   257  5.14000000E+01  1.12908091E+00  1.01635503E+00  1.12908091E+00
   258  5.16000000E+01  1.12908079E+00  1.01716227E+00  1.12908079E+00
   259  5.18000000E+01  1.12908068E+00  1.01800056E+00  1.12908068E+00
   260  5.20000000E+01  1.12908056E+00  1.01887057E+00  1.12908056E+00
   261  5.22000000E+01  1.12908045E+00  1.01977301E+00  1.12908045E+00
   262  5.24000000E+01  1.12908034E+00  1.02070851E+00  1.12908034E+00
   263  5.26000000E+01  1.12908024E+00  1.02167772E+00  1.12908024E+00
   264  5.28000000E+01  1.12908014E+00  1.02268122E+00  1.12908014E+00
   265  5.30000000E+01  1.12908004E+00  1.02371959E+00  1.12908004E+00
   266  5.32000000E+01  1.12907994E+00  1.02479335E+00  1.12907994E+00
   267  5.34000000E+01  1.12907985E+00  1.02590298E+00  1.12907985E+00
   268  5.36000000E+01  1.12907976E+00  1.02704892E+00  1.12907976E+00
   269  5.38000000E+01  1.12907968E+00  1.02823154E+00  1.12907968E+00
   270  5.40000000E+01  1.12907960E+00  1.02945118E+00  1.12907960E+00
   271  5.42000000E+01  1.12907952E+00  1.03070810E+00  1.12907952E+00
   272  5.44000000E+01  1.12907944E+00  1.03200250E+00  1.12907944E+00
   273  5.46000000E+01  1.12907937E+00  1.03333450E+00  1.12907937E+00
   274  5.48000000E+01  1.12907931E+00  1.03470415E+00  1.12907931E+00
   275  5.50000000E+01  1.12907924E+00  1.03611142E+00  1.12907924E+00
   276  5.52000000E+01  1.12907918E+00  1.03755620E+00  1.12907918E+00
   277  5.54000000E+01  1.12907912E+00  1.03903828E+00  1.12907912E+00
   278  5.56000000E+01  1.12907907E+00  1.04055734E+00  1.12907907E+00
   279  5.58000000E+01  1.12907902E+00  1.04211299E+00  1.12907902E+00
   280  5.60000000E+01  1.12907897E+00  1.04370471E+00  1.12907897E+00
   281  5.62000000E+01  1.12907892E+00  1.04533187E+00  1.12907892E+00
   282  5.64000000E+01  1.12907888E+00  1.04699375E+00  1.12907888E+00
   283  5.66000000E+01  1.12907883E+00  1.04868948E+00  1.12907883E+00
   284  5.68000000E+01  1.12907879E+00  1.05041810E+00  1.12907879E+00
   285  5.70000000E+01  1.12907876E+00  1.05217851E+00  1.12907876E+00
   286  5.72000000E+01  1.12907872E+00  1.05396947E+00  1.12907872E+00
   287  5.74000000E+01  1.12907869E+00  1.05578963E+00  1.12907869E+00
   288  5.76000000E+01  1.12907866E+00  1.05763750E+00  1.12907866E+00
   289  5.78000000E+01  1.12907863E+00  1.05951148E+00  1.12907863E+00
   290  5.80000000E+01  1.12907860E+00  1.06140979E+00  1.12907860E+00
   291  5.82000000E+01  1.12907858E+00  1.06333057E+00  1.12907858E+00
   292  5.84000000E+01  1.12907855E+00  1.06527180E+00  1.12907855E+00
   293  5.86000000E+01  1.12907853E+00  1.06723134E+00  1.12907853E+00
   294  5.88000000E+01  1.12907851E+00  1.06920691E+00  1.12907851E+00
   295  5.90000000E+01  1.12907849E+00  1.07119611E+00  1.12907849E+00
   296  5.92000000E+01  1.12907847E+00  1.07319644E+00  1.12907847E+00
   297  5.94000000E+01  1.12907846E+00  1.07520526E+00  1.12907846E+00
   298  5.96000000E+01  1.12907844E+00  1.07721982E+00  1.12907844E+00
   299  5.98000000E+01  1.12907843E+00  1.07923727E+00  1.12907843E+00
   300  6.00000000E+01  1.12907841E+00  1.08125466E+00  1.12907841E+00
   301  6.02000000E+01  1.12907840E+00  1.08326896E+00  1.12907840E+00
   302  6.04000000E+01  1.12907839E+00  1.08527704E+00  1.12907839E+00
   303  6.06000000E+01  1.12907838E+00  1.08727569E+00  1.12907838E+00
   304  6.08000000E+01  1.12907836E+00  1.08926166E+00  1.12907836E+00
   305  6.10000000E+01  1.12907836E+00  1.09123162E+00  1.12907836E+00
   306  6.12000000E+01  1.12907835E+00  1.09318220E+00  1.12907835E+00
   307  6.14000000E+01  1.12907834E+00  1.09511000E+00  1.12907834E+00
   308  6.16000000E+01  1.12907833E+00  1.09701160E+00  1.12907833E+00
   309  6.18000000E+01  1.12907832E+00  1.09888356E+00  1.12907832E+00
   310  6.20000000E+01  1.12907832E+00  1.10072246E+00  1.12907832E+00
   311  6.22000000E+01  1.12907831E+00  1.10252489E+00  1.12907831E+00
   312  6.24000000E+01  1.12907830E+00  1.10428747E+00  1.12907830E+00
   313  6.26000000E+01  1.12907830E+00  1.10600687E+00  1.12907830E+00
   314  6.28000000E+01  1.12907829E+00  1.10767983E+00  1.12907829E+00
   315  6.30000000E+01  1.12907829E+00  1.10930318E+00  1.12907829E+00
   316  6.32000000E+01  1.12907828E+00  1.11087384E+00  1.12907828E+00
   317  6.34000000E+01  1.12907828E+00  1.11238887E+00  1.12907828E+00
   318  6.36000000E+01  1.12907828E+00  1.11384546E+00  1.12907828E+00
   319  6.38000000E+01  1.12907827E+00  1.11524097E+00  1.12907827E+00
   320  6.40000000E+01  1.12907827E+00  1.11657294E+00  1.12907827E+00
   321  6.42000000E+01  1.12907827E+00  1.11783914E+00  1.12907827E+00
   322  6.44000000E+01  1.12907827E+00  1.11903758E+00  1.12907827E+00
   323  6.46000000E+01  1.12907826E+00  1.12016654E+00  1.12907826E+00
   324  6.48000000E+01  1.12907826E+00  1.12122460E+00  1.12907826E+00
   325  6.50000000E+01  1.12907826E+00  1.12221066E+00  1.12907826E+00
   326  6.52000000E+01  1.12907826E+00  1.12312403E+00  1.12907826E+00
   327  6.54000000E+01  1.12907825E+00  1.12396436E+00  1.12907825E+00
   328  6.56000000E+01  1.12907825E+00  1.12473177E+00  1.12907825E+00
   329  6.58000000E+01  1.12907825E+00  1.12542681E+00  1.12907825E+00
   330  6.60000000E+01  1.12907825E+00  1.12605052E+00  1.12907825E+00
   331  6.62000000E+01  1.12907825E+00  1.12660443E+00  1.12907825E+00
   332  6.64000000E+01  1.12907825E+00  1.12709058E+00  1.12907825E+00
   333  6.66000000E+01  1.12907825E+00  1.12751152E+00  1.12907825E+00
   334  6.68000000E+01  1.12907825E+00  1.12787029E+00  1.12907825E+00
   335  6.70000000E+01  1.12907824E+00  1.12817040E+00  1.12907824E+00
   336  6.72000000E+01  1.12907824E+00  1.12841580E+00  1.12907824E+00
   337  6.74000000E+01  1.12907824E+00  1.12861084E+00  1.12907824E+00
   338  6.76000000E+01  1.12907824E+00  1.12876019E+00  1.12907824E+00
   339  6.78000000E+01  1.12907824E+00  1.12886877E+00  1.12907824E+00
   340  6.80000000E+01  1.12907824E+00  1.12894168E+00  1.12907824E+00
   341  6.82000000E+01  1.12907824E+00  1.12898411E+00  1.12907824E+00
   342  6.84000000E+01  1.12907824E+00  1.12900121E+00  1.12907824E+00
 steady-height stop at step    342: truncated to 3 decimals, truncated max/end/ratio =       1129      1129      1129, max/end/ratio =   1.12907824E+00  1.12900121E+00  1.12907824E+00
