 comppar: model =   3
 comppar: lambda,mobility/eps,betav,eta_0 =  1.1000E+01  1.0000E-02  5.0000E-01  1.0000E+00
 comppar: eta_s,eta_p,G =  5.0000E-01  5.0000E-01  4.5455E-02
 comppar: U_avg,deltat,flowrate,nsteps =  1.0000E-01  4.0000E-01  3.1416E-01    1000
 comppar: geometry = axisymmetric
 comppar: steady stop change,gap,hold,min =  1.0000E-05  2.0000E-04      10      80
 comppar: steady stop rounded decimals =       4
 comppar: ncompc,ncompg =     4     5
 mesh nnodes = 22999
 mesh nelem = 11296
 P1 BC   5.0000000000000000     
 P2 BC   0.0000000000000000     
     1  4.00000000E-01  1.00503817E+00  1.00000000E+00  1.00503817E+00
     2  8.00000000E-01  1.00991419E+00  1.00000000E+00  1.00991419E+00
     3  1.20000000E+00  1.01462988E+00  1.00000000E+00  1.01462988E+00
     4  1.60000000E+00  1.01920437E+00  1.00000000E+00  1.01920437E+00
     5  2.00000000E+00  1.02364840E+00  1.00000000E+00  1.02364840E+00
     6  2.40000000E+00  1.02797906E+00  1.00000000E+00  1.02797906E+00
     7  2.80000000E+00  1.03221460E+00  1.00000000E+00  1.03221460E+00
     8  3.20000000E+00  1.03637072E+00  1.00000000E+00  1.03637072E+00
     9  3.60000000E+00  1.04046152E+00  1.00000000E+00  1.04046152E+00
    10  4.00000000E+00  1.04451681E+00  1.00000000E+00  1.04451681E+00
    11  4.40000000E+00  1.04853381E+00  9.99999998E-01  1.04853381E+00
    12  4.80000000E+00  1.05254516E+00  9.99999993E-01  1.05254516E+00
    13  5.20000000E+00  1.05655733E+00  9.99999987E-01  1.05655733E+00
    14  5.60000000E+00  1.06058142E+00  9.99999977E-01  1.06058142E+00
    15  6.00000000E+00  1.06463036E+00  9.99999966E-01  1.06463036E+00
    16  6.40000000E+00  1.06871721E+00  9.99999951E-01  1.06871721E+00
    17  6.80000000E+00  1.07284978E+00  9.99999933E-01  1.07284978E+00
    18  7.20000000E+00  1.07703510E+00  9.99999911E-01  1.07703510E+00
    19  7.60000000E+00  1.08127534E+00  9.99999884E-01  1.08127534E+00
    20  8.00000000E+00  1.08558861E+00  9.99999853E-01  1.08558861E+00
    21  8.40000000E+00  1.08998403E+00  9.99999817E-01  1.08998403E+00
    22  8.80000000E+00  1.09443798E+00  9.99999776E-01  1.09443798E+00
    23  9.20000000E+00  1.09899247E+00  9.99999729E-01  1.09899247E+00
    24  9.60000000E+00  1.10361847E+00  9.99999675E-01  1.10361847E+00
    25  1.00000000E+01  1.10834442E+00  9.99999614E-01  1.10834442E+00
    26  1.04000000E+01  1.11313498E+00  9.99999546E-01  1.11313498E+00
    27  1.08000000E+01  1.11803853E+00  9.99999471E-01  1.11803853E+00
    28  1.12000000E+01  1.12302982E+00  9.99999387E-01  1.12302982E+00
    29  1.16000000E+01  1.12810211E+00  9.99999294E-01  1.12810211E+00
    30  1.20000000E+01  1.13325929E+00  9.99999192E-01  1.13325929E+00
    31  1.24000000E+01  1.13850254E+00  9.99999080E-01  1.13850254E+00
    32  1.28000000E+01  1.14384249E+00  9.99998958E-01  1.14384249E+00
    33  1.32000000E+01  1.14926527E+00  9.99998825E-01  1.14926527E+00
    34  1.36000000E+01  1.15476017E+00  9.99998680E-01  1.15476017E+00
    35  1.40000000E+01  1.16031927E+00  9.99998523E-01  1.16031927E+00
    36  1.44000000E+01  1.16593245E+00  9.99998354E-01  1.16593245E+00
    37  1.48000000E+01  1.17158786E+00  9.99998171E-01  1.17158786E+00
    38  1.52000000E+01  1.17727244E+00  9.99997974E-01  1.17727244E+00
    39  1.56000000E+01  1.18299069E+00  9.99997762E-01  1.18299069E+00
    40  1.60000000E+01  1.18873966E+00  9.99997535E-01  1.18873966E+00
    41  1.64000000E+01  1.19448573E+00  9.99997292E-01  1.19448573E+00
    42  1.68000000E+01  1.20021595E+00  9.99997031E-01  1.20021595E+00
    43  1.72000000E+01  1.20595024E+00  9.99996753E-01  1.20595024E+00
    44  1.76000000E+01  1.21168495E+00  9.99996456E-01  1.21168495E+00
    45  1.80000000E+01  1.21737791E+00  9.99996140E-01  1.21737791E+00
    46  1.84000000E+01  1.22305295E+00  9.99995803E-01  1.22305295E+00
    47  1.88000000E+01  1.22872592E+00  9.99995445E-01  1.22872592E+00
    48  1.92000000E+01  1.23433713E+00  9.99995064E-01  1.23433713E+00
    49  1.96000000E+01  1.23994616E+00  9.99994660E-01  1.23994616E+00
    50  2.00000000E+01  1.24551773E+00  9.99994232E-01  1.24551773E+00
    51  2.04000000E+01  1.25101123E+00  9.99993779E-01  1.25101123E+00
    52  2.08000000E+01  1.25646462E+00  9.99993298E-01  1.25646462E+00
    53  2.12000000E+01  1.26190857E+00  9.99992791E-01  1.26190857E+00
    54  2.16000000E+01  1.26726162E+00  9.99992254E-01  1.26726162E+00
    55  2.20000000E+01  1.27252271E+00  9.99991687E-01  1.27252271E+00
    56  2.24000000E+01  1.27781581E+00  9.99991089E-01  1.27781581E+00
    57  2.28000000E+01  1.28300757E+00  9.99990458E-01  1.28300757E+00
    58  2.32000000E+01  1.28814625E+00  9.99989793E-01  1.28814625E+00
    59  2.36000000E+01  1.29327944E+00  9.99989093E-01  1.29327944E+00
    60  2.40000000E+01  1.29830341E+00  9.99988356E-01  1.29830341E+00
    61  2.44000000E+01  1.30334841E+00  9.99987580E-01  1.30334841E+00
    62  2.48000000E+01  1.30830999E+00  9.99986764E-01  1.30830999E+00
    63  2.52000000E+01  1.31315668E+00  9.99985907E-01  1.31315668E+00
    64  2.56000000E+01  1.31803736E+00  9.99985007E-01  1.31803736E+00
    65  2.60000000E+01  1.32282003E+00  9.99984062E-01  1.32282003E+00
    66  2.64000000E+01  1.32748556E+00  9.99983070E-01  1.32748556E+00
    67  2.68000000E+01  1.33219458E+00  9.99982030E-01  1.33219458E+00
    68  2.72000000E+01  1.33679562E+00  9.99980939E-01  1.33679562E+00
    69  2.76000000E+01  1.34131086E+00  9.99979796E-01  1.34131086E+00
    70  2.80000000E+01  1.34584831E+00  9.99978599E-01  1.34584831E+00
    71  2.84000000E+01  1.35027143E+00  9.99977346E-01  1.35027143E+00
    72  2.88000000E+01  1.35466869E+00  9.99976034E-01  1.35466869E+00
    73  2.92000000E+01  1.35902936E+00  9.99974662E-01  1.35902936E+00
    74  2.96000000E+01  1.36328195E+00  9.99973227E-01  1.36328195E+00
    75  3.00000000E+01  1.36754426E+00  9.99971727E-01  1.36754426E+00
    76  3.04000000E+01  1.37173904E+00  9.99970161E-01  1.37173904E+00
    77  3.08000000E+01  1.37583572E+00  9.99968524E-01  1.37583572E+00
    78  3.12000000E+01  1.37993023E+00  9.99966816E-01  1.37993023E+00
    79  3.16000000E+01  1.38397214E+00  9.99965033E-01  1.38397214E+00
    80  3.20000000E+01  1.38792807E+00  9.99963173E-01  1.38792807E+00
    81  3.24000000E+01  1.39184211E+00  9.99961233E-01  1.39184211E+00
    82  3.28000000E+01  1.39574933E+00  9.99959212E-01  1.39574933E+00
    83  3.32000000E+01  1.39958294E+00  9.99957105E-01  1.39958294E+00
    84  3.36000000E+01  1.40335102E+00  9.99954911E-01  1.40335102E+00
    85  3.40000000E+01  1.40710657E+00  9.99952626E-01  1.40710657E+00
    86  3.44000000E+01  1.41083345E+00  9.99950249E-01  1.41083345E+00
    87  3.48000000E+01  1.41450320E+00  9.99947775E-01  1.41450320E+00
    88  3.52000000E+01  1.41811860E+00  9.99945202E-01  1.41811860E+00
    89  3.56000000E+01  1.42173177E+00  9.99942527E-01  1.42173177E+00
    90  3.60000000E+01  1.42530837E+00  9.99939747E-01  1.42530837E+00
    91  3.64000000E+01  1.42882959E+00  9.99936860E-01  1.42882959E+00
    92  3.68000000E+01  1.43229118E+00  9.99933861E-01  1.43229118E+00
    93  3.72000000E+01  1.43576583E+00  9.99930747E-01  1.43576583E+00
    94  3.76000000E+01  1.43918804E+00  9.99927517E-01  1.43918804E+00
    95  3.80000000E+01  1.44254145E+00  9.99924166E-01  1.44254145E+00
    96  3.84000000E+01  1.44584987E+00  9.99920691E-01  1.44584987E+00
    97  3.88000000E+01  1.44915915E+00  9.99917090E-01  1.44915915E+00
    98  3.92000000E+01  1.45238849E+00  9.99913359E-01  1.45238849E+00
    99  3.96000000E+01  1.45555147E+00  9.99909494E-01  1.45555147E+00
   100  4.00000000E+01  1.45873552E+00  9.99905493E-01  1.45873552E+00
   101  4.04000000E+01  1.46182868E+00  9.99901353E-01  1.46182868E+00
   102  4.08000000E+01  1.46486529E+00  9.99897070E-01  1.46486529E+00
   103  4.12000000E+01  1.46791075E+00  9.99892641E-01  1.46791075E+00
   104  4.16000000E+01  1.47085830E+00  9.99888064E-01  1.47085830E+00
   105  4.20000000E+01  1.47379820E+00  9.99883334E-01  1.47379820E+00
   106  4.24000000E+01  1.47669697E+00  9.99878451E-01  1.47669697E+00
   107  4.28000000E+01  1.47949524E+00  9.99873409E-01  1.47949524E+00
   108  4.32000000E+01  1.48233312E+00  9.99868207E-01  1.48233312E+00
   109  4.36000000E+01  1.48508488E+00  9.99862843E-01  1.48508488E+00
   110  4.40000000E+01  1.48778208E+00  9.99857312E-01  1.48778208E+00
   111  4.44000000E+01  1.49048655E+00  9.99851614E-01  1.49048655E+00
   112  4.48000000E+01  1.49309583E+00  9.99845746E-01  1.49309583E+00
   113  4.52000000E+01  1.49570593E+00  9.99839705E-01  1.49570593E+00
   114  4.56000000E+01  1.49827269E+00  9.99833490E-01  1.49827269E+00
   115  4.60000000E+01  1.50075287E+00  9.99827099E-01  1.50075287E+00
   116  4.64000000E+01  1.50326802E+00  9.99820531E-01  1.50326802E+00
   117  4.68000000E+01  1.50570776E+00  9.99813785E-01  1.50570776E+00
   118  4.72000000E+01  1.50808474E+00  9.99806858E-01  1.50808474E+00
   119  4.76000000E+01  1.51048674E+00  9.99799752E-01  1.51048674E+00
   120  4.80000000E+01  1.51281496E+00  9.99792466E-01  1.51281496E+00
   121  4.84000000E+01  1.51509099E+00  9.99784999E-01  1.51509099E+00
   122  4.88000000E+01  1.51738434E+00  9.99777352E-01  1.51738434E+00
   123  4.92000000E+01  1.51961301E+00  9.99769526E-01  1.51961301E+00
   124  4.96000000E+01  1.52179256E+00  9.99761523E-01  1.52179256E+00
   125  5.00000000E+01  1.52398933E+00  9.99753345E-01  1.52398933E+00
   126  5.04000000E+01  1.52612664E+00  9.99744993E-01  1.52612664E+00
   127  5.08000000E+01  1.52820603E+00  9.99736471E-01  1.52820603E+00
   128  5.12000000E+01  1.53031226E+00  9.99727782E-01  1.53031226E+00
   129  5.16000000E+01  1.53236257E+00  9.99718932E-01  1.53236257E+00
   130  5.20000000E+01  1.53435420E+00  9.99709925E-01  1.53435420E+00
   131  5.24000000E+01  1.53637290E+00  9.99700766E-01  1.53637290E+00
   132  5.28000000E+01  1.53833416E+00  9.99691463E-01  1.53833416E+00
   133  5.32000000E+01  1.54024006E+00  9.99682023E-01  1.54024006E+00
   134  5.36000000E+01  1.54217234E+00  9.99672455E-01  1.54217234E+00
   135  5.40000000E+01  1.54404254E+00  9.99662769E-01  1.54404254E+00
   136  5.44000000E+01  1.54586372E+00  9.99652975E-01  1.54586372E+00
   137  5.48000000E+01  1.54770366E+00  9.99643085E-01  1.54770366E+00
   138  5.52000000E+01  1.54947904E+00  9.99633112E-01  1.54947904E+00
   139  5.56000000E+01  1.55122380E+00  9.99623071E-01  1.55122380E+00
   140  5.60000000E+01  1.55296926E+00  9.99612978E-01  1.55296926E+00
   141  5.64000000E+01  1.55464893E+00  9.99602850E-01  1.55464893E+00
   142  5.68000000E+01  1.55632619E+00  9.99592707E-01  1.55632619E+00
   143  5.72000000E+01  1.55797684E+00  9.99582568E-01  1.55797684E+00
   144  5.76000000E+01  1.55956308E+00  9.99572457E-01  1.55956308E+00
   145  5.80000000E+01  1.56118005E+00  9.99562398E-01  1.56118005E+00
   146  5.84000000E+01  1.56273778E+00  9.99552417E-01  1.56273778E+00
   147  5.88000000E+01  1.56425680E+00  9.99542544E-01  1.56425680E+00
   148  5.92000000E+01  1.56578736E+00  9.99532809E-01  1.56578736E+00
   149  5.96000000E+01  1.56725766E+00  9.99523245E-01  1.56725766E+00
   150  6.00000000E+01  1.56871536E+00  9.99513889E-01  1.56871536E+00
   151  6.04000000E+01  1.57015939E+00  9.99504779E-01  1.57015939E+00
   152  6.08000000E+01  1.57154749E+00  9.99495957E-01  1.57154749E+00
   153  6.12000000E+01  1.57294477E+00  9.99487466E-01  1.57294477E+00
   154  6.16000000E+01  1.57430877E+00  9.99479356E-01  1.57430877E+00
   155  6.20000000E+01  1.57562060E+00  9.99471676E-01  1.57562060E+00
   156  6.24000000E+01  1.57695617E+00  9.99464482E-01  1.57695617E+00
   157  6.28000000E+01  1.57824516E+00  9.99457831E-01  1.57824516E+00
   158  6.32000000E+01  1.57949775E+00  9.99451787E-01  1.57949775E+00
   159  6.36000000E+01  1.58076423E+00  9.99446415E-01  1.58076423E+00
   160  6.40000000E+01  1.58198191E+00  9.99441786E-01  1.58198191E+00
   161  6.44000000E+01  1.58317929E+00  9.99437975E-01  1.58317929E+00
   162  6.48000000E+01  1.58437566E+00  9.99435063E-01  1.58437566E+00
   163  6.52000000E+01  1.58552458E+00  9.99433135E-01  1.58552458E+00
   164  6.56000000E+01  1.58667120E+00  9.99432282E-01  1.58667120E+00
   165  6.60000000E+01  1.58779898E+00  9.99432599E-01  1.58779898E+00
   166  6.64000000E+01  1.58887982E+00  9.99434190E-01  1.58887982E+00
   167  6.68000000E+01  1.58997762E+00  9.99437162E-01  1.58997762E+00
   168  6.72000000E+01  1.59103827E+00  9.99441629E-01  1.59103827E+00
   169  6.76000000E+01  1.59206355E+00  9.99447715E-01  1.59206355E+00
   170  6.80000000E+01  1.59310400E+00  9.99455547E-01  1.59310400E+00
   171  6.84000000E+01  1.59409829E+00  9.99465263E-01  1.59409829E+00
   172  6.88000000E+01  1.59508026E+00  9.99477005E-01  1.59508026E+00
   173  6.92000000E+01  1.59605524E+00  9.99490927E-01  1.59605524E+00
   174  6.96000000E+01  1.59698520E+00  9.99507191E-01  1.59698520E+00
   175  7.00000000E+01  1.59792688E+00  9.99525965E-01  1.59792688E+00
   176  7.04000000E+01  1.59883859E+00  9.99547430E-01  1.59883859E+00
   177  7.08000000E+01  1.59971674E+00  9.99571776E-01  1.59971674E+00
   178  7.12000000E+01  1.60061042E+00  9.99599202E-01  1.60061042E+00
   179  7.16000000E+01  1.60146228E+00  9.99629920E-01  1.60146228E+00
   180  7.20000000E+01  1.60230278E+00  9.99664152E-01  1.60230278E+00
   181  7.24000000E+01  1.60313828E+00  9.99702132E-01  1.60313828E+00
   182  7.28000000E+01  1.60393549E+00  9.99744107E-01  1.60393549E+00
   183  7.32000000E+01  1.60473780E+00  9.99790337E-01  1.60473780E+00
   184  7.36000000E+01  1.60551984E+00  9.99841095E-01  1.60551984E+00
   185  7.40000000E+01  1.60626770E+00  9.99896668E-01  1.60626770E+00
   186  7.44000000E+01  1.60703305E+00  9.99957358E-01  1.60703305E+00
   187  7.48000000E+01  1.60776765E+00  1.00002348E+00  1.60776765E+00
   188  7.52000000E+01  1.60847605E+00  1.00009538E+00  1.60847605E+00
   189  7.56000000E+01  1.60919765E+00  1.00017340E+00  1.60919765E+00
   190  7.60000000E+01  1.60989016E+00  1.00025790E+00  1.60989016E+00
   191  7.64000000E+01  1.61056394E+00  1.00034928E+00  1.61056394E+00
   192  7.68000000E+01  1.61124496E+00  1.00044794E+00  1.61124496E+00
   193  7.72000000E+01  1.61190016E+00  1.00055430E+00  1.61190016E+00
   194  7.76000000E+01  1.61253580E+00  1.00066881E+00  1.61253580E+00
   195  7.80000000E+01  1.61318071E+00  1.00079195E+00  1.61318071E+00
   196  7.84000000E+01  1.61380224E+00  1.00092419E+00  1.61380224E+00
   197  7.88000000E+01  1.61440159E+00  1.00106605E+00  1.61440159E+00
   198  7.92000000E+01  1.61501334E+00  1.00121807E+00  1.61501334E+00
   199  7.96000000E+01  1.61560297E+00  1.00138081E+00  1.61560297E+00
   200  8.00000000E+01  1.61617079E+00  1.00155486E+00  1.61617079E+00
   201  8.04000000E+01  1.61674594E+00  1.00174083E+00  1.61674594E+00
   202  8.08000000E+01  1.61730476E+00  1.00193936E+00  1.61730476E+00
   203  8.12000000E+01  1.61784154E+00  1.00215113E+00  1.61784154E+00
   204  8.16000000E+01  1.61838346E+00  1.00237684E+00  1.61838346E+00
   205  8.20000000E+01  1.61891092E+00  1.00261722E+00  1.61891092E+00
   206  8.24000000E+01  1.61941575E+00  1.00287303E+00  1.61941575E+00
   207  8.28000000E+01  1.61992755E+00  1.00314508E+00  1.61992755E+00
   208  8.32000000E+01  1.62042319E+00  1.00343420E+00  1.62042319E+00
   209  8.36000000E+01  1.62089551E+00  1.00374124E+00  1.62089551E+00
   210  8.40000000E+01  1.62137906E+00  1.00406712E+00  1.62137906E+00
   211  8.44000000E+01  1.62184206E+00  1.00441278E+00  1.62184206E+00
   212  8.48000000E+01  1.62228659E+00  1.00477920E+00  1.62228659E+00
   213  8.52000000E+01  1.62274031E+00  1.00516739E+00  1.62274031E+00
   214  8.56000000E+01  1.62317045E+00  1.00557841E+00  1.62317045E+00
   215  8.60000000E+01  1.62359115E+00  1.00601338E+00  1.62359115E+00
   216  8.64000000E+01  1.62401221E+00  1.00647342E+00  1.62401221E+00
   217  8.68000000E+01  1.62441010E+00  1.00695974E+00  1.62441010E+00
   218  8.72000000E+01  1.62480966E+00  1.00747356E+00  1.62480966E+00
   219  8.76000000E+01  1.62519865E+00  1.00801615E+00  1.62519865E+00
   220  8.80000000E+01  1.62556543E+00  1.00858885E+00  1.62556543E+00
   221  8.84000000E+01  1.62594471E+00  1.00919303E+00  1.62594471E+00
   222  8.88000000E+01  1.62630334E+00  1.00983009E+00  1.62630334E+00
   223  8.92000000E+01  1.62665029E+00  1.01050152E+00  1.62665029E+00
   224  8.96000000E+01  1.62700072E+00  1.01120881E+00  1.62700072E+00
   225  9.00000000E+01  1.62733098E+00  1.01195354E+00  1.62733098E+00
   226  9.04000000E+01  1.62765946E+00  1.01273731E+00  1.62765946E+00
   227  9.08000000E+01  1.62798242E+00  1.01356179E+00  1.62798242E+00
   228  9.12000000E+01  1.62828716E+00  1.01442867E+00  1.62828716E+00
   229  9.16000000E+01  1.62859633E+00  1.01533972E+00  1.62859633E+00
   230  9.20000000E+01  1.62889436E+00  1.01629673E+00  1.62889436E+00
   231  9.24000000E+01  1.62917626E+00  1.01730155E+00  1.62917626E+00
   232  9.28000000E+01  1.62946718E+00  1.01835608E+00  1.62946718E+00
   233  9.32000000E+01  1.62974317E+00  1.01946223E+00  1.62974317E+00
   234  9.36000000E+01  1.63000601E+00  1.02062199E+00  1.63000601E+00
   235  9.40000000E+01  1.63027627E+00  1.02183737E+00  1.63027627E+00
   236  9.44000000E+01  1.63053274E+00  1.02311041E+00  1.63053274E+00
   237  9.48000000E+01  1.63077855E+00  1.02444320E+00  1.63077855E+00
   238  9.52000000E+01  1.63102989E+00  1.02583783E+00  1.63102989E+00
   239  9.56000000E+01  1.63126893E+00  1.02729644E+00  1.63126893E+00
   240  9.60000000E+01  1.63149659E+00  1.02882118E+00  1.63149659E+00
   241  9.64000000E+01  1.63173107E+00  1.03041422E+00  1.63173107E+00
   242  9.68000000E+01  1.63195440E+00  1.03207773E+00  1.63195440E+00
   243  9.72000000E+01  1.63216714E+00  1.03381389E+00  1.63216714E+00
   244  9.76000000E+01  1.63238455E+00  1.03562488E+00  1.63238455E+00
   245  9.80000000E+01  1.63259318E+00  1.03751285E+00  1.63259318E+00
   246  9.84000000E+01  1.63279176E+00  1.03947997E+00  1.63279176E+00
   247  9.88000000E+01  1.63299224E+00  1.04152834E+00  1.63299224E+00
   248  9.92000000E+01  1.63318706E+00  1.04366005E+00  1.63318706E+00
   249  9.96000000E+01  1.63337219E+00  1.04587713E+00  1.63337219E+00
   250  1.00000000E+02  1.63355726E+00  1.04818159E+00  1.63355726E+00
   251  1.00400000E+02  1.63373872E+00  1.05057532E+00  1.63373872E+00
   252  1.00800000E+02  1.63391083E+00  1.05306018E+00  1.63391083E+00
   253  1.01200000E+02  1.63408138E+00  1.05563793E+00  1.63408138E+00
   254  1.01600000E+02  1.63425003E+00  1.05831023E+00  1.63425003E+00
   255  1.02000000E+02  1.63440969E+00  1.06107863E+00  1.63440969E+00
   256  1.02400000E+02  1.63456628E+00  1.06394457E+00  1.63456628E+00
   257  1.02800000E+02  1.63472266E+00  1.06690934E+00  1.63472266E+00
   258  1.03200000E+02  1.63487050E+00  1.06997411E+00  1.63487050E+00
   259  1.03600000E+02  1.63501397E+00  1.07313989E+00  1.63501397E+00
   260  1.04000000E+02  1.63515871E+00  1.07640752E+00  1.63515871E+00
   261  1.04400000E+02  1.63529544E+00  1.07977766E+00  1.63529544E+00
   262  1.04800000E+02  1.63542667E+00  1.08325081E+00  1.63542667E+00
   263  1.05200000E+02  1.63556056E+00  1.08682725E+00  1.63556056E+00
   264  1.05600000E+02  1.63568702E+00  1.09050709E+00  1.63568702E+00
   265  1.06000000E+02  1.63580652E+00  1.09429021E+00  1.63580652E+00
   266  1.06400000E+02  1.63593021E+00  1.09817629E+00  1.63593021E+00
   267  1.06800000E+02  1.63604718E+00  1.10216480E+00  1.63604718E+00
   268  1.07200000E+02  1.63615772E+00  1.10625496E+00  1.63615772E+00
   269  1.07600000E+02  1.63626989E+00  1.11044582E+00  1.63626989E+00
   270  1.08000000E+02  1.63637810E+00  1.11473616E+00  1.63637810E+00
   271  1.08400000E+02  1.63648034E+00  1.11912457E+00  1.63648034E+00
   272  1.08800000E+02  1.63658133E+00  1.12360942E+00  1.63658133E+00
   273  1.09200000E+02  1.63668140E+00  1.12818888E+00  1.63668140E+00
   274  1.09600000E+02  1.63677586E+00  1.13286089E+00  1.63677586E+00
   275  1.10000000E+02  1.63686654E+00  1.13762323E+00  1.63686654E+00
   276  1.10400000E+02  1.63695892E+00  1.14247347E+00  1.63695892E+00
   277  1.10800000E+02  1.63704597E+00  1.14740903E+00  1.63704597E+00
   278  1.11200000E+02  1.63712781E+00  1.15242715E+00  1.63712781E+00
   279  1.11600000E+02  1.63721198E+00  1.15752494E+00  1.63721198E+00
   280  1.12000000E+02  1.63729194E+00  1.16269938E+00  1.63729194E+00
   281  1.12400000E+02  1.63736686E+00  1.16794736E+00  1.63736686E+00
   282  1.12800000E+02  1.63744199E+00  1.17326563E+00  1.63744199E+00
   283  1.13200000E+02  1.63751507E+00  1.17865091E+00  1.63751507E+00
   284  1.13600000E+02  1.63758328E+00  1.18409985E+00  1.63758328E+00
   285  1.14000000E+02  1.63765005E+00  1.18960905E+00  1.63765005E+00
   286  1.14400000E+02  1.63771651E+00  1.19517512E+00  1.63771651E+00
   287  1.14800000E+02  1.63777827E+00  1.20079466E+00  1.63777827E+00
   288  1.15200000E+02  1.63783715E+00  1.20646427E+00  1.63783715E+00
   289  1.15600000E+02  1.63789724E+00  1.21218062E+00  1.63789724E+00
   290  1.16000000E+02  1.63795282E+00  1.21794041E+00  1.63795282E+00
   291  1.16400000E+02  1.63800449E+00  1.22374041E+00  1.63800449E+00
   292  1.16800000E+02  1.63805849E+00  1.22957749E+00  1.63805849E+00
   293  1.17200000E+02  1.63810820E+00  1.23544860E+00  1.63810820E+00
   294  1.17600000E+02  1.63815383E+00  1.24135077E+00  1.63815383E+00
   295  1.18000000E+02  1.63820143E+00  1.24728118E+00  1.63820143E+00
   296  1.18400000E+02  1.63824563E+00  1.25323707E+00  1.63824563E+00
   297  1.18800000E+02  1.63828601E+00  1.25921584E+00  1.63828601E+00
   298  1.19200000E+02  1.63832713E+00  1.26521498E+00  1.63832713E+00
   299  1.19600000E+02  1.63836617E+00  1.27123208E+00  1.63836617E+00
   300  1.20000000E+02  1.63840166E+00  1.27726483E+00  1.63840166E+00
   301  1.20400000E+02  1.63843671E+00  1.28331104E+00  1.63843671E+00
   302  1.20800000E+02  1.63847096E+00  1.28936855E+00  1.63847096E+00
   303  1.21200000E+02  1.63850192E+00  1.29543529E+00  1.63850192E+00
   304  1.21600000E+02  1.63853127E+00  1.30150924E+00  1.63853127E+00
   305  1.22000000E+02  1.63856109E+00  1.30758838E+00  1.63856109E+00
   306  1.22400000E+02  1.63858787E+00  1.31367073E+00  1.63858787E+00
   307  1.22800000E+02  1.63861194E+00  1.31975428E+00  1.63861194E+00
   308  1.23200000E+02  1.63863767E+00  1.32583697E+00  1.63863767E+00
   309  1.23600000E+02  1.63866060E+00  1.33191671E+00  1.63866060E+00
   310  1.24000000E+02  1.63868091E+00  1.33799133E+00  1.63868091E+00
   311  1.24400000E+02  1.63870169E+00  1.34405856E+00  1.63870169E+00
   312  1.24800000E+02  1.63872109E+00  1.35011604E+00  1.63872109E+00
   313  1.25200000E+02  1.63873807E+00  1.35616126E+00  1.63873807E+00
   314  1.25600000E+02  1.63875418E+00  1.36219160E+00  1.63875418E+00
   315  1.26000000E+02  1.63877032E+00  1.36820431E+00  1.63877032E+00
   316  1.26400000E+02  1.63878425E+00  1.37419648E+00  1.63878425E+00
   317  1.26800000E+02  1.63879608E+00  1.38016506E+00  1.63879608E+00
   318  1.27200000E+02  1.63880903E+00  1.38610687E+00  1.63880903E+00
   319  1.27600000E+02  1.63882014E+00  1.39201859E+00  1.63882014E+00
   320  1.28000000E+02  1.63882933E+00  1.39789676E+00  1.63882933E+00
   321  1.28400000E+02  1.63883811E+00  1.40373784E+00  1.63883811E+00
   322  1.28800000E+02  1.63884663E+00  1.40953816E+00  1.63884663E+00
   323  1.29200000E+02  1.63885336E+00  1.41529397E+00  1.63885336E+00
   324  1.29600000E+02  1.63885842E+00  1.42100146E+00  1.63885842E+00
   325  1.30000000E+02  1.63886439E+00  1.42665676E+00  1.63886439E+00
   326  1.30400000E+02  1.63886887E+00  1.43225597E+00  1.63886887E+00
   327  1.30800000E+02  1.63887181E+00  1.43779517E+00  1.63887181E+00
   328  1.31200000E+02  1.63887409E+00  1.44327043E+00  1.63887409E+00
   329  1.31600000E+02  1.63887650E+00  1.44867786E+00  1.63887650E+00
   330  1.32000000E+02  1.63887748E+00  1.45401360E+00  1.63887748E+00
   331  1.32400000E+02  1.63887712E+00  1.45927384E+00  1.63887712E+00
   332  1.32800000E+02  1.63887686E+00  1.46445489E+00  1.63887686E+00
   333  1.33200000E+02  1.63887605E+00  1.46955313E+00  1.63887605E+00
   334  1.33600000E+02  1.63887403E+00  1.47456511E+00  1.63887403E+00
   335  1.34000000E+02  1.63887089E+00  1.47948754E+00  1.63887089E+00
   336  1.34400000E+02  1.63886817E+00  1.48431736E+00  1.63886817E+00
   337  1.34800000E+02  1.63886466E+00  1.48905176E+00  1.63886466E+00
   338  1.35200000E+02  1.63886016E+00  1.49368826E+00  1.63886016E+00
   339  1.35600000E+02  1.63885475E+00  1.49822471E+00  1.63885475E+00
   340  1.36000000E+02  1.63884959E+00  1.50265943E+00  1.63884959E+00
   341  1.36400000E+02  1.63884388E+00  1.50699117E+00  1.63884388E+00
   342  1.36800000E+02  1.63883739E+00  1.51121924E+00  1.63883739E+00
   343  1.37200000E+02  1.63883020E+00  1.51534351E+00  1.63883020E+00
   344  1.37600000E+02  1.63882264E+00  1.51936448E+00  1.63882264E+00
   345  1.38000000E+02  1.63881521E+00  1.52328326E+00  1.63881521E+00
   346  1.38400000E+02  1.63880719E+00  1.52710161E+00  1.63880719E+00
   347  1.38800000E+02  1.63879864E+00  1.53082186E+00  1.63879864E+00
   348  1.39200000E+02  1.63878962E+00  1.53444693E+00  1.63878962E+00
   349  1.39600000E+02  1.63878020E+00  1.53798015E+00  1.63878020E+00
   350  1.40000000E+02  1.63877081E+00  1.54142523E+00  1.63877081E+00
   351  1.40400000E+02  1.63876125E+00  1.54478603E+00  1.63876125E+00
   352  1.40800000E+02  1.63875135E+00  1.54806649E+00  1.63875135E+00
   353  1.41200000E+02  1.63874117E+00  1.55127034E+00  1.63874117E+00
   354  1.41600000E+02  1.63873073E+00  1.55440098E+00  1.63873073E+00
   355  1.42000000E+02  1.63872008E+00  1.55746128E+00  1.63872008E+00
   356  1.42400000E+02  1.63870928E+00  1.56045343E+00  1.63870928E+00
   357  1.42800000E+02  1.63869834E+00  1.56337877E+00  1.63869834E+00
   358  1.43200000E+02  1.63868732E+00  1.56623778E+00  1.63868732E+00
   359  1.43600000E+02  1.63867626E+00  1.56903003E+00  1.63867626E+00
   360  1.44000000E+02  1.63866518E+00  1.57175422E+00  1.63866518E+00
   361  1.44400000E+02  1.63865413E+00  1.57440832E+00  1.63865413E+00
   362  1.44800000E+02  1.63864312E+00  1.57698977E+00  1.63864312E+00
   363  1.45200000E+02  1.63863220E+00  1.57949568E+00  1.63863220E+00
   364  1.45600000E+02  1.63862137E+00  1.58192313E+00  1.63862137E+00
   365  1.46000000E+02  1.63861067E+00  1.58426947E+00  1.63861067E+00
   366  1.46400000E+02  1.63860011E+00  1.58653259E+00  1.63860011E+00
   367  1.46800000E+02  1.63858970E+00  1.58871118E+00  1.63858970E+00
   368  1.47200000E+02  1.63857946E+00  1.59080491E+00  1.63857946E+00
   369  1.47600000E+02  1.63856941E+00  1.59281459E+00  1.63856941E+00
   370  1.48000000E+02  1.63855954E+00  1.59474211E+00  1.63855954E+00
   371  1.48400000E+02  1.63855003E+00  1.59659046E+00  1.63855003E+00
   372  1.48800000E+02  1.63854095E+00  1.59836348E+00  1.63854095E+00
   373  1.49200000E+02  1.63853210E+00  1.60006570E+00  1.63853210E+00
   374  1.49600000E+02  1.63852347E+00  1.60170193E+00  1.63852347E+00
   375  1.50000000E+02  1.63851509E+00  1.60327704E+00  1.63851509E+00
   376  1.50400000E+02  1.63850694E+00  1.60479557E+00  1.63850694E+00
   377  1.50800000E+02  1.63849903E+00  1.60626145E+00  1.63849903E+00
   378  1.51200000E+02  1.63849169E+00  1.60767783E+00  1.63849169E+00
   379  1.51600000E+02  1.63848464E+00  1.60904689E+00  1.63848464E+00
   380  1.52000000E+02  1.63847783E+00  1.61036990E+00  1.63847783E+00
   381  1.52400000E+02  1.63847125E+00  1.61164721E+00  1.63847125E+00
   382  1.52800000E+02  1.63846489E+00  1.61287849E+00  1.63846489E+00
   383  1.53200000E+02  1.63845875E+00  1.61406293E+00  1.63845875E+00
   384  1.53600000E+02  1.63845284E+00  1.61519954E+00  1.63845284E+00
   385  1.54000000E+02  1.63844714E+00  1.61628744E+00  1.63844714E+00
   386  1.54400000E+02  1.63844194E+00  1.61732608E+00  1.63844194E+00
   387  1.54800000E+02  1.63843698E+00  1.61831548E+00  1.63843698E+00
   388  1.55200000E+02  1.63843221E+00  1.61925635E+00  1.63843221E+00
   389  1.55600000E+02  1.63842763E+00  1.62015010E+00  1.63842763E+00
   390  1.56000000E+02  1.63842322E+00  1.62099881E+00  1.63842322E+00
   391  1.56400000E+02  1.63841900E+00  1.62180511E+00  1.63841900E+00
   392  1.56800000E+02  1.63841494E+00  1.62257200E+00  1.63841494E+00
   393  1.57200000E+02  1.63841104E+00  1.62330262E+00  1.63841104E+00
   394  1.57600000E+02  1.63840731E+00  1.62400006E+00  1.63840731E+00
   395  1.58000000E+02  1.63840373E+00  1.62466717E+00  1.63840373E+00
   396  1.58400000E+02  1.63840029E+00  1.62530646E+00  1.63840029E+00
   397  1.58800000E+02  1.63839700E+00  1.62591994E+00  1.63839700E+00
   398  1.59200000E+02  1.63839403E+00  1.62650919E+00  1.63839403E+00
   399  1.59600000E+02  1.63839122E+00  1.62707535E+00  1.63839122E+00
   400  1.60000000E+02  1.63838852E+00  1.62761919E+00  1.63838852E+00
   401  1.60400000E+02  1.63838594E+00  1.62814122E+00  1.63838594E+00
   402  1.60800000E+02  1.63838347E+00  1.62864181E+00  1.63838347E+00
   403  1.61200000E+02  1.63838111E+00  1.62912126E+00  1.63838111E+00
   404  1.61600000E+02  1.63837884E+00  1.62957988E+00  1.63837884E+00
   405  1.62000000E+02  1.63837667E+00  1.63001802E+00  1.63837667E+00
   406  1.62400000E+02  1.63837460E+00  1.63043609E+00  1.63837460E+00
   407  1.62800000E+02  1.63837261E+00  1.63083454E+00  1.63837261E+00
   408  1.63200000E+02  1.63837071E+00  1.63121384E+00  1.63837071E+00
   409  1.63600000E+02  1.63836889E+00  1.63157442E+00  1.63836889E+00
   410  1.64000000E+02  1.63836715E+00  1.63191670E+00  1.63836715E+00
   411  1.64400000E+02  1.63836548E+00  1.63224104E+00  1.63836548E+00
   412  1.64800000E+02  1.63836388E+00  1.63254777E+00  1.63836388E+00
   413  1.65200000E+02  1.63836235E+00  1.63283724E+00  1.63836235E+00
   414  1.65600000E+02  1.63836089E+00  1.63310983E+00  1.63836089E+00
   415  1.66000000E+02  1.63835948E+00  1.63336604E+00  1.63835948E+00
   416  1.66400000E+02  1.63835814E+00  1.63360648E+00  1.63835814E+00
   417  1.66800000E+02  1.63835685E+00  1.63383194E+00  1.63835685E+00
   418  1.67200000E+02  1.63835561E+00  1.63404338E+00  1.63835561E+00
   419  1.67600000E+02  1.63835443E+00  1.63424189E+00  1.63835443E+00
   420  1.68000000E+02  1.63835329E+00  1.63442866E+00  1.63835329E+00
   421  1.68400000E+02  1.63835221E+00  1.63460493E+00  1.63835221E+00
   422  1.68800000E+02  1.63835116E+00  1.63477189E+00  1.63835116E+00
   423  1.69200000E+02  1.63835016E+00  1.63493060E+00  1.63835016E+00
   424  1.69600000E+02  1.63834920E+00  1.63508198E+00  1.63834920E+00
   425  1.70000000E+02  1.63834827E+00  1.63522673E+00  1.63834827E+00
   426  1.70400000E+02  1.63834739E+00  1.63536530E+00  1.63834739E+00
   427  1.70800000E+02  1.63834653E+00  1.63549796E+00  1.63834653E+00
   428  1.71200000E+02  1.63834572E+00  1.63562478E+00  1.63834572E+00
   429  1.71600000E+02  1.63834493E+00  1.63574568E+00  1.63834493E+00
   430  1.72000000E+02  1.63834417E+00  1.63586055E+00  1.63834417E+00
   431  1.72400000E+02  1.63834344E+00  1.63596922E+00  1.63834344E+00
   432  1.72800000E+02  1.63834275E+00  1.63607159E+00  1.63834275E+00
   433  1.73200000E+02  1.63834207E+00  1.63616763E+00  1.63834207E+00
   434  1.73600000E+02  1.63834142E+00  1.63625740E+00  1.63834142E+00
   435  1.74000000E+02  1.63834080E+00  1.63634109E+00  1.63834080E+00
   436  1.74400000E+02  1.63834020E+00  1.63641894E+00  1.63834020E+00
   437  1.74800000E+02  1.63833962E+00  1.63649130E+00  1.63833962E+00
   438  1.75200000E+02  1.63833907E+00  1.63655854E+00  1.63833907E+00
   439  1.75600000E+02  1.63833853E+00  1.63662103E+00  1.63833853E+00
   440  1.76000000E+02  1.63833803E+00  1.63667912E+00  1.63833803E+00
   441  1.76400000E+02  1.63833756E+00  1.63673311E+00  1.63833756E+00
   442  1.76800000E+02  1.63833711E+00  1.63678324E+00  1.63833711E+00
   443  1.77200000E+02  1.63833667E+00  1.63682969E+00  1.63833667E+00
   444  1.77600000E+02  1.63833625E+00  1.63687258E+00  1.63833625E+00
   445  1.78000000E+02  1.63833584E+00  1.63691202E+00  1.63833584E+00
   446  1.78400000E+02  1.63833545E+00  1.63694805E+00  1.63833545E+00
   447  1.78800000E+02  1.63833507E+00  1.63698074E+00  1.63833507E+00
   448  1.79200000E+02  1.63833471E+00  1.63701017E+00  1.63833471E+00
   449  1.79600000E+02  1.63833435E+00  1.63703642E+00  1.63833435E+00
   450  1.80000000E+02  1.63833401E+00  1.63705961E+00  1.63833401E+00
   451  1.80400000E+02  1.63833368E+00  1.63707990E+00  1.63833368E+00
   452  1.80800000E+02  1.63833337E+00  1.63709747E+00  1.63833337E+00
   453  1.81200000E+02  1.63833306E+00  1.63711250E+00  1.63833306E+00
   454  1.81600000E+02  1.63833276E+00  1.63712521E+00  1.63833276E+00
   455  1.82000000E+02  1.63833248E+00  1.63713578E+00  1.63833248E+00
   456  1.82400000E+02  1.63833220E+00  1.63714441E+00  1.63833220E+00
   457  1.82800000E+02  1.63833193E+00  1.63715126E+00  1.63833193E+00
   458  1.83200000E+02  1.63833167E+00  1.63715648E+00  1.63833167E+00
   459  1.83600000E+02  1.63833143E+00  1.63716019E+00  1.63833143E+00
   460  1.84000000E+02  1.63833119E+00  1.63716248E+00  1.63833119E+00
   461  1.84400000E+02  1.63833095E+00  1.63716346E+00  1.63833095E+00
   462  1.84800000E+02  1.63833073E+00  1.63716318E+00  1.63833073E+00
   463  1.85200000E+02  1.63833051E+00  1.63716171E+00  1.63833051E+00
   464  1.85600000E+02  1.63833031E+00  1.63715911E+00  1.63833031E+00
   465  1.86000000E+02  1.63833011E+00  1.63715546E+00  1.63833011E+00
   466  1.86400000E+02  1.63832991E+00  1.63715081E+00  1.63832991E+00
   467  1.86800000E+02  1.63832972E+00  1.63714524E+00  1.63832972E+00
   468  1.87200000E+02  1.63832954E+00  1.63713883E+00  1.63832954E+00
   469  1.87600000E+02  1.63832937E+00  1.63713164E+00  1.63832937E+00
   470  1.88000000E+02  1.63832920E+00  1.63712377E+00  1.63832920E+00
   471  1.88400000E+02  1.63832904E+00  1.63711530E+00  1.63832904E+00
   472  1.88800000E+02  1.63832889E+00  1.63710629E+00  1.63832889E+00
   473  1.89200000E+02  1.63832874E+00  1.63709682E+00  1.63832874E+00
   474  1.89600000E+02  1.63832859E+00  1.63708697E+00  1.63832859E+00
   475  1.90000000E+02  1.63832845E+00  1.63707678E+00  1.63832845E+00
   476  1.90400000E+02  1.63832832E+00  1.63706633E+00  1.63832832E+00
   477  1.90800000E+02  1.63832819E+00  1.63705566E+00  1.63832819E+00
   478  1.91200000E+02  1.63832807E+00  1.63704482E+00  1.63832807E+00
   479  1.91600000E+02  1.63832795E+00  1.63703385E+00  1.63832795E+00
   480  1.92000000E+02  1.63832784E+00  1.63702278E+00  1.63832784E+00
   481  1.92400000E+02  1.63832773E+00  1.63701165E+00  1.63832773E+00
   482  1.92800000E+02  1.63832762E+00  1.63700049E+00  1.63832762E+00
   483  1.93200000E+02  1.63832752E+00  1.63698932E+00  1.63832752E+00
   484  1.93600000E+02  1.63832742E+00  1.63697818E+00  1.63832742E+00
   485  1.94000000E+02  1.63832733E+00  1.63696709E+00  1.63832733E+00
   486  1.94400000E+02  1.63832724E+00  1.63695608E+00  1.63832724E+00
   487  1.94800000E+02  1.63832715E+00  1.63694515E+00  1.63832715E+00
   488  1.95200000E+02  1.63832707E+00  1.63693435E+00  1.63832707E+00
   489  1.95600000E+02  1.63832699E+00  1.63692368E+00  1.63832699E+00
   490  1.96000000E+02  1.63832692E+00  1.63691317E+00  1.63832692E+00
   491  1.96400000E+02  1.63832685E+00  1.63690283E+00  1.63832685E+00
   492  1.96800000E+02  1.63832678E+00  1.63689269E+00  1.63832678E+00
   493  1.97200000E+02  1.63832671E+00  1.63688274E+00  1.63832671E+00
   494  1.97600000E+02  1.63832665E+00  1.63687302E+00  1.63832665E+00
   495  1.98000000E+02  1.63832659E+00  1.63686351E+00  1.63832659E+00
   496  1.98400000E+02  1.63832653E+00  1.63685424E+00  1.63832653E+00
   497  1.98800000E+02  1.63832648E+00  1.63684520E+00  1.63832648E+00
   498  1.99200000E+02  1.63832642E+00  1.63683639E+00  1.63832642E+00
   499  1.99600000E+02  1.63832637E+00  1.63682783E+00  1.63832637E+00
   500  2.00000000E+02  1.63832633E+00  1.63681950E+00  1.63832633E+00
   501  2.00400000E+02  1.63832628E+00  1.63681142E+00  1.63832628E+00
   502  2.00800000E+02  1.63832624E+00  1.63680357E+00  1.63832624E+00
   503  2.01200000E+02  1.63832620E+00  1.63679597E+00  1.63832620E+00
   504  2.01600000E+02  1.63832616E+00  1.63678860E+00  1.63832616E+00
   505  2.02000000E+02  1.63832612E+00  1.63678147E+00  1.63832612E+00
   506  2.02400000E+02  1.63832609E+00  1.63677457E+00  1.63832609E+00
   507  2.02800000E+02  1.63832605E+00  1.63676791E+00  1.63832605E+00
   508  2.03200000E+02  1.63832602E+00  1.63676148E+00  1.63832602E+00
   509  2.03600000E+02  1.63832599E+00  1.63675527E+00  1.63832599E+00
   510  2.04000000E+02  1.63832596E+00  1.63674929E+00  1.63832596E+00
   511  2.04400000E+02  1.63832594E+00  1.63674353E+00  1.63832594E+00
   512  2.04800000E+02  1.63832591E+00  1.63673798E+00  1.63832591E+00
   513  2.05200000E+02  1.63832589E+00  1.63673263E+00  1.63832589E+00
   514  2.05600000E+02  1.63832587E+00  1.63672750E+00  1.63832587E+00
   515  2.06000000E+02  1.63832585E+00  1.63672255E+00  1.63832585E+00
   516  2.06400000E+02  1.63832583E+00  1.63671780E+00  1.63832583E+00
   517  2.06800000E+02  1.63832581E+00  1.63671324E+00  1.63832581E+00
   518  2.07200000E+02  1.63832579E+00  1.63670886E+00  1.63832579E+00
   519  2.07600000E+02  1.63832577E+00  1.63670465E+00  1.63832577E+00
   520  2.08000000E+02  1.63832576E+00  1.63670061E+00  1.63832576E+00
   521  2.08400000E+02  1.63832574E+00  1.63669674E+00  1.63832574E+00
   522  2.08800000E+02  1.63832573E+00  1.63669302E+00  1.63832573E+00
   523  2.09200000E+02  1.63832571E+00  1.63668946E+00  1.63832571E+00
   524  2.09600000E+02  1.63832570E+00  1.63668605E+00  1.63832570E+00
   525  2.10000000E+02  1.63832569E+00  1.63668278E+00  1.63832569E+00
   526  2.10400000E+02  1.63832568E+00  1.63667964E+00  1.63832568E+00
   527  2.10800000E+02  1.63832567E+00  1.63667664E+00  1.63832567E+00
   528  2.11200000E+02  1.63832566E+00  1.63667377E+00  1.63832566E+00
   529  2.11600000E+02  1.63832565E+00  1.63667102E+00  1.63832565E+00
   530  2.12000000E+02  1.63832565E+00  1.63666838E+00  1.63832565E+00
   531  2.12400000E+02  1.63832564E+00  1.63666586E+00  1.63832564E+00
   532  2.12800000E+02  1.63832563E+00  1.63666345E+00  1.63832563E+00
   533  2.13200000E+02  1.63832563E+00  1.63666114E+00  1.63832563E+00
   534  2.13600000E+02  1.63832562E+00  1.63665893E+00  1.63832562E+00
   535  2.14000000E+02  1.63832561E+00  1.63665681E+00  1.63832561E+00
   536  2.14400000E+02  1.63832561E+00  1.63665478E+00  1.63832561E+00
   537  2.14800000E+02  1.63832560E+00  1.63665284E+00  1.63832560E+00
   538  2.15200000E+02  1.63832560E+00  1.63665099E+00  1.63832560E+00
   539  2.15600000E+02  1.63832560E+00  1.63664921E+00  1.63832560E+00
   540  2.16000000E+02  1.63832559E+00  1.63664751E+00  1.63832559E+00
   541  2.16400000E+02  1.63832559E+00  1.63664588E+00  1.63832559E+00
   542  2.16800000E+02  1.63832559E+00  1.63664432E+00  1.63832559E+00
   543  2.17200000E+02  1.63832559E+00  1.63664283E+00  1.63832559E+00
   544  2.17600000E+02  1.63832558E+00  1.63664140E+00  1.63832558E+00
   545  2.18000000E+02  1.63832558E+00  1.63664003E+00  1.63832558E+00
   546  2.18400000E+02  1.63832558E+00  1.63663872E+00  1.63832558E+00
   547  2.18800000E+02  1.63832558E+00  1.63663746E+00  1.63832558E+00
   548  2.19200000E+02  1.63832558E+00  1.63663625E+00  1.63832558E+00
   549  2.19600000E+02  1.63832557E+00  1.63663510E+00  1.63832557E+00
   550  2.20000000E+02  1.63832557E+00  1.63663399E+00  1.63832557E+00
   551  2.20400000E+02  1.63832557E+00  1.63663293E+00  1.63832557E+00
   552  2.20800000E+02  1.63832557E+00  1.63663191E+00  1.63832557E+00
   553  2.21200000E+02  1.63832557E+00  1.63663093E+00  1.63832557E+00
   554  2.21600000E+02  1.63832557E+00  1.63662999E+00  1.63832557E+00
   555  2.22000000E+02  1.63832557E+00  1.63662909E+00  1.63832557E+00
   556  2.22400000E+02  1.63832557E+00  1.63662822E+00  1.63832557E+00
   557  2.22800000E+02  1.63832557E+00  1.63662739E+00  1.63832557E+00
   558  2.23200000E+02  1.63832557E+00  1.63662659E+00  1.63832557E+00
   559  2.23600000E+02  1.63832557E+00  1.63662582E+00  1.63832557E+00
   560  2.24000000E+02  1.63832557E+00  1.63662508E+00  1.63832557E+00
   561  2.24400000E+02  1.63832557E+00  1.63662437E+00  1.63832557E+00
   562  2.24800000E+02  1.63832557E+00  1.63662368E+00  1.63832557E+00
   563  2.25200000E+02  1.63832557E+00  1.63662303E+00  1.63832557E+00
   564  2.25600000E+02  1.63832557E+00  1.63662239E+00  1.63832557E+00
   565  2.26000000E+02  1.63832557E+00  1.63662178E+00  1.63832557E+00
   566  2.26400000E+02  1.63832557E+00  1.63662119E+00  1.63832557E+00
   567  2.26800000E+02  1.63832557E+00  1.63662063E+00  1.63832557E+00
   568  2.27200000E+02  1.63832557E+00  1.63662008E+00  1.63832557E+00
   569  2.27600000E+02  1.63832557E+00  1.63661956E+00  1.63832557E+00
   570  2.28000000E+02  1.63832557E+00  1.63661905E+00  1.63832557E+00
   571  2.28400000E+02  1.63832557E+00  1.63661856E+00  1.63832557E+00
   572  2.28800000E+02  1.63832557E+00  1.63661809E+00  1.63832557E+00
   573  2.29200000E+02  1.63832558E+00  1.63661763E+00  1.63832558E+00
   574  2.29600000E+02  1.63832558E+00  1.63661720E+00  1.63832558E+00
   575  2.30000000E+02  1.63832558E+00  1.63661677E+00  1.63832558E+00
   576  2.30400000E+02  1.63832558E+00  1.63661636E+00  1.63832558E+00
   577  2.30800000E+02  1.63832558E+00  1.63661597E+00  1.63832558E+00
   578  2.31200000E+02  1.63832558E+00  1.63661559E+00  1.63832558E+00
   579  2.31600000E+02  1.63832558E+00  1.63661522E+00  1.63832558E+00
   580  2.32000000E+02  1.63832558E+00  1.63661487E+00  1.63832558E+00
   581  2.32400000E+02  1.63832558E+00  1.63661452E+00  1.63832558E+00
   582  2.32800000E+02  1.63832558E+00  1.63661419E+00  1.63832558E+00
   583  2.33200000E+02  1.63832558E+00  1.63661387E+00  1.63832558E+00
   584  2.33600000E+02  1.63832558E+00  1.63661356E+00  1.63832558E+00
   585  2.34000000E+02  1.63832558E+00  1.63661327E+00  1.63832558E+00
   586  2.34400000E+02  1.63832558E+00  1.63661298E+00  1.63832558E+00
   587  2.34800000E+02  1.63832558E+00  1.63661270E+00  1.63832558E+00
   588  2.35200000E+02  1.63832558E+00  1.63661243E+00  1.63832558E+00
   589  2.35600000E+02  1.63832558E+00  1.63661217E+00  1.63832558E+00
   590  2.36000000E+02  1.63832558E+00  1.63661192E+00  1.63832558E+00
   591  2.36400000E+02  1.63832558E+00  1.63661168E+00  1.63832558E+00
   592  2.36800000E+02  1.63832558E+00  1.63661145E+00  1.63832558E+00
   593  2.37200000E+02  1.63832558E+00  1.63661122E+00  1.63832558E+00
   594  2.37600000E+02  1.63832558E+00  1.63661101E+00  1.63832558E+00
   595  2.38000000E+02  1.63832559E+00  1.63661080E+00  1.63832559E+00
   596  2.38400000E+02  1.63832559E+00  1.63661059E+00  1.63832559E+00
   597  2.38800000E+02  1.63832559E+00  1.63661040E+00  1.63832559E+00
   598  2.39200000E+02  1.63832559E+00  1.63661021E+00  1.63832559E+00
   599  2.39600000E+02  1.63832559E+00  1.63661003E+00  1.63832559E+00
   600  2.40000000E+02  1.63832559E+00  1.63660985E+00  1.63832559E+00
   601  2.40400000E+02  1.63832559E+00  1.63660969E+00  1.63832559E+00
   602  2.40800000E+02  1.63832559E+00  1.63660952E+00  1.63832559E+00
   603  2.41200000E+02  1.63832559E+00  1.63660937E+00  1.63832559E+00
   604  2.41600000E+02  1.63832559E+00  1.63660922E+00  1.63832559E+00
   605  2.42000000E+02  1.63832559E+00  1.63660907E+00  1.63832559E+00
   606  2.42400000E+02  1.63832559E+00  1.63660893E+00  1.63832559E+00
   607  2.42800000E+02  1.63832559E+00  1.63660880E+00  1.63832559E+00
   608  2.43200000E+02  1.63832559E+00  1.63660867E+00  1.63832559E+00
   609  2.43600000E+02  1.63832559E+00  1.63660854E+00  1.63832559E+00
   610  2.44000000E+02  1.63832559E+00  1.63660842E+00  1.63832559E+00
   611  2.44400000E+02  1.63832559E+00  1.63660831E+00  1.63832559E+00
   612  2.44800000E+02  1.63832559E+00  1.63660820E+00  1.63832559E+00
   613  2.45200000E+02  1.63832559E+00  1.63660809E+00  1.63832559E+00
   614  2.45600000E+02  1.63832559E+00  1.63660799E+00  1.63832559E+00
   615  2.46000000E+02  1.63832559E+00  1.63660789E+00  1.63832559E+00
   616  2.46400000E+02  1.63832559E+00  1.63660780E+00  1.63832559E+00
   617  2.46800000E+02  1.63832559E+00  1.63660771E+00  1.63832559E+00
   618  2.47200000E+02  1.63832559E+00  1.63660762E+00  1.63832559E+00
   619  2.47600000E+02  1.63832559E+00  1.63660754E+00  1.63832559E+00
   620  2.48000000E+02  1.63832559E+00  1.63660746E+00  1.63832559E+00
   621  2.48400000E+02  1.63832559E+00  1.63660738E+00  1.63832559E+00
   622  2.48800000E+02  1.63832559E+00  1.63660731E+00  1.63832559E+00
   623  2.49200000E+02  1.63832559E+00  1.63660724E+00  1.63832559E+00
   624  2.49600000E+02  1.63832559E+00  1.63660717E+00  1.63832559E+00
   625  2.50000000E+02  1.63832559E+00  1.63660711E+00  1.63832559E+00
   626  2.50400000E+02  1.63832559E+00  1.63660705E+00  1.63832559E+00
   627  2.50800000E+02  1.63832559E+00  1.63660699E+00  1.63832559E+00
   628  2.51200000E+02  1.63832559E+00  1.63660694E+00  1.63832559E+00
   629  2.51600000E+02  1.63832559E+00  1.63660689E+00  1.63832559E+00
   630  2.52000000E+02  1.63832559E+00  1.63660683E+00  1.63832559E+00
   631  2.52400000E+02  1.63832559E+00  1.63660679E+00  1.63832559E+00
   632  2.52800000E+02  1.63832559E+00  1.63660674E+00  1.63832559E+00
   633  2.53200000E+02  1.63832559E+00  1.63660670E+00  1.63832559E+00
   634  2.53600000E+02  1.63832559E+00  1.63660666E+00  1.63832559E+00
   635  2.54000000E+02  1.63832559E+00  1.63660662E+00  1.63832559E+00
   636  2.54400000E+02  1.63832559E+00  1.63660658E+00  1.63832559E+00
   637  2.54800000E+02  1.63832559E+00  1.63660655E+00  1.63832559E+00
   638  2.55200000E+02  1.63832559E+00  1.63660651E+00  1.63832559E+00
   639  2.55600000E+02  1.63832559E+00  1.63660648E+00  1.63832559E+00
   640  2.56000000E+02  1.63832559E+00  1.63660645E+00  1.63832559E+00
   641  2.56400000E+02  1.63832559E+00  1.63660642E+00  1.63832559E+00
   642  2.56800000E+02  1.63832559E+00  1.63660639E+00  1.63832559E+00
   643  2.57200000E+02  1.63832559E+00  1.63660637E+00  1.63832559E+00
   644  2.57600000E+02  1.63832559E+00  1.63660635E+00  1.63832559E+00
   645  2.58000000E+02  1.63832559E+00  1.63660632E+00  1.63832559E+00
   646  2.58400000E+02  1.63832559E+00  1.63660630E+00  1.63832559E+00
   647  2.58800000E+02  1.63832559E+00  1.63660628E+00  1.63832559E+00
   648  2.59200000E+02  1.63832559E+00  1.63660626E+00  1.63832559E+00
   649  2.59600000E+02  1.63832559E+00  1.63660624E+00  1.63832559E+00
   650  2.60000000E+02  1.63832559E+00  1.63660623E+00  1.63832559E+00
   651  2.60400000E+02  1.63832559E+00  1.63660621E+00  1.63832559E+00
   652  2.60800000E+02  1.63832559E+00  1.63660620E+00  1.63832559E+00
   653  2.61200000E+02  1.63832559E+00  1.63660618E+00  1.63832559E+00
   654  2.61600000E+02  1.63832559E+00  1.63660617E+00  1.63832559E+00
   655  2.62000000E+02  1.63832559E+00  1.63660616E+00  1.63832559E+00
   656  2.62400000E+02  1.63832559E+00  1.63660615E+00  1.63832559E+00
   657  2.62800000E+02  1.63832559E+00  1.63660614E+00  1.63832559E+00
   658  2.63200000E+02  1.63832559E+00  1.63660613E+00  1.63832559E+00
   659  2.63600000E+02  1.63832559E+00  1.63660612E+00  1.63832559E+00
   660  2.64000000E+02  1.63832559E+00  1.63660611E+00  1.63832559E+00
   661  2.64400000E+02  1.63832559E+00  1.63660610E+00  1.63832559E+00
   662  2.64800000E+02  1.63832559E+00  1.63660609E+00  1.63832559E+00
   663  2.65200000E+02  1.63832559E+00  1.63660609E+00  1.63832559E+00
   664  2.65600000E+02  1.63832559E+00  1.63660608E+00  1.63832559E+00
   665  2.66000000E+02  1.63832559E+00  1.63660607E+00  1.63832559E+00
   666  2.66400000E+02  1.63832559E+00  1.63660607E+00  1.63832559E+00
   667  2.66800000E+02  1.63832559E+00  1.63660606E+00  1.63832559E+00
   668  2.67200000E+02  1.63832559E+00  1.63660606E+00  1.63832559E+00
   669  2.67600000E+02  1.63832559E+00  1.63660605E+00  1.63832559E+00
   670  2.68000000E+02  1.63832559E+00  1.63660605E+00  1.63832559E+00
   671  2.68400000E+02  1.63832559E+00  1.63660605E+00  1.63832559E+00
   672  2.68800000E+02  1.63832559E+00  1.63660604E+00  1.63832559E+00
   673  2.69200000E+02  1.63832559E+00  1.63660604E+00  1.63832559E+00
   674  2.69600000E+02  1.63832559E+00  1.63660604E+00  1.63832559E+00
   675  2.70000000E+02  1.63832559E+00  1.63660604E+00  1.63832559E+00
   676  2.70400000E+02  1.63832559E+00  1.63660603E+00  1.63832559E+00
   677  2.70800000E+02  1.63832559E+00  1.63660603E+00  1.63832559E+00
   678  2.71200000E+02  1.63832559E+00  1.63660603E+00  1.63832559E+00
   679  2.71600000E+02  1.63832559E+00  1.63660603E+00  1.63832559E+00
   680  2.72000000E+02  1.63832559E+00  1.63660603E+00  1.63832559E+00
   681  2.72400000E+02  1.63832559E+00  1.63660603E+00  1.63832559E+00
   682  2.72800000E+02  1.63832559E+00  1.63660603E+00  1.63832559E+00
   683  2.73200000E+02  1.63832559E+00  1.63660603E+00  1.63832559E+00
   684  2.73600000E+02  1.63832559E+00  1.63660603E+00  1.63832559E+00
   685  2.74000000E+02  1.63832559E+00  1.63660603E+00  1.63832559E+00
   686  2.74400000E+02  1.63832559E+00  1.63660603E+00  1.63832559E+00
   687  2.74800000E+02  1.63832559E+00  1.63660602E+00  1.63832559E+00
   688  2.75200000E+02  1.63832559E+00  1.63660602E+00  1.63832559E+00
   689  2.75600000E+02  1.63832559E+00  1.63660602E+00  1.63832559E+00
   690  2.76000000E+02  1.63832559E+00  1.63660602E+00  1.63832559E+00
   691  2.76400000E+02  1.63832559E+00  1.63660602E+00  1.63832559E+00
   692  2.76800000E+02  1.63832559E+00  1.63660602E+00  1.63832559E+00
   693  2.77200000E+02  1.63832559E+00  1.63660603E+00  1.63832559E+00
   694  2.77600000E+02  1.63832559E+00  1.63660603E+00  1.63832559E+00
   695  2.78000000E+02  1.63832559E+00  1.63660603E+00  1.63832559E+00
   696  2.78400000E+02  1.63832559E+00  1.63660603E+00  1.63832559E+00
   697  2.78800000E+02  1.63832559E+00  1.63660603E+00  1.63832559E+00
   698  2.79200000E+02  1.63832559E+00  1.63660603E+00  1.63832559E+00
   699  2.79600000E+02  1.63832559E+00  1.63660603E+00  1.63832559E+00
   700  2.80000000E+02  1.63832559E+00  1.63660603E+00  1.63832559E+00
   701  2.80400000E+02  1.63832559E+00  1.63660603E+00  1.63832559E+00
   702  2.80800000E+02  1.63832559E+00  1.63660603E+00  1.63832559E+00
   703  2.81200000E+02  1.63832559E+00  1.63660603E+00  1.63832559E+00
   704  2.81600000E+02  1.63832559E+00  1.63660603E+00  1.63832559E+00
   705  2.82000000E+02  1.63832559E+00  1.63660603E+00  1.63832559E+00
   706  2.82400000E+02  1.63832559E+00  1.63660603E+00  1.63832559E+00
   707  2.82800000E+02  1.63832559E+00  1.63660603E+00  1.63832559E+00
   708  2.83200000E+02  1.63832559E+00  1.63660603E+00  1.63832559E+00
   709  2.83600000E+02  1.63832559E+00  1.63660603E+00  1.63832559E+00
   710  2.84000000E+02  1.63832559E+00  1.63660603E+00  1.63832559E+00
   711  2.84400000E+02  1.63832559E+00  1.63660603E+00  1.63832559E+00
   712  2.84800000E+02  1.63832559E+00  1.63660603E+00  1.63832559E+00
   713  2.85200000E+02  1.63832559E+00  1.63660603E+00  1.63832559E+00
   714  2.85600000E+02  1.63832559E+00  1.63660603E+00  1.63832559E+00
   715  2.86000000E+02  1.63832559E+00  1.63660604E+00  1.63832559E+00
   716  2.86400000E+02  1.63832559E+00  1.63660604E+00  1.63832559E+00
   717  2.86800000E+02  1.63832559E+00  1.63660604E+00  1.63832559E+00
   718  2.87200000E+02  1.63832559E+00  1.63660604E+00  1.63832559E+00
   719  2.87600000E+02  1.63832559E+00  1.63660604E+00  1.63832559E+00
   720  2.88000000E+02  1.63832559E+00  1.63660604E+00  1.63832559E+00
   721  2.88400000E+02  1.63832559E+00  1.63660604E+00  1.63832559E+00
   722  2.88800000E+02  1.63832559E+00  1.63660604E+00  1.63832559E+00
   723  2.89200000E+02  1.63832559E+00  1.63660604E+00  1.63832559E+00
   724  2.89600000E+02  1.63832559E+00  1.63660604E+00  1.63832559E+00
   725  2.90000000E+02  1.63832559E+00  1.63660604E+00  1.63832559E+00
   726  2.90400000E+02  1.63832559E+00  1.63660604E+00  1.63832559E+00
   727  2.90800000E+02  1.63832559E+00  1.63660604E+00  1.63832559E+00
   728  2.91200000E+02  1.63832559E+00  1.63660604E+00  1.63832559E+00
   729  2.91600000E+02  1.63832559E+00  1.63660604E+00  1.63832559E+00
   730  2.92000000E+02  1.63832559E+00  1.63660604E+00  1.63832559E+00
   731  2.92400000E+02  1.63832559E+00  1.63660604E+00  1.63832559E+00
   732  2.92800000E+02  1.63832559E+00  1.63660604E+00  1.63832559E+00
   733  2.93200000E+02  1.63832559E+00  1.63660604E+00  1.63832559E+00
   734  2.93600000E+02  1.63832559E+00  1.63660604E+00  1.63832559E+00
   735  2.94000000E+02  1.63832559E+00  1.63660604E+00  1.63832559E+00
   736  2.94400000E+02  1.63832559E+00  1.63660604E+00  1.63832559E+00
   737  2.94800000E+02  1.63832559E+00  1.63660604E+00  1.63832559E+00
   738  2.95200000E+02  1.63832559E+00  1.63660604E+00  1.63832559E+00
   739  2.95600000E+02  1.63832559E+00  1.63660604E+00  1.63832559E+00
   740  2.96000000E+02  1.63832559E+00  1.63660604E+00  1.63832559E+00
   741  2.96400000E+02  1.63832559E+00  1.63660604E+00  1.63832559E+00
   742  2.96800000E+02  1.63832559E+00  1.63660604E+00  1.63832559E+00
   743  2.97200000E+02  1.63832559E+00  1.63660604E+00  1.63832559E+00
   744  2.97600000E+02  1.63832559E+00  1.63660604E+00  1.63832559E+00
   745  2.98000000E+02  1.63832559E+00  1.63660604E+00  1.63832559E+00
   746  2.98400000E+02  1.63832559E+00  1.63660604E+00  1.63832559E+00
   747  2.98800000E+02  1.63832559E+00  1.63660604E+00  1.63832559E+00
   748  2.99200000E+02  1.63832559E+00  1.63660604E+00  1.63832559E+00
   749  2.99600000E+02  1.63832559E+00  1.63660604E+00  1.63832559E+00
   750  3.00000000E+02  1.63832559E+00  1.63660605E+00  1.63832559E+00
   751  3.00400000E+02  1.63832559E+00  1.63660605E+00  1.63832559E+00
   752  3.00800000E+02  1.63832559E+00  1.63660605E+00  1.63832559E+00
   753  3.01200000E+02  1.63832559E+00  1.63660605E+00  1.63832559E+00
   754  3.01600000E+02  1.63832559E+00  1.63660605E+00  1.63832559E+00
   755  3.02000000E+02  1.63832559E+00  1.63660605E+00  1.63832559E+00
   756  3.02400000E+02  1.63832559E+00  1.63660605E+00  1.63832559E+00
   757  3.02800000E+02  1.63832559E+00  1.63660605E+00  1.63832559E+00
   758  3.03200000E+02  1.63832559E+00  1.63660605E+00  1.63832559E+00
   759  3.03600000E+02  1.63832559E+00  1.63660605E+00  1.63832559E+00
   760  3.04000000E+02  1.63832559E+00  1.63660605E+00  1.63832559E+00
   761  3.04400000E+02  1.63832559E+00  1.63660605E+00  1.63832559E+00
   762  3.04800000E+02  1.63832559E+00  1.63660605E+00  1.63832559E+00
   763  3.05200000E+02  1.63832559E+00  1.63660605E+00  1.63832559E+00
   764  3.05600000E+02  1.63832559E+00  1.63660605E+00  1.63832559E+00
   765  3.06000000E+02  1.63832559E+00  1.63660605E+00  1.63832559E+00
   766  3.06400000E+02  1.63832559E+00  1.63660605E+00  1.63832559E+00
   767  3.06800000E+02  1.63832559E+00  1.63660605E+00  1.63832559E+00
   768  3.07200000E+02  1.63832559E+00  1.63660605E+00  1.63832559E+00
   769  3.07600000E+02  1.63832559E+00  1.63660605E+00  1.63832559E+00
   770  3.08000000E+02  1.63832559E+00  1.63660605E+00  1.63832559E+00
   771  3.08400000E+02  1.63832559E+00  1.63660605E+00  1.63832559E+00
   772  3.08800000E+02  1.63832559E+00  1.63660605E+00  1.63832559E+00
   773  3.09200000E+02  1.63832559E+00  1.63660605E+00  1.63832559E+00
   774  3.09600000E+02  1.63832559E+00  1.63660605E+00  1.63832559E+00
   775  3.10000000E+02  1.63832559E+00  1.63660605E+00  1.63832559E+00
   776  3.10400000E+02  1.63832559E+00  1.63660605E+00  1.63832559E+00
   777  3.10800000E+02  1.63832559E+00  1.63660605E+00  1.63832559E+00
   778  3.11200000E+02  1.63832559E+00  1.63660605E+00  1.63832559E+00
   779  3.11600000E+02  1.63832559E+00  1.63660605E+00  1.63832559E+00
   780  3.12000000E+02  1.63832559E+00  1.63660605E+00  1.63832559E+00
   781  3.12400000E+02  1.63832559E+00  1.63660605E+00  1.63832559E+00
   782  3.12800000E+02  1.63832559E+00  1.63660605E+00  1.63832559E+00
   783  3.13200000E+02  1.63832559E+00  1.63660605E+00  1.63832559E+00
   784  3.13600000E+02  1.63832559E+00  1.63660605E+00  1.63832559E+00
   785  3.14000000E+02  1.63832559E+00  1.63660605E+00  1.63832559E+00
   786  3.14400000E+02  1.63832559E+00  1.63660605E+00  1.63832559E+00
   787  3.14800000E+02  1.63832559E+00  1.63660605E+00  1.63832559E+00
   788  3.15200000E+02  1.63832559E+00  1.63660605E+00  1.63832559E+00
   789  3.15600000E+02  1.63832559E+00  1.63660605E+00  1.63832559E+00
   790  3.16000000E+02  1.63832559E+00  1.63660605E+00  1.63832559E+00
   791  3.16400000E+02  1.63832559E+00  1.63660605E+00  1.63832559E+00
   792  3.16800000E+02  1.63832559E+00  1.63660605E+00  1.63832559E+00
   793  3.17200000E+02  1.63832559E+00  1.63660605E+00  1.63832559E+00
   794  3.17600000E+02  1.63832559E+00  1.63660605E+00  1.63832559E+00
   795  3.18000000E+02  1.63832559E+00  1.63660605E+00  1.63832559E+00
   796  3.18400000E+02  1.63832559E+00  1.63660605E+00  1.63832559E+00
   797  3.18800000E+02  1.63832559E+00  1.63660605E+00  1.63832559E+00
   798  3.19200000E+02  1.63832559E+00  1.63660605E+00  1.63832559E+00
   799  3.19600000E+02  1.63832559E+00  1.63660605E+00  1.63832559E+00
   800  3.20000000E+02  1.63832559E+00  1.63660605E+00  1.63832559E+00
   801  3.20400000E+02  1.63832559E+00  1.63660605E+00  1.63832559E+00
   802  3.20800000E+02  1.63832559E+00  1.63660605E+00  1.63832559E+00
   803  3.21200000E+02  1.63832559E+00  1.63660605E+00  1.63832559E+00
   804  3.21600000E+02  1.63832559E+00  1.63660605E+00  1.63832559E+00
   805  3.22000000E+02  1.63832559E+00  1.63660605E+00  1.63832559E+00
   806  3.22400000E+02  1.63832559E+00  1.63660605E+00  1.63832559E+00
   807  3.22800000E+02  1.63832559E+00  1.63660605E+00  1.63832559E+00
   808  3.23200000E+02  1.63832559E+00  1.63660605E+00  1.63832559E+00
   809  3.23600000E+02  1.63832559E+00  1.63660605E+00  1.63832559E+00
   810  3.24000000E+02  1.63832559E+00  1.63660605E+00  1.63832559E+00
   811  3.24400000E+02  1.63832559E+00  1.63660605E+00  1.63832559E+00
   812  3.24800000E+02  1.63832559E+00  1.63660605E+00  1.63832559E+00
   813  3.25200000E+02  1.63832559E+00  1.63660605E+00  1.63832559E+00
   814  3.25600000E+02  1.63832559E+00  1.63660605E+00  1.63832559E+00
   815  3.26000000E+02  1.63832559E+00  1.63660605E+00  1.63832559E+00
   816  3.26400000E+02  1.63832559E+00  1.63660605E+00  1.63832559E+00
   817  3.26800000E+02  1.63832559E+00  1.63660605E+00  1.63832559E+00
   818  3.27200000E+02  1.63832559E+00  1.63660605E+00  1.63832559E+00
   819  3.27600000E+02  1.63832559E+00  1.63660605E+00  1.63832559E+00
   820  3.28000000E+02  1.63832559E+00  1.63660605E+00  1.63832559E+00
   821  3.28400000E+02  1.63832559E+00  1.63660605E+00  1.63832559E+00
   822  3.28800000E+02  1.63832559E+00  1.63660605E+00  1.63832559E+00
   823  3.29200000E+02  1.63832559E+00  1.63660605E+00  1.63832559E+00
   824  3.29600000E+02  1.63832559E+00  1.63660605E+00  1.63832559E+00
   825  3.30000000E+02  1.63832559E+00  1.63660605E+00  1.63832559E+00
   826  3.30400000E+02  1.63832559E+00  1.63660605E+00  1.63832559E+00
   827  3.30800000E+02  1.63832559E+00  1.63660605E+00  1.63832559E+00
   828  3.31200000E+02  1.63832559E+00  1.63660605E+00  1.63832559E+00
   829  3.31600000E+02  1.63832559E+00  1.63660605E+00  1.63832559E+00
   830  3.32000000E+02  1.63832559E+00  1.63660605E+00  1.63832559E+00
   831  3.32400000E+02  1.63832559E+00  1.63660605E+00  1.63832559E+00
   832  3.32800000E+02  1.63832559E+00  1.63660605E+00  1.63832559E+00
   833  3.33200000E+02  1.63832559E+00  1.63660605E+00  1.63832559E+00
   834  3.33600000E+02  1.63832559E+00  1.63660605E+00  1.63832559E+00
   835  3.34000000E+02  1.63832559E+00  1.63660605E+00  1.63832559E+00
   836  3.34400000E+02  1.63832559E+00  1.63660605E+00  1.63832559E+00
   837  3.34800000E+02  1.63832559E+00  1.63660605E+00  1.63832559E+00
   838  3.35200000E+02  1.63832559E+00  1.63660605E+00  1.63832559E+00
   839  3.35600000E+02  1.63832559E+00  1.63660605E+00  1.63832559E+00
   840  3.36000000E+02  1.63832559E+00  1.63660605E+00  1.63832559E+00
   841  3.36400000E+02  1.63832559E+00  1.63660605E+00  1.63832559E+00
   842  3.36800000E+02  1.63832559E+00  1.63660605E+00  1.63832559E+00
   843  3.37200000E+02  1.63832559E+00  1.63660605E+00  1.63832559E+00
   844  3.37600000E+02  1.63832559E+00  1.63660605E+00  1.63832559E+00
   845  3.38000000E+02  1.63832559E+00  1.63660605E+00  1.63832559E+00
   846  3.38400000E+02  1.63832559E+00  1.63660605E+00  1.63832559E+00
   847  3.38800000E+02  1.63832559E+00  1.63660605E+00  1.63832559E+00
   848  3.39200000E+02  1.63832559E+00  1.63660605E+00  1.63832559E+00
   849  3.39600000E+02  1.63832559E+00  1.63660605E+00  1.63832559E+00
   850  3.40000000E+02  1.63832559E+00  1.63660605E+00  1.63832559E+00
   851  3.40400000E+02  1.63832559E+00  1.63660605E+00  1.63832559E+00
   852  3.40800000E+02  1.63832559E+00  1.63660605E+00  1.63832559E+00
   853  3.41200000E+02  1.63832559E+00  1.63660605E+00  1.63832559E+00
   854  3.41600000E+02  1.63832559E+00  1.63660605E+00  1.63832559E+00
   855  3.42000000E+02  1.63832559E+00  1.63660605E+00  1.63832559E+00
   856  3.42400000E+02  1.63832559E+00  1.63660605E+00  1.63832559E+00
   857  3.42800000E+02  1.63832559E+00  1.63660605E+00  1.63832559E+00
   858  3.43200000E+02  1.63832559E+00  1.63660605E+00  1.63832559E+00
   859  3.43600000E+02  1.63832559E+00  1.63660605E+00  1.63832559E+00
   860  3.44000000E+02  1.63832559E+00  1.63660605E+00  1.63832559E+00
   861  3.44400000E+02  1.63832559E+00  1.63660605E+00  1.63832559E+00
   862  3.44800000E+02  1.63832559E+00  1.63660605E+00  1.63832559E+00
   863  3.45200000E+02  1.63832559E+00  1.63660605E+00  1.63832559E+00
   864  3.45600000E+02  1.63832559E+00  1.63660605E+00  1.63832559E+00
   865  3.46000000E+02  1.63832559E+00  1.63660605E+00  1.63832559E+00
   866  3.46400000E+02  1.63832559E+00  1.63660605E+00  1.63832559E+00
   867  3.46800000E+02  1.63832559E+00  1.63660605E+00  1.63832559E+00
   868  3.47200000E+02  1.63832559E+00  1.63660605E+00  1.63832559E+00
   869  3.47600000E+02  1.63832559E+00  1.63660605E+00  1.63832559E+00
   870  3.48000000E+02  1.63832559E+00  1.63660605E+00  1.63832559E+00
   871  3.48400000E+02  1.63832559E+00  1.63660605E+00  1.63832559E+00
   872  3.48800000E+02  1.63832559E+00  1.63660605E+00  1.63832559E+00
   873  3.49200000E+02  1.63832559E+00  1.63660605E+00  1.63832559E+00
   874  3.49600000E+02  1.63832559E+00  1.63660605E+00  1.63832559E+00
   875  3.50000000E+02  1.63832559E+00  1.63660605E+00  1.63832559E+00
   876  3.50400000E+02  1.63832559E+00  1.63660605E+00  1.63832559E+00
   877  3.50800000E+02  1.63832559E+00  1.63660605E+00  1.63832559E+00
   878  3.51200000E+02  1.63832559E+00  1.63660605E+00  1.63832559E+00
   879  3.51600000E+02  1.63832559E+00  1.63660605E+00  1.63832559E+00
   880  3.52000000E+02  1.63832559E+00  1.63660605E+00  1.63832559E+00
   881  3.52400000E+02  1.63832559E+00  1.63660605E+00  1.63832559E+00
   882  3.52800000E+02  1.63832559E+00  1.63660605E+00  1.63832559E+00
   883  3.53200000E+02  1.63832559E+00  1.63660605E+00  1.63832559E+00
   884  3.53600000E+02  1.63832559E+00  1.63660605E+00  1.63832559E+00
   885  3.54000000E+02  1.63832559E+00  1.63660605E+00  1.63832559E+00
   886  3.54400000E+02  1.63832559E+00  1.63660605E+00  1.63832559E+00
   887  3.54800000E+02  1.63832559E+00  1.63660605E+00  1.63832559E+00
   888  3.55200000E+02  1.63832559E+00  1.63660605E+00  1.63832559E+00
   889  3.55600000E+02  1.63832559E+00  1.63660605E+00  1.63832559E+00
   890  3.56000000E+02  1.63832559E+00  1.63660605E+00  1.63832559E+00
   891  3.56400000E+02  1.63832559E+00  1.63660605E+00  1.63832559E+00
   892  3.56800000E+02  1.63832559E+00  1.63660605E+00  1.63832559E+00
   893  3.57200000E+02  1.63832559E+00  1.63660605E+00  1.63832559E+00
   894  3.57600000E+02  1.63832559E+00  1.63660605E+00  1.63832559E+00
   895  3.58000000E+02  1.63832559E+00  1.63660605E+00  1.63832559E+00
   896  3.58400000E+02  1.63832559E+00  1.63660605E+00  1.63832559E+00
   897  3.58800000E+02  1.63832559E+00  1.63660605E+00  1.63832559E+00
   898  3.59200000E+02  1.63832559E+00  1.63660605E+00  1.63832559E+00
   899  3.59600000E+02  1.63832559E+00  1.63660605E+00  1.63832559E+00
   900  3.60000000E+02  1.63832559E+00  1.63660605E+00  1.63832559E+00
   901  3.60400000E+02  1.63832559E+00  1.63660605E+00  1.63832559E+00
   902  3.60800000E+02  1.63832559E+00  1.63660605E+00  1.63832559E+00
   903  3.61200000E+02  1.63832559E+00  1.63660605E+00  1.63832559E+00
   904  3.61600000E+02  1.63832559E+00  1.63660605E+00  1.63832559E+00
   905  3.62000000E+02  1.63832559E+00  1.63660605E+00  1.63832559E+00
   906  3.62400000E+02  1.63832559E+00  1.63660605E+00  1.63832559E+00
   907  3.62800000E+02  1.63832559E+00  1.63660605E+00  1.63832559E+00
   908  3.63200000E+02  1.63832559E+00  1.63660605E+00  1.63832559E+00
   909  3.63600000E+02  1.63832559E+00  1.63660605E+00  1.63832559E+00
   910  3.64000000E+02  1.63832559E+00  1.63660605E+00  1.63832559E+00
   911  3.64400000E+02  1.63832559E+00  1.63660605E+00  1.63832559E+00
   912  3.64800000E+02  1.63832559E+00  1.63660605E+00  1.63832559E+00
   913  3.65200000E+02  1.63832559E+00  1.63660605E+00  1.63832559E+00
   914  3.65600000E+02  1.63832559E+00  1.63660605E+00  1.63832559E+00
   915  3.66000000E+02  1.63832559E+00  1.63660605E+00  1.63832559E+00
   916  3.66400000E+02  1.63832559E+00  1.63660605E+00  1.63832559E+00
   917  3.66800000E+02  1.63832559E+00  1.63660605E+00  1.63832559E+00
   918  3.67200000E+02  1.63832559E+00  1.63660605E+00  1.63832559E+00
   919  3.67600000E+02  1.63832559E+00  1.63660605E+00  1.63832559E+00
   920  3.68000000E+02  1.63832559E+00  1.63660605E+00  1.63832559E+00
   921  3.68400000E+02  1.63832559E+00  1.63660605E+00  1.63832559E+00
   922  3.68800000E+02  1.63832559E+00  1.63660605E+00  1.63832559E+00
   923  3.69200000E+02  1.63832559E+00  1.63660605E+00  1.63832559E+00
   924  3.69600000E+02  1.63832559E+00  1.63660605E+00  1.63832559E+00
   925  3.70000000E+02  1.63832559E+00  1.63660605E+00  1.63832559E+00
   926  3.70400000E+02  1.63832559E+00  1.63660605E+00  1.63832559E+00
   927  3.70800000E+02  1.63832559E+00  1.63660605E+00  1.63832559E+00
   928  3.71200000E+02  1.63832559E+00  1.63660605E+00  1.63832559E+00
   929  3.71600000E+02  1.63832559E+00  1.63660605E+00  1.63832559E+00
   930  3.72000000E+02  1.63832559E+00  1.63660605E+00  1.63832559E+00
   931  3.72400000E+02  1.63832559E+00  1.63660605E+00  1.63832559E+00
   932  3.72800000E+02  1.63832559E+00  1.63660605E+00  1.63832559E+00
   933  3.73200000E+02  1.63832559E+00  1.63660605E+00  1.63832559E+00
   934  3.73600000E+02  1.63832559E+00  1.63660605E+00  1.63832559E+00
   935  3.74000000E+02  1.63832559E+00  1.63660605E+00  1.63832559E+00
   936  3.74400000E+02  1.63832559E+00  1.63660605E+00  1.63832559E+00
   937  3.74800000E+02  1.63832559E+00  1.63660605E+00  1.63832559E+00
   938  3.75200000E+02  1.63832559E+00  1.63660605E+00  1.63832559E+00
   939  3.75600000E+02  1.63832559E+00  1.63660605E+00  1.63832559E+00
   940  3.76000000E+02  1.63832559E+00  1.63660605E+00  1.63832559E+00
   941  3.76400000E+02  1.63832559E+00  1.63660605E+00  1.63832559E+00
   942  3.76800000E+02  1.63832559E+00  1.63660605E+00  1.63832559E+00
   943  3.77200000E+02  1.63832559E+00  1.63660605E+00  1.63832559E+00
   944  3.77600000E+02  1.63832559E+00  1.63660605E+00  1.63832559E+00
   945  3.78000000E+02  1.63832559E+00  1.63660605E+00  1.63832559E+00
   946  3.78400000E+02  1.63832559E+00  1.63660605E+00  1.63832559E+00
   947  3.78800000E+02  1.63832559E+00  1.63660605E+00  1.63832559E+00
   948  3.79200000E+02  1.63832559E+00  1.63660605E+00  1.63832559E+00
   949  3.79600000E+02  1.63832559E+00  1.63660605E+00  1.63832559E+00
   950  3.80000000E+02  1.63832559E+00  1.63660605E+00  1.63832559E+00
   951  3.80400000E+02  1.63832559E+00  1.63660605E+00  1.63832559E+00
   952  3.80800000E+02  1.63832559E+00  1.63660605E+00  1.63832559E+00
   953  3.81200000E+02  1.63832559E+00  1.63660605E+00  1.63832559E+00
   954  3.81600000E+02  1.63832559E+00  1.63660605E+00  1.63832559E+00
   955  3.82000000E+02  1.63832559E+00  1.63660605E+00  1.63832559E+00
   956  3.82400000E+02  1.63832559E+00  1.63660605E+00  1.63832559E+00
   957  3.82800000E+02  1.63832559E+00  1.63660605E+00  1.63832559E+00
   958  3.83200000E+02  1.63832559E+00  1.63660605E+00  1.63832559E+00
   959  3.83600000E+02  1.63832559E+00  1.63660605E+00  1.63832559E+00
   960  3.84000000E+02  1.63832559E+00  1.63660605E+00  1.63832559E+00
   961  3.84400000E+02  1.63832559E+00  1.63660605E+00  1.63832559E+00
   962  3.84800000E+02  1.63832559E+00  1.63660605E+00  1.63832559E+00
   963  3.85200000E+02  1.63832559E+00  1.63660605E+00  1.63832559E+00
   964  3.85600000E+02  1.63832559E+00  1.63660605E+00  1.63832559E+00
   965  3.86000000E+02  1.63832559E+00  1.63660605E+00  1.63832559E+00
   966  3.86400000E+02  1.63832559E+00  1.63660605E+00  1.63832559E+00
   967  3.86800000E+02  1.63832559E+00  1.63660605E+00  1.63832559E+00
   968  3.87200000E+02  1.63832559E+00  1.63660605E+00  1.63832559E+00
   969  3.87600000E+02  1.63832559E+00  1.63660605E+00  1.63832559E+00
   970  3.88000000E+02  1.63832559E+00  1.63660605E+00  1.63832559E+00
   971  3.88400000E+02  1.63832559E+00  1.63660605E+00  1.63832559E+00
   972  3.88800000E+02  1.63832559E+00  1.63660605E+00  1.63832559E+00
   973  3.89200000E+02  1.63832559E+00  1.63660605E+00  1.63832559E+00
   974  3.89600000E+02  1.63832559E+00  1.63660605E+00  1.63832559E+00
   975  3.90000000E+02  1.63832559E+00  1.63660605E+00  1.63832559E+00
   976  3.90400000E+02  1.63832559E+00  1.63660605E+00  1.63832559E+00
   977  3.90800000E+02  1.63832559E+00  1.63660605E+00  1.63832559E+00
   978  3.91200000E+02  1.63832559E+00  1.63660605E+00  1.63832559E+00
   979  3.91600000E+02  1.63832559E+00  1.63660605E+00  1.63832559E+00
   980  3.92000000E+02  1.63832559E+00  1.63660605E+00  1.63832559E+00
   981  3.92400000E+02  1.63832559E+00  1.63660605E+00  1.63832559E+00
   982  3.92800000E+02  1.63832559E+00  1.63660605E+00  1.63832559E+00
   983  3.93200000E+02  1.63832559E+00  1.63660605E+00  1.63832559E+00
   984  3.93600000E+02  1.63832559E+00  1.63660605E+00  1.63832559E+00
   985  3.94000000E+02  1.63832559E+00  1.63660605E+00  1.63832559E+00
   986  3.94400000E+02  1.63832559E+00  1.63660605E+00  1.63832559E+00
   987  3.94800000E+02  1.63832559E+00  1.63660605E+00  1.63832559E+00
   988  3.95200000E+02  1.63832559E+00  1.63660605E+00  1.63832559E+00
   989  3.95600000E+02  1.63832559E+00  1.63660605E+00  1.63832559E+00
   990  3.96000000E+02  1.63832559E+00  1.63660605E+00  1.63832559E+00
   991  3.96400000E+02  1.63832559E+00  1.63660605E+00  1.63832559E+00
   992  3.96800000E+02  1.63832559E+00  1.63660605E+00  1.63832559E+00
   993  3.97200000E+02  1.63832559E+00  1.63660605E+00  1.63832559E+00
   994  3.97600000E+02  1.63832559E+00  1.63660605E+00  1.63832559E+00
   995  3.98000000E+02  1.63832559E+00  1.63660605E+00  1.63832559E+00
   996  3.98400000E+02  1.63832559E+00  1.63660605E+00  1.63832559E+00
   997  3.98800000E+02  1.63832559E+00  1.63660605E+00  1.63832559E+00
   998  3.99200000E+02  1.63832559E+00  1.63660605E+00  1.63832559E+00
   999  3.99600000E+02  1.63832559E+00  1.63660605E+00  1.63832559E+00
  1000  4.00000000E+02  1.63832559E+00  1.63660605E+00  1.63832559E+00
