Module for Umbrella/2024 loaded successfully
=== U_avg = 0.125  deltat = 0.64  Wi = 0.5  (/vast.mnt/home/20220558/rom-inference/mesh_conv/oldroyd-rom-m3/sweep_oldroyd_uavg/oldroyd_lam_1_beta_0p11111111111111111_uavg_0p125)
=== U_avg = 0.25  deltat = 0.32  Wi = 1  (/vast.mnt/home/20220558/rom-inference/mesh_conv/oldroyd-rom-m3/sweep_oldroyd_uavg/oldroyd_lam_1_beta_0p11111111111111111_uavg_0p25)
=== U_avg = 0.5  deltat = 0.16  Wi = 2  (/vast.mnt/home/20220558/rom-inference/mesh_conv/oldroyd-rom-m3/sweep_oldroyd_uavg/oldroyd_lam_1_beta_0p11111111111111111_uavg_0p5)
# U_avg deltat Wi last_step max_height end_height
0.125 0.64 0.5 129 1.15457561E+00 1.15440120E+00
0.25 0.32 1 137 1.21918748E+00 1.21890226E+00
0.5 0.16 2 189 1.39948902E+00 1.39850792E+00


==============
JOB STATISTICS
==============

JobID             State     AveRSS     MaxRSS 
------------ ---------- ---------- ---------- 
298980        COMPLETED                       
298980.batch  COMPLETED     21732K     21732K 
298980.exte+  COMPLETED                       

Job ID: 298980
Cluster: umbrella
User/Group: 20220558/umbrella
State: COMPLETED (exit code 0)
Nodes: 1
Cores per node: 15
CPU Utilized: 00:00:01
CPU Efficiency: 3.33% of 00:00:30 core-walltime
Job Wall-clock time: 00:00:02
Memory Utilized: 21.22 MB
Memory Efficiency: 0.02% of 100.00 GB (100.00 GB/node)

If "OOM Killed" appears in the job output, or if any job step state
is "OUT_OF_MEMORY", you may have requested too little memory. Please
see https://supercomputing.tue.nl/documentation/kb/slurm/6/ for more
information.
