Module for Umbrella/2024 loaded successfully
=== U_avg = 0.125  deltat = 0.2  Wi = 0.5  (/vast.mnt/home/20220558/rom-inference/mesh_conv/oldroyd-rom-m4/sweep_oldroyd_uavg/oldroyd_lam_1_beta_0p11111111111111111_uavg_0p125)
=== U_avg = 0.25  deltat = 0.1  Wi = 1  (/vast.mnt/home/20220558/rom-inference/mesh_conv/oldroyd-rom-m4/sweep_oldroyd_uavg/oldroyd_lam_1_beta_0p11111111111111111_uavg_0p25)
=== U_avg = 0.5  deltat = 0.05  Wi = 2  (/vast.mnt/home/20220558/rom-inference/mesh_conv/oldroyd-rom-m4/sweep_oldroyd_uavg/oldroyd_lam_1_beta_0p11111111111111111_uavg_0p5)
# U_avg deltat Wi last_step max_height end_height
0.125 0.2 0.5 327 1.14772309E+00 1.14749983E+00
0.25 0.1 1 398 1.23349691E+00 1.23316174E+00
0.5 0.05 2 605 1.45960676E+00 1.45869469E+00


==============
JOB STATISTICS
==============

JobID             State     AveRSS     MaxRSS 
------------ ---------- ---------- ---------- 
299483        COMPLETED                       
299483.batch  COMPLETED     90236K     90236K 
299483.exte+  COMPLETED                       


If "OOM Killed" appears in the job output, or if any job step state
is "OUT_OF_MEMORY", you may have requested too little memory. Please
see https://supercomputing.tue.nl/documentation/kb/slurm/6/ for more
information.
