 comppar: model =   3
 comppar: lambda,mobility/eps,betav,eta_0 =  9.0000E+00  8.0000E-02  1.0000E-01  1.0000E+00
 comppar: eta_s,eta_p,G =  1.0000E-01  9.0000E-01  1.0000E-01
 comppar: U_avg,deltat,flowrate,nsteps =  1.0000E-01  4.0000E-01  3.1416E-01    1000
 comppar: geometry = axisymmetric
 comppar: steady stop change,gap,hold,min =  1.0000E-05  2.0000E-04      10      80
 comppar: steady stop rounded decimals =       4
 comppar: ncompc,ncompg =     4     5
 mesh nnodes = 22999
 mesh nelem = 11296
 P1 BC   5.0000000000000000     
 P2 BC   0.0000000000000000     
     1  4.00000000E-01  1.00503185E+00  1.00000000E+00  1.00503185E+00
     2  8.00000000E-01  1.00982872E+00  1.00000000E+00  1.00982872E+00
     3  1.20000000E+00  1.01437587E+00  1.00000000E+00  1.01437587E+00
     4  1.60000000E+00  1.01877402E+00  1.00000000E+00  1.01877402E+00
     5  2.00000000E+00  1.02308073E+00  1.00000000E+00  1.02308073E+00
     6  2.40000000E+00  1.02736864E+00  1.00000001E+00  1.02736864E+00
     7  2.80000000E+00  1.03170164E+00  1.00000001E+00  1.03170164E+00
     8  3.20000000E+00  1.03613996E+00  1.00000001E+00  1.03613996E+00
     9  3.60000000E+00  1.04071034E+00  1.00000001E+00  1.04071034E+00
    10  4.00000000E+00  1.04543749E+00  1.00000001E+00  1.04543749E+00
    11  4.40000000E+00  1.05033813E+00  1.00000001E+00  1.05033813E+00
    12  4.80000000E+00  1.05541729E+00  1.00000001E+00  1.05541729E+00
    13  5.20000000E+00  1.06067425E+00  1.00000001E+00  1.06067425E+00
    14  5.60000000E+00  1.06611841E+00  1.00000001E+00  1.06611841E+00
    15  6.00000000E+00  1.07172048E+00  1.00000000E+00  1.07172048E+00
    16  6.40000000E+00  1.07748211E+00  9.99999995E-01  1.07748211E+00
    17  6.80000000E+00  1.08338940E+00  9.99999987E-01  1.08338940E+00
    18  7.20000000E+00  1.08941437E+00  9.99999978E-01  1.08941437E+00
    19  7.60000000E+00  1.09554008E+00  9.99999966E-01  1.09554008E+00
    20  8.00000000E+00  1.10175815E+00  9.99999952E-01  1.10175815E+00
    21  8.40000000E+00  1.10804529E+00  9.99999936E-01  1.10804529E+00
    22  8.80000000E+00  1.11437227E+00  9.99999916E-01  1.11437227E+00
    23  9.20000000E+00  1.12071659E+00  9.99999893E-01  1.12071659E+00
    24  9.60000000E+00  1.12705882E+00  9.99999866E-01  1.12705882E+00
    25  1.00000000E+01  1.13340943E+00  9.99999836E-01  1.13340943E+00
    26  1.04000000E+01  1.13971961E+00  9.99999801E-01  1.13971961E+00
    27  1.08000000E+01  1.14597129E+00  9.99999761E-01  1.14597129E+00
    28  1.12000000E+01  1.15219839E+00  9.99999715E-01  1.15219839E+00
    29  1.16000000E+01  1.15833802E+00  9.99999664E-01  1.15833802E+00
    30  1.20000000E+01  1.16440934E+00  9.99999606E-01  1.16440934E+00
    31  1.24000000E+01  1.17040687E+00  9.99999541E-01  1.17040687E+00
    32  1.28000000E+01  1.17632482E+00  9.99999468E-01  1.17632482E+00
    33  1.32000000E+01  1.18215888E+00  9.99999387E-01  1.18215888E+00
    34  1.36000000E+01  1.18793599E+00  9.99999296E-01  1.18793599E+00
    35  1.40000000E+01  1.19359662E+00  9.99999196E-01  1.19359662E+00
    36  1.44000000E+01  1.19918529E+00  9.99999084E-01  1.19918529E+00
    37  1.48000000E+01  1.20465435E+00  9.99998961E-01  1.20465435E+00
    38  1.52000000E+01  1.21003252E+00  9.99998825E-01  1.21003252E+00
    39  1.56000000E+01  1.21530122E+00  9.99998675E-01  1.21530122E+00
    40  1.60000000E+01  1.22049933E+00  9.99998510E-01  1.22049933E+00
    41  1.64000000E+01  1.22555179E+00  9.99998329E-01  1.22555179E+00
    42  1.68000000E+01  1.23053148E+00  9.99998131E-01  1.23053148E+00
    43  1.72000000E+01  1.23535650E+00  9.99997913E-01  1.23535650E+00
    44  1.76000000E+01  1.24011352E+00  9.99997676E-01  1.24011352E+00
    45  1.80000000E+01  1.24472044E+00  9.99997416E-01  1.24472044E+00
    46  1.84000000E+01  1.24926287E+00  9.99997134E-01  1.24926287E+00
    47  1.88000000E+01  1.25368001E+00  9.99996825E-01  1.25368001E+00
    48  1.92000000E+01  1.25794402E+00  9.99996490E-01  1.25794402E+00
    49  1.96000000E+01  1.26216298E+00  9.99996126E-01  1.26216298E+00
    50  2.00000000E+01  1.26621494E+00  9.99995731E-01  1.26621494E+00
    51  2.04000000E+01  1.27014733E+00  9.99995302E-01  1.27014733E+00
    52  2.08000000E+01  1.27396043E+00  9.99994837E-01  1.27396043E+00
    53  2.12000000E+01  1.27755855E+00  9.99994335E-01  1.27755855E+00
    54  2.16000000E+01  1.28114551E+00  9.99993791E-01  1.28114551E+00
    55  2.20000000E+01  1.28457970E+00  9.99993204E-01  1.28457970E+00
    56  2.24000000E+01  1.28785817E+00  9.99992571E-01  1.28785817E+00
    57  2.28000000E+01  1.29111641E+00  9.99991888E-01  1.29111641E+00
    58  2.32000000E+01  1.29420364E+00  9.99991152E-01  1.29420364E+00
    59  2.36000000E+01  1.29709617E+00  9.99990360E-01  1.29709617E+00
    60  2.40000000E+01  1.30000651E+00  9.99989507E-01  1.30000651E+00
    61  2.44000000E+01  1.30275090E+00  9.99988592E-01  1.30275090E+00
    62  2.48000000E+01  1.30535667E+00  9.99987608E-01  1.30535667E+00
    63  2.52000000E+01  1.30791777E+00  9.99986553E-01  1.30791777E+00
    64  2.56000000E+01  1.31040756E+00  9.99985422E-01  1.31040756E+00
    65  2.60000000E+01  1.31273878E+00  9.99984210E-01  1.31273878E+00
    66  2.64000000E+01  1.31495495E+00  9.99982913E-01  1.31495495E+00
    67  2.68000000E+01  1.31714533E+00  9.99981525E-01  1.31714533E+00
    68  2.72000000E+01  1.31919249E+00  9.99980041E-01  1.31919249E+00
    69  2.76000000E+01  1.32111786E+00  9.99978457E-01  1.32111786E+00
    70  2.80000000E+01  1.32305056E+00  9.99976766E-01  1.32305056E+00
    71  2.84000000E+01  1.32488453E+00  9.99974962E-01  1.32488453E+00
    72  2.88000000E+01  1.32656257E+00  9.99973040E-01  1.32656257E+00
    73  2.92000000E+01  1.32820086E+00  9.99970993E-01  1.32820086E+00
    74  2.96000000E+01  1.32978395E+00  9.99968815E-01  1.32978395E+00
    75  3.00000000E+01  1.33126595E+00  9.99966498E-01  1.33126595E+00
    76  3.04000000E+01  1.33264650E+00  9.99964037E-01  1.33264650E+00
    77  3.08000000E+01  1.33405478E+00  9.99961424E-01  1.33405478E+00
    78  3.12000000E+01  1.33536489E+00  9.99958651E-01  1.33536489E+00
    79  3.16000000E+01  1.33657625E+00  9.99955712E-01  1.33657625E+00
    80  3.20000000E+01  1.33776182E+00  9.99952598E-01  1.33776182E+00
    81  3.24000000E+01  1.33892798E+00  9.99949302E-01  1.33892798E+00
    82  3.28000000E+01  1.34000018E+00  9.99945816E-01  1.34000018E+00
    83  3.32000000E+01  1.34099931E+00  9.99942132E-01  1.34099931E+00
    84  3.36000000E+01  1.34201160E+00  9.99938241E-01  1.34201160E+00
    85  3.40000000E+01  1.34293018E+00  9.99934137E-01  1.34293018E+00
    86  3.44000000E+01  1.34377977E+00  9.99929810E-01  1.34377977E+00
    87  3.48000000E+01  1.34464611E+00  9.99925252E-01  1.34464611E+00
    88  3.52000000E+01  1.34543375E+00  9.99920455E-01  1.34543375E+00
    89  3.56000000E+01  1.34617695E+00  9.99915412E-01  1.34617695E+00
    90  3.60000000E+01  1.34691912E+00  9.99910115E-01  1.34691912E+00
    91  3.64000000E+01  1.34760369E+00  9.99904555E-01  1.34760369E+00
    92  3.68000000E+01  1.34824410E+00  9.99898726E-01  1.34824410E+00
    93  3.72000000E+01  1.34887965E+00  9.99892621E-01  1.34887965E+00
    94  3.76000000E+01  1.34944958E+00  9.99886233E-01  1.34944958E+00
    95  3.80000000E+01  1.35001695E+00  9.99879557E-01  1.35001695E+00
    96  3.84000000E+01  1.35054968E+00  9.99872586E-01  1.35054968E+00
    97  3.88000000E+01  1.35106740E+00  9.99865317E-01  1.35106740E+00
    98  3.92000000E+01  1.35154889E+00  9.99857746E-01  1.35154889E+00
    99  3.96000000E+01  1.35202745E+00  9.99849869E-01  1.35202745E+00
   100  4.00000000E+01  1.35247492E+00  9.99841686E-01  1.35247492E+00
   101  4.04000000E+01  1.35290742E+00  9.99833196E-01  1.35290742E+00
   102  4.08000000E+01  1.35331390E+00  9.99824400E-01  1.35331390E+00
   103  4.12000000E+01  1.35370340E+00  9.99815301E-01  1.35370340E+00
   104  4.16000000E+01  1.35406670E+00  9.99805903E-01  1.35406670E+00
   105  4.20000000E+01  1.35441707E+00  9.99796214E-01  1.35441707E+00
   106  4.24000000E+01  1.35473279E+00  9.99786242E-01  1.35473279E+00
   107  4.28000000E+01  1.35505339E+00  9.99775999E-01  1.35505339E+00
   108  4.32000000E+01  1.35533912E+00  9.99765500E-01  1.35533912E+00
   109  4.36000000E+01  1.35561049E+00  9.99754761E-01  1.35561049E+00
   110  4.40000000E+01  1.35587533E+00  9.99743805E-01  1.35587533E+00
   111  4.44000000E+01  1.35610558E+00  9.99732655E-01  1.35610558E+00
   112  4.48000000E+01  1.35633728E+00  9.99721342E-01  1.35633728E+00
   113  4.52000000E+01  1.35654944E+00  9.99709897E-01  1.35654944E+00
   114  4.56000000E+01  1.35673517E+00  9.99698362E-01  1.35673517E+00
   115  4.60000000E+01  1.35692606E+00  9.99686779E-01  1.35692606E+00
   116  4.64000000E+01  1.35709184E+00  9.99675199E-01  1.35709184E+00
   117  4.68000000E+01  1.35724522E+00  9.99663679E-01  1.35724522E+00
   118  4.72000000E+01  1.35739528E+00  9.99652282E-01  1.35739528E+00
   119  4.76000000E+01  1.35752382E+00  9.99641082E-01  1.35752382E+00
   120  4.80000000E+01  1.35764910E+00  9.99630157E-01  1.35764910E+00
   121  4.84000000E+01  1.35776160E+00  9.99619598E-01  1.35776160E+00
   122  4.88000000E+01  1.35785859E+00  9.99609503E-01  1.35785859E+00
   123  4.92000000E+01  1.35795451E+00  9.99599984E-01  1.35795451E+00
   124  4.96000000E+01  1.35803393E+00  9.99591161E-01  1.35803393E+00
   125  5.00000000E+01  1.35811175E+00  9.99583170E-01  1.35811175E+00
   126  5.04000000E+01  1.35817775E+00  9.99576158E-01  1.35817775E+00
   127  5.08000000E+01  1.35823744E+00  9.99570288E-01  1.35823744E+00
   128  5.12000000E+01  1.35829564E+00  9.99565739E-01  1.35829564E+00
   129  5.16000000E+01  1.35834249E+00  9.99562706E-01  1.35834249E+00
   130  5.20000000E+01  1.35838627E+00  9.99561403E-01  1.35838627E+00
   131  5.24000000E+01  1.35842345E+00  9.99562064E-01  1.35842345E+00
   132  5.28000000E+01  1.35845503E+00  9.99564943E-01  1.35845503E+00
   133  5.32000000E+01  1.35848300E+00  9.99570318E-01  1.35848300E+00
   134  5.36000000E+01  1.35850182E+00  9.99578491E-01  1.35850182E+00
   135  5.40000000E+01  1.35852045E+00  9.99589789E-01  1.35852045E+00
   136  5.44000000E+01  1.35853031E+00  9.99604568E-01  1.35853031E+00
   137  5.48000000E+01  1.35853841E+00  9.99623215E-01  1.35853841E+00
   138  5.52000000E+01  1.35854055E+00  9.99646146E-01  1.35854055E+00
   139  5.56000000E+01  1.35853694E+00  9.99673813E-01  1.35853694E+00
   140  5.60000000E+01  1.35853115E+00  9.99706706E-01  1.35853115E+00
   141  5.64000000E+01  1.35851869E+00  9.99745350E-01  1.35851869E+00
   142  5.68000000E+01  1.35850413E+00  9.99790314E-01  1.35850413E+00
   143  5.72000000E+01  1.35848632E+00  9.99842213E-01  1.35848632E+00
   144  5.76000000E+01  1.35846324E+00  9.99901705E-01  1.35846324E+00
   145  5.80000000E+01  1.35843851E+00  9.99969501E-01  1.35843851E+00
   146  5.84000000E+01  1.35841159E+00  1.00004636E+00  1.35841159E+00
   147  5.88000000E+01  1.35838088E+00  1.00013311E+00  1.35838088E+00
   148  5.92000000E+01  1.35834704E+00  1.00023063E+00  1.35834704E+00
   149  5.96000000E+01  1.35831326E+00  1.00033986E+00  1.35831326E+00
   150  6.00000000E+01  1.35827579E+00  1.00046181E+00  1.35827579E+00
   151  6.04000000E+01  1.35823416E+00  1.00059756E+00  1.35823416E+00
   152  6.08000000E+01  1.35819450E+00  1.00074827E+00  1.35819450E+00
   153  6.12000000E+01  1.35815210E+00  1.00091519E+00  1.35815210E+00
   154  6.16000000E+01  1.35810629E+00  1.00109962E+00  1.35810629E+00
   155  6.20000000E+01  1.35806057E+00  1.00130299E+00  1.35806057E+00
   156  6.24000000E+01  1.35801529E+00  1.00152679E+00  1.35801529E+00
   157  6.28000000E+01  1.35796835E+00  1.00177263E+00  1.35796835E+00
   158  6.32000000E+01  1.35792037E+00  1.00204221E+00  1.35792037E+00
   159  6.36000000E+01  1.35787119E+00  1.00233735E+00  1.35787119E+00
   160  6.40000000E+01  1.35782343E+00  1.00265997E+00  1.35782343E+00
   161  6.44000000E+01  1.35778038E+00  1.00301211E+00  1.35778038E+00
   162  6.48000000E+01  1.35773955E+00  1.00339595E+00  1.35773955E+00
   163  6.52000000E+01  1.35769853E+00  1.00381378E+00  1.35769853E+00
   164  6.56000000E+01  1.35765498E+00  1.00426802E+00  1.35765498E+00
   165  6.60000000E+01  1.35761229E+00  1.00476125E+00  1.35761229E+00
   166  6.64000000E+01  1.35757583E+00  1.00529617E+00  1.35757583E+00
   167  6.68000000E+01  1.35755548E+00  1.00587563E+00  1.35755548E+00
   168  6.72000000E+01  1.35753578E+00  1.00650264E+00  1.35753578E+00
   169  6.76000000E+01  1.35751677E+00  1.00718035E+00  1.35751677E+00
   170  6.80000000E+01  1.35749972E+00  1.00791208E+00  1.35749972E+00
   171  6.84000000E+01  1.35748387E+00  1.00870129E+00  1.35748387E+00
   172  6.88000000E+01  1.35746916E+00  1.00955161E+00  1.35746916E+00
   173  6.92000000E+01  1.35745600E+00  1.01046682E+00  1.35745600E+00
   174  6.96000000E+01  1.35744502E+00  1.01145086E+00  1.35744502E+00
   175  7.00000000E+01  1.35743527E+00  1.01250780E+00  1.35743527E+00
   176  7.04000000E+01  1.35742673E+00  1.01364189E+00  1.35742673E+00
   177  7.08000000E+01  1.35741952E+00  1.01485750E+00  1.35741952E+00
   178  7.12000000E+01  1.35741428E+00  1.01615913E+00  1.35741428E+00
   179  7.16000000E+01  1.35740984E+00  1.01755139E+00  1.35740984E+00
   180  7.20000000E+01  1.35740612E+00  1.01903903E+00  1.35740612E+00
   181  7.24000000E+01  1.35740303E+00  1.02062684E+00  1.35740303E+00
   182  7.28000000E+01  1.35740051E+00  1.02231970E+00  1.35740051E+00
   183  7.32000000E+01  1.35739852E+00  1.02412256E+00  1.35739852E+00
   184  7.36000000E+01  1.35739702E+00  1.02604034E+00  1.35739702E+00
   185  7.40000000E+01  1.35739599E+00  1.02807799E+00  1.35739599E+00
   186  7.44000000E+01  1.35739537E+00  1.03024039E+00  1.35739537E+00
   187  7.48000000E+01  1.35739513E+00  1.03253236E+00  1.35739513E+00
   188  7.52000000E+01  1.35739522E+00  1.03495858E+00  1.35739522E+00
   189  7.56000000E+01  1.35739559E+00  1.03752358E+00  1.35739559E+00
   190  7.60000000E+01  1.35739620E+00  1.04023168E+00  1.35739620E+00
   191  7.64000000E+01  1.35739701E+00  1.04308693E+00  1.35739701E+00
   192  7.68000000E+01  1.35739798E+00  1.04609308E+00  1.35739798E+00
   193  7.72000000E+01  1.35739908E+00  1.04925352E+00  1.35739908E+00
   194  7.76000000E+01  1.35740030E+00  1.05257122E+00  1.35740030E+00
   195  7.80000000E+01  1.35740167E+00  1.05604870E+00  1.35740167E+00
   196  7.84000000E+01  1.35740309E+00  1.05968793E+00  1.35740309E+00
   197  7.88000000E+01  1.35740454E+00  1.06349033E+00  1.35740454E+00
   198  7.92000000E+01  1.35740601E+00  1.06745673E+00  1.35740601E+00
   199  7.96000000E+01  1.35740747E+00  1.07158725E+00  1.35740747E+00
   200  8.00000000E+01  1.35740893E+00  1.07588137E+00  1.35740893E+00
   201  8.04000000E+01  1.35741037E+00  1.08033781E+00  1.35741037E+00
   202  8.08000000E+01  1.35741178E+00  1.08495458E+00  1.35741178E+00
   203  8.12000000E+01  1.35741315E+00  1.08972892E+00  1.35741315E+00
   204  8.16000000E+01  1.35741449E+00  1.09465731E+00  1.35741449E+00
   205  8.20000000E+01  1.35741579E+00  1.09973549E+00  1.35741579E+00
   206  8.24000000E+01  1.35741709E+00  1.10495848E+00  1.35741709E+00
   207  8.28000000E+01  1.35741834E+00  1.11032058E+00  1.35741834E+00
   208  8.32000000E+01  1.35741953E+00  1.11581547E+00  1.35741953E+00
   209  8.36000000E+01  1.35742068E+00  1.12143620E+00  1.35742068E+00
   210  8.40000000E+01  1.35742176E+00  1.12717531E+00  1.35742176E+00
   211  8.44000000E+01  1.35742279E+00  1.13302485E+00  1.35742279E+00
   212  8.48000000E+01  1.35742377E+00  1.13897651E+00  1.35742377E+00
   213  8.52000000E+01  1.35742468E+00  1.14502166E+00  1.35742468E+00
   214  8.56000000E+01  1.35742555E+00  1.15115147E+00  1.35742555E+00
   215  8.60000000E+01  1.35742636E+00  1.15735697E+00  1.35742636E+00
   216  8.64000000E+01  1.35742712E+00  1.16362914E+00  1.35742712E+00
   217  8.68000000E+01  1.35742782E+00  1.16995899E+00  1.35742782E+00
   218  8.72000000E+01  1.35742848E+00  1.17633761E+00  1.35742848E+00
   219  8.76000000E+01  1.35742910E+00  1.18275624E+00  1.35742910E+00
   220  8.80000000E+01  1.35742966E+00  1.18920625E+00  1.35742966E+00
   221  8.84000000E+01  1.35743019E+00  1.19567921E+00  1.35743019E+00
   222  8.88000000E+01  1.35743067E+00  1.20216685E+00  1.35743067E+00
   223  8.92000000E+01  1.35743111E+00  1.20866102E+00  1.35743111E+00
   224  8.96000000E+01  1.35743152E+00  1.21515362E+00  1.35743152E+00
   225  9.00000000E+01  1.35743189E+00  1.22163658E+00  1.35743189E+00
   226  9.04000000E+01  1.35743223E+00  1.22810168E+00  1.35743223E+00
   227  9.08000000E+01  1.35743254E+00  1.23454051E+00  1.35743254E+00
   228  9.12000000E+01  1.35743282E+00  1.24094428E+00  1.35743282E+00
   229  9.16000000E+01  1.35743308E+00  1.24730377E+00  1.35743308E+00
   230  9.20000000E+01  1.35743331E+00  1.25360914E+00  1.35743331E+00
   231  9.24000000E+01  1.35743352E+00  1.25984984E+00  1.35743352E+00
   232  9.28000000E+01  1.35743370E+00  1.26601454E+00  1.35743370E+00
   233  9.32000000E+01  1.35743387E+00  1.27209103E+00  1.35743387E+00
   234  9.36000000E+01  1.35743402E+00  1.27806616E+00  1.35743402E+00
   235  9.40000000E+01  1.35743416E+00  1.28392588E+00  1.35743416E+00
   236  9.44000000E+01  1.35743428E+00  1.28965524E+00  1.35743428E+00
   237  9.48000000E+01  1.35743438E+00  1.29523848E+00  1.35743438E+00
   238  9.52000000E+01  1.35743448E+00  1.30065910E+00  1.35743448E+00
   239  9.56000000E+01  1.35743456E+00  1.30590008E+00  1.35743456E+00
   240  9.60000000E+01  1.35743464E+00  1.31094403E+00  1.35743464E+00
   241  9.64000000E+01  1.35743470E+00  1.31577348E+00  1.35743470E+00
   242  9.68000000E+01  1.35743476E+00  1.32037112E+00  1.35743476E+00
   243  9.72000000E+01  1.35743481E+00  1.32472020E+00  1.35743481E+00
   244  9.76000000E+01  1.35743486E+00  1.32880483E+00  1.35743486E+00
   245  9.80000000E+01  1.35743489E+00  1.33261050E+00  1.35743489E+00
   246  9.84000000E+01  1.35743493E+00  1.33612447E+00  1.35743493E+00
   247  9.88000000E+01  1.35743496E+00  1.33933629E+00  1.35743496E+00
   248  9.92000000E+01  1.35743499E+00  1.34223833E+00  1.35743499E+00
   249  9.96000000E+01  1.35743501E+00  1.34482630E+00  1.35743501E+00
   250  1.00000000E+02  1.35743503E+00  1.34709974E+00  1.35743503E+00
   251  1.00400000E+02  1.35743505E+00  1.34906242E+00  1.35743505E+00
   252  1.00800000E+02  1.35743507E+00  1.35072276E+00  1.35743507E+00
   253  1.01200000E+02  1.35743508E+00  1.35209394E+00  1.35743508E+00
   254  1.01600000E+02  1.35743510E+00  1.35319396E+00  1.35743510E+00
   255  1.02000000E+02  1.35743511E+00  1.35404543E+00  1.35743511E+00
   256  1.02400000E+02  1.35743512E+00  1.35467503E+00  1.35743512E+00
   257  1.02800000E+02  1.35743514E+00  1.35511286E+00  1.35743514E+00
   258  1.03200000E+02  1.35743515E+00  1.35539135E+00  1.35743515E+00
   259  1.03600000E+02  1.35743516E+00  1.35554409E+00  1.35743516E+00
   260  1.04000000E+02  1.35743517E+00  1.35560441E+00  1.35743517E+00
   261  1.04400000E+02  1.35743518E+00  1.35560393E+00  1.35743518E+00
   262  1.04800000E+02  1.35743519E+00  1.35557113E+00  1.35743519E+00
   263  1.05200000E+02  1.35743521E+00  1.35553007E+00  1.35743521E+00
   264  1.05600000E+02  1.35743522E+00  1.35549944E+00  1.35743522E+00
   265  1.06000000E+02  1.35743523E+00  1.35549189E+00  1.35743523E+00
   266  1.06400000E+02  1.35743524E+00  1.35551392E+00  1.35743524E+00
   267  1.06800000E+02  1.35743525E+00  1.35556621E+00  1.35743525E+00
   268  1.07200000E+02  1.35743527E+00  1.35564441E+00  1.35743527E+00
   269  1.07600000E+02  1.35743528E+00  1.35574032E+00  1.35743528E+00
   270  1.08000000E+02  1.35743529E+00  1.35584340E+00  1.35743529E+00
   271  1.08400000E+02  1.35743530E+00  1.35594230E+00  1.35743530E+00
   272  1.08800000E+02  1.35743532E+00  1.35602644E+00  1.35743532E+00
   273  1.09200000E+02  1.35743533E+00  1.35608723E+00  1.35743533E+00
   274  1.09600000E+02  1.35743535E+00  1.35611909E+00  1.35743535E+00
   275  1.10000000E+02  1.35743536E+00  1.35611985E+00  1.35743536E+00
   276  1.10400000E+02  1.35743537E+00  1.35609076E+00  1.35743537E+00
   277  1.10800000E+02  1.35743539E+00  1.35603603E+00  1.35743539E+00
   278  1.11200000E+02  1.35743540E+00  1.35596201E+00  1.35743540E+00
   279  1.11600000E+02  1.35743541E+00  1.35587616E+00  1.35743541E+00
   280  1.12000000E+02  1.35743543E+00  1.35578600E+00  1.35743543E+00
   281  1.12400000E+02  1.35743544E+00  1.35569814E+00  1.35743544E+00
   282  1.12800000E+02  1.35743545E+00  1.35561758E+00  1.35743545E+00
   283  1.13200000E+02  1.35743547E+00  1.35554735E+00  1.35743547E+00
   284  1.13600000E+02  1.35743548E+00  1.35548845E+00  1.35743548E+00
   285  1.14000000E+02  1.35743550E+00  1.35544016E+00  1.35743550E+00
   286  1.14400000E+02  1.35743551E+00  1.35540048E+00  1.35743551E+00
   287  1.14800000E+02  1.35743552E+00  1.35536679E+00  1.35743552E+00
   288  1.15200000E+02  1.35743553E+00  1.35533639E+00  1.35743553E+00
   289  1.15600000E+02  1.35743555E+00  1.35530702E+00  1.35743555E+00
   290  1.16000000E+02  1.35743556E+00  1.35527711E+00  1.35743556E+00
   291  1.16400000E+02  1.35743557E+00  1.35524591E+00  1.35743557E+00
   292  1.16800000E+02  1.35743558E+00  1.35521343E+00  1.35743558E+00
   293  1.17200000E+02  1.35743559E+00  1.35518021E+00  1.35743559E+00
   294  1.17600000E+02  1.35743561E+00  1.35514707E+00  1.35743561E+00
   295  1.18000000E+02  1.35743562E+00  1.35511489E+00  1.35743562E+00
   296  1.18400000E+02  1.35743563E+00  1.35508439E+00  1.35743563E+00
   297  1.18800000E+02  1.35743564E+00  1.35505605E+00  1.35743564E+00
   298  1.19200000E+02  1.35743565E+00  1.35503010E+00  1.35743565E+00
   299  1.19600000E+02  1.35743566E+00  1.35500657E+00  1.35743566E+00
   300  1.20000000E+02  1.35743567E+00  1.35498537E+00  1.35743567E+00
   301  1.20400000E+02  1.35743568E+00  1.35496636E+00  1.35743568E+00
   302  1.20800000E+02  1.35743569E+00  1.35494942E+00  1.35743569E+00
   303  1.21200000E+02  1.35743569E+00  1.35493447E+00  1.35743569E+00
   304  1.21600000E+02  1.35743570E+00  1.35492140E+00  1.35743570E+00
   305  1.22000000E+02  1.35743571E+00  1.35491008E+00  1.35743571E+00
   306  1.22400000E+02  1.35743572E+00  1.35490030E+00  1.35743572E+00
   307  1.22800000E+02  1.35743573E+00  1.35489179E+00  1.35743573E+00
   308  1.23200000E+02  1.35743573E+00  1.35488419E+00  1.35743573E+00
   309  1.23600000E+02  1.35743574E+00  1.35487716E+00  1.35743574E+00
   310  1.24000000E+02  1.35743575E+00  1.35487041E+00  1.35743575E+00
   311  1.24400000E+02  1.35743575E+00  1.35486373E+00  1.35743575E+00
   312  1.24800000E+02  1.35743576E+00  1.35485711E+00  1.35743576E+00
   313  1.25200000E+02  1.35743577E+00  1.35485066E+00  1.35743577E+00
   314  1.25600000E+02  1.35743577E+00  1.35484462E+00  1.35743577E+00
   315  1.26000000E+02  1.35743578E+00  1.35483928E+00  1.35743578E+00
   316  1.26400000E+02  1.35743578E+00  1.35483492E+00  1.35743578E+00
   317  1.26800000E+02  1.35743579E+00  1.35483173E+00  1.35743579E+00
   318  1.27200000E+02  1.35743579E+00  1.35482978E+00  1.35743579E+00
   319  1.27600000E+02  1.35743579E+00  1.35482898E+00  1.35743579E+00
   320  1.28000000E+02  1.35743580E+00  1.35482914E+00  1.35743580E+00
   321  1.28400000E+02  1.35743580E+00  1.35482999E+00  1.35743580E+00
   322  1.28800000E+02  1.35743581E+00  1.35483121E+00  1.35743581E+00
   323  1.29200000E+02  1.35743581E+00  1.35483256E+00  1.35743581E+00
   324  1.29600000E+02  1.35743581E+00  1.35483385E+00  1.35743581E+00
   325  1.30000000E+02  1.35743582E+00  1.35483499E+00  1.35743582E+00
   326  1.30400000E+02  1.35743582E+00  1.35483598E+00  1.35743582E+00
   327  1.30800000E+02  1.35743582E+00  1.35483687E+00  1.35743582E+00
   328  1.31200000E+02  1.35743583E+00  1.35483776E+00  1.35743583E+00
   329  1.31600000E+02  1.35743583E+00  1.35483875E+00  1.35743583E+00
   330  1.32000000E+02  1.35743583E+00  1.35483990E+00  1.35743583E+00
   331  1.32400000E+02  1.35743583E+00  1.35484123E+00  1.35743583E+00
   332  1.32800000E+02  1.35743584E+00  1.35484274E+00  1.35743584E+00
   333  1.33200000E+02  1.35743584E+00  1.35484437E+00  1.35743584E+00
   334  1.33600000E+02  1.35743584E+00  1.35484607E+00  1.35743584E+00
   335  1.34000000E+02  1.35743584E+00  1.35484778E+00  1.35743584E+00
   336  1.34400000E+02  1.35743584E+00  1.35484945E+00  1.35743584E+00
   337  1.34800000E+02  1.35743584E+00  1.35485105E+00  1.35743584E+00
   338  1.35200000E+02  1.35743585E+00  1.35485255E+00  1.35743585E+00
   339  1.35600000E+02  1.35743585E+00  1.35485397E+00  1.35743585E+00
   340  1.36000000E+02  1.35743585E+00  1.35485532E+00  1.35743585E+00
   341  1.36400000E+02  1.35743585E+00  1.35485659E+00  1.35743585E+00
   342  1.36800000E+02  1.35743585E+00  1.35485782E+00  1.35743585E+00
   343  1.37200000E+02  1.35743585E+00  1.35485900E+00  1.35743585E+00
   344  1.37600000E+02  1.35743585E+00  1.35486013E+00  1.35743585E+00
   345  1.38000000E+02  1.35743585E+00  1.35486121E+00  1.35743585E+00
   346  1.38400000E+02  1.35743585E+00  1.35486224E+00  1.35743585E+00
   347  1.38800000E+02  1.35743586E+00  1.35486322E+00  1.35743586E+00
   348  1.39200000E+02  1.35743586E+00  1.35486414E+00  1.35743586E+00
   349  1.39600000E+02  1.35743586E+00  1.35486500E+00  1.35743586E+00
   350  1.40000000E+02  1.35743586E+00  1.35486580E+00  1.35743586E+00
   351  1.40400000E+02  1.35743586E+00  1.35486654E+00  1.35743586E+00
   352  1.40800000E+02  1.35743586E+00  1.35486723E+00  1.35743586E+00
   353  1.41200000E+02  1.35743586E+00  1.35486787E+00  1.35743586E+00
   354  1.41600000E+02  1.35743586E+00  1.35486846E+00  1.35743586E+00
   355  1.42000000E+02  1.35743586E+00  1.35486900E+00  1.35743586E+00
   356  1.42400000E+02  1.35743586E+00  1.35486950E+00  1.35743586E+00
   357  1.42800000E+02  1.35743586E+00  1.35486996E+00  1.35743586E+00
   358  1.43200000E+02  1.35743586E+00  1.35487038E+00  1.35743586E+00
   359  1.43600000E+02  1.35743586E+00  1.35487076E+00  1.35743586E+00
   360  1.44000000E+02  1.35743586E+00  1.35487111E+00  1.35743586E+00
   361  1.44400000E+02  1.35743586E+00  1.35487143E+00  1.35743586E+00
   362  1.44800000E+02  1.35743586E+00  1.35487172E+00  1.35743586E+00
   363  1.45200000E+02  1.35743586E+00  1.35487199E+00  1.35743586E+00
   364  1.45600000E+02  1.35743586E+00  1.35487222E+00  1.35743586E+00
   365  1.46000000E+02  1.35743586E+00  1.35487244E+00  1.35743586E+00
   366  1.46400000E+02  1.35743586E+00  1.35487263E+00  1.35743586E+00
   367  1.46800000E+02  1.35743586E+00  1.35487280E+00  1.35743586E+00
   368  1.47200000E+02  1.35743587E+00  1.35487296E+00  1.35743587E+00
   369  1.47600000E+02  1.35743587E+00  1.35487309E+00  1.35743587E+00
   370  1.48000000E+02  1.35743587E+00  1.35487321E+00  1.35743587E+00
   371  1.48400000E+02  1.35743587E+00  1.35487332E+00  1.35743587E+00
   372  1.48800000E+02  1.35743587E+00  1.35487341E+00  1.35743587E+00
   373  1.49200000E+02  1.35743587E+00  1.35487350E+00  1.35743587E+00
   374  1.49600000E+02  1.35743587E+00  1.35487357E+00  1.35743587E+00
   375  1.50000000E+02  1.35743587E+00  1.35487364E+00  1.35743587E+00
   376  1.50400000E+02  1.35743587E+00  1.35487369E+00  1.35743587E+00
   377  1.50800000E+02  1.35743587E+00  1.35487374E+00  1.35743587E+00
   378  1.51200000E+02  1.35743587E+00  1.35487379E+00  1.35743587E+00
   379  1.51600000E+02  1.35743587E+00  1.35487383E+00  1.35743587E+00
   380  1.52000000E+02  1.35743587E+00  1.35487386E+00  1.35743587E+00
   381  1.52400000E+02  1.35743587E+00  1.35487389E+00  1.35743587E+00
   382  1.52800000E+02  1.35743587E+00  1.35487392E+00  1.35743587E+00
   383  1.53200000E+02  1.35743587E+00  1.35487394E+00  1.35743587E+00
   384  1.53600000E+02  1.35743587E+00  1.35487396E+00  1.35743587E+00
   385  1.54000000E+02  1.35743587E+00  1.35487398E+00  1.35743587E+00
   386  1.54400000E+02  1.35743587E+00  1.35487399E+00  1.35743587E+00
   387  1.54800000E+02  1.35743587E+00  1.35487401E+00  1.35743587E+00
   388  1.55200000E+02  1.35743587E+00  1.35487402E+00  1.35743587E+00
   389  1.55600000E+02  1.35743587E+00  1.35487403E+00  1.35743587E+00
   390  1.56000000E+02  1.35743587E+00  1.35487405E+00  1.35743587E+00
   391  1.56400000E+02  1.35743587E+00  1.35487406E+00  1.35743587E+00
   392  1.56800000E+02  1.35743587E+00  1.35487407E+00  1.35743587E+00
   393  1.57200000E+02  1.35743587E+00  1.35487408E+00  1.35743587E+00
   394  1.57600000E+02  1.35743587E+00  1.35487409E+00  1.35743587E+00
   395  1.58000000E+02  1.35743587E+00  1.35487410E+00  1.35743587E+00
   396  1.58400000E+02  1.35743587E+00  1.35487411E+00  1.35743587E+00
   397  1.58800000E+02  1.35743587E+00  1.35487412E+00  1.35743587E+00
   398  1.59200000E+02  1.35743587E+00  1.35487413E+00  1.35743587E+00
   399  1.59600000E+02  1.35743587E+00  1.35487414E+00  1.35743587E+00
   400  1.60000000E+02  1.35743587E+00  1.35487415E+00  1.35743587E+00
   401  1.60400000E+02  1.35743587E+00  1.35487417E+00  1.35743587E+00
   402  1.60800000E+02  1.35743587E+00  1.35487418E+00  1.35743587E+00
   403  1.61200000E+02  1.35743587E+00  1.35487419E+00  1.35743587E+00
   404  1.61600000E+02  1.35743587E+00  1.35487420E+00  1.35743587E+00
   405  1.62000000E+02  1.35743587E+00  1.35487422E+00  1.35743587E+00
   406  1.62400000E+02  1.35743587E+00  1.35487423E+00  1.35743587E+00
   407  1.62800000E+02  1.35743587E+00  1.35487424E+00  1.35743587E+00
   408  1.63200000E+02  1.35743587E+00  1.35487426E+00  1.35743587E+00
   409  1.63600000E+02  1.35743587E+00  1.35487427E+00  1.35743587E+00
   410  1.64000000E+02  1.35743587E+00  1.35487428E+00  1.35743587E+00
   411  1.64400000E+02  1.35743587E+00  1.35487430E+00  1.35743587E+00
   412  1.64800000E+02  1.35743587E+00  1.35487431E+00  1.35743587E+00
   413  1.65200000E+02  1.35743587E+00  1.35487433E+00  1.35743587E+00
   414  1.65600000E+02  1.35743587E+00  1.35487434E+00  1.35743587E+00
   415  1.66000000E+02  1.35743587E+00  1.35487435E+00  1.35743587E+00
   416  1.66400000E+02  1.35743587E+00  1.35487437E+00  1.35743587E+00
   417  1.66800000E+02  1.35743587E+00  1.35487438E+00  1.35743587E+00
   418  1.67200000E+02  1.35743587E+00  1.35487440E+00  1.35743587E+00
   419  1.67600000E+02  1.35743587E+00  1.35487441E+00  1.35743587E+00
   420  1.68000000E+02  1.35743587E+00  1.35487442E+00  1.35743587E+00
   421  1.68400000E+02  1.35743587E+00  1.35487444E+00  1.35743587E+00
   422  1.68800000E+02  1.35743587E+00  1.35487445E+00  1.35743587E+00
   423  1.69200000E+02  1.35743587E+00  1.35487446E+00  1.35743587E+00
   424  1.69600000E+02  1.35743587E+00  1.35487447E+00  1.35743587E+00
   425  1.70000000E+02  1.35743587E+00  1.35487449E+00  1.35743587E+00
   426  1.70400000E+02  1.35743587E+00  1.35487450E+00  1.35743587E+00
   427  1.70800000E+02  1.35743587E+00  1.35487451E+00  1.35743587E+00
   428  1.71200000E+02  1.35743587E+00  1.35487452E+00  1.35743587E+00
   429  1.71600000E+02  1.35743587E+00  1.35487453E+00  1.35743587E+00
   430  1.72000000E+02  1.35743587E+00  1.35487454E+00  1.35743587E+00
   431  1.72400000E+02  1.35743587E+00  1.35487455E+00  1.35743587E+00
   432  1.72800000E+02  1.35743587E+00  1.35487456E+00  1.35743587E+00
   433  1.73200000E+02  1.35743587E+00  1.35487457E+00  1.35743587E+00
   434  1.73600000E+02  1.35743587E+00  1.35487458E+00  1.35743587E+00
   435  1.74000000E+02  1.35743587E+00  1.35487459E+00  1.35743587E+00
   436  1.74400000E+02  1.35743587E+00  1.35487460E+00  1.35743587E+00
   437  1.74800000E+02  1.35743587E+00  1.35487461E+00  1.35743587E+00
   438  1.75200000E+02  1.35743587E+00  1.35487462E+00  1.35743587E+00
   439  1.75600000E+02  1.35743587E+00  1.35487463E+00  1.35743587E+00
   440  1.76000000E+02  1.35743587E+00  1.35487464E+00  1.35743587E+00
   441  1.76400000E+02  1.35743587E+00  1.35487464E+00  1.35743587E+00
   442  1.76800000E+02  1.35743587E+00  1.35487465E+00  1.35743587E+00
   443  1.77200000E+02  1.35743587E+00  1.35487466E+00  1.35743587E+00
   444  1.77600000E+02  1.35743587E+00  1.35487467E+00  1.35743587E+00
   445  1.78000000E+02  1.35743587E+00  1.35487467E+00  1.35743587E+00
   446  1.78400000E+02  1.35743587E+00  1.35487468E+00  1.35743587E+00
   447  1.78800000E+02  1.35743587E+00  1.35487468E+00  1.35743587E+00
   448  1.79200000E+02  1.35743587E+00  1.35487469E+00  1.35743587E+00
   449  1.79600000E+02  1.35743587E+00  1.35487470E+00  1.35743587E+00
   450  1.80000000E+02  1.35743587E+00  1.35487470E+00  1.35743587E+00
   451  1.80400000E+02  1.35743587E+00  1.35487471E+00  1.35743587E+00
   452  1.80800000E+02  1.35743587E+00  1.35487471E+00  1.35743587E+00
   453  1.81200000E+02  1.35743587E+00  1.35487471E+00  1.35743587E+00
   454  1.81600000E+02  1.35743587E+00  1.35487472E+00  1.35743587E+00
   455  1.82000000E+02  1.35743587E+00  1.35487472E+00  1.35743587E+00
   456  1.82400000E+02  1.35743587E+00  1.35487473E+00  1.35743587E+00
   457  1.82800000E+02  1.35743587E+00  1.35487473E+00  1.35743587E+00
   458  1.83200000E+02  1.35743587E+00  1.35487473E+00  1.35743587E+00
   459  1.83600000E+02  1.35743587E+00  1.35487474E+00  1.35743587E+00
   460  1.84000000E+02  1.35743587E+00  1.35487474E+00  1.35743587E+00
   461  1.84400000E+02  1.35743587E+00  1.35487474E+00  1.35743587E+00
   462  1.84800000E+02  1.35743587E+00  1.35487475E+00  1.35743587E+00
   463  1.85200000E+02  1.35743587E+00  1.35487475E+00  1.35743587E+00
   464  1.85600000E+02  1.35743587E+00  1.35487475E+00  1.35743587E+00
   465  1.86000000E+02  1.35743587E+00  1.35487475E+00  1.35743587E+00
   466  1.86400000E+02  1.35743587E+00  1.35487476E+00  1.35743587E+00
   467  1.86800000E+02  1.35743587E+00  1.35487476E+00  1.35743587E+00
   468  1.87200000E+02  1.35743587E+00  1.35487476E+00  1.35743587E+00
   469  1.87600000E+02  1.35743587E+00  1.35487476E+00  1.35743587E+00
   470  1.88000000E+02  1.35743587E+00  1.35487476E+00  1.35743587E+00
   471  1.88400000E+02  1.35743587E+00  1.35487476E+00  1.35743587E+00
   472  1.88800000E+02  1.35743587E+00  1.35487477E+00  1.35743587E+00
   473  1.89200000E+02  1.35743587E+00  1.35487477E+00  1.35743587E+00
   474  1.89600000E+02  1.35743587E+00  1.35487477E+00  1.35743587E+00
   475  1.90000000E+02  1.35743587E+00  1.35487477E+00  1.35743587E+00
   476  1.90400000E+02  1.35743587E+00  1.35487477E+00  1.35743587E+00
   477  1.90800000E+02  1.35743587E+00  1.35487477E+00  1.35743587E+00
   478  1.91200000E+02  1.35743587E+00  1.35487477E+00  1.35743587E+00
   479  1.91600000E+02  1.35743587E+00  1.35487477E+00  1.35743587E+00
   480  1.92000000E+02  1.35743587E+00  1.35487478E+00  1.35743587E+00
   481  1.92400000E+02  1.35743587E+00  1.35487478E+00  1.35743587E+00
   482  1.92800000E+02  1.35743587E+00  1.35487478E+00  1.35743587E+00
   483  1.93200000E+02  1.35743587E+00  1.35487478E+00  1.35743587E+00
   484  1.93600000E+02  1.35743587E+00  1.35487478E+00  1.35743587E+00
   485  1.94000000E+02  1.35743587E+00  1.35487478E+00  1.35743587E+00
   486  1.94400000E+02  1.35743587E+00  1.35487478E+00  1.35743587E+00
   487  1.94800000E+02  1.35743587E+00  1.35487478E+00  1.35743587E+00
   488  1.95200000E+02  1.35743587E+00  1.35487478E+00  1.35743587E+00
   489  1.95600000E+02  1.35743587E+00  1.35487478E+00  1.35743587E+00
   490  1.96000000E+02  1.35743587E+00  1.35487478E+00  1.35743587E+00
   491  1.96400000E+02  1.35743587E+00  1.35487478E+00  1.35743587E+00
   492  1.96800000E+02  1.35743587E+00  1.35487478E+00  1.35743587E+00
   493  1.97200000E+02  1.35743587E+00  1.35487478E+00  1.35743587E+00
   494  1.97600000E+02  1.35743587E+00  1.35487478E+00  1.35743587E+00
   495  1.98000000E+02  1.35743587E+00  1.35487478E+00  1.35743587E+00
   496  1.98400000E+02  1.35743587E+00  1.35487478E+00  1.35743587E+00
   497  1.98800000E+02  1.35743587E+00  1.35487478E+00  1.35743587E+00
   498  1.99200000E+02  1.35743587E+00  1.35487479E+00  1.35743587E+00
   499  1.99600000E+02  1.35743587E+00  1.35487479E+00  1.35743587E+00
   500  2.00000000E+02  1.35743587E+00  1.35487479E+00  1.35743587E+00
   501  2.00400000E+02  1.35743587E+00  1.35487479E+00  1.35743587E+00
   502  2.00800000E+02  1.35743587E+00  1.35487479E+00  1.35743587E+00
   503  2.01200000E+02  1.35743587E+00  1.35487479E+00  1.35743587E+00
   504  2.01600000E+02  1.35743587E+00  1.35487479E+00  1.35743587E+00
   505  2.02000000E+02  1.35743587E+00  1.35487479E+00  1.35743587E+00
   506  2.02400000E+02  1.35743587E+00  1.35487479E+00  1.35743587E+00
   507  2.02800000E+02  1.35743587E+00  1.35487479E+00  1.35743587E+00
   508  2.03200000E+02  1.35743587E+00  1.35487479E+00  1.35743587E+00
   509  2.03600000E+02  1.35743587E+00  1.35487479E+00  1.35743587E+00
   510  2.04000000E+02  1.35743587E+00  1.35487479E+00  1.35743587E+00
   511  2.04400000E+02  1.35743587E+00  1.35487479E+00  1.35743587E+00
   512  2.04800000E+02  1.35743587E+00  1.35487479E+00  1.35743587E+00
   513  2.05200000E+02  1.35743587E+00  1.35487479E+00  1.35743587E+00
   514  2.05600000E+02  1.35743587E+00  1.35487479E+00  1.35743587E+00
   515  2.06000000E+02  1.35743587E+00  1.35487479E+00  1.35743587E+00
   516  2.06400000E+02  1.35743587E+00  1.35487479E+00  1.35743587E+00
   517  2.06800000E+02  1.35743587E+00  1.35487479E+00  1.35743587E+00
   518  2.07200000E+02  1.35743587E+00  1.35487479E+00  1.35743587E+00
   519  2.07600000E+02  1.35743587E+00  1.35487479E+00  1.35743587E+00
   520  2.08000000E+02  1.35743587E+00  1.35487479E+00  1.35743587E+00
   521  2.08400000E+02  1.35743587E+00  1.35487479E+00  1.35743587E+00
   522  2.08800000E+02  1.35743587E+00  1.35487479E+00  1.35743587E+00
   523  2.09200000E+02  1.35743587E+00  1.35487479E+00  1.35743587E+00
   524  2.09600000E+02  1.35743587E+00  1.35487479E+00  1.35743587E+00
   525  2.10000000E+02  1.35743587E+00  1.35487479E+00  1.35743587E+00
   526  2.10400000E+02  1.35743587E+00  1.35487479E+00  1.35743587E+00
   527  2.10800000E+02  1.35743587E+00  1.35487479E+00  1.35743587E+00
   528  2.11200000E+02  1.35743587E+00  1.35487479E+00  1.35743587E+00
   529  2.11600000E+02  1.35743587E+00  1.35487479E+00  1.35743587E+00
   530  2.12000000E+02  1.35743587E+00  1.35487479E+00  1.35743587E+00
   531  2.12400000E+02  1.35743587E+00  1.35487479E+00  1.35743587E+00
   532  2.12800000E+02  1.35743587E+00  1.35487479E+00  1.35743587E+00
   533  2.13200000E+02  1.35743587E+00  1.35487479E+00  1.35743587E+00
   534  2.13600000E+02  1.35743587E+00  1.35487479E+00  1.35743587E+00
   535  2.14000000E+02  1.35743587E+00  1.35487479E+00  1.35743587E+00
   536  2.14400000E+02  1.35743587E+00  1.35487479E+00  1.35743587E+00
   537  2.14800000E+02  1.35743587E+00  1.35487479E+00  1.35743587E+00
   538  2.15200000E+02  1.35743587E+00  1.35487479E+00  1.35743587E+00
   539  2.15600000E+02  1.35743587E+00  1.35487479E+00  1.35743587E+00
   540  2.16000000E+02  1.35743587E+00  1.35487479E+00  1.35743587E+00
   541  2.16400000E+02  1.35743587E+00  1.35487479E+00  1.35743587E+00
   542  2.16800000E+02  1.35743587E+00  1.35487479E+00  1.35743587E+00
   543  2.17200000E+02  1.35743587E+00  1.35487479E+00  1.35743587E+00
   544  2.17600000E+02  1.35743587E+00  1.35487479E+00  1.35743587E+00
   545  2.18000000E+02  1.35743587E+00  1.35487479E+00  1.35743587E+00
   546  2.18400000E+02  1.35743587E+00  1.35487479E+00  1.35743587E+00
   547  2.18800000E+02  1.35743587E+00  1.35487479E+00  1.35743587E+00
   548  2.19200000E+02  1.35743587E+00  1.35487479E+00  1.35743587E+00
   549  2.19600000E+02  1.35743587E+00  1.35487479E+00  1.35743587E+00
   550  2.20000000E+02  1.35743587E+00  1.35487479E+00  1.35743587E+00
   551  2.20400000E+02  1.35743587E+00  1.35487479E+00  1.35743587E+00
   552  2.20800000E+02  1.35743587E+00  1.35487479E+00  1.35743587E+00
   553  2.21200000E+02  1.35743587E+00  1.35487479E+00  1.35743587E+00
   554  2.21600000E+02  1.35743587E+00  1.35487479E+00  1.35743587E+00
   555  2.22000000E+02  1.35743587E+00  1.35487479E+00  1.35743587E+00
   556  2.22400000E+02  1.35743587E+00  1.35487479E+00  1.35743587E+00
   557  2.22800000E+02  1.35743587E+00  1.35487479E+00  1.35743587E+00
   558  2.23200000E+02  1.35743587E+00  1.35487479E+00  1.35743587E+00
   559  2.23600000E+02  1.35743587E+00  1.35487479E+00  1.35743587E+00
   560  2.24000000E+02  1.35743587E+00  1.35487479E+00  1.35743587E+00
   561  2.24400000E+02  1.35743587E+00  1.35487479E+00  1.35743587E+00
   562  2.24800000E+02  1.35743587E+00  1.35487479E+00  1.35743587E+00
   563  2.25200000E+02  1.35743587E+00  1.35487479E+00  1.35743587E+00
   564  2.25600000E+02  1.35743587E+00  1.35487479E+00  1.35743587E+00
   565  2.26000000E+02  1.35743587E+00  1.35487479E+00  1.35743587E+00
   566  2.26400000E+02  1.35743587E+00  1.35487479E+00  1.35743587E+00
   567  2.26800000E+02  1.35743587E+00  1.35487479E+00  1.35743587E+00
   568  2.27200000E+02  1.35743587E+00  1.35487479E+00  1.35743587E+00
   569  2.27600000E+02  1.35743587E+00  1.35487479E+00  1.35743587E+00
   570  2.28000000E+02  1.35743587E+00  1.35487479E+00  1.35743587E+00
   571  2.28400000E+02  1.35743587E+00  1.35487479E+00  1.35743587E+00
   572  2.28800000E+02  1.35743587E+00  1.35487479E+00  1.35743587E+00
   573  2.29200000E+02  1.35743587E+00  1.35487479E+00  1.35743587E+00
   574  2.29600000E+02  1.35743587E+00  1.35487479E+00  1.35743587E+00
   575  2.30000000E+02  1.35743587E+00  1.35487479E+00  1.35743587E+00
   576  2.30400000E+02  1.35743587E+00  1.35487479E+00  1.35743587E+00
   577  2.30800000E+02  1.35743587E+00  1.35487479E+00  1.35743587E+00
   578  2.31200000E+02  1.35743587E+00  1.35487479E+00  1.35743587E+00
   579  2.31600000E+02  1.35743587E+00  1.35487479E+00  1.35743587E+00
   580  2.32000000E+02  1.35743587E+00  1.35487479E+00  1.35743587E+00
   581  2.32400000E+02  1.35743587E+00  1.35487479E+00  1.35743587E+00
   582  2.32800000E+02  1.35743587E+00  1.35487479E+00  1.35743587E+00
   583  2.33200000E+02  1.35743587E+00  1.35487479E+00  1.35743587E+00
   584  2.33600000E+02  1.35743587E+00  1.35487479E+00  1.35743587E+00
   585  2.34000000E+02  1.35743587E+00  1.35487479E+00  1.35743587E+00
   586  2.34400000E+02  1.35743587E+00  1.35487479E+00  1.35743587E+00
   587  2.34800000E+02  1.35743587E+00  1.35487479E+00  1.35743587E+00
   588  2.35200000E+02  1.35743587E+00  1.35487479E+00  1.35743587E+00
   589  2.35600000E+02  1.35743587E+00  1.35487479E+00  1.35743587E+00
   590  2.36000000E+02  1.35743587E+00  1.35487479E+00  1.35743587E+00
   591  2.36400000E+02  1.35743587E+00  1.35487479E+00  1.35743587E+00
   592  2.36800000E+02  1.35743587E+00  1.35487479E+00  1.35743587E+00
   593  2.37200000E+02  1.35743587E+00  1.35487479E+00  1.35743587E+00
   594  2.37600000E+02  1.35743587E+00  1.35487479E+00  1.35743587E+00
   595  2.38000000E+02  1.35743587E+00  1.35487479E+00  1.35743587E+00
   596  2.38400000E+02  1.35743587E+00  1.35487479E+00  1.35743587E+00
   597  2.38800000E+02  1.35743587E+00  1.35487479E+00  1.35743587E+00
   598  2.39200000E+02  1.35743587E+00  1.35487479E+00  1.35743587E+00
   599  2.39600000E+02  1.35743587E+00  1.35487479E+00  1.35743587E+00
   600  2.40000000E+02  1.35743587E+00  1.35487479E+00  1.35743587E+00
   601  2.40400000E+02  1.35743587E+00  1.35487479E+00  1.35743587E+00
   602  2.40800000E+02  1.35743587E+00  1.35487479E+00  1.35743587E+00
   603  2.41200000E+02  1.35743587E+00  1.35487479E+00  1.35743587E+00
   604  2.41600000E+02  1.35743587E+00  1.35487479E+00  1.35743587E+00
   605  2.42000000E+02  1.35743587E+00  1.35487479E+00  1.35743587E+00
   606  2.42400000E+02  1.35743587E+00  1.35487479E+00  1.35743587E+00
   607  2.42800000E+02  1.35743587E+00  1.35487479E+00  1.35743587E+00
   608  2.43200000E+02  1.35743587E+00  1.35487479E+00  1.35743587E+00
   609  2.43600000E+02  1.35743587E+00  1.35487479E+00  1.35743587E+00
   610  2.44000000E+02  1.35743587E+00  1.35487479E+00  1.35743587E+00
   611  2.44400000E+02  1.35743587E+00  1.35487479E+00  1.35743587E+00
   612  2.44800000E+02  1.35743587E+00  1.35487479E+00  1.35743587E+00
   613  2.45200000E+02  1.35743587E+00  1.35487479E+00  1.35743587E+00
   614  2.45600000E+02  1.35743587E+00  1.35487479E+00  1.35743587E+00
   615  2.46000000E+02  1.35743587E+00  1.35487479E+00  1.35743587E+00
   616  2.46400000E+02  1.35743587E+00  1.35487479E+00  1.35743587E+00
   617  2.46800000E+02  1.35743587E+00  1.35487479E+00  1.35743587E+00
   618  2.47200000E+02  1.35743587E+00  1.35487479E+00  1.35743587E+00
   619  2.47600000E+02  1.35743587E+00  1.35487479E+00  1.35743587E+00
   620  2.48000000E+02  1.35743587E+00  1.35487479E+00  1.35743587E+00
   621  2.48400000E+02  1.35743587E+00  1.35487479E+00  1.35743587E+00
   622  2.48800000E+02  1.35743587E+00  1.35487479E+00  1.35743587E+00
   623  2.49200000E+02  1.35743587E+00  1.35487479E+00  1.35743587E+00
   624  2.49600000E+02  1.35743587E+00  1.35487479E+00  1.35743587E+00
   625  2.50000000E+02  1.35743587E+00  1.35487479E+00  1.35743587E+00
   626  2.50400000E+02  1.35743587E+00  1.35487479E+00  1.35743587E+00
   627  2.50800000E+02  1.35743587E+00  1.35487479E+00  1.35743587E+00
   628  2.51200000E+02  1.35743587E+00  1.35487479E+00  1.35743587E+00
   629  2.51600000E+02  1.35743587E+00  1.35487479E+00  1.35743587E+00
   630  2.52000000E+02  1.35743587E+00  1.35487479E+00  1.35743587E+00
   631  2.52400000E+02  1.35743587E+00  1.35487479E+00  1.35743587E+00
   632  2.52800000E+02  1.35743587E+00  1.35487479E+00  1.35743587E+00
   633  2.53200000E+02  1.35743587E+00  1.35487479E+00  1.35743587E+00
   634  2.53600000E+02  1.35743587E+00  1.35487479E+00  1.35743587E+00
   635  2.54000000E+02  1.35743587E+00  1.35487479E+00  1.35743587E+00
   636  2.54400000E+02  1.35743587E+00  1.35487479E+00  1.35743587E+00
   637  2.54800000E+02  1.35743587E+00  1.35487479E+00  1.35743587E+00
   638  2.55200000E+02  1.35743587E+00  1.35487479E+00  1.35743587E+00
   639  2.55600000E+02  1.35743587E+00  1.35487479E+00  1.35743587E+00
   640  2.56000000E+02  1.35743587E+00  1.35487479E+00  1.35743587E+00
   641  2.56400000E+02  1.35743587E+00  1.35487479E+00  1.35743587E+00
   642  2.56800000E+02  1.35743587E+00  1.35487479E+00  1.35743587E+00
   643  2.57200000E+02  1.35743587E+00  1.35487479E+00  1.35743587E+00
   644  2.57600000E+02  1.35743587E+00  1.35487479E+00  1.35743587E+00
   645  2.58000000E+02  1.35743587E+00  1.35487479E+00  1.35743587E+00
   646  2.58400000E+02  1.35743587E+00  1.35487479E+00  1.35743587E+00
   647  2.58800000E+02  1.35743587E+00  1.35487479E+00  1.35743587E+00
   648  2.59200000E+02  1.35743587E+00  1.35487479E+00  1.35743587E+00
   649  2.59600000E+02  1.35743587E+00  1.35487479E+00  1.35743587E+00
   650  2.60000000E+02  1.35743587E+00  1.35487479E+00  1.35743587E+00
   651  2.60400000E+02  1.35743587E+00  1.35487479E+00  1.35743587E+00
   652  2.60800000E+02  1.35743587E+00  1.35487479E+00  1.35743587E+00
   653  2.61200000E+02  1.35743587E+00  1.35487479E+00  1.35743587E+00
   654  2.61600000E+02  1.35743587E+00  1.35487479E+00  1.35743587E+00
   655  2.62000000E+02  1.35743587E+00  1.35487479E+00  1.35743587E+00
   656  2.62400000E+02  1.35743587E+00  1.35487479E+00  1.35743587E+00
   657  2.62800000E+02  1.35743587E+00  1.35487479E+00  1.35743587E+00
   658  2.63200000E+02  1.35743587E+00  1.35487479E+00  1.35743587E+00
   659  2.63600000E+02  1.35743587E+00  1.35487479E+00  1.35743587E+00
   660  2.64000000E+02  1.35743587E+00  1.35487479E+00  1.35743587E+00
   661  2.64400000E+02  1.35743587E+00  1.35487479E+00  1.35743587E+00
   662  2.64800000E+02  1.35743587E+00  1.35487479E+00  1.35743587E+00
   663  2.65200000E+02  1.35743587E+00  1.35487479E+00  1.35743587E+00
   664  2.65600000E+02  1.35743587E+00  1.35487479E+00  1.35743587E+00
   665  2.66000000E+02  1.35743587E+00  1.35487479E+00  1.35743587E+00
   666  2.66400000E+02  1.35743587E+00  1.35487479E+00  1.35743587E+00
   667  2.66800000E+02  1.35743587E+00  1.35487479E+00  1.35743587E+00
   668  2.67200000E+02  1.35743587E+00  1.35487479E+00  1.35743587E+00
   669  2.67600000E+02  1.35743587E+00  1.35487479E+00  1.35743587E+00
   670  2.68000000E+02  1.35743587E+00  1.35487479E+00  1.35743587E+00
   671  2.68400000E+02  1.35743587E+00  1.35487479E+00  1.35743587E+00
   672  2.68800000E+02  1.35743587E+00  1.35487479E+00  1.35743587E+00
   673  2.69200000E+02  1.35743587E+00  1.35487479E+00  1.35743587E+00
   674  2.69600000E+02  1.35743587E+00  1.35487479E+00  1.35743587E+00
   675  2.70000000E+02  1.35743587E+00  1.35487479E+00  1.35743587E+00
   676  2.70400000E+02  1.35743587E+00  1.35487479E+00  1.35743587E+00
   677  2.70800000E+02  1.35743587E+00  1.35487479E+00  1.35743587E+00
   678  2.71200000E+02  1.35743587E+00  1.35487479E+00  1.35743587E+00
   679  2.71600000E+02  1.35743587E+00  1.35487479E+00  1.35743587E+00
   680  2.72000000E+02  1.35743587E+00  1.35487479E+00  1.35743587E+00
   681  2.72400000E+02  1.35743587E+00  1.35487479E+00  1.35743587E+00
   682  2.72800000E+02  1.35743587E+00  1.35487479E+00  1.35743587E+00
   683  2.73200000E+02  1.35743587E+00  1.35487479E+00  1.35743587E+00
   684  2.73600000E+02  1.35743587E+00  1.35487479E+00  1.35743587E+00
   685  2.74000000E+02  1.35743587E+00  1.35487479E+00  1.35743587E+00
   686  2.74400000E+02  1.35743587E+00  1.35487479E+00  1.35743587E+00
   687  2.74800000E+02  1.35743587E+00  1.35487479E+00  1.35743587E+00
   688  2.75200000E+02  1.35743587E+00  1.35487479E+00  1.35743587E+00
   689  2.75600000E+02  1.35743587E+00  1.35487479E+00  1.35743587E+00
   690  2.76000000E+02  1.35743587E+00  1.35487479E+00  1.35743587E+00
   691  2.76400000E+02  1.35743587E+00  1.35487479E+00  1.35743587E+00
   692  2.76800000E+02  1.35743587E+00  1.35487479E+00  1.35743587E+00
   693  2.77200000E+02  1.35743587E+00  1.35487479E+00  1.35743587E+00
   694  2.77600000E+02  1.35743587E+00  1.35487479E+00  1.35743587E+00
   695  2.78000000E+02  1.35743587E+00  1.35487479E+00  1.35743587E+00
   696  2.78400000E+02  1.35743587E+00  1.35487479E+00  1.35743587E+00
   697  2.78800000E+02  1.35743587E+00  1.35487479E+00  1.35743587E+00
   698  2.79200000E+02  1.35743587E+00  1.35487479E+00  1.35743587E+00
   699  2.79600000E+02  1.35743587E+00  1.35487479E+00  1.35743587E+00
   700  2.80000000E+02  1.35743587E+00  1.35487479E+00  1.35743587E+00
   701  2.80400000E+02  1.35743587E+00  1.35487479E+00  1.35743587E+00
   702  2.80800000E+02  1.35743587E+00  1.35487479E+00  1.35743587E+00
   703  2.81200000E+02  1.35743587E+00  1.35487479E+00  1.35743587E+00
   704  2.81600000E+02  1.35743587E+00  1.35487479E+00  1.35743587E+00
   705  2.82000000E+02  1.35743587E+00  1.35487479E+00  1.35743587E+00
   706  2.82400000E+02  1.35743587E+00  1.35487479E+00  1.35743587E+00
   707  2.82800000E+02  1.35743587E+00  1.35487479E+00  1.35743587E+00
   708  2.83200000E+02  1.35743587E+00  1.35487479E+00  1.35743587E+00
   709  2.83600000E+02  1.35743587E+00  1.35487479E+00  1.35743587E+00
   710  2.84000000E+02  1.35743587E+00  1.35487479E+00  1.35743587E+00
   711  2.84400000E+02  1.35743587E+00  1.35487479E+00  1.35743587E+00
   712  2.84800000E+02  1.35743587E+00  1.35487479E+00  1.35743587E+00
   713  2.85200000E+02  1.35743587E+00  1.35487479E+00  1.35743587E+00
   714  2.85600000E+02  1.35743587E+00  1.35487479E+00  1.35743587E+00
   715  2.86000000E+02  1.35743587E+00  1.35487479E+00  1.35743587E+00
   716  2.86400000E+02  1.35743587E+00  1.35487479E+00  1.35743587E+00
   717  2.86800000E+02  1.35743587E+00  1.35487479E+00  1.35743587E+00
   718  2.87200000E+02  1.35743587E+00  1.35487479E+00  1.35743587E+00
   719  2.87600000E+02  1.35743587E+00  1.35487479E+00  1.35743587E+00
   720  2.88000000E+02  1.35743587E+00  1.35487479E+00  1.35743587E+00
   721  2.88400000E+02  1.35743587E+00  1.35487479E+00  1.35743587E+00
   722  2.88800000E+02  1.35743587E+00  1.35487479E+00  1.35743587E+00
   723  2.89200000E+02  1.35743587E+00  1.35487479E+00  1.35743587E+00
   724  2.89600000E+02  1.35743587E+00  1.35487479E+00  1.35743587E+00
   725  2.90000000E+02  1.35743587E+00  1.35487479E+00  1.35743587E+00
   726  2.90400000E+02  1.35743587E+00  1.35487479E+00  1.35743587E+00
   727  2.90800000E+02  1.35743587E+00  1.35487479E+00  1.35743587E+00
   728  2.91200000E+02  1.35743587E+00  1.35487479E+00  1.35743587E+00
   729  2.91600000E+02  1.35743587E+00  1.35487479E+00  1.35743587E+00
   730  2.92000000E+02  1.35743587E+00  1.35487479E+00  1.35743587E+00
   731  2.92400000E+02  1.35743587E+00  1.35487479E+00  1.35743587E+00
   732  2.92800000E+02  1.35743587E+00  1.35487479E+00  1.35743587E+00
   733  2.93200000E+02  1.35743587E+00  1.35487479E+00  1.35743587E+00
   734  2.93600000E+02  1.35743587E+00  1.35487479E+00  1.35743587E+00
   735  2.94000000E+02  1.35743587E+00  1.35487479E+00  1.35743587E+00
   736  2.94400000E+02  1.35743587E+00  1.35487479E+00  1.35743587E+00
   737  2.94800000E+02  1.35743587E+00  1.35487479E+00  1.35743587E+00
   738  2.95200000E+02  1.35743587E+00  1.35487479E+00  1.35743587E+00
   739  2.95600000E+02  1.35743587E+00  1.35487479E+00  1.35743587E+00
   740  2.96000000E+02  1.35743587E+00  1.35487479E+00  1.35743587E+00
   741  2.96400000E+02  1.35743587E+00  1.35487479E+00  1.35743587E+00
   742  2.96800000E+02  1.35743587E+00  1.35487479E+00  1.35743587E+00
   743  2.97200000E+02  1.35743587E+00  1.35487479E+00  1.35743587E+00
   744  2.97600000E+02  1.35743587E+00  1.35487479E+00  1.35743587E+00
   745  2.98000000E+02  1.35743587E+00  1.35487479E+00  1.35743587E+00
   746  2.98400000E+02  1.35743587E+00  1.35487479E+00  1.35743587E+00
   747  2.98800000E+02  1.35743587E+00  1.35487479E+00  1.35743587E+00
   748  2.99200000E+02  1.35743587E+00  1.35487479E+00  1.35743587E+00
   749  2.99600000E+02  1.35743587E+00  1.35487479E+00  1.35743587E+00
   750  3.00000000E+02  1.35743587E+00  1.35487479E+00  1.35743587E+00
   751  3.00400000E+02  1.35743587E+00  1.35487479E+00  1.35743587E+00
   752  3.00800000E+02  1.35743587E+00  1.35487479E+00  1.35743587E+00
   753  3.01200000E+02  1.35743587E+00  1.35487479E+00  1.35743587E+00
   754  3.01600000E+02  1.35743587E+00  1.35487479E+00  1.35743587E+00
   755  3.02000000E+02  1.35743587E+00  1.35487479E+00  1.35743587E+00
   756  3.02400000E+02  1.35743587E+00  1.35487479E+00  1.35743587E+00
   757  3.02800000E+02  1.35743587E+00  1.35487479E+00  1.35743587E+00
   758  3.03200000E+02  1.35743587E+00  1.35487479E+00  1.35743587E+00
   759  3.03600000E+02  1.35743587E+00  1.35487479E+00  1.35743587E+00
   760  3.04000000E+02  1.35743587E+00  1.35487479E+00  1.35743587E+00
   761  3.04400000E+02  1.35743587E+00  1.35487479E+00  1.35743587E+00
   762  3.04800000E+02  1.35743587E+00  1.35487479E+00  1.35743587E+00
   763  3.05200000E+02  1.35743587E+00  1.35487479E+00  1.35743587E+00
   764  3.05600000E+02  1.35743587E+00  1.35487479E+00  1.35743587E+00
   765  3.06000000E+02  1.35743587E+00  1.35487479E+00  1.35743587E+00
   766  3.06400000E+02  1.35743587E+00  1.35487479E+00  1.35743587E+00
   767  3.06800000E+02  1.35743587E+00  1.35487479E+00  1.35743587E+00
   768  3.07200000E+02  1.35743587E+00  1.35487479E+00  1.35743587E+00
   769  3.07600000E+02  1.35743587E+00  1.35487479E+00  1.35743587E+00
   770  3.08000000E+02  1.35743587E+00  1.35487479E+00  1.35743587E+00
   771  3.08400000E+02  1.35743587E+00  1.35487479E+00  1.35743587E+00
   772  3.08800000E+02  1.35743587E+00  1.35487479E+00  1.35743587E+00
   773  3.09200000E+02  1.35743587E+00  1.35487479E+00  1.35743587E+00
   774  3.09600000E+02  1.35743587E+00  1.35487479E+00  1.35743587E+00
   775  3.10000000E+02  1.35743587E+00  1.35487479E+00  1.35743587E+00
   776  3.10400000E+02  1.35743587E+00  1.35487479E+00  1.35743587E+00
   777  3.10800000E+02  1.35743587E+00  1.35487479E+00  1.35743587E+00
   778  3.11200000E+02  1.35743587E+00  1.35487479E+00  1.35743587E+00
   779  3.11600000E+02  1.35743587E+00  1.35487479E+00  1.35743587E+00
   780  3.12000000E+02  1.35743587E+00  1.35487479E+00  1.35743587E+00
   781  3.12400000E+02  1.35743587E+00  1.35487479E+00  1.35743587E+00
   782  3.12800000E+02  1.35743587E+00  1.35487479E+00  1.35743587E+00
   783  3.13200000E+02  1.35743587E+00  1.35487479E+00  1.35743587E+00
   784  3.13600000E+02  1.35743587E+00  1.35487479E+00  1.35743587E+00
   785  3.14000000E+02  1.35743587E+00  1.35487479E+00  1.35743587E+00
   786  3.14400000E+02  1.35743587E+00  1.35487479E+00  1.35743587E+00
   787  3.14800000E+02  1.35743587E+00  1.35487479E+00  1.35743587E+00
   788  3.15200000E+02  1.35743587E+00  1.35487479E+00  1.35743587E+00
   789  3.15600000E+02  1.35743587E+00  1.35487479E+00  1.35743587E+00
   790  3.16000000E+02  1.35743587E+00  1.35487479E+00  1.35743587E+00
   791  3.16400000E+02  1.35743587E+00  1.35487479E+00  1.35743587E+00
   792  3.16800000E+02  1.35743587E+00  1.35487479E+00  1.35743587E+00
   793  3.17200000E+02  1.35743587E+00  1.35487479E+00  1.35743587E+00
   794  3.17600000E+02  1.35743587E+00  1.35487479E+00  1.35743587E+00
   795  3.18000000E+02  1.35743587E+00  1.35487479E+00  1.35743587E+00
   796  3.18400000E+02  1.35743587E+00  1.35487479E+00  1.35743587E+00
   797  3.18800000E+02  1.35743587E+00  1.35487479E+00  1.35743587E+00
   798  3.19200000E+02  1.35743587E+00  1.35487479E+00  1.35743587E+00
   799  3.19600000E+02  1.35743587E+00  1.35487479E+00  1.35743587E+00
   800  3.20000000E+02  1.35743587E+00  1.35487479E+00  1.35743587E+00
   801  3.20400000E+02  1.35743587E+00  1.35487479E+00  1.35743587E+00
   802  3.20800000E+02  1.35743587E+00  1.35487479E+00  1.35743587E+00
   803  3.21200000E+02  1.35743587E+00  1.35487479E+00  1.35743587E+00
   804  3.21600000E+02  1.35743587E+00  1.35487479E+00  1.35743587E+00
   805  3.22000000E+02  1.35743587E+00  1.35487479E+00  1.35743587E+00
   806  3.22400000E+02  1.35743587E+00  1.35487479E+00  1.35743587E+00
   807  3.22800000E+02  1.35743587E+00  1.35487479E+00  1.35743587E+00
   808  3.23200000E+02  1.35743587E+00  1.35487479E+00  1.35743587E+00
   809  3.23600000E+02  1.35743587E+00  1.35487479E+00  1.35743587E+00
   810  3.24000000E+02  1.35743587E+00  1.35487479E+00  1.35743587E+00
   811  3.24400000E+02  1.35743587E+00  1.35487479E+00  1.35743587E+00
   812  3.24800000E+02  1.35743587E+00  1.35487479E+00  1.35743587E+00
   813  3.25200000E+02  1.35743587E+00  1.35487479E+00  1.35743587E+00
   814  3.25600000E+02  1.35743587E+00  1.35487479E+00  1.35743587E+00
   815  3.26000000E+02  1.35743587E+00  1.35487479E+00  1.35743587E+00
   816  3.26400000E+02  1.35743587E+00  1.35487479E+00  1.35743587E+00
   817  3.26800000E+02  1.35743587E+00  1.35487479E+00  1.35743587E+00
   818  3.27200000E+02  1.35743587E+00  1.35487479E+00  1.35743587E+00
   819  3.27600000E+02  1.35743587E+00  1.35487479E+00  1.35743587E+00
   820  3.28000000E+02  1.35743587E+00  1.35487479E+00  1.35743587E+00
   821  3.28400000E+02  1.35743587E+00  1.35487479E+00  1.35743587E+00
   822  3.28800000E+02  1.35743587E+00  1.35487479E+00  1.35743587E+00
   823  3.29200000E+02  1.35743587E+00  1.35487479E+00  1.35743587E+00
   824  3.29600000E+02  1.35743587E+00  1.35487479E+00  1.35743587E+00
   825  3.30000000E+02  1.35743587E+00  1.35487479E+00  1.35743587E+00
   826  3.30400000E+02  1.35743587E+00  1.35487479E+00  1.35743587E+00
   827  3.30800000E+02  1.35743587E+00  1.35487479E+00  1.35743587E+00
   828  3.31200000E+02  1.35743587E+00  1.35487479E+00  1.35743587E+00
   829  3.31600000E+02  1.35743587E+00  1.35487479E+00  1.35743587E+00
   830  3.32000000E+02  1.35743587E+00  1.35487479E+00  1.35743587E+00
   831  3.32400000E+02  1.35743587E+00  1.35487479E+00  1.35743587E+00
   832  3.32800000E+02  1.35743587E+00  1.35487479E+00  1.35743587E+00
   833  3.33200000E+02  1.35743587E+00  1.35487479E+00  1.35743587E+00
   834  3.33600000E+02  1.35743587E+00  1.35487479E+00  1.35743587E+00
   835  3.34000000E+02  1.35743587E+00  1.35487479E+00  1.35743587E+00
   836  3.34400000E+02  1.35743587E+00  1.35487479E+00  1.35743587E+00
   837  3.34800000E+02  1.35743587E+00  1.35487479E+00  1.35743587E+00
   838  3.35200000E+02  1.35743587E+00  1.35487479E+00  1.35743587E+00
   839  3.35600000E+02  1.35743587E+00  1.35487479E+00  1.35743587E+00
   840  3.36000000E+02  1.35743587E+00  1.35487479E+00  1.35743587E+00
   841  3.36400000E+02  1.35743587E+00  1.35487479E+00  1.35743587E+00
   842  3.36800000E+02  1.35743587E+00  1.35487479E+00  1.35743587E+00
   843  3.37200000E+02  1.35743587E+00  1.35487479E+00  1.35743587E+00
   844  3.37600000E+02  1.35743587E+00  1.35487479E+00  1.35743587E+00
   845  3.38000000E+02  1.35743587E+00  1.35487479E+00  1.35743587E+00
   846  3.38400000E+02  1.35743587E+00  1.35487479E+00  1.35743587E+00
   847  3.38800000E+02  1.35743587E+00  1.35487479E+00  1.35743587E+00
   848  3.39200000E+02  1.35743587E+00  1.35487479E+00  1.35743587E+00
   849  3.39600000E+02  1.35743587E+00  1.35487479E+00  1.35743587E+00
   850  3.40000000E+02  1.35743587E+00  1.35487479E+00  1.35743587E+00
   851  3.40400000E+02  1.35743587E+00  1.35487479E+00  1.35743587E+00
   852  3.40800000E+02  1.35743587E+00  1.35487479E+00  1.35743587E+00
   853  3.41200000E+02  1.35743587E+00  1.35487479E+00  1.35743587E+00
   854  3.41600000E+02  1.35743587E+00  1.35487479E+00  1.35743587E+00
   855  3.42000000E+02  1.35743587E+00  1.35487479E+00  1.35743587E+00
   856  3.42400000E+02  1.35743587E+00  1.35487479E+00  1.35743587E+00
   857  3.42800000E+02  1.35743587E+00  1.35487479E+00  1.35743587E+00
   858  3.43200000E+02  1.35743587E+00  1.35487479E+00  1.35743587E+00
   859  3.43600000E+02  1.35743587E+00  1.35487479E+00  1.35743587E+00
   860  3.44000000E+02  1.35743587E+00  1.35487479E+00  1.35743587E+00
   861  3.44400000E+02  1.35743587E+00  1.35487479E+00  1.35743587E+00
   862  3.44800000E+02  1.35743587E+00  1.35487479E+00  1.35743587E+00
   863  3.45200000E+02  1.35743587E+00  1.35487479E+00  1.35743587E+00
   864  3.45600000E+02  1.35743587E+00  1.35487479E+00  1.35743587E+00
   865  3.46000000E+02  1.35743587E+00  1.35487479E+00  1.35743587E+00
   866  3.46400000E+02  1.35743587E+00  1.35487479E+00  1.35743587E+00
   867  3.46800000E+02  1.35743587E+00  1.35487479E+00  1.35743587E+00
   868  3.47200000E+02  1.35743587E+00  1.35487479E+00  1.35743587E+00
   869  3.47600000E+02  1.35743587E+00  1.35487479E+00  1.35743587E+00
   870  3.48000000E+02  1.35743587E+00  1.35487479E+00  1.35743587E+00
   871  3.48400000E+02  1.35743587E+00  1.35487479E+00  1.35743587E+00
   872  3.48800000E+02  1.35743587E+00  1.35487479E+00  1.35743587E+00
   873  3.49200000E+02  1.35743587E+00  1.35487479E+00  1.35743587E+00
   874  3.49600000E+02  1.35743587E+00  1.35487479E+00  1.35743587E+00
   875  3.50000000E+02  1.35743587E+00  1.35487479E+00  1.35743587E+00
   876  3.50400000E+02  1.35743587E+00  1.35487479E+00  1.35743587E+00
   877  3.50800000E+02  1.35743587E+00  1.35487479E+00  1.35743587E+00
   878  3.51200000E+02  1.35743587E+00  1.35487479E+00  1.35743587E+00
   879  3.51600000E+02  1.35743587E+00  1.35487479E+00  1.35743587E+00
   880  3.52000000E+02  1.35743587E+00  1.35487479E+00  1.35743587E+00
   881  3.52400000E+02  1.35743587E+00  1.35487479E+00  1.35743587E+00
   882  3.52800000E+02  1.35743587E+00  1.35487479E+00  1.35743587E+00
   883  3.53200000E+02  1.35743587E+00  1.35487479E+00  1.35743587E+00
   884  3.53600000E+02  1.35743587E+00  1.35487479E+00  1.35743587E+00
   885  3.54000000E+02  1.35743587E+00  1.35487479E+00  1.35743587E+00
   886  3.54400000E+02  1.35743587E+00  1.35487479E+00  1.35743587E+00
   887  3.54800000E+02  1.35743587E+00  1.35487479E+00  1.35743587E+00
   888  3.55200000E+02  1.35743587E+00  1.35487479E+00  1.35743587E+00
   889  3.55600000E+02  1.35743587E+00  1.35487479E+00  1.35743587E+00
   890  3.56000000E+02  1.35743587E+00  1.35487479E+00  1.35743587E+00
   891  3.56400000E+02  1.35743587E+00  1.35487479E+00  1.35743587E+00
   892  3.56800000E+02  1.35743587E+00  1.35487479E+00  1.35743587E+00
   893  3.57200000E+02  1.35743587E+00  1.35487479E+00  1.35743587E+00
   894  3.57600000E+02  1.35743587E+00  1.35487479E+00  1.35743587E+00
   895  3.58000000E+02  1.35743587E+00  1.35487479E+00  1.35743587E+00
   896  3.58400000E+02  1.35743587E+00  1.35487479E+00  1.35743587E+00
   897  3.58800000E+02  1.35743587E+00  1.35487479E+00  1.35743587E+00
   898  3.59200000E+02  1.35743587E+00  1.35487479E+00  1.35743587E+00
   899  3.59600000E+02  1.35743587E+00  1.35487479E+00  1.35743587E+00
   900  3.60000000E+02  1.35743587E+00  1.35487479E+00  1.35743587E+00
   901  3.60400000E+02  1.35743587E+00  1.35487479E+00  1.35743587E+00
   902  3.60800000E+02  1.35743587E+00  1.35487479E+00  1.35743587E+00
   903  3.61200000E+02  1.35743587E+00  1.35487479E+00  1.35743587E+00
   904  3.61600000E+02  1.35743587E+00  1.35487479E+00  1.35743587E+00
   905  3.62000000E+02  1.35743587E+00  1.35487479E+00  1.35743587E+00
   906  3.62400000E+02  1.35743587E+00  1.35487479E+00  1.35743587E+00
   907  3.62800000E+02  1.35743587E+00  1.35487479E+00  1.35743587E+00
   908  3.63200000E+02  1.35743587E+00  1.35487479E+00  1.35743587E+00
   909  3.63600000E+02  1.35743587E+00  1.35487479E+00  1.35743587E+00
   910  3.64000000E+02  1.35743587E+00  1.35487479E+00  1.35743587E+00
   911  3.64400000E+02  1.35743587E+00  1.35487479E+00  1.35743587E+00
   912  3.64800000E+02  1.35743587E+00  1.35487479E+00  1.35743587E+00
   913  3.65200000E+02  1.35743587E+00  1.35487479E+00  1.35743587E+00
   914  3.65600000E+02  1.35743587E+00  1.35487479E+00  1.35743587E+00
   915  3.66000000E+02  1.35743587E+00  1.35487479E+00  1.35743587E+00
   916  3.66400000E+02  1.35743587E+00  1.35487479E+00  1.35743587E+00
   917  3.66800000E+02  1.35743587E+00  1.35487479E+00  1.35743587E+00
   918  3.67200000E+02  1.35743587E+00  1.35487479E+00  1.35743587E+00
   919  3.67600000E+02  1.35743587E+00  1.35487479E+00  1.35743587E+00
   920  3.68000000E+02  1.35743587E+00  1.35487479E+00  1.35743587E+00
   921  3.68400000E+02  1.35743587E+00  1.35487479E+00  1.35743587E+00
   922  3.68800000E+02  1.35743587E+00  1.35487479E+00  1.35743587E+00
   923  3.69200000E+02  1.35743587E+00  1.35487479E+00  1.35743587E+00
   924  3.69600000E+02  1.35743587E+00  1.35487479E+00  1.35743587E+00
   925  3.70000000E+02  1.35743587E+00  1.35487479E+00  1.35743587E+00
   926  3.70400000E+02  1.35743587E+00  1.35487479E+00  1.35743587E+00
   927  3.70800000E+02  1.35743587E+00  1.35487479E+00  1.35743587E+00
   928  3.71200000E+02  1.35743587E+00  1.35487479E+00  1.35743587E+00
   929  3.71600000E+02  1.35743587E+00  1.35487479E+00  1.35743587E+00
   930  3.72000000E+02  1.35743587E+00  1.35487479E+00  1.35743587E+00
   931  3.72400000E+02  1.35743587E+00  1.35487479E+00  1.35743587E+00
   932  3.72800000E+02  1.35743587E+00  1.35487479E+00  1.35743587E+00
   933  3.73200000E+02  1.35743587E+00  1.35487479E+00  1.35743587E+00
   934  3.73600000E+02  1.35743587E+00  1.35487479E+00  1.35743587E+00
   935  3.74000000E+02  1.35743587E+00  1.35487479E+00  1.35743587E+00
   936  3.74400000E+02  1.35743587E+00  1.35487479E+00  1.35743587E+00
   937  3.74800000E+02  1.35743587E+00  1.35487479E+00  1.35743587E+00
   938  3.75200000E+02  1.35743587E+00  1.35487479E+00  1.35743587E+00
   939  3.75600000E+02  1.35743587E+00  1.35487479E+00  1.35743587E+00
   940  3.76000000E+02  1.35743587E+00  1.35487479E+00  1.35743587E+00
   941  3.76400000E+02  1.35743587E+00  1.35487479E+00  1.35743587E+00
   942  3.76800000E+02  1.35743587E+00  1.35487479E+00  1.35743587E+00
   943  3.77200000E+02  1.35743587E+00  1.35487479E+00  1.35743587E+00
   944  3.77600000E+02  1.35743587E+00  1.35487479E+00  1.35743587E+00
   945  3.78000000E+02  1.35743587E+00  1.35487479E+00  1.35743587E+00
   946  3.78400000E+02  1.35743587E+00  1.35487479E+00  1.35743587E+00
   947  3.78800000E+02  1.35743587E+00  1.35487479E+00  1.35743587E+00
   948  3.79200000E+02  1.35743587E+00  1.35487479E+00  1.35743587E+00
   949  3.79600000E+02  1.35743587E+00  1.35487479E+00  1.35743587E+00
   950  3.80000000E+02  1.35743587E+00  1.35487479E+00  1.35743587E+00
   951  3.80400000E+02  1.35743587E+00  1.35487479E+00  1.35743587E+00
   952  3.80800000E+02  1.35743587E+00  1.35487479E+00  1.35743587E+00
   953  3.81200000E+02  1.35743587E+00  1.35487479E+00  1.35743587E+00
   954  3.81600000E+02  1.35743587E+00  1.35487479E+00  1.35743587E+00
   955  3.82000000E+02  1.35743587E+00  1.35487479E+00  1.35743587E+00
   956  3.82400000E+02  1.35743587E+00  1.35487479E+00  1.35743587E+00
   957  3.82800000E+02  1.35743587E+00  1.35487479E+00  1.35743587E+00
   958  3.83200000E+02  1.35743587E+00  1.35487479E+00  1.35743587E+00
   959  3.83600000E+02  1.35743587E+00  1.35487479E+00  1.35743587E+00
   960  3.84000000E+02  1.35743587E+00  1.35487479E+00  1.35743587E+00
   961  3.84400000E+02  1.35743587E+00  1.35487479E+00  1.35743587E+00
   962  3.84800000E+02  1.35743587E+00  1.35487479E+00  1.35743587E+00
   963  3.85200000E+02  1.35743587E+00  1.35487479E+00  1.35743587E+00
   964  3.85600000E+02  1.35743587E+00  1.35487479E+00  1.35743587E+00
   965  3.86000000E+02  1.35743587E+00  1.35487479E+00  1.35743587E+00
   966  3.86400000E+02  1.35743587E+00  1.35487479E+00  1.35743587E+00
   967  3.86800000E+02  1.35743587E+00  1.35487479E+00  1.35743587E+00
   968  3.87200000E+02  1.35743587E+00  1.35487479E+00  1.35743587E+00
   969  3.87600000E+02  1.35743587E+00  1.35487479E+00  1.35743587E+00
   970  3.88000000E+02  1.35743587E+00  1.35487479E+00  1.35743587E+00
   971  3.88400000E+02  1.35743587E+00  1.35487479E+00  1.35743587E+00
   972  3.88800000E+02  1.35743587E+00  1.35487479E+00  1.35743587E+00
   973  3.89200000E+02  1.35743587E+00  1.35487479E+00  1.35743587E+00
   974  3.89600000E+02  1.35743587E+00  1.35487479E+00  1.35743587E+00
   975  3.90000000E+02  1.35743587E+00  1.35487479E+00  1.35743587E+00
   976  3.90400000E+02  1.35743587E+00  1.35487479E+00  1.35743587E+00
   977  3.90800000E+02  1.35743587E+00  1.35487479E+00  1.35743587E+00
   978  3.91200000E+02  1.35743587E+00  1.35487479E+00  1.35743587E+00
   979  3.91600000E+02  1.35743587E+00  1.35487479E+00  1.35743587E+00
   980  3.92000000E+02  1.35743587E+00  1.35487479E+00  1.35743587E+00
   981  3.92400000E+02  1.35743587E+00  1.35487479E+00  1.35743587E+00
   982  3.92800000E+02  1.35743587E+00  1.35487479E+00  1.35743587E+00
   983  3.93200000E+02  1.35743587E+00  1.35487479E+00  1.35743587E+00
   984  3.93600000E+02  1.35743587E+00  1.35487479E+00  1.35743587E+00
   985  3.94000000E+02  1.35743587E+00  1.35487479E+00  1.35743587E+00
   986  3.94400000E+02  1.35743587E+00  1.35487479E+00  1.35743587E+00
   987  3.94800000E+02  1.35743587E+00  1.35487479E+00  1.35743587E+00
   988  3.95200000E+02  1.35743587E+00  1.35487479E+00  1.35743587E+00
   989  3.95600000E+02  1.35743587E+00  1.35487479E+00  1.35743587E+00
   990  3.96000000E+02  1.35743587E+00  1.35487479E+00  1.35743587E+00
   991  3.96400000E+02  1.35743587E+00  1.35487479E+00  1.35743587E+00
   992  3.96800000E+02  1.35743587E+00  1.35487479E+00  1.35743587E+00
   993  3.97200000E+02  1.35743587E+00  1.35487479E+00  1.35743587E+00
   994  3.97600000E+02  1.35743587E+00  1.35487479E+00  1.35743587E+00
   995  3.98000000E+02  1.35743587E+00  1.35487479E+00  1.35743587E+00
   996  3.98400000E+02  1.35743587E+00  1.35487479E+00  1.35743587E+00
   997  3.98800000E+02  1.35743587E+00  1.35487479E+00  1.35743587E+00
   998  3.99200000E+02  1.35743587E+00  1.35487479E+00  1.35743587E+00
   999  3.99600000E+02  1.35743587E+00  1.35487479E+00  1.35743587E+00
  1000  4.00000000E+02  1.35743587E+00  1.35487479E+00  1.35743587E+00
