 comppar: model =   2
 comppar: lambda,mobility/eps,betav,eta_0 =  5.0000E+00  0.0000E+00  8.0000E-01  1.0000E+00
 comppar: eta_s,eta_p,G =  8.0000E-01  2.0000E-01  4.0000E-02
 comppar: U_avg,deltat,flowrate,nsteps =  1.0000E-01  2.0000E-01  3.1416E-01    2000
 comppar: geometry = axisymmetric
 comppar: steady stop change,gap,hold,min =  1.0000E-07  1.0000E-03       1      80
 comppar: steady stop truncated decimals =       3
 comppar: ncompc,ncompg =     4     5
 mesh nnodes = 5797
 mesh nelem = 2796
 P1 BC   5.0000000000000000     
 P2 BC   0.0000000000000000     
     1  2.00000000E-01  1.00253188E+00  1.00000000E+00  1.00253188E+00
     2  4.00000000E-01  1.00502946E+00  1.00000000E+00  1.00502946E+00
     3  6.00000000E-01  1.00749249E+00  1.00000000E+00  1.00749249E+00
     4  8.00000000E-01  1.00991898E+00  1.00000000E+00  1.00991898E+00
     5  1.00000000E+00  1.01231603E+00  1.00000000E+00  1.01231603E+00
     6  1.20000000E+00  1.01467412E+00  1.00000000E+00  1.01467412E+00
     7  1.40000000E+00  1.01699708E+00  1.00000000E+00  1.01699708E+00
     8  1.60000000E+00  1.01929150E+00  1.00000000E+00  1.01929150E+00
     9  1.80000000E+00  1.02153971E+00  1.00000000E+00  1.02153971E+00
    10  2.00000000E+00  1.02377393E+00  1.00000000E+00  1.02377393E+00
    11  2.20000000E+00  1.02596078E+00  1.00000000E+00  1.02596078E+00
    12  2.40000000E+00  1.02813276E+00  1.00000000E+00  1.02813276E+00
    13  2.60000000E+00  1.03025542E+00  1.00000000E+00  1.03025542E+00
    14  2.80000000E+00  1.03237529E+00  1.00000000E+00  1.03237529E+00
    15  3.00000000E+00  1.03444120E+00  1.00000000E+00  1.03444120E+00
    16  3.20000000E+00  1.03651213E+00  1.00000000E+00  1.03651213E+00
    17  3.40000000E+00  1.03853200E+00  1.00000000E+00  1.03853200E+00
    18  3.60000000E+00  1.04054273E+00  1.00000000E+00  1.04054273E+00
    19  3.80000000E+00  1.04253010E+00  1.00000000E+00  1.04253010E+00
    20  4.00000000E+00  1.04447758E+00  1.00000000E+00  1.04447758E+00
    21  4.20000000E+00  1.04643724E+00  1.00000000E+00  1.04643724E+00
    22  4.40000000E+00  1.04834442E+00  9.99999998E-01  1.04834442E+00
    23  4.60000000E+00  1.05024422E+00  9.99999996E-01  1.05024422E+00
    24  4.80000000E+00  1.05214039E+00  9.99999993E-01  1.05214039E+00
    25  5.00000000E+00  1.05398427E+00  9.99999990E-01  1.05398427E+00
    26  5.20000000E+00  1.05584573E+00  9.99999986E-01  1.05584573E+00
    27  5.40000000E+00  1.05768435E+00  9.99999981E-01  1.05768435E+00
    28  5.60000000E+00  1.05947105E+00  9.99999976E-01  1.05947105E+00
    29  5.80000000E+00  1.06127245E+00  9.99999970E-01  1.06127245E+00
    30  6.00000000E+00  1.06307136E+00  9.99999963E-01  1.06307136E+00
    31  6.20000000E+00  1.06481953E+00  9.99999955E-01  1.06481953E+00
    32  6.40000000E+00  1.06655576E+00  9.99999947E-01  1.06655576E+00
    33  6.60000000E+00  1.06831933E+00  9.99999937E-01  1.06831933E+00
    34  6.80000000E+00  1.07003317E+00  9.99999926E-01  1.07003317E+00
    35  7.00000000E+00  1.07169614E+00  9.99999914E-01  1.07169614E+00
    36  7.20000000E+00  1.07341259E+00  9.99999901E-01  1.07341259E+00
    37  7.40000000E+00  1.07511118E+00  9.99999887E-01  1.07511118E+00
    38  7.60000000E+00  1.07676061E+00  9.99999871E-01  1.07676061E+00
    39  7.80000000E+00  1.07836717E+00  9.99999853E-01  1.07836717E+00
    40  8.00000000E+00  1.08005310E+00  9.99999834E-01  1.08005310E+00
    41  8.20000000E+00  1.08169132E+00  9.99999813E-01  1.08169132E+00
    42  8.40000000E+00  1.08328126E+00  9.99999791E-01  1.08328126E+00
    43  8.60000000E+00  1.08482262E+00  9.99999766E-01  1.08482262E+00
    44  8.80000000E+00  1.08645573E+00  9.99999740E-01  1.08645573E+00
    45  9.00000000E+00  1.08805547E+00  9.99999711E-01  1.08805547E+00
    46  9.20000000E+00  1.08960847E+00  9.99999680E-01  1.08960847E+00
    47  9.40000000E+00  1.09111473E+00  9.99999647E-01  1.09111473E+00
    48  9.60000000E+00  1.09265454E+00  9.99999611E-01  1.09265454E+00
    49  9.80000000E+00  1.09421842E+00  9.99999572E-01  1.09421842E+00
    50  1.00000000E+01  1.09573712E+00  9.99999531E-01  1.09573712E+00
    51  1.02000000E+01  1.09721095E+00  9.99999486E-01  1.09721095E+00
    52  1.04000000E+01  1.09864051E+00  9.99999439E-01  1.09864051E+00
    53  1.06000000E+01  1.10012537E+00  9.99999388E-01  1.10012537E+00
    54  1.08000000E+01  1.10163067E+00  9.99999334E-01  1.10163067E+00
    55  1.10000000E+01  1.10309304E+00  9.99999277E-01  1.10309304E+00
    56  1.12000000E+01  1.10451333E+00  9.99999215E-01  1.10451333E+00
    57  1.14000000E+01  1.10589284E+00  9.99999150E-01  1.10589284E+00
    58  1.16000000E+01  1.10728918E+00  9.99999081E-01  1.10728918E+00
    59  1.18000000E+01  1.10873911E+00  9.99999007E-01  1.10873911E+00
    60  1.20000000E+01  1.11014891E+00  9.99998929E-01  1.11014891E+00
    61  1.22000000E+01  1.11152009E+00  9.99998846E-01  1.11152009E+00
    62  1.24000000E+01  1.11285466E+00  9.99998758E-01  1.11285466E+00
    63  1.26000000E+01  1.11415509E+00  9.99998665E-01  1.11415509E+00
    64  1.28000000E+01  1.11550028E+00  9.99998567E-01  1.11550028E+00
    65  1.30000000E+01  1.11687874E+00  9.99998463E-01  1.11687874E+00
    66  1.32000000E+01  1.11822262E+00  9.99998353E-01  1.11822262E+00
    67  1.34000000E+01  1.11953449E+00  9.99998237E-01  1.11953449E+00
    68  1.36000000E+01  1.12081725E+00  9.99998115E-01  1.12081725E+00
    69  1.38000000E+01  1.12207406E+00  9.99997986E-01  1.12207406E+00
    70  1.40000000E+01  1.12330820E+00  9.99997850E-01  1.12330820E+00
    71  1.42000000E+01  1.12460654E+00  9.99997707E-01  1.12460654E+00
    72  1.44000000E+01  1.12589760E+00  9.99997556E-01  1.12589760E+00
    73  1.46000000E+01  1.12716442E+00  9.99997398E-01  1.12716442E+00
    74  1.48000000E+01  1.12841021E+00  9.99997232E-01  1.12841021E+00
    75  1.50000000E+01  1.12963810E+00  9.99997057E-01  1.12963810E+00
    76  1.52000000E+01  1.13085092E+00  9.99996873E-01  1.13085092E+00
    77  1.54000000E+01  1.13205110E+00  9.99996681E-01  1.13205110E+00
    78  1.56000000E+01  1.13324060E+00  9.99996479E-01  1.13324060E+00
    79  1.58000000E+01  1.13444153E+00  9.99996267E-01  1.13444153E+00
    80  1.60000000E+01  1.13566743E+00  9.99996045E-01  1.13566743E+00
    81  1.62000000E+01  1.13688076E+00  9.99995812E-01  1.13688076E+00
    82  1.64000000E+01  1.13808325E+00  9.99995568E-01  1.13808325E+00
    83  1.66000000E+01  1.13927618E+00  9.99995313E-01  1.13927618E+00
    84  1.68000000E+01  1.14046040E+00  9.99995046E-01  1.14046040E+00
    85  1.70000000E+01  1.14163641E+00  9.99994767E-01  1.14163641E+00
    86  1.72000000E+01  1.14280437E+00  9.99994476E-01  1.14280437E+00
    87  1.74000000E+01  1.14396423E+00  9.99994171E-01  1.14396423E+00
    88  1.76000000E+01  1.14511577E+00  9.99993852E-01  1.14511577E+00
    89  1.78000000E+01  1.14625866E+00  9.99993520E-01  1.14625866E+00
    90  1.80000000E+01  1.14739249E+00  9.99993173E-01  1.14739249E+00
    91  1.82000000E+01  1.14852112E+00  9.99992811E-01  1.14852112E+00
    92  1.84000000E+01  1.14968241E+00  9.99992433E-01  1.14968241E+00
    93  1.86000000E+01  1.15083451E+00  9.99992039E-01  1.15083451E+00
    94  1.88000000E+01  1.15197700E+00  9.99991629E-01  1.15197700E+00
    95  1.90000000E+01  1.15310945E+00  9.99991201E-01  1.15310945E+00
    96  1.92000000E+01  1.15423140E+00  9.99990756E-01  1.15423140E+00
    97  1.94000000E+01  1.15534240E+00  9.99990292E-01  1.15534240E+00
    98  1.96000000E+01  1.15644199E+00  9.99989809E-01  1.15644199E+00
    99  1.98000000E+01  1.15752969E+00  9.99989307E-01  1.15752969E+00
   100  2.00000000E+01  1.15860504E+00  9.99988785E-01  1.15860504E+00
   101  2.02000000E+01  1.15966757E+00  9.99988242E-01  1.15966757E+00
   102  2.04000000E+01  1.16071684E+00  9.99987677E-01  1.16071684E+00
   103  2.06000000E+01  1.16180056E+00  9.99987091E-01  1.16180056E+00
   104  2.08000000E+01  1.16287941E+00  9.99986482E-01  1.16287941E+00
   105  2.10000000E+01  1.16394510E+00  9.99985849E-01  1.16394510E+00
   106  2.12000000E+01  1.16499721E+00  9.99985192E-01  1.16499721E+00
   107  2.14000000E+01  1.16603536E+00  9.99984511E-01  1.16603536E+00
   108  2.16000000E+01  1.16705923E+00  9.99983803E-01  1.16705923E+00
   109  2.18000000E+01  1.16806851E+00  9.99983070E-01  1.16806851E+00
   110  2.20000000E+01  1.16906297E+00  9.99982310E-01  1.16906297E+00
   111  2.22000000E+01  1.17004242E+00  9.99981522E-01  1.17004242E+00
   112  2.24000000E+01  1.17101482E+00  9.99980705E-01  1.17101482E+00
   113  2.26000000E+01  1.17202479E+00  9.99979860E-01  1.17202479E+00
   114  2.28000000E+01  1.17301971E+00  9.99978984E-01  1.17301971E+00
   115  2.30000000E+01  1.17399941E+00  9.99978078E-01  1.17399941E+00
   116  2.32000000E+01  1.17496378E+00  9.99977140E-01  1.17496378E+00
   117  2.34000000E+01  1.17591271E+00  9.99976169E-01  1.17591271E+00
   118  2.36000000E+01  1.17684614E+00  9.99975165E-01  1.17684614E+00
   119  2.38000000E+01  1.17776402E+00  9.99974128E-01  1.17776402E+00
   120  2.40000000E+01  1.17866631E+00  9.99973055E-01  1.17866631E+00
   121  2.42000000E+01  1.17955300E+00  9.99971947E-01  1.17955300E+00
   122  2.44000000E+01  1.18046316E+00  9.99970803E-01  1.18046316E+00
   123  2.46000000E+01  1.18137997E+00  9.99969621E-01  1.18137997E+00
   124  2.48000000E+01  1.18228108E+00  9.99968401E-01  1.18228108E+00
   125  2.50000000E+01  1.18316646E+00  9.99967143E-01  1.18316646E+00
   126  2.52000000E+01  1.18403611E+00  9.99965844E-01  1.18403611E+00
   127  2.54000000E+01  1.18489002E+00  9.99964505E-01  1.18489002E+00
   128  2.56000000E+01  1.18572820E+00  9.99963125E-01  1.18572820E+00
   129  2.58000000E+01  1.18655066E+00  9.99961702E-01  1.18655066E+00
   130  2.60000000E+01  1.18735741E+00  9.99960237E-01  1.18735741E+00
   131  2.62000000E+01  1.18818703E+00  9.99958728E-01  1.18818703E+00
   132  2.64000000E+01  1.18902293E+00  9.99957175E-01  1.18902293E+00
   133  2.66000000E+01  1.18984306E+00  9.99955576E-01  1.18984306E+00
   134  2.68000000E+01  1.19064745E+00  9.99953932E-01  1.19064745E+00
   135  2.70000000E+01  1.19143613E+00  9.99952241E-01  1.19143613E+00
   136  2.72000000E+01  1.19220916E+00  9.99950503E-01  1.19220916E+00
   137  2.74000000E+01  1.19296660E+00  9.99948716E-01  1.19296660E+00
   138  2.76000000E+01  1.19370854E+00  9.99946882E-01  1.19370854E+00
   139  2.78000000E+01  1.19443655E+00  9.99944998E-01  1.19443655E+00
   140  2.80000000E+01  1.19520686E+00  9.99943064E-01  1.19520686E+00
   141  2.82000000E+01  1.19596158E+00  9.99941081E-01  1.19596158E+00
   142  2.84000000E+01  1.19670079E+00  9.99939046E-01  1.19670079E+00
   143  2.86000000E+01  1.19742458E+00  9.99936961E-01  1.19742458E+00
   144  2.88000000E+01  1.19813307E+00  9.99934824E-01  1.19813307E+00
   145  2.90000000E+01  1.19882639E+00  9.99932636E-01  1.19882639E+00
   146  2.92000000E+01  1.19950468E+00  9.99930395E-01  1.19950468E+00
   147  2.94000000E+01  1.20016808E+00  9.99928103E-01  1.20016808E+00
   148  2.96000000E+01  1.20085351E+00  9.99925758E-01  1.20085351E+00
   149  2.98000000E+01  1.20154379E+00  9.99923361E-01  1.20154379E+00
   150  3.00000000E+01  1.20221906E+00  9.99920913E-01  1.20221906E+00
   151  3.02000000E+01  1.20287946E+00  9.99918412E-01  1.20287946E+00
   152  3.04000000E+01  1.20352516E+00  9.99915859E-01  1.20352516E+00
   153  3.06000000E+01  1.20415633E+00  9.99913255E-01  1.20415633E+00
   154  3.08000000E+01  1.20477317E+00  9.99910601E-01  1.20477317E+00
   155  3.10000000E+01  1.20537585E+00  9.99907896E-01  1.20537585E+00
   156  3.12000000E+01  1.20597491E+00  9.99905142E-01  1.20597491E+00
   157  3.14000000E+01  1.20660306E+00  9.99902339E-01  1.20660306E+00
   158  3.16000000E+01  1.20721689E+00  9.99899489E-01  1.20721689E+00
   159  3.18000000E+01  1.20781661E+00  9.99896593E-01  1.20781661E+00
   160  3.20000000E+01  1.20840239E+00  9.99893651E-01  1.20840239E+00
   161  3.22000000E+01  1.20897445E+00  9.99890666E-01  1.20897445E+00
   162  3.24000000E+01  1.20953299E+00  9.99887639E-01  1.20953299E+00
   163  3.26000000E+01  1.21007823E+00  9.99884572E-01  1.21007823E+00
   164  3.28000000E+01  1.21061037E+00  9.99881468E-01  1.21061037E+00
   165  3.30000000E+01  1.21117284E+00  9.99878327E-01  1.21117284E+00
   166  3.32000000E+01  1.21172838E+00  9.99875154E-01  1.21172838E+00
   167  3.34000000E+01  1.21227066E+00  9.99871951E-01  1.21227066E+00
   168  3.36000000E+01  1.21279989E+00  9.99868720E-01  1.21279989E+00
   169  3.38000000E+01  1.21331630E+00  9.99865466E-01  1.21331630E+00
   170  3.40000000E+01  1.21382010E+00  9.99862191E-01  1.21382010E+00
   171  3.42000000E+01  1.21431151E+00  9.99858900E-01  1.21431151E+00
   172  3.44000000E+01  1.21479077E+00  9.99855598E-01  1.21479077E+00
   173  3.46000000E+01  1.21528292E+00  9.99852288E-01  1.21528292E+00
   174  3.48000000E+01  1.21578389E+00  9.99848975E-01  1.21578389E+00
   175  3.50000000E+01  1.21627253E+00  9.99845666E-01  1.21627253E+00
   176  3.52000000E+01  1.21674905E+00  9.99842365E-01  1.21674905E+00
   177  3.54000000E+01  1.21721369E+00  9.99839079E-01  1.21721369E+00
   178  3.56000000E+01  1.21766666E+00  9.99835815E-01  1.21766666E+00
   179  3.58000000E+01  1.21810821E+00  9.99832579E-01  1.21810821E+00
   180  3.60000000E+01  1.21853854E+00  9.99829379E-01  1.21853854E+00
   181  3.62000000E+01  1.21896985E+00  9.99826224E-01  1.21896985E+00
   182  3.64000000E+01  1.21942017E+00  9.99823121E-01  1.21942017E+00
   183  3.66000000E+01  1.21985910E+00  9.99820080E-01  1.21985910E+00
   184  3.68000000E+01  1.22028688E+00  9.99817111E-01  1.22028688E+00
   185  3.70000000E+01  1.22070373E+00  9.99814223E-01  1.22070373E+00
   186  3.72000000E+01  1.22110987E+00  9.99811428E-01  1.22110987E+00
   187  3.74000000E+01  1.22150554E+00  9.99808738E-01  1.22150554E+00
   188  3.76000000E+01  1.22189094E+00  9.99806164E-01  1.22189094E+00
   189  3.78000000E+01  1.22226791E+00  9.99803720E-01  1.22226791E+00
   190  3.80000000E+01  1.22267162E+00  9.99801420E-01  1.22267162E+00
   191  3.82000000E+01  1.22306489E+00  9.99799278E-01  1.22306489E+00
   192  3.84000000E+01  1.22344794E+00  9.99797310E-01  1.22344794E+00
   193  3.86000000E+01  1.22382101E+00  9.99795532E-01  1.22382101E+00
   194  3.88000000E+01  1.22418430E+00  9.99793961E-01  1.22418430E+00
   195  3.90000000E+01  1.22453803E+00  9.99792616E-01  1.22453803E+00
   196  3.92000000E+01  1.22488241E+00  9.99791516E-01  1.22488241E+00
   197  3.94000000E+01  1.22521766E+00  9.99790681E-01  1.22521766E+00
   198  3.96000000E+01  1.22557123E+00  9.99790133E-01  1.22557123E+00
   199  3.98000000E+01  1.22592279E+00  9.99789894E-01  1.22592279E+00
   200  4.00000000E+01  1.22626505E+00  9.99789988E-01  1.22626505E+00
   201  4.02000000E+01  1.22659822E+00  9.99790440E-01  1.22659822E+00
   202  4.04000000E+01  1.22692250E+00  9.99791276E-01  1.22692250E+00
   203  4.06000000E+01  1.22723810E+00  9.99792524E-01  1.22723810E+00
   204  4.08000000E+01  1.22754523E+00  9.99794211E-01  1.22754523E+00
   205  4.10000000E+01  1.22784406E+00  9.99796370E-01  1.22784406E+00
   206  4.12000000E+01  1.22814889E+00  9.99799032E-01  1.22814889E+00
   207  4.14000000E+01  1.22846252E+00  9.99802229E-01  1.22846252E+00
   208  4.16000000E+01  1.22876771E+00  9.99805998E-01  1.22876771E+00
   209  4.18000000E+01  1.22906465E+00  9.99810375E-01  1.22906465E+00
   210  4.20000000E+01  1.22935356E+00  9.99815398E-01  1.22935356E+00
   211  4.22000000E+01  1.22963460E+00  9.99821108E-01  1.22963460E+00
   212  4.24000000E+01  1.22990797E+00  9.99827547E-01  1.22990797E+00
   213  4.26000000E+01  1.23017386E+00  9.99834760E-01  1.23017386E+00
   214  4.28000000E+01  1.23043454E+00  9.99842792E-01  1.23043454E+00
   215  4.30000000E+01  1.23071382E+00  9.99851692E-01  1.23071382E+00
   216  4.32000000E+01  1.23098548E+00  9.99861510E-01  1.23098548E+00
   217  4.34000000E+01  1.23124970E+00  9.99872300E-01  1.23124970E+00
   218  4.36000000E+01  1.23150665E+00  9.99884117E-01  1.23150665E+00
   219  4.38000000E+01  1.23175651E+00  9.99897018E-01  1.23175651E+00
   220  4.40000000E+01  1.23199945E+00  9.99911064E-01  1.23199945E+00
   221  4.42000000E+01  1.23223565E+00  9.99926318E-01  1.23223565E+00
   222  4.44000000E+01  1.23246527E+00  9.99942845E-01  1.23246527E+00
   223  4.46000000E+01  1.23270507E+00  9.99960714E-01  1.23270507E+00
   224  4.48000000E+01  1.23294646E+00  9.99979997E-01  1.23294646E+00
   225  4.50000000E+01  1.23318114E+00  1.00000077E+00  1.23318114E+00
   226  4.52000000E+01  1.23340928E+00  1.00002310E+00  1.23340928E+00
   227  4.54000000E+01  1.23363104E+00  1.00004709E+00  1.23363104E+00
   228  4.56000000E+01  1.23384658E+00  1.00007280E+00  1.23384658E+00
   229  4.58000000E+01  1.23405606E+00  1.00010034E+00  1.23405606E+00
   230  4.60000000E+01  1.23425963E+00  1.00012978E+00  1.23425963E+00
   231  4.62000000E+01  1.23446185E+00  1.00016123E+00  1.23446185E+00
   232  4.64000000E+01  1.23467603E+00  1.00019479E+00  1.23467603E+00
   233  4.66000000E+01  1.23488419E+00  1.00023055E+00  1.23488419E+00
   234  4.68000000E+01  1.23508646E+00  1.00026863E+00  1.23508646E+00
   235  4.70000000E+01  1.23528301E+00  1.00030913E+00  1.23528301E+00
   236  4.72000000E+01  1.23547398E+00  1.00035218E+00  1.23547398E+00
   237  4.74000000E+01  1.23565951E+00  1.00039789E+00  1.23565951E+00
   238  4.76000000E+01  1.23583974E+00  1.00044639E+00  1.23583974E+00
   239  4.78000000E+01  1.23601481E+00  1.00049780E+00  1.23601481E+00
   240  4.80000000E+01  1.23619732E+00  1.00055226E+00  1.23619732E+00
   241  4.82000000E+01  1.23638166E+00  1.00060992E+00  1.23638166E+00
   242  4.84000000E+01  1.23656072E+00  1.00067092E+00  1.23656072E+00
   243  4.86000000E+01  1.23673466E+00  1.00073539E+00  1.23673466E+00
   244  4.88000000E+01  1.23690360E+00  1.00080352E+00  1.23690360E+00
   245  4.90000000E+01  1.23706767E+00  1.00087544E+00  1.23706767E+00
   246  4.92000000E+01  1.23722701E+00  1.00095134E+00  1.23722701E+00
   247  4.94000000E+01  1.23738173E+00  1.00103138E+00  1.23738173E+00
   248  4.96000000E+01  1.23753248E+00  1.00111575E+00  1.23753248E+00
   249  4.98000000E+01  1.23769552E+00  1.00120462E+00  1.23769552E+00
   250  5.00000000E+01  1.23785385E+00  1.00129820E+00  1.23785385E+00
   251  5.02000000E+01  1.23800759E+00  1.00139668E+00  1.23800759E+00
   252  5.04000000E+01  1.23815687E+00  1.00150027E+00  1.23815687E+00
   253  5.06000000E+01  1.23830180E+00  1.00160918E+00  1.23830180E+00
   254  5.08000000E+01  1.23844250E+00  1.00172363E+00  1.23844250E+00
   255  5.10000000E+01  1.23857908E+00  1.00184384E+00  1.23857908E+00
   256  5.12000000E+01  1.23871166E+00  1.00197006E+00  1.23871166E+00
   257  5.14000000E+01  1.23884512E+00  1.00210253E+00  1.23884512E+00
   258  5.16000000E+01  1.23898491E+00  1.00224148E+00  1.23898491E+00
   259  5.18000000E+01  1.23912061E+00  1.00238720E+00  1.23912061E+00
   260  5.20000000E+01  1.23925233E+00  1.00253993E+00  1.23925233E+00
   261  5.22000000E+01  1.23938017E+00  1.00269996E+00  1.23938017E+00
   262  5.24000000E+01  1.23950425E+00  1.00286757E+00  1.23950425E+00
   263  5.26000000E+01  1.23962466E+00  1.00304304E+00  1.23962466E+00
   264  5.28000000E+01  1.23974150E+00  1.00322668E+00  1.23974150E+00
   265  5.30000000E+01  1.23985488E+00  1.00341881E+00  1.23985488E+00
   266  5.32000000E+01  1.23997217E+00  1.00361973E+00  1.23997217E+00
   267  5.34000000E+01  1.24009182E+00  1.00382977E+00  1.24009182E+00
   268  5.36000000E+01  1.24020793E+00  1.00404928E+00  1.24020793E+00
   269  5.38000000E+01  1.24032059E+00  1.00427859E+00  1.24032059E+00
   270  5.40000000E+01  1.24042990E+00  1.00451806E+00  1.24042990E+00
   271  5.42000000E+01  1.24053595E+00  1.00476806E+00  1.24053595E+00
   272  5.44000000E+01  1.24063883E+00  1.00502896E+00  1.24063883E+00
   273  5.46000000E+01  1.24073863E+00  1.00530115E+00  1.24073863E+00
   274  5.48000000E+01  1.24083544E+00  1.00558501E+00  1.24083544E+00
   275  5.50000000E+01  1.24093733E+00  1.00588095E+00  1.24093733E+00
   276  5.52000000E+01  1.24103954E+00  1.00618938E+00  1.24103954E+00
   277  5.54000000E+01  1.24113870E+00  1.00651072E+00  1.24113870E+00
   278  5.56000000E+01  1.24123488E+00  1.00684541E+00  1.24123488E+00
   279  5.58000000E+01  1.24132816E+00  1.00719388E+00  1.24132816E+00
   280  5.60000000E+01  1.24141864E+00  1.00755658E+00  1.24141864E+00
   281  5.62000000E+01  1.24150638E+00  1.00793398E+00  1.24150638E+00
   282  5.64000000E+01  1.24159147E+00  1.00832653E+00  1.24159147E+00
   283  5.66000000E+01  1.24167398E+00  1.00873473E+00  1.24167398E+00
   284  5.68000000E+01  1.24176107E+00  1.00915904E+00  1.24176107E+00
   285  5.70000000E+01  1.24184827E+00  1.00959996E+00  1.24184827E+00
   286  5.72000000E+01  1.24193282E+00  1.01005801E+00  1.24193282E+00
   287  5.74000000E+01  1.24201482E+00  1.01053367E+00  1.24201482E+00
   288  5.76000000E+01  1.24209432E+00  1.01102747E+00  1.24209432E+00
   289  5.78000000E+01  1.24217140E+00  1.01153994E+00  1.24217140E+00
   290  5.80000000E+01  1.24224614E+00  1.01207160E+00  1.24224614E+00
   291  5.82000000E+01  1.24231859E+00  1.01262299E+00  1.24231859E+00
   292  5.84000000E+01  1.24238883E+00  1.01319464E+00  1.24238883E+00
   293  5.86000000E+01  1.24246155E+00  1.01378710E+00  1.24246155E+00
   294  5.88000000E+01  1.24253580E+00  1.01440092E+00  1.24253580E+00
   295  5.90000000E+01  1.24260779E+00  1.01503665E+00  1.24260779E+00
   296  5.92000000E+01  1.24267757E+00  1.01569484E+00  1.24267757E+00
   297  5.94000000E+01  1.24274522E+00  1.01637605E+00  1.24274522E+00
   298  5.96000000E+01  1.24281078E+00  1.01708082E+00  1.24281078E+00
   299  5.98000000E+01  1.24287433E+00  1.01780971E+00  1.24287433E+00
   300  6.00000000E+01  1.24293593E+00  1.01856328E+00  1.24293593E+00
   301  6.02000000E+01  1.24299562E+00  1.01934206E+00  1.24299562E+00
   302  6.04000000E+01  1.24305538E+00  1.02014659E+00  1.24305538E+00
   303  6.06000000E+01  1.24311854E+00  1.02097742E+00  1.24311854E+00
   304  6.08000000E+01  1.24317975E+00  1.02183506E+00  1.24317975E+00
   305  6.10000000E+01  1.24323907E+00  1.02272004E+00  1.24323907E+00
   306  6.12000000E+01  1.24329656E+00  1.02363286E+00  1.24329656E+00
   307  6.14000000E+01  1.24335226E+00  1.02457402E+00  1.24335226E+00
   308  6.16000000E+01  1.24340625E+00  1.02554400E+00  1.24340625E+00
   309  6.18000000E+01  1.24345855E+00  1.02654326E+00  1.24345855E+00
   310  6.20000000E+01  1.24350923E+00  1.02757224E+00  1.24350923E+00
   311  6.22000000E+01  1.24355833E+00  1.02863138E+00  1.24355833E+00
   312  6.24000000E+01  1.24361057E+00  1.02972107E+00  1.24361057E+00
   313  6.26000000E+01  1.24366254E+00  1.03084170E+00  1.24366254E+00
   314  6.28000000E+01  1.24371290E+00  1.03199362E+00  1.24371290E+00
   315  6.30000000E+01  1.24376168E+00  1.03317716E+00  1.24376168E+00
   316  6.32000000E+01  1.24380895E+00  1.03439262E+00  1.24380895E+00
   317  6.34000000E+01  1.24385474E+00  1.03564024E+00  1.24385474E+00
   318  6.36000000E+01  1.24389909E+00  1.03692028E+00  1.24389909E+00
   319  6.38000000E+01  1.24394206E+00  1.03823290E+00  1.24394206E+00
   320  6.40000000E+01  1.24398368E+00  1.03957828E+00  1.24398368E+00
   321  6.42000000E+01  1.24402451E+00  1.04095650E+00  1.24402451E+00
   322  6.44000000E+01  1.24406859E+00  1.04236765E+00  1.24406859E+00
   323  6.46000000E+01  1.24411129E+00  1.04381173E+00  1.24411129E+00
   324  6.48000000E+01  1.24415266E+00  1.04528872E+00  1.24415266E+00
   325  6.50000000E+01  1.24419272E+00  1.04679854E+00  1.24419272E+00
   326  6.52000000E+01  1.24423152E+00  1.04834104E+00  1.24423152E+00
   327  6.54000000E+01  1.24426911E+00  1.04991604E+00  1.24426911E+00
   328  6.56000000E+01  1.24430550E+00  1.05152330E+00  1.24430550E+00
   329  6.58000000E+01  1.24434075E+00  1.05316250E+00  1.24434075E+00
   330  6.60000000E+01  1.24437489E+00  1.05483327E+00  1.24437489E+00
   331  6.62000000E+01  1.24440827E+00  1.05653519E+00  1.24440827E+00
   332  6.64000000E+01  1.24444444E+00  1.05826777E+00  1.24444444E+00
   333  6.66000000E+01  1.24447946E+00  1.06003044E+00  1.24447946E+00
   334  6.68000000E+01  1.24451337E+00  1.06182258E+00  1.24451337E+00
   335  6.70000000E+01  1.24454622E+00  1.06364350E+00  1.24454622E+00
   336  6.72000000E+01  1.24457802E+00  1.06549244E+00  1.24457802E+00
   337  6.74000000E+01  1.24460881E+00  1.06736858E+00  1.24460881E+00
   338  6.76000000E+01  1.24463863E+00  1.06927102E+00  1.24463863E+00
   339  6.78000000E+01  1.24466750E+00  1.07119881E+00  1.24466750E+00
   340  6.80000000E+01  1.24469545E+00  1.07315092E+00  1.24469545E+00
   341  6.82000000E+01  1.24472250E+00  1.07512626E+00  1.24472250E+00
   342  6.84000000E+01  1.24475155E+00  1.07712368E+00  1.24475155E+00
   343  6.86000000E+01  1.24478024E+00  1.07914195E+00  1.24478024E+00
   344  6.88000000E+01  1.24480802E+00  1.08117980E+00  1.24480802E+00
   345  6.90000000E+01  1.24483491E+00  1.08323589E+00  1.24483491E+00
   346  6.92000000E+01  1.24486095E+00  1.08530883E+00  1.24486095E+00
   347  6.94000000E+01  1.24488615E+00  1.08739716E+00  1.24488615E+00
   348  6.96000000E+01  1.24491055E+00  1.08949940E+00  1.24491055E+00
   349  6.98000000E+01  1.24493417E+00  1.09161400E+00  1.24493417E+00
   350  7.00000000E+01  1.24495703E+00  1.09373936E+00  1.24495703E+00
   351  7.02000000E+01  1.24497916E+00  1.09587385E+00  1.24497916E+00
   352  7.04000000E+01  1.24500078E+00  1.09801581E+00  1.24500078E+00
   353  7.06000000E+01  1.24502425E+00  1.10016355E+00  1.24502425E+00
   354  7.08000000E+01  1.24504697E+00  1.10231533E+00  1.24504697E+00
   355  7.10000000E+01  1.24506895E+00  1.10446941E+00  1.24506895E+00
   356  7.12000000E+01  1.24509024E+00  1.10662401E+00  1.24509024E+00
   357  7.14000000E+01  1.24511083E+00  1.10877737E+00  1.24511083E+00
   358  7.16000000E+01  1.24513077E+00  1.11092768E+00  1.24513077E+00
   359  7.18000000E+01  1.24515006E+00  1.11307318E+00  1.24515006E+00
   360  7.20000000E+01  1.24516874E+00  1.11521206E+00  1.24516874E+00
   361  7.22000000E+01  1.24518681E+00  1.11734257E+00  1.24518681E+00
   362  7.24000000E+01  1.24520430E+00  1.11946293E+00  1.24520430E+00
   363  7.26000000E+01  1.24522122E+00  1.12157143E+00  1.24522122E+00
   364  7.28000000E+01  1.24523977E+00  1.12366636E+00  1.24523977E+00
   365  7.30000000E+01  1.24525773E+00  1.12574605E+00  1.24525773E+00
   366  7.32000000E+01  1.24527511E+00  1.12780888E+00  1.24527511E+00
   367  7.34000000E+01  1.24529193E+00  1.12985326E+00  1.24529193E+00
   368  7.36000000E+01  1.24530821E+00  1.13187769E+00  1.24530821E+00
   369  7.38000000E+01  1.24532396E+00  1.13388070E+00  1.24532396E+00
   370  7.40000000E+01  1.24533920E+00  1.13586088E+00  1.24533920E+00
   371  7.42000000E+01  1.24535395E+00  1.13781692E+00  1.24535395E+00
   372  7.44000000E+01  1.24536821E+00  1.13974757E+00  1.24536821E+00
   373  7.46000000E+01  1.24538202E+00  1.14165168E+00  1.24538202E+00
   374  7.48000000E+01  1.24539538E+00  1.14352816E+00  1.24539538E+00
   375  7.50000000E+01  1.24540874E+00  1.14537606E+00  1.24540874E+00
   376  7.52000000E+01  1.24542292E+00  1.14719451E+00  1.24542292E+00
   377  7.54000000E+01  1.24543664E+00  1.14898277E+00  1.24543664E+00
   378  7.56000000E+01  1.24544991E+00  1.15074021E+00  1.24544991E+00
   379  7.58000000E+01  1.24546275E+00  1.15246637E+00  1.24546275E+00
   380  7.60000000E+01  1.24547517E+00  1.15416089E+00  1.24547517E+00
   381  7.62000000E+01  1.24548719E+00  1.15582360E+00  1.24548719E+00
   382  7.64000000E+01  1.24549882E+00  1.15745449E+00  1.24549882E+00
   383  7.66000000E+01  1.24551006E+00  1.15905372E+00  1.24551006E+00
   384  7.68000000E+01  1.24552095E+00  1.16062161E+00  1.24552095E+00
   385  7.70000000E+01  1.24553147E+00  1.16215867E+00  1.24553147E+00
   386  7.72000000E+01  1.24554165E+00  1.16366561E+00  1.24554165E+00
   387  7.74000000E+01  1.24555150E+00  1.16514329E+00  1.24555150E+00
   388  7.76000000E+01  1.24556192E+00  1.16659273E+00  1.24556192E+00
   389  7.78000000E+01  1.24557238E+00  1.16801513E+00  1.24557238E+00
   390  7.80000000E+01  1.24558250E+00  1.16941180E+00  1.24558250E+00
   391  7.82000000E+01  1.24559229E+00  1.17078419E+00  1.24559229E+00
   392  7.84000000E+01  1.24560176E+00  1.17213380E+00  1.24560176E+00
   393  7.86000000E+01  1.24561092E+00  1.17346221E+00  1.24561092E+00
   394  7.88000000E+01  1.24561978E+00  1.17477104E+00  1.24561978E+00
   395  7.90000000E+01  1.24562835E+00  1.17606186E+00  1.24562835E+00
   396  7.92000000E+01  1.24563664E+00  1.17733625E+00  1.24563664E+00
   397  7.94000000E+01  1.24564466E+00  1.17859568E+00  1.24564466E+00
   398  7.96000000E+01  1.24565241E+00  1.17984152E+00  1.24565241E+00
   399  7.98000000E+01  1.24565991E+00  1.18107502E+00  1.24565991E+00
   400  8.00000000E+01  1.24566716E+00  1.18229726E+00  1.24566716E+00
   401  8.02000000E+01  1.24567418E+00  1.18350916E+00  1.24567418E+00
   402  8.04000000E+01  1.24568142E+00  1.18471143E+00  1.24568142E+00
   403  8.06000000E+01  1.24568887E+00  1.18590460E+00  1.24568887E+00
   404  8.08000000E+01  1.24569608E+00  1.18708901E+00  1.24569608E+00
   405  8.10000000E+01  1.24570305E+00  1.18826480E+00  1.24570305E+00
   406  8.12000000E+01  1.24570979E+00  1.18943192E+00  1.24570979E+00
   407  8.14000000E+01  1.24571631E+00  1.19059018E+00  1.24571631E+00
   408  8.16000000E+01  1.24572261E+00  1.19173922E+00  1.24572261E+00
   409  8.18000000E+01  1.24572871E+00  1.19287859E+00  1.24572871E+00
   410  8.20000000E+01  1.24573460E+00  1.19400771E+00  1.24573460E+00
   411  8.22000000E+01  1.24574030E+00  1.19512596E+00  1.24574030E+00
   412  8.24000000E+01  1.24574582E+00  1.19623267E+00  1.24574582E+00
   413  8.26000000E+01  1.24575115E+00  1.19732713E+00  1.24575115E+00
   414  8.28000000E+01  1.24575630E+00  1.19840867E+00  1.24575630E+00
   415  8.30000000E+01  1.24576129E+00  1.19947663E+00  1.24576129E+00
   416  8.32000000E+01  1.24576611E+00  1.20053039E+00  1.24576611E+00
   417  8.34000000E+01  1.24577077E+00  1.20156939E+00  1.24577077E+00
   418  8.36000000E+01  1.24577564E+00  1.20259313E+00  1.24577564E+00
   419  8.38000000E+01  1.24578059E+00  1.20360119E+00  1.24578059E+00
   420  8.40000000E+01  1.24578538E+00  1.20459324E+00  1.24578538E+00
   421  8.42000000E+01  1.24579002E+00  1.20556901E+00  1.24579002E+00
   422  8.44000000E+01  1.24579449E+00  1.20652829E+00  1.24579449E+00
   423  8.46000000E+01  1.24579882E+00  1.20747096E+00  1.24579882E+00
   424  8.48000000E+01  1.24580301E+00  1.20839696E+00  1.24580301E+00
   425  8.50000000E+01  1.24580706E+00  1.20930626E+00  1.24580706E+00
   426  8.52000000E+01  1.24581097E+00  1.21019890E+00  1.24581097E+00
   427  8.54000000E+01  1.24581476E+00  1.21107493E+00  1.24581476E+00
   428  8.56000000E+01  1.24581842E+00  1.21193446E+00  1.24581842E+00
   429  8.58000000E+01  1.24582196E+00  1.21277759E+00  1.24582196E+00
   430  8.60000000E+01  1.24582538E+00  1.21360445E+00  1.24582538E+00
   431  8.62000000E+01  1.24582868E+00  1.21441516E+00  1.24582868E+00
   432  8.64000000E+01  1.24583188E+00  1.21520987E+00  1.24583188E+00
   433  8.66000000E+01  1.24583497E+00  1.21598871E+00  1.24583497E+00
   434  8.68000000E+01  1.24583796E+00  1.21675181E+00  1.24583796E+00
   435  8.70000000E+01  1.24584085E+00  1.21749931E+00  1.24584085E+00
   436  8.72000000E+01  1.24584364E+00  1.21823134E+00  1.24584364E+00
   437  8.74000000E+01  1.24584634E+00  1.21894803E+00  1.24584634E+00
   438  8.76000000E+01  1.24584909E+00  1.21964951E+00  1.24584909E+00
   439  8.78000000E+01  1.24585196E+00  1.22033591E+00  1.24585196E+00
   440  8.80000000E+01  1.24585473E+00  1.22100736E+00  1.24585473E+00
   441  8.82000000E+01  1.24585741E+00  1.22166402E+00  1.24585741E+00
   442  8.84000000E+01  1.24586001E+00  1.22230602E+00  1.24586001E+00
   443  8.86000000E+01  1.24586251E+00  1.22293351E+00  1.24586251E+00
   444  8.88000000E+01  1.24586494E+00  1.22354666E+00  1.24586494E+00
   445  8.90000000E+01  1.24586728E+00  1.22414565E+00  1.24586728E+00
   446  8.92000000E+01  1.24586954E+00  1.22473064E+00  1.24586954E+00
   447  8.94000000E+01  1.24587173E+00  1.22530183E+00  1.24587173E+00
   448  8.96000000E+01  1.24587385E+00  1.22585942E+00  1.24587385E+00
   449  8.98000000E+01  1.24587589E+00  1.22640362E+00  1.24587589E+00
   450  9.00000000E+01  1.24587787E+00  1.22693463E+00  1.24587787E+00
   451  9.02000000E+01  1.24587978E+00  1.22745268E+00  1.24587978E+00
   452  9.04000000E+01  1.24588163E+00  1.22795799E+00  1.24588163E+00
   453  9.06000000E+01  1.24588341E+00  1.22845079E+00  1.24588341E+00
   454  9.08000000E+01  1.24588514E+00  1.22893131E+00  1.24588514E+00
   455  9.10000000E+01  1.24588681E+00  1.22939979E+00  1.24588681E+00
   456  9.12000000E+01  1.24588842E+00  1.22985645E+00  1.24588842E+00
   457  9.14000000E+01  1.24588998E+00  1.23030154E+00  1.24588998E+00
   458  9.16000000E+01  1.24589148E+00  1.23073529E+00  1.24589148E+00
   459  9.18000000E+01  1.24589294E+00  1.23115794E+00  1.24589294E+00
   460  9.20000000E+01  1.24589434E+00  1.23156970E+00  1.24589434E+00
   461  9.22000000E+01  1.24589570E+00  1.23197083E+00  1.24589570E+00
   462  9.24000000E+01  1.24589702E+00  1.23236153E+00  1.24589702E+00
   463  9.26000000E+01  1.24589829E+00  1.23274204E+00  1.24589829E+00
   464  9.28000000E+01  1.24589952E+00  1.23311257E+00  1.24589952E+00
   465  9.30000000E+01  1.24590070E+00  1.23347335E+00  1.24590070E+00
   466  9.32000000E+01  1.24590185E+00  1.23382460E+00  1.24590185E+00
   467  9.34000000E+01  1.24590296E+00  1.23416653E+00  1.24590296E+00
   468  9.36000000E+01  1.24590414E+00  1.23449934E+00  1.24590414E+00
   469  9.38000000E+01  1.24590532E+00  1.23482325E+00  1.24590532E+00
   470  9.40000000E+01  1.24590646E+00  1.23513845E+00  1.24590646E+00
   471  9.42000000E+01  1.24590756E+00  1.23544516E+00  1.24590756E+00
   472  9.44000000E+01  1.24590863E+00  1.23574357E+00  1.24590863E+00
   473  9.46000000E+01  1.24590966E+00  1.23603388E+00  1.24590966E+00
   474  9.48000000E+01  1.24591065E+00  1.23631627E+00  1.24591065E+00
   475  9.50000000E+01  1.24591161E+00  1.23659094E+00  1.24591161E+00
   476  9.52000000E+01  1.24591254E+00  1.23685807E+00  1.24591254E+00
   477  9.54000000E+01  1.24591344E+00  1.23711785E+00  1.24591344E+00
   478  9.56000000E+01  1.24591431E+00  1.23737045E+00  1.24591431E+00
   479  9.58000000E+01  1.24591514E+00  1.23761605E+00  1.24591514E+00
   480  9.60000000E+01  1.24591595E+00  1.23785483E+00  1.24591595E+00
   481  9.62000000E+01  1.24591674E+00  1.23808694E+00  1.24591674E+00
   482  9.64000000E+01  1.24591749E+00  1.23831257E+00  1.24591749E+00
   483  9.66000000E+01  1.24591822E+00  1.23853186E+00  1.24591822E+00
   484  9.68000000E+01  1.24591893E+00  1.23874498E+00  1.24591893E+00
   485  9.70000000E+01  1.24591961E+00  1.23895209E+00  1.24591961E+00
   486  9.72000000E+01  1.24592027E+00  1.23915334E+00  1.24592027E+00
   487  9.74000000E+01  1.24592091E+00  1.23934887E+00  1.24592091E+00
   488  9.76000000E+01  1.24592153E+00  1.23953884E+00  1.24592153E+00
   489  9.78000000E+01  1.24592212E+00  1.23972339E+00  1.24592212E+00
   490  9.80000000E+01  1.24592270E+00  1.23990265E+00  1.24592270E+00
   491  9.82000000E+01  1.24592325E+00  1.24007677E+00  1.24592325E+00
   492  9.84000000E+01  1.24592379E+00  1.24024588E+00  1.24592379E+00
   493  9.86000000E+01  1.24592431E+00  1.24041012E+00  1.24592431E+00
   494  9.88000000E+01  1.24592481E+00  1.24056960E+00  1.24592481E+00
   495  9.90000000E+01  1.24592529E+00  1.24072445E+00  1.24592529E+00
   496  9.92000000E+01  1.24592576E+00  1.24087481E+00  1.24592576E+00
   497  9.94000000E+01  1.24592622E+00  1.24102078E+00  1.24592622E+00
   498  9.96000000E+01  1.24592665E+00  1.24116249E+00  1.24592665E+00
   499  9.98000000E+01  1.24592708E+00  1.24130005E+00  1.24592708E+00
   500  1.00000000E+02  1.24592748E+00  1.24143357E+00  1.24592748E+00
   501  1.00200000E+02  1.24592788E+00  1.24156316E+00  1.24592788E+00
   502  1.00400000E+02  1.24592826E+00  1.24168893E+00  1.24592826E+00
   503  1.00600000E+02  1.24592863E+00  1.24181099E+00  1.24592863E+00
   504  1.00800000E+02  1.24592898E+00  1.24192943E+00  1.24592898E+00
   505  1.01000000E+02  1.24592933E+00  1.24204435E+00  1.24592933E+00
   506  1.01200000E+02  1.24592966E+00  1.24215585E+00  1.24592966E+00
   507  1.01400000E+02  1.24592998E+00  1.24226403E+00  1.24592998E+00
   508  1.01600000E+02  1.24593029E+00  1.24236898E+00  1.24593029E+00
   509  1.01800000E+02  1.24593059E+00  1.24247078E+00  1.24593059E+00
   510  1.02000000E+02  1.24593088E+00  1.24256954E+00  1.24593088E+00
   511  1.02200000E+02  1.24593116E+00  1.24266532E+00  1.24593116E+00
   512  1.02400000E+02  1.24593143E+00  1.24275822E+00  1.24593143E+00
   513  1.02600000E+02  1.24593169E+00  1.24284832E+00  1.24593169E+00
   514  1.02800000E+02  1.24593194E+00  1.24293569E+00  1.24593194E+00
   515  1.03000000E+02  1.24593219E+00  1.24302041E+00  1.24593219E+00
   516  1.03200000E+02  1.24593242E+00  1.24310257E+00  1.24593242E+00
   517  1.03400000E+02  1.24593265E+00  1.24318223E+00  1.24593265E+00
   518  1.03600000E+02  1.24593287E+00  1.24325946E+00  1.24593287E+00
   519  1.03800000E+02  1.24593308E+00  1.24333433E+00  1.24593308E+00
   520  1.04000000E+02  1.24593329E+00  1.24340692E+00  1.24593329E+00
   521  1.04200000E+02  1.24593349E+00  1.24347728E+00  1.24593349E+00
   522  1.04400000E+02  1.24593368E+00  1.24354549E+00  1.24593368E+00
   523  1.04600000E+02  1.24593386E+00  1.24361160E+00  1.24593386E+00
   524  1.04800000E+02  1.24593404E+00  1.24367568E+00  1.24593404E+00
   525  1.05000000E+02  1.24593421E+00  1.24373779E+00  1.24593421E+00
   526  1.05200000E+02  1.24593438E+00  1.24379797E+00  1.24593438E+00
   527  1.05400000E+02  1.24593454E+00  1.24385630E+00  1.24593454E+00
   528  1.05600000E+02  1.24593470E+00  1.24391282E+00  1.24593470E+00
   529  1.05800000E+02  1.24593485E+00  1.24396759E+00  1.24593485E+00
   530  1.06000000E+02  1.24593499E+00  1.24402066E+00  1.24593499E+00
   531  1.06200000E+02  1.24593513E+00  1.24407208E+00  1.24593513E+00
   532  1.06400000E+02  1.24593527E+00  1.24412190E+00  1.24593527E+00
   533  1.06600000E+02  1.24593540E+00  1.24417016E+00  1.24593540E+00
   534  1.06800000E+02  1.24593553E+00  1.24421692E+00  1.24593553E+00
   535  1.07000000E+02  1.24593565E+00  1.24426222E+00  1.24593565E+00
   536  1.07200000E+02  1.24593577E+00  1.24430609E+00  1.24593577E+00
   537  1.07400000E+02  1.24593588E+00  1.24434860E+00  1.24593588E+00
   538  1.07600000E+02  1.24593599E+00  1.24438976E+00  1.24593599E+00
   539  1.07800000E+02  1.24593610E+00  1.24442964E+00  1.24593610E+00
   540  1.08000000E+02  1.24593620E+00  1.24446826E+00  1.24593620E+00
   541  1.08200000E+02  1.24593630E+00  1.24450566E+00  1.24593630E+00
   542  1.08400000E+02  1.24593640E+00  1.24454188E+00  1.24593640E+00
   543  1.08600000E+02  1.24593649E+00  1.24457696E+00  1.24593649E+00
   544  1.08800000E+02  1.24593658E+00  1.24461093E+00  1.24593658E+00
   545  1.09000000E+02  1.24593667E+00  1.24464382E+00  1.24593667E+00
   546  1.09200000E+02  1.24593675E+00  1.24467567E+00  1.24593675E+00
   547  1.09400000E+02  1.24593683E+00  1.24470651E+00  1.24593683E+00
   548  1.09600000E+02  1.24593691E+00  1.24473637E+00  1.24593691E+00
   549  1.09800000E+02  1.24593699E+00  1.24476529E+00  1.24593699E+00
   550  1.10000000E+02  1.24593706E+00  1.24479328E+00  1.24593706E+00
   551  1.10200000E+02  1.24593713E+00  1.24482038E+00  1.24593713E+00
   552  1.10400000E+02  1.24593720E+00  1.24484661E+00  1.24593720E+00
   553  1.10600000E+02  1.24593727E+00  1.24487201E+00  1.24593727E+00
   554  1.10800000E+02  1.24593733E+00  1.24489659E+00  1.24593733E+00
   555  1.11000000E+02  1.24593739E+00  1.24492039E+00  1.24593739E+00
   556  1.11200000E+02  1.24593745E+00  1.24494343E+00  1.24593745E+00
   557  1.11400000E+02  1.24593751E+00  1.24496572E+00  1.24593751E+00
   558  1.11600000E+02  1.24593756E+00  1.24498730E+00  1.24593756E+00
   559  1.11800000E+02  1.24593762E+00  1.24500819E+00  1.24593762E+00
 steady-height stop at step    559: truncated to 3 decimals, truncated max/end/ratio =       1245      1245      1245, max/end/ratio =   1.24593762E+00  1.24500819E+00  1.24593762E+00
