 comppar: model =   3
 comppar: lambda,mobility/eps,betav,eta_0 =  1.1000E+01  3.0000E-02  3.0000E-01  1.0000E+00
 comppar: eta_s,eta_p,G =  3.0000E-01  7.0000E-01  6.3636E-02
 comppar: U_avg,deltat,flowrate,nsteps =  1.0000E-01  4.0000E-01  3.1416E-01    1000
 comppar: geometry = axisymmetric
 comppar: steady stop change,gap,hold,min =  1.0000E-05  2.0000E-04      10      80
 comppar: steady stop rounded decimals =       4
 comppar: ncompc,ncompg =     4     5
 mesh nnodes = 22999
 mesh nelem = 11296
 P1 BC   5.0000000000000000     
 P2 BC   0.0000000000000000     
     1  4.00000000E-01  1.00503600E+00  1.00000000E+00  1.00503600E+00
     2  8.00000000E-01  1.00989791E+00  1.00000000E+00  1.00989791E+00
     3  1.20000000E+00  1.01458464E+00  1.00000000E+00  1.01458464E+00
     4  1.60000000E+00  1.01912478E+00  1.00000000E+00  1.01912478E+00
     5  2.00000000E+00  1.02353907E+00  1.00000000E+00  1.02353907E+00
     6  2.40000000E+00  1.02786007E+00  1.00000000E+00  1.02786007E+00
     7  2.80000000E+00  1.03211642E+00  1.00000001E+00  1.03211642E+00
     8  3.20000000E+00  1.03634210E+00  1.00000001E+00  1.03634210E+00
     9  3.60000000E+00  1.04055781E+00  1.00000001E+00  1.04055781E+00
    10  4.00000000E+00  1.04479433E+00  1.00000000E+00  1.04479433E+00
    11  4.40000000E+00  1.04906777E+00  1.00000000E+00  1.04906777E+00
    12  4.80000000E+00  1.05341175E+00  9.99999998E-01  1.05341175E+00
    13  5.20000000E+00  1.05783865E+00  9.99999992E-01  1.05783865E+00
    14  5.60000000E+00  1.06236283E+00  9.99999985E-01  1.06236283E+00
    15  6.00000000E+00  1.06700106E+00  9.99999976E-01  1.06700106E+00
    16  6.40000000E+00  1.07176764E+00  9.99999964E-01  1.07176764E+00
    17  6.80000000E+00  1.07665776E+00  9.99999950E-01  1.07665776E+00
    18  7.20000000E+00  1.08167910E+00  9.99999933E-01  1.08167910E+00
    19  7.60000000E+00  1.08685027E+00  9.99999912E-01  1.08685027E+00
    20  8.00000000E+00  1.09215420E+00  9.99999889E-01  1.09215420E+00
    21  8.40000000E+00  1.09759725E+00  9.99999862E-01  1.09759725E+00
    22  8.80000000E+00  1.10318979E+00  9.99999831E-01  1.10318979E+00
    23  9.20000000E+00  1.10890709E+00  9.99999795E-01  1.10890709E+00
    24  9.60000000E+00  1.11474742E+00  9.99999756E-01  1.11474742E+00
    25  1.00000000E+01  1.12071803E+00  9.99999711E-01  1.12071803E+00
    26  1.04000000E+01  1.12680673E+00  9.99999662E-01  1.12680673E+00
    27  1.08000000E+01  1.13299330E+00  9.99999607E-01  1.13299330E+00
    28  1.12000000E+01  1.13926551E+00  9.99999546E-01  1.13926551E+00
    29  1.16000000E+01  1.14560882E+00  9.99999479E-01  1.14560882E+00
    30  1.20000000E+01  1.15200679E+00  9.99999406E-01  1.15200679E+00
    31  1.24000000E+01  1.15845430E+00  9.99999326E-01  1.15845430E+00
    32  1.28000000E+01  1.16494339E+00  9.99999238E-01  1.16494339E+00
    33  1.32000000E+01  1.17143998E+00  9.99999143E-01  1.17143998E+00
    34  1.36000000E+01  1.17792646E+00  9.99999039E-01  1.17792646E+00
    35  1.40000000E+01  1.18440191E+00  9.99998926E-01  1.18440191E+00
    36  1.44000000E+01  1.19088024E+00  9.99998804E-01  1.19088024E+00
    37  1.48000000E+01  1.19731008E+00  9.99998672E-01  1.19731008E+00
    38  1.52000000E+01  1.20372500E+00  9.99998530E-01  1.20372500E+00
    39  1.56000000E+01  1.21009694E+00  9.99998376E-01  1.21009694E+00
    40  1.60000000E+01  1.21639237E+00  9.99998210E-01  1.21639237E+00
    41  1.64000000E+01  1.22265865E+00  9.99998032E-01  1.22265865E+00
    42  1.68000000E+01  1.22886924E+00  9.99997841E-01  1.22886924E+00
    43  1.72000000E+01  1.23498491E+00  9.99997635E-01  1.23498491E+00
    44  1.76000000E+01  1.24106306E+00  9.99997415E-01  1.24106306E+00
    45  1.80000000E+01  1.24707675E+00  9.99997179E-01  1.24707675E+00
    46  1.84000000E+01  1.25298875E+00  9.99996926E-01  1.25298875E+00
    47  1.88000000E+01  1.25889999E+00  9.99996656E-01  1.25889999E+00
    48  1.92000000E+01  1.26469876E+00  9.99996367E-01  1.26469876E+00
    49  1.96000000E+01  1.27043740E+00  9.99996059E-01  1.27043740E+00
    50  2.00000000E+01  1.27612340E+00  9.99995730E-01  1.27612340E+00
    51  2.04000000E+01  1.28168786E+00  9.99995379E-01  1.28168786E+00
    52  2.08000000E+01  1.28725966E+00  9.99995005E-01  1.28725966E+00
    53  2.12000000E+01  1.29271189E+00  9.99994607E-01  1.29271189E+00
    54  2.16000000E+01  1.29810973E+00  9.99994184E-01  1.29810973E+00
    55  2.20000000E+01  1.30344659E+00  9.99993734E-01  1.30344659E+00
    56  2.24000000E+01  1.30864865E+00  9.99993255E-01  1.30864865E+00
    57  2.28000000E+01  1.31382118E+00  9.99992747E-01  1.31382118E+00
    58  2.32000000E+01  1.31890950E+00  9.99992208E-01  1.31890950E+00
    59  2.36000000E+01  1.32385065E+00  9.99991636E-01  1.32385065E+00
    60  2.40000000E+01  1.32879711E+00  9.99991030E-01  1.32879711E+00
    61  2.44000000E+01  1.33361878E+00  9.99990387E-01  1.33361878E+00
    62  2.48000000E+01  1.33837295E+00  9.99989707E-01  1.33837295E+00
    63  2.52000000E+01  1.34308328E+00  9.99988986E-01  1.34308328E+00
    64  2.56000000E+01  1.34766387E+00  9.99988224E-01  1.34766387E+00
    65  2.60000000E+01  1.35226105E+00  9.99987419E-01  1.35226105E+00
    66  2.64000000E+01  1.35668608E+00  9.99986567E-01  1.35668608E+00
    67  2.68000000E+01  1.36109381E+00  9.99985668E-01  1.36109381E+00
    68  2.72000000E+01  1.36539915E+00  9.99984719E-01  1.36539915E+00
    69  2.76000000E+01  1.36958860E+00  9.99983716E-01  1.36958860E+00
    70  2.80000000E+01  1.37377405E+00  9.99982659E-01  1.37377405E+00
    71  2.84000000E+01  1.37777175E+00  9.99981545E-01  1.37777175E+00
    72  2.88000000E+01  1.38183299E+00  9.99980370E-01  1.38183299E+00
    73  2.92000000E+01  1.38570950E+00  9.99979133E-01  1.38570950E+00
    74  2.96000000E+01  1.38960916E+00  9.99977830E-01  1.38960916E+00
    75  3.00000000E+01  1.39336408E+00  9.99976458E-01  1.39336408E+00
    76  3.04000000E+01  1.39709317E+00  9.99975015E-01  1.39709317E+00
    77  3.08000000E+01  1.40072991E+00  9.99973498E-01  1.40072991E+00
    78  3.12000000E+01  1.40427771E+00  9.99971903E-01  1.40427771E+00
    79  3.16000000E+01  1.40779768E+00  9.99970226E-01  1.40779768E+00
    80  3.20000000E+01  1.41115359E+00  9.99968466E-01  1.41115359E+00
    81  3.24000000E+01  1.41456292E+00  9.99966617E-01  1.41456292E+00
    82  3.28000000E+01  1.41781057E+00  9.99964677E-01  1.41781057E+00
    83  3.32000000E+01  1.42104880E+00  9.99962642E-01  1.42104880E+00
    84  3.36000000E+01  1.42419901E+00  9.99960507E-01  1.42419901E+00
    85  3.40000000E+01  1.42728936E+00  9.99958270E-01  1.42728936E+00
    86  3.44000000E+01  1.43035179E+00  9.99955926E-01  1.43035179E+00
    87  3.48000000E+01  1.43329671E+00  9.99953471E-01  1.43329671E+00
    88  3.52000000E+01  1.43625926E+00  9.99950900E-01  1.43625926E+00
    89  3.56000000E+01  1.43913282E+00  9.99948210E-01  1.43913282E+00
    90  3.60000000E+01  1.44192880E+00  9.99945396E-01  1.44192880E+00
    91  3.64000000E+01  1.44473791E+00  9.99942454E-01  1.44473791E+00
    92  3.68000000E+01  1.44746667E+00  9.99939378E-01  1.44746667E+00
    93  3.72000000E+01  1.45012240E+00  9.99936165E-01  1.45012240E+00
    94  3.76000000E+01  1.45277787E+00  9.99932810E-01  1.45277787E+00
    95  3.80000000E+01  1.45537855E+00  9.99929307E-01  1.45537855E+00
    96  3.84000000E+01  1.45789873E+00  9.99925653E-01  1.45789873E+00
    97  3.88000000E+01  1.46042706E+00  9.99921841E-01  1.46042706E+00
    98  3.92000000E+01  1.46287985E+00  9.99917867E-01  1.46287985E+00
    99  3.96000000E+01  1.46527323E+00  9.99913726E-01  1.46527323E+00
   100  4.00000000E+01  1.46765810E+00  9.99909413E-01  1.46765810E+00
   101  4.04000000E+01  1.46992538E+00  9.99904923E-01  1.46992538E+00
   102  4.08000000E+01  1.47222459E+00  9.99900250E-01  1.47222459E+00
   103  4.12000000E+01  1.47440542E+00  9.99895391E-01  1.47440542E+00
   104  4.16000000E+01  1.47659751E+00  9.99890338E-01  1.47659751E+00
   105  4.20000000E+01  1.47868993E+00  9.99885089E-01  1.47868993E+00
   106  4.24000000E+01  1.48077072E+00  9.99879637E-01  1.48077072E+00
   107  4.28000000E+01  1.48277083E+00  9.99873977E-01  1.48277083E+00
   108  4.32000000E+01  1.48475689E+00  9.99868106E-01  1.48475689E+00
   109  4.36000000E+01  1.48666294E+00  9.99862018E-01  1.48666294E+00
   110  4.40000000E+01  1.48853772E+00  9.99855709E-01  1.48853772E+00
   111  4.44000000E+01  1.49034982E+00  9.99849174E-01  1.49034982E+00
   112  4.48000000E+01  1.49213705E+00  9.99842409E-01  1.49213705E+00
   113  4.52000000E+01  1.49385400E+00  9.99835411E-01  1.49385400E+00
   114  4.56000000E+01  1.49554599E+00  9.99828175E-01  1.49554599E+00
   115  4.60000000E+01  1.49717205E+00  9.99820699E-01  1.49717205E+00
   116  4.64000000E+01  1.49878635E+00  9.99812979E-01  1.49878635E+00
   117  4.68000000E+01  1.50032122E+00  9.99805013E-01  1.50032122E+00
   118  4.72000000E+01  1.50185914E+00  9.99796798E-01  1.50185914E+00
   119  4.76000000E+01  1.50331012E+00  9.99788334E-01  1.50331012E+00
   120  4.80000000E+01  1.50477648E+00  9.99779618E-01  1.50477648E+00
   121  4.84000000E+01  1.50614426E+00  9.99770650E-01  1.50614426E+00
   122  4.88000000E+01  1.50753207E+00  9.99761430E-01  1.50753207E+00
   123  4.92000000E+01  1.50882507E+00  9.99751960E-01  1.50882507E+00
   124  4.96000000E+01  1.51013383E+00  9.99742240E-01  1.51013383E+00
   125  5.00000000E+01  1.51135414E+00  9.99732274E-01  1.51135414E+00
   126  5.04000000E+01  1.51260041E+00  9.99722064E-01  1.51260041E+00
   127  5.08000000E+01  1.51375620E+00  9.99711615E-01  1.51375620E+00
   128  5.12000000E+01  1.51493154E+00  9.99700933E-01  1.51493154E+00
   129  5.16000000E+01  1.51602574E+00  9.99690024E-01  1.51602574E+00
   130  5.20000000E+01  1.51713841E+00  9.99678897E-01  1.51713841E+00
   131  5.24000000E+01  1.51817762E+00  9.99667560E-01  1.51817762E+00
   132  5.28000000E+01  1.51921624E+00  9.99656026E-01  1.51921624E+00
   133  5.32000000E+01  1.52020391E+00  9.99644306E-01  1.52020391E+00
   134  5.36000000E+01  1.52118467E+00  9.99632415E-01  1.52118467E+00
   135  5.40000000E+01  1.52212510E+00  9.99620369E-01  1.52212510E+00
   136  5.44000000E+01  1.52303651E+00  9.99608188E-01  1.52303651E+00
   137  5.48000000E+01  1.52393338E+00  9.99595891E-01  1.52393338E+00
   138  5.52000000E+01  1.52479276E+00  9.99583501E-01  1.52479276E+00
   139  5.56000000E+01  1.52564802E+00  9.99571045E-01  1.52564802E+00
   140  5.60000000E+01  1.52644522E+00  9.99558550E-01  1.52644522E+00
   141  5.64000000E+01  1.52726260E+00  9.99546047E-01  1.52726260E+00
   142  5.68000000E+01  1.52802190E+00  9.99533572E-01  1.52802190E+00
   143  5.72000000E+01  1.52879143E+00  9.99521161E-01  1.52879143E+00
   144  5.76000000E+01  1.52951463E+00  9.99508856E-01  1.52951463E+00
   145  5.80000000E+01  1.53022983E+00  9.99496702E-01  1.53022983E+00
   146  5.84000000E+01  1.53092000E+00  9.99484748E-01  1.53092000E+00
   147  5.88000000E+01  1.53158735E+00  9.99473048E-01  1.53158735E+00
   148  5.92000000E+01  1.53224353E+00  9.99461659E-01  1.53224353E+00
   149  5.96000000E+01  1.53286276E+00  9.99450644E-01  1.53286276E+00
   150  6.00000000E+01  1.53348749E+00  9.99440071E-01  1.53348749E+00
   151  6.04000000E+01  1.53406398E+00  9.99430014E-01  1.53406398E+00
   152  6.08000000E+01  1.53465692E+00  9.99420553E-01  1.53465692E+00
   153  6.12000000E+01  1.53519748E+00  9.99411774E-01  1.53519748E+00
   154  6.16000000E+01  1.53575587E+00  9.99403768E-01  1.53575587E+00
   155  6.20000000E+01  1.53626779E+00  9.99396635E-01  1.53626779E+00
   156  6.24000000E+01  1.53678498E+00  9.99390482E-01  1.53678498E+00
   157  6.28000000E+01  1.53727003E+00  9.99385423E-01  1.53727003E+00
   158  6.32000000E+01  1.53774944E+00  9.99381583E-01  1.53774944E+00
   159  6.36000000E+01  1.53820877E+00  9.99379092E-01  1.53820877E+00
   160  6.40000000E+01  1.53865194E+00  9.99378092E-01  1.53865194E+00
   161  6.44000000E+01  1.53908802E+00  9.99378734E-01  1.53908802E+00
   162  6.48000000E+01  1.53949714E+00  9.99381180E-01  1.53949714E+00
   163  6.52000000E+01  1.53991083E+00  9.99385602E-01  1.53991083E+00
   164  6.56000000E+01  1.54028940E+00  9.99392186E-01  1.54028940E+00
   165  6.60000000E+01  1.54068335E+00  9.99401127E-01  1.54068335E+00
   166  6.64000000E+01  1.54104546E+00  9.99412635E-01  1.54104546E+00
   167  6.68000000E+01  1.54140509E+00  9.99426934E-01  1.54140509E+00
   168  6.72000000E+01  1.54175145E+00  9.99444262E-01  1.54175145E+00
   169  6.76000000E+01  1.54208060E+00  9.99464873E-01  1.54208060E+00
   170  6.80000000E+01  1.54241313E+00  9.99489034E-01  1.54241313E+00
   171  6.84000000E+01  1.54272456E+00  9.99517034E-01  1.54272456E+00
   172  6.88000000E+01  1.54302821E+00  9.99549175E-01  1.54302821E+00
   173  6.92000000E+01  1.54332834E+00  9.99585780E-01  1.54332834E+00
   174  6.96000000E+01  1.54361111E+00  9.99627193E-01  1.54361111E+00
   175  7.00000000E+01  1.54389357E+00  9.99673777E-01  1.54389357E+00
   176  7.04000000E+01  1.54416473E+00  9.99725917E-01  1.54416473E+00
   177  7.08000000E+01  1.54441825E+00  9.99784022E-01  1.54441825E+00
   178  7.12000000E+01  1.54467848E+00  9.99848523E-01  1.54467848E+00
   179  7.16000000E+01  1.54491862E+00  9.99919878E-01  1.54491862E+00
   180  7.20000000E+01  1.54515456E+00  9.99998572E-01  1.54515456E+00
   181  7.24000000E+01  1.54538105E+00  1.00008512E+00  1.54538105E+00
   182  7.28000000E+01  1.54559466E+00  1.00018005E+00  1.54559466E+00
   183  7.32000000E+01  1.54580788E+00  1.00028395E+00  1.54580788E+00
   184  7.36000000E+01  1.54599932E+00  1.00039742E+00  1.54599932E+00
   185  7.40000000E+01  1.54619807E+00  1.00052110E+00  1.54619807E+00
   186  7.44000000E+01  1.54637170E+00  1.00065565E+00  1.54637170E+00
   187  7.48000000E+01  1.54655623E+00  1.00080180E+00  1.54655623E+00
   188  7.52000000E+01  1.54671315E+00  1.00096028E+00  1.54671315E+00
   189  7.56000000E+01  1.54688115E+00  1.00113189E+00  1.54688115E+00
   190  7.60000000E+01  1.54702325E+00  1.00131745E+00  1.54702325E+00
   191  7.64000000E+01  1.54717751E+00  1.00151784E+00  1.54717751E+00
   192  7.68000000E+01  1.54730485E+00  1.00173399E+00  1.54730485E+00
   193  7.72000000E+01  1.54744327E+00  1.00196685E+00  1.54744327E+00
   194  7.76000000E+01  1.54755686E+00  1.00221744E+00  1.54755686E+00
   195  7.80000000E+01  1.54768267E+00  1.00248685E+00  1.54768267E+00
   196  7.84000000E+01  1.54778260E+00  1.00277617E+00  1.54778260E+00
   197  7.88000000E+01  1.54789509E+00  1.00308661E+00  1.54789509E+00
   198  7.92000000E+01  1.54798481E+00  1.00341938E+00  1.54798481E+00
   199  7.96000000E+01  1.54808407E+00  1.00377579E+00  1.54808407E+00
   200  8.00000000E+01  1.54816285E+00  1.00415720E+00  1.54816285E+00
   201  8.04000000E+01  1.54825017E+00  1.00456502E+00  1.54825017E+00
   202  8.08000000E+01  1.54831998E+00  1.00500075E+00  1.54831998E+00
   203  8.12000000E+01  1.54839553E+00  1.00546594E+00  1.54839553E+00
   204  8.16000000E+01  1.54845664E+00  1.00596221E+00  1.54845664E+00
   205  8.20000000E+01  1.54852225E+00  1.00649128E+00  1.54852225E+00
   206  8.24000000E+01  1.54857452E+00  1.00705490E+00  1.54857452E+00
   207  8.28000000E+01  1.54863048E+00  1.00765493E+00  1.54863048E+00
   208  8.32000000E+01  1.54867560E+00  1.00829330E+00  1.54867560E+00
   209  8.36000000E+01  1.54872386E+00  1.00897201E+00  1.54872386E+00
   210  8.40000000E+01  1.54876022E+00  1.00969314E+00  1.54876022E+00
   211  8.44000000E+01  1.54880119E+00  1.01045886E+00  1.54880119E+00
   212  8.48000000E+01  1.54883247E+00  1.01127142E+00  1.54883247E+00
   213  8.52000000E+01  1.54886652E+00  1.01213314E+00  1.54886652E+00
   214  8.56000000E+01  1.54889450E+00  1.01304644E+00  1.54889450E+00
   215  8.60000000E+01  1.54891937E+00  1.01401380E+00  1.54891937E+00
   216  8.64000000E+01  1.54894448E+00  1.01503780E+00  1.54894448E+00
   217  8.68000000E+01  1.54897272E+00  1.01612109E+00  1.54897272E+00
   218  8.72000000E+01  1.54900487E+00  1.01726640E+00  1.54900487E+00
   219  8.76000000E+01  1.54903527E+00  1.01847652E+00  1.54903527E+00
   220  8.80000000E+01  1.54906359E+00  1.01975434E+00  1.54906359E+00
   221  8.84000000E+01  1.54909184E+00  1.02110279E+00  1.54909184E+00
   222  8.88000000E+01  1.54911518E+00  1.02252488E+00  1.54911518E+00
   223  8.92000000E+01  1.54913803E+00  1.02402366E+00  1.54913803E+00
   224  8.96000000E+01  1.54915813E+00  1.02560225E+00  1.54915813E+00
   225  9.00000000E+01  1.54917242E+00  1.02726378E+00  1.54917242E+00
   226  9.04000000E+01  1.54918903E+00  1.02901144E+00  1.54918903E+00
   227  9.08000000E+01  1.54919800E+00  1.03084844E+00  1.54919800E+00
   228  9.12000000E+01  1.54921078E+00  1.03277800E+00  1.54921078E+00
   229  9.16000000E+01  1.54921551E+00  1.03480332E+00  1.54921551E+00
   230  9.20000000E+01  1.54922180E+00  1.03692761E+00  1.54922180E+00
   231  9.24000000E+01  1.54922267E+00  1.03915404E+00  1.54922267E+00
   232  9.28000000E+01  1.54922459E+00  1.04148575E+00  1.54922459E+00
   233  9.32000000E+01  1.54922130E+00  1.04392579E+00  1.54922130E+00
   234  9.36000000E+01  1.54921819E+00  1.04647715E+00  1.54921819E+00
   235  9.40000000E+01  1.54921125E+00  1.04914273E+00  1.54921125E+00
   236  9.44000000E+01  1.54920457E+00  1.05192529E+00  1.54920457E+00
   237  9.48000000E+01  1.54919376E+00  1.05482746E+00  1.54919376E+00
   238  9.52000000E+01  1.54918355E+00  1.05785172E+00  1.54918355E+00
   239  9.56000000E+01  1.54916946E+00  1.06100035E+00  1.54916946E+00
   240  9.60000000E+01  1.54915620E+00  1.06427545E+00  1.54915620E+00
   241  9.64000000E+01  1.54913872E+00  1.06767887E+00  1.54913872E+00
   242  9.68000000E+01  1.54912267E+00  1.07121223E+00  1.54912267E+00
   243  9.72000000E+01  1.54910241E+00  1.07487688E+00  1.54910241E+00
   244  9.76000000E+01  1.54908353E+00  1.07867388E+00  1.54908353E+00
   245  9.80000000E+01  1.54906051E+00  1.08260400E+00  1.54906051E+00
   246  9.84000000E+01  1.54903981E+00  1.08666768E+00  1.54903981E+00
   247  9.88000000E+01  1.54901458E+00  1.09086502E+00  1.54901458E+00
   248  9.92000000E+01  1.54899126E+00  1.09519579E+00  1.54899126E+00
   249  9.96000000E+01  1.54896452E+00  1.09965938E+00  1.54896452E+00
   250  1.00000000E+02  1.54893916E+00  1.10425485E+00  1.54893916E+00
   251  1.00400000E+02  1.54891051E+00  1.10898086E+00  1.54891051E+00
   252  1.00800000E+02  1.54888301E+00  1.11383572E+00  1.54888301E+00
   253  1.01200000E+02  1.54885367E+00  1.11881738E+00  1.54885367E+00
   254  1.01600000E+02  1.54882451E+00  1.12392342E+00  1.54882451E+00
   255  1.02000000E+02  1.54879346E+00  1.12915109E+00  1.54879346E+00
   256  1.02400000E+02  1.54876283E+00  1.13449729E+00  1.54876283E+00
   257  1.02800000E+02  1.54873149E+00  1.13995861E+00  1.54873149E+00
   258  1.03200000E+02  1.54869978E+00  1.14553136E+00  1.54869978E+00
   259  1.03600000E+02  1.54866701E+00  1.15121154E+00  1.54866701E+00
   260  1.04000000E+02  1.54863423E+00  1.15699495E+00  1.54863423E+00
   261  1.04400000E+02  1.54860372E+00  1.16287714E+00  1.54860372E+00
   262  1.04800000E+02  1.54857351E+00  1.16885349E+00  1.54857351E+00
   263  1.05200000E+02  1.54854323E+00  1.17491921E+00  1.54854323E+00
   264  1.05600000E+02  1.54851269E+00  1.18106941E+00  1.54851269E+00
   265  1.06000000E+02  1.54848180E+00  1.18729910E+00  1.54848180E+00
   266  1.06400000E+02  1.54845060E+00  1.19360322E+00  1.54845060E+00
   267  1.06800000E+02  1.54841953E+00  1.19997670E+00  1.54841953E+00
   268  1.07200000E+02  1.54838813E+00  1.20641446E+00  1.54838813E+00
   269  1.07600000E+02  1.54835653E+00  1.21291146E+00  1.54835653E+00
   270  1.08000000E+02  1.54832489E+00  1.21946271E+00  1.54832489E+00
   271  1.08400000E+02  1.54829350E+00  1.22606327E+00  1.54829350E+00
   272  1.08800000E+02  1.54826421E+00  1.23270831E+00  1.54826421E+00
   273  1.09200000E+02  1.54823842E+00  1.23939308E+00  1.54823842E+00
   274  1.09600000E+02  1.54821469E+00  1.24611294E+00  1.54821469E+00
   275  1.10000000E+02  1.54819278E+00  1.25286331E+00  1.54819278E+00
   276  1.10400000E+02  1.54817202E+00  1.25963975E+00  1.54817202E+00
   277  1.10800000E+02  1.54815264E+00  1.26643787E+00  1.54815264E+00
   278  1.11200000E+02  1.54813431E+00  1.27325332E+00  1.54813431E+00
   279  1.11600000E+02  1.54811748E+00  1.28008182E+00  1.54811748E+00
   280  1.12000000E+02  1.54810137E+00  1.28691908E+00  1.54810137E+00
   281  1.12400000E+02  1.54808661E+00  1.29376080E+00  1.54808661E+00
   282  1.12800000E+02  1.54807290E+00  1.30060262E+00  1.54807290E+00
   283  1.13200000E+02  1.54805981E+00  1.30744010E+00  1.54805981E+00
   284  1.13600000E+02  1.54804743E+00  1.31426870E+00  1.54804743E+00
   285  1.14000000E+02  1.54803635E+00  1.32108374E+00  1.54803635E+00
   286  1.14400000E+02  1.54802581E+00  1.32788036E+00  1.54802581E+00
   287  1.14800000E+02  1.54801579E+00  1.33465354E+00  1.54801579E+00
   288  1.15200000E+02  1.54800628E+00  1.34139806E+00  1.54800628E+00
   289  1.15600000E+02  1.54799726E+00  1.34810850E+00  1.54799726E+00
   290  1.16000000E+02  1.54798924E+00  1.35477925E+00  1.54798924E+00
   291  1.16400000E+02  1.54798179E+00  1.36140451E+00  1.54798179E+00
   292  1.16800000E+02  1.54797475E+00  1.36797830E+00  1.54797475E+00
   293  1.17200000E+02  1.54796810E+00  1.37449451E+00  1.54796810E+00
   294  1.17600000E+02  1.54796183E+00  1.38094689E+00  1.54796183E+00
   295  1.18000000E+02  1.54795591E+00  1.38732912E+00  1.54795591E+00
   296  1.18400000E+02  1.54795033E+00  1.39363480E+00  1.54795033E+00
   297  1.18800000E+02  1.54794508E+00  1.39985755E+00  1.54794508E+00
   298  1.19200000E+02  1.54794013E+00  1.40599098E+00  1.54794013E+00
   299  1.19600000E+02  1.54793575E+00  1.41202875E+00  1.54793575E+00
   300  1.20000000E+02  1.54793178E+00  1.41796464E+00  1.54793178E+00
   301  1.20400000E+02  1.54792806E+00  1.42379250E+00  1.54792806E+00
   302  1.20800000E+02  1.54792458E+00  1.42950634E+00  1.54792458E+00
   303  1.21200000E+02  1.54792132E+00  1.43510031E+00  1.54792132E+00
   304  1.21600000E+02  1.54791827E+00  1.44056874E+00  1.54791827E+00
   305  1.22000000E+02  1.54791542E+00  1.44590615E+00  1.54791542E+00
   306  1.22400000E+02  1.54791277E+00  1.45110725E+00  1.54791277E+00
   307  1.22800000E+02  1.54791030E+00  1.45616697E+00  1.54791030E+00
   308  1.23200000E+02  1.54790799E+00  1.46108049E+00  1.54790799E+00
   309  1.23600000E+02  1.54790585E+00  1.46584325E+00  1.54790585E+00
   310  1.24000000E+02  1.54790386E+00  1.47045101E+00  1.54790386E+00
   311  1.24400000E+02  1.54790201E+00  1.47489991E+00  1.54790201E+00
   312  1.24800000E+02  1.54790030E+00  1.47918652E+00  1.54790030E+00
   313  1.25200000E+02  1.54789872E+00  1.48330793E+00  1.54789872E+00
   314  1.25600000E+02  1.54789725E+00  1.48726186E+00  1.54789725E+00
   315  1.26000000E+02  1.54789590E+00  1.49104675E+00  1.54789590E+00
   316  1.26400000E+02  1.54789465E+00  1.49466186E+00  1.54789465E+00
   317  1.26800000E+02  1.54789350E+00  1.49810741E+00  1.54789350E+00
   318  1.27200000E+02  1.54789245E+00  1.50138460E+00  1.54789245E+00
   319  1.27600000E+02  1.54789148E+00  1.50449576E+00  1.54789148E+00
   320  1.28000000E+02  1.54789059E+00  1.50744429E+00  1.54789059E+00
   321  1.28400000E+02  1.54788978E+00  1.51023468E+00  1.54788978E+00
   322  1.28800000E+02  1.54788904E+00  1.51287243E+00  1.54788904E+00
   323  1.29200000E+02  1.54788837E+00  1.51536389E+00  1.54788837E+00
   324  1.29600000E+02  1.54788776E+00  1.51771607E+00  1.54788776E+00
   325  1.30000000E+02  1.54788720E+00  1.51993635E+00  1.54788720E+00
   326  1.30400000E+02  1.54788670E+00  1.52203220E+00  1.54788670E+00
   327  1.30800000E+02  1.54788625E+00  1.52401087E+00  1.54788625E+00
   328  1.31200000E+02  1.54788585E+00  1.52587898E+00  1.54788585E+00
   329  1.31600000E+02  1.54788549E+00  1.52764231E+00  1.54788549E+00
   330  1.32000000E+02  1.54788517E+00  1.52930550E+00  1.54788517E+00
   331  1.32400000E+02  1.54788488E+00  1.53087194E+00  1.54788488E+00
   332  1.32800000E+02  1.54788463E+00  1.53234370E+00  1.54788463E+00
   333  1.33200000E+02  1.54788442E+00  1.53372168E+00  1.54788442E+00
   334  1.33600000E+02  1.54788423E+00  1.53500578E+00  1.54788423E+00
   335  1.34000000E+02  1.54788406E+00  1.53619530E+00  1.54788406E+00
   336  1.34400000E+02  1.54788393E+00  1.53728938E+00  1.54788393E+00
   337  1.34800000E+02  1.54788381E+00  1.53828747E+00  1.54788381E+00
   338  1.35200000E+02  1.54788372E+00  1.53918988E+00  1.54788372E+00
   339  1.35600000E+02  1.54788364E+00  1.53999818E+00  1.54788364E+00
   340  1.36000000E+02  1.54788359E+00  1.54071558E+00  1.54788359E+00
   341  1.36400000E+02  1.54788356E+00  1.54134706E+00  1.54788356E+00
   342  1.36800000E+02  1.54788355E+00  1.54189945E+00  1.54788355E+00
   343  1.37200000E+02  1.54788356E+00  1.54238113E+00  1.54788356E+00
   344  1.37600000E+02  1.54788357E+00  1.54280173E+00  1.54788357E+00
   345  1.38000000E+02  1.54788359E+00  1.54317151E+00  1.54788359E+00
   346  1.38400000E+02  1.54788361E+00  1.54350078E+00  1.54788361E+00
   347  1.38800000E+02  1.54788365E+00  1.54379923E+00  1.54788365E+00
   348  1.39200000E+02  1.54788369E+00  1.54407531E+00  1.54788369E+00
   349  1.39600000E+02  1.54788374E+00  1.54433574E+00  1.54788374E+00
   350  1.40000000E+02  1.54788379E+00  1.54458524E+00  1.54788379E+00
   351  1.40400000E+02  1.54788385E+00  1.54482639E+00  1.54788385E+00
   352  1.40800000E+02  1.54788391E+00  1.54505975E+00  1.54788391E+00
   353  1.41200000E+02  1.54788397E+00  1.54528423E+00  1.54788397E+00
   354  1.41600000E+02  1.54788404E+00  1.54549751E+00  1.54788404E+00
   355  1.42000000E+02  1.54788411E+00  1.54569661E+00  1.54788411E+00
   356  1.42400000E+02  1.54788418E+00  1.54587846E+00  1.54788418E+00
   357  1.42800000E+02  1.54788425E+00  1.54604041E+00  1.54788425E+00
   358  1.43200000E+02  1.54788432E+00  1.54618063E+00  1.54788432E+00
   359  1.43600000E+02  1.54788439E+00  1.54629833E+00  1.54788439E+00
   360  1.44000000E+02  1.54788447E+00  1.54639386E+00  1.54788447E+00
   361  1.44400000E+02  1.54788454E+00  1.54646858E+00  1.54788454E+00
   362  1.44800000E+02  1.54788461E+00  1.54652472E+00  1.54788461E+00
   363  1.45200000E+02  1.54788469E+00  1.54656502E+00  1.54788469E+00
   364  1.45600000E+02  1.54788476E+00  1.54659250E+00  1.54788476E+00
   365  1.46000000E+02  1.54788483E+00  1.54661013E+00  1.54788483E+00
   366  1.46400000E+02  1.54788490E+00  1.54662058E+00  1.54788490E+00
   367  1.46800000E+02  1.54788497E+00  1.54662617E+00  1.54788497E+00
   368  1.47200000E+02  1.54788504E+00  1.54662871E+00  1.54788504E+00
   369  1.47600000E+02  1.54788511E+00  1.54662953E+00  1.54788511E+00
   370  1.48000000E+02  1.54788517E+00  1.54662958E+00  1.54788517E+00
   371  1.48400000E+02  1.54788524E+00  1.54662942E+00  1.54788524E+00
   372  1.48800000E+02  1.54788530E+00  1.54662935E+00  1.54788530E+00
   373  1.49200000E+02  1.54788537E+00  1.54662942E+00  1.54788537E+00
   374  1.49600000E+02  1.54788543E+00  1.54662951E+00  1.54788543E+00
   375  1.50000000E+02  1.54788549E+00  1.54662927E+00  1.54788549E+00
   376  1.50400000E+02  1.54788555E+00  1.54662818E+00  1.54788555E+00
   377  1.50800000E+02  1.54788560E+00  1.54662554E+00  1.54788560E+00
   378  1.51200000E+02  1.54788566E+00  1.54662054E+00  1.54788566E+00
   379  1.51600000E+02  1.54788571E+00  1.54661230E+00  1.54788571E+00
   380  1.52000000E+02  1.54788576E+00  1.54660002E+00  1.54788576E+00
   381  1.52400000E+02  1.54788581E+00  1.54658301E+00  1.54788581E+00
   382  1.52800000E+02  1.54788586E+00  1.54656089E+00  1.54788586E+00
   383  1.53200000E+02  1.54788591E+00  1.54653361E+00  1.54788591E+00
   384  1.53600000E+02  1.54788596E+00  1.54650154E+00  1.54788596E+00
   385  1.54000000E+02  1.54788600E+00  1.54646541E+00  1.54788600E+00
   386  1.54400000E+02  1.54788604E+00  1.54642629E+00  1.54788604E+00
   387  1.54800000E+02  1.54788608E+00  1.54638543E+00  1.54788608E+00
   388  1.55200000E+02  1.54788612E+00  1.54634413E+00  1.54788612E+00
   389  1.55600000E+02  1.54788616E+00  1.54630359E+00  1.54788616E+00
   390  1.56000000E+02  1.54788620E+00  1.54626479E+00  1.54788620E+00
   391  1.56400000E+02  1.54788624E+00  1.54622834E+00  1.54788624E+00
   392  1.56800000E+02  1.54788627E+00  1.54619449E+00  1.54788627E+00
   393  1.57200000E+02  1.54788630E+00  1.54616316E+00  1.54788630E+00
   394  1.57600000E+02  1.54788634E+00  1.54613393E+00  1.54788634E+00
   395  1.58000000E+02  1.54788637E+00  1.54610621E+00  1.54788637E+00
   396  1.58400000E+02  1.54788640E+00  1.54607936E+00  1.54788640E+00
   397  1.58800000E+02  1.54788642E+00  1.54605276E+00  1.54788642E+00
   398  1.59200000E+02  1.54788645E+00  1.54602593E+00  1.54788645E+00
   399  1.59600000E+02  1.54788648E+00  1.54599861E+00  1.54788648E+00
   400  1.60000000E+02  1.54788650E+00  1.54597072E+00  1.54788650E+00
   401  1.60400000E+02  1.54788653E+00  1.54594242E+00  1.54788653E+00
   402  1.60800000E+02  1.54788655E+00  1.54591397E+00  1.54788655E+00
   403  1.61200000E+02  1.54788657E+00  1.54588574E+00  1.54788657E+00
   404  1.61600000E+02  1.54788659E+00  1.54585811E+00  1.54788659E+00
   405  1.62000000E+02  1.54788661E+00  1.54583142E+00  1.54788661E+00
   406  1.62400000E+02  1.54788663E+00  1.54580591E+00  1.54788663E+00
   407  1.62800000E+02  1.54788665E+00  1.54578172E+00  1.54788665E+00
   408  1.63200000E+02  1.54788667E+00  1.54575887E+00  1.54788667E+00
   409  1.63600000E+02  1.54788669E+00  1.54573730E+00  1.54788669E+00
   410  1.64000000E+02  1.54788670E+00  1.54571689E+00  1.54788670E+00
   411  1.64400000E+02  1.54788672E+00  1.54569749E+00  1.54788672E+00
   412  1.64800000E+02  1.54788673E+00  1.54567893E+00  1.54788673E+00
   413  1.65200000E+02  1.54788675E+00  1.54566108E+00  1.54788675E+00
   414  1.65600000E+02  1.54788676E+00  1.54564384E+00  1.54788676E+00
   415  1.66000000E+02  1.54788677E+00  1.54562715E+00  1.54788677E+00
   416  1.66400000E+02  1.54788679E+00  1.54561100E+00  1.54788679E+00
   417  1.66800000E+02  1.54788680E+00  1.54559538E+00  1.54788680E+00
   418  1.67200000E+02  1.54788681E+00  1.54558033E+00  1.54788681E+00
   419  1.67600000E+02  1.54788682E+00  1.54556588E+00  1.54788682E+00
   420  1.68000000E+02  1.54788683E+00  1.54555205E+00  1.54788683E+00
   421  1.68400000E+02  1.54788684E+00  1.54553887E+00  1.54788684E+00
   422  1.68800000E+02  1.54788685E+00  1.54552634E+00  1.54788685E+00
   423  1.69200000E+02  1.54788686E+00  1.54551446E+00  1.54788686E+00
   424  1.69600000E+02  1.54788687E+00  1.54550321E+00  1.54788687E+00
   425  1.70000000E+02  1.54788688E+00  1.54549256E+00  1.54788688E+00
   426  1.70400000E+02  1.54788688E+00  1.54548249E+00  1.54788688E+00
   427  1.70800000E+02  1.54788689E+00  1.54547295E+00  1.54788689E+00
   428  1.71200000E+02  1.54788690E+00  1.54546392E+00  1.54788690E+00
   429  1.71600000E+02  1.54788690E+00  1.54545537E+00  1.54788690E+00
   430  1.72000000E+02  1.54788691E+00  1.54544726E+00  1.54788691E+00
   431  1.72400000E+02  1.54788692E+00  1.54543958E+00  1.54788692E+00
   432  1.72800000E+02  1.54788692E+00  1.54543231E+00  1.54788692E+00
   433  1.73200000E+02  1.54788693E+00  1.54542542E+00  1.54788693E+00
   434  1.73600000E+02  1.54788693E+00  1.54541891E+00  1.54788693E+00
   435  1.74000000E+02  1.54788694E+00  1.54541276E+00  1.54788694E+00
   436  1.74400000E+02  1.54788694E+00  1.54540696E+00  1.54788694E+00
   437  1.74800000E+02  1.54788695E+00  1.54540149E+00  1.54788695E+00
   438  1.75200000E+02  1.54788695E+00  1.54539635E+00  1.54788695E+00
   439  1.75600000E+02  1.54788695E+00  1.54539152E+00  1.54788695E+00
   440  1.76000000E+02  1.54788696E+00  1.54538700E+00  1.54788696E+00
   441  1.76400000E+02  1.54788696E+00  1.54538275E+00  1.54788696E+00
   442  1.76800000E+02  1.54788697E+00  1.54537878E+00  1.54788697E+00
   443  1.77200000E+02  1.54788697E+00  1.54537506E+00  1.54788697E+00
   444  1.77600000E+02  1.54788697E+00  1.54537158E+00  1.54788697E+00
   445  1.78000000E+02  1.54788697E+00  1.54536833E+00  1.54788697E+00
   446  1.78400000E+02  1.54788698E+00  1.54536529E+00  1.54788698E+00
   447  1.78800000E+02  1.54788698E+00  1.54536246E+00  1.54788698E+00
   448  1.79200000E+02  1.54788698E+00  1.54535981E+00  1.54788698E+00
   449  1.79600000E+02  1.54788698E+00  1.54535734E+00  1.54788698E+00
   450  1.80000000E+02  1.54788699E+00  1.54535503E+00  1.54788699E+00
   451  1.80400000E+02  1.54788699E+00  1.54535289E+00  1.54788699E+00
   452  1.80800000E+02  1.54788699E+00  1.54535091E+00  1.54788699E+00
   453  1.81200000E+02  1.54788699E+00  1.54534906E+00  1.54788699E+00
   454  1.81600000E+02  1.54788699E+00  1.54534736E+00  1.54788699E+00
   455  1.82000000E+02  1.54788699E+00  1.54534578E+00  1.54788699E+00
   456  1.82400000E+02  1.54788700E+00  1.54534432E+00  1.54788700E+00
   457  1.82800000E+02  1.54788700E+00  1.54534298E+00  1.54788700E+00
   458  1.83200000E+02  1.54788700E+00  1.54534174E+00  1.54788700E+00
   459  1.83600000E+02  1.54788700E+00  1.54534061E+00  1.54788700E+00
   460  1.84000000E+02  1.54788700E+00  1.54533956E+00  1.54788700E+00
   461  1.84400000E+02  1.54788700E+00  1.54533860E+00  1.54788700E+00
   462  1.84800000E+02  1.54788700E+00  1.54533773E+00  1.54788700E+00
   463  1.85200000E+02  1.54788700E+00  1.54533692E+00  1.54788700E+00
   464  1.85600000E+02  1.54788700E+00  1.54533619E+00  1.54788700E+00
   465  1.86000000E+02  1.54788701E+00  1.54533553E+00  1.54788701E+00
   466  1.86400000E+02  1.54788701E+00  1.54533493E+00  1.54788701E+00
   467  1.86800000E+02  1.54788701E+00  1.54533438E+00  1.54788701E+00
   468  1.87200000E+02  1.54788701E+00  1.54533389E+00  1.54788701E+00
   469  1.87600000E+02  1.54788701E+00  1.54533345E+00  1.54788701E+00
   470  1.88000000E+02  1.54788701E+00  1.54533305E+00  1.54788701E+00
   471  1.88400000E+02  1.54788701E+00  1.54533270E+00  1.54788701E+00
   472  1.88800000E+02  1.54788701E+00  1.54533239E+00  1.54788701E+00
   473  1.89200000E+02  1.54788701E+00  1.54533211E+00  1.54788701E+00
   474  1.89600000E+02  1.54788701E+00  1.54533187E+00  1.54788701E+00
   475  1.90000000E+02  1.54788701E+00  1.54533166E+00  1.54788701E+00
   476  1.90400000E+02  1.54788701E+00  1.54533148E+00  1.54788701E+00
   477  1.90800000E+02  1.54788701E+00  1.54533132E+00  1.54788701E+00
   478  1.91200000E+02  1.54788701E+00  1.54533119E+00  1.54788701E+00
   479  1.91600000E+02  1.54788701E+00  1.54533108E+00  1.54788701E+00
   480  1.92000000E+02  1.54788701E+00  1.54533099E+00  1.54788701E+00
   481  1.92400000E+02  1.54788701E+00  1.54533092E+00  1.54788701E+00
   482  1.92800000E+02  1.54788701E+00  1.54533087E+00  1.54788701E+00
   483  1.93200000E+02  1.54788701E+00  1.54533083E+00  1.54788701E+00
   484  1.93600000E+02  1.54788701E+00  1.54533081E+00  1.54788701E+00
   485  1.94000000E+02  1.54788701E+00  1.54533080E+00  1.54788701E+00
   486  1.94400000E+02  1.54788701E+00  1.54533080E+00  1.54788701E+00
   487  1.94800000E+02  1.54788701E+00  1.54533081E+00  1.54788701E+00
   488  1.95200000E+02  1.54788701E+00  1.54533083E+00  1.54788701E+00
   489  1.95600000E+02  1.54788701E+00  1.54533086E+00  1.54788701E+00
   490  1.96000000E+02  1.54788701E+00  1.54533090E+00  1.54788701E+00
   491  1.96400000E+02  1.54788701E+00  1.54533094E+00  1.54788701E+00
   492  1.96800000E+02  1.54788701E+00  1.54533099E+00  1.54788701E+00
   493  1.97200000E+02  1.54788701E+00  1.54533104E+00  1.54788701E+00
   494  1.97600000E+02  1.54788701E+00  1.54533110E+00  1.54788701E+00
   495  1.98000000E+02  1.54788701E+00  1.54533116E+00  1.54788701E+00
   496  1.98400000E+02  1.54788701E+00  1.54533123E+00  1.54788701E+00
   497  1.98800000E+02  1.54788701E+00  1.54533130E+00  1.54788701E+00
   498  1.99200000E+02  1.54788701E+00  1.54533137E+00  1.54788701E+00
   499  1.99600000E+02  1.54788701E+00  1.54533144E+00  1.54788701E+00
   500  2.00000000E+02  1.54788701E+00  1.54533151E+00  1.54788701E+00
   501  2.00400000E+02  1.54788701E+00  1.54533159E+00  1.54788701E+00
   502  2.00800000E+02  1.54788701E+00  1.54533166E+00  1.54788701E+00
   503  2.01200000E+02  1.54788701E+00  1.54533174E+00  1.54788701E+00
   504  2.01600000E+02  1.54788701E+00  1.54533181E+00  1.54788701E+00
   505  2.02000000E+02  1.54788701E+00  1.54533189E+00  1.54788701E+00
   506  2.02400000E+02  1.54788701E+00  1.54533196E+00  1.54788701E+00
   507  2.02800000E+02  1.54788701E+00  1.54533204E+00  1.54788701E+00
   508  2.03200000E+02  1.54788701E+00  1.54533211E+00  1.54788701E+00
   509  2.03600000E+02  1.54788701E+00  1.54533219E+00  1.54788701E+00
   510  2.04000000E+02  1.54788701E+00  1.54533226E+00  1.54788701E+00
   511  2.04400000E+02  1.54788701E+00  1.54533233E+00  1.54788701E+00
   512  2.04800000E+02  1.54788701E+00  1.54533240E+00  1.54788701E+00
   513  2.05200000E+02  1.54788701E+00  1.54533247E+00  1.54788701E+00
   514  2.05600000E+02  1.54788701E+00  1.54533253E+00  1.54788701E+00
   515  2.06000000E+02  1.54788701E+00  1.54533260E+00  1.54788701E+00
   516  2.06400000E+02  1.54788701E+00  1.54533266E+00  1.54788701E+00
   517  2.06800000E+02  1.54788701E+00  1.54533273E+00  1.54788701E+00
   518  2.07200000E+02  1.54788701E+00  1.54533279E+00  1.54788701E+00
   519  2.07600000E+02  1.54788701E+00  1.54533285E+00  1.54788701E+00
   520  2.08000000E+02  1.54788701E+00  1.54533291E+00  1.54788701E+00
   521  2.08400000E+02  1.54788701E+00  1.54533296E+00  1.54788701E+00
   522  2.08800000E+02  1.54788701E+00  1.54533302E+00  1.54788701E+00
   523  2.09200000E+02  1.54788701E+00  1.54533307E+00  1.54788701E+00
   524  2.09600000E+02  1.54788701E+00  1.54533312E+00  1.54788701E+00
   525  2.10000000E+02  1.54788701E+00  1.54533317E+00  1.54788701E+00
   526  2.10400000E+02  1.54788701E+00  1.54533322E+00  1.54788701E+00
   527  2.10800000E+02  1.54788701E+00  1.54533327E+00  1.54788701E+00
   528  2.11200000E+02  1.54788701E+00  1.54533332E+00  1.54788701E+00
   529  2.11600000E+02  1.54788701E+00  1.54533336E+00  1.54788701E+00
   530  2.12000000E+02  1.54788701E+00  1.54533340E+00  1.54788701E+00
   531  2.12400000E+02  1.54788701E+00  1.54533344E+00  1.54788701E+00
   532  2.12800000E+02  1.54788701E+00  1.54533348E+00  1.54788701E+00
   533  2.13200000E+02  1.54788701E+00  1.54533352E+00  1.54788701E+00
   534  2.13600000E+02  1.54788701E+00  1.54533356E+00  1.54788701E+00
   535  2.14000000E+02  1.54788701E+00  1.54533359E+00  1.54788701E+00
   536  2.14400000E+02  1.54788701E+00  1.54533363E+00  1.54788701E+00
   537  2.14800000E+02  1.54788701E+00  1.54533366E+00  1.54788701E+00
   538  2.15200000E+02  1.54788701E+00  1.54533369E+00  1.54788701E+00
   539  2.15600000E+02  1.54788701E+00  1.54533372E+00  1.54788701E+00
   540  2.16000000E+02  1.54788701E+00  1.54533375E+00  1.54788701E+00
   541  2.16400000E+02  1.54788701E+00  1.54533378E+00  1.54788701E+00
   542  2.16800000E+02  1.54788701E+00  1.54533381E+00  1.54788701E+00
   543  2.17200000E+02  1.54788701E+00  1.54533383E+00  1.54788701E+00
   544  2.17600000E+02  1.54788701E+00  1.54533386E+00  1.54788701E+00
   545  2.18000000E+02  1.54788701E+00  1.54533388E+00  1.54788701E+00
   546  2.18400000E+02  1.54788701E+00  1.54533390E+00  1.54788701E+00
   547  2.18800000E+02  1.54788701E+00  1.54533392E+00  1.54788701E+00
   548  2.19200000E+02  1.54788701E+00  1.54533395E+00  1.54788701E+00
   549  2.19600000E+02  1.54788701E+00  1.54533397E+00  1.54788701E+00
   550  2.20000000E+02  1.54788701E+00  1.54533398E+00  1.54788701E+00
   551  2.20400000E+02  1.54788701E+00  1.54533400E+00  1.54788701E+00
   552  2.20800000E+02  1.54788701E+00  1.54533402E+00  1.54788701E+00
   553  2.21200000E+02  1.54788701E+00  1.54533404E+00  1.54788701E+00
   554  2.21600000E+02  1.54788701E+00  1.54533405E+00  1.54788701E+00
   555  2.22000000E+02  1.54788701E+00  1.54533407E+00  1.54788701E+00
   556  2.22400000E+02  1.54788701E+00  1.54533408E+00  1.54788701E+00
   557  2.22800000E+02  1.54788701E+00  1.54533410E+00  1.54788701E+00
   558  2.23200000E+02  1.54788701E+00  1.54533411E+00  1.54788701E+00
   559  2.23600000E+02  1.54788701E+00  1.54533412E+00  1.54788701E+00
   560  2.24000000E+02  1.54788701E+00  1.54533414E+00  1.54788701E+00
   561  2.24400000E+02  1.54788701E+00  1.54533415E+00  1.54788701E+00
   562  2.24800000E+02  1.54788701E+00  1.54533416E+00  1.54788701E+00
   563  2.25200000E+02  1.54788701E+00  1.54533417E+00  1.54788701E+00
   564  2.25600000E+02  1.54788701E+00  1.54533418E+00  1.54788701E+00
   565  2.26000000E+02  1.54788701E+00  1.54533419E+00  1.54788701E+00
   566  2.26400000E+02  1.54788701E+00  1.54533420E+00  1.54788701E+00
   567  2.26800000E+02  1.54788701E+00  1.54533421E+00  1.54788701E+00
   568  2.27200000E+02  1.54788701E+00  1.54533421E+00  1.54788701E+00
   569  2.27600000E+02  1.54788701E+00  1.54533422E+00  1.54788701E+00
   570  2.28000000E+02  1.54788701E+00  1.54533423E+00  1.54788701E+00
   571  2.28400000E+02  1.54788701E+00  1.54533424E+00  1.54788701E+00
   572  2.28800000E+02  1.54788701E+00  1.54533424E+00  1.54788701E+00
   573  2.29200000E+02  1.54788701E+00  1.54533425E+00  1.54788701E+00
   574  2.29600000E+02  1.54788701E+00  1.54533426E+00  1.54788701E+00
   575  2.30000000E+02  1.54788701E+00  1.54533426E+00  1.54788701E+00
   576  2.30400000E+02  1.54788701E+00  1.54533427E+00  1.54788701E+00
   577  2.30800000E+02  1.54788701E+00  1.54533427E+00  1.54788701E+00
   578  2.31200000E+02  1.54788701E+00  1.54533428E+00  1.54788701E+00
   579  2.31600000E+02  1.54788701E+00  1.54533428E+00  1.54788701E+00
   580  2.32000000E+02  1.54788701E+00  1.54533429E+00  1.54788701E+00
   581  2.32400000E+02  1.54788701E+00  1.54533429E+00  1.54788701E+00
   582  2.32800000E+02  1.54788701E+00  1.54533430E+00  1.54788701E+00
   583  2.33200000E+02  1.54788701E+00  1.54533430E+00  1.54788701E+00
   584  2.33600000E+02  1.54788701E+00  1.54533430E+00  1.54788701E+00
   585  2.34000000E+02  1.54788701E+00  1.54533431E+00  1.54788701E+00
   586  2.34400000E+02  1.54788701E+00  1.54533431E+00  1.54788701E+00
   587  2.34800000E+02  1.54788701E+00  1.54533431E+00  1.54788701E+00
   588  2.35200000E+02  1.54788701E+00  1.54533432E+00  1.54788701E+00
   589  2.35600000E+02  1.54788701E+00  1.54533432E+00  1.54788701E+00
   590  2.36000000E+02  1.54788701E+00  1.54533432E+00  1.54788701E+00
   591  2.36400000E+02  1.54788701E+00  1.54533432E+00  1.54788701E+00
   592  2.36800000E+02  1.54788701E+00  1.54533433E+00  1.54788701E+00
   593  2.37200000E+02  1.54788701E+00  1.54533433E+00  1.54788701E+00
   594  2.37600000E+02  1.54788701E+00  1.54533433E+00  1.54788701E+00
   595  2.38000000E+02  1.54788701E+00  1.54533433E+00  1.54788701E+00
   596  2.38400000E+02  1.54788701E+00  1.54533433E+00  1.54788701E+00
   597  2.38800000E+02  1.54788701E+00  1.54533434E+00  1.54788701E+00
   598  2.39200000E+02  1.54788701E+00  1.54533434E+00  1.54788701E+00
   599  2.39600000E+02  1.54788701E+00  1.54533434E+00  1.54788701E+00
   600  2.40000000E+02  1.54788701E+00  1.54533434E+00  1.54788701E+00
   601  2.40400000E+02  1.54788701E+00  1.54533434E+00  1.54788701E+00
   602  2.40800000E+02  1.54788701E+00  1.54533434E+00  1.54788701E+00
   603  2.41200000E+02  1.54788701E+00  1.54533434E+00  1.54788701E+00
   604  2.41600000E+02  1.54788701E+00  1.54533434E+00  1.54788701E+00
   605  2.42000000E+02  1.54788701E+00  1.54533435E+00  1.54788701E+00
   606  2.42400000E+02  1.54788701E+00  1.54533435E+00  1.54788701E+00
   607  2.42800000E+02  1.54788701E+00  1.54533435E+00  1.54788701E+00
   608  2.43200000E+02  1.54788701E+00  1.54533435E+00  1.54788701E+00
   609  2.43600000E+02  1.54788701E+00  1.54533435E+00  1.54788701E+00
   610  2.44000000E+02  1.54788701E+00  1.54533435E+00  1.54788701E+00
   611  2.44400000E+02  1.54788701E+00  1.54533435E+00  1.54788701E+00
   612  2.44800000E+02  1.54788701E+00  1.54533435E+00  1.54788701E+00
   613  2.45200000E+02  1.54788701E+00  1.54533435E+00  1.54788701E+00
   614  2.45600000E+02  1.54788701E+00  1.54533435E+00  1.54788701E+00
   615  2.46000000E+02  1.54788701E+00  1.54533435E+00  1.54788701E+00
   616  2.46400000E+02  1.54788701E+00  1.54533435E+00  1.54788701E+00
   617  2.46800000E+02  1.54788701E+00  1.54533435E+00  1.54788701E+00
   618  2.47200000E+02  1.54788701E+00  1.54533435E+00  1.54788701E+00
   619  2.47600000E+02  1.54788701E+00  1.54533435E+00  1.54788701E+00
   620  2.48000000E+02  1.54788701E+00  1.54533435E+00  1.54788701E+00
   621  2.48400000E+02  1.54788701E+00  1.54533435E+00  1.54788701E+00
   622  2.48800000E+02  1.54788701E+00  1.54533435E+00  1.54788701E+00
   623  2.49200000E+02  1.54788701E+00  1.54533435E+00  1.54788701E+00
   624  2.49600000E+02  1.54788701E+00  1.54533435E+00  1.54788701E+00
   625  2.50000000E+02  1.54788701E+00  1.54533435E+00  1.54788701E+00
   626  2.50400000E+02  1.54788701E+00  1.54533435E+00  1.54788701E+00
   627  2.50800000E+02  1.54788701E+00  1.54533435E+00  1.54788701E+00
   628  2.51200000E+02  1.54788701E+00  1.54533435E+00  1.54788701E+00
   629  2.51600000E+02  1.54788701E+00  1.54533435E+00  1.54788701E+00
   630  2.52000000E+02  1.54788701E+00  1.54533436E+00  1.54788701E+00
   631  2.52400000E+02  1.54788701E+00  1.54533436E+00  1.54788701E+00
   632  2.52800000E+02  1.54788701E+00  1.54533436E+00  1.54788701E+00
   633  2.53200000E+02  1.54788701E+00  1.54533436E+00  1.54788701E+00
   634  2.53600000E+02  1.54788701E+00  1.54533436E+00  1.54788701E+00
   635  2.54000000E+02  1.54788701E+00  1.54533436E+00  1.54788701E+00
   636  2.54400000E+02  1.54788701E+00  1.54533435E+00  1.54788701E+00
   637  2.54800000E+02  1.54788701E+00  1.54533435E+00  1.54788701E+00
   638  2.55200000E+02  1.54788701E+00  1.54533435E+00  1.54788701E+00
   639  2.55600000E+02  1.54788701E+00  1.54533435E+00  1.54788701E+00
   640  2.56000000E+02  1.54788701E+00  1.54533435E+00  1.54788701E+00
   641  2.56400000E+02  1.54788701E+00  1.54533435E+00  1.54788701E+00
   642  2.56800000E+02  1.54788701E+00  1.54533435E+00  1.54788701E+00
   643  2.57200000E+02  1.54788701E+00  1.54533435E+00  1.54788701E+00
   644  2.57600000E+02  1.54788701E+00  1.54533435E+00  1.54788701E+00
   645  2.58000000E+02  1.54788701E+00  1.54533435E+00  1.54788701E+00
   646  2.58400000E+02  1.54788701E+00  1.54533435E+00  1.54788701E+00
   647  2.58800000E+02  1.54788701E+00  1.54533435E+00  1.54788701E+00
   648  2.59200000E+02  1.54788701E+00  1.54533435E+00  1.54788701E+00
   649  2.59600000E+02  1.54788701E+00  1.54533435E+00  1.54788701E+00
   650  2.60000000E+02  1.54788701E+00  1.54533435E+00  1.54788701E+00
   651  2.60400000E+02  1.54788701E+00  1.54533435E+00  1.54788701E+00
   652  2.60800000E+02  1.54788701E+00  1.54533435E+00  1.54788701E+00
   653  2.61200000E+02  1.54788701E+00  1.54533435E+00  1.54788701E+00
   654  2.61600000E+02  1.54788701E+00  1.54533435E+00  1.54788701E+00
   655  2.62000000E+02  1.54788701E+00  1.54533435E+00  1.54788701E+00
   656  2.62400000E+02  1.54788701E+00  1.54533435E+00  1.54788701E+00
   657  2.62800000E+02  1.54788701E+00  1.54533435E+00  1.54788701E+00
   658  2.63200000E+02  1.54788701E+00  1.54533435E+00  1.54788701E+00
   659  2.63600000E+02  1.54788701E+00  1.54533435E+00  1.54788701E+00
   660  2.64000000E+02  1.54788701E+00  1.54533435E+00  1.54788701E+00
   661  2.64400000E+02  1.54788701E+00  1.54533435E+00  1.54788701E+00
   662  2.64800000E+02  1.54788701E+00  1.54533435E+00  1.54788701E+00
   663  2.65200000E+02  1.54788701E+00  1.54533435E+00  1.54788701E+00
   664  2.65600000E+02  1.54788701E+00  1.54533435E+00  1.54788701E+00
   665  2.66000000E+02  1.54788701E+00  1.54533435E+00  1.54788701E+00
   666  2.66400000E+02  1.54788701E+00  1.54533435E+00  1.54788701E+00
   667  2.66800000E+02  1.54788701E+00  1.54533435E+00  1.54788701E+00
   668  2.67200000E+02  1.54788701E+00  1.54533435E+00  1.54788701E+00
   669  2.67600000E+02  1.54788701E+00  1.54533435E+00  1.54788701E+00
   670  2.68000000E+02  1.54788701E+00  1.54533435E+00  1.54788701E+00
   671  2.68400000E+02  1.54788701E+00  1.54533435E+00  1.54788701E+00
   672  2.68800000E+02  1.54788701E+00  1.54533435E+00  1.54788701E+00
   673  2.69200000E+02  1.54788701E+00  1.54533435E+00  1.54788701E+00
   674  2.69600000E+02  1.54788701E+00  1.54533435E+00  1.54788701E+00
   675  2.70000000E+02  1.54788701E+00  1.54533435E+00  1.54788701E+00
   676  2.70400000E+02  1.54788701E+00  1.54533435E+00  1.54788701E+00
   677  2.70800000E+02  1.54788701E+00  1.54533435E+00  1.54788701E+00
   678  2.71200000E+02  1.54788701E+00  1.54533435E+00  1.54788701E+00
   679  2.71600000E+02  1.54788701E+00  1.54533435E+00  1.54788701E+00
   680  2.72000000E+02  1.54788701E+00  1.54533435E+00  1.54788701E+00
   681  2.72400000E+02  1.54788701E+00  1.54533435E+00  1.54788701E+00
   682  2.72800000E+02  1.54788701E+00  1.54533435E+00  1.54788701E+00
   683  2.73200000E+02  1.54788701E+00  1.54533435E+00  1.54788701E+00
   684  2.73600000E+02  1.54788701E+00  1.54533435E+00  1.54788701E+00
   685  2.74000000E+02  1.54788701E+00  1.54533435E+00  1.54788701E+00
   686  2.74400000E+02  1.54788701E+00  1.54533435E+00  1.54788701E+00
   687  2.74800000E+02  1.54788701E+00  1.54533435E+00  1.54788701E+00
   688  2.75200000E+02  1.54788701E+00  1.54533435E+00  1.54788701E+00
   689  2.75600000E+02  1.54788701E+00  1.54533435E+00  1.54788701E+00
   690  2.76000000E+02  1.54788701E+00  1.54533435E+00  1.54788701E+00
   691  2.76400000E+02  1.54788701E+00  1.54533435E+00  1.54788701E+00
   692  2.76800000E+02  1.54788701E+00  1.54533435E+00  1.54788701E+00
   693  2.77200000E+02  1.54788701E+00  1.54533435E+00  1.54788701E+00
   694  2.77600000E+02  1.54788701E+00  1.54533435E+00  1.54788701E+00
   695  2.78000000E+02  1.54788701E+00  1.54533435E+00  1.54788701E+00
   696  2.78400000E+02  1.54788701E+00  1.54533435E+00  1.54788701E+00
   697  2.78800000E+02  1.54788701E+00  1.54533435E+00  1.54788701E+00
   698  2.79200000E+02  1.54788701E+00  1.54533435E+00  1.54788701E+00
   699  2.79600000E+02  1.54788701E+00  1.54533435E+00  1.54788701E+00
   700  2.80000000E+02  1.54788701E+00  1.54533435E+00  1.54788701E+00
   701  2.80400000E+02  1.54788701E+00  1.54533435E+00  1.54788701E+00
   702  2.80800000E+02  1.54788701E+00  1.54533435E+00  1.54788701E+00
   703  2.81200000E+02  1.54788701E+00  1.54533435E+00  1.54788701E+00
   704  2.81600000E+02  1.54788701E+00  1.54533435E+00  1.54788701E+00
   705  2.82000000E+02  1.54788701E+00  1.54533435E+00  1.54788701E+00
   706  2.82400000E+02  1.54788701E+00  1.54533435E+00  1.54788701E+00
   707  2.82800000E+02  1.54788701E+00  1.54533435E+00  1.54788701E+00
   708  2.83200000E+02  1.54788701E+00  1.54533435E+00  1.54788701E+00
   709  2.83600000E+02  1.54788701E+00  1.54533435E+00  1.54788701E+00
   710  2.84000000E+02  1.54788701E+00  1.54533435E+00  1.54788701E+00
   711  2.84400000E+02  1.54788701E+00  1.54533435E+00  1.54788701E+00
   712  2.84800000E+02  1.54788701E+00  1.54533435E+00  1.54788701E+00
   713  2.85200000E+02  1.54788701E+00  1.54533435E+00  1.54788701E+00
   714  2.85600000E+02  1.54788701E+00  1.54533435E+00  1.54788701E+00
   715  2.86000000E+02  1.54788701E+00  1.54533435E+00  1.54788701E+00
   716  2.86400000E+02  1.54788701E+00  1.54533435E+00  1.54788701E+00
   717  2.86800000E+02  1.54788701E+00  1.54533435E+00  1.54788701E+00
   718  2.87200000E+02  1.54788701E+00  1.54533435E+00  1.54788701E+00
   719  2.87600000E+02  1.54788701E+00  1.54533435E+00  1.54788701E+00
   720  2.88000000E+02  1.54788701E+00  1.54533435E+00  1.54788701E+00
   721  2.88400000E+02  1.54788701E+00  1.54533435E+00  1.54788701E+00
   722  2.88800000E+02  1.54788701E+00  1.54533435E+00  1.54788701E+00
   723  2.89200000E+02  1.54788701E+00  1.54533435E+00  1.54788701E+00
   724  2.89600000E+02  1.54788701E+00  1.54533435E+00  1.54788701E+00
   725  2.90000000E+02  1.54788701E+00  1.54533435E+00  1.54788701E+00
   726  2.90400000E+02  1.54788701E+00  1.54533435E+00  1.54788701E+00
   727  2.90800000E+02  1.54788701E+00  1.54533435E+00  1.54788701E+00
   728  2.91200000E+02  1.54788701E+00  1.54533435E+00  1.54788701E+00
   729  2.91600000E+02  1.54788701E+00  1.54533435E+00  1.54788701E+00
   730  2.92000000E+02  1.54788701E+00  1.54533435E+00  1.54788701E+00
   731  2.92400000E+02  1.54788701E+00  1.54533435E+00  1.54788701E+00
   732  2.92800000E+02  1.54788701E+00  1.54533435E+00  1.54788701E+00
   733  2.93200000E+02  1.54788701E+00  1.54533435E+00  1.54788701E+00
   734  2.93600000E+02  1.54788701E+00  1.54533435E+00  1.54788701E+00
   735  2.94000000E+02  1.54788701E+00  1.54533435E+00  1.54788701E+00
   736  2.94400000E+02  1.54788701E+00  1.54533435E+00  1.54788701E+00
   737  2.94800000E+02  1.54788701E+00  1.54533435E+00  1.54788701E+00
   738  2.95200000E+02  1.54788701E+00  1.54533435E+00  1.54788701E+00
   739  2.95600000E+02  1.54788701E+00  1.54533435E+00  1.54788701E+00
   740  2.96000000E+02  1.54788701E+00  1.54533435E+00  1.54788701E+00
   741  2.96400000E+02  1.54788701E+00  1.54533435E+00  1.54788701E+00
   742  2.96800000E+02  1.54788701E+00  1.54533435E+00  1.54788701E+00
   743  2.97200000E+02  1.54788701E+00  1.54533435E+00  1.54788701E+00
   744  2.97600000E+02  1.54788701E+00  1.54533435E+00  1.54788701E+00
   745  2.98000000E+02  1.54788701E+00  1.54533435E+00  1.54788701E+00
   746  2.98400000E+02  1.54788701E+00  1.54533435E+00  1.54788701E+00
   747  2.98800000E+02  1.54788701E+00  1.54533435E+00  1.54788701E+00
   748  2.99200000E+02  1.54788701E+00  1.54533435E+00  1.54788701E+00
   749  2.99600000E+02  1.54788701E+00  1.54533435E+00  1.54788701E+00
   750  3.00000000E+02  1.54788701E+00  1.54533435E+00  1.54788701E+00
   751  3.00400000E+02  1.54788701E+00  1.54533435E+00  1.54788701E+00
   752  3.00800000E+02  1.54788701E+00  1.54533435E+00  1.54788701E+00
   753  3.01200000E+02  1.54788701E+00  1.54533435E+00  1.54788701E+00
   754  3.01600000E+02  1.54788701E+00  1.54533435E+00  1.54788701E+00
   755  3.02000000E+02  1.54788701E+00  1.54533435E+00  1.54788701E+00
   756  3.02400000E+02  1.54788701E+00  1.54533435E+00  1.54788701E+00
   757  3.02800000E+02  1.54788701E+00  1.54533435E+00  1.54788701E+00
   758  3.03200000E+02  1.54788701E+00  1.54533435E+00  1.54788701E+00
   759  3.03600000E+02  1.54788701E+00  1.54533435E+00  1.54788701E+00
   760  3.04000000E+02  1.54788701E+00  1.54533435E+00  1.54788701E+00
   761  3.04400000E+02  1.54788701E+00  1.54533435E+00  1.54788701E+00
   762  3.04800000E+02  1.54788701E+00  1.54533435E+00  1.54788701E+00
   763  3.05200000E+02  1.54788701E+00  1.54533435E+00  1.54788701E+00
   764  3.05600000E+02  1.54788701E+00  1.54533435E+00  1.54788701E+00
   765  3.06000000E+02  1.54788701E+00  1.54533435E+00  1.54788701E+00
   766  3.06400000E+02  1.54788701E+00  1.54533435E+00  1.54788701E+00
   767  3.06800000E+02  1.54788701E+00  1.54533435E+00  1.54788701E+00
   768  3.07200000E+02  1.54788701E+00  1.54533435E+00  1.54788701E+00
   769  3.07600000E+02  1.54788701E+00  1.54533435E+00  1.54788701E+00
   770  3.08000000E+02  1.54788701E+00  1.54533435E+00  1.54788701E+00
   771  3.08400000E+02  1.54788701E+00  1.54533435E+00  1.54788701E+00
   772  3.08800000E+02  1.54788701E+00  1.54533435E+00  1.54788701E+00
   773  3.09200000E+02  1.54788701E+00  1.54533435E+00  1.54788701E+00
   774  3.09600000E+02  1.54788701E+00  1.54533435E+00  1.54788701E+00
   775  3.10000000E+02  1.54788701E+00  1.54533435E+00  1.54788701E+00
   776  3.10400000E+02  1.54788701E+00  1.54533435E+00  1.54788701E+00
   777  3.10800000E+02  1.54788701E+00  1.54533435E+00  1.54788701E+00
   778  3.11200000E+02  1.54788701E+00  1.54533435E+00  1.54788701E+00
   779  3.11600000E+02  1.54788701E+00  1.54533435E+00  1.54788701E+00
   780  3.12000000E+02  1.54788701E+00  1.54533435E+00  1.54788701E+00
   781  3.12400000E+02  1.54788701E+00  1.54533435E+00  1.54788701E+00
   782  3.12800000E+02  1.54788701E+00  1.54533435E+00  1.54788701E+00
   783  3.13200000E+02  1.54788701E+00  1.54533435E+00  1.54788701E+00
   784  3.13600000E+02  1.54788701E+00  1.54533435E+00  1.54788701E+00
   785  3.14000000E+02  1.54788701E+00  1.54533435E+00  1.54788701E+00
   786  3.14400000E+02  1.54788701E+00  1.54533435E+00  1.54788701E+00
   787  3.14800000E+02  1.54788701E+00  1.54533435E+00  1.54788701E+00
   788  3.15200000E+02  1.54788701E+00  1.54533435E+00  1.54788701E+00
   789  3.15600000E+02  1.54788701E+00  1.54533435E+00  1.54788701E+00
   790  3.16000000E+02  1.54788701E+00  1.54533435E+00  1.54788701E+00
   791  3.16400000E+02  1.54788701E+00  1.54533435E+00  1.54788701E+00
   792  3.16800000E+02  1.54788701E+00  1.54533435E+00  1.54788701E+00
   793  3.17200000E+02  1.54788701E+00  1.54533435E+00  1.54788701E+00
   794  3.17600000E+02  1.54788701E+00  1.54533435E+00  1.54788701E+00
   795  3.18000000E+02  1.54788701E+00  1.54533435E+00  1.54788701E+00
   796  3.18400000E+02  1.54788701E+00  1.54533435E+00  1.54788701E+00
   797  3.18800000E+02  1.54788701E+00  1.54533435E+00  1.54788701E+00
   798  3.19200000E+02  1.54788701E+00  1.54533435E+00  1.54788701E+00
   799  3.19600000E+02  1.54788701E+00  1.54533435E+00  1.54788701E+00
   800  3.20000000E+02  1.54788701E+00  1.54533435E+00  1.54788701E+00
   801  3.20400000E+02  1.54788701E+00  1.54533435E+00  1.54788701E+00
   802  3.20800000E+02  1.54788701E+00  1.54533435E+00  1.54788701E+00
   803  3.21200000E+02  1.54788701E+00  1.54533435E+00  1.54788701E+00
   804  3.21600000E+02  1.54788701E+00  1.54533435E+00  1.54788701E+00
   805  3.22000000E+02  1.54788701E+00  1.54533435E+00  1.54788701E+00
   806  3.22400000E+02  1.54788701E+00  1.54533435E+00  1.54788701E+00
   807  3.22800000E+02  1.54788701E+00  1.54533435E+00  1.54788701E+00
   808  3.23200000E+02  1.54788701E+00  1.54533435E+00  1.54788701E+00
   809  3.23600000E+02  1.54788701E+00  1.54533435E+00  1.54788701E+00
   810  3.24000000E+02  1.54788701E+00  1.54533435E+00  1.54788701E+00
   811  3.24400000E+02  1.54788701E+00  1.54533435E+00  1.54788701E+00
   812  3.24800000E+02  1.54788701E+00  1.54533435E+00  1.54788701E+00
   813  3.25200000E+02  1.54788701E+00  1.54533435E+00  1.54788701E+00
   814  3.25600000E+02  1.54788701E+00  1.54533435E+00  1.54788701E+00
   815  3.26000000E+02  1.54788701E+00  1.54533435E+00  1.54788701E+00
   816  3.26400000E+02  1.54788701E+00  1.54533435E+00  1.54788701E+00
   817  3.26800000E+02  1.54788701E+00  1.54533435E+00  1.54788701E+00
   818  3.27200000E+02  1.54788701E+00  1.54533435E+00  1.54788701E+00
   819  3.27600000E+02  1.54788701E+00  1.54533435E+00  1.54788701E+00
   820  3.28000000E+02  1.54788701E+00  1.54533435E+00  1.54788701E+00
   821  3.28400000E+02  1.54788701E+00  1.54533435E+00  1.54788701E+00
   822  3.28800000E+02  1.54788701E+00  1.54533435E+00  1.54788701E+00
   823  3.29200000E+02  1.54788701E+00  1.54533435E+00  1.54788701E+00
   824  3.29600000E+02  1.54788701E+00  1.54533435E+00  1.54788701E+00
   825  3.30000000E+02  1.54788701E+00  1.54533435E+00  1.54788701E+00
   826  3.30400000E+02  1.54788701E+00  1.54533435E+00  1.54788701E+00
   827  3.30800000E+02  1.54788701E+00  1.54533435E+00  1.54788701E+00
   828  3.31200000E+02  1.54788701E+00  1.54533435E+00  1.54788701E+00
   829  3.31600000E+02  1.54788701E+00  1.54533435E+00  1.54788701E+00
   830  3.32000000E+02  1.54788701E+00  1.54533435E+00  1.54788701E+00
   831  3.32400000E+02  1.54788701E+00  1.54533435E+00  1.54788701E+00
   832  3.32800000E+02  1.54788701E+00  1.54533435E+00  1.54788701E+00
   833  3.33200000E+02  1.54788701E+00  1.54533435E+00  1.54788701E+00
   834  3.33600000E+02  1.54788701E+00  1.54533435E+00  1.54788701E+00
   835  3.34000000E+02  1.54788701E+00  1.54533435E+00  1.54788701E+00
   836  3.34400000E+02  1.54788701E+00  1.54533435E+00  1.54788701E+00
   837  3.34800000E+02  1.54788701E+00  1.54533435E+00  1.54788701E+00
   838  3.35200000E+02  1.54788701E+00  1.54533435E+00  1.54788701E+00
   839  3.35600000E+02  1.54788701E+00  1.54533435E+00  1.54788701E+00
   840  3.36000000E+02  1.54788701E+00  1.54533435E+00  1.54788701E+00
   841  3.36400000E+02  1.54788701E+00  1.54533435E+00  1.54788701E+00
   842  3.36800000E+02  1.54788701E+00  1.54533435E+00  1.54788701E+00
   843  3.37200000E+02  1.54788701E+00  1.54533435E+00  1.54788701E+00
   844  3.37600000E+02  1.54788701E+00  1.54533435E+00  1.54788701E+00
   845  3.38000000E+02  1.54788701E+00  1.54533435E+00  1.54788701E+00
   846  3.38400000E+02  1.54788701E+00  1.54533435E+00  1.54788701E+00
   847  3.38800000E+02  1.54788701E+00  1.54533435E+00  1.54788701E+00
   848  3.39200000E+02  1.54788701E+00  1.54533435E+00  1.54788701E+00
   849  3.39600000E+02  1.54788701E+00  1.54533435E+00  1.54788701E+00
   850  3.40000000E+02  1.54788701E+00  1.54533435E+00  1.54788701E+00
   851  3.40400000E+02  1.54788701E+00  1.54533435E+00  1.54788701E+00
   852  3.40800000E+02  1.54788701E+00  1.54533435E+00  1.54788701E+00
   853  3.41200000E+02  1.54788701E+00  1.54533435E+00  1.54788701E+00
   854  3.41600000E+02  1.54788701E+00  1.54533435E+00  1.54788701E+00
   855  3.42000000E+02  1.54788701E+00  1.54533435E+00  1.54788701E+00
   856  3.42400000E+02  1.54788701E+00  1.54533435E+00  1.54788701E+00
   857  3.42800000E+02  1.54788701E+00  1.54533435E+00  1.54788701E+00
   858  3.43200000E+02  1.54788701E+00  1.54533435E+00  1.54788701E+00
   859  3.43600000E+02  1.54788701E+00  1.54533435E+00  1.54788701E+00
   860  3.44000000E+02  1.54788701E+00  1.54533435E+00  1.54788701E+00
   861  3.44400000E+02  1.54788701E+00  1.54533435E+00  1.54788701E+00
   862  3.44800000E+02  1.54788701E+00  1.54533435E+00  1.54788701E+00
   863  3.45200000E+02  1.54788701E+00  1.54533435E+00  1.54788701E+00
   864  3.45600000E+02  1.54788701E+00  1.54533435E+00  1.54788701E+00
   865  3.46000000E+02  1.54788701E+00  1.54533435E+00  1.54788701E+00
   866  3.46400000E+02  1.54788701E+00  1.54533435E+00  1.54788701E+00
   867  3.46800000E+02  1.54788701E+00  1.54533435E+00  1.54788701E+00
   868  3.47200000E+02  1.54788701E+00  1.54533435E+00  1.54788701E+00
   869  3.47600000E+02  1.54788701E+00  1.54533435E+00  1.54788701E+00
   870  3.48000000E+02  1.54788701E+00  1.54533435E+00  1.54788701E+00
   871  3.48400000E+02  1.54788701E+00  1.54533435E+00  1.54788701E+00
   872  3.48800000E+02  1.54788701E+00  1.54533435E+00  1.54788701E+00
   873  3.49200000E+02  1.54788701E+00  1.54533435E+00  1.54788701E+00
   874  3.49600000E+02  1.54788701E+00  1.54533435E+00  1.54788701E+00
   875  3.50000000E+02  1.54788701E+00  1.54533435E+00  1.54788701E+00
   876  3.50400000E+02  1.54788701E+00  1.54533435E+00  1.54788701E+00
   877  3.50800000E+02  1.54788701E+00  1.54533435E+00  1.54788701E+00
   878  3.51200000E+02  1.54788701E+00  1.54533435E+00  1.54788701E+00
   879  3.51600000E+02  1.54788701E+00  1.54533435E+00  1.54788701E+00
   880  3.52000000E+02  1.54788701E+00  1.54533435E+00  1.54788701E+00
   881  3.52400000E+02  1.54788701E+00  1.54533435E+00  1.54788701E+00
   882  3.52800000E+02  1.54788701E+00  1.54533435E+00  1.54788701E+00
   883  3.53200000E+02  1.54788701E+00  1.54533435E+00  1.54788701E+00
   884  3.53600000E+02  1.54788701E+00  1.54533435E+00  1.54788701E+00
   885  3.54000000E+02  1.54788701E+00  1.54533435E+00  1.54788701E+00
   886  3.54400000E+02  1.54788701E+00  1.54533435E+00  1.54788701E+00
   887  3.54800000E+02  1.54788701E+00  1.54533435E+00  1.54788701E+00
   888  3.55200000E+02  1.54788701E+00  1.54533435E+00  1.54788701E+00
   889  3.55600000E+02  1.54788701E+00  1.54533435E+00  1.54788701E+00
   890  3.56000000E+02  1.54788701E+00  1.54533435E+00  1.54788701E+00
   891  3.56400000E+02  1.54788701E+00  1.54533435E+00  1.54788701E+00
   892  3.56800000E+02  1.54788701E+00  1.54533435E+00  1.54788701E+00
   893  3.57200000E+02  1.54788701E+00  1.54533435E+00  1.54788701E+00
   894  3.57600000E+02  1.54788701E+00  1.54533435E+00  1.54788701E+00
   895  3.58000000E+02  1.54788701E+00  1.54533435E+00  1.54788701E+00
   896  3.58400000E+02  1.54788701E+00  1.54533435E+00  1.54788701E+00
   897  3.58800000E+02  1.54788701E+00  1.54533435E+00  1.54788701E+00
   898  3.59200000E+02  1.54788701E+00  1.54533435E+00  1.54788701E+00
   899  3.59600000E+02  1.54788701E+00  1.54533435E+00  1.54788701E+00
   900  3.60000000E+02  1.54788701E+00  1.54533435E+00  1.54788701E+00
   901  3.60400000E+02  1.54788701E+00  1.54533435E+00  1.54788701E+00
   902  3.60800000E+02  1.54788701E+00  1.54533435E+00  1.54788701E+00
   903  3.61200000E+02  1.54788701E+00  1.54533435E+00  1.54788701E+00
   904  3.61600000E+02  1.54788701E+00  1.54533435E+00  1.54788701E+00
   905  3.62000000E+02  1.54788701E+00  1.54533435E+00  1.54788701E+00
   906  3.62400000E+02  1.54788701E+00  1.54533435E+00  1.54788701E+00
   907  3.62800000E+02  1.54788701E+00  1.54533435E+00  1.54788701E+00
   908  3.63200000E+02  1.54788701E+00  1.54533435E+00  1.54788701E+00
   909  3.63600000E+02  1.54788701E+00  1.54533435E+00  1.54788701E+00
   910  3.64000000E+02  1.54788701E+00  1.54533435E+00  1.54788701E+00
   911  3.64400000E+02  1.54788701E+00  1.54533435E+00  1.54788701E+00
   912  3.64800000E+02  1.54788701E+00  1.54533435E+00  1.54788701E+00
   913  3.65200000E+02  1.54788701E+00  1.54533435E+00  1.54788701E+00
   914  3.65600000E+02  1.54788701E+00  1.54533435E+00  1.54788701E+00
   915  3.66000000E+02  1.54788701E+00  1.54533435E+00  1.54788701E+00
   916  3.66400000E+02  1.54788701E+00  1.54533435E+00  1.54788701E+00
   917  3.66800000E+02  1.54788701E+00  1.54533435E+00  1.54788701E+00
   918  3.67200000E+02  1.54788701E+00  1.54533435E+00  1.54788701E+00
   919  3.67600000E+02  1.54788701E+00  1.54533435E+00  1.54788701E+00
   920  3.68000000E+02  1.54788701E+00  1.54533435E+00  1.54788701E+00
   921  3.68400000E+02  1.54788701E+00  1.54533435E+00  1.54788701E+00
   922  3.68800000E+02  1.54788701E+00  1.54533435E+00  1.54788701E+00
   923  3.69200000E+02  1.54788701E+00  1.54533435E+00  1.54788701E+00
   924  3.69600000E+02  1.54788701E+00  1.54533435E+00  1.54788701E+00
   925  3.70000000E+02  1.54788701E+00  1.54533435E+00  1.54788701E+00
   926  3.70400000E+02  1.54788701E+00  1.54533435E+00  1.54788701E+00
   927  3.70800000E+02  1.54788701E+00  1.54533435E+00  1.54788701E+00
   928  3.71200000E+02  1.54788701E+00  1.54533435E+00  1.54788701E+00
   929  3.71600000E+02  1.54788701E+00  1.54533435E+00  1.54788701E+00
   930  3.72000000E+02  1.54788701E+00  1.54533435E+00  1.54788701E+00
   931  3.72400000E+02  1.54788701E+00  1.54533435E+00  1.54788701E+00
   932  3.72800000E+02  1.54788701E+00  1.54533435E+00  1.54788701E+00
   933  3.73200000E+02  1.54788701E+00  1.54533435E+00  1.54788701E+00
   934  3.73600000E+02  1.54788701E+00  1.54533435E+00  1.54788701E+00
   935  3.74000000E+02  1.54788701E+00  1.54533435E+00  1.54788701E+00
   936  3.74400000E+02  1.54788701E+00  1.54533435E+00  1.54788701E+00
   937  3.74800000E+02  1.54788701E+00  1.54533435E+00  1.54788701E+00
   938  3.75200000E+02  1.54788701E+00  1.54533435E+00  1.54788701E+00
   939  3.75600000E+02  1.54788701E+00  1.54533435E+00  1.54788701E+00
   940  3.76000000E+02  1.54788701E+00  1.54533435E+00  1.54788701E+00
   941  3.76400000E+02  1.54788701E+00  1.54533435E+00  1.54788701E+00
   942  3.76800000E+02  1.54788701E+00  1.54533435E+00  1.54788701E+00
   943  3.77200000E+02  1.54788701E+00  1.54533435E+00  1.54788701E+00
   944  3.77600000E+02  1.54788701E+00  1.54533435E+00  1.54788701E+00
   945  3.78000000E+02  1.54788701E+00  1.54533435E+00  1.54788701E+00
   946  3.78400000E+02  1.54788701E+00  1.54533435E+00  1.54788701E+00
   947  3.78800000E+02  1.54788701E+00  1.54533435E+00  1.54788701E+00
   948  3.79200000E+02  1.54788701E+00  1.54533435E+00  1.54788701E+00
   949  3.79600000E+02  1.54788701E+00  1.54533435E+00  1.54788701E+00
   950  3.80000000E+02  1.54788701E+00  1.54533435E+00  1.54788701E+00
   951  3.80400000E+02  1.54788701E+00  1.54533435E+00  1.54788701E+00
   952  3.80800000E+02  1.54788701E+00  1.54533435E+00  1.54788701E+00
   953  3.81200000E+02  1.54788701E+00  1.54533435E+00  1.54788701E+00
   954  3.81600000E+02  1.54788701E+00  1.54533435E+00  1.54788701E+00
   955  3.82000000E+02  1.54788701E+00  1.54533435E+00  1.54788701E+00
   956  3.82400000E+02  1.54788701E+00  1.54533435E+00  1.54788701E+00
   957  3.82800000E+02  1.54788701E+00  1.54533435E+00  1.54788701E+00
   958  3.83200000E+02  1.54788701E+00  1.54533435E+00  1.54788701E+00
   959  3.83600000E+02  1.54788701E+00  1.54533435E+00  1.54788701E+00
   960  3.84000000E+02  1.54788701E+00  1.54533435E+00  1.54788701E+00
   961  3.84400000E+02  1.54788701E+00  1.54533435E+00  1.54788701E+00
   962  3.84800000E+02  1.54788701E+00  1.54533435E+00  1.54788701E+00
   963  3.85200000E+02  1.54788701E+00  1.54533435E+00  1.54788701E+00
   964  3.85600000E+02  1.54788701E+00  1.54533435E+00  1.54788701E+00
   965  3.86000000E+02  1.54788701E+00  1.54533435E+00  1.54788701E+00
   966  3.86400000E+02  1.54788701E+00  1.54533435E+00  1.54788701E+00
   967  3.86800000E+02  1.54788701E+00  1.54533435E+00  1.54788701E+00
   968  3.87200000E+02  1.54788701E+00  1.54533435E+00  1.54788701E+00
   969  3.87600000E+02  1.54788701E+00  1.54533435E+00  1.54788701E+00
   970  3.88000000E+02  1.54788701E+00  1.54533435E+00  1.54788701E+00
   971  3.88400000E+02  1.54788701E+00  1.54533435E+00  1.54788701E+00
   972  3.88800000E+02  1.54788701E+00  1.54533435E+00  1.54788701E+00
   973  3.89200000E+02  1.54788701E+00  1.54533435E+00  1.54788701E+00
   974  3.89600000E+02  1.54788701E+00  1.54533435E+00  1.54788701E+00
   975  3.90000000E+02  1.54788701E+00  1.54533435E+00  1.54788701E+00
   976  3.90400000E+02  1.54788701E+00  1.54533435E+00  1.54788701E+00
   977  3.90800000E+02  1.54788701E+00  1.54533435E+00  1.54788701E+00
   978  3.91200000E+02  1.54788701E+00  1.54533435E+00  1.54788701E+00
   979  3.91600000E+02  1.54788701E+00  1.54533435E+00  1.54788701E+00
   980  3.92000000E+02  1.54788701E+00  1.54533435E+00  1.54788701E+00
   981  3.92400000E+02  1.54788701E+00  1.54533435E+00  1.54788701E+00
   982  3.92800000E+02  1.54788701E+00  1.54533435E+00  1.54788701E+00
   983  3.93200000E+02  1.54788701E+00  1.54533435E+00  1.54788701E+00
   984  3.93600000E+02  1.54788701E+00  1.54533435E+00  1.54788701E+00
   985  3.94000000E+02  1.54788701E+00  1.54533435E+00  1.54788701E+00
   986  3.94400000E+02  1.54788701E+00  1.54533435E+00  1.54788701E+00
   987  3.94800000E+02  1.54788701E+00  1.54533435E+00  1.54788701E+00
   988  3.95200000E+02  1.54788701E+00  1.54533435E+00  1.54788701E+00
   989  3.95600000E+02  1.54788701E+00  1.54533435E+00  1.54788701E+00
   990  3.96000000E+02  1.54788701E+00  1.54533435E+00  1.54788701E+00
   991  3.96400000E+02  1.54788701E+00  1.54533435E+00  1.54788701E+00
   992  3.96800000E+02  1.54788701E+00  1.54533435E+00  1.54788701E+00
   993  3.97200000E+02  1.54788701E+00  1.54533435E+00  1.54788701E+00
   994  3.97600000E+02  1.54788701E+00  1.54533435E+00  1.54788701E+00
   995  3.98000000E+02  1.54788701E+00  1.54533435E+00  1.54788701E+00
   996  3.98400000E+02  1.54788701E+00  1.54533435E+00  1.54788701E+00
   997  3.98800000E+02  1.54788701E+00  1.54533435E+00  1.54788701E+00
   998  3.99200000E+02  1.54788701E+00  1.54533435E+00  1.54788701E+00
   999  3.99600000E+02  1.54788701E+00  1.54533435E+00  1.54788701E+00
  1000  4.00000000E+02  1.54788701E+00  1.54533435E+00  1.54788701E+00
