 comppar: model =   2
 comppar: lambda,mobility/eps,betav,eta_0 =  1.0000E-01  0.0000E+00  7.0000E-02  1.0000E+00
 comppar: eta_s,eta_p,G =  7.0000E-02  9.3000E-01  9.3000E+00
 comppar: U_avg,deltat,flowrate,nsteps =  1.0000E-01  2.0000E-01  3.1416E-01    2000
 comppar: geometry = axisymmetric
 comppar: steady stop change,gap,hold,min =  1.0000E-07  1.0000E-03       1      80
 comppar: steady stop truncated decimals =       3
 comppar: ncompc,ncompg =     4     5
 mesh nnodes = 5797
 mesh nelem = 2796
 P1 BC   5.0000000000000000     
 P2 BC   0.0000000000000000     
     1  2.00000000E-01  1.00252915E+00  1.00000000E+00  1.00252915E+00
     2  4.00000000E-01  1.00501033E+00  1.00000000E+00  1.00501033E+00
     3  6.00000000E-01  1.00743432E+00  1.00000000E+00  1.00743432E+00
     4  8.00000000E-01  1.00982589E+00  1.00000000E+00  1.00982589E+00
     5  1.00000000E+00  1.01218264E+00  1.00000000E+00  1.01218264E+00
     6  1.20000000E+00  1.01451572E+00  1.00000000E+00  1.01451572E+00
     7  1.40000000E+00  1.01681204E+00  1.00000000E+00  1.01681204E+00
     8  1.60000000E+00  1.01907917E+00  1.00000000E+00  1.01907917E+00
     9  1.80000000E+00  1.02131451E+00  1.00000000E+00  1.02131451E+00
    10  2.00000000E+00  1.02351805E+00  1.00000000E+00  1.02351805E+00
    11  2.20000000E+00  1.02569493E+00  1.00000000E+00  1.02569493E+00
    12  2.40000000E+00  1.02783541E+00  1.00000000E+00  1.02783541E+00
    13  2.60000000E+00  1.02994955E+00  1.00000000E+00  1.02994955E+00
    14  2.80000000E+00  1.03203411E+00  1.00000000E+00  1.03203411E+00
    15  3.00000000E+00  1.03408497E+00  1.00000000E+00  1.03408497E+00
    16  3.20000000E+00  1.03611545E+00  1.00000000E+00  1.03611545E+00
    17  3.40000000E+00  1.03808994E+00  1.00000000E+00  1.03808994E+00
    18  3.60000000E+00  1.04007588E+00  1.00000000E+00  1.04007588E+00
    19  3.80000000E+00  1.04200281E+00  1.00000000E+00  1.04200281E+00
    20  4.00000000E+00  1.04391751E+00  1.00000000E+00  1.04391751E+00
    21  4.20000000E+00  1.04580164E+00  9.99999999E-01  1.04580164E+00
    22  4.40000000E+00  1.04762267E+00  9.99999997E-01  1.04762267E+00
    23  4.60000000E+00  1.04947605E+00  9.99999994E-01  1.04947605E+00
    24  4.80000000E+00  1.05126707E+00  9.99999991E-01  1.05126707E+00
    25  5.00000000E+00  1.05302518E+00  9.99999988E-01  1.05302518E+00
    26  5.20000000E+00  1.05478759E+00  9.99999983E-01  1.05478759E+00
    27  5.40000000E+00  1.05648461E+00  9.99999978E-01  1.05648461E+00
    28  5.60000000E+00  1.05815987E+00  9.99999973E-01  1.05815987E+00
    29  5.80000000E+00  1.05984349E+00  9.99999966E-01  1.05984349E+00
    30  6.00000000E+00  1.06145978E+00  9.99999959E-01  1.06145978E+00
    31  6.20000000E+00  1.06305813E+00  9.99999950E-01  1.06305813E+00
    32  6.40000000E+00  1.06466287E+00  9.99999941E-01  1.06466287E+00
    33  6.60000000E+00  1.06619834E+00  9.99999930E-01  1.06619834E+00
    34  6.80000000E+00  1.06769077E+00  9.99999918E-01  1.06769077E+00
    35  7.00000000E+00  1.06923295E+00  9.99999905E-01  1.06923295E+00
    36  7.20000000E+00  1.07070484E+00  9.99999891E-01  1.07070484E+00
    37  7.40000000E+00  1.07210368E+00  9.99999875E-01  1.07210368E+00
    38  7.60000000E+00  1.07357259E+00  9.99999857E-01  1.07357259E+00
    39  7.80000000E+00  1.07498110E+00  9.99999837E-01  1.07498110E+00
    40  8.00000000E+00  1.07631561E+00  9.99999816E-01  1.07631561E+00
    41  8.20000000E+00  1.07764602E+00  9.99999793E-01  1.07764602E+00
    42  8.40000000E+00  1.07901187E+00  9.99999767E-01  1.07901187E+00
    43  8.60000000E+00  1.08030360E+00  9.99999740E-01  1.08030360E+00
    44  8.80000000E+00  1.08151896E+00  9.99999710E-01  1.08151896E+00
    45  9.00000000E+00  1.08280927E+00  9.99999677E-01  1.08280927E+00
    46  9.20000000E+00  1.08405827E+00  9.99999642E-01  1.08405827E+00
    47  9.40000000E+00  1.08523074E+00  9.99999603E-01  1.08523074E+00
    48  9.60000000E+00  1.08632485E+00  9.99999562E-01  1.08632485E+00
    49  9.80000000E+00  1.08754607E+00  9.99999517E-01  1.08754607E+00
    50  1.00000000E+01  1.08870084E+00  9.99999469E-01  1.08870084E+00
    51  1.02000000E+01  1.08977782E+00  9.99999417E-01  1.08977782E+00
    52  1.04000000E+01  1.09078749E+00  9.99999362E-01  1.09078749E+00
    53  1.06000000E+01  1.09192421E+00  9.99999302E-01  1.09192421E+00
    54  1.08000000E+01  1.09298355E+00  9.99999238E-01  1.09298355E+00
    55  1.10000000E+01  1.09396408E+00  9.99999169E-01  1.09396408E+00
    56  1.12000000E+01  1.09486481E+00  9.99999096E-01  1.09486481E+00
    57  1.14000000E+01  1.09590596E+00  9.99999017E-01  1.09590596E+00
    58  1.16000000E+01  1.09689247E+00  9.99998933E-01  1.09689247E+00
    59  1.18000000E+01  1.09779997E+00  9.99998844E-01  1.09779997E+00
    60  1.20000000E+01  1.09862792E+00  9.99998748E-01  1.09862792E+00
    61  1.22000000E+01  1.09955674E+00  9.99998646E-01  1.09955674E+00
    62  1.24000000E+01  1.10046975E+00  9.99998537E-01  1.10046975E+00
    63  1.26000000E+01  1.10130364E+00  9.99998422E-01  1.10130364E+00
    64  1.28000000E+01  1.10205834E+00  9.99998299E-01  1.10205834E+00
    65  1.30000000E+01  1.10286315E+00  9.99998169E-01  1.10286315E+00
    66  1.32000000E+01  1.10370566E+00  9.99998030E-01  1.10370566E+00
    67  1.34000000E+01  1.10446959E+00  9.99997883E-01  1.10446959E+00
    68  1.36000000E+01  1.10515555E+00  9.99997727E-01  1.10515555E+00
    69  1.38000000E+01  1.10587273E+00  9.99997562E-01  1.10587273E+00
    70  1.40000000E+01  1.10664419E+00  9.99997387E-01  1.10664419E+00
    71  1.42000000E+01  1.10733771E+00  9.99997202E-01  1.10733771E+00
    72  1.44000000E+01  1.10795457E+00  9.99997006E-01  1.10795457E+00
    73  1.46000000E+01  1.10858129E+00  9.99996799E-01  1.10858129E+00
    74  1.48000000E+01  1.10928394E+00  9.99996580E-01  1.10928394E+00
    75  1.50000000E+01  1.10991031E+00  9.99996349E-01  1.10991031E+00
    76  1.52000000E+01  1.11046245E+00  9.99996106E-01  1.11046245E+00
    77  1.54000000E+01  1.11102752E+00  9.99995848E-01  1.11102752E+00
    78  1.56000000E+01  1.11166096E+00  9.99995577E-01  1.11166096E+00
    79  1.58000000E+01  1.11221990E+00  9.99995291E-01  1.11221990E+00
    80  1.60000000E+01  1.11270716E+00  9.99994990E-01  1.11270716E+00
    81  1.62000000E+01  1.11321156E+00  9.99994674E-01  1.11321156E+00
    82  1.64000000E+01  1.11377989E+00  9.99994340E-01  1.11377989E+00
    83  1.66000000E+01  1.11427658E+00  9.99993989E-01  1.11427658E+00
    84  1.68000000E+01  1.11470514E+00  9.99993621E-01  1.11470514E+00
    85  1.70000000E+01  1.11516563E+00  9.99993233E-01  1.11516563E+00
    86  1.72000000E+01  1.11566868E+00  9.99992827E-01  1.11566868E+00
    87  1.74000000E+01  1.11610314E+00  9.99992400E-01  1.11610314E+00
    88  1.76000000E+01  1.11647321E+00  9.99991952E-01  1.11647321E+00
    89  1.78000000E+01  1.11689939E+00  9.99991482E-01  1.11689939E+00
    90  1.80000000E+01  1.11734301E+00  9.99990989E-01  1.11734301E+00
    91  1.82000000E+01  1.11772189E+00  9.99990473E-01  1.11772189E+00
    92  1.84000000E+01  1.11804071E+00  9.99989933E-01  1.11804071E+00
    93  1.86000000E+01  1.11843216E+00  9.99989367E-01  1.11843216E+00
    94  1.88000000E+01  1.11881654E+00  9.99988774E-01  1.11881654E+00
    95  1.90000000E+01  1.11914030E+00  9.99988155E-01  1.11914030E+00
    96  1.92000000E+01  1.11940863E+00  9.99987507E-01  1.11940863E+00
    97  1.94000000E+01  1.11978307E+00  9.99986830E-01  1.11978307E+00
    98  1.96000000E+01  1.12011517E+00  9.99986123E-01  1.12011517E+00
    99  1.98000000E+01  1.12039113E+00  9.99985385E-01  1.12039113E+00
   100  2.00000000E+01  1.12062287E+00  9.99984615E-01  1.12062287E+00
   101  2.02000000E+01  1.12096016E+00  9.99983811E-01  1.12096016E+00
   102  2.04000000E+01  1.12124073E+00  9.99982973E-01  1.12124073E+00
   103  2.06000000E+01  1.12147001E+00  9.99982100E-01  1.12147001E+00
   104  2.08000000E+01  1.12170470E+00  9.99981190E-01  1.12170470E+00
   105  2.10000000E+01  1.12199314E+00  9.99980243E-01  1.12199314E+00
   106  2.12000000E+01  1.12222946E+00  9.99979257E-01  1.12222946E+00
   107  2.14000000E+01  1.12241926E+00  9.99978231E-01  1.12241926E+00
   108  2.16000000E+01  1.12263609E+00  9.99977164E-01  1.12263609E+00
   109  2.18000000E+01  1.12287672E+00  9.99976055E-01  1.12287672E+00
   110  2.20000000E+01  1.12307024E+00  9.99974904E-01  1.12307024E+00
   111  2.22000000E+01  1.12322245E+00  9.99973708E-01  1.12322245E+00
   112  2.24000000E+01  1.12345043E+00  9.99972466E-01  1.12345043E+00
   113  2.26000000E+01  1.12365040E+00  9.99971179E-01  1.12365040E+00
   114  2.28000000E+01  1.12380805E+00  9.99969843E-01  1.12380805E+00
   115  2.30000000E+01  1.12393188E+00  9.99968460E-01  1.12393188E+00
   116  2.32000000E+01  1.12413586E+00  9.99967027E-01  1.12413586E+00
   117  2.34000000E+01  1.12429693E+00  9.99965543E-01  1.12429693E+00
   118  2.36000000E+01  1.12442090E+00  9.99964009E-01  1.12442090E+00
   119  2.38000000E+01  1.12456764E+00  9.99962422E-01  1.12456764E+00
   120  2.40000000E+01  1.12473456E+00  9.99960781E-01  1.12473456E+00
   121  2.42000000E+01  1.12486332E+00  9.99959087E-01  1.12486332E+00
   122  2.44000000E+01  1.12495966E+00  9.99957338E-01  1.12495966E+00
   123  2.46000000E+01  1.12509225E+00  9.99955534E-01  1.12509225E+00
   124  2.48000000E+01  1.12522415E+00  9.99953673E-01  1.12522415E+00
   125  2.50000000E+01  1.12532308E+00  9.99951757E-01  1.12532308E+00
   126  2.52000000E+01  1.12541316E+00  9.99949783E-01  1.12541316E+00
   127  2.54000000E+01  1.12555026E+00  9.99947752E-01  1.12555026E+00
   128  2.56000000E+01  1.12565333E+00  9.99945663E-01  1.12565333E+00
   129  2.58000000E+01  1.12572798E+00  9.99943518E-01  1.12572798E+00
   130  2.60000000E+01  1.12580860E+00  9.99941314E-01  1.12580860E+00
   131  2.62000000E+01  1.12591450E+00  9.99939053E-01  1.12591450E+00
   132  2.64000000E+01  1.12599146E+00  9.99936736E-01  1.12599146E+00
   133  2.66000000E+01  1.12604492E+00  9.99934362E-01  1.12604492E+00
   134  2.68000000E+01  1.12615438E+00  9.99931932E-01  1.12615438E+00
   135  2.70000000E+01  1.12623482E+00  9.99929448E-01  1.12623482E+00
   136  2.72000000E+01  1.12629071E+00  9.99926911E-01  1.12629071E+00
   137  2.74000000E+01  1.12633652E+00  9.99924321E-01  1.12633652E+00
   138  2.76000000E+01  1.12641948E+00  9.99921682E-01  1.12641948E+00
   139  2.78000000E+01  1.12647741E+00  9.99918993E-01  1.12647741E+00
   140  2.80000000E+01  1.12651548E+00  9.99916259E-01  1.12651548E+00
   141  2.82000000E+01  1.12659373E+00  9.99913482E-01  1.12659373E+00
   142  2.84000000E+01  1.12665447E+00  9.99910664E-01  1.12665447E+00
   143  2.86000000E+01  1.12669435E+00  9.99907808E-01  1.12669435E+00
   144  2.88000000E+01  1.12671824E+00  9.99904920E-01  1.12671824E+00
   145  2.90000000E+01  1.12678121E+00  9.99902002E-01  1.12678121E+00
   146  2.92000000E+01  1.12682285E+00  9.99899059E-01  1.12682285E+00
   147  2.94000000E+01  1.12684809E+00  9.99896097E-01  1.12684809E+00
   148  2.96000000E+01  1.12690622E+00  9.99893120E-01  1.12690622E+00
   149  2.98000000E+01  1.12695003E+00  9.99890136E-01  1.12695003E+00
   150  3.00000000E+01  1.12697646E+00  9.99887150E-01  1.12697646E+00
   151  3.02000000E+01  1.12699007E+00  9.99884171E-01  1.12699007E+00
   152  3.04000000E+01  1.12703373E+00  9.99881206E-01  1.12703373E+00
   153  3.06000000E+01  1.12706167E+00  9.99878264E-01  1.12706167E+00
   154  3.08000000E+01  1.12707642E+00  9.99875355E-01  1.12707642E+00
   155  3.10000000E+01  1.12712230E+00  9.99872489E-01  1.12712230E+00
   156  3.12000000E+01  1.12715178E+00  9.99869677E-01  1.12715178E+00
   157  3.14000000E+01  1.12716714E+00  9.99866931E-01  1.12716714E+00
   158  3.16000000E+01  1.12717289E+00  9.99864264E-01  1.12717289E+00
   159  3.18000000E+01  1.12720401E+00  9.99861691E-01  1.12720401E+00
   160  3.20000000E+01  1.12722063E+00  9.99859226E-01  1.12722063E+00
   161  3.22000000E+01  1.12723310E+00  9.99856886E-01  1.12723310E+00
   162  3.24000000E+01  1.12726611E+00  9.99854688E-01  1.12726611E+00
   163  3.26000000E+01  1.12728365E+00  9.99852652E-01  1.12728365E+00
   164  3.28000000E+01  1.12729011E+00  9.99850796E-01  1.12729011E+00
   165  3.30000000E+01  1.12729444E+00  9.99849142E-01  1.12729444E+00
   166  3.32000000E+01  1.12731337E+00  9.99847714E-01  1.12731337E+00
   167  3.34000000E+01  1.12732086E+00  9.99846535E-01  1.12732086E+00
   168  3.36000000E+01  1.12733636E+00  9.99845632E-01  1.12733636E+00
   169  3.38000000E+01  1.12735654E+00  9.99845032E-01  1.12735654E+00
   170  3.40000000E+01  1.12736439E+00  9.99844766E-01  1.12736439E+00
   171  3.42000000E+01  1.12736391E+00  9.99844864E-01  1.12736391E+00
   172  3.44000000E+01  1.12736940E+00  9.99845360E-01  1.12736940E+00
   173  3.46000000E+01  1.12737839E+00  9.99846291E-01  1.12737839E+00
   174  3.48000000E+01  1.12737875E+00  9.99847693E-01  1.12737875E+00
   175  3.50000000E+01  1.12739865E+00  9.99849608E-01  1.12739865E+00
   176  3.52000000E+01  1.12740829E+00  9.99852078E-01  1.12740829E+00
   177  3.54000000E+01  1.12740846E+00  9.99855148E-01  1.12740846E+00
   178  3.56000000E+01  1.12740283E+00  9.99858866E-01  1.12740283E+00
   179  3.58000000E+01  1.12741074E+00  9.99863283E-01  1.12741074E+00
   180  3.60000000E+01  1.12741184E+00  9.99868453E-01  1.12741184E+00
   181  3.62000000E+01  1.12741959E+00  9.99874433E-01  1.12741959E+00
   182  3.64000000E+01  1.12743145E+00  9.99881283E-01  1.12743145E+00
   183  3.66000000E+01  1.12743263E+00  9.99889066E-01  1.12743263E+00
   184  3.68000000E+01  1.12744094E+00  9.99897850E-01  1.12744094E+00
   185  3.70000000E+01  1.12745258E+00  9.99907705E-01  1.12745258E+00
   186  3.72000000E+01  1.12746265E+00  9.99918707E-01  1.12746265E+00
   187  3.74000000E+01  1.12747121E+00  9.99930933E-01  1.12747121E+00
   188  3.76000000E+01  1.12747841E+00  9.99944466E-01  1.12747841E+00
   189  3.78000000E+01  1.12748877E+00  9.99959395E-01  1.12748877E+00
   190  3.80000000E+01  1.12749787E+00  9.99975811E-01  1.12749787E+00
   191  3.82000000E+01  1.12750555E+00  9.99993811E-01  1.12750555E+00
   192  3.84000000E+01  1.12751195E+00  1.00001350E+00  1.12751195E+00
   193  3.86000000E+01  1.12751798E+00  1.00003497E+00  1.12751798E+00
   194  3.88000000E+01  1.12752569E+00  1.00005836E+00  1.12752569E+00
   195  3.90000000E+01  1.12753211E+00  1.00008377E+00  1.12753211E+00
   196  3.92000000E+01  1.12753745E+00  1.00011132E+00  1.12753745E+00
   197  3.94000000E+01  1.12754191E+00  1.00014115E+00  1.12754191E+00
   198  3.96000000E+01  1.12754575E+00  1.00017340E+00  1.12754575E+00
   199  3.98000000E+01  1.12755144E+00  1.00020820E+00  1.12755144E+00
   200  4.00000000E+01  1.12755616E+00  1.00024571E+00  1.12755616E+00
   201  4.02000000E+01  1.12756012E+00  1.00028609E+00  1.12756012E+00
   202  4.04000000E+01  1.12756352E+00  1.00032950E+00  1.12756352E+00
   203  4.06000000E+01  1.12756651E+00  1.00037611E+00  1.12756651E+00
   204  4.08000000E+01  1.12756922E+00  1.00042610E+00  1.12756922E+00
   205  4.10000000E+01  1.12757228E+00  1.00047966E+00  1.12757228E+00
   206  4.12000000E+01  1.12757526E+00  1.00053700E+00  1.12757526E+00
   207  4.14000000E+01  1.12757798E+00  1.00059830E+00  1.12757798E+00
   208  4.16000000E+01  1.12758052E+00  1.00066380E+00  1.12758052E+00
   209  4.18000000E+01  1.12758294E+00  1.00073372E+00  1.12758294E+00
   210  4.20000000E+01  1.12758527E+00  1.00080829E+00  1.12758527E+00
   211  4.22000000E+01  1.12758751E+00  1.00088775E+00  1.12758751E+00
   212  4.24000000E+01  1.12758964E+00  1.00097236E+00  1.12758964E+00
   213  4.26000000E+01  1.12759165E+00  1.00106239E+00  1.12759165E+00
   214  4.28000000E+01  1.12759352E+00  1.00115812E+00  1.12759352E+00
   215  4.30000000E+01  1.12759523E+00  1.00125982E+00  1.12759523E+00
   216  4.32000000E+01  1.12759676E+00  1.00136781E+00  1.12759676E+00
   217  4.34000000E+01  1.12759833E+00  1.00148239E+00  1.12759833E+00
   218  4.36000000E+01  1.12760004E+00  1.00160389E+00  1.12760004E+00
   219  4.38000000E+01  1.12760158E+00  1.00173265E+00  1.12760158E+00
   220  4.40000000E+01  1.12760296E+00  1.00186901E+00  1.12760296E+00
   221  4.42000000E+01  1.12760417E+00  1.00201334E+00  1.12760417E+00
   222  4.44000000E+01  1.12760522E+00  1.00216602E+00  1.12760522E+00
   223  4.46000000E+01  1.12760610E+00  1.00232744E+00  1.12760610E+00
   224  4.48000000E+01  1.12760685E+00  1.00249799E+00  1.12760685E+00
   225  4.50000000E+01  1.12760747E+00  1.00267811E+00  1.12760747E+00
   226  4.52000000E+01  1.12760797E+00  1.00286823E+00  1.12760797E+00
   227  4.54000000E+01  1.12760856E+00  1.00306878E+00  1.12760856E+00
   228  4.56000000E+01  1.12760918E+00  1.00328025E+00  1.12760918E+00
   229  4.58000000E+01  1.12760970E+00  1.00350310E+00  1.12760970E+00
   230  4.60000000E+01  1.12761012E+00  1.00373783E+00  1.12761012E+00
   231  4.62000000E+01  1.12761046E+00  1.00398495E+00  1.12761046E+00
   232  4.64000000E+01  1.12761074E+00  1.00424499E+00  1.12761074E+00
   233  4.66000000E+01  1.12761097E+00  1.00451849E+00  1.12761097E+00
   234  4.68000000E+01  1.12761115E+00  1.00480600E+00  1.12761115E+00
   235  4.70000000E+01  1.12761129E+00  1.00510810E+00  1.12761129E+00
   236  4.72000000E+01  1.12761140E+00  1.00542537E+00  1.12761140E+00
   237  4.74000000E+01  1.12761147E+00  1.00575842E+00  1.12761147E+00
   238  4.76000000E+01  1.12761152E+00  1.00610787E+00  1.12761152E+00
   239  4.78000000E+01  1.12761154E+00  1.00647435E+00  1.12761154E+00
   240  4.80000000E+01  1.12761154E+00  1.00685850E+00  1.12761154E+00
   241  4.82000000E+01  1.12761152E+00  1.00726099E+00  1.12761152E+00
   242  4.84000000E+01  1.12761147E+00  1.00768248E+00  1.12761147E+00
   243  4.86000000E+01  1.12761141E+00  1.00812368E+00  1.12761141E+00
   244  4.88000000E+01  1.12761134E+00  1.00858528E+00  1.12761134E+00
   245  4.90000000E+01  1.12761125E+00  1.00906798E+00  1.12761125E+00
   246  4.92000000E+01  1.12761115E+00  1.00957251E+00  1.12761115E+00
   247  4.94000000E+01  1.12761104E+00  1.01009960E+00  1.12761104E+00
   248  4.96000000E+01  1.12761093E+00  1.01064998E+00  1.12761093E+00
   249  4.98000000E+01  1.12761081E+00  1.01122441E+00  1.12761081E+00
   250  5.00000000E+01  1.12761068E+00  1.01182363E+00  1.12761068E+00
   251  5.02000000E+01  1.12761056E+00  1.01244839E+00  1.12761056E+00
   252  5.04000000E+01  1.12761043E+00  1.01309946E+00  1.12761043E+00
   253  5.06000000E+01  1.12761031E+00  1.01377759E+00  1.12761031E+00
   254  5.08000000E+01  1.12761018E+00  1.01448354E+00  1.12761018E+00
   255  5.10000000E+01  1.12761006E+00  1.01521804E+00  1.12761006E+00
   256  5.12000000E+01  1.12760993E+00  1.01598186E+00  1.12760993E+00
   257  5.14000000E+01  1.12760981E+00  1.01677572E+00  1.12760981E+00
   258  5.16000000E+01  1.12760969E+00  1.01760034E+00  1.12760969E+00
   259  5.18000000E+01  1.12760958E+00  1.01845643E+00  1.12760958E+00
   260  5.20000000E+01  1.12760947E+00  1.01934467E+00  1.12760947E+00
   261  5.22000000E+01  1.12760935E+00  1.02026573E+00  1.12760935E+00
   262  5.24000000E+01  1.12760925E+00  1.02122024E+00  1.12760925E+00
   263  5.26000000E+01  1.12760914E+00  1.02220882E+00  1.12760914E+00
   264  5.28000000E+01  1.12760904E+00  1.02323204E+00  1.12760904E+00
   265  5.30000000E+01  1.12760895E+00  1.02429044E+00  1.12760895E+00
   266  5.32000000E+01  1.12760886E+00  1.02538450E+00  1.12760886E+00
   267  5.34000000E+01  1.12760877E+00  1.02651469E+00  1.12760877E+00
   268  5.36000000E+01  1.12760868E+00  1.02768140E+00  1.12760868E+00
   269  5.38000000E+01  1.12760860E+00  1.02888496E+00  1.12760860E+00
   270  5.40000000E+01  1.12760852E+00  1.03012567E+00  1.12760852E+00
   271  5.42000000E+01  1.12760845E+00  1.03140374E+00  1.12760845E+00
   272  5.44000000E+01  1.12760838E+00  1.03271931E+00  1.12760838E+00
   273  5.46000000E+01  1.12760831E+00  1.03407246E+00  1.12760831E+00
   274  5.48000000E+01  1.12760825E+00  1.03546318E+00  1.12760825E+00
   275  5.50000000E+01  1.12760818E+00  1.03689137E+00  1.12760818E+00
   276  5.52000000E+01  1.12760813E+00  1.03835684E+00  1.12760813E+00
   277  5.54000000E+01  1.12760807E+00  1.03985931E+00  1.12760807E+00
   278  5.56000000E+01  1.12760802E+00  1.04139841E+00  1.12760802E+00
   279  5.58000000E+01  1.12760797E+00  1.04297363E+00  1.12760797E+00
   280  5.60000000E+01  1.12760792E+00  1.04458440E+00  1.12760792E+00
   281  5.62000000E+01  1.12760788E+00  1.04622998E+00  1.12760788E+00
   282  5.64000000E+01  1.12760784E+00  1.04790956E+00  1.12760784E+00
   283  5.66000000E+01  1.12760780E+00  1.04962218E+00  1.12760780E+00
   284  5.68000000E+01  1.12760776E+00  1.05136677E+00  1.12760776E+00
   285  5.70000000E+01  1.12760773E+00  1.05314211E+00  1.12760773E+00
   286  5.72000000E+01  1.12760770E+00  1.05494688E+00  1.12760770E+00
   287  5.74000000E+01  1.12760767E+00  1.05677961E+00  1.12760767E+00
   288  5.76000000E+01  1.12760764E+00  1.05863870E+00  1.12760764E+00
   289  5.78000000E+01  1.12760761E+00  1.06052242E+00  1.12760761E+00
   290  5.80000000E+01  1.12760759E+00  1.06242890E+00  1.12760759E+00
   291  5.82000000E+01  1.12760756E+00  1.06435614E+00  1.12760756E+00
   292  5.84000000E+01  1.12760754E+00  1.06630201E+00  1.12760754E+00
   293  5.86000000E+01  1.12760752E+00  1.06826424E+00  1.12760752E+00
   294  5.88000000E+01  1.12760750E+00  1.07024047E+00  1.12760750E+00
   295  5.90000000E+01  1.12760749E+00  1.07222816E+00  1.12760749E+00
   296  5.92000000E+01  1.12760747E+00  1.07422470E+00  1.12760747E+00
   297  5.94000000E+01  1.12760745E+00  1.07622735E+00  1.12760745E+00
   298  5.96000000E+01  1.12760744E+00  1.07823323E+00  1.12760744E+00
   299  5.98000000E+01  1.12760743E+00  1.08023942E+00  1.12760743E+00
   300  6.00000000E+01  1.12760741E+00  1.08224285E+00  1.12760741E+00
   301  6.02000000E+01  1.12760740E+00  1.08424039E+00  1.12760740E+00
   302  6.04000000E+01  1.12760739E+00  1.08622883E+00  1.12760739E+00
   303  6.06000000E+01  1.12760738E+00  1.08820487E+00  1.12760738E+00
   304  6.08000000E+01  1.12760737E+00  1.09016519E+00  1.12760737E+00
   305  6.10000000E+01  1.12760736E+00  1.09210638E+00  1.12760736E+00
   306  6.12000000E+01  1.12760735E+00  1.09402503E+00  1.12760735E+00
   307  6.14000000E+01  1.12760735E+00  1.09591766E+00  1.12760735E+00
   308  6.16000000E+01  1.12760734E+00  1.09778083E+00  1.12760734E+00
   309  6.18000000E+01  1.12760733E+00  1.09961106E+00  1.12760733E+00
   310  6.20000000E+01  1.12760733E+00  1.10140491E+00  1.12760733E+00
   311  6.22000000E+01  1.12760732E+00  1.10315895E+00  1.12760732E+00
   312  6.24000000E+01  1.12760732E+00  1.10486984E+00  1.12760732E+00
   313  6.26000000E+01  1.12760731E+00  1.10653425E+00  1.12760731E+00
   314  6.28000000E+01  1.12760731E+00  1.10814898E+00  1.12760731E+00
   315  6.30000000E+01  1.12760730E+00  1.10971091E+00  1.12760730E+00
   316  6.32000000E+01  1.12760730E+00  1.11121704E+00  1.12760730E+00
   317  6.34000000E+01  1.12760730E+00  1.11266452E+00  1.12760730E+00
   318  6.36000000E+01  1.12760729E+00  1.11405068E+00  1.12760729E+00
   319  6.38000000E+01  1.12760729E+00  1.11537303E+00  1.12760729E+00
   320  6.40000000E+01  1.12760729E+00  1.11662929E+00  1.12760729E+00
   321  6.42000000E+01  1.12760728E+00  1.11781745E+00  1.12760728E+00
   322  6.44000000E+01  1.12760728E+00  1.11893575E+00  1.12760728E+00
   323  6.46000000E+01  1.12760728E+00  1.11998277E+00  1.12760728E+00
   324  6.48000000E+01  1.12760728E+00  1.12095740E+00  1.12760728E+00
   325  6.50000000E+01  1.12760728E+00  1.12185893E+00  1.12760728E+00
   326  6.52000000E+01  1.12760727E+00  1.12268706E+00  1.12760727E+00
   327  6.54000000E+01  1.12760727E+00  1.12344191E+00  1.12760727E+00
   328  6.56000000E+01  1.12760727E+00  1.12412409E+00  1.12760727E+00
   329  6.58000000E+01  1.12760727E+00  1.12473471E+00  1.12760727E+00
   330  6.60000000E+01  1.12760727E+00  1.12527539E+00  1.12760727E+00
   331  6.62000000E+01  1.12760727E+00  1.12574827E+00  1.12760727E+00
   332  6.64000000E+01  1.12760727E+00  1.12615602E+00  1.12760727E+00
   333  6.66000000E+01  1.12760726E+00  1.12650183E+00  1.12760726E+00
   334  6.68000000E+01  1.12760726E+00  1.12678936E+00  1.12760726E+00
   335  6.70000000E+01  1.12760726E+00  1.12702273E+00  1.12760726E+00
 steady-height stop at step    335: truncated to 3 decimals, truncated max/end/ratio =       1127      1127      1127, max/end/ratio =   1.12760726E+00  1.12702273E+00  1.12760726E+00
