 comppar: model =   2
 comppar: lambda,mobility/eps,betav,eta_0 =  5.0000E-01  0.0000E+00  6.0000E-01  1.0000E+00
 comppar: eta_s,eta_p,G =  6.0000E-01  4.0000E-01  8.0000E-01
 comppar: U_avg,deltat,flowrate,nsteps =  1.0000E-01  2.0000E-01  3.1416E-01    2000
 comppar: geometry = axisymmetric
 comppar: steady stop change,gap,hold,min =  1.0000E-07  1.0000E-03       1      80
 comppar: steady stop truncated decimals =       3
 comppar: ncompc,ncompg =     4     5
 mesh nnodes = 5797
 mesh nelem = 2796
 P1 BC   5.0000000000000000     
 P2 BC   0.0000000000000000     
     1  2.00000000E-01  1.00253095E+00  1.00000000E+00  1.00253095E+00
     2  4.00000000E-01  1.00501966E+00  1.00000000E+00  1.00501966E+00
     3  6.00000000E-01  1.00745878E+00  1.00000000E+00  1.00745878E+00
     4  8.00000000E-01  1.00985362E+00  1.00000000E+00  1.00985362E+00
     5  1.00000000E+00  1.01220711E+00  1.00000000E+00  1.01220711E+00
     6  1.20000000E+00  1.01452735E+00  1.00000000E+00  1.01452735E+00
     7  1.40000000E+00  1.01680938E+00  1.00000000E+00  1.01680938E+00
     8  1.60000000E+00  1.01906125E+00  1.00000000E+00  1.01906125E+00
     9  1.80000000E+00  1.02128348E+00  1.00000000E+00  1.02128348E+00
    10  2.00000000E+00  1.02347163E+00  1.00000000E+00  1.02347163E+00
    11  2.20000000E+00  1.02563970E+00  1.00000000E+00  1.02563970E+00
    12  2.40000000E+00  1.02776643E+00  1.00000000E+00  1.02776643E+00
    13  2.60000000E+00  1.02987685E+00  1.00000000E+00  1.02987685E+00
    14  2.80000000E+00  1.03194938E+00  1.00000001E+00  1.03194938E+00
    15  3.00000000E+00  1.03399996E+00  1.00000001E+00  1.03399996E+00
    16  3.20000000E+00  1.03601963E+00  1.00000001E+00  1.03601963E+00
    17  3.40000000E+00  1.03799812E+00  1.00000000E+00  1.03799812E+00
    18  3.60000000E+00  1.03997421E+00  1.00000000E+00  1.03997421E+00
    19  3.80000000E+00  1.04189098E+00  1.00000000E+00  1.04189098E+00
    20  4.00000000E+00  1.04381273E+00  1.00000000E+00  1.04381273E+00
    21  4.20000000E+00  1.04568723E+00  1.00000000E+00  1.04568723E+00
    22  4.40000000E+00  1.04751899E+00  9.99999998E-01  1.04751899E+00
    23  4.60000000E+00  1.04936323E+00  9.99999996E-01  1.04936323E+00
    24  4.80000000E+00  1.05114462E+00  9.99999993E-01  1.05114462E+00
    25  5.00000000E+00  1.05291460E+00  9.99999989E-01  1.05291460E+00
    26  5.20000000E+00  1.05466761E+00  9.99999985E-01  1.05466761E+00
    27  5.40000000E+00  1.05635472E+00  9.99999980E-01  1.05635472E+00
    28  5.60000000E+00  1.05804527E+00  9.99999974E-01  1.05804527E+00
    29  5.80000000E+00  1.05971923E+00  9.99999968E-01  1.05971923E+00
    30  6.00000000E+00  1.06132529E+00  9.99999960E-01  1.06132529E+00
    31  6.20000000E+00  1.06294026E+00  9.99999952E-01  1.06294026E+00
    32  6.40000000E+00  1.06453496E+00  9.99999942E-01  1.06453496E+00
    33  6.60000000E+00  1.06605977E+00  9.99999932E-01  1.06605977E+00
    34  6.80000000E+00  1.06757332E+00  9.99999920E-01  1.06757332E+00
    35  7.00000000E+00  1.06910514E+00  9.99999907E-01  1.06910514E+00
    36  7.20000000E+00  1.07056601E+00  9.99999893E-01  1.07056601E+00
    37  7.40000000E+00  1.07197530E+00  9.99999877E-01  1.07197530E+00
    38  7.60000000E+00  1.07344445E+00  9.99999859E-01  1.07344445E+00
    39  7.80000000E+00  1.07484150E+00  9.99999840E-01  1.07484150E+00
    40  8.00000000E+00  1.07616386E+00  9.99999818E-01  1.07616386E+00
    41  8.20000000E+00  1.07752094E+00  9.99999795E-01  1.07752094E+00
    42  8.40000000E+00  1.07887503E+00  9.99999770E-01  1.07887503E+00
    43  8.60000000E+00  1.08015428E+00  9.99999742E-01  1.08015428E+00
    44  8.80000000E+00  1.08136294E+00  9.99999712E-01  1.08136294E+00
    45  9.00000000E+00  1.08267425E+00  9.99999680E-01  1.08267425E+00
    46  9.20000000E+00  1.08391041E+00  9.99999644E-01  1.08391041E+00
    47  9.40000000E+00  1.08506931E+00  9.99999606E-01  1.08506931E+00
    48  9.60000000E+00  1.08618627E+00  9.99999565E-01  1.08618627E+00
    49  9.80000000E+00  1.08740403E+00  9.99999521E-01  1.08740403E+00
    50  1.00000000E+01  1.08854506E+00  9.99999473E-01  1.08854506E+00
    51  1.02000000E+01  1.08960758E+00  9.99999421E-01  1.08960758E+00
    52  1.04000000E+01  1.09065071E+00  9.99999366E-01  1.09065071E+00
    53  1.06000000E+01  1.09177352E+00  9.99999306E-01  1.09177352E+00
    54  1.08000000E+01  1.09281822E+00  9.99999242E-01  1.09281822E+00
    55  1.10000000E+01  1.09378345E+00  9.99999174E-01  1.09378345E+00
    56  1.12000000E+01  1.09469910E+00  9.99999100E-01  1.09469910E+00
    57  1.14000000E+01  1.09574893E+00  9.99999022E-01  1.09574893E+00
    58  1.16000000E+01  1.09672014E+00  9.99998938E-01  1.09672014E+00
    59  1.18000000E+01  1.09761179E+00  9.99998849E-01  1.09761179E+00
    60  1.20000000E+01  1.09842356E+00  9.99998753E-01  1.09842356E+00
    61  1.22000000E+01  1.09939158E+00  9.99998651E-01  1.09939158E+00
    62  1.24000000E+01  1.10028865E+00  9.99998543E-01  1.10028865E+00
    63  1.26000000E+01  1.10110618E+00  9.99998428E-01  1.10110618E+00
    64  1.28000000E+01  1.10184439E+00  9.99998305E-01  1.10184439E+00
    65  1.30000000E+01  1.10268856E+00  9.99998175E-01  1.10268856E+00
    66  1.32000000E+01  1.10351474E+00  9.99998037E-01  1.10351474E+00
    67  1.34000000E+01  1.10426219E+00  9.99997890E-01  1.10426219E+00
    68  1.36000000E+01  1.10493188E+00  9.99997734E-01  1.10493188E+00
    69  1.38000000E+01  1.10568749E+00  9.99997569E-01  1.10568749E+00
    70  1.40000000E+01  1.10644225E+00  9.99997395E-01  1.10644225E+00
    71  1.42000000E+01  1.10711919E+00  9.99997210E-01  1.10711919E+00
    72  1.44000000E+01  1.10772000E+00  9.99997014E-01  1.10772000E+00
    73  1.46000000E+01  1.10838436E+00  9.99996807E-01  1.10838436E+00
    74  1.48000000E+01  1.10907045E+00  9.99996589E-01  1.10907045E+00
    75  1.50000000E+01  1.10968075E+00  9.99996358E-01  1.10968075E+00
    76  1.52000000E+01  1.11021776E+00  9.99996114E-01  1.11021776E+00
    77  1.54000000E+01  1.11081745E+00  9.99995857E-01  1.11081745E+00
    78  1.56000000E+01  1.11143448E+00  9.99995586E-01  1.11143448E+00
    79  1.58000000E+01  1.11197787E+00  9.99995300E-01  1.11197787E+00
    80  1.60000000E+01  1.11245090E+00  9.99994999E-01  1.11245090E+00
    81  1.62000000E+01  1.11298869E+00  9.99994682E-01  1.11298869E+00
    82  1.64000000E+01  1.11354139E+00  9.99994349E-01  1.11354139E+00
    83  1.66000000E+01  1.11402370E+00  9.99993998E-01  1.11402370E+00
    84  1.68000000E+01  1.11443950E+00  9.99993630E-01  1.11443950E+00
    85  1.70000000E+01  1.11492921E+00  9.99993242E-01  1.11492921E+00
    86  1.72000000E+01  1.11541744E+00  9.99992835E-01  1.11541744E+00
    87  1.74000000E+01  1.11583869E+00  9.99992408E-01  1.11583869E+00
    88  1.76000000E+01  1.11619753E+00  9.99991960E-01  1.11619753E+00
    89  1.78000000E+01  1.11665076E+00  9.99991490E-01  1.11665076E+00
    90  1.80000000E+01  1.11708093E+00  9.99990997E-01  1.11708093E+00
    91  1.82000000E+01  1.11744821E+00  9.99990480E-01  1.11744821E+00
    92  1.84000000E+01  1.11775754E+00  9.99989939E-01  1.11775754E+00
    93  1.86000000E+01  1.11817035E+00  9.99989373E-01  1.11817035E+00
    94  1.88000000E+01  1.11854270E+00  9.99988780E-01  1.11854270E+00
    95  1.90000000E+01  1.11885656E+00  9.99988160E-01  1.11885656E+00
    96  1.92000000E+01  1.11912979E+00  9.99987511E-01  1.11912979E+00
    97  1.94000000E+01  1.11951069E+00  9.99986834E-01  1.11951069E+00
    98  1.96000000E+01  1.11983245E+00  9.99986126E-01  1.11983245E+00
    99  1.98000000E+01  1.12010028E+00  9.99985387E-01  1.12010028E+00
   100  2.00000000E+01  1.12035036E+00  9.99984615E-01  1.12035036E+00
   101  2.02000000E+01  1.12067691E+00  9.99983810E-01  1.12067691E+00
   102  2.04000000E+01  1.12094897E+00  9.99982971E-01  1.12094897E+00
   103  2.06000000E+01  1.12117205E+00  9.99982096E-01  1.12117205E+00
   104  2.08000000E+01  1.12142250E+00  9.99981185E-01  1.12142250E+00
   105  2.10000000E+01  1.12170192E+00  9.99980236E-01  1.12170192E+00
   106  2.12000000E+01  1.12193145E+00  9.99979248E-01  1.12193145E+00
   107  2.14000000E+01  1.12211665E+00  9.99978220E-01  1.12211665E+00
   108  2.16000000E+01  1.12234392E+00  9.99977151E-01  1.12234392E+00
   109  2.18000000E+01  1.12257742E+00  9.99976040E-01  1.12257742E+00
   110  2.20000000E+01  1.12276608E+00  9.99974886E-01  1.12276608E+00
   111  2.22000000E+01  1.12291553E+00  9.99973687E-01  1.12291553E+00
   112  2.24000000E+01  1.12315110E+00  9.99972443E-01  1.12315110E+00
   113  2.26000000E+01  1.12334559E+00  9.99971152E-01  1.12334559E+00
   114  2.28000000E+01  1.12349983E+00  9.99969814E-01  1.12349983E+00
   115  2.30000000E+01  1.12363135E+00  9.99968426E-01  1.12363135E+00
   116  2.32000000E+01  1.12382955E+00  9.99966990E-01  1.12382955E+00
   117  2.34000000E+01  1.12398701E+00  9.99965502E-01  1.12398701E+00
   118  2.36000000E+01  1.12410929E+00  9.99963963E-01  1.12410929E+00
   119  2.38000000E+01  1.12426098E+00  9.99962371E-01  1.12426098E+00
   120  2.40000000E+01  1.12442365E+00  9.99960726E-01  1.12442365E+00
   121  2.42000000E+01  1.12455010E+00  9.99959026E-01  1.12455010E+00
   122  2.44000000E+01  1.12464577E+00  9.99957272E-01  1.12464577E+00
   123  2.46000000E+01  1.12477983E+00  9.99955461E-01  1.12477983E+00
   124  2.48000000E+01  1.12490924E+00  9.99953595E-01  1.12490924E+00
   125  2.50000000E+01  1.12500741E+00  9.99951671E-01  1.12500741E+00
   126  2.52000000E+01  1.12510008E+00  9.99949690E-01  1.12510008E+00
   127  2.54000000E+01  1.12523408E+00  9.99947652E-01  1.12523408E+00
   128  2.56000000E+01  1.12533580E+00  9.99945556E-01  1.12533580E+00
   129  2.58000000E+01  1.12541053E+00  9.99943402E-01  1.12541053E+00
   130  2.60000000E+01  1.12549093E+00  9.99941189E-01  1.12549093E+00
   131  2.62000000E+01  1.12559535E+00  9.99938920E-01  1.12559535E+00
   132  2.64000000E+01  1.12567234E+00  9.99936593E-01  1.12567234E+00
   133  2.66000000E+01  1.12572691E+00  9.99934209E-01  1.12572691E+00
   134  2.68000000E+01  1.12583377E+00  9.99931769E-01  1.12583377E+00
   135  2.70000000E+01  1.12591370E+00  9.99929274E-01  1.12591370E+00
   136  2.72000000E+01  1.12597027E+00  9.99926725E-01  1.12597027E+00
   137  2.74000000E+01  1.12601456E+00  9.99924123E-01  1.12601456E+00
   138  2.76000000E+01  1.12609694E+00  9.99921471E-01  1.12609694E+00
   139  2.78000000E+01  1.12615552E+00  9.99918770E-01  1.12615552E+00
   140  2.80000000E+01  1.12619510E+00  9.99916022E-01  1.12619510E+00
   141  2.82000000E+01  1.12626960E+00  9.99913230E-01  1.12626960E+00
   142  2.84000000E+01  1.12633053E+00  9.99910397E-01  1.12633053E+00
   143  2.86000000E+01  1.12637155E+00  9.99907527E-01  1.12637155E+00
   144  2.88000000E+01  1.12639712E+00  9.99904622E-01  1.12639712E+00
   145  2.90000000E+01  1.12645603E+00  9.99901687E-01  1.12645603E+00
   146  2.92000000E+01  1.12649882E+00  9.99898727E-01  1.12649882E+00
   147  2.94000000E+01  1.12652581E+00  9.99895747E-01  1.12652581E+00
   148  2.96000000E+01  1.12657936E+00  9.99892752E-01  1.12657936E+00
   149  2.98000000E+01  1.12662392E+00  9.99889749E-01  1.12662392E+00
   150  3.00000000E+01  1.12665182E+00  9.99886743E-01  1.12665182E+00
   151  3.02000000E+01  1.12666722E+00  9.99883744E-01  1.12666722E+00
   152  3.04000000E+01  1.12670657E+00  9.99880758E-01  1.12670657E+00
   153  3.06000000E+01  1.12673601E+00  9.99877794E-01  1.12673601E+00
   154  3.08000000E+01  1.12675263E+00  9.99874863E-01  1.12675263E+00
   155  3.10000000E+01  1.12679339E+00  9.99871974E-01  1.12679339E+00
   156  3.12000000E+01  1.12682405E+00  9.99869138E-01  1.12682405E+00
   157  3.14000000E+01  1.12684108E+00  9.99866369E-01  1.12684108E+00
   158  3.16000000E+01  1.12684831E+00  9.99863678E-01  1.12684831E+00
   159  3.18000000E+01  1.12687542E+00  9.99861080E-01  1.12687542E+00
   160  3.20000000E+01  1.12689377E+00  9.99858590E-01  1.12689377E+00
   161  3.22000000E+01  1.12690203E+00  9.99856224E-01  1.12690203E+00
   162  3.24000000E+01  1.12693574E+00  9.99854000E-01  1.12693574E+00
   163  3.26000000E+01  1.12695477E+00  9.99851937E-01  1.12695477E+00
   164  3.28000000E+01  1.12696298E+00  9.99850054E-01  1.12696298E+00
   165  3.30000000E+01  1.12696387E+00  9.99848373E-01  1.12696387E+00
   166  3.32000000E+01  1.12698381E+00  9.99846917E-01  1.12698381E+00
   167  3.34000000E+01  1.12699314E+00  9.99845710E-01  1.12699314E+00
   168  3.36000000E+01  1.12700381E+00  9.99844779E-01  1.12700381E+00
   169  3.38000000E+01  1.12702522E+00  9.99844152E-01  1.12702522E+00
   170  3.40000000E+01  1.12703472E+00  9.99843858E-01  1.12703472E+00
   171  3.42000000E+01  1.12703599E+00  9.99843928E-01  1.12703599E+00
   172  3.44000000E+01  1.12703753E+00  9.99844398E-01  1.12703753E+00
   173  3.46000000E+01  1.12704824E+00  9.99845302E-01  1.12704824E+00
   174  3.48000000E+01  1.12705043E+00  9.99846679E-01  1.12705043E+00
   175  3.50000000E+01  1.12706526E+00  9.99848569E-01  1.12706526E+00
   176  3.52000000E+01  1.12707640E+00  9.99851014E-01  1.12707640E+00
   177  3.54000000E+01  1.12707831E+00  9.99854062E-01  1.12707831E+00
   178  3.56000000E+01  1.12707431E+00  9.99857759E-01  1.12707431E+00
   179  3.58000000E+01  1.12707845E+00  9.99862156E-01  1.12707845E+00
   180  3.60000000E+01  1.12708136E+00  9.99867308E-01  1.12708136E+00
   181  3.62000000E+01  1.12708447E+00  9.99873272E-01  1.12708447E+00
   182  3.64000000E+01  1.12709760E+00  9.99880108E-01  1.12709760E+00
   183  3.66000000E+01  1.12710045E+00  9.99887879E-01  1.12710045E+00
   184  3.68000000E+01  1.12709652E+00  9.99896654E-01  1.12709652E+00
   185  3.70000000E+01  1.12709451E+00  9.99906503E-01  1.12709451E+00
   186  3.72000000E+01  1.12710375E+00  9.99917501E-01  1.12710375E+00
   187  3.74000000E+01  1.12711174E+00  9.99929727E-01  1.12711174E+00
   188  3.76000000E+01  1.12711962E+00  9.99943265E-01  1.12711962E+00
   189  3.78000000E+01  1.12712930E+00  9.99958203E-01  1.12712930E+00
   190  3.80000000E+01  1.12713773E+00  9.99974632E-01  1.12713773E+00
   191  3.82000000E+01  1.12714494E+00  9.99992651E-01  1.12714494E+00
   192  3.84000000E+01  1.12715103E+00  1.00001236E+00  1.12715103E+00
   193  3.86000000E+01  1.12715734E+00  1.00003387E+00  1.12715734E+00
   194  3.88000000E+01  1.12716459E+00  1.00005729E+00  1.12716459E+00
   195  3.90000000E+01  1.12717071E+00  1.00008274E+00  1.12717071E+00
   196  3.92000000E+01  1.12717582E+00  1.00011035E+00  1.12717582E+00
   197  3.94000000E+01  1.12718010E+00  1.00014025E+00  1.12718010E+00
   198  3.96000000E+01  1.12718372E+00  1.00017257E+00  1.12718372E+00
   199  3.98000000E+01  1.12718916E+00  1.00020746E+00  1.12718916E+00
   200  4.00000000E+01  1.12719370E+00  1.00024507E+00  1.12719370E+00
   201  4.02000000E+01  1.12719750E+00  1.00028555E+00  1.12719750E+00
   202  4.04000000E+01  1.12720072E+00  1.00032908E+00  1.12720072E+00
   203  4.06000000E+01  1.12720351E+00  1.00037583E+00  1.12720351E+00
   204  4.08000000E+01  1.12720599E+00  1.00042597E+00  1.12720599E+00
   205  4.10000000E+01  1.12720915E+00  1.00047971E+00  1.12720915E+00
   206  4.12000000E+01  1.12721193E+00  1.00053723E+00  1.12721193E+00
   207  4.14000000E+01  1.12721440E+00  1.00059874E+00  1.12721440E+00
   208  4.16000000E+01  1.12721667E+00  1.00066447E+00  1.12721667E+00
   209  4.18000000E+01  1.12721878E+00  1.00073463E+00  1.12721878E+00
   210  4.20000000E+01  1.12722079E+00  1.00080947E+00  1.12722079E+00
   211  4.22000000E+01  1.12722271E+00  1.00088922E+00  1.12722271E+00
   212  4.24000000E+01  1.12722453E+00  1.00097415E+00  1.12722453E+00
   213  4.26000000E+01  1.12722625E+00  1.00106453E+00  1.12722625E+00
   214  4.28000000E+01  1.12722786E+00  1.00116063E+00  1.12722786E+00
   215  4.30000000E+01  1.12722933E+00  1.00126274E+00  1.12722933E+00
   216  4.32000000E+01  1.12723077E+00  1.00137116E+00  1.12723077E+00
   217  4.34000000E+01  1.12723235E+00  1.00148622E+00  1.12723235E+00
   218  4.36000000E+01  1.12723381E+00  1.00160823E+00  1.12723381E+00
   219  4.38000000E+01  1.12723514E+00  1.00173754E+00  1.12723514E+00
   220  4.40000000E+01  1.12723634E+00  1.00187449E+00  1.12723634E+00
   221  4.42000000E+01  1.12723739E+00  1.00201946E+00  1.12723739E+00
   222  4.44000000E+01  1.12723830E+00  1.00217282E+00  1.12723830E+00
   223  4.46000000E+01  1.12723907E+00  1.00233497E+00  1.12723907E+00
   224  4.48000000E+01  1.12723972E+00  1.00250631E+00  1.12723972E+00
   225  4.50000000E+01  1.12724025E+00  1.00268727E+00  1.12724025E+00
   226  4.52000000E+01  1.12724068E+00  1.00287829E+00  1.12724068E+00
   227  4.54000000E+01  1.12724110E+00  1.00307981E+00  1.12724110E+00
   228  4.56000000E+01  1.12724164E+00  1.00329230E+00  1.12724164E+00
   229  4.58000000E+01  1.12724208E+00  1.00351624E+00  1.12724208E+00
   230  4.60000000E+01  1.12724243E+00  1.00375214E+00  1.12724243E+00
   231  4.62000000E+01  1.12724271E+00  1.00400051E+00  1.12724271E+00
   232  4.64000000E+01  1.12724293E+00  1.00426187E+00  1.12724293E+00
   233  4.66000000E+01  1.12724309E+00  1.00453676E+00  1.12724309E+00
   234  4.68000000E+01  1.12724322E+00  1.00482576E+00  1.12724322E+00
   235  4.70000000E+01  1.12724331E+00  1.00512944E+00  1.12724331E+00
   236  4.72000000E+01  1.12724336E+00  1.00544838E+00  1.12724336E+00
   237  4.74000000E+01  1.12724340E+00  1.00578319E+00  1.12724340E+00
   238  4.76000000E+01  1.12724340E+00  1.00613451E+00  1.12724340E+00
   239  4.78000000E+01  1.12724339E+00  1.00650296E+00  1.12724339E+00
   240  4.80000000E+01  1.12724335E+00  1.00688919E+00  1.12724335E+00
   241  4.82000000E+01  1.12724330E+00  1.00729387E+00  1.12724330E+00
   242  4.84000000E+01  1.12724323E+00  1.00771768E+00  1.12724323E+00
   243  4.86000000E+01  1.12724314E+00  1.00816131E+00  1.12724314E+00
   244  4.88000000E+01  1.12724304E+00  1.00862547E+00  1.12724304E+00
   245  4.90000000E+01  1.12724294E+00  1.00911087E+00  1.12724294E+00
   246  4.92000000E+01  1.12724282E+00  1.00961823E+00  1.12724282E+00
   247  4.94000000E+01  1.12724270E+00  1.01014829E+00  1.12724270E+00
   248  4.96000000E+01  1.12724257E+00  1.01070179E+00  1.12724257E+00
   249  4.98000000E+01  1.12724244E+00  1.01127949E+00  1.12724244E+00
   250  5.00000000E+01  1.12724230E+00  1.01188213E+00  1.12724230E+00
   251  5.02000000E+01  1.12724217E+00  1.01251048E+00  1.12724217E+00
   252  5.04000000E+01  1.12724203E+00  1.01316529E+00  1.12724203E+00
   253  5.06000000E+01  1.12724190E+00  1.01384733E+00  1.12724190E+00
   254  5.08000000E+01  1.12724177E+00  1.01455736E+00  1.12724177E+00
   255  5.10000000E+01  1.12724164E+00  1.01529612E+00  1.12724164E+00
   256  5.12000000E+01  1.12724151E+00  1.01606436E+00  1.12724151E+00
   257  5.14000000E+01  1.12724138E+00  1.01686282E+00  1.12724138E+00
   258  5.16000000E+01  1.12724126E+00  1.01769222E+00  1.12724126E+00
   259  5.18000000E+01  1.12724114E+00  1.01855327E+00  1.12724114E+00
   260  5.20000000E+01  1.12724102E+00  1.01944665E+00  1.12724102E+00
   261  5.22000000E+01  1.12724091E+00  1.02037302E+00  1.12724091E+00
   262  5.24000000E+01  1.12724080E+00  1.02133302E+00  1.12724080E+00
   263  5.26000000E+01  1.12724069E+00  1.02232727E+00  1.12724069E+00
   264  5.28000000E+01  1.12724059E+00  1.02335633E+00  1.12724059E+00
   265  5.30000000E+01  1.12724049E+00  1.02442073E+00  1.12724049E+00
   266  5.32000000E+01  1.12724040E+00  1.02552098E+00  1.12724040E+00
   267  5.34000000E+01  1.12724031E+00  1.02665750E+00  1.12724031E+00
   268  5.36000000E+01  1.12724022E+00  1.02783070E+00  1.12724022E+00
   269  5.38000000E+01  1.12724014E+00  1.02904090E+00  1.12724014E+00
   270  5.40000000E+01  1.12724006E+00  1.03028839E+00  1.12724006E+00
   271  5.42000000E+01  1.12723999E+00  1.03157336E+00  1.12723999E+00
   272  5.44000000E+01  1.12723992E+00  1.03289596E+00  1.12723992E+00
   273  5.46000000E+01  1.12723985E+00  1.03425624E+00  1.12723985E+00
   274  5.48000000E+01  1.12723978E+00  1.03565417E+00  1.12723978E+00
   275  5.50000000E+01  1.12723972E+00  1.03708965E+00  1.12723972E+00
   276  5.52000000E+01  1.12723967E+00  1.03856247E+00  1.12723967E+00
   277  5.54000000E+01  1.12723961E+00  1.04007233E+00  1.12723961E+00
   278  5.56000000E+01  1.12723956E+00  1.04161882E+00  1.12723956E+00
   279  5.58000000E+01  1.12723951E+00  1.04320143E+00  1.12723951E+00
   280  5.60000000E+01  1.12723947E+00  1.04481954E+00  1.12723947E+00
   281  5.62000000E+01  1.12723942E+00  1.04647242E+00  1.12723942E+00
   282  5.64000000E+01  1.12723938E+00  1.04815919E+00  1.12723938E+00
   283  5.66000000E+01  1.12723934E+00  1.04987887E+00  1.12723934E+00
   284  5.68000000E+01  1.12723931E+00  1.05163036E+00  1.12723931E+00
   285  5.70000000E+01  1.12723927E+00  1.05341242E+00  1.12723927E+00
   286  5.72000000E+01  1.12723924E+00  1.05522367E+00  1.12723924E+00
   287  5.74000000E+01  1.12723921E+00  1.05706262E+00  1.12723921E+00
   288  5.76000000E+01  1.12723918E+00  1.05892761E+00  1.12723918E+00
   289  5.78000000E+01  1.12723916E+00  1.06081687E+00  1.12723916E+00
   290  5.80000000E+01  1.12723913E+00  1.06272851E+00  1.12723913E+00
   291  5.82000000E+01  1.12723911E+00  1.06466047E+00  1.12723911E+00
   292  5.84000000E+01  1.12723909E+00  1.06661057E+00  1.12723909E+00
   293  5.86000000E+01  1.12723907E+00  1.06857652E+00  1.12723907E+00
   294  5.88000000E+01  1.12723905E+00  1.07055588E+00  1.12723905E+00
   295  5.90000000E+01  1.12723903E+00  1.07254609E+00  1.12723903E+00
   296  5.92000000E+01  1.12723902E+00  1.07454448E+00  1.12723902E+00
   297  5.94000000E+01  1.12723900E+00  1.07654826E+00  1.12723900E+00
   298  5.96000000E+01  1.12723899E+00  1.07855453E+00  1.12723899E+00
   299  5.98000000E+01  1.12723897E+00  1.08056029E+00  1.12723897E+00
   300  6.00000000E+01  1.12723896E+00  1.08256245E+00  1.12723896E+00
   301  6.02000000E+01  1.12723895E+00  1.08455782E+00  1.12723895E+00
   302  6.04000000E+01  1.12723894E+00  1.08654316E+00  1.12723894E+00
   303  6.06000000E+01  1.12723893E+00  1.08851514E+00  1.12723893E+00
   304  6.08000000E+01  1.12723892E+00  1.09047037E+00  1.12723892E+00
   305  6.10000000E+01  1.12723891E+00  1.09240542E+00  1.12723891E+00
   306  6.12000000E+01  1.12723890E+00  1.09431684E+00  1.12723890E+00
   307  6.14000000E+01  1.12723890E+00  1.09620113E+00  1.12723890E+00
   308  6.16000000E+01  1.12723889E+00  1.09805481E+00  1.12723889E+00
   309  6.18000000E+01  1.12723888E+00  1.09987438E+00  1.12723888E+00
   310  6.20000000E+01  1.12723888E+00  1.10165638E+00  1.12723888E+00
   311  6.22000000E+01  1.12723887E+00  1.10339737E+00  1.12723887E+00
   312  6.24000000E+01  1.12723887E+00  1.10509399E+00  1.12723887E+00
   313  6.26000000E+01  1.12723886E+00  1.10674291E+00  1.12723886E+00
   314  6.28000000E+01  1.12723886E+00  1.10834094E+00  1.12723886E+00
   315  6.30000000E+01  1.12723886E+00  1.10988497E+00  1.12723886E+00
   316  6.32000000E+01  1.12723885E+00  1.11137202E+00  1.12723885E+00
   317  6.34000000E+01  1.12723885E+00  1.11279928E+00  1.12723885E+00
   318  6.36000000E+01  1.12723885E+00  1.11416411E+00  1.12723885E+00
   319  6.38000000E+01  1.12723884E+00  1.11546408E+00  1.12723884E+00
   320  6.40000000E+01  1.12723884E+00  1.11669698E+00  1.12723884E+00
   321  6.42000000E+01  1.12723884E+00  1.11786088E+00  1.12723884E+00
   322  6.44000000E+01  1.12723884E+00  1.11895414E+00  1.12723884E+00
   323  6.46000000E+01  1.12723883E+00  1.11997544E+00  1.12723883E+00
   324  6.48000000E+01  1.12723883E+00  1.12092385E+00  1.12723883E+00
   325  6.50000000E+01  1.12723883E+00  1.12179881E+00  1.12723883E+00
   326  6.52000000E+01  1.12723883E+00  1.12260020E+00  1.12723883E+00
   327  6.54000000E+01  1.12723883E+00  1.12332839E+00  1.12723883E+00
   328  6.56000000E+01  1.12723883E+00  1.12398421E+00  1.12723883E+00
   329  6.58000000E+01  1.12723882E+00  1.12456903E+00  1.12723882E+00
   330  6.60000000E+01  1.12723882E+00  1.12508474E+00  1.12723882E+00
   331  6.62000000E+01  1.12723882E+00  1.12553374E+00  1.12723882E+00
   332  6.64000000E+01  1.12723882E+00  1.12591898E+00  1.12723882E+00
   333  6.66000000E+01  1.12723882E+00  1.12624389E+00  1.12723882E+00
   334  6.68000000E+01  1.12723882E+00  1.12651236E+00  1.12723882E+00
   335  6.70000000E+01  1.12723882E+00  1.12672872E+00  1.12723882E+00
   336  6.72000000E+01  1.12723882E+00  1.12689760E+00  1.12723882E+00
   337  6.74000000E+01  1.12723882E+00  1.12702393E+00  1.12723882E+00
 steady-height stop at step    337: truncated to 3 decimals, truncated max/end/ratio =       1127      1127      1127, max/end/ratio =   1.12723882E+00  1.12702393E+00  1.12723882E+00
