 comppar: model =   3
 comppar: lambda,mobility/eps,betav,eta_0 =  9.0000E+00  3.0000E-02  9.0000E-01  1.0000E+00
 comppar: eta_s,eta_p,G =  9.0000E-01  1.0000E-01  1.1111E-02
 comppar: U_avg,deltat,flowrate,nsteps =  1.0000E-01  4.0000E-01  3.1416E-01    1000
 comppar: geometry = axisymmetric
 comppar: steady stop change,gap,hold,min =  1.0000E-05  2.0000E-04      10      80
 comppar: steady stop rounded decimals =       4
 comppar: ncompc,ncompg =     4     5
 mesh nnodes = 22999
 mesh nelem = 11296
 P1 BC   5.0000000000000000     
 P2 BC   0.0000000000000000     
     1  4.00000000E-01  1.00503996E+00  1.00000000E+00  1.00503996E+00
     2  8.00000000E-01  1.00992373E+00  1.00000000E+00  1.00992373E+00
     3  1.20000000E+00  1.01465662E+00  1.00000000E+00  1.01465662E+00
     4  1.60000000E+00  1.01925216E+00  1.00000000E+00  1.01925216E+00
     5  2.00000000E+00  1.02371451E+00  1.00000000E+00  1.02371451E+00
     6  2.40000000E+00  1.02804992E+00  1.00000000E+00  1.02804992E+00
     7  2.80000000E+00  1.03226347E+00  1.00000000E+00  1.03226347E+00
     8  3.20000000E+00  1.03635809E+00  1.00000000E+00  1.03635809E+00
     9  3.60000000E+00  1.04034887E+00  1.00000000E+00  1.04034887E+00
    10  4.00000000E+00  1.04422752E+00  1.00000000E+00  1.04422752E+00
    11  4.40000000E+00  1.04800323E+00  9.99999996E-01  1.04800323E+00
    12  4.80000000E+00  1.05168030E+00  9.99999990E-01  1.05168030E+00
    13  5.20000000E+00  1.05526266E+00  9.99999982E-01  1.05526266E+00
    14  5.60000000E+00  1.05874174E+00  9.99999972E-01  1.05874174E+00
    15  6.00000000E+00  1.06214601E+00  9.99999958E-01  1.06214601E+00
    16  6.40000000E+00  1.06545852E+00  9.99999940E-01  1.06545852E+00
    17  6.80000000E+00  1.06868156E+00  9.99999918E-01  1.06868156E+00
    18  7.20000000E+00  1.07181831E+00  9.99999891E-01  1.07181831E+00
    19  7.60000000E+00  1.07487191E+00  9.99999857E-01  1.07487191E+00
    20  8.00000000E+00  1.07785334E+00  9.99999818E-01  1.07785334E+00
    21  8.40000000E+00  1.08075858E+00  9.99999771E-01  1.08075858E+00
    22  8.80000000E+00  1.08358906E+00  9.99999715E-01  1.08358906E+00
    23  9.20000000E+00  1.08634043E+00  9.99999649E-01  1.08634043E+00
    24  9.60000000E+00  1.08902033E+00  9.99999573E-01  1.08902033E+00
    25  1.00000000E+01  1.09163200E+00  9.99999485E-01  1.09163200E+00
    26  1.04000000E+01  1.09418355E+00  9.99999384E-01  1.09418355E+00
    27  1.08000000E+01  1.09666640E+00  9.99999268E-01  1.09666640E+00
    28  1.12000000E+01  1.09908046E+00  9.99999135E-01  1.09908046E+00
    29  1.16000000E+01  1.10142408E+00  9.99998985E-01  1.10142408E+00
    30  1.20000000E+01  1.10369393E+00  9.99998814E-01  1.10369393E+00
    31  1.24000000E+01  1.10589599E+00  9.99998622E-01  1.10589599E+00
    32  1.28000000E+01  1.10807573E+00  9.99998406E-01  1.10807573E+00
    33  1.32000000E+01  1.11018400E+00  9.99998163E-01  1.11018400E+00
    34  1.36000000E+01  1.11222290E+00  9.99997892E-01  1.11222290E+00
    35  1.40000000E+01  1.11419329E+00  9.99997589E-01  1.11419329E+00
    36  1.44000000E+01  1.11613780E+00  9.99997253E-01  1.11613780E+00
    37  1.48000000E+01  1.11802994E+00  9.99996879E-01  1.11802994E+00
    38  1.52000000E+01  1.11985824E+00  9.99996466E-01  1.11985824E+00
    39  1.56000000E+01  1.12162307E+00  9.99996009E-01  1.12162307E+00
    40  1.60000000E+01  1.12337881E+00  9.99995505E-01  1.12337881E+00
    41  1.64000000E+01  1.12507669E+00  9.99994950E-01  1.12507669E+00
    42  1.68000000E+01  1.12671217E+00  9.99994341E-01  1.12671217E+00
    43  1.72000000E+01  1.12833333E+00  9.99993673E-01  1.12833333E+00
    44  1.76000000E+01  1.12991122E+00  9.99992942E-01  1.12991122E+00
    45  1.80000000E+01  1.13143812E+00  9.99992142E-01  1.13143812E+00
    46  1.84000000E+01  1.13296195E+00  9.99991270E-01  1.13296195E+00
    47  1.88000000E+01  1.13443046E+00  9.99990321E-01  1.13443046E+00
    48  1.92000000E+01  1.13590199E+00  9.99989288E-01  1.13590199E+00
    49  1.96000000E+01  1.13733428E+00  9.99988167E-01  1.13733428E+00
    50  2.00000000E+01  1.13875838E+00  9.99986951E-01  1.13875838E+00
    51  2.04000000E+01  1.14017886E+00  9.99985636E-01  1.14017886E+00
    52  2.08000000E+01  1.14159132E+00  9.99984214E-01  1.14159132E+00
    53  2.12000000E+01  1.14300178E+00  9.99982679E-01  1.14300178E+00
    54  2.16000000E+01  1.14441092E+00  9.99981026E-01  1.14441092E+00
    55  2.20000000E+01  1.14581948E+00  9.99979247E-01  1.14581948E+00
    56  2.24000000E+01  1.14723170E+00  9.99977335E-01  1.14723170E+00
    57  2.28000000E+01  1.14863182E+00  9.99975285E-01  1.14863182E+00
    58  2.32000000E+01  1.15001258E+00  9.99973088E-01  1.15001258E+00
    59  2.36000000E+01  1.15138798E+00  9.99970740E-01  1.15138798E+00
    60  2.40000000E+01  1.15274742E+00  9.99968232E-01  1.15274742E+00
    61  2.44000000E+01  1.15407480E+00  9.99965558E-01  1.15407480E+00
    62  2.48000000E+01  1.15540249E+00  9.99962712E-01  1.15540249E+00
    63  2.52000000E+01  1.15669752E+00  9.99959689E-01  1.15669752E+00
    64  2.56000000E+01  1.15797415E+00  9.99956481E-01  1.15797415E+00
    65  2.60000000E+01  1.15923346E+00  9.99953086E-01  1.15923346E+00
    66  2.64000000E+01  1.16046015E+00  9.99949497E-01  1.16046015E+00
    67  2.68000000E+01  1.16168191E+00  9.99945711E-01  1.16168191E+00
    68  2.72000000E+01  1.16286425E+00  9.99941727E-01  1.16286425E+00
    69  2.76000000E+01  1.16404165E+00  9.99937541E-01  1.16404165E+00
    70  2.80000000E+01  1.16518403E+00  9.99933155E-01  1.16518403E+00
    71  2.84000000E+01  1.16631018E+00  9.99928569E-01  1.16631018E+00
    72  2.88000000E+01  1.16741091E+00  9.99923787E-01  1.16741091E+00
    73  2.92000000E+01  1.16848726E+00  9.99918813E-01  1.16848726E+00
    74  2.96000000E+01  1.16954483E+00  9.99913656E-01  1.16954483E+00
    75  3.00000000E+01  1.17057287E+00  9.99908326E-01  1.17057287E+00
    76  3.04000000E+01  1.17158621E+00  9.99902836E-01  1.17158621E+00
    77  3.08000000E+01  1.17256657E+00  9.99897203E-01  1.17256657E+00
    78  3.12000000E+01  1.17353530E+00  9.99891449E-01  1.17353530E+00
    79  3.16000000E+01  1.17447074E+00  9.99885598E-01  1.17447074E+00
    80  3.20000000E+01  1.17539540E+00  9.99879682E-01  1.17539540E+00
    81  3.24000000E+01  1.17628860E+00  9.99873736E-01  1.17628860E+00
    82  3.28000000E+01  1.17717028E+00  9.99867803E-01  1.17717028E+00
    83  3.32000000E+01  1.17801977E+00  9.99861932E-01  1.17801977E+00
    84  3.36000000E+01  1.17886005E+00  9.99856180E-01  1.17886005E+00
    85  3.40000000E+01  1.17966563E+00  9.99850613E-01  1.17966563E+00
    86  3.44000000E+01  1.18046604E+00  9.99845307E-01  1.18046604E+00
    87  3.48000000E+01  1.18123245E+00  9.99840347E-01  1.18123245E+00
    88  3.52000000E+01  1.18199436E+00  9.99835832E-01  1.18199436E+00
    89  3.56000000E+01  1.18272417E+00  9.99831871E-01  1.18272417E+00
    90  3.60000000E+01  1.18344862E+00  9.99828589E-01  1.18344862E+00
    91  3.64000000E+01  1.18414037E+00  9.99826127E-01  1.18414037E+00
    92  3.68000000E+01  1.18482802E+00  9.99824641E-01  1.18482802E+00
    93  3.72000000E+01  1.18548377E+00  9.99824308E-01  1.18548377E+00
    94  3.76000000E+01  1.18613520E+00  9.99825323E-01  1.18613520E+00
    95  3.80000000E+01  1.18675629E+00  9.99827906E-01  1.18675629E+00
    96  3.84000000E+01  1.18737207E+00  9.99832298E-01  1.18737207E+00
    97  3.88000000E+01  1.18795948E+00  9.99838770E-01  1.18795948E+00
    98  3.92000000E+01  1.18854037E+00  9.99847619E-01  1.18854037E+00
    99  3.96000000E+01  1.18909611E+00  9.99859175E-01  1.18909611E+00
   100  4.00000000E+01  1.18964316E+00  9.99873799E-01  1.18964316E+00
   101  4.04000000E+01  1.19016902E+00  9.99891893E-01  1.19016902E+00
   102  4.08000000E+01  1.19068347E+00  9.99913895E-01  1.19068347E+00
   103  4.12000000E+01  1.19118037E+00  9.99940288E-01  1.19118037E+00
   104  4.16000000E+01  1.19166369E+00  9.99971600E-01  1.19166369E+00
   105  4.20000000E+01  1.19213290E+00  1.00000841E+00  1.19213290E+00
   106  4.24000000E+01  1.19258656E+00  1.00005135E+00  1.19258656E+00
   107  4.28000000E+01  1.19302918E+00  1.00010111E+00  1.19302918E+00
   108  4.32000000E+01  1.19345463E+00  1.00015844E+00  1.19345463E+00
   109  4.36000000E+01  1.19387157E+00  1.00022416E+00  1.19387157E+00
   110  4.40000000E+01  1.19427018E+00  1.00029915E+00  1.19427018E+00
   111  4.44000000E+01  1.19466313E+00  1.00038439E+00  1.19466313E+00
   112  4.48000000E+01  1.19503613E+00  1.00048092E+00  1.19503613E+00
   113  4.52000000E+01  1.19540645E+00  1.00058986E+00  1.19540645E+00
   114  4.56000000E+01  1.19575700E+00  1.00071245E+00  1.19575700E+00
   115  4.60000000E+01  1.19610349E+00  1.00085001E+00  1.19610349E+00
   116  4.64000000E+01  1.19643305E+00  1.00100395E+00  1.19643305E+00
   117  4.68000000E+01  1.19675628E+00  1.00117580E+00  1.19675628E+00
   118  4.72000000E+01  1.19706587E+00  1.00136723E+00  1.19706587E+00
   119  4.76000000E+01  1.19736691E+00  1.00157999E+00  1.19736691E+00
   120  4.80000000E+01  1.19765759E+00  1.00181597E+00  1.19765759E+00
   121  4.84000000E+01  1.19793754E+00  1.00207720E+00  1.19793754E+00
   122  4.88000000E+01  1.19821077E+00  1.00236585E+00  1.19821077E+00
   123  4.92000000E+01  1.19847072E+00  1.00268423E+00  1.19847072E+00
   124  4.96000000E+01  1.19872742E+00  1.00303478E+00  1.19872742E+00
   125  5.00000000E+01  1.19896951E+00  1.00342012E+00  1.19896951E+00
   126  5.04000000E+01  1.19920893E+00  1.00384301E+00  1.19920893E+00
   127  5.08000000E+01  1.19943554E+00  1.00430637E+00  1.19943554E+00
   128  5.12000000E+01  1.19965721E+00  1.00481330E+00  1.19965721E+00
   129  5.16000000E+01  1.19986959E+00  1.00536703E+00  1.19986959E+00
   130  5.20000000E+01  1.20007457E+00  1.00597099E+00  1.20007457E+00
   131  5.24000000E+01  1.20027332E+00  1.00662874E+00  1.20027332E+00
   132  5.28000000E+01  1.20046260E+00  1.00734401E+00  1.20046260E+00
   133  5.32000000E+01  1.20064842E+00  1.00812067E+00  1.20064842E+00
   134  5.36000000E+01  1.20082331E+00  1.00896276E+00  1.20082331E+00
   135  5.40000000E+01  1.20099654E+00  1.00987441E+00  1.20099654E+00
   136  5.44000000E+01  1.20116002E+00  1.01085990E+00  1.20116002E+00
   137  5.48000000E+01  1.20131946E+00  1.01192358E+00  1.20131946E+00
   138  5.52000000E+01  1.20147194E+00  1.01306989E+00  1.20147194E+00
   139  5.56000000E+01  1.20161843E+00  1.01430331E+00  1.20161843E+00
   140  5.60000000E+01  1.20176072E+00  1.01562837E+00  1.20176072E+00
   141  5.64000000E+01  1.20189507E+00  1.01704953E+00  1.20189507E+00
   142  5.68000000E+01  1.20202797E+00  1.01857123E+00  1.20202797E+00
   143  5.72000000E+01  1.20215275E+00  1.02019779E+00  1.20215275E+00
   144  5.76000000E+01  1.20227474E+00  1.02193339E+00  1.20227474E+00
   145  5.80000000E+01  1.20239079E+00  1.02378199E+00  1.20239079E+00
   146  5.84000000E+01  1.20250221E+00  1.02574727E+00  1.20250221E+00
   147  5.88000000E+01  1.20261019E+00  1.02783257E+00  1.20261019E+00
   148  5.92000000E+01  1.20271176E+00  1.03004085E+00  1.20271176E+00
   149  5.96000000E+01  1.20281214E+00  1.03237454E+00  1.20281214E+00
   150  6.00000000E+01  1.20290616E+00  1.03483553E+00  1.20290616E+00
   151  6.04000000E+01  1.20299775E+00  1.03742506E+00  1.20299775E+00
   152  6.08000000E+01  1.20308505E+00  1.04014366E+00  1.20308505E+00
   153  6.12000000E+01  1.20316815E+00  1.04299104E+00  1.20316815E+00
   154  6.16000000E+01  1.20324928E+00  1.04596602E+00  1.20324928E+00
   155  6.20000000E+01  1.20332512E+00  1.04906647E+00  1.20332512E+00
   156  6.24000000E+01  1.20339965E+00  1.05228924E+00  1.20339965E+00
   157  6.28000000E+01  1.20346996E+00  1.05563009E+00  1.20346996E+00
   158  6.32000000E+01  1.20353723E+00  1.05908365E+00  1.20353723E+00
   159  6.36000000E+01  1.20360243E+00  1.06264335E+00  1.20360243E+00
   160  6.40000000E+01  1.20366333E+00  1.06630147E+00  1.20366333E+00
   161  6.44000000E+01  1.20372329E+00  1.07004905E+00  1.20372329E+00
   162  6.48000000E+01  1.20377946E+00  1.07387598E+00  1.20377946E+00
   163  6.52000000E+01  1.20383324E+00  1.07777097E+00  1.20383324E+00
   164  6.56000000E+01  1.20388514E+00  1.08172165E+00  1.20388514E+00
   165  6.60000000E+01  1.20393355E+00  1.08571465E+00  1.20393355E+00
   166  6.64000000E+01  1.20398113E+00  1.08973568E+00  1.20398113E+00
   167  6.68000000E+01  1.20402578E+00  1.09376968E+00  1.20402578E+00
   168  6.72000000E+01  1.20406813E+00  1.09780098E+00  1.20406813E+00
   169  6.76000000E+01  1.20410924E+00  1.10181347E+00  1.20410924E+00
   170  6.80000000E+01  1.20414747E+00  1.10579081E+00  1.20414747E+00
   171  6.84000000E+01  1.20418459E+00  1.10971666E+00  1.20418459E+00
   172  6.88000000E+01  1.20421970E+00  1.11357493E+00  1.20421970E+00
   173  6.92000000E+01  1.20425243E+00  1.11735004E+00  1.20425243E+00
   174  6.96000000E+01  1.20428474E+00  1.12102719E+00  1.20428474E+00
   175  7.00000000E+01  1.20431477E+00  1.12459265E+00  1.20431477E+00
   176  7.04000000E+01  1.20434312E+00  1.12803408E+00  1.20434312E+00
   177  7.08000000E+01  1.20437067E+00  1.13134073E+00  1.20437067E+00
   178  7.12000000E+01  1.20439619E+00  1.13450382E+00  1.20439619E+00
   179  7.16000000E+01  1.20442056E+00  1.13751669E+00  1.20442056E+00
   180  7.20000000E+01  1.20444394E+00  1.14037505E+00  1.20444394E+00
   181  7.24000000E+01  1.20446561E+00  1.14307716E+00  1.20446561E+00
   182  7.28000000E+01  1.20448638E+00  1.14562389E+00  1.20448638E+00
   183  7.32000000E+01  1.20450617E+00  1.14801880E+00  1.20450617E+00
   184  7.36000000E+01  1.20452445E+00  1.15026804E+00  1.20452445E+00
   185  7.40000000E+01  1.20454197E+00  1.15238025E+00  1.20454197E+00
   186  7.44000000E+01  1.20455863E+00  1.15436628E+00  1.20455863E+00
   187  7.48000000E+01  1.20457402E+00  1.15623887E+00  1.20457402E+00
   188  7.52000000E+01  1.20458860E+00  1.15801218E+00  1.20458860E+00
   189  7.56000000E+01  1.20460260E+00  1.15970130E+00  1.20460260E+00
   190  7.60000000E+01  1.20461547E+00  1.16132162E+00  1.20461547E+00
   191  7.64000000E+01  1.20462741E+00  1.16288821E+00  1.20462741E+00
   192  7.68000000E+01  1.20463909E+00  1.16441518E+00  1.20463909E+00
   193  7.72000000E+01  1.20464987E+00  1.16591506E+00  1.20464987E+00
   194  7.76000000E+01  1.20465979E+00  1.16739827E+00  1.20465979E+00
   195  7.80000000E+01  1.20466919E+00  1.16887269E+00  1.20466919E+00
   196  7.84000000E+01  1.20467809E+00  1.17034336E+00  1.20467809E+00
   197  7.88000000E+01  1.20468627E+00  1.17181242E+00  1.20468627E+00
   198  7.92000000E+01  1.20469378E+00  1.17327915E+00  1.20469378E+00
   199  7.96000000E+01  1.20470092E+00  1.17474024E+00  1.20470092E+00
   200  8.00000000E+01  1.20470766E+00  1.17619028E+00  1.20470766E+00
   201  8.04000000E+01  1.20471382E+00  1.17762229E+00  1.20471382E+00
   202  8.08000000E+01  1.20471946E+00  1.17902842E+00  1.20471946E+00
   203  8.12000000E+01  1.20472460E+00  1.18040064E+00  1.20472460E+00
   204  8.16000000E+01  1.20472959E+00  1.18173142E+00  1.20472959E+00
   205  8.20000000E+01  1.20473416E+00  1.18301429E+00  1.20473416E+00
   206  8.24000000E+01  1.20473834E+00  1.18424430E+00  1.20473834E+00
   207  8.28000000E+01  1.20474216E+00  1.18541828E+00  1.20474216E+00
   208  8.32000000E+01  1.20474562E+00  1.18653487E+00  1.20474562E+00
   209  8.36000000E+01  1.20474879E+00  1.18759447E+00  1.20474879E+00
   210  8.40000000E+01  1.20475180E+00  1.18859891E+00  1.20475180E+00
   211  8.44000000E+01  1.20475456E+00  1.18955111E+00  1.20475456E+00
   212  8.48000000E+01  1.20475707E+00  1.19045458E+00  1.20475707E+00
   213  8.52000000E+01  1.20475933E+00  1.19131308E+00  1.20475933E+00
   214  8.56000000E+01  1.20476139E+00  1.19213014E+00  1.20476139E+00
   215  8.60000000E+01  1.20476324E+00  1.19290883E+00  1.20476324E+00
   216  8.64000000E+01  1.20476493E+00  1.19365160E+00  1.20476493E+00
   217  8.68000000E+01  1.20476644E+00  1.19436021E+00  1.20476644E+00
   218  8.72000000E+01  1.20476783E+00  1.19503582E+00  1.20476783E+00
   219  8.76000000E+01  1.20476907E+00  1.19567912E+00  1.20476907E+00
   220  8.80000000E+01  1.20477021E+00  1.19629055E+00  1.20477021E+00
   221  8.84000000E+01  1.20477122E+00  1.19687043E+00  1.20477122E+00
   222  8.88000000E+01  1.20477214E+00  1.19741920E+00  1.20477214E+00
   223  8.92000000E+01  1.20477296E+00  1.19793744E+00  1.20477296E+00
   224  8.96000000E+01  1.20477371E+00  1.19842601E+00  1.20477371E+00
   225  9.00000000E+01  1.20477438E+00  1.19888594E+00  1.20477438E+00
   226  9.04000000E+01  1.20477499E+00  1.19931846E+00  1.20477499E+00
   227  9.08000000E+01  1.20477553E+00  1.19972489E+00  1.20477553E+00
   228  9.12000000E+01  1.20477602E+00  1.20010656E+00  1.20477602E+00
   229  9.16000000E+01  1.20477646E+00  1.20046475E+00  1.20477646E+00
   230  9.20000000E+01  1.20477687E+00  1.20080067E+00  1.20477687E+00
   231  9.24000000E+01  1.20477722E+00  1.20111541E+00  1.20477722E+00
   232  9.28000000E+01  1.20477754E+00  1.20141001E+00  1.20477754E+00
   233  9.32000000E+01  1.20477783E+00  1.20168540E+00  1.20477783E+00
   234  9.36000000E+01  1.20477810E+00  1.20194253E+00  1.20477810E+00
   235  9.40000000E+01  1.20477833E+00  1.20218230E+00  1.20477833E+00
   236  9.44000000E+01  1.20477859E+00  1.20240564E+00  1.20477859E+00
   237  9.48000000E+01  1.20477886E+00  1.20261345E+00  1.20477886E+00
   238  9.52000000E+01  1.20477909E+00  1.20280663E+00  1.20477909E+00
   239  9.56000000E+01  1.20477931E+00  1.20298603E+00  1.20477931E+00
   240  9.60000000E+01  1.20477950E+00  1.20315245E+00  1.20477950E+00
   241  9.64000000E+01  1.20477970E+00  1.20330664E+00  1.20477970E+00
   242  9.68000000E+01  1.20477986E+00  1.20344929E+00  1.20477986E+00
   243  9.72000000E+01  1.20478002E+00  1.20358103E+00  1.20478002E+00
   244  9.76000000E+01  1.20478016E+00  1.20370248E+00  1.20478016E+00
   245  9.80000000E+01  1.20478031E+00  1.20381421E+00  1.20478031E+00
   246  9.84000000E+01  1.20478052E+00  1.20391679E+00  1.20478052E+00
   247  9.88000000E+01  1.20478070E+00  1.20401080E+00  1.20478070E+00
   248  9.92000000E+01  1.20478088E+00  1.20409678E+00  1.20478088E+00
   249  9.96000000E+01  1.20478105E+00  1.20417529E+00  1.20478105E+00
   250  1.00000000E+02  1.20478122E+00  1.20424685E+00  1.20478122E+00
   251  1.00400000E+02  1.20478137E+00  1.20431196E+00  1.20478137E+00
   252  1.00800000E+02  1.20478152E+00  1.20437108E+00  1.20478152E+00
   253  1.01200000E+02  1.20478165E+00  1.20442463E+00  1.20478165E+00
   254  1.01600000E+02  1.20478183E+00  1.20447300E+00  1.20478183E+00
   255  1.02000000E+02  1.20478205E+00  1.20451653E+00  1.20478205E+00
   256  1.02400000E+02  1.20478225E+00  1.20455557E+00  1.20478225E+00
   257  1.02800000E+02  1.20478246E+00  1.20459042E+00  1.20478246E+00
   258  1.03200000E+02  1.20478265E+00  1.20462140E+00  1.20478265E+00
   259  1.03600000E+02  1.20478285E+00  1.20464880E+00  1.20478285E+00
   260  1.04000000E+02  1.20478304E+00  1.20467289E+00  1.20478304E+00
   261  1.04400000E+02  1.20478324E+00  1.20469396E+00  1.20478324E+00
   262  1.04800000E+02  1.20478348E+00  1.20471225E+00  1.20478348E+00
   263  1.05200000E+02  1.20478377E+00  1.20472800E+00  1.20478377E+00
   264  1.05600000E+02  1.20478406E+00  1.20474143E+00  1.20478406E+00
   265  1.06000000E+02  1.20478435E+00  1.20475274E+00  1.20478435E+00
   266  1.06400000E+02  1.20478466E+00  1.20476212E+00  1.20478466E+00
   267  1.06800000E+02  1.20478495E+00  1.20476972E+00  1.20478495E+00
   268  1.07200000E+02  1.20478527E+00  1.20477573E+00  1.20478527E+00
   269  1.07600000E+02  1.20478557E+00  1.20478027E+00  1.20478557E+00
   270  1.08000000E+02  1.20478593E+00  1.20478350E+00  1.20478593E+00
   271  1.08400000E+02  1.20478632E+00  1.20478555E+00  1.20478632E+00
   272  1.08800000E+02  1.20478654E+00  1.20478654E+00  1.20478654E+00
   273  1.09200000E+02  1.20478658E+00  1.20478658E+00  1.20478658E+00
   274  1.09600000E+02  1.20478578E+00  1.20478578E+00  1.20478578E+00
 steady-height stop at step    274: rounded to 4 decimals, rounded max/end/ratio =      12048     12048     12048, max/end/ratio =   1.20478578E+00  1.20478578E+00  1.20478578E+00
