 comppar: model =   3
 comppar: lambda,mobility/eps,betav,eta_0 =  9.0000E+00  1.0000E-02  7.0000E-01  1.0000E+00
 comppar: eta_s,eta_p,G =  7.0000E-01  3.0000E-01  3.3333E-02
 comppar: U_avg,deltat,flowrate,nsteps =  1.0000E-01  4.0000E-01  3.1416E-01    1000
 comppar: geometry = axisymmetric
 comppar: steady stop change,gap,hold,min =  1.0000E-05  2.0000E-04      10      80
 comppar: steady stop rounded decimals =       4
 comppar: ncompc,ncompg =     4     5
 mesh nnodes = 22999
 mesh nelem = 11296
 P1 BC   5.0000000000000000     
 P2 BC   0.0000000000000000     
     1  4.00000000E-01  1.00503928E+00  1.00000000E+00  1.00503928E+00
     2  8.00000000E-01  1.00992003E+00  1.00000000E+00  1.00992003E+00
     3  1.20000000E+00  1.01464551E+00  1.00000000E+00  1.01464551E+00
     4  1.60000000E+00  1.01923185E+00  1.00000000E+00  1.01923185E+00
     5  2.00000000E+00  1.02368600E+00  1.00000000E+00  1.02368600E+00
     6  2.40000000E+00  1.02801883E+00  1.00000000E+00  1.02801883E+00
     7  2.80000000E+00  1.03224116E+00  1.00000000E+00  1.03224116E+00
     8  3.20000000E+00  1.03636161E+00  1.00000000E+00  1.03636161E+00
     9  3.60000000E+00  1.04039443E+00  1.00000000E+00  1.04039443E+00
    10  4.00000000E+00  1.04434935E+00  1.00000000E+00  1.04434935E+00
    11  4.40000000E+00  1.04822915E+00  9.99999997E-01  1.04822915E+00
    12  4.80000000E+00  1.05205328E+00  9.99999992E-01  1.05205328E+00
    13  5.20000000E+00  1.05582476E+00  9.99999984E-01  1.05582476E+00
    14  5.60000000E+00  1.05954563E+00  9.99999974E-01  1.05954563E+00
    15  6.00000000E+00  1.06322696E+00  9.99999961E-01  1.06322696E+00
    16  6.40000000E+00  1.06688690E+00  9.99999945E-01  1.06688690E+00
    17  6.80000000E+00  1.07052056E+00  9.99999924E-01  1.07052056E+00
    18  7.20000000E+00  1.07413064E+00  9.99999899E-01  1.07413064E+00
    19  7.60000000E+00  1.07772452E+00  9.99999869E-01  1.07772452E+00
    20  8.00000000E+00  1.08130206E+00  9.99999834E-01  1.08130206E+00
    21  8.40000000E+00  1.08487400E+00  9.99999791E-01  1.08487400E+00
    22  8.80000000E+00  1.08845547E+00  9.99999742E-01  1.08845547E+00
    23  9.20000000E+00  1.09202919E+00  9.99999686E-01  1.09202919E+00
    24  9.60000000E+00  1.09559152E+00  9.99999620E-01  1.09559152E+00
    25  1.00000000E+01  1.09914501E+00  9.99999546E-01  1.09914501E+00
    26  1.04000000E+01  1.10273624E+00  9.99999461E-01  1.10273624E+00
    27  1.08000000E+01  1.10631113E+00  9.99999365E-01  1.10631113E+00
    28  1.12000000E+01  1.10989700E+00  9.99999257E-01  1.10989700E+00
    29  1.16000000E+01  1.11350375E+00  9.99999137E-01  1.11350375E+00
    30  1.20000000E+01  1.11710998E+00  9.99999002E-01  1.11710998E+00
    31  1.24000000E+01  1.12074610E+00  9.99998853E-01  1.12074610E+00
    32  1.28000000E+01  1.12439505E+00  9.99998687E-01  1.12439505E+00
    33  1.32000000E+01  1.12804440E+00  9.99998504E-01  1.12804440E+00
    34  1.36000000E+01  1.13175751E+00  9.99998303E-01  1.13175751E+00
    35  1.40000000E+01  1.13548124E+00  9.99998082E-01  1.13548124E+00
    36  1.44000000E+01  1.13922742E+00  9.99997839E-01  1.13922742E+00
    37  1.48000000E+01  1.14300520E+00  9.99997575E-01  1.14300520E+00
    38  1.52000000E+01  1.14682888E+00  9.99997286E-01  1.14682888E+00
    39  1.56000000E+01  1.15069956E+00  9.99996972E-01  1.15069956E+00
    40  1.60000000E+01  1.15460548E+00  9.99996631E-01  1.15460548E+00
    41  1.64000000E+01  1.15854325E+00  9.99996261E-01  1.15854325E+00
    42  1.68000000E+01  1.16250523E+00  9.99995861E-01  1.16250523E+00
    43  1.72000000E+01  1.16647989E+00  9.99995428E-01  1.16647989E+00
    44  1.76000000E+01  1.17045256E+00  9.99994962E-01  1.17045256E+00
    45  1.80000000E+01  1.17446380E+00  9.99994460E-01  1.17446380E+00
    46  1.84000000E+01  1.17845712E+00  9.99993919E-01  1.17845712E+00
    47  1.88000000E+01  1.18241397E+00  9.99993339E-01  1.18241397E+00
    48  1.92000000E+01  1.18640254E+00  9.99992716E-01  1.18640254E+00
    49  1.96000000E+01  1.19034473E+00  9.99992049E-01  1.19034473E+00
    50  2.00000000E+01  1.19422907E+00  9.99991334E-01  1.19422907E+00
    51  2.04000000E+01  1.19813987E+00  9.99990571E-01  1.19813987E+00
    52  2.08000000E+01  1.20197198E+00  9.99989755E-01  1.20197198E+00
    53  2.12000000E+01  1.20577354E+00  9.99988885E-01  1.20577354E+00
    54  2.16000000E+01  1.20955224E+00  9.99987958E-01  1.20955224E+00
    55  2.20000000E+01  1.21324634E+00  9.99986970E-01  1.21324634E+00
    56  2.24000000E+01  1.21696594E+00  9.99985920E-01  1.21696594E+00
    57  2.28000000E+01  1.22059356E+00  9.99984803E-01  1.22059356E+00
    58  2.32000000E+01  1.22422358E+00  9.99983618E-01  1.22422358E+00
    59  2.36000000E+01  1.22779028E+00  9.99982360E-01  1.22779028E+00
    60  2.40000000E+01  1.23131586E+00  9.99981027E-01  1.23131586E+00
    61  2.44000000E+01  1.23482384E+00  9.99979615E-01  1.23482384E+00
    62  2.48000000E+01  1.23825326E+00  9.99978120E-01  1.23825326E+00
    63  2.52000000E+01  1.24167523E+00  9.99976540E-01  1.24167523E+00
    64  2.56000000E+01  1.24505351E+00  9.99974870E-01  1.24505351E+00
    65  2.60000000E+01  1.24836758E+00  9.99973107E-01  1.24836758E+00
    66  2.64000000E+01  1.25167245E+00  9.99971247E-01  1.25167245E+00
    67  2.68000000E+01  1.25494251E+00  9.99969286E-01  1.25494251E+00
    68  2.72000000E+01  1.25815626E+00  9.99967220E-01  1.25815626E+00
    69  2.76000000E+01  1.26133790E+00  9.99965046E-01  1.26133790E+00
    70  2.80000000E+01  1.26450841E+00  9.99962759E-01  1.26450841E+00
    71  2.84000000E+01  1.26761986E+00  9.99960356E-01  1.26761986E+00
    72  2.88000000E+01  1.27069791E+00  9.99957832E-01  1.27069791E+00
    73  2.92000000E+01  1.27375797E+00  9.99955183E-01  1.27375797E+00
    74  2.96000000E+01  1.27674678E+00  9.99952405E-01  1.27674678E+00
    75  3.00000000E+01  1.27973219E+00  9.99949495E-01  1.27973219E+00
    76  3.04000000E+01  1.28265884E+00  9.99946448E-01  1.28265884E+00
    77  3.08000000E+01  1.28551424E+00  9.99943260E-01  1.28551424E+00
    78  3.12000000E+01  1.28837312E+00  9.99939928E-01  1.28837312E+00
    79  3.16000000E+01  1.29114128E+00  9.99936448E-01  1.29114128E+00
    80  3.20000000E+01  1.29388823E+00  9.99932816E-01  1.29388823E+00
    81  3.24000000E+01  1.29658137E+00  9.99929029E-01  1.29658137E+00
    82  3.28000000E+01  1.29921293E+00  9.99925083E-01  1.29921293E+00
    83  3.32000000E+01  1.30183062E+00  9.99920977E-01  1.30183062E+00
    84  3.36000000E+01  1.30435816E+00  9.99916706E-01  1.30435816E+00
    85  3.40000000E+01  1.30690014E+00  9.99912270E-01  1.30690014E+00
    86  3.44000000E+01  1.30934968E+00  9.99907665E-01  1.30934968E+00
    87  3.48000000E+01  1.31178808E+00  9.99902890E-01  1.31178808E+00
    88  3.52000000E+01  1.31416809E+00  9.99897945E-01  1.31416809E+00
    89  3.56000000E+01  1.31650085E+00  9.99892828E-01  1.31650085E+00
    90  3.60000000E+01  1.31881403E+00  9.99887539E-01  1.31881403E+00
    91  3.64000000E+01  1.32105003E+00  9.99882080E-01  1.32105003E+00
    92  3.68000000E+01  1.32329982E+00  9.99876451E-01  1.32329982E+00
    93  3.72000000E+01  1.32547765E+00  9.99870656E-01  1.32547765E+00
    94  3.76000000E+01  1.32762483E+00  9.99864697E-01  1.32762483E+00
    95  3.80000000E+01  1.32974719E+00  9.99858578E-01  1.32974719E+00
    96  3.84000000E+01  1.33180510E+00  9.99852305E-01  1.33180510E+00
    97  3.88000000E+01  1.33386159E+00  9.99845884E-01  1.33386159E+00
    98  3.92000000E+01  1.33586774E+00  9.99839323E-01  1.33586774E+00
    99  3.96000000E+01  1.33782359E+00  9.99832632E-01  1.33782359E+00
   100  4.00000000E+01  1.33977913E+00  9.99825821E-01  1.33977913E+00
   101  4.04000000E+01  1.34167257E+00  9.99818903E-01  1.34167257E+00
   102  4.08000000E+01  1.34354446E+00  9.99811892E-01  1.34354446E+00
   103  4.12000000E+01  1.34538645E+00  9.99804806E-01  1.34538645E+00
   104  4.16000000E+01  1.34716625E+00  9.99797663E-01  1.34716625E+00
   105  4.20000000E+01  1.34895691E+00  9.99790484E-01  1.34895691E+00
   106  4.24000000E+01  1.35068303E+00  9.99783294E-01  1.35068303E+00
   107  4.28000000E+01  1.35239138E+00  9.99776119E-01  1.35239138E+00
   108  4.32000000E+01  1.35406573E+00  9.99768989E-01  1.35406573E+00
   109  4.36000000E+01  1.35569628E+00  9.99761938E-01  1.35569628E+00
   110  4.40000000E+01  1.35731921E+00  9.99755001E-01  1.35731921E+00
   111  4.44000000E+01  1.35887878E+00  9.99748220E-01  1.35887878E+00
   112  4.48000000E+01  1.36043862E+00  9.99741640E-01  1.36043862E+00
   113  4.52000000E+01  1.36194926E+00  9.99735310E-01  1.36194926E+00
   114  4.56000000E+01  1.36342523E+00  9.99729284E-01  1.36342523E+00
   115  4.60000000E+01  1.36488814E+00  9.99723621E-01  1.36488814E+00
   116  4.64000000E+01  1.36629374E+00  9.99718386E-01  1.36629374E+00
   117  4.68000000E+01  1.36770778E+00  9.99713651E-01  1.36770778E+00
   118  4.72000000E+01  1.36906956E+00  9.99709491E-01  1.36906956E+00
   119  4.76000000E+01  1.37041426E+00  9.99705990E-01  1.37041426E+00
   120  4.80000000E+01  1.37173369E+00  9.99703241E-01  1.37173369E+00
   121  4.84000000E+01  1.37300760E+00  9.99701342E-01  1.37300760E+00
   122  4.88000000E+01  1.37428610E+00  9.99700400E-01  1.37428610E+00
   123  4.92000000E+01  1.37551534E+00  9.99700530E-01  1.37551534E+00
   124  4.96000000E+01  1.37672949E+00  9.99701860E-01  1.37672949E+00
   125  5.00000000E+01  1.37792050E+00  9.99704523E-01  1.37792050E+00
   126  5.04000000E+01  1.37906786E+00  9.99708666E-01  1.37906786E+00
   127  5.08000000E+01  1.38022142E+00  9.99714448E-01  1.38022142E+00
   128  5.12000000E+01  1.38132921E+00  9.99722037E-01  1.38132921E+00
   129  5.16000000E+01  1.38242127E+00  9.99731616E-01  1.38242127E+00
   130  5.20000000E+01  1.38349337E+00  9.99743381E-01  1.38349337E+00
   131  5.24000000E+01  1.38452532E+00  9.99757543E-01  1.38452532E+00
   132  5.28000000E+01  1.38556238E+00  9.99774329E-01  1.38556238E+00
   133  5.32000000E+01  1.38655613E+00  9.99793980E-01  1.38655613E+00
   134  5.36000000E+01  1.38753998E+00  9.99816756E-01  1.38753998E+00
   135  5.40000000E+01  1.38850032E+00  9.99842935E-01  1.38850032E+00
   136  5.44000000E+01  1.38942893E+00  9.99872815E-01  1.38942893E+00
   137  5.48000000E+01  1.39035672E+00  9.99906714E-01  1.39035672E+00
   138  5.52000000E+01  1.39124433E+00  9.99944970E-01  1.39124433E+00
   139  5.56000000E+01  1.39212861E+00  9.99987946E-01  1.39212861E+00
   140  5.60000000E+01  1.39298559E+00  1.00003603E+00  1.39298559E+00
   141  5.64000000E+01  1.39381853E+00  1.00008963E+00  1.39381853E+00
   142  5.68000000E+01  1.39464587E+00  1.00014919E+00  1.39464587E+00
   143  5.72000000E+01  1.39543675E+00  1.00021517E+00  1.39543675E+00
   144  5.76000000E+01  1.39622755E+00  1.00028807E+00  1.39622755E+00
   145  5.80000000E+01  1.39699079E+00  1.00036842E+00  1.39699079E+00
   146  5.84000000E+01  1.39773510E+00  1.00045678E+00  1.39773510E+00
   147  5.88000000E+01  1.39847157E+00  1.00055374E+00  1.39847157E+00
   148  5.92000000E+01  1.39917507E+00  1.00065993E+00  1.39917507E+00
   149  5.96000000E+01  1.39988194E+00  1.00077603E+00  1.39988194E+00
   150  6.00000000E+01  1.40056046E+00  1.00090275E+00  1.40056046E+00
   151  6.04000000E+01  1.40122417E+00  1.00104082E+00  1.40122417E+00
   152  6.08000000E+01  1.40187842E+00  1.00119105E+00  1.40187842E+00
   153  6.12000000E+01  1.40250263E+00  1.00135428E+00  1.40250263E+00
   154  6.16000000E+01  1.40313129E+00  1.00153140E+00  1.40313129E+00
   155  6.20000000E+01  1.40373279E+00  1.00172333E+00  1.40373279E+00
   156  6.24000000E+01  1.40432177E+00  1.00193107E+00  1.40432177E+00
   157  6.28000000E+01  1.40490120E+00  1.00215565E+00  1.40490120E+00
   158  6.32000000E+01  1.40545321E+00  1.00239818E+00  1.40545321E+00
   159  6.36000000E+01  1.40601068E+00  1.00265981E+00  1.40601068E+00
   160  6.40000000E+01  1.40654208E+00  1.00294175E+00  1.40654208E+00
   161  6.44000000E+01  1.40706470E+00  1.00324527E+00  1.40706470E+00
   162  6.48000000E+01  1.40757613E+00  1.00357172E+00  1.40757613E+00
   163  6.52000000E+01  1.40806533E+00  1.00392250E+00  1.40806533E+00
   164  6.56000000E+01  1.40855742E+00  1.00429907E+00  1.40855742E+00
   165  6.60000000E+01  1.40902545E+00  1.00470299E+00  1.40902545E+00
   166  6.64000000E+01  1.40948720E+00  1.00513584E+00  1.40948720E+00
   167  6.68000000E+01  1.40993728E+00  1.00559933E+00  1.40993728E+00
   168  6.72000000E+01  1.41036743E+00  1.00609520E+00  1.41036743E+00
   169  6.76000000E+01  1.41080016E+00  1.00662528E+00  1.41080016E+00
   170  6.80000000E+01  1.41121129E+00  1.00719148E+00  1.41121129E+00
   171  6.84000000E+01  1.41161708E+00  1.00779576E+00  1.41161708E+00
   172  6.88000000E+01  1.41201214E+00  1.00844019E+00  1.41201214E+00
   173  6.92000000E+01  1.41238982E+00  1.00912689E+00  1.41238982E+00
   174  6.96000000E+01  1.41276937E+00  1.00985805E+00  1.41276937E+00
   175  7.00000000E+01  1.41312956E+00  1.01063596E+00  1.41312956E+00
   176  7.04000000E+01  1.41348488E+00  1.01146295E+00  1.41348488E+00
   177  7.08000000E+01  1.41383071E+00  1.01234143E+00  1.41383071E+00
   178  7.12000000E+01  1.41416053E+00  1.01327388E+00  1.41416053E+00
   179  7.16000000E+01  1.41449250E+00  1.01426282E+00  1.41449250E+00
   180  7.20000000E+01  1.41480714E+00  1.01531086E+00  1.41480714E+00
   181  7.24000000E+01  1.41511695E+00  1.01642062E+00  1.41511695E+00
   182  7.28000000E+01  1.41541878E+00  1.01759478E+00  1.41541878E+00
   183  7.32000000E+01  1.41570558E+00  1.01883607E+00  1.41570558E+00
   184  7.36000000E+01  1.41599505E+00  1.02014723E+00  1.41599505E+00
   185  7.40000000E+01  1.41626905E+00  1.02153100E+00  1.41626905E+00
   186  7.44000000E+01  1.41653795E+00  1.02299015E+00  1.41653795E+00
   187  7.48000000E+01  1.41680056E+00  1.02452744E+00  1.41680056E+00
   188  7.52000000E+01  1.41704916E+00  1.02614560E+00  1.41704916E+00
   189  7.56000000E+01  1.41730080E+00  1.02784732E+00  1.41730080E+00
   190  7.60000000E+01  1.41753869E+00  1.02963524E+00  1.41753869E+00
   191  7.64000000E+01  1.41777100E+00  1.03151193E+00  1.41777100E+00
   192  7.68000000E+01  1.41799881E+00  1.03347988E+00  1.41799881E+00
   193  7.72000000E+01  1.41821397E+00  1.03554145E+00  1.41821397E+00
   194  7.76000000E+01  1.41843055E+00  1.03769890E+00  1.41843055E+00
   195  7.80000000E+01  1.41863647E+00  1.03995431E+00  1.41863647E+00
   196  7.84000000E+01  1.41883551E+00  1.04230959E+00  1.41883551E+00
   197  7.88000000E+01  1.41903253E+00  1.04476648E+00  1.41903253E+00
   198  7.92000000E+01  1.41921838E+00  1.04732646E+00  1.41921838E+00
   199  7.96000000E+01  1.41940351E+00  1.04999078E+00  1.41940351E+00
   200  8.00000000E+01  1.41958122E+00  1.05276045E+00  1.41958122E+00
   201  8.04000000E+01  1.41975067E+00  1.05563614E+00  1.41975067E+00
   202  8.08000000E+01  1.41992054E+00  1.05861826E+00  1.41992054E+00
   203  8.12000000E+01  1.42008057E+00  1.06170685E+00  1.42008057E+00
   204  8.16000000E+01  1.42023767E+00  1.06490161E+00  1.42023767E+00
   205  8.20000000E+01  1.42039054E+00  1.06820187E+00  1.42039054E+00
   206  8.24000000E+01  1.42053442E+00  1.07160659E+00  1.42053442E+00
   207  8.28000000E+01  1.42067994E+00  1.07511433E+00  1.42067994E+00
   208  8.32000000E+01  1.42081729E+00  1.07872324E+00  1.42081729E+00
   209  8.36000000E+01  1.42094964E+00  1.08243106E+00  1.42094964E+00
   210  8.40000000E+01  1.42108071E+00  1.08623515E+00  1.42108071E+00
   211  8.44000000E+01  1.42120390E+00  1.09013243E+00  1.42120390E+00
   212  8.48000000E+01  1.42132591E+00  1.09411944E+00  1.42132591E+00
   213  8.52000000E+01  1.42144339E+00  1.09819235E+00  1.42144339E+00
   214  8.56000000E+01  1.42155391E+00  1.10234696E+00  1.42155391E+00
   215  8.60000000E+01  1.42166592E+00  1.10657870E+00  1.42166592E+00
   216  8.64000000E+01  1.42177104E+00  1.11088273E+00  1.42177104E+00
   217  8.68000000E+01  1.42187223E+00  1.11525389E+00  1.42187223E+00
   218  8.72000000E+01  1.42197237E+00  1.11968681E+00  1.42197237E+00
   219  8.76000000E+01  1.42206625E+00  1.12417589E+00  1.42206625E+00
   220  8.80000000E+01  1.42215851E+00  1.12871539E+00  1.42215851E+00
   221  8.84000000E+01  1.42224788E+00  1.13329947E+00  1.42224788E+00
   222  8.88000000E+01  1.42233158E+00  1.13792222E+00  1.42233158E+00
   223  8.92000000E+01  1.42241556E+00  1.14257774E+00  1.42241556E+00
   224  8.96000000E+01  1.42249516E+00  1.14726020E+00  1.42249516E+00
   225  9.00000000E+01  1.42257011E+00  1.15196388E+00  1.42257011E+00
   226  9.04000000E+01  1.42264580E+00  1.15668326E+00  1.42264580E+00
   227  9.08000000E+01  1.42271657E+00  1.16141302E+00  1.42271657E+00
   228  9.12000000E+01  1.42278422E+00  1.16614816E+00  1.42278422E+00
   229  9.16000000E+01  1.42285145E+00  1.17088402E+00  1.42285145E+00
   230  9.20000000E+01  1.42291422E+00  1.17561635E+00  1.42291422E+00
   231  9.24000000E+01  1.42297499E+00  1.18034132E+00  1.42297499E+00
   232  9.28000000E+01  1.42303458E+00  1.18505557E+00  1.42303458E+00
   233  9.32000000E+01  1.42309014E+00  1.18975628E+00  1.42309014E+00
   234  9.36000000E+01  1.42314441E+00  1.19444111E+00  1.42314441E+00
   235  9.40000000E+01  1.42319709E+00  1.19910829E+00  1.42319709E+00
   236  9.44000000E+01  1.42324614E+00  1.20375655E+00  1.42324614E+00
   237  9.48000000E+01  1.42329434E+00  1.20838513E+00  1.42329434E+00
   238  9.52000000E+01  1.42334080E+00  1.21299376E+00  1.42334080E+00
   239  9.56000000E+01  1.42338401E+00  1.21758258E+00  1.42338401E+00
   240  9.60000000E+01  1.42342658E+00  1.22215209E+00  1.42342658E+00
   241  9.64000000E+01  1.42346746E+00  1.22670309E+00  1.42346746E+00
   242  9.68000000E+01  1.42350540E+00  1.23123656E+00  1.42350540E+00
   243  9.72000000E+01  1.42354271E+00  1.23575356E+00  1.42354271E+00
   244  9.76000000E+01  1.42357856E+00  1.24025512E+00  1.42357856E+00
   245  9.80000000E+01  1.42361179E+00  1.24474211E+00  1.42361179E+00
   246  9.84000000E+01  1.42364407E+00  1.24921512E+00  1.42364407E+00
   247  9.88000000E+01  1.42367543E+00  1.25367433E+00  1.42367543E+00
   248  9.92000000E+01  1.42370442E+00  1.25811938E+00  1.42370442E+00
   249  9.96000000E+01  1.42373205E+00  1.26254927E+00  1.42373205E+00
   250  1.00000000E+02  1.42375937E+00  1.26696225E+00  1.42375937E+00
   251  1.00400000E+02  1.42378459E+00  1.27135579E+00  1.42378459E+00
   252  1.00800000E+02  1.42380790E+00  1.27572650E+00  1.42380790E+00
   253  1.01200000E+02  1.42383162E+00  1.28007017E+00  1.42383162E+00
   254  1.01600000E+02  1.42385346E+00  1.28438177E+00  1.42385346E+00
   255  1.02000000E+02  1.42387354E+00  1.28865555E+00  1.42387354E+00
   256  1.02400000E+02  1.42389326E+00  1.29288514E+00  1.42389326E+00
   257  1.02800000E+02  1.42391209E+00  1.29706375E+00  1.42391209E+00
   258  1.03200000E+02  1.42392936E+00  1.30118432E+00  1.42392936E+00
   259  1.03600000E+02  1.42394521E+00  1.30523978E+00  1.42394521E+00
   260  1.04000000E+02  1.42396137E+00  1.30922329E+00  1.42396137E+00
   261  1.04400000E+02  1.42397614E+00  1.31312846E+00  1.42397614E+00
   262  1.04800000E+02  1.42398960E+00  1.31694964E+00  1.42398960E+00
   263  1.05200000E+02  1.42400225E+00  1.32068210E+00  1.42400225E+00
   264  1.05600000E+02  1.42401480E+00  1.32432222E+00  1.42401480E+00
   265  1.06000000E+02  1.42402620E+00  1.32786763E+00  1.42402620E+00
   266  1.06400000E+02  1.42403653E+00  1.33131723E+00  1.42403653E+00
   267  1.06800000E+02  1.42404611E+00  1.33467121E+00  1.42404611E+00
   268  1.07200000E+02  1.42405568E+00  1.33793095E+00  1.42405568E+00
   269  1.07600000E+02  1.42406432E+00  1.34109884E+00  1.42406432E+00
   270  1.08000000E+02  1.42407208E+00  1.34417804E+00  1.42407208E+00
   271  1.08400000E+02  1.42407902E+00  1.34717218E+00  1.42407902E+00
   272  1.08800000E+02  1.42408595E+00  1.35008508E+00  1.42408595E+00
   273  1.09200000E+02  1.42409233E+00  1.35292039E+00  1.42409233E+00
   274  1.09600000E+02  1.42409798E+00  1.35568130E+00  1.42409798E+00
   275  1.10000000E+02  1.42410298E+00  1.35837027E+00  1.42410298E+00
   276  1.10400000E+02  1.42410737E+00  1.36098891E+00  1.42410737E+00
   277  1.10800000E+02  1.42411173E+00  1.36353782E+00  1.42411173E+00
   278  1.11200000E+02  1.42411569E+00  1.36601668E+00  1.42411569E+00
   279  1.11600000E+02  1.42411912E+00  1.36842434E+00  1.42411912E+00
   280  1.12000000E+02  1.42412206E+00  1.37075905E+00  1.42412206E+00
   281  1.12400000E+02  1.42412456E+00  1.37301877E+00  1.42412456E+00
   282  1.12800000E+02  1.42412663E+00  1.37520148E+00  1.42412663E+00
   283  1.13200000E+02  1.42412862E+00  1.37730554E+00  1.42412862E+00
   284  1.13600000E+02  1.42413042E+00  1.37932997E+00  1.42413042E+00
   285  1.14000000E+02  1.42413185E+00  1.38127475E+00  1.42413185E+00
   286  1.14400000E+02  1.42413297E+00  1.38314086E+00  1.42413297E+00
   287  1.14800000E+02  1.42413378E+00  1.38493040E+00  1.42413378E+00
   288  1.15200000E+02  1.42413433E+00  1.38664641E+00  1.42413433E+00
   289  1.15600000E+02  1.42413463E+00  1.38829275E+00  1.42413463E+00
   290  1.16000000E+02  1.42413471E+00  1.38987371E+00  1.42413471E+00
   291  1.16400000E+02  1.42413459E+00  1.39139376E+00  1.42413459E+00
   292  1.16800000E+02  1.42413445E+00  1.39285717E+00  1.42413445E+00
   293  1.17200000E+02  1.42413419E+00  1.39426768E+00  1.42413419E+00
   294  1.17600000E+02  1.42413376E+00  1.39562833E+00  1.42413376E+00
   295  1.18000000E+02  1.42413319E+00  1.39694129E+00  1.42413319E+00
   296  1.18400000E+02  1.42413248E+00  1.39820787E+00  1.42413248E+00
   297  1.18800000E+02  1.42413165E+00  1.39942862E+00  1.42413165E+00
   298  1.19200000E+02  1.42413072E+00  1.40060352E+00  1.42413072E+00
   299  1.19600000E+02  1.42412970E+00  1.40173223E+00  1.42412970E+00
   300  1.20000000E+02  1.42412860E+00  1.40281440E+00  1.42412860E+00
   301  1.20400000E+02  1.42412743E+00  1.40384988E+00  1.42412743E+00
   302  1.20800000E+02  1.42412620E+00  1.40483896E+00  1.42412620E+00
   303  1.21200000E+02  1.42412493E+00  1.40578248E+00  1.42412493E+00
   304  1.21600000E+02  1.42412361E+00  1.40668184E+00  1.42412361E+00
   305  1.22000000E+02  1.42412226E+00  1.40753893E+00  1.42412226E+00
   306  1.22400000E+02  1.42412089E+00  1.40835602E+00  1.42412089E+00
   307  1.22800000E+02  1.42411949E+00  1.40913555E+00  1.42411949E+00
   308  1.23200000E+02  1.42411808E+00  1.40987994E+00  1.42411808E+00
   309  1.23600000E+02  1.42411667E+00  1.41059141E+00  1.42411667E+00
   310  1.24000000E+02  1.42411525E+00  1.41127185E+00  1.42411525E+00
   311  1.24400000E+02  1.42411383E+00  1.41192275E+00  1.42411383E+00
   312  1.24800000E+02  1.42411242E+00  1.41254520E+00  1.42411242E+00
   313  1.25200000E+02  1.42411102E+00  1.41313997E+00  1.42411102E+00
   314  1.25600000E+02  1.42410963E+00  1.41370759E+00  1.42410963E+00
   315  1.26000000E+02  1.42410826E+00  1.41424851E+00  1.42410826E+00
   316  1.26400000E+02  1.42410690E+00  1.41476316E+00  1.42410690E+00
   317  1.26800000E+02  1.42410556E+00  1.41525213E+00  1.42410556E+00
   318  1.27200000E+02  1.42410425E+00  1.41571615E+00  1.42410425E+00
   319  1.27600000E+02  1.42410296E+00  1.41615616E+00  1.42410296E+00
   320  1.28000000E+02  1.42410169E+00  1.41657326E+00  1.42410169E+00
   321  1.28400000E+02  1.42410045E+00  1.41696863E+00  1.42410045E+00
   322  1.28800000E+02  1.42409924E+00  1.41734351E+00  1.42409924E+00
   323  1.29200000E+02  1.42409806E+00  1.41769908E+00  1.42409806E+00
   324  1.29600000E+02  1.42409690E+00  1.41803643E+00  1.42409690E+00
   325  1.30000000E+02  1.42409578E+00  1.41835649E+00  1.42409578E+00
   326  1.30400000E+02  1.42409469E+00  1.41866010E+00  1.42409469E+00
   327  1.30800000E+02  1.42409362E+00  1.41894793E+00  1.42409362E+00
   328  1.31200000E+02  1.42409259E+00  1.41922057E+00  1.42409259E+00
   329  1.31600000E+02  1.42409158E+00  1.41947856E+00  1.42409158E+00
   330  1.32000000E+02  1.42409061E+00  1.41972242E+00  1.42409061E+00
   331  1.32400000E+02  1.42408967E+00  1.41995270E+00  1.42408967E+00
   332  1.32800000E+02  1.42408876E+00  1.42016998E+00  1.42408876E+00
   333  1.33200000E+02  1.42408787E+00  1.42037485E+00  1.42408787E+00
   334  1.33600000E+02  1.42408702E+00  1.42056794E+00  1.42408702E+00
   335  1.34000000E+02  1.42408620E+00  1.42074989E+00  1.42408620E+00
   336  1.34400000E+02  1.42408540E+00  1.42092132E+00  1.42408540E+00
   337  1.34800000E+02  1.42408464E+00  1.42108281E+00  1.42408464E+00
   338  1.35200000E+02  1.42408390E+00  1.42123491E+00  1.42408390E+00
   339  1.35600000E+02  1.42408319E+00  1.42137810E+00  1.42408319E+00
   340  1.36000000E+02  1.42408250E+00  1.42151283E+00  1.42408250E+00
   341  1.36400000E+02  1.42408184E+00  1.42163953E+00  1.42408184E+00
   342  1.36800000E+02  1.42408121E+00  1.42175856E+00  1.42408121E+00
   343  1.37200000E+02  1.42408060E+00  1.42187031E+00  1.42408060E+00
   344  1.37600000E+02  1.42408002E+00  1.42197513E+00  1.42408002E+00
   345  1.38000000E+02  1.42407946E+00  1.42207339E+00  1.42407946E+00
   346  1.38400000E+02  1.42407892E+00  1.42216542E+00  1.42407892E+00
   347  1.38800000E+02  1.42407840E+00  1.42225159E+00  1.42407840E+00
   348  1.39200000E+02  1.42407791E+00  1.42233221E+00  1.42407791E+00
   349  1.39600000E+02  1.42407744E+00  1.42240762E+00  1.42407744E+00
   350  1.40000000E+02  1.42407698E+00  1.42247810E+00  1.42407698E+00
   351  1.40400000E+02  1.42407655E+00  1.42254395E+00  1.42407655E+00
   352  1.40800000E+02  1.42407614E+00  1.42260542E+00  1.42407614E+00
   353  1.41200000E+02  1.42407574E+00  1.42266277E+00  1.42407574E+00
   354  1.41600000E+02  1.42407536E+00  1.42271622E+00  1.42407536E+00
   355  1.42000000E+02  1.42407500E+00  1.42276599E+00  1.42407500E+00
   356  1.42400000E+02  1.42407466E+00  1.42281230E+00  1.42407466E+00
   357  1.42800000E+02  1.42407433E+00  1.42285534E+00  1.42407433E+00
   358  1.43200000E+02  1.42407402E+00  1.42289531E+00  1.42407402E+00
   359  1.43600000E+02  1.42407372E+00  1.42293238E+00  1.42407372E+00
   360  1.44000000E+02  1.42407344E+00  1.42296675E+00  1.42407344E+00
   361  1.44400000E+02  1.42407317E+00  1.42299856E+00  1.42407317E+00
   362  1.44800000E+02  1.42407291E+00  1.42302799E+00  1.42407291E+00
   363  1.45200000E+02  1.42407266E+00  1.42305518E+00  1.42407266E+00
   364  1.45600000E+02  1.42407243E+00  1.42308026E+00  1.42407243E+00
   365  1.46000000E+02  1.42407221E+00  1.42310338E+00  1.42407221E+00
   366  1.46400000E+02  1.42407200E+00  1.42312464E+00  1.42407200E+00
   367  1.46800000E+02  1.42407180E+00  1.42314419E+00  1.42407180E+00
   368  1.47200000E+02  1.42407161E+00  1.42316211E+00  1.42407161E+00
   369  1.47600000E+02  1.42407143E+00  1.42317852E+00  1.42407143E+00
   370  1.48000000E+02  1.42407127E+00  1.42319352E+00  1.42407127E+00
   371  1.48400000E+02  1.42407112E+00  1.42320719E+00  1.42407112E+00
   372  1.48800000E+02  1.42407098E+00  1.42321964E+00  1.42407098E+00
   373  1.49200000E+02  1.42407084E+00  1.42323095E+00  1.42407084E+00
   374  1.49600000E+02  1.42407072E+00  1.42324118E+00  1.42407072E+00
   375  1.50000000E+02  1.42407060E+00  1.42325042E+00  1.42407060E+00
   376  1.50400000E+02  1.42407048E+00  1.42325874E+00  1.42407048E+00
   377  1.50800000E+02  1.42407038E+00  1.42326621E+00  1.42407038E+00
   378  1.51200000E+02  1.42407027E+00  1.42327287E+00  1.42407027E+00
   379  1.51600000E+02  1.42407018E+00  1.42327880E+00  1.42407018E+00
   380  1.52000000E+02  1.42407009E+00  1.42328404E+00  1.42407009E+00
   381  1.52400000E+02  1.42407000E+00  1.42328866E+00  1.42407000E+00
   382  1.52800000E+02  1.42406992E+00  1.42329269E+00  1.42406992E+00
   383  1.53200000E+02  1.42406985E+00  1.42329618E+00  1.42406985E+00
   384  1.53600000E+02  1.42406978E+00  1.42329917E+00  1.42406978E+00
   385  1.54000000E+02  1.42406971E+00  1.42330171E+00  1.42406971E+00
   386  1.54400000E+02  1.42406965E+00  1.42330382E+00  1.42406965E+00
   387  1.54800000E+02  1.42406959E+00  1.42330556E+00  1.42406959E+00
   388  1.55200000E+02  1.42406953E+00  1.42330694E+00  1.42406953E+00
   389  1.55600000E+02  1.42406948E+00  1.42330799E+00  1.42406948E+00
   390  1.56000000E+02  1.42406943E+00  1.42330876E+00  1.42406943E+00
   391  1.56400000E+02  1.42406939E+00  1.42330925E+00  1.42406939E+00
   392  1.56800000E+02  1.42406934E+00  1.42330951E+00  1.42406934E+00
   393  1.57200000E+02  1.42406930E+00  1.42330954E+00  1.42406930E+00
   394  1.57600000E+02  1.42406927E+00  1.42330938E+00  1.42406927E+00
   395  1.58000000E+02  1.42406923E+00  1.42330903E+00  1.42406923E+00
   396  1.58400000E+02  1.42406920E+00  1.42330853E+00  1.42406920E+00
   397  1.58800000E+02  1.42406917E+00  1.42330788E+00  1.42406917E+00
   398  1.59200000E+02  1.42406914E+00  1.42330710E+00  1.42406914E+00
   399  1.59600000E+02  1.42406911E+00  1.42330621E+00  1.42406911E+00
   400  1.60000000E+02  1.42406909E+00  1.42330523E+00  1.42406909E+00
   401  1.60400000E+02  1.42406907E+00  1.42330415E+00  1.42406907E+00
   402  1.60800000E+02  1.42406905E+00  1.42330300E+00  1.42406905E+00
   403  1.61200000E+02  1.42406903E+00  1.42330179E+00  1.42406903E+00
   404  1.61600000E+02  1.42406901E+00  1.42330052E+00  1.42406901E+00
   405  1.62000000E+02  1.42406899E+00  1.42329921E+00  1.42406899E+00
   406  1.62400000E+02  1.42406898E+00  1.42329786E+00  1.42406898E+00
   407  1.62800000E+02  1.42406896E+00  1.42329648E+00  1.42406896E+00
   408  1.63200000E+02  1.42406895E+00  1.42329507E+00  1.42406895E+00
   409  1.63600000E+02  1.42406894E+00  1.42329365E+00  1.42406894E+00
   410  1.64000000E+02  1.42406892E+00  1.42329222E+00  1.42406892E+00
   411  1.64400000E+02  1.42406891E+00  1.42329079E+00  1.42406891E+00
   412  1.64800000E+02  1.42406890E+00  1.42328935E+00  1.42406890E+00
   413  1.65200000E+02  1.42406890E+00  1.42328792E+00  1.42406890E+00
   414  1.65600000E+02  1.42406889E+00  1.42328649E+00  1.42406889E+00
   415  1.66000000E+02  1.42406888E+00  1.42328508E+00  1.42406888E+00
   416  1.66400000E+02  1.42406887E+00  1.42328368E+00  1.42406887E+00
   417  1.66800000E+02  1.42406887E+00  1.42328229E+00  1.42406887E+00
   418  1.67200000E+02  1.42406886E+00  1.42328093E+00  1.42406886E+00
   419  1.67600000E+02  1.42406886E+00  1.42327958E+00  1.42406886E+00
   420  1.68000000E+02  1.42406885E+00  1.42327826E+00  1.42406885E+00
   421  1.68400000E+02  1.42406885E+00  1.42327697E+00  1.42406885E+00
   422  1.68800000E+02  1.42406884E+00  1.42327570E+00  1.42406884E+00
   423  1.69200000E+02  1.42406884E+00  1.42327445E+00  1.42406884E+00
   424  1.69600000E+02  1.42406884E+00  1.42327324E+00  1.42406884E+00
   425  1.70000000E+02  1.42406884E+00  1.42327205E+00  1.42406884E+00
   426  1.70400000E+02  1.42406883E+00  1.42327090E+00  1.42406883E+00
   427  1.70800000E+02  1.42406883E+00  1.42326977E+00  1.42406883E+00
   428  1.71200000E+02  1.42406883E+00  1.42326868E+00  1.42406883E+00
   429  1.71600000E+02  1.42406883E+00  1.42326762E+00  1.42406883E+00
   430  1.72000000E+02  1.42406883E+00  1.42326658E+00  1.42406883E+00
   431  1.72400000E+02  1.42406883E+00  1.42326558E+00  1.42406883E+00
   432  1.72800000E+02  1.42406883E+00  1.42326461E+00  1.42406883E+00
   433  1.73200000E+02  1.42406883E+00  1.42326367E+00  1.42406883E+00
   434  1.73600000E+02  1.42406883E+00  1.42326276E+00  1.42406883E+00
   435  1.74000000E+02  1.42406882E+00  1.42326188E+00  1.42406882E+00
   436  1.74400000E+02  1.42406882E+00  1.42326103E+00  1.42406882E+00
   437  1.74800000E+02  1.42406882E+00  1.42326021E+00  1.42406882E+00
   438  1.75200000E+02  1.42406882E+00  1.42325942E+00  1.42406882E+00
   439  1.75600000E+02  1.42406882E+00  1.42325865E+00  1.42406882E+00
   440  1.76000000E+02  1.42406882E+00  1.42325792E+00  1.42406882E+00
   441  1.76400000E+02  1.42406883E+00  1.42325721E+00  1.42406883E+00
   442  1.76800000E+02  1.42406883E+00  1.42325653E+00  1.42406883E+00
   443  1.77200000E+02  1.42406883E+00  1.42325587E+00  1.42406883E+00
   444  1.77600000E+02  1.42406883E+00  1.42325524E+00  1.42406883E+00
   445  1.78000000E+02  1.42406883E+00  1.42325464E+00  1.42406883E+00
   446  1.78400000E+02  1.42406883E+00  1.42325406E+00  1.42406883E+00
   447  1.78800000E+02  1.42406883E+00  1.42325350E+00  1.42406883E+00
   448  1.79200000E+02  1.42406883E+00  1.42325297E+00  1.42406883E+00
   449  1.79600000E+02  1.42406883E+00  1.42325246E+00  1.42406883E+00
   450  1.80000000E+02  1.42406883E+00  1.42325197E+00  1.42406883E+00
   451  1.80400000E+02  1.42406883E+00  1.42325150E+00  1.42406883E+00
   452  1.80800000E+02  1.42406883E+00  1.42325105E+00  1.42406883E+00
   453  1.81200000E+02  1.42406883E+00  1.42325062E+00  1.42406883E+00
   454  1.81600000E+02  1.42406883E+00  1.42325021E+00  1.42406883E+00
   455  1.82000000E+02  1.42406883E+00  1.42324981E+00  1.42406883E+00
   456  1.82400000E+02  1.42406883E+00  1.42324944E+00  1.42406883E+00
   457  1.82800000E+02  1.42406883E+00  1.42324908E+00  1.42406883E+00
   458  1.83200000E+02  1.42406884E+00  1.42324874E+00  1.42406884E+00
   459  1.83600000E+02  1.42406884E+00  1.42324842E+00  1.42406884E+00
   460  1.84000000E+02  1.42406884E+00  1.42324811E+00  1.42406884E+00
   461  1.84400000E+02  1.42406884E+00  1.42324781E+00  1.42406884E+00
   462  1.84800000E+02  1.42406884E+00  1.42324753E+00  1.42406884E+00
   463  1.85200000E+02  1.42406884E+00  1.42324726E+00  1.42406884E+00
   464  1.85600000E+02  1.42406884E+00  1.42324701E+00  1.42406884E+00
   465  1.86000000E+02  1.42406884E+00  1.42324677E+00  1.42406884E+00
   466  1.86400000E+02  1.42406884E+00  1.42324654E+00  1.42406884E+00
   467  1.86800000E+02  1.42406884E+00  1.42324632E+00  1.42406884E+00
   468  1.87200000E+02  1.42406884E+00  1.42324611E+00  1.42406884E+00
   469  1.87600000E+02  1.42406884E+00  1.42324591E+00  1.42406884E+00
   470  1.88000000E+02  1.42406884E+00  1.42324572E+00  1.42406884E+00
   471  1.88400000E+02  1.42406884E+00  1.42324555E+00  1.42406884E+00
   472  1.88800000E+02  1.42406884E+00  1.42324538E+00  1.42406884E+00
   473  1.89200000E+02  1.42406884E+00  1.42324522E+00  1.42406884E+00
   474  1.89600000E+02  1.42406885E+00  1.42324507E+00  1.42406885E+00
   475  1.90000000E+02  1.42406885E+00  1.42324493E+00  1.42406885E+00
   476  1.90400000E+02  1.42406885E+00  1.42324479E+00  1.42406885E+00
   477  1.90800000E+02  1.42406885E+00  1.42324466E+00  1.42406885E+00
   478  1.91200000E+02  1.42406885E+00  1.42324454E+00  1.42406885E+00
   479  1.91600000E+02  1.42406885E+00  1.42324443E+00  1.42406885E+00
   480  1.92000000E+02  1.42406885E+00  1.42324432E+00  1.42406885E+00
   481  1.92400000E+02  1.42406885E+00  1.42324422E+00  1.42406885E+00
   482  1.92800000E+02  1.42406885E+00  1.42324413E+00  1.42406885E+00
   483  1.93200000E+02  1.42406885E+00  1.42324404E+00  1.42406885E+00
   484  1.93600000E+02  1.42406885E+00  1.42324395E+00  1.42406885E+00
   485  1.94000000E+02  1.42406885E+00  1.42324387E+00  1.42406885E+00
   486  1.94400000E+02  1.42406885E+00  1.42324379E+00  1.42406885E+00
   487  1.94800000E+02  1.42406885E+00  1.42324372E+00  1.42406885E+00
   488  1.95200000E+02  1.42406885E+00  1.42324366E+00  1.42406885E+00
   489  1.95600000E+02  1.42406885E+00  1.42324359E+00  1.42406885E+00
   490  1.96000000E+02  1.42406885E+00  1.42324354E+00  1.42406885E+00
   491  1.96400000E+02  1.42406885E+00  1.42324348E+00  1.42406885E+00
   492  1.96800000E+02  1.42406885E+00  1.42324343E+00  1.42406885E+00
   493  1.97200000E+02  1.42406885E+00  1.42324338E+00  1.42406885E+00
   494  1.97600000E+02  1.42406885E+00  1.42324333E+00  1.42406885E+00
   495  1.98000000E+02  1.42406885E+00  1.42324329E+00  1.42406885E+00
   496  1.98400000E+02  1.42406885E+00  1.42324325E+00  1.42406885E+00
   497  1.98800000E+02  1.42406885E+00  1.42324321E+00  1.42406885E+00
   498  1.99200000E+02  1.42406885E+00  1.42324318E+00  1.42406885E+00
   499  1.99600000E+02  1.42406885E+00  1.42324315E+00  1.42406885E+00
   500  2.00000000E+02  1.42406885E+00  1.42324312E+00  1.42406885E+00
   501  2.00400000E+02  1.42406885E+00  1.42324309E+00  1.42406885E+00
   502  2.00800000E+02  1.42406885E+00  1.42324306E+00  1.42406885E+00
   503  2.01200000E+02  1.42406885E+00  1.42324304E+00  1.42406885E+00
   504  2.01600000E+02  1.42406885E+00  1.42324302E+00  1.42406885E+00
   505  2.02000000E+02  1.42406885E+00  1.42324299E+00  1.42406885E+00
   506  2.02400000E+02  1.42406885E+00  1.42324297E+00  1.42406885E+00
   507  2.02800000E+02  1.42406885E+00  1.42324296E+00  1.42406885E+00
   508  2.03200000E+02  1.42406885E+00  1.42324294E+00  1.42406885E+00
   509  2.03600000E+02  1.42406885E+00  1.42324292E+00  1.42406885E+00
   510  2.04000000E+02  1.42406885E+00  1.42324291E+00  1.42406885E+00
   511  2.04400000E+02  1.42406885E+00  1.42324290E+00  1.42406885E+00
   512  2.04800000E+02  1.42406886E+00  1.42324288E+00  1.42406886E+00
   513  2.05200000E+02  1.42406886E+00  1.42324287E+00  1.42406886E+00
   514  2.05600000E+02  1.42406886E+00  1.42324286E+00  1.42406886E+00
   515  2.06000000E+02  1.42406886E+00  1.42324285E+00  1.42406886E+00
   516  2.06400000E+02  1.42406886E+00  1.42324284E+00  1.42406886E+00
   517  2.06800000E+02  1.42406886E+00  1.42324284E+00  1.42406886E+00
   518  2.07200000E+02  1.42406886E+00  1.42324283E+00  1.42406886E+00
   519  2.07600000E+02  1.42406886E+00  1.42324282E+00  1.42406886E+00
   520  2.08000000E+02  1.42406886E+00  1.42324282E+00  1.42406886E+00
   521  2.08400000E+02  1.42406886E+00  1.42324281E+00  1.42406886E+00
   522  2.08800000E+02  1.42406886E+00  1.42324281E+00  1.42406886E+00
   523  2.09200000E+02  1.42406886E+00  1.42324280E+00  1.42406886E+00
   524  2.09600000E+02  1.42406886E+00  1.42324280E+00  1.42406886E+00
   525  2.10000000E+02  1.42406886E+00  1.42324279E+00  1.42406886E+00
   526  2.10400000E+02  1.42406886E+00  1.42324279E+00  1.42406886E+00
   527  2.10800000E+02  1.42406886E+00  1.42324279E+00  1.42406886E+00
   528  2.11200000E+02  1.42406886E+00  1.42324279E+00  1.42406886E+00
   529  2.11600000E+02  1.42406886E+00  1.42324278E+00  1.42406886E+00
   530  2.12000000E+02  1.42406886E+00  1.42324278E+00  1.42406886E+00
   531  2.12400000E+02  1.42406886E+00  1.42324278E+00  1.42406886E+00
   532  2.12800000E+02  1.42406886E+00  1.42324278E+00  1.42406886E+00
   533  2.13200000E+02  1.42406886E+00  1.42324278E+00  1.42406886E+00
   534  2.13600000E+02  1.42406886E+00  1.42324278E+00  1.42406886E+00
   535  2.14000000E+02  1.42406886E+00  1.42324278E+00  1.42406886E+00
   536  2.14400000E+02  1.42406886E+00  1.42324278E+00  1.42406886E+00
   537  2.14800000E+02  1.42406886E+00  1.42324278E+00  1.42406886E+00
   538  2.15200000E+02  1.42406886E+00  1.42324277E+00  1.42406886E+00
   539  2.15600000E+02  1.42406886E+00  1.42324277E+00  1.42406886E+00
   540  2.16000000E+02  1.42406886E+00  1.42324277E+00  1.42406886E+00
   541  2.16400000E+02  1.42406886E+00  1.42324277E+00  1.42406886E+00
   542  2.16800000E+02  1.42406886E+00  1.42324277E+00  1.42406886E+00
   543  2.17200000E+02  1.42406886E+00  1.42324278E+00  1.42406886E+00
   544  2.17600000E+02  1.42406886E+00  1.42324278E+00  1.42406886E+00
   545  2.18000000E+02  1.42406886E+00  1.42324278E+00  1.42406886E+00
   546  2.18400000E+02  1.42406886E+00  1.42324278E+00  1.42406886E+00
   547  2.18800000E+02  1.42406886E+00  1.42324278E+00  1.42406886E+00
   548  2.19200000E+02  1.42406886E+00  1.42324278E+00  1.42406886E+00
   549  2.19600000E+02  1.42406886E+00  1.42324278E+00  1.42406886E+00
   550  2.20000000E+02  1.42406886E+00  1.42324278E+00  1.42406886E+00
   551  2.20400000E+02  1.42406886E+00  1.42324278E+00  1.42406886E+00
   552  2.20800000E+02  1.42406886E+00  1.42324278E+00  1.42406886E+00
   553  2.21200000E+02  1.42406886E+00  1.42324278E+00  1.42406886E+00
   554  2.21600000E+02  1.42406886E+00  1.42324278E+00  1.42406886E+00
   555  2.22000000E+02  1.42406886E+00  1.42324278E+00  1.42406886E+00
   556  2.22400000E+02  1.42406886E+00  1.42324278E+00  1.42406886E+00
   557  2.22800000E+02  1.42406886E+00  1.42324278E+00  1.42406886E+00
   558  2.23200000E+02  1.42406886E+00  1.42324278E+00  1.42406886E+00
   559  2.23600000E+02  1.42406886E+00  1.42324278E+00  1.42406886E+00
   560  2.24000000E+02  1.42406886E+00  1.42324279E+00  1.42406886E+00
   561  2.24400000E+02  1.42406886E+00  1.42324279E+00  1.42406886E+00
   562  2.24800000E+02  1.42406886E+00  1.42324279E+00  1.42406886E+00
   563  2.25200000E+02  1.42406886E+00  1.42324279E+00  1.42406886E+00
   564  2.25600000E+02  1.42406886E+00  1.42324279E+00  1.42406886E+00
   565  2.26000000E+02  1.42406886E+00  1.42324279E+00  1.42406886E+00
   566  2.26400000E+02  1.42406886E+00  1.42324279E+00  1.42406886E+00
   567  2.26800000E+02  1.42406886E+00  1.42324279E+00  1.42406886E+00
   568  2.27200000E+02  1.42406886E+00  1.42324279E+00  1.42406886E+00
   569  2.27600000E+02  1.42406886E+00  1.42324279E+00  1.42406886E+00
   570  2.28000000E+02  1.42406886E+00  1.42324279E+00  1.42406886E+00
   571  2.28400000E+02  1.42406886E+00  1.42324279E+00  1.42406886E+00
   572  2.28800000E+02  1.42406886E+00  1.42324279E+00  1.42406886E+00
   573  2.29200000E+02  1.42406886E+00  1.42324279E+00  1.42406886E+00
   574  2.29600000E+02  1.42406886E+00  1.42324279E+00  1.42406886E+00
   575  2.30000000E+02  1.42406886E+00  1.42324279E+00  1.42406886E+00
   576  2.30400000E+02  1.42406886E+00  1.42324280E+00  1.42406886E+00
   577  2.30800000E+02  1.42406886E+00  1.42324280E+00  1.42406886E+00
   578  2.31200000E+02  1.42406886E+00  1.42324280E+00  1.42406886E+00
   579  2.31600000E+02  1.42406886E+00  1.42324280E+00  1.42406886E+00
   580  2.32000000E+02  1.42406886E+00  1.42324280E+00  1.42406886E+00
   581  2.32400000E+02  1.42406886E+00  1.42324280E+00  1.42406886E+00
   582  2.32800000E+02  1.42406886E+00  1.42324280E+00  1.42406886E+00
   583  2.33200000E+02  1.42406886E+00  1.42324280E+00  1.42406886E+00
   584  2.33600000E+02  1.42406886E+00  1.42324280E+00  1.42406886E+00
   585  2.34000000E+02  1.42406886E+00  1.42324280E+00  1.42406886E+00
   586  2.34400000E+02  1.42406886E+00  1.42324280E+00  1.42406886E+00
   587  2.34800000E+02  1.42406886E+00  1.42324280E+00  1.42406886E+00
   588  2.35200000E+02  1.42406886E+00  1.42324280E+00  1.42406886E+00
   589  2.35600000E+02  1.42406886E+00  1.42324280E+00  1.42406886E+00
   590  2.36000000E+02  1.42406886E+00  1.42324280E+00  1.42406886E+00
   591  2.36400000E+02  1.42406886E+00  1.42324280E+00  1.42406886E+00
   592  2.36800000E+02  1.42406886E+00  1.42324280E+00  1.42406886E+00
   593  2.37200000E+02  1.42406886E+00  1.42324280E+00  1.42406886E+00
   594  2.37600000E+02  1.42406886E+00  1.42324280E+00  1.42406886E+00
   595  2.38000000E+02  1.42406886E+00  1.42324280E+00  1.42406886E+00
   596  2.38400000E+02  1.42406886E+00  1.42324280E+00  1.42406886E+00
   597  2.38800000E+02  1.42406886E+00  1.42324280E+00  1.42406886E+00
   598  2.39200000E+02  1.42406886E+00  1.42324280E+00  1.42406886E+00
   599  2.39600000E+02  1.42406886E+00  1.42324280E+00  1.42406886E+00
   600  2.40000000E+02  1.42406886E+00  1.42324280E+00  1.42406886E+00
   601  2.40400000E+02  1.42406886E+00  1.42324280E+00  1.42406886E+00
   602  2.40800000E+02  1.42406886E+00  1.42324280E+00  1.42406886E+00
   603  2.41200000E+02  1.42406886E+00  1.42324280E+00  1.42406886E+00
   604  2.41600000E+02  1.42406886E+00  1.42324280E+00  1.42406886E+00
   605  2.42000000E+02  1.42406886E+00  1.42324280E+00  1.42406886E+00
   606  2.42400000E+02  1.42406886E+00  1.42324280E+00  1.42406886E+00
   607  2.42800000E+02  1.42406886E+00  1.42324280E+00  1.42406886E+00
   608  2.43200000E+02  1.42406886E+00  1.42324280E+00  1.42406886E+00
   609  2.43600000E+02  1.42406886E+00  1.42324280E+00  1.42406886E+00
   610  2.44000000E+02  1.42406886E+00  1.42324281E+00  1.42406886E+00
   611  2.44400000E+02  1.42406886E+00  1.42324281E+00  1.42406886E+00
   612  2.44800000E+02  1.42406886E+00  1.42324281E+00  1.42406886E+00
   613  2.45200000E+02  1.42406886E+00  1.42324281E+00  1.42406886E+00
   614  2.45600000E+02  1.42406886E+00  1.42324281E+00  1.42406886E+00
   615  2.46000000E+02  1.42406886E+00  1.42324281E+00  1.42406886E+00
   616  2.46400000E+02  1.42406886E+00  1.42324281E+00  1.42406886E+00
   617  2.46800000E+02  1.42406886E+00  1.42324281E+00  1.42406886E+00
   618  2.47200000E+02  1.42406886E+00  1.42324281E+00  1.42406886E+00
   619  2.47600000E+02  1.42406886E+00  1.42324281E+00  1.42406886E+00
   620  2.48000000E+02  1.42406886E+00  1.42324281E+00  1.42406886E+00
   621  2.48400000E+02  1.42406886E+00  1.42324281E+00  1.42406886E+00
   622  2.48800000E+02  1.42406886E+00  1.42324281E+00  1.42406886E+00
   623  2.49200000E+02  1.42406886E+00  1.42324281E+00  1.42406886E+00
   624  2.49600000E+02  1.42406886E+00  1.42324281E+00  1.42406886E+00
   625  2.50000000E+02  1.42406886E+00  1.42324281E+00  1.42406886E+00
   626  2.50400000E+02  1.42406886E+00  1.42324281E+00  1.42406886E+00
   627  2.50800000E+02  1.42406886E+00  1.42324281E+00  1.42406886E+00
   628  2.51200000E+02  1.42406886E+00  1.42324281E+00  1.42406886E+00
   629  2.51600000E+02  1.42406886E+00  1.42324281E+00  1.42406886E+00
   630  2.52000000E+02  1.42406886E+00  1.42324281E+00  1.42406886E+00
   631  2.52400000E+02  1.42406886E+00  1.42324281E+00  1.42406886E+00
   632  2.52800000E+02  1.42406886E+00  1.42324281E+00  1.42406886E+00
   633  2.53200000E+02  1.42406886E+00  1.42324281E+00  1.42406886E+00
   634  2.53600000E+02  1.42406886E+00  1.42324281E+00  1.42406886E+00
   635  2.54000000E+02  1.42406886E+00  1.42324281E+00  1.42406886E+00
   636  2.54400000E+02  1.42406886E+00  1.42324281E+00  1.42406886E+00
   637  2.54800000E+02  1.42406886E+00  1.42324281E+00  1.42406886E+00
   638  2.55200000E+02  1.42406886E+00  1.42324281E+00  1.42406886E+00
   639  2.55600000E+02  1.42406886E+00  1.42324281E+00  1.42406886E+00
   640  2.56000000E+02  1.42406886E+00  1.42324281E+00  1.42406886E+00
   641  2.56400000E+02  1.42406886E+00  1.42324281E+00  1.42406886E+00
   642  2.56800000E+02  1.42406886E+00  1.42324281E+00  1.42406886E+00
   643  2.57200000E+02  1.42406886E+00  1.42324281E+00  1.42406886E+00
   644  2.57600000E+02  1.42406886E+00  1.42324281E+00  1.42406886E+00
   645  2.58000000E+02  1.42406886E+00  1.42324281E+00  1.42406886E+00
   646  2.58400000E+02  1.42406886E+00  1.42324281E+00  1.42406886E+00
   647  2.58800000E+02  1.42406886E+00  1.42324281E+00  1.42406886E+00
   648  2.59200000E+02  1.42406886E+00  1.42324281E+00  1.42406886E+00
   649  2.59600000E+02  1.42406886E+00  1.42324281E+00  1.42406886E+00
   650  2.60000000E+02  1.42406886E+00  1.42324281E+00  1.42406886E+00
   651  2.60400000E+02  1.42406886E+00  1.42324281E+00  1.42406886E+00
   652  2.60800000E+02  1.42406886E+00  1.42324281E+00  1.42406886E+00
   653  2.61200000E+02  1.42406886E+00  1.42324281E+00  1.42406886E+00
   654  2.61600000E+02  1.42406886E+00  1.42324281E+00  1.42406886E+00
   655  2.62000000E+02  1.42406886E+00  1.42324281E+00  1.42406886E+00
   656  2.62400000E+02  1.42406886E+00  1.42324281E+00  1.42406886E+00
   657  2.62800000E+02  1.42406886E+00  1.42324281E+00  1.42406886E+00
   658  2.63200000E+02  1.42406886E+00  1.42324281E+00  1.42406886E+00
   659  2.63600000E+02  1.42406886E+00  1.42324281E+00  1.42406886E+00
   660  2.64000000E+02  1.42406886E+00  1.42324281E+00  1.42406886E+00
   661  2.64400000E+02  1.42406886E+00  1.42324281E+00  1.42406886E+00
   662  2.64800000E+02  1.42406886E+00  1.42324281E+00  1.42406886E+00
   663  2.65200000E+02  1.42406886E+00  1.42324281E+00  1.42406886E+00
   664  2.65600000E+02  1.42406886E+00  1.42324281E+00  1.42406886E+00
   665  2.66000000E+02  1.42406886E+00  1.42324281E+00  1.42406886E+00
   666  2.66400000E+02  1.42406886E+00  1.42324281E+00  1.42406886E+00
   667  2.66800000E+02  1.42406886E+00  1.42324281E+00  1.42406886E+00
   668  2.67200000E+02  1.42406886E+00  1.42324281E+00  1.42406886E+00
   669  2.67600000E+02  1.42406886E+00  1.42324281E+00  1.42406886E+00
   670  2.68000000E+02  1.42406886E+00  1.42324281E+00  1.42406886E+00
   671  2.68400000E+02  1.42406886E+00  1.42324281E+00  1.42406886E+00
   672  2.68800000E+02  1.42406886E+00  1.42324281E+00  1.42406886E+00
   673  2.69200000E+02  1.42406886E+00  1.42324281E+00  1.42406886E+00
   674  2.69600000E+02  1.42406886E+00  1.42324281E+00  1.42406886E+00
   675  2.70000000E+02  1.42406886E+00  1.42324281E+00  1.42406886E+00
   676  2.70400000E+02  1.42406886E+00  1.42324281E+00  1.42406886E+00
   677  2.70800000E+02  1.42406886E+00  1.42324281E+00  1.42406886E+00
   678  2.71200000E+02  1.42406886E+00  1.42324281E+00  1.42406886E+00
   679  2.71600000E+02  1.42406886E+00  1.42324281E+00  1.42406886E+00
   680  2.72000000E+02  1.42406886E+00  1.42324281E+00  1.42406886E+00
   681  2.72400000E+02  1.42406886E+00  1.42324281E+00  1.42406886E+00
   682  2.72800000E+02  1.42406886E+00  1.42324281E+00  1.42406886E+00
   683  2.73200000E+02  1.42406886E+00  1.42324281E+00  1.42406886E+00
   684  2.73600000E+02  1.42406886E+00  1.42324281E+00  1.42406886E+00
   685  2.74000000E+02  1.42406886E+00  1.42324281E+00  1.42406886E+00
   686  2.74400000E+02  1.42406886E+00  1.42324281E+00  1.42406886E+00
   687  2.74800000E+02  1.42406886E+00  1.42324281E+00  1.42406886E+00
   688  2.75200000E+02  1.42406886E+00  1.42324281E+00  1.42406886E+00
   689  2.75600000E+02  1.42406886E+00  1.42324281E+00  1.42406886E+00
   690  2.76000000E+02  1.42406886E+00  1.42324281E+00  1.42406886E+00
   691  2.76400000E+02  1.42406886E+00  1.42324281E+00  1.42406886E+00
   692  2.76800000E+02  1.42406886E+00  1.42324281E+00  1.42406886E+00
   693  2.77200000E+02  1.42406886E+00  1.42324281E+00  1.42406886E+00
   694  2.77600000E+02  1.42406886E+00  1.42324281E+00  1.42406886E+00
   695  2.78000000E+02  1.42406886E+00  1.42324281E+00  1.42406886E+00
   696  2.78400000E+02  1.42406886E+00  1.42324281E+00  1.42406886E+00
   697  2.78800000E+02  1.42406886E+00  1.42324281E+00  1.42406886E+00
   698  2.79200000E+02  1.42406886E+00  1.42324281E+00  1.42406886E+00
   699  2.79600000E+02  1.42406886E+00  1.42324281E+00  1.42406886E+00
   700  2.80000000E+02  1.42406886E+00  1.42324281E+00  1.42406886E+00
   701  2.80400000E+02  1.42406886E+00  1.42324281E+00  1.42406886E+00
   702  2.80800000E+02  1.42406886E+00  1.42324281E+00  1.42406886E+00
   703  2.81200000E+02  1.42406886E+00  1.42324281E+00  1.42406886E+00
   704  2.81600000E+02  1.42406886E+00  1.42324281E+00  1.42406886E+00
   705  2.82000000E+02  1.42406886E+00  1.42324281E+00  1.42406886E+00
   706  2.82400000E+02  1.42406886E+00  1.42324281E+00  1.42406886E+00
   707  2.82800000E+02  1.42406886E+00  1.42324281E+00  1.42406886E+00
   708  2.83200000E+02  1.42406886E+00  1.42324281E+00  1.42406886E+00
   709  2.83600000E+02  1.42406886E+00  1.42324281E+00  1.42406886E+00
   710  2.84000000E+02  1.42406886E+00  1.42324281E+00  1.42406886E+00
   711  2.84400000E+02  1.42406886E+00  1.42324281E+00  1.42406886E+00
   712  2.84800000E+02  1.42406886E+00  1.42324281E+00  1.42406886E+00
   713  2.85200000E+02  1.42406886E+00  1.42324281E+00  1.42406886E+00
   714  2.85600000E+02  1.42406886E+00  1.42324281E+00  1.42406886E+00
   715  2.86000000E+02  1.42406886E+00  1.42324281E+00  1.42406886E+00
   716  2.86400000E+02  1.42406886E+00  1.42324281E+00  1.42406886E+00
   717  2.86800000E+02  1.42406886E+00  1.42324281E+00  1.42406886E+00
   718  2.87200000E+02  1.42406886E+00  1.42324281E+00  1.42406886E+00
   719  2.87600000E+02  1.42406886E+00  1.42324281E+00  1.42406886E+00
   720  2.88000000E+02  1.42406886E+00  1.42324281E+00  1.42406886E+00
   721  2.88400000E+02  1.42406886E+00  1.42324281E+00  1.42406886E+00
   722  2.88800000E+02  1.42406886E+00  1.42324281E+00  1.42406886E+00
   723  2.89200000E+02  1.42406886E+00  1.42324281E+00  1.42406886E+00
   724  2.89600000E+02  1.42406886E+00  1.42324281E+00  1.42406886E+00
   725  2.90000000E+02  1.42406886E+00  1.42324281E+00  1.42406886E+00
   726  2.90400000E+02  1.42406886E+00  1.42324281E+00  1.42406886E+00
   727  2.90800000E+02  1.42406886E+00  1.42324281E+00  1.42406886E+00
   728  2.91200000E+02  1.42406886E+00  1.42324281E+00  1.42406886E+00
   729  2.91600000E+02  1.42406886E+00  1.42324281E+00  1.42406886E+00
   730  2.92000000E+02  1.42406886E+00  1.42324281E+00  1.42406886E+00
   731  2.92400000E+02  1.42406886E+00  1.42324281E+00  1.42406886E+00
   732  2.92800000E+02  1.42406886E+00  1.42324281E+00  1.42406886E+00
   733  2.93200000E+02  1.42406886E+00  1.42324281E+00  1.42406886E+00
   734  2.93600000E+02  1.42406886E+00  1.42324281E+00  1.42406886E+00
   735  2.94000000E+02  1.42406886E+00  1.42324281E+00  1.42406886E+00
   736  2.94400000E+02  1.42406886E+00  1.42324281E+00  1.42406886E+00
   737  2.94800000E+02  1.42406886E+00  1.42324281E+00  1.42406886E+00
   738  2.95200000E+02  1.42406886E+00  1.42324281E+00  1.42406886E+00
   739  2.95600000E+02  1.42406886E+00  1.42324281E+00  1.42406886E+00
   740  2.96000000E+02  1.42406886E+00  1.42324281E+00  1.42406886E+00
   741  2.96400000E+02  1.42406886E+00  1.42324281E+00  1.42406886E+00
   742  2.96800000E+02  1.42406886E+00  1.42324281E+00  1.42406886E+00
   743  2.97200000E+02  1.42406886E+00  1.42324281E+00  1.42406886E+00
   744  2.97600000E+02  1.42406886E+00  1.42324281E+00  1.42406886E+00
   745  2.98000000E+02  1.42406886E+00  1.42324281E+00  1.42406886E+00
   746  2.98400000E+02  1.42406886E+00  1.42324281E+00  1.42406886E+00
   747  2.98800000E+02  1.42406886E+00  1.42324281E+00  1.42406886E+00
   748  2.99200000E+02  1.42406886E+00  1.42324281E+00  1.42406886E+00
   749  2.99600000E+02  1.42406886E+00  1.42324281E+00  1.42406886E+00
   750  3.00000000E+02  1.42406886E+00  1.42324281E+00  1.42406886E+00
   751  3.00400000E+02  1.42406886E+00  1.42324281E+00  1.42406886E+00
   752  3.00800000E+02  1.42406886E+00  1.42324281E+00  1.42406886E+00
   753  3.01200000E+02  1.42406886E+00  1.42324281E+00  1.42406886E+00
   754  3.01600000E+02  1.42406886E+00  1.42324281E+00  1.42406886E+00
   755  3.02000000E+02  1.42406886E+00  1.42324281E+00  1.42406886E+00
   756  3.02400000E+02  1.42406886E+00  1.42324281E+00  1.42406886E+00
   757  3.02800000E+02  1.42406886E+00  1.42324281E+00  1.42406886E+00
   758  3.03200000E+02  1.42406886E+00  1.42324281E+00  1.42406886E+00
   759  3.03600000E+02  1.42406886E+00  1.42324281E+00  1.42406886E+00
   760  3.04000000E+02  1.42406886E+00  1.42324281E+00  1.42406886E+00
   761  3.04400000E+02  1.42406886E+00  1.42324281E+00  1.42406886E+00
   762  3.04800000E+02  1.42406886E+00  1.42324281E+00  1.42406886E+00
   763  3.05200000E+02  1.42406886E+00  1.42324281E+00  1.42406886E+00
   764  3.05600000E+02  1.42406886E+00  1.42324281E+00  1.42406886E+00
   765  3.06000000E+02  1.42406886E+00  1.42324281E+00  1.42406886E+00
   766  3.06400000E+02  1.42406886E+00  1.42324281E+00  1.42406886E+00
   767  3.06800000E+02  1.42406886E+00  1.42324281E+00  1.42406886E+00
   768  3.07200000E+02  1.42406886E+00  1.42324281E+00  1.42406886E+00
   769  3.07600000E+02  1.42406886E+00  1.42324281E+00  1.42406886E+00
   770  3.08000000E+02  1.42406886E+00  1.42324281E+00  1.42406886E+00
   771  3.08400000E+02  1.42406886E+00  1.42324281E+00  1.42406886E+00
   772  3.08800000E+02  1.42406886E+00  1.42324281E+00  1.42406886E+00
   773  3.09200000E+02  1.42406886E+00  1.42324281E+00  1.42406886E+00
   774  3.09600000E+02  1.42406886E+00  1.42324281E+00  1.42406886E+00
   775  3.10000000E+02  1.42406886E+00  1.42324281E+00  1.42406886E+00
   776  3.10400000E+02  1.42406886E+00  1.42324281E+00  1.42406886E+00
   777  3.10800000E+02  1.42406886E+00  1.42324281E+00  1.42406886E+00
   778  3.11200000E+02  1.42406886E+00  1.42324281E+00  1.42406886E+00
   779  3.11600000E+02  1.42406886E+00  1.42324281E+00  1.42406886E+00
   780  3.12000000E+02  1.42406886E+00  1.42324281E+00  1.42406886E+00
   781  3.12400000E+02  1.42406886E+00  1.42324281E+00  1.42406886E+00
   782  3.12800000E+02  1.42406886E+00  1.42324281E+00  1.42406886E+00
   783  3.13200000E+02  1.42406886E+00  1.42324281E+00  1.42406886E+00
   784  3.13600000E+02  1.42406886E+00  1.42324281E+00  1.42406886E+00
   785  3.14000000E+02  1.42406886E+00  1.42324281E+00  1.42406886E+00
   786  3.14400000E+02  1.42406886E+00  1.42324281E+00  1.42406886E+00
   787  3.14800000E+02  1.42406886E+00  1.42324281E+00  1.42406886E+00
   788  3.15200000E+02  1.42406886E+00  1.42324281E+00  1.42406886E+00
   789  3.15600000E+02  1.42406886E+00  1.42324281E+00  1.42406886E+00
   790  3.16000000E+02  1.42406886E+00  1.42324281E+00  1.42406886E+00
   791  3.16400000E+02  1.42406886E+00  1.42324281E+00  1.42406886E+00
   792  3.16800000E+02  1.42406886E+00  1.42324281E+00  1.42406886E+00
   793  3.17200000E+02  1.42406886E+00  1.42324281E+00  1.42406886E+00
   794  3.17600000E+02  1.42406886E+00  1.42324281E+00  1.42406886E+00
   795  3.18000000E+02  1.42406886E+00  1.42324281E+00  1.42406886E+00
   796  3.18400000E+02  1.42406886E+00  1.42324281E+00  1.42406886E+00
   797  3.18800000E+02  1.42406886E+00  1.42324281E+00  1.42406886E+00
   798  3.19200000E+02  1.42406886E+00  1.42324281E+00  1.42406886E+00
   799  3.19600000E+02  1.42406886E+00  1.42324281E+00  1.42406886E+00
   800  3.20000000E+02  1.42406886E+00  1.42324281E+00  1.42406886E+00
   801  3.20400000E+02  1.42406886E+00  1.42324281E+00  1.42406886E+00
   802  3.20800000E+02  1.42406886E+00  1.42324281E+00  1.42406886E+00
   803  3.21200000E+02  1.42406886E+00  1.42324281E+00  1.42406886E+00
   804  3.21600000E+02  1.42406886E+00  1.42324281E+00  1.42406886E+00
   805  3.22000000E+02  1.42406886E+00  1.42324281E+00  1.42406886E+00
   806  3.22400000E+02  1.42406886E+00  1.42324281E+00  1.42406886E+00
   807  3.22800000E+02  1.42406886E+00  1.42324281E+00  1.42406886E+00
   808  3.23200000E+02  1.42406886E+00  1.42324281E+00  1.42406886E+00
   809  3.23600000E+02  1.42406886E+00  1.42324281E+00  1.42406886E+00
   810  3.24000000E+02  1.42406886E+00  1.42324281E+00  1.42406886E+00
   811  3.24400000E+02  1.42406886E+00  1.42324281E+00  1.42406886E+00
   812  3.24800000E+02  1.42406886E+00  1.42324281E+00  1.42406886E+00
   813  3.25200000E+02  1.42406886E+00  1.42324281E+00  1.42406886E+00
   814  3.25600000E+02  1.42406886E+00  1.42324281E+00  1.42406886E+00
   815  3.26000000E+02  1.42406886E+00  1.42324281E+00  1.42406886E+00
   816  3.26400000E+02  1.42406886E+00  1.42324281E+00  1.42406886E+00
   817  3.26800000E+02  1.42406886E+00  1.42324281E+00  1.42406886E+00
   818  3.27200000E+02  1.42406886E+00  1.42324281E+00  1.42406886E+00
   819  3.27600000E+02  1.42406886E+00  1.42324281E+00  1.42406886E+00
   820  3.28000000E+02  1.42406886E+00  1.42324281E+00  1.42406886E+00
   821  3.28400000E+02  1.42406886E+00  1.42324281E+00  1.42406886E+00
   822  3.28800000E+02  1.42406886E+00  1.42324281E+00  1.42406886E+00
   823  3.29200000E+02  1.42406886E+00  1.42324281E+00  1.42406886E+00
   824  3.29600000E+02  1.42406886E+00  1.42324281E+00  1.42406886E+00
   825  3.30000000E+02  1.42406886E+00  1.42324281E+00  1.42406886E+00
   826  3.30400000E+02  1.42406886E+00  1.42324281E+00  1.42406886E+00
   827  3.30800000E+02  1.42406886E+00  1.42324281E+00  1.42406886E+00
   828  3.31200000E+02  1.42406886E+00  1.42324281E+00  1.42406886E+00
   829  3.31600000E+02  1.42406886E+00  1.42324281E+00  1.42406886E+00
   830  3.32000000E+02  1.42406886E+00  1.42324281E+00  1.42406886E+00
   831  3.32400000E+02  1.42406886E+00  1.42324281E+00  1.42406886E+00
   832  3.32800000E+02  1.42406886E+00  1.42324281E+00  1.42406886E+00
   833  3.33200000E+02  1.42406886E+00  1.42324281E+00  1.42406886E+00
   834  3.33600000E+02  1.42406886E+00  1.42324281E+00  1.42406886E+00
   835  3.34000000E+02  1.42406886E+00  1.42324281E+00  1.42406886E+00
   836  3.34400000E+02  1.42406886E+00  1.42324281E+00  1.42406886E+00
   837  3.34800000E+02  1.42406886E+00  1.42324281E+00  1.42406886E+00
   838  3.35200000E+02  1.42406886E+00  1.42324281E+00  1.42406886E+00
   839  3.35600000E+02  1.42406886E+00  1.42324281E+00  1.42406886E+00
   840  3.36000000E+02  1.42406886E+00  1.42324281E+00  1.42406886E+00
   841  3.36400000E+02  1.42406886E+00  1.42324281E+00  1.42406886E+00
   842  3.36800000E+02  1.42406886E+00  1.42324281E+00  1.42406886E+00
   843  3.37200000E+02  1.42406886E+00  1.42324281E+00  1.42406886E+00
   844  3.37600000E+02  1.42406886E+00  1.42324281E+00  1.42406886E+00
   845  3.38000000E+02  1.42406886E+00  1.42324281E+00  1.42406886E+00
   846  3.38400000E+02  1.42406886E+00  1.42324281E+00  1.42406886E+00
   847  3.38800000E+02  1.42406886E+00  1.42324281E+00  1.42406886E+00
   848  3.39200000E+02  1.42406886E+00  1.42324281E+00  1.42406886E+00
   849  3.39600000E+02  1.42406886E+00  1.42324281E+00  1.42406886E+00
   850  3.40000000E+02  1.42406886E+00  1.42324281E+00  1.42406886E+00
   851  3.40400000E+02  1.42406886E+00  1.42324281E+00  1.42406886E+00
   852  3.40800000E+02  1.42406886E+00  1.42324281E+00  1.42406886E+00
   853  3.41200000E+02  1.42406886E+00  1.42324281E+00  1.42406886E+00
   854  3.41600000E+02  1.42406886E+00  1.42324281E+00  1.42406886E+00
   855  3.42000000E+02  1.42406886E+00  1.42324281E+00  1.42406886E+00
   856  3.42400000E+02  1.42406886E+00  1.42324281E+00  1.42406886E+00
   857  3.42800000E+02  1.42406886E+00  1.42324281E+00  1.42406886E+00
   858  3.43200000E+02  1.42406886E+00  1.42324281E+00  1.42406886E+00
   859  3.43600000E+02  1.42406886E+00  1.42324281E+00  1.42406886E+00
   860  3.44000000E+02  1.42406886E+00  1.42324281E+00  1.42406886E+00
   861  3.44400000E+02  1.42406886E+00  1.42324281E+00  1.42406886E+00
   862  3.44800000E+02  1.42406886E+00  1.42324281E+00  1.42406886E+00
   863  3.45200000E+02  1.42406886E+00  1.42324281E+00  1.42406886E+00
   864  3.45600000E+02  1.42406886E+00  1.42324281E+00  1.42406886E+00
   865  3.46000000E+02  1.42406886E+00  1.42324281E+00  1.42406886E+00
   866  3.46400000E+02  1.42406886E+00  1.42324281E+00  1.42406886E+00
   867  3.46800000E+02  1.42406886E+00  1.42324281E+00  1.42406886E+00
   868  3.47200000E+02  1.42406886E+00  1.42324281E+00  1.42406886E+00
   869  3.47600000E+02  1.42406886E+00  1.42324281E+00  1.42406886E+00
   870  3.48000000E+02  1.42406886E+00  1.42324281E+00  1.42406886E+00
   871  3.48400000E+02  1.42406886E+00  1.42324281E+00  1.42406886E+00
   872  3.48800000E+02  1.42406886E+00  1.42324281E+00  1.42406886E+00
   873  3.49200000E+02  1.42406886E+00  1.42324281E+00  1.42406886E+00
   874  3.49600000E+02  1.42406886E+00  1.42324281E+00  1.42406886E+00
   875  3.50000000E+02  1.42406886E+00  1.42324281E+00  1.42406886E+00
   876  3.50400000E+02  1.42406886E+00  1.42324281E+00  1.42406886E+00
   877  3.50800000E+02  1.42406886E+00  1.42324281E+00  1.42406886E+00
   878  3.51200000E+02  1.42406886E+00  1.42324281E+00  1.42406886E+00
   879  3.51600000E+02  1.42406886E+00  1.42324281E+00  1.42406886E+00
   880  3.52000000E+02  1.42406886E+00  1.42324281E+00  1.42406886E+00
   881  3.52400000E+02  1.42406886E+00  1.42324281E+00  1.42406886E+00
   882  3.52800000E+02  1.42406886E+00  1.42324281E+00  1.42406886E+00
   883  3.53200000E+02  1.42406886E+00  1.42324281E+00  1.42406886E+00
   884  3.53600000E+02  1.42406886E+00  1.42324281E+00  1.42406886E+00
   885  3.54000000E+02  1.42406886E+00  1.42324281E+00  1.42406886E+00
   886  3.54400000E+02  1.42406886E+00  1.42324281E+00  1.42406886E+00
   887  3.54800000E+02  1.42406886E+00  1.42324281E+00  1.42406886E+00
   888  3.55200000E+02  1.42406886E+00  1.42324281E+00  1.42406886E+00
   889  3.55600000E+02  1.42406886E+00  1.42324281E+00  1.42406886E+00
   890  3.56000000E+02  1.42406886E+00  1.42324281E+00  1.42406886E+00
   891  3.56400000E+02  1.42406886E+00  1.42324281E+00  1.42406886E+00
   892  3.56800000E+02  1.42406886E+00  1.42324281E+00  1.42406886E+00
   893  3.57200000E+02  1.42406886E+00  1.42324281E+00  1.42406886E+00
   894  3.57600000E+02  1.42406886E+00  1.42324281E+00  1.42406886E+00
   895  3.58000000E+02  1.42406886E+00  1.42324281E+00  1.42406886E+00
   896  3.58400000E+02  1.42406886E+00  1.42324281E+00  1.42406886E+00
   897  3.58800000E+02  1.42406886E+00  1.42324281E+00  1.42406886E+00
   898  3.59200000E+02  1.42406886E+00  1.42324281E+00  1.42406886E+00
   899  3.59600000E+02  1.42406886E+00  1.42324281E+00  1.42406886E+00
   900  3.60000000E+02  1.42406886E+00  1.42324281E+00  1.42406886E+00
   901  3.60400000E+02  1.42406886E+00  1.42324281E+00  1.42406886E+00
   902  3.60800000E+02  1.42406886E+00  1.42324281E+00  1.42406886E+00
   903  3.61200000E+02  1.42406886E+00  1.42324281E+00  1.42406886E+00
   904  3.61600000E+02  1.42406886E+00  1.42324281E+00  1.42406886E+00
   905  3.62000000E+02  1.42406886E+00  1.42324281E+00  1.42406886E+00
   906  3.62400000E+02  1.42406886E+00  1.42324281E+00  1.42406886E+00
   907  3.62800000E+02  1.42406886E+00  1.42324281E+00  1.42406886E+00
   908  3.63200000E+02  1.42406886E+00  1.42324281E+00  1.42406886E+00
   909  3.63600000E+02  1.42406886E+00  1.42324281E+00  1.42406886E+00
   910  3.64000000E+02  1.42406886E+00  1.42324281E+00  1.42406886E+00
   911  3.64400000E+02  1.42406886E+00  1.42324281E+00  1.42406886E+00
   912  3.64800000E+02  1.42406886E+00  1.42324281E+00  1.42406886E+00
   913  3.65200000E+02  1.42406886E+00  1.42324281E+00  1.42406886E+00
   914  3.65600000E+02  1.42406886E+00  1.42324281E+00  1.42406886E+00
   915  3.66000000E+02  1.42406886E+00  1.42324281E+00  1.42406886E+00
   916  3.66400000E+02  1.42406886E+00  1.42324281E+00  1.42406886E+00
   917  3.66800000E+02  1.42406886E+00  1.42324281E+00  1.42406886E+00
   918  3.67200000E+02  1.42406886E+00  1.42324281E+00  1.42406886E+00
   919  3.67600000E+02  1.42406886E+00  1.42324281E+00  1.42406886E+00
   920  3.68000000E+02  1.42406886E+00  1.42324281E+00  1.42406886E+00
   921  3.68400000E+02  1.42406886E+00  1.42324281E+00  1.42406886E+00
   922  3.68800000E+02  1.42406886E+00  1.42324281E+00  1.42406886E+00
   923  3.69200000E+02  1.42406886E+00  1.42324281E+00  1.42406886E+00
   924  3.69600000E+02  1.42406886E+00  1.42324281E+00  1.42406886E+00
   925  3.70000000E+02  1.42406886E+00  1.42324281E+00  1.42406886E+00
   926  3.70400000E+02  1.42406886E+00  1.42324281E+00  1.42406886E+00
   927  3.70800000E+02  1.42406886E+00  1.42324281E+00  1.42406886E+00
   928  3.71200000E+02  1.42406886E+00  1.42324281E+00  1.42406886E+00
   929  3.71600000E+02  1.42406886E+00  1.42324281E+00  1.42406886E+00
   930  3.72000000E+02  1.42406886E+00  1.42324281E+00  1.42406886E+00
   931  3.72400000E+02  1.42406886E+00  1.42324281E+00  1.42406886E+00
   932  3.72800000E+02  1.42406886E+00  1.42324281E+00  1.42406886E+00
   933  3.73200000E+02  1.42406886E+00  1.42324281E+00  1.42406886E+00
   934  3.73600000E+02  1.42406886E+00  1.42324281E+00  1.42406886E+00
   935  3.74000000E+02  1.42406886E+00  1.42324281E+00  1.42406886E+00
   936  3.74400000E+02  1.42406886E+00  1.42324281E+00  1.42406886E+00
   937  3.74800000E+02  1.42406886E+00  1.42324281E+00  1.42406886E+00
   938  3.75200000E+02  1.42406886E+00  1.42324281E+00  1.42406886E+00
   939  3.75600000E+02  1.42406886E+00  1.42324281E+00  1.42406886E+00
   940  3.76000000E+02  1.42406886E+00  1.42324281E+00  1.42406886E+00
   941  3.76400000E+02  1.42406886E+00  1.42324281E+00  1.42406886E+00
   942  3.76800000E+02  1.42406886E+00  1.42324281E+00  1.42406886E+00
   943  3.77200000E+02  1.42406886E+00  1.42324281E+00  1.42406886E+00
   944  3.77600000E+02  1.42406886E+00  1.42324281E+00  1.42406886E+00
   945  3.78000000E+02  1.42406886E+00  1.42324281E+00  1.42406886E+00
   946  3.78400000E+02  1.42406886E+00  1.42324281E+00  1.42406886E+00
   947  3.78800000E+02  1.42406886E+00  1.42324281E+00  1.42406886E+00
   948  3.79200000E+02  1.42406886E+00  1.42324281E+00  1.42406886E+00
   949  3.79600000E+02  1.42406886E+00  1.42324281E+00  1.42406886E+00
   950  3.80000000E+02  1.42406886E+00  1.42324281E+00  1.42406886E+00
   951  3.80400000E+02  1.42406886E+00  1.42324281E+00  1.42406886E+00
   952  3.80800000E+02  1.42406886E+00  1.42324281E+00  1.42406886E+00
   953  3.81200000E+02  1.42406886E+00  1.42324281E+00  1.42406886E+00
   954  3.81600000E+02  1.42406886E+00  1.42324281E+00  1.42406886E+00
   955  3.82000000E+02  1.42406886E+00  1.42324281E+00  1.42406886E+00
   956  3.82400000E+02  1.42406886E+00  1.42324281E+00  1.42406886E+00
   957  3.82800000E+02  1.42406886E+00  1.42324281E+00  1.42406886E+00
   958  3.83200000E+02  1.42406886E+00  1.42324281E+00  1.42406886E+00
   959  3.83600000E+02  1.42406886E+00  1.42324281E+00  1.42406886E+00
   960  3.84000000E+02  1.42406886E+00  1.42324281E+00  1.42406886E+00
   961  3.84400000E+02  1.42406886E+00  1.42324281E+00  1.42406886E+00
   962  3.84800000E+02  1.42406886E+00  1.42324281E+00  1.42406886E+00
   963  3.85200000E+02  1.42406886E+00  1.42324281E+00  1.42406886E+00
   964  3.85600000E+02  1.42406886E+00  1.42324281E+00  1.42406886E+00
   965  3.86000000E+02  1.42406886E+00  1.42324281E+00  1.42406886E+00
   966  3.86400000E+02  1.42406886E+00  1.42324281E+00  1.42406886E+00
   967  3.86800000E+02  1.42406886E+00  1.42324281E+00  1.42406886E+00
   968  3.87200000E+02  1.42406886E+00  1.42324281E+00  1.42406886E+00
   969  3.87600000E+02  1.42406886E+00  1.42324281E+00  1.42406886E+00
   970  3.88000000E+02  1.42406886E+00  1.42324281E+00  1.42406886E+00
   971  3.88400000E+02  1.42406886E+00  1.42324281E+00  1.42406886E+00
   972  3.88800000E+02  1.42406886E+00  1.42324281E+00  1.42406886E+00
   973  3.89200000E+02  1.42406886E+00  1.42324281E+00  1.42406886E+00
   974  3.89600000E+02  1.42406886E+00  1.42324281E+00  1.42406886E+00
   975  3.90000000E+02  1.42406886E+00  1.42324281E+00  1.42406886E+00
   976  3.90400000E+02  1.42406886E+00  1.42324281E+00  1.42406886E+00
   977  3.90800000E+02  1.42406886E+00  1.42324281E+00  1.42406886E+00
   978  3.91200000E+02  1.42406886E+00  1.42324281E+00  1.42406886E+00
   979  3.91600000E+02  1.42406886E+00  1.42324281E+00  1.42406886E+00
   980  3.92000000E+02  1.42406886E+00  1.42324281E+00  1.42406886E+00
   981  3.92400000E+02  1.42406886E+00  1.42324281E+00  1.42406886E+00
   982  3.92800000E+02  1.42406886E+00  1.42324281E+00  1.42406886E+00
   983  3.93200000E+02  1.42406886E+00  1.42324281E+00  1.42406886E+00
   984  3.93600000E+02  1.42406886E+00  1.42324281E+00  1.42406886E+00
   985  3.94000000E+02  1.42406886E+00  1.42324281E+00  1.42406886E+00
   986  3.94400000E+02  1.42406886E+00  1.42324281E+00  1.42406886E+00
   987  3.94800000E+02  1.42406886E+00  1.42324281E+00  1.42406886E+00
   988  3.95200000E+02  1.42406886E+00  1.42324281E+00  1.42406886E+00
   989  3.95600000E+02  1.42406886E+00  1.42324281E+00  1.42406886E+00
   990  3.96000000E+02  1.42406886E+00  1.42324281E+00  1.42406886E+00
   991  3.96400000E+02  1.42406886E+00  1.42324281E+00  1.42406886E+00
   992  3.96800000E+02  1.42406886E+00  1.42324281E+00  1.42406886E+00
   993  3.97200000E+02  1.42406886E+00  1.42324281E+00  1.42406886E+00
   994  3.97600000E+02  1.42406886E+00  1.42324281E+00  1.42406886E+00
   995  3.98000000E+02  1.42406886E+00  1.42324281E+00  1.42406886E+00
   996  3.98400000E+02  1.42406886E+00  1.42324281E+00  1.42406886E+00
   997  3.98800000E+02  1.42406886E+00  1.42324281E+00  1.42406886E+00
   998  3.99200000E+02  1.42406886E+00  1.42324281E+00  1.42406886E+00
   999  3.99600000E+02  1.42406886E+00  1.42324281E+00  1.42406886E+00
  1000  4.00000000E+02  1.42406886E+00  1.42324281E+00  1.42406886E+00
