 dx_box  0.20000000000000001      dx_wall  0.20000000000000001     
 comppar: model =   2
 comppar: lambda,mobility/eps,betav,eta_0 =  1.0000E+00  0.0000E+00  1.1111E-01  1.0000E+00
 comppar: eta_s,eta_p,G =  1.1111E-01  8.8889E-01  8.8889E-01
 comppar: U_avg,deltat,flowrate,nsteps =  5.0000E-01  1.6000E-01  1.5708E+00    1000
 comppar: geometry = axisymmetric
 comppar: steady stop change,gap,hold,min =  1.0000E-05  5.0000E-03      10      80
 comppar: ncompc,ncompg =     4     5
 mesh nnodes = 1559
 mesh nelem = 728
 P1 BC   5.0000000000000000     
 P2 BC   0.0000000000000000     
     1  1.60000000E-01  1.00998365E+00  1.00000000E+00  1.00998365E+00
     2  3.20000000E-01  1.01924112E+00  1.00000000E+00  1.01924112E+00
     3  4.80000000E-01  1.02800154E+00  1.00000000E+00  1.02800154E+00
     4  6.40000000E-01  1.03709739E+00  1.00000001E+00  1.03709739E+00
     5  8.00000000E-01  1.04677489E+00  1.00000000E+00  1.04677489E+00
     6  9.60000000E-01  1.05724902E+00  1.00000000E+00  1.05724902E+00
     7  1.12000000E+00  1.06841216E+00  9.99999991E-01  1.06841216E+00
     8  1.28000000E+00  1.08028733E+00  9.99999974E-01  1.08028733E+00
     9  1.44000000E+00  1.09262650E+00  9.99999948E-01  1.09262650E+00
    10  1.60000000E+00  1.10507734E+00  9.99999911E-01  1.10507734E+00
    11  1.76000000E+00  1.11746825E+00  9.99999860E-01  1.11746825E+00
    12  1.92000000E+00  1.12965995E+00  9.99999790E-01  1.12965995E+00
    13  2.08000000E+00  1.14165529E+00  9.99999698E-01  1.14165529E+00
    14  2.24000000E+00  1.15371641E+00  9.99999581E-01  1.15371641E+00
    15  2.40000000E+00  1.16542482E+00  9.99999434E-01  1.16542482E+00
    16  2.56000000E+00  1.17670823E+00  9.99999251E-01  1.17670823E+00
    17  2.72000000E+00  1.18788440E+00  9.99999026E-01  1.18788440E+00
    18  2.88000000E+00  1.19897534E+00  9.99998751E-01  1.19897534E+00
    19  3.04000000E+00  1.20953443E+00  9.99998418E-01  1.20953443E+00
    20  3.20000000E+00  1.21959159E+00  9.99998018E-01  1.21959159E+00
    21  3.36000000E+00  1.22936336E+00  9.99997544E-01  1.22936336E+00
    22  3.52000000E+00  1.23917807E+00  9.99996984E-01  1.23917807E+00
    23  3.68000000E+00  1.24857098E+00  9.99996327E-01  1.24857098E+00
    24  3.84000000E+00  1.25753838E+00  9.99995562E-01  1.25753838E+00
    25  4.00000000E+00  1.26598307E+00  9.99994672E-01  1.26598307E+00
    26  4.16000000E+00  1.27417383E+00  9.99993641E-01  1.27417383E+00
    27  4.32000000E+00  1.28259531E+00  9.99992452E-01  1.28259531E+00
    28  4.48000000E+00  1.29031419E+00  9.99991086E-01  1.29031419E+00
    29  4.64000000E+00  1.29711875E+00  9.99989523E-01  1.29711875E+00
    30  4.80000000E+00  1.30429723E+00  9.99987740E-01  1.30429723E+00
    31  4.96000000E+00  1.31137205E+00  9.99985713E-01  1.31137205E+00
    32  5.12000000E+00  1.31743786E+00  9.99983414E-01  1.31743786E+00
    33  5.28000000E+00  1.32296319E+00  9.99980816E-01  1.32296319E+00
    34  5.44000000E+00  1.32933638E+00  9.99977885E-01  1.32933638E+00
    35  5.60000000E+00  1.33470442E+00  9.99974588E-01  1.33470442E+00
    36  5.76000000E+00  1.33907069E+00  9.99970889E-01  1.33907069E+00
    37  5.92000000E+00  1.34474233E+00  9.99966751E-01  1.34474233E+00
    38  6.08000000E+00  1.34951502E+00  9.99962134E-01  1.34951502E+00
    39  6.24000000E+00  1.35333349E+00  9.99956996E-01  1.35333349E+00
    40  6.40000000E+00  1.35726824E+00  9.99951292E-01  1.35726824E+00
    41  6.56000000E+00  1.36155009E+00  9.99944977E-01  1.36155009E+00
    42  6.72000000E+00  1.36502753E+00  9.99938005E-01  1.36502753E+00
    43  6.88000000E+00  1.36796373E+00  9.99930329E-01  1.36796373E+00
    44  7.04000000E+00  1.37174750E+00  9.99921901E-01  1.37174750E+00
    45  7.20000000E+00  1.37481108E+00  9.99912676E-01  1.37481108E+00
    46  7.36000000E+00  1.37736745E+00  9.99902610E-01  1.37736745E+00
    47  7.52000000E+00  1.38022320E+00  9.99891661E-01  1.38022320E+00
    48  7.68000000E+00  1.38308817E+00  9.99879791E-01  1.38308817E+00
    49  7.84000000E+00  1.38552632E+00  9.99866971E-01  1.38552632E+00
    50  8.00000000E+00  1.38769752E+00  9.99853178E-01  1.38769752E+00
    51  8.16000000E+00  1.38990166E+00  9.99838400E-01  1.38990166E+00
    52  8.32000000E+00  1.39213091E+00  9.99822639E-01  1.39213091E+00
    53  8.48000000E+00  1.39416934E+00  9.99805913E-01  1.39416934E+00
    54  8.64000000E+00  1.39610083E+00  9.99788260E-01  1.39610083E+00
    55  8.80000000E+00  1.39794875E+00  9.99769745E-01  1.39794875E+00
    56  8.96000000E+00  1.39971157E+00  9.99750461E-01  1.39971157E+00
    57  9.12000000E+00  1.40152039E+00  9.99730535E-01  1.40152039E+00
    58  9.28000000E+00  1.40322787E+00  9.99710141E-01  1.40322787E+00
    59  9.44000000E+00  1.40482589E+00  9.99689498E-01  1.40482589E+00
    60  9.60000000E+00  1.40629439E+00  9.99668887E-01  1.40629439E+00
    61  9.76000000E+00  1.40761634E+00  9.99648657E-01  1.40761634E+00
    62  9.92000000E+00  1.40893302E+00  9.99629234E-01  1.40893302E+00
    63  1.00800000E+01  1.41033449E+00  9.99611140E-01  1.41033449E+00
    64  1.02400000E+01  1.41158240E+00  9.99595003E-01  1.41158240E+00
    65  1.04000000E+01  1.41267574E+00  9.99581572E-01  1.41267574E+00
    66  1.05600000E+01  1.41362625E+00  9.99571741E-01  1.41362625E+00
    67  1.07200000E+01  1.41474524E+00  9.99566562E-01  1.41474524E+00
    68  1.08800000E+01  1.41577007E+00  9.99567272E-01  1.41577007E+00
    69  1.10400000E+01  1.41666580E+00  9.99575318E-01  1.41666580E+00
    70  1.12000000E+01  1.41744528E+00  9.99592382E-01  1.41744528E+00
    71  1.13600000E+01  1.41825403E+00  9.99620417E-01  1.41825403E+00
    72  1.15200000E+01  1.41908571E+00  9.99661675E-01  1.41908571E+00
    73  1.16800000E+01  1.41980632E+00  9.99718750E-01  1.41980632E+00
    74  1.18400000E+01  1.42043234E+00  9.99794622E-01  1.42043234E+00
    75  1.20000000E+01  1.42097850E+00  9.99892700E-01  1.42097850E+00
    76  1.21600000E+01  1.42164021E+00  1.00001688E+00  1.42164021E+00
    77  1.23200000E+01  1.42222682E+00  1.00017158E+00  1.42222682E+00
    78  1.24800000E+01  1.42273535E+00  1.00036185E+00  1.42273535E+00
    79  1.26400000E+01  1.42317761E+00  1.00059337E+00  1.42317761E+00
    80  1.28000000E+01  1.42357876E+00  1.00087258E+00  1.42357876E+00
    81  1.29600000E+01  1.42404793E+00  1.00120671E+00  1.42404793E+00
    82  1.31200000E+01  1.42445696E+00  1.00160391E+00  1.42445696E+00
    83  1.32800000E+01  1.42481462E+00  1.00207327E+00  1.42481462E+00
    84  1.34400000E+01  1.42512756E+00  1.00262495E+00  1.42512756E+00
    85  1.36000000E+01  1.42542456E+00  1.00327028E+00  1.42542456E+00
    86  1.37600000E+01  1.42575392E+00  1.00402182E+00  1.42575392E+00
    87  1.39200000E+01  1.42604122E+00  1.00489348E+00  1.42604122E+00
    88  1.40800000E+01  1.42629185E+00  1.00590058E+00  1.42629185E+00
    89  1.42400000E+01  1.42651007E+00  1.00705993E+00  1.42651007E+00
    90  1.44000000E+01  1.42670938E+00  1.00838992E+00  1.42670938E+00
    91  1.45600000E+01  1.42694317E+00  1.00991049E+00  1.42694317E+00
    92  1.47200000E+01  1.42714667E+00  1.01164319E+00  1.42714667E+00
    93  1.48800000E+01  1.42732299E+00  1.01361114E+00  1.42732299E+00
    94  1.50400000E+01  1.42747504E+00  1.01583895E+00  1.42747504E+00
    95  1.52000000E+01  1.42762110E+00  1.01835256E+00  1.42762110E+00
    96  1.53600000E+01  1.42778295E+00  1.02117911E+00  1.42778295E+00
    97  1.55200000E+01  1.42792274E+00  1.02434659E+00  1.42792274E+00
    98  1.56800000E+01  1.42804297E+00  1.02788354E+00  1.42804297E+00
    99  1.58400000E+01  1.42814603E+00  1.03181853E+00  1.42814603E+00
   100  1.60000000E+01  1.42823422E+00  1.03617960E+00  1.42823422E+00
   101  1.61600000E+01  1.42833569E+00  1.04099366E+00  1.42833569E+00
   102  1.63200000E+01  1.42843107E+00  1.04628566E+00  1.42843107E+00
   103  1.64800000E+01  1.42851255E+00  1.05207788E+00  1.42851255E+00
   104  1.66400000E+01  1.42858218E+00  1.05838903E+00  1.42858218E+00
   105  1.68000000E+01  1.42864174E+00  1.06523350E+00  1.42864174E+00
   106  1.69600000E+01  1.42869276E+00  1.07262048E+00  1.42869276E+00
   107  1.71200000E+01  1.42874294E+00  1.08055334E+00  1.42874294E+00
   108  1.72800000E+01  1.42879762E+00  1.08902898E+00  1.42879762E+00
   109  1.74400000E+01  1.42884433E+00  1.09803739E+00  1.42884433E+00
   110  1.76000000E+01  1.42888427E+00  1.10756139E+00  1.42888427E+00
   111  1.77600000E+01  1.42891843E+00  1.11757658E+00  1.42891843E+00
   112  1.79200000E+01  1.42894760E+00  1.12805154E+00  1.42894760E+00
   113  1.80800000E+01  1.42897247E+00  1.13894823E+00  1.42897247E+00
   114  1.82400000E+01  1.42899359E+00  1.15022274E+00  1.42899359E+00
   115  1.84000000E+01  1.42901145E+00  1.16182615E+00  1.42901145E+00
   116  1.85600000E+01  1.42903372E+00  1.17370558E+00  1.42903372E+00
   117  1.87200000E+01  1.42905323E+00  1.18580528E+00  1.42905323E+00
   118  1.88800000E+01  1.42906970E+00  1.19806775E+00  1.42906970E+00
   119  1.90400000E+01  1.42908352E+00  1.21043466E+00  1.42908352E+00
   120  1.92000000E+01  1.42909507E+00  1.22284765E+00  1.42909507E+00
   121  1.93600000E+01  1.42910467E+00  1.23524887E+00  1.42910467E+00
   122  1.95200000E+01  1.42911260E+00  1.24758138E+00  1.42911260E+00
   123  1.96800000E+01  1.42911912E+00  1.25978943E+00  1.42911912E+00
   124  1.98400000E+01  1.42912444E+00  1.27181866E+00  1.42912444E+00
   125  2.00000000E+01  1.42912874E+00  1.28361637E+00  1.42912874E+00
   126  2.01600000E+01  1.42913218E+00  1.29513181E+00  1.42913218E+00
   127  2.03200000E+01  1.42913489E+00  1.30631653E+00  1.42913489E+00
   128  2.04800000E+01  1.42913698E+00  1.31712474E+00  1.42913698E+00
   129  2.06400000E+01  1.42913854E+00  1.32751351E+00  1.42913854E+00
   130  2.08000000E+01  1.42913966E+00  1.33744283E+00  1.42913966E+00
   131  2.09600000E+01  1.42914042E+00  1.34687553E+00  1.42914042E+00
   132  2.11200000E+01  1.42914088E+00  1.35577707E+00  1.42914088E+00
   133  2.12800000E+01  1.42914110E+00  1.36411536E+00  1.42914110E+00
   134  2.14400000E+01  1.42914112E+00  1.37186094E+00  1.42914112E+00
   135  2.16000000E+01  1.42914099E+00  1.37898761E+00  1.42914099E+00
   136  2.17600000E+01  1.42914074E+00  1.38547370E+00  1.42914074E+00
   137  2.19200000E+01  1.42914040E+00  1.39130401E+00  1.42914040E+00
   138  2.20800000E+01  1.42913999E+00  1.39647225E+00  1.42913999E+00
   139  2.22400000E+01  1.42913954E+00  1.40098354E+00  1.42913954E+00
   140  2.24000000E+01  1.42913915E+00  1.40485668E+00  1.42913915E+00
   141  2.25600000E+01  1.42913871E+00  1.40812542E+00  1.42913871E+00
   142  2.27200000E+01  1.42913823E+00  1.41083853E+00  1.42913823E+00
   143  2.28800000E+01  1.42913773E+00  1.41305825E+00  1.42913773E+00
   144  2.30400000E+01  1.42913722E+00  1.41485715E+00  1.42913722E+00
   145  2.32000000E+01  1.42913671E+00  1.41631362E+00  1.42913671E+00
   146  2.33600000E+01  1.42913620E+00  1.41750662E+00  1.42913620E+00
   147  2.35200000E+01  1.42913571E+00  1.41851021E+00  1.42913571E+00
   148  2.36800000E+01  1.42913525E+00  1.41938876E+00  1.42913525E+00
   149  2.38400000E+01  1.42913486E+00  1.42019325E+00  1.42913486E+00
   150  2.40000000E+01  1.42913449E+00  1.42095938E+00  1.42913449E+00
   151  2.41600000E+01  1.42913414E+00  1.42170742E+00  1.42913414E+00
   152  2.43200000E+01  1.42913382E+00  1.42244378E+00  1.42913382E+00
   153  2.44800000E+01  1.42913352E+00  1.42316400E+00  1.42913352E+00
   154  2.46400000E+01  1.42913325E+00  1.42385645E+00  1.42913325E+00
   155  2.48000000E+01  1.42913300E+00  1.42450632E+00  1.42913300E+00
   156  2.49600000E+01  1.42913277E+00  1.42509919E+00  1.42913277E+00
   157  2.51200000E+01  1.42913256E+00  1.42562378E+00  1.42913256E+00
   158  2.52800000E+01  1.42913236E+00  1.42607370E+00  1.42913236E+00
   159  2.54400000E+01  1.42913219E+00  1.42644803E+00  1.42913219E+00
   160  2.56000000E+01  1.42913203E+00  1.42675097E+00  1.42913203E+00
   161  2.57600000E+01  1.42913188E+00  1.42699069E+00  1.42913188E+00
   162  2.59200000E+01  1.42913175E+00  1.42717782E+00  1.42913175E+00
   163  2.60800000E+01  1.42913163E+00  1.42732389E+00  1.42913163E+00
   164  2.62400000E+01  1.42913153E+00  1.42743987E+00  1.42913153E+00
   165  2.64000000E+01  1.42913143E+00  1.42753516E+00  1.42913143E+00
   166  2.65600000E+01  1.42913134E+00  1.42761701E+00  1.42913134E+00
   167  2.67200000E+01  1.42913126E+00  1.42769033E+00  1.42913126E+00
   168  2.68800000E+01  1.42913119E+00  1.42775794E+00  1.42913119E+00
   169  2.70400000E+01  1.42913113E+00  1.42782097E+00  1.42913113E+00
   170  2.72000000E+01  1.42913107E+00  1.42787945E+00  1.42913107E+00
   171  2.73600000E+01  1.42913102E+00  1.42793286E+00  1.42913102E+00
   172  2.75200000E+01  1.42913097E+00  1.42798052E+00  1.42913097E+00
   173  2.76800000E+01  1.42913093E+00  1.42802196E+00  1.42913093E+00
   174  2.78400000E+01  1.42913089E+00  1.42805707E+00  1.42913089E+00
   175  2.80000000E+01  1.42913086E+00  1.42808611E+00  1.42913086E+00
   176  2.81600000E+01  1.42913083E+00  1.42810966E+00  1.42913083E+00
   177  2.83200000E+01  1.42913080E+00  1.42812851E+00  1.42913080E+00
   178  2.84800000E+01  1.42913078E+00  1.42814353E+00  1.42913078E+00
   179  2.86400000E+01  1.42913076E+00  1.42815556E+00  1.42913076E+00
   180  2.88000000E+01  1.42913074E+00  1.42816533E+00  1.42913074E+00
   181  2.89600000E+01  1.42913072E+00  1.42817339E+00  1.42913072E+00
   182  2.91200000E+01  1.42913071E+00  1.42818016E+00  1.42913071E+00
   183  2.92800000E+01  1.42913069E+00  1.42818592E+00  1.42913069E+00
   184  2.94400000E+01  1.42913068E+00  1.42819080E+00  1.42913068E+00
   185  2.96000000E+01  1.42913067E+00  1.42819492E+00  1.42913067E+00
   186  2.97600000E+01  1.42913066E+00  1.42819831E+00  1.42913066E+00
   187  2.99200000E+01  1.42913065E+00  1.42820103E+00  1.42913065E+00
   188  3.00800000E+01  1.42913065E+00  1.42820313E+00  1.42913065E+00
   189  3.02400000E+01  1.42913064E+00  1.42820467E+00  1.42913064E+00
 steady-height stop at step    189: changes <=   1.0000E-05, max-end <=   5.0000E-03, max/end/gap/profile_change =   1.42913064E+00  1.42820467E+00  9.25972399E-04  1.53797944E-06
