 dx_box  0.20000000000000001      dx_wall  0.10000000000000001     
 comppar: model =   2
 comppar: lambda,mobility/eps,betav,eta_0 =  1.0000E+00  0.0000E+00  1.1111E-01  1.0000E+00
 comppar: eta_s,eta_p,G =  1.1111E-01  8.8889E-01  8.8889E-01
 comppar: U_avg,deltat,flowrate,nsteps =  5.0000E-01  5.0000E-02  1.5708E+00    1000
 comppar: geometry = axisymmetric
 comppar: steady stop change,gap,hold,min =  1.0000E-05  5.0000E-03      10      80
 comppar: ncompc,ncompg =     4     5
 mesh nnodes = 2291
 mesh nelem = 1088
 P1 BC   5.0000000000000000     
 P2 BC   0.0000000000000000     
     1  5.00000000E-02  1.00314874E+00  1.00000000E+00  1.00314874E+00
     2  1.00000000E-01  1.00620462E+00  1.00000000E+00  1.00620462E+00
     3  1.50000000E-01  1.00914692E+00  1.00000000E+00  1.00914692E+00
     4  2.00000000E-01  1.01199773E+00  1.00000000E+00  1.01199773E+00
     5  2.50000000E-01  1.01478337E+00  1.00000000E+00  1.01478337E+00
     6  3.00000000E-01  1.01750846E+00  1.00000000E+00  1.01750846E+00
     7  3.50000000E-01  1.02019983E+00  1.00000000E+00  1.02019983E+00
     8  4.00000000E-01  1.02288610E+00  1.00000000E+00  1.02288610E+00
     9  4.50000000E-01  1.02559262E+00  1.00000001E+00  1.02559262E+00
    10  5.00000000E-01  1.02829539E+00  1.00000001E+00  1.02829539E+00
    11  5.50000000E-01  1.03108790E+00  1.00000001E+00  1.03108790E+00
    12  6.00000000E-01  1.03389634E+00  1.00000001E+00  1.03389634E+00
    13  6.50000000E-01  1.03672548E+00  1.00000001E+00  1.03672548E+00
    14  7.00000000E-01  1.03957924E+00  1.00000001E+00  1.03957924E+00
    15  7.50000000E-01  1.04257693E+00  1.00000001E+00  1.04257693E+00
    16  8.00000000E-01  1.04561093E+00  1.00000001E+00  1.04561093E+00
    17  8.50000000E-01  1.04868125E+00  1.00000001E+00  1.04868125E+00
    18  9.00000000E-01  1.05178881E+00  1.00000001E+00  1.05178881E+00
    19  9.50000000E-01  1.05493444E+00  1.00000001E+00  1.05493444E+00
    20  1.00000000E+00  1.05813581E+00  1.00000001E+00  1.05813581E+00
    21  1.05000000E+00  1.06144912E+00  1.00000000E+00  1.06144912E+00
    22  1.10000000E+00  1.06479996E+00  1.00000000E+00  1.06479996E+00
    23  1.15000000E+00  1.06818718E+00  9.99999998E-01  1.06818718E+00
    24  1.20000000E+00  1.07160934E+00  9.99999993E-01  1.07160934E+00
    25  1.25000000E+00  1.07506468E+00  9.99999989E-01  1.07506468E+00
    26  1.30000000E+00  1.07855113E+00  9.99999983E-01  1.07855113E+00
    27  1.35000000E+00  1.08206637E+00  9.99999976E-01  1.08206637E+00
    28  1.40000000E+00  1.08560780E+00  9.99999968E-01  1.08560780E+00
    29  1.45000000E+00  1.08917262E+00  9.99999960E-01  1.08917262E+00
    30  1.50000000E+00  1.09275790E+00  9.99999950E-01  1.09275790E+00
    31  1.55000000E+00  1.09636054E+00  9.99999939E-01  1.09636054E+00
    32  1.60000000E+00  1.09999981E+00  9.99999927E-01  1.09999981E+00
    33  1.65000000E+00  1.10370573E+00  9.99999913E-01  1.10370573E+00
    34  1.70000000E+00  1.10742136E+00  9.99999898E-01  1.10742136E+00
    35  1.75000000E+00  1.11114372E+00  9.99999881E-01  1.11114372E+00
    36  1.80000000E+00  1.11486972E+00  9.99999862E-01  1.11486972E+00
    37  1.85000000E+00  1.11859612E+00  9.99999842E-01  1.11859612E+00
    38  1.90000000E+00  1.12231946E+00  9.99999819E-01  1.12231946E+00
    39  1.95000000E+00  1.12603603E+00  9.99999795E-01  1.12603603E+00
    40  2.00000000E+00  1.12974179E+00  9.99999769E-01  1.12974179E+00
    41  2.05000000E+00  1.13343244E+00  9.99999740E-01  1.13343244E+00
    42  2.10000000E+00  1.13710342E+00  9.99999709E-01  1.13710342E+00
    43  2.15000000E+00  1.14075011E+00  9.99999675E-01  1.14075011E+00
    44  2.20000000E+00  1.14436800E+00  9.99999639E-01  1.14436800E+00
    45  2.25000000E+00  1.14795293E+00  9.99999600E-01  1.14795293E+00
    46  2.30000000E+00  1.15155696E+00  9.99999558E-01  1.15155696E+00
    47  2.35000000E+00  1.15523049E+00  9.99999513E-01  1.15523049E+00
    48  2.40000000E+00  1.15887242E+00  9.99999465E-01  1.15887242E+00
    49  2.45000000E+00  1.16247882E+00  9.99999413E-01  1.16247882E+00
    50  2.50000000E+00  1.16604620E+00  9.99999357E-01  1.16604620E+00
    51  2.55000000E+00  1.16957180E+00  9.99999298E-01  1.16957180E+00
    52  2.60000000E+00  1.17305375E+00  9.99999234E-01  1.17305375E+00
    53  2.65000000E+00  1.17649108E+00  9.99999167E-01  1.17649108E+00
    54  2.70000000E+00  1.17988371E+00  9.99999095E-01  1.17988371E+00
    55  2.75000000E+00  1.18323225E+00  9.99999018E-01  1.18323225E+00
    56  2.80000000E+00  1.18653784E+00  9.99998936E-01  1.18653784E+00
    57  2.85000000E+00  1.18980203E+00  9.99998850E-01  1.18980203E+00
    58  2.90000000E+00  1.19302669E+00  9.99998758E-01  1.19302669E+00
    59  2.95000000E+00  1.19621395E+00  9.99998661E-01  1.19621395E+00
    60  3.00000000E+00  1.19940222E+00  9.99998558E-01  1.19940222E+00
    61  3.05000000E+00  1.20272492E+00  9.99998449E-01  1.20272492E+00
    62  3.10000000E+00  1.20600622E+00  9.99998334E-01  1.20600622E+00
    63  3.15000000E+00  1.20924777E+00  9.99998212E-01  1.20924777E+00
    64  3.20000000E+00  1.21245144E+00  9.99998084E-01  1.21245144E+00
    65  3.25000000E+00  1.21561901E+00  9.99997949E-01  1.21561901E+00
    66  3.30000000E+00  1.21875172E+00  9.99997806E-01  1.21875172E+00
    67  3.35000000E+00  1.22184984E+00  9.99997655E-01  1.22184984E+00
    68  3.40000000E+00  1.22491210E+00  9.99997497E-01  1.22491210E+00
    69  3.45000000E+00  1.22793538E+00  9.99997330E-01  1.22793538E+00
    70  3.50000000E+00  1.23091449E+00  9.99997154E-01  1.23091449E+00
    71  3.55000000E+00  1.23384241E+00  9.99996969E-01  1.23384241E+00
    72  3.60000000E+00  1.23671070E+00  9.99996775E-01  1.23671070E+00
    73  3.65000000E+00  1.23951027E+00  9.99996571E-01  1.23951027E+00
    74  3.70000000E+00  1.24223235E+00  9.99996357E-01  1.24223235E+00
    75  3.75000000E+00  1.24518166E+00  9.99996132E-01  1.24518166E+00
    76  3.80000000E+00  1.24813705E+00  9.99995896E-01  1.24813705E+00
    77  3.85000000E+00  1.25104249E+00  9.99995648E-01  1.25104249E+00
    78  3.90000000E+00  1.25388802E+00  9.99995389E-01  1.25388802E+00
    79  3.95000000E+00  1.25666353E+00  9.99995117E-01  1.25666353E+00
    80  4.00000000E+00  1.25935990E+00  9.99994833E-01  1.25935990E+00
    81  4.05000000E+00  1.26196984E+00  9.99994535E-01  1.26196984E+00
    82  4.10000000E+00  1.26448851E+00  9.99994224E-01  1.26448851E+00
    83  4.15000000E+00  1.26691364E+00  9.99993898E-01  1.26691364E+00
    84  4.20000000E+00  1.26924533E+00  9.99993558E-01  1.26924533E+00
    85  4.25000000E+00  1.27148547E+00  9.99993203E-01  1.27148547E+00
    86  4.30000000E+00  1.27421481E+00  9.99992831E-01  1.27421481E+00
    87  4.35000000E+00  1.27687994E+00  9.99992443E-01  1.27687994E+00
    88  4.40000000E+00  1.27946963E+00  9.99992038E-01  1.27946963E+00
    89  4.45000000E+00  1.28198112E+00  9.99991615E-01  1.28198112E+00
    90  4.50000000E+00  1.28441262E+00  9.99991174E-01  1.28441262E+00
    91  4.55000000E+00  1.28676315E+00  9.99990713E-01  1.28676315E+00
    92  4.60000000E+00  1.28903242E+00  9.99990233E-01  1.28903242E+00
    93  4.65000000E+00  1.29122071E+00  9.99989733E-01  1.29122071E+00
    94  4.70000000E+00  1.29332884E+00  9.99989211E-01  1.29332884E+00
    95  4.75000000E+00  1.29535807E+00  9.99988667E-01  1.29535807E+00
    96  4.80000000E+00  1.29731016E+00  9.99988101E-01  1.29731016E+00
    97  4.85000000E+00  1.29940618E+00  9.99987512E-01  1.29940618E+00
    98  4.90000000E+00  1.30177104E+00  9.99986898E-01  1.30177104E+00
    99  4.95000000E+00  1.30405461E+00  9.99986260E-01  1.30405461E+00
   100  5.00000000E+00  1.30625657E+00  9.99985596E-01  1.30625657E+00
   101  5.05000000E+00  1.30837737E+00  9.99984906E-01  1.30837737E+00
   102  5.10000000E+00  1.31041821E+00  9.99984189E-01  1.31041821E+00
   103  5.15000000E+00  1.31238097E+00  9.99983444E-01  1.31238097E+00
   104  5.20000000E+00  1.31426812E+00  9.99982670E-01  1.31426812E+00
   105  5.25000000E+00  1.31608252E+00  9.99981866E-01  1.31608252E+00
   106  5.30000000E+00  1.31782726E+00  9.99981032E-01  1.31782726E+00
   107  5.35000000E+00  1.31950553E+00  9.99980167E-01  1.31950553E+00
   108  5.40000000E+00  1.32112042E+00  9.99979268E-01  1.32112042E+00
   109  5.45000000E+00  1.32267492E+00  9.99978337E-01  1.32267492E+00
   110  5.50000000E+00  1.32442328E+00  9.99977370E-01  1.32442328E+00
   111  5.55000000E+00  1.32636217E+00  9.99976368E-01  1.32636217E+00
   112  5.60000000E+00  1.32822923E+00  9.99975329E-01  1.32822923E+00
   113  5.65000000E+00  1.33002638E+00  9.99974252E-01  1.33002638E+00
   114  5.70000000E+00  1.33175576E+00  9.99973136E-01  1.33175576E+00
   115  5.75000000E+00  1.33341967E+00  9.99971980E-01  1.33341967E+00
   116  5.80000000E+00  1.33502057E+00  9.99970782E-01  1.33502057E+00
   117  5.85000000E+00  1.33656102E+00  9.99969542E-01  1.33656102E+00
   118  5.90000000E+00  1.33804369E+00  9.99968257E-01  1.33804369E+00
   119  5.95000000E+00  1.33947130E+00  9.99966928E-01  1.33947130E+00
   120  6.00000000E+00  1.34084659E+00  9.99965552E-01  1.34084659E+00
   121  6.05000000E+00  1.34217228E+00  9.99964129E-01  1.34217228E+00
   122  6.10000000E+00  1.34359544E+00  9.99962656E-01  1.34359544E+00
   123  6.15000000E+00  1.34522266E+00  9.99961135E-01  1.34522266E+00
   124  6.20000000E+00  1.34678820E+00  9.99959561E-01  1.34678820E+00
   125  6.25000000E+00  1.34829488E+00  9.99957936E-01  1.34829488E+00
   126  6.30000000E+00  1.34974556E+00  9.99956257E-01  1.34974556E+00
   127  6.35000000E+00  1.35114307E+00  9.99954523E-01  1.35114307E+00
   128  6.40000000E+00  1.35249019E+00  9.99952732E-01  1.35249019E+00
   129  6.45000000E+00  1.35378958E+00  9.99950884E-01  1.35378958E+00
   130  6.50000000E+00  1.35504376E+00  9.99948978E-01  1.35504376E+00
   131  6.55000000E+00  1.35625511E+00  9.99947011E-01  1.35625511E+00
   132  6.60000000E+00  1.35742587E+00  9.99944982E-01  1.35742587E+00
   133  6.65000000E+00  1.35855813E+00  9.99942890E-01  1.35855813E+00
   134  6.70000000E+00  1.35968938E+00  9.99940734E-01  1.35968938E+00
   135  6.75000000E+00  1.36107718E+00  9.99938511E-01  1.36107718E+00
   136  6.80000000E+00  1.36241426E+00  9.99936221E-01  1.36241426E+00
   137  6.85000000E+00  1.36370312E+00  9.99933862E-01  1.36370312E+00
   138  6.90000000E+00  1.36494620E+00  9.99931431E-01  1.36494620E+00
   139  6.95000000E+00  1.36614588E+00  9.99928929E-01  1.36614588E+00
   140  7.00000000E+00  1.36730442E+00  9.99926352E-01  1.36730442E+00
   141  7.05000000E+00  1.36842399E+00  9.99923700E-01  1.36842399E+00
   142  7.10000000E+00  1.36950661E+00  9.99920970E-01  1.36950661E+00
   143  7.15000000E+00  1.37055416E+00  9.99918162E-01  1.37055416E+00
   144  7.20000000E+00  1.37156841E+00  9.99915274E-01  1.37156841E+00
   145  7.25000000E+00  1.37255095E+00  9.99912303E-01  1.37255095E+00
   146  7.30000000E+00  1.37350324E+00  9.99909250E-01  1.37350324E+00
   147  7.35000000E+00  1.37442663E+00  9.99906112E-01  1.37442663E+00
   148  7.40000000E+00  1.37533868E+00  9.99902887E-01  1.37533868E+00
   149  7.45000000E+00  1.37644243E+00  9.99899576E-01  1.37644243E+00
   150  7.50000000E+00  1.37751044E+00  9.99896176E-01  1.37751044E+00
   151  7.55000000E+00  1.37854452E+00  9.99892687E-01  1.37854452E+00
   152  7.60000000E+00  1.37954631E+00  9.99889108E-01  1.37954631E+00
   153  7.65000000E+00  1.38051732E+00  9.99885437E-01  1.38051732E+00
   154  7.70000000E+00  1.38145894E+00  9.99881675E-01  1.38145894E+00
   155  7.75000000E+00  1.38237243E+00  9.99877820E-01  1.38237243E+00
   156  7.80000000E+00  1.38325892E+00  9.99873871E-01  1.38325892E+00
   157  7.85000000E+00  1.38411944E+00  9.99869829E-01  1.38411944E+00
   158  7.90000000E+00  1.38495489E+00  9.99865692E-01  1.38495489E+00
   159  7.95000000E+00  1.38576612E+00  9.99861460E-01  1.38576612E+00
   160  8.00000000E+00  1.38655384E+00  9.99857132E-01  1.38655384E+00
   161  8.05000000E+00  1.38731873E+00  9.99852709E-01  1.38731873E+00
   162  8.10000000E+00  1.38806139E+00  9.99848189E-01  1.38806139E+00
   163  8.15000000E+00  1.38881892E+00  9.99843572E-01  1.38881892E+00
   164  8.20000000E+00  1.38969367E+00  9.99838859E-01  1.38969367E+00
   165  8.25000000E+00  1.39054235E+00  9.99834048E-01  1.39054235E+00
   166  8.30000000E+00  1.39136596E+00  9.99829140E-01  1.39136596E+00
   167  8.35000000E+00  1.39216539E+00  9.99824134E-01  1.39216539E+00
   168  8.40000000E+00  1.39294145E+00  9.99819030E-01  1.39294145E+00
   169  8.45000000E+00  1.39369486E+00  9.99813829E-01  1.39369486E+00
   170  8.50000000E+00  1.39442627E+00  9.99808530E-01  1.39442627E+00
   171  8.55000000E+00  1.39513629E+00  9.99803135E-01  1.39513629E+00
   172  8.60000000E+00  1.39582547E+00  9.99797644E-01  1.39582547E+00
   173  8.65000000E+00  1.39649431E+00  9.99792058E-01  1.39649431E+00
   174  8.70000000E+00  1.39714327E+00  9.99786378E-01  1.39714327E+00
   175  8.75000000E+00  1.39777280E+00  9.99780606E-01  1.39777280E+00
   176  8.80000000E+00  1.39838331E+00  9.99774744E-01  1.39838331E+00
   177  8.85000000E+00  1.39897521E+00  9.99768794E-01  1.39897521E+00
   178  8.90000000E+00  1.39955216E+00  9.99762761E-01  1.39955216E+00
   179  8.95000000E+00  1.40025815E+00  9.99756646E-01  1.40025815E+00
   180  9.00000000E+00  1.40094339E+00  9.99750454E-01  1.40094339E+00
   181  9.05000000E+00  1.40160834E+00  9.99744189E-01  1.40160834E+00
   182  9.10000000E+00  1.40225344E+00  9.99737856E-01  1.40225344E+00
   183  9.15000000E+00  1.40287912E+00  9.99731460E-01  1.40287912E+00
   184  9.20000000E+00  1.40348578E+00  9.99725007E-01  1.40348578E+00
   185  9.25000000E+00  1.40407380E+00  9.99718502E-01  1.40407380E+00
   186  9.30000000E+00  1.40464358E+00  9.99711952E-01  1.40464358E+00
   187  9.35000000E+00  1.40519549E+00  9.99705363E-01  1.40519549E+00
   188  9.40000000E+00  1.40572991E+00  9.99698744E-01  1.40572991E+00
   189  9.45000000E+00  1.40624723E+00  9.99692101E-01  1.40624723E+00
   190  9.50000000E+00  1.40674783E+00  9.99685442E-01  1.40674783E+00
   191  9.55000000E+00  1.40723208E+00  9.99678776E-01  1.40723208E+00
   192  9.60000000E+00  1.40772632E+00  9.99672112E-01  1.40772632E+00
   193  9.65000000E+00  1.40830737E+00  9.99665459E-01  1.40830737E+00
   194  9.70000000E+00  1.40887053E+00  9.99658826E-01  1.40887053E+00
   195  9.75000000E+00  1.40941616E+00  9.99652224E-01  1.40941616E+00
   196  9.80000000E+00  1.40994464E+00  9.99645665E-01  1.40994464E+00
   197  9.85000000E+00  1.41045632E+00  9.99639158E-01  1.41045632E+00
   198  9.90000000E+00  1.41095158E+00  9.99632717E-01  1.41095158E+00
   199  9.95000000E+00  1.41143078E+00  9.99626355E-01  1.41143078E+00
   200  1.00000000E+01  1.41189428E+00  9.99620084E-01  1.41189428E+00
   201  1.00500000E+01  1.41234245E+00  9.99613920E-01  1.41234245E+00
   202  1.01000000E+01  1.41277566E+00  9.99607877E-01  1.41277566E+00
   203  1.01500000E+01  1.41319428E+00  9.99601971E-01  1.41319428E+00
   204  1.02000000E+01  1.41359869E+00  9.99596220E-01  1.41359869E+00
   205  1.02500000E+01  1.41398926E+00  9.99590643E-01  1.41398926E+00
   206  1.03000000E+01  1.41436636E+00  9.99585257E-01  1.41436636E+00
   207  1.03500000E+01  1.41474931E+00  9.99580085E-01  1.41474931E+00
   208  1.04000000E+01  1.41521022E+00  9.99575149E-01  1.41521022E+00
   209  1.04500000E+01  1.41565577E+00  9.99570473E-01  1.41565577E+00
   210  1.05000000E+01  1.41608635E+00  9.99566083E-01  1.41608635E+00
   211  1.05500000E+01  1.41650234E+00  9.99562007E-01  1.41650234E+00
   212  1.06000000E+01  1.41690411E+00  9.99558273E-01  1.41690411E+00
   213  1.06500000E+01  1.41729206E+00  9.99554915E-01  1.41729206E+00
   214  1.07000000E+01  1.41766656E+00  9.99551966E-01  1.41766656E+00
   215  1.07500000E+01  1.41802801E+00  9.99549462E-01  1.41802801E+00
   216  1.08000000E+01  1.41837677E+00  9.99547442E-01  1.41837677E+00
   217  1.08500000E+01  1.41871321E+00  9.99545947E-01  1.41871321E+00
   218  1.09000000E+01  1.41903772E+00  9.99545019E-01  1.41903772E+00
   219  1.09500000E+01  1.41935066E+00  9.99544703E-01  1.41935066E+00
   220  1.10000000E+01  1.41965237E+00  9.99545047E-01  1.41965237E+00
   221  1.10500000E+01  1.41994322E+00  9.99546099E-01  1.41994322E+00
   222  1.11000000E+01  1.42022354E+00  9.99547912E-01  1.42022354E+00
   223  1.11500000E+01  1.42056698E+00  9.99550538E-01  1.42056698E+00
   224  1.12000000E+01  1.42091331E+00  9.99554031E-01  1.42091331E+00
   225  1.12500000E+01  1.42124740E+00  9.99558450E-01  1.42124740E+00
   226  1.13000000E+01  1.42156962E+00  9.99563853E-01  1.42156962E+00
   227  1.13500000E+01  1.42188032E+00  9.99570301E-01  1.42188032E+00
   228  1.14000000E+01  1.42217985E+00  9.99577856E-01  1.42217985E+00
   229  1.14500000E+01  1.42246855E+00  9.99586583E-01  1.42246855E+00
   230  1.15000000E+01  1.42274677E+00  9.99596548E-01  1.42274677E+00
   231  1.15500000E+01  1.42301483E+00  9.99607821E-01  1.42301483E+00
   232  1.16000000E+01  1.42327307E+00  9.99620474E-01  1.42327307E+00
   233  1.16500000E+01  1.42352180E+00  9.99634579E-01  1.42352180E+00
   234  1.17000000E+01  1.42376133E+00  9.99650214E-01  1.42376133E+00
   235  1.17500000E+01  1.42399196E+00  9.99667458E-01  1.42399196E+00
   236  1.18000000E+01  1.42421398E+00  9.99686394E-01  1.42421398E+00
   237  1.18500000E+01  1.42442769E+00  9.99707109E-01  1.42442769E+00
   238  1.19000000E+01  1.42464184E+00  9.99729692E-01  1.42464184E+00
   239  1.19500000E+01  1.42490859E+00  9.99754238E-01  1.42490859E+00
   240  1.20000000E+01  1.42516555E+00  9.99780844E-01  1.42516555E+00
   241  1.20500000E+01  1.42541304E+00  9.99809615E-01  1.42541304E+00
   242  1.21000000E+01  1.42565138E+00  9.99840659E-01  1.42565138E+00
   243  1.21500000E+01  1.42588086E+00  9.99874089E-01  1.42588086E+00
   244  1.22000000E+01  1.42610179E+00  9.99910026E-01  1.42610179E+00
   245  1.22500000E+01  1.42631443E+00  9.99948596E-01  1.42631443E+00
   246  1.23000000E+01  1.42651908E+00  9.99989932E-01  1.42651908E+00
   247  1.23500000E+01  1.42671600E+00  1.00003417E+00  1.42671600E+00
   248  1.24000000E+01  1.42690544E+00  1.00008147E+00  1.42690544E+00
   249  1.24500000E+01  1.42708766E+00  1.00013197E+00  1.42708766E+00
   250  1.25000000E+01  1.42726291E+00  1.00018584E+00  1.42726291E+00
   251  1.25500000E+01  1.42743142E+00  1.00024325E+00  1.42743142E+00
   252  1.26000000E+01  1.42759342E+00  1.00030439E+00  1.42759342E+00
   253  1.26500000E+01  1.42775187E+00  1.00036942E+00  1.42775187E+00
   254  1.27000000E+01  1.42795527E+00  1.00043856E+00  1.42795527E+00
   255  1.27500000E+01  1.42815096E+00  1.00051200E+00  1.42815096E+00
   256  1.28000000E+01  1.42833919E+00  1.00058996E+00  1.42833919E+00
   257  1.28500000E+01  1.42852023E+00  1.00067264E+00  1.42852023E+00
   258  1.29000000E+01  1.42869430E+00  1.00076027E+00  1.42869430E+00
   259  1.29500000E+01  1.42886166E+00  1.00085309E+00  1.42886166E+00
   260  1.30000000E+01  1.42902254E+00  1.00095132E+00  1.42902254E+00
   261  1.30500000E+01  1.42917715E+00  1.00105522E+00  1.42917715E+00
   262  1.31000000E+01  1.42932572E+00  1.00116502E+00  1.42932572E+00
   263  1.31500000E+01  1.42946845E+00  1.00128100E+00  1.42946845E+00
   264  1.32000000E+01  1.42960556E+00  1.00140340E+00  1.42960556E+00
   265  1.32500000E+01  1.42973723E+00  1.00153249E+00  1.42973723E+00
   266  1.33000000E+01  1.42986365E+00  1.00166856E+00  1.42986365E+00
   267  1.33500000E+01  1.42998502E+00  1.00181187E+00  1.42998502E+00
   268  1.34000000E+01  1.43011581E+00  1.00196273E+00  1.43011581E+00
   269  1.34500000E+01  1.43027003E+00  1.00212143E+00  1.43027003E+00
   270  1.35000000E+01  1.43041823E+00  1.00228829E+00  1.43041823E+00
   271  1.35500000E+01  1.43056062E+00  1.00246361E+00  1.43056062E+00
   272  1.36000000E+01  1.43069738E+00  1.00264773E+00  1.43069738E+00
   273  1.36500000E+01  1.43082873E+00  1.00284100E+00  1.43082873E+00
   274  1.37000000E+01  1.43095485E+00  1.00304378E+00  1.43095485E+00
   275  1.37500000E+01  1.43107592E+00  1.00325644E+00  1.43107592E+00
   276  1.38000000E+01  1.43119212E+00  1.00347936E+00  1.43119212E+00
   277  1.38500000E+01  1.43130364E+00  1.00371295E+00  1.43130364E+00
   278  1.39000000E+01  1.43141063E+00  1.00395763E+00  1.43141063E+00
   279  1.39500000E+01  1.43151326E+00  1.00421385E+00  1.43151326E+00
   280  1.40000000E+01  1.43161169E+00  1.00448204E+00  1.43161169E+00
   281  1.40500000E+01  1.43170606E+00  1.00476270E+00  1.43170606E+00
   282  1.41000000E+01  1.43179654E+00  1.00505630E+00  1.43179654E+00
   283  1.41500000E+01  1.43190519E+00  1.00536336E+00  1.43190519E+00
   284  1.42000000E+01  1.43202071E+00  1.00568440E+00  1.43202071E+00
   285  1.42500000E+01  1.43213156E+00  1.00601997E+00  1.43213156E+00
   286  1.43000000E+01  1.43223790E+00  1.00637061E+00  1.43223790E+00
   287  1.43500000E+01  1.43233990E+00  1.00673690E+00  1.43233990E+00
   288  1.44000000E+01  1.43243772E+00  1.00711944E+00  1.43243772E+00
   289  1.44500000E+01  1.43253150E+00  1.00751882E+00  1.43253150E+00
   290  1.45000000E+01  1.43262141E+00  1.00793568E+00  1.43262141E+00
   291  1.45500000E+01  1.43270757E+00  1.00837065E+00  1.43270757E+00
   292  1.46000000E+01  1.43279014E+00  1.00882438E+00  1.43279014E+00
   293  1.46500000E+01  1.43286925E+00  1.00929754E+00  1.43286925E+00
   294  1.47000000E+01  1.43294502E+00  1.00979083E+00  1.43294502E+00
   295  1.47500000E+01  1.43301758E+00  1.01030493E+00  1.43301758E+00
   296  1.48000000E+01  1.43308707E+00  1.01084057E+00  1.43308707E+00
   297  1.48500000E+01  1.43315359E+00  1.01139849E+00  1.43315359E+00
   298  1.49000000E+01  1.43321726E+00  1.01197944E+00  1.43321726E+00
   299  1.49500000E+01  1.43327819E+00  1.01258418E+00  1.43327819E+00
   300  1.50000000E+01  1.43335734E+00  1.01321350E+00  1.43335734E+00
   301  1.50500000E+01  1.43343640E+00  1.01386821E+00  1.43343640E+00
   302  1.51000000E+01  1.43351213E+00  1.01454912E+00  1.43351213E+00
   303  1.51500000E+01  1.43358465E+00  1.01525707E+00  1.43358465E+00
   304  1.52000000E+01  1.43365409E+00  1.01599289E+00  1.43365409E+00
   305  1.52500000E+01  1.43372057E+00  1.01675745E+00  1.43372057E+00
   306  1.53000000E+01  1.43378420E+00  1.01755162E+00  1.43378420E+00
   307  1.53500000E+01  1.43384510E+00  1.01837628E+00  1.43384510E+00
   308  1.54000000E+01  1.43390337E+00  1.01923231E+00  1.43390337E+00
   309  1.54500000E+01  1.43395911E+00  1.02012061E+00  1.43395911E+00
   310  1.55000000E+01  1.43401243E+00  1.02104209E+00  1.43401243E+00
   311  1.55500000E+01  1.43406343E+00  1.02199763E+00  1.43406343E+00
   312  1.56000000E+01  1.43411220E+00  1.02298816E+00  1.43411220E+00
   313  1.56500000E+01  1.43415883E+00  1.02401457E+00  1.43415883E+00
   314  1.57000000E+01  1.43420341E+00  1.02507777E+00  1.43420341E+00
   315  1.57500000E+01  1.43424602E+00  1.02617867E+00  1.43424602E+00
   316  1.58000000E+01  1.43428674E+00  1.02731815E+00  1.43428674E+00
   317  1.58500000E+01  1.43432752E+00  1.02849713E+00  1.43432752E+00
   318  1.59000000E+01  1.43438056E+00  1.02971649E+00  1.43438056E+00
   319  1.59500000E+01  1.43443129E+00  1.03097711E+00  1.43443129E+00
   320  1.60000000E+01  1.43447980E+00  1.03227988E+00  1.43447980E+00
   321  1.60500000E+01  1.43452617E+00  1.03362566E+00  1.43452617E+00
   322  1.61000000E+01  1.43457050E+00  1.03501531E+00  1.43457050E+00
   323  1.61500000E+01  1.43461287E+00  1.03644969E+00  1.43461287E+00
   324  1.62000000E+01  1.43465337E+00  1.03792963E+00  1.43465337E+00
   325  1.62500000E+01  1.43469206E+00  1.03945596E+00  1.43469206E+00
   326  1.63000000E+01  1.43472903E+00  1.04102947E+00  1.43472903E+00
   327  1.63500000E+01  1.43476435E+00  1.04265095E+00  1.43476435E+00
   328  1.64000000E+01  1.43479809E+00  1.04432116E+00  1.43479809E+00
   329  1.64500000E+01  1.43483033E+00  1.04604083E+00  1.43483033E+00
   330  1.65000000E+01  1.43486112E+00  1.04781064E+00  1.43486112E+00
   331  1.65500000E+01  1.43489052E+00  1.04963127E+00  1.43489052E+00
   332  1.66000000E+01  1.43491861E+00  1.05150330E+00  1.43491861E+00
   333  1.66500000E+01  1.43494543E+00  1.05342731E+00  1.43494543E+00
   334  1.67000000E+01  1.43497106E+00  1.05540380E+00  1.43497106E+00
   335  1.67500000E+01  1.43499552E+00  1.05743319E+00  1.43499552E+00
   336  1.68000000E+01  1.43502227E+00  1.05951587E+00  1.43502227E+00
   337  1.68500000E+01  1.43505457E+00  1.06165212E+00  1.43505457E+00
   338  1.69000000E+01  1.43508542E+00  1.06384216E+00  1.43508542E+00
   339  1.69500000E+01  1.43511489E+00  1.06608612E+00  1.43511489E+00
   340  1.70000000E+01  1.43514303E+00  1.06838404E+00  1.43514303E+00
   341  1.70500000E+01  1.43516992E+00  1.07073588E+00  1.43516992E+00
   342  1.71000000E+01  1.43519559E+00  1.07314150E+00  1.43519559E+00
   343  1.71500000E+01  1.43522012E+00  1.07560066E+00  1.43522012E+00
   344  1.72000000E+01  1.43524354E+00  1.07811304E+00  1.43524354E+00
   345  1.72500000E+01  1.43526592E+00  1.08067824E+00  1.43526592E+00
   346  1.73000000E+01  1.43528729E+00  1.08329574E+00  1.43528729E+00
   347  1.73500000E+01  1.43530771E+00  1.08596495E+00  1.43530771E+00
   348  1.74000000E+01  1.43532722E+00  1.08868523E+00  1.43532722E+00
   349  1.74500000E+01  1.43534585E+00  1.09145581E+00  1.43534585E+00
   350  1.75000000E+01  1.43536366E+00  1.09427591E+00  1.43536366E+00
   351  1.75500000E+01  1.43538068E+00  1.09714464E+00  1.43538068E+00
   352  1.76000000E+01  1.43539695E+00  1.10006108E+00  1.43539695E+00
   353  1.76500000E+01  1.43541250E+00  1.10302427E+00  1.43541250E+00
   354  1.77000000E+01  1.43542822E+00  1.10603318E+00  1.43542822E+00
   355  1.77500000E+01  1.43544852E+00  1.10908676E+00  1.43544852E+00
   356  1.78000000E+01  1.43546792E+00  1.11218393E+00  1.43546792E+00
   357  1.78500000E+01  1.43548645E+00  1.11532359E+00  1.43548645E+00
   358  1.79000000E+01  1.43550416E+00  1.11850459E+00  1.43550416E+00
   359  1.79500000E+01  1.43552108E+00  1.12172580E+00  1.43552108E+00
   360  1.80000000E+01  1.43553725E+00  1.12498603E+00  1.43553725E+00
   361  1.80500000E+01  1.43555270E+00  1.12828412E+00  1.43555270E+00
   362  1.81000000E+01  1.43556748E+00  1.13161884E+00  1.43556748E+00
   363  1.81500000E+01  1.43558160E+00  1.13498898E+00  1.43558160E+00
   364  1.82000000E+01  1.43559512E+00  1.13839329E+00  1.43559512E+00
   365  1.82500000E+01  1.43560804E+00  1.14183051E+00  1.43560804E+00
   366  1.83000000E+01  1.43562041E+00  1.14529933E+00  1.43562041E+00
   367  1.83500000E+01  1.43563224E+00  1.14879843E+00  1.43563224E+00
   368  1.84000000E+01  1.43564357E+00  1.15232645E+00  1.43564357E+00
   369  1.84500000E+01  1.43565442E+00  1.15588199E+00  1.43565442E+00
   370  1.85000000E+01  1.43566481E+00  1.15946359E+00  1.43566481E+00
   371  1.85500000E+01  1.43567477E+00  1.16306979E+00  1.43567477E+00
   372  1.86000000E+01  1.43568431E+00  1.16669903E+00  1.43568431E+00
   373  1.86500000E+01  1.43569345E+00  1.17034975E+00  1.43569345E+00
   374  1.87000000E+01  1.43570222E+00  1.17402032E+00  1.43570222E+00
   375  1.87500000E+01  1.43571063E+00  1.17770906E+00  1.43571063E+00
   376  1.88000000E+01  1.43571870E+00  1.18141428E+00  1.43571870E+00
   377  1.88500000E+01  1.43572645E+00  1.18513421E+00  1.43572645E+00
   378  1.89000000E+01  1.43573389E+00  1.18886708E+00  1.43573389E+00
   379  1.89500000E+01  1.43574241E+00  1.19261110E+00  1.43574241E+00
   380  1.90000000E+01  1.43575200E+00  1.19636443E+00  1.43575200E+00
   381  1.90500000E+01  1.43576119E+00  1.20012526E+00  1.43576119E+00
   382  1.91000000E+01  1.43577000E+00  1.20389175E+00  1.43577000E+00
   383  1.91500000E+01  1.43577846E+00  1.20766211E+00  1.43577846E+00
   384  1.92000000E+01  1.43578657E+00  1.21143455E+00  1.43578657E+00
   385  1.92500000E+01  1.43579436E+00  1.21520730E+00  1.43579436E+00
   386  1.93000000E+01  1.43580183E+00  1.21897867E+00  1.43580183E+00
   387  1.93500000E+01  1.43580901E+00  1.22274700E+00  1.43580901E+00
   388  1.94000000E+01  1.43581591E+00  1.22651069E+00  1.43581591E+00
   389  1.94500000E+01  1.43582254E+00  1.23026821E+00  1.43582254E+00
   390  1.95000000E+01  1.43582892E+00  1.23401811E+00  1.43582892E+00
   391  1.95500000E+01  1.43583505E+00  1.23775902E+00  1.43583505E+00
   392  1.96000000E+01  1.43584095E+00  1.24148963E+00  1.43584095E+00
   393  1.96500000E+01  1.43584662E+00  1.24520872E+00  1.43584662E+00
   394  1.97000000E+01  1.43585208E+00  1.24891516E+00  1.43585208E+00
   395  1.97500000E+01  1.43585734E+00  1.25260786E+00  1.43585734E+00
   396  1.98000000E+01  1.43586240E+00  1.25628584E+00  1.43586240E+00
   397  1.98500000E+01  1.43586728E+00  1.25994814E+00  1.43586728E+00
   398  1.99000000E+01  1.43587198E+00  1.26359387E+00  1.43587198E+00
   399  1.99500000E+01  1.43587650E+00  1.26722216E+00  1.43587650E+00
   400  2.00000000E+01  1.43588087E+00  1.27083219E+00  1.43588087E+00
   401  2.00500000E+01  1.43588508E+00  1.27442313E+00  1.43588508E+00
   402  2.01000000E+01  1.43588913E+00  1.27799416E+00  1.43588913E+00
   403  2.01500000E+01  1.43589305E+00  1.28154444E+00  1.43589305E+00
   404  2.02000000E+01  1.43589682E+00  1.28507310E+00  1.43589682E+00
   405  2.02500000E+01  1.43590046E+00  1.28857923E+00  1.43590046E+00
   406  2.03000000E+01  1.43590397E+00  1.29206187E+00  1.43590397E+00
   407  2.03500000E+01  1.43590736E+00  1.29551998E+00  1.43590736E+00
   408  2.04000000E+01  1.43591063E+00  1.29895244E+00  1.43591063E+00
   409  2.04500000E+01  1.43591379E+00  1.30235807E+00  1.43591379E+00
   410  2.05000000E+01  1.43591683E+00  1.30573558E+00  1.43591683E+00
   411  2.05500000E+01  1.43591977E+00  1.30908359E+00  1.43591977E+00
   412  2.06000000E+01  1.43592261E+00  1.31240062E+00  1.43592261E+00
   413  2.06500000E+01  1.43592535E+00  1.31568510E+00  1.43592535E+00
   414  2.07000000E+01  1.43592799E+00  1.31893537E+00  1.43592799E+00
   415  2.07500000E+01  1.43593054E+00  1.32214969E+00  1.43593054E+00
   416  2.08000000E+01  1.43593300E+00  1.32532623E+00  1.43593300E+00
   417  2.08500000E+01  1.43593537E+00  1.32846311E+00  1.43593537E+00
   418  2.09000000E+01  1.43593767E+00  1.33155839E+00  1.43593767E+00
   419  2.09500000E+01  1.43593988E+00  1.33461010E+00  1.43593988E+00
   420  2.10000000E+01  1.43594201E+00  1.33761623E+00  1.43594201E+00
   421  2.10500000E+01  1.43594407E+00  1.34057480E+00  1.43594407E+00
   422  2.11000000E+01  1.43594605E+00  1.34348383E+00  1.43594605E+00
   423  2.11500000E+01  1.43594797E+00  1.34634136E+00  1.43594797E+00
   424  2.12000000E+01  1.43594981E+00  1.34914551E+00  1.43594981E+00
   425  2.12500000E+01  1.43595159E+00  1.35189447E+00  1.43595159E+00
   426  2.13000000E+01  1.43595331E+00  1.35458653E+00  1.43595331E+00
   427  2.13500000E+01  1.43595496E+00  1.35722007E+00  1.43595496E+00
   428  2.14000000E+01  1.43595656E+00  1.35979363E+00  1.43595656E+00
   429  2.14500000E+01  1.43595809E+00  1.36230588E+00  1.43595809E+00
   430  2.15000000E+01  1.43595957E+00  1.36475567E+00  1.43595957E+00
   431  2.15500000E+01  1.43596099E+00  1.36714200E+00  1.43596099E+00
   432  2.16000000E+01  1.43596237E+00  1.36946408E+00  1.43596237E+00
   433  2.16500000E+01  1.43596369E+00  1.37172129E+00  1.43596369E+00
   434  2.17000000E+01  1.43596496E+00  1.37391323E+00  1.43596496E+00
   435  2.17500000E+01  1.43596618E+00  1.37603969E+00  1.43596618E+00
   436  2.18000000E+01  1.43596735E+00  1.37810066E+00  1.43596735E+00
   437  2.18500000E+01  1.43596848E+00  1.38009636E+00  1.43596848E+00
   438  2.19000000E+01  1.43596957E+00  1.38202717E+00  1.43596957E+00
   439  2.19500000E+01  1.43597062E+00  1.38389370E+00  1.43597062E+00
   440  2.20000000E+01  1.43597162E+00  1.38569671E+00  1.43597162E+00
   441  2.20500000E+01  1.43597258E+00  1.38743717E+00  1.43597258E+00
   442  2.21000000E+01  1.43597351E+00  1.38911618E+00  1.43597351E+00
   443  2.21500000E+01  1.43597440E+00  1.39073503E+00  1.43597440E+00
   444  2.22000000E+01  1.43597525E+00  1.39229510E+00  1.43597525E+00
   445  2.22500000E+01  1.43597607E+00  1.39379794E+00  1.43597607E+00
   446  2.23000000E+01  1.43597685E+00  1.39524517E+00  1.43597685E+00
   447  2.23500000E+01  1.43597761E+00  1.39663850E+00  1.43597761E+00
   448  2.24000000E+01  1.43597833E+00  1.39797974E+00  1.43597833E+00
   449  2.24500000E+01  1.43597902E+00  1.39927074E+00  1.43597902E+00
   450  2.25000000E+01  1.43597993E+00  1.40051337E+00  1.43597993E+00
   451  2.25500000E+01  1.43598081E+00  1.40170955E+00  1.43598081E+00
   452  2.26000000E+01  1.43598166E+00  1.40286120E+00  1.43598166E+00
   453  2.26500000E+01  1.43598248E+00  1.40397023E+00  1.43598248E+00
   454  2.27000000E+01  1.43598326E+00  1.40503853E+00  1.43598326E+00
   455  2.27500000E+01  1.43598402E+00  1.40606796E+00  1.43598402E+00
   456  2.28000000E+01  1.43598474E+00  1.40706033E+00  1.43598474E+00
   457  2.28500000E+01  1.43598542E+00  1.40801741E+00  1.43598542E+00
   458  2.29000000E+01  1.43598608E+00  1.40894090E+00  1.43598608E+00
   459  2.29500000E+01  1.43598672E+00  1.40983242E+00  1.43598672E+00
   460  2.30000000E+01  1.43598732E+00  1.41069353E+00  1.43598732E+00
   461  2.30500000E+01  1.43598790E+00  1.41152570E+00  1.43598790E+00
   462  2.31000000E+01  1.43598845E+00  1.41233033E+00  1.43598845E+00
   463  2.31500000E+01  1.43598898E+00  1.41310873E+00  1.43598898E+00
   464  2.32000000E+01  1.43598949E+00  1.41386213E+00  1.43598949E+00
   465  2.32500000E+01  1.43598997E+00  1.41459164E+00  1.43598997E+00
   466  2.33000000E+01  1.43599043E+00  1.41529835E+00  1.43599043E+00
   467  2.33500000E+01  1.43599087E+00  1.41598321E+00  1.43599087E+00
   468  2.34000000E+01  1.43599129E+00  1.41664712E+00  1.43599129E+00
   469  2.34500000E+01  1.43599169E+00  1.41729090E+00  1.43599169E+00
   470  2.35000000E+01  1.43599207E+00  1.41791531E+00  1.43599207E+00
   471  2.35500000E+01  1.43599243E+00  1.41852103E+00  1.43599243E+00
   472  2.36000000E+01  1.43599278E+00  1.41910868E+00  1.43599278E+00
   473  2.36500000E+01  1.43599311E+00  1.41967883E+00  1.43599311E+00
   474  2.37000000E+01  1.43599342E+00  1.42023201E+00  1.43599342E+00
   475  2.37500000E+01  1.43599371E+00  1.42076868E+00  1.43599371E+00
   476  2.38000000E+01  1.43599400E+00  1.42128928E+00  1.43599400E+00
   477  2.38500000E+01  1.43599426E+00  1.42179421E+00  1.43599426E+00
   478  2.39000000E+01  1.43599452E+00  1.42228384E+00  1.43599452E+00
   479  2.39500000E+01  1.43599476E+00  1.42275852E+00  1.43599476E+00
   480  2.40000000E+01  1.43599499E+00  1.42321857E+00  1.43599499E+00
   481  2.40500000E+01  1.43599520E+00  1.42366429E+00  1.43599520E+00
   482  2.41000000E+01  1.43599541E+00  1.42409599E+00  1.43599541E+00
   483  2.41500000E+01  1.43599560E+00  1.42451395E+00  1.43599560E+00
   484  2.42000000E+01  1.43599579E+00  1.42491844E+00  1.43599579E+00
   485  2.42500000E+01  1.43599596E+00  1.42530975E+00  1.43599596E+00
   486  2.43000000E+01  1.43599612E+00  1.42568813E+00  1.43599612E+00
   487  2.43500000E+01  1.43599628E+00  1.42605387E+00  1.43599628E+00
   488  2.44000000E+01  1.43599642E+00  1.42640723E+00  1.43599642E+00
   489  2.44500000E+01  1.43599656E+00  1.42674848E+00  1.43599656E+00
   490  2.45000000E+01  1.43599669E+00  1.42707790E+00  1.43599669E+00
   491  2.45500000E+01  1.43599681E+00  1.42739576E+00  1.43599681E+00
   492  2.46000000E+01  1.43599692E+00  1.42770236E+00  1.43599692E+00
   493  2.46500000E+01  1.43599703E+00  1.42799795E+00  1.43599703E+00
   494  2.47000000E+01  1.43599713E+00  1.42828285E+00  1.43599713E+00
   495  2.47500000E+01  1.43599722E+00  1.42855732E+00  1.43599722E+00
   496  2.48000000E+01  1.43599731E+00  1.42882166E+00  1.43599731E+00
   497  2.48500000E+01  1.43599739E+00  1.42907616E+00  1.43599739E+00
   498  2.49000000E+01  1.43599746E+00  1.42932110E+00  1.43599746E+00
   499  2.49500000E+01  1.43599753E+00  1.42955679E+00  1.43599753E+00
   500  2.50000000E+01  1.43599760E+00  1.42978350E+00  1.43599760E+00
   501  2.50500000E+01  1.43599766E+00  1.43000152E+00  1.43599766E+00
   502  2.51000000E+01  1.43599772E+00  1.43021113E+00  1.43599772E+00
   503  2.51500000E+01  1.43599777E+00  1.43041262E+00  1.43599777E+00
   504  2.52000000E+01  1.43599782E+00  1.43060625E+00  1.43599782E+00
   505  2.52500000E+01  1.43599786E+00  1.43079231E+00  1.43599786E+00
   506  2.53000000E+01  1.43599790E+00  1.43097105E+00  1.43599790E+00
   507  2.53500000E+01  1.43599794E+00  1.43114274E+00  1.43599794E+00
   508  2.54000000E+01  1.43599798E+00  1.43130763E+00  1.43599798E+00
   509  2.54500000E+01  1.43599801E+00  1.43146597E+00  1.43599801E+00
   510  2.55000000E+01  1.43599804E+00  1.43161799E+00  1.43599804E+00
   511  2.55500000E+01  1.43599806E+00  1.43176393E+00  1.43599806E+00
   512  2.56000000E+01  1.43599808E+00  1.43190402E+00  1.43599808E+00
   513  2.56500000E+01  1.43599810E+00  1.43203847E+00  1.43599810E+00
   514  2.57000000E+01  1.43599812E+00  1.43216750E+00  1.43599812E+00
   515  2.57500000E+01  1.43599814E+00  1.43229131E+00  1.43599814E+00
   516  2.58000000E+01  1.43599815E+00  1.43241009E+00  1.43599815E+00
   517  2.58500000E+01  1.43599817E+00  1.43252404E+00  1.43599817E+00
   518  2.59000000E+01  1.43599818E+00  1.43263335E+00  1.43599818E+00
   519  2.59500000E+01  1.43599818E+00  1.43273818E+00  1.43599818E+00
   520  2.60000000E+01  1.43599819E+00  1.43283870E+00  1.43599819E+00
   521  2.60500000E+01  1.43599820E+00  1.43293508E+00  1.43599820E+00
   522  2.61000000E+01  1.43599820E+00  1.43302748E+00  1.43599820E+00
   523  2.61500000E+01  1.43599821E+00  1.43311605E+00  1.43599821E+00
   524  2.62000000E+01  1.43599821E+00  1.43320093E+00  1.43599821E+00
   525  2.62500000E+01  1.43599821E+00  1.43328227E+00  1.43599821E+00
   526  2.63000000E+01  1.43599821E+00  1.43336020E+00  1.43599821E+00
   527  2.63500000E+01  1.43599821E+00  1.43343484E+00  1.43599821E+00
   528  2.64000000E+01  1.43599820E+00  1.43350633E+00  1.43599820E+00
   529  2.64500000E+01  1.43599820E+00  1.43357478E+00  1.43599820E+00
   530  2.65000000E+01  1.43599820E+00  1.43364032E+00  1.43599820E+00
   531  2.65500000E+01  1.43599819E+00  1.43370306E+00  1.43599819E+00
   532  2.66000000E+01  1.43599819E+00  1.43376310E+00  1.43599819E+00
   533  2.66500000E+01  1.43599818E+00  1.43382055E+00  1.43599818E+00
   534  2.67000000E+01  1.43599818E+00  1.43387551E+00  1.43599818E+00
   535  2.67500000E+01  1.43599817E+00  1.43392809E+00  1.43599817E+00
   536  2.68000000E+01  1.43599816E+00  1.43397837E+00  1.43599816E+00
   537  2.68500000E+01  1.43599816E+00  1.43402645E+00  1.43599816E+00
   538  2.69000000E+01  1.43599815E+00  1.43407241E+00  1.43599815E+00
   539  2.69500000E+01  1.43599814E+00  1.43411635E+00  1.43599814E+00
   540  2.70000000E+01  1.43599813E+00  1.43415834E+00  1.43599813E+00
   541  2.70500000E+01  1.43599812E+00  1.43419847E+00  1.43599812E+00
   542  2.71000000E+01  1.43599812E+00  1.43423681E+00  1.43599812E+00
   543  2.71500000E+01  1.43599811E+00  1.43427344E+00  1.43599811E+00
   544  2.72000000E+01  1.43599810E+00  1.43430843E+00  1.43599810E+00
   545  2.72500000E+01  1.43599809E+00  1.43434185E+00  1.43599809E+00
   546  2.73000000E+01  1.43599808E+00  1.43437377E+00  1.43599808E+00
   547  2.73500000E+01  1.43599807E+00  1.43440425E+00  1.43599807E+00
   548  2.74000000E+01  1.43599806E+00  1.43443336E+00  1.43599806E+00
   549  2.74500000E+01  1.43599805E+00  1.43446116E+00  1.43599805E+00
   550  2.75000000E+01  1.43599804E+00  1.43448770E+00  1.43599804E+00
   551  2.75500000E+01  1.43599803E+00  1.43451305E+00  1.43599803E+00
   552  2.76000000E+01  1.43599802E+00  1.43453725E+00  1.43599802E+00
   553  2.76500000E+01  1.43599802E+00  1.43456036E+00  1.43599802E+00
   554  2.77000000E+01  1.43599801E+00  1.43458242E+00  1.43599801E+00
   555  2.77500000E+01  1.43599800E+00  1.43460350E+00  1.43599800E+00
   556  2.78000000E+01  1.43599799E+00  1.43462362E+00  1.43599799E+00
   557  2.78500000E+01  1.43599798E+00  1.43464284E+00  1.43599798E+00
   558  2.79000000E+01  1.43599797E+00  1.43466120E+00  1.43599797E+00
   559  2.79500000E+01  1.43599796E+00  1.43467874E+00  1.43599796E+00
   560  2.80000000E+01  1.43599795E+00  1.43469550E+00  1.43599795E+00
   561  2.80500000E+01  1.43599794E+00  1.43471151E+00  1.43599794E+00
   562  2.81000000E+01  1.43599794E+00  1.43472681E+00  1.43599794E+00
   563  2.81500000E+01  1.43599793E+00  1.43474144E+00  1.43599793E+00
   564  2.82000000E+01  1.43599792E+00  1.43475543E+00  1.43599792E+00
   565  2.82500000E+01  1.43599791E+00  1.43476880E+00  1.43599791E+00
   566  2.83000000E+01  1.43599790E+00  1.43478159E+00  1.43599790E+00
   567  2.83500000E+01  1.43599790E+00  1.43479383E+00  1.43599790E+00
   568  2.84000000E+01  1.43599789E+00  1.43480555E+00  1.43599789E+00
   569  2.84500000E+01  1.43599788E+00  1.43481676E+00  1.43599788E+00
   570  2.85000000E+01  1.43599788E+00  1.43482749E+00  1.43599788E+00
   571  2.85500000E+01  1.43599787E+00  1.43483778E+00  1.43599787E+00
   572  2.86000000E+01  1.43599786E+00  1.43484763E+00  1.43599786E+00
   573  2.86500000E+01  1.43599785E+00  1.43485707E+00  1.43599785E+00
   574  2.87000000E+01  1.43599785E+00  1.43486612E+00  1.43599785E+00
   575  2.87500000E+01  1.43599784E+00  1.43487479E+00  1.43599784E+00
   576  2.88000000E+01  1.43599784E+00  1.43488312E+00  1.43599784E+00
   577  2.88500000E+01  1.43599783E+00  1.43489111E+00  1.43599783E+00
   578  2.89000000E+01  1.43599782E+00  1.43489877E+00  1.43599782E+00
   579  2.89500000E+01  1.43599782E+00  1.43490614E+00  1.43599782E+00
   580  2.90000000E+01  1.43599781E+00  1.43491321E+00  1.43599781E+00
   581  2.90500000E+01  1.43599781E+00  1.43492000E+00  1.43599781E+00
 steady-height stop at step    581: changes <=   1.0000E-05, max-end <=   5.0000E-03, max/end/gap/profile_change =   1.43599781E+00  1.43492000E+00  1.07780290E-03  6.79501416E-06
