 comppar: model =   3
 comppar: lambda,mobility/eps,betav,eta_0 =  7.0000E+00  1.0000E-02  5.0000E-01  1.0000E+00
 comppar: eta_s,eta_p,G =  5.0000E-01  5.0000E-01  7.1429E-02
 comppar: U_avg,deltat,flowrate,nsteps =  1.0000E-01  4.0000E-01  3.1416E-01    1000
 comppar: geometry = axisymmetric
 comppar: steady stop change,gap,hold,min =  1.0000E-05  2.0000E-04      10      80
 comppar: steady stop rounded decimals =       4
 comppar: ncompc,ncompg =     4     5
 mesh nnodes = 22999
 mesh nelem = 11296
 P1 BC   5.0000000000000000     
 P2 BC   0.0000000000000000     
     1  4.00000000E-01  1.00503821E+00  1.00000000E+00  1.00503821E+00
     2  8.00000000E-01  1.00990944E+00  1.00000000E+00  1.00990944E+00
     3  1.20000000E+00  1.01461343E+00  1.00000000E+00  1.01461343E+00
     4  1.60000000E+00  1.01917367E+00  1.00000000E+00  1.01917367E+00
     5  2.00000000E+00  1.02360399E+00  1.00000000E+00  1.02360399E+00
     6  2.40000000E+00  1.02792594E+00  1.00000000E+00  1.02792594E+00
     7  2.80000000E+00  1.03216226E+00  1.00000000E+00  1.03216226E+00
     8  3.20000000E+00  1.03633191E+00  1.00000000E+00  1.03633191E+00
     9  3.60000000E+00  1.04044928E+00  1.00000000E+00  1.04044928E+00
    10  4.00000000E+00  1.04454394E+00  1.00000000E+00  1.04454394E+00
    11  4.40000000E+00  1.04861409E+00  9.99999999E-01  1.04861409E+00
    12  4.80000000E+00  1.05269613E+00  9.99999995E-01  1.05269613E+00
    13  5.20000000E+00  1.05678732E+00  9.99999988E-01  1.05678732E+00
    14  5.60000000E+00  1.06089997E+00  9.99999979E-01  1.06089997E+00
    15  6.00000000E+00  1.06504293E+00  9.99999968E-01  1.06504293E+00
    16  6.40000000E+00  1.06922498E+00  9.99999954E-01  1.06922498E+00
    17  6.80000000E+00  1.07344803E+00  9.99999936E-01  1.07344803E+00
    18  7.20000000E+00  1.07771467E+00  9.99999915E-01  1.07771467E+00
    19  7.60000000E+00  1.08202511E+00  9.99999889E-01  1.08202511E+00
    20  8.00000000E+00  1.08640771E+00  9.99999859E-01  1.08640771E+00
    21  8.40000000E+00  1.09082848E+00  9.99999824E-01  1.09082848E+00
    22  8.80000000E+00  1.09529188E+00  9.99999783E-01  1.09529188E+00
    23  9.20000000E+00  1.09982777E+00  9.99999737E-01  1.09982777E+00
    24  9.60000000E+00  1.10438699E+00  9.99999684E-01  1.10438699E+00
    25  1.00000000E+01  1.10902828E+00  9.99999623E-01  1.10902828E+00
    26  1.04000000E+01  1.11368997E+00  9.99999555E-01  1.11368997E+00
    27  1.08000000E+01  1.11840248E+00  9.99999479E-01  1.11840248E+00
    28  1.12000000E+01  1.12316823E+00  9.99999394E-01  1.12316823E+00
    29  1.16000000E+01  1.12795969E+00  9.99999299E-01  1.12795969E+00
    30  1.20000000E+01  1.13277934E+00  9.99999193E-01  1.13277934E+00
    31  1.24000000E+01  1.13765566E+00  9.99999077E-01  1.13765566E+00
    32  1.28000000E+01  1.14256170E+00  9.99998949E-01  1.14256170E+00
    33  1.32000000E+01  1.14748949E+00  9.99998808E-01  1.14748949E+00
    34  1.36000000E+01  1.15243457E+00  9.99998653E-01  1.15243457E+00
    35  1.40000000E+01  1.15739007E+00  9.99998484E-01  1.15739007E+00
    36  1.44000000E+01  1.16238145E+00  9.99998299E-01  1.16238145E+00
    37  1.48000000E+01  1.16736977E+00  9.99998098E-01  1.16736977E+00
    38  1.52000000E+01  1.17234356E+00  9.99997878E-01  1.17234356E+00
    39  1.56000000E+01  1.17729063E+00  9.99997640E-01  1.17729063E+00
    40  1.60000000E+01  1.18225363E+00  9.99997382E-01  1.18225363E+00
    41  1.64000000E+01  1.18717539E+00  9.99997103E-01  1.18717539E+00
    42  1.68000000E+01  1.19204096E+00  9.99996801E-01  1.19204096E+00
    43  1.72000000E+01  1.19691748E+00  9.99996475E-01  1.19691748E+00
    44  1.76000000E+01  1.20172649E+00  9.99996123E-01  1.20172649E+00
    45  1.80000000E+01  1.20649447E+00  9.99995744E-01  1.20649447E+00
    46  1.84000000E+01  1.21123199E+00  9.99995337E-01  1.21123199E+00
    47  1.88000000E+01  1.21587414E+00  9.99994899E-01  1.21587414E+00
    48  1.92000000E+01  1.22049332E+00  9.99994428E-01  1.22049332E+00
    49  1.96000000E+01  1.22504561E+00  9.99993924E-01  1.22504561E+00
    50  2.00000000E+01  1.22948112E+00  9.99993384E-01  1.22948112E+00
    51  2.04000000E+01  1.23393309E+00  9.99992806E-01  1.23393309E+00
    52  2.08000000E+01  1.23826054E+00  9.99992188E-01  1.23826054E+00
    53  2.12000000E+01  1.24256959E+00  9.99991527E-01  1.24256959E+00
    54  2.16000000E+01  1.24679081E+00  9.99990822E-01  1.24679081E+00
    55  2.20000000E+01  1.25096979E+00  9.99990070E-01  1.25096979E+00
    56  2.24000000E+01  1.25508023E+00  9.99989269E-01  1.25508023E+00
    57  2.28000000E+01  1.25908878E+00  9.99988415E-01  1.25908878E+00
    58  2.32000000E+01  1.26308537E+00  9.99987507E-01  1.26308537E+00
    59  2.36000000E+01  1.26693457E+00  9.99986541E-01  1.26693457E+00
    60  2.40000000E+01  1.27080352E+00  9.99985514E-01  1.27080352E+00
    61  2.44000000E+01  1.27453482E+00  9.99984424E-01  1.27453482E+00
    62  2.48000000E+01  1.27824943E+00  9.99983268E-01  1.27824943E+00
    63  2.52000000E+01  1.28186396E+00  9.99982041E-01  1.28186396E+00
    64  2.56000000E+01  1.28544245E+00  9.99980741E-01  1.28544245E+00
    65  2.60000000E+01  1.28894132E+00  9.99979365E-01  1.28894132E+00
    66  2.64000000E+01  1.29238061E+00  9.99977908E-01  1.29238061E+00
    67  2.68000000E+01  1.29576762E+00  9.99976368E-01  1.29576762E+00
    68  2.72000000E+01  1.29905803E+00  9.99974740E-01  1.29905803E+00
    69  2.76000000E+01  1.30233648E+00  9.99973020E-01  1.30233648E+00
    70  2.80000000E+01  1.30548661E+00  9.99971204E-01  1.30548661E+00
    71  2.84000000E+01  1.30864974E+00  9.99969289E-01  1.30864974E+00
    72  2.88000000E+01  1.31170590E+00  9.99967270E-01  1.31170590E+00
    73  2.92000000E+01  1.31471910E+00  9.99965142E-01  1.31471910E+00
    74  2.96000000E+01  1.31768719E+00  9.99962902E-01  1.31768719E+00
    75  3.00000000E+01  1.32056986E+00  9.99960544E-01  1.32056986E+00
    76  3.04000000E+01  1.32345720E+00  9.99958065E-01  1.32345720E+00
    77  3.08000000E+01  1.32625473E+00  9.99955460E-01  1.32625473E+00
    78  3.12000000E+01  1.32901849E+00  9.99952723E-01  1.32901849E+00
    79  3.16000000E+01  1.33174831E+00  9.99949850E-01  1.33174831E+00
    80  3.20000000E+01  1.33440341E+00  9.99946837E-01  1.33440341E+00
    81  3.24000000E+01  1.33703818E+00  9.99943679E-01  1.33703818E+00
    82  3.28000000E+01  1.33963166E+00  9.99940370E-01  1.33963166E+00
    83  3.32000000E+01  1.34215332E+00  9.99936905E-01  1.34215332E+00
    84  3.36000000E+01  1.34465784E+00  9.99933281E-01  1.34465784E+00
    85  3.40000000E+01  1.34711712E+00  9.99929492E-01  1.34711712E+00
    86  3.44000000E+01  1.34949610E+00  9.99925534E-01  1.34949610E+00
    87  3.48000000E+01  1.35188828E+00  9.99921402E-01  1.35188828E+00
    88  3.52000000E+01  1.35419580E+00  9.99917091E-01  1.35419580E+00
    89  3.56000000E+01  1.35647434E+00  9.99912597E-01  1.35647434E+00
    90  3.60000000E+01  1.35870792E+00  9.99907916E-01  1.35870792E+00
    91  3.64000000E+01  1.36087165E+00  9.99903044E-01  1.36087165E+00
    92  3.68000000E+01  1.36302740E+00  9.99897978E-01  1.36302740E+00
    93  3.72000000E+01  1.36508841E+00  9.99892713E-01  1.36508841E+00
    94  3.76000000E+01  1.36716421E+00  9.99887248E-01  1.36716421E+00
    95  3.80000000E+01  1.36913319E+00  9.99881578E-01  1.36913319E+00
    96  3.84000000E+01  1.37111901E+00  9.99875703E-01  1.37111901E+00
    97  3.88000000E+01  1.37300604E+00  9.99869620E-01  1.37300604E+00
    98  3.92000000E+01  1.37489918E+00  9.99863329E-01  1.37489918E+00
    99  3.96000000E+01  1.37670487E+00  9.99856828E-01  1.37670487E+00
   100  4.00000000E+01  1.37850286E+00  9.99850119E-01  1.37850286E+00
   101  4.04000000E+01  1.38023090E+00  9.99843202E-01  1.38023090E+00
   102  4.08000000E+01  1.38193976E+00  9.99836079E-01  1.38193976E+00
   103  4.12000000E+01  1.38359257E+00  9.99828754E-01  1.38359257E+00
   104  4.16000000E+01  1.38521470E+00  9.99821229E-01  1.38521470E+00
   105  4.20000000E+01  1.38679771E+00  9.99813512E-01  1.38679771E+00
   106  4.24000000E+01  1.38833530E+00  9.99805608E-01  1.38833530E+00
   107  4.28000000E+01  1.38985215E+00  9.99797525E-01  1.38985215E+00
   108  4.32000000E+01  1.39131303E+00  9.99789273E-01  1.39131303E+00
   109  4.36000000E+01  1.39276934E+00  9.99780863E-01  1.39276934E+00
   110  4.40000000E+01  1.39415375E+00  9.99772309E-01  1.39415375E+00
   111  4.44000000E+01  1.39555196E+00  9.99763626E-01  1.39555196E+00
   112  4.48000000E+01  1.39688578E+00  9.99754831E-01  1.39688578E+00
   113  4.52000000E+01  1.39820723E+00  9.99745945E-01  1.39820723E+00
   114  4.56000000E+01  1.39949362E+00  9.99736989E-01  1.39949362E+00
   115  4.60000000E+01  1.40073589E+00  9.99727990E-01  1.40073589E+00
   116  4.64000000E+01  1.40197789E+00  9.99718976E-01  1.40197789E+00
   117  4.68000000E+01  1.40316580E+00  9.99709978E-01  1.40316580E+00
   118  4.72000000E+01  1.40435023E+00  9.99701033E-01  1.40435023E+00
   119  4.76000000E+01  1.40549632E+00  9.99692179E-01  1.40549632E+00
   120  4.80000000E+01  1.40661278E+00  9.99683459E-01  1.40661278E+00
   121  4.84000000E+01  1.40771838E+00  9.99674922E-01  1.40771838E+00
   122  4.88000000E+01  1.40877109E+00  9.99666619E-01  1.40877109E+00
   123  4.92000000E+01  1.40983354E+00  9.99658610E-01  1.40983354E+00
   124  4.96000000E+01  1.41084533E+00  9.99650956E-01  1.41084533E+00
   125  5.00000000E+01  1.41184597E+00  9.99643727E-01  1.41184597E+00
   126  5.04000000E+01  1.41281743E+00  9.99636998E-01  1.41281743E+00
   127  5.08000000E+01  1.41375820E+00  9.99630853E-01  1.41375820E+00
   128  5.12000000E+01  1.41468976E+00  9.99625379E-01  1.41468976E+00
   129  5.16000000E+01  1.41557519E+00  9.99620674E-01  1.41557519E+00
   130  5.20000000E+01  1.41646752E+00  9.99616844E-01  1.41646752E+00
   131  5.24000000E+01  1.41730874E+00  9.99614003E-01  1.41730874E+00
   132  5.28000000E+01  1.41815398E+00  9.99612274E-01  1.41815398E+00
   133  5.32000000E+01  1.41895886E+00  9.99611792E-01  1.41895886E+00
   134  5.36000000E+01  1.41975363E+00  9.99612700E-01  1.41975363E+00
   135  5.40000000E+01  1.42052334E+00  9.99615153E-01  1.42052334E+00
   136  5.44000000E+01  1.42126998E+00  9.99619321E-01  1.42126998E+00
   137  5.48000000E+01  1.42200651E+00  9.99625383E-01  1.42200651E+00
   138  5.52000000E+01  1.42270641E+00  9.99633533E-01  1.42270641E+00
   139  5.56000000E+01  1.42341110E+00  9.99643980E-01  1.42341110E+00
   140  5.60000000E+01  1.42407607E+00  9.99656948E-01  1.42407607E+00
   141  5.64000000E+01  1.42474176E+00  9.99672677E-01  1.42474176E+00
   142  5.68000000E+01  1.42537871E+00  9.99691425E-01  1.42537871E+00
   143  5.72000000E+01  1.42600050E+00  9.99713468E-01  1.42600050E+00
   144  5.76000000E+01  1.42661078E+00  9.99739100E-01  1.42661078E+00
   145  5.80000000E+01  1.42719251E+00  9.99768638E-01  1.42719251E+00
   146  5.84000000E+01  1.42777719E+00  9.99802418E-01  1.42777719E+00
   147  5.88000000E+01  1.42832948E+00  9.99840801E-01  1.42832948E+00
   148  5.92000000E+01  1.42887978E+00  9.99884172E-01  1.42887978E+00
   149  5.96000000E+01  1.42940874E+00  9.99932940E-01  1.42940874E+00
   150  6.00000000E+01  1.42992181E+00  9.99987542E-01  1.42992181E+00
   151  6.04000000E+01  1.43042801E+00  1.00004844E+00  1.43042801E+00
   152  6.08000000E+01  1.43090552E+00  1.00011614E+00  1.43090552E+00
   153  6.12000000E+01  1.43138986E+00  1.00019116E+00  1.43138986E+00
   154  6.16000000E+01  1.43184565E+00  1.00027406E+00  1.43184565E+00
   155  6.20000000E+01  1.43229712E+00  1.00036543E+00  1.43229712E+00
   156  6.24000000E+01  1.43273253E+00  1.00046592E+00  1.43273253E+00
   157  6.28000000E+01  1.43315238E+00  1.00057618E+00  1.43315238E+00
   158  6.32000000E+01  1.43356816E+00  1.00069693E+00  1.43356816E+00
   159  6.36000000E+01  1.43395850E+00  1.00082892E+00  1.43395850E+00
   160  6.40000000E+01  1.43435532E+00  1.00097295E+00  1.43435532E+00
   161  6.44000000E+01  1.43472798E+00  1.00112986E+00  1.43472798E+00
   162  6.48000000E+01  1.43509615E+00  1.00130055E+00  1.43509615E+00
   163  6.52000000E+01  1.43545189E+00  1.00148596E+00  1.43545189E+00
   164  6.56000000E+01  1.43579276E+00  1.00168708E+00  1.43579276E+00
   165  6.60000000E+01  1.43613249E+00  1.00190496E+00  1.43613249E+00
   166  6.64000000E+01  1.43645170E+00  1.00214072E+00  1.43645170E+00
   167  6.68000000E+01  1.43677163E+00  1.00239553E+00  1.43677163E+00
   168  6.72000000E+01  1.43707663E+00  1.00267062E+00  1.43707663E+00
   169  6.76000000E+01  1.43737222E+00  1.00296728E+00  1.43737222E+00
   170  6.80000000E+01  1.43766368E+00  1.00328687E+00  1.43766368E+00
   171  6.84000000E+01  1.43793778E+00  1.00363084E+00  1.43793778E+00
   172  6.88000000E+01  1.43821418E+00  1.00400068E+00  1.43821418E+00
   173  6.92000000E+01  1.43847609E+00  1.00439797E+00  1.43847609E+00
   174  6.96000000E+01  1.43873043E+00  1.00482438E+00  1.43873043E+00
   175  7.00000000E+01  1.43898051E+00  1.00528162E+00  1.43898051E+00
   176  7.04000000E+01  1.43921518E+00  1.00577151E+00  1.43921518E+00
   177  7.08000000E+01  1.43945253E+00  1.00629595E+00  1.43945253E+00
   178  7.12000000E+01  1.43967627E+00  1.00685692E+00  1.43967627E+00
   179  7.16000000E+01  1.43989392E+00  1.00745647E+00  1.43989392E+00
   180  7.20000000E+01  1.44010699E+00  1.00809675E+00  1.44010699E+00
   181  7.24000000E+01  1.44030613E+00  1.00877999E+00  1.44030613E+00
   182  7.28000000E+01  1.44050888E+00  1.00950852E+00  1.44050888E+00
   183  7.32000000E+01  1.44069790E+00  1.01028473E+00  1.44069790E+00
   184  7.36000000E+01  1.44088345E+00  1.01111113E+00  1.44088345E+00
   185  7.40000000E+01  1.44106286E+00  1.01199027E+00  1.44106286E+00
   186  7.44000000E+01  1.44123215E+00  1.01292481E+00  1.44123215E+00
   187  7.48000000E+01  1.44140230E+00  1.01391749E+00  1.44140230E+00
   188  7.52000000E+01  1.44156023E+00  1.01497112E+00  1.44156023E+00
   189  7.56000000E+01  1.44171749E+00  1.01608857E+00  1.44171749E+00
   190  7.60000000E+01  1.44186706E+00  1.01727280E+00  1.44186706E+00
   191  7.64000000E+01  1.44200973E+00  1.01852681E+00  1.44200973E+00
   192  7.68000000E+01  1.44215131E+00  1.01985364E+00  1.44215131E+00
   193  7.72000000E+01  1.44228253E+00  1.02125642E+00  1.44228253E+00
   194  7.76000000E+01  1.44241446E+00  1.02273825E+00  1.44241446E+00
   195  7.80000000E+01  1.44253866E+00  1.02430231E+00  1.44253866E+00
   196  7.84000000E+01  1.44265760E+00  1.02595176E+00  1.44265760E+00
   197  7.88000000E+01  1.44277518E+00  1.02768975E+00  1.44277518E+00
   198  7.92000000E+01  1.44288425E+00  1.02951943E+00  1.44288425E+00
   199  7.96000000E+01  1.44299345E+00  1.03144390E+00  1.44299345E+00
   200  8.00000000E+01  1.44309677E+00  1.03346620E+00  1.44309677E+00
   201  8.04000000E+01  1.44319445E+00  1.03558932E+00  1.44319445E+00
   202  8.08000000E+01  1.44329236E+00  1.03781612E+00  1.44329236E+00
   203  8.12000000E+01  1.44338333E+00  1.04014936E+00  1.44338333E+00
   204  8.16000000E+01  1.44347230E+00  1.04259166E+00  1.44347230E+00
   205  8.20000000E+01  1.44355854E+00  1.04514547E+00  1.44355854E+00
   206  8.24000000E+01  1.44363870E+00  1.04781305E+00  1.44363870E+00
   207  8.28000000E+01  1.44371910E+00  1.05059643E+00  1.44371910E+00
   208  8.32000000E+01  1.44379512E+00  1.05349742E+00  1.44379512E+00
   209  8.36000000E+01  1.44386613E+00  1.05651754E+00  1.44386613E+00
   210  8.40000000E+01  1.44393820E+00  1.05965802E+00  1.44393820E+00
   211  8.44000000E+01  1.44400513E+00  1.06291977E+00  1.44400513E+00
   212  8.48000000E+01  1.44406870E+00  1.06630337E+00  1.44406870E+00
   213  8.52000000E+01  1.44413212E+00  1.06980901E+00  1.44413212E+00
   214  8.56000000E+01  1.44419094E+00  1.07343651E+00  1.44419094E+00
   215  8.60000000E+01  1.44424746E+00  1.07718529E+00  1.44424746E+00
   216  8.64000000E+01  1.44430311E+00  1.08105433E+00  1.44430311E+00
   217  8.68000000E+01  1.44435463E+00  1.08504220E+00  1.44435463E+00
   218  8.72000000E+01  1.44440452E+00  1.08914703E+00  1.44440452E+00
   219  8.76000000E+01  1.44445321E+00  1.09336649E+00  1.44445321E+00
   220  8.80000000E+01  1.44449818E+00  1.09769784E+00  1.44449818E+00
   221  8.84000000E+01  1.44454191E+00  1.10213789E+00  1.44454191E+00
   222  8.88000000E+01  1.44458435E+00  1.10668301E+00  1.44458435E+00
   223  8.92000000E+01  1.44462347E+00  1.11132918E+00  1.44462347E+00
   224  8.96000000E+01  1.44466144E+00  1.11607198E+00  1.44466144E+00
   225  9.00000000E+01  1.44469831E+00  1.12090663E+00  1.44469831E+00
   226  9.04000000E+01  1.44473222E+00  1.12582802E+00  1.44473222E+00
   227  9.08000000E+01  1.44476477E+00  1.13083071E+00  1.44476477E+00
   228  9.12000000E+01  1.44479669E+00  1.13590903E+00  1.44479669E+00
   229  9.16000000E+01  1.44482602E+00  1.14105708E+00  1.44482602E+00
   230  9.20000000E+01  1.44485349E+00  1.14626877E+00  1.44485349E+00
   231  9.24000000E+01  1.44488106E+00  1.15153790E+00  1.44488106E+00
   232  9.28000000E+01  1.44490634E+00  1.15685819E+00  1.44490634E+00
   233  9.32000000E+01  1.44492950E+00  1.16222332E+00  1.44492950E+00
   234  9.36000000E+01  1.44495278E+00  1.16762701E+00  1.44495278E+00
   235  9.40000000E+01  1.44497450E+00  1.17306306E+00  1.44497450E+00
   236  9.44000000E+01  1.44499435E+00  1.17852538E+00  1.44499435E+00
   237  9.48000000E+01  1.44501316E+00  1.18400808E+00  1.44501316E+00
   238  9.52000000E+01  1.44503175E+00  1.18950546E+00  1.44503175E+00
   239  9.56000000E+01  1.44504868E+00  1.19501211E+00  1.44504868E+00
   240  9.60000000E+01  1.44506408E+00  1.20052290E+00  1.44506408E+00
   241  9.64000000E+01  1.44507915E+00  1.20603304E+00  1.44507915E+00
   242  9.68000000E+01  1.44509351E+00  1.21153809E+00  1.44509351E+00
   243  9.72000000E+01  1.44510652E+00  1.21703398E+00  1.44510652E+00
   244  9.76000000E+01  1.44511827E+00  1.22251699E+00  1.44511827E+00
   245  9.80000000E+01  1.44512979E+00  1.22798381E+00  1.44512979E+00
   246  9.84000000E+01  1.44514071E+00  1.23343148E+00  1.44514071E+00
   247  9.88000000E+01  1.44515052E+00  1.23885738E+00  1.44515052E+00
   248  9.92000000E+01  1.44515932E+00  1.24425920E+00  1.44515932E+00
   249  9.96000000E+01  1.44516741E+00  1.24963490E+00  1.44516741E+00
   250  1.00000000E+02  1.44517554E+00  1.25498267E+00  1.44517554E+00
   251  1.00400000E+02  1.44518278E+00  1.26030086E+00  1.44518278E+00
   252  1.00800000E+02  1.44518922E+00  1.26558790E+00  1.44518922E+00
   253  1.01200000E+02  1.44519491E+00  1.27084225E+00  1.44519491E+00
   254  1.01600000E+02  1.44520003E+00  1.27606232E+00  1.44520003E+00
   255  1.02000000E+02  1.44520523E+00  1.28124637E+00  1.44520523E+00
   256  1.02400000E+02  1.44520979E+00  1.28639246E+00  1.44520979E+00
   257  1.02800000E+02  1.44521376E+00  1.29149835E+00  1.44521376E+00
   258  1.03200000E+02  1.44521719E+00  1.29656144E+00  1.44521719E+00
   259  1.03600000E+02  1.44522014E+00  1.30157871E+00  1.44522014E+00
   260  1.04000000E+02  1.44522263E+00  1.30654668E+00  1.44522263E+00
   261  1.04400000E+02  1.44522513E+00  1.31146137E+00  1.44522513E+00
   262  1.04800000E+02  1.44522733E+00  1.31631830E+00  1.44522733E+00
   263  1.05200000E+02  1.44522915E+00  1.32111246E+00  1.44522915E+00
   264  1.05600000E+02  1.44523062E+00  1.32583839E+00  1.44523062E+00
   265  1.06000000E+02  1.44523178E+00  1.33049019E+00  1.44523178E+00
   266  1.06400000E+02  1.44523266E+00  1.33506164E+00  1.44523266E+00
   267  1.06800000E+02  1.44523329E+00  1.33954625E+00  1.44523329E+00
   268  1.07200000E+02  1.44523368E+00  1.34393740E+00  1.44523368E+00
   269  1.07600000E+02  1.44523388E+00  1.34822851E+00  1.44523388E+00
   270  1.08000000E+02  1.44523389E+00  1.35241312E+00  1.44523389E+00
   271  1.08400000E+02  1.44523389E+00  1.35648514E+00  1.44523389E+00
   272  1.08800000E+02  1.44523379E+00  1.36043895E+00  1.44523379E+00
   273  1.09200000E+02  1.44523353E+00  1.36426961E+00  1.44523353E+00
   274  1.09600000E+02  1.44523315E+00  1.36797301E+00  1.44523315E+00
   275  1.10000000E+02  1.44523265E+00  1.37154600E+00  1.44523265E+00
   276  1.10400000E+02  1.44523205E+00  1.37498654E+00  1.44523205E+00
   277  1.10800000E+02  1.44523137E+00  1.37829379E+00  1.44523137E+00
   278  1.11200000E+02  1.44523061E+00  1.38146813E+00  1.44523061E+00
   279  1.11600000E+02  1.44522979E+00  1.38451122E+00  1.44522979E+00
   280  1.12000000E+02  1.44522892E+00  1.38742592E+00  1.44522892E+00
   281  1.12400000E+02  1.44522800E+00  1.39021619E+00  1.44522800E+00
   282  1.12800000E+02  1.44522705E+00  1.39288697E+00  1.44522705E+00
   283  1.13200000E+02  1.44522607E+00  1.39544395E+00  1.44522607E+00
   284  1.13600000E+02  1.44522507E+00  1.39789335E+00  1.44522507E+00
   285  1.14000000E+02  1.44522406E+00  1.40024159E+00  1.44522406E+00
   286  1.14400000E+02  1.44522304E+00  1.40249504E+00  1.44522304E+00
   287  1.14800000E+02  1.44522201E+00  1.40465971E+00  1.44522201E+00
   288  1.15200000E+02  1.44522098E+00  1.40674096E+00  1.44522098E+00
   289  1.15600000E+02  1.44521996E+00  1.40874324E+00  1.44521996E+00
   290  1.16000000E+02  1.44521895E+00  1.41066999E+00  1.44521895E+00
   291  1.16400000E+02  1.44521794E+00  1.41252348E+00  1.44521794E+00
   292  1.16800000E+02  1.44521695E+00  1.41430486E+00  1.44521695E+00
   293  1.17200000E+02  1.44521598E+00  1.41601423E+00  1.44521598E+00
   294  1.17600000E+02  1.44521502E+00  1.41765090E+00  1.44521502E+00
   295  1.18000000E+02  1.44521408E+00  1.41921361E+00  1.44521408E+00
   296  1.18400000E+02  1.44521316E+00  1.42070090E+00  1.44521316E+00
   297  1.18800000E+02  1.44521227E+00  1.42211148E+00  1.44521227E+00
   298  1.19200000E+02  1.44521139E+00  1.42344461E+00  1.44521139E+00
   299  1.19600000E+02  1.44521054E+00  1.42470036E+00  1.44521054E+00
   300  1.20000000E+02  1.44520971E+00  1.42587989E+00  1.44520971E+00
   301  1.20400000E+02  1.44520891E+00  1.42698554E+00  1.44520891E+00
   302  1.20800000E+02  1.44520813E+00  1.42802087E+00  1.44520813E+00
   303  1.21200000E+02  1.44520738E+00  1.42899044E+00  1.44520738E+00
   304  1.21600000E+02  1.44520665E+00  1.42989964E+00  1.44520665E+00
   305  1.22000000E+02  1.44520594E+00  1.43075430E+00  1.44520594E+00
   306  1.22400000E+02  1.44520526E+00  1.43156034E+00  1.44520526E+00
   307  1.22800000E+02  1.44520460E+00  1.43232331E+00  1.44520460E+00
   308  1.23200000E+02  1.44520397E+00  1.43304809E+00  1.44520397E+00
   309  1.23600000E+02  1.44520336E+00  1.43373860E+00  1.44520336E+00
   310  1.24000000E+02  1.44520277E+00  1.43439766E+00  1.44520277E+00
   311  1.24400000E+02  1.44520221E+00  1.43502696E+00  1.44520221E+00
   312  1.24800000E+02  1.44520167E+00  1.43562717E+00  1.44520167E+00
   313  1.25200000E+02  1.44520115E+00  1.43619819E+00  1.44520115E+00
   314  1.25600000E+02  1.44520065E+00  1.43673941E+00  1.44520065E+00
   315  1.26000000E+02  1.44520017E+00  1.43725012E+00  1.44520017E+00
   316  1.26400000E+02  1.44519971E+00  1.43772972E+00  1.44519971E+00
   317  1.26800000E+02  1.44519927E+00  1.43817812E+00  1.44519927E+00
   318  1.27200000E+02  1.44519885E+00  1.43859578E+00  1.44519885E+00
   319  1.27600000E+02  1.44519845E+00  1.43898387E+00  1.44519845E+00
   320  1.28000000E+02  1.44519806E+00  1.43934418E+00  1.44519806E+00
   321  1.28400000E+02  1.44519769E+00  1.43967897E+00  1.44519769E+00
   322  1.28800000E+02  1.44519734E+00  1.43999078E+00  1.44519734E+00
   323  1.29200000E+02  1.44519701E+00  1.44028222E+00  1.44519701E+00
   324  1.29600000E+02  1.44519668E+00  1.44055568E+00  1.44519668E+00
   325  1.30000000E+02  1.44519638E+00  1.44081320E+00  1.44519638E+00
   326  1.30400000E+02  1.44519609E+00  1.44105637E+00  1.44519609E+00
   327  1.30800000E+02  1.44519581E+00  1.44128626E+00  1.44519581E+00
   328  1.31200000E+02  1.44519554E+00  1.44150348E+00  1.44519554E+00
   329  1.31600000E+02  1.44519529E+00  1.44170831E+00  1.44519529E+00
   330  1.32000000E+02  1.44519505E+00  1.44190079E+00  1.44519505E+00
   331  1.32400000E+02  1.44519482E+00  1.44208091E+00  1.44519482E+00
   332  1.32800000E+02  1.44519460E+00  1.44224872E+00  1.44519460E+00
   333  1.33200000E+02  1.44519439E+00  1.44240442E+00  1.44519439E+00
   334  1.33600000E+02  1.44519419E+00  1.44254840E+00  1.44519419E+00
   335  1.34000000E+02  1.44519400E+00  1.44268127E+00  1.44519400E+00
   336  1.34400000E+02  1.44519382E+00  1.44280376E+00  1.44519382E+00
   337  1.34800000E+02  1.44519365E+00  1.44291671E+00  1.44519365E+00
   338  1.35200000E+02  1.44519349E+00  1.44302100E+00  1.44519349E+00
   339  1.35600000E+02  1.44519333E+00  1.44311742E+00  1.44519333E+00
   340  1.36000000E+02  1.44519318E+00  1.44320670E+00  1.44519318E+00
   341  1.36400000E+02  1.44519304E+00  1.44328946E+00  1.44519304E+00
   342  1.36800000E+02  1.44519291E+00  1.44336619E+00  1.44519291E+00
   343  1.37200000E+02  1.44519278E+00  1.44343732E+00  1.44519278E+00
   344  1.37600000E+02  1.44519266E+00  1.44350321E+00  1.44519266E+00
   345  1.38000000E+02  1.44519255E+00  1.44356419E+00  1.44519255E+00
   346  1.38400000E+02  1.44519244E+00  1.44362058E+00  1.44519244E+00
   347  1.38800000E+02  1.44519234E+00  1.44367271E+00  1.44519234E+00
   348  1.39200000E+02  1.44519224E+00  1.44372092E+00  1.44519224E+00
   349  1.39600000E+02  1.44519215E+00  1.44376553E+00  1.44519215E+00
   350  1.40000000E+02  1.44519206E+00  1.44380686E+00  1.44519206E+00
   351  1.40400000E+02  1.44519198E+00  1.44384517E+00  1.44519198E+00
   352  1.40800000E+02  1.44519190E+00  1.44388068E+00  1.44519190E+00
   353  1.41200000E+02  1.44519182E+00  1.44391358E+00  1.44519182E+00
   354  1.41600000E+02  1.44519175E+00  1.44394398E+00  1.44519175E+00
   355  1.42000000E+02  1.44519168E+00  1.44397201E+00  1.44519168E+00
   356  1.42400000E+02  1.44519162E+00  1.44399773E+00  1.44519162E+00
   357  1.42800000E+02  1.44519156E+00  1.44402123E+00  1.44519156E+00
   358  1.43200000E+02  1.44519150E+00  1.44404263E+00  1.44519150E+00
   359  1.43600000E+02  1.44519144E+00  1.44406202E+00  1.44519144E+00
   360  1.44000000E+02  1.44519139E+00  1.44407956E+00  1.44519139E+00
   361  1.44400000E+02  1.44519134E+00  1.44409540E+00  1.44519134E+00
   362  1.44800000E+02  1.44519129E+00  1.44410969E+00  1.44519129E+00
   363  1.45200000E+02  1.44519125E+00  1.44412259E+00  1.44519125E+00
   364  1.45600000E+02  1.44519121E+00  1.44413424E+00  1.44519121E+00
   365  1.46000000E+02  1.44519117E+00  1.44414477E+00  1.44519117E+00
   366  1.46400000E+02  1.44519113E+00  1.44415428E+00  1.44519113E+00
   367  1.46800000E+02  1.44519109E+00  1.44416286E+00  1.44519109E+00
   368  1.47200000E+02  1.44519106E+00  1.44417056E+00  1.44519106E+00
   369  1.47600000E+02  1.44519103E+00  1.44417745E+00  1.44519103E+00
   370  1.48000000E+02  1.44519100E+00  1.44418357E+00  1.44519100E+00
   371  1.48400000E+02  1.44519097E+00  1.44418897E+00  1.44519097E+00
   372  1.48800000E+02  1.44519094E+00  1.44419370E+00  1.44519094E+00
   373  1.49200000E+02  1.44519091E+00  1.44419780E+00  1.44519091E+00
   374  1.49600000E+02  1.44519089E+00  1.44420132E+00  1.44519089E+00
   375  1.50000000E+02  1.44519087E+00  1.44420433E+00  1.44519087E+00
   376  1.50400000E+02  1.44519085E+00  1.44420687E+00  1.44519085E+00
   377  1.50800000E+02  1.44519083E+00  1.44420898E+00  1.44519083E+00
   378  1.51200000E+02  1.44519081E+00  1.44421072E+00  1.44519081E+00
   379  1.51600000E+02  1.44519079E+00  1.44421212E+00  1.44519079E+00
   380  1.52000000E+02  1.44519077E+00  1.44421321E+00  1.44519077E+00
   381  1.52400000E+02  1.44519076E+00  1.44421403E+00  1.44519076E+00
   382  1.52800000E+02  1.44519074E+00  1.44421461E+00  1.44519074E+00
   383  1.53200000E+02  1.44519073E+00  1.44421496E+00  1.44519073E+00
   384  1.53600000E+02  1.44519072E+00  1.44421511E+00  1.44519072E+00
   385  1.54000000E+02  1.44519070E+00  1.44421508E+00  1.44519070E+00
   386  1.54400000E+02  1.44519069E+00  1.44421489E+00  1.44519069E+00
   387  1.54800000E+02  1.44519068E+00  1.44421455E+00  1.44519068E+00
   388  1.55200000E+02  1.44519067E+00  1.44421409E+00  1.44519067E+00
   389  1.55600000E+02  1.44519066E+00  1.44421352E+00  1.44519066E+00
   390  1.56000000E+02  1.44519065E+00  1.44421286E+00  1.44519065E+00
   391  1.56400000E+02  1.44519064E+00  1.44421211E+00  1.44519064E+00
   392  1.56800000E+02  1.44519063E+00  1.44421130E+00  1.44519063E+00
   393  1.57200000E+02  1.44519062E+00  1.44421042E+00  1.44519062E+00
   394  1.57600000E+02  1.44519061E+00  1.44420950E+00  1.44519061E+00
   395  1.58000000E+02  1.44519060E+00  1.44420854E+00  1.44519060E+00
   396  1.58400000E+02  1.44519060E+00  1.44420755E+00  1.44519060E+00
   397  1.58800000E+02  1.44519059E+00  1.44420654E+00  1.44519059E+00
   398  1.59200000E+02  1.44519058E+00  1.44420551E+00  1.44519058E+00
   399  1.59600000E+02  1.44519058E+00  1.44420447E+00  1.44519058E+00
   400  1.60000000E+02  1.44519057E+00  1.44420342E+00  1.44519057E+00
   401  1.60400000E+02  1.44519057E+00  1.44420237E+00  1.44519057E+00
   402  1.60800000E+02  1.44519056E+00  1.44420132E+00  1.44519056E+00
   403  1.61200000E+02  1.44519056E+00  1.44420028E+00  1.44519056E+00
   404  1.61600000E+02  1.44519055E+00  1.44419924E+00  1.44519055E+00
   405  1.62000000E+02  1.44519055E+00  1.44419822E+00  1.44519055E+00
   406  1.62400000E+02  1.44519054E+00  1.44419722E+00  1.44519054E+00
   407  1.62800000E+02  1.44519054E+00  1.44419623E+00  1.44519054E+00
   408  1.63200000E+02  1.44519054E+00  1.44419526E+00  1.44519054E+00
   409  1.63600000E+02  1.44519053E+00  1.44419431E+00  1.44519053E+00
   410  1.64000000E+02  1.44519053E+00  1.44419339E+00  1.44519053E+00
   411  1.64400000E+02  1.44519052E+00  1.44419248E+00  1.44519052E+00
   412  1.64800000E+02  1.44519052E+00  1.44419160E+00  1.44519052E+00
   413  1.65200000E+02  1.44519052E+00  1.44419074E+00  1.44519052E+00
   414  1.65600000E+02  1.44519052E+00  1.44418991E+00  1.44519052E+00
   415  1.66000000E+02  1.44519051E+00  1.44418910E+00  1.44519051E+00
   416  1.66400000E+02  1.44519051E+00  1.44418832E+00  1.44519051E+00
   417  1.66800000E+02  1.44519051E+00  1.44418756E+00  1.44519051E+00
   418  1.67200000E+02  1.44519051E+00  1.44418683E+00  1.44519051E+00
   419  1.67600000E+02  1.44519050E+00  1.44418613E+00  1.44519050E+00
   420  1.68000000E+02  1.44519050E+00  1.44418544E+00  1.44519050E+00
   421  1.68400000E+02  1.44519050E+00  1.44418479E+00  1.44519050E+00
   422  1.68800000E+02  1.44519050E+00  1.44418415E+00  1.44519050E+00
   423  1.69200000E+02  1.44519050E+00  1.44418354E+00  1.44519050E+00
   424  1.69600000E+02  1.44519049E+00  1.44418296E+00  1.44519049E+00
   425  1.70000000E+02  1.44519049E+00  1.44418239E+00  1.44519049E+00
   426  1.70400000E+02  1.44519049E+00  1.44418185E+00  1.44519049E+00
   427  1.70800000E+02  1.44519049E+00  1.44418133E+00  1.44519049E+00
   428  1.71200000E+02  1.44519049E+00  1.44418083E+00  1.44519049E+00
   429  1.71600000E+02  1.44519049E+00  1.44418036E+00  1.44519049E+00
   430  1.72000000E+02  1.44519049E+00  1.44417990E+00  1.44519049E+00
   431  1.72400000E+02  1.44519048E+00  1.44417946E+00  1.44519048E+00
   432  1.72800000E+02  1.44519048E+00  1.44417904E+00  1.44519048E+00
   433  1.73200000E+02  1.44519048E+00  1.44417864E+00  1.44519048E+00
   434  1.73600000E+02  1.44519048E+00  1.44417826E+00  1.44519048E+00
   435  1.74000000E+02  1.44519048E+00  1.44417789E+00  1.44519048E+00
   436  1.74400000E+02  1.44519048E+00  1.44417754E+00  1.44519048E+00
   437  1.74800000E+02  1.44519048E+00  1.44417721E+00  1.44519048E+00
   438  1.75200000E+02  1.44519048E+00  1.44417689E+00  1.44519048E+00
   439  1.75600000E+02  1.44519048E+00  1.44417658E+00  1.44519048E+00
   440  1.76000000E+02  1.44519048E+00  1.44417629E+00  1.44519048E+00
   441  1.76400000E+02  1.44519048E+00  1.44417601E+00  1.44519048E+00
   442  1.76800000E+02  1.44519048E+00  1.44417575E+00  1.44519048E+00
   443  1.77200000E+02  1.44519047E+00  1.44417550E+00  1.44519047E+00
   444  1.77600000E+02  1.44519047E+00  1.44417526E+00  1.44519047E+00
   445  1.78000000E+02  1.44519047E+00  1.44417503E+00  1.44519047E+00
   446  1.78400000E+02  1.44519047E+00  1.44417481E+00  1.44519047E+00
   447  1.78800000E+02  1.44519047E+00  1.44417460E+00  1.44519047E+00
   448  1.79200000E+02  1.44519047E+00  1.44417441E+00  1.44519047E+00
   449  1.79600000E+02  1.44519047E+00  1.44417422E+00  1.44519047E+00
   450  1.80000000E+02  1.44519047E+00  1.44417404E+00  1.44519047E+00
   451  1.80400000E+02  1.44519047E+00  1.44417387E+00  1.44519047E+00
   452  1.80800000E+02  1.44519047E+00  1.44417371E+00  1.44519047E+00
   453  1.81200000E+02  1.44519047E+00  1.44417356E+00  1.44519047E+00
   454  1.81600000E+02  1.44519047E+00  1.44417341E+00  1.44519047E+00
   455  1.82000000E+02  1.44519047E+00  1.44417327E+00  1.44519047E+00
   456  1.82400000E+02  1.44519047E+00  1.44417314E+00  1.44519047E+00
   457  1.82800000E+02  1.44519047E+00  1.44417301E+00  1.44519047E+00
   458  1.83200000E+02  1.44519047E+00  1.44417290E+00  1.44519047E+00
   459  1.83600000E+02  1.44519047E+00  1.44417278E+00  1.44519047E+00
   460  1.84000000E+02  1.44519047E+00  1.44417267E+00  1.44519047E+00
   461  1.84400000E+02  1.44519047E+00  1.44417257E+00  1.44519047E+00
   462  1.84800000E+02  1.44519047E+00  1.44417248E+00  1.44519047E+00
   463  1.85200000E+02  1.44519047E+00  1.44417238E+00  1.44519047E+00
   464  1.85600000E+02  1.44519047E+00  1.44417230E+00  1.44519047E+00
   465  1.86000000E+02  1.44519047E+00  1.44417221E+00  1.44519047E+00
   466  1.86400000E+02  1.44519047E+00  1.44417214E+00  1.44519047E+00
   467  1.86800000E+02  1.44519047E+00  1.44417206E+00  1.44519047E+00
   468  1.87200000E+02  1.44519047E+00  1.44417199E+00  1.44519047E+00
   469  1.87600000E+02  1.44519047E+00  1.44417192E+00  1.44519047E+00
   470  1.88000000E+02  1.44519047E+00  1.44417186E+00  1.44519047E+00
   471  1.88400000E+02  1.44519047E+00  1.44417180E+00  1.44519047E+00
   472  1.88800000E+02  1.44519047E+00  1.44417174E+00  1.44519047E+00
   473  1.89200000E+02  1.44519047E+00  1.44417169E+00  1.44519047E+00
   474  1.89600000E+02  1.44519047E+00  1.44417164E+00  1.44519047E+00
   475  1.90000000E+02  1.44519046E+00  1.44417159E+00  1.44519046E+00
   476  1.90400000E+02  1.44519046E+00  1.44417154E+00  1.44519046E+00
   477  1.90800000E+02  1.44519046E+00  1.44417150E+00  1.44519046E+00
   478  1.91200000E+02  1.44519046E+00  1.44417145E+00  1.44519046E+00
   479  1.91600000E+02  1.44519046E+00  1.44417141E+00  1.44519046E+00
   480  1.92000000E+02  1.44519046E+00  1.44417138E+00  1.44519046E+00
   481  1.92400000E+02  1.44519046E+00  1.44417134E+00  1.44519046E+00
   482  1.92800000E+02  1.44519046E+00  1.44417131E+00  1.44519046E+00
   483  1.93200000E+02  1.44519046E+00  1.44417128E+00  1.44519046E+00
   484  1.93600000E+02  1.44519046E+00  1.44417125E+00  1.44519046E+00
   485  1.94000000E+02  1.44519046E+00  1.44417122E+00  1.44519046E+00
   486  1.94400000E+02  1.44519046E+00  1.44417119E+00  1.44519046E+00
   487  1.94800000E+02  1.44519046E+00  1.44417116E+00  1.44519046E+00
   488  1.95200000E+02  1.44519046E+00  1.44417114E+00  1.44519046E+00
   489  1.95600000E+02  1.44519046E+00  1.44417112E+00  1.44519046E+00
   490  1.96000000E+02  1.44519046E+00  1.44417109E+00  1.44519046E+00
   491  1.96400000E+02  1.44519046E+00  1.44417107E+00  1.44519046E+00
   492  1.96800000E+02  1.44519046E+00  1.44417105E+00  1.44519046E+00
   493  1.97200000E+02  1.44519046E+00  1.44417103E+00  1.44519046E+00
   494  1.97600000E+02  1.44519046E+00  1.44417102E+00  1.44519046E+00
   495  1.98000000E+02  1.44519046E+00  1.44417100E+00  1.44519046E+00
   496  1.98400000E+02  1.44519046E+00  1.44417098E+00  1.44519046E+00
   497  1.98800000E+02  1.44519046E+00  1.44417097E+00  1.44519046E+00
   498  1.99200000E+02  1.44519046E+00  1.44417095E+00  1.44519046E+00
   499  1.99600000E+02  1.44519046E+00  1.44417094E+00  1.44519046E+00
   500  2.00000000E+02  1.44519046E+00  1.44417093E+00  1.44519046E+00
   501  2.00400000E+02  1.44519046E+00  1.44417091E+00  1.44519046E+00
   502  2.00800000E+02  1.44519046E+00  1.44417090E+00  1.44519046E+00
   503  2.01200000E+02  1.44519046E+00  1.44417089E+00  1.44519046E+00
   504  2.01600000E+02  1.44519046E+00  1.44417088E+00  1.44519046E+00
   505  2.02000000E+02  1.44519046E+00  1.44417087E+00  1.44519046E+00
   506  2.02400000E+02  1.44519046E+00  1.44417086E+00  1.44519046E+00
   507  2.02800000E+02  1.44519046E+00  1.44417085E+00  1.44519046E+00
   508  2.03200000E+02  1.44519046E+00  1.44417084E+00  1.44519046E+00
   509  2.03600000E+02  1.44519046E+00  1.44417084E+00  1.44519046E+00
   510  2.04000000E+02  1.44519046E+00  1.44417083E+00  1.44519046E+00
   511  2.04400000E+02  1.44519046E+00  1.44417082E+00  1.44519046E+00
   512  2.04800000E+02  1.44519046E+00  1.44417081E+00  1.44519046E+00
   513  2.05200000E+02  1.44519046E+00  1.44417081E+00  1.44519046E+00
   514  2.05600000E+02  1.44519046E+00  1.44417080E+00  1.44519046E+00
   515  2.06000000E+02  1.44519046E+00  1.44417080E+00  1.44519046E+00
   516  2.06400000E+02  1.44519046E+00  1.44417079E+00  1.44519046E+00
   517  2.06800000E+02  1.44519046E+00  1.44417078E+00  1.44519046E+00
   518  2.07200000E+02  1.44519046E+00  1.44417078E+00  1.44519046E+00
   519  2.07600000E+02  1.44519046E+00  1.44417077E+00  1.44519046E+00
   520  2.08000000E+02  1.44519046E+00  1.44417077E+00  1.44519046E+00
   521  2.08400000E+02  1.44519046E+00  1.44417077E+00  1.44519046E+00
   522  2.08800000E+02  1.44519046E+00  1.44417076E+00  1.44519046E+00
   523  2.09200000E+02  1.44519046E+00  1.44417076E+00  1.44519046E+00
   524  2.09600000E+02  1.44519046E+00  1.44417075E+00  1.44519046E+00
   525  2.10000000E+02  1.44519046E+00  1.44417075E+00  1.44519046E+00
   526  2.10400000E+02  1.44519046E+00  1.44417075E+00  1.44519046E+00
   527  2.10800000E+02  1.44519046E+00  1.44417074E+00  1.44519046E+00
   528  2.11200000E+02  1.44519046E+00  1.44417074E+00  1.44519046E+00
   529  2.11600000E+02  1.44519046E+00  1.44417074E+00  1.44519046E+00
   530  2.12000000E+02  1.44519046E+00  1.44417074E+00  1.44519046E+00
   531  2.12400000E+02  1.44519046E+00  1.44417073E+00  1.44519046E+00
   532  2.12800000E+02  1.44519046E+00  1.44417073E+00  1.44519046E+00
   533  2.13200000E+02  1.44519046E+00  1.44417073E+00  1.44519046E+00
   534  2.13600000E+02  1.44519046E+00  1.44417073E+00  1.44519046E+00
   535  2.14000000E+02  1.44519046E+00  1.44417072E+00  1.44519046E+00
   536  2.14400000E+02  1.44519046E+00  1.44417072E+00  1.44519046E+00
   537  2.14800000E+02  1.44519046E+00  1.44417072E+00  1.44519046E+00
   538  2.15200000E+02  1.44519046E+00  1.44417072E+00  1.44519046E+00
   539  2.15600000E+02  1.44519046E+00  1.44417072E+00  1.44519046E+00
   540  2.16000000E+02  1.44519046E+00  1.44417072E+00  1.44519046E+00
   541  2.16400000E+02  1.44519046E+00  1.44417071E+00  1.44519046E+00
   542  2.16800000E+02  1.44519046E+00  1.44417071E+00  1.44519046E+00
   543  2.17200000E+02  1.44519046E+00  1.44417071E+00  1.44519046E+00
   544  2.17600000E+02  1.44519046E+00  1.44417071E+00  1.44519046E+00
   545  2.18000000E+02  1.44519046E+00  1.44417071E+00  1.44519046E+00
   546  2.18400000E+02  1.44519046E+00  1.44417071E+00  1.44519046E+00
   547  2.18800000E+02  1.44519046E+00  1.44417071E+00  1.44519046E+00
   548  2.19200000E+02  1.44519046E+00  1.44417071E+00  1.44519046E+00
   549  2.19600000E+02  1.44519046E+00  1.44417070E+00  1.44519046E+00
   550  2.20000000E+02  1.44519046E+00  1.44417070E+00  1.44519046E+00
   551  2.20400000E+02  1.44519046E+00  1.44417070E+00  1.44519046E+00
   552  2.20800000E+02  1.44519046E+00  1.44417070E+00  1.44519046E+00
   553  2.21200000E+02  1.44519046E+00  1.44417070E+00  1.44519046E+00
   554  2.21600000E+02  1.44519046E+00  1.44417070E+00  1.44519046E+00
   555  2.22000000E+02  1.44519046E+00  1.44417070E+00  1.44519046E+00
   556  2.22400000E+02  1.44519046E+00  1.44417070E+00  1.44519046E+00
   557  2.22800000E+02  1.44519046E+00  1.44417070E+00  1.44519046E+00
   558  2.23200000E+02  1.44519046E+00  1.44417070E+00  1.44519046E+00
   559  2.23600000E+02  1.44519046E+00  1.44417070E+00  1.44519046E+00
   560  2.24000000E+02  1.44519046E+00  1.44417070E+00  1.44519046E+00
   561  2.24400000E+02  1.44519046E+00  1.44417070E+00  1.44519046E+00
   562  2.24800000E+02  1.44519046E+00  1.44417070E+00  1.44519046E+00
   563  2.25200000E+02  1.44519046E+00  1.44417069E+00  1.44519046E+00
   564  2.25600000E+02  1.44519046E+00  1.44417069E+00  1.44519046E+00
   565  2.26000000E+02  1.44519046E+00  1.44417069E+00  1.44519046E+00
   566  2.26400000E+02  1.44519046E+00  1.44417069E+00  1.44519046E+00
   567  2.26800000E+02  1.44519046E+00  1.44417069E+00  1.44519046E+00
   568  2.27200000E+02  1.44519046E+00  1.44417069E+00  1.44519046E+00
   569  2.27600000E+02  1.44519046E+00  1.44417069E+00  1.44519046E+00
   570  2.28000000E+02  1.44519046E+00  1.44417069E+00  1.44519046E+00
   571  2.28400000E+02  1.44519046E+00  1.44417069E+00  1.44519046E+00
   572  2.28800000E+02  1.44519046E+00  1.44417069E+00  1.44519046E+00
   573  2.29200000E+02  1.44519046E+00  1.44417069E+00  1.44519046E+00
   574  2.29600000E+02  1.44519046E+00  1.44417069E+00  1.44519046E+00
   575  2.30000000E+02  1.44519046E+00  1.44417069E+00  1.44519046E+00
   576  2.30400000E+02  1.44519046E+00  1.44417069E+00  1.44519046E+00
   577  2.30800000E+02  1.44519046E+00  1.44417069E+00  1.44519046E+00
   578  2.31200000E+02  1.44519046E+00  1.44417069E+00  1.44519046E+00
   579  2.31600000E+02  1.44519046E+00  1.44417069E+00  1.44519046E+00
   580  2.32000000E+02  1.44519046E+00  1.44417069E+00  1.44519046E+00
   581  2.32400000E+02  1.44519046E+00  1.44417069E+00  1.44519046E+00
   582  2.32800000E+02  1.44519046E+00  1.44417069E+00  1.44519046E+00
   583  2.33200000E+02  1.44519046E+00  1.44417069E+00  1.44519046E+00
   584  2.33600000E+02  1.44519046E+00  1.44417069E+00  1.44519046E+00
   585  2.34000000E+02  1.44519046E+00  1.44417069E+00  1.44519046E+00
   586  2.34400000E+02  1.44519046E+00  1.44417069E+00  1.44519046E+00
   587  2.34800000E+02  1.44519046E+00  1.44417069E+00  1.44519046E+00
   588  2.35200000E+02  1.44519046E+00  1.44417069E+00  1.44519046E+00
   589  2.35600000E+02  1.44519046E+00  1.44417069E+00  1.44519046E+00
   590  2.36000000E+02  1.44519046E+00  1.44417069E+00  1.44519046E+00
   591  2.36400000E+02  1.44519046E+00  1.44417069E+00  1.44519046E+00
   592  2.36800000E+02  1.44519046E+00  1.44417069E+00  1.44519046E+00
   593  2.37200000E+02  1.44519046E+00  1.44417069E+00  1.44519046E+00
   594  2.37600000E+02  1.44519046E+00  1.44417069E+00  1.44519046E+00
   595  2.38000000E+02  1.44519046E+00  1.44417069E+00  1.44519046E+00
   596  2.38400000E+02  1.44519046E+00  1.44417069E+00  1.44519046E+00
   597  2.38800000E+02  1.44519046E+00  1.44417069E+00  1.44519046E+00
   598  2.39200000E+02  1.44519046E+00  1.44417069E+00  1.44519046E+00
   599  2.39600000E+02  1.44519046E+00  1.44417069E+00  1.44519046E+00
   600  2.40000000E+02  1.44519046E+00  1.44417069E+00  1.44519046E+00
   601  2.40400000E+02  1.44519046E+00  1.44417069E+00  1.44519046E+00
   602  2.40800000E+02  1.44519046E+00  1.44417069E+00  1.44519046E+00
   603  2.41200000E+02  1.44519046E+00  1.44417069E+00  1.44519046E+00
   604  2.41600000E+02  1.44519046E+00  1.44417069E+00  1.44519046E+00
   605  2.42000000E+02  1.44519046E+00  1.44417069E+00  1.44519046E+00
   606  2.42400000E+02  1.44519046E+00  1.44417069E+00  1.44519046E+00
   607  2.42800000E+02  1.44519046E+00  1.44417069E+00  1.44519046E+00
   608  2.43200000E+02  1.44519046E+00  1.44417069E+00  1.44519046E+00
   609  2.43600000E+02  1.44519046E+00  1.44417069E+00  1.44519046E+00
   610  2.44000000E+02  1.44519046E+00  1.44417069E+00  1.44519046E+00
   611  2.44400000E+02  1.44519046E+00  1.44417069E+00  1.44519046E+00
   612  2.44800000E+02  1.44519046E+00  1.44417069E+00  1.44519046E+00
   613  2.45200000E+02  1.44519046E+00  1.44417069E+00  1.44519046E+00
   614  2.45600000E+02  1.44519046E+00  1.44417069E+00  1.44519046E+00
   615  2.46000000E+02  1.44519046E+00  1.44417069E+00  1.44519046E+00
   616  2.46400000E+02  1.44519046E+00  1.44417069E+00  1.44519046E+00
   617  2.46800000E+02  1.44519046E+00  1.44417069E+00  1.44519046E+00
   618  2.47200000E+02  1.44519046E+00  1.44417069E+00  1.44519046E+00
   619  2.47600000E+02  1.44519046E+00  1.44417069E+00  1.44519046E+00
   620  2.48000000E+02  1.44519046E+00  1.44417069E+00  1.44519046E+00
   621  2.48400000E+02  1.44519046E+00  1.44417069E+00  1.44519046E+00
   622  2.48800000E+02  1.44519046E+00  1.44417069E+00  1.44519046E+00
   623  2.49200000E+02  1.44519046E+00  1.44417069E+00  1.44519046E+00
   624  2.49600000E+02  1.44519046E+00  1.44417069E+00  1.44519046E+00
   625  2.50000000E+02  1.44519046E+00  1.44417069E+00  1.44519046E+00
   626  2.50400000E+02  1.44519046E+00  1.44417069E+00  1.44519046E+00
   627  2.50800000E+02  1.44519046E+00  1.44417069E+00  1.44519046E+00
   628  2.51200000E+02  1.44519046E+00  1.44417069E+00  1.44519046E+00
   629  2.51600000E+02  1.44519046E+00  1.44417069E+00  1.44519046E+00
   630  2.52000000E+02  1.44519046E+00  1.44417069E+00  1.44519046E+00
   631  2.52400000E+02  1.44519046E+00  1.44417069E+00  1.44519046E+00
   632  2.52800000E+02  1.44519046E+00  1.44417069E+00  1.44519046E+00
   633  2.53200000E+02  1.44519046E+00  1.44417069E+00  1.44519046E+00
   634  2.53600000E+02  1.44519046E+00  1.44417069E+00  1.44519046E+00
   635  2.54000000E+02  1.44519046E+00  1.44417069E+00  1.44519046E+00
   636  2.54400000E+02  1.44519046E+00  1.44417069E+00  1.44519046E+00
   637  2.54800000E+02  1.44519046E+00  1.44417069E+00  1.44519046E+00
   638  2.55200000E+02  1.44519046E+00  1.44417069E+00  1.44519046E+00
   639  2.55600000E+02  1.44519046E+00  1.44417069E+00  1.44519046E+00
   640  2.56000000E+02  1.44519046E+00  1.44417069E+00  1.44519046E+00
   641  2.56400000E+02  1.44519046E+00  1.44417069E+00  1.44519046E+00
   642  2.56800000E+02  1.44519046E+00  1.44417069E+00  1.44519046E+00
   643  2.57200000E+02  1.44519046E+00  1.44417069E+00  1.44519046E+00
   644  2.57600000E+02  1.44519046E+00  1.44417069E+00  1.44519046E+00
   645  2.58000000E+02  1.44519046E+00  1.44417069E+00  1.44519046E+00
   646  2.58400000E+02  1.44519046E+00  1.44417069E+00  1.44519046E+00
   647  2.58800000E+02  1.44519046E+00  1.44417069E+00  1.44519046E+00
   648  2.59200000E+02  1.44519046E+00  1.44417069E+00  1.44519046E+00
   649  2.59600000E+02  1.44519046E+00  1.44417069E+00  1.44519046E+00
   650  2.60000000E+02  1.44519046E+00  1.44417069E+00  1.44519046E+00
   651  2.60400000E+02  1.44519046E+00  1.44417069E+00  1.44519046E+00
   652  2.60800000E+02  1.44519046E+00  1.44417069E+00  1.44519046E+00
   653  2.61200000E+02  1.44519046E+00  1.44417069E+00  1.44519046E+00
   654  2.61600000E+02  1.44519046E+00  1.44417069E+00  1.44519046E+00
   655  2.62000000E+02  1.44519046E+00  1.44417069E+00  1.44519046E+00
   656  2.62400000E+02  1.44519046E+00  1.44417069E+00  1.44519046E+00
   657  2.62800000E+02  1.44519046E+00  1.44417069E+00  1.44519046E+00
   658  2.63200000E+02  1.44519046E+00  1.44417069E+00  1.44519046E+00
   659  2.63600000E+02  1.44519046E+00  1.44417069E+00  1.44519046E+00
   660  2.64000000E+02  1.44519046E+00  1.44417069E+00  1.44519046E+00
   661  2.64400000E+02  1.44519046E+00  1.44417069E+00  1.44519046E+00
   662  2.64800000E+02  1.44519046E+00  1.44417069E+00  1.44519046E+00
   663  2.65200000E+02  1.44519046E+00  1.44417069E+00  1.44519046E+00
   664  2.65600000E+02  1.44519046E+00  1.44417069E+00  1.44519046E+00
   665  2.66000000E+02  1.44519046E+00  1.44417069E+00  1.44519046E+00
   666  2.66400000E+02  1.44519046E+00  1.44417069E+00  1.44519046E+00
   667  2.66800000E+02  1.44519046E+00  1.44417069E+00  1.44519046E+00
   668  2.67200000E+02  1.44519046E+00  1.44417069E+00  1.44519046E+00
   669  2.67600000E+02  1.44519046E+00  1.44417069E+00  1.44519046E+00
   670  2.68000000E+02  1.44519046E+00  1.44417069E+00  1.44519046E+00
   671  2.68400000E+02  1.44519046E+00  1.44417069E+00  1.44519046E+00
   672  2.68800000E+02  1.44519046E+00  1.44417069E+00  1.44519046E+00
   673  2.69200000E+02  1.44519046E+00  1.44417069E+00  1.44519046E+00
   674  2.69600000E+02  1.44519046E+00  1.44417069E+00  1.44519046E+00
   675  2.70000000E+02  1.44519046E+00  1.44417069E+00  1.44519046E+00
   676  2.70400000E+02  1.44519046E+00  1.44417069E+00  1.44519046E+00
   677  2.70800000E+02  1.44519046E+00  1.44417069E+00  1.44519046E+00
   678  2.71200000E+02  1.44519046E+00  1.44417069E+00  1.44519046E+00
   679  2.71600000E+02  1.44519046E+00  1.44417069E+00  1.44519046E+00
   680  2.72000000E+02  1.44519046E+00  1.44417069E+00  1.44519046E+00
   681  2.72400000E+02  1.44519046E+00  1.44417069E+00  1.44519046E+00
   682  2.72800000E+02  1.44519046E+00  1.44417069E+00  1.44519046E+00
   683  2.73200000E+02  1.44519046E+00  1.44417069E+00  1.44519046E+00
   684  2.73600000E+02  1.44519046E+00  1.44417069E+00  1.44519046E+00
   685  2.74000000E+02  1.44519046E+00  1.44417069E+00  1.44519046E+00
   686  2.74400000E+02  1.44519046E+00  1.44417069E+00  1.44519046E+00
   687  2.74800000E+02  1.44519046E+00  1.44417069E+00  1.44519046E+00
   688  2.75200000E+02  1.44519046E+00  1.44417069E+00  1.44519046E+00
   689  2.75600000E+02  1.44519046E+00  1.44417069E+00  1.44519046E+00
   690  2.76000000E+02  1.44519046E+00  1.44417069E+00  1.44519046E+00
   691  2.76400000E+02  1.44519046E+00  1.44417069E+00  1.44519046E+00
   692  2.76800000E+02  1.44519046E+00  1.44417069E+00  1.44519046E+00
   693  2.77200000E+02  1.44519046E+00  1.44417069E+00  1.44519046E+00
   694  2.77600000E+02  1.44519046E+00  1.44417069E+00  1.44519046E+00
   695  2.78000000E+02  1.44519046E+00  1.44417069E+00  1.44519046E+00
   696  2.78400000E+02  1.44519046E+00  1.44417069E+00  1.44519046E+00
   697  2.78800000E+02  1.44519046E+00  1.44417069E+00  1.44519046E+00
   698  2.79200000E+02  1.44519046E+00  1.44417069E+00  1.44519046E+00
   699  2.79600000E+02  1.44519046E+00  1.44417069E+00  1.44519046E+00
   700  2.80000000E+02  1.44519046E+00  1.44417069E+00  1.44519046E+00
   701  2.80400000E+02  1.44519046E+00  1.44417069E+00  1.44519046E+00
   702  2.80800000E+02  1.44519046E+00  1.44417069E+00  1.44519046E+00
   703  2.81200000E+02  1.44519046E+00  1.44417069E+00  1.44519046E+00
   704  2.81600000E+02  1.44519046E+00  1.44417069E+00  1.44519046E+00
   705  2.82000000E+02  1.44519046E+00  1.44417069E+00  1.44519046E+00
   706  2.82400000E+02  1.44519046E+00  1.44417069E+00  1.44519046E+00
   707  2.82800000E+02  1.44519046E+00  1.44417069E+00  1.44519046E+00
   708  2.83200000E+02  1.44519046E+00  1.44417069E+00  1.44519046E+00
   709  2.83600000E+02  1.44519046E+00  1.44417069E+00  1.44519046E+00
   710  2.84000000E+02  1.44519046E+00  1.44417069E+00  1.44519046E+00
   711  2.84400000E+02  1.44519046E+00  1.44417069E+00  1.44519046E+00
   712  2.84800000E+02  1.44519046E+00  1.44417069E+00  1.44519046E+00
   713  2.85200000E+02  1.44519046E+00  1.44417069E+00  1.44519046E+00
   714  2.85600000E+02  1.44519046E+00  1.44417069E+00  1.44519046E+00
   715  2.86000000E+02  1.44519046E+00  1.44417069E+00  1.44519046E+00
   716  2.86400000E+02  1.44519046E+00  1.44417069E+00  1.44519046E+00
   717  2.86800000E+02  1.44519046E+00  1.44417069E+00  1.44519046E+00
   718  2.87200000E+02  1.44519046E+00  1.44417069E+00  1.44519046E+00
   719  2.87600000E+02  1.44519046E+00  1.44417069E+00  1.44519046E+00
   720  2.88000000E+02  1.44519046E+00  1.44417069E+00  1.44519046E+00
   721  2.88400000E+02  1.44519046E+00  1.44417069E+00  1.44519046E+00
   722  2.88800000E+02  1.44519046E+00  1.44417069E+00  1.44519046E+00
   723  2.89200000E+02  1.44519046E+00  1.44417069E+00  1.44519046E+00
   724  2.89600000E+02  1.44519046E+00  1.44417069E+00  1.44519046E+00
   725  2.90000000E+02  1.44519046E+00  1.44417069E+00  1.44519046E+00
   726  2.90400000E+02  1.44519046E+00  1.44417069E+00  1.44519046E+00
   727  2.90800000E+02  1.44519046E+00  1.44417069E+00  1.44519046E+00
   728  2.91200000E+02  1.44519046E+00  1.44417069E+00  1.44519046E+00
   729  2.91600000E+02  1.44519046E+00  1.44417069E+00  1.44519046E+00
   730  2.92000000E+02  1.44519046E+00  1.44417069E+00  1.44519046E+00
   731  2.92400000E+02  1.44519046E+00  1.44417069E+00  1.44519046E+00
   732  2.92800000E+02  1.44519046E+00  1.44417069E+00  1.44519046E+00
   733  2.93200000E+02  1.44519046E+00  1.44417069E+00  1.44519046E+00
   734  2.93600000E+02  1.44519046E+00  1.44417069E+00  1.44519046E+00
   735  2.94000000E+02  1.44519046E+00  1.44417069E+00  1.44519046E+00
   736  2.94400000E+02  1.44519046E+00  1.44417069E+00  1.44519046E+00
   737  2.94800000E+02  1.44519046E+00  1.44417069E+00  1.44519046E+00
   738  2.95200000E+02  1.44519046E+00  1.44417069E+00  1.44519046E+00
   739  2.95600000E+02  1.44519046E+00  1.44417069E+00  1.44519046E+00
   740  2.96000000E+02  1.44519046E+00  1.44417069E+00  1.44519046E+00
   741  2.96400000E+02  1.44519046E+00  1.44417069E+00  1.44519046E+00
   742  2.96800000E+02  1.44519046E+00  1.44417069E+00  1.44519046E+00
   743  2.97200000E+02  1.44519046E+00  1.44417069E+00  1.44519046E+00
   744  2.97600000E+02  1.44519046E+00  1.44417069E+00  1.44519046E+00
   745  2.98000000E+02  1.44519046E+00  1.44417069E+00  1.44519046E+00
   746  2.98400000E+02  1.44519046E+00  1.44417069E+00  1.44519046E+00
   747  2.98800000E+02  1.44519046E+00  1.44417069E+00  1.44519046E+00
   748  2.99200000E+02  1.44519046E+00  1.44417069E+00  1.44519046E+00
   749  2.99600000E+02  1.44519046E+00  1.44417069E+00  1.44519046E+00
   750  3.00000000E+02  1.44519046E+00  1.44417069E+00  1.44519046E+00
   751  3.00400000E+02  1.44519046E+00  1.44417069E+00  1.44519046E+00
   752  3.00800000E+02  1.44519046E+00  1.44417069E+00  1.44519046E+00
   753  3.01200000E+02  1.44519046E+00  1.44417069E+00  1.44519046E+00
   754  3.01600000E+02  1.44519046E+00  1.44417069E+00  1.44519046E+00
   755  3.02000000E+02  1.44519046E+00  1.44417069E+00  1.44519046E+00
   756  3.02400000E+02  1.44519046E+00  1.44417069E+00  1.44519046E+00
   757  3.02800000E+02  1.44519046E+00  1.44417069E+00  1.44519046E+00
   758  3.03200000E+02  1.44519046E+00  1.44417069E+00  1.44519046E+00
   759  3.03600000E+02  1.44519046E+00  1.44417069E+00  1.44519046E+00
   760  3.04000000E+02  1.44519046E+00  1.44417069E+00  1.44519046E+00
   761  3.04400000E+02  1.44519046E+00  1.44417069E+00  1.44519046E+00
   762  3.04800000E+02  1.44519046E+00  1.44417069E+00  1.44519046E+00
   763  3.05200000E+02  1.44519046E+00  1.44417069E+00  1.44519046E+00
   764  3.05600000E+02  1.44519046E+00  1.44417069E+00  1.44519046E+00
   765  3.06000000E+02  1.44519046E+00  1.44417069E+00  1.44519046E+00
   766  3.06400000E+02  1.44519046E+00  1.44417069E+00  1.44519046E+00
   767  3.06800000E+02  1.44519046E+00  1.44417069E+00  1.44519046E+00
   768  3.07200000E+02  1.44519046E+00  1.44417069E+00  1.44519046E+00
   769  3.07600000E+02  1.44519046E+00  1.44417069E+00  1.44519046E+00
   770  3.08000000E+02  1.44519046E+00  1.44417069E+00  1.44519046E+00
   771  3.08400000E+02  1.44519046E+00  1.44417069E+00  1.44519046E+00
   772  3.08800000E+02  1.44519046E+00  1.44417069E+00  1.44519046E+00
   773  3.09200000E+02  1.44519046E+00  1.44417069E+00  1.44519046E+00
   774  3.09600000E+02  1.44519046E+00  1.44417069E+00  1.44519046E+00
   775  3.10000000E+02  1.44519046E+00  1.44417069E+00  1.44519046E+00
   776  3.10400000E+02  1.44519046E+00  1.44417069E+00  1.44519046E+00
   777  3.10800000E+02  1.44519046E+00  1.44417069E+00  1.44519046E+00
   778  3.11200000E+02  1.44519046E+00  1.44417069E+00  1.44519046E+00
   779  3.11600000E+02  1.44519046E+00  1.44417069E+00  1.44519046E+00
   780  3.12000000E+02  1.44519046E+00  1.44417069E+00  1.44519046E+00
   781  3.12400000E+02  1.44519046E+00  1.44417069E+00  1.44519046E+00
   782  3.12800000E+02  1.44519046E+00  1.44417069E+00  1.44519046E+00
   783  3.13200000E+02  1.44519046E+00  1.44417069E+00  1.44519046E+00
   784  3.13600000E+02  1.44519046E+00  1.44417069E+00  1.44519046E+00
   785  3.14000000E+02  1.44519046E+00  1.44417069E+00  1.44519046E+00
   786  3.14400000E+02  1.44519046E+00  1.44417069E+00  1.44519046E+00
   787  3.14800000E+02  1.44519046E+00  1.44417069E+00  1.44519046E+00
   788  3.15200000E+02  1.44519046E+00  1.44417069E+00  1.44519046E+00
   789  3.15600000E+02  1.44519046E+00  1.44417069E+00  1.44519046E+00
   790  3.16000000E+02  1.44519046E+00  1.44417069E+00  1.44519046E+00
   791  3.16400000E+02  1.44519046E+00  1.44417069E+00  1.44519046E+00
   792  3.16800000E+02  1.44519046E+00  1.44417069E+00  1.44519046E+00
   793  3.17200000E+02  1.44519046E+00  1.44417069E+00  1.44519046E+00
   794  3.17600000E+02  1.44519046E+00  1.44417069E+00  1.44519046E+00
   795  3.18000000E+02  1.44519046E+00  1.44417069E+00  1.44519046E+00
   796  3.18400000E+02  1.44519046E+00  1.44417069E+00  1.44519046E+00
   797  3.18800000E+02  1.44519046E+00  1.44417069E+00  1.44519046E+00
   798  3.19200000E+02  1.44519046E+00  1.44417069E+00  1.44519046E+00
   799  3.19600000E+02  1.44519046E+00  1.44417069E+00  1.44519046E+00
   800  3.20000000E+02  1.44519046E+00  1.44417069E+00  1.44519046E+00
   801  3.20400000E+02  1.44519046E+00  1.44417069E+00  1.44519046E+00
   802  3.20800000E+02  1.44519046E+00  1.44417069E+00  1.44519046E+00
   803  3.21200000E+02  1.44519046E+00  1.44417069E+00  1.44519046E+00
   804  3.21600000E+02  1.44519046E+00  1.44417069E+00  1.44519046E+00
   805  3.22000000E+02  1.44519046E+00  1.44417069E+00  1.44519046E+00
   806  3.22400000E+02  1.44519046E+00  1.44417069E+00  1.44519046E+00
   807  3.22800000E+02  1.44519046E+00  1.44417069E+00  1.44519046E+00
   808  3.23200000E+02  1.44519046E+00  1.44417069E+00  1.44519046E+00
   809  3.23600000E+02  1.44519046E+00  1.44417069E+00  1.44519046E+00
   810  3.24000000E+02  1.44519046E+00  1.44417069E+00  1.44519046E+00
   811  3.24400000E+02  1.44519046E+00  1.44417069E+00  1.44519046E+00
   812  3.24800000E+02  1.44519046E+00  1.44417069E+00  1.44519046E+00
   813  3.25200000E+02  1.44519046E+00  1.44417069E+00  1.44519046E+00
   814  3.25600000E+02  1.44519046E+00  1.44417069E+00  1.44519046E+00
   815  3.26000000E+02  1.44519046E+00  1.44417069E+00  1.44519046E+00
   816  3.26400000E+02  1.44519046E+00  1.44417069E+00  1.44519046E+00
   817  3.26800000E+02  1.44519046E+00  1.44417069E+00  1.44519046E+00
   818  3.27200000E+02  1.44519046E+00  1.44417069E+00  1.44519046E+00
   819  3.27600000E+02  1.44519046E+00  1.44417069E+00  1.44519046E+00
   820  3.28000000E+02  1.44519046E+00  1.44417069E+00  1.44519046E+00
   821  3.28400000E+02  1.44519046E+00  1.44417069E+00  1.44519046E+00
   822  3.28800000E+02  1.44519046E+00  1.44417069E+00  1.44519046E+00
   823  3.29200000E+02  1.44519046E+00  1.44417069E+00  1.44519046E+00
   824  3.29600000E+02  1.44519046E+00  1.44417069E+00  1.44519046E+00
   825  3.30000000E+02  1.44519046E+00  1.44417069E+00  1.44519046E+00
   826  3.30400000E+02  1.44519046E+00  1.44417069E+00  1.44519046E+00
   827  3.30800000E+02  1.44519046E+00  1.44417069E+00  1.44519046E+00
   828  3.31200000E+02  1.44519046E+00  1.44417069E+00  1.44519046E+00
   829  3.31600000E+02  1.44519046E+00  1.44417069E+00  1.44519046E+00
   830  3.32000000E+02  1.44519046E+00  1.44417069E+00  1.44519046E+00
   831  3.32400000E+02  1.44519046E+00  1.44417069E+00  1.44519046E+00
   832  3.32800000E+02  1.44519046E+00  1.44417069E+00  1.44519046E+00
   833  3.33200000E+02  1.44519046E+00  1.44417069E+00  1.44519046E+00
   834  3.33600000E+02  1.44519046E+00  1.44417069E+00  1.44519046E+00
   835  3.34000000E+02  1.44519046E+00  1.44417069E+00  1.44519046E+00
   836  3.34400000E+02  1.44519046E+00  1.44417069E+00  1.44519046E+00
   837  3.34800000E+02  1.44519046E+00  1.44417069E+00  1.44519046E+00
   838  3.35200000E+02  1.44519046E+00  1.44417069E+00  1.44519046E+00
   839  3.35600000E+02  1.44519046E+00  1.44417069E+00  1.44519046E+00
   840  3.36000000E+02  1.44519046E+00  1.44417069E+00  1.44519046E+00
   841  3.36400000E+02  1.44519046E+00  1.44417069E+00  1.44519046E+00
   842  3.36800000E+02  1.44519046E+00  1.44417069E+00  1.44519046E+00
   843  3.37200000E+02  1.44519046E+00  1.44417069E+00  1.44519046E+00
   844  3.37600000E+02  1.44519046E+00  1.44417069E+00  1.44519046E+00
   845  3.38000000E+02  1.44519046E+00  1.44417069E+00  1.44519046E+00
   846  3.38400000E+02  1.44519046E+00  1.44417069E+00  1.44519046E+00
   847  3.38800000E+02  1.44519046E+00  1.44417069E+00  1.44519046E+00
   848  3.39200000E+02  1.44519046E+00  1.44417069E+00  1.44519046E+00
   849  3.39600000E+02  1.44519046E+00  1.44417069E+00  1.44519046E+00
   850  3.40000000E+02  1.44519046E+00  1.44417069E+00  1.44519046E+00
   851  3.40400000E+02  1.44519046E+00  1.44417069E+00  1.44519046E+00
   852  3.40800000E+02  1.44519046E+00  1.44417069E+00  1.44519046E+00
   853  3.41200000E+02  1.44519046E+00  1.44417069E+00  1.44519046E+00
   854  3.41600000E+02  1.44519046E+00  1.44417069E+00  1.44519046E+00
   855  3.42000000E+02  1.44519046E+00  1.44417069E+00  1.44519046E+00
   856  3.42400000E+02  1.44519046E+00  1.44417069E+00  1.44519046E+00
   857  3.42800000E+02  1.44519046E+00  1.44417069E+00  1.44519046E+00
   858  3.43200000E+02  1.44519046E+00  1.44417069E+00  1.44519046E+00
   859  3.43600000E+02  1.44519046E+00  1.44417069E+00  1.44519046E+00
   860  3.44000000E+02  1.44519046E+00  1.44417069E+00  1.44519046E+00
   861  3.44400000E+02  1.44519046E+00  1.44417069E+00  1.44519046E+00
   862  3.44800000E+02  1.44519046E+00  1.44417069E+00  1.44519046E+00
   863  3.45200000E+02  1.44519046E+00  1.44417069E+00  1.44519046E+00
   864  3.45600000E+02  1.44519046E+00  1.44417069E+00  1.44519046E+00
   865  3.46000000E+02  1.44519046E+00  1.44417069E+00  1.44519046E+00
   866  3.46400000E+02  1.44519046E+00  1.44417069E+00  1.44519046E+00
   867  3.46800000E+02  1.44519046E+00  1.44417069E+00  1.44519046E+00
   868  3.47200000E+02  1.44519046E+00  1.44417069E+00  1.44519046E+00
   869  3.47600000E+02  1.44519046E+00  1.44417069E+00  1.44519046E+00
   870  3.48000000E+02  1.44519046E+00  1.44417069E+00  1.44519046E+00
   871  3.48400000E+02  1.44519046E+00  1.44417069E+00  1.44519046E+00
   872  3.48800000E+02  1.44519046E+00  1.44417069E+00  1.44519046E+00
   873  3.49200000E+02  1.44519046E+00  1.44417069E+00  1.44519046E+00
   874  3.49600000E+02  1.44519046E+00  1.44417069E+00  1.44519046E+00
   875  3.50000000E+02  1.44519046E+00  1.44417069E+00  1.44519046E+00
   876  3.50400000E+02  1.44519046E+00  1.44417069E+00  1.44519046E+00
   877  3.50800000E+02  1.44519046E+00  1.44417069E+00  1.44519046E+00
   878  3.51200000E+02  1.44519046E+00  1.44417069E+00  1.44519046E+00
   879  3.51600000E+02  1.44519046E+00  1.44417069E+00  1.44519046E+00
   880  3.52000000E+02  1.44519046E+00  1.44417069E+00  1.44519046E+00
   881  3.52400000E+02  1.44519046E+00  1.44417069E+00  1.44519046E+00
   882  3.52800000E+02  1.44519046E+00  1.44417069E+00  1.44519046E+00
   883  3.53200000E+02  1.44519046E+00  1.44417069E+00  1.44519046E+00
   884  3.53600000E+02  1.44519046E+00  1.44417069E+00  1.44519046E+00
   885  3.54000000E+02  1.44519046E+00  1.44417069E+00  1.44519046E+00
   886  3.54400000E+02  1.44519046E+00  1.44417069E+00  1.44519046E+00
   887  3.54800000E+02  1.44519046E+00  1.44417069E+00  1.44519046E+00
   888  3.55200000E+02  1.44519046E+00  1.44417069E+00  1.44519046E+00
   889  3.55600000E+02  1.44519046E+00  1.44417069E+00  1.44519046E+00
   890  3.56000000E+02  1.44519046E+00  1.44417069E+00  1.44519046E+00
   891  3.56400000E+02  1.44519046E+00  1.44417069E+00  1.44519046E+00
   892  3.56800000E+02  1.44519046E+00  1.44417069E+00  1.44519046E+00
   893  3.57200000E+02  1.44519046E+00  1.44417069E+00  1.44519046E+00
   894  3.57600000E+02  1.44519046E+00  1.44417069E+00  1.44519046E+00
   895  3.58000000E+02  1.44519046E+00  1.44417069E+00  1.44519046E+00
   896  3.58400000E+02  1.44519046E+00  1.44417069E+00  1.44519046E+00
   897  3.58800000E+02  1.44519046E+00  1.44417069E+00  1.44519046E+00
   898  3.59200000E+02  1.44519046E+00  1.44417069E+00  1.44519046E+00
   899  3.59600000E+02  1.44519046E+00  1.44417069E+00  1.44519046E+00
   900  3.60000000E+02  1.44519046E+00  1.44417069E+00  1.44519046E+00
   901  3.60400000E+02  1.44519046E+00  1.44417069E+00  1.44519046E+00
   902  3.60800000E+02  1.44519046E+00  1.44417069E+00  1.44519046E+00
   903  3.61200000E+02  1.44519046E+00  1.44417069E+00  1.44519046E+00
   904  3.61600000E+02  1.44519046E+00  1.44417069E+00  1.44519046E+00
   905  3.62000000E+02  1.44519046E+00  1.44417069E+00  1.44519046E+00
   906  3.62400000E+02  1.44519046E+00  1.44417069E+00  1.44519046E+00
   907  3.62800000E+02  1.44519046E+00  1.44417069E+00  1.44519046E+00
   908  3.63200000E+02  1.44519046E+00  1.44417069E+00  1.44519046E+00
   909  3.63600000E+02  1.44519046E+00  1.44417069E+00  1.44519046E+00
   910  3.64000000E+02  1.44519046E+00  1.44417069E+00  1.44519046E+00
   911  3.64400000E+02  1.44519046E+00  1.44417069E+00  1.44519046E+00
   912  3.64800000E+02  1.44519046E+00  1.44417069E+00  1.44519046E+00
   913  3.65200000E+02  1.44519046E+00  1.44417069E+00  1.44519046E+00
   914  3.65600000E+02  1.44519046E+00  1.44417069E+00  1.44519046E+00
   915  3.66000000E+02  1.44519046E+00  1.44417069E+00  1.44519046E+00
   916  3.66400000E+02  1.44519046E+00  1.44417069E+00  1.44519046E+00
   917  3.66800000E+02  1.44519046E+00  1.44417069E+00  1.44519046E+00
   918  3.67200000E+02  1.44519046E+00  1.44417069E+00  1.44519046E+00
   919  3.67600000E+02  1.44519046E+00  1.44417069E+00  1.44519046E+00
   920  3.68000000E+02  1.44519046E+00  1.44417069E+00  1.44519046E+00
   921  3.68400000E+02  1.44519046E+00  1.44417069E+00  1.44519046E+00
   922  3.68800000E+02  1.44519046E+00  1.44417069E+00  1.44519046E+00
   923  3.69200000E+02  1.44519046E+00  1.44417069E+00  1.44519046E+00
   924  3.69600000E+02  1.44519046E+00  1.44417069E+00  1.44519046E+00
   925  3.70000000E+02  1.44519046E+00  1.44417069E+00  1.44519046E+00
   926  3.70400000E+02  1.44519046E+00  1.44417069E+00  1.44519046E+00
   927  3.70800000E+02  1.44519046E+00  1.44417069E+00  1.44519046E+00
   928  3.71200000E+02  1.44519046E+00  1.44417069E+00  1.44519046E+00
   929  3.71600000E+02  1.44519046E+00  1.44417069E+00  1.44519046E+00
   930  3.72000000E+02  1.44519046E+00  1.44417069E+00  1.44519046E+00
   931  3.72400000E+02  1.44519046E+00  1.44417069E+00  1.44519046E+00
   932  3.72800000E+02  1.44519046E+00  1.44417069E+00  1.44519046E+00
   933  3.73200000E+02  1.44519046E+00  1.44417069E+00  1.44519046E+00
   934  3.73600000E+02  1.44519046E+00  1.44417069E+00  1.44519046E+00
   935  3.74000000E+02  1.44519046E+00  1.44417069E+00  1.44519046E+00
   936  3.74400000E+02  1.44519046E+00  1.44417069E+00  1.44519046E+00
   937  3.74800000E+02  1.44519046E+00  1.44417069E+00  1.44519046E+00
   938  3.75200000E+02  1.44519046E+00  1.44417069E+00  1.44519046E+00
   939  3.75600000E+02  1.44519046E+00  1.44417069E+00  1.44519046E+00
   940  3.76000000E+02  1.44519046E+00  1.44417069E+00  1.44519046E+00
   941  3.76400000E+02  1.44519046E+00  1.44417069E+00  1.44519046E+00
   942  3.76800000E+02  1.44519046E+00  1.44417069E+00  1.44519046E+00
   943  3.77200000E+02  1.44519046E+00  1.44417069E+00  1.44519046E+00
   944  3.77600000E+02  1.44519046E+00  1.44417069E+00  1.44519046E+00
   945  3.78000000E+02  1.44519046E+00  1.44417069E+00  1.44519046E+00
   946  3.78400000E+02  1.44519046E+00  1.44417069E+00  1.44519046E+00
   947  3.78800000E+02  1.44519046E+00  1.44417069E+00  1.44519046E+00
   948  3.79200000E+02  1.44519046E+00  1.44417069E+00  1.44519046E+00
   949  3.79600000E+02  1.44519046E+00  1.44417069E+00  1.44519046E+00
   950  3.80000000E+02  1.44519046E+00  1.44417069E+00  1.44519046E+00
   951  3.80400000E+02  1.44519046E+00  1.44417069E+00  1.44519046E+00
   952  3.80800000E+02  1.44519046E+00  1.44417069E+00  1.44519046E+00
   953  3.81200000E+02  1.44519046E+00  1.44417069E+00  1.44519046E+00
   954  3.81600000E+02  1.44519046E+00  1.44417069E+00  1.44519046E+00
   955  3.82000000E+02  1.44519046E+00  1.44417069E+00  1.44519046E+00
   956  3.82400000E+02  1.44519046E+00  1.44417069E+00  1.44519046E+00
   957  3.82800000E+02  1.44519046E+00  1.44417069E+00  1.44519046E+00
   958  3.83200000E+02  1.44519046E+00  1.44417069E+00  1.44519046E+00
   959  3.83600000E+02  1.44519046E+00  1.44417069E+00  1.44519046E+00
   960  3.84000000E+02  1.44519046E+00  1.44417069E+00  1.44519046E+00
   961  3.84400000E+02  1.44519046E+00  1.44417069E+00  1.44519046E+00
   962  3.84800000E+02  1.44519046E+00  1.44417069E+00  1.44519046E+00
   963  3.85200000E+02  1.44519046E+00  1.44417069E+00  1.44519046E+00
   964  3.85600000E+02  1.44519046E+00  1.44417069E+00  1.44519046E+00
   965  3.86000000E+02  1.44519046E+00  1.44417069E+00  1.44519046E+00
   966  3.86400000E+02  1.44519046E+00  1.44417069E+00  1.44519046E+00
   967  3.86800000E+02  1.44519046E+00  1.44417069E+00  1.44519046E+00
   968  3.87200000E+02  1.44519046E+00  1.44417069E+00  1.44519046E+00
   969  3.87600000E+02  1.44519046E+00  1.44417069E+00  1.44519046E+00
   970  3.88000000E+02  1.44519046E+00  1.44417069E+00  1.44519046E+00
   971  3.88400000E+02  1.44519046E+00  1.44417069E+00  1.44519046E+00
   972  3.88800000E+02  1.44519046E+00  1.44417069E+00  1.44519046E+00
   973  3.89200000E+02  1.44519046E+00  1.44417069E+00  1.44519046E+00
   974  3.89600000E+02  1.44519046E+00  1.44417069E+00  1.44519046E+00
   975  3.90000000E+02  1.44519046E+00  1.44417069E+00  1.44519046E+00
   976  3.90400000E+02  1.44519046E+00  1.44417069E+00  1.44519046E+00
   977  3.90800000E+02  1.44519046E+00  1.44417069E+00  1.44519046E+00
   978  3.91200000E+02  1.44519046E+00  1.44417069E+00  1.44519046E+00
   979  3.91600000E+02  1.44519046E+00  1.44417069E+00  1.44519046E+00
   980  3.92000000E+02  1.44519046E+00  1.44417069E+00  1.44519046E+00
   981  3.92400000E+02  1.44519046E+00  1.44417069E+00  1.44519046E+00
   982  3.92800000E+02  1.44519046E+00  1.44417069E+00  1.44519046E+00
   983  3.93200000E+02  1.44519046E+00  1.44417069E+00  1.44519046E+00
   984  3.93600000E+02  1.44519046E+00  1.44417069E+00  1.44519046E+00
   985  3.94000000E+02  1.44519046E+00  1.44417069E+00  1.44519046E+00
   986  3.94400000E+02  1.44519046E+00  1.44417069E+00  1.44519046E+00
   987  3.94800000E+02  1.44519046E+00  1.44417069E+00  1.44519046E+00
   988  3.95200000E+02  1.44519046E+00  1.44417069E+00  1.44519046E+00
   989  3.95600000E+02  1.44519046E+00  1.44417069E+00  1.44519046E+00
   990  3.96000000E+02  1.44519046E+00  1.44417069E+00  1.44519046E+00
   991  3.96400000E+02  1.44519046E+00  1.44417069E+00  1.44519046E+00
   992  3.96800000E+02  1.44519046E+00  1.44417069E+00  1.44519046E+00
   993  3.97200000E+02  1.44519046E+00  1.44417069E+00  1.44519046E+00
   994  3.97600000E+02  1.44519046E+00  1.44417069E+00  1.44519046E+00
   995  3.98000000E+02  1.44519046E+00  1.44417069E+00  1.44519046E+00
   996  3.98400000E+02  1.44519046E+00  1.44417069E+00  1.44519046E+00
   997  3.98800000E+02  1.44519046E+00  1.44417069E+00  1.44519046E+00
   998  3.99200000E+02  1.44519046E+00  1.44417069E+00  1.44519046E+00
   999  3.99600000E+02  1.44519046E+00  1.44417069E+00  1.44519046E+00
  1000  4.00000000E+02  1.44519046E+00  1.44417069E+00  1.44519046E+00
