 comppar: model =   2
 comppar: lambda,mobility/eps,betav,eta_0 =  3.0000E-01  0.0000E+00  2.0000E-01  1.0000E+00
 comppar: eta_s,eta_p,G =  2.0000E-01  8.0000E-01  2.6667E+00
 comppar: U_avg,deltat,flowrate,nsteps =  1.0000E-01  2.0000E-01  3.1416E-01    2000
 comppar: geometry = axisymmetric
 comppar: steady stop change,gap,hold,min =  1.0000E-07  1.0000E-03       1      80
 comppar: steady stop truncated decimals =       3
 comppar: ncompc,ncompg =     4     5
 mesh nnodes = 5797
 mesh nelem = 2796
 P1 BC   5.0000000000000000     
 P2 BC   0.0000000000000000     
     1  2.00000000E-01  1.00252878E+00  1.00000000E+00  1.00252878E+00
     2  4.00000000E-01  1.00499802E+00  1.00000000E+00  1.00499802E+00
     3  6.00000000E-01  1.00739351E+00  1.00000000E+00  1.00739351E+00
     4  8.00000000E-01  1.00974753E+00  1.00000000E+00  1.00974753E+00
     5  1.00000000E+00  1.01206569E+00  1.00000000E+00  1.01206569E+00
     6  1.20000000E+00  1.01435281E+00  1.00000000E+00  1.01435281E+00
     7  1.40000000E+00  1.01661691E+00  1.00000000E+00  1.01661691E+00
     8  1.60000000E+00  1.01884091E+00  1.00000000E+00  1.01884091E+00
     9  1.80000000E+00  1.02104892E+00  1.00000000E+00  1.02104892E+00
    10  2.00000000E+00  1.02321661E+00  1.00000000E+00  1.02321661E+00
    11  2.20000000E+00  1.02536463E+00  1.00000000E+00  1.02536463E+00
    12  2.40000000E+00  1.02746893E+00  1.00000000E+00  1.02746893E+00
    13  2.60000000E+00  1.02956307E+00  1.00000001E+00  1.02956307E+00
    14  2.80000000E+00  1.03160539E+00  1.00000001E+00  1.03160539E+00
    15  3.00000000E+00  1.03364723E+00  1.00000001E+00  1.03364723E+00
    16  3.20000000E+00  1.03563318E+00  1.00000001E+00  1.03563318E+00
    17  3.40000000E+00  1.03761003E+00  1.00000000E+00  1.03761003E+00
    18  3.60000000E+00  1.03955201E+00  1.00000000E+00  1.03955201E+00
    19  3.80000000E+00  1.04145579E+00  1.00000000E+00  1.04145579E+00
    20  4.00000000E+00  1.04335548E+00  1.00000000E+00  1.04335548E+00
    21  4.20000000E+00  1.04519438E+00  1.00000000E+00  1.04519438E+00
    22  4.40000000E+00  1.04703247E+00  9.99999998E-01  1.04703247E+00
    23  4.60000000E+00  1.04884103E+00  9.99999995E-01  1.04884103E+00
    24  4.80000000E+00  1.05058554E+00  9.99999992E-01  1.05058554E+00
    25  5.00000000E+00  1.05236368E+00  9.99999989E-01  1.05236368E+00
    26  5.20000000E+00  1.05407965E+00  9.99999984E-01  1.05407965E+00
    27  5.40000000E+00  1.05573336E+00  9.99999979E-01  1.05573336E+00
    28  5.60000000E+00  1.05743492E+00  9.99999974E-01  1.05743492E+00
    29  5.80000000E+00  1.05907066E+00  9.99999967E-01  1.05907066E+00
    30  6.00000000E+00  1.06064801E+00  9.99999959E-01  1.06064801E+00
    31  6.20000000E+00  1.06227126E+00  9.99999951E-01  1.06227126E+00
    32  6.40000000E+00  1.06382644E+00  9.99999942E-01  1.06382644E+00
    33  6.60000000E+00  1.06531040E+00  9.99999931E-01  1.06531040E+00
    34  6.80000000E+00  1.06685389E+00  9.99999919E-01  1.06685389E+00
    35  7.00000000E+00  1.06834512E+00  9.99999906E-01  1.06834512E+00
    36  7.20000000E+00  1.06976402E+00  9.99999891E-01  1.06976402E+00
    37  7.40000000E+00  1.07120546E+00  9.99999875E-01  1.07120546E+00
    38  7.60000000E+00  1.07263284E+00  9.99999857E-01  1.07263284E+00
    39  7.80000000E+00  1.07398670E+00  9.99999838E-01  1.07398670E+00
    40  8.00000000E+00  1.07528338E+00  9.99999816E-01  1.07528338E+00
    41  8.20000000E+00  1.07666715E+00  9.99999793E-01  1.07666715E+00
    42  8.40000000E+00  1.07797712E+00  9.99999768E-01  1.07797712E+00
    43  8.60000000E+00  1.07921079E+00  9.99999740E-01  1.07921079E+00
    44  8.80000000E+00  1.08046800E+00  9.99999710E-01  1.08046800E+00
    45  9.00000000E+00  1.08173417E+00  9.99999677E-01  1.08173417E+00
    46  9.20000000E+00  1.08292372E+00  9.99999641E-01  1.08292372E+00
    47  9.40000000E+00  1.08403454E+00  9.99999603E-01  1.08403454E+00
    48  9.60000000E+00  1.08521789E+00  9.99999561E-01  1.08521789E+00
    49  9.80000000E+00  1.08638836E+00  9.99999516E-01  1.08638836E+00
    50  1.00000000E+01  1.08748062E+00  9.99999468E-01  1.08748062E+00
    51  1.02000000E+01  1.08849297E+00  9.99999416E-01  1.08849297E+00
    52  1.04000000E+01  1.08960723E+00  9.99999360E-01  1.08960723E+00
    53  1.06000000E+01  1.09068052E+00  9.99999300E-01  1.09068052E+00
    54  1.08000000E+01  1.09167429E+00  9.99999236E-01  1.09167429E+00
    55  1.10000000E+01  1.09258727E+00  9.99999167E-01  1.09258727E+00
    56  1.12000000E+01  1.09359137E+00  9.99999093E-01  1.09359137E+00
    57  1.14000000E+01  1.09458983E+00  9.99999014E-01  1.09458983E+00
    58  1.16000000E+01  1.09550834E+00  9.99998930E-01  1.09550834E+00
    59  1.18000000E+01  1.09634613E+00  9.99998839E-01  1.09634613E+00
    60  1.20000000E+01  1.09724344E+00  9.99998743E-01  1.09724344E+00
    61  1.22000000E+01  1.09816631E+00  9.99998641E-01  1.09816631E+00
    62  1.24000000E+01  1.09900893E+00  9.99998532E-01  1.09900893E+00
    63  1.26000000E+01  1.09977101E+00  9.99998416E-01  1.09977101E+00
    64  1.28000000E+01  1.10054791E+00  9.99998292E-01  1.10054791E+00
    65  1.30000000E+01  1.10139800E+00  9.99998161E-01  1.10139800E+00
    66  1.32000000E+01  1.10216821E+00  9.99998021E-01  1.10216821E+00
    67  1.34000000E+01  1.10285897E+00  9.99997873E-01  1.10285897E+00
    68  1.36000000E+01  1.10355425E+00  9.99997716E-01  1.10355425E+00
    69  1.38000000E+01  1.10433097E+00  9.99997550E-01  1.10433097E+00
    70  1.40000000E+01  1.10502832E+00  9.99997374E-01  1.10502832E+00
    71  1.42000000E+01  1.10564744E+00  9.99997187E-01  1.10564744E+00
    72  1.44000000E+01  1.10625633E+00  9.99996990E-01  1.10625633E+00
    73  1.46000000E+01  1.10696179E+00  9.99996782E-01  1.10696179E+00
    74  1.48000000E+01  1.10758948E+00  9.99996561E-01  1.10758948E+00
    75  1.50000000E+01  1.10814149E+00  9.99996328E-01  1.10814149E+00
    76  1.52000000E+01  1.10869445E+00  9.99996082E-01  1.10869445E+00
    77  1.54000000E+01  1.10932826E+00  9.99995823E-01  1.10932826E+00
    78  1.56000000E+01  1.10988608E+00  9.99995550E-01  1.10988608E+00
    79  1.58000000E+01  1.11037087E+00  9.99995261E-01  1.11037087E+00
    80  1.60000000E+01  1.11086766E+00  9.99994958E-01  1.11086766E+00
    81  1.62000000E+01  1.11143404E+00  9.99994638E-01  1.11143404E+00
    82  1.64000000E+01  1.11192753E+00  9.99994302E-01  1.11192753E+00
    83  1.66000000E+01  1.11235190E+00  9.99993948E-01  1.11235190E+00
    84  1.68000000E+01  1.11280987E+00  9.99993576E-01  1.11280987E+00
    85  1.70000000E+01  1.11330873E+00  9.99993185E-01  1.11330873E+00
    86  1.72000000E+01  1.11373797E+00  9.99992774E-01  1.11373797E+00
    87  1.74000000E+01  1.11410220E+00  9.99992343E-01  1.11410220E+00
    88  1.76000000E+01  1.11452923E+00  9.99991891E-01  1.11452923E+00
    89  1.78000000E+01  1.11496699E+00  9.99991416E-01  1.11496699E+00
    90  1.80000000E+01  1.11533944E+00  9.99990919E-01  1.11533944E+00
    91  1.82000000E+01  1.11565168E+00  9.99990397E-01  1.11565168E+00
    92  1.84000000E+01  1.11604628E+00  9.99989851E-01  1.11604628E+00
    93  1.86000000E+01  1.11642320E+00  9.99989279E-01  1.11642320E+00
    94  1.88000000E+01  1.11673937E+00  9.99988681E-01  1.11673937E+00
    95  1.90000000E+01  1.11700049E+00  9.99988055E-01  1.11700049E+00
    96  1.92000000E+01  1.11738079E+00  9.99987401E-01  1.11738079E+00
    97  1.94000000E+01  1.11770472E+00  9.99986716E-01  1.11770472E+00
    98  1.96000000E+01  1.11797285E+00  9.99986002E-01  1.11797285E+00
    99  1.98000000E+01  1.11821250E+00  9.99985256E-01  1.11821250E+00
   100  2.00000000E+01  1.11854058E+00  9.99984477E-01  1.11854058E+00
   101  2.02000000E+01  1.11881233E+00  9.99983664E-01  1.11881233E+00
   102  2.04000000E+01  1.11903365E+00  9.99982817E-01  1.11903365E+00
   103  2.06000000E+01  1.11927818E+00  9.99981934E-01  1.11927818E+00
   104  2.08000000E+01  1.11955716E+00  9.99981014E-01  1.11955716E+00
   105  2.10000000E+01  1.11978483E+00  9.99980056E-01  1.11978483E+00
   106  2.12000000E+01  1.11996715E+00  9.99979059E-01  1.11996715E+00
   107  2.14000000E+01  1.12019240E+00  9.99978021E-01  1.12019240E+00
   108  2.16000000E+01  1.12042342E+00  9.99976942E-01  1.12042342E+00
   109  2.18000000E+01  1.12060861E+00  9.99975821E-01  1.12060861E+00
   110  2.20000000E+01  1.12075404E+00  9.99974656E-01  1.12075404E+00
   111  2.22000000E+01  1.12099111E+00  9.99973446E-01  1.12099111E+00
   112  2.24000000E+01  1.12118197E+00  9.99972190E-01  1.12118197E+00
   113  2.26000000E+01  1.12133200E+00  9.99970888E-01  1.12133200E+00
   114  2.28000000E+01  1.12146621E+00  9.99969537E-01  1.12146621E+00
   115  2.30000000E+01  1.12166018E+00  9.99968138E-01  1.12166018E+00
   116  2.32000000E+01  1.12181286E+00  9.99966688E-01  1.12181286E+00
   117  2.34000000E+01  1.12193019E+00  9.99965188E-01  1.12193019E+00
   118  2.36000000E+01  1.12208739E+00  9.99963635E-01  1.12208739E+00
   119  2.38000000E+01  1.12224505E+00  9.99962030E-01  1.12224505E+00
   120  2.40000000E+01  1.12236626E+00  9.99960371E-01  1.12236626E+00
   121  2.42000000E+01  1.12245679E+00  9.99958657E-01  1.12245679E+00
   122  2.44000000E+01  1.12259675E+00  9.99956889E-01  1.12259675E+00
   123  2.46000000E+01  1.12272041E+00  9.99955064E-01  1.12272041E+00
   124  2.48000000E+01  1.12281299E+00  9.99953183E-01  1.12281299E+00
   125  2.50000000E+01  1.12291421E+00  9.99951245E-01  1.12291421E+00
   126  2.52000000E+01  1.12304216E+00  9.99949250E-01  1.12304216E+00
   127  2.54000000E+01  1.12313793E+00  9.99947197E-01  1.12313793E+00
   128  2.56000000E+01  1.12320706E+00  9.99945087E-01  1.12320706E+00
   129  2.58000000E+01  1.12329565E+00  9.99942919E-01  1.12329565E+00
   130  2.60000000E+01  1.12339365E+00  9.99940693E-01  1.12339365E+00
   131  2.62000000E+01  1.12346464E+00  9.99938409E-01  1.12346464E+00
   132  2.64000000E+01  1.12352847E+00  9.99936069E-01  1.12352847E+00
   133  2.66000000E+01  1.12363007E+00  9.99933673E-01  1.12363007E+00
   134  2.68000000E+01  1.12370360E+00  9.99931221E-01  1.12370360E+00
   135  2.70000000E+01  1.12375433E+00  9.99928715E-01  1.12375433E+00
   136  2.72000000E+01  1.12380842E+00  9.99926156E-01  1.12380842E+00
   137  2.74000000E+01  1.12388396E+00  9.99923545E-01  1.12388396E+00
   138  2.76000000E+01  1.12393636E+00  9.99920885E-01  1.12393636E+00
   139  2.78000000E+01  1.12397697E+00  9.99918177E-01  1.12397697E+00
   140  2.80000000E+01  1.12405543E+00  9.99915424E-01  1.12405543E+00
   141  2.82000000E+01  1.12410972E+00  9.99912629E-01  1.12410972E+00
   142  2.84000000E+01  1.12414484E+00  9.99909794E-01  1.12414484E+00
   143  2.86000000E+01  1.12417702E+00  9.99906924E-01  1.12417702E+00
   144  2.88000000E+01  1.12423312E+00  9.99904023E-01  1.12423312E+00
   145  2.90000000E+01  1.12426972E+00  9.99901094E-01  1.12426972E+00
   146  2.92000000E+01  1.12429748E+00  9.99898142E-01  1.12429748E+00
   147  2.94000000E+01  1.12435584E+00  9.99895174E-01  1.12435584E+00
   148  2.96000000E+01  1.12439373E+00  9.99892194E-01  1.12439373E+00
   149  2.98000000E+01  1.12441583E+00  9.99889210E-01  1.12441583E+00
   150  3.00000000E+01  1.12443540E+00  9.99886228E-01  1.12443540E+00
   151  3.02000000E+01  1.12447489E+00  9.99883257E-01  1.12447489E+00
   152  3.04000000E+01  1.12449828E+00  9.99880304E-01  1.12449828E+00
   153  3.06000000E+01  1.12452038E+00  9.99877380E-01  1.12452038E+00
   154  3.08000000E+01  1.12456149E+00  9.99874493E-01  1.12456149E+00
   155  3.10000000E+01  1.12458560E+00  9.99871656E-01  1.12458560E+00
   156  3.12000000E+01  1.12459705E+00  9.99868880E-01  1.12459705E+00
   157  3.14000000E+01  1.12461047E+00  9.99866177E-01  1.12461047E+00
   158  3.16000000E+01  1.12463597E+00  9.99863562E-01  1.12463597E+00
   159  3.18000000E+01  1.12464854E+00  9.99861048E-01  1.12464854E+00
   160  3.20000000E+01  1.12466978E+00  9.99858652E-01  1.12466978E+00
   161  3.22000000E+01  1.12469631E+00  9.99856391E-01  1.12469631E+00
   162  3.24000000E+01  1.12470908E+00  9.99854284E-01  1.12470908E+00
   163  3.26000000E+01  1.12471204E+00  9.99852349E-01  1.12471204E+00
   164  3.28000000E+01  1.12472352E+00  9.99850607E-01  1.12472352E+00
   165  3.30000000E+01  1.12473749E+00  9.99849082E-01  1.12473749E+00
   166  3.32000000E+01  1.12474140E+00  9.99847797E-01  1.12474140E+00
   167  3.34000000E+01  1.12476459E+00  9.99846778E-01  1.12476459E+00
   168  3.36000000E+01  1.12477902E+00  9.99846052E-01  1.12477902E+00
   169  3.38000000E+01  1.12478266E+00  9.99845648E-01  1.12478266E+00
   170  3.40000000E+01  1.12477909E+00  9.99845598E-01  1.12477909E+00
   171  3.42000000E+01  1.12479117E+00  9.99845934E-01  1.12479117E+00
   172  3.44000000E+01  1.12479582E+00  9.99846693E-01  1.12479582E+00
   173  3.46000000E+01  1.12480308E+00  9.99847910E-01  1.12480308E+00
   174  3.48000000E+01  1.12481951E+00  9.99849626E-01  1.12481951E+00
   175  3.50000000E+01  1.12482412E+00  9.99851883E-01  1.12482412E+00
   176  3.52000000E+01  1.12482065E+00  9.99854726E-01  1.12482065E+00
   177  3.54000000E+01  1.12482050E+00  9.99858202E-01  1.12482050E+00
   178  3.56000000E+01  1.12482618E+00  9.99862361E-01  1.12482618E+00
   179  3.58000000E+01  1.12482355E+00  9.99867257E-01  1.12482355E+00
   180  3.60000000E+01  1.12483999E+00  9.99872945E-01  1.12483999E+00
   181  3.62000000E+01  1.12484586E+00  9.99879486E-01  1.12484586E+00
   182  3.64000000E+01  1.12484273E+00  9.99886942E-01  1.12484273E+00
   183  3.66000000E+01  1.12483396E+00  9.99895379E-01  1.12483396E+00
   184  3.68000000E+01  1.12484059E+00  9.99904868E-01  1.12484059E+00
   185  3.70000000E+01  1.12483836E+00  9.99915482E-01  1.12483836E+00
   186  3.72000000E+01  1.12484729E+00  9.99927300E-01  1.12484729E+00
   187  3.74000000E+01  1.12485476E+00  9.99940404E-01  1.12485476E+00
   188  3.76000000E+01  1.12485222E+00  9.99954881E-01  1.12485222E+00
   189  3.78000000E+01  1.12484724E+00  9.99970822E-01  1.12484724E+00
   190  3.80000000E+01  1.12485421E+00  9.99988323E-01  1.12485421E+00
   191  3.82000000E+01  1.12486009E+00  1.00000749E+00  1.12486009E+00
   192  3.84000000E+01  1.12486613E+00  1.00002842E+00  1.12486613E+00
   193  3.86000000E+01  1.12487313E+00  1.00005123E+00  1.12487313E+00
   194  3.88000000E+01  1.12487904E+00  1.00007604E+00  1.12487904E+00
   195  3.90000000E+01  1.12488394E+00  1.00010297E+00  1.12488394E+00
   196  3.92000000E+01  1.12488800E+00  1.00013215E+00  1.12488800E+00
   197  3.94000000E+01  1.12489135E+00  1.00016372E+00  1.12489135E+00
   198  3.96000000E+01  1.12489656E+00  1.00019782E+00  1.12489656E+00
   199  3.98000000E+01  1.12490087E+00  1.00023459E+00  1.12490087E+00
   200  4.00000000E+01  1.12490442E+00  1.00027421E+00  1.12490442E+00
   201  4.02000000E+01  1.12490735E+00  1.00031682E+00  1.12490735E+00
   202  4.04000000E+01  1.12490983E+00  1.00036261E+00  1.12490983E+00
   203  4.06000000E+01  1.12491240E+00  1.00041175E+00  1.12491240E+00
   204  4.08000000E+01  1.12491532E+00  1.00046443E+00  1.12491532E+00
   205  4.10000000E+01  1.12491778E+00  1.00052085E+00  1.12491778E+00
   206  4.12000000E+01  1.12491991E+00  1.00058122E+00  1.12491991E+00
   207  4.14000000E+01  1.12492181E+00  1.00064574E+00  1.12492181E+00
   208  4.16000000E+01  1.12492355E+00  1.00071465E+00  1.12492355E+00
   209  4.18000000E+01  1.12492520E+00  1.00078817E+00  1.12492520E+00
   210  4.20000000E+01  1.12492678E+00  1.00086657E+00  1.12492678E+00
   211  4.22000000E+01  1.12492829E+00  1.00095008E+00  1.12492829E+00
   212  4.24000000E+01  1.12492974E+00  1.00103897E+00  1.12492974E+00
   213  4.26000000E+01  1.12493110E+00  1.00113353E+00  1.12493110E+00
   214  4.28000000E+01  1.12493249E+00  1.00123404E+00  1.12493249E+00
   215  4.30000000E+01  1.12493388E+00  1.00134080E+00  1.12493388E+00
   216  4.32000000E+01  1.12493520E+00  1.00145412E+00  1.12493520E+00
   217  4.34000000E+01  1.12493645E+00  1.00157434E+00  1.12493645E+00
   218  4.36000000E+01  1.12493759E+00  1.00170178E+00  1.12493759E+00
   219  4.38000000E+01  1.12493862E+00  1.00183681E+00  1.12493862E+00
   220  4.40000000E+01  1.12493954E+00  1.00197977E+00  1.12493954E+00
   221  4.42000000E+01  1.12494033E+00  1.00213106E+00  1.12494033E+00
   222  4.44000000E+01  1.12494100E+00  1.00229107E+00  1.12494100E+00
   223  4.46000000E+01  1.12494155E+00  1.00246019E+00  1.12494155E+00
   224  4.48000000E+01  1.12494200E+00  1.00263885E+00  1.12494200E+00
   225  4.50000000E+01  1.12494235E+00  1.00282750E+00  1.12494235E+00
   226  4.52000000E+01  1.12494262E+00  1.00302657E+00  1.12494262E+00
   227  4.54000000E+01  1.12494306E+00  1.00323653E+00  1.12494306E+00
   228  4.56000000E+01  1.12494341E+00  1.00345787E+00  1.12494341E+00
   229  4.58000000E+01  1.12494368E+00  1.00369108E+00  1.12494368E+00
   230  4.60000000E+01  1.12494389E+00  1.00393667E+00  1.12494389E+00
   231  4.62000000E+01  1.12494403E+00  1.00419517E+00  1.12494403E+00
   232  4.64000000E+01  1.12494413E+00  1.00446713E+00  1.12494413E+00
   233  4.66000000E+01  1.12494419E+00  1.00475311E+00  1.12494419E+00
   234  4.68000000E+01  1.12494423E+00  1.00505368E+00  1.12494423E+00
   235  4.70000000E+01  1.12494423E+00  1.00536942E+00  1.12494423E+00
   236  4.72000000E+01  1.12494422E+00  1.00570096E+00  1.12494422E+00
   237  4.74000000E+01  1.12494418E+00  1.00604891E+00  1.12494418E+00
   238  4.76000000E+01  1.12494413E+00  1.00641390E+00  1.12494413E+00
   239  4.78000000E+01  1.12494406E+00  1.00679659E+00  1.12494406E+00
   240  4.80000000E+01  1.12494398E+00  1.00719765E+00  1.12494398E+00
   241  4.82000000E+01  1.12494389E+00  1.00761774E+00  1.12494389E+00
   242  4.84000000E+01  1.12494378E+00  1.00805757E+00  1.12494378E+00
   243  4.86000000E+01  1.12494366E+00  1.00851783E+00  1.12494366E+00
   244  4.88000000E+01  1.12494354E+00  1.00899924E+00  1.12494354E+00
   245  4.90000000E+01  1.12494341E+00  1.00950254E+00  1.12494341E+00
   246  4.92000000E+01  1.12494328E+00  1.01002844E+00  1.12494328E+00
   247  4.94000000E+01  1.12494314E+00  1.01057770E+00  1.12494314E+00
   248  4.96000000E+01  1.12494300E+00  1.01115106E+00  1.12494300E+00
   249  4.98000000E+01  1.12494286E+00  1.01174929E+00  1.12494286E+00
   250  5.00000000E+01  1.12494271E+00  1.01237313E+00  1.12494271E+00
   251  5.02000000E+01  1.12494257E+00  1.01302335E+00  1.12494257E+00
   252  5.04000000E+01  1.12494244E+00  1.01370072E+00  1.12494244E+00
   253  5.06000000E+01  1.12494230E+00  1.01440598E+00  1.12494230E+00
   254  5.08000000E+01  1.12494217E+00  1.01513989E+00  1.12494217E+00
   255  5.10000000E+01  1.12494204E+00  1.01590320E+00  1.12494204E+00
   256  5.12000000E+01  1.12494191E+00  1.01669664E+00  1.12494191E+00
   257  5.14000000E+01  1.12494179E+00  1.01752093E+00  1.12494179E+00
   258  5.16000000E+01  1.12494167E+00  1.01837678E+00  1.12494167E+00
   259  5.18000000E+01  1.12494155E+00  1.01926488E+00  1.12494155E+00
   260  5.20000000E+01  1.12494144E+00  1.02018587E+00  1.12494144E+00
   261  5.22000000E+01  1.12494133E+00  1.02114041E+00  1.12494133E+00
   262  5.24000000E+01  1.12494123E+00  1.02212909E+00  1.12494123E+00
   263  5.26000000E+01  1.12494113E+00  1.02315249E+00  1.12494113E+00
   264  5.28000000E+01  1.12494103E+00  1.02421113E+00  1.12494103E+00
   265  5.30000000E+01  1.12494094E+00  1.02530551E+00  1.12494094E+00
   266  5.32000000E+01  1.12494085E+00  1.02643605E+00  1.12494085E+00
   267  5.34000000E+01  1.12494077E+00  1.02760316E+00  1.12494077E+00
   268  5.36000000E+01  1.12494069E+00  1.02880715E+00  1.12494069E+00
   269  5.38000000E+01  1.12494061E+00  1.03004830E+00  1.12494061E+00
   270  5.40000000E+01  1.12494054E+00  1.03132681E+00  1.12494054E+00
   271  5.42000000E+01  1.12494047E+00  1.03264279E+00  1.12494047E+00
   272  5.44000000E+01  1.12494041E+00  1.03399630E+00  1.12494041E+00
   273  5.46000000E+01  1.12494035E+00  1.03538731E+00  1.12494035E+00
   274  5.48000000E+01  1.12494029E+00  1.03681569E+00  1.12494029E+00
   275  5.50000000E+01  1.12494023E+00  1.03828122E+00  1.12494023E+00
   276  5.52000000E+01  1.12494018E+00  1.03978359E+00  1.12494018E+00
   277  5.54000000E+01  1.12494013E+00  1.04132237E+00  1.12494013E+00
   278  5.56000000E+01  1.12494009E+00  1.04289704E+00  1.12494009E+00
   279  5.58000000E+01  1.12494004E+00  1.04450695E+00  1.12494004E+00
   280  5.60000000E+01  1.12494000E+00  1.04615134E+00  1.12494000E+00
   281  5.62000000E+01  1.12493996E+00  1.04782933E+00  1.12493996E+00
   282  5.64000000E+01  1.12493993E+00  1.04953991E+00  1.12493993E+00
   283  5.66000000E+01  1.12493989E+00  1.05128193E+00  1.12493989E+00
   284  5.68000000E+01  1.12493986E+00  1.05305414E+00  1.12493986E+00
   285  5.70000000E+01  1.12493983E+00  1.05485512E+00  1.12493983E+00
   286  5.72000000E+01  1.12493980E+00  1.05668334E+00  1.12493980E+00
   287  5.74000000E+01  1.12493978E+00  1.05853713E+00  1.12493978E+00
   288  5.76000000E+01  1.12493975E+00  1.06041466E+00  1.12493975E+00
   289  5.78000000E+01  1.12493973E+00  1.06231401E+00  1.12493973E+00
   290  5.80000000E+01  1.12493971E+00  1.06423307E+00  1.12493971E+00
   291  5.82000000E+01  1.12493969E+00  1.06616964E+00  1.12493969E+00
   292  5.84000000E+01  1.12493967E+00  1.06812137E+00  1.12493967E+00
   293  5.86000000E+01  1.12493965E+00  1.07008577E+00  1.12493965E+00
   294  5.88000000E+01  1.12493964E+00  1.07206025E+00  1.12493964E+00
   295  5.90000000E+01  1.12493962E+00  1.07404208E+00  1.12493962E+00
   296  5.92000000E+01  1.12493961E+00  1.07602843E+00  1.12493961E+00
   297  5.94000000E+01  1.12493960E+00  1.07801633E+00  1.12493960E+00
   298  5.96000000E+01  1.12493958E+00  1.08000275E+00  1.12493958E+00
   299  5.98000000E+01  1.12493957E+00  1.08198453E+00  1.12493957E+00
   300  6.00000000E+01  1.12493956E+00  1.08395845E+00  1.12493956E+00
   301  6.02000000E+01  1.12493955E+00  1.08592118E+00  1.12493955E+00
   302  6.04000000E+01  1.12493954E+00  1.08786935E+00  1.12493954E+00
   303  6.06000000E+01  1.12493954E+00  1.08979953E+00  1.12493954E+00
   304  6.08000000E+01  1.12493953E+00  1.09170823E+00  1.12493953E+00
   305  6.10000000E+01  1.12493952E+00  1.09359193E+00  1.12493952E+00
   306  6.12000000E+01  1.12493951E+00  1.09544710E+00  1.12493951E+00
   307  6.14000000E+01  1.12493951E+00  1.09727020E+00  1.12493951E+00
   308  6.16000000E+01  1.12493950E+00  1.09905770E+00  1.12493950E+00
   309  6.18000000E+01  1.12493950E+00  1.10080608E+00  1.12493950E+00
   310  6.20000000E+01  1.12493949E+00  1.10251189E+00  1.12493949E+00
   311  6.22000000E+01  1.12493949E+00  1.10417171E+00  1.12493949E+00
   312  6.24000000E+01  1.12493948E+00  1.10578221E+00  1.12493948E+00
   313  6.26000000E+01  1.12493948E+00  1.10734018E+00  1.12493948E+00
   314  6.28000000E+01  1.12493948E+00  1.10884249E+00  1.12493948E+00
   315  6.30000000E+01  1.12493947E+00  1.11028618E+00  1.12493947E+00
   316  6.32000000E+01  1.12493947E+00  1.11166846E+00  1.12493947E+00
   317  6.34000000E+01  1.12493947E+00  1.11298672E+00  1.12493947E+00
   318  6.36000000E+01  1.12493947E+00  1.11423856E+00  1.12493947E+00
   319  6.38000000E+01  1.12493946E+00  1.11542187E+00  1.12493946E+00
   320  6.40000000E+01  1.12493946E+00  1.11653479E+00  1.12493946E+00
   321  6.42000000E+01  1.12493946E+00  1.11757579E+00  1.12493946E+00
   322  6.44000000E+01  1.12493946E+00  1.11854371E+00  1.12493946E+00
   323  6.46000000E+01  1.12494557E+00  1.11943777E+00  1.12494557E+00
   324  6.48000000E+01  1.12493960E+00  1.12025762E+00  1.12493960E+00
   325  6.50000000E+01  1.12493945E+00  1.12100340E+00  1.12493945E+00
   326  6.52000000E+01  1.12493980E+00  1.12167574E+00  1.12493980E+00
   327  6.54000000E+01  1.12493945E+00  1.12227578E+00  1.12493945E+00
   328  6.56000000E+01  1.12493945E+00  1.12280524E+00  1.12493945E+00
   329  6.58000000E+01  1.12495511E+00  1.12326638E+00  1.12495511E+00
   330  6.60000000E+01  1.12495286E+00  1.12366203E+00  1.12495286E+00
   331  6.62000000E+01  1.12493945E+00  1.12399555E+00  1.12493945E+00
   332  6.64000000E+01  1.12494912E+00  1.12427079E+00  1.12494912E+00
 steady-height stop at step    332: truncated to 3 decimals, truncated max/end/ratio =       1124      1124      1124, max/end/ratio =   1.12494912E+00  1.12427079E+00  1.12494912E+00
