 comppar: model =   3
 comppar: lambda,mobility/eps,betav,eta_0 =  9.0000E+00  3.0000E-02  5.0000E-01  1.0000E+00
 comppar: eta_s,eta_p,G =  5.0000E-01  5.0000E-01  5.5556E-02
 comppar: U_avg,deltat,flowrate,nsteps =  1.0000E-01  4.0000E-01  3.1416E-01    1000
 comppar: geometry = axisymmetric
 comppar: steady stop change,gap,hold,min =  1.0000E-05  2.0000E-04      10      80
 comppar: steady stop rounded decimals =       4
 comppar: ncompc,ncompg =     4     5
 mesh nnodes = 22999
 mesh nelem = 11296
 P1 BC   5.0000000000000000     
 P2 BC   0.0000000000000000     
     1  4.00000000E-01  1.00503819E+00  1.00000000E+00  1.00503819E+00
     2  8.00000000E-01  1.00991226E+00  1.00000000E+00  1.00991226E+00
     3  1.20000000E+00  1.01462314E+00  1.00000000E+00  1.01462314E+00
     4  1.60000000E+00  1.01919150E+00  1.00000000E+00  1.01919150E+00
     5  2.00000000E+00  1.02362891E+00  1.00000000E+00  1.02362891E+00
     6  2.40000000E+00  1.02795373E+00  1.00000000E+00  1.02795373E+00
     7  2.80000000E+00  1.03218539E+00  1.00000000E+00  1.03218539E+00
     8  3.20000000E+00  1.03634027E+00  1.00000000E+00  1.03634027E+00
     9  3.60000000E+00  1.04043097E+00  1.00000000E+00  1.04043097E+00
    10  4.00000000E+00  1.04448928E+00  1.00000000E+00  1.04448928E+00
    11  4.40000000E+00  1.04850893E+00  9.99999999E-01  1.04850893E+00
    12  4.80000000E+00  1.05252409E+00  9.99999994E-01  1.05252409E+00
    13  5.20000000E+00  1.05653608E+00  9.99999987E-01  1.05653608E+00
    14  5.60000000E+00  1.06055531E+00  9.99999978E-01  1.06055531E+00
    15  6.00000000E+00  1.06459186E+00  9.99999967E-01  1.06459186E+00
    16  6.40000000E+00  1.06865581E+00  9.99999952E-01  1.06865581E+00
    17  6.80000000E+00  1.07275168E+00  9.99999934E-01  1.07275168E+00
    18  7.20000000E+00  1.07688364E+00  9.99999913E-01  1.07688364E+00
    19  7.60000000E+00  1.08105106E+00  9.99999887E-01  1.08105106E+00
    20  8.00000000E+00  1.08527090E+00  9.99999856E-01  1.08527090E+00
    21  8.40000000E+00  1.08954607E+00  9.99999821E-01  1.08954607E+00
    22  8.80000000E+00  1.09385435E+00  9.99999779E-01  1.09385435E+00
    23  9.20000000E+00  1.09822868E+00  9.99999732E-01  1.09822868E+00
    24  9.60000000E+00  1.10265086E+00  9.99999678E-01  1.10265086E+00
    25  1.00000000E+01  1.10712711E+00  9.99999617E-01  1.10712711E+00
    26  1.04000000E+01  1.11164122E+00  9.99999548E-01  1.11164122E+00
    27  1.08000000E+01  1.11623467E+00  9.99999471E-01  1.11623467E+00
    28  1.12000000E+01  1.12086255E+00  9.99999385E-01  1.12086255E+00
    29  1.16000000E+01  1.12553134E+00  9.99999289E-01  1.12553134E+00
    30  1.20000000E+01  1.13027463E+00  9.99999183E-01  1.13027463E+00
    31  1.24000000E+01  1.13506531E+00  9.99999066E-01  1.13506531E+00
    32  1.28000000E+01  1.13989846E+00  9.99998937E-01  1.13989846E+00
    33  1.32000000E+01  1.14477168E+00  9.99998796E-01  1.14477168E+00
    34  1.36000000E+01  1.14967927E+00  9.99998641E-01  1.14967927E+00
    35  1.40000000E+01  1.15463085E+00  9.99998471E-01  1.15463085E+00
    36  1.44000000E+01  1.15961256E+00  9.99998287E-01  1.15961256E+00
    37  1.48000000E+01  1.16460155E+00  9.99998085E-01  1.16460155E+00
    38  1.52000000E+01  1.16958339E+00  9.99997867E-01  1.16958339E+00
    39  1.56000000E+01  1.17456340E+00  9.99997630E-01  1.17456340E+00
    40  1.60000000E+01  1.17954790E+00  9.99997373E-01  1.17954790E+00
    41  1.64000000E+01  1.18448686E+00  9.99997095E-01  1.18448686E+00
    42  1.68000000E+01  1.18940556E+00  9.99996795E-01  1.18940556E+00
    43  1.72000000E+01  1.19430170E+00  9.99996471E-01  1.19430170E+00
    44  1.76000000E+01  1.19912556E+00  9.99996122E-01  1.19912556E+00
    45  1.80000000E+01  1.20395582E+00  9.99995746E-01  1.20395582E+00
    46  1.84000000E+01  1.20868373E+00  9.99995342E-01  1.20868373E+00
    47  1.88000000E+01  1.21337332E+00  9.99994908E-01  1.21337332E+00
    48  1.92000000E+01  1.21800426E+00  9.99994442E-01  1.21800426E+00
    49  1.96000000E+01  1.22251673E+00  9.99993943E-01  1.22251673E+00
    50  2.00000000E+01  1.22703504E+00  9.99993408E-01  1.22703504E+00
    51  2.04000000E+01  1.23140776E+00  9.99992835E-01  1.23140776E+00
    52  2.08000000E+01  1.23580253E+00  9.99992223E-01  1.23580253E+00
    53  2.12000000E+01  1.24005132E+00  9.99991569E-01  1.24005132E+00
    54  2.16000000E+01  1.24431898E+00  9.99990870E-01  1.24431898E+00
    55  2.20000000E+01  1.24843778E+00  9.99990124E-01  1.24843778E+00
    56  2.24000000E+01  1.25253688E+00  9.99989330E-01  1.25253688E+00
    57  2.28000000E+01  1.25652384E+00  9.99988483E-01  1.25652384E+00
    58  2.32000000E+01  1.26045077E+00  9.99987581E-01  1.26045077E+00
    59  2.36000000E+01  1.26430468E+00  9.99986622E-01  1.26430468E+00
    60  2.40000000E+01  1.26807483E+00  9.99985602E-01  1.26807483E+00
    61  2.44000000E+01  1.27179902E+00  9.99984518E-01  1.27179902E+00
    62  2.48000000E+01  1.27542863E+00  9.99983367E-01  1.27542863E+00
    63  2.52000000E+01  1.27902637E+00  9.99982145E-01  1.27902637E+00
    64  2.56000000E+01  1.28251413E+00  9.99980850E-01  1.28251413E+00
    65  2.60000000E+01  1.28599281E+00  9.99979477E-01  1.28599281E+00
    66  2.64000000E+01  1.28933959E+00  9.99978022E-01  1.28933959E+00
    67  2.68000000E+01  1.29268806E+00  9.99976482E-01  1.29268806E+00
    68  2.72000000E+01  1.29593277E+00  9.99974853E-01  1.29593277E+00
    69  2.76000000E+01  1.29911840E+00  9.99973130E-01  1.29911840E+00
    70  2.80000000E+01  1.30226902E+00  9.99971310E-01  1.30226902E+00
    71  2.84000000E+01  1.30532070E+00  9.99969387E-01  1.30532070E+00
    72  2.88000000E+01  1.30835745E+00  9.99967358E-01  1.30835745E+00
    73  2.92000000E+01  1.31132763E+00  9.99965218E-01  1.31132763E+00
    74  2.96000000E+01  1.31422718E+00  9.99962962E-01  1.31422718E+00
    75  3.00000000E+01  1.31711696E+00  9.99960585E-01  1.31711696E+00
    76  3.04000000E+01  1.31991620E+00  9.99958083E-01  1.31991620E+00
    77  3.08000000E+01  1.32268967E+00  9.99955450E-01  1.32268967E+00
    78  3.12000000E+01  1.32540568E+00  9.99952682E-01  1.32540568E+00
    79  3.16000000E+01  1.32803358E+00  9.99949773E-01  1.32803358E+00
    80  3.20000000E+01  1.33066033E+00  9.99946718E-01  1.33066033E+00
    81  3.24000000E+01  1.33317661E+00  9.99943512E-01  1.33317661E+00
    82  3.28000000E+01  1.33568277E+00  9.99940149E-01  1.33568277E+00
    83  3.32000000E+01  1.33809855E+00  9.99936626E-01  1.33809855E+00
    84  3.36000000E+01  1.34047907E+00  9.99932935E-01  1.34047907E+00
    85  3.40000000E+01  1.34279017E+00  9.99929073E-01  1.34279017E+00
    86  3.44000000E+01  1.34506132E+00  9.99925035E-01  1.34506132E+00
    87  3.48000000E+01  1.34726539E+00  9.99920814E-01  1.34726539E+00
    88  3.52000000E+01  1.34942367E+00  9.99916408E-01  1.34942367E+00
    89  3.56000000E+01  1.35152062E+00  9.99911810E-01  1.35152062E+00
    90  3.60000000E+01  1.35357709E+00  9.99907017E-01  1.35357709E+00
    91  3.64000000E+01  1.35556750E+00  9.99902024E-01  1.35556750E+00
    92  3.68000000E+01  1.35752638E+00  9.99896828E-01  1.35752638E+00
    93  3.72000000E+01  1.35941472E+00  9.99891425E-01  1.35941472E+00
    94  3.76000000E+01  1.36127828E+00  9.99885813E-01  1.36127828E+00
    95  3.80000000E+01  1.36306807E+00  9.99879988E-01  1.36306807E+00
    96  3.84000000E+01  1.36483568E+00  9.99873949E-01  1.36483568E+00
    97  3.88000000E+01  1.36653407E+00  9.99867694E-01  1.36653407E+00
    98  3.92000000E+01  1.36820786E+00  9.99861223E-01  1.36820786E+00
    99  3.96000000E+01  1.36982028E+00  9.99854536E-01  1.36982028E+00
   100  4.00000000E+01  1.37140607E+00  9.99847634E-01  1.37140607E+00
   101  4.04000000E+01  1.37293989E+00  9.99840519E-01  1.37293989E+00
   102  4.08000000E+01  1.37443659E+00  9.99833193E-01  1.37443659E+00
   103  4.12000000E+01  1.37589756E+00  9.99825662E-01  1.37589756E+00
   104  4.16000000E+01  1.37731740E+00  9.99817931E-01  1.37731740E+00
   105  4.20000000E+01  1.37871107E+00  9.99810007E-01  1.37871107E+00
   106  4.24000000E+01  1.38005193E+00  9.99801898E-01  1.38005193E+00
   107  4.28000000E+01  1.38138306E+00  9.99793616E-01  1.38138306E+00
   108  4.32000000E+01  1.38264651E+00  9.99785173E-01  1.38264651E+00
   109  4.36000000E+01  1.38391810E+00  9.99776584E-01  1.38391810E+00
   110  4.40000000E+01  1.38512172E+00  9.99767865E-01  1.38512172E+00
   111  4.44000000E+01  1.38631676E+00  9.99759035E-01  1.38631676E+00
   112  4.48000000E+01  1.38746561E+00  9.99750118E-01  1.38746561E+00
   113  4.52000000E+01  1.38859230E+00  9.99741138E-01  1.38859230E+00
   114  4.56000000E+01  1.38968664E+00  9.99732124E-01  1.38968664E+00
   115  4.60000000E+01  1.39074915E+00  9.99723108E-01  1.39074915E+00
   116  4.64000000E+01  1.39179029E+00  9.99714126E-01  1.39179029E+00
   117  4.68000000E+01  1.39278830E+00  9.99705217E-01  1.39278830E+00
   118  4.72000000E+01  1.39377654E+00  9.99696426E-01  1.39377654E+00
   119  4.76000000E+01  1.39471394E+00  9.99687803E-01  1.39471394E+00
   120  4.80000000E+01  1.39565038E+00  9.99679401E-01  1.39565038E+00
   121  4.84000000E+01  1.39652908E+00  9.99671281E-01  1.39652908E+00
   122  4.88000000E+01  1.39741496E+00  9.99663508E-01  1.39741496E+00
   123  4.92000000E+01  1.39823934E+00  9.99656155E-01  1.39823934E+00
   124  4.96000000E+01  1.39907602E+00  9.99649301E-01  1.39907602E+00
   125  5.00000000E+01  1.39985353E+00  9.99643032E-01  1.39985353E+00
   126  5.04000000E+01  1.40063902E+00  9.99637444E-01  1.40063902E+00
   127  5.08000000E+01  1.40137235E+00  9.99632640E-01  1.40137235E+00
   128  5.12000000E+01  1.40210865E+00  9.99628731E-01  1.40210865E+00
   129  5.16000000E+01  1.40279991E+00  9.99625841E-01  1.40279991E+00
   130  5.20000000E+01  1.40348995E+00  9.99624100E-01  1.40348995E+00
   131  5.24000000E+01  1.40414189E+00  9.99623654E-01  1.40414189E+00
   132  5.28000000E+01  1.40478644E+00  9.99624657E-01  1.40478644E+00
   133  5.32000000E+01  1.40540127E+00  9.99627278E-01  1.40540127E+00
   134  5.36000000E+01  1.40600341E+00  9.99631698E-01  1.40600341E+00
   135  5.40000000E+01  1.40658345E+00  9.99638113E-01  1.40658345E+00
   136  5.44000000E+01  1.40714317E+00  9.99646736E-01  1.40714317E+00
   137  5.48000000E+01  1.40769049E+00  9.99657792E-01  1.40769049E+00
   138  5.52000000E+01  1.40821246E+00  9.99671529E-01  1.40821246E+00
   139  5.56000000E+01  1.40872873E+00  9.99688209E-01  1.40872873E+00
   140  5.60000000E+01  1.40921340E+00  9.99708114E-01  1.40921340E+00
   141  5.64000000E+01  1.40970037E+00  9.99731550E-01  1.40970037E+00
   142  5.68000000E+01  1.41015230E+00  9.99758842E-01  1.41015230E+00
   143  5.72000000E+01  1.41060900E+00  9.99790339E-01  1.41060900E+00
   144  5.76000000E+01  1.41103417E+00  9.99826415E-01  1.41103417E+00
   145  5.80000000E+01  1.41145692E+00  9.99867470E-01  1.41145692E+00
   146  5.84000000E+01  1.41185656E+00  9.99913932E-01  1.41185656E+00
   147  5.88000000E+01  1.41224767E+00  9.99966259E-01  1.41224767E+00
   148  5.92000000E+01  1.41262267E+00  1.00002494E+00  1.41262267E+00
   149  5.96000000E+01  1.41298413E+00  1.00009049E+00  1.41298413E+00
   150  6.00000000E+01  1.41333558E+00  1.00016347E+00  1.41333558E+00
   151  6.04000000E+01  1.41367005E+00  1.00024447E+00  1.41367005E+00
   152  6.08000000E+01  1.41399895E+00  1.00033412E+00  1.41399895E+00
   153  6.12000000E+01  1.41430758E+00  1.00043309E+00  1.41430758E+00
   154  6.16000000E+01  1.41461495E+00  1.00054209E+00  1.41461495E+00
   155  6.20000000E+01  1.41489842E+00  1.00066189E+00  1.41489842E+00
   156  6.24000000E+01  1.41518538E+00  1.00079328E+00  1.41518538E+00
   157  6.28000000E+01  1.41544767E+00  1.00093711E+00  1.41544767E+00
   158  6.32000000E+01  1.41571251E+00  1.00109430E+00  1.41571251E+00
   159  6.36000000E+01  1.41595686E+00  1.00126581E+00  1.41595686E+00
   160  6.40000000E+01  1.41619984E+00  1.00145264E+00  1.41619984E+00
   161  6.44000000E+01  1.41642738E+00  1.00165587E+00  1.41642738E+00
   162  6.48000000E+01  1.41664908E+00  1.00187665E+00  1.41664908E+00
   163  6.52000000E+01  1.41686083E+00  1.00211617E+00  1.41686083E+00
   164  6.56000000E+01  1.41706290E+00  1.00237569E+00  1.41706290E+00
   165  6.60000000E+01  1.41725986E+00  1.00265657E+00  1.41725986E+00
   166  6.64000000E+01  1.41744295E+00  1.00296020E+00  1.41744295E+00
   167  6.68000000E+01  1.41762606E+00  1.00328808E+00  1.41762606E+00
   168  6.72000000E+01  1.41779264E+00  1.00364176E+00  1.41779264E+00
   169  6.76000000E+01  1.41796206E+00  1.00402290E+00  1.41796206E+00
   170  6.80000000E+01  1.41811656E+00  1.00443322E+00  1.41811656E+00
   171  6.84000000E+01  1.41826910E+00  1.00487453E+00  1.41826910E+00
   172  6.88000000E+01  1.41841226E+00  1.00534874E+00  1.41841226E+00
   173  6.92000000E+01  1.41854961E+00  1.00585783E+00  1.41854961E+00
   174  6.96000000E+01  1.41868200E+00  1.00640388E+00  1.41868200E+00
   175  7.00000000E+01  1.41880492E+00  1.00698908E+00  1.41880492E+00
   176  7.04000000E+01  1.41892717E+00  1.00761568E+00  1.41892717E+00
   177  7.08000000E+01  1.41903707E+00  1.00828606E+00  1.41903707E+00
   178  7.12000000E+01  1.41914925E+00  1.00900268E+00  1.41914925E+00
   179  7.16000000E+01  1.41925016E+00  1.00976809E+00  1.41925016E+00
   180  7.20000000E+01  1.41934941E+00  1.01058494E+00  1.41934941E+00
   181  7.24000000E+01  1.41944184E+00  1.01145598E+00  1.41944184E+00
   182  7.28000000E+01  1.41952929E+00  1.01238404E+00  1.41952929E+00
   183  7.32000000E+01  1.41961372E+00  1.01337206E+00  1.41961372E+00
   184  7.36000000E+01  1.41969012E+00  1.01442303E+00  1.41969012E+00
   185  7.40000000E+01  1.41976702E+00  1.01554006E+00  1.41976702E+00
   186  7.44000000E+01  1.41983481E+00  1.01672630E+00  1.41983481E+00
   187  7.48000000E+01  1.41990306E+00  1.01798499E+00  1.41990306E+00
   188  7.52000000E+01  1.41996436E+00  1.01931942E+00  1.41996436E+00
   189  7.56000000E+01  1.42002302E+00  1.02073293E+00  1.42002302E+00
   190  7.60000000E+01  1.42007826E+00  1.02222889E+00  1.42007826E+00
   191  7.64000000E+01  1.42012831E+00  1.02381071E+00  1.42012831E+00
   192  7.68000000E+01  1.42017790E+00  1.02548180E+00  1.42017790E+00
   193  7.72000000E+01  1.42022075E+00  1.02724557E+00  1.42022075E+00
   194  7.76000000E+01  1.42026395E+00  1.02910541E+00  1.42026395E+00
   195  7.80000000E+01  1.42030203E+00  1.03106465E+00  1.42030203E+00
   196  7.84000000E+01  1.42033774E+00  1.03312656E+00  1.42033774E+00
   197  7.88000000E+01  1.42037137E+00  1.03529436E+00  1.42037137E+00
   198  7.92000000E+01  1.42040001E+00  1.03757110E+00  1.42040001E+00
   199  7.96000000E+01  1.42042954E+00  1.03995974E+00  1.42042954E+00
   200  8.00000000E+01  1.42045418E+00  1.04246306E+00  1.42045418E+00
   201  8.04000000E+01  1.42047732E+00  1.04508364E+00  1.42047732E+00
   202  8.08000000E+01  1.42049849E+00  1.04782385E+00  1.42049849E+00
   203  8.12000000E+01  1.42051554E+00  1.05068580E+00  1.42051554E+00
   204  8.16000000E+01  1.42053331E+00  1.05367133E+00  1.42053331E+00
   205  8.20000000E+01  1.42054747E+00  1.05678196E+00  1.42054747E+00
   206  8.24000000E+01  1.42055966E+00  1.06001889E+00  1.42055966E+00
   207  8.28000000E+01  1.42057115E+00  1.06338293E+00  1.42057115E+00
   208  8.32000000E+01  1.42057946E+00  1.06687450E+00  1.42057946E+00
   209  8.36000000E+01  1.42058720E+00  1.07049363E+00  1.42058720E+00
   210  8.40000000E+01  1.42059331E+00  1.07423988E+00  1.42059331E+00
   211  8.44000000E+01  1.42059681E+00  1.07811237E+00  1.42059681E+00
   212  8.48000000E+01  1.42060038E+00  1.08210974E+00  1.42060038E+00
   213  8.52000000E+01  1.42060207E+00  1.08623018E+00  1.42060207E+00
   214  8.56000000E+01  1.42060163E+00  1.09047135E+00  1.42060163E+00
   215  8.60000000E+01  1.42060126E+00  1.09483045E+00  1.42060126E+00
   216  8.64000000E+01  1.42059936E+00  1.09930421E+00  1.42059936E+00
   217  8.68000000E+01  1.42059576E+00  1.10388888E+00  1.42059576E+00
   218  8.72000000E+01  1.42059172E+00  1.10858025E+00  1.42059172E+00
   219  8.76000000E+01  1.42058694E+00  1.11337369E+00  1.42058694E+00
   220  8.80000000E+01  1.42058081E+00  1.11826419E+00  1.42058081E+00
   221  8.84000000E+01  1.42057350E+00  1.12324636E+00  1.42057350E+00
   222  8.88000000E+01  1.42056635E+00  1.12831449E+00  1.42056635E+00
   223  8.92000000E+01  1.42055825E+00  1.13346261E+00  1.42055825E+00
   224  8.96000000E+01  1.42054923E+00  1.13868452E+00  1.42054923E+00
   225  9.00000000E+01  1.42053944E+00  1.14397385E+00  1.42053944E+00
   226  9.04000000E+01  1.42052937E+00  1.14932415E+00  1.42052937E+00
   227  9.08000000E+01  1.42051908E+00  1.15472889E+00  1.42051908E+00
   228  9.12000000E+01  1.42050822E+00  1.16018157E+00  1.42050822E+00
   229  9.16000000E+01  1.42049692E+00  1.16567578E+00  1.42049692E+00
   230  9.20000000E+01  1.42048527E+00  1.17120523E+00  1.42048527E+00
   231  9.24000000E+01  1.42047336E+00  1.17676383E+00  1.42047336E+00
   232  9.28000000E+01  1.42046126E+00  1.18234574E+00  1.42046126E+00
   233  9.32000000E+01  1.42044905E+00  1.18794540E+00  1.42044905E+00
   234  9.36000000E+01  1.42043679E+00  1.19355761E+00  1.42043679E+00
   235  9.40000000E+01  1.42042453E+00  1.19917748E+00  1.42042453E+00
   236  9.44000000E+01  1.42041233E+00  1.20480055E+00  1.42041233E+00
   237  9.48000000E+01  1.42040023E+00  1.21042271E+00  1.42040023E+00
   238  9.52000000E+01  1.42038826E+00  1.21604022E+00  1.42038826E+00
   239  9.56000000E+01  1.42037646E+00  1.22164970E+00  1.42037646E+00
   240  9.60000000E+01  1.42036487E+00  1.22724811E+00  1.42036487E+00
   241  9.64000000E+01  1.42035350E+00  1.23283265E+00  1.42035350E+00
   242  9.68000000E+01  1.42034238E+00  1.23840072E+00  1.42034238E+00
   243  9.72000000E+01  1.42033152E+00  1.24394986E+00  1.42033152E+00
   244  9.76000000E+01  1.42032094E+00  1.24947765E+00  1.42032094E+00
   245  9.80000000E+01  1.42031098E+00  1.25498160E+00  1.42031098E+00
   246  9.84000000E+01  1.42030139E+00  1.26045907E+00  1.42030139E+00
   247  9.88000000E+01  1.42029213E+00  1.26590716E+00  1.42029213E+00
   248  9.92000000E+01  1.42028318E+00  1.27132260E+00  1.42028318E+00
   249  9.96000000E+01  1.42027456E+00  1.27670166E+00  1.42027456E+00
   250  1.00000000E+02  1.42026626E+00  1.28204005E+00  1.42026626E+00
   251  1.00400000E+02  1.42025828E+00  1.28733290E+00  1.42025828E+00
   252  1.00800000E+02  1.42025074E+00  1.29257463E+00  1.42025074E+00
   253  1.01200000E+02  1.42024379E+00  1.29775900E+00  1.42024379E+00
   254  1.01600000E+02  1.42023713E+00  1.30287908E+00  1.42023713E+00
   255  1.02000000E+02  1.42023078E+00  1.30792729E+00  1.42023078E+00
   256  1.02400000E+02  1.42022472E+00  1.31289548E+00  1.42022472E+00
   257  1.02800000E+02  1.42021895E+00  1.31777501E+00  1.42021895E+00
   258  1.03200000E+02  1.42021345E+00  1.32255694E+00  1.42021345E+00
   259  1.03600000E+02  1.42020822E+00  1.32723216E+00  1.42020822E+00
   260  1.04000000E+02  1.42020326E+00  1.33179165E+00  1.42020326E+00
   261  1.04400000E+02  1.42019855E+00  1.33622664E+00  1.42019855E+00
   262  1.04800000E+02  1.42019423E+00  1.34052892E+00  1.42019423E+00
   263  1.05200000E+02  1.42019028E+00  1.34469109E+00  1.42019028E+00
   264  1.05600000E+02  1.42018655E+00  1.34870678E+00  1.42018655E+00
   265  1.06000000E+02  1.42018304E+00  1.35257090E+00  1.42018304E+00
   266  1.06400000E+02  1.42017972E+00  1.35627982E+00  1.42017972E+00
   267  1.06800000E+02  1.42017660E+00  1.35983158E+00  1.42017660E+00
   268  1.07200000E+02  1.42017366E+00  1.36322590E+00  1.42017366E+00
   269  1.07600000E+02  1.42017090E+00  1.36646425E+00  1.42017090E+00
   270  1.08000000E+02  1.42016831E+00  1.36954975E+00  1.42016831E+00
   271  1.08400000E+02  1.42016587E+00  1.37248704E+00  1.42016587E+00
   272  1.08800000E+02  1.42016360E+00  1.37528202E+00  1.42016360E+00
   273  1.09200000E+02  1.42016146E+00  1.37794156E+00  1.42016146E+00
   274  1.09600000E+02  1.42015947E+00  1.38047311E+00  1.42015947E+00
   275  1.10000000E+02  1.42015761E+00  1.38288425E+00  1.42015761E+00
   276  1.10400000E+02  1.42015587E+00  1.38518237E+00  1.42015587E+00
   277  1.10800000E+02  1.42015426E+00  1.38737418E+00  1.42015426E+00
   278  1.11200000E+02  1.42015275E+00  1.38946544E+00  1.42015275E+00
   279  1.11600000E+02  1.42015135E+00  1.39146068E+00  1.42015135E+00
   280  1.12000000E+02  1.42015005E+00  1.39336311E+00  1.42015005E+00
   281  1.12400000E+02  1.42014885E+00  1.39517462E+00  1.42014885E+00
   282  1.12800000E+02  1.42014774E+00  1.39689592E+00  1.42014774E+00
   283  1.13200000E+02  1.42014671E+00  1.39852683E+00  1.42014671E+00
   284  1.13600000E+02  1.42014576E+00  1.40006666E+00  1.42014576E+00
   285  1.14000000E+02  1.42014488E+00  1.40151464E+00  1.42014488E+00
   286  1.14400000E+02  1.42014411E+00  1.40287036E+00  1.42014411E+00
   287  1.14800000E+02  1.42014345E+00  1.40413425E+00  1.42014345E+00
   288  1.15200000E+02  1.42014284E+00  1.40530784E+00  1.42014284E+00
   289  1.15600000E+02  1.42014228E+00  1.40639402E+00  1.42014228E+00
   290  1.16000000E+02  1.42014178E+00  1.40739704E+00  1.42014178E+00
   291  1.16400000E+02  1.42014132E+00  1.40832242E+00  1.42014132E+00
   292  1.16800000E+02  1.42014090E+00  1.40917666E+00  1.42014090E+00
   293  1.17200000E+02  1.42014052E+00  1.40996686E+00  1.42014052E+00
   294  1.17600000E+02  1.42014018E+00  1.41070020E+00  1.42014018E+00
   295  1.18000000E+02  1.42013988E+00  1.41138352E+00  1.42013988E+00
   296  1.18400000E+02  1.42013960E+00  1.41202286E+00  1.42013960E+00
   297  1.18800000E+02  1.42013936E+00  1.41262313E+00  1.42013936E+00
   298  1.19200000E+02  1.42013914E+00  1.41318792E+00  1.42013914E+00
   299  1.19600000E+02  1.42013895E+00  1.41371949E+00  1.42013895E+00
   300  1.20000000E+02  1.42013878E+00  1.41421894E+00  1.42013878E+00
   301  1.20400000E+02  1.42013864E+00  1.41468645E+00  1.42013864E+00
   302  1.20800000E+02  1.42013851E+00  1.41512166E+00  1.42013851E+00
   303  1.21200000E+02  1.42013840E+00  1.41552411E+00  1.42013840E+00
   304  1.21600000E+02  1.42013831E+00  1.41589354E+00  1.42013831E+00
   305  1.22000000E+02  1.42013823E+00  1.41623023E+00  1.42013823E+00
   306  1.22400000E+02  1.42013816E+00  1.41653519E+00  1.42013816E+00
   307  1.22800000E+02  1.42013811E+00  1.41681011E+00  1.42013811E+00
   308  1.23200000E+02  1.42013807E+00  1.41705736E+00  1.42013807E+00
   309  1.23600000E+02  1.42013804E+00  1.41727975E+00  1.42013804E+00
   310  1.24000000E+02  1.42013802E+00  1.41748027E+00  1.42013802E+00
   311  1.24400000E+02  1.42013801E+00  1.41766185E+00  1.42013801E+00
   312  1.24800000E+02  1.42013800E+00  1.41782708E+00  1.42013800E+00
   313  1.25200000E+02  1.42013800E+00  1.41797808E+00  1.42013800E+00
   314  1.25600000E+02  1.42013801E+00  1.41811641E+00  1.42013801E+00
   315  1.26000000E+02  1.42013802E+00  1.41824310E+00  1.42013802E+00
   316  1.26400000E+02  1.42013804E+00  1.41835871E+00  1.42013804E+00
   317  1.26800000E+02  1.42013806E+00  1.41846351E+00  1.42013806E+00
   318  1.27200000E+02  1.42013808E+00  1.41855767E+00  1.42013808E+00
   319  1.27600000E+02  1.42013811E+00  1.41864133E+00  1.42013811E+00
   320  1.28000000E+02  1.42013814E+00  1.41871482E+00  1.42013814E+00
   321  1.28400000E+02  1.42013817E+00  1.41877864E+00  1.42013817E+00
   322  1.28800000E+02  1.42013820E+00  1.41883350E+00  1.42013820E+00
   323  1.29200000E+02  1.42013824E+00  1.41888028E+00  1.42013824E+00
   324  1.29600000E+02  1.42013827E+00  1.41891993E+00  1.42013827E+00
   325  1.30000000E+02  1.42013831E+00  1.41895339E+00  1.42013831E+00
   326  1.30400000E+02  1.42013835E+00  1.41898153E+00  1.42013835E+00
   327  1.30800000E+02  1.42013838E+00  1.41900505E+00  1.42013838E+00
   328  1.31200000E+02  1.42013842E+00  1.41902452E+00  1.42013842E+00
   329  1.31600000E+02  1.42013846E+00  1.41904033E+00  1.42013846E+00
   330  1.32000000E+02  1.42013850E+00  1.41905276E+00  1.42013850E+00
   331  1.32400000E+02  1.42013853E+00  1.41906203E+00  1.42013853E+00
   332  1.32800000E+02  1.42013857E+00  1.41906830E+00  1.42013857E+00
   333  1.33200000E+02  1.42013861E+00  1.41907178E+00  1.42013861E+00
   334  1.33600000E+02  1.42013864E+00  1.41907268E+00  1.42013864E+00
   335  1.34000000E+02  1.42013868E+00  1.41907129E+00  1.42013868E+00
   336  1.34400000E+02  1.42013871E+00  1.41906790E+00  1.42013871E+00
   337  1.34800000E+02  1.42013874E+00  1.41906281E+00  1.42013874E+00
   338  1.35200000E+02  1.42013877E+00  1.41905631E+00  1.42013877E+00
   339  1.35600000E+02  1.42013881E+00  1.41904866E+00  1.42013881E+00
   340  1.36000000E+02  1.42013884E+00  1.41904008E+00  1.42013884E+00
   341  1.36400000E+02  1.42013887E+00  1.41903072E+00  1.42013887E+00
   342  1.36800000E+02  1.42013889E+00  1.41902070E+00  1.42013889E+00
   343  1.37200000E+02  1.42013892E+00  1.41901010E+00  1.42013892E+00
   344  1.37600000E+02  1.42013895E+00  1.41899899E+00  1.42013895E+00
   345  1.38000000E+02  1.42013897E+00  1.41898744E+00  1.42013897E+00
   346  1.38400000E+02  1.42013900E+00  1.41897552E+00  1.42013900E+00
   347  1.38800000E+02  1.42013902E+00  1.41896329E+00  1.42013902E+00
   348  1.39200000E+02  1.42013904E+00  1.41895084E+00  1.42013904E+00
   349  1.39600000E+02  1.42013906E+00  1.41893825E+00  1.42013906E+00
   350  1.40000000E+02  1.42013908E+00  1.41892561E+00  1.42013908E+00
   351  1.40400000E+02  1.42013910E+00  1.41891300E+00  1.42013910E+00
   352  1.40800000E+02  1.42013912E+00  1.41890046E+00  1.42013912E+00
   353  1.41200000E+02  1.42013914E+00  1.41888807E+00  1.42013914E+00
   354  1.41600000E+02  1.42013915E+00  1.41887584E+00  1.42013915E+00
   355  1.42000000E+02  1.42013917E+00  1.41886382E+00  1.42013917E+00
   356  1.42400000E+02  1.42013918E+00  1.41885202E+00  1.42013918E+00
   357  1.42800000E+02  1.42013920E+00  1.41884046E+00  1.42013920E+00
   358  1.43200000E+02  1.42013921E+00  1.41882915E+00  1.42013921E+00
   359  1.43600000E+02  1.42013922E+00  1.41881812E+00  1.42013922E+00
   360  1.44000000E+02  1.42013923E+00  1.41880737E+00  1.42013923E+00
   361  1.44400000E+02  1.42013925E+00  1.41879692E+00  1.42013925E+00
   362  1.44800000E+02  1.42013926E+00  1.41878679E+00  1.42013926E+00
   363  1.45200000E+02  1.42013927E+00  1.41877697E+00  1.42013927E+00
   364  1.45600000E+02  1.42013928E+00  1.41876748E+00  1.42013928E+00
   365  1.46000000E+02  1.42013928E+00  1.41875833E+00  1.42013928E+00
   366  1.46400000E+02  1.42013929E+00  1.41874950E+00  1.42013929E+00
   367  1.46800000E+02  1.42013930E+00  1.41874101E+00  1.42013930E+00
   368  1.47200000E+02  1.42013931E+00  1.41873285E+00  1.42013931E+00
   369  1.47600000E+02  1.42013931E+00  1.41872501E+00  1.42013931E+00
   370  1.48000000E+02  1.42013932E+00  1.41871750E+00  1.42013932E+00
   371  1.48400000E+02  1.42013933E+00  1.41871030E+00  1.42013933E+00
   372  1.48800000E+02  1.42013933E+00  1.41870342E+00  1.42013933E+00
   373  1.49200000E+02  1.42013934E+00  1.41869685E+00  1.42013934E+00
   374  1.49600000E+02  1.42013934E+00  1.41869057E+00  1.42013934E+00
   375  1.50000000E+02  1.42013935E+00  1.41868459E+00  1.42013935E+00
   376  1.50400000E+02  1.42013935E+00  1.41867890E+00  1.42013935E+00
   377  1.50800000E+02  1.42013935E+00  1.41867349E+00  1.42013935E+00
   378  1.51200000E+02  1.42013936E+00  1.41866835E+00  1.42013936E+00
   379  1.51600000E+02  1.42013936E+00  1.41866347E+00  1.42013936E+00
   380  1.52000000E+02  1.42013936E+00  1.41865884E+00  1.42013936E+00
   381  1.52400000E+02  1.42013937E+00  1.41865446E+00  1.42013937E+00
   382  1.52800000E+02  1.42013937E+00  1.41865031E+00  1.42013937E+00
   383  1.53200000E+02  1.42013937E+00  1.41864639E+00  1.42013937E+00
   384  1.53600000E+02  1.42013937E+00  1.41864269E+00  1.42013937E+00
   385  1.54000000E+02  1.42013937E+00  1.41863920E+00  1.42013937E+00
   386  1.54400000E+02  1.42013938E+00  1.41863591E+00  1.42013938E+00
   387  1.54800000E+02  1.42013938E+00  1.41863282E+00  1.42013938E+00
   388  1.55200000E+02  1.42013938E+00  1.41862991E+00  1.42013938E+00
   389  1.55600000E+02  1.42013938E+00  1.41862718E+00  1.42013938E+00
   390  1.56000000E+02  1.42013938E+00  1.41862461E+00  1.42013938E+00
   391  1.56400000E+02  1.42013938E+00  1.41862221E+00  1.42013938E+00
   392  1.56800000E+02  1.42013938E+00  1.41861996E+00  1.42013938E+00
   393  1.57200000E+02  1.42013938E+00  1.41861785E+00  1.42013938E+00
   394  1.57600000E+02  1.42013939E+00  1.41861588E+00  1.42013939E+00
   395  1.58000000E+02  1.42013939E+00  1.41861405E+00  1.42013939E+00
   396  1.58400000E+02  1.42013939E+00  1.41861234E+00  1.42013939E+00
   397  1.58800000E+02  1.42013939E+00  1.41861074E+00  1.42013939E+00
   398  1.59200000E+02  1.42013939E+00  1.41860926E+00  1.42013939E+00
   399  1.59600000E+02  1.42013939E+00  1.41860789E+00  1.42013939E+00
   400  1.60000000E+02  1.42013939E+00  1.41860661E+00  1.42013939E+00
   401  1.60400000E+02  1.42013939E+00  1.41860543E+00  1.42013939E+00
   402  1.60800000E+02  1.42013939E+00  1.41860434E+00  1.42013939E+00
   403  1.61200000E+02  1.42013939E+00  1.41860333E+00  1.42013939E+00
   404  1.61600000E+02  1.42013939E+00  1.41860240E+00  1.42013939E+00
   405  1.62000000E+02  1.42013939E+00  1.41860154E+00  1.42013939E+00
   406  1.62400000E+02  1.42013939E+00  1.41860075E+00  1.42013939E+00
   407  1.62800000E+02  1.42013939E+00  1.41860003E+00  1.42013939E+00
   408  1.63200000E+02  1.42013939E+00  1.41859937E+00  1.42013939E+00
   409  1.63600000E+02  1.42013939E+00  1.41859876E+00  1.42013939E+00
   410  1.64000000E+02  1.42013939E+00  1.41859821E+00  1.42013939E+00
   411  1.64400000E+02  1.42013939E+00  1.41859771E+00  1.42013939E+00
   412  1.64800000E+02  1.42013939E+00  1.41859725E+00  1.42013939E+00
   413  1.65200000E+02  1.42013939E+00  1.41859684E+00  1.42013939E+00
   414  1.65600000E+02  1.42013939E+00  1.41859646E+00  1.42013939E+00
   415  1.66000000E+02  1.42013939E+00  1.41859613E+00  1.42013939E+00
   416  1.66400000E+02  1.42013939E+00  1.41859583E+00  1.42013939E+00
   417  1.66800000E+02  1.42013939E+00  1.41859556E+00  1.42013939E+00
   418  1.67200000E+02  1.42013939E+00  1.41859532E+00  1.42013939E+00
   419  1.67600000E+02  1.42013939E+00  1.41859510E+00  1.42013939E+00
   420  1.68000000E+02  1.42013939E+00  1.41859492E+00  1.42013939E+00
   421  1.68400000E+02  1.42013939E+00  1.41859475E+00  1.42013939E+00
   422  1.68800000E+02  1.42013939E+00  1.41859461E+00  1.42013939E+00
   423  1.69200000E+02  1.42013939E+00  1.41859448E+00  1.42013939E+00
   424  1.69600000E+02  1.42013939E+00  1.41859438E+00  1.42013939E+00
   425  1.70000000E+02  1.42013939E+00  1.41859429E+00  1.42013939E+00
   426  1.70400000E+02  1.42013939E+00  1.41859421E+00  1.42013939E+00
   427  1.70800000E+02  1.42013939E+00  1.41859415E+00  1.42013939E+00
   428  1.71200000E+02  1.42013939E+00  1.41859410E+00  1.42013939E+00
   429  1.71600000E+02  1.42013939E+00  1.41859406E+00  1.42013939E+00
   430  1.72000000E+02  1.42013939E+00  1.41859404E+00  1.42013939E+00
   431  1.72400000E+02  1.42013939E+00  1.41859402E+00  1.42013939E+00
   432  1.72800000E+02  1.42013939E+00  1.41859401E+00  1.42013939E+00
   433  1.73200000E+02  1.42013939E+00  1.41859400E+00  1.42013939E+00
   434  1.73600000E+02  1.42013939E+00  1.41859401E+00  1.42013939E+00
   435  1.74000000E+02  1.42013939E+00  1.41859402E+00  1.42013939E+00
   436  1.74400000E+02  1.42013939E+00  1.41859403E+00  1.42013939E+00
   437  1.74800000E+02  1.42013939E+00  1.41859405E+00  1.42013939E+00
   438  1.75200000E+02  1.42013939E+00  1.41859407E+00  1.42013939E+00
   439  1.75600000E+02  1.42013939E+00  1.41859410E+00  1.42013939E+00
   440  1.76000000E+02  1.42013939E+00  1.41859413E+00  1.42013939E+00
   441  1.76400000E+02  1.42013939E+00  1.41859416E+00  1.42013939E+00
   442  1.76800000E+02  1.42013939E+00  1.41859419E+00  1.42013939E+00
   443  1.77200000E+02  1.42013939E+00  1.41859423E+00  1.42013939E+00
   444  1.77600000E+02  1.42013939E+00  1.41859426E+00  1.42013939E+00
   445  1.78000000E+02  1.42013939E+00  1.41859430E+00  1.42013939E+00
   446  1.78400000E+02  1.42013939E+00  1.41859434E+00  1.42013939E+00
   447  1.78800000E+02  1.42013939E+00  1.41859438E+00  1.42013939E+00
   448  1.79200000E+02  1.42013939E+00  1.41859441E+00  1.42013939E+00
   449  1.79600000E+02  1.42013939E+00  1.41859445E+00  1.42013939E+00
   450  1.80000000E+02  1.42013939E+00  1.41859449E+00  1.42013939E+00
   451  1.80400000E+02  1.42013939E+00  1.41859453E+00  1.42013939E+00
   452  1.80800000E+02  1.42013939E+00  1.41859457E+00  1.42013939E+00
   453  1.81200000E+02  1.42013939E+00  1.41859461E+00  1.42013939E+00
   454  1.81600000E+02  1.42013939E+00  1.41859464E+00  1.42013939E+00
   455  1.82000000E+02  1.42013939E+00  1.41859468E+00  1.42013939E+00
   456  1.82400000E+02  1.42013939E+00  1.41859471E+00  1.42013939E+00
   457  1.82800000E+02  1.42013939E+00  1.41859475E+00  1.42013939E+00
   458  1.83200000E+02  1.42013939E+00  1.41859478E+00  1.42013939E+00
   459  1.83600000E+02  1.42013939E+00  1.41859481E+00  1.42013939E+00
   460  1.84000000E+02  1.42013939E+00  1.41859485E+00  1.42013939E+00
   461  1.84400000E+02  1.42013939E+00  1.41859488E+00  1.42013939E+00
   462  1.84800000E+02  1.42013939E+00  1.41859491E+00  1.42013939E+00
   463  1.85200000E+02  1.42013939E+00  1.41859493E+00  1.42013939E+00
   464  1.85600000E+02  1.42013939E+00  1.41859496E+00  1.42013939E+00
   465  1.86000000E+02  1.42013939E+00  1.41859499E+00  1.42013939E+00
   466  1.86400000E+02  1.42013939E+00  1.41859501E+00  1.42013939E+00
   467  1.86800000E+02  1.42013939E+00  1.41859504E+00  1.42013939E+00
   468  1.87200000E+02  1.42013939E+00  1.41859506E+00  1.42013939E+00
   469  1.87600000E+02  1.42013939E+00  1.41859508E+00  1.42013939E+00
   470  1.88000000E+02  1.42013939E+00  1.41859510E+00  1.42013939E+00
   471  1.88400000E+02  1.42013939E+00  1.41859512E+00  1.42013939E+00
   472  1.88800000E+02  1.42013939E+00  1.41859514E+00  1.42013939E+00
   473  1.89200000E+02  1.42013939E+00  1.41859516E+00  1.42013939E+00
   474  1.89600000E+02  1.42013939E+00  1.41859518E+00  1.42013939E+00
   475  1.90000000E+02  1.42013939E+00  1.41859520E+00  1.42013939E+00
   476  1.90400000E+02  1.42013939E+00  1.41859521E+00  1.42013939E+00
   477  1.90800000E+02  1.42013939E+00  1.41859523E+00  1.42013939E+00
   478  1.91200000E+02  1.42013939E+00  1.41859524E+00  1.42013939E+00
   479  1.91600000E+02  1.42013939E+00  1.41859525E+00  1.42013939E+00
   480  1.92000000E+02  1.42013939E+00  1.41859527E+00  1.42013939E+00
   481  1.92400000E+02  1.42013939E+00  1.41859528E+00  1.42013939E+00
   482  1.92800000E+02  1.42013939E+00  1.41859529E+00  1.42013939E+00
   483  1.93200000E+02  1.42013939E+00  1.41859530E+00  1.42013939E+00
   484  1.93600000E+02  1.42013939E+00  1.41859531E+00  1.42013939E+00
   485  1.94000000E+02  1.42013939E+00  1.41859532E+00  1.42013939E+00
   486  1.94400000E+02  1.42013939E+00  1.41859533E+00  1.42013939E+00
   487  1.94800000E+02  1.42013939E+00  1.41859534E+00  1.42013939E+00
   488  1.95200000E+02  1.42013939E+00  1.41859535E+00  1.42013939E+00
   489  1.95600000E+02  1.42013939E+00  1.41859535E+00  1.42013939E+00
   490  1.96000000E+02  1.42013939E+00  1.41859536E+00  1.42013939E+00
   491  1.96400000E+02  1.42013939E+00  1.41859537E+00  1.42013939E+00
   492  1.96800000E+02  1.42013939E+00  1.41859537E+00  1.42013939E+00
   493  1.97200000E+02  1.42013939E+00  1.41859538E+00  1.42013939E+00
   494  1.97600000E+02  1.42013939E+00  1.41859538E+00  1.42013939E+00
   495  1.98000000E+02  1.42013939E+00  1.41859539E+00  1.42013939E+00
   496  1.98400000E+02  1.42013939E+00  1.41859539E+00  1.42013939E+00
   497  1.98800000E+02  1.42013939E+00  1.41859539E+00  1.42013939E+00
   498  1.99200000E+02  1.42013939E+00  1.41859540E+00  1.42013939E+00
   499  1.99600000E+02  1.42013939E+00  1.41859540E+00  1.42013939E+00
   500  2.00000000E+02  1.42013939E+00  1.41859541E+00  1.42013939E+00
   501  2.00400000E+02  1.42013939E+00  1.41859541E+00  1.42013939E+00
   502  2.00800000E+02  1.42013939E+00  1.41859541E+00  1.42013939E+00
   503  2.01200000E+02  1.42013939E+00  1.41859541E+00  1.42013939E+00
   504  2.01600000E+02  1.42013939E+00  1.41859542E+00  1.42013939E+00
   505  2.02000000E+02  1.42013939E+00  1.41859542E+00  1.42013939E+00
   506  2.02400000E+02  1.42013939E+00  1.41859542E+00  1.42013939E+00
   507  2.02800000E+02  1.42013939E+00  1.41859542E+00  1.42013939E+00
   508  2.03200000E+02  1.42013939E+00  1.41859542E+00  1.42013939E+00
   509  2.03600000E+02  1.42013939E+00  1.41859542E+00  1.42013939E+00
   510  2.04000000E+02  1.42013939E+00  1.41859543E+00  1.42013939E+00
   511  2.04400000E+02  1.42013939E+00  1.41859543E+00  1.42013939E+00
   512  2.04800000E+02  1.42013939E+00  1.41859543E+00  1.42013939E+00
   513  2.05200000E+02  1.42013939E+00  1.41859543E+00  1.42013939E+00
   514  2.05600000E+02  1.42013939E+00  1.41859543E+00  1.42013939E+00
   515  2.06000000E+02  1.42013939E+00  1.41859543E+00  1.42013939E+00
   516  2.06400000E+02  1.42013939E+00  1.41859543E+00  1.42013939E+00
   517  2.06800000E+02  1.42013939E+00  1.41859543E+00  1.42013939E+00
   518  2.07200000E+02  1.42013939E+00  1.41859543E+00  1.42013939E+00
   519  2.07600000E+02  1.42013939E+00  1.41859543E+00  1.42013939E+00
   520  2.08000000E+02  1.42013939E+00  1.41859543E+00  1.42013939E+00
   521  2.08400000E+02  1.42013939E+00  1.41859543E+00  1.42013939E+00
   522  2.08800000E+02  1.42013939E+00  1.41859543E+00  1.42013939E+00
   523  2.09200000E+02  1.42013939E+00  1.41859543E+00  1.42013939E+00
   524  2.09600000E+02  1.42013939E+00  1.41859543E+00  1.42013939E+00
   525  2.10000000E+02  1.42013939E+00  1.41859543E+00  1.42013939E+00
   526  2.10400000E+02  1.42013939E+00  1.41859543E+00  1.42013939E+00
   527  2.10800000E+02  1.42013939E+00  1.41859543E+00  1.42013939E+00
   528  2.11200000E+02  1.42013939E+00  1.41859543E+00  1.42013939E+00
   529  2.11600000E+02  1.42013939E+00  1.41859543E+00  1.42013939E+00
   530  2.12000000E+02  1.42013939E+00  1.41859543E+00  1.42013939E+00
   531  2.12400000E+02  1.42013939E+00  1.41859543E+00  1.42013939E+00
   532  2.12800000E+02  1.42013939E+00  1.41859543E+00  1.42013939E+00
   533  2.13200000E+02  1.42013939E+00  1.41859543E+00  1.42013939E+00
   534  2.13600000E+02  1.42013939E+00  1.41859543E+00  1.42013939E+00
   535  2.14000000E+02  1.42013939E+00  1.41859543E+00  1.42013939E+00
   536  2.14400000E+02  1.42013939E+00  1.41859543E+00  1.42013939E+00
   537  2.14800000E+02  1.42013939E+00  1.41859543E+00  1.42013939E+00
   538  2.15200000E+02  1.42013939E+00  1.41859543E+00  1.42013939E+00
   539  2.15600000E+02  1.42013939E+00  1.41859543E+00  1.42013939E+00
   540  2.16000000E+02  1.42013939E+00  1.41859543E+00  1.42013939E+00
   541  2.16400000E+02  1.42013939E+00  1.41859543E+00  1.42013939E+00
   542  2.16800000E+02  1.42013939E+00  1.41859543E+00  1.42013939E+00
   543  2.17200000E+02  1.42013939E+00  1.41859543E+00  1.42013939E+00
   544  2.17600000E+02  1.42013939E+00  1.41859543E+00  1.42013939E+00
   545  2.18000000E+02  1.42013939E+00  1.41859543E+00  1.42013939E+00
   546  2.18400000E+02  1.42013939E+00  1.41859543E+00  1.42013939E+00
   547  2.18800000E+02  1.42013939E+00  1.41859543E+00  1.42013939E+00
   548  2.19200000E+02  1.42013939E+00  1.41859543E+00  1.42013939E+00
   549  2.19600000E+02  1.42013939E+00  1.41859543E+00  1.42013939E+00
   550  2.20000000E+02  1.42013939E+00  1.41859543E+00  1.42013939E+00
   551  2.20400000E+02  1.42013939E+00  1.41859543E+00  1.42013939E+00
   552  2.20800000E+02  1.42013939E+00  1.41859543E+00  1.42013939E+00
   553  2.21200000E+02  1.42013939E+00  1.41859543E+00  1.42013939E+00
   554  2.21600000E+02  1.42013939E+00  1.41859543E+00  1.42013939E+00
   555  2.22000000E+02  1.42013939E+00  1.41859543E+00  1.42013939E+00
   556  2.22400000E+02  1.42013939E+00  1.41859543E+00  1.42013939E+00
   557  2.22800000E+02  1.42013939E+00  1.41859543E+00  1.42013939E+00
   558  2.23200000E+02  1.42013939E+00  1.41859543E+00  1.42013939E+00
   559  2.23600000E+02  1.42013939E+00  1.41859543E+00  1.42013939E+00
   560  2.24000000E+02  1.42013939E+00  1.41859543E+00  1.42013939E+00
   561  2.24400000E+02  1.42013939E+00  1.41859543E+00  1.42013939E+00
   562  2.24800000E+02  1.42013939E+00  1.41859543E+00  1.42013939E+00
   563  2.25200000E+02  1.42013939E+00  1.41859543E+00  1.42013939E+00
   564  2.25600000E+02  1.42013939E+00  1.41859543E+00  1.42013939E+00
   565  2.26000000E+02  1.42013939E+00  1.41859543E+00  1.42013939E+00
   566  2.26400000E+02  1.42013939E+00  1.41859543E+00  1.42013939E+00
   567  2.26800000E+02  1.42013939E+00  1.41859543E+00  1.42013939E+00
   568  2.27200000E+02  1.42013939E+00  1.41859543E+00  1.42013939E+00
   569  2.27600000E+02  1.42013939E+00  1.41859543E+00  1.42013939E+00
   570  2.28000000E+02  1.42013939E+00  1.41859543E+00  1.42013939E+00
   571  2.28400000E+02  1.42013939E+00  1.41859543E+00  1.42013939E+00
   572  2.28800000E+02  1.42013939E+00  1.41859543E+00  1.42013939E+00
   573  2.29200000E+02  1.42013939E+00  1.41859543E+00  1.42013939E+00
   574  2.29600000E+02  1.42013939E+00  1.41859543E+00  1.42013939E+00
   575  2.30000000E+02  1.42013939E+00  1.41859543E+00  1.42013939E+00
   576  2.30400000E+02  1.42013939E+00  1.41859543E+00  1.42013939E+00
   577  2.30800000E+02  1.42013939E+00  1.41859543E+00  1.42013939E+00
   578  2.31200000E+02  1.42013939E+00  1.41859543E+00  1.42013939E+00
   579  2.31600000E+02  1.42013939E+00  1.41859543E+00  1.42013939E+00
   580  2.32000000E+02  1.42013939E+00  1.41859543E+00  1.42013939E+00
   581  2.32400000E+02  1.42013939E+00  1.41859543E+00  1.42013939E+00
   582  2.32800000E+02  1.42013939E+00  1.41859543E+00  1.42013939E+00
   583  2.33200000E+02  1.42013939E+00  1.41859543E+00  1.42013939E+00
   584  2.33600000E+02  1.42013939E+00  1.41859543E+00  1.42013939E+00
   585  2.34000000E+02  1.42013939E+00  1.41859543E+00  1.42013939E+00
   586  2.34400000E+02  1.42013939E+00  1.41859543E+00  1.42013939E+00
   587  2.34800000E+02  1.42013939E+00  1.41859543E+00  1.42013939E+00
   588  2.35200000E+02  1.42013939E+00  1.41859543E+00  1.42013939E+00
   589  2.35600000E+02  1.42013939E+00  1.41859543E+00  1.42013939E+00
   590  2.36000000E+02  1.42013939E+00  1.41859543E+00  1.42013939E+00
   591  2.36400000E+02  1.42013939E+00  1.41859543E+00  1.42013939E+00
   592  2.36800000E+02  1.42013939E+00  1.41859543E+00  1.42013939E+00
   593  2.37200000E+02  1.42013939E+00  1.41859543E+00  1.42013939E+00
   594  2.37600000E+02  1.42013939E+00  1.41859543E+00  1.42013939E+00
   595  2.38000000E+02  1.42013939E+00  1.41859543E+00  1.42013939E+00
   596  2.38400000E+02  1.42013939E+00  1.41859543E+00  1.42013939E+00
   597  2.38800000E+02  1.42013939E+00  1.41859543E+00  1.42013939E+00
   598  2.39200000E+02  1.42013939E+00  1.41859543E+00  1.42013939E+00
   599  2.39600000E+02  1.42013939E+00  1.41859543E+00  1.42013939E+00
   600  2.40000000E+02  1.42013939E+00  1.41859543E+00  1.42013939E+00
   601  2.40400000E+02  1.42013939E+00  1.41859543E+00  1.42013939E+00
   602  2.40800000E+02  1.42013939E+00  1.41859543E+00  1.42013939E+00
   603  2.41200000E+02  1.42013939E+00  1.41859543E+00  1.42013939E+00
   604  2.41600000E+02  1.42013939E+00  1.41859543E+00  1.42013939E+00
   605  2.42000000E+02  1.42013939E+00  1.41859543E+00  1.42013939E+00
   606  2.42400000E+02  1.42013939E+00  1.41859543E+00  1.42013939E+00
   607  2.42800000E+02  1.42013939E+00  1.41859543E+00  1.42013939E+00
   608  2.43200000E+02  1.42013939E+00  1.41859543E+00  1.42013939E+00
   609  2.43600000E+02  1.42013939E+00  1.41859543E+00  1.42013939E+00
   610  2.44000000E+02  1.42013939E+00  1.41859543E+00  1.42013939E+00
   611  2.44400000E+02  1.42013939E+00  1.41859543E+00  1.42013939E+00
   612  2.44800000E+02  1.42013939E+00  1.41859543E+00  1.42013939E+00
   613  2.45200000E+02  1.42013939E+00  1.41859543E+00  1.42013939E+00
   614  2.45600000E+02  1.42013939E+00  1.41859543E+00  1.42013939E+00
   615  2.46000000E+02  1.42013939E+00  1.41859543E+00  1.42013939E+00
   616  2.46400000E+02  1.42013939E+00  1.41859543E+00  1.42013939E+00
   617  2.46800000E+02  1.42013939E+00  1.41859543E+00  1.42013939E+00
   618  2.47200000E+02  1.42013939E+00  1.41859543E+00  1.42013939E+00
   619  2.47600000E+02  1.42013939E+00  1.41859543E+00  1.42013939E+00
   620  2.48000000E+02  1.42013939E+00  1.41859543E+00  1.42013939E+00
   621  2.48400000E+02  1.42013939E+00  1.41859543E+00  1.42013939E+00
   622  2.48800000E+02  1.42013939E+00  1.41859543E+00  1.42013939E+00
   623  2.49200000E+02  1.42013939E+00  1.41859543E+00  1.42013939E+00
   624  2.49600000E+02  1.42013939E+00  1.41859543E+00  1.42013939E+00
   625  2.50000000E+02  1.42013939E+00  1.41859543E+00  1.42013939E+00
   626  2.50400000E+02  1.42013939E+00  1.41859543E+00  1.42013939E+00
   627  2.50800000E+02  1.42013939E+00  1.41859543E+00  1.42013939E+00
   628  2.51200000E+02  1.42013939E+00  1.41859543E+00  1.42013939E+00
   629  2.51600000E+02  1.42013939E+00  1.41859543E+00  1.42013939E+00
   630  2.52000000E+02  1.42013939E+00  1.41859543E+00  1.42013939E+00
   631  2.52400000E+02  1.42013939E+00  1.41859543E+00  1.42013939E+00
   632  2.52800000E+02  1.42013939E+00  1.41859543E+00  1.42013939E+00
   633  2.53200000E+02  1.42013939E+00  1.41859543E+00  1.42013939E+00
   634  2.53600000E+02  1.42013939E+00  1.41859543E+00  1.42013939E+00
   635  2.54000000E+02  1.42013939E+00  1.41859543E+00  1.42013939E+00
   636  2.54400000E+02  1.42013939E+00  1.41859543E+00  1.42013939E+00
   637  2.54800000E+02  1.42013939E+00  1.41859543E+00  1.42013939E+00
   638  2.55200000E+02  1.42013939E+00  1.41859543E+00  1.42013939E+00
   639  2.55600000E+02  1.42013939E+00  1.41859543E+00  1.42013939E+00
   640  2.56000000E+02  1.42013939E+00  1.41859543E+00  1.42013939E+00
   641  2.56400000E+02  1.42013939E+00  1.41859543E+00  1.42013939E+00
   642  2.56800000E+02  1.42013939E+00  1.41859543E+00  1.42013939E+00
   643  2.57200000E+02  1.42013939E+00  1.41859543E+00  1.42013939E+00
   644  2.57600000E+02  1.42013939E+00  1.41859543E+00  1.42013939E+00
   645  2.58000000E+02  1.42013939E+00  1.41859543E+00  1.42013939E+00
   646  2.58400000E+02  1.42013939E+00  1.41859543E+00  1.42013939E+00
   647  2.58800000E+02  1.42013939E+00  1.41859543E+00  1.42013939E+00
   648  2.59200000E+02  1.42013939E+00  1.41859543E+00  1.42013939E+00
   649  2.59600000E+02  1.42013939E+00  1.41859543E+00  1.42013939E+00
   650  2.60000000E+02  1.42013939E+00  1.41859543E+00  1.42013939E+00
   651  2.60400000E+02  1.42013939E+00  1.41859543E+00  1.42013939E+00
   652  2.60800000E+02  1.42013939E+00  1.41859543E+00  1.42013939E+00
   653  2.61200000E+02  1.42013939E+00  1.41859543E+00  1.42013939E+00
   654  2.61600000E+02  1.42013939E+00  1.41859543E+00  1.42013939E+00
   655  2.62000000E+02  1.42013939E+00  1.41859543E+00  1.42013939E+00
   656  2.62400000E+02  1.42013939E+00  1.41859543E+00  1.42013939E+00
   657  2.62800000E+02  1.42013939E+00  1.41859543E+00  1.42013939E+00
   658  2.63200000E+02  1.42013939E+00  1.41859543E+00  1.42013939E+00
   659  2.63600000E+02  1.42013939E+00  1.41859543E+00  1.42013939E+00
   660  2.64000000E+02  1.42013939E+00  1.41859543E+00  1.42013939E+00
   661  2.64400000E+02  1.42013939E+00  1.41859543E+00  1.42013939E+00
   662  2.64800000E+02  1.42013939E+00  1.41859543E+00  1.42013939E+00
   663  2.65200000E+02  1.42013939E+00  1.41859543E+00  1.42013939E+00
   664  2.65600000E+02  1.42013939E+00  1.41859543E+00  1.42013939E+00
   665  2.66000000E+02  1.42013939E+00  1.41859543E+00  1.42013939E+00
   666  2.66400000E+02  1.42013939E+00  1.41859543E+00  1.42013939E+00
   667  2.66800000E+02  1.42013939E+00  1.41859543E+00  1.42013939E+00
   668  2.67200000E+02  1.42013939E+00  1.41859543E+00  1.42013939E+00
   669  2.67600000E+02  1.42013939E+00  1.41859543E+00  1.42013939E+00
   670  2.68000000E+02  1.42013939E+00  1.41859543E+00  1.42013939E+00
   671  2.68400000E+02  1.42013939E+00  1.41859543E+00  1.42013939E+00
   672  2.68800000E+02  1.42013939E+00  1.41859543E+00  1.42013939E+00
   673  2.69200000E+02  1.42013939E+00  1.41859543E+00  1.42013939E+00
   674  2.69600000E+02  1.42013939E+00  1.41859543E+00  1.42013939E+00
   675  2.70000000E+02  1.42013939E+00  1.41859543E+00  1.42013939E+00
   676  2.70400000E+02  1.42013939E+00  1.41859543E+00  1.42013939E+00
   677  2.70800000E+02  1.42013939E+00  1.41859543E+00  1.42013939E+00
   678  2.71200000E+02  1.42013939E+00  1.41859543E+00  1.42013939E+00
   679  2.71600000E+02  1.42013939E+00  1.41859543E+00  1.42013939E+00
   680  2.72000000E+02  1.42013939E+00  1.41859543E+00  1.42013939E+00
   681  2.72400000E+02  1.42013939E+00  1.41859543E+00  1.42013939E+00
   682  2.72800000E+02  1.42013939E+00  1.41859543E+00  1.42013939E+00
   683  2.73200000E+02  1.42013939E+00  1.41859543E+00  1.42013939E+00
   684  2.73600000E+02  1.42013939E+00  1.41859543E+00  1.42013939E+00
   685  2.74000000E+02  1.42013939E+00  1.41859543E+00  1.42013939E+00
   686  2.74400000E+02  1.42013939E+00  1.41859543E+00  1.42013939E+00
   687  2.74800000E+02  1.42013939E+00  1.41859543E+00  1.42013939E+00
   688  2.75200000E+02  1.42013939E+00  1.41859543E+00  1.42013939E+00
   689  2.75600000E+02  1.42013939E+00  1.41859543E+00  1.42013939E+00
   690  2.76000000E+02  1.42013939E+00  1.41859543E+00  1.42013939E+00
   691  2.76400000E+02  1.42013939E+00  1.41859543E+00  1.42013939E+00
   692  2.76800000E+02  1.42013939E+00  1.41859543E+00  1.42013939E+00
   693  2.77200000E+02  1.42013939E+00  1.41859543E+00  1.42013939E+00
   694  2.77600000E+02  1.42013939E+00  1.41859543E+00  1.42013939E+00
   695  2.78000000E+02  1.42013939E+00  1.41859543E+00  1.42013939E+00
   696  2.78400000E+02  1.42013939E+00  1.41859543E+00  1.42013939E+00
   697  2.78800000E+02  1.42013939E+00  1.41859543E+00  1.42013939E+00
   698  2.79200000E+02  1.42013939E+00  1.41859543E+00  1.42013939E+00
   699  2.79600000E+02  1.42013939E+00  1.41859543E+00  1.42013939E+00
   700  2.80000000E+02  1.42013939E+00  1.41859543E+00  1.42013939E+00
   701  2.80400000E+02  1.42013939E+00  1.41859543E+00  1.42013939E+00
   702  2.80800000E+02  1.42013939E+00  1.41859543E+00  1.42013939E+00
   703  2.81200000E+02  1.42013939E+00  1.41859543E+00  1.42013939E+00
   704  2.81600000E+02  1.42013939E+00  1.41859543E+00  1.42013939E+00
   705  2.82000000E+02  1.42013939E+00  1.41859543E+00  1.42013939E+00
   706  2.82400000E+02  1.42013939E+00  1.41859543E+00  1.42013939E+00
   707  2.82800000E+02  1.42013939E+00  1.41859543E+00  1.42013939E+00
   708  2.83200000E+02  1.42013939E+00  1.41859543E+00  1.42013939E+00
   709  2.83600000E+02  1.42013939E+00  1.41859543E+00  1.42013939E+00
   710  2.84000000E+02  1.42013939E+00  1.41859543E+00  1.42013939E+00
   711  2.84400000E+02  1.42013939E+00  1.41859543E+00  1.42013939E+00
   712  2.84800000E+02  1.42013939E+00  1.41859543E+00  1.42013939E+00
   713  2.85200000E+02  1.42013939E+00  1.41859543E+00  1.42013939E+00
   714  2.85600000E+02  1.42013939E+00  1.41859543E+00  1.42013939E+00
   715  2.86000000E+02  1.42013939E+00  1.41859543E+00  1.42013939E+00
   716  2.86400000E+02  1.42013939E+00  1.41859543E+00  1.42013939E+00
   717  2.86800000E+02  1.42013939E+00  1.41859543E+00  1.42013939E+00
   718  2.87200000E+02  1.42013939E+00  1.41859543E+00  1.42013939E+00
   719  2.87600000E+02  1.42013939E+00  1.41859543E+00  1.42013939E+00
   720  2.88000000E+02  1.42013939E+00  1.41859543E+00  1.42013939E+00
   721  2.88400000E+02  1.42013939E+00  1.41859543E+00  1.42013939E+00
   722  2.88800000E+02  1.42013939E+00  1.41859543E+00  1.42013939E+00
   723  2.89200000E+02  1.42013939E+00  1.41859543E+00  1.42013939E+00
   724  2.89600000E+02  1.42013939E+00  1.41859543E+00  1.42013939E+00
   725  2.90000000E+02  1.42013939E+00  1.41859543E+00  1.42013939E+00
   726  2.90400000E+02  1.42013939E+00  1.41859543E+00  1.42013939E+00
   727  2.90800000E+02  1.42013939E+00  1.41859543E+00  1.42013939E+00
   728  2.91200000E+02  1.42013939E+00  1.41859543E+00  1.42013939E+00
   729  2.91600000E+02  1.42013939E+00  1.41859543E+00  1.42013939E+00
   730  2.92000000E+02  1.42013939E+00  1.41859543E+00  1.42013939E+00
   731  2.92400000E+02  1.42013939E+00  1.41859543E+00  1.42013939E+00
   732  2.92800000E+02  1.42013939E+00  1.41859543E+00  1.42013939E+00
   733  2.93200000E+02  1.42013939E+00  1.41859543E+00  1.42013939E+00
   734  2.93600000E+02  1.42013939E+00  1.41859543E+00  1.42013939E+00
   735  2.94000000E+02  1.42013939E+00  1.41859543E+00  1.42013939E+00
   736  2.94400000E+02  1.42013939E+00  1.41859543E+00  1.42013939E+00
   737  2.94800000E+02  1.42013939E+00  1.41859543E+00  1.42013939E+00
   738  2.95200000E+02  1.42013939E+00  1.41859543E+00  1.42013939E+00
   739  2.95600000E+02  1.42013939E+00  1.41859543E+00  1.42013939E+00
   740  2.96000000E+02  1.42013939E+00  1.41859543E+00  1.42013939E+00
   741  2.96400000E+02  1.42013939E+00  1.41859543E+00  1.42013939E+00
   742  2.96800000E+02  1.42013939E+00  1.41859543E+00  1.42013939E+00
   743  2.97200000E+02  1.42013939E+00  1.41859543E+00  1.42013939E+00
   744  2.97600000E+02  1.42013939E+00  1.41859543E+00  1.42013939E+00
   745  2.98000000E+02  1.42013939E+00  1.41859543E+00  1.42013939E+00
   746  2.98400000E+02  1.42013939E+00  1.41859543E+00  1.42013939E+00
   747  2.98800000E+02  1.42013939E+00  1.41859543E+00  1.42013939E+00
   748  2.99200000E+02  1.42013939E+00  1.41859543E+00  1.42013939E+00
   749  2.99600000E+02  1.42013939E+00  1.41859543E+00  1.42013939E+00
   750  3.00000000E+02  1.42013939E+00  1.41859543E+00  1.42013939E+00
   751  3.00400000E+02  1.42013939E+00  1.41859543E+00  1.42013939E+00
   752  3.00800000E+02  1.42013939E+00  1.41859543E+00  1.42013939E+00
   753  3.01200000E+02  1.42013939E+00  1.41859543E+00  1.42013939E+00
   754  3.01600000E+02  1.42013939E+00  1.41859543E+00  1.42013939E+00
   755  3.02000000E+02  1.42013939E+00  1.41859543E+00  1.42013939E+00
   756  3.02400000E+02  1.42013939E+00  1.41859543E+00  1.42013939E+00
   757  3.02800000E+02  1.42013939E+00  1.41859543E+00  1.42013939E+00
   758  3.03200000E+02  1.42013939E+00  1.41859543E+00  1.42013939E+00
   759  3.03600000E+02  1.42013939E+00  1.41859543E+00  1.42013939E+00
   760  3.04000000E+02  1.42013939E+00  1.41859543E+00  1.42013939E+00
   761  3.04400000E+02  1.42013939E+00  1.41859543E+00  1.42013939E+00
   762  3.04800000E+02  1.42013939E+00  1.41859543E+00  1.42013939E+00
   763  3.05200000E+02  1.42013939E+00  1.41859543E+00  1.42013939E+00
   764  3.05600000E+02  1.42013939E+00  1.41859543E+00  1.42013939E+00
   765  3.06000000E+02  1.42013939E+00  1.41859543E+00  1.42013939E+00
   766  3.06400000E+02  1.42013939E+00  1.41859543E+00  1.42013939E+00
   767  3.06800000E+02  1.42013939E+00  1.41859543E+00  1.42013939E+00
   768  3.07200000E+02  1.42013939E+00  1.41859543E+00  1.42013939E+00
   769  3.07600000E+02  1.42013939E+00  1.41859543E+00  1.42013939E+00
   770  3.08000000E+02  1.42013939E+00  1.41859543E+00  1.42013939E+00
   771  3.08400000E+02  1.42013939E+00  1.41859543E+00  1.42013939E+00
   772  3.08800000E+02  1.42013939E+00  1.41859543E+00  1.42013939E+00
   773  3.09200000E+02  1.42013939E+00  1.41859543E+00  1.42013939E+00
   774  3.09600000E+02  1.42013939E+00  1.41859543E+00  1.42013939E+00
   775  3.10000000E+02  1.42013939E+00  1.41859543E+00  1.42013939E+00
   776  3.10400000E+02  1.42013939E+00  1.41859543E+00  1.42013939E+00
   777  3.10800000E+02  1.42013939E+00  1.41859543E+00  1.42013939E+00
   778  3.11200000E+02  1.42013939E+00  1.41859543E+00  1.42013939E+00
   779  3.11600000E+02  1.42013939E+00  1.41859543E+00  1.42013939E+00
   780  3.12000000E+02  1.42013939E+00  1.41859543E+00  1.42013939E+00
   781  3.12400000E+02  1.42013939E+00  1.41859543E+00  1.42013939E+00
   782  3.12800000E+02  1.42013939E+00  1.41859543E+00  1.42013939E+00
   783  3.13200000E+02  1.42013939E+00  1.41859543E+00  1.42013939E+00
   784  3.13600000E+02  1.42013939E+00  1.41859543E+00  1.42013939E+00
   785  3.14000000E+02  1.42013939E+00  1.41859543E+00  1.42013939E+00
   786  3.14400000E+02  1.42013939E+00  1.41859543E+00  1.42013939E+00
   787  3.14800000E+02  1.42013939E+00  1.41859543E+00  1.42013939E+00
   788  3.15200000E+02  1.42013939E+00  1.41859543E+00  1.42013939E+00
   789  3.15600000E+02  1.42013939E+00  1.41859543E+00  1.42013939E+00
   790  3.16000000E+02  1.42013939E+00  1.41859543E+00  1.42013939E+00
   791  3.16400000E+02  1.42013939E+00  1.41859543E+00  1.42013939E+00
   792  3.16800000E+02  1.42013939E+00  1.41859543E+00  1.42013939E+00
   793  3.17200000E+02  1.42013939E+00  1.41859543E+00  1.42013939E+00
   794  3.17600000E+02  1.42013939E+00  1.41859543E+00  1.42013939E+00
   795  3.18000000E+02  1.42013939E+00  1.41859543E+00  1.42013939E+00
   796  3.18400000E+02  1.42013939E+00  1.41859543E+00  1.42013939E+00
   797  3.18800000E+02  1.42013939E+00  1.41859543E+00  1.42013939E+00
   798  3.19200000E+02  1.42013939E+00  1.41859543E+00  1.42013939E+00
   799  3.19600000E+02  1.42013939E+00  1.41859543E+00  1.42013939E+00
   800  3.20000000E+02  1.42013939E+00  1.41859543E+00  1.42013939E+00
   801  3.20400000E+02  1.42013939E+00  1.41859543E+00  1.42013939E+00
   802  3.20800000E+02  1.42013939E+00  1.41859543E+00  1.42013939E+00
   803  3.21200000E+02  1.42013939E+00  1.41859543E+00  1.42013939E+00
   804  3.21600000E+02  1.42013939E+00  1.41859543E+00  1.42013939E+00
   805  3.22000000E+02  1.42013939E+00  1.41859543E+00  1.42013939E+00
   806  3.22400000E+02  1.42013939E+00  1.41859543E+00  1.42013939E+00
   807  3.22800000E+02  1.42013939E+00  1.41859543E+00  1.42013939E+00
   808  3.23200000E+02  1.42013939E+00  1.41859543E+00  1.42013939E+00
   809  3.23600000E+02  1.42013939E+00  1.41859543E+00  1.42013939E+00
   810  3.24000000E+02  1.42013939E+00  1.41859543E+00  1.42013939E+00
   811  3.24400000E+02  1.42013939E+00  1.41859543E+00  1.42013939E+00
   812  3.24800000E+02  1.42013939E+00  1.41859543E+00  1.42013939E+00
   813  3.25200000E+02  1.42013939E+00  1.41859543E+00  1.42013939E+00
   814  3.25600000E+02  1.42013939E+00  1.41859543E+00  1.42013939E+00
   815  3.26000000E+02  1.42013939E+00  1.41859543E+00  1.42013939E+00
   816  3.26400000E+02  1.42013939E+00  1.41859543E+00  1.42013939E+00
   817  3.26800000E+02  1.42013939E+00  1.41859543E+00  1.42013939E+00
   818  3.27200000E+02  1.42013939E+00  1.41859543E+00  1.42013939E+00
   819  3.27600000E+02  1.42013939E+00  1.41859543E+00  1.42013939E+00
   820  3.28000000E+02  1.42013939E+00  1.41859543E+00  1.42013939E+00
   821  3.28400000E+02  1.42013939E+00  1.41859543E+00  1.42013939E+00
   822  3.28800000E+02  1.42013939E+00  1.41859543E+00  1.42013939E+00
   823  3.29200000E+02  1.42013939E+00  1.41859543E+00  1.42013939E+00
   824  3.29600000E+02  1.42013939E+00  1.41859543E+00  1.42013939E+00
   825  3.30000000E+02  1.42013939E+00  1.41859543E+00  1.42013939E+00
   826  3.30400000E+02  1.42013939E+00  1.41859543E+00  1.42013939E+00
   827  3.30800000E+02  1.42013939E+00  1.41859543E+00  1.42013939E+00
   828  3.31200000E+02  1.42013939E+00  1.41859543E+00  1.42013939E+00
   829  3.31600000E+02  1.42013939E+00  1.41859543E+00  1.42013939E+00
   830  3.32000000E+02  1.42013939E+00  1.41859543E+00  1.42013939E+00
   831  3.32400000E+02  1.42013939E+00  1.41859543E+00  1.42013939E+00
   832  3.32800000E+02  1.42013939E+00  1.41859543E+00  1.42013939E+00
   833  3.33200000E+02  1.42013939E+00  1.41859543E+00  1.42013939E+00
   834  3.33600000E+02  1.42013939E+00  1.41859543E+00  1.42013939E+00
   835  3.34000000E+02  1.42013939E+00  1.41859543E+00  1.42013939E+00
   836  3.34400000E+02  1.42013939E+00  1.41859543E+00  1.42013939E+00
   837  3.34800000E+02  1.42013939E+00  1.41859543E+00  1.42013939E+00
   838  3.35200000E+02  1.42013939E+00  1.41859543E+00  1.42013939E+00
   839  3.35600000E+02  1.42013939E+00  1.41859543E+00  1.42013939E+00
   840  3.36000000E+02  1.42013939E+00  1.41859543E+00  1.42013939E+00
   841  3.36400000E+02  1.42013939E+00  1.41859543E+00  1.42013939E+00
   842  3.36800000E+02  1.42013939E+00  1.41859543E+00  1.42013939E+00
   843  3.37200000E+02  1.42013939E+00  1.41859543E+00  1.42013939E+00
   844  3.37600000E+02  1.42013939E+00  1.41859543E+00  1.42013939E+00
   845  3.38000000E+02  1.42013939E+00  1.41859543E+00  1.42013939E+00
   846  3.38400000E+02  1.42013939E+00  1.41859543E+00  1.42013939E+00
   847  3.38800000E+02  1.42013939E+00  1.41859543E+00  1.42013939E+00
   848  3.39200000E+02  1.42013939E+00  1.41859543E+00  1.42013939E+00
   849  3.39600000E+02  1.42013939E+00  1.41859543E+00  1.42013939E+00
   850  3.40000000E+02  1.42013939E+00  1.41859543E+00  1.42013939E+00
   851  3.40400000E+02  1.42013939E+00  1.41859543E+00  1.42013939E+00
   852  3.40800000E+02  1.42013939E+00  1.41859543E+00  1.42013939E+00
   853  3.41200000E+02  1.42013939E+00  1.41859543E+00  1.42013939E+00
   854  3.41600000E+02  1.42013939E+00  1.41859543E+00  1.42013939E+00
   855  3.42000000E+02  1.42013939E+00  1.41859543E+00  1.42013939E+00
   856  3.42400000E+02  1.42013939E+00  1.41859543E+00  1.42013939E+00
   857  3.42800000E+02  1.42013939E+00  1.41859543E+00  1.42013939E+00
   858  3.43200000E+02  1.42013939E+00  1.41859543E+00  1.42013939E+00
   859  3.43600000E+02  1.42013939E+00  1.41859543E+00  1.42013939E+00
   860  3.44000000E+02  1.42013939E+00  1.41859543E+00  1.42013939E+00
   861  3.44400000E+02  1.42013939E+00  1.41859543E+00  1.42013939E+00
   862  3.44800000E+02  1.42013939E+00  1.41859543E+00  1.42013939E+00
   863  3.45200000E+02  1.42013939E+00  1.41859543E+00  1.42013939E+00
   864  3.45600000E+02  1.42013939E+00  1.41859543E+00  1.42013939E+00
   865  3.46000000E+02  1.42013939E+00  1.41859543E+00  1.42013939E+00
   866  3.46400000E+02  1.42013939E+00  1.41859543E+00  1.42013939E+00
   867  3.46800000E+02  1.42013939E+00  1.41859543E+00  1.42013939E+00
   868  3.47200000E+02  1.42013939E+00  1.41859543E+00  1.42013939E+00
   869  3.47600000E+02  1.42013939E+00  1.41859543E+00  1.42013939E+00
   870  3.48000000E+02  1.42013939E+00  1.41859543E+00  1.42013939E+00
   871  3.48400000E+02  1.42013939E+00  1.41859543E+00  1.42013939E+00
   872  3.48800000E+02  1.42013939E+00  1.41859543E+00  1.42013939E+00
   873  3.49200000E+02  1.42013939E+00  1.41859543E+00  1.42013939E+00
   874  3.49600000E+02  1.42013939E+00  1.41859543E+00  1.42013939E+00
   875  3.50000000E+02  1.42013939E+00  1.41859543E+00  1.42013939E+00
   876  3.50400000E+02  1.42013939E+00  1.41859543E+00  1.42013939E+00
   877  3.50800000E+02  1.42013939E+00  1.41859543E+00  1.42013939E+00
   878  3.51200000E+02  1.42013939E+00  1.41859543E+00  1.42013939E+00
   879  3.51600000E+02  1.42013939E+00  1.41859543E+00  1.42013939E+00
   880  3.52000000E+02  1.42013939E+00  1.41859543E+00  1.42013939E+00
   881  3.52400000E+02  1.42013939E+00  1.41859543E+00  1.42013939E+00
   882  3.52800000E+02  1.42013939E+00  1.41859543E+00  1.42013939E+00
   883  3.53200000E+02  1.42013939E+00  1.41859543E+00  1.42013939E+00
   884  3.53600000E+02  1.42013939E+00  1.41859543E+00  1.42013939E+00
   885  3.54000000E+02  1.42013939E+00  1.41859543E+00  1.42013939E+00
   886  3.54400000E+02  1.42013939E+00  1.41859543E+00  1.42013939E+00
   887  3.54800000E+02  1.42013939E+00  1.41859543E+00  1.42013939E+00
   888  3.55200000E+02  1.42013939E+00  1.41859543E+00  1.42013939E+00
   889  3.55600000E+02  1.42013939E+00  1.41859543E+00  1.42013939E+00
   890  3.56000000E+02  1.42013939E+00  1.41859543E+00  1.42013939E+00
   891  3.56400000E+02  1.42013939E+00  1.41859543E+00  1.42013939E+00
   892  3.56800000E+02  1.42013939E+00  1.41859543E+00  1.42013939E+00
   893  3.57200000E+02  1.42013939E+00  1.41859543E+00  1.42013939E+00
   894  3.57600000E+02  1.42013939E+00  1.41859543E+00  1.42013939E+00
   895  3.58000000E+02  1.42013939E+00  1.41859543E+00  1.42013939E+00
   896  3.58400000E+02  1.42013939E+00  1.41859543E+00  1.42013939E+00
   897  3.58800000E+02  1.42013939E+00  1.41859543E+00  1.42013939E+00
   898  3.59200000E+02  1.42013939E+00  1.41859543E+00  1.42013939E+00
   899  3.59600000E+02  1.42013939E+00  1.41859543E+00  1.42013939E+00
   900  3.60000000E+02  1.42013939E+00  1.41859543E+00  1.42013939E+00
   901  3.60400000E+02  1.42013939E+00  1.41859543E+00  1.42013939E+00
   902  3.60800000E+02  1.42013939E+00  1.41859543E+00  1.42013939E+00
   903  3.61200000E+02  1.42013939E+00  1.41859543E+00  1.42013939E+00
   904  3.61600000E+02  1.42013939E+00  1.41859543E+00  1.42013939E+00
   905  3.62000000E+02  1.42013939E+00  1.41859543E+00  1.42013939E+00
   906  3.62400000E+02  1.42013939E+00  1.41859543E+00  1.42013939E+00
   907  3.62800000E+02  1.42013939E+00  1.41859543E+00  1.42013939E+00
   908  3.63200000E+02  1.42013939E+00  1.41859543E+00  1.42013939E+00
   909  3.63600000E+02  1.42013939E+00  1.41859543E+00  1.42013939E+00
   910  3.64000000E+02  1.42013939E+00  1.41859543E+00  1.42013939E+00
   911  3.64400000E+02  1.42013939E+00  1.41859543E+00  1.42013939E+00
   912  3.64800000E+02  1.42013939E+00  1.41859543E+00  1.42013939E+00
   913  3.65200000E+02  1.42013939E+00  1.41859543E+00  1.42013939E+00
   914  3.65600000E+02  1.42013939E+00  1.41859543E+00  1.42013939E+00
   915  3.66000000E+02  1.42013939E+00  1.41859543E+00  1.42013939E+00
   916  3.66400000E+02  1.42013939E+00  1.41859543E+00  1.42013939E+00
   917  3.66800000E+02  1.42013939E+00  1.41859543E+00  1.42013939E+00
   918  3.67200000E+02  1.42013939E+00  1.41859543E+00  1.42013939E+00
   919  3.67600000E+02  1.42013939E+00  1.41859543E+00  1.42013939E+00
   920  3.68000000E+02  1.42013939E+00  1.41859543E+00  1.42013939E+00
   921  3.68400000E+02  1.42013939E+00  1.41859543E+00  1.42013939E+00
   922  3.68800000E+02  1.42013939E+00  1.41859543E+00  1.42013939E+00
   923  3.69200000E+02  1.42013939E+00  1.41859543E+00  1.42013939E+00
   924  3.69600000E+02  1.42013939E+00  1.41859543E+00  1.42013939E+00
   925  3.70000000E+02  1.42013939E+00  1.41859543E+00  1.42013939E+00
   926  3.70400000E+02  1.42013939E+00  1.41859543E+00  1.42013939E+00
   927  3.70800000E+02  1.42013939E+00  1.41859543E+00  1.42013939E+00
   928  3.71200000E+02  1.42013939E+00  1.41859543E+00  1.42013939E+00
   929  3.71600000E+02  1.42013939E+00  1.41859543E+00  1.42013939E+00
   930  3.72000000E+02  1.42013939E+00  1.41859543E+00  1.42013939E+00
   931  3.72400000E+02  1.42013939E+00  1.41859543E+00  1.42013939E+00
   932  3.72800000E+02  1.42013939E+00  1.41859543E+00  1.42013939E+00
   933  3.73200000E+02  1.42013939E+00  1.41859543E+00  1.42013939E+00
   934  3.73600000E+02  1.42013939E+00  1.41859543E+00  1.42013939E+00
   935  3.74000000E+02  1.42013939E+00  1.41859543E+00  1.42013939E+00
   936  3.74400000E+02  1.42013939E+00  1.41859543E+00  1.42013939E+00
   937  3.74800000E+02  1.42013939E+00  1.41859543E+00  1.42013939E+00
   938  3.75200000E+02  1.42013939E+00  1.41859543E+00  1.42013939E+00
   939  3.75600000E+02  1.42013939E+00  1.41859543E+00  1.42013939E+00
   940  3.76000000E+02  1.42013939E+00  1.41859543E+00  1.42013939E+00
   941  3.76400000E+02  1.42013939E+00  1.41859543E+00  1.42013939E+00
   942  3.76800000E+02  1.42013939E+00  1.41859543E+00  1.42013939E+00
   943  3.77200000E+02  1.42013939E+00  1.41859543E+00  1.42013939E+00
   944  3.77600000E+02  1.42013939E+00  1.41859543E+00  1.42013939E+00
   945  3.78000000E+02  1.42013939E+00  1.41859543E+00  1.42013939E+00
   946  3.78400000E+02  1.42013939E+00  1.41859543E+00  1.42013939E+00
   947  3.78800000E+02  1.42013939E+00  1.41859543E+00  1.42013939E+00
   948  3.79200000E+02  1.42013939E+00  1.41859543E+00  1.42013939E+00
   949  3.79600000E+02  1.42013939E+00  1.41859543E+00  1.42013939E+00
   950  3.80000000E+02  1.42013939E+00  1.41859543E+00  1.42013939E+00
   951  3.80400000E+02  1.42013939E+00  1.41859543E+00  1.42013939E+00
   952  3.80800000E+02  1.42013939E+00  1.41859543E+00  1.42013939E+00
   953  3.81200000E+02  1.42013939E+00  1.41859543E+00  1.42013939E+00
   954  3.81600000E+02  1.42013939E+00  1.41859543E+00  1.42013939E+00
   955  3.82000000E+02  1.42013939E+00  1.41859543E+00  1.42013939E+00
   956  3.82400000E+02  1.42013939E+00  1.41859543E+00  1.42013939E+00
   957  3.82800000E+02  1.42013939E+00  1.41859543E+00  1.42013939E+00
   958  3.83200000E+02  1.42013939E+00  1.41859543E+00  1.42013939E+00
   959  3.83600000E+02  1.42013939E+00  1.41859543E+00  1.42013939E+00
   960  3.84000000E+02  1.42013939E+00  1.41859543E+00  1.42013939E+00
   961  3.84400000E+02  1.42013939E+00  1.41859543E+00  1.42013939E+00
   962  3.84800000E+02  1.42013939E+00  1.41859543E+00  1.42013939E+00
   963  3.85200000E+02  1.42013939E+00  1.41859543E+00  1.42013939E+00
   964  3.85600000E+02  1.42013939E+00  1.41859543E+00  1.42013939E+00
   965  3.86000000E+02  1.42013939E+00  1.41859543E+00  1.42013939E+00
   966  3.86400000E+02  1.42013939E+00  1.41859543E+00  1.42013939E+00
   967  3.86800000E+02  1.42013939E+00  1.41859543E+00  1.42013939E+00
   968  3.87200000E+02  1.42013939E+00  1.41859543E+00  1.42013939E+00
   969  3.87600000E+02  1.42013939E+00  1.41859543E+00  1.42013939E+00
   970  3.88000000E+02  1.42013939E+00  1.41859543E+00  1.42013939E+00
   971  3.88400000E+02  1.42013939E+00  1.41859543E+00  1.42013939E+00
   972  3.88800000E+02  1.42013939E+00  1.41859543E+00  1.42013939E+00
   973  3.89200000E+02  1.42013939E+00  1.41859543E+00  1.42013939E+00
   974  3.89600000E+02  1.42013939E+00  1.41859543E+00  1.42013939E+00
   975  3.90000000E+02  1.42013939E+00  1.41859543E+00  1.42013939E+00
   976  3.90400000E+02  1.42013939E+00  1.41859543E+00  1.42013939E+00
   977  3.90800000E+02  1.42013939E+00  1.41859543E+00  1.42013939E+00
   978  3.91200000E+02  1.42013939E+00  1.41859543E+00  1.42013939E+00
   979  3.91600000E+02  1.42013939E+00  1.41859543E+00  1.42013939E+00
   980  3.92000000E+02  1.42013939E+00  1.41859543E+00  1.42013939E+00
   981  3.92400000E+02  1.42013939E+00  1.41859543E+00  1.42013939E+00
   982  3.92800000E+02  1.42013939E+00  1.41859543E+00  1.42013939E+00
   983  3.93200000E+02  1.42013939E+00  1.41859543E+00  1.42013939E+00
   984  3.93600000E+02  1.42013939E+00  1.41859543E+00  1.42013939E+00
   985  3.94000000E+02  1.42013939E+00  1.41859543E+00  1.42013939E+00
   986  3.94400000E+02  1.42013939E+00  1.41859543E+00  1.42013939E+00
   987  3.94800000E+02  1.42013939E+00  1.41859543E+00  1.42013939E+00
   988  3.95200000E+02  1.42013939E+00  1.41859543E+00  1.42013939E+00
   989  3.95600000E+02  1.42013939E+00  1.41859543E+00  1.42013939E+00
   990  3.96000000E+02  1.42013939E+00  1.41859543E+00  1.42013939E+00
   991  3.96400000E+02  1.42013939E+00  1.41859543E+00  1.42013939E+00
   992  3.96800000E+02  1.42013939E+00  1.41859543E+00  1.42013939E+00
   993  3.97200000E+02  1.42013939E+00  1.41859543E+00  1.42013939E+00
   994  3.97600000E+02  1.42013939E+00  1.41859543E+00  1.42013939E+00
   995  3.98000000E+02  1.42013939E+00  1.41859543E+00  1.42013939E+00
   996  3.98400000E+02  1.42013939E+00  1.41859543E+00  1.42013939E+00
   997  3.98800000E+02  1.42013939E+00  1.41859543E+00  1.42013939E+00
   998  3.99200000E+02  1.42013939E+00  1.41859543E+00  1.42013939E+00
   999  3.99600000E+02  1.42013939E+00  1.41859543E+00  1.42013939E+00
  1000  4.00000000E+02  1.42013939E+00  1.41859543E+00  1.42013939E+00
