 comppar: model =   2
 comppar: lambda,mobility/eps,betav,eta_0 =  3.0000E-01  0.0000E+00  8.0000E-01  1.0000E+00
 comppar: eta_s,eta_p,G =  8.0000E-01  2.0000E-01  6.6667E-01
 comppar: U_avg,deltat,flowrate,nsteps =  1.0000E-01  2.0000E-01  3.1416E-01    2000
 comppar: geometry = axisymmetric
 comppar: steady stop change,gap,hold,min =  1.0000E-07  1.0000E-03       1      80
 comppar: steady stop truncated decimals =       3
 comppar: ncompc,ncompg =     4     5
 mesh nnodes = 5797
 mesh nelem = 2796
 P1 BC   5.0000000000000000     
 P2 BC   0.0000000000000000     
     1  2.00000000E-01  1.00253194E+00  1.00000000E+00  1.00253194E+00
     2  4.00000000E-01  1.00502650E+00  1.00000000E+00  1.00502650E+00
     3  6.00000000E-01  1.00748068E+00  1.00000000E+00  1.00748068E+00
     4  8.00000000E-01  1.00989627E+00  1.00000000E+00  1.00989627E+00
     5  1.00000000E+00  1.01227972E+00  1.00000000E+00  1.01227972E+00
     6  1.20000000E+00  1.01462731E+00  1.00000000E+00  1.01462731E+00
     7  1.40000000E+00  1.01693733E+00  1.00000000E+00  1.01693733E+00
     8  1.60000000E+00  1.01922455E+00  1.00000000E+00  1.01922455E+00
     9  1.80000000E+00  1.02146728E+00  1.00000000E+00  1.02146728E+00
    10  2.00000000E+00  1.02369179E+00  1.00000000E+00  1.02369179E+00
    11  2.20000000E+00  1.02587396E+00  1.00000000E+00  1.02587396E+00
    12  2.40000000E+00  1.02803516E+00  1.00000000E+00  1.02803516E+00
    13  2.60000000E+00  1.03015105E+00  1.00000000E+00  1.03015105E+00
    14  2.80000000E+00  1.03225617E+00  1.00000000E+00  1.03225617E+00
    15  3.00000000E+00  1.03430737E+00  1.00000000E+00  1.03430737E+00
    16  3.20000000E+00  1.03635837E+00  1.00000000E+00  1.03635837E+00
    17  3.40000000E+00  1.03835111E+00  1.00000000E+00  1.03835111E+00
    18  3.60000000E+00  1.04033603E+00  1.00000000E+00  1.04033603E+00
    19  3.80000000E+00  1.04228406E+00  1.00000000E+00  1.04228406E+00
    20  4.00000000E+00  1.04419410E+00  1.00000000E+00  1.04419410E+00
    21  4.20000000E+00  1.04609933E+00  9.99999999E-01  1.04609933E+00
    22  4.40000000E+00  1.04794215E+00  9.99999997E-01  1.04794215E+00
    23  4.60000000E+00  1.04978555E+00  9.99999995E-01  1.04978555E+00
    24  4.80000000E+00  1.05159826E+00  9.99999992E-01  1.05159826E+00
    25  5.00000000E+00  1.05334578E+00  9.99999988E-01  1.05334578E+00
    26  5.20000000E+00  1.05512984E+00  9.99999984E-01  1.05512984E+00
    27  5.40000000E+00  1.05684924E+00  9.99999979E-01  1.05684924E+00
    28  5.60000000E+00  1.05850905E+00  9.99999973E-01  1.05850905E+00
    29  5.80000000E+00  1.06021489E+00  9.99999967E-01  1.06021489E+00
    30  6.00000000E+00  1.06185415E+00  9.99999959E-01  1.06185415E+00
    31  6.20000000E+00  1.06343557E+00  9.99999951E-01  1.06343557E+00
    32  6.40000000E+00  1.06506319E+00  9.99999942E-01  1.06506319E+00
    33  6.60000000E+00  1.06662228E+00  9.99999931E-01  1.06662228E+00
    34  6.80000000E+00  1.06810992E+00  9.99999919E-01  1.06810992E+00
    35  7.00000000E+00  1.06965659E+00  9.99999906E-01  1.06965659E+00
    36  7.20000000E+00  1.07115262E+00  9.99999892E-01  1.07115262E+00
    37  7.40000000E+00  1.07257635E+00  9.99999876E-01  1.07257635E+00
    38  7.60000000E+00  1.07401953E+00  9.99999858E-01  1.07401953E+00
    39  7.80000000E+00  1.07545276E+00  9.99999839E-01  1.07545276E+00
    40  8.00000000E+00  1.07681275E+00  9.99999818E-01  1.07681275E+00
    41  8.20000000E+00  1.07811021E+00  9.99999795E-01  1.07811021E+00
    42  8.40000000E+00  1.07950119E+00  9.99999769E-01  1.07950119E+00
    43  8.60000000E+00  1.08081881E+00  9.99999742E-01  1.08081881E+00
    44  8.80000000E+00  1.08206079E+00  9.99999712E-01  1.08206079E+00
    45  9.00000000E+00  1.08331607E+00  9.99999679E-01  1.08331607E+00
    46  9.20000000E+00  1.08459142E+00  9.99999644E-01  1.08459142E+00
    47  9.40000000E+00  1.08579097E+00  9.99999606E-01  1.08579097E+00
    48  9.60000000E+00  1.08691284E+00  9.99999565E-01  1.08691284E+00
    49  9.80000000E+00  1.08808885E+00  9.99999521E-01  1.08808885E+00
    50  1.00000000E+01  1.08927098E+00  9.99999473E-01  1.08927098E+00
    51  1.02000000E+01  1.09037599E+00  9.99999421E-01  1.09037599E+00
    52  1.04000000E+01  1.09140238E+00  9.99999366E-01  1.09140238E+00
    53  1.06000000E+01  1.09250414E+00  9.99999307E-01  1.09250414E+00
    54  1.08000000E+01  1.09359184E+00  9.99999243E-01  1.09359184E+00
    55  1.10000000E+01  1.09460134E+00  9.99999174E-01  1.09460134E+00
    56  1.12000000E+01  1.09553156E+00  9.99999101E-01  1.09553156E+00
    57  1.14000000E+01  1.09651628E+00  9.99999023E-01  1.09651628E+00
    58  1.16000000E+01  1.09753193E+00  9.99998940E-01  1.09753193E+00
    59  1.18000000E+01  1.09846912E+00  9.99998850E-01  1.09846912E+00
    60  1.20000000E+01  1.09932722E+00  9.99998755E-01  1.09932722E+00
    61  1.22000000E+01  1.10019771E+00  9.99998654E-01  1.10019771E+00
    62  1.24000000E+01  1.10114066E+00  9.99998546E-01  1.10114066E+00
    63  1.26000000E+01  1.10200494E+00  9.99998431E-01  1.10200494E+00
    64  1.28000000E+01  1.10279039E+00  9.99998309E-01  1.10279039E+00
    65  1.30000000E+01  1.10353450E+00  9.99998179E-01  1.10353450E+00
    66  1.32000000E+01  1.10440767E+00  9.99998042E-01  1.10440767E+00
    67  1.34000000E+01  1.10520263E+00  9.99997895E-01  1.10520263E+00
    68  1.36000000E+01  1.10591983E+00  9.99997740E-01  1.10591983E+00
    69  1.38000000E+01  1.10657523E+00  9.99997576E-01  1.10657523E+00
    70  1.40000000E+01  1.10737802E+00  9.99997402E-01  1.10737802E+00
    71  1.42000000E+01  1.10810312E+00  9.99997218E-01  1.10810312E+00
    72  1.44000000E+01  1.10875163E+00  9.99997023E-01  1.10875163E+00
    73  1.46000000E+01  1.10932549E+00  9.99996817E-01  1.10932549E+00
    74  1.48000000E+01  1.11004979E+00  9.99996600E-01  1.11004979E+00
    75  1.50000000E+01  1.11070813E+00  9.99996370E-01  1.11070813E+00
    76  1.52000000E+01  1.11129204E+00  9.99996128E-01  1.11129204E+00
    77  1.54000000E+01  1.11180414E+00  9.99995872E-01  1.11180414E+00
    78  1.56000000E+01  1.11245933E+00  9.99995602E-01  1.11245933E+00
    79  1.58000000E+01  1.11305050E+00  9.99995318E-01  1.11305050E+00
    80  1.60000000E+01  1.11356953E+00  9.99995019E-01  1.11356953E+00
    81  1.62000000E+01  1.11401971E+00  9.99994704E-01  1.11401971E+00
    82  1.64000000E+01  1.11461063E+00  9.99994372E-01  1.11461063E+00
    83  1.66000000E+01  1.11513939E+00  9.99994024E-01  1.11513939E+00
    84  1.68000000E+01  1.11559912E+00  9.99993657E-01  1.11559912E+00
    85  1.70000000E+01  1.11599643E+00  9.99993272E-01  1.11599643E+00
    86  1.72000000E+01  1.11653207E+00  9.99992868E-01  1.11653207E+00
    87  1.74000000E+01  1.11699829E+00  9.99992443E-01  1.11699829E+00
    88  1.76000000E+01  1.11739881E+00  9.99991998E-01  1.11739881E+00
    89  1.78000000E+01  1.11776202E+00  9.99991530E-01  1.11776202E+00
    90  1.80000000E+01  1.11823771E+00  9.99991041E-01  1.11823771E+00
    91  1.82000000E+01  1.11864736E+00  9.99990528E-01  1.11864736E+00
    92  1.84000000E+01  1.11899513E+00  9.99989990E-01  1.11899513E+00
    93  1.86000000E+01  1.11932679E+00  9.99989427E-01  1.11932679E+00
    94  1.88000000E+01  1.11974260E+00  9.99988839E-01  1.11974260E+00
    95  1.90000000E+01  1.12009602E+00  9.99988223E-01  1.12009602E+00
    96  1.92000000E+01  1.12039171E+00  9.99987579E-01  1.12039171E+00
    97  1.94000000E+01  1.12070793E+00  9.99986906E-01  1.12070793E+00
    98  1.96000000E+01  1.12107008E+00  9.99986203E-01  1.12107008E+00
    99  1.98000000E+01  1.12137384E+00  9.99985469E-01  1.12137384E+00
   100  2.00000000E+01  1.12162415E+00  9.99984704E-01  1.12162415E+00
   101  2.02000000E+01  1.12191536E+00  9.99983905E-01  1.12191536E+00
   102  2.04000000E+01  1.12222446E+00  9.99983072E-01  1.12222446E+00
   103  2.06000000E+01  1.12247955E+00  9.99982203E-01  1.12247955E+00
   104  2.08000000E+01  1.12268590E+00  9.99981299E-01  1.12268590E+00
   105  2.10000000E+01  1.12297551E+00  9.99980357E-01  1.12297551E+00
   106  2.12000000E+01  1.12323819E+00  9.99979376E-01  1.12323819E+00
   107  2.14000000E+01  1.12345127E+00  9.99978357E-01  1.12345127E+00
   108  2.16000000E+01  1.12362020E+00  9.99977296E-01  1.12362020E+00
   109  2.18000000E+01  1.12388607E+00  9.99976194E-01  1.12388607E+00
   110  2.20000000E+01  1.12410361E+00  9.99975048E-01  1.12410361E+00
   111  2.22000000E+01  1.12427640E+00  9.99973859E-01  1.12427640E+00
   112  2.24000000E+01  1.12445791E+00  9.99972625E-01  1.12445791E+00
   113  2.26000000E+01  1.12468255E+00  9.99971344E-01  1.12468255E+00
   114  2.28000000E+01  1.12486153E+00  9.99970016E-01  1.12486153E+00
   115  2.30000000E+01  1.12500039E+00  9.99968640E-01  1.12500039E+00
   116  2.32000000E+01  1.12516830E+00  9.99967215E-01  1.12516830E+00
   117  2.34000000E+01  1.12535142E+00  9.99965740E-01  1.12535142E+00
   118  2.36000000E+01  1.12549380E+00  9.99964213E-01  1.12549380E+00
   119  2.38000000E+01  1.12560110E+00  9.99962634E-01  1.12560110E+00
   120  2.40000000E+01  1.12578759E+00  9.99961002E-01  1.12578759E+00
   121  2.42000000E+01  1.12593561E+00  9.99959316E-01  1.12593561E+00
   122  2.44000000E+01  1.12604754E+00  9.99957576E-01  1.12604754E+00
   123  2.46000000E+01  1.12614537E+00  9.99955780E-01  1.12614537E+00
   124  2.48000000E+01  1.12629720E+00  9.99953929E-01  1.12629720E+00
   125  2.50000000E+01  1.12641233E+00  9.99952021E-01  1.12641233E+00
   126  2.52000000E+01  1.12649637E+00  9.99950056E-01  1.12649637E+00
   127  2.54000000E+01  1.12662178E+00  9.99948034E-01  1.12662178E+00
   128  2.56000000E+01  1.12674195E+00  9.99945955E-01  1.12674195E+00
   129  2.58000000E+01  1.12683002E+00  9.99943818E-01  1.12683002E+00
   130  2.60000000E+01  1.12689151E+00  9.99941623E-01  1.12689151E+00
   131  2.62000000E+01  1.12700365E+00  9.99939371E-01  1.12700365E+00
   132  2.64000000E+01  1.12709459E+00  9.99937062E-01  1.12709459E+00
   133  2.66000000E+01  1.12715837E+00  9.99934696E-01  1.12715837E+00
   134  2.68000000E+01  1.12724204E+00  9.99932275E-01  1.12724204E+00
   135  2.70000000E+01  1.12733740E+00  9.99929798E-01  1.12733740E+00
   136  2.72000000E+01  1.12740458E+00  9.99927268E-01  1.12740458E+00
   137  2.74000000E+01  1.12744895E+00  9.99924685E-01  1.12744895E+00
   138  2.76000000E+01  1.12752244E+00  9.99922051E-01  1.12752244E+00
   139  2.78000000E+01  1.12759214E+00  9.99919369E-01  1.12759214E+00
   140  2.80000000E+01  1.12763849E+00  9.99916639E-01  1.12763849E+00
   141  2.82000000E+01  1.12769535E+00  9.99913866E-01  1.12769535E+00
   142  2.84000000E+01  1.12776884E+00  9.99911051E-01  1.12776884E+00
   143  2.86000000E+01  1.12781794E+00  9.99908197E-01  1.12781794E+00
   144  2.88000000E+01  1.12784784E+00  9.99905309E-01  1.12784784E+00
   145  2.90000000E+01  1.12789583E+00  9.99902391E-01  1.12789583E+00
   146  2.92000000E+01  1.12794713E+00  9.99899446E-01  1.12794713E+00
   147  2.94000000E+01  1.12797871E+00  9.99896480E-01  1.12797871E+00
   148  2.96000000E+01  1.12801974E+00  9.99893498E-01  1.12801974E+00
   149  2.98000000E+01  1.12807417E+00  9.99890506E-01  1.12807417E+00
   150  3.00000000E+01  1.12810786E+00  9.99887511E-01  1.12810786E+00
   151  3.02000000E+01  1.12812575E+00  9.99884519E-01  1.12812575E+00
   152  3.04000000E+01  1.12815806E+00  9.99881539E-01  1.12815806E+00
   153  3.06000000E+01  1.12819362E+00  9.99878580E-01  1.12819362E+00
   154  3.08000000E+01  1.12821291E+00  9.99875650E-01  1.12821291E+00
   155  3.10000000E+01  1.12824584E+00  9.99872760E-01  1.12824584E+00
   156  3.12000000E+01  1.12828388E+00  9.99869920E-01  1.12828388E+00
   157  3.14000000E+01  1.12830464E+00  9.99867142E-01  1.12830464E+00
   158  3.16000000E+01  1.12831279E+00  9.99864439E-01  1.12831279E+00
   159  3.18000000E+01  1.12833624E+00  9.99861825E-01  1.12833624E+00
   160  3.20000000E+01  1.12835858E+00  9.99859315E-01  1.12835858E+00
   161  3.22000000E+01  1.12836787E+00  9.99856924E-01  1.12836787E+00
   162  3.24000000E+01  1.12839791E+00  9.99854669E-01  1.12839791E+00
   163  3.26000000E+01  1.12842207E+00  9.99852569E-01  1.12842207E+00
   164  3.28000000E+01  1.12843222E+00  9.99850643E-01  1.12843222E+00
   165  3.30000000E+01  1.12843270E+00  9.99848911E-01  1.12843270E+00
   166  3.32000000E+01  1.12845189E+00  9.99847397E-01  1.12845189E+00
   167  3.34000000E+01  1.12846333E+00  9.99846125E-01  1.12846333E+00
   168  3.36000000E+01  1.12846695E+00  9.99845119E-01  1.12846695E+00
   169  3.38000000E+01  1.12849502E+00  9.99844407E-01  1.12849502E+00
   170  3.40000000E+01  1.12850764E+00  9.99844017E-01  1.12850764E+00
   171  3.42000000E+01  1.12850930E+00  9.99843982E-01  1.12850930E+00
   172  3.44000000E+01  1.12850769E+00  9.99844332E-01  1.12850769E+00
   173  3.46000000E+01  1.12852175E+00  9.99845104E-01  1.12852175E+00
   174  3.48000000E+01  1.12852443E+00  9.99846335E-01  1.12852443E+00
   175  3.50000000E+01  1.12853642E+00  9.99848064E-01  1.12853642E+00
   176  3.52000000E+01  1.12855200E+00  9.99850332E-01  1.12855200E+00
   177  3.54000000E+01  1.12855526E+00  9.99853184E-01  1.12855526E+00
   178  3.56000000E+01  1.12855035E+00  9.99856667E-01  1.12855035E+00
   179  3.58000000E+01  1.12855432E+00  9.99860831E-01  1.12855432E+00
   180  3.60000000E+01  1.12855874E+00  9.99865728E-01  1.12855874E+00
   181  3.62000000E+01  1.12855590E+00  9.99871413E-01  1.12855590E+00
   182  3.64000000E+01  1.12857496E+00  9.99877947E-01  1.12857496E+00
   183  3.66000000E+01  1.12858027E+00  9.99885390E-01  1.12858027E+00
   184  3.68000000E+01  1.12858120E+00  9.99893809E-01  1.12858120E+00
   185  3.70000000E+01  1.12859461E+00  9.99903273E-01  1.12859461E+00
   186  3.72000000E+01  1.12860616E+00  9.99913854E-01  1.12860616E+00
   187  3.74000000E+01  1.12861590E+00  9.99925631E-01  1.12861590E+00
   188  3.76000000E+01  1.12862399E+00  9.99938683E-01  1.12862399E+00
   189  3.78000000E+01  1.12863222E+00  9.99953098E-01  1.12863222E+00
   190  3.80000000E+01  1.12864265E+00  9.99968964E-01  1.12864265E+00
   191  3.82000000E+01  1.12865137E+00  9.99986376E-01  1.12865137E+00
   192  3.84000000E+01  1.12865857E+00  1.00000544E+00  1.12865857E+00
   193  3.86000000E+01  1.12866449E+00  1.00002625E+00  1.12866449E+00
   194  3.88000000E+01  1.12867191E+00  1.00004892E+00  1.12867191E+00
   195  3.90000000E+01  1.12867913E+00  1.00007356E+00  1.12867913E+00
   196  3.92000000E+01  1.12868504E+00  1.00010031E+00  1.12868504E+00
   197  3.94000000E+01  1.12868990E+00  1.00012928E+00  1.12868990E+00
   198  3.96000000E+01  1.12869399E+00  1.00016062E+00  1.12869399E+00
   199  3.98000000E+01  1.12869929E+00  1.00019445E+00  1.12869929E+00
   200  4.00000000E+01  1.12870450E+00  1.00023093E+00  1.12870450E+00
   201  4.02000000E+01  1.12870880E+00  1.00027022E+00  1.12870880E+00
   202  4.04000000E+01  1.12871244E+00  1.00031246E+00  1.12871244E+00
   203  4.06000000E+01  1.12871561E+00  1.00035784E+00  1.12871561E+00
   204  4.08000000E+01  1.12871849E+00  1.00040653E+00  1.12871849E+00
   205  4.10000000E+01  1.12872143E+00  1.00045871E+00  1.12872143E+00
   206  4.12000000E+01  1.12872459E+00  1.00051458E+00  1.12872459E+00
   207  4.14000000E+01  1.12872746E+00  1.00057434E+00  1.12872746E+00
   208  4.16000000E+01  1.12873016E+00  1.00063820E+00  1.12873016E+00
   209  4.18000000E+01  1.12873277E+00  1.00070639E+00  1.12873277E+00
   210  4.20000000E+01  1.12873531E+00  1.00077913E+00  1.12873531E+00
   211  4.22000000E+01  1.12873780E+00  1.00085666E+00  1.12873780E+00
   212  4.24000000E+01  1.12874019E+00  1.00093923E+00  1.12874019E+00
   213  4.26000000E+01  1.12874248E+00  1.00102711E+00  1.12874248E+00
   214  4.28000000E+01  1.12874462E+00  1.00112056E+00  1.12874462E+00
   215  4.30000000E+01  1.12874659E+00  1.00121987E+00  1.12874659E+00
   216  4.32000000E+01  1.12874837E+00  1.00132533E+00  1.12874837E+00
   217  4.34000000E+01  1.12874994E+00  1.00143726E+00  1.12874994E+00
   218  4.36000000E+01  1.12875157E+00  1.00155596E+00  1.12875157E+00
   219  4.38000000E+01  1.12875336E+00  1.00168177E+00  1.12875336E+00
   220  4.40000000E+01  1.12875497E+00  1.00181504E+00  1.12875497E+00
   221  4.42000000E+01  1.12875639E+00  1.00195611E+00  1.12875639E+00
   222  4.44000000E+01  1.12875761E+00  1.00210537E+00  1.12875761E+00
   223  4.46000000E+01  1.12875866E+00  1.00226319E+00  1.12875866E+00
   224  4.48000000E+01  1.12875954E+00  1.00242998E+00  1.12875954E+00
   225  4.50000000E+01  1.12876027E+00  1.00260613E+00  1.12876027E+00
   226  4.52000000E+01  1.12876088E+00  1.00279210E+00  1.12876088E+00
   227  4.54000000E+01  1.12876142E+00  1.00298830E+00  1.12876142E+00
   228  4.56000000E+01  1.12876217E+00  1.00319521E+00  1.12876217E+00
   229  4.58000000E+01  1.12876278E+00  1.00341328E+00  1.12876278E+00
   230  4.60000000E+01  1.12876329E+00  1.00364301E+00  1.12876329E+00
   231  4.62000000E+01  1.12876371E+00  1.00388491E+00  1.12876371E+00
   232  4.64000000E+01  1.12876405E+00  1.00413948E+00  1.12876405E+00
   233  4.66000000E+01  1.12876434E+00  1.00440726E+00  1.12876434E+00
   234  4.68000000E+01  1.12876457E+00  1.00468880E+00  1.12876457E+00
   235  4.70000000E+01  1.12876477E+00  1.00498466E+00  1.12876477E+00
   236  4.72000000E+01  1.12876493E+00  1.00529543E+00  1.12876493E+00
   237  4.74000000E+01  1.12876505E+00  1.00562169E+00  1.12876505E+00
   238  4.76000000E+01  1.12876514E+00  1.00596407E+00  1.12876514E+00
   239  4.78000000E+01  1.12876520E+00  1.00632317E+00  1.12876520E+00
   240  4.80000000E+01  1.12876523E+00  1.00669965E+00  1.12876523E+00
   241  4.82000000E+01  1.12876524E+00  1.00709416E+00  1.12876524E+00
   242  4.84000000E+01  1.12876522E+00  1.00750736E+00  1.12876522E+00
   243  4.86000000E+01  1.12876519E+00  1.00793994E+00  1.12876519E+00
   244  4.88000000E+01  1.12876513E+00  1.00839258E+00  1.12876513E+00
   245  4.90000000E+01  1.12876506E+00  1.00886600E+00  1.12876506E+00
   246  4.92000000E+01  1.12876497E+00  1.00936090E+00  1.12876497E+00
   247  4.94000000E+01  1.12876488E+00  1.00987801E+00  1.12876488E+00
   248  4.96000000E+01  1.12876478E+00  1.01041807E+00  1.12876478E+00
   249  4.98000000E+01  1.12876466E+00  1.01098182E+00  1.12876466E+00
   250  5.00000000E+01  1.12876455E+00  1.01157000E+00  1.12876455E+00
   251  5.02000000E+01  1.12876443E+00  1.01218337E+00  1.12876443E+00
   252  5.04000000E+01  1.12876431E+00  1.01282268E+00  1.12876431E+00
   253  5.06000000E+01  1.12876419E+00  1.01348869E+00  1.12876419E+00
   254  5.08000000E+01  1.12876406E+00  1.01418216E+00  1.12876406E+00
   255  5.10000000E+01  1.12876394E+00  1.01490383E+00  1.12876394E+00
   256  5.12000000E+01  1.12876382E+00  1.01565445E+00  1.12876382E+00
   257  5.14000000E+01  1.12876370E+00  1.01643476E+00  1.12876370E+00
   258  5.16000000E+01  1.12876358E+00  1.01724550E+00  1.12876358E+00
   259  5.18000000E+01  1.12876346E+00  1.01808737E+00  1.12876346E+00
   260  5.20000000E+01  1.12876335E+00  1.01896107E+00  1.12876335E+00
   261  5.22000000E+01  1.12876324E+00  1.01986727E+00  1.12876324E+00
   262  5.24000000E+01  1.12876313E+00  1.02080664E+00  1.12876313E+00
   263  5.26000000E+01  1.12876302E+00  1.02177980E+00  1.12876302E+00
   264  5.28000000E+01  1.12876292E+00  1.02278734E+00  1.12876292E+00
   265  5.30000000E+01  1.12876282E+00  1.02382982E+00  1.12876282E+00
   266  5.32000000E+01  1.12876273E+00  1.02490777E+00  1.12876273E+00
   267  5.34000000E+01  1.12876264E+00  1.02602166E+00  1.12876264E+00
   268  5.36000000E+01  1.12876255E+00  1.02717192E+00  1.12876255E+00
   269  5.38000000E+01  1.12876246E+00  1.02835893E+00  1.12876246E+00
   270  5.40000000E+01  1.12876238E+00  1.02958300E+00  1.12876238E+00
   271  5.42000000E+01  1.12876231E+00  1.03084439E+00  1.12876231E+00
   272  5.44000000E+01  1.12876223E+00  1.03214328E+00  1.12876223E+00
   273  5.46000000E+01  1.12876216E+00  1.03347980E+00  1.12876216E+00
   274  5.48000000E+01  1.12876210E+00  1.03485399E+00  1.12876210E+00
   275  5.50000000E+01  1.12876203E+00  1.03626580E+00  1.12876203E+00
   276  5.52000000E+01  1.12876197E+00  1.03771509E+00  1.12876197E+00
   277  5.54000000E+01  1.12876191E+00  1.03920165E+00  1.12876191E+00
   278  5.56000000E+01  1.12876186E+00  1.04072515E+00  1.12876186E+00
   279  5.58000000E+01  1.12876181E+00  1.04228517E+00  1.12876181E+00
   280  5.60000000E+01  1.12876176E+00  1.04388119E+00  1.12876176E+00
   281  5.62000000E+01  1.12876171E+00  1.04551256E+00  1.12876171E+00
   282  5.64000000E+01  1.12876167E+00  1.04717852E+00  1.12876167E+00
   283  5.66000000E+01  1.12876163E+00  1.04887821E+00  1.12876163E+00
   284  5.68000000E+01  1.12876159E+00  1.05061063E+00  1.12876159E+00
   285  5.70000000E+01  1.12876155E+00  1.05237465E+00  1.12876155E+00
   286  5.72000000E+01  1.12876152E+00  1.05416903E+00  1.12876152E+00
   287  5.74000000E+01  1.12876149E+00  1.05599239E+00  1.12876149E+00
   288  5.76000000E+01  1.12876146E+00  1.05784322E+00  1.12876146E+00
   289  5.78000000E+01  1.12876143E+00  1.05971988E+00  1.12876143E+00
   290  5.80000000E+01  1.12876140E+00  1.06162058E+00  1.12876140E+00
   291  5.82000000E+01  1.12876138E+00  1.06354344E+00  1.12876138E+00
   292  5.84000000E+01  1.12876135E+00  1.06548640E+00  1.12876135E+00
   293  5.86000000E+01  1.12876133E+00  1.06744729E+00  1.12876133E+00
   294  5.88000000E+01  1.12876131E+00  1.06942383E+00  1.12876131E+00
   295  5.90000000E+01  1.12876129E+00  1.07141358E+00  1.12876129E+00
   296  5.92000000E+01  1.12876127E+00  1.07341402E+00  1.12876127E+00
   297  5.94000000E+01  1.12876126E+00  1.07542247E+00  1.12876126E+00
   298  5.96000000E+01  1.12876124E+00  1.07743617E+00  1.12876124E+00
   299  5.98000000E+01  1.12876123E+00  1.07945225E+00  1.12876123E+00
   300  6.00000000E+01  1.12876121E+00  1.08146773E+00  1.12876121E+00
   301  6.02000000E+01  1.12876120E+00  1.08347955E+00  1.12876120E+00
   302  6.04000000E+01  1.12876119E+00  1.08548456E+00  1.12876119E+00
   303  6.06000000E+01  1.12876118E+00  1.08747955E+00  1.12876118E+00
   304  6.08000000E+01  1.12876117E+00  1.08946122E+00  1.12876117E+00
   305  6.10000000E+01  1.12876116E+00  1.09142624E+00  1.12876116E+00
   306  6.12000000E+01  1.12876115E+00  1.09337121E+00  1.12876115E+00
   307  6.14000000E+01  1.12876114E+00  1.09529274E+00  1.12876114E+00
   308  6.16000000E+01  1.12876113E+00  1.09718736E+00  1.12876113E+00
   309  6.18000000E+01  1.12876113E+00  1.09905166E+00  1.12876113E+00
   310  6.20000000E+01  1.12876112E+00  1.10088217E+00  1.12876112E+00
   311  6.22000000E+01  1.12876111E+00  1.10267550E+00  1.12876111E+00
   312  6.24000000E+01  1.12876111E+00  1.10442825E+00  1.12876111E+00
   313  6.26000000E+01  1.12876110E+00  1.10613710E+00  1.12876110E+00
   314  6.28000000E+01  1.12876110E+00  1.10779880E+00  1.12876110E+00
   315  6.30000000E+01  1.12876109E+00  1.10941016E+00  1.12876109E+00
   316  6.32000000E+01  1.12876109E+00  1.11096814E+00  1.12876109E+00
   317  6.34000000E+01  1.12876109E+00  1.11246979E+00  1.12876109E+00
   318  6.36000000E+01  1.12876108E+00  1.11391232E+00  1.12876108E+00
   319  6.38000000E+01  1.12876108E+00  1.11529312E+00  1.12876108E+00
   320  6.40000000E+01  1.12876108E+00  1.11660976E+00  1.12876108E+00
   321  6.42000000E+01  1.12876107E+00  1.11786006E+00  1.12876107E+00
   322  6.44000000E+01  1.12876107E+00  1.11904205E+00  1.12876107E+00
   323  6.46000000E+01  1.12876107E+00  1.12015408E+00  1.12876107E+00
   324  6.48000000E+01  1.12876107E+00  1.12119477E+00  1.12876107E+00
   325  6.50000000E+01  1.12876106E+00  1.12216313E+00  1.12876106E+00
   326  6.52000000E+01  1.12876106E+00  1.12305851E+00  1.12876106E+00
   327  6.54000000E+01  1.12876106E+00  1.12388069E+00  1.12876106E+00
   328  6.56000000E+01  1.12876106E+00  1.12462986E+00  1.12876106E+00
   329  6.58000000E+01  1.12876106E+00  1.12530671E+00  1.12876106E+00
   330  6.60000000E+01  1.12876106E+00  1.12591239E+00  1.12876106E+00
   331  6.62000000E+01  1.12876105E+00  1.12644856E+00  1.12876105E+00
   332  6.64000000E+01  1.12876105E+00  1.12691740E+00  1.12876105E+00
   333  6.66000000E+01  1.12876105E+00  1.12732159E+00  1.12876105E+00
   334  6.68000000E+01  1.12876105E+00  1.12766430E+00  1.12876105E+00
   335  6.70000000E+01  1.12876105E+00  1.12794918E+00  1.12876105E+00
   336  6.72000000E+01  1.12876105E+00  1.12818030E+00  1.12876105E+00
 steady-height stop at step    336: truncated to 3 decimals, truncated max/end/ratio =       1128      1128      1128, max/end/ratio =   1.12876105E+00  1.12818030E+00  1.12876105E+00
