 comppar: model =   2
 comppar: lambda,mobility/eps,betav,eta_0 =  1.0000E-01  0.0000E+00  5.0000E-02  1.0000E+00
 comppar: eta_s,eta_p,G =  5.0000E-02  9.5000E-01  9.5000E+00
 comppar: U_avg,deltat,flowrate,nsteps =  1.0000E-01  2.0000E-01  3.1416E-01    2000
 comppar: geometry = axisymmetric
 comppar: steady stop change,gap,hold,min =  1.0000E-07  1.0000E-03       1      80
 comppar: steady stop truncated decimals =       3
 comppar: ncompc,ncompg =     4     5
 mesh nnodes = 5797
 mesh nelem = 2796
 P1 BC   5.0000000000000000     
 P2 BC   0.0000000000000000     
     1  2.00000000E-01  1.00252906E+00  1.00000000E+00  1.00252906E+00
     2  4.00000000E-01  1.00500968E+00  1.00000000E+00  1.00500968E+00
     3  6.00000000E-01  1.00743251E+00  1.00000000E+00  1.00743251E+00
     4  8.00000000E-01  1.00982321E+00  1.00000000E+00  1.00982321E+00
     5  1.00000000E+00  1.01217897E+00  1.00000000E+00  1.01217897E+00
     6  1.20000000E+00  1.01451139E+00  1.00000000E+00  1.01451139E+00
     7  1.40000000E+00  1.01680712E+00  1.00000000E+00  1.01680712E+00
     8  1.60000000E+00  1.01907326E+00  1.00000000E+00  1.01907326E+00
     9  1.80000000E+00  1.02130818E+00  1.00000000E+00  1.02130818E+00
    10  2.00000000E+00  1.02351074E+00  1.00000000E+00  1.02351074E+00
    11  2.20000000E+00  1.02568729E+00  1.00000000E+00  1.02568729E+00
    12  2.40000000E+00  1.02782681E+00  1.00000000E+00  1.02782681E+00
    13  2.60000000E+00  1.02994079E+00  1.00000000E+00  1.02994079E+00
    14  2.80000000E+00  1.03202439E+00  1.00000000E+00  1.03202439E+00
    15  3.00000000E+00  1.03407517E+00  1.00000000E+00  1.03407517E+00
    16  3.20000000E+00  1.03610470E+00  1.00000000E+00  1.03610470E+00
    17  3.40000000E+00  1.03807927E+00  1.00000000E+00  1.03807927E+00
    18  3.60000000E+00  1.04006428E+00  1.00000000E+00  1.04006428E+00
    19  3.80000000E+00  1.04199023E+00  1.00000000E+00  1.04199023E+00
    20  4.00000000E+00  1.04390510E+00  1.00000000E+00  1.04390510E+00
    21  4.20000000E+00  1.04578826E+00  9.99999999E-01  1.04578826E+00
    22  4.40000000E+00  1.04760962E+00  9.99999997E-01  1.04760962E+00
    23  4.60000000E+00  1.04946207E+00  9.99999994E-01  1.04946207E+00
    24  4.80000000E+00  1.05125210E+00  9.99999991E-01  1.05125210E+00
    25  5.00000000E+00  1.05301064E+00  9.99999988E-01  1.05301064E+00
    26  5.20000000E+00  1.05477206E+00  9.99999983E-01  1.05477206E+00
    27  5.40000000E+00  1.05646805E+00  9.99999978E-01  1.05646805E+00
    28  5.60000000E+00  1.05814398E+00  9.99999973E-01  1.05814398E+00
    29  5.80000000E+00  1.05982658E+00  9.99999966E-01  1.05982658E+00
    30  6.00000000E+00  1.06144181E+00  9.99999959E-01  1.06144181E+00
    31  6.20000000E+00  1.06304090E+00  9.99999950E-01  1.06304090E+00
    32  6.40000000E+00  1.06464459E+00  9.99999941E-01  1.06464459E+00
    33  6.60000000E+00  1.06617896E+00  9.99999930E-01  1.06617896E+00
    34  6.80000000E+00  1.06767245E+00  9.99999918E-01  1.06767245E+00
    35  7.00000000E+00  1.06921355E+00  9.99999905E-01  1.06921355E+00
    36  7.20000000E+00  1.07068432E+00  9.99999891E-01  1.07068432E+00
    37  7.40000000E+00  1.07208200E+00  9.99999875E-01  1.07208200E+00
    38  7.60000000E+00  1.07355207E+00  9.99999857E-01  1.07355207E+00
    39  7.80000000E+00  1.07495943E+00  9.99999837E-01  1.07495943E+00
    40  8.00000000E+00  1.07629276E+00  9.99999816E-01  1.07629276E+00
    41  8.20000000E+00  1.07762466E+00  9.99999793E-01  1.07762466E+00
    42  8.40000000E+00  1.07898934E+00  9.99999767E-01  1.07898934E+00
    43  8.60000000E+00  1.08027986E+00  9.99999740E-01  1.08027986E+00
    44  8.80000000E+00  1.08149396E+00  9.99999710E-01  1.08149396E+00
    45  9.00000000E+00  1.08278589E+00  9.99999677E-01  1.08278589E+00
    46  9.20000000E+00  1.08403365E+00  9.99999642E-01  1.08403365E+00
    47  9.40000000E+00  1.08520484E+00  9.99999603E-01  1.08520484E+00
    48  9.60000000E+00  1.08629764E+00  9.99999562E-01  1.08629764E+00
    49  9.80000000E+00  1.08752096E+00  9.99999517E-01  1.08752096E+00
    50  1.00000000E+01  1.08867443E+00  9.99999469E-01  1.08867443E+00
    51  1.02000000E+01  1.08975008E+00  9.99999417E-01  1.08975008E+00
    52  1.04000000E+01  1.09076190E+00  9.99999362E-01  1.09076190E+00
    53  1.06000000E+01  1.09189731E+00  9.99999302E-01  1.09189731E+00
    54  1.08000000E+01  1.09295530E+00  9.99999238E-01  1.09295530E+00
    55  1.10000000E+01  1.09393445E+00  9.99999169E-01  1.09393445E+00
    56  1.12000000E+01  1.09483376E+00  9.99999096E-01  1.09483376E+00
    57  1.14000000E+01  1.09587758E+00  9.99999017E-01  1.09587758E+00
    58  1.16000000E+01  1.09686269E+00  9.99998933E-01  1.09686269E+00
    59  1.18000000E+01  1.09776877E+00  9.99998843E-01  1.09776877E+00
    60  1.20000000E+01  1.09859527E+00  9.99998748E-01  1.09859527E+00
    61  1.22000000E+01  1.09952684E+00  9.99998646E-01  1.09952684E+00
    62  1.24000000E+01  1.10043842E+00  9.99998537E-01  1.10043842E+00
    63  1.26000000E+01  1.10127085E+00  9.99998422E-01  1.10127085E+00
    64  1.28000000E+01  1.10202407E+00  9.99998299E-01  1.10202407E+00
    65  1.30000000E+01  1.10283176E+00  9.99998168E-01  1.10283176E+00
    66  1.32000000E+01  1.10367280E+00  9.99998030E-01  1.10367280E+00
    67  1.34000000E+01  1.10443523E+00  9.99997883E-01  1.10443523E+00
    68  1.36000000E+01  1.10511968E+00  9.99997727E-01  1.10511968E+00
    69  1.38000000E+01  1.10583980E+00  9.99997562E-01  1.10583980E+00
    70  1.40000000E+01  1.10660975E+00  9.99997387E-01  1.10660975E+00
    71  1.42000000E+01  1.10730175E+00  9.99997202E-01  1.10730175E+00
    72  1.44000000E+01  1.10791708E+00  9.99997006E-01  1.10791708E+00
    73  1.46000000E+01  1.10854681E+00  9.99996799E-01  1.10854681E+00
    74  1.48000000E+01  1.10924792E+00  9.99996580E-01  1.10924792E+00
    75  1.50000000E+01  1.10987274E+00  9.99996349E-01  1.10987274E+00
    76  1.52000000E+01  1.11042335E+00  9.99996105E-01  1.11042335E+00
    77  1.54000000E+01  1.11099144E+00  9.99995848E-01  1.11099144E+00
    78  1.56000000E+01  1.11162332E+00  9.99995576E-01  1.11162332E+00
    79  1.58000000E+01  1.11218070E+00  9.99995290E-01  1.11218070E+00
    80  1.60000000E+01  1.11266643E+00  9.99994989E-01  1.11266643E+00
    81  1.62000000E+01  1.11317390E+00  9.99994672E-01  1.11317390E+00
    82  1.64000000E+01  1.11374065E+00  9.99994339E-01  1.11374065E+00
    83  1.66000000E+01  1.11423580E+00  9.99993988E-01  1.11423580E+00
    84  1.68000000E+01  1.11466286E+00  9.99993619E-01  1.11466286E+00
    85  1.70000000E+01  1.11512635E+00  9.99993232E-01  1.11512635E+00
    86  1.72000000E+01  1.11562783E+00  9.99992825E-01  1.11562783E+00
    87  1.74000000E+01  1.11606076E+00  9.99992398E-01  1.11606076E+00
    88  1.76000000E+01  1.11642938E+00  9.99991950E-01  1.11642938E+00
    89  1.78000000E+01  1.11685854E+00  9.99991480E-01  1.11685854E+00
    90  1.80000000E+01  1.11730063E+00  9.99990987E-01  1.11730063E+00
    91  1.82000000E+01  1.11767803E+00  9.99990471E-01  1.11767803E+00
    92  1.84000000E+01  1.11799546E+00  9.99989930E-01  1.11799546E+00
    93  1.86000000E+01  1.11838973E+00  9.99989364E-01  1.11838973E+00
    94  1.88000000E+01  1.11877260E+00  9.99988772E-01  1.11877260E+00
    95  1.90000000E+01  1.11909494E+00  9.99988152E-01  1.11909494E+00
    96  1.92000000E+01  1.11936198E+00  9.99987504E-01  1.11936198E+00
    97  1.94000000E+01  1.11973915E+00  9.99986827E-01  1.11973915E+00
    98  1.96000000E+01  1.12006982E+00  9.99986120E-01  1.12006982E+00
    99  1.98000000E+01  1.12034445E+00  9.99985382E-01  1.12034445E+00
   100  2.00000000E+01  1.12057894E+00  9.99984611E-01  1.12057894E+00
   101  2.02000000E+01  1.12091476E+00  9.99983807E-01  1.12091476E+00
   102  2.04000000E+01  1.12119397E+00  9.99982969E-01  1.12119397E+00
   103  2.06000000E+01  1.12142202E+00  9.99982096E-01  1.12142202E+00
   104  2.08000000E+01  1.12165936E+00  9.99981186E-01  1.12165936E+00
   105  2.10000000E+01  1.12194641E+00  9.99980238E-01  1.12194641E+00
   106  2.12000000E+01  1.12218148E+00  9.99979252E-01  1.12218148E+00
   107  2.14000000E+01  1.12237016E+00  9.99978225E-01  1.12237016E+00
   108  2.16000000E+01  1.12258933E+00  9.99977158E-01  1.12258933E+00
   109  2.18000000E+01  1.12282866E+00  9.99976049E-01  1.12282866E+00
   110  2.20000000E+01  1.12302104E+00  9.99974897E-01  1.12302104E+00
   111  2.22000000E+01  1.12317227E+00  9.99973701E-01  1.12317227E+00
   112  2.24000000E+01  1.12340244E+00  9.99972459E-01  1.12340244E+00
   113  2.26000000E+01  1.12360123E+00  9.99971171E-01  1.12360123E+00
   114  2.28000000E+01  1.12375786E+00  9.99969836E-01  1.12375786E+00
   115  2.30000000E+01  1.12388387E+00  9.99968452E-01  1.12388387E+00
   116  2.32000000E+01  1.12408664E+00  9.99967019E-01  1.12408664E+00
   117  2.34000000E+01  1.12424666E+00  9.99965535E-01  1.12424666E+00
   118  2.36000000E+01  1.12436975E+00  9.99964000E-01  1.12436975E+00
   119  2.38000000E+01  1.12451850E+00  9.99962412E-01  1.12451850E+00
   120  2.40000000E+01  1.12468433E+00  9.99960772E-01  1.12468433E+00
   121  2.42000000E+01  1.12481217E+00  9.99959077E-01  1.12481217E+00
   122  2.44000000E+01  1.12490775E+00  9.99957328E-01  1.12490775E+00
   123  2.46000000E+01  1.12504200E+00  9.99955523E-01  1.12504200E+00
   124  2.48000000E+01  1.12517293E+00  9.99953662E-01  1.12517293E+00
   125  2.50000000E+01  1.12527108E+00  9.99951745E-01  1.12527108E+00
   126  2.52000000E+01  1.12536299E+00  9.99949771E-01  1.12536299E+00
   127  2.54000000E+01  1.12549909E+00  9.99947739E-01  1.12549909E+00
   128  2.56000000E+01  1.12560134E+00  9.99945650E-01  1.12560134E+00
   129  2.58000000E+01  1.12567533E+00  9.99943504E-01  1.12567533E+00
   130  2.60000000E+01  1.12575742E+00  9.99941300E-01  1.12575742E+00
   131  2.62000000E+01  1.12586247E+00  9.99939039E-01  1.12586247E+00
   132  2.64000000E+01  1.12593875E+00  9.99936721E-01  1.12593875E+00
   133  2.66000000E+01  1.12599284E+00  9.99934347E-01  1.12599284E+00
   134  2.68000000E+01  1.12610240E+00  9.99931917E-01  1.12610240E+00
   135  2.70000000E+01  1.12618212E+00  9.99929432E-01  1.12618212E+00
   136  2.72000000E+01  1.12623745E+00  9.99926895E-01  1.12623745E+00
   137  2.74000000E+01  1.12628453E+00  9.99924305E-01  1.12628453E+00
   138  2.76000000E+01  1.12636675E+00  9.99921664E-01  1.12636675E+00
   139  2.78000000E+01  1.12642409E+00  9.99918976E-01  1.12642409E+00
   140  2.80000000E+01  1.12646174E+00  9.99916242E-01  1.12646174E+00
   141  2.82000000E+01  1.12654103E+00  9.99913464E-01  1.12654103E+00
   142  2.84000000E+01  1.12660115E+00  9.99910646E-01  1.12660115E+00
   143  2.86000000E+01  1.12664056E+00  9.99907790E-01  1.12664056E+00
   144  2.88000000E+01  1.12666555E+00  9.99904901E-01  1.12666555E+00
   145  2.90000000E+01  1.12672787E+00  9.99901983E-01  1.12672787E+00
   146  2.92000000E+01  1.12676903E+00  9.99899041E-01  1.12676903E+00
   147  2.94000000E+01  1.12679394E+00  9.99896078E-01  1.12679394E+00
   148  2.96000000E+01  1.12685291E+00  9.99893102E-01  1.12685291E+00
   149  2.98000000E+01  1.12689619E+00  9.99890118E-01  1.12689619E+00
   150  3.00000000E+01  1.12692226E+00  9.99887133E-01  1.12692226E+00
   151  3.02000000E+01  1.12693562E+00  9.99884154E-01  1.12693562E+00
   152  3.04000000E+01  1.12697989E+00  9.99881190E-01  1.12697989E+00
   153  3.06000000E+01  1.12700744E+00  9.99878249E-01  1.12700744E+00
   154  3.08000000E+01  1.12702194E+00  9.99875340E-01  1.12702194E+00
   155  3.10000000E+01  1.12706848E+00  9.99872475E-01  1.12706848E+00
   156  3.12000000E+01  1.12709752E+00  9.99869664E-01  1.12709752E+00
   157  3.14000000E+01  1.12711260E+00  9.99866919E-01  1.12711260E+00
   158  3.16000000E+01  1.12711908E+00  9.99864254E-01  1.12711908E+00
   159  3.18000000E+01  1.12714975E+00  9.99861683E-01  1.12714975E+00
   160  3.20000000E+01  1.12716607E+00  9.99859220E-01  1.12716607E+00
   161  3.22000000E+01  1.12717934E+00  9.99856882E-01  1.12717934E+00
   162  3.24000000E+01  1.12721186E+00  9.99854687E-01  1.12721186E+00
   163  3.26000000E+01  1.12722906E+00  9.99852653E-01  1.12722906E+00
   164  3.28000000E+01  1.12723531E+00  9.99850800E-01  1.12723531E+00
   165  3.30000000E+01  1.12724020E+00  9.99849150E-01  1.12724020E+00
   166  3.32000000E+01  1.12725877E+00  9.99847725E-01  1.12725877E+00
   167  3.34000000E+01  1.12726605E+00  9.99846550E-01  1.12726605E+00
   168  3.36000000E+01  1.12728216E+00  9.99845652E-01  1.12728216E+00
   169  3.38000000E+01  1.12730194E+00  9.99845057E-01  1.12730194E+00
   170  3.40000000E+01  1.12730953E+00  9.99844796E-01  1.12730953E+00
   171  3.42000000E+01  1.12730892E+00  9.99844900E-01  1.12730892E+00
   172  3.44000000E+01  1.12731481E+00  9.99845403E-01  1.12731481E+00
   173  3.46000000E+01  1.12732353E+00  9.99846341E-01  1.12732353E+00
   174  3.48000000E+01  1.12732374E+00  9.99847751E-01  1.12732374E+00
   175  3.50000000E+01  1.12734407E+00  9.99849674E-01  1.12734407E+00
   176  3.52000000E+01  1.12735340E+00  9.99852153E-01  1.12735340E+00
   177  3.54000000E+01  1.12735340E+00  9.99855232E-01  1.12735340E+00
   178  3.56000000E+01  1.12734769E+00  9.99858961E-01  1.12734769E+00
   179  3.58000000E+01  1.12735587E+00  9.99863390E-01  1.12735587E+00
   180  3.60000000E+01  1.12735677E+00  9.99868572E-01  1.12735677E+00
   181  3.62000000E+01  1.12736508E+00  9.99874565E-01  1.12736508E+00
   182  3.64000000E+01  1.12737657E+00  9.99881430E-01  1.12737657E+00
   183  3.66000000E+01  1.12737753E+00  9.99889228E-01  1.12737753E+00
   184  3.68000000E+01  1.12738579E+00  9.99898029E-01  1.12738579E+00
   185  3.70000000E+01  1.12739737E+00  9.99907902E-01  1.12739737E+00
   186  3.72000000E+01  1.12740737E+00  9.99918922E-01  1.12740737E+00
   187  3.74000000E+01  1.12741588E+00  9.99931168E-01  1.12741588E+00
   188  3.76000000E+01  1.12742303E+00  9.99944724E-01  1.12742303E+00
   189  3.78000000E+01  1.12743348E+00  9.99959676E-01  1.12743348E+00
   190  3.80000000E+01  1.12744252E+00  9.99976117E-01  1.12744252E+00
   191  3.82000000E+01  1.12745015E+00  9.99994144E-01  1.12745015E+00
   192  3.84000000E+01  1.12745652E+00  1.00001386E+00  1.12745652E+00
   193  3.86000000E+01  1.12746261E+00  1.00003537E+00  1.12746261E+00
   194  3.88000000E+01  1.12747028E+00  1.00005878E+00  1.12747028E+00
   195  3.90000000E+01  1.12747666E+00  1.00008423E+00  1.12747666E+00
   196  3.92000000E+01  1.12748196E+00  1.00011182E+00  1.12748196E+00
   197  3.94000000E+01  1.12748641E+00  1.00014169E+00  1.12748641E+00
   198  3.96000000E+01  1.12749028E+00  1.00017398E+00  1.12749028E+00
   199  3.98000000E+01  1.12749594E+00  1.00020882E+00  1.12749594E+00
   200  4.00000000E+01  1.12750063E+00  1.00024638E+00  1.12750063E+00
   201  4.02000000E+01  1.12750458E+00  1.00028681E+00  1.12750458E+00
   202  4.04000000E+01  1.12750796E+00  1.00033027E+00  1.12750796E+00
   203  4.06000000E+01  1.12751094E+00  1.00037694E+00  1.12751094E+00
   204  4.08000000E+01  1.12751364E+00  1.00042699E+00  1.12751364E+00
   205  4.10000000E+01  1.12751671E+00  1.00048062E+00  1.12751671E+00
   206  4.12000000E+01  1.12751968E+00  1.00053802E+00  1.12751968E+00
   207  4.14000000E+01  1.12752238E+00  1.00059940E+00  1.12752238E+00
   208  4.16000000E+01  1.12752491E+00  1.00066498E+00  1.12752491E+00
   209  4.18000000E+01  1.12752732E+00  1.00073497E+00  1.12752732E+00
   210  4.20000000E+01  1.12752964E+00  1.00080962E+00  1.12752964E+00
   211  4.22000000E+01  1.12753187E+00  1.00088918E+00  1.12753187E+00
   212  4.24000000E+01  1.12753399E+00  1.00097388E+00  1.12753399E+00
   213  4.26000000E+01  1.12753599E+00  1.00106401E+00  1.12753599E+00
   214  4.28000000E+01  1.12753784E+00  1.00115984E+00  1.12753784E+00
   215  4.30000000E+01  1.12753954E+00  1.00126166E+00  1.12753954E+00
   216  4.32000000E+01  1.12754106E+00  1.00136977E+00  1.12754106E+00
   217  4.34000000E+01  1.12754264E+00  1.00148447E+00  1.12754264E+00
   218  4.36000000E+01  1.12754433E+00  1.00160610E+00  1.12754433E+00
   219  4.38000000E+01  1.12754587E+00  1.00173500E+00  1.12754587E+00
   220  4.40000000E+01  1.12754724E+00  1.00187150E+00  1.12754724E+00
   221  4.42000000E+01  1.12754844E+00  1.00201599E+00  1.12754844E+00
   222  4.44000000E+01  1.12754947E+00  1.00216883E+00  1.12754947E+00
   223  4.46000000E+01  1.12755035E+00  1.00233041E+00  1.12755035E+00
   224  4.48000000E+01  1.12755109E+00  1.00250114E+00  1.12755109E+00
   225  4.50000000E+01  1.12755170E+00  1.00268145E+00  1.12755170E+00
   226  4.52000000E+01  1.12755220E+00  1.00287176E+00  1.12755220E+00
   227  4.54000000E+01  1.12755279E+00  1.00307252E+00  1.12755279E+00
   228  4.56000000E+01  1.12755341E+00  1.00328420E+00  1.12755341E+00
   229  4.58000000E+01  1.12755392E+00  1.00350727E+00  1.12755392E+00
   230  4.60000000E+01  1.12755433E+00  1.00374224E+00  1.12755433E+00
   231  4.62000000E+01  1.12755467E+00  1.00398961E+00  1.12755467E+00
   232  4.64000000E+01  1.12755495E+00  1.00424990E+00  1.12755495E+00
   233  4.66000000E+01  1.12755517E+00  1.00452367E+00  1.12755517E+00
   234  4.68000000E+01  1.12755535E+00  1.00481146E+00  1.12755535E+00
   235  4.70000000E+01  1.12755549E+00  1.00511386E+00  1.12755549E+00
   236  4.72000000E+01  1.12755559E+00  1.00543144E+00  1.12755559E+00
   237  4.74000000E+01  1.12755567E+00  1.00576481E+00  1.12755567E+00
   238  4.76000000E+01  1.12755571E+00  1.00611459E+00  1.12755571E+00
   239  4.78000000E+01  1.12755573E+00  1.00648141E+00  1.12755573E+00
   240  4.80000000E+01  1.12755573E+00  1.00686592E+00  1.12755573E+00
   241  4.82000000E+01  1.12755570E+00  1.00726879E+00  1.12755570E+00
   242  4.84000000E+01  1.12755566E+00  1.00769068E+00  1.12755566E+00
   243  4.86000000E+01  1.12755560E+00  1.00813228E+00  1.12755560E+00
   244  4.88000000E+01  1.12755552E+00  1.00859430E+00  1.12755552E+00
   245  4.90000000E+01  1.12755543E+00  1.00907744E+00  1.12755543E+00
   246  4.92000000E+01  1.12755533E+00  1.00958243E+00  1.12755533E+00
   247  4.94000000E+01  1.12755522E+00  1.01010999E+00  1.12755522E+00
   248  4.96000000E+01  1.12755511E+00  1.01066086E+00  1.12755511E+00
   249  4.98000000E+01  1.12755499E+00  1.01123580E+00  1.12755499E+00
   250  5.00000000E+01  1.12755486E+00  1.01183554E+00  1.12755486E+00
   251  5.02000000E+01  1.12755474E+00  1.01246084E+00  1.12755474E+00
   252  5.04000000E+01  1.12755461E+00  1.01311247E+00  1.12755461E+00
   253  5.06000000E+01  1.12755449E+00  1.01379118E+00  1.12755449E+00
   254  5.08000000E+01  1.12755436E+00  1.01449771E+00  1.12755436E+00
   255  5.10000000E+01  1.12755424E+00  1.01523283E+00  1.12755424E+00
   256  5.12000000E+01  1.12755411E+00  1.01599728E+00  1.12755411E+00
   257  5.14000000E+01  1.12755399E+00  1.01679178E+00  1.12755399E+00
   258  5.16000000E+01  1.12755387E+00  1.01761706E+00  1.12755387E+00
   259  5.18000000E+01  1.12755376E+00  1.01847382E+00  1.12755376E+00
   260  5.20000000E+01  1.12755364E+00  1.01936276E+00  1.12755364E+00
   261  5.22000000E+01  1.12755353E+00  1.02028452E+00  1.12755353E+00
   262  5.24000000E+01  1.12755343E+00  1.02123976E+00  1.12755343E+00
   263  5.26000000E+01  1.12755332E+00  1.02222907E+00  1.12755332E+00
   264  5.28000000E+01  1.12755322E+00  1.02325304E+00  1.12755322E+00
   265  5.30000000E+01  1.12755313E+00  1.02431219E+00  1.12755313E+00
   266  5.32000000E+01  1.12755304E+00  1.02540703E+00  1.12755304E+00
   267  5.34000000E+01  1.12755295E+00  1.02653799E+00  1.12755295E+00
   268  5.36000000E+01  1.12755286E+00  1.02770548E+00  1.12755286E+00
   269  5.38000000E+01  1.12755278E+00  1.02890984E+00  1.12755278E+00
   270  5.40000000E+01  1.12755270E+00  1.03015134E+00  1.12755270E+00
   271  5.42000000E+01  1.12755263E+00  1.03143020E+00  1.12755263E+00
   272  5.44000000E+01  1.12755256E+00  1.03274657E+00  1.12755256E+00
   273  5.46000000E+01  1.12755249E+00  1.03410052E+00  1.12755249E+00
   274  5.48000000E+01  1.12755243E+00  1.03549202E+00  1.12755243E+00
   275  5.50000000E+01  1.12755237E+00  1.03692099E+00  1.12755237E+00
   276  5.52000000E+01  1.12755231E+00  1.03838724E+00  1.12755231E+00
   277  5.54000000E+01  1.12755225E+00  1.03989047E+00  1.12755225E+00
   278  5.56000000E+01  1.12755220E+00  1.04143031E+00  1.12755220E+00
   279  5.58000000E+01  1.12755215E+00  1.04300627E+00  1.12755215E+00
   280  5.60000000E+01  1.12755211E+00  1.04461774E+00  1.12755211E+00
   281  5.62000000E+01  1.12755206E+00  1.04626401E+00  1.12755206E+00
   282  5.64000000E+01  1.12755202E+00  1.04794424E+00  1.12755202E+00
   283  5.66000000E+01  1.12755198E+00  1.04965748E+00  1.12755198E+00
   284  5.68000000E+01  1.12755195E+00  1.05140265E+00  1.12755195E+00
   285  5.70000000E+01  1.12755191E+00  1.05317854E+00  1.12755191E+00
   286  5.72000000E+01  1.12755188E+00  1.05498380E+00  1.12755188E+00
   287  5.74000000E+01  1.12755185E+00  1.05681698E+00  1.12755185E+00
   288  5.76000000E+01  1.12755182E+00  1.05867647E+00  1.12755182E+00
   289  5.78000000E+01  1.12755180E+00  1.06056052E+00  1.12755180E+00
   290  5.80000000E+01  1.12755177E+00  1.06246728E+00  1.12755177E+00
   291  5.82000000E+01  1.12755175E+00  1.06439472E+00  1.12755175E+00
   292  5.84000000E+01  1.12755173E+00  1.06634073E+00  1.12755173E+00
   293  5.86000000E+01  1.12755170E+00  1.06830303E+00  1.12755170E+00
   294  5.88000000E+01  1.12755169E+00  1.07027924E+00  1.12755169E+00
   295  5.90000000E+01  1.12755167E+00  1.07226684E+00  1.12755167E+00
   296  5.92000000E+01  1.12755165E+00  1.07426319E+00  1.12755165E+00
   297  5.94000000E+01  1.12755164E+00  1.07626555E+00  1.12755164E+00
   298  5.96000000E+01  1.12755162E+00  1.07827106E+00  1.12755162E+00
   299  5.98000000E+01  1.12755161E+00  1.08027677E+00  1.12755161E+00
   300  6.00000000E+01  1.12755160E+00  1.08227962E+00  1.12755160E+00
   301  6.02000000E+01  1.12755158E+00  1.08427647E+00  1.12755158E+00
   302  6.04000000E+01  1.12755157E+00  1.08626410E+00  1.12755157E+00
   303  6.06000000E+01  1.12755156E+00  1.08823924E+00  1.12755156E+00
   304  6.08000000E+01  1.12755155E+00  1.09019852E+00  1.12755155E+00
   305  6.10000000E+01  1.12755154E+00  1.09213857E+00  1.12755154E+00
   306  6.12000000E+01  1.12755154E+00  1.09405594E+00  1.12755154E+00
   307  6.14000000E+01  1.12755153E+00  1.09594718E+00  1.12755153E+00
   308  6.16000000E+01  1.12755152E+00  1.09780882E+00  1.12755152E+00
   309  6.18000000E+01  1.12755152E+00  1.09963741E+00  1.12755152E+00
   310  6.20000000E+01  1.12755151E+00  1.10142948E+00  1.12755151E+00
   311  6.22000000E+01  1.12755150E+00  1.10318164E+00  1.12755150E+00
   312  6.24000000E+01  1.12755150E+00  1.10489049E+00  1.12755150E+00
   313  6.26000000E+01  1.12755149E+00  1.10655276E+00  1.12755149E+00
   314  6.28000000E+01  1.12755149E+00  1.10816522E+00  1.12755149E+00
   315  6.30000000E+01  1.12755149E+00  1.10972475E+00  1.12755149E+00
   316  6.32000000E+01  1.12755148E+00  1.11122837E+00  1.12755148E+00
   317  6.34000000E+01  1.12755148E+00  1.11267324E+00  1.12755148E+00
   318  6.36000000E+01  1.12755148E+00  1.11405667E+00  1.12755148E+00
   319  6.38000000E+01  1.12755147E+00  1.11537619E+00  1.12755147E+00
   320  6.40000000E+01  1.12755147E+00  1.11662953E+00  1.12755147E+00
   321  6.42000000E+01  1.12755147E+00  1.11781468E+00  1.12755147E+00
   322  6.44000000E+01  1.12755147E+00  1.11892990E+00  1.12755147E+00
   323  6.46000000E+01  1.12755146E+00  1.11997378E+00  1.12755146E+00
   324  6.48000000E+01  1.12755146E+00  1.12094522E+00  1.12755146E+00
   325  6.50000000E+01  1.12755146E+00  1.12184353E+00  1.12755146E+00
   326  6.52000000E+01  1.12755146E+00  1.12266841E+00  1.12755146E+00
   327  6.54000000E+01  1.12755146E+00  1.12342001E+00  1.12755146E+00
   328  6.56000000E+01  1.12755145E+00  1.12409897E+00  1.12755145E+00
   329  6.58000000E+01  1.12755145E+00  1.12470641E+00  1.12755145E+00
   330  6.60000000E+01  1.12755145E+00  1.12524397E+00  1.12755145E+00
   331  6.62000000E+01  1.12755145E+00  1.12571383E+00  1.12755145E+00
   332  6.64000000E+01  1.12755145E+00  1.12611867E+00  1.12755145E+00
   333  6.66000000E+01  1.12755145E+00  1.12646171E+00  1.12755145E+00
   334  6.68000000E+01  1.12755145E+00  1.12674663E+00  1.12755145E+00
   335  6.70000000E+01  1.12755145E+00  1.12697758E+00  1.12755145E+00
   336  6.72000000E+01  1.12755145E+00  1.12715908E+00  1.12755145E+00
 steady-height stop at step    336: truncated to 3 decimals, truncated max/end/ratio =       1127      1127      1127, max/end/ratio =   1.12755145E+00  1.12715908E+00  1.12755145E+00
