 comppar: model =   3
 comppar: lambda,mobility/eps,betav,eta_0 =  9.0000E+00  8.0000E-02  3.0000E-01  1.0000E+00
 comppar: eta_s,eta_p,G =  3.0000E-01  7.0000E-01  7.7778E-02
 comppar: U_avg,deltat,flowrate,nsteps =  1.0000E-01  4.0000E-01  3.1416E-01    1000
 comppar: geometry = axisymmetric
 comppar: steady stop change,gap,hold,min =  1.0000E-05  2.0000E-04      10      80
 comppar: steady stop rounded decimals =       4
 comppar: ncompc,ncompg =     4     5
 mesh nnodes = 22999
 mesh nelem = 11296
 P1 BC   5.0000000000000000     
 P2 BC   0.0000000000000000     
     1  4.00000000E-01  1.00503605E+00  1.00000000E+00  1.00503605E+00
     2  8.00000000E-01  1.00989391E+00  1.00000000E+00  1.00989391E+00
     3  1.20000000E+00  1.01457037E+00  1.00000000E+00  1.01457037E+00
     4  1.60000000E+00  1.01909673E+00  1.00000000E+00  1.01909673E+00
     5  2.00000000E+00  1.02349629E+00  1.00000000E+00  1.02349629E+00
     6  2.40000000E+00  1.02779976E+00  1.00000000E+00  1.02779976E+00
     7  2.80000000E+00  1.03203519E+00  1.00000001E+00  1.03203519E+00
     8  3.20000000E+00  1.03623772E+00  1.00000001E+00  1.03623772E+00
     9  3.60000000E+00  1.04042688E+00  1.00000001E+00  1.04042688E+00
    10  4.00000000E+00  1.04462576E+00  1.00000000E+00  1.04462576E+00
    11  4.40000000E+00  1.04884955E+00  1.00000000E+00  1.04884955E+00
    12  4.80000000E+00  1.05312864E+00  9.99999999E-01  1.05312864E+00
    13  5.20000000E+00  1.05746564E+00  9.99999994E-01  1.05746564E+00
    14  5.60000000E+00  1.06187136E+00  9.99999987E-01  1.06187136E+00
    15  6.00000000E+00  1.06635452E+00  9.99999978E-01  1.06635452E+00
    16  6.40000000E+00  1.07092782E+00  9.99999966E-01  1.07092782E+00
    17  6.80000000E+00  1.07558037E+00  9.99999952E-01  1.07558037E+00
    18  7.20000000E+00  1.08030486E+00  9.99999936E-01  1.08030486E+00
    19  7.60000000E+00  1.08513623E+00  9.99999916E-01  1.08513623E+00
    20  8.00000000E+00  1.09002369E+00  9.99999892E-01  1.09002369E+00
    21  8.40000000E+00  1.09501517E+00  9.99999865E-01  1.09501517E+00
    22  8.80000000E+00  1.10006211E+00  9.99999833E-01  1.10006211E+00
    23  9.20000000E+00  1.10518188E+00  9.99999797E-01  1.10518188E+00
    24  9.60000000E+00  1.11037438E+00  9.99999755E-01  1.11037438E+00
    25  1.00000000E+01  1.11561370E+00  9.99999709E-01  1.11561370E+00
    26  1.04000000E+01  1.12089498E+00  9.99999656E-01  1.12089498E+00
    27  1.08000000E+01  1.12623265E+00  9.99999596E-01  1.12623265E+00
    28  1.12000000E+01  1.13160166E+00  9.99999530E-01  1.13160166E+00
    29  1.16000000E+01  1.13698402E+00  9.99999456E-01  1.13698402E+00
    30  1.20000000E+01  1.14236567E+00  9.99999373E-01  1.14236567E+00
    31  1.24000000E+01  1.14775670E+00  9.99999282E-01  1.14775670E+00
    32  1.28000000E+01  1.15313512E+00  9.99999181E-01  1.15313512E+00
    33  1.32000000E+01  1.15846940E+00  9.99999069E-01  1.15846940E+00
    34  1.36000000E+01  1.16379249E+00  9.99998945E-01  1.16379249E+00
    35  1.40000000E+01  1.16905473E+00  9.99998809E-01  1.16905473E+00
    36  1.44000000E+01  1.17423526E+00  9.99998659E-01  1.17423526E+00
    37  1.48000000E+01  1.17939212E+00  9.99998495E-01  1.17939212E+00
    38  1.52000000E+01  1.18443433E+00  9.99998315E-01  1.18443433E+00
    39  1.56000000E+01  1.18942095E+00  9.99998119E-01  1.18942095E+00
    40  1.60000000E+01  1.19430029E+00  9.99997904E-01  1.19430029E+00
    41  1.64000000E+01  1.19912263E+00  9.99997669E-01  1.19912263E+00
    42  1.68000000E+01  1.20381411E+00  9.99997413E-01  1.20381411E+00
    43  1.72000000E+01  1.20846168E+00  9.99997134E-01  1.20846168E+00
    44  1.76000000E+01  1.21295421E+00  9.99996830E-01  1.21295421E+00
    45  1.80000000E+01  1.21740723E+00  9.99996500E-01  1.21740723E+00
    46  1.84000000E+01  1.22173145E+00  9.99996142E-01  1.22173145E+00
    47  1.88000000E+01  1.22594317E+00  9.99995754E-01  1.22594317E+00
    48  1.92000000E+01  1.23005628E+00  9.99995333E-01  1.23005628E+00
    49  1.96000000E+01  1.23401473E+00  9.99994877E-01  1.23401473E+00
    50  2.00000000E+01  1.23791719E+00  9.99994384E-01  1.23791719E+00
    51  2.04000000E+01  1.24164055E+00  9.99993851E-01  1.24164055E+00
    52  2.08000000E+01  1.24533801E+00  9.99993275E-01  1.24533801E+00
    53  2.12000000E+01  1.24890686E+00  9.99992654E-01  1.24890686E+00
    54  2.16000000E+01  1.25234005E+00  9.99991985E-01  1.25234005E+00
    55  2.20000000E+01  1.25572345E+00  9.99991264E-01  1.25572345E+00
    56  2.24000000E+01  1.25891626E+00  9.99990487E-01  1.25891626E+00
    57  2.28000000E+01  1.26209754E+00  9.99989653E-01  1.26209754E+00
    58  2.32000000E+01  1.26512458E+00  9.99988756E-01  1.26512458E+00
    59  2.36000000E+01  1.26805150E+00  9.99987792E-01  1.26805150E+00
    60  2.40000000E+01  1.27093255E+00  9.99986759E-01  1.27093255E+00
    61  2.44000000E+01  1.27366335E+00  9.99985651E-01  1.27366335E+00
    62  2.48000000E+01  1.27636020E+00  9.99984464E-01  1.27636020E+00
    63  2.52000000E+01  1.27894059E+00  9.99983193E-01  1.27894059E+00
    64  2.56000000E+01  1.28141632E+00  9.99981833E-01  1.28141632E+00
    65  2.60000000E+01  1.28384521E+00  9.99980380E-01  1.28384521E+00
    66  2.64000000E+01  1.28612598E+00  9.99978828E-01  1.28612598E+00
    67  2.68000000E+01  1.28840798E+00  9.99977172E-01  1.28840798E+00
    68  2.72000000E+01  1.29056734E+00  9.99975405E-01  1.29056734E+00
    69  2.76000000E+01  1.29267996E+00  9.99973523E-01  1.29267996E+00
    70  2.80000000E+01  1.29471318E+00  9.99971518E-01  1.29471318E+00
    71  2.84000000E+01  1.29667412E+00  9.99969385E-01  1.29667412E+00
    72  2.88000000E+01  1.29858029E+00  9.99967118E-01  1.29858029E+00
    73  2.92000000E+01  1.30040532E+00  9.99964709E-01  1.30040532E+00
    74  2.96000000E+01  1.30218015E+00  9.99962152E-01  1.30218015E+00
    75  3.00000000E+01  1.30387947E+00  9.99959440E-01  1.30387947E+00
    76  3.04000000E+01  1.30554477E+00  9.99956567E-01  1.30554477E+00
    77  3.08000000E+01  1.30711965E+00  9.99953524E-01  1.30711965E+00
    78  3.12000000E+01  1.30868096E+00  9.99950304E-01  1.30868096E+00
    79  3.16000000E+01  1.31014073E+00  9.99946901E-01  1.31014073E+00
    80  3.20000000E+01  1.31159289E+00  9.99943307E-01  1.31159289E+00
    81  3.24000000E+01  1.31295920E+00  9.99939514E-01  1.31295920E+00
    82  3.28000000E+01  1.31428391E+00  9.99935516E-01  1.31428391E+00
    83  3.32000000E+01  1.31556640E+00  9.99931305E-01  1.31556640E+00
    84  3.36000000E+01  1.31676310E+00  9.99926874E-01  1.31676310E+00
    85  3.40000000E+01  1.31796277E+00  9.99922216E-01  1.31796277E+00
    86  3.44000000E+01  1.31907763E+00  9.99917325E-01  1.31907763E+00
    87  3.48000000E+01  1.32014475E+00  9.99912194E-01  1.32014475E+00
    88  3.52000000E+01  1.32118799E+00  9.99906818E-01  1.32118799E+00
    89  3.56000000E+01  1.32215023E+00  9.99901190E-01  1.32215023E+00
    90  3.60000000E+01  1.32309691E+00  9.99895307E-01  1.32309691E+00
    91  3.64000000E+01  1.32399739E+00  9.99889164E-01  1.32399739E+00
    92  3.68000000E+01  1.32483153E+00  9.99882757E-01  1.32483153E+00
    93  3.72000000E+01  1.32566453E+00  9.99876084E-01  1.32566453E+00
    94  3.76000000E+01  1.32644818E+00  9.99869144E-01  1.32644818E+00
    95  3.80000000E+01  1.32716576E+00  9.99861936E-01  1.32716576E+00
    96  3.84000000E+01  1.32789373E+00  9.99854461E-01  1.32789373E+00
    97  3.88000000E+01  1.32855875E+00  9.99846723E-01  1.32855875E+00
    98  3.92000000E+01  1.32918196E+00  9.99838725E-01  1.32918196E+00
    99  3.96000000E+01  1.32980407E+00  9.99830473E-01  1.32980407E+00
   100  4.00000000E+01  1.33037484E+00  9.99821977E-01  1.33037484E+00
   101  4.04000000E+01  1.33091574E+00  9.99813247E-01  1.33091574E+00
   102  4.08000000E+01  1.33144555E+00  9.99804296E-01  1.33144555E+00
   103  4.12000000E+01  1.33192509E+00  9.99795142E-01  1.33192509E+00
   104  4.16000000E+01  1.33239529E+00  9.99785803E-01  1.33239529E+00
   105  4.20000000E+01  1.33283869E+00  9.99776304E-01  1.33283869E+00
   106  4.24000000E+01  1.33324464E+00  9.99766672E-01  1.33324464E+00
   107  4.28000000E+01  1.33364800E+00  9.99756938E-01  1.33364800E+00
   108  4.32000000E+01  1.33401700E+00  9.99747140E-01  1.33401700E+00
   109  4.36000000E+01  1.33437403E+00  9.99737319E-01  1.33437403E+00
   110  4.40000000E+01  1.33470759E+00  9.99727524E-01  1.33470759E+00
   111  4.44000000E+01  1.33502216E+00  9.99717807E-01  1.33502216E+00
   112  4.48000000E+01  1.33532731E+00  9.99708231E-01  1.33532731E+00
   113  4.52000000E+01  1.33560706E+00  9.99698864E-01  1.33560706E+00
   114  4.56000000E+01  1.33587975E+00  9.99689781E-01  1.33587975E+00
   115  4.60000000E+01  1.33613068E+00  9.99681069E-01  1.33613068E+00
   116  4.64000000E+01  1.33637629E+00  9.99672824E-01  1.33637629E+00
   117  4.68000000E+01  1.33660015E+00  9.99665149E-01  1.33660015E+00
   118  4.72000000E+01  1.33681806E+00  9.99658163E-01  1.33681806E+00
   119  4.76000000E+01  1.33701668E+00  9.99651994E-01  1.33701668E+00
   120  4.80000000E+01  1.33721129E+00  9.99646784E-01  1.33721129E+00
   121  4.84000000E+01  1.33738377E+00  9.99642691E-01  1.33738377E+00
   122  4.88000000E+01  1.33755749E+00  9.99639886E-01  1.33755749E+00
   123  4.92000000E+01  1.33770797E+00  9.99638557E-01  1.33770797E+00
   124  4.96000000E+01  1.33785683E+00  9.99638912E-01  1.33785683E+00
   125  5.00000000E+01  1.33798913E+00  9.99641176E-01  1.33798913E+00
   126  5.04000000E+01  1.33811240E+00  9.99645595E-01  1.33811240E+00
   127  5.08000000E+01  1.33822699E+00  9.99652438E-01  1.33822699E+00
   128  5.12000000E+01  1.33832524E+00  9.99661997E-01  1.33832524E+00
   129  5.16000000E+01  1.33842566E+00  9.99674590E-01  1.33842566E+00
   130  5.20000000E+01  1.33851009E+00  9.99690563E-01  1.33851009E+00
   131  5.24000000E+01  1.33858771E+00  9.99710290E-01  1.33858771E+00
   132  5.28000000E+01  1.33866065E+00  9.99734178E-01  1.33866065E+00
   133  5.32000000E+01  1.33871828E+00  9.99762665E-01  1.33871828E+00
   134  5.36000000E+01  1.33877701E+00  9.99796228E-01  1.33877701E+00
   135  5.40000000E+01  1.33882397E+00  9.99835380E-01  1.33882397E+00
   136  5.44000000E+01  1.33886306E+00  9.99880675E-01  1.33886306E+00
   137  5.48000000E+01  1.33890091E+00  9.99932711E-01  1.33890091E+00
   138  5.52000000E+01  1.33892754E+00  9.99992132E-01  1.33892754E+00
   139  5.56000000E+01  1.33895210E+00  1.00005963E+00  1.33895210E+00
   140  5.60000000E+01  1.33897083E+00  1.00013595E+00  1.33897083E+00
   141  5.64000000E+01  1.33898163E+00  1.00022190E+00  1.33898163E+00
   142  5.68000000E+01  1.33899208E+00  1.00031834E+00  1.33899208E+00
   143  5.72000000E+01  1.33899521E+00  1.00042618E+00  1.33899521E+00
   144  5.76000000E+01  1.33899598E+00  1.00054641E+00  1.33899598E+00
   145  5.80000000E+01  1.33899191E+00  1.00068011E+00  1.33899191E+00
   146  5.84000000E+01  1.33898392E+00  1.00082838E+00  1.33898392E+00
   147  5.88000000E+01  1.33897470E+00  1.00099246E+00  1.33897470E+00
   148  5.92000000E+01  1.33896022E+00  1.00117362E+00  1.33896022E+00
   149  5.96000000E+01  1.33894487E+00  1.00137326E+00  1.33894487E+00
   150  6.00000000E+01  1.33892570E+00  1.00159283E+00  1.33892570E+00
   151  6.04000000E+01  1.33890567E+00  1.00183391E+00  1.33890567E+00
   152  6.08000000E+01  1.33888271E+00  1.00209816E+00  1.33888271E+00
   153  6.12000000E+01  1.33885744E+00  1.00238735E+00  1.33885744E+00
   154  6.16000000E+01  1.33883154E+00  1.00270336E+00  1.33883154E+00
   155  6.20000000E+01  1.33880275E+00  1.00304819E+00  1.33880275E+00
   156  6.24000000E+01  1.33877344E+00  1.00342395E+00  1.33877344E+00
   157  6.28000000E+01  1.33874166E+00  1.00383288E+00  1.33874166E+00
   158  6.32000000E+01  1.33870907E+00  1.00427733E+00  1.33870907E+00
   159  6.36000000E+01  1.33867442E+00  1.00475982E+00  1.33867442E+00
   160  6.40000000E+01  1.33863868E+00  1.00528296E+00  1.33863868E+00
   161  6.44000000E+01  1.33860123E+00  1.00584953E+00  1.33860123E+00
   162  6.48000000E+01  1.33856338E+00  1.00646243E+00  1.33856338E+00
   163  6.52000000E+01  1.33852334E+00  1.00712473E+00  1.33852334E+00
   164  6.56000000E+01  1.33848366E+00  1.00783963E+00  1.33848366E+00
   165  6.60000000E+01  1.33844205E+00  1.00861047E+00  1.33844205E+00
   166  6.64000000E+01  1.33840020E+00  1.00944074E+00  1.33840020E+00
   167  6.68000000E+01  1.33835734E+00  1.01033408E+00  1.33835734E+00
   168  6.72000000E+01  1.33831381E+00  1.01129428E+00  1.33831381E+00
   169  6.76000000E+01  1.33826998E+00  1.01232523E+00  1.33826998E+00
   170  6.80000000E+01  1.33822524E+00  1.01343099E+00  1.33822524E+00
   171  6.84000000E+01  1.33818041E+00  1.01461573E+00  1.33818041E+00
   172  6.88000000E+01  1.33813887E+00  1.01588373E+00  1.33813887E+00
   173  6.92000000E+01  1.33810535E+00  1.01723936E+00  1.33810535E+00
   174  6.96000000E+01  1.33807556E+00  1.01868709E+00  1.33807556E+00
   175  7.00000000E+01  1.33804862E+00  1.02023146E+00  1.33804862E+00
   176  7.04000000E+01  1.33802461E+00  1.02187703E+00  1.33802461E+00
   177  7.08000000E+01  1.33800277E+00  1.02362841E+00  1.33800277E+00
   178  7.12000000E+01  1.33798325E+00  1.02549019E+00  1.33798325E+00
   179  7.16000000E+01  1.33796515E+00  1.02746693E+00  1.33796515E+00
   180  7.20000000E+01  1.33794970E+00  1.02956313E+00  1.33794970E+00
   181  7.24000000E+01  1.33793544E+00  1.03178318E+00  1.33793544E+00
   182  7.28000000E+01  1.33792230E+00  1.03413131E+00  1.33792230E+00
   183  7.32000000E+01  1.33791112E+00  1.03661157E+00  1.33791112E+00
   184  7.36000000E+01  1.33790109E+00  1.03922779E+00  1.33790109E+00
   185  7.40000000E+01  1.33789195E+00  1.04198351E+00  1.33789195E+00
   186  7.44000000E+01  1.33788365E+00  1.04488193E+00  1.33788365E+00
   187  7.48000000E+01  1.33787613E+00  1.04792587E+00  1.33787613E+00
   188  7.52000000E+01  1.33786935E+00  1.05111774E+00  1.33786935E+00
   189  7.56000000E+01  1.33786380E+00  1.05445942E+00  1.33786380E+00
   190  7.60000000E+01  1.33785898E+00  1.05795230E+00  1.33785898E+00
   191  7.64000000E+01  1.33785471E+00  1.06159715E+00  1.33785471E+00
   192  7.68000000E+01  1.33785093E+00  1.06539415E+00  1.33785093E+00
   193  7.72000000E+01  1.33784761E+00  1.06934279E+00  1.33784761E+00
   194  7.76000000E+01  1.33784471E+00  1.07344187E+00  1.33784471E+00
   195  7.80000000E+01  1.33784220E+00  1.07768946E+00  1.33784220E+00
   196  7.84000000E+01  1.33784005E+00  1.08208289E+00  1.33784005E+00
   197  7.88000000E+01  1.33783822E+00  1.08661874E+00  1.33783822E+00
   198  7.92000000E+01  1.33783669E+00  1.09129283E+00  1.33783669E+00
   199  7.96000000E+01  1.33783542E+00  1.09610026E+00  1.33783542E+00
   200  8.00000000E+01  1.33783439E+00  1.10103538E+00  1.33783439E+00
   201  8.04000000E+01  1.33783358E+00  1.10609190E+00  1.33783358E+00
   202  8.08000000E+01  1.33783297E+00  1.11126288E+00  1.33783297E+00
   203  8.12000000E+01  1.33783253E+00  1.11654080E+00  1.33783253E+00
   204  8.16000000E+01  1.33783224E+00  1.12191765E+00  1.33783224E+00
   205  8.20000000E+01  1.33783210E+00  1.12738501E+00  1.33783210E+00
   206  8.24000000E+01  1.33783207E+00  1.13293409E+00  1.33783207E+00
   207  8.28000000E+01  1.33783215E+00  1.13855591E+00  1.33783215E+00
   208  8.32000000E+01  1.33783232E+00  1.14424133E+00  1.33783232E+00
   209  8.36000000E+01  1.33783258E+00  1.14998116E+00  1.33783258E+00
   210  8.40000000E+01  1.33783290E+00  1.15576630E+00  1.33783290E+00
   211  8.44000000E+01  1.33783328E+00  1.16158778E+00  1.33783328E+00
   212  8.48000000E+01  1.33783371E+00  1.16743688E+00  1.33783371E+00
   213  8.52000000E+01  1.33783418E+00  1.17330519E+00  1.33783418E+00
   214  8.56000000E+01  1.33783468E+00  1.17918462E+00  1.33783468E+00
   215  8.60000000E+01  1.33783521E+00  1.18506752E+00  1.33783521E+00
   216  8.64000000E+01  1.33783576E+00  1.19094660E+00  1.33783576E+00
   217  8.68000000E+01  1.33783632E+00  1.19681495E+00  1.33783632E+00
   218  8.72000000E+01  1.33783689E+00  1.20266602E+00  1.33783689E+00
   219  8.76000000E+01  1.33783746E+00  1.20849348E+00  1.33783746E+00
   220  8.80000000E+01  1.33783804E+00  1.21429119E+00  1.33783804E+00
   221  8.84000000E+01  1.33783861E+00  1.22005302E+00  1.33783861E+00
   222  8.88000000E+01  1.33783917E+00  1.22577277E+00  1.33783917E+00
   223  8.92000000E+01  1.33783973E+00  1.23144393E+00  1.33783973E+00
   224  8.96000000E+01  1.33784028E+00  1.23705960E+00  1.33784028E+00
   225  9.00000000E+01  1.33784081E+00  1.24261229E+00  1.33784081E+00
   226  9.04000000E+01  1.33784134E+00  1.24809374E+00  1.33784134E+00
   227  9.08000000E+01  1.33784184E+00  1.25349487E+00  1.33784184E+00
   228  9.12000000E+01  1.33784233E+00  1.25880560E+00  1.33784233E+00
   229  9.16000000E+01  1.33784280E+00  1.26401488E+00  1.33784280E+00
   230  9.20000000E+01  1.33784326E+00  1.26911062E+00  1.33784326E+00
   231  9.24000000E+01  1.33784370E+00  1.27407981E+00  1.33784370E+00
   232  9.28000000E+01  1.33784412E+00  1.27890862E+00  1.33784412E+00
   233  9.32000000E+01  1.33784452E+00  1.28358264E+00  1.33784452E+00
   234  9.36000000E+01  1.33784490E+00  1.28808711E+00  1.33784490E+00
   235  9.40000000E+01  1.33784527E+00  1.29240733E+00  1.33784527E+00
   236  9.44000000E+01  1.33784562E+00  1.29652904E+00  1.33784562E+00
   237  9.48000000E+01  1.33784595E+00  1.30043888E+00  1.33784595E+00
   238  9.52000000E+01  1.33784626E+00  1.30412491E+00  1.33784626E+00
   239  9.56000000E+01  1.33784656E+00  1.30757709E+00  1.33784656E+00
   240  9.60000000E+01  1.33784684E+00  1.31078779E+00  1.33784684E+00
   241  9.64000000E+01  1.33784710E+00  1.31375222E+00  1.33784710E+00
   242  9.68000000E+01  1.33784735E+00  1.31646880E+00  1.33784735E+00
   243  9.72000000E+01  1.33784758E+00  1.31893937E+00  1.33784758E+00
   244  9.76000000E+01  1.33784780E+00  1.32116932E+00  1.33784780E+00
   245  9.80000000E+01  1.33784801E+00  1.32316752E+00  1.33784801E+00
   246  9.84000000E+01  1.33784820E+00  1.32494606E+00  1.33784820E+00
   247  9.88000000E+01  1.33784838E+00  1.32651981E+00  1.33784838E+00
   248  9.92000000E+01  1.33784855E+00  1.32790585E+00  1.33784855E+00
   249  9.96000000E+01  1.33784871E+00  1.32912272E+00  1.33784871E+00
   250  1.00000000E+02  1.33784885E+00  1.33018957E+00  1.33784885E+00
   251  1.00400000E+02  1.33784899E+00  1.33112534E+00  1.33784899E+00
   252  1.00800000E+02  1.33784912E+00  1.33194791E+00  1.33784912E+00
   253  1.01200000E+02  1.33784923E+00  1.33267338E+00  1.33784923E+00
   254  1.01600000E+02  1.33784934E+00  1.33331554E+00  1.33784934E+00
   255  1.02000000E+02  1.33784944E+00  1.33388553E+00  1.33784944E+00
   256  1.02400000E+02  1.33784954E+00  1.33439180E+00  1.33784954E+00
   257  1.02800000E+02  1.33784962E+00  1.33484027E+00  1.33784962E+00
   258  1.03200000E+02  1.33784970E+00  1.33523477E+00  1.33784970E+00
   259  1.03600000E+02  1.33784978E+00  1.33557761E+00  1.33784978E+00
   260  1.04000000E+02  1.33784984E+00  1.33587033E+00  1.33784984E+00
   261  1.04400000E+02  1.33784991E+00  1.33611432E+00  1.33784991E+00
   262  1.04800000E+02  1.33784996E+00  1.33631152E+00  1.33784996E+00
   263  1.05200000E+02  1.33785002E+00  1.33646480E+00  1.33785002E+00
   264  1.05600000E+02  1.33785006E+00  1.33657823E+00  1.33785006E+00
   265  1.06000000E+02  1.33785011E+00  1.33665701E+00  1.33785011E+00
   266  1.06400000E+02  1.33785015E+00  1.33670723E+00  1.33785015E+00
   267  1.06800000E+02  1.33785019E+00  1.33673542E+00  1.33785019E+00
   268  1.07200000E+02  1.33785022E+00  1.33674797E+00  1.33785022E+00
   269  1.07600000E+02  1.33785025E+00  1.33675059E+00  1.33785025E+00
   270  1.08000000E+02  1.33785028E+00  1.33674783E+00  1.33785028E+00
   271  1.08400000E+02  1.33785031E+00  1.33674275E+00  1.33785031E+00
   272  1.08800000E+02  1.33785033E+00  1.33673682E+00  1.33785033E+00
   273  1.09200000E+02  1.33785035E+00  1.33673009E+00  1.33785035E+00
   274  1.09600000E+02  1.33785037E+00  1.33672146E+00  1.33785037E+00
   275  1.10000000E+02  1.33785039E+00  1.33670922E+00  1.33785039E+00
   276  1.10400000E+02  1.33785040E+00  1.33669151E+00  1.33785040E+00
   277  1.10800000E+02  1.33785042E+00  1.33666684E+00  1.33785042E+00
   278  1.11200000E+02  1.33785043E+00  1.33663443E+00  1.33785043E+00
   279  1.11600000E+02  1.33785045E+00  1.33659439E+00  1.33785045E+00
   280  1.12000000E+02  1.33785046E+00  1.33654775E+00  1.33785046E+00
   281  1.12400000E+02  1.33785047E+00  1.33649626E+00  1.33785047E+00
   282  1.12800000E+02  1.33785048E+00  1.33644207E+00  1.33785048E+00
   283  1.13200000E+02  1.33785049E+00  1.33638740E+00  1.33785049E+00
   284  1.13600000E+02  1.33785049E+00  1.33633421E+00  1.33785049E+00
   285  1.14000000E+02  1.33785050E+00  1.33628388E+00  1.33785050E+00
   286  1.14400000E+02  1.33785051E+00  1.33623716E+00  1.33785051E+00
   287  1.14800000E+02  1.33785051E+00  1.33619413E+00  1.33785051E+00
   288  1.15200000E+02  1.33785052E+00  1.33615433E+00  1.33785052E+00
   289  1.15600000E+02  1.33785052E+00  1.33611699E+00  1.33785052E+00
   290  1.16000000E+02  1.33785053E+00  1.33608125E+00  1.33785053E+00
   291  1.16400000E+02  1.33785053E+00  1.33604639E+00  1.33785053E+00
   292  1.16800000E+02  1.33785054E+00  1.33601194E+00  1.33785054E+00
   293  1.17200000E+02  1.33785054E+00  1.33597779E+00  1.33785054E+00
   294  1.17600000E+02  1.33785055E+00  1.33594416E+00  1.33785055E+00
   295  1.18000000E+02  1.33785055E+00  1.33591147E+00  1.33785055E+00
   296  1.18400000E+02  1.33785055E+00  1.33588023E+00  1.33785055E+00
   297  1.18800000E+02  1.33785056E+00  1.33585093E+00  1.33785056E+00
   298  1.19200000E+02  1.33785056E+00  1.33582388E+00  1.33785056E+00
   299  1.19600000E+02  1.33785056E+00  1.33579922E+00  1.33785056E+00
   300  1.20000000E+02  1.33785057E+00  1.33577686E+00  1.33785057E+00
   301  1.20400000E+02  1.33785057E+00  1.33575656E+00  1.33785057E+00
   302  1.20800000E+02  1.33785057E+00  1.33573800E+00  1.33785057E+00
   303  1.21200000E+02  1.33785057E+00  1.33572083E+00  1.33785057E+00
   304  1.21600000E+02  1.33785058E+00  1.33570475E+00  1.33785058E+00
   305  1.22000000E+02  1.33785058E+00  1.33568960E+00  1.33785058E+00
   306  1.22400000E+02  1.33785058E+00  1.33567527E+00  1.33785058E+00
   307  1.22800000E+02  1.33785058E+00  1.33566177E+00  1.33785058E+00
   308  1.23200000E+02  1.33785058E+00  1.33564918E+00  1.33785058E+00
   309  1.23600000E+02  1.33785059E+00  1.33563757E+00  1.33785059E+00
   310  1.24000000E+02  1.33785059E+00  1.33562700E+00  1.33785059E+00
   311  1.24400000E+02  1.33785059E+00  1.33561748E+00  1.33785059E+00
   312  1.24800000E+02  1.33785059E+00  1.33560899E+00  1.33785059E+00
   313  1.25200000E+02  1.33785060E+00  1.33560146E+00  1.33785060E+00
   314  1.25600000E+02  1.33785060E+00  1.33559476E+00  1.33785060E+00
   315  1.26000000E+02  1.33785060E+00  1.33558881E+00  1.33785060E+00
   316  1.26400000E+02  1.33785060E+00  1.33558348E+00  1.33785060E+00
   317  1.26800000E+02  1.33785060E+00  1.33557871E+00  1.33785060E+00
   318  1.27200000E+02  1.33785060E+00  1.33557443E+00  1.33785060E+00
   319  1.27600000E+02  1.33785061E+00  1.33557061E+00  1.33785061E+00
   320  1.28000000E+02  1.33785061E+00  1.33556723E+00  1.33785061E+00
   321  1.28400000E+02  1.33785061E+00  1.33556426E+00  1.33785061E+00
   322  1.28800000E+02  1.33785061E+00  1.33556170E+00  1.33785061E+00
   323  1.29200000E+02  1.33785061E+00  1.33555951E+00  1.33785061E+00
   324  1.29600000E+02  1.33785061E+00  1.33555768E+00  1.33785061E+00
   325  1.30000000E+02  1.33785062E+00  1.33555616E+00  1.33785062E+00
   326  1.30400000E+02  1.33785062E+00  1.33555492E+00  1.33785062E+00
   327  1.30800000E+02  1.33785062E+00  1.33555394E+00  1.33785062E+00
   328  1.31200000E+02  1.33785062E+00  1.33555317E+00  1.33785062E+00
   329  1.31600000E+02  1.33785062E+00  1.33555260E+00  1.33785062E+00
   330  1.32000000E+02  1.33785062E+00  1.33555219E+00  1.33785062E+00
   331  1.32400000E+02  1.33785062E+00  1.33555194E+00  1.33785062E+00
   332  1.32800000E+02  1.33785062E+00  1.33555183E+00  1.33785062E+00
   333  1.33200000E+02  1.33785063E+00  1.33555183E+00  1.33785063E+00
   334  1.33600000E+02  1.33785063E+00  1.33555195E+00  1.33785063E+00
   335  1.34000000E+02  1.33785063E+00  1.33555216E+00  1.33785063E+00
   336  1.34400000E+02  1.33785063E+00  1.33555245E+00  1.33785063E+00
   337  1.34800000E+02  1.33785063E+00  1.33555281E+00  1.33785063E+00
   338  1.35200000E+02  1.33785063E+00  1.33555322E+00  1.33785063E+00
   339  1.35600000E+02  1.33785063E+00  1.33555369E+00  1.33785063E+00
   340  1.36000000E+02  1.33785063E+00  1.33555419E+00  1.33785063E+00
   341  1.36400000E+02  1.33785063E+00  1.33555473E+00  1.33785063E+00
   342  1.36800000E+02  1.33785063E+00  1.33555529E+00  1.33785063E+00
   343  1.37200000E+02  1.33785064E+00  1.33555587E+00  1.33785064E+00
   344  1.37600000E+02  1.33785064E+00  1.33555646E+00  1.33785064E+00
   345  1.38000000E+02  1.33785064E+00  1.33555706E+00  1.33785064E+00
   346  1.38400000E+02  1.33785064E+00  1.33555766E+00  1.33785064E+00
   347  1.38800000E+02  1.33785064E+00  1.33555826E+00  1.33785064E+00
   348  1.39200000E+02  1.33785064E+00  1.33555886E+00  1.33785064E+00
   349  1.39600000E+02  1.33785064E+00  1.33555945E+00  1.33785064E+00
   350  1.40000000E+02  1.33785064E+00  1.33556003E+00  1.33785064E+00
   351  1.40400000E+02  1.33785064E+00  1.33556060E+00  1.33785064E+00
   352  1.40800000E+02  1.33785064E+00  1.33556116E+00  1.33785064E+00
   353  1.41200000E+02  1.33785064E+00  1.33556170E+00  1.33785064E+00
   354  1.41600000E+02  1.33785064E+00  1.33556223E+00  1.33785064E+00
   355  1.42000000E+02  1.33785064E+00  1.33556274E+00  1.33785064E+00
   356  1.42400000E+02  1.33785064E+00  1.33556323E+00  1.33785064E+00
   357  1.42800000E+02  1.33785064E+00  1.33556370E+00  1.33785064E+00
   358  1.43200000E+02  1.33785064E+00  1.33556415E+00  1.33785064E+00
   359  1.43600000E+02  1.33785064E+00  1.33556458E+00  1.33785064E+00
   360  1.44000000E+02  1.33785065E+00  1.33556500E+00  1.33785065E+00
   361  1.44400000E+02  1.33785065E+00  1.33556539E+00  1.33785065E+00
   362  1.44800000E+02  1.33785065E+00  1.33556577E+00  1.33785065E+00
   363  1.45200000E+02  1.33785065E+00  1.33556613E+00  1.33785065E+00
   364  1.45600000E+02  1.33785065E+00  1.33556647E+00  1.33785065E+00
   365  1.46000000E+02  1.33785065E+00  1.33556679E+00  1.33785065E+00
   366  1.46400000E+02  1.33785065E+00  1.33556710E+00  1.33785065E+00
   367  1.46800000E+02  1.33785065E+00  1.33556738E+00  1.33785065E+00
   368  1.47200000E+02  1.33785065E+00  1.33556765E+00  1.33785065E+00
   369  1.47600000E+02  1.33785065E+00  1.33556791E+00  1.33785065E+00
   370  1.48000000E+02  1.33785065E+00  1.33556815E+00  1.33785065E+00
   371  1.48400000E+02  1.33785065E+00  1.33556837E+00  1.33785065E+00
   372  1.48800000E+02  1.33785065E+00  1.33556858E+00  1.33785065E+00
   373  1.49200000E+02  1.33785065E+00  1.33556878E+00  1.33785065E+00
   374  1.49600000E+02  1.33785065E+00  1.33556897E+00  1.33785065E+00
   375  1.50000000E+02  1.33785065E+00  1.33556914E+00  1.33785065E+00
   376  1.50400000E+02  1.33785065E+00  1.33556930E+00  1.33785065E+00
   377  1.50800000E+02  1.33785065E+00  1.33556945E+00  1.33785065E+00
   378  1.51200000E+02  1.33785065E+00  1.33556959E+00  1.33785065E+00
   379  1.51600000E+02  1.33785065E+00  1.33556972E+00  1.33785065E+00
   380  1.52000000E+02  1.33785065E+00  1.33556984E+00  1.33785065E+00
   381  1.52400000E+02  1.33785065E+00  1.33556995E+00  1.33785065E+00
   382  1.52800000E+02  1.33785065E+00  1.33557005E+00  1.33785065E+00
   383  1.53200000E+02  1.33785065E+00  1.33557015E+00  1.33785065E+00
   384  1.53600000E+02  1.33785065E+00  1.33557023E+00  1.33785065E+00
   385  1.54000000E+02  1.33785065E+00  1.33557031E+00  1.33785065E+00
   386  1.54400000E+02  1.33785065E+00  1.33557039E+00  1.33785065E+00
   387  1.54800000E+02  1.33785065E+00  1.33557046E+00  1.33785065E+00
   388  1.55200000E+02  1.33785065E+00  1.33557052E+00  1.33785065E+00
   389  1.55600000E+02  1.33785065E+00  1.33557058E+00  1.33785065E+00
   390  1.56000000E+02  1.33785065E+00  1.33557063E+00  1.33785065E+00
   391  1.56400000E+02  1.33785065E+00  1.33557068E+00  1.33785065E+00
   392  1.56800000E+02  1.33785065E+00  1.33557073E+00  1.33785065E+00
   393  1.57200000E+02  1.33785065E+00  1.33557077E+00  1.33785065E+00
   394  1.57600000E+02  1.33785065E+00  1.33557080E+00  1.33785065E+00
   395  1.58000000E+02  1.33785065E+00  1.33557084E+00  1.33785065E+00
   396  1.58400000E+02  1.33785065E+00  1.33557087E+00  1.33785065E+00
   397  1.58800000E+02  1.33785065E+00  1.33557090E+00  1.33785065E+00
   398  1.59200000E+02  1.33785065E+00  1.33557092E+00  1.33785065E+00
   399  1.59600000E+02  1.33785065E+00  1.33557095E+00  1.33785065E+00
   400  1.60000000E+02  1.33785065E+00  1.33557097E+00  1.33785065E+00
   401  1.60400000E+02  1.33785065E+00  1.33557099E+00  1.33785065E+00
   402  1.60800000E+02  1.33785065E+00  1.33557101E+00  1.33785065E+00
   403  1.61200000E+02  1.33785065E+00  1.33557102E+00  1.33785065E+00
   404  1.61600000E+02  1.33785065E+00  1.33557104E+00  1.33785065E+00
   405  1.62000000E+02  1.33785065E+00  1.33557105E+00  1.33785065E+00
   406  1.62400000E+02  1.33785065E+00  1.33557106E+00  1.33785065E+00
   407  1.62800000E+02  1.33785065E+00  1.33557107E+00  1.33785065E+00
   408  1.63200000E+02  1.33785065E+00  1.33557108E+00  1.33785065E+00
   409  1.63600000E+02  1.33785065E+00  1.33557109E+00  1.33785065E+00
   410  1.64000000E+02  1.33785065E+00  1.33557110E+00  1.33785065E+00
   411  1.64400000E+02  1.33785065E+00  1.33557111E+00  1.33785065E+00
   412  1.64800000E+02  1.33785065E+00  1.33557112E+00  1.33785065E+00
   413  1.65200000E+02  1.33785065E+00  1.33557112E+00  1.33785065E+00
   414  1.65600000E+02  1.33785065E+00  1.33557113E+00  1.33785065E+00
   415  1.66000000E+02  1.33785065E+00  1.33557114E+00  1.33785065E+00
   416  1.66400000E+02  1.33785065E+00  1.33557114E+00  1.33785065E+00
   417  1.66800000E+02  1.33785065E+00  1.33557115E+00  1.33785065E+00
   418  1.67200000E+02  1.33785065E+00  1.33557115E+00  1.33785065E+00
   419  1.67600000E+02  1.33785065E+00  1.33557115E+00  1.33785065E+00
   420  1.68000000E+02  1.33785065E+00  1.33557116E+00  1.33785065E+00
   421  1.68400000E+02  1.33785065E+00  1.33557116E+00  1.33785065E+00
   422  1.68800000E+02  1.33785065E+00  1.33557117E+00  1.33785065E+00
   423  1.69200000E+02  1.33785065E+00  1.33557117E+00  1.33785065E+00
   424  1.69600000E+02  1.33785065E+00  1.33557117E+00  1.33785065E+00
   425  1.70000000E+02  1.33785065E+00  1.33557118E+00  1.33785065E+00
   426  1.70400000E+02  1.33785065E+00  1.33557118E+00  1.33785065E+00
   427  1.70800000E+02  1.33785065E+00  1.33557118E+00  1.33785065E+00
   428  1.71200000E+02  1.33785065E+00  1.33557118E+00  1.33785065E+00
   429  1.71600000E+02  1.33785065E+00  1.33557119E+00  1.33785065E+00
   430  1.72000000E+02  1.33785065E+00  1.33557119E+00  1.33785065E+00
   431  1.72400000E+02  1.33785065E+00  1.33557119E+00  1.33785065E+00
   432  1.72800000E+02  1.33785065E+00  1.33557119E+00  1.33785065E+00
   433  1.73200000E+02  1.33785065E+00  1.33557120E+00  1.33785065E+00
   434  1.73600000E+02  1.33785065E+00  1.33557120E+00  1.33785065E+00
   435  1.74000000E+02  1.33785065E+00  1.33557120E+00  1.33785065E+00
   436  1.74400000E+02  1.33785065E+00  1.33557120E+00  1.33785065E+00
   437  1.74800000E+02  1.33785065E+00  1.33557120E+00  1.33785065E+00
   438  1.75200000E+02  1.33785065E+00  1.33557121E+00  1.33785065E+00
   439  1.75600000E+02  1.33785065E+00  1.33557121E+00  1.33785065E+00
   440  1.76000000E+02  1.33785065E+00  1.33557121E+00  1.33785065E+00
   441  1.76400000E+02  1.33785065E+00  1.33557121E+00  1.33785065E+00
   442  1.76800000E+02  1.33785065E+00  1.33557121E+00  1.33785065E+00
   443  1.77200000E+02  1.33785065E+00  1.33557122E+00  1.33785065E+00
   444  1.77600000E+02  1.33785065E+00  1.33557122E+00  1.33785065E+00
   445  1.78000000E+02  1.33785065E+00  1.33557122E+00  1.33785065E+00
   446  1.78400000E+02  1.33785065E+00  1.33557122E+00  1.33785065E+00
   447  1.78800000E+02  1.33785065E+00  1.33557122E+00  1.33785065E+00
   448  1.79200000E+02  1.33785065E+00  1.33557122E+00  1.33785065E+00
   449  1.79600000E+02  1.33785065E+00  1.33557123E+00  1.33785065E+00
   450  1.80000000E+02  1.33785065E+00  1.33557123E+00  1.33785065E+00
   451  1.80400000E+02  1.33785065E+00  1.33557123E+00  1.33785065E+00
   452  1.80800000E+02  1.33785065E+00  1.33557123E+00  1.33785065E+00
   453  1.81200000E+02  1.33785065E+00  1.33557123E+00  1.33785065E+00
   454  1.81600000E+02  1.33785065E+00  1.33557123E+00  1.33785065E+00
   455  1.82000000E+02  1.33785065E+00  1.33557124E+00  1.33785065E+00
   456  1.82400000E+02  1.33785065E+00  1.33557124E+00  1.33785065E+00
   457  1.82800000E+02  1.33785065E+00  1.33557124E+00  1.33785065E+00
   458  1.83200000E+02  1.33785065E+00  1.33557124E+00  1.33785065E+00
   459  1.83600000E+02  1.33785065E+00  1.33557124E+00  1.33785065E+00
   460  1.84000000E+02  1.33785065E+00  1.33557124E+00  1.33785065E+00
   461  1.84400000E+02  1.33785065E+00  1.33557124E+00  1.33785065E+00
   462  1.84800000E+02  1.33785065E+00  1.33557124E+00  1.33785065E+00
   463  1.85200000E+02  1.33785065E+00  1.33557124E+00  1.33785065E+00
   464  1.85600000E+02  1.33785065E+00  1.33557125E+00  1.33785065E+00
   465  1.86000000E+02  1.33785065E+00  1.33557125E+00  1.33785065E+00
   466  1.86400000E+02  1.33785065E+00  1.33557125E+00  1.33785065E+00
   467  1.86800000E+02  1.33785065E+00  1.33557125E+00  1.33785065E+00
   468  1.87200000E+02  1.33785065E+00  1.33557125E+00  1.33785065E+00
   469  1.87600000E+02  1.33785065E+00  1.33557125E+00  1.33785065E+00
   470  1.88000000E+02  1.33785065E+00  1.33557125E+00  1.33785065E+00
   471  1.88400000E+02  1.33785065E+00  1.33557125E+00  1.33785065E+00
   472  1.88800000E+02  1.33785065E+00  1.33557125E+00  1.33785065E+00
   473  1.89200000E+02  1.33785065E+00  1.33557125E+00  1.33785065E+00
   474  1.89600000E+02  1.33785065E+00  1.33557125E+00  1.33785065E+00
   475  1.90000000E+02  1.33785065E+00  1.33557125E+00  1.33785065E+00
   476  1.90400000E+02  1.33785065E+00  1.33557126E+00  1.33785065E+00
   477  1.90800000E+02  1.33785065E+00  1.33557126E+00  1.33785065E+00
   478  1.91200000E+02  1.33785065E+00  1.33557126E+00  1.33785065E+00
   479  1.91600000E+02  1.33785065E+00  1.33557126E+00  1.33785065E+00
   480  1.92000000E+02  1.33785065E+00  1.33557126E+00  1.33785065E+00
   481  1.92400000E+02  1.33785065E+00  1.33557126E+00  1.33785065E+00
   482  1.92800000E+02  1.33785065E+00  1.33557126E+00  1.33785065E+00
   483  1.93200000E+02  1.33785065E+00  1.33557126E+00  1.33785065E+00
   484  1.93600000E+02  1.33785065E+00  1.33557126E+00  1.33785065E+00
   485  1.94000000E+02  1.33785065E+00  1.33557126E+00  1.33785065E+00
   486  1.94400000E+02  1.33785065E+00  1.33557126E+00  1.33785065E+00
   487  1.94800000E+02  1.33785065E+00  1.33557126E+00  1.33785065E+00
   488  1.95200000E+02  1.33785065E+00  1.33557126E+00  1.33785065E+00
   489  1.95600000E+02  1.33785065E+00  1.33557126E+00  1.33785065E+00
   490  1.96000000E+02  1.33785065E+00  1.33557126E+00  1.33785065E+00
   491  1.96400000E+02  1.33785065E+00  1.33557126E+00  1.33785065E+00
   492  1.96800000E+02  1.33785065E+00  1.33557126E+00  1.33785065E+00
   493  1.97200000E+02  1.33785065E+00  1.33557126E+00  1.33785065E+00
   494  1.97600000E+02  1.33785065E+00  1.33557126E+00  1.33785065E+00
   495  1.98000000E+02  1.33785065E+00  1.33557126E+00  1.33785065E+00
   496  1.98400000E+02  1.33785065E+00  1.33557126E+00  1.33785065E+00
   497  1.98800000E+02  1.33785065E+00  1.33557126E+00  1.33785065E+00
   498  1.99200000E+02  1.33785065E+00  1.33557126E+00  1.33785065E+00
   499  1.99600000E+02  1.33785065E+00  1.33557126E+00  1.33785065E+00
   500  2.00000000E+02  1.33785065E+00  1.33557126E+00  1.33785065E+00
   501  2.00400000E+02  1.33785065E+00  1.33557126E+00  1.33785065E+00
   502  2.00800000E+02  1.33785065E+00  1.33557127E+00  1.33785065E+00
   503  2.01200000E+02  1.33785065E+00  1.33557127E+00  1.33785065E+00
   504  2.01600000E+02  1.33785065E+00  1.33557127E+00  1.33785065E+00
   505  2.02000000E+02  1.33785065E+00  1.33557127E+00  1.33785065E+00
   506  2.02400000E+02  1.33785065E+00  1.33557127E+00  1.33785065E+00
   507  2.02800000E+02  1.33785065E+00  1.33557127E+00  1.33785065E+00
   508  2.03200000E+02  1.33785065E+00  1.33557127E+00  1.33785065E+00
   509  2.03600000E+02  1.33785065E+00  1.33557127E+00  1.33785065E+00
   510  2.04000000E+02  1.33785065E+00  1.33557127E+00  1.33785065E+00
   511  2.04400000E+02  1.33785065E+00  1.33557127E+00  1.33785065E+00
   512  2.04800000E+02  1.33785065E+00  1.33557127E+00  1.33785065E+00
   513  2.05200000E+02  1.33785065E+00  1.33557127E+00  1.33785065E+00
   514  2.05600000E+02  1.33785065E+00  1.33557127E+00  1.33785065E+00
   515  2.06000000E+02  1.33785065E+00  1.33557127E+00  1.33785065E+00
   516  2.06400000E+02  1.33785065E+00  1.33557127E+00  1.33785065E+00
   517  2.06800000E+02  1.33785065E+00  1.33557127E+00  1.33785065E+00
   518  2.07200000E+02  1.33785065E+00  1.33557127E+00  1.33785065E+00
   519  2.07600000E+02  1.33785065E+00  1.33557127E+00  1.33785065E+00
   520  2.08000000E+02  1.33785065E+00  1.33557127E+00  1.33785065E+00
   521  2.08400000E+02  1.33785065E+00  1.33557127E+00  1.33785065E+00
   522  2.08800000E+02  1.33785065E+00  1.33557127E+00  1.33785065E+00
   523  2.09200000E+02  1.33785065E+00  1.33557127E+00  1.33785065E+00
   524  2.09600000E+02  1.33785065E+00  1.33557127E+00  1.33785065E+00
   525  2.10000000E+02  1.33785065E+00  1.33557127E+00  1.33785065E+00
   526  2.10400000E+02  1.33785065E+00  1.33557127E+00  1.33785065E+00
   527  2.10800000E+02  1.33785065E+00  1.33557127E+00  1.33785065E+00
   528  2.11200000E+02  1.33785065E+00  1.33557127E+00  1.33785065E+00
   529  2.11600000E+02  1.33785065E+00  1.33557127E+00  1.33785065E+00
   530  2.12000000E+02  1.33785065E+00  1.33557127E+00  1.33785065E+00
   531  2.12400000E+02  1.33785065E+00  1.33557127E+00  1.33785065E+00
   532  2.12800000E+02  1.33785065E+00  1.33557127E+00  1.33785065E+00
   533  2.13200000E+02  1.33785065E+00  1.33557127E+00  1.33785065E+00
   534  2.13600000E+02  1.33785065E+00  1.33557127E+00  1.33785065E+00
   535  2.14000000E+02  1.33785065E+00  1.33557127E+00  1.33785065E+00
   536  2.14400000E+02  1.33785065E+00  1.33557127E+00  1.33785065E+00
   537  2.14800000E+02  1.33785065E+00  1.33557127E+00  1.33785065E+00
   538  2.15200000E+02  1.33785065E+00  1.33557127E+00  1.33785065E+00
   539  2.15600000E+02  1.33785065E+00  1.33557127E+00  1.33785065E+00
   540  2.16000000E+02  1.33785065E+00  1.33557127E+00  1.33785065E+00
   541  2.16400000E+02  1.33785065E+00  1.33557127E+00  1.33785065E+00
   542  2.16800000E+02  1.33785065E+00  1.33557127E+00  1.33785065E+00
   543  2.17200000E+02  1.33785065E+00  1.33557127E+00  1.33785065E+00
   544  2.17600000E+02  1.33785065E+00  1.33557127E+00  1.33785065E+00
   545  2.18000000E+02  1.33785065E+00  1.33557127E+00  1.33785065E+00
   546  2.18400000E+02  1.33785065E+00  1.33557127E+00  1.33785065E+00
   547  2.18800000E+02  1.33785065E+00  1.33557127E+00  1.33785065E+00
   548  2.19200000E+02  1.33785065E+00  1.33557127E+00  1.33785065E+00
   549  2.19600000E+02  1.33785065E+00  1.33557127E+00  1.33785065E+00
   550  2.20000000E+02  1.33785065E+00  1.33557127E+00  1.33785065E+00
   551  2.20400000E+02  1.33785065E+00  1.33557127E+00  1.33785065E+00
   552  2.20800000E+02  1.33785065E+00  1.33557127E+00  1.33785065E+00
   553  2.21200000E+02  1.33785065E+00  1.33557127E+00  1.33785065E+00
   554  2.21600000E+02  1.33785065E+00  1.33557127E+00  1.33785065E+00
   555  2.22000000E+02  1.33785065E+00  1.33557127E+00  1.33785065E+00
   556  2.22400000E+02  1.33785065E+00  1.33557127E+00  1.33785065E+00
   557  2.22800000E+02  1.33785065E+00  1.33557127E+00  1.33785065E+00
   558  2.23200000E+02  1.33785065E+00  1.33557127E+00  1.33785065E+00
   559  2.23600000E+02  1.33785065E+00  1.33557127E+00  1.33785065E+00
   560  2.24000000E+02  1.33785065E+00  1.33557127E+00  1.33785065E+00
   561  2.24400000E+02  1.33785065E+00  1.33557127E+00  1.33785065E+00
   562  2.24800000E+02  1.33785065E+00  1.33557127E+00  1.33785065E+00
   563  2.25200000E+02  1.33785065E+00  1.33557127E+00  1.33785065E+00
   564  2.25600000E+02  1.33785065E+00  1.33557127E+00  1.33785065E+00
   565  2.26000000E+02  1.33785065E+00  1.33557127E+00  1.33785065E+00
   566  2.26400000E+02  1.33785065E+00  1.33557127E+00  1.33785065E+00
   567  2.26800000E+02  1.33785065E+00  1.33557127E+00  1.33785065E+00
   568  2.27200000E+02  1.33785065E+00  1.33557127E+00  1.33785065E+00
   569  2.27600000E+02  1.33785065E+00  1.33557127E+00  1.33785065E+00
   570  2.28000000E+02  1.33785065E+00  1.33557127E+00  1.33785065E+00
   571  2.28400000E+02  1.33785065E+00  1.33557127E+00  1.33785065E+00
   572  2.28800000E+02  1.33785065E+00  1.33557127E+00  1.33785065E+00
   573  2.29200000E+02  1.33785065E+00  1.33557127E+00  1.33785065E+00
   574  2.29600000E+02  1.33785065E+00  1.33557127E+00  1.33785065E+00
   575  2.30000000E+02  1.33785065E+00  1.33557127E+00  1.33785065E+00
   576  2.30400000E+02  1.33785065E+00  1.33557127E+00  1.33785065E+00
   577  2.30800000E+02  1.33785065E+00  1.33557127E+00  1.33785065E+00
   578  2.31200000E+02  1.33785065E+00  1.33557127E+00  1.33785065E+00
   579  2.31600000E+02  1.33785065E+00  1.33557127E+00  1.33785065E+00
   580  2.32000000E+02  1.33785065E+00  1.33557127E+00  1.33785065E+00
   581  2.32400000E+02  1.33785065E+00  1.33557127E+00  1.33785065E+00
   582  2.32800000E+02  1.33785065E+00  1.33557127E+00  1.33785065E+00
   583  2.33200000E+02  1.33785065E+00  1.33557127E+00  1.33785065E+00
   584  2.33600000E+02  1.33785065E+00  1.33557127E+00  1.33785065E+00
   585  2.34000000E+02  1.33785065E+00  1.33557127E+00  1.33785065E+00
   586  2.34400000E+02  1.33785065E+00  1.33557127E+00  1.33785065E+00
   587  2.34800000E+02  1.33785065E+00  1.33557127E+00  1.33785065E+00
   588  2.35200000E+02  1.33785065E+00  1.33557127E+00  1.33785065E+00
   589  2.35600000E+02  1.33785065E+00  1.33557127E+00  1.33785065E+00
   590  2.36000000E+02  1.33785065E+00  1.33557127E+00  1.33785065E+00
   591  2.36400000E+02  1.33785065E+00  1.33557127E+00  1.33785065E+00
   592  2.36800000E+02  1.33785065E+00  1.33557127E+00  1.33785065E+00
   593  2.37200000E+02  1.33785065E+00  1.33557127E+00  1.33785065E+00
   594  2.37600000E+02  1.33785065E+00  1.33557127E+00  1.33785065E+00
   595  2.38000000E+02  1.33785065E+00  1.33557127E+00  1.33785065E+00
   596  2.38400000E+02  1.33785065E+00  1.33557127E+00  1.33785065E+00
   597  2.38800000E+02  1.33785065E+00  1.33557127E+00  1.33785065E+00
   598  2.39200000E+02  1.33785065E+00  1.33557127E+00  1.33785065E+00
   599  2.39600000E+02  1.33785065E+00  1.33557127E+00  1.33785065E+00
   600  2.40000000E+02  1.33785065E+00  1.33557127E+00  1.33785065E+00
   601  2.40400000E+02  1.33785065E+00  1.33557127E+00  1.33785065E+00
   602  2.40800000E+02  1.33785065E+00  1.33557127E+00  1.33785065E+00
   603  2.41200000E+02  1.33785065E+00  1.33557127E+00  1.33785065E+00
   604  2.41600000E+02  1.33785065E+00  1.33557127E+00  1.33785065E+00
   605  2.42000000E+02  1.33785065E+00  1.33557127E+00  1.33785065E+00
   606  2.42400000E+02  1.33785065E+00  1.33557127E+00  1.33785065E+00
   607  2.42800000E+02  1.33785065E+00  1.33557127E+00  1.33785065E+00
   608  2.43200000E+02  1.33785065E+00  1.33557127E+00  1.33785065E+00
   609  2.43600000E+02  1.33785065E+00  1.33557127E+00  1.33785065E+00
   610  2.44000000E+02  1.33785065E+00  1.33557127E+00  1.33785065E+00
   611  2.44400000E+02  1.33785065E+00  1.33557127E+00  1.33785065E+00
   612  2.44800000E+02  1.33785065E+00  1.33557127E+00  1.33785065E+00
   613  2.45200000E+02  1.33785065E+00  1.33557127E+00  1.33785065E+00
   614  2.45600000E+02  1.33785065E+00  1.33557127E+00  1.33785065E+00
   615  2.46000000E+02  1.33785065E+00  1.33557127E+00  1.33785065E+00
   616  2.46400000E+02  1.33785065E+00  1.33557127E+00  1.33785065E+00
   617  2.46800000E+02  1.33785065E+00  1.33557127E+00  1.33785065E+00
   618  2.47200000E+02  1.33785065E+00  1.33557127E+00  1.33785065E+00
   619  2.47600000E+02  1.33785065E+00  1.33557127E+00  1.33785065E+00
   620  2.48000000E+02  1.33785065E+00  1.33557127E+00  1.33785065E+00
   621  2.48400000E+02  1.33785065E+00  1.33557127E+00  1.33785065E+00
   622  2.48800000E+02  1.33785065E+00  1.33557127E+00  1.33785065E+00
   623  2.49200000E+02  1.33785065E+00  1.33557127E+00  1.33785065E+00
   624  2.49600000E+02  1.33785065E+00  1.33557127E+00  1.33785065E+00
   625  2.50000000E+02  1.33785065E+00  1.33557127E+00  1.33785065E+00
   626  2.50400000E+02  1.33785065E+00  1.33557127E+00  1.33785065E+00
   627  2.50800000E+02  1.33785065E+00  1.33557127E+00  1.33785065E+00
   628  2.51200000E+02  1.33785065E+00  1.33557127E+00  1.33785065E+00
   629  2.51600000E+02  1.33785065E+00  1.33557127E+00  1.33785065E+00
   630  2.52000000E+02  1.33785065E+00  1.33557127E+00  1.33785065E+00
   631  2.52400000E+02  1.33785065E+00  1.33557127E+00  1.33785065E+00
   632  2.52800000E+02  1.33785065E+00  1.33557127E+00  1.33785065E+00
   633  2.53200000E+02  1.33785065E+00  1.33557127E+00  1.33785065E+00
   634  2.53600000E+02  1.33785065E+00  1.33557127E+00  1.33785065E+00
   635  2.54000000E+02  1.33785065E+00  1.33557127E+00  1.33785065E+00
   636  2.54400000E+02  1.33785065E+00  1.33557127E+00  1.33785065E+00
   637  2.54800000E+02  1.33785065E+00  1.33557127E+00  1.33785065E+00
   638  2.55200000E+02  1.33785065E+00  1.33557127E+00  1.33785065E+00
   639  2.55600000E+02  1.33785065E+00  1.33557127E+00  1.33785065E+00
   640  2.56000000E+02  1.33785065E+00  1.33557127E+00  1.33785065E+00
   641  2.56400000E+02  1.33785065E+00  1.33557127E+00  1.33785065E+00
   642  2.56800000E+02  1.33785065E+00  1.33557127E+00  1.33785065E+00
   643  2.57200000E+02  1.33785065E+00  1.33557127E+00  1.33785065E+00
   644  2.57600000E+02  1.33785065E+00  1.33557127E+00  1.33785065E+00
   645  2.58000000E+02  1.33785065E+00  1.33557127E+00  1.33785065E+00
   646  2.58400000E+02  1.33785065E+00  1.33557127E+00  1.33785065E+00
   647  2.58800000E+02  1.33785065E+00  1.33557127E+00  1.33785065E+00
   648  2.59200000E+02  1.33785065E+00  1.33557127E+00  1.33785065E+00
   649  2.59600000E+02  1.33785065E+00  1.33557127E+00  1.33785065E+00
   650  2.60000000E+02  1.33785065E+00  1.33557127E+00  1.33785065E+00
   651  2.60400000E+02  1.33785065E+00  1.33557127E+00  1.33785065E+00
   652  2.60800000E+02  1.33785065E+00  1.33557127E+00  1.33785065E+00
   653  2.61200000E+02  1.33785065E+00  1.33557127E+00  1.33785065E+00
   654  2.61600000E+02  1.33785065E+00  1.33557127E+00  1.33785065E+00
   655  2.62000000E+02  1.33785065E+00  1.33557127E+00  1.33785065E+00
   656  2.62400000E+02  1.33785065E+00  1.33557127E+00  1.33785065E+00
   657  2.62800000E+02  1.33785065E+00  1.33557127E+00  1.33785065E+00
   658  2.63200000E+02  1.33785065E+00  1.33557127E+00  1.33785065E+00
   659  2.63600000E+02  1.33785065E+00  1.33557127E+00  1.33785065E+00
   660  2.64000000E+02  1.33785065E+00  1.33557127E+00  1.33785065E+00
   661  2.64400000E+02  1.33785065E+00  1.33557127E+00  1.33785065E+00
   662  2.64800000E+02  1.33785065E+00  1.33557127E+00  1.33785065E+00
   663  2.65200000E+02  1.33785065E+00  1.33557127E+00  1.33785065E+00
   664  2.65600000E+02  1.33785065E+00  1.33557127E+00  1.33785065E+00
   665  2.66000000E+02  1.33785065E+00  1.33557127E+00  1.33785065E+00
   666  2.66400000E+02  1.33785065E+00  1.33557127E+00  1.33785065E+00
   667  2.66800000E+02  1.33785065E+00  1.33557127E+00  1.33785065E+00
   668  2.67200000E+02  1.33785065E+00  1.33557127E+00  1.33785065E+00
   669  2.67600000E+02  1.33785065E+00  1.33557127E+00  1.33785065E+00
   670  2.68000000E+02  1.33785065E+00  1.33557127E+00  1.33785065E+00
   671  2.68400000E+02  1.33785065E+00  1.33557127E+00  1.33785065E+00
   672  2.68800000E+02  1.33785065E+00  1.33557127E+00  1.33785065E+00
   673  2.69200000E+02  1.33785065E+00  1.33557127E+00  1.33785065E+00
   674  2.69600000E+02  1.33785065E+00  1.33557127E+00  1.33785065E+00
   675  2.70000000E+02  1.33785065E+00  1.33557127E+00  1.33785065E+00
   676  2.70400000E+02  1.33785065E+00  1.33557127E+00  1.33785065E+00
   677  2.70800000E+02  1.33785065E+00  1.33557127E+00  1.33785065E+00
   678  2.71200000E+02  1.33785065E+00  1.33557127E+00  1.33785065E+00
   679  2.71600000E+02  1.33785065E+00  1.33557127E+00  1.33785065E+00
   680  2.72000000E+02  1.33785065E+00  1.33557127E+00  1.33785065E+00
   681  2.72400000E+02  1.33785065E+00  1.33557127E+00  1.33785065E+00
   682  2.72800000E+02  1.33785065E+00  1.33557127E+00  1.33785065E+00
   683  2.73200000E+02  1.33785065E+00  1.33557127E+00  1.33785065E+00
   684  2.73600000E+02  1.33785065E+00  1.33557127E+00  1.33785065E+00
   685  2.74000000E+02  1.33785065E+00  1.33557127E+00  1.33785065E+00
   686  2.74400000E+02  1.33785065E+00  1.33557127E+00  1.33785065E+00
   687  2.74800000E+02  1.33785065E+00  1.33557127E+00  1.33785065E+00
   688  2.75200000E+02  1.33785065E+00  1.33557127E+00  1.33785065E+00
   689  2.75600000E+02  1.33785065E+00  1.33557127E+00  1.33785065E+00
   690  2.76000000E+02  1.33785065E+00  1.33557127E+00  1.33785065E+00
   691  2.76400000E+02  1.33785065E+00  1.33557127E+00  1.33785065E+00
   692  2.76800000E+02  1.33785065E+00  1.33557127E+00  1.33785065E+00
   693  2.77200000E+02  1.33785065E+00  1.33557127E+00  1.33785065E+00
   694  2.77600000E+02  1.33785065E+00  1.33557127E+00  1.33785065E+00
   695  2.78000000E+02  1.33785065E+00  1.33557127E+00  1.33785065E+00
   696  2.78400000E+02  1.33785065E+00  1.33557127E+00  1.33785065E+00
   697  2.78800000E+02  1.33785065E+00  1.33557127E+00  1.33785065E+00
   698  2.79200000E+02  1.33785065E+00  1.33557127E+00  1.33785065E+00
   699  2.79600000E+02  1.33785065E+00  1.33557127E+00  1.33785065E+00
   700  2.80000000E+02  1.33785065E+00  1.33557127E+00  1.33785065E+00
   701  2.80400000E+02  1.33785065E+00  1.33557127E+00  1.33785065E+00
   702  2.80800000E+02  1.33785065E+00  1.33557127E+00  1.33785065E+00
   703  2.81200000E+02  1.33785065E+00  1.33557127E+00  1.33785065E+00
   704  2.81600000E+02  1.33785065E+00  1.33557127E+00  1.33785065E+00
   705  2.82000000E+02  1.33785065E+00  1.33557127E+00  1.33785065E+00
   706  2.82400000E+02  1.33785065E+00  1.33557127E+00  1.33785065E+00
   707  2.82800000E+02  1.33785065E+00  1.33557127E+00  1.33785065E+00
   708  2.83200000E+02  1.33785065E+00  1.33557127E+00  1.33785065E+00
   709  2.83600000E+02  1.33785065E+00  1.33557127E+00  1.33785065E+00
   710  2.84000000E+02  1.33785065E+00  1.33557127E+00  1.33785065E+00
   711  2.84400000E+02  1.33785065E+00  1.33557127E+00  1.33785065E+00
   712  2.84800000E+02  1.33785065E+00  1.33557127E+00  1.33785065E+00
   713  2.85200000E+02  1.33785065E+00  1.33557127E+00  1.33785065E+00
   714  2.85600000E+02  1.33785065E+00  1.33557127E+00  1.33785065E+00
   715  2.86000000E+02  1.33785065E+00  1.33557127E+00  1.33785065E+00
   716  2.86400000E+02  1.33785065E+00  1.33557127E+00  1.33785065E+00
   717  2.86800000E+02  1.33785065E+00  1.33557127E+00  1.33785065E+00
   718  2.87200000E+02  1.33785065E+00  1.33557127E+00  1.33785065E+00
   719  2.87600000E+02  1.33785065E+00  1.33557127E+00  1.33785065E+00
   720  2.88000000E+02  1.33785065E+00  1.33557127E+00  1.33785065E+00
   721  2.88400000E+02  1.33785065E+00  1.33557127E+00  1.33785065E+00
   722  2.88800000E+02  1.33785065E+00  1.33557127E+00  1.33785065E+00
   723  2.89200000E+02  1.33785065E+00  1.33557127E+00  1.33785065E+00
   724  2.89600000E+02  1.33785065E+00  1.33557127E+00  1.33785065E+00
   725  2.90000000E+02  1.33785065E+00  1.33557127E+00  1.33785065E+00
   726  2.90400000E+02  1.33785065E+00  1.33557127E+00  1.33785065E+00
   727  2.90800000E+02  1.33785065E+00  1.33557127E+00  1.33785065E+00
   728  2.91200000E+02  1.33785065E+00  1.33557127E+00  1.33785065E+00
   729  2.91600000E+02  1.33785065E+00  1.33557127E+00  1.33785065E+00
   730  2.92000000E+02  1.33785065E+00  1.33557127E+00  1.33785065E+00
   731  2.92400000E+02  1.33785065E+00  1.33557127E+00  1.33785065E+00
   732  2.92800000E+02  1.33785065E+00  1.33557127E+00  1.33785065E+00
   733  2.93200000E+02  1.33785065E+00  1.33557127E+00  1.33785065E+00
   734  2.93600000E+02  1.33785065E+00  1.33557127E+00  1.33785065E+00
   735  2.94000000E+02  1.33785065E+00  1.33557127E+00  1.33785065E+00
   736  2.94400000E+02  1.33785065E+00  1.33557127E+00  1.33785065E+00
   737  2.94800000E+02  1.33785065E+00  1.33557127E+00  1.33785065E+00
   738  2.95200000E+02  1.33785065E+00  1.33557127E+00  1.33785065E+00
   739  2.95600000E+02  1.33785065E+00  1.33557127E+00  1.33785065E+00
   740  2.96000000E+02  1.33785065E+00  1.33557127E+00  1.33785065E+00
   741  2.96400000E+02  1.33785065E+00  1.33557127E+00  1.33785065E+00
   742  2.96800000E+02  1.33785065E+00  1.33557127E+00  1.33785065E+00
   743  2.97200000E+02  1.33785065E+00  1.33557127E+00  1.33785065E+00
   744  2.97600000E+02  1.33785065E+00  1.33557127E+00  1.33785065E+00
   745  2.98000000E+02  1.33785065E+00  1.33557127E+00  1.33785065E+00
   746  2.98400000E+02  1.33785065E+00  1.33557127E+00  1.33785065E+00
   747  2.98800000E+02  1.33785065E+00  1.33557127E+00  1.33785065E+00
   748  2.99200000E+02  1.33785065E+00  1.33557127E+00  1.33785065E+00
   749  2.99600000E+02  1.33785065E+00  1.33557127E+00  1.33785065E+00
   750  3.00000000E+02  1.33785065E+00  1.33557127E+00  1.33785065E+00
   751  3.00400000E+02  1.33785065E+00  1.33557127E+00  1.33785065E+00
   752  3.00800000E+02  1.33785065E+00  1.33557127E+00  1.33785065E+00
   753  3.01200000E+02  1.33785065E+00  1.33557127E+00  1.33785065E+00
   754  3.01600000E+02  1.33785065E+00  1.33557127E+00  1.33785065E+00
   755  3.02000000E+02  1.33785065E+00  1.33557127E+00  1.33785065E+00
   756  3.02400000E+02  1.33785065E+00  1.33557127E+00  1.33785065E+00
   757  3.02800000E+02  1.33785065E+00  1.33557127E+00  1.33785065E+00
   758  3.03200000E+02  1.33785065E+00  1.33557127E+00  1.33785065E+00
   759  3.03600000E+02  1.33785065E+00  1.33557127E+00  1.33785065E+00
   760  3.04000000E+02  1.33785065E+00  1.33557127E+00  1.33785065E+00
   761  3.04400000E+02  1.33785065E+00  1.33557127E+00  1.33785065E+00
   762  3.04800000E+02  1.33785065E+00  1.33557127E+00  1.33785065E+00
   763  3.05200000E+02  1.33785065E+00  1.33557127E+00  1.33785065E+00
   764  3.05600000E+02  1.33785065E+00  1.33557127E+00  1.33785065E+00
   765  3.06000000E+02  1.33785065E+00  1.33557127E+00  1.33785065E+00
   766  3.06400000E+02  1.33785065E+00  1.33557127E+00  1.33785065E+00
   767  3.06800000E+02  1.33785065E+00  1.33557127E+00  1.33785065E+00
   768  3.07200000E+02  1.33785065E+00  1.33557127E+00  1.33785065E+00
   769  3.07600000E+02  1.33785065E+00  1.33557127E+00  1.33785065E+00
   770  3.08000000E+02  1.33785065E+00  1.33557127E+00  1.33785065E+00
   771  3.08400000E+02  1.33785065E+00  1.33557127E+00  1.33785065E+00
   772  3.08800000E+02  1.33785065E+00  1.33557127E+00  1.33785065E+00
   773  3.09200000E+02  1.33785065E+00  1.33557127E+00  1.33785065E+00
   774  3.09600000E+02  1.33785065E+00  1.33557127E+00  1.33785065E+00
   775  3.10000000E+02  1.33785065E+00  1.33557127E+00  1.33785065E+00
   776  3.10400000E+02  1.33785065E+00  1.33557127E+00  1.33785065E+00
   777  3.10800000E+02  1.33785065E+00  1.33557127E+00  1.33785065E+00
   778  3.11200000E+02  1.33785065E+00  1.33557127E+00  1.33785065E+00
   779  3.11600000E+02  1.33785065E+00  1.33557127E+00  1.33785065E+00
   780  3.12000000E+02  1.33785065E+00  1.33557127E+00  1.33785065E+00
   781  3.12400000E+02  1.33785065E+00  1.33557127E+00  1.33785065E+00
   782  3.12800000E+02  1.33785065E+00  1.33557127E+00  1.33785065E+00
   783  3.13200000E+02  1.33785065E+00  1.33557127E+00  1.33785065E+00
   784  3.13600000E+02  1.33785065E+00  1.33557127E+00  1.33785065E+00
   785  3.14000000E+02  1.33785065E+00  1.33557127E+00  1.33785065E+00
   786  3.14400000E+02  1.33785065E+00  1.33557127E+00  1.33785065E+00
   787  3.14800000E+02  1.33785065E+00  1.33557127E+00  1.33785065E+00
   788  3.15200000E+02  1.33785065E+00  1.33557127E+00  1.33785065E+00
   789  3.15600000E+02  1.33785065E+00  1.33557127E+00  1.33785065E+00
   790  3.16000000E+02  1.33785065E+00  1.33557127E+00  1.33785065E+00
   791  3.16400000E+02  1.33785065E+00  1.33557127E+00  1.33785065E+00
   792  3.16800000E+02  1.33785065E+00  1.33557127E+00  1.33785065E+00
   793  3.17200000E+02  1.33785065E+00  1.33557127E+00  1.33785065E+00
   794  3.17600000E+02  1.33785065E+00  1.33557127E+00  1.33785065E+00
   795  3.18000000E+02  1.33785065E+00  1.33557127E+00  1.33785065E+00
   796  3.18400000E+02  1.33785065E+00  1.33557127E+00  1.33785065E+00
   797  3.18800000E+02  1.33785065E+00  1.33557127E+00  1.33785065E+00
   798  3.19200000E+02  1.33785065E+00  1.33557127E+00  1.33785065E+00
   799  3.19600000E+02  1.33785065E+00  1.33557127E+00  1.33785065E+00
   800  3.20000000E+02  1.33785065E+00  1.33557127E+00  1.33785065E+00
   801  3.20400000E+02  1.33785065E+00  1.33557127E+00  1.33785065E+00
   802  3.20800000E+02  1.33785065E+00  1.33557127E+00  1.33785065E+00
   803  3.21200000E+02  1.33785065E+00  1.33557127E+00  1.33785065E+00
   804  3.21600000E+02  1.33785065E+00  1.33557127E+00  1.33785065E+00
   805  3.22000000E+02  1.33785065E+00  1.33557127E+00  1.33785065E+00
   806  3.22400000E+02  1.33785065E+00  1.33557127E+00  1.33785065E+00
   807  3.22800000E+02  1.33785065E+00  1.33557127E+00  1.33785065E+00
   808  3.23200000E+02  1.33785065E+00  1.33557127E+00  1.33785065E+00
   809  3.23600000E+02  1.33785065E+00  1.33557127E+00  1.33785065E+00
   810  3.24000000E+02  1.33785065E+00  1.33557127E+00  1.33785065E+00
   811  3.24400000E+02  1.33785065E+00  1.33557127E+00  1.33785065E+00
   812  3.24800000E+02  1.33785065E+00  1.33557127E+00  1.33785065E+00
   813  3.25200000E+02  1.33785065E+00  1.33557127E+00  1.33785065E+00
   814  3.25600000E+02  1.33785065E+00  1.33557127E+00  1.33785065E+00
   815  3.26000000E+02  1.33785065E+00  1.33557127E+00  1.33785065E+00
   816  3.26400000E+02  1.33785065E+00  1.33557127E+00  1.33785065E+00
   817  3.26800000E+02  1.33785065E+00  1.33557127E+00  1.33785065E+00
   818  3.27200000E+02  1.33785065E+00  1.33557127E+00  1.33785065E+00
   819  3.27600000E+02  1.33785065E+00  1.33557127E+00  1.33785065E+00
   820  3.28000000E+02  1.33785065E+00  1.33557127E+00  1.33785065E+00
   821  3.28400000E+02  1.33785065E+00  1.33557127E+00  1.33785065E+00
   822  3.28800000E+02  1.33785065E+00  1.33557127E+00  1.33785065E+00
   823  3.29200000E+02  1.33785065E+00  1.33557127E+00  1.33785065E+00
   824  3.29600000E+02  1.33785065E+00  1.33557127E+00  1.33785065E+00
   825  3.30000000E+02  1.33785065E+00  1.33557127E+00  1.33785065E+00
   826  3.30400000E+02  1.33785065E+00  1.33557127E+00  1.33785065E+00
   827  3.30800000E+02  1.33785065E+00  1.33557127E+00  1.33785065E+00
   828  3.31200000E+02  1.33785065E+00  1.33557127E+00  1.33785065E+00
   829  3.31600000E+02  1.33785065E+00  1.33557127E+00  1.33785065E+00
   830  3.32000000E+02  1.33785065E+00  1.33557127E+00  1.33785065E+00
   831  3.32400000E+02  1.33785065E+00  1.33557127E+00  1.33785065E+00
   832  3.32800000E+02  1.33785065E+00  1.33557127E+00  1.33785065E+00
   833  3.33200000E+02  1.33785065E+00  1.33557127E+00  1.33785065E+00
   834  3.33600000E+02  1.33785065E+00  1.33557127E+00  1.33785065E+00
   835  3.34000000E+02  1.33785065E+00  1.33557127E+00  1.33785065E+00
   836  3.34400000E+02  1.33785065E+00  1.33557127E+00  1.33785065E+00
   837  3.34800000E+02  1.33785065E+00  1.33557127E+00  1.33785065E+00
   838  3.35200000E+02  1.33785065E+00  1.33557127E+00  1.33785065E+00
   839  3.35600000E+02  1.33785065E+00  1.33557127E+00  1.33785065E+00
   840  3.36000000E+02  1.33785065E+00  1.33557127E+00  1.33785065E+00
   841  3.36400000E+02  1.33785065E+00  1.33557127E+00  1.33785065E+00
   842  3.36800000E+02  1.33785065E+00  1.33557127E+00  1.33785065E+00
   843  3.37200000E+02  1.33785065E+00  1.33557127E+00  1.33785065E+00
   844  3.37600000E+02  1.33785065E+00  1.33557127E+00  1.33785065E+00
   845  3.38000000E+02  1.33785065E+00  1.33557127E+00  1.33785065E+00
   846  3.38400000E+02  1.33785065E+00  1.33557127E+00  1.33785065E+00
   847  3.38800000E+02  1.33785065E+00  1.33557127E+00  1.33785065E+00
   848  3.39200000E+02  1.33785065E+00  1.33557127E+00  1.33785065E+00
   849  3.39600000E+02  1.33785065E+00  1.33557127E+00  1.33785065E+00
   850  3.40000000E+02  1.33785065E+00  1.33557127E+00  1.33785065E+00
   851  3.40400000E+02  1.33785065E+00  1.33557127E+00  1.33785065E+00
   852  3.40800000E+02  1.33785065E+00  1.33557127E+00  1.33785065E+00
   853  3.41200000E+02  1.33785065E+00  1.33557127E+00  1.33785065E+00
   854  3.41600000E+02  1.33785065E+00  1.33557127E+00  1.33785065E+00
   855  3.42000000E+02  1.33785065E+00  1.33557127E+00  1.33785065E+00
   856  3.42400000E+02  1.33785065E+00  1.33557127E+00  1.33785065E+00
   857  3.42800000E+02  1.33785065E+00  1.33557127E+00  1.33785065E+00
   858  3.43200000E+02  1.33785065E+00  1.33557127E+00  1.33785065E+00
   859  3.43600000E+02  1.33785065E+00  1.33557127E+00  1.33785065E+00
   860  3.44000000E+02  1.33785065E+00  1.33557127E+00  1.33785065E+00
   861  3.44400000E+02  1.33785065E+00  1.33557127E+00  1.33785065E+00
   862  3.44800000E+02  1.33785065E+00  1.33557127E+00  1.33785065E+00
   863  3.45200000E+02  1.33785065E+00  1.33557127E+00  1.33785065E+00
   864  3.45600000E+02  1.33785065E+00  1.33557127E+00  1.33785065E+00
   865  3.46000000E+02  1.33785065E+00  1.33557127E+00  1.33785065E+00
   866  3.46400000E+02  1.33785065E+00  1.33557127E+00  1.33785065E+00
   867  3.46800000E+02  1.33785065E+00  1.33557127E+00  1.33785065E+00
   868  3.47200000E+02  1.33785065E+00  1.33557127E+00  1.33785065E+00
   869  3.47600000E+02  1.33785065E+00  1.33557127E+00  1.33785065E+00
   870  3.48000000E+02  1.33785065E+00  1.33557127E+00  1.33785065E+00
   871  3.48400000E+02  1.33785065E+00  1.33557127E+00  1.33785065E+00
   872  3.48800000E+02  1.33785065E+00  1.33557127E+00  1.33785065E+00
   873  3.49200000E+02  1.33785065E+00  1.33557127E+00  1.33785065E+00
   874  3.49600000E+02  1.33785065E+00  1.33557127E+00  1.33785065E+00
   875  3.50000000E+02  1.33785065E+00  1.33557127E+00  1.33785065E+00
   876  3.50400000E+02  1.33785065E+00  1.33557127E+00  1.33785065E+00
   877  3.50800000E+02  1.33785065E+00  1.33557127E+00  1.33785065E+00
   878  3.51200000E+02  1.33785065E+00  1.33557127E+00  1.33785065E+00
   879  3.51600000E+02  1.33785065E+00  1.33557127E+00  1.33785065E+00
   880  3.52000000E+02  1.33785065E+00  1.33557127E+00  1.33785065E+00
   881  3.52400000E+02  1.33785065E+00  1.33557127E+00  1.33785065E+00
   882  3.52800000E+02  1.33785065E+00  1.33557127E+00  1.33785065E+00
   883  3.53200000E+02  1.33785065E+00  1.33557127E+00  1.33785065E+00
   884  3.53600000E+02  1.33785065E+00  1.33557127E+00  1.33785065E+00
   885  3.54000000E+02  1.33785065E+00  1.33557127E+00  1.33785065E+00
   886  3.54400000E+02  1.33785065E+00  1.33557127E+00  1.33785065E+00
   887  3.54800000E+02  1.33785065E+00  1.33557127E+00  1.33785065E+00
   888  3.55200000E+02  1.33785065E+00  1.33557127E+00  1.33785065E+00
   889  3.55600000E+02  1.33785065E+00  1.33557127E+00  1.33785065E+00
   890  3.56000000E+02  1.33785065E+00  1.33557127E+00  1.33785065E+00
   891  3.56400000E+02  1.33785065E+00  1.33557127E+00  1.33785065E+00
   892  3.56800000E+02  1.33785065E+00  1.33557127E+00  1.33785065E+00
   893  3.57200000E+02  1.33785065E+00  1.33557127E+00  1.33785065E+00
   894  3.57600000E+02  1.33785065E+00  1.33557127E+00  1.33785065E+00
   895  3.58000000E+02  1.33785065E+00  1.33557127E+00  1.33785065E+00
   896  3.58400000E+02  1.33785065E+00  1.33557127E+00  1.33785065E+00
   897  3.58800000E+02  1.33785065E+00  1.33557127E+00  1.33785065E+00
   898  3.59200000E+02  1.33785065E+00  1.33557127E+00  1.33785065E+00
   899  3.59600000E+02  1.33785065E+00  1.33557127E+00  1.33785065E+00
   900  3.60000000E+02  1.33785065E+00  1.33557127E+00  1.33785065E+00
   901  3.60400000E+02  1.33785065E+00  1.33557127E+00  1.33785065E+00
   902  3.60800000E+02  1.33785065E+00  1.33557127E+00  1.33785065E+00
   903  3.61200000E+02  1.33785065E+00  1.33557127E+00  1.33785065E+00
   904  3.61600000E+02  1.33785065E+00  1.33557127E+00  1.33785065E+00
   905  3.62000000E+02  1.33785065E+00  1.33557127E+00  1.33785065E+00
   906  3.62400000E+02  1.33785065E+00  1.33557127E+00  1.33785065E+00
   907  3.62800000E+02  1.33785065E+00  1.33557127E+00  1.33785065E+00
   908  3.63200000E+02  1.33785065E+00  1.33557127E+00  1.33785065E+00
   909  3.63600000E+02  1.33785065E+00  1.33557127E+00  1.33785065E+00
   910  3.64000000E+02  1.33785065E+00  1.33557127E+00  1.33785065E+00
   911  3.64400000E+02  1.33785065E+00  1.33557127E+00  1.33785065E+00
   912  3.64800000E+02  1.33785065E+00  1.33557127E+00  1.33785065E+00
   913  3.65200000E+02  1.33785065E+00  1.33557127E+00  1.33785065E+00
   914  3.65600000E+02  1.33785065E+00  1.33557127E+00  1.33785065E+00
   915  3.66000000E+02  1.33785065E+00  1.33557127E+00  1.33785065E+00
   916  3.66400000E+02  1.33785065E+00  1.33557127E+00  1.33785065E+00
   917  3.66800000E+02  1.33785065E+00  1.33557127E+00  1.33785065E+00
   918  3.67200000E+02  1.33785065E+00  1.33557127E+00  1.33785065E+00
   919  3.67600000E+02  1.33785065E+00  1.33557127E+00  1.33785065E+00
   920  3.68000000E+02  1.33785065E+00  1.33557127E+00  1.33785065E+00
   921  3.68400000E+02  1.33785065E+00  1.33557127E+00  1.33785065E+00
   922  3.68800000E+02  1.33785065E+00  1.33557127E+00  1.33785065E+00
   923  3.69200000E+02  1.33785065E+00  1.33557127E+00  1.33785065E+00
   924  3.69600000E+02  1.33785065E+00  1.33557127E+00  1.33785065E+00
   925  3.70000000E+02  1.33785065E+00  1.33557127E+00  1.33785065E+00
   926  3.70400000E+02  1.33785065E+00  1.33557127E+00  1.33785065E+00
   927  3.70800000E+02  1.33785065E+00  1.33557127E+00  1.33785065E+00
   928  3.71200000E+02  1.33785065E+00  1.33557127E+00  1.33785065E+00
   929  3.71600000E+02  1.33785065E+00  1.33557127E+00  1.33785065E+00
   930  3.72000000E+02  1.33785065E+00  1.33557127E+00  1.33785065E+00
   931  3.72400000E+02  1.33785065E+00  1.33557127E+00  1.33785065E+00
   932  3.72800000E+02  1.33785065E+00  1.33557127E+00  1.33785065E+00
   933  3.73200000E+02  1.33785065E+00  1.33557127E+00  1.33785065E+00
   934  3.73600000E+02  1.33785065E+00  1.33557127E+00  1.33785065E+00
   935  3.74000000E+02  1.33785065E+00  1.33557127E+00  1.33785065E+00
   936  3.74400000E+02  1.33785065E+00  1.33557127E+00  1.33785065E+00
   937  3.74800000E+02  1.33785065E+00  1.33557127E+00  1.33785065E+00
   938  3.75200000E+02  1.33785065E+00  1.33557127E+00  1.33785065E+00
   939  3.75600000E+02  1.33785065E+00  1.33557127E+00  1.33785065E+00
   940  3.76000000E+02  1.33785065E+00  1.33557127E+00  1.33785065E+00
   941  3.76400000E+02  1.33785065E+00  1.33557127E+00  1.33785065E+00
   942  3.76800000E+02  1.33785065E+00  1.33557127E+00  1.33785065E+00
   943  3.77200000E+02  1.33785065E+00  1.33557127E+00  1.33785065E+00
   944  3.77600000E+02  1.33785065E+00  1.33557127E+00  1.33785065E+00
   945  3.78000000E+02  1.33785065E+00  1.33557127E+00  1.33785065E+00
   946  3.78400000E+02  1.33785065E+00  1.33557127E+00  1.33785065E+00
   947  3.78800000E+02  1.33785065E+00  1.33557127E+00  1.33785065E+00
   948  3.79200000E+02  1.33785065E+00  1.33557127E+00  1.33785065E+00
   949  3.79600000E+02  1.33785065E+00  1.33557127E+00  1.33785065E+00
   950  3.80000000E+02  1.33785065E+00  1.33557127E+00  1.33785065E+00
   951  3.80400000E+02  1.33785065E+00  1.33557127E+00  1.33785065E+00
   952  3.80800000E+02  1.33785065E+00  1.33557127E+00  1.33785065E+00
   953  3.81200000E+02  1.33785065E+00  1.33557127E+00  1.33785065E+00
   954  3.81600000E+02  1.33785065E+00  1.33557127E+00  1.33785065E+00
   955  3.82000000E+02  1.33785065E+00  1.33557127E+00  1.33785065E+00
   956  3.82400000E+02  1.33785065E+00  1.33557127E+00  1.33785065E+00
   957  3.82800000E+02  1.33785065E+00  1.33557127E+00  1.33785065E+00
   958  3.83200000E+02  1.33785065E+00  1.33557127E+00  1.33785065E+00
   959  3.83600000E+02  1.33785065E+00  1.33557127E+00  1.33785065E+00
   960  3.84000000E+02  1.33785065E+00  1.33557127E+00  1.33785065E+00
   961  3.84400000E+02  1.33785065E+00  1.33557127E+00  1.33785065E+00
   962  3.84800000E+02  1.33785065E+00  1.33557127E+00  1.33785065E+00
   963  3.85200000E+02  1.33785065E+00  1.33557127E+00  1.33785065E+00
   964  3.85600000E+02  1.33785065E+00  1.33557127E+00  1.33785065E+00
   965  3.86000000E+02  1.33785065E+00  1.33557127E+00  1.33785065E+00
   966  3.86400000E+02  1.33785065E+00  1.33557127E+00  1.33785065E+00
   967  3.86800000E+02  1.33785065E+00  1.33557127E+00  1.33785065E+00
   968  3.87200000E+02  1.33785065E+00  1.33557127E+00  1.33785065E+00
   969  3.87600000E+02  1.33785065E+00  1.33557127E+00  1.33785065E+00
   970  3.88000000E+02  1.33785065E+00  1.33557127E+00  1.33785065E+00
   971  3.88400000E+02  1.33785065E+00  1.33557127E+00  1.33785065E+00
   972  3.88800000E+02  1.33785065E+00  1.33557127E+00  1.33785065E+00
   973  3.89200000E+02  1.33785065E+00  1.33557127E+00  1.33785065E+00
   974  3.89600000E+02  1.33785065E+00  1.33557127E+00  1.33785065E+00
   975  3.90000000E+02  1.33785065E+00  1.33557127E+00  1.33785065E+00
   976  3.90400000E+02  1.33785065E+00  1.33557127E+00  1.33785065E+00
   977  3.90800000E+02  1.33785065E+00  1.33557127E+00  1.33785065E+00
   978  3.91200000E+02  1.33785065E+00  1.33557127E+00  1.33785065E+00
   979  3.91600000E+02  1.33785065E+00  1.33557127E+00  1.33785065E+00
   980  3.92000000E+02  1.33785065E+00  1.33557127E+00  1.33785065E+00
   981  3.92400000E+02  1.33785065E+00  1.33557127E+00  1.33785065E+00
   982  3.92800000E+02  1.33785065E+00  1.33557127E+00  1.33785065E+00
   983  3.93200000E+02  1.33785065E+00  1.33557127E+00  1.33785065E+00
   984  3.93600000E+02  1.33785065E+00  1.33557127E+00  1.33785065E+00
   985  3.94000000E+02  1.33785065E+00  1.33557127E+00  1.33785065E+00
   986  3.94400000E+02  1.33785065E+00  1.33557127E+00  1.33785065E+00
   987  3.94800000E+02  1.33785065E+00  1.33557127E+00  1.33785065E+00
   988  3.95200000E+02  1.33785065E+00  1.33557127E+00  1.33785065E+00
   989  3.95600000E+02  1.33785065E+00  1.33557127E+00  1.33785065E+00
   990  3.96000000E+02  1.33785065E+00  1.33557127E+00  1.33785065E+00
   991  3.96400000E+02  1.33785065E+00  1.33557127E+00  1.33785065E+00
   992  3.96800000E+02  1.33785065E+00  1.33557127E+00  1.33785065E+00
   993  3.97200000E+02  1.33785065E+00  1.33557127E+00  1.33785065E+00
   994  3.97600000E+02  1.33785065E+00  1.33557127E+00  1.33785065E+00
   995  3.98000000E+02  1.33785065E+00  1.33557127E+00  1.33785065E+00
   996  3.98400000E+02  1.33785065E+00  1.33557127E+00  1.33785065E+00
   997  3.98800000E+02  1.33785065E+00  1.33557127E+00  1.33785065E+00
   998  3.99200000E+02  1.33785065E+00  1.33557127E+00  1.33785065E+00
   999  3.99600000E+02  1.33785065E+00  1.33557127E+00  1.33785065E+00
  1000  4.00000000E+02  1.33785065E+00  1.33557127E+00  1.33785065E+00
