 comppar: model =   2
 comppar: lambda,mobility/eps,betav,eta_0 =  3.0000E+00  0.0000E+00  4.0000E-01  1.0000E+00
 comppar: eta_s,eta_p,G =  4.0000E-01  6.0000E-01  2.0000E-01
 comppar: U_avg,deltat,flowrate,nsteps =  1.0000E-01  2.0000E-01  3.1416E-01    2000
 comppar: geometry = axisymmetric
 comppar: steady stop change,gap,hold,min =  1.0000E-07  1.0000E-03       1      80
 comppar: steady stop truncated decimals =       3
 comppar: ncompc,ncompg =     4     5
 mesh nnodes = 5797
 mesh nelem = 2796
 P1 BC   5.0000000000000000     
 P2 BC   0.0000000000000000     
     1  2.00000000E-01  1.00252910E+00  1.00000000E+00  1.00252910E+00
     2  4.00000000E-01  1.00501703E+00  1.00000000E+00  1.00501703E+00
     3  6.00000000E-01  1.00745892E+00  1.00000000E+00  1.00745892E+00
     4  8.00000000E-01  1.00985436E+00  1.00000000E+00  1.00985436E+00
     5  1.00000000E+00  1.01220205E+00  1.00000000E+00  1.01220205E+00
     6  1.20000000E+00  1.01451089E+00  1.00000000E+00  1.01451089E+00
     7  1.40000000E+00  1.01677626E+00  1.00000000E+00  1.01677626E+00
     8  1.60000000E+00  1.01900202E+00  1.00000000E+00  1.01900202E+00
     9  1.80000000E+00  1.02120556E+00  1.00000000E+00  1.02120556E+00
    10  2.00000000E+00  1.02337112E+00  1.00000000E+00  1.02337112E+00
    11  2.20000000E+00  1.02553002E+00  1.00000000E+00  1.02553002E+00
    12  2.40000000E+00  1.02765382E+00  1.00000001E+00  1.02765382E+00
    13  2.60000000E+00  1.02978407E+00  1.00000001E+00  1.02978407E+00
    14  2.80000000E+00  1.03188127E+00  1.00000001E+00  1.03188127E+00
    15  3.00000000E+00  1.03399799E+00  1.00000001E+00  1.03399799E+00
    16  3.20000000E+00  1.03608305E+00  1.00000001E+00  1.03608305E+00
    17  3.40000000E+00  1.03818185E+00  1.00000001E+00  1.03818185E+00
    18  3.60000000E+00  1.04027642E+00  1.00000001E+00  1.04027642E+00
    19  3.80000000E+00  1.04234780E+00  1.00000001E+00  1.04234780E+00
    20  4.00000000E+00  1.04445826E+00  1.00000001E+00  1.04445826E+00
    21  4.20000000E+00  1.04654396E+00  1.00000000E+00  1.04654396E+00
    22  4.40000000E+00  1.04861318E+00  1.00000000E+00  1.04861318E+00
    23  4.60000000E+00  1.05072966E+00  1.00000000E+00  1.05072966E+00
    24  4.80000000E+00  1.05282256E+00  1.00000000E+00  1.05282256E+00
    25  5.00000000E+00  1.05489054E+00  9.99999998E-01  1.05489054E+00
    26  5.20000000E+00  1.05700384E+00  9.99999995E-01  1.05700384E+00
    27  5.40000000E+00  1.05910514E+00  9.99999991E-01  1.05910514E+00
    28  5.60000000E+00  1.06118130E+00  9.99999987E-01  1.06118130E+00
    29  5.80000000E+00  1.06323098E+00  9.99999982E-01  1.06323098E+00
    30  6.00000000E+00  1.06533558E+00  9.99999977E-01  1.06533558E+00
    31  6.20000000E+00  1.06742618E+00  9.99999970E-01  1.06742618E+00
    32  6.40000000E+00  1.06948977E+00  9.99999964E-01  1.06948977E+00
    33  6.60000000E+00  1.07152518E+00  9.99999956E-01  1.07152518E+00
    34  6.80000000E+00  1.07359568E+00  9.99999947E-01  1.07359568E+00
    35  7.00000000E+00  1.07566610E+00  9.99999937E-01  1.07566610E+00
    36  7.20000000E+00  1.07770735E+00  9.99999927E-01  1.07770735E+00
    37  7.40000000E+00  1.07971855E+00  9.99999915E-01  1.07971855E+00
    38  7.60000000E+00  1.08171164E+00  9.99999902E-01  1.08171164E+00
    39  7.80000000E+00  1.08376421E+00  9.99999887E-01  1.08376421E+00
    40  8.00000000E+00  1.08578598E+00  9.99999872E-01  1.08578598E+00
    41  8.20000000E+00  1.08777637E+00  9.99999855E-01  1.08777637E+00
    42  8.40000000E+00  1.08973501E+00  9.99999836E-01  1.08973501E+00
    43  8.60000000E+00  1.09168492E+00  9.99999816E-01  1.09168492E+00
    44  8.80000000E+00  1.09367932E+00  9.99999795E-01  1.09367932E+00
    45  9.00000000E+00  1.09564141E+00  9.99999771E-01  1.09564141E+00
    46  9.20000000E+00  1.09757113E+00  9.99999746E-01  1.09757113E+00
    47  9.40000000E+00  1.09946862E+00  9.99999718E-01  1.09946862E+00
    48  9.60000000E+00  1.10133425E+00  9.99999689E-01  1.10133425E+00
    49  9.80000000E+00  1.10323673E+00  9.99999657E-01  1.10323673E+00
    50  1.00000000E+01  1.10514527E+00  9.99999623E-01  1.10514527E+00
    51  1.02000000E+01  1.10702140E+00  9.99999587E-01  1.10702140E+00
    52  1.04000000E+01  1.10886562E+00  9.99999548E-01  1.10886562E+00
    53  1.06000000E+01  1.11067863E+00  9.99999506E-01  1.11067863E+00
    54  1.08000000E+01  1.11246134E+00  9.99999462E-01  1.11246134E+00
    55  1.10000000E+01  1.11425600E+00  9.99999415E-01  1.11425600E+00
    56  1.12000000E+01  1.11607347E+00  9.99999364E-01  1.11607347E+00
    57  1.14000000E+01  1.11786007E+00  9.99999310E-01  1.11786007E+00
    58  1.16000000E+01  1.11961688E+00  9.99999253E-01  1.11961688E+00
    59  1.18000000E+01  1.12134518E+00  9.99999192E-01  1.12134518E+00
    60  1.20000000E+01  1.12304652E+00  9.99999127E-01  1.12304652E+00
    61  1.22000000E+01  1.12472264E+00  9.99999058E-01  1.12472264E+00
    62  1.24000000E+01  1.12637548E+00  9.99998985E-01  1.12637548E+00
    63  1.26000000E+01  1.12808768E+00  9.99998908E-01  1.12808768E+00
    64  1.28000000E+01  1.12977356E+00  9.99998826E-01  1.12977356E+00
    65  1.30000000E+01  1.13143491E+00  9.99998739E-01  1.13143491E+00
    66  1.32000000E+01  1.13307364E+00  9.99998648E-01  1.13307364E+00
    67  1.34000000E+01  1.13469161E+00  9.99998551E-01  1.13469161E+00
    68  1.36000000E+01  1.13629058E+00  9.99998448E-01  1.13629058E+00
    69  1.38000000E+01  1.13787197E+00  9.99998340E-01  1.13787197E+00
    70  1.40000000E+01  1.13943676E+00  9.99998226E-01  1.13943676E+00
    71  1.42000000E+01  1.14098532E+00  9.99998106E-01  1.14098532E+00
    72  1.44000000E+01  1.14252850E+00  9.99997979E-01  1.14252850E+00
    73  1.46000000E+01  1.14409402E+00  9.99997845E-01  1.14409402E+00
    74  1.48000000E+01  1.14564317E+00  9.99997705E-01  1.14564317E+00
    75  1.50000000E+01  1.14717600E+00  9.99997557E-01  1.14717600E+00
    76  1.52000000E+01  1.14869178E+00  9.99997401E-01  1.14869178E+00
    77  1.54000000E+01  1.15018902E+00  9.99997237E-01  1.15018902E+00
    78  1.56000000E+01  1.15166548E+00  9.99997065E-01  1.15166548E+00
    79  1.58000000E+01  1.15311828E+00  9.99996884E-01  1.15311828E+00
    80  1.60000000E+01  1.15454408E+00  9.99996694E-01  1.15454408E+00
    81  1.62000000E+01  1.15593928E+00  9.99996495E-01  1.15593928E+00
    82  1.64000000E+01  1.15736830E+00  9.99996286E-01  1.15736830E+00
    83  1.66000000E+01  1.15880398E+00  9.99996066E-01  1.15880398E+00
    84  1.68000000E+01  1.16021191E+00  9.99995837E-01  1.16021191E+00
    85  1.70000000E+01  1.16158880E+00  9.99995596E-01  1.16158880E+00
    86  1.72000000E+01  1.16293131E+00  9.99995343E-01  1.16293131E+00
    87  1.74000000E+01  1.16423634E+00  9.99995079E-01  1.16423634E+00
    88  1.76000000E+01  1.16550114E+00  9.99994802E-01  1.16550114E+00
    89  1.78000000E+01  1.16680139E+00  9.99994513E-01  1.16680139E+00
    90  1.80000000E+01  1.16812876E+00  9.99994210E-01  1.16812876E+00
    91  1.82000000E+01  1.16941776E+00  9.99993894E-01  1.16941776E+00
    92  1.84000000E+01  1.17066571E+00  9.99993563E-01  1.17066571E+00
    93  1.86000000E+01  1.17187057E+00  9.99993217E-01  1.17187057E+00
    94  1.88000000E+01  1.17303092E+00  9.99992856E-01  1.17303092E+00
    95  1.90000000E+01  1.17414609E+00  9.99992480E-01  1.17414609E+00
    96  1.92000000E+01  1.17536485E+00  9.99992086E-01  1.17536485E+00
    97  1.94000000E+01  1.17655369E+00  9.99991676E-01  1.17655369E+00
    98  1.96000000E+01  1.17769875E+00  9.99991248E-01  1.17769875E+00
    99  1.98000000E+01  1.17879939E+00  9.99990801E-01  1.17879939E+00
   100  2.00000000E+01  1.17985562E+00  9.99990336E-01  1.17985562E+00
   101  2.02000000E+01  1.18086801E+00  9.99989851E-01  1.18086801E+00
   102  2.04000000E+01  1.18197882E+00  9.99989346E-01  1.18197882E+00
   103  2.06000000E+01  1.18306245E+00  9.99988820E-01  1.18306245E+00
   104  2.08000000E+01  1.18410169E+00  9.99988272E-01  1.18410169E+00
   105  2.10000000E+01  1.18509735E+00  9.99987702E-01  1.18509735E+00
   106  2.12000000E+01  1.18605067E+00  9.99987109E-01  1.18605067E+00
   107  2.14000000E+01  1.18696328E+00  9.99986492E-01  1.18696328E+00
   108  2.16000000E+01  1.18795612E+00  9.99985851E-01  1.18795612E+00
   109  2.18000000E+01  1.18893904E+00  9.99985184E-01  1.18893904E+00
   110  2.20000000E+01  1.18988016E+00  9.99984491E-01  1.18988016E+00
   111  2.22000000E+01  1.19078097E+00  9.99983771E-01  1.19078097E+00
   112  2.24000000E+01  1.19164321E+00  9.99983024E-01  1.19164321E+00
   113  2.26000000E+01  1.19246870E+00  9.99982248E-01  1.19246870E+00
   114  2.28000000E+01  1.19336153E+00  9.99981442E-01  1.19336153E+00
   115  2.30000000E+01  1.19424724E+00  9.99980607E-01  1.19424724E+00
   116  2.32000000E+01  1.19509509E+00  9.99979740E-01  1.19509509E+00
   117  2.34000000E+01  1.19590697E+00  9.99978841E-01  1.19590697E+00
   118  2.36000000E+01  1.19668470E+00  9.99977909E-01  1.19668470E+00
   119  2.38000000E+01  1.19743001E+00  9.99976943E-01  1.19743001E+00
   120  2.40000000E+01  1.19821595E+00  9.99975943E-01  1.19821595E+00
   121  2.42000000E+01  1.19901688E+00  9.99974906E-01  1.19901688E+00
   122  2.44000000E+01  1.19978380E+00  9.99973833E-01  1.19978380E+00
   123  2.46000000E+01  1.20051838E+00  9.99972723E-01  1.20051838E+00
   124  2.48000000E+01  1.20122216E+00  9.99971573E-01  1.20122216E+00
   125  2.50000000E+01  1.20189649E+00  9.99970384E-01  1.20189649E+00
   126  2.52000000E+01  1.20257955E+00  9.99969154E-01  1.20257955E+00
   127  2.54000000E+01  1.20330275E+00  9.99967883E-01  1.20330275E+00
   128  2.56000000E+01  1.20399582E+00  9.99966569E-01  1.20399582E+00
   129  2.58000000E+01  1.20466004E+00  9.99965212E-01  1.20466004E+00
   130  2.60000000E+01  1.20529651E+00  9.99963809E-01  1.20529651E+00
   131  2.62000000E+01  1.20590617E+00  9.99962362E-01  1.20590617E+00
   132  2.64000000E+01  1.20650822E+00  9.99960867E-01  1.20650822E+00
   133  2.66000000E+01  1.20716238E+00  9.99959325E-01  1.20716238E+00
   134  2.68000000E+01  1.20778896E+00  9.99957735E-01  1.20778896E+00
   135  2.70000000E+01  1.20838894E+00  9.99956095E-01  1.20838894E+00
   136  2.72000000E+01  1.20896317E+00  9.99954404E-01  1.20896317E+00
   137  2.74000000E+01  1.20951244E+00  9.99952662E-01  1.20951244E+00
   138  2.76000000E+01  1.21003746E+00  9.99950867E-01  1.21003746E+00
   139  2.78000000E+01  1.21061472E+00  9.99949019E-01  1.21061472E+00
   140  2.80000000E+01  1.21118066E+00  9.99947117E-01  1.21118066E+00
   141  2.82000000E+01  1.21172192E+00  9.99945160E-01  1.21172192E+00
   142  2.84000000E+01  1.21223915E+00  9.99943147E-01  1.21223915E+00
   143  2.86000000E+01  1.21273304E+00  9.99941077E-01  1.21273304E+00
   144  2.88000000E+01  1.21320426E+00  9.99938949E-01  1.21320426E+00
   145  2.90000000E+01  1.21370467E+00  9.99936763E-01  1.21370467E+00
   146  2.92000000E+01  1.21421363E+00  9.99934518E-01  1.21421363E+00
   147  2.94000000E+01  1.21469961E+00  9.99932214E-01  1.21469961E+00
   148  2.96000000E+01  1.21516327E+00  9.99929849E-01  1.21516327E+00
   149  2.98000000E+01  1.21560534E+00  9.99927423E-01  1.21560534E+00
   150  3.00000000E+01  1.21602654E+00  9.99924936E-01  1.21602654E+00
   151  3.02000000E+01  1.21645470E+00  9.99922388E-01  1.21645470E+00
   152  3.04000000E+01  1.21691143E+00  9.99919777E-01  1.21691143E+00
   153  3.06000000E+01  1.21734676E+00  9.99917104E-01  1.21734676E+00
   154  3.08000000E+01  1.21776143E+00  9.99914369E-01  1.21776143E+00
   155  3.10000000E+01  1.21815620E+00  9.99911571E-01  1.21815620E+00
   156  3.12000000E+01  1.21853189E+00  9.99908711E-01  1.21853189E+00
   157  3.14000000E+01  1.21890248E+00  9.99905789E-01  1.21890248E+00
   158  3.16000000E+01  1.21931072E+00  9.99902805E-01  1.21931072E+00
   159  3.18000000E+01  1.21969939E+00  9.99899759E-01  1.21969939E+00
   160  3.20000000E+01  1.22006926E+00  9.99896653E-01  1.22006926E+00
   161  3.22000000E+01  1.22042114E+00  9.99893486E-01  1.22042114E+00
   162  3.24000000E+01  1.22075583E+00  9.99890259E-01  1.22075583E+00
   163  3.26000000E+01  1.22107413E+00  9.99886974E-01  1.22107413E+00
   164  3.28000000E+01  1.22143354E+00  9.99883632E-01  1.22143354E+00
   165  3.30000000E+01  1.22177992E+00  9.99880234E-01  1.22177992E+00
   166  3.32000000E+01  1.22210934E+00  9.99876781E-01  1.22210934E+00
   167  3.34000000E+01  1.22242262E+00  9.99873276E-01  1.22242262E+00
   168  3.36000000E+01  1.22272055E+00  9.99869720E-01  1.22272055E+00
   169  3.38000000E+01  1.22300389E+00  9.99866116E-01  1.22300389E+00
   170  3.40000000E+01  1.22331266E+00  9.99862466E-01  1.22331266E+00
   171  3.42000000E+01  1.22362116E+00  9.99858773E-01  1.22362116E+00
   172  3.44000000E+01  1.22391450E+00  9.99855040E-01  1.22391450E+00
   173  3.46000000E+01  1.22419343E+00  9.99851270E-01  1.22419343E+00
   174  3.48000000E+01  1.22445867E+00  9.99847467E-01  1.22445867E+00
   175  3.50000000E+01  1.22471093E+00  9.99843636E-01  1.22471093E+00
   176  3.52000000E+01  1.22496659E+00  9.99839780E-01  1.22496659E+00
   177  3.54000000E+01  1.22524127E+00  9.99835905E-01  1.22524127E+00
   178  3.56000000E+01  1.22550249E+00  9.99832015E-01  1.22550249E+00
   179  3.58000000E+01  1.22575092E+00  9.99828116E-01  1.22575092E+00
   180  3.60000000E+01  1.22598721E+00  9.99824214E-01  1.22598721E+00
   181  3.62000000E+01  1.22621197E+00  9.99820317E-01  1.22621197E+00
   182  3.64000000E+01  1.22642574E+00  9.99816430E-01  1.22642574E+00
   183  3.66000000E+01  1.22667024E+00  9.99812561E-01  1.22667024E+00
   184  3.68000000E+01  1.22690286E+00  9.99808719E-01  1.22690286E+00
   185  3.70000000E+01  1.22712409E+00  9.99804912E-01  1.22712409E+00
   186  3.72000000E+01  1.22733450E+00  9.99801149E-01  1.22733450E+00
   187  3.74000000E+01  1.22753462E+00  9.99797439E-01  1.22753462E+00
   188  3.76000000E+01  1.22772494E+00  9.99793795E-01  1.22772494E+00
   189  3.78000000E+01  1.22792130E+00  9.99790226E-01  1.22792130E+00
   190  3.80000000E+01  1.22812867E+00  9.99786744E-01  1.22812867E+00
   191  3.82000000E+01  1.22832590E+00  9.99783363E-01  1.22832590E+00
   192  3.84000000E+01  1.22851348E+00  9.99780095E-01  1.22851348E+00
   193  3.86000000E+01  1.22869187E+00  9.99776956E-01  1.22869187E+00
   194  3.88000000E+01  1.22886151E+00  9.99773960E-01  1.22886151E+00
   195  3.90000000E+01  1.22902282E+00  9.99771124E-01  1.22902282E+00
   196  3.92000000E+01  1.22920523E+00  9.99768465E-01  1.22920523E+00
   197  3.94000000E+01  1.22938086E+00  9.99766001E-01  1.22938086E+00
   198  3.96000000E+01  1.22954788E+00  9.99763752E-01  1.22954788E+00
   199  3.98000000E+01  1.22970669E+00  9.99761737E-01  1.22970669E+00
   200  4.00000000E+01  1.22985769E+00  9.99759979E-01  1.22985769E+00
   201  4.02000000E+01  1.23000126E+00  9.99758499E-01  1.23000126E+00
   202  4.04000000E+01  1.23014313E+00  9.99757323E-01  1.23014313E+00
   203  4.06000000E+01  1.23029971E+00  9.99756475E-01  1.23029971E+00
   204  4.08000000E+01  1.23044859E+00  9.99755982E-01  1.23044859E+00
   205  4.10000000E+01  1.23059013E+00  9.99755871E-01  1.23059013E+00
   206  4.12000000E+01  1.23072468E+00  9.99756174E-01  1.23072468E+00
   207  4.14000000E+01  1.23085258E+00  9.99756920E-01  1.23085258E+00
   208  4.16000000E+01  1.23097414E+00  9.99758142E-01  1.23097414E+00
   209  4.18000000E+01  1.23110266E+00  9.99759875E-01  1.23110266E+00
   210  4.20000000E+01  1.23123518E+00  9.99762154E-01  1.23123518E+00
   211  4.22000000E+01  1.23136115E+00  9.99765019E-01  1.23136115E+00
   212  4.24000000E+01  1.23148089E+00  9.99768508E-01  1.23148089E+00
   213  4.26000000E+01  1.23159469E+00  9.99772663E-01  1.23159469E+00
   214  4.28000000E+01  1.23170284E+00  9.99777529E-01  1.23170284E+00
   215  4.30000000E+01  1.23180562E+00  9.99783151E-01  1.23180562E+00
   216  4.32000000E+01  1.23191716E+00  9.99789579E-01  1.23191716E+00
   217  4.34000000E+01  1.23202939E+00  9.99796862E-01  1.23202939E+00
   218  4.36000000E+01  1.23213604E+00  9.99805053E-01  1.23213604E+00
   219  4.38000000E+01  1.23223739E+00  9.99814209E-01  1.23223739E+00
   220  4.40000000E+01  1.23233371E+00  9.99824388E-01  1.23233371E+00
   221  4.42000000E+01  1.23242522E+00  9.99835650E-01  1.23242522E+00
   222  4.44000000E+01  1.23251218E+00  9.99848060E-01  1.23251218E+00
   223  4.46000000E+01  1.23260966E+00  9.99861685E-01  1.23260966E+00
   224  4.48000000E+01  1.23270454E+00  9.99876593E-01  1.23270454E+00
   225  4.50000000E+01  1.23279470E+00  9.99892860E-01  1.23279470E+00
   226  4.52000000E+01  1.23288036E+00  9.99910559E-01  1.23288036E+00
   227  4.54000000E+01  1.23296173E+00  9.99929773E-01  1.23296173E+00
   228  4.56000000E+01  1.23303903E+00  9.99950583E-01  1.23303903E+00
   229  4.58000000E+01  1.23311245E+00  9.99973078E-01  1.23311245E+00
   230  4.60000000E+01  1.23319412E+00  9.99997347E-01  1.23319412E+00
   231  4.62000000E+01  1.23327438E+00  1.00002349E+00  1.23327438E+00
   232  4.64000000E+01  1.23335062E+00  1.00005159E+00  1.23335062E+00
   233  4.66000000E+01  1.23342304E+00  1.00008177E+00  1.23342304E+00
   234  4.68000000E+01  1.23349181E+00  1.00011413E+00  1.23349181E+00
   235  4.70000000E+01  1.23355710E+00  1.00014877E+00  1.23355710E+00
   236  4.72000000E+01  1.23361910E+00  1.00018582E+00  1.23361910E+00
   237  4.74000000E+01  1.23368793E+00  1.00022541E+00  1.23368793E+00
   238  4.76000000E+01  1.23375569E+00  1.00026764E+00  1.23375569E+00
   239  4.78000000E+01  1.23382002E+00  1.00031266E+00  1.23382002E+00
   240  4.80000000E+01  1.23388109E+00  1.00036060E+00  1.23388109E+00
   241  4.82000000E+01  1.23393906E+00  1.00041160E+00  1.23393906E+00
   242  4.84000000E+01  1.23399407E+00  1.00046582E+00  1.23399407E+00
   243  4.86000000E+01  1.23404626E+00  1.00052340E+00  1.23404626E+00
   244  4.88000000E+01  1.23410123E+00  1.00058450E+00  1.23410123E+00
   245  4.90000000E+01  1.23415842E+00  1.00064929E+00  1.23415842E+00
   246  4.92000000E+01  1.23421268E+00  1.00071794E+00  1.23421268E+00
   247  4.94000000E+01  1.23426416E+00  1.00079063E+00  1.23426416E+00
   248  4.96000000E+01  1.23431299E+00  1.00086755E+00  1.23431299E+00
   249  4.98000000E+01  1.23435930E+00  1.00094888E+00  1.23435930E+00
   250  5.00000000E+01  1.23440321E+00  1.00103483E+00  1.23440321E+00
   251  5.02000000E+01  1.23444678E+00  1.00112560E+00  1.23444678E+00
   252  5.04000000E+01  1.23449489E+00  1.00122142E+00  1.23449489E+00
   253  5.06000000E+01  1.23454051E+00  1.00132249E+00  1.23454051E+00
   254  5.08000000E+01  1.23458377E+00  1.00142905E+00  1.23458377E+00
   255  5.10000000E+01  1.23462477E+00  1.00154134E+00  1.23462477E+00
   256  5.12000000E+01  1.23466363E+00  1.00165961E+00  1.23466363E+00
   257  5.14000000E+01  1.23470044E+00  1.00178410E+00  1.23470044E+00
   258  5.16000000E+01  1.23473531E+00  1.00191510E+00  1.23473531E+00
   259  5.18000000E+01  1.23477352E+00  1.00205286E+00  1.23477352E+00
   260  5.20000000E+01  1.23481184E+00  1.00219768E+00  1.23481184E+00
   261  5.22000000E+01  1.23484814E+00  1.00234984E+00  1.23484814E+00
   262  5.24000000E+01  1.23488253E+00  1.00250965E+00  1.23488253E+00
   263  5.26000000E+01  1.23491509E+00  1.00267741E+00  1.23491509E+00
   264  5.28000000E+01  1.23494591E+00  1.00285345E+00  1.23494591E+00
   265  5.30000000E+01  1.23497508E+00  1.00303810E+00  1.23497508E+00
   266  5.32000000E+01  1.23500355E+00  1.00323171E+00  1.23500355E+00
   267  5.34000000E+01  1.23503563E+00  1.00343462E+00  1.23503563E+00
   268  5.36000000E+01  1.23506598E+00  1.00364720E+00  1.23506598E+00
   269  5.38000000E+01  1.23509471E+00  1.00386982E+00  1.23509471E+00
   270  5.40000000E+01  1.23512189E+00  1.00410287E+00  1.23512189E+00
   271  5.42000000E+01  1.23514760E+00  1.00434675E+00  1.23514760E+00
   272  5.44000000E+01  1.23517191E+00  1.00460186E+00  1.23517191E+00
   273  5.46000000E+01  1.23519488E+00  1.00486863E+00  1.23519488E+00
   274  5.48000000E+01  1.23521801E+00  1.00514749E+00  1.23521801E+00
   275  5.50000000E+01  1.23524336E+00  1.00543887E+00  1.23524336E+00
   276  5.52000000E+01  1.23526733E+00  1.00574324E+00  1.23526733E+00
   277  5.54000000E+01  1.23528998E+00  1.00606105E+00  1.23528998E+00
   278  5.56000000E+01  1.23531139E+00  1.00639280E+00  1.23531139E+00
   279  5.58000000E+01  1.23533161E+00  1.00673896E+00  1.23533161E+00
   280  5.60000000E+01  1.23535071E+00  1.00710003E+00  1.23535071E+00
   281  5.62000000E+01  1.23536874E+00  1.00747654E+00  1.23536874E+00
   282  5.64000000E+01  1.23538693E+00  1.00786899E+00  1.23538693E+00
   283  5.66000000E+01  1.23540684E+00  1.00827794E+00  1.23540684E+00
   284  5.68000000E+01  1.23542564E+00  1.00870392E+00  1.23542564E+00
   285  5.70000000E+01  1.23544339E+00  1.00914749E+00  1.23544339E+00
   286  5.72000000E+01  1.23546015E+00  1.00960922E+00  1.23546015E+00
   287  5.74000000E+01  1.23547596E+00  1.01008969E+00  1.23547596E+00
   288  5.76000000E+01  1.23549087E+00  1.01058948E+00  1.23549087E+00
   289  5.78000000E+01  1.23550493E+00  1.01110921E+00  1.23550493E+00
   290  5.80000000E+01  1.23551818E+00  1.01164947E+00  1.23551818E+00
   291  5.82000000E+01  1.23553353E+00  1.01221088E+00  1.23553353E+00
   292  5.84000000E+01  1.23554822E+00  1.01279407E+00  1.23554822E+00
   293  5.86000000E+01  1.23556208E+00  1.01339967E+00  1.23556208E+00
   294  5.88000000E+01  1.23557514E+00  1.01402832E+00  1.23557514E+00
   295  5.90000000E+01  1.23558745E+00  1.01468066E+00  1.23558745E+00
   296  5.92000000E+01  1.23559905E+00  1.01535735E+00  1.23559905E+00
   297  5.94000000E+01  1.23560997E+00  1.01605904E+00  1.23560997E+00
   298  5.96000000E+01  1.23562025E+00  1.01678638E+00  1.23562025E+00
   299  5.98000000E+01  1.23563041E+00  1.01754002E+00  1.23563041E+00
   300  6.00000000E+01  1.23564182E+00  1.01832063E+00  1.23564182E+00
   301  6.02000000E+01  1.23565257E+00  1.01912886E+00  1.23565257E+00
   302  6.04000000E+01  1.23566268E+00  1.01996536E+00  1.23566268E+00
   303  6.06000000E+01  1.23567221E+00  1.02083077E+00  1.23567221E+00
   304  6.08000000E+01  1.23568116E+00  1.02172574E+00  1.23568116E+00
   305  6.10000000E+01  1.23568959E+00  1.02265089E+00  1.23568959E+00
   306  6.12000000E+01  1.23569752E+00  1.02360685E+00  1.23569752E+00
   307  6.14000000E+01  1.23570497E+00  1.02459423E+00  1.23570497E+00
   308  6.16000000E+01  1.23571197E+00  1.02561362E+00  1.23571197E+00
   309  6.18000000E+01  1.23571992E+00  1.02666560E+00  1.23571992E+00
   310  6.20000000E+01  1.23572773E+00  1.02775074E+00  1.23572773E+00
   311  6.22000000E+01  1.23573507E+00  1.02886957E+00  1.23573507E+00
   312  6.24000000E+01  1.23574197E+00  1.03002262E+00  1.23574197E+00
   313  6.26000000E+01  1.23574845E+00  1.03121037E+00  1.23574845E+00
   314  6.28000000E+01  1.23575453E+00  1.03243330E+00  1.23575453E+00
   315  6.30000000E+01  1.23576024E+00  1.03369185E+00  1.23576024E+00
   316  6.32000000E+01  1.23576561E+00  1.03498641E+00  1.23576561E+00
   317  6.34000000E+01  1.23577064E+00  1.03631736E+00  1.23577064E+00
   318  6.36000000E+01  1.23577536E+00  1.03768503E+00  1.23577536E+00
   319  6.38000000E+01  1.23578026E+00  1.03908971E+00  1.23578026E+00
   320  6.40000000E+01  1.23578553E+00  1.04053164E+00  1.23578553E+00
   321  6.42000000E+01  1.23579048E+00  1.04201103E+00  1.23579048E+00
   322  6.44000000E+01  1.23579512E+00  1.04352803E+00  1.23579512E+00
   323  6.46000000E+01  1.23579947E+00  1.04508273E+00  1.23579947E+00
   324  6.48000000E+01  1.23580355E+00  1.04667517E+00  1.23580355E+00
   325  6.50000000E+01  1.23580737E+00  1.04830535E+00  1.23580737E+00
   326  6.52000000E+01  1.23581096E+00  1.04997316E+00  1.23581096E+00
   327  6.54000000E+01  1.23581431E+00  1.05167849E+00  1.23581431E+00
   328  6.56000000E+01  1.23581746E+00  1.05342110E+00  1.23581746E+00
   329  6.58000000E+01  1.23582040E+00  1.05520072E+00  1.23582040E+00
   330  6.60000000E+01  1.23582315E+00  1.05701701E+00  1.23582315E+00
   331  6.62000000E+01  1.23582573E+00  1.05886953E+00  1.23582573E+00
   332  6.64000000E+01  1.23582872E+00  1.06075779E+00  1.23582872E+00
   333  6.66000000E+01  1.23583162E+00  1.06268120E+00  1.23583162E+00
   334  6.68000000E+01  1.23583433E+00  1.06463911E+00  1.23583433E+00
   335  6.70000000E+01  1.23583686E+00  1.06663079E+00  1.23583686E+00
   336  6.72000000E+01  1.23583923E+00  1.06865542E+00  1.23583923E+00
   337  6.74000000E+01  1.23584145E+00  1.07071212E+00  1.23584145E+00
   338  6.76000000E+01  1.23584352E+00  1.07279991E+00  1.23584352E+00
   339  6.78000000E+01  1.23584546E+00  1.07491773E+00  1.23584546E+00
   340  6.80000000E+01  1.23584727E+00  1.07706447E+00  1.23584727E+00
   341  6.82000000E+01  1.23584896E+00  1.07923892E+00  1.23584896E+00
   342  6.84000000E+01  1.23585053E+00  1.08143979E+00  1.23585053E+00
   343  6.86000000E+01  1.23585201E+00  1.08366574E+00  1.23585201E+00
   344  6.88000000E+01  1.23585338E+00  1.08591534E+00  1.23585338E+00
   345  6.90000000E+01  1.23585466E+00  1.08818710E+00  1.23585466E+00
   346  6.92000000E+01  1.23585586E+00  1.09047946E+00  1.23585586E+00
   347  6.94000000E+01  1.23585697E+00  1.09279081E+00  1.23585697E+00
   348  6.96000000E+01  1.23585801E+00  1.09511946E+00  1.23585801E+00
   349  6.98000000E+01  1.23585897E+00  1.09746368E+00  1.23585897E+00
   350  7.00000000E+01  1.23585996E+00  1.09982170E+00  1.23585996E+00
   351  7.02000000E+01  1.23586105E+00  1.10219168E+00  1.23586105E+00
   352  7.04000000E+01  1.23586207E+00  1.10457177E+00  1.23586207E+00
   353  7.06000000E+01  1.23586302E+00  1.10696005E+00  1.23586302E+00
   354  7.08000000E+01  1.23586390E+00  1.10935461E+00  1.23586390E+00
   355  7.10000000E+01  1.23586472E+00  1.11175348E+00  1.23586472E+00
   356  7.12000000E+01  1.23586549E+00  1.11415470E+00  1.23586549E+00
   357  7.14000000E+01  1.23586620E+00  1.11655629E+00  1.23586620E+00
   358  7.16000000E+01  1.23586686E+00  1.11895626E+00  1.23586686E+00
   359  7.18000000E+01  1.23586747E+00  1.12135263E+00  1.23586747E+00
   360  7.20000000E+01  1.23586804E+00  1.12374343E+00  1.23586804E+00
   361  7.22000000E+01  1.23586857E+00  1.12612671E+00  1.23586857E+00
   362  7.24000000E+01  1.23586906E+00  1.12850053E+00  1.23586906E+00
   363  7.26000000E+01  1.23586952E+00  1.13086301E+00  1.23586952E+00
   364  7.28000000E+01  1.23586994E+00  1.13321228E+00  1.23586994E+00
   365  7.30000000E+01  1.23587034E+00  1.13554654E+00  1.23587034E+00
   366  7.32000000E+01  1.23587070E+00  1.13786403E+00  1.23587070E+00
   367  7.34000000E+01  1.23587104E+00  1.14016306E+00  1.23587104E+00
   368  7.36000000E+01  1.23587135E+00  1.14244200E+00  1.23587135E+00
   369  7.38000000E+01  1.23587164E+00  1.14469933E+00  1.23587164E+00
   370  7.40000000E+01  1.23587190E+00  1.14693356E+00  1.23587190E+00
   371  7.42000000E+01  1.23587215E+00  1.14914332E+00  1.23587215E+00
   372  7.44000000E+01  1.23587238E+00  1.15132734E+00  1.23587238E+00
   373  7.46000000E+01  1.23587259E+00  1.15348441E+00  1.23587259E+00
   374  7.48000000E+01  1.23587278E+00  1.15561347E+00  1.23587278E+00
   375  7.50000000E+01  1.23587296E+00  1.15771353E+00  1.23587296E+00
   376  7.52000000E+01  1.23587313E+00  1.15978372E+00  1.23587313E+00
   377  7.54000000E+01  1.23587328E+00  1.16182330E+00  1.23587328E+00
   378  7.56000000E+01  1.23587342E+00  1.16383162E+00  1.23587342E+00
   379  7.58000000E+01  1.23587355E+00  1.16580817E+00  1.23587355E+00
   380  7.60000000E+01  1.23587367E+00  1.16775258E+00  1.23587367E+00
   381  7.62000000E+01  1.23587378E+00  1.16966459E+00  1.23587378E+00
   382  7.64000000E+01  1.23587388E+00  1.17154409E+00  1.23587388E+00
   383  7.66000000E+01  1.23587397E+00  1.17339111E+00  1.23587397E+00
   384  7.68000000E+01  1.23587405E+00  1.17520582E+00  1.23587405E+00
   385  7.70000000E+01  1.23587413E+00  1.17698853E+00  1.23587413E+00
   386  7.72000000E+01  1.23587420E+00  1.17873969E+00  1.23587420E+00
   387  7.74000000E+01  1.23587426E+00  1.18045989E+00  1.23587426E+00
   388  7.76000000E+01  1.23587432E+00  1.18214982E+00  1.23587432E+00
   389  7.78000000E+01  1.23587437E+00  1.18381030E+00  1.23587437E+00
   390  7.80000000E+01  1.23587442E+00  1.18544220E+00  1.23587442E+00
   391  7.82000000E+01  1.23587446E+00  1.18704648E+00  1.23587446E+00
   392  7.84000000E+01  1.23587450E+00  1.18862410E+00  1.23587450E+00
   393  7.86000000E+01  1.23587454E+00  1.19017600E+00  1.23587454E+00
   394  7.88000000E+01  1.23587457E+00  1.19170308E+00  1.23587457E+00
   395  7.90000000E+01  1.23587460E+00  1.19320615E+00  1.23587460E+00
   396  7.92000000E+01  1.23587463E+00  1.19468588E+00  1.23587463E+00
   397  7.94000000E+01  1.23587465E+00  1.19614276E+00  1.23587465E+00
   398  7.96000000E+01  1.23587467E+00  1.19757707E+00  1.23587467E+00
   399  7.98000000E+01  1.23587469E+00  1.19898886E+00  1.23587469E+00
   400  8.00000000E+01  1.23587471E+00  1.20037791E+00  1.23587471E+00
   401  8.02000000E+01  1.23587472E+00  1.20174376E+00  1.23587472E+00
   402  8.04000000E+01  1.23587474E+00  1.20308566E+00  1.23587474E+00
   403  8.06000000E+01  1.23587475E+00  1.20440260E+00  1.23587475E+00
   404  8.08000000E+01  1.23587476E+00  1.20569337E+00  1.23587476E+00
   405  8.10000000E+01  1.23587477E+00  1.20695655E+00  1.23587477E+00
   406  8.12000000E+01  1.23587477E+00  1.20819057E+00  1.23587477E+00
   407  8.14000000E+01  1.23587478E+00  1.20939379E+00  1.23587478E+00
   408  8.16000000E+01  1.23587479E+00  1.21056452E+00  1.23587479E+00
   409  8.18000000E+01  1.23587479E+00  1.21170111E+00  1.23587479E+00
   410  8.20000000E+01  1.23587479E+00  1.21280203E+00  1.23587479E+00
   411  8.22000000E+01  1.23587480E+00  1.21386588E+00  1.23587480E+00
   412  8.24000000E+01  1.23587480E+00  1.21489148E+00  1.23587480E+00
   413  8.26000000E+01  1.23587480E+00  1.21587793E+00  1.23587480E+00
   414  8.28000000E+01  1.23587480E+00  1.21682461E+00  1.23587480E+00
   415  8.30000000E+01  1.23587480E+00  1.21773122E+00  1.23587480E+00
   416  8.32000000E+01  1.23587480E+00  1.21859780E+00  1.23587480E+00
   417  8.34000000E+01  1.23587480E+00  1.21942472E+00  1.23587480E+00
   418  8.36000000E+01  1.23587480E+00  1.22021265E+00  1.23587480E+00
   419  8.38000000E+01  1.23587480E+00  1.22096256E+00  1.23587480E+00
   420  8.40000000E+01  1.23587480E+00  1.22167568E+00  1.23587480E+00
   421  8.42000000E+01  1.23587480E+00  1.22235342E+00  1.23587480E+00
   422  8.44000000E+01  1.23587480E+00  1.22299738E+00  1.23587480E+00
   423  8.46000000E+01  1.23587480E+00  1.22360925E+00  1.23587480E+00
   424  8.48000000E+01  1.23587480E+00  1.22419077E+00  1.23587480E+00
   425  8.50000000E+01  1.23587479E+00  1.22474372E+00  1.23587479E+00
   426  8.52000000E+01  1.23587479E+00  1.22526980E+00  1.23587479E+00
   427  8.54000000E+01  1.23587479E+00  1.22577069E+00  1.23587479E+00
   428  8.56000000E+01  1.23587479E+00  1.22624793E+00  1.23587479E+00
   429  8.58000000E+01  1.23587479E+00  1.22670296E+00  1.23587479E+00
   430  8.60000000E+01  1.23587478E+00  1.22713708E+00  1.23587478E+00
   431  8.62000000E+01  1.23587478E+00  1.22755144E+00  1.23587478E+00
   432  8.64000000E+01  1.23587478E+00  1.22794708E+00  1.23587478E+00
   433  8.66000000E+01  1.23587478E+00  1.22832487E+00  1.23587478E+00
   434  8.68000000E+01  1.23587477E+00  1.22868562E+00  1.23587477E+00
   435  8.70000000E+01  1.23587477E+00  1.22903000E+00  1.23587477E+00
   436  8.72000000E+01  1.23587477E+00  1.22935862E+00  1.23587477E+00
   437  8.74000000E+01  1.23587477E+00  1.22967202E+00  1.23587477E+00
   438  8.76000000E+01  1.23587477E+00  1.22997072E+00  1.23587477E+00
   439  8.78000000E+01  1.23587476E+00  1.23025519E+00  1.23587476E+00
   440  8.80000000E+01  1.23587476E+00  1.23052591E+00  1.23587476E+00
   441  8.82000000E+01  1.23587476E+00  1.23078335E+00  1.23587476E+00
   442  8.84000000E+01  1.23587476E+00  1.23102799E+00  1.23587476E+00
   443  8.86000000E+01  1.23587476E+00  1.23126032E+00  1.23587476E+00
   444  8.88000000E+01  1.23587475E+00  1.23148086E+00  1.23587475E+00
   445  8.90000000E+01  1.23587475E+00  1.23169012E+00  1.23587475E+00
   446  8.92000000E+01  1.23587475E+00  1.23188863E+00  1.23587475E+00
   447  8.94000000E+01  1.23587475E+00  1.23207693E+00  1.23587475E+00
   448  8.96000000E+01  1.23587475E+00  1.23225555E+00  1.23587475E+00
   449  8.98000000E+01  1.23587474E+00  1.23242501E+00  1.23587474E+00
   450  9.00000000E+01  1.23587474E+00  1.23258582E+00  1.23587474E+00
   451  9.02000000E+01  1.23587474E+00  1.23273848E+00  1.23587474E+00
   452  9.04000000E+01  1.23587474E+00  1.23288345E+00  1.23587474E+00
   453  9.06000000E+01  1.23587474E+00  1.23302117E+00  1.23587474E+00
   454  9.08000000E+01  1.23587474E+00  1.23315205E+00  1.23587474E+00
   455  9.10000000E+01  1.23587474E+00  1.23327647E+00  1.23587474E+00
   456  9.12000000E+01  1.23587473E+00  1.23339478E+00  1.23587473E+00
   457  9.14000000E+01  1.23587473E+00  1.23350731E+00  1.23587473E+00
   458  9.16000000E+01  1.23587473E+00  1.23361434E+00  1.23587473E+00
   459  9.18000000E+01  1.23587473E+00  1.23371616E+00  1.23587473E+00
   460  9.20000000E+01  1.23587473E+00  1.23381300E+00  1.23587473E+00
   461  9.22000000E+01  1.23587473E+00  1.23390510E+00  1.23587473E+00
   462  9.24000000E+01  1.23587473E+00  1.23399268E+00  1.23587473E+00
   463  9.26000000E+01  1.23587473E+00  1.23407594E+00  1.23587473E+00
   464  9.28000000E+01  1.23587473E+00  1.23415506E+00  1.23587473E+00
   465  9.30000000E+01  1.23587473E+00  1.23423024E+00  1.23587473E+00
   466  9.32000000E+01  1.23587472E+00  1.23430164E+00  1.23587472E+00
   467  9.34000000E+01  1.23587472E+00  1.23436945E+00  1.23587472E+00
   468  9.36000000E+01  1.23587472E+00  1.23443381E+00  1.23587472E+00
   469  9.38000000E+01  1.23587472E+00  1.23449489E+00  1.23587472E+00
   470  9.40000000E+01  1.23587472E+00  1.23455285E+00  1.23587472E+00
   471  9.42000000E+01  1.23587472E+00  1.23460782E+00  1.23587472E+00
   472  9.44000000E+01  1.23587472E+00  1.23465996E+00  1.23587472E+00
   473  9.46000000E+01  1.23587472E+00  1.23470941E+00  1.23587472E+00
   474  9.48000000E+01  1.23587472E+00  1.23475628E+00  1.23587472E+00
   475  9.50000000E+01  1.23587472E+00  1.23480072E+00  1.23587472E+00
   476  9.52000000E+01  1.23587472E+00  1.23484284E+00  1.23587472E+00
   477  9.54000000E+01  1.23587472E+00  1.23488276E+00  1.23587472E+00
   478  9.56000000E+01  1.23587472E+00  1.23492058E+00  1.23587472E+00
   479  9.58000000E+01  1.23587472E+00  1.23495640E+00  1.23587472E+00
   480  9.60000000E+01  1.23587472E+00  1.23499034E+00  1.23587472E+00
   481  9.62000000E+01  1.23587472E+00  1.23502247E+00  1.23587472E+00
 steady-height stop at step    481: truncated to 3 decimals, truncated max/end/ratio =       1235      1235      1235, max/end/ratio =   1.23587472E+00  1.23502247E+00  1.23587472E+00
