 comppar: model =   2
 comppar: lambda,mobility/eps,betav,eta_0 =  3.0000E-01  0.0000E+00  5.0000E-01  1.0000E+00
 comppar: eta_s,eta_p,G =  5.0000E-01  5.0000E-01  1.6667E+00
 comppar: U_avg,deltat,flowrate,nsteps =  1.0000E-01  2.0000E-01  3.1416E-01    2000
 comppar: geometry = axisymmetric
 comppar: steady stop change,gap,hold,min =  1.0000E-07  1.0000E-03       1      80
 comppar: steady stop truncated decimals =       3
 comppar: ncompc,ncompg =     4     5
 mesh nnodes = 5797
 mesh nelem = 2796
 P1 BC   5.0000000000000000     
 P2 BC   0.0000000000000000     
     1  2.00000000E-01  1.00253050E+00  1.00000000E+00  1.00253050E+00
     2  4.00000000E-01  1.00501585E+00  1.00000000E+00  1.00501585E+00
     3  6.00000000E-01  1.00744675E+00  1.00000000E+00  1.00744675E+00
     4  8.00000000E-01  1.00983501E+00  1.00000000E+00  1.00983501E+00
     5  1.00000000E+00  1.01218319E+00  1.00000000E+00  1.01218319E+00
     6  1.20000000E+00  1.01450363E+00  1.00000000E+00  1.01450363E+00
     7  1.40000000E+00  1.01678796E+00  1.00000000E+00  1.01678796E+00
     8  1.60000000E+00  1.01904161E+00  1.00000000E+00  1.01904161E+00
     9  1.80000000E+00  1.02126703E+00  1.00000000E+00  1.02126703E+00
    10  2.00000000E+00  1.02345714E+00  1.00000000E+00  1.02345714E+00
    11  2.20000000E+00  1.02562618E+00  1.00000000E+00  1.02562618E+00
    12  2.40000000E+00  1.02775347E+00  1.00000000E+00  1.02775347E+00
    13  2.60000000E+00  1.02986230E+00  1.00000000E+00  1.02986230E+00
    14  2.80000000E+00  1.03193394E+00  1.00000000E+00  1.03193394E+00
    15  3.00000000E+00  1.03398110E+00  1.00000000E+00  1.03398110E+00
    16  3.20000000E+00  1.03599886E+00  1.00000000E+00  1.03599886E+00
    17  3.40000000E+00  1.03797236E+00  1.00000000E+00  1.03797236E+00
    18  3.60000000E+00  1.03994584E+00  1.00000000E+00  1.03994584E+00
    19  3.80000000E+00  1.04185988E+00  1.00000000E+00  1.04185988E+00
    20  4.00000000E+00  1.04377550E+00  1.00000000E+00  1.04377550E+00
    21  4.20000000E+00  1.04564685E+00  1.00000000E+00  1.04564685E+00
    22  4.40000000E+00  1.04747164E+00  9.99999998E-01  1.04747164E+00
    23  4.60000000E+00  1.04931242E+00  9.99999995E-01  1.04931242E+00
    24  4.80000000E+00  1.05109032E+00  9.99999992E-01  1.05109032E+00
    25  5.00000000E+00  1.05285319E+00  9.99999988E-01  1.05285319E+00
    26  5.20000000E+00  1.05460251E+00  9.99999984E-01  1.05460251E+00
    27  5.40000000E+00  1.05628588E+00  9.99999979E-01  1.05628588E+00
    28  5.60000000E+00  1.05796932E+00  9.99999973E-01  1.05796932E+00
    29  5.80000000E+00  1.05963939E+00  9.99999967E-01  1.05963939E+00
    30  6.00000000E+00  1.06124154E+00  9.99999959E-01  1.06124154E+00
    31  6.20000000E+00  1.06284966E+00  9.99999951E-01  1.06284966E+00
    32  6.40000000E+00  1.06444032E+00  9.99999942E-01  1.06444032E+00
    33  6.60000000E+00  1.06596107E+00  9.99999931E-01  1.06596107E+00
    34  6.80000000E+00  1.06746766E+00  9.99999919E-01  1.06746766E+00
    35  7.00000000E+00  1.06899530E+00  9.99999906E-01  1.06899530E+00
    36  7.20000000E+00  1.07045196E+00  9.99999892E-01  1.07045196E+00
    37  7.40000000E+00  1.07185486E+00  9.99999875E-01  1.07185486E+00
    38  7.60000000E+00  1.07331970E+00  9.99999858E-01  1.07331970E+00
    39  7.80000000E+00  1.07471243E+00  9.99999838E-01  1.07471243E+00
    40  8.00000000E+00  1.07603042E+00  9.99999817E-01  1.07603042E+00
    41  8.20000000E+00  1.07738172E+00  9.99999794E-01  1.07738172E+00
    42  8.40000000E+00  1.07873136E+00  9.99999768E-01  1.07873136E+00
    43  8.60000000E+00  1.08000611E+00  9.99999741E-01  1.08000611E+00
    44  8.80000000E+00  1.08121011E+00  9.99999711E-01  1.08121011E+00
    45  9.00000000E+00  1.08251683E+00  9.99999678E-01  1.08251683E+00
    46  9.20000000E+00  1.08374837E+00  9.99999643E-01  1.08374837E+00
    47  9.40000000E+00  1.08490257E+00  9.99999604E-01  1.08490257E+00
    48  9.60000000E+00  1.08601610E+00  9.99999563E-01  1.08601610E+00
    49  9.80000000E+00  1.08722911E+00  9.99999518E-01  1.08722911E+00
    50  1.00000000E+01  1.08836531E+00  9.99999470E-01  1.08836531E+00
    51  1.02000000E+01  1.08942290E+00  9.99999419E-01  1.08942290E+00
    52  1.04000000E+01  1.09046381E+00  9.99999363E-01  1.09046381E+00
    53  1.06000000E+01  1.09158166E+00  9.99999303E-01  1.09158166E+00
    54  1.08000000E+01  1.09262130E+00  9.99999239E-01  1.09262130E+00
    55  1.10000000E+01  1.09358135E+00  9.99999170E-01  1.09358135E+00
    56  1.12000000E+01  1.09449684E+00  9.99999097E-01  1.09449684E+00
    57  1.14000000E+01  1.09554148E+00  9.99999018E-01  1.09554148E+00
    58  1.16000000E+01  1.09650736E+00  9.99998934E-01  1.09650736E+00
    59  1.18000000E+01  1.09739352E+00  9.99998845E-01  1.09739352E+00
    60  1.20000000E+01  1.09819957E+00  9.99998749E-01  1.09819957E+00
    61  1.22000000E+01  1.09916951E+00  9.99998647E-01  1.09916951E+00
    62  1.24000000E+01  1.10006098E+00  9.99998538E-01  1.10006098E+00
    63  1.26000000E+01  1.10087270E+00  9.99998423E-01  1.10087270E+00
    64  1.28000000E+01  1.10160481E+00  9.99998300E-01  1.10160481E+00
    65  1.30000000E+01  1.10245267E+00  9.99998169E-01  1.10245267E+00
    66  1.32000000E+01  1.10327290E+00  9.99998031E-01  1.10327290E+00
    67  1.34000000E+01  1.10401413E+00  9.99997884E-01  1.10401413E+00
    68  1.36000000E+01  1.10467727E+00  9.99997728E-01  1.10467727E+00
    69  1.38000000E+01  1.10543844E+00  9.99997562E-01  1.10543844E+00
    70  1.40000000E+01  1.10618689E+00  9.99997387E-01  1.10618689E+00
    71  1.42000000E+01  1.10685720E+00  9.99997202E-01  1.10685720E+00
    72  1.44000000E+01  1.10745101E+00  9.99997006E-01  1.10745101E+00
    73  1.46000000E+01  1.10812264E+00  9.99996798E-01  1.10812264E+00
    74  1.48000000E+01  1.10880197E+00  9.99996579E-01  1.10880197E+00
    75  1.50000000E+01  1.10940515E+00  9.99996348E-01  1.10940515E+00
    76  1.52000000E+01  1.10993461E+00  9.99996104E-01  1.10993461E+00
    77  1.54000000E+01  1.11054370E+00  9.99995846E-01  1.11054370E+00
    78  1.56000000E+01  1.11115353E+00  9.99995574E-01  1.11115353E+00
    79  1.58000000E+01  1.11168931E+00  9.99995288E-01  1.11168931E+00
    80  1.60000000E+01  1.11215427E+00  9.99994986E-01  1.11215427E+00
    81  1.62000000E+01  1.11270314E+00  9.99994669E-01  1.11270314E+00
    82  1.64000000E+01  1.11324812E+00  9.99994335E-01  1.11324812E+00
    83  1.66000000E+01  1.11372225E+00  9.99993983E-01  1.11372225E+00
    84  1.68000000E+01  1.11412941E+00  9.99993614E-01  1.11412941E+00
    85  1.70000000E+01  1.11463216E+00  9.99993226E-01  1.11463216E+00
    86  1.72000000E+01  1.11511217E+00  9.99992818E-01  1.11511217E+00
    87  1.74000000E+01  1.11552471E+00  9.99992390E-01  1.11552471E+00
    88  1.76000000E+01  1.11587437E+00  9.99991941E-01  1.11587437E+00
    89  1.78000000E+01  1.11634216E+00  9.99991470E-01  1.11634216E+00
    90  1.80000000E+01  1.11676355E+00  9.99990976E-01  1.11676355E+00
    91  1.82000000E+01  1.11712158E+00  9.99990459E-01  1.11712158E+00
    92  1.84000000E+01  1.11742365E+00  9.99989917E-01  1.11742365E+00
    93  1.86000000E+01  1.11785056E+00  9.99989349E-01  1.11785056E+00
    94  1.88000000E+01  1.11821360E+00  9.99988756E-01  1.11821360E+00
    95  1.90000000E+01  1.11851770E+00  9.99988135E-01  1.11851770E+00
    96  1.92000000E+01  1.11880796E+00  9.99987485E-01  1.11880796E+00
    97  1.94000000E+01  1.11917948E+00  9.99986806E-01  1.11917948E+00
    98  1.96000000E+01  1.11949144E+00  9.99986097E-01  1.11949144E+00
    99  1.98000000E+01  1.11974907E+00  9.99985357E-01  1.11974907E+00
   100  2.00000000E+01  1.12001776E+00  9.99984584E-01  1.12001776E+00
   101  2.02000000E+01  1.12033443E+00  9.99983778E-01  1.12033443E+00
   102  2.04000000E+01  1.12059622E+00  9.99982938E-01  1.12059622E+00
   103  2.06000000E+01  1.12080870E+00  9.99982062E-01  1.12080870E+00
   104  2.08000000E+01  1.12107883E+00  9.99981149E-01  1.12107883E+00
   105  2.10000000E+01  1.12134795E+00  9.99980199E-01  1.12134795E+00
   106  2.12000000E+01  1.12156687E+00  9.99979210E-01  1.12156687E+00
   107  2.14000000E+01  1.12174124E+00  9.99978181E-01  1.12174124E+00
   108  2.16000000E+01  1.12198931E+00  9.99977110E-01  1.12198931E+00
   109  2.18000000E+01  1.12221211E+00  9.99975998E-01  1.12221211E+00
   110  2.20000000E+01  1.12238985E+00  9.99974842E-01  1.12238985E+00
   111  2.22000000E+01  1.12255581E+00  9.99973642E-01  1.12255581E+00
   112  2.24000000E+01  1.12278540E+00  9.99972397E-01  1.12278540E+00
   113  2.26000000E+01  1.12296896E+00  9.99971105E-01  1.12296896E+00
   114  2.28000000E+01  1.12311221E+00  9.99969765E-01  1.12311221E+00
   115  2.30000000E+01  1.12326566E+00  9.99968377E-01  1.12326566E+00
   116  2.32000000E+01  1.12345284E+00  9.99966939E-01  1.12345284E+00
   117  2.34000000E+01  1.12359918E+00  9.99965451E-01  1.12359918E+00
   118  2.36000000E+01  1.12371042E+00  9.99963910E-01  1.12371042E+00
   119  2.38000000E+01  1.12388449E+00  9.99962318E-01  1.12388449E+00
   120  2.40000000E+01  1.12403604E+00  9.99960672E-01  1.12403604E+00
   121  2.42000000E+01  1.12415146E+00  9.99958972E-01  1.12415146E+00
   122  2.44000000E+01  1.12423770E+00  9.99957216E-01  1.12423770E+00
   123  2.46000000E+01  1.12439259E+00  9.99955406E-01  1.12439259E+00
   124  2.48000000E+01  1.12451082E+00  9.99953539E-01  1.12451082E+00
   125  2.50000000E+01  1.12459805E+00  9.99951615E-01  1.12459805E+00
   126  2.52000000E+01  1.12471356E+00  9.99949635E-01  1.12471356E+00
   127  2.54000000E+01  1.12483637E+00  9.99947597E-01  1.12483637E+00
   128  2.56000000E+01  1.12492715E+00  9.99945501E-01  1.12492715E+00
   129  2.58000000E+01  1.12499135E+00  9.99943348E-01  1.12499135E+00
   130  2.60000000E+01  1.12509392E+00  9.99941137E-01  1.12509392E+00
   131  2.62000000E+01  1.12518724E+00  9.99938868E-01  1.12518724E+00
   132  2.64000000E+01  1.12525353E+00  9.99936543E-01  1.12525353E+00
   133  2.66000000E+01  1.12532947E+00  9.99934161E-01  1.12532947E+00
   134  2.68000000E+01  1.12542674E+00  9.99931724E-01  1.12542674E+00
   135  2.70000000E+01  1.12549594E+00  9.99929232E-01  1.12549594E+00
   136  2.72000000E+01  1.12554236E+00  9.99926686E-01  1.12554236E+00
   137  2.74000000E+01  1.12560843E+00  9.99924089E-01  1.12560843E+00
   138  2.76000000E+01  1.12567991E+00  9.99921441E-01  1.12567991E+00
   139  2.78000000E+01  1.12572816E+00  9.99918745E-01  1.12572816E+00
   140  2.80000000E+01  1.12577911E+00  9.99916003E-01  1.12577911E+00
   141  2.82000000E+01  1.12585388E+00  9.99913218E-01  1.12585388E+00
   142  2.84000000E+01  1.12590443E+00  9.99910393E-01  1.12590443E+00
   143  2.86000000E+01  1.12593580E+00  9.99907530E-01  1.12593580E+00
   144  2.88000000E+01  1.12597821E+00  9.99904635E-01  1.12597821E+00
   145  2.90000000E+01  1.12603076E+00  9.99901711E-01  1.12603076E+00
   146  2.92000000E+01  1.12606372E+00  9.99898762E-01  1.12606372E+00
   147  2.94000000E+01  1.12610036E+00  9.99895794E-01  1.12610036E+00
   148  2.96000000E+01  1.12615556E+00  9.99892813E-01  1.12615556E+00
   149  2.98000000E+01  1.12619021E+00  9.99889825E-01  1.12619021E+00
   150  3.00000000E+01  1.12620906E+00  9.99886836E-01  1.12620906E+00
   151  3.02000000E+01  1.12623736E+00  9.99883854E-01  1.12623736E+00
   152  3.04000000E+01  1.12627373E+00  9.99880888E-01  1.12627373E+00
   153  3.06000000E+01  1.12629394E+00  9.99877946E-01  1.12629394E+00
   154  3.08000000E+01  1.12632371E+00  9.99875038E-01  1.12632371E+00
   155  3.10000000E+01  1.12636211E+00  9.99872174E-01  1.12636211E+00
   156  3.12000000E+01  1.12638341E+00  9.99869367E-01  1.12638341E+00
   157  3.14000000E+01  1.12639209E+00  9.99866627E-01  1.12639209E+00
   158  3.16000000E+01  1.12641288E+00  9.99863968E-01  1.12641288E+00
   159  3.18000000E+01  1.12643566E+00  9.99861405E-01  1.12643566E+00
   160  3.20000000E+01  1.12644546E+00  9.99858953E-01  1.12644546E+00
   161  3.22000000E+01  1.12647336E+00  9.99856628E-01  1.12647336E+00
   162  3.24000000E+01  1.12649754E+00  9.99854449E-01  1.12649754E+00
   163  3.26000000E+01  1.12650788E+00  9.99852433E-01  1.12650788E+00
   164  3.28000000E+01  1.12650851E+00  9.99850601E-01  1.12650851E+00
   165  3.30000000E+01  1.12652617E+00  9.99848975E-01  1.12652617E+00
   166  3.32000000E+01  1.12653774E+00  9.99847578E-01  1.12653774E+00
   167  3.34000000E+01  1.12654076E+00  9.99846434E-01  1.12654076E+00
   168  3.36000000E+01  1.12656828E+00  9.99845571E-01  1.12656828E+00
   169  3.38000000E+01  1.12658066E+00  9.99845017E-01  1.12658066E+00
   170  3.40000000E+01  1.12658222E+00  9.99844801E-01  1.12658222E+00
   171  3.42000000E+01  1.12658018E+00  9.99844955E-01  1.12658018E+00
   172  3.44000000E+01  1.12659392E+00  9.99845514E-01  1.12659392E+00
   173  3.46000000E+01  1.12659648E+00  9.99846514E-01  1.12659648E+00
   174  3.48000000E+01  1.12660839E+00  9.99847993E-01  1.12660839E+00
   175  3.50000000E+01  1.12662324E+00  9.99849992E-01  1.12662324E+00
   176  3.52000000E+01  1.12662607E+00  9.99852554E-01  1.12662607E+00
   177  3.54000000E+01  1.12662083E+00  9.99855726E-01  1.12662083E+00
   178  3.56000000E+01  1.12662503E+00  9.99859555E-01  1.12662503E+00
   179  3.58000000E+01  1.12662896E+00  9.99864093E-01  1.12662896E+00
   180  3.60000000E+01  1.12662740E+00  9.99869395E-01  1.12662740E+00
   181  3.62000000E+01  1.12664514E+00  9.99875519E-01  1.12664514E+00
   182  3.64000000E+01  1.12664961E+00  9.99882525E-01  1.12664961E+00
   183  3.66000000E+01  1.12664493E+00  9.99890477E-01  1.12664493E+00
   184  3.68000000E+01  1.12663929E+00  9.99899444E-01  1.12663929E+00
   185  3.70000000E+01  1.12664497E+00  9.99909497E-01  1.12664497E+00
   186  3.72000000E+01  1.12664558E+00  9.99920711E-01  1.12664558E+00
   187  3.74000000E+01  1.12665342E+00  9.99933168E-01  1.12665342E+00
   188  3.76000000E+01  1.12666138E+00  9.99946950E-01  1.12666138E+00
   189  3.78000000E+01  1.12667120E+00  9.99962147E-01  1.12667120E+00
   190  3.80000000E+01  1.12667957E+00  9.99978850E-01  1.12667957E+00
   191  3.82000000E+01  1.12668656E+00  9.99997160E-01  1.12668656E+00
   192  3.84000000E+01  1.12669235E+00  1.00001718E+00  1.12669235E+00
   193  3.86000000E+01  1.12669927E+00  1.00003901E+00  1.12669927E+00
   194  3.88000000E+01  1.12670629E+00  1.00006278E+00  1.12670629E+00
   195  3.90000000E+01  1.12671208E+00  1.00008860E+00  1.12671208E+00
   196  3.92000000E+01  1.12671684E+00  1.00011659E+00  1.12671684E+00
   197  3.94000000E+01  1.12672077E+00  1.00014689E+00  1.12672077E+00
   198  3.96000000E+01  1.12672535E+00  1.00017964E+00  1.12672535E+00
   199  3.98000000E+01  1.12673045E+00  1.00021499E+00  1.12673045E+00
   200  4.00000000E+01  1.12673463E+00  1.00025307E+00  1.12673463E+00
   201  4.02000000E+01  1.12673810E+00  1.00029406E+00  1.12673810E+00
   202  4.04000000E+01  1.12674104E+00  1.00033812E+00  1.12674104E+00
   203  4.06000000E+01  1.12674361E+00  1.00038543E+00  1.12674361E+00
   204  4.08000000E+01  1.12674657E+00  1.00043616E+00  1.12674657E+00
   205  4.10000000E+01  1.12674949E+00  1.00049052E+00  1.12674949E+00
   206  4.12000000E+01  1.12675205E+00  1.00054869E+00  1.12675205E+00
   207  4.14000000E+01  1.12675438E+00  1.00061089E+00  1.12675438E+00
   208  4.16000000E+01  1.12675657E+00  1.00067734E+00  1.12675657E+00
   209  4.18000000E+01  1.12675866E+00  1.00074826E+00  1.12675866E+00
   210  4.20000000E+01  1.12676069E+00  1.00082390E+00  1.12676069E+00
   211  4.22000000E+01  1.12676265E+00  1.00090449E+00  1.12676265E+00
   212  4.24000000E+01  1.12676453E+00  1.00099031E+00  1.12676453E+00
   213  4.26000000E+01  1.12676631E+00  1.00108161E+00  1.12676631E+00
   214  4.28000000E+01  1.12676796E+00  1.00117868E+00  1.12676796E+00
   215  4.30000000E+01  1.12676947E+00  1.00128181E+00  1.12676947E+00
   216  4.32000000E+01  1.12677084E+00  1.00139130E+00  1.12677084E+00
   217  4.34000000E+01  1.12677247E+00  1.00150747E+00  1.12677247E+00
   218  4.36000000E+01  1.12677398E+00  1.00163066E+00  1.12677398E+00
   219  4.38000000E+01  1.12677534E+00  1.00176119E+00  1.12677534E+00
   220  4.40000000E+01  1.12677655E+00  1.00189943E+00  1.12677655E+00
   221  4.42000000E+01  1.12677760E+00  1.00204574E+00  1.12677760E+00
   222  4.44000000E+01  1.12677851E+00  1.00220051E+00  1.12677851E+00
   223  4.46000000E+01  1.12677926E+00  1.00236412E+00  1.12677926E+00
   224  4.48000000E+01  1.12677988E+00  1.00253700E+00  1.12677988E+00
   225  4.50000000E+01  1.12678039E+00  1.00271956E+00  1.12678039E+00
   226  4.52000000E+01  1.12678080E+00  1.00291224E+00  1.12678080E+00
   227  4.54000000E+01  1.12678134E+00  1.00311550E+00  1.12678134E+00
   228  4.56000000E+01  1.12678186E+00  1.00332981E+00  1.12678186E+00
   229  4.58000000E+01  1.12678227E+00  1.00355564E+00  1.12678227E+00
   230  4.60000000E+01  1.12678260E+00  1.00379351E+00  1.12678260E+00
   231  4.62000000E+01  1.12678286E+00  1.00404392E+00  1.12678286E+00
   232  4.64000000E+01  1.12678306E+00  1.00430741E+00  1.12678306E+00
   233  4.66000000E+01  1.12678322E+00  1.00458453E+00  1.12678322E+00
   234  4.68000000E+01  1.12678334E+00  1.00487583E+00  1.12678334E+00
   235  4.70000000E+01  1.12678342E+00  1.00518190E+00  1.12678342E+00
   236  4.72000000E+01  1.12678348E+00  1.00550332E+00  1.12678348E+00
   237  4.74000000E+01  1.12678351E+00  1.00584072E+00  1.12678351E+00
   238  4.76000000E+01  1.12678352E+00  1.00619470E+00  1.12678352E+00
   239  4.78000000E+01  1.12678350E+00  1.00656592E+00  1.12678350E+00
   240  4.80000000E+01  1.12678347E+00  1.00695501E+00  1.12678347E+00
   241  4.82000000E+01  1.12678341E+00  1.00736266E+00  1.12678341E+00
   242  4.84000000E+01  1.12678334E+00  1.00778954E+00  1.12678334E+00
   243  4.86000000E+01  1.12678326E+00  1.00823634E+00  1.12678326E+00
   244  4.88000000E+01  1.12678316E+00  1.00870376E+00  1.12678316E+00
   245  4.90000000E+01  1.12678305E+00  1.00919253E+00  1.12678305E+00
   246  4.92000000E+01  1.12678294E+00  1.00970337E+00  1.12678294E+00
   247  4.94000000E+01  1.12678282E+00  1.01023701E+00  1.12678282E+00
   248  4.96000000E+01  1.12678269E+00  1.01079420E+00  1.12678269E+00
   249  4.98000000E+01  1.12678256E+00  1.01137568E+00  1.12678256E+00
   250  5.00000000E+01  1.12678243E+00  1.01198221E+00  1.12678243E+00
   251  5.02000000E+01  1.12678229E+00  1.01261455E+00  1.12678229E+00
   252  5.04000000E+01  1.12678216E+00  1.01327345E+00  1.12678216E+00
   253  5.06000000E+01  1.12678203E+00  1.01395968E+00  1.12678203E+00
   254  5.08000000E+01  1.12678190E+00  1.01467398E+00  1.12678190E+00
   255  5.10000000E+01  1.12678177E+00  1.01541711E+00  1.12678177E+00
   256  5.12000000E+01  1.12678164E+00  1.01618981E+00  1.12678164E+00
   257  5.14000000E+01  1.12678152E+00  1.01699281E+00  1.12678152E+00
   258  5.16000000E+01  1.12678140E+00  1.01782683E+00  1.12678140E+00
   259  5.18000000E+01  1.12678128E+00  1.01869257E+00  1.12678128E+00
   260  5.20000000E+01  1.12678117E+00  1.01959070E+00  1.12678117E+00
   261  5.22000000E+01  1.12678105E+00  1.02052190E+00  1.12678105E+00
   262  5.24000000E+01  1.12678095E+00  1.02148678E+00  1.12678095E+00
   263  5.26000000E+01  1.12678084E+00  1.02248594E+00  1.12678084E+00
   264  5.28000000E+01  1.12678074E+00  1.02351996E+00  1.12678074E+00
   265  5.30000000E+01  1.12678065E+00  1.02458934E+00  1.12678065E+00
   266  5.32000000E+01  1.12678056E+00  1.02569459E+00  1.12678056E+00
   267  5.34000000E+01  1.12678047E+00  1.02683612E+00  1.12678047E+00
   268  5.36000000E+01  1.12678038E+00  1.02801432E+00  1.12678038E+00
   269  5.38000000E+01  1.12678030E+00  1.02922950E+00  1.12678030E+00
   270  5.40000000E+01  1.12678023E+00  1.03048193E+00  1.12678023E+00
   271  5.42000000E+01  1.12678015E+00  1.03177181E+00  1.12678015E+00
   272  5.44000000E+01  1.12678009E+00  1.03309924E+00  1.12678009E+00
   273  5.46000000E+01  1.12678002E+00  1.03446426E+00  1.12678002E+00
   274  5.48000000E+01  1.12677996E+00  1.03586685E+00  1.12677996E+00
   275  5.50000000E+01  1.12677990E+00  1.03730686E+00  1.12677990E+00
   276  5.52000000E+01  1.12677984E+00  1.03878407E+00  1.12677984E+00
   277  5.54000000E+01  1.12677979E+00  1.04029816E+00  1.12677979E+00
   278  5.56000000E+01  1.12677974E+00  1.04184870E+00  1.12677974E+00
   279  5.58000000E+01  1.12677969E+00  1.04343516E+00  1.12677969E+00
   280  5.60000000E+01  1.12677965E+00  1.04505690E+00  1.12677965E+00
   281  5.62000000E+01  1.12677960E+00  1.04671315E+00  1.12677960E+00
   282  5.64000000E+01  1.12677956E+00  1.04840302E+00  1.12677956E+00
   283  5.66000000E+01  1.12677953E+00  1.05012552E+00  1.12677953E+00
   284  5.68000000E+01  1.12677949E+00  1.05187950E+00  1.12677949E+00
   285  5.70000000E+01  1.12677946E+00  1.05366370E+00  1.12677946E+00
   286  5.72000000E+01  1.12677943E+00  1.05547673E+00  1.12677943E+00
   287  5.74000000E+01  1.12677940E+00  1.05731705E+00  1.12677940E+00
   288  5.76000000E+01  1.12677937E+00  1.05918301E+00  1.12677937E+00
   289  5.78000000E+01  1.12677935E+00  1.06107281E+00  1.12677935E+00
   290  5.80000000E+01  1.12677932E+00  1.06298450E+00  1.12677932E+00
   291  5.82000000E+01  1.12677930E+00  1.06491603E+00  1.12677930E+00
   292  5.84000000E+01  1.12677928E+00  1.06686519E+00  1.12677928E+00
   293  5.86000000E+01  1.12677926E+00  1.06882967E+00  1.12677926E+00
   294  5.88000000E+01  1.12677924E+00  1.07080699E+00  1.12677924E+00
   295  5.90000000E+01  1.12677922E+00  1.07279459E+00  1.12677922E+00
   296  5.92000000E+01  1.12677921E+00  1.07478977E+00  1.12677921E+00
   297  5.94000000E+01  1.12677919E+00  1.07678972E+00  1.12677919E+00
   298  5.96000000E+01  1.12677918E+00  1.07879152E+00  1.12677918E+00
   299  5.98000000E+01  1.12677917E+00  1.08079215E+00  1.12677917E+00
   300  6.00000000E+01  1.12677916E+00  1.08278851E+00  1.12677916E+00
   301  6.02000000E+01  1.12677914E+00  1.08477741E+00  1.12677914E+00
   302  6.04000000E+01  1.12677913E+00  1.08675556E+00  1.12677913E+00
   303  6.06000000E+01  1.12677912E+00  1.08871964E+00  1.12677912E+00
   304  6.08000000E+01  1.12677912E+00  1.09066625E+00  1.12677912E+00
   305  6.10000000E+01  1.12677911E+00  1.09259196E+00  1.12677911E+00
   306  6.12000000E+01  1.12677910E+00  1.09449330E+00  1.12677910E+00
   307  6.14000000E+01  1.12677909E+00  1.09636677E+00  1.12677909E+00
   308  6.16000000E+01  1.12677909E+00  1.09820889E+00  1.12677909E+00
   309  6.18000000E+01  1.12677908E+00  1.10001616E+00  1.12677908E+00
   310  6.20000000E+01  1.12677907E+00  1.10178513E+00  1.12677907E+00
   311  6.22000000E+01  1.12677907E+00  1.10351237E+00  1.12677907E+00
   312  6.24000000E+01  1.12677906E+00  1.10519451E+00  1.12677906E+00
   313  6.26000000E+01  1.12677906E+00  1.10682826E+00  1.12677906E+00
   314  6.28000000E+01  1.12677906E+00  1.10841042E+00  1.12677906E+00
   315  6.30000000E+01  1.12677905E+00  1.10993791E+00  1.12677905E+00
   316  6.32000000E+01  1.12677905E+00  1.11140778E+00  1.12677905E+00
   317  6.34000000E+01  1.12677905E+00  1.11281723E+00  1.12677905E+00
   318  6.36000000E+01  1.12677904E+00  1.11416366E+00  1.12677904E+00
   319  6.38000000E+01  1.12677904E+00  1.11544468E+00  1.12677904E+00
   320  6.40000000E+01  1.12677904E+00  1.11665811E+00  1.12677904E+00
   321  6.42000000E+01  1.12677904E+00  1.11780208E+00  1.12677904E+00
   322  6.44000000E+01  1.12677903E+00  1.11887498E+00  1.12677903E+00
   323  6.46000000E+01  1.12677903E+00  1.11987556E+00  1.12677903E+00
   324  6.48000000E+01  1.12677903E+00  1.12080294E+00  1.12677903E+00
   325  6.50000000E+01  1.12677903E+00  1.12165665E+00  1.12677903E+00
   326  6.52000000E+01  1.12677903E+00  1.12243663E+00  1.12677903E+00
   327  6.54000000E+01  1.12677902E+00  1.12314332E+00  1.12677902E+00
   328  6.56000000E+01  1.12677902E+00  1.12377766E+00  1.12677902E+00
   329  6.58000000E+01  1.12677902E+00  1.12434109E+00  1.12677902E+00
   330  6.60000000E+01  1.12677902E+00  1.12483561E+00  1.12677902E+00
   331  6.62000000E+01  1.12677902E+00  1.12526373E+00  1.12677902E+00
   332  6.64000000E+01  1.12677902E+00  1.12562849E+00  1.12677902E+00
   333  6.66000000E+01  1.12677902E+00  1.12593344E+00  1.12677902E+00
   334  6.68000000E+01  1.12677902E+00  1.12618260E+00  1.12677902E+00
 steady-height stop at step    334: truncated to 3 decimals, truncated max/end/ratio =       1126      1126      1126, max/end/ratio =   1.12677902E+00  1.12618260E+00  1.12677902E+00
