 comppar: model =   3
 comppar: lambda,mobility/eps,betav,eta_0 =  1.1000E+01  8.0000E-02  7.0000E-01  1.0000E+00
 comppar: eta_s,eta_p,G =  7.0000E-01  3.0000E-01  2.7273E-02
 comppar: U_avg,deltat,flowrate,nsteps =  1.0000E-01  4.0000E-01  3.1416E-01    1000
 comppar: geometry = axisymmetric
 comppar: steady stop change,gap,hold,min =  1.0000E-05  2.0000E-04      10      80
 comppar: steady stop rounded decimals =       4
 comppar: ncompc,ncompg =     4     5
 mesh nnodes = 22999
 mesh nelem = 11296
 P1 BC   5.0000000000000000     
 P2 BC   0.0000000000000000     
     1  4.00000000E-01  1.00503928E+00  1.00000000E+00  1.00503928E+00
     2  8.00000000E-01  1.00992090E+00  1.00000000E+00  1.00992090E+00
     3  1.20000000E+00  1.01464841E+00  1.00000000E+00  1.01464841E+00
     4  1.60000000E+00  1.01923693E+00  1.00000000E+00  1.01923693E+00
     5  2.00000000E+00  1.02369234E+00  1.00000000E+00  1.02369234E+00
     6  2.40000000E+00  1.02802393E+00  1.00000000E+00  1.02802393E+00
     7  2.80000000E+00  1.03224064E+00  1.00000000E+00  1.03224064E+00
     8  3.20000000E+00  1.03634921E+00  1.00000000E+00  1.03634921E+00
     9  3.60000000E+00  1.04036345E+00  1.00000000E+00  1.04036345E+00
    10  4.00000000E+00  1.04428834E+00  1.00000000E+00  1.04428834E+00
    11  4.40000000E+00  1.04812728E+00  9.99999997E-01  1.04812728E+00
    12  4.80000000E+00  1.05189527E+00  9.99999992E-01  1.05189527E+00
    13  5.20000000E+00  1.05559464E+00  9.99999984E-01  1.05559464E+00
    14  5.60000000E+00  1.05922395E+00  9.99999974E-01  1.05922395E+00
    15  6.00000000E+00  1.06279767E+00  9.99999961E-01  1.06279767E+00
    16  6.40000000E+00  1.06632455E+00  9.99999944E-01  1.06632455E+00
    17  6.80000000E+00  1.06980065E+00  9.99999923E-01  1.06980065E+00
    18  7.20000000E+00  1.07322819E+00  9.99999898E-01  1.07322819E+00
    19  7.60000000E+00  1.07661287E+00  9.99999868E-01  1.07661287E+00
    20  8.00000000E+00  1.07995578E+00  9.99999831E-01  1.07995578E+00
    21  8.40000000E+00  1.08326228E+00  9.99999788E-01  1.08326228E+00
    22  8.80000000E+00  1.08652594E+00  9.99999738E-01  1.08652594E+00
    23  9.20000000E+00  1.08975392E+00  9.99999680E-01  1.08975392E+00
    24  9.60000000E+00  1.09296872E+00  9.99999612E-01  1.09296872E+00
    25  1.00000000E+01  1.09614930E+00  9.99999535E-01  1.09614930E+00
    26  1.04000000E+01  1.09929091E+00  9.99999446E-01  1.09929091E+00
    27  1.08000000E+01  1.10238840E+00  9.99999346E-01  1.10238840E+00
    28  1.12000000E+01  1.10550277E+00  9.99999233E-01  1.10550277E+00
    29  1.16000000E+01  1.10857045E+00  9.99999105E-01  1.10857045E+00
    30  1.20000000E+01  1.11160570E+00  9.99998961E-01  1.11160570E+00
    31  1.24000000E+01  1.11464554E+00  9.99998801E-01  1.11464554E+00
    32  1.28000000E+01  1.11763209E+00  9.99998623E-01  1.11763209E+00
    33  1.32000000E+01  1.12063953E+00  9.99998424E-01  1.12063953E+00
    34  1.36000000E+01  1.12359894E+00  9.99998204E-01  1.12359894E+00
    35  1.40000000E+01  1.12657626E+00  9.99997960E-01  1.12657626E+00
    36  1.44000000E+01  1.12953228E+00  9.99997692E-01  1.12953228E+00
    37  1.48000000E+01  1.13247014E+00  9.99997396E-01  1.13247014E+00
    38  1.52000000E+01  1.13543591E+00  9.99997072E-01  1.13543591E+00
    39  1.56000000E+01  1.13838348E+00  9.99996716E-01  1.13838348E+00
    40  1.60000000E+01  1.14131903E+00  9.99996326E-01  1.14131903E+00
    41  1.64000000E+01  1.14427433E+00  9.99995900E-01  1.14427433E+00
    42  1.68000000E+01  1.14722992E+00  9.99995436E-01  1.14722992E+00
    43  1.72000000E+01  1.15016815E+00  9.99994930E-01  1.15016815E+00
    44  1.76000000E+01  1.15308030E+00  9.99994380E-01  1.15308030E+00
    45  1.80000000E+01  1.15601431E+00  9.99993783E-01  1.15601431E+00
    46  1.84000000E+01  1.15890905E+00  9.99993134E-01  1.15890905E+00
    47  1.88000000E+01  1.16175920E+00  9.99992432E-01  1.16175920E+00
    48  1.92000000E+01  1.16461616E+00  9.99991673E-01  1.16461616E+00
    49  1.96000000E+01  1.16740400E+00  9.99990852E-01  1.16740400E+00
    50  2.00000000E+01  1.17018647E+00  9.99989966E-01  1.17018647E+00
    51  2.04000000E+01  1.17290615E+00  9.99989010E-01  1.17290615E+00
    52  2.08000000E+01  1.17559915E+00  9.99987981E-01  1.17559915E+00
    53  2.12000000E+01  1.17823929E+00  9.99986874E-01  1.17823929E+00
    54  2.16000000E+01  1.18083548E+00  9.99985685E-01  1.18083548E+00
    55  2.20000000E+01  1.18338843E+00  9.99984408E-01  1.18338843E+00
    56  2.24000000E+01  1.18588298E+00  9.99983038E-01  1.18588298E+00
    57  2.28000000E+01  1.18834576E+00  9.99981571E-01  1.18834576E+00
    58  2.32000000E+01  1.19074005E+00  9.99980000E-01  1.19074005E+00
    59  2.36000000E+01  1.19311152E+00  9.99978322E-01  1.19311152E+00
    60  2.40000000E+01  1.19541327E+00  9.99976529E-01  1.19541327E+00
    61  2.44000000E+01  1.19769395E+00  9.99974616E-01  1.19769395E+00
    62  2.48000000E+01  1.19990488E+00  9.99972577E-01  1.19990488E+00
    63  2.52000000E+01  1.20209466E+00  9.99970406E-01  1.20209466E+00
    64  2.56000000E+01  1.20420672E+00  9.99968098E-01  1.20420672E+00
    65  2.60000000E+01  1.20630437E+00  9.99965645E-01  1.20630437E+00
    66  2.64000000E+01  1.20831687E+00  9.99963042E-01  1.20831687E+00
    67  2.68000000E+01  1.21032028E+00  9.99960284E-01  1.21032028E+00
    68  2.72000000E+01  1.21223992E+00  9.99957362E-01  1.21223992E+00
    69  2.76000000E+01  1.21414576E+00  9.99954273E-01  1.21414576E+00
    70  2.80000000E+01  1.21597719E+00  9.99951010E-01  1.21597719E+00
    71  2.84000000E+01  1.21778253E+00  9.99947567E-01  1.21778253E+00
    72  2.88000000E+01  1.21952535E+00  9.99943940E-01  1.21952535E+00
    73  2.92000000E+01  1.22122786E+00  9.99940124E-01  1.22122786E+00
    74  2.96000000E+01  1.22288612E+00  9.99936115E-01  1.22288612E+00
    75  3.00000000E+01  1.22448523E+00  9.99931908E-01  1.22448523E+00
    76  3.04000000E+01  1.22606255E+00  9.99927502E-01  1.22606255E+00
    77  3.08000000E+01  1.22756343E+00  9.99922893E-01  1.22756343E+00
    78  3.12000000E+01  1.22905800E+00  9.99918081E-01  1.22905800E+00
    79  3.16000000E+01  1.23048056E+00  9.99913066E-01  1.23048056E+00
    80  3.20000000E+01  1.23187668E+00  9.99907848E-01  1.23187668E+00
    81  3.24000000E+01  1.23322411E+00  9.99902432E-01  1.23322411E+00
    82  3.28000000E+01  1.23452636E+00  9.99896821E-01  1.23452636E+00
    83  3.32000000E+01  1.23580199E+00  9.99891022E-01  1.23580199E+00
    84  3.36000000E+01  1.23701619E+00  9.99885044E-01  1.23701619E+00
    85  3.40000000E+01  1.23822128E+00  9.99878897E-01  1.23822128E+00
    86  3.44000000E+01  1.23936505E+00  9.99872596E-01  1.23936505E+00
    87  3.48000000E+01  1.24049395E+00  9.99866157E-01  1.24049395E+00
    88  3.52000000E+01  1.24157580E+00  9.99859601E-01  1.24157580E+00
    89  3.56000000E+01  1.24262753E+00  9.99852952E-01  1.24262753E+00
    90  3.60000000E+01  1.24364742E+00  9.99846238E-01  1.24364742E+00
    91  3.64000000E+01  1.24462640E+00  9.99839494E-01  1.24462640E+00
    92  3.68000000E+01  1.24558436E+00  9.99832757E-01  1.24558436E+00
    93  3.72000000E+01  1.24649444E+00  9.99826072E-01  1.24649444E+00
    94  3.76000000E+01  1.24739793E+00  9.99819489E-01  1.24739793E+00
    95  3.80000000E+01  1.24825228E+00  9.99813066E-01  1.24825228E+00
    96  3.84000000E+01  1.24909411E+00  9.99806868E-01  1.24909411E+00
    97  3.88000000E+01  1.24989668E+00  9.99800970E-01  1.24989668E+00
    98  3.92000000E+01  1.25067535E+00  9.99795453E-01  1.25067535E+00
    99  3.96000000E+01  1.25142876E+00  9.99790412E-01  1.25142876E+00
   100  4.00000000E+01  1.25214693E+00  9.99785950E-01  1.25214693E+00
   101  4.04000000E+01  1.25285354E+00  9.99782183E-01  1.25285354E+00
   102  4.08000000E+01  1.25351705E+00  9.99779241E-01  1.25351705E+00
   103  4.12000000E+01  1.25417579E+00  9.99777267E-01  1.25417579E+00
   104  4.16000000E+01  1.25479759E+00  9.99776419E-01  1.25479759E+00
   105  4.20000000E+01  1.25540164E+00  9.99776875E-01  1.25540164E+00
   106  4.24000000E+01  1.25598392E+00  9.99778826E-01  1.25598392E+00
   107  4.28000000E+01  1.25653642E+00  9.99782487E-01  1.25653642E+00
   108  4.32000000E+01  1.25708113E+00  9.99788093E-01  1.25708113E+00
   109  4.36000000E+01  1.25759110E+00  9.99795901E-01  1.25759110E+00
   110  4.40000000E+01  1.25809423E+00  9.99806194E-01  1.25809423E+00
   111  4.44000000E+01  1.25857009E+00  9.99819282E-01  1.25857009E+00
   112  4.48000000E+01  1.25902857E+00  9.99835502E-01  1.25902857E+00
   113  4.52000000E+01  1.25947128E+00  9.99855223E-01  1.25947128E+00
   114  4.56000000E+01  1.25988839E+00  9.99878849E-01  1.25988839E+00
   115  4.60000000E+01  1.26030097E+00  9.99906817E-01  1.26030097E+00
   116  4.64000000E+01  1.26068564E+00  9.99939603E-01  1.26068564E+00
   117  4.68000000E+01  1.26106352E+00  9.99977727E-01  1.26106352E+00
   118  4.72000000E+01  1.26142085E+00  1.00002175E+00  1.26142085E+00
   119  4.76000000E+01  1.26176334E+00  1.00007227E+00  1.26176334E+00
   120  4.80000000E+01  1.26209423E+00  1.00012997E+00  1.26209423E+00
   121  4.84000000E+01  1.26240393E+00  1.00019554E+00  1.26240393E+00
   122  4.88000000E+01  1.26271013E+00  1.00026975E+00  1.26271013E+00
   123  4.92000000E+01  1.26299370E+00  1.00035345E+00  1.26299370E+00
   124  4.96000000E+01  1.26327218E+00  1.00044751E+00  1.26327218E+00
   125  5.00000000E+01  1.26353467E+00  1.00055291E+00  1.26353467E+00
   126  5.04000000E+01  1.26378477E+00  1.00067068E+00  1.26378477E+00
   127  5.08000000E+01  1.26402706E+00  1.00080193E+00  1.26402706E+00
   128  5.12000000E+01  1.26425076E+00  1.00094785E+00  1.26425076E+00
   129  5.16000000E+01  1.26447352E+00  1.00110972E+00  1.26447352E+00
   130  5.20000000E+01  1.26467819E+00  1.00128892E+00  1.26467819E+00
   131  5.24000000E+01  1.26487687E+00  1.00148690E+00  1.26487687E+00
   132  5.28000000E+01  1.26506480E+00  1.00170523E+00  1.26506480E+00
   133  5.32000000E+01  1.26524074E+00  1.00194558E+00  1.26524074E+00
   134  5.36000000E+01  1.26541259E+00  1.00220971E+00  1.26541259E+00
   135  5.40000000E+01  1.26556977E+00  1.00249953E+00  1.26556977E+00
   136  5.44000000E+01  1.26572436E+00  1.00281703E+00  1.26572436E+00
   137  5.48000000E+01  1.26586735E+00  1.00316435E+00  1.26586735E+00
   138  5.52000000E+01  1.26600262E+00  1.00354374E+00  1.26600262E+00
   139  5.56000000E+01  1.26613267E+00  1.00395759E+00  1.26613267E+00
   140  5.60000000E+01  1.26625046E+00  1.00440840E+00  1.26625046E+00
   141  5.64000000E+01  1.26636775E+00  1.00489885E+00  1.26636775E+00
   142  5.68000000E+01  1.26647422E+00  1.00543171E+00  1.26647422E+00
   143  5.72000000E+01  1.26657532E+00  1.00600991E+00  1.26657532E+00
   144  5.76000000E+01  1.26667122E+00  1.00663654E+00  1.26667122E+00
   145  5.80000000E+01  1.26675758E+00  1.00731478E+00  1.26675758E+00
   146  5.84000000E+01  1.26684355E+00  1.00804800E+00  1.26684355E+00
   147  5.88000000E+01  1.26692017E+00  1.00883966E+00  1.26692017E+00
   148  5.92000000E+01  1.26699288E+00  1.00969336E+00  1.26699288E+00
   149  5.96000000E+01  1.26706091E+00  1.01061285E+00  1.26706091E+00
   150  6.00000000E+01  1.26712139E+00  1.01160194E+00  1.26712139E+00
   151  6.04000000E+01  1.26718130E+00  1.01266458E+00  1.26718130E+00
   152  6.08000000E+01  1.26723390E+00  1.01380479E+00  1.26723390E+00
   153  6.12000000E+01  1.26728313E+00  1.01502666E+00  1.26728313E+00
   154  6.16000000E+01  1.26732879E+00  1.01633433E+00  1.26732879E+00
   155  6.20000000E+01  1.26736846E+00  1.01773198E+00  1.26736846E+00
   156  6.24000000E+01  1.26740749E+00  1.01922376E+00  1.26740749E+00
   157  6.28000000E+01  1.26744108E+00  1.02081381E+00  1.26744108E+00
   158  6.32000000E+01  1.26747100E+00  1.02250621E+00  1.26747100E+00
   159  6.36000000E+01  1.26749931E+00  1.02430492E+00  1.26749931E+00
   160  6.40000000E+01  1.26752283E+00  1.02621378E+00  1.26752283E+00
   161  6.44000000E+01  1.26754442E+00  1.02823642E+00  1.26754442E+00
   162  6.48000000E+01  1.26756334E+00  1.03037626E+00  1.26756334E+00
   163  6.52000000E+01  1.26757790E+00  1.03263640E+00  1.26757790E+00
   164  6.56000000E+01  1.26759201E+00  1.03501963E+00  1.26759201E+00
   165  6.60000000E+01  1.26760278E+00  1.03752833E+00  1.26760278E+00
   166  6.64000000E+01  1.26761025E+00  1.04016443E+00  1.26761025E+00
   167  6.68000000E+01  1.26761750E+00  1.04292933E+00  1.26761750E+00
   168  6.72000000E+01  1.26762166E+00  1.04582389E+00  1.26762166E+00
   169  6.76000000E+01  1.26762314E+00  1.04884831E+00  1.26762314E+00
   170  6.80000000E+01  1.26762431E+00  1.05200212E+00  1.26762431E+00
   171  6.84000000E+01  1.26762290E+00  1.05528413E+00  1.26762290E+00
   172  6.88000000E+01  1.26761908E+00  1.05869235E+00  1.26761908E+00
   173  6.92000000E+01  1.26761520E+00  1.06222398E+00  1.26761520E+00
   174  6.96000000E+01  1.26760937E+00  1.06587539E+00  1.26760937E+00
   175  7.00000000E+01  1.26760170E+00  1.06964206E+00  1.26760170E+00
   176  7.04000000E+01  1.26759315E+00  1.07351860E+00  1.26759315E+00
   177  7.08000000E+01  1.26758381E+00  1.07749875E+00  1.26758381E+00
   178  7.12000000E+01  1.26757294E+00  1.08157541E+00  1.26757294E+00
   179  7.16000000E+01  1.26756085E+00  1.08574063E+00  1.26756085E+00
   180  7.20000000E+01  1.26754817E+00  1.08998573E+00  1.26754817E+00
   181  7.24000000E+01  1.26753490E+00  1.09430129E+00  1.26753490E+00
   182  7.28000000E+01  1.26752067E+00  1.09867728E+00  1.26752067E+00
   183  7.32000000E+01  1.26750553E+00  1.10310317E+00  1.26750553E+00
   184  7.36000000E+01  1.26748974E+00  1.10756798E+00  1.26748974E+00
   185  7.40000000E+01  1.26747344E+00  1.11206051E+00  1.26747344E+00
   186  7.44000000E+01  1.26745698E+00  1.11656940E+00  1.26745698E+00
   187  7.48000000E+01  1.26744009E+00  1.12108331E+00  1.26744009E+00
   188  7.52000000E+01  1.26742271E+00  1.12559112E+00  1.26742271E+00
   189  7.56000000E+01  1.26740514E+00  1.13008205E+00  1.26740514E+00
   190  7.60000000E+01  1.26738735E+00  1.13454583E+00  1.26738735E+00
   191  7.64000000E+01  1.26736947E+00  1.13897292E+00  1.26736947E+00
   192  7.68000000E+01  1.26735139E+00  1.14335458E+00  1.26735139E+00
   193  7.72000000E+01  1.26733338E+00  1.14768310E+00  1.26733338E+00
   194  7.76000000E+01  1.26731537E+00  1.15195182E+00  1.26731537E+00
   195  7.80000000E+01  1.26729753E+00  1.15615531E+00  1.26729753E+00
   196  7.84000000E+01  1.26727975E+00  1.16028936E+00  1.26727975E+00
   197  7.88000000E+01  1.26726220E+00  1.16435103E+00  1.26726220E+00
   198  7.92000000E+01  1.26724479E+00  1.16833862E+00  1.26724479E+00
   199  7.96000000E+01  1.26722772E+00  1.17225158E+00  1.26722772E+00
   200  8.00000000E+01  1.26721122E+00  1.17609041E+00  1.26721122E+00
   201  8.04000000E+01  1.26719503E+00  1.17985646E+00  1.26719503E+00
   202  8.08000000E+01  1.26717924E+00  1.18355176E+00  1.26717924E+00
   203  8.12000000E+01  1.26716377E+00  1.18717872E+00  1.26716377E+00
   204  8.16000000E+01  1.26714871E+00  1.19073989E+00  1.26714871E+00
   205  8.20000000E+01  1.26713397E+00  1.19423764E+00  1.26713397E+00
   206  8.24000000E+01  1.26711967E+00  1.19767386E+00  1.26711967E+00
   207  8.28000000E+01  1.26710580E+00  1.20104973E+00  1.26710580E+00
   208  8.32000000E+01  1.26709264E+00  1.20436542E+00  1.26709264E+00
   209  8.36000000E+01  1.26707996E+00  1.20761994E+00  1.26707996E+00
   210  8.40000000E+01  1.26706763E+00  1.21081104E+00  1.26706763E+00
   211  8.44000000E+01  1.26705576E+00  1.21393516E+00  1.26705576E+00
   212  8.48000000E+01  1.26704418E+00  1.21698755E+00  1.26704418E+00
   213  8.52000000E+01  1.26703306E+00  1.21996239E+00  1.26703306E+00
   214  8.56000000E+01  1.26702226E+00  1.22285310E+00  1.26702226E+00
   215  8.60000000E+01  1.26701194E+00  1.22565267E+00  1.26701194E+00
   216  8.64000000E+01  1.26700236E+00  1.22835405E+00  1.26700236E+00
   217  8.68000000E+01  1.26699305E+00  1.23095059E+00  1.26699305E+00
   218  8.72000000E+01  1.26698417E+00  1.23343642E+00  1.26698417E+00
   219  8.76000000E+01  1.26697556E+00  1.23580686E+00  1.26697556E+00
   220  8.80000000E+01  1.26696737E+00  1.23805868E+00  1.26696737E+00
   221  8.84000000E+01  1.26695941E+00  1.24019027E+00  1.26695941E+00
   222  8.88000000E+01  1.26695185E+00  1.24220173E+00  1.26695185E+00
   223  8.92000000E+01  1.26694451E+00  1.24409478E+00  1.26694451E+00
   224  8.96000000E+01  1.26693756E+00  1.24587257E+00  1.26693756E+00
   225  9.00000000E+01  1.26693085E+00  1.24753939E+00  1.26693085E+00
   226  9.04000000E+01  1.26692469E+00  1.24910033E+00  1.26692469E+00
   227  9.08000000E+01  1.26691890E+00  1.25056087E+00  1.26691890E+00
   228  9.12000000E+01  1.26691325E+00  1.25192658E+00  1.26691325E+00
   229  9.16000000E+01  1.26690795E+00  1.25320277E+00  1.26690795E+00
   230  9.20000000E+01  1.26690279E+00  1.25439430E+00  1.26690279E+00
   231  9.24000000E+01  1.26689795E+00  1.25550551E+00  1.26689795E+00
   232  9.28000000E+01  1.26689323E+00  1.25654014E+00  1.26689323E+00
   233  9.32000000E+01  1.26688882E+00  1.25750153E+00  1.26688882E+00
   234  9.36000000E+01  1.26688452E+00  1.25839268E+00  1.26688452E+00
   235  9.40000000E+01  1.26688052E+00  1.25921651E+00  1.26688052E+00
   236  9.44000000E+01  1.26687660E+00  1.25997601E+00  1.26687660E+00
   237  9.48000000E+01  1.26687297E+00  1.26067435E+00  1.26687297E+00
   238  9.52000000E+01  1.26686942E+00  1.26131498E+00  1.26686942E+00
   239  9.56000000E+01  1.26686614E+00  1.26190161E+00  1.26686614E+00
   240  9.60000000E+01  1.26686293E+00  1.26243810E+00  1.26686293E+00
   241  9.64000000E+01  1.26685999E+00  1.26292834E+00  1.26685999E+00
   242  9.68000000E+01  1.26685710E+00  1.26337610E+00  1.26685710E+00
   243  9.72000000E+01  1.26685454E+00  1.26378487E+00  1.26685454E+00
   244  9.76000000E+01  1.26685226E+00  1.26415772E+00  1.26685226E+00
   245  9.80000000E+01  1.26685001E+00  1.26449729E+00  1.26685001E+00
   246  9.84000000E+01  1.26684802E+00  1.26480576E+00  1.26684802E+00
   247  9.88000000E+01  1.26684607E+00  1.26508494E+00  1.26684607E+00
   248  9.92000000E+01  1.26684437E+00  1.26533637E+00  1.26684437E+00
   249  9.96000000E+01  1.26684270E+00  1.26556148E+00  1.26684270E+00
   250  1.00000000E+02  1.26684128E+00  1.26576166E+00  1.26684128E+00
   251  1.00400000E+02  1.26683990E+00  1.26593843E+00  1.26683990E+00
   252  1.00800000E+02  1.26683876E+00  1.26609341E+00  1.26683876E+00
   253  1.01200000E+02  1.26683768E+00  1.26622835E+00  1.26683768E+00
   254  1.01600000E+02  1.26683684E+00  1.26634508E+00  1.26683684E+00
   255  1.02000000E+02  1.26683605E+00  1.26644543E+00  1.26683605E+00
   256  1.02400000E+02  1.26683552E+00  1.26653112E+00  1.26683552E+00
   257  1.02800000E+02  1.26683505E+00  1.26660373E+00  1.26683505E+00
   258  1.03200000E+02  1.26683484E+00  1.26666460E+00  1.26683484E+00
   259  1.03600000E+02  1.26683471E+00  1.26671487E+00  1.26683471E+00
   260  1.04000000E+02  1.26683485E+00  1.26675545E+00  1.26683485E+00
   261  1.04400000E+02  1.26683507E+00  1.26678710E+00  1.26683507E+00
   262  1.04800000E+02  1.26683554E+00  1.26681048E+00  1.26683554E+00
   263  1.05200000E+02  1.26683605E+00  1.26682622E+00  1.26683605E+00
   264  1.05600000E+02  1.26683684E+00  1.26683494E+00  1.26683684E+00
   265  1.06000000E+02  1.26683731E+00  1.26683731E+00  1.26683731E+00
   266  1.06400000E+02  1.26683400E+00  1.26683400E+00  1.26683400E+00
   267  1.06800000E+02  1.26682572E+00  1.26682572E+00  1.26682572E+00
   268  1.07200000E+02  1.26681317E+00  1.26681317E+00  1.26681317E+00
   269  1.07600000E+02  1.26679697E+00  1.26679697E+00  1.26679697E+00
 steady-height stop at step    269: rounded to 4 decimals, rounded max/end/ratio =      12668     12668     12668, max/end/ratio =   1.26679697E+00  1.26679697E+00  1.26679697E+00
