 comppar: model =   2
 comppar: lambda,mobility/eps,betav,eta_0 =  8.0000E-01  0.0000E+00  5.0000E-02  1.0000E+00
 comppar: eta_s,eta_p,G =  5.0000E-02  9.5000E-01  1.1875E+00
 comppar: U_avg,deltat,flowrate,nsteps =  1.0000E-01  2.0000E-01  3.1416E-01    2000
 comppar: geometry = axisymmetric
 comppar: steady stop change,gap,hold,min =  1.0000E-07  1.0000E-03       1      80
 comppar: steady stop truncated decimals =       3
 comppar: ncompc,ncompg =     4     5
 mesh nnodes = 5797
 mesh nelem = 2796
 P1 BC   5.0000000000000000     
 P2 BC   0.0000000000000000     
     1  2.00000000E-01  1.00252538E+00  1.00000000E+00  1.00252538E+00
     2  4.00000000E-01  1.00496197E+00  1.00000000E+00  1.00496197E+00
     3  6.00000000E-01  1.00729094E+00  1.00000000E+00  1.00729094E+00
     4  8.00000000E-01  1.00957059E+00  1.00000000E+00  1.00957059E+00
     5  1.00000000E+00  1.01182143E+00  1.00000000E+00  1.01182143E+00
     6  1.20000000E+00  1.01404809E+00  1.00000000E+00  1.01404809E+00
     7  1.40000000E+00  1.01624769E+00  1.00000000E+00  1.01624769E+00
     8  1.60000000E+00  1.01844066E+00  1.00000000E+00  1.01844066E+00
     9  1.80000000E+00  1.02061064E+00  1.00000000E+00  1.02061064E+00
    10  2.00000000E+00  1.02276701E+00  1.00000001E+00  1.02276701E+00
    11  2.20000000E+00  1.02489613E+00  1.00000001E+00  1.02489613E+00
    12  2.40000000E+00  1.02701650E+00  1.00000001E+00  1.02701650E+00
    13  2.60000000E+00  1.02909883E+00  1.00000001E+00  1.02909883E+00
    14  2.80000000E+00  1.03118084E+00  1.00000001E+00  1.03118084E+00
    15  3.00000000E+00  1.03321544E+00  1.00000001E+00  1.03321544E+00
    16  3.20000000E+00  1.03524555E+00  1.00000001E+00  1.03524555E+00
    17  3.40000000E+00  1.03724587E+00  1.00000001E+00  1.03724587E+00
    18  3.60000000E+00  1.03920777E+00  1.00000001E+00  1.03920777E+00
    19  3.80000000E+00  1.04117324E+00  1.00000001E+00  1.04117324E+00
    20  4.00000000E+00  1.04308425E+00  1.00000001E+00  1.04308425E+00
    21  4.20000000E+00  1.04498046E+00  1.00000000E+00  1.04498046E+00
    22  4.40000000E+00  1.04686528E+00  1.00000000E+00  1.04686528E+00
    23  4.60000000E+00  1.04869156E+00  1.00000000E+00  1.04869156E+00
    24  4.80000000E+00  1.05051930E+00  9.99999997E-01  1.05051930E+00
    25  5.00000000E+00  1.05231960E+00  9.99999993E-01  1.05231960E+00
    26  5.20000000E+00  1.05405779E+00  9.99999989E-01  1.05405779E+00
    27  5.40000000E+00  1.05579216E+00  9.99999985E-01  1.05579216E+00
    28  5.60000000E+00  1.05751789E+00  9.99999979E-01  1.05751789E+00
    29  5.80000000E+00  1.05917916E+00  9.99999973E-01  1.05917916E+00
    30  6.00000000E+00  1.06083506E+00  9.99999966E-01  1.06083506E+00
    31  6.20000000E+00  1.06248530E+00  9.99999958E-01  1.06248530E+00
    32  6.40000000E+00  1.06406883E+00  9.99999949E-01  1.06406883E+00
    33  6.60000000E+00  1.06562318E+00  9.99999938E-01  1.06562318E+00
    34  6.80000000E+00  1.06721320E+00  9.99999927E-01  1.06721320E+00
    35  7.00000000E+00  1.06873528E+00  9.99999914E-01  1.06873528E+00
    36  7.20000000E+00  1.07018659E+00  9.99999900E-01  1.07018659E+00
    37  7.40000000E+00  1.07170446E+00  9.99999885E-01  1.07170446E+00
    38  7.60000000E+00  1.07316499E+00  9.99999868E-01  1.07316499E+00
    39  7.80000000E+00  1.07455366E+00  9.99999849E-01  1.07455366E+00
    40  8.00000000E+00  1.07591127E+00  9.99999828E-01  1.07591127E+00
    41  8.20000000E+00  1.07733007E+00  9.99999806E-01  1.07733007E+00
    42  8.40000000E+00  1.07867683E+00  9.99999781E-01  1.07867683E+00
    43  8.60000000E+00  1.07994928E+00  9.99999755E-01  1.07994928E+00
    44  8.80000000E+00  1.08125246E+00  9.99999725E-01  1.08125246E+00
    45  9.00000000E+00  1.08255739E+00  9.99999694E-01  1.08255739E+00
    46  9.20000000E+00  1.08378783E+00  9.99999660E-01  1.08378783E+00
    47  9.40000000E+00  1.08494200E+00  9.99999622E-01  1.08494200E+00
    48  9.60000000E+00  1.08615953E+00  9.99999582E-01  1.08615953E+00
    49  9.80000000E+00  1.08737236E+00  9.99999539E-01  1.08737236E+00
    50  1.00000000E+01  1.08850954E+00  9.99999492E-01  1.08850954E+00
    51  1.02000000E+01  1.08956983E+00  9.99999442E-01  1.08956983E+00
    52  1.04000000E+01  1.09070025E+00  9.99999388E-01  1.09070025E+00
    53  1.06000000E+01  1.09181998E+00  9.99999330E-01  1.09181998E+00
    54  1.08000000E+01  1.09286326E+00  9.99999268E-01  1.09286326E+00
    55  1.10000000E+01  1.09382943E+00  9.99999201E-01  1.09382943E+00
    56  1.12000000E+01  1.09482156E+00  9.99999130E-01  1.09482156E+00
    57  1.14000000E+01  1.09587060E+00  9.99999054E-01  1.09587060E+00
    58  1.16000000E+01  1.09684333E+00  9.99998972E-01  1.09684333E+00
    59  1.18000000E+01  1.09773963E+00  9.99998885E-01  1.09773963E+00
    60  1.20000000E+01  1.09860338E+00  9.99998792E-01  1.09860338E+00
    61  1.22000000E+01  1.09958120E+00  9.99998692E-01  1.09958120E+00
    62  1.24000000E+01  1.10048293E+00  9.99998587E-01  1.10048293E+00
    63  1.26000000E+01  1.10130902E+00  9.99998474E-01  1.10130902E+00
    64  1.28000000E+01  1.10206066E+00  9.99998354E-01  1.10206066E+00
    65  1.30000000E+01  1.10294338E+00  9.99998227E-01  1.10294338E+00
    66  1.32000000E+01  1.10377845E+00  9.99998092E-01  1.10377845E+00
    67  1.34000000E+01  1.10453946E+00  9.99997949E-01  1.10453946E+00
    68  1.36000000E+01  1.10522834E+00  9.99997796E-01  1.10522834E+00
    69  1.38000000E+01  1.10600092E+00  9.99997635E-01  1.10600092E+00
    70  1.40000000E+01  1.10676904E+00  9.99997464E-01  1.10676904E+00
    71  1.42000000E+01  1.10746478E+00  9.99997283E-01  1.10746478E+00
    72  1.44000000E+01  1.10809080E+00  9.99997092E-01  1.10809080E+00
    73  1.46000000E+01  1.10875330E+00  9.99996889E-01  1.10875330E+00
    74  1.48000000E+01  1.10945827E+00  9.99996675E-01  1.10945827E+00
    75  1.50000000E+01  1.11009364E+00  9.99996449E-01  1.11009364E+00
    76  1.52000000E+01  1.11066295E+00  9.99996210E-01  1.11066295E+00
    77  1.54000000E+01  1.11123686E+00  9.99995958E-01  1.11123686E+00
    78  1.56000000E+01  1.11187853E+00  9.99995692E-01  1.11187853E+00
    79  1.58000000E+01  1.11245352E+00  9.99995412E-01  1.11245352E+00
    80  1.60000000E+01  1.11296619E+00  9.99995117E-01  1.11296619E+00
    81  1.62000000E+01  1.11346127E+00  9.99994806E-01  1.11346127E+00
    82  1.64000000E+01  1.11404546E+00  9.99994478E-01  1.11404546E+00
    83  1.66000000E+01  1.11456711E+00  9.99994134E-01  1.11456711E+00
    84  1.68000000E+01  1.11503124E+00  9.99993772E-01  1.11503124E+00
    85  1.70000000E+01  1.11545375E+00  9.99993391E-01  1.11545375E+00
    86  1.72000000E+01  1.11598054E+00  9.99992991E-01  1.11598054E+00
    87  1.74000000E+01  1.11644906E+00  9.99992571E-01  1.11644906E+00
    88  1.76000000E+01  1.11686501E+00  9.99992130E-01  1.11686501E+00
    89  1.78000000E+01  1.11723461E+00  9.99991667E-01  1.11723461E+00
    90  1.80000000E+01  1.11770905E+00  9.99991182E-01  1.11770905E+00
    91  1.82000000E+01  1.11813289E+00  9.99990674E-01  1.11813289E+00
    92  1.84000000E+01  1.11850935E+00  9.99990141E-01  1.11850935E+00
    93  1.86000000E+01  1.11884448E+00  9.99989583E-01  1.11884448E+00
    94  1.88000000E+01  1.11923489E+00  9.99988998E-01  1.11923489E+00
    95  1.90000000E+01  1.11961463E+00  9.99988387E-01  1.11961463E+00
    96  1.92000000E+01  1.11995247E+00  9.99987748E-01  1.11995247E+00
    97  1.94000000E+01  1.12025444E+00  9.99987079E-01  1.12025444E+00
    98  1.96000000E+01  1.12059893E+00  9.99986381E-01  1.12059893E+00
    99  1.98000000E+01  1.12094276E+00  9.99985651E-01  1.12094276E+00
   100  2.00000000E+01  1.12124929E+00  9.99984889E-01  1.12124929E+00
   101  2.02000000E+01  1.12152387E+00  9.99984094E-01  1.12152387E+00
   102  2.04000000E+01  1.12179069E+00  9.99983265E-01  1.12179069E+00
   103  2.06000000E+01  1.12209983E+00  9.99982400E-01  1.12209983E+00
   104  2.08000000E+01  1.12237677E+00  9.99981499E-01  1.12237677E+00
   105  2.10000000E+01  1.12262631E+00  9.99980560E-01  1.12262631E+00
   106  2.12000000E+01  1.12285982E+00  9.99979583E-01  1.12285982E+00
   107  2.14000000E+01  1.12314038E+00  9.99978565E-01  1.12314038E+00
   108  2.16000000E+01  1.12339210E+00  9.99977506E-01  1.12339210E+00
   109  2.18000000E+01  1.12361893E+00  9.99976405E-01  1.12361893E+00
   110  2.20000000E+01  1.12382386E+00  9.99975261E-01  1.12382386E+00
   111  2.22000000E+01  1.12403638E+00  9.99974072E-01  1.12403638E+00
   112  2.24000000E+01  1.12426564E+00  9.99972838E-01  1.12426564E+00
   113  2.26000000E+01  1.12447313E+00  9.99971556E-01  1.12447313E+00
   114  2.28000000E+01  1.12466087E+00  9.99970227E-01  1.12466087E+00
   115  2.30000000E+01  1.12484396E+00  9.99968849E-01  1.12484396E+00
   116  2.32000000E+01  1.12505184E+00  9.99967420E-01  1.12505184E+00
   117  2.34000000E+01  1.12523923E+00  9.99965940E-01  1.12523923E+00
   118  2.36000000E+01  1.12540762E+00  9.99964409E-01  1.12540762E+00
   119  2.38000000E+01  1.12555774E+00  9.99962823E-01  1.12555774E+00
   120  2.40000000E+01  1.12572281E+00  9.99961184E-01  1.12572281E+00
   121  2.42000000E+01  1.12589411E+00  9.99959490E-01  1.12589411E+00
   122  2.44000000E+01  1.12604728E+00  9.99957740E-01  1.12604728E+00
   123  2.46000000E+01  1.12618248E+00  9.99955933E-01  1.12618248E+00
   124  2.48000000E+01  1.12632336E+00  9.99954068E-01  1.12632336E+00
   125  2.50000000E+01  1.12647597E+00  9.99952145E-01  1.12647597E+00
   126  2.52000000E+01  1.12661084E+00  9.99950164E-01  1.12661084E+00
   127  2.54000000E+01  1.12672812E+00  9.99948123E-01  1.12672812E+00
   128  2.56000000E+01  1.12683195E+00  9.99946023E-01  1.12683195E+00
   129  2.58000000E+01  1.12696990E+00  9.99943863E-01  1.12696990E+00
   130  2.60000000E+01  1.12709026E+00  9.99941643E-01  1.12709026E+00
   131  2.62000000E+01  1.12719296E+00  9.99939363E-01  1.12719296E+00
   132  2.64000000E+01  1.12728168E+00  9.99937024E-01  1.12728168E+00
   133  2.66000000E+01  1.12740206E+00  9.99934624E-01  1.12740206E+00
   134  2.68000000E+01  1.12750535E+00  9.99932166E-01  1.12750535E+00
   135  2.70000000E+01  1.12759172E+00  9.99929650E-01  1.12759172E+00
   136  2.72000000E+01  1.12766159E+00  9.99927077E-01  1.12766159E+00
   137  2.74000000E+01  1.12776626E+00  9.99924447E-01  1.12776626E+00
   138  2.76000000E+01  1.12785544E+00  9.99921762E-01  1.12785544E+00
   139  2.78000000E+01  1.12792783E+00  9.99919024E-01  1.12792783E+00
   140  2.80000000E+01  1.12798870E+00  9.99916235E-01  1.12798870E+00
   141  2.82000000E+01  1.12807884E+00  9.99913397E-01  1.12807884E+00
   142  2.84000000E+01  1.12815279E+00  9.99910513E-01  1.12815279E+00
   143  2.86000000E+01  1.12821115E+00  9.99907584E-01  1.12821115E+00
   144  2.88000000E+01  1.12826277E+00  9.99904616E-01  1.12826277E+00
   145  2.90000000E+01  1.12833934E+00  9.99901610E-01  1.12833934E+00
   146  2.92000000E+01  1.12839999E+00  9.99898572E-01  1.12839999E+00
   147  2.94000000E+01  1.12844567E+00  9.99895506E-01  1.12844567E+00
   148  2.96000000E+01  1.12849520E+00  9.99892417E-01  1.12849520E+00
   149  2.98000000E+01  1.12855766E+00  9.99889310E-01  1.12855766E+00
   150  3.00000000E+01  1.12860554E+00  9.99886192E-01  1.12860554E+00
   151  3.02000000E+01  1.12864003E+00  9.99883070E-01  1.12864003E+00
   152  3.04000000E+01  1.12868576E+00  9.99879950E-01  1.12868576E+00
   153  3.06000000E+01  1.12873570E+00  9.99876842E-01  1.12873570E+00
   154  3.08000000E+01  1.12877185E+00  9.99873753E-01  1.12877185E+00
   155  3.10000000E+01  1.12879576E+00  9.99870694E-01  1.12879576E+00
   156  3.12000000E+01  1.12884323E+00  9.99867675E-01  1.12884323E+00
   157  3.14000000E+01  1.12888164E+00  9.99864706E-01  1.12888164E+00
   158  3.16000000E+01  1.12890790E+00  9.99861801E-01  1.12890790E+00
   159  3.18000000E+01  1.12892802E+00  9.99858972E-01  1.12892802E+00
   160  3.20000000E+01  1.12896826E+00  9.99856233E-01  1.12896826E+00
   161  3.22000000E+01  1.12899593E+00  9.99853599E-01  1.12899593E+00
   162  3.24000000E+01  1.12901273E+00  9.99851086E-01  1.12901273E+00
   163  3.26000000E+01  1.12903897E+00  9.99848713E-01  1.12903897E+00
   164  3.28000000E+01  1.12906889E+00  9.99846497E-01  1.12906889E+00
   165  3.30000000E+01  1.12908791E+00  9.99844459E-01  1.12908791E+00
   166  3.32000000E+01  1.12909782E+00  9.99842620E-01  1.12909782E+00
   167  3.34000000E+01  1.12912381E+00  9.99841003E-01  1.12912381E+00
   168  3.36000000E+01  1.12914403E+00  9.99839633E-01  1.12914403E+00
   169  3.38000000E+01  1.12915473E+00  9.99838536E-01  1.12915473E+00
   170  3.40000000E+01  1.12916829E+00  9.99837740E-01  1.12916829E+00
   171  3.42000000E+01  1.12919067E+00  9.99837275E-01  1.12919067E+00
   172  3.44000000E+01  1.12920342E+00  9.99837173E-01  1.12920342E+00
   173  3.46000000E+01  1.12920834E+00  9.99837468E-01  1.12920834E+00
   174  3.48000000E+01  1.12922299E+00  9.99838196E-01  1.12922299E+00
   175  3.50000000E+01  1.12923670E+00  9.99839395E-01  1.12923670E+00
   176  3.52000000E+01  1.12924224E+00  9.99841105E-01  1.12924224E+00
   177  3.54000000E+01  1.12924919E+00  9.99843370E-01  1.12924919E+00
   178  3.56000000E+01  1.12926496E+00  9.99846236E-01  1.12926496E+00
   179  3.58000000E+01  1.12927233E+00  9.99849750E-01  1.12927233E+00
   180  3.60000000E+01  1.12927312E+00  9.99853963E-01  1.12927312E+00
   181  3.62000000E+01  1.12928159E+00  9.99858931E-01  1.12928159E+00
   182  3.64000000E+01  1.12928973E+00  9.99864709E-01  1.12928973E+00
   183  3.66000000E+01  1.12929097E+00  9.99871359E-01  1.12929097E+00
   184  3.68000000E+01  1.12929545E+00  9.99878944E-01  1.12929545E+00
   185  3.70000000E+01  1.12930547E+00  9.99887532E-01  1.12930547E+00
   186  3.72000000E+01  1.12930830E+00  9.99897194E-01  1.12930830E+00
   187  3.74000000E+01  1.12930575E+00  9.99908005E-01  1.12930575E+00
   188  3.76000000E+01  1.12931150E+00  9.99920046E-01  1.12931150E+00
   189  3.78000000E+01  1.12931492E+00  9.99933399E-01  1.12931492E+00
   190  3.80000000E+01  1.12931266E+00  9.99948153E-01  1.12931266E+00
   191  3.82000000E+01  1.12931739E+00  9.99964401E-01  1.12931739E+00
   192  3.84000000E+01  1.12932249E+00  9.99982241E-01  1.12932249E+00
   193  3.86000000E+01  1.12932157E+00  1.00000178E+00  1.12932157E+00
   194  3.88000000E+01  1.12931641E+00  1.00002311E+00  1.12931641E+00
   195  3.90000000E+01  1.12932166E+00  1.00004637E+00  1.12932166E+00
   196  3.92000000E+01  1.12932117E+00  1.00007166E+00  1.12932117E+00
   197  3.94000000E+01  1.12931617E+00  1.00009911E+00  1.12931617E+00
   198  3.96000000E+01  1.12932274E+00  1.00012886E+00  1.12932274E+00
   199  3.98000000E+01  1.12932371E+00  1.00016104E+00  1.12932371E+00
   200  4.00000000E+01  1.12931978E+00  1.00019580E+00  1.12931978E+00
   201  4.02000000E+01  1.12931727E+00  1.00023329E+00  1.12931727E+00
   202  4.04000000E+01  1.12931880E+00  1.00027366E+00  1.12931880E+00
   203  4.06000000E+01  1.12931514E+00  1.00031709E+00  1.12931514E+00
   204  4.08000000E+01  1.12931421E+00  1.00036375E+00  1.12931421E+00
   205  4.10000000E+01  1.12931727E+00  1.00041383E+00  1.12931727E+00
   206  4.12000000E+01  1.12931734E+00  1.00046751E+00  1.12931734E+00
   207  4.14000000E+01  1.12931942E+00  1.00052499E+00  1.12931942E+00
   208  4.16000000E+01  1.12932257E+00  1.00058648E+00  1.12932257E+00
   209  4.18000000E+01  1.12932497E+00  1.00065220E+00  1.12932497E+00
   210  4.20000000E+01  1.12932672E+00  1.00072238E+00  1.12932672E+00
   211  4.22000000E+01  1.12932799E+00  1.00079726E+00  1.12932799E+00
   212  4.24000000E+01  1.12932892E+00  1.00087707E+00  1.12932892E+00
   213  4.26000000E+01  1.12933008E+00  1.00096209E+00  1.12933008E+00
   214  4.28000000E+01  1.12933159E+00  1.00105258E+00  1.12933159E+00
   215  4.30000000E+01  1.12933267E+00  1.00114882E+00  1.12933267E+00
   216  4.32000000E+01  1.12933347E+00  1.00125111E+00  1.12933347E+00
   217  4.34000000E+01  1.12933410E+00  1.00135975E+00  1.12933410E+00
   218  4.36000000E+01  1.12933465E+00  1.00147505E+00  1.12933465E+00
   219  4.38000000E+01  1.12933519E+00  1.00159735E+00  1.12933519E+00
   220  4.40000000E+01  1.12933574E+00  1.00172699E+00  1.12933574E+00
   221  4.42000000E+01  1.12933632E+00  1.00186432E+00  1.12933632E+00
   222  4.44000000E+01  1.12933692E+00  1.00200972E+00  1.12933692E+00
   223  4.46000000E+01  1.12933752E+00  1.00216357E+00  1.12933752E+00
   224  4.48000000E+01  1.12933810E+00  1.00232626E+00  1.12933810E+00
   225  4.50000000E+01  1.12933864E+00  1.00249822E+00  1.12933864E+00
   226  4.52000000E+01  1.12933912E+00  1.00267985E+00  1.12933912E+00
   227  4.54000000E+01  1.12933953E+00  1.00287162E+00  1.12933953E+00
   228  4.56000000E+01  1.12933986E+00  1.00307396E+00  1.12933986E+00
   229  4.58000000E+01  1.12934010E+00  1.00328736E+00  1.12934010E+00
   230  4.60000000E+01  1.12934028E+00  1.00351230E+00  1.12934028E+00
   231  4.62000000E+01  1.12934038E+00  1.00374929E+00  1.12934038E+00
   232  4.64000000E+01  1.12934044E+00  1.00399884E+00  1.12934044E+00
   233  4.66000000E+01  1.12934062E+00  1.00426148E+00  1.12934062E+00
   234  4.68000000E+01  1.12934073E+00  1.00453778E+00  1.12934073E+00
   235  4.70000000E+01  1.12934078E+00  1.00482830E+00  1.12934078E+00
   236  4.72000000E+01  1.12934078E+00  1.00513362E+00  1.12934078E+00
   237  4.74000000E+01  1.12934074E+00  1.00545433E+00  1.12934074E+00
   238  4.76000000E+01  1.12934068E+00  1.00579106E+00  1.12934068E+00
   239  4.78000000E+01  1.12934060E+00  1.00614443E+00  1.12934060E+00
   240  4.80000000E+01  1.12934049E+00  1.00651508E+00  1.12934049E+00
   241  4.82000000E+01  1.12934038E+00  1.00690368E+00  1.12934038E+00
   242  4.84000000E+01  1.12934026E+00  1.00731091E+00  1.12934026E+00
   243  4.86000000E+01  1.12934014E+00  1.00773744E+00  1.12934014E+00
   244  4.88000000E+01  1.12934000E+00  1.00818397E+00  1.12934000E+00
   245  4.90000000E+01  1.12933986E+00  1.00865124E+00  1.12933986E+00
   246  4.92000000E+01  1.12933971E+00  1.00913994E+00  1.12933971E+00
   247  4.94000000E+01  1.12933956E+00  1.00965084E+00  1.12933956E+00
   248  4.96000000E+01  1.12933940E+00  1.01018466E+00  1.12933940E+00
   249  4.98000000E+01  1.12933924E+00  1.01074218E+00  1.12933924E+00
   250  5.00000000E+01  1.12933908E+00  1.01132414E+00  1.12933908E+00
   251  5.02000000E+01  1.12933892E+00  1.01193132E+00  1.12933892E+00
   252  5.04000000E+01  1.12933875E+00  1.01256448E+00  1.12933875E+00
   253  5.06000000E+01  1.12933859E+00  1.01322441E+00  1.12933859E+00
   254  5.08000000E+01  1.12933842E+00  1.01391188E+00  1.12933842E+00
   255  5.10000000E+01  1.12933826E+00  1.01462765E+00  1.12933826E+00
   256  5.12000000E+01  1.12933810E+00  1.01537249E+00  1.12933810E+00
   257  5.14000000E+01  1.12933795E+00  1.01614716E+00  1.12933795E+00
   258  5.16000000E+01  1.12933780E+00  1.01695240E+00  1.12933780E+00
   259  5.18000000E+01  1.12933765E+00  1.01778894E+00  1.12933765E+00
   260  5.20000000E+01  1.12933751E+00  1.01865750E+00  1.12933751E+00
   261  5.22000000E+01  1.12933737E+00  1.01955878E+00  1.12933737E+00
   262  5.24000000E+01  1.12933724E+00  1.02049343E+00  1.12933724E+00
   263  5.26000000E+01  1.12933711E+00  1.02146211E+00  1.12933711E+00
   264  5.28000000E+01  1.12933699E+00  1.02246542E+00  1.12933699E+00
   265  5.30000000E+01  1.12933687E+00  1.02350394E+00  1.12933687E+00
   266  5.32000000E+01  1.12933676E+00  1.02457821E+00  1.12933676E+00
   267  5.34000000E+01  1.12933665E+00  1.02568871E+00  1.12933665E+00
   268  5.36000000E+01  1.12933654E+00  1.02683590E+00  1.12933654E+00
   269  5.38000000E+01  1.12933644E+00  1.02802016E+00  1.12933644E+00
   270  5.40000000E+01  1.12933635E+00  1.02924184E+00  1.12933635E+00
   271  5.42000000E+01  1.12933626E+00  1.03050119E+00  1.12933626E+00
   272  5.44000000E+01  1.12933617E+00  1.03179843E+00  1.12933617E+00
   273  5.46000000E+01  1.12933609E+00  1.03313368E+00  1.12933609E+00
   274  5.48000000E+01  1.12933601E+00  1.03450701E+00  1.12933601E+00
   275  5.50000000E+01  1.12933593E+00  1.03591836E+00  1.12933593E+00
   276  5.52000000E+01  1.12933586E+00  1.03736764E+00  1.12933586E+00
   277  5.54000000E+01  1.12933580E+00  1.03885461E+00  1.12933580E+00
   278  5.56000000E+01  1.12933573E+00  1.04037896E+00  1.12933573E+00
   279  5.58000000E+01  1.12933567E+00  1.04194026E+00  1.12933567E+00
   280  5.60000000E+01  1.12933562E+00  1.04353798E+00  1.12933562E+00
   281  5.62000000E+01  1.12933556E+00  1.04517147E+00  1.12933556E+00
   282  5.64000000E+01  1.12933551E+00  1.04683995E+00  1.12933551E+00
   283  5.66000000E+01  1.12933546E+00  1.04854253E+00  1.12933546E+00
   284  5.68000000E+01  1.12933542E+00  1.05027817E+00  1.12933542E+00
   285  5.70000000E+01  1.12933538E+00  1.05204573E+00  1.12933538E+00
   286  5.72000000E+01  1.12933534E+00  1.05384392E+00  1.12933534E+00
   287  5.74000000E+01  1.12933530E+00  1.05567130E+00  1.12933530E+00
   288  5.76000000E+01  1.12933527E+00  1.05752632E+00  1.12933527E+00
   289  5.78000000E+01  1.12933523E+00  1.05940728E+00  1.12933523E+00
   290  5.80000000E+01  1.12933520E+00  1.06131234E+00  1.12933520E+00
   291  5.82000000E+01  1.12933518E+00  1.06323953E+00  1.12933518E+00
   292  5.84000000E+01  1.12933515E+00  1.06518675E+00  1.12933515E+00
   293  5.86000000E+01  1.12933512E+00  1.06715175E+00  1.12933512E+00
   294  5.88000000E+01  1.12933510E+00  1.06913216E+00  1.12933510E+00
   295  5.90000000E+01  1.12933508E+00  1.07112550E+00  1.12933508E+00
   296  5.92000000E+01  1.12933506E+00  1.07312913E+00  1.12933506E+00
   297  5.94000000E+01  1.12933504E+00  1.07514034E+00  1.12933504E+00
   298  5.96000000E+01  1.12933502E+00  1.07715626E+00  1.12933502E+00
   299  5.98000000E+01  1.12933501E+00  1.07917395E+00  1.12933501E+00
   300  6.00000000E+01  1.12933499E+00  1.08119035E+00  1.12933499E+00
   301  6.02000000E+01  1.12933498E+00  1.08320232E+00  1.12933498E+00
   302  6.04000000E+01  1.12933496E+00  1.08520664E+00  1.12933496E+00
   303  6.06000000E+01  1.12933495E+00  1.08720000E+00  1.12933495E+00
   304  6.08000000E+01  1.12933494E+00  1.08917904E+00  1.12933494E+00
   305  6.10000000E+01  1.12933493E+00  1.09114035E+00  1.12933493E+00
   306  6.12000000E+01  1.12933492E+00  1.09308049E+00  1.12933492E+00
   307  6.14000000E+01  1.12933491E+00  1.09499597E+00  1.12933491E+00
   308  6.16000000E+01  1.12933490E+00  1.09688330E+00  1.12933490E+00
   309  6.18000000E+01  1.12933490E+00  1.09873900E+00  1.12933490E+00
   310  6.20000000E+01  1.12933489E+00  1.10055960E+00  1.12933489E+00
   311  6.22000000E+01  1.12933488E+00  1.10234167E+00  1.12933488E+00
   312  6.24000000E+01  1.12933488E+00  1.10408183E+00  1.12933488E+00
   313  6.26000000E+01  1.12933487E+00  1.10577678E+00  1.12933487E+00
   314  6.28000000E+01  1.12933486E+00  1.10742331E+00  1.12933486E+00
   315  6.30000000E+01  1.12933486E+00  1.10901832E+00  1.12933486E+00
   316  6.32000000E+01  1.12933486E+00  1.11055886E+00  1.12933486E+00
   317  6.34000000E+01  1.12933485E+00  1.11204212E+00  1.12933485E+00
   318  6.36000000E+01  1.12933485E+00  1.11346550E+00  1.12933485E+00
   319  6.38000000E+01  1.12933484E+00  1.11482660E+00  1.12933484E+00
   320  6.40000000E+01  1.12933484E+00  1.11612327E+00  1.12933484E+00
   321  6.42000000E+01  1.12933484E+00  1.11735361E+00  1.12933484E+00
   322  6.44000000E+01  1.12933484E+00  1.11851605E+00  1.12933484E+00
   323  6.46000000E+01  1.12933483E+00  1.11960935E+00  1.12933483E+00
   324  6.48000000E+01  1.12933483E+00  1.12063263E+00  1.12933483E+00
   325  6.50000000E+01  1.12933483E+00  1.12158545E+00  1.12933483E+00
   326  6.52000000E+01  1.12933483E+00  1.12246778E+00  1.12933483E+00
   327  6.54000000E+01  1.12933483E+00  1.12328007E+00  1.12933483E+00
   328  6.56000000E+01  1.12933482E+00  1.12402328E+00  1.12933482E+00
   329  6.58000000E+01  1.12933482E+00  1.12469885E+00  1.12933482E+00
   330  6.60000000E+01  1.12933482E+00  1.12530877E+00  1.12933482E+00
   331  6.62000000E+01  1.12933482E+00  1.12585552E+00  1.12933482E+00
   332  6.64000000E+01  1.12933482E+00  1.12634204E+00  1.12933482E+00
   333  6.66000000E+01  1.12933482E+00  1.12677176E+00  1.12933482E+00
   334  6.68000000E+01  1.12933482E+00  1.12714845E+00  1.12933482E+00
   335  6.70000000E+01  1.12933482E+00  1.12747622E+00  1.12933482E+00
   336  6.72000000E+01  1.12933482E+00  1.12775938E+00  1.12933482E+00
   337  6.74000000E+01  1.12933481E+00  1.12800237E+00  1.12933481E+00
   338  6.76000000E+01  1.12933481E+00  1.12820964E+00  1.12933481E+00
   339  6.78000000E+01  1.12933481E+00  1.12838556E+00  1.12933481E+00
   340  6.80000000E+01  1.12933481E+00  1.12853430E+00  1.12933481E+00
   341  6.82000000E+01  1.12933481E+00  1.12865974E+00  1.12933481E+00
   342  6.84000000E+01  1.12933481E+00  1.12876540E+00  1.12933481E+00
   343  6.86000000E+01  1.12933481E+00  1.12885437E+00  1.12933481E+00
   344  6.88000000E+01  1.12933481E+00  1.12892932E+00  1.12933481E+00
   345  6.90000000E+01  1.12933481E+00  1.12899242E+00  1.12933481E+00
   346  6.92000000E+01  1.12933481E+00  1.12904543E+00  1.12933481E+00
 steady-height stop at step    346: truncated to 3 decimals, truncated max/end/ratio =       1129      1129      1129, max/end/ratio =   1.12933481E+00  1.12904543E+00  1.12933481E+00
