 comppar: model =   2
 comppar: lambda,mobility/eps,betav,eta_0 =  1.0000E+00  0.0000E+00  2.0000E-01  1.0000E+00
 comppar: eta_s,eta_p,G =  2.0000E-01  8.0000E-01  8.0000E-01
 comppar: U_avg,deltat,flowrate,nsteps =  1.0000E-01  2.0000E-01  3.1416E-01    2000
 comppar: geometry = axisymmetric
 comppar: steady stop change,gap,hold,min =  1.0000E-07  1.0000E-03       1      80
 comppar: steady stop truncated decimals =       3
 comppar: ncompc,ncompg =     4     5
 mesh nnodes = 5797
 mesh nelem = 2796
 P1 BC   5.0000000000000000     
 P2 BC   0.0000000000000000     
     1  2.00000000E-01  1.00252732E+00  1.00000000E+00  1.00252732E+00
     2  4.00000000E-01  1.00499084E+00  1.00000000E+00  1.00499084E+00
     3  6.00000000E-01  1.00737429E+00  1.00000000E+00  1.00737429E+00
     4  8.00000000E-01  1.00969898E+00  1.00000000E+00  1.00969898E+00
     5  1.00000000E+00  1.01197382E+00  1.00000000E+00  1.01197382E+00
     6  1.20000000E+00  1.01420943E+00  1.00000000E+00  1.01420943E+00
     7  1.40000000E+00  1.01641715E+00  1.00000000E+00  1.01641715E+00
     8  1.60000000E+00  1.01860767E+00  1.00000000E+00  1.01860767E+00
     9  1.80000000E+00  1.02077009E+00  1.00000000E+00  1.02077009E+00
    10  2.00000000E+00  1.02293481E+00  1.00000000E+00  1.02293481E+00
    11  2.20000000E+00  1.02506168E+00  1.00000001E+00  1.02506168E+00
    12  2.40000000E+00  1.02719778E+00  1.00000001E+00  1.02719778E+00
    13  2.60000000E+00  1.02929474E+00  1.00000001E+00  1.02929474E+00
    14  2.80000000E+00  1.03139303E+00  1.00000001E+00  1.03139303E+00
    15  3.00000000E+00  1.03345759E+00  1.00000001E+00  1.03345759E+00
    16  3.20000000E+00  1.03550085E+00  1.00000001E+00  1.03550085E+00
    17  3.40000000E+00  1.03753806E+00  1.00000001E+00  1.03753806E+00
    18  3.60000000E+00  1.03952615E+00  1.00000001E+00  1.03952615E+00
    19  3.80000000E+00  1.04152577E+00  1.00000001E+00  1.04152577E+00
    20  4.00000000E+00  1.04348356E+00  1.00000001E+00  1.04348356E+00
    21  4.20000000E+00  1.04539820E+00  1.00000000E+00  1.04539820E+00
    22  4.40000000E+00  1.04733432E+00  1.00000000E+00  1.04733432E+00
    23  4.60000000E+00  1.04921553E+00  1.00000000E+00  1.04921553E+00
    24  4.80000000E+00  1.05106258E+00  9.99999998E-01  1.05106258E+00
    25  5.00000000E+00  1.05292119E+00  9.99999994E-01  1.05292119E+00
    26  5.20000000E+00  1.05472106E+00  9.99999990E-01  1.05472106E+00
    27  5.40000000E+00  1.05646525E+00  9.99999986E-01  1.05646525E+00
    28  5.60000000E+00  1.05825459E+00  9.99999981E-01  1.05825459E+00
    29  5.80000000E+00  1.05998270E+00  9.99999975E-01  1.05998270E+00
    30  6.00000000E+00  1.06164641E+00  9.99999968E-01  1.06164641E+00
    31  6.20000000E+00  1.06335898E+00  9.99999960E-01  1.06335898E+00
    32  6.40000000E+00  1.06501388E+00  9.99999951E-01  1.06501388E+00
    33  6.60000000E+00  1.06660232E+00  9.99999941E-01  1.06660232E+00
    34  6.80000000E+00  1.06821442E+00  9.99999930E-01  1.06821442E+00
    35  7.00000000E+00  1.06981134E+00  9.99999918E-01  1.06981134E+00
    36  7.20000000E+00  1.07134076E+00  9.99999904E-01  1.07134076E+00
    37  7.40000000E+00  1.07283392E+00  9.99999889E-01  1.07283392E+00
    38  7.60000000E+00  1.07437268E+00  9.99999872E-01  1.07437268E+00
    39  7.80000000E+00  1.07584288E+00  9.99999854E-01  1.07584288E+00
    40  8.00000000E+00  1.07724218E+00  9.99999834E-01  1.07724218E+00
    41  8.20000000E+00  1.07865534E+00  9.99999812E-01  1.07865534E+00
    42  8.40000000E+00  1.08008619E+00  9.99999788E-01  1.08008619E+00
    43  8.60000000E+00  1.08144611E+00  9.99999762E-01  1.08144611E+00
    44  8.80000000E+00  1.08273320E+00  9.99999733E-01  1.08273320E+00
    45  9.00000000E+00  1.08408135E+00  9.99999702E-01  1.08408135E+00
    46  9.20000000E+00  1.08540185E+00  9.99999669E-01  1.08540185E+00
    47  9.40000000E+00  1.08664951E+00  9.99999633E-01  1.08664951E+00
    48  9.60000000E+00  1.08782294E+00  9.99999593E-01  1.08782294E+00
    49  9.80000000E+00  1.08907476E+00  9.99999551E-01  1.08907476E+00
    50  1.00000000E+01  1.09030712E+00  9.99999506E-01  1.09030712E+00
    51  1.02000000E+01  1.09146594E+00  9.99999457E-01  1.09146594E+00
    52  1.04000000E+01  1.09255038E+00  9.99999404E-01  1.09255038E+00
    53  1.06000000E+01  1.09370132E+00  9.99999347E-01  1.09370132E+00
    54  1.08000000E+01  1.09484492E+00  9.99999286E-01  1.09484492E+00
    55  1.10000000E+01  1.09591461E+00  9.99999221E-01  1.09591461E+00
    56  1.12000000E+01  1.09691013E+00  9.99999152E-01  1.09691013E+00
    57  1.14000000E+01  1.09790856E+00  9.99999077E-01  1.09790856E+00
    58  1.16000000E+01  1.09898578E+00  9.99998997E-01  1.09898578E+00
    59  1.18000000E+01  1.09998954E+00  9.99998912E-01  1.09998954E+00
    60  1.20000000E+01  1.10092011E+00  9.99998821E-01  1.10092011E+00
    61  1.22000000E+01  1.10177844E+00  9.99998724E-01  1.10177844E+00
    62  1.24000000E+01  1.10278311E+00  9.99998621E-01  1.10278311E+00
    63  1.26000000E+01  1.10372059E+00  9.99998512E-01  1.10372059E+00
    64  1.28000000E+01  1.10458590E+00  9.99998395E-01  1.10458590E+00
    65  1.30000000E+01  1.10538057E+00  9.99998271E-01  1.10538057E+00
    66  1.32000000E+01  1.10623040E+00  9.99998139E-01  1.10623040E+00
    67  1.34000000E+01  1.10710618E+00  9.99997999E-01  1.10710618E+00
    68  1.36000000E+01  1.10791161E+00  9.99997851E-01  1.10791161E+00
    69  1.38000000E+01  1.10864892E+00  9.99997693E-01  1.10864892E+00
    70  1.40000000E+01  1.10937130E+00  9.99997527E-01  1.10937130E+00
    71  1.42000000E+01  1.11018507E+00  9.99997350E-01  1.11018507E+00
    72  1.44000000E+01  1.11093033E+00  9.99997164E-01  1.11093033E+00
    73  1.46000000E+01  1.11161000E+00  9.99996966E-01  1.11161000E+00
    74  1.48000000E+01  1.11222793E+00  9.99996758E-01  1.11222793E+00
    75  1.50000000E+01  1.11296407E+00  9.99996537E-01  1.11296407E+00
    76  1.52000000E+01  1.11365429E+00  9.99996304E-01  1.11365429E+00
    77  1.54000000E+01  1.11428252E+00  9.99996059E-01  1.11428252E+00
    78  1.56000000E+01  1.11485321E+00  9.99995800E-01  1.11485321E+00
    79  1.58000000E+01  1.11547259E+00  9.99995527E-01  1.11547259E+00
    80  1.60000000E+01  1.11610753E+00  9.99995239E-01  1.11610753E+00
    81  1.62000000E+01  1.11668410E+00  9.99994937E-01  1.11668410E+00
    82  1.64000000E+01  1.11720741E+00  9.99994618E-01  1.11720741E+00
    83  1.66000000E+01  1.11772878E+00  9.99994282E-01  1.11772878E+00
    84  1.68000000E+01  1.11831523E+00  9.99993930E-01  1.11831523E+00
    85  1.70000000E+01  1.11884769E+00  9.99993559E-01  1.11884769E+00
    86  1.72000000E+01  1.11933149E+00  9.99993170E-01  1.11933149E+00
    87  1.74000000E+01  1.11977216E+00  9.99992761E-01  1.11977216E+00
    88  1.76000000E+01  1.12029031E+00  9.99992332E-01  1.12029031E+00
    89  1.78000000E+01  1.12077871E+00  9.99991882E-01  1.12077871E+00
    90  1.80000000E+01  1.12122328E+00  9.99991409E-01  1.12122328E+00
    91  1.82000000E+01  1.12162960E+00  9.99990914E-01  1.12162960E+00
    92  1.84000000E+01  1.12206799E+00  9.99990396E-01  1.12206799E+00
    93  1.86000000E+01  1.12251986E+00  9.99989853E-01  1.12251986E+00
    94  1.88000000E+01  1.12293209E+00  9.99989284E-01  1.12293209E+00
    95  1.90000000E+01  1.12330974E+00  9.99988689E-01  1.12330974E+00
    96  1.92000000E+01  1.12365725E+00  9.99988067E-01  1.12365725E+00
    97  1.94000000E+01  1.12405856E+00  9.99987417E-01  1.12405856E+00
    98  1.96000000E+01  1.12443952E+00  9.99986737E-01  1.12443952E+00
    99  1.98000000E+01  1.12479013E+00  9.99986027E-01  1.12479013E+00
   100  2.00000000E+01  1.12511417E+00  9.99985285E-01  1.12511417E+00
   101  2.02000000E+01  1.12544796E+00  9.99984512E-01  1.12544796E+00
   102  2.04000000E+01  1.12580215E+00  9.99983704E-01  1.12580215E+00
   103  2.06000000E+01  1.12612839E+00  9.99982863E-01  1.12612839E+00
   104  2.08000000E+01  1.12642968E+00  9.99981985E-01  1.12642968E+00
   105  2.10000000E+01  1.12670802E+00  9.99981071E-01  1.12670802E+00
   106  2.12000000E+01  1.12699667E+00  9.99980119E-01  1.12699667E+00
   107  2.14000000E+01  1.12730124E+00  9.99979128E-01  1.12730124E+00
   108  2.16000000E+01  1.12758303E+00  9.99978097E-01  1.12758303E+00
   109  2.18000000E+01  1.12784320E+00  9.99977025E-01  1.12784320E+00
   110  2.20000000E+01  1.12808204E+00  9.99975910E-01  1.12808204E+00
   111  2.22000000E+01  1.12835895E+00  9.99974752E-01  1.12835895E+00
   112  2.24000000E+01  1.12861939E+00  9.99973549E-01  1.12861939E+00
   113  2.26000000E+01  1.12885839E+00  9.99972300E-01  1.12885839E+00
   114  2.28000000E+01  1.12907603E+00  9.99971004E-01  1.12907603E+00
   115  2.30000000E+01  1.12928047E+00  9.99969659E-01  1.12928047E+00
   116  2.32000000E+01  1.12952333E+00  9.99968266E-01  1.12952333E+00
   117  2.34000000E+01  1.12974502E+00  9.99966822E-01  1.12974502E+00
   118  2.36000000E+01  1.12994516E+00  9.99965327E-01  1.12994516E+00
   119  2.38000000E+01  1.13012327E+00  9.99963779E-01  1.13012327E+00
   120  2.40000000E+01  1.13032826E+00  9.99962178E-01  1.13032826E+00
   121  2.42000000E+01  1.13052925E+00  9.99960523E-01  1.13052925E+00
   122  2.44000000E+01  1.13070884E+00  9.99958812E-01  1.13070884E+00
   123  2.46000000E+01  1.13086680E+00  9.99957045E-01  1.13086680E+00
   124  2.48000000E+01  1.13102776E+00  9.99955221E-01  1.13102776E+00
   125  2.50000000E+01  1.13121146E+00  9.99953339E-01  1.13121146E+00
   126  2.52000000E+01  1.13137341E+00  9.99951399E-01  1.13137341E+00
   127  2.54000000E+01  1.13151352E+00  9.99949399E-01  1.13151352E+00
   128  2.56000000E+01  1.13164320E+00  9.99947340E-01  1.13164320E+00
   129  2.58000000E+01  1.13180707E+00  9.99945221E-01  1.13180707E+00
   130  2.60000000E+01  1.13194980E+00  9.99943042E-01  1.13194980E+00
   131  2.62000000E+01  1.13207164E+00  9.99940802E-01  1.13207164E+00
   132  2.64000000E+01  1.13217527E+00  9.99938502E-01  1.13217527E+00
   133  2.66000000E+01  1.13232185E+00  9.99936141E-01  1.13232185E+00
   134  2.68000000E+01  1.13244724E+00  9.99933720E-01  1.13244724E+00
   135  2.70000000E+01  1.13255205E+00  9.99931239E-01  1.13255205E+00
   136  2.72000000E+01  1.13263744E+00  9.99928700E-01  1.13263744E+00
   137  2.74000000E+01  1.13276468E+00  9.99926102E-01  1.13276468E+00
   138  2.76000000E+01  1.13287292E+00  9.99923447E-01  1.13287292E+00
   139  2.78000000E+01  1.13296204E+00  9.99920735E-01  1.13296204E+00
   140  2.80000000E+01  1.13303348E+00  9.99917970E-01  1.13303348E+00
   141  2.82000000E+01  1.13314362E+00  9.99915151E-01  1.13314362E+00
   142  2.84000000E+01  1.13323564E+00  9.99912282E-01  1.13323564E+00
   143  2.86000000E+01  1.13330948E+00  9.99909365E-01  1.13330948E+00
   144  2.88000000E+01  1.13336984E+00  9.99906402E-01  1.13336984E+00
   145  2.90000000E+01  1.13346541E+00  9.99903396E-01  1.13346541E+00
   146  2.92000000E+01  1.13354296E+00  9.99900352E-01  1.13354296E+00
   147  2.94000000E+01  1.13360410E+00  9.99897272E-01  1.13360410E+00
   148  2.96000000E+01  1.13365617E+00  9.99894162E-01  1.13365617E+00
   149  2.98000000E+01  1.13373639E+00  9.99891025E-01  1.13373639E+00
   150  3.00000000E+01  1.13379970E+00  9.99887868E-01  1.13379970E+00
   151  3.02000000E+01  1.13384808E+00  9.99884695E-01  1.13384808E+00
   152  3.04000000E+01  1.13389708E+00  9.99881514E-01  1.13389708E+00
   153  3.06000000E+01  1.13396402E+00  9.99878332E-01  1.13396402E+00
   154  3.08000000E+01  1.13401583E+00  9.99875155E-01  1.13401583E+00
   155  3.10000000E+01  1.13405458E+00  9.99871994E-01  1.13405458E+00
   156  3.12000000E+01  1.13409663E+00  9.99868855E-01  1.13409663E+00
   157  3.14000000E+01  1.13415038E+00  9.99865751E-01  1.13415038E+00
   158  3.16000000E+01  1.13419060E+00  9.99862690E-01  1.13419060E+00
   159  3.18000000E+01  1.13421958E+00  9.99859685E-01  1.13421958E+00
   160  3.20000000E+01  1.13426298E+00  9.99856748E-01  1.13426298E+00
   161  3.22000000E+01  1.13430639E+00  9.99853892E-01  1.13430639E+00
   162  3.24000000E+01  1.13433808E+00  9.99851133E-01  1.13433808E+00
   163  3.26000000E+01  1.13436027E+00  9.99848484E-01  1.13436027E+00
   164  3.28000000E+01  1.13439551E+00  9.99845963E-01  1.13439551E+00
   165  3.30000000E+01  1.13442847E+00  9.99843588E-01  1.13442847E+00
   166  3.32000000E+01  1.13445154E+00  9.99841378E-01  1.13445154E+00
   167  3.34000000E+01  1.13447001E+00  9.99839352E-01  1.13447001E+00
   168  3.36000000E+01  1.13450588E+00  9.99837534E-01  1.13450588E+00
   169  3.38000000E+01  1.13453133E+00  9.99835946E-01  1.13453133E+00
   170  3.40000000E+01  1.13454856E+00  9.99834614E-01  1.13454856E+00
   171  3.42000000E+01  1.13456184E+00  9.99833564E-01  1.13456184E+00
   172  3.44000000E+01  1.13458837E+00  9.99832824E-01  1.13458837E+00
   173  3.46000000E+01  1.13460632E+00  9.99832425E-01  1.13460632E+00
   174  3.48000000E+01  1.13461789E+00  9.99832400E-01  1.13461789E+00
   175  3.50000000E+01  1.13463824E+00  9.99832782E-01  1.13463824E+00
   176  3.52000000E+01  1.13465824E+00  9.99833608E-01  1.13465824E+00
   177  3.54000000E+01  1.13467121E+00  9.99834916E-01  1.13467121E+00
   178  3.56000000E+01  1.13467916E+00  9.99836748E-01  1.13467916E+00
   179  3.58000000E+01  1.13469140E+00  9.99839147E-01  1.13469140E+00
   180  3.60000000E+01  1.13470495E+00  9.99842159E-01  1.13470495E+00
   181  3.62000000E+01  1.13471324E+00  9.99845832E-01  1.13471324E+00
   182  3.64000000E+01  1.13472188E+00  9.99850219E-01  1.13472188E+00
   183  3.66000000E+01  1.13473715E+00  9.99855373E-01  1.13473715E+00
   184  3.68000000E+01  1.13474651E+00  9.99861352E-01  1.13474651E+00
   185  3.70000000E+01  1.13475185E+00  9.99868217E-01  1.13475185E+00
   186  3.72000000E+01  1.13475484E+00  9.99876032E-01  1.13475484E+00
   187  3.74000000E+01  1.13476349E+00  9.99884865E-01  1.13476349E+00
   188  3.76000000E+01  1.13476908E+00  9.99894787E-01  1.13476908E+00
   189  3.78000000E+01  1.13477217E+00  9.99905875E-01  1.13477217E+00
   190  3.80000000E+01  1.13478208E+00  9.99918207E-01  1.13478208E+00
   191  3.82000000E+01  1.13478843E+00  9.99931868E-01  1.13478843E+00
   192  3.84000000E+01  1.13479167E+00  9.99946946E-01  1.13479167E+00
   193  3.86000000E+01  1.13479332E+00  9.99963534E-01  1.13479332E+00
   194  3.88000000E+01  1.13479456E+00  9.99981731E-01  1.13479456E+00
   195  3.90000000E+01  1.13479756E+00  1.00000164E+00  1.13479756E+00
   196  3.92000000E+01  1.13480476E+00  1.00002337E+00  1.13480476E+00
   197  3.94000000E+01  1.13481151E+00  1.00004702E+00  1.13481151E+00
   198  3.96000000E+01  1.13481762E+00  1.00007274E+00  1.13481762E+00
   199  3.98000000E+01  1.13482376E+00  1.00010063E+00  1.13482376E+00
   200  4.00000000E+01  1.13483075E+00  1.00013083E+00  1.13483075E+00
   201  4.02000000E+01  1.13483706E+00  1.00016348E+00  1.13483706E+00
   202  4.04000000E+01  1.13484258E+00  1.00019872E+00  1.13484258E+00
   203  4.06000000E+01  1.13484726E+00  1.00023670E+00  1.13484726E+00
   204  4.08000000E+01  1.13485116E+00  1.00027759E+00  1.13485116E+00
   205  4.10000000E+01  1.13485457E+00  1.00032154E+00  1.13485457E+00
   206  4.12000000E+01  1.13485959E+00  1.00036874E+00  1.13485959E+00
   207  4.14000000E+01  1.13486384E+00  1.00041936E+00  1.13486384E+00
   208  4.16000000E+01  1.13486734E+00  1.00047360E+00  1.13486734E+00
   209  4.18000000E+01  1.13487020E+00  1.00053165E+00  1.13487020E+00
   210  4.20000000E+01  1.13487251E+00  1.00059372E+00  1.13487251E+00
   211  4.22000000E+01  1.13487546E+00  1.00066002E+00  1.13487546E+00
   212  4.24000000E+01  1.13487835E+00  1.00073079E+00  1.13487835E+00
   213  4.26000000E+01  1.13488067E+00  1.00080626E+00  1.13488067E+00
   214  4.28000000E+01  1.13488255E+00  1.00088667E+00  1.13488255E+00
   215  4.30000000E+01  1.13488412E+00  1.00097228E+00  1.13488412E+00
   216  4.32000000E+01  1.13488547E+00  1.00106336E+00  1.13488547E+00
   217  4.34000000E+01  1.13488667E+00  1.00116019E+00  1.13488667E+00
   218  4.36000000E+01  1.13488828E+00  1.00126306E+00  1.13488828E+00
   219  4.38000000E+01  1.13488968E+00  1.00137227E+00  1.13488968E+00
   220  4.40000000E+01  1.13489089E+00  1.00148813E+00  1.13489089E+00
   221  4.42000000E+01  1.13489197E+00  1.00161097E+00  1.13489197E+00
   222  4.44000000E+01  1.13489299E+00  1.00174114E+00  1.13489299E+00
   223  4.46000000E+01  1.13489395E+00  1.00187898E+00  1.13489395E+00
   224  4.48000000E+01  1.13489487E+00  1.00202486E+00  1.13489487E+00
   225  4.50000000E+01  1.13489576E+00  1.00217915E+00  1.13489576E+00
   226  4.52000000E+01  1.13489659E+00  1.00234226E+00  1.13489659E+00
   227  4.54000000E+01  1.13489736E+00  1.00251459E+00  1.13489736E+00
   228  4.56000000E+01  1.13489806E+00  1.00269656E+00  1.13489806E+00
   229  4.58000000E+01  1.13489867E+00  1.00288862E+00  1.13489867E+00
   230  4.60000000E+01  1.13489920E+00  1.00309120E+00  1.13489920E+00
   231  4.62000000E+01  1.13489964E+00  1.00330478E+00  1.13489964E+00
   232  4.64000000E+01  1.13489999E+00  1.00352984E+00  1.13489999E+00
   233  4.66000000E+01  1.13490027E+00  1.00376688E+00  1.13490027E+00
   234  4.68000000E+01  1.13490048E+00  1.00401641E+00  1.13490048E+00
   235  4.70000000E+01  1.13490067E+00  1.00427896E+00  1.13490067E+00
   236  4.72000000E+01  1.13490096E+00  1.00455508E+00  1.13490096E+00
   237  4.74000000E+01  1.13490117E+00  1.00484533E+00  1.13490117E+00
   238  4.76000000E+01  1.13490132E+00  1.00515028E+00  1.13490132E+00
   239  4.78000000E+01  1.13490142E+00  1.00547052E+00  1.13490142E+00
   240  4.80000000E+01  1.13490148E+00  1.00580667E+00  1.13490148E+00
   241  4.82000000E+01  1.13490150E+00  1.00615935E+00  1.13490150E+00
   242  4.84000000E+01  1.13490150E+00  1.00652919E+00  1.13490150E+00
   243  4.86000000E+01  1.13490147E+00  1.00691685E+00  1.13490147E+00
   244  4.88000000E+01  1.13490142E+00  1.00732299E+00  1.13490142E+00
   245  4.90000000E+01  1.13490135E+00  1.00774831E+00  1.13490135E+00
   246  4.92000000E+01  1.13490127E+00  1.00819348E+00  1.13490127E+00
   247  4.94000000E+01  1.13490117E+00  1.00865923E+00  1.13490117E+00
   248  4.96000000E+01  1.13490107E+00  1.00914626E+00  1.13490107E+00
   249  4.98000000E+01  1.13490095E+00  1.00965531E+00  1.13490095E+00
   250  5.00000000E+01  1.13490082E+00  1.01018713E+00  1.13490082E+00
   251  5.02000000E+01  1.13490069E+00  1.01074245E+00  1.13490069E+00
   252  5.04000000E+01  1.13490054E+00  1.01132205E+00  1.13490054E+00
   253  5.06000000E+01  1.13490040E+00  1.01192667E+00  1.13490040E+00
   254  5.08000000E+01  1.13490024E+00  1.01255710E+00  1.13490024E+00
   255  5.10000000E+01  1.13490009E+00  1.01321411E+00  1.13490009E+00
   256  5.12000000E+01  1.13489993E+00  1.01389846E+00  1.13489993E+00
   257  5.14000000E+01  1.13489977E+00  1.01461093E+00  1.13489977E+00
   258  5.16000000E+01  1.13489962E+00  1.01535228E+00  1.13489962E+00
   259  5.18000000E+01  1.13489946E+00  1.01612327E+00  1.13489946E+00
   260  5.20000000E+01  1.13489931E+00  1.01692466E+00  1.13489931E+00
   261  5.22000000E+01  1.13489916E+00  1.01775718E+00  1.13489916E+00
   262  5.24000000E+01  1.13489901E+00  1.01862155E+00  1.13489901E+00
   263  5.26000000E+01  1.13489886E+00  1.01951848E+00  1.13489886E+00
   264  5.28000000E+01  1.13489872E+00  1.02044865E+00  1.13489872E+00
   265  5.30000000E+01  1.13489858E+00  1.02141272E+00  1.13489858E+00
   266  5.32000000E+01  1.13489845E+00  1.02241131E+00  1.13489845E+00
   267  5.34000000E+01  1.13489832E+00  1.02344502E+00  1.13489832E+00
   268  5.36000000E+01  1.13489819E+00  1.02451441E+00  1.13489819E+00
   269  5.38000000E+01  1.13489807E+00  1.02562000E+00  1.13489807E+00
   270  5.40000000E+01  1.13489795E+00  1.02676225E+00  1.13489795E+00
   271  5.42000000E+01  1.13489784E+00  1.02794160E+00  1.13489784E+00
   272  5.44000000E+01  1.13489773E+00  1.02915840E+00  1.13489773E+00
   273  5.46000000E+01  1.13489763E+00  1.03041298E+00  1.13489763E+00
   274  5.48000000E+01  1.13489753E+00  1.03170558E+00  1.13489753E+00
   275  5.50000000E+01  1.13489743E+00  1.03303638E+00  1.13489743E+00
   276  5.52000000E+01  1.13489734E+00  1.03440547E+00  1.13489734E+00
   277  5.54000000E+01  1.13489725E+00  1.03581289E+00  1.13489725E+00
   278  5.56000000E+01  1.13489717E+00  1.03725857E+00  1.13489717E+00
   279  5.58000000E+01  1.13489709E+00  1.03874237E+00  1.13489709E+00
   280  5.60000000E+01  1.13489701E+00  1.04026404E+00  1.13489701E+00
   281  5.62000000E+01  1.13489694E+00  1.04182323E+00  1.13489694E+00
   282  5.64000000E+01  1.13489687E+00  1.04341949E+00  1.13489687E+00
   283  5.66000000E+01  1.13489681E+00  1.04505225E+00  1.13489681E+00
   284  5.68000000E+01  1.13489675E+00  1.04672084E+00  1.13489675E+00
   285  5.70000000E+01  1.13489669E+00  1.04842446E+00  1.13489669E+00
   286  5.72000000E+01  1.13489663E+00  1.05016219E+00  1.13489663E+00
   287  5.74000000E+01  1.13489658E+00  1.05193298E+00  1.13489658E+00
   288  5.76000000E+01  1.13489653E+00  1.05373566E+00  1.13489653E+00
   289  5.78000000E+01  1.13489649E+00  1.05556892E+00  1.13489649E+00
   290  5.80000000E+01  1.13489644E+00  1.05743133E+00  1.13489644E+00
   291  5.82000000E+01  1.13489640E+00  1.05932131E+00  1.13489640E+00
   292  5.84000000E+01  1.13489637E+00  1.06123716E+00  1.13489637E+00
   293  5.86000000E+01  1.13489633E+00  1.06317703E+00  1.13489633E+00
   294  5.88000000E+01  1.13489630E+00  1.06513897E+00  1.13489630E+00
   295  5.90000000E+01  1.13489626E+00  1.06712087E+00  1.13489626E+00
   296  5.92000000E+01  1.13489623E+00  1.06912050E+00  1.13489623E+00
   297  5.94000000E+01  1.13489621E+00  1.07113552E+00  1.13489621E+00
   298  5.96000000E+01  1.13489618E+00  1.07316345E+00  1.13489618E+00
   299  5.98000000E+01  1.13489615E+00  1.07520170E+00  1.13489615E+00
   300  6.00000000E+01  1.13489613E+00  1.07724757E+00  1.13489613E+00
   301  6.02000000E+01  1.13489611E+00  1.07929826E+00  1.13489611E+00
   302  6.04000000E+01  1.13489609E+00  1.08135086E+00  1.13489609E+00
   303  6.06000000E+01  1.13489607E+00  1.08340238E+00  1.13489607E+00
   304  6.08000000E+01  1.13489605E+00  1.08544972E+00  1.13489605E+00
   305  6.10000000E+01  1.13489604E+00  1.08748975E+00  1.13489604E+00
   306  6.12000000E+01  1.13489602E+00  1.08951923E+00  1.13489602E+00
   307  6.14000000E+01  1.13489601E+00  1.09153489E+00  1.13489601E+00
   308  6.16000000E+01  1.13489599E+00  1.09353340E+00  1.13489599E+00
   309  6.18000000E+01  1.13489598E+00  1.09551142E+00  1.13489598E+00
   310  6.20000000E+01  1.13489597E+00  1.09746556E+00  1.13489597E+00
   311  6.22000000E+01  1.13489596E+00  1.09939245E+00  1.13489596E+00
   312  6.24000000E+01  1.13489595E+00  1.10128870E+00  1.13489595E+00
   313  6.26000000E+01  1.13489594E+00  1.10315098E+00  1.13489594E+00
   314  6.28000000E+01  1.13489593E+00  1.10497598E+00  1.13489593E+00
   315  6.30000000E+01  1.13489592E+00  1.10676043E+00  1.13489592E+00
   316  6.32000000E+01  1.13489592E+00  1.10850117E+00  1.13489592E+00
   317  6.34000000E+01  1.13489591E+00  1.11019511E+00  1.13489591E+00
   318  6.36000000E+01  1.13489590E+00  1.11183928E+00  1.13489590E+00
   319  6.38000000E+01  1.13489590E+00  1.11343086E+00  1.13489590E+00
   320  6.40000000E+01  1.13489589E+00  1.11496715E+00  1.13489589E+00
   321  6.42000000E+01  1.13489589E+00  1.11644567E+00  1.13489589E+00
   322  6.44000000E+01  1.13489588E+00  1.11786412E+00  1.13489588E+00
   323  6.46000000E+01  1.13489588E+00  1.11922045E+00  1.13489588E+00
   324  6.48000000E+01  1.13489588E+00  1.12051284E+00  1.13489588E+00
   325  6.50000000E+01  1.13489587E+00  1.12173979E+00  1.13489587E+00
   326  6.52000000E+01  1.13489587E+00  1.12290010E+00  1.13489587E+00
   327  6.54000000E+01  1.13489587E+00  1.12399291E+00  1.13489587E+00
   328  6.56000000E+01  1.13489586E+00  1.12501778E+00  1.13489586E+00
   329  6.58000000E+01  1.13489586E+00  1.12597464E+00  1.13489586E+00
   330  6.60000000E+01  1.13489586E+00  1.12686387E+00  1.13489586E+00
   331  6.62000000E+01  1.13489586E+00  1.12768631E+00  1.13489586E+00
   332  6.64000000E+01  1.13489585E+00  1.12844327E+00  1.13489585E+00
   333  6.66000000E+01  1.13489585E+00  1.12913652E+00  1.13489585E+00
   334  6.68000000E+01  1.13489585E+00  1.12976830E+00  1.13489585E+00
   335  6.70000000E+01  1.13489585E+00  1.13034129E+00  1.13489585E+00
   336  6.72000000E+01  1.13489585E+00  1.13085856E+00  1.13489585E+00
   337  6.74000000E+01  1.13489585E+00  1.13132352E+00  1.13489585E+00
   338  6.76000000E+01  1.13489585E+00  1.13173988E+00  1.13489585E+00
   339  6.78000000E+01  1.13489584E+00  1.13211150E+00  1.13489584E+00
   340  6.80000000E+01  1.13489584E+00  1.13244237E+00  1.13489584E+00
   341  6.82000000E+01  1.13489584E+00  1.13273648E+00  1.13489584E+00
   342  6.84000000E+01  1.13489584E+00  1.13299773E+00  1.13489584E+00
   343  6.86000000E+01  1.13489584E+00  1.13322980E+00  1.13489584E+00
   344  6.88000000E+01  1.13489584E+00  1.13343615E+00  1.13489584E+00
   345  6.90000000E+01  1.13489584E+00  1.13361987E+00  1.13489584E+00
   346  6.92000000E+01  1.13489584E+00  1.13378366E+00  1.13489584E+00
   347  6.94000000E+01  1.13489584E+00  1.13392983E+00  1.13489584E+00
   348  6.96000000E+01  1.13489584E+00  1.13406027E+00  1.13489584E+00
 steady-height stop at step    348: truncated to 3 decimals, truncated max/end/ratio =       1134      1134      1134, max/end/ratio =   1.13489584E+00  1.13406027E+00  1.13489584E+00
