 dx_box  0.20000000000000001      dx_wall   2.5000000000000001E-002
 comppar: model =   2
 comppar: lambda,mobility/eps,betav,eta_0 =  1.0000E+00  0.0000E+00  1.1111E-01  1.0000E+00
 comppar: eta_s,eta_p,G =  1.1111E-01  8.8889E-01  8.8889E-01
 comppar: U_avg,deltat,flowrate,nsteps =  2.5000E-01  1.0000E-01  7.8540E-01    1000
 comppar: geometry = axisymmetric
 comppar: steady stop change,gap,hold,min =  1.0000E-05  5.0000E-03      10      80
 comppar: ncompc,ncompg =     4     5
 mesh nnodes = 11721
 mesh nelem = 5776
 P1 BC   5.0000000000000000     
 P2 BC   0.0000000000000000     
     1  1.00000000E-01  1.00315173E+00  1.00000000E+00  1.00315173E+00
     2  2.00000000E-01  1.00618461E+00  1.00000000E+00  1.00618461E+00
     3  3.00000000E-01  1.00907322E+00  1.00000000E+00  1.00907322E+00
     4  4.00000000E-01  1.01186898E+00  1.00000000E+00  1.01186898E+00
     5  5.00000000E-01  1.01459898E+00  1.00000000E+00  1.01459898E+00
     6  6.00000000E-01  1.01729350E+00  1.00000000E+00  1.01729350E+00
     7  7.00000000E-01  1.01997561E+00  1.00000000E+00  1.01997561E+00
     8  8.00000000E-01  1.02267567E+00  1.00000000E+00  1.02267567E+00
     9  9.00000000E-01  1.02537495E+00  1.00000001E+00  1.02537495E+00
    10  1.00000000E+00  1.02812027E+00  1.00000001E+00  1.02812027E+00
    11  1.10000000E+00  1.03086293E+00  1.00000001E+00  1.03086293E+00
    12  1.20000000E+00  1.03361965E+00  1.00000001E+00  1.03361965E+00
    13  1.30000000E+00  1.03644076E+00  1.00000001E+00  1.03644076E+00
    14  1.40000000E+00  1.03925453E+00  1.00000001E+00  1.03925453E+00
    15  1.50000000E+00  1.04205690E+00  1.00000001E+00  1.04205690E+00
    16  1.60000000E+00  1.04494362E+00  1.00000001E+00  1.04494362E+00
    17  1.70000000E+00  1.04782186E+00  1.00000001E+00  1.04782186E+00
    18  1.80000000E+00  1.05068227E+00  1.00000001E+00  1.05068227E+00
    19  1.90000000E+00  1.05352021E+00  1.00000000E+00  1.05352021E+00
    20  2.00000000E+00  1.05634568E+00  1.00000000E+00  1.05634568E+00
    21  2.10000000E+00  1.05927656E+00  9.99999998E-01  1.05927656E+00
    22  2.20000000E+00  1.06218088E+00  9.99999994E-01  1.06218088E+00
    23  2.30000000E+00  1.06505454E+00  9.99999988E-01  1.06505454E+00
    24  2.40000000E+00  1.06789376E+00  9.99999982E-01  1.06789376E+00
    25  2.50000000E+00  1.07069519E+00  9.99999975E-01  1.07069519E+00
    26  2.60000000E+00  1.07353534E+00  9.99999966E-01  1.07353534E+00
    27  2.70000000E+00  1.07640393E+00  9.99999956E-01  1.07640393E+00
    28  2.80000000E+00  1.07922990E+00  9.99999945E-01  1.07922990E+00
    29  2.90000000E+00  1.08201097E+00  9.99999932E-01  1.08201097E+00
    30  3.00000000E+00  1.08474551E+00  9.99999917E-01  1.08474551E+00
    31  3.10000000E+00  1.08743241E+00  9.99999900E-01  1.08743241E+00
    32  3.20000000E+00  1.09007103E+00  9.99999882E-01  1.09007103E+00
    33  3.30000000E+00  1.09267981E+00  9.99999861E-01  1.09267981E+00
    34  3.40000000E+00  1.09542637E+00  9.99999838E-01  1.09542637E+00
    35  3.50000000E+00  1.09812296E+00  9.99999813E-01  1.09812296E+00
    36  3.60000000E+00  1.10076911E+00  9.99999785E-01  1.10076911E+00
    37  3.70000000E+00  1.10336476E+00  9.99999754E-01  1.10336476E+00
    38  3.80000000E+00  1.10591017E+00  9.99999721E-01  1.10591017E+00
    39  3.90000000E+00  1.10840580E+00  9.99999684E-01  1.10840580E+00
    40  4.00000000E+00  1.11085224E+00  9.99999643E-01  1.11085224E+00
    41  4.10000000E+00  1.11325020E+00  9.99999599E-01  1.11325020E+00
    42  4.20000000E+00  1.11575693E+00  9.99999550E-01  1.11575693E+00
    43  4.30000000E+00  1.11823884E+00  9.99999498E-01  1.11823884E+00
    44  4.40000000E+00  1.12066999E+00  9.99999441E-01  1.12066999E+00
    45  4.50000000E+00  1.12305125E+00  9.99999379E-01  1.12305125E+00
    46  4.60000000E+00  1.12538351E+00  9.99999312E-01  1.12538351E+00
    47  4.70000000E+00  1.12766772E+00  9.99999239E-01  1.12766772E+00
    48  4.80000000E+00  1.12990478E+00  9.99999161E-01  1.12990478E+00
    49  4.90000000E+00  1.13209556E+00  9.99999076E-01  1.13209556E+00
    50  5.00000000E+00  1.13424082E+00  9.99998985E-01  1.13424082E+00
    51  5.10000000E+00  1.13634106E+00  9.99998887E-01  1.13634106E+00
    52  5.20000000E+00  1.13839644E+00  9.99998782E-01  1.13839644E+00
    53  5.30000000E+00  1.14046771E+00  9.99998669E-01  1.14046771E+00
    54  5.40000000E+00  1.14265700E+00  9.99998548E-01  1.14265700E+00
    55  5.50000000E+00  1.14479964E+00  9.99998418E-01  1.14479964E+00
    56  5.60000000E+00  1.14689608E+00  9.99998279E-01  1.14689608E+00
    57  5.70000000E+00  1.14894650E+00  9.99998130E-01  1.14894650E+00
    58  5.80000000E+00  1.15095073E+00  9.99997972E-01  1.15095073E+00
    59  5.90000000E+00  1.15290812E+00  9.99997802E-01  1.15290812E+00
    60  6.00000000E+00  1.15481760E+00  9.99997621E-01  1.15481760E+00
    61  6.10000000E+00  1.15667772E+00  9.99997429E-01  1.15667772E+00
    62  6.20000000E+00  1.15848673E+00  9.99997224E-01  1.15848673E+00
    63  6.30000000E+00  1.16024276E+00  9.99997005E-01  1.16024276E+00
    64  6.40000000E+00  1.16194398E+00  9.99996773E-01  1.16194398E+00
    65  6.50000000E+00  1.16374875E+00  9.99996526E-01  1.16374875E+00
    66  6.60000000E+00  1.16560559E+00  9.99996264E-01  1.16560559E+00
    67  6.70000000E+00  1.16741217E+00  9.99995986E-01  1.16741217E+00
    68  6.80000000E+00  1.16916672E+00  9.99995691E-01  1.16916672E+00
    69  6.90000000E+00  1.17086770E+00  9.99995378E-01  1.17086770E+00
    70  7.00000000E+00  1.17251394E+00  9.99995046E-01  1.17251394E+00
    71  7.10000000E+00  1.17410451E+00  9.99994695E-01  1.17410451E+00
    72  7.20000000E+00  1.17563846E+00  9.99994323E-01  1.17563846E+00
    73  7.30000000E+00  1.17711436E+00  9.99993930E-01  1.17711436E+00
    74  7.40000000E+00  1.17853003E+00  9.99993515E-01  1.17853003E+00
    75  7.50000000E+00  1.17989600E+00  9.99993077E-01  1.17989600E+00
    76  7.60000000E+00  1.18152712E+00  9.99992614E-01  1.18152712E+00
    77  7.70000000E+00  1.18310408E+00  9.99992126E-01  1.18310408E+00
    78  7.80000000E+00  1.18462479E+00  9.99991611E-01  1.18462479E+00
    79  7.90000000E+00  1.18608663E+00  9.99991069E-01  1.18608663E+00
    80  8.00000000E+00  1.18748658E+00  9.99990497E-01  1.18748658E+00
    81  8.10000000E+00  1.18882160E+00  9.99989895E-01  1.18882160E+00
    82  8.20000000E+00  1.19008899E+00  9.99989262E-01  1.19008899E+00
    83  8.30000000E+00  1.19128676E+00  9.99988596E-01  1.19128676E+00
    84  8.40000000E+00  1.19241391E+00  9.99987896E-01  1.19241391E+00
    85  8.50000000E+00  1.19348269E+00  9.99987159E-01  1.19348269E+00
    86  8.60000000E+00  1.19487813E+00  9.99986385E-01  1.19487813E+00
    87  8.70000000E+00  1.19620722E+00  9.99985573E-01  1.19620722E+00
    88  8.80000000E+00  1.19746738E+00  9.99984719E-01  1.19746738E+00
    89  8.90000000E+00  1.19865694E+00  9.99983824E-01  1.19865694E+00
    90  9.00000000E+00  1.19977534E+00  9.99982884E-01  1.19977534E+00
    91  9.10000000E+00  1.20082310E+00  9.99981899E-01  1.20082310E+00
    92  9.20000000E+00  1.20180167E+00  9.99980866E-01  1.20180167E+00
    93  9.30000000E+00  1.20271333E+00  9.99979784E-01  1.20271333E+00
    94  9.40000000E+00  1.20356097E+00  9.99978651E-01  1.20356097E+00
    95  9.50000000E+00  1.20440476E+00  9.99977464E-01  1.20440476E+00
    96  9.60000000E+00  1.20551990E+00  9.99976224E-01  1.20551990E+00
    97  9.70000000E+00  1.20656798E+00  9.99974926E-01  1.20656798E+00
    98  9.80000000E+00  1.20755004E+00  9.99973571E-01  1.20755004E+00
    99  9.90000000E+00  1.20846771E+00  9.99972155E-01  1.20846771E+00
   100  1.00000000E+01  1.20932305E+00  9.99970677E-01  1.20932305E+00
   101  1.01000000E+01  1.21011848E+00  9.99969136E-01  1.21011848E+00
   102  1.02000000E+01  1.21085666E+00  9.99967529E-01  1.21085666E+00
   103  1.03000000E+01  1.21154045E+00  9.99965854E-01  1.21154045E+00
   104  1.04000000E+01  1.21222869E+00  9.99964109E-01  1.21222869E+00
   105  1.05000000E+01  1.21314077E+00  9.99962292E-01  1.21314077E+00
   106  1.06000000E+01  1.21399060E+00  9.99960402E-01  1.21399060E+00
   107  1.07000000E+01  1.21478064E+00  9.99958435E-01  1.21478064E+00
   108  1.08000000E+01  1.21551360E+00  9.99956389E-01  1.21551360E+00
   109  1.09000000E+01  1.21619238E+00  9.99954263E-01  1.21619238E+00
   110  1.10000000E+01  1.21682000E+00  9.99952055E-01  1.21682000E+00
   111  1.11000000E+01  1.21739950E+00  9.99949761E-01  1.21739950E+00
   112  1.12000000E+01  1.21793396E+00  9.99947381E-01  1.21793396E+00
   113  1.13000000E+01  1.21856990E+00  9.99944912E-01  1.21856990E+00
   114  1.14000000E+01  1.21930980E+00  9.99942353E-01  1.21930980E+00
   115  1.15000000E+01  1.21999531E+00  9.99939702E-01  1.21999531E+00
   116  1.16000000E+01  1.22062919E+00  9.99936957E-01  1.22062919E+00
   117  1.17000000E+01  1.22121431E+00  9.99934117E-01  1.22121431E+00
   118  1.18000000E+01  1.22175363E+00  9.99931180E-01  1.22175363E+00
   119  1.19000000E+01  1.22225013E+00  9.99928145E-01  1.22225013E+00
   120  1.20000000E+01  1.22270678E+00  9.99925011E-01  1.22270678E+00
   121  1.21000000E+01  1.22312651E+00  9.99921776E-01  1.22312651E+00
   122  1.22000000E+01  1.22365606E+00  9.99918440E-01  1.22365606E+00
   123  1.23000000E+01  1.22423720E+00  9.99915002E-01  1.22423720E+00
   124  1.24000000E+01  1.22477285E+00  9.99911461E-01  1.22477285E+00
   125  1.25000000E+01  1.22526603E+00  9.99907816E-01  1.22526603E+00
   126  1.26000000E+01  1.22571976E+00  9.99904068E-01  1.22571976E+00
   127  1.27000000E+01  1.22613700E+00  9.99900216E-01  1.22613700E+00
   128  1.28000000E+01  1.22652059E+00  9.99896261E-01  1.22652059E+00
   129  1.29000000E+01  1.22687329E+00  9.99892205E-01  1.22687329E+00
   130  1.30000000E+01  1.22719771E+00  9.99888047E-01  1.22719771E+00
   131  1.31000000E+01  1.22761616E+00  9.99883790E-01  1.22761616E+00
   132  1.32000000E+01  1.22807443E+00  9.99879437E-01  1.22807443E+00
   133  1.33000000E+01  1.22849534E+00  9.99874989E-01  1.22849534E+00
   134  1.34000000E+01  1.22888176E+00  9.99870452E-01  1.22888176E+00
   135  1.35000000E+01  1.22923645E+00  9.99865827E-01  1.22923645E+00
   136  1.36000000E+01  1.22956207E+00  9.99861120E-01  1.22956207E+00
   137  1.37000000E+01  1.22986113E+00  9.99856335E-01  1.22986113E+00
   138  1.38000000E+01  1.23013600E+00  9.99851478E-01  1.23013600E+00
   139  1.39000000E+01  1.23038888E+00  9.99846555E-01  1.23038888E+00
   140  1.40000000E+01  1.23062180E+00  9.99841572E-01  1.23062180E+00
   141  1.41000000E+01  1.23097068E+00  9.99836536E-01  1.23097068E+00
   142  1.42000000E+01  1.23129585E+00  9.99831454E-01  1.23129585E+00
   143  1.43000000E+01  1.23159480E+00  9.99826337E-01  1.23159480E+00
   144  1.44000000E+01  1.23186988E+00  9.99821192E-01  1.23186988E+00
   145  1.45000000E+01  1.23212326E+00  9.99816032E-01  1.23212326E+00
   146  1.46000000E+01  1.23235695E+00  9.99810867E-01  1.23235695E+00
   147  1.47000000E+01  1.23257279E+00  9.99805711E-01  1.23257279E+00
   148  1.48000000E+01  1.23277243E+00  9.99800578E-01  1.23277243E+00
   149  1.49000000E+01  1.23296436E+00  9.99795484E-01  1.23296436E+00
   150  1.50000000E+01  1.23324034E+00  9.99790446E-01  1.23324034E+00
   151  1.51000000E+01  1.23349394E+00  9.99785484E-01  1.23349394E+00
   152  1.52000000E+01  1.23372725E+00  9.99780619E-01  1.23372725E+00
   153  1.53000000E+01  1.23394218E+00  9.99775872E-01  1.23394218E+00
   154  1.54000000E+01  1.23414050E+00  9.99771269E-01  1.23414050E+00
   155  1.55000000E+01  1.23432378E+00  9.99766836E-01  1.23432378E+00
   156  1.56000000E+01  1.23449346E+00  9.99762602E-01  1.23449346E+00
   157  1.57000000E+01  1.23465080E+00  9.99758598E-01  1.23465080E+00
   158  1.58000000E+01  1.23479694E+00  9.99754857E-01  1.23479694E+00
   159  1.59000000E+01  1.23493288E+00  9.99751413E-01  1.23493288E+00
   160  1.60000000E+01  1.23510344E+00  9.99748307E-01  1.23510344E+00
   161  1.61000000E+01  1.23528848E+00  9.99745577E-01  1.23528848E+00
   162  1.62000000E+01  1.23546002E+00  9.99743269E-01  1.23546002E+00
   163  1.63000000E+01  1.23561931E+00  9.99741428E-01  1.23561931E+00
   164  1.64000000E+01  1.23576745E+00  9.99740105E-01  1.23576745E+00
   165  1.65000000E+01  1.23590541E+00  9.99739353E-01  1.23590541E+00
   166  1.66000000E+01  1.23603404E+00  9.99739229E-01  1.23603404E+00
   167  1.67000000E+01  1.23615410E+00  9.99739792E-01  1.23615410E+00
   168  1.68000000E+01  1.23626623E+00  9.99741108E-01  1.23626623E+00
   169  1.69000000E+01  1.23637782E+00  9.99743246E-01  1.23637782E+00
   170  1.70000000E+01  1.23652404E+00  9.99746276E-01  1.23652404E+00
   171  1.71000000E+01  1.23665996E+00  9.99750278E-01  1.23665996E+00
   172  1.72000000E+01  1.23678651E+00  9.99755332E-01  1.23678651E+00
   173  1.73000000E+01  1.23690449E+00  9.99761526E-01  1.23690449E+00
   174  1.74000000E+01  1.23701460E+00  9.99768950E-01  1.23701460E+00
   175  1.75000000E+01  1.23711744E+00  9.99777703E-01  1.23711744E+00
   176  1.76000000E+01  1.23721356E+00  9.99787888E-01  1.23721356E+00
   177  1.77000000E+01  1.23730340E+00  9.99799615E-01  1.23730340E+00
   178  1.78000000E+01  1.23738737E+00  9.99812998E-01  1.23738737E+00
   179  1.79000000E+01  1.23746584E+00  9.99828160E-01  1.23746584E+00
   180  1.80000000E+01  1.23753913E+00  9.99845233E-01  1.23753913E+00
   181  1.81000000E+01  1.23762151E+00  9.99864353E-01  1.23762151E+00
   182  1.82000000E+01  1.23771960E+00  9.99885667E-01  1.23771960E+00
   183  1.83000000E+01  1.23781132E+00  9.99909329E-01  1.23781132E+00
   184  1.84000000E+01  1.23789707E+00  9.99935504E-01  1.23789707E+00
   185  1.85000000E+01  1.23797719E+00  9.99964364E-01  1.23797719E+00
   186  1.86000000E+01  1.23805200E+00  9.99996091E-01  1.23805200E+00
   187  1.87000000E+01  1.23812179E+00  1.00003088E+00  1.23812179E+00
   188  1.88000000E+01  1.23818682E+00  1.00006893E+00  1.23818682E+00
   189  1.89000000E+01  1.23824733E+00  1.00011045E+00  1.23824733E+00
   190  1.90000000E+01  1.23830355E+00  1.00015568E+00  1.23830355E+00
   191  1.91000000E+01  1.23835570E+00  1.00020483E+00  1.23835570E+00
   192  1.92000000E+01  1.23842379E+00  1.00025816E+00  1.23842379E+00
   193  1.93000000E+01  1.23849252E+00  1.00031592E+00  1.23849252E+00
   194  1.94000000E+01  1.23855664E+00  1.00037838E+00  1.23855664E+00
   195  1.95000000E+01  1.23861637E+00  1.00044582E+00  1.23861637E+00
   196  1.96000000E+01  1.23867195E+00  1.00051853E+00  1.23867195E+00
   197  1.97000000E+01  1.23872358E+00  1.00059681E+00  1.23872358E+00
   198  1.98000000E+01  1.23877145E+00  1.00068099E+00  1.23877145E+00
   199  1.99000000E+01  1.23881576E+00  1.00077139E+00  1.23881576E+00
   200  2.00000000E+01  1.23885668E+00  1.00086839E+00  1.23885668E+00
   201  2.01000000E+01  1.23889441E+00  1.00097234E+00  1.23889441E+00
   202  2.02000000E+01  1.23892910E+00  1.00108363E+00  1.23892910E+00
   203  2.03000000E+01  1.23896243E+00  1.00120268E+00  1.23896243E+00
   204  2.04000000E+01  1.23901127E+00  1.00132993E+00  1.23901127E+00
   205  2.05000000E+01  1.23905645E+00  1.00146582E+00  1.23905645E+00
   206  2.06000000E+01  1.23909816E+00  1.00161083E+00  1.23909816E+00
   207  2.07000000E+01  1.23913657E+00  1.00176548E+00  1.23913657E+00
   208  2.08000000E+01  1.23917189E+00  1.00193028E+00  1.23917189E+00
   209  2.09000000E+01  1.23920429E+00  1.00210579E+00  1.23920429E+00
   210  2.10000000E+01  1.23923395E+00  1.00229258E+00  1.23923395E+00
   211  2.11000000E+01  1.23926105E+00  1.00249126E+00  1.23926105E+00
   212  2.12000000E+01  1.23928576E+00  1.00270245E+00  1.23928576E+00
   213  2.13000000E+01  1.23930824E+00  1.00292681E+00  1.23930824E+00
   214  2.14000000E+01  1.23933360E+00  1.00316501E+00  1.23933360E+00
   215  2.15000000E+01  1.23936597E+00  1.00341775E+00  1.23936597E+00
   216  2.16000000E+01  1.23939563E+00  1.00368575E+00  1.23939563E+00
   217  2.17000000E+01  1.23942276E+00  1.00396976E+00  1.23942276E+00
   218  2.18000000E+01  1.23944750E+00  1.00427055E+00  1.23944750E+00
   219  2.19000000E+01  1.23947003E+00  1.00458893E+00  1.23947003E+00
   220  2.20000000E+01  1.23949049E+00  1.00492571E+00  1.23949049E+00
   221  2.21000000E+01  1.23950905E+00  1.00528175E+00  1.23950905E+00
   222  2.22000000E+01  1.23952583E+00  1.00565791E+00  1.23952583E+00
   223  2.23000000E+01  1.23954099E+00  1.00605510E+00  1.23954099E+00
   224  2.24000000E+01  1.23955466E+00  1.00647424E+00  1.23955466E+00
   225  2.25000000E+01  1.23956695E+00  1.00691631E+00  1.23956695E+00
   226  2.26000000E+01  1.23958095E+00  1.00738227E+00  1.23958095E+00
   227  2.27000000E+01  1.23959983E+00  1.00787316E+00  1.23959983E+00
   228  2.28000000E+01  1.23961691E+00  1.00839002E+00  1.23961691E+00
   229  2.29000000E+01  1.23963234E+00  1.00893393E+00  1.23963234E+00
   230  2.30000000E+01  1.23964626E+00  1.00950600E+00  1.23964626E+00
   231  2.31000000E+01  1.23965880E+00  1.01010737E+00  1.23965880E+00
   232  2.32000000E+01  1.23967007E+00  1.01073922E+00  1.23967007E+00
   233  2.33000000E+01  1.23968019E+00  1.01140274E+00  1.23968019E+00
   234  2.34000000E+01  1.23968927E+00  1.01209917E+00  1.23968927E+00
   235  2.35000000E+01  1.23969741E+00  1.01282975E+00  1.23969741E+00
   236  2.36000000E+01  1.23970469E+00  1.01359576E+00  1.23970469E+00
   237  2.37000000E+01  1.23971121E+00  1.01439849E+00  1.23971121E+00
   238  2.38000000E+01  1.23971862E+00  1.01523927E+00  1.23971862E+00
   239  2.39000000E+01  1.23972874E+00  1.01611940E+00  1.23972874E+00
   240  2.40000000E+01  1.23973780E+00  1.01704022E+00  1.23973780E+00
   241  2.41000000E+01  1.23974589E+00  1.01800308E+00  1.23974589E+00
   242  2.42000000E+01  1.23975313E+00  1.01900930E+00  1.23975313E+00
   243  2.43000000E+01  1.23975958E+00  1.02006022E+00  1.23975958E+00
   244  2.44000000E+01  1.23976533E+00  1.02115716E+00  1.23976533E+00
   245  2.45000000E+01  1.23977046E+00  1.02230143E+00  1.23977046E+00
   246  2.46000000E+01  1.23977502E+00  1.02349431E+00  1.23977502E+00
   247  2.47000000E+01  1.23977907E+00  1.02473707E+00  1.23977907E+00
   248  2.48000000E+01  1.23978267E+00  1.02603094E+00  1.23978267E+00
   249  2.49000000E+01  1.23978587E+00  1.02737710E+00  1.23978587E+00
   250  2.50000000E+01  1.23978870E+00  1.02877671E+00  1.23978870E+00
   251  2.51000000E+01  1.23979121E+00  1.03023085E+00  1.23979121E+00
   252  2.52000000E+01  1.23979343E+00  1.03174056E+00  1.23979343E+00
   253  2.53000000E+01  1.23979539E+00  1.03330679E+00  1.23979539E+00
   254  2.54000000E+01  1.23979712E+00  1.03493045E+00  1.23979712E+00
   255  2.55000000E+01  1.23980029E+00  1.03661233E+00  1.23980029E+00
   256  2.56000000E+01  1.23980326E+00  1.03835313E+00  1.23980326E+00
   257  2.57000000E+01  1.23980589E+00  1.04015345E+00  1.23980589E+00
   258  2.58000000E+01  1.23980822E+00  1.04201378E+00  1.23980822E+00
   259  2.59000000E+01  1.23981029E+00  1.04393447E+00  1.23981029E+00
   260  2.60000000E+01  1.23981212E+00  1.04591574E+00  1.23981212E+00
   261  2.61000000E+01  1.23981373E+00  1.04795768E+00  1.23981373E+00
   262  2.62000000E+01  1.23981516E+00  1.05006022E+00  1.23981516E+00
   263  2.63000000E+01  1.23981640E+00  1.05222313E+00  1.23981640E+00
   264  2.64000000E+01  1.23981749E+00  1.05444603E+00  1.23981749E+00
   265  2.65000000E+01  1.23981844E+00  1.05672834E+00  1.23981844E+00
   266  2.66000000E+01  1.23981927E+00  1.05906935E+00  1.23981927E+00
   267  2.67000000E+01  1.23981998E+00  1.06146815E+00  1.23981998E+00
   268  2.68000000E+01  1.23982058E+00  1.06392366E+00  1.23982058E+00
   269  2.69000000E+01  1.23982109E+00  1.06643462E+00  1.23982109E+00
   270  2.70000000E+01  1.23982152E+00  1.06899962E+00  1.23982152E+00
   271  2.71000000E+01  1.23982187E+00  1.07161703E+00  1.23982187E+00
   272  2.72000000E+01  1.23982216E+00  1.07428510E+00  1.23982216E+00
   273  2.73000000E+01  1.23982238E+00  1.07700187E+00  1.23982238E+00
   274  2.74000000E+01  1.23982255E+00  1.07976523E+00  1.23982255E+00
   275  2.75000000E+01  1.23982267E+00  1.08257291E+00  1.23982267E+00
   276  2.76000000E+01  1.23982275E+00  1.08542246E+00  1.23982275E+00
   277  2.77000000E+01  1.23982279E+00  1.08831129E+00  1.23982279E+00
   278  2.78000000E+01  1.23982279E+00  1.09123664E+00  1.23982279E+00
   279  2.79000000E+01  1.23982277E+00  1.09419560E+00  1.23982277E+00
   280  2.80000000E+01  1.23982271E+00  1.09718511E+00  1.23982271E+00
   281  2.81000000E+01  1.23982264E+00  1.10020198E+00  1.23982264E+00
   282  2.82000000E+01  1.23982254E+00  1.10324286E+00  1.23982254E+00
   283  2.83000000E+01  1.23982243E+00  1.10630428E+00  1.23982243E+00
   284  2.84000000E+01  1.23982230E+00  1.10938266E+00  1.23982230E+00
   285  2.85000000E+01  1.23982216E+00  1.11247430E+00  1.23982216E+00
   286  2.86000000E+01  1.23982201E+00  1.11557540E+00  1.23982201E+00
   287  2.87000000E+01  1.23982186E+00  1.11868211E+00  1.23982186E+00
   288  2.88000000E+01  1.23982169E+00  1.12179052E+00  1.23982169E+00
   289  2.89000000E+01  1.23982152E+00  1.12489666E+00  1.23982152E+00
   290  2.90000000E+01  1.23982135E+00  1.12799661E+00  1.23982135E+00
   291  2.91000000E+01  1.23982117E+00  1.13108642E+00  1.23982117E+00
   292  2.92000000E+01  1.23982099E+00  1.13416224E+00  1.23982099E+00
   293  2.93000000E+01  1.23982081E+00  1.13722027E+00  1.23982081E+00
   294  2.94000000E+01  1.23982063E+00  1.14025687E+00  1.23982063E+00
   295  2.95000000E+01  1.23982046E+00  1.14326851E+00  1.23982046E+00
   296  2.96000000E+01  1.23982028E+00  1.14625186E+00  1.23982028E+00
   297  2.97000000E+01  1.23982011E+00  1.14920380E+00  1.23982011E+00
   298  2.98000000E+01  1.23981993E+00  1.15212143E+00  1.23981993E+00
   299  2.99000000E+01  1.23981977E+00  1.15500212E+00  1.23981977E+00
   300  3.00000000E+01  1.23981960E+00  1.15784349E+00  1.23981960E+00
   301  3.01000000E+01  1.23981944E+00  1.16064347E+00  1.23981944E+00
   302  3.02000000E+01  1.23981929E+00  1.16340024E+00  1.23981929E+00
   303  3.03000000E+01  1.23981913E+00  1.16611229E+00  1.23981913E+00
   304  3.04000000E+01  1.23981899E+00  1.16877836E+00  1.23981899E+00
   305  3.05000000E+01  1.23981884E+00  1.17139747E+00  1.23981884E+00
   306  3.06000000E+01  1.23981870E+00  1.17396888E+00  1.23981870E+00
   307  3.07000000E+01  1.23981857E+00  1.17649206E+00  1.23981857E+00
   308  3.08000000E+01  1.23981844E+00  1.17896666E+00  1.23981844E+00
   309  3.09000000E+01  1.23981832E+00  1.18139250E+00  1.23981832E+00
   310  3.10000000E+01  1.23981820E+00  1.18376951E+00  1.23981820E+00
   311  3.11000000E+01  1.23981808E+00  1.18609770E+00  1.23981808E+00
   312  3.12000000E+01  1.23981797E+00  1.18837713E+00  1.23981797E+00
   313  3.13000000E+01  1.23981787E+00  1.19060787E+00  1.23981787E+00
   314  3.14000000E+01  1.23981776E+00  1.19278996E+00  1.23981776E+00
   315  3.15000000E+01  1.23981767E+00  1.19492339E+00  1.23981767E+00
   316  3.16000000E+01  1.23981757E+00  1.19700807E+00  1.23981757E+00
   317  3.17000000E+01  1.23981748E+00  1.19904383E+00  1.23981748E+00
   318  3.18000000E+01  1.23981740E+00  1.20103035E+00  1.23981740E+00
   319  3.19000000E+01  1.23981732E+00  1.20296722E+00  1.23981732E+00
   320  3.20000000E+01  1.23981724E+00  1.20485390E+00  1.23981724E+00
   321  3.21000000E+01  1.23981717E+00  1.20668971E+00  1.23981717E+00
   322  3.22000000E+01  1.23981710E+00  1.20847388E+00  1.23981710E+00
   323  3.23000000E+01  1.23981703E+00  1.21020556E+00  1.23981703E+00
   324  3.24000000E+01  1.23981697E+00  1.21188381E+00  1.23981697E+00
   325  3.25000000E+01  1.23981691E+00  1.21350765E+00  1.23981691E+00
   326  3.26000000E+01  1.23981685E+00  1.21507610E+00  1.23981685E+00
   327  3.27000000E+01  1.23981680E+00  1.21658817E+00  1.23981680E+00
   328  3.28000000E+01  1.23981675E+00  1.21804294E+00  1.23981675E+00
   329  3.29000000E+01  1.23981670E+00  1.21943957E+00  1.23981670E+00
   330  3.30000000E+01  1.23981665E+00  1.22077735E+00  1.23981665E+00
   331  3.31000000E+01  1.23981661E+00  1.22205569E+00  1.23981661E+00
   332  3.32000000E+01  1.23981656E+00  1.22327420E+00  1.23981656E+00
   333  3.33000000E+01  1.23981653E+00  1.22443267E+00  1.23981653E+00
   334  3.34000000E+01  1.23981649E+00  1.22553114E+00  1.23981649E+00
   335  3.35000000E+01  1.23981645E+00  1.22656985E+00  1.23981645E+00
   336  3.36000000E+01  1.23981642E+00  1.22754932E+00  1.23981642E+00
   337  3.37000000E+01  1.23981639E+00  1.22847029E+00  1.23981639E+00
   338  3.38000000E+01  1.23981636E+00  1.22933378E+00  1.23981636E+00
   339  3.39000000E+01  1.23981633E+00  1.23014104E+00  1.23981633E+00
   340  3.40000000E+01  1.23981630E+00  1.23089357E+00  1.23981630E+00
   341  3.41000000E+01  1.23981628E+00  1.23159307E+00  1.23981628E+00
   342  3.42000000E+01  1.23981626E+00  1.23224145E+00  1.23981626E+00
   343  3.43000000E+01  1.23981623E+00  1.23284082E+00  1.23981623E+00
   344  3.44000000E+01  1.23981621E+00  1.23339340E+00  1.23981621E+00
   345  3.45000000E+01  1.23981619E+00  1.23390158E+00  1.23981619E+00
   346  3.46000000E+01  1.23981617E+00  1.23436782E+00  1.23981617E+00
   347  3.47000000E+01  1.23981616E+00  1.23479466E+00  1.23981616E+00
   348  3.48000000E+01  1.23981614E+00  1.23518467E+00  1.23981614E+00
   349  3.49000000E+01  1.23981612E+00  1.23554043E+00  1.23981612E+00
   350  3.50000000E+01  1.23981611E+00  1.23586450E+00  1.23981611E+00
   351  3.51000000E+01  1.23981610E+00  1.23615942E+00  1.23981610E+00
   352  3.52000000E+01  1.23981608E+00  1.23642762E+00  1.23981608E+00
   353  3.53000000E+01  1.23981607E+00  1.23667147E+00  1.23981607E+00
   354  3.54000000E+01  1.23981606E+00  1.23689323E+00  1.23981606E+00
   355  3.55000000E+01  1.23981605E+00  1.23709504E+00  1.23981605E+00
   356  3.56000000E+01  1.23981604E+00  1.23727890E+00  1.23981604E+00
   357  3.57000000E+01  1.23981603E+00  1.23744667E+00  1.23981603E+00
   358  3.58000000E+01  1.23981602E+00  1.23760007E+00  1.23981602E+00
   359  3.59000000E+01  1.23981601E+00  1.23774066E+00  1.23981601E+00
   360  3.60000000E+01  1.23981600E+00  1.23786987E+00  1.23981600E+00
   361  3.61000000E+01  1.23981600E+00  1.23798895E+00  1.23981600E+00
   362  3.62000000E+01  1.23981599E+00  1.23809905E+00  1.23981599E+00
   363  3.63000000E+01  1.23981598E+00  1.23820114E+00  1.23981598E+00
   364  3.64000000E+01  1.23981598E+00  1.23829611E+00  1.23981598E+00
   365  3.65000000E+01  1.23981597E+00  1.23838469E+00  1.23981597E+00
   366  3.66000000E+01  1.23981596E+00  1.23846752E+00  1.23981596E+00
   367  3.67000000E+01  1.23981596E+00  1.23854514E+00  1.23981596E+00
   368  3.68000000E+01  1.23981595E+00  1.23861802E+00  1.23981595E+00
   369  3.69000000E+01  1.23981595E+00  1.23868653E+00  1.23981595E+00
   370  3.70000000E+01  1.23981594E+00  1.23875098E+00  1.23981594E+00
   371  3.71000000E+01  1.23981594E+00  1.23881163E+00  1.23981594E+00
   372  3.72000000E+01  1.23981594E+00  1.23886871E+00  1.23981594E+00
   373  3.73000000E+01  1.23981593E+00  1.23892238E+00  1.23981593E+00
   374  3.74000000E+01  1.23981593E+00  1.23897280E+00  1.23981593E+00
   375  3.75000000E+01  1.23981593E+00  1.23902009E+00  1.23981593E+00
   376  3.76000000E+01  1.23981592E+00  1.23906438E+00  1.23981592E+00
   377  3.77000000E+01  1.23981592E+00  1.23910575E+00  1.23981592E+00
   378  3.78000000E+01  1.23981592E+00  1.23914431E+00  1.23981592E+00
   379  3.79000000E+01  1.23981591E+00  1.23918016E+00  1.23981591E+00
   380  3.80000000E+01  1.23981591E+00  1.23921338E+00  1.23981591E+00
   381  3.81000000E+01  1.23981591E+00  1.23924409E+00  1.23981591E+00
   382  3.82000000E+01  1.23981591E+00  1.23927236E+00  1.23981591E+00
   383  3.83000000E+01  1.23981591E+00  1.23929833E+00  1.23981591E+00
   384  3.84000000E+01  1.23981590E+00  1.23932208E+00  1.23981590E+00
   385  3.85000000E+01  1.23981590E+00  1.23934373E+00  1.23981590E+00
   386  3.86000000E+01  1.23981590E+00  1.23936341E+00  1.23981590E+00
   387  3.87000000E+01  1.23981590E+00  1.23938122E+00  1.23981590E+00
   388  3.88000000E+01  1.23981590E+00  1.23939729E+00  1.23981590E+00
   389  3.89000000E+01  1.23981590E+00  1.23941174E+00  1.23981590E+00
   390  3.90000000E+01  1.23981589E+00  1.23942469E+00  1.23981589E+00
   391  3.91000000E+01  1.23981589E+00  1.23943626E+00  1.23981589E+00
   392  3.92000000E+01  1.23981589E+00  1.23944655E+00  1.23981589E+00
   393  3.93000000E+01  1.23981589E+00  1.23945569E+00  1.23981589E+00
   394  3.94000000E+01  1.23981589E+00  1.23946378E+00  1.23981589E+00
   395  3.95000000E+01  1.23981589E+00  1.23947092E+00  1.23981589E+00
   396  3.96000000E+01  1.23981589E+00  1.23947721E+00  1.23981589E+00
   397  3.97000000E+01  1.23981589E+00  1.23948274E+00  1.23981589E+00
   398  3.98000000E+01  1.23981589E+00  1.23948759E+00  1.23981589E+00
   399  3.99000000E+01  1.23981588E+00  1.23949183E+00  1.23981588E+00
   400  4.00000000E+01  1.23981588E+00  1.23949554E+00  1.23981588E+00
   401  4.01000000E+01  1.23981588E+00  1.23949879E+00  1.23981588E+00
   402  4.02000000E+01  1.23981588E+00  1.23950162E+00  1.23981588E+00
 steady-height stop at step    402: changes <=   1.0000E-05, max-end <=   5.0000E-03, max/end/gap/profile_change =   1.23981588E+00  1.23950162E+00  3.14259119E-04  2.83438859E-06
