 dx_box  0.20000000000000001      dx_wall   2.5000000000000001E-002
 comppar: model =   2
 comppar: lambda,mobility/eps,betav,eta_0 =  1.0000E+00  0.0000E+00  1.1111E-01  1.0000E+00
 comppar: eta_s,eta_p,G =  1.1111E-01  8.8889E-01  8.8889E-01
 comppar: U_avg,deltat,flowrate,nsteps =  1.2500E-01  2.0000E-01  3.9270E-01    1000
 comppar: geometry = axisymmetric
 comppar: steady stop change,gap,hold,min =  1.0000E-05  5.0000E-03      10      80
 comppar: ncompc,ncompg =     4     5
 mesh nnodes = 11721
 mesh nelem = 5776
 P1 BC   5.0000000000000000     
 P2 BC   0.0000000000000000     
     1  2.00000000E-01  1.00315244E+00  1.00000000E+00  1.00315244E+00
     2  4.00000000E-01  1.00617580E+00  1.00000000E+00  1.00617580E+00
     3  6.00000000E-01  1.00904334E+00  1.00000000E+00  1.00904334E+00
     4  8.00000000E-01  1.01183142E+00  1.00000000E+00  1.01183142E+00
     5  1.00000000E+00  1.01456756E+00  1.00000000E+00  1.01456756E+00
     6  1.20000000E+00  1.01727813E+00  1.00000000E+00  1.01727813E+00
     7  1.40000000E+00  1.01997662E+00  1.00000000E+00  1.01997662E+00
     8  1.60000000E+00  1.02267754E+00  1.00000000E+00  1.02267754E+00
     9  1.80000000E+00  1.02535596E+00  1.00000001E+00  1.02535596E+00
    10  2.00000000E+00  1.02804028E+00  1.00000001E+00  1.02804028E+00
    11  2.20000000E+00  1.03068890E+00  1.00000001E+00  1.03068890E+00
    12  2.40000000E+00  1.03330920E+00  1.00000001E+00  1.03330920E+00
    13  2.60000000E+00  1.03595334E+00  1.00000001E+00  1.03595334E+00
    14  2.80000000E+00  1.03853941E+00  1.00000001E+00  1.03853941E+00
    15  3.00000000E+00  1.04110393E+00  1.00000001E+00  1.04110393E+00
    16  3.20000000E+00  1.04367838E+00  1.00000001E+00  1.04367838E+00
    17  3.40000000E+00  1.04618336E+00  1.00000000E+00  1.04618336E+00
    18  3.60000000E+00  1.04861114E+00  1.00000000E+00  1.04861114E+00
    19  3.80000000E+00  1.05106678E+00  9.99999999E-01  1.05106678E+00
    20  4.00000000E+00  1.05352317E+00  9.99999995E-01  1.05352317E+00
    21  4.20000000E+00  1.05589915E+00  9.99999990E-01  1.05589915E+00
    22  4.40000000E+00  1.05818830E+00  9.99999984E-01  1.05818830E+00
    23  4.60000000E+00  1.06051177E+00  9.99999977E-01  1.06051177E+00
    24  4.80000000E+00  1.06282947E+00  9.99999969E-01  1.06282947E+00
    25  5.00000000E+00  1.06505805E+00  9.99999959E-01  1.06505805E+00
    26  5.20000000E+00  1.06719240E+00  9.99999947E-01  1.06719240E+00
    27  5.40000000E+00  1.06922809E+00  9.99999934E-01  1.06922809E+00
    28  5.60000000E+00  1.07135748E+00  9.99999919E-01  1.07135748E+00
    29  5.80000000E+00  1.07351072E+00  9.99999902E-01  1.07351072E+00
    30  6.00000000E+00  1.07556925E+00  9.99999883E-01  1.07556925E+00
    31  6.20000000E+00  1.07752915E+00  9.99999861E-01  1.07752915E+00
    32  6.40000000E+00  1.07938728E+00  9.99999837E-01  1.07938728E+00
    33  6.60000000E+00  1.08129754E+00  9.99999810E-01  1.08129754E+00
    34  6.80000000E+00  1.08327954E+00  9.99999780E-01  1.08327954E+00
    35  7.00000000E+00  1.08516238E+00  9.99999746E-01  1.08516238E+00
    36  7.20000000E+00  1.08694334E+00  9.99999709E-01  1.08694334E+00
    37  7.40000000E+00  1.08862054E+00  9.99999668E-01  1.08862054E+00
    38  7.60000000E+00  1.09019306E+00  9.99999623E-01  1.09019306E+00
    39  7.80000000E+00  1.09166102E+00  9.99999573E-01  1.09166102E+00
    40  8.00000000E+00  1.09346714E+00  9.99999519E-01  1.09346714E+00
    41  8.20000000E+00  1.09519547E+00  9.99999459E-01  1.09519547E+00
    42  8.40000000E+00  1.09682217E+00  9.99999393E-01  1.09682217E+00
    43  8.60000000E+00  1.09834663E+00  9.99999322E-01  1.09834663E+00
    44  8.80000000E+00  1.09976926E+00  9.99999244E-01  1.09976926E+00
    45  9.00000000E+00  1.10109163E+00  9.99999159E-01  1.10109163E+00
    46  9.20000000E+00  1.10238289E+00  9.99999067E-01  1.10238289E+00
    47  9.40000000E+00  1.10395483E+00  9.99998966E-01  1.10395483E+00
    48  9.60000000E+00  1.10542500E+00  9.99998858E-01  1.10542500E+00
    49  9.80000000E+00  1.10679400E+00  9.99998740E-01  1.10679400E+00
    50  1.00000000E+01  1.10806357E+00  9.99998613E-01  1.10806357E+00
    51  1.02000000E+01  1.10923676E+00  9.99998476E-01  1.10923676E+00
    52  1.04000000E+01  1.11031796E+00  9.99998328E-01  1.11031796E+00
    53  1.06000000E+01  1.11131288E+00  9.99998169E-01  1.11131288E+00
    54  1.08000000E+01  1.11255245E+00  9.99997997E-01  1.11255245E+00
    55  1.10000000E+01  1.11384237E+00  9.99997813E-01  1.11384237E+00
    56  1.12000000E+01  1.11503746E+00  9.99997614E-01  1.11503746E+00
    57  1.14000000E+01  1.11614189E+00  9.99997402E-01  1.11614189E+00
    58  1.16000000E+01  1.11716099E+00  9.99997174E-01  1.11716099E+00
    59  1.18000000E+01  1.11810113E+00  9.99996930E-01  1.11810113E+00
    60  1.20000000E+01  1.11896934E+00  9.99996668E-01  1.11896934E+00
    61  1.22000000E+01  1.11977298E+00  9.99996389E-01  1.11977298E+00
    62  1.24000000E+01  1.12084545E+00  9.99996090E-01  1.12084545E+00
    63  1.26000000E+01  1.12186643E+00  9.99995771E-01  1.12186643E+00
    64  1.28000000E+01  1.12280766E+00  9.99995430E-01  1.12280766E+00
    65  1.30000000E+01  1.12367685E+00  9.99995067E-01  1.12367685E+00
    66  1.32000000E+01  1.12448206E+00  9.99994680E-01  1.12448206E+00
    67  1.34000000E+01  1.12523107E+00  9.99994268E-01  1.12523107E+00
    68  1.36000000E+01  1.12593085E+00  9.99993830E-01  1.12593085E+00
    69  1.38000000E+01  1.12658697E+00  9.99993364E-01  1.12658697E+00
    70  1.40000000E+01  1.12742238E+00  9.99992870E-01  1.12742238E+00
    71  1.42000000E+01  1.12825141E+00  9.99992345E-01  1.12825141E+00
    72  1.44000000E+01  1.12902106E+00  9.99991789E-01  1.12902106E+00
    73  1.46000000E+01  1.12973722E+00  9.99991199E-01  1.12973722E+00
    74  1.48000000E+01  1.13040479E+00  9.99990574E-01  1.13040479E+00
    75  1.50000000E+01  1.13102752E+00  9.99989912E-01  1.13102752E+00
    76  1.52000000E+01  1.13160801E+00  9.99989212E-01  1.13160801E+00
    77  1.54000000E+01  1.13214786E+00  9.99988471E-01  1.13214786E+00
    78  1.56000000E+01  1.13266441E+00  9.99987689E-01  1.13266441E+00
    79  1.58000000E+01  1.13333907E+00  9.99986862E-01  1.13333907E+00
    80  1.60000000E+01  1.13396983E+00  9.99985989E-01  1.13396983E+00
    81  1.62000000E+01  1.13455909E+00  9.99985067E-01  1.13455909E+00
    82  1.64000000E+01  1.13510818E+00  9.99984096E-01  1.13510818E+00
    83  1.66000000E+01  1.13561763E+00  9.99983072E-01  1.13561763E+00
    84  1.68000000E+01  1.13608750E+00  9.99981993E-01  1.13608750E+00
    85  1.70000000E+01  1.13651766E+00  9.99980858E-01  1.13651766E+00
    86  1.72000000E+01  1.13692610E+00  9.99979664E-01  1.13692610E+00
    87  1.74000000E+01  1.13747630E+00  9.99978409E-01  1.13747630E+00
    88  1.76000000E+01  1.13798503E+00  9.99977091E-01  1.13798503E+00
    89  1.78000000E+01  1.13845341E+00  9.99975709E-01  1.13845341E+00
    90  1.80000000E+01  1.13888228E+00  9.99974259E-01  1.13888228E+00
    91  1.82000000E+01  1.13927241E+00  9.99972740E-01  1.13927241E+00
    92  1.84000000E+01  1.13962468E+00  9.99971150E-01  1.13962468E+00
    93  1.86000000E+01  1.13994015E+00  9.99969487E-01  1.13994015E+00
    94  1.88000000E+01  1.14022706E+00  9.99967747E-01  1.14022706E+00
    95  1.90000000E+01  1.14066538E+00  9.99965930E-01  1.14066538E+00
    96  1.92000000E+01  1.14106461E+00  9.99964033E-01  1.14106461E+00
    97  1.94000000E+01  1.14142545E+00  9.99962053E-01  1.14142545E+00
    98  1.96000000E+01  1.14174886E+00  9.99959988E-01  1.14174886E+00
    99  1.98000000E+01  1.14203611E+00  9.99957836E-01  1.14203611E+00
   100  2.00000000E+01  1.14228885E+00  9.99955596E-01  1.14228885E+00
   101  2.02000000E+01  1.14250907E+00  9.99953265E-01  1.14250907E+00
   102  2.04000000E+01  1.14279659E+00  9.99950842E-01  1.14279659E+00
   103  2.06000000E+01  1.14312318E+00  9.99948326E-01  1.14312318E+00
   104  2.08000000E+01  1.14341471E+00  9.99945715E-01  1.14341471E+00
   105  2.10000000E+01  1.14367276E+00  9.99943009E-01  1.14367276E+00
   106  2.12000000E+01  1.14389915E+00  9.99940207E-01  1.14389915E+00
   107  2.14000000E+01  1.14409591E+00  9.99937308E-01  1.14409591E+00
   108  2.16000000E+01  1.14426530E+00  9.99934313E-01  1.14426530E+00
   109  2.18000000E+01  1.14440972E+00  9.99931220E-01  1.14440972E+00
   110  2.20000000E+01  1.14467106E+00  9.99928032E-01  1.14467106E+00
   111  2.22000000E+01  1.14490399E+00  9.99924748E-01  1.14490399E+00
   112  2.24000000E+01  1.14510653E+00  9.99921370E-01  1.14510653E+00
   113  2.26000000E+01  1.14528095E+00  9.99917900E-01  1.14528095E+00
   114  2.28000000E+01  1.14542970E+00  9.99914339E-01  1.14542970E+00
   115  2.30000000E+01  1.14555537E+00  9.99910693E-01  1.14555537E+00
   116  2.32000000E+01  1.14566059E+00  9.99906963E-01  1.14566059E+00
   117  2.34000000E+01  1.14586383E+00  9.99903155E-01  1.14586383E+00
   118  2.36000000E+01  1.14604481E+00  9.99899276E-01  1.14604481E+00
   119  2.38000000E+01  1.14620018E+00  9.99895330E-01  1.14620018E+00
   120  2.40000000E+01  1.14633226E+00  9.99891326E-01  1.14633226E+00
   121  2.42000000E+01  1.14644343E+00  9.99887272E-01  1.14644343E+00
   122  2.44000000E+01  1.14653611E+00  9.99883177E-01  1.14653611E+00
   123  2.46000000E+01  1.14661266E+00  9.99879051E-01  1.14661266E+00
   124  2.48000000E+01  1.14672316E+00  9.99874905E-01  1.14672316E+00
   125  2.50000000E+01  1.14685970E+00  9.99870752E-01  1.14685970E+00
   126  2.52000000E+01  1.14697474E+00  9.99866606E-01  1.14697474E+00
   127  2.54000000E+01  1.14707075E+00  9.99862481E-01  1.14707075E+00
   128  2.56000000E+01  1.14715021E+00  9.99858394E-01  1.14715021E+00
   129  2.58000000E+01  1.14721547E+00  9.99854365E-01  1.14721547E+00
   130  2.60000000E+01  1.14726875E+00  9.99850413E-01  1.14726875E+00
   131  2.62000000E+01  1.14737535E+00  9.99846562E-01  1.14737535E+00
   132  2.64000000E+01  1.14747684E+00  9.99842837E-01  1.14747684E+00
   133  2.66000000E+01  1.14756111E+00  9.99839266E-01  1.14756111E+00
   134  2.68000000E+01  1.14763041E+00  9.99835881E-01  1.14763041E+00
   135  2.70000000E+01  1.14768689E+00  9.99832715E-01  1.14768689E+00
   136  2.72000000E+01  1.14773257E+00  9.99829805E-01  1.14773257E+00
   137  2.74000000E+01  1.14776931E+00  9.99827192E-01  1.14776931E+00
   138  2.76000000E+01  1.14780657E+00  9.99824918E-01  1.14780657E+00
   139  2.78000000E+01  1.14787884E+00  9.99823033E-01  1.14787884E+00
   140  2.80000000E+01  1.14793794E+00  9.99821586E-01  1.14793794E+00
   141  2.82000000E+01  1.14798595E+00  9.99820633E-01  1.14798595E+00
   142  2.84000000E+01  1.14802479E+00  9.99820233E-01  1.14802479E+00
   143  2.86000000E+01  1.14805620E+00  9.99820450E-01  1.14805620E+00
   144  2.88000000E+01  1.14808170E+00  9.99821353E-01  1.14808170E+00
   145  2.90000000E+01  1.14813603E+00  9.99823016E-01  1.14813603E+00
   146  2.92000000E+01  1.14818688E+00  9.99825519E-01  1.14818688E+00
   147  2.94000000E+01  1.14822774E+00  9.99828945E-01  1.14822774E+00
   148  2.96000000E+01  1.14826037E+00  9.99833388E-01  1.14826037E+00
   149  2.98000000E+01  1.14828635E+00  9.99838944E-01  1.14828635E+00
   150  3.00000000E+01  1.14830704E+00  9.99845719E-01  1.14830704E+00
   151  3.02000000E+01  1.14832365E+00  9.99853824E-01  1.14832365E+00
   152  3.04000000E+01  1.14833718E+00  9.99863379E-01  1.14833718E+00
   153  3.06000000E+01  1.14835516E+00  9.99874511E-01  1.14835516E+00
   154  3.08000000E+01  1.14838306E+00  9.99887358E-01  1.14838306E+00
   155  3.10000000E+01  1.14840556E+00  9.99902063E-01  1.14840556E+00
   156  3.12000000E+01  1.14842387E+00  9.99918782E-01  1.14842387E+00
   157  3.14000000E+01  1.14843902E+00  9.99937681E-01  1.14843902E+00
   158  3.16000000E+01  1.14845184E+00  9.99958935E-01  1.14845184E+00
   159  3.18000000E+01  1.14847160E+00  9.99982731E-01  1.14847160E+00
   160  3.20000000E+01  1.14849442E+00  1.00000927E+00  1.14849442E+00
   161  3.22000000E+01  1.14851245E+00  1.00003876E+00  1.14851245E+00
   162  3.24000000E+01  1.14852679E+00  1.00007144E+00  1.14852679E+00
   163  3.26000000E+01  1.14853838E+00  1.00010753E+00  1.14853838E+00
   164  3.28000000E+01  1.14854799E+00  1.00014730E+00  1.14854799E+00
   165  3.30000000E+01  1.14855623E+00  1.00019101E+00  1.14855623E+00
   166  3.32000000E+01  1.14856354E+00  1.00023895E+00  1.14856354E+00
   167  3.34000000E+01  1.14857027E+00  1.00029142E+00  1.14857027E+00
   168  3.36000000E+01  1.14857664E+00  1.00034873E+00  1.14857664E+00
   169  3.38000000E+01  1.14858279E+00  1.00041121E+00  1.14858279E+00
   170  3.40000000E+01  1.14858880E+00  1.00047923E+00  1.14858880E+00
   171  3.42000000E+01  1.14859467E+00  1.00055315E+00  1.14859467E+00
   172  3.44000000E+01  1.14860039E+00  1.00063336E+00  1.14860039E+00
   173  3.46000000E+01  1.14860592E+00  1.00072027E+00  1.14860592E+00
   174  3.48000000E+01  1.14861122E+00  1.00081433E+00  1.14861122E+00
   175  3.50000000E+01  1.14861753E+00  1.00091598E+00  1.14861753E+00
   176  3.52000000E+01  1.14862442E+00  1.00102571E+00  1.14862442E+00
   177  3.54000000E+01  1.14863108E+00  1.00114403E+00  1.14863108E+00
   178  3.56000000E+01  1.14863746E+00  1.00127148E+00  1.14863746E+00
   179  3.58000000E+01  1.14864352E+00  1.00140862E+00  1.14864352E+00
   180  3.60000000E+01  1.14864919E+00  1.00155606E+00  1.14864919E+00
   181  3.62000000E+01  1.14865444E+00  1.00171441E+00  1.14865444E+00
   182  3.64000000E+01  1.14865924E+00  1.00188433E+00  1.14865924E+00
   183  3.66000000E+01  1.14866355E+00  1.00206654E+00  1.14866355E+00
   184  3.68000000E+01  1.14866738E+00  1.00226175E+00  1.14866738E+00
   185  3.70000000E+01  1.14867073E+00  1.00247073E+00  1.14867073E+00
   186  3.72000000E+01  1.14867361E+00  1.00269429E+00  1.14867361E+00
   187  3.74000000E+01  1.14867606E+00  1.00293325E+00  1.14867606E+00
   188  3.76000000E+01  1.14867811E+00  1.00318849E+00  1.14867811E+00
   189  3.78000000E+01  1.14867980E+00  1.00346091E+00  1.14867980E+00
   190  3.80000000E+01  1.14868253E+00  1.00375145E+00  1.14868253E+00
   191  3.82000000E+01  1.14868550E+00  1.00406108E+00  1.14868550E+00
   192  3.84000000E+01  1.14868807E+00  1.00439080E+00  1.14868807E+00
   193  3.86000000E+01  1.14869027E+00  1.00474165E+00  1.14869027E+00
   194  3.88000000E+01  1.14869211E+00  1.00511468E+00  1.14869211E+00
   195  3.90000000E+01  1.14869363E+00  1.00551100E+00  1.14869363E+00
   196  3.92000000E+01  1.14869485E+00  1.00593173E+00  1.14869485E+00
   197  3.94000000E+01  1.14869582E+00  1.00637804E+00  1.14869582E+00
   198  3.96000000E+01  1.14869656E+00  1.00685111E+00  1.14869656E+00
   199  3.98000000E+01  1.14869712E+00  1.00735218E+00  1.14869712E+00
   200  4.00000000E+01  1.14869752E+00  1.00788251E+00  1.14869752E+00
   201  4.02000000E+01  1.14869780E+00  1.00844340E+00  1.14869780E+00
   202  4.04000000E+01  1.14869798E+00  1.00903620E+00  1.14869798E+00
   203  4.06000000E+01  1.14869808E+00  1.00966226E+00  1.14869808E+00
   204  4.08000000E+01  1.14869812E+00  1.01032300E+00  1.14869812E+00
   205  4.10000000E+01  1.14869812E+00  1.01101983E+00  1.14869812E+00
   206  4.12000000E+01  1.14869808E+00  1.01175422E+00  1.14869808E+00
   207  4.14000000E+01  1.14869802E+00  1.01252764E+00  1.14869802E+00
   208  4.16000000E+01  1.14869794E+00  1.01334156E+00  1.14869794E+00
   209  4.18000000E+01  1.14869785E+00  1.01419749E+00  1.14869785E+00
   210  4.20000000E+01  1.14869775E+00  1.01509692E+00  1.14869775E+00
   211  4.22000000E+01  1.14869764E+00  1.01604133E+00  1.14869764E+00
   212  4.24000000E+01  1.14869753E+00  1.01703219E+00  1.14869753E+00
   213  4.26000000E+01  1.14869741E+00  1.01807095E+00  1.14869741E+00
   214  4.28000000E+01  1.14869729E+00  1.01915904E+00  1.14869729E+00
   215  4.30000000E+01  1.14869716E+00  1.02029783E+00  1.14869716E+00
   216  4.32000000E+01  1.14869703E+00  1.02148868E+00  1.14869703E+00
   217  4.34000000E+01  1.14869690E+00  1.02273288E+00  1.14869690E+00
   218  4.36000000E+01  1.14869676E+00  1.02403166E+00  1.14869676E+00
   219  4.38000000E+01  1.14869662E+00  1.02538617E+00  1.14869662E+00
   220  4.40000000E+01  1.14869648E+00  1.02679751E+00  1.14869648E+00
   221  4.42000000E+01  1.14869634E+00  1.02826664E+00  1.14869634E+00
   222  4.44000000E+01  1.14869620E+00  1.02979442E+00  1.14869620E+00
   223  4.46000000E+01  1.14869606E+00  1.03138159E+00  1.14869606E+00
   224  4.48000000E+01  1.14869593E+00  1.03302871E+00  1.14869593E+00
   225  4.50000000E+01  1.14869579E+00  1.03473621E+00  1.14869579E+00
   226  4.52000000E+01  1.14869566E+00  1.03650429E+00  1.14869566E+00
   227  4.54000000E+01  1.14869553E+00  1.03833297E+00  1.14869553E+00
   228  4.56000000E+01  1.14869541E+00  1.04022201E+00  1.14869541E+00
   229  4.58000000E+01  1.14869529E+00  1.04217097E+00  1.14869529E+00
   230  4.60000000E+01  1.14869517E+00  1.04417913E+00  1.14869517E+00
   231  4.62000000E+01  1.14869506E+00  1.04624550E+00  1.14869506E+00
   232  4.64000000E+01  1.14869496E+00  1.04836886E+00  1.14869496E+00
   233  4.66000000E+01  1.14869486E+00  1.05054767E+00  1.14869486E+00
   234  4.68000000E+01  1.14869477E+00  1.05278018E+00  1.14869477E+00
   235  4.70000000E+01  1.14869468E+00  1.05506431E+00  1.14869468E+00
   236  4.72000000E+01  1.14869459E+00  1.05739776E+00  1.14869459E+00
   237  4.74000000E+01  1.14869451E+00  1.05977797E+00  1.14869451E+00
   238  4.76000000E+01  1.14869444E+00  1.06220211E+00  1.14869444E+00
   239  4.78000000E+01  1.14869437E+00  1.06466710E+00  1.14869437E+00
   240  4.80000000E+01  1.14869430E+00  1.06716964E+00  1.14869430E+00
   241  4.82000000E+01  1.14869424E+00  1.06970615E+00  1.14869424E+00
   242  4.84000000E+01  1.14869418E+00  1.07227282E+00  1.14869418E+00
   243  4.86000000E+01  1.14869413E+00  1.07486555E+00  1.14869413E+00
   244  4.88000000E+01  1.14869408E+00  1.07748002E+00  1.14869408E+00
   245  4.90000000E+01  1.14869403E+00  1.08011162E+00  1.14869403E+00
   246  4.92000000E+01  1.14869398E+00  1.08275544E+00  1.14869398E+00
   247  4.94000000E+01  1.14869394E+00  1.08540634E+00  1.14869394E+00
   248  4.96000000E+01  1.14869390E+00  1.08805887E+00  1.14869390E+00
   249  4.98000000E+01  1.14869387E+00  1.09070732E+00  1.14869387E+00
   250  5.00000000E+01  1.14869383E+00  1.09334576E+00  1.14869383E+00
   251  5.02000000E+01  1.14869380E+00  1.09596801E+00  1.14869380E+00
   252  5.04000000E+01  1.14869377E+00  1.09856773E+00  1.14869377E+00
   253  5.06000000E+01  1.14869374E+00  1.10113843E+00  1.14869374E+00
   254  5.08000000E+01  1.14869372E+00  1.10367356E+00  1.14869372E+00
   255  5.10000000E+01  1.14869369E+00  1.10616658E+00  1.14869369E+00
   256  5.12000000E+01  1.14869367E+00  1.10861101E+00  1.14869367E+00
   257  5.14000000E+01  1.14869365E+00  1.11100054E+00  1.14869365E+00
   258  5.16000000E+01  1.14869363E+00  1.11332912E+00  1.14869363E+00
   259  5.18000000E+01  1.14869362E+00  1.11559102E+00  1.14869362E+00
   260  5.20000000E+01  1.14869360E+00  1.11778096E+00  1.14869360E+00
   261  5.22000000E+01  1.14869359E+00  1.11989416E+00  1.14869359E+00
   262  5.24000000E+01  1.14869357E+00  1.12192643E+00  1.14869357E+00
   263  5.26000000E+01  1.14869356E+00  1.12387422E+00  1.14869356E+00
   264  5.28000000E+01  1.14869355E+00  1.12573469E+00  1.14869355E+00
   265  5.30000000E+01  1.14869354E+00  1.12750569E+00  1.14869354E+00
   266  5.32000000E+01  1.14869353E+00  1.12918585E+00  1.14869353E+00
   267  5.34000000E+01  1.14869352E+00  1.13077452E+00  1.14869352E+00
   268  5.36000000E+01  1.14869351E+00  1.13227178E+00  1.14869351E+00
   269  5.38000000E+01  1.14869350E+00  1.13367839E+00  1.14869350E+00
   270  5.40000000E+01  1.14869350E+00  1.13499577E+00  1.14869350E+00
   271  5.42000000E+01  1.14869349E+00  1.13622587E+00  1.14869349E+00
   272  5.44000000E+01  1.14869348E+00  1.13737120E+00  1.14869348E+00
   273  5.46000000E+01  1.14869348E+00  1.13843465E+00  1.14869348E+00
   274  5.48000000E+01  1.14869347E+00  1.13941950E+00  1.14869347E+00
   275  5.50000000E+01  1.14869347E+00  1.14032925E+00  1.14869347E+00
   276  5.52000000E+01  1.14869346E+00  1.14116762E+00  1.14869346E+00
   277  5.54000000E+01  1.14869346E+00  1.14193842E+00  1.14869346E+00
   278  5.56000000E+01  1.14869346E+00  1.14264549E+00  1.14869346E+00
   279  5.58000000E+01  1.14869345E+00  1.14329266E+00  1.14869345E+00
   280  5.60000000E+01  1.14869345E+00  1.14388368E+00  1.14869345E+00
   281  5.62000000E+01  1.14869345E+00  1.14442221E+00  1.14869345E+00
   282  5.64000000E+01  1.14869344E+00  1.14491171E+00  1.14869344E+00
   283  5.66000000E+01  1.14869344E+00  1.14535554E+00  1.14869344E+00
   284  5.68000000E+01  1.14869344E+00  1.14575683E+00  1.14869344E+00
   285  5.70000000E+01  1.14869344E+00  1.14611856E+00  1.14869344E+00
   286  5.72000000E+01  1.14869344E+00  1.14644353E+00  1.14869344E+00
   287  5.74000000E+01  1.14869343E+00  1.14673436E+00  1.14869343E+00
   288  5.76000000E+01  1.14869343E+00  1.14699354E+00  1.14869343E+00
   289  5.78000000E+01  1.14869343E+00  1.14722340E+00  1.14869343E+00
   290  5.80000000E+01  1.14869343E+00  1.14742616E+00  1.14869343E+00
   291  5.82000000E+01  1.14869343E+00  1.14760393E+00  1.14869343E+00
   292  5.84000000E+01  1.14869343E+00  1.14775874E+00  1.14869343E+00
   293  5.86000000E+01  1.14869343E+00  1.14789252E+00  1.14869343E+00
   294  5.88000000E+01  1.14869343E+00  1.14800714E+00  1.14869343E+00
   295  5.90000000E+01  1.14869343E+00  1.14810440E+00  1.14869343E+00
   296  5.92000000E+01  1.14869342E+00  1.14818605E+00  1.14869342E+00
   297  5.94000000E+01  1.14869342E+00  1.14825374E+00  1.14869342E+00
   298  5.96000000E+01  1.14869342E+00  1.14830910E+00  1.14869342E+00
   299  5.98000000E+01  1.14869342E+00  1.14835367E+00  1.14869342E+00
   300  6.00000000E+01  1.14869342E+00  1.14838888E+00  1.14869342E+00
   301  6.02000000E+01  1.14869342E+00  1.14841613E+00  1.14869342E+00
   302  6.04000000E+01  1.14869342E+00  1.14843669E+00  1.14869342E+00
   303  6.06000000E+01  1.14869342E+00  1.14845173E+00  1.14869342E+00
   304  6.08000000E+01  1.14869342E+00  1.14846233E+00  1.14869342E+00
   305  6.10000000E+01  1.14869342E+00  1.14846945E+00  1.14869342E+00
   306  6.12000000E+01  1.14869342E+00  1.14847394E+00  1.14869342E+00
   307  6.14000000E+01  1.14869342E+00  1.14847654E+00  1.14869342E+00
   308  6.16000000E+01  1.14869342E+00  1.14847787E+00  1.14869342E+00
   309  6.18000000E+01  1.14869342E+00  1.14847845E+00  1.14869342E+00
   310  6.20000000E+01  1.14869342E+00  1.14847869E+00  1.14869342E+00
   311  6.22000000E+01  1.14869342E+00  1.14847890E+00  1.14869342E+00
   312  6.24000000E+01  1.14869342E+00  1.14847933E+00  1.14869342E+00
   313  6.26000000E+01  1.14869342E+00  1.14848012E+00  1.14869342E+00
   314  6.28000000E+01  1.14869342E+00  1.14848137E+00  1.14869342E+00
 steady-height stop at step    314: changes <=   1.0000E-05, max-end <=   5.0000E-03, max/end/gap/profile_change =   1.14869342E+00  1.14848137E+00  2.12050209E-04  3.26189531E-06
