 dx_box  0.20000000000000001      dx_wall  0.20000000000000001     
 comppar: model =   2
 comppar: lambda,mobility/eps,betav,eta_0 =  1.0000E+00  0.0000E+00  1.1111E-01  1.0000E+00
 comppar: eta_s,eta_p,G =  1.1111E-01  8.8889E-01  8.8889E-01
 comppar: U_avg,deltat,flowrate,nsteps =  1.2500E-01  6.4000E-01  3.9270E-01    1000
 comppar: geometry = axisymmetric
 comppar: steady stop change,gap,hold,min =  1.0000E-05  5.0000E-03      10      80
 comppar: ncompc,ncompg =     4     5
 mesh nnodes = 1559
 mesh nelem = 728
 P1 BC   5.0000000000000000     
 P2 BC   0.0000000000000000     
     1  6.40000000E-01  1.01000902E+00  1.00000000E+00  1.01000902E+00
     2  1.28000000E+00  1.01921859E+00  1.00000000E+00  1.01921859E+00
     3  1.92000000E+00  1.02772074E+00  1.00000000E+00  1.02772074E+00
     4  2.56000000E+00  1.03621204E+00  1.00000000E+00  1.03621204E+00
     5  3.20000000E+00  1.04463575E+00  1.00000000E+00  1.04463575E+00
     6  3.84000000E+00  1.05267786E+00  9.99999990E-01  1.05267786E+00
     7  4.48000000E+00  1.06042860E+00  9.99999970E-01  1.06042860E+00
     8  5.12000000E+00  1.06772129E+00  9.99999936E-01  1.06772129E+00
     9  5.76000000E+00  1.07435636E+00  9.99999884E-01  1.07435636E+00
    10  6.40000000E+00  1.08081053E+00  9.99999807E-01  1.08081053E+00
    11  7.04000000E+00  1.08658555E+00  9.99999698E-01  1.08658555E+00
    12  7.68000000E+00  1.09233287E+00  9.99999549E-01  1.09233287E+00
    13  8.32000000E+00  1.09733641E+00  9.99999348E-01  1.09733641E+00
    14  8.96000000E+00  1.10215252E+00  9.99999084E-01  1.10215252E+00
    15  9.60000000E+00  1.10672141E+00  9.99998740E-01  1.10672141E+00
    16  1.02400000E+01  1.11065033E+00  9.99998300E-01  1.11065033E+00
    17  1.08800000E+01  1.11476646E+00  9.99997741E-01  1.11476646E+00
    18  1.15200000E+01  1.11800841E+00  9.99997041E-01  1.11800841E+00
    19  1.21600000E+01  1.12150894E+00  9.99996170E-01  1.12150894E+00
    20  1.28000000E+01  1.12445524E+00  9.99995096E-01  1.12445524E+00
    21  1.34400000E+01  1.12712133E+00  9.99993783E-01  1.12712133E+00
    22  1.40800000E+01  1.12975612E+00  9.99992190E-01  1.12975612E+00
    23  1.47200000E+01  1.13170468E+00  9.99990269E-01  1.13170468E+00
    24  1.53600000E+01  1.13407302E+00  9.99987971E-01  1.13407302E+00
    25  1.60000000E+01  1.13577176E+00  9.99985238E-01  1.13577176E+00
    26  1.66400000E+01  1.13755617E+00  9.99982012E-01  1.13755617E+00
    27  1.72800000E+01  1.13901453E+00  9.99978228E-01  1.13901453E+00
    28  1.79200000E+01  1.14038623E+00  9.99973824E-01  1.14038623E+00
    29  1.85600000E+01  1.14163614E+00  9.99968733E-01  1.14163614E+00
    30  1.92000000E+01  1.14260823E+00  9.99962896E-01  1.14260823E+00
    31  1.98400000E+01  1.14364891E+00  9.99956258E-01  1.14364891E+00
    32  2.04800000E+01  1.14438770E+00  9.99948779E-01  1.14438770E+00
    33  2.11200000E+01  1.14524518E+00  9.99940438E-01  1.14524518E+00
    34  2.17600000E+01  1.14572795E+00  9.99931241E-01  1.14572795E+00
    35  2.24000000E+01  1.14640718E+00  9.99921236E-01  1.14640718E+00
    36  2.30400000E+01  1.14681101E+00  9.99910523E-01  1.14681101E+00
    37  2.36800000E+01  1.14733284E+00  9.99899275E-01  1.14733284E+00
    38  2.43200000E+01  1.14758027E+00  9.99887758E-01  1.14758027E+00
    39  2.49600000E+01  1.14795399E+00  9.99876360E-01  1.14795399E+00
    40  2.56000000E+01  1.14820461E+00  9.99865619E-01  1.14820461E+00
    41  2.62400000E+01  1.14844665E+00  9.99856270E-01  1.14844665E+00
    42  2.68800000E+01  1.14859719E+00  9.99849285E-01  1.14859719E+00
    43  2.75200000E+01  1.14872010E+00  9.99845932E-01  1.14872010E+00
    44  2.81600000E+01  1.14892709E+00  9.99847845E-01  1.14892709E+00
    45  2.88000000E+01  1.14894338E+00  9.99857099E-01  1.14894338E+00
    46  2.94400000E+01  1.14908495E+00  9.99876304E-01  1.14908495E+00
    47  3.00800000E+01  1.14916545E+00  9.99908714E-01  1.14916545E+00
    48  3.07200000E+01  1.14923115E+00  9.99958348E-01  1.14923115E+00
    49  3.13600000E+01  1.14927848E+00  1.00003013E+00  1.14927848E+00
    50  3.20000000E+01  1.14927155E+00  1.00013006E+00  1.14927155E+00
    51  3.26400000E+01  1.14939845E+00  1.00026537E+00  1.14939845E+00
    52  3.32800000E+01  1.14938233E+00  1.00044475E+00  1.14938233E+00
    53  3.39200000E+01  1.14939417E+00  1.00067854E+00  1.14939417E+00
    54  3.45600000E+01  1.14950826E+00  1.00097897E+00  1.14950826E+00
    55  3.52000000E+01  1.14944163E+00  1.00136041E+00  1.14944163E+00
    56  3.58400000E+01  1.14951456E+00  1.00183958E+00  1.14951456E+00
    57  3.64800000E+01  1.14959040E+00  1.00243581E+00  1.14959040E+00
    58  3.71200000E+01  1.14955326E+00  1.00317123E+00  1.14955326E+00
    59  3.77600000E+01  1.14962099E+00  1.00407092E+00  1.14962099E+00
    60  3.84000000E+01  1.14965576E+00  1.00516297E+00  1.14965576E+00
    61  3.90400000E+01  1.14968218E+00  1.00647849E+00  1.14968218E+00
    62  3.96800000E+01  1.14971971E+00  1.00805142E+00  1.14971971E+00
    63  4.03200000E+01  1.14970532E+00  1.00991813E+00  1.14970532E+00
    64  4.09600000E+01  1.14980877E+00  1.01211688E+00  1.14980877E+00
    65  4.16000000E+01  1.14980853E+00  1.01468690E+00  1.14980853E+00
    66  4.22400000E+01  1.14978480E+00  1.01766723E+00  1.14978480E+00
    67  4.28800000E+01  1.14992955E+00  1.02109514E+00  1.14992955E+00
    68  4.35200000E+01  1.14988238E+00  1.02500427E+00  1.14988238E+00
    69  4.41600000E+01  1.14993527E+00  1.02942235E+00  1.14993527E+00
    70  4.48000000E+01  1.15003875E+00  1.03436870E+00  1.15003875E+00
    71  4.54400000E+01  1.14997271E+00  1.03985153E+00  1.14997271E+00
    72  4.60800000E+01  1.15007824E+00  1.04586514E+00  1.15007824E+00
    73  4.67200000E+01  1.15012989E+00  1.05238734E+00  1.15012989E+00
    74  4.73600000E+01  1.15014234E+00  1.05937719E+00  1.15014234E+00
    75  4.80000000E+01  1.15020737E+00  1.06677352E+00  1.15020737E+00
    76  4.86400000E+01  1.15019633E+00  1.07449424E+00  1.15019633E+00
    77  4.92800000E+01  1.15030124E+00  1.08243703E+00  1.15030124E+00
    78  4.99200000E+01  1.15031609E+00  1.09048140E+00  1.15031609E+00
    79  5.05600000E+01  1.15028020E+00  1.09849224E+00  1.15028020E+00
    80  5.12000000E+01  1.15044336E+00  1.10632506E+00  1.15044336E+00
    81  5.18400000E+01  1.15039846E+00  1.11383247E+00  1.15039846E+00
    82  5.24800000E+01  1.15045437E+00  1.12087172E+00  1.15045437E+00
    83  5.31200000E+01  1.15056297E+00  1.12731282E+00  1.15056297E+00
    84  5.37600000E+01  1.15048914E+00  1.13304642E+00  1.15048914E+00
    85  5.44000000E+01  1.15061046E+00  1.13799087E+00  1.15061046E+00
    86  5.50400000E+01  1.15065454E+00  1.14209768E+00  1.15065454E+00
    87  5.56800000E+01  1.15067381E+00  1.14535474E+00  1.15067381E+00
    88  5.63200000E+01  1.15074284E+00  1.14778675E+00  1.15074284E+00
    89  5.69600000E+01  1.15071370E+00  1.14945283E+00  1.15071370E+00
    90  5.76000000E+01  1.15084032E+00  1.15044135E+00  1.15084032E+00
    91  5.82400000E+01  1.15086240E+00  1.15086240E+00  1.15086240E+00
    92  5.88800000E+01  1.15083888E+00  1.15083888E+00  1.15083888E+00
    93  5.95200000E+01  1.15049691E+00  1.15049691E+00  1.15049691E+00
    94  6.01600000E+01  1.14995681E+00  1.14995681E+00  1.14995681E+00
    95  6.08000000E+01  1.14932540E+00  1.14932540E+00  1.14932540E+00
    96  6.14400000E+01  1.14869049E+00  1.14869049E+00  1.14869049E+00
    97  6.20800000E+01  1.14811775E+00  1.14811775E+00  1.14811775E+00
    98  6.27200000E+01  1.14770636E+00  1.14765001E+00  1.14770636E+00
    99  6.33600000E+01  1.14770636E+00  1.14730876E+00  1.14770636E+00
   100  6.40000000E+01  1.14770635E+00  1.14709714E+00  1.14770635E+00
   101  6.46400000E+01  1.14770634E+00  1.14700400E+00  1.14770634E+00
   102  6.52800000E+01  1.14770634E+00  1.14700828E+00  1.14770634E+00
   103  6.59200000E+01  1.14770634E+00  1.14708333E+00  1.14770634E+00
   104  6.65600000E+01  1.14770634E+00  1.14720085E+00  1.14770634E+00
   105  6.72000000E+01  1.14770634E+00  1.14733414E+00  1.14770634E+00
   106  6.78400000E+01  1.14770634E+00  1.14746076E+00  1.14770634E+00
   107  6.84800000E+01  1.14770634E+00  1.14756422E+00  1.14770634E+00
   108  6.91200000E+01  1.14770634E+00  1.14763488E+00  1.14770634E+00
   109  6.97600000E+01  1.14770634E+00  1.14767001E+00  1.14770634E+00
   110  7.04000000E+01  1.14770634E+00  1.14767282E+00  1.14770634E+00
   111  7.10400000E+01  1.14770634E+00  1.14765097E+00  1.14770634E+00
   112  7.16800000E+01  1.14770634E+00  1.14761449E+00  1.14770634E+00
   113  7.23200000E+01  1.14770634E+00  1.14757371E+00  1.14770634E+00
   114  7.29600000E+01  1.14770634E+00  1.14753730E+00  1.14770634E+00
   115  7.36000000E+01  1.14770634E+00  1.14751110E+00  1.14770634E+00
   116  7.42400000E+01  1.14770634E+00  1.14749754E+00  1.14770634E+00
   117  7.48800000E+01  1.14770634E+00  1.14749589E+00  1.14770634E+00
   118  7.55200000E+01  1.14770634E+00  1.14750314E+00  1.14770634E+00
   119  7.61600000E+01  1.14770634E+00  1.14751517E+00  1.14770634E+00
   120  7.68000000E+01  1.14770634E+00  1.14752791E+00  1.14770634E+00
   121  7.74400000E+01  1.14770634E+00  1.14753824E+00  1.14770634E+00
   122  7.80800000E+01  1.14770634E+00  1.14754447E+00  1.14770634E+00
   123  7.87200000E+01  1.14770634E+00  1.14754637E+00  1.14770634E+00
   124  7.93600000E+01  1.14770634E+00  1.14754480E+00  1.14770634E+00
   125  8.00000000E+01  1.14770634E+00  1.14754123E+00  1.14770634E+00
   126  8.06400000E+01  1.14770634E+00  1.14753720E+00  1.14770634E+00
   127  8.12800000E+01  1.14770634E+00  1.14753387E+00  1.14770634E+00
   128  8.19200000E+01  1.14770634E+00  1.14753187E+00  1.14770634E+00
   129  8.25600000E+01  1.14770634E+00  1.14753128E+00  1.14770634E+00
   130  8.32000000E+01  1.14770634E+00  1.14753179E+00  1.14770634E+00
   131  8.38400000E+01  1.14770634E+00  1.14753288E+00  1.14770634E+00
 steady-height stop at step    131: changes <=   1.0000E-05, max-end <=   5.0000E-03, max/end/gap/profile_change =   1.14770634E+00  1.14753288E+00  1.73455059E-04  1.09199799E-06
