 comppar: model =   2
 comppar: lambda,mobility/eps,betav,eta_0 =  1.0000E-01  0.0000E+00  2.0000E-01  1.0000E+00
 comppar: eta_s,eta_p,G =  2.0000E-01  8.0000E-01  8.0000E+00
 comppar: U_avg,deltat,flowrate,nsteps =  1.0000E-01  2.0000E-01  3.1416E-01    2000
 comppar: geometry = axisymmetric
 comppar: steady stop change,gap,hold,min =  1.0000E-07  1.0000E-03       1      80
 comppar: steady stop truncated decimals =       3
 comppar: ncompc,ncompg =     4     5
 mesh nnodes = 5797
 mesh nelem = 2796
 P1 BC   5.0000000000000000     
 P2 BC   0.0000000000000000     
     1  2.00000000E-01  1.00252967E+00  1.00000000E+00  1.00252967E+00
     2  4.00000000E-01  1.00501430E+00  1.00000000E+00  1.00501430E+00
     3  6.00000000E-01  1.00744557E+00  1.00000000E+00  1.00744557E+00
     4  8.00000000E-01  1.00984277E+00  1.00000000E+00  1.00984277E+00
     5  1.00000000E+00  1.01220607E+00  1.00000000E+00  1.01220607E+00
     6  1.20000000E+00  1.01454344E+00  1.00000000E+00  1.01454344E+00
     7  1.40000000E+00  1.01684362E+00  1.00000000E+00  1.01684362E+00
     8  1.60000000E+00  1.01911719E+00  1.00000000E+00  1.01911719E+00
     9  1.80000000E+00  1.02135533E+00  1.00000000E+00  1.02135533E+00
    10  2.00000000E+00  1.02356517E+00  1.00000000E+00  1.02356517E+00
    11  2.20000000E+00  1.02574421E+00  1.00000000E+00  1.02574421E+00
    12  2.40000000E+00  1.02789094E+00  1.00000000E+00  1.02789094E+00
    13  2.60000000E+00  1.03000613E+00  1.00000000E+00  1.03000613E+00
    14  2.80000000E+00  1.03209687E+00  1.00000000E+00  1.03209687E+00
    15  3.00000000E+00  1.03414831E+00  1.00000000E+00  1.03414831E+00
    16  3.20000000E+00  1.03618493E+00  1.00000000E+00  1.03618493E+00
    17  3.40000000E+00  1.03816284E+00  1.00000000E+00  1.03816284E+00
    18  3.60000000E+00  1.04015093E+00  1.00000000E+00  1.04015093E+00
    19  3.80000000E+00  1.04208416E+00  1.00000000E+00  1.04208416E+00
    20  4.00000000E+00  1.04399779E+00  1.00000000E+00  1.04399779E+00
    21  4.20000000E+00  1.04588821E+00  9.99999999E-01  1.04588821E+00
    22  4.40000000E+00  1.04771575E+00  9.99999997E-01  1.04771575E+00
    23  4.60000000E+00  1.04956646E+00  9.99999994E-01  1.04956646E+00
    24  4.80000000E+00  1.05136396E+00  9.99999991E-01  1.05136396E+00
    25  5.00000000E+00  1.05311921E+00  9.99999988E-01  1.05311921E+00
    26  5.20000000E+00  1.05488808E+00  9.99999983E-01  1.05488808E+00
    27  5.40000000E+00  1.05659179E+00  9.99999978E-01  1.05659179E+00
    28  5.60000000E+00  1.05826269E+00  9.99999973E-01  1.05826269E+00
    29  5.80000000E+00  1.05995295E+00  9.99999966E-01  1.05995295E+00
    30  6.00000000E+00  1.06157612E+00  9.99999959E-01  1.06157612E+00
    31  6.20000000E+00  1.06316962E+00  9.99999950E-01  1.06316962E+00
    32  6.40000000E+00  1.06478122E+00  9.99999941E-01  1.06478122E+00
    33  6.60000000E+00  1.06632379E+00  9.99999930E-01  1.06632379E+00
    34  6.80000000E+00  1.06780932E+00  9.99999919E-01  1.06780932E+00
    35  7.00000000E+00  1.06935853E+00  9.99999905E-01  1.06935853E+00
    36  7.20000000E+00  1.07083769E+00  9.99999891E-01  1.07083769E+00
    37  7.40000000E+00  1.07224406E+00  9.99999875E-01  1.07224406E+00
    38  7.60000000E+00  1.07370538E+00  9.99999857E-01  1.07370538E+00
    39  7.80000000E+00  1.07512137E+00  9.99999838E-01  1.07512137E+00
    40  8.00000000E+00  1.07646362E+00  9.99999816E-01  1.07646362E+00
    41  8.20000000E+00  1.07778423E+00  9.99999793E-01  1.07778423E+00
    42  8.40000000E+00  1.07915770E+00  9.99999768E-01  1.07915770E+00
    43  8.60000000E+00  1.08045730E+00  9.99999740E-01  1.08045730E+00
    44  8.80000000E+00  1.08168079E+00  9.99999710E-01  1.08168079E+00
    45  9.00000000E+00  1.08296062E+00  9.99999677E-01  1.08296062E+00
    46  9.20000000E+00  1.08421766E+00  9.99999642E-01  1.08421766E+00
    47  9.40000000E+00  1.08539842E+00  9.99999604E-01  1.08539842E+00
    48  9.60000000E+00  1.08650107E+00  9.99999563E-01  1.08650107E+00
    49  9.80000000E+00  1.08770861E+00  9.99999518E-01  1.08770861E+00
    50  1.00000000E+01  1.08887177E+00  9.99999470E-01  1.08887177E+00
    51  1.02000000E+01  1.08995738E+00  9.99999418E-01  1.08995738E+00
    52  1.04000000E+01  1.09096399E+00  9.99999363E-01  1.09096399E+00
    53  1.06000000E+01  1.09209834E+00  9.99999303E-01  1.09209834E+00
    54  1.08000000E+01  1.09316642E+00  9.99999239E-01  1.09316642E+00
    55  1.10000000E+01  1.09415592E+00  9.99999170E-01  1.09415592E+00
    56  1.12000000E+01  1.09506582E+00  9.99999097E-01  1.09506582E+00
    57  1.14000000E+01  1.09608968E+00  9.99999018E-01  1.09608968E+00
    58  1.16000000E+01  1.09708522E+00  9.99998935E-01  1.09708522E+00
    59  1.18000000E+01  1.09800195E+00  9.99998845E-01  1.09800195E+00
    60  1.20000000E+01  1.09883930E+00  9.99998750E-01  1.09883930E+00
    61  1.22000000E+01  1.09975021E+00  9.99998648E-01  1.09975021E+00
    62  1.24000000E+01  1.10067253E+00  9.99998539E-01  1.10067253E+00
    63  1.26000000E+01  1.10151591E+00  9.99998424E-01  1.10151591E+00
    64  1.28000000E+01  1.10228024E+00  9.99998302E-01  1.10228024E+00
    65  1.30000000E+01  1.10306633E+00  9.99998171E-01  1.10306633E+00
    66  1.32000000E+01  1.10391841E+00  9.99998033E-01  1.10391841E+00
    67  1.34000000E+01  1.10469204E+00  9.99997886E-01  1.10469204E+00
    68  1.36000000E+01  1.10538778E+00  9.99997730E-01  1.10538778E+00
    69  1.38000000E+01  1.10608585E+00  9.99997566E-01  1.10608585E+00
    70  1.40000000E+01  1.10686712E+00  9.99997391E-01  1.10686712E+00
    71  1.42000000E+01  1.10757054E+00  9.99997206E-01  1.10757054E+00
    72  1.44000000E+01  1.10819733E+00  9.99997010E-01  1.10819733E+00
    73  1.46000000E+01  1.10880450E+00  9.99996804E-01  1.10880450E+00
    74  1.48000000E+01  1.10951714E+00  9.99996585E-01  1.10951714E+00
    75  1.50000000E+01  1.11015353E+00  9.99996355E-01  1.11015353E+00
    76  1.52000000E+01  1.11071561E+00  9.99996111E-01  1.11071561E+00
    77  1.54000000E+01  1.11126102E+00  9.99995854E-01  1.11126102E+00
    78  1.56000000E+01  1.11190462E+00  9.99995583E-01  1.11190462E+00
    79  1.58000000E+01  1.11247366E+00  9.99995298E-01  1.11247366E+00
    80  1.60000000E+01  1.11297085E+00  9.99994998E-01  1.11297085E+00
    81  1.62000000E+01  1.11345537E+00  9.99994681E-01  1.11345537E+00
    82  1.64000000E+01  1.11403389E+00  9.99994348E-01  1.11403389E+00
    83  1.66000000E+01  1.11454060E+00  9.99993998E-01  1.11454060E+00
    84  1.68000000E+01  1.11497890E+00  9.99993630E-01  1.11497890E+00
    85  1.70000000E+01  1.11541988E+00  9.99993243E-01  1.11541988E+00
    86  1.72000000E+01  1.11593313E+00  9.99992837E-01  1.11593313E+00
    87  1.74000000E+01  1.11637750E+00  9.99992411E-01  1.11637750E+00
    88  1.76000000E+01  1.11675706E+00  9.99991964E-01  1.11675706E+00
    89  1.78000000E+01  1.11716380E+00  9.99991495E-01  1.11716380E+00
    90  1.80000000E+01  1.11761745E+00  9.99991003E-01  1.11761745E+00
    91  1.82000000E+01  1.11800593E+00  9.99990487E-01  1.11800593E+00
    92  1.84000000E+01  1.11833376E+00  9.99989948E-01  1.11833376E+00
    93  1.86000000E+01  1.11870684E+00  9.99989383E-01  1.11870684E+00
    94  1.88000000E+01  1.11910102E+00  9.99988791E-01  1.11910102E+00
    95  1.90000000E+01  1.11943401E+00  9.99988173E-01  1.11943401E+00
    96  1.92000000E+01  1.11971085E+00  9.99987526E-01  1.11971085E+00
    97  1.94000000E+01  1.12006737E+00  9.99986851E-01  1.12006737E+00
    98  1.96000000E+01  1.12040884E+00  9.99986145E-01  1.12040884E+00
    99  1.98000000E+01  1.12069346E+00  9.99985408E-01  1.12069346E+00
   100  2.00000000E+01  1.12092653E+00  9.99984639E-01  1.12092653E+00
   101  2.02000000E+01  1.12125413E+00  9.99983837E-01  1.12125413E+00
   102  2.04000000E+01  1.12154358E+00  9.99983000E-01  1.12154358E+00
   103  2.06000000E+01  1.12178091E+00  9.99982128E-01  1.12178091E+00
   104  2.08000000E+01  1.12199828E+00  9.99981220E-01  1.12199828E+00
   105  2.10000000E+01  1.12229576E+00  9.99980274E-01  1.12229576E+00
   106  2.12000000E+01  1.12254031E+00  9.99979290E-01  1.12254031E+00
   107  2.14000000E+01  1.12273740E+00  9.99978266E-01  1.12273740E+00
   108  2.16000000E+01  1.12293887E+00  9.99977201E-01  1.12293887E+00
   109  2.18000000E+01  1.12318794E+00  9.99976094E-01  1.12318794E+00
   110  2.20000000E+01  1.12338896E+00  9.99974944E-01  1.12338896E+00
   111  2.22000000E+01  1.12354764E+00  9.99973750E-01  1.12354764E+00
   112  2.24000000E+01  1.12376126E+00  9.99972511E-01  1.12376126E+00
   113  2.26000000E+01  1.12396894E+00  9.99971225E-01  1.12396894E+00
   114  2.28000000E+01  1.12413329E+00  9.99969892E-01  1.12413329E+00
   115  2.30000000E+01  1.12426003E+00  9.99968511E-01  1.12426003E+00
   116  2.32000000E+01  1.12445464E+00  9.99967080E-01  1.12445464E+00
   117  2.34000000E+01  1.12462263E+00  9.99965599E-01  1.12462263E+00
   118  2.36000000E+01  1.12475243E+00  9.99964067E-01  1.12475243E+00
   119  2.38000000E+01  1.12488592E+00  9.99962482E-01  1.12488592E+00
   120  2.40000000E+01  1.12505998E+00  9.99960844E-01  1.12505998E+00
   121  2.42000000E+01  1.12519483E+00  9.99959153E-01  1.12519483E+00
   122  2.44000000E+01  1.12529616E+00  9.99957407E-01  1.12529616E+00
   123  2.46000000E+01  1.12541782E+00  9.99955605E-01  1.12541782E+00
   124  2.48000000E+01  1.12555600E+00  9.99953747E-01  1.12555600E+00
   125  2.50000000E+01  1.12566010E+00  9.99951833E-01  1.12566010E+00
   126  2.52000000E+01  1.12573815E+00  9.99949862E-01  1.12573815E+00
   127  2.54000000E+01  1.12588179E+00  9.99947834E-01  1.12588179E+00
   128  2.56000000E+01  1.12599030E+00  9.99945749E-01  1.12599030E+00
   129  2.58000000E+01  1.12606931E+00  9.99943605E-01  1.12606931E+00
   130  2.60000000E+01  1.12614020E+00  9.99941405E-01  1.12614020E+00
   131  2.62000000E+01  1.12625172E+00  9.99939147E-01  1.12625172E+00
   132  2.64000000E+01  1.12633320E+00  9.99936832E-01  1.12633320E+00
   133  2.66000000E+01  1.12639009E+00  9.99934461E-01  1.12639009E+00
   134  2.68000000E+01  1.12649128E+00  9.99932034E-01  1.12649128E+00
   135  2.70000000E+01  1.12657651E+00  9.99929552E-01  1.12657651E+00
   136  2.72000000E+01  1.12663612E+00  9.99927017E-01  1.12663612E+00
   137  2.74000000E+01  1.12667532E+00  9.99924430E-01  1.12667532E+00
   138  2.76000000E+01  1.12676135E+00  9.99921793E-01  1.12676135E+00
   139  2.78000000E+01  1.12682313E+00  9.99919106E-01  1.12682313E+00
   140  2.80000000E+01  1.12686404E+00  9.99916374E-01  1.12686404E+00
   141  2.82000000E+01  1.12693528E+00  9.99913598E-01  1.12693528E+00
   142  2.84000000E+01  1.12700017E+00  9.99910781E-01  1.12700017E+00
   143  2.86000000E+01  1.12704316E+00  9.99907927E-01  1.12704316E+00
   144  2.88000000E+01  1.12706920E+00  9.99905039E-01  1.12706920E+00
   145  2.90000000E+01  1.12712703E+00  9.99902121E-01  1.12712703E+00
   146  2.92000000E+01  1.12717190E+00  9.99899179E-01  1.12717190E+00
   147  2.94000000E+01  1.12719940E+00  9.99896216E-01  1.12719940E+00
   148  2.96000000E+01  1.12725178E+00  9.99893238E-01  1.12725178E+00
   149  2.98000000E+01  1.12729910E+00  9.99890253E-01  1.12729910E+00
   150  3.00000000E+01  1.12732806E+00  9.99887265E-01  1.12732806E+00
   151  3.02000000E+01  1.12734331E+00  9.99884283E-01  1.12734331E+00
   152  3.04000000E+01  1.12738288E+00  9.99881314E-01  1.12738288E+00
   153  3.06000000E+01  1.12741345E+00  9.99878368E-01  1.12741345E+00
   154  3.08000000E+01  1.12742992E+00  9.99875453E-01  1.12742992E+00
   155  3.10000000E+01  1.12747127E+00  9.99872581E-01  1.12747127E+00
   156  3.12000000E+01  1.12750364E+00  9.99869761E-01  1.12750364E+00
   157  3.14000000E+01  1.12752097E+00  9.99867007E-01  1.12752097E+00
   158  3.16000000E+01  1.12752760E+00  9.99864330E-01  1.12752760E+00
   159  3.18000000E+01  1.12755592E+00  9.99861746E-01  1.12755592E+00
   160  3.20000000E+01  1.12757460E+00  9.99859269E-01  1.12757460E+00
   161  3.22000000E+01  1.12758222E+00  9.99856914E-01  1.12758222E+00
   162  3.24000000E+01  1.12761793E+00  9.99854701E-01  1.12761793E+00
   163  3.26000000E+01  1.12763779E+00  9.99852646E-01  1.12763779E+00
   164  3.28000000E+01  1.12764570E+00  9.99850771E-01  1.12764570E+00
   165  3.30000000E+01  1.12764617E+00  9.99849095E-01  1.12764617E+00
   166  3.32000000E+01  1.12766753E+00  9.99847643E-01  1.12766753E+00
   167  3.34000000E+01  1.12767655E+00  9.99846437E-01  1.12767655E+00
   168  3.36000000E+01  1.12768784E+00  9.99845505E-01  1.12768784E+00
   169  3.38000000E+01  1.12771071E+00  9.99844873E-01  1.12771071E+00
   170  3.40000000E+01  1.12772032E+00  9.99844572E-01  1.12772032E+00
   171  3.42000000E+01  1.12772083E+00  9.99844632E-01  1.12772083E+00
   172  3.44000000E+01  1.12772349E+00  9.99845086E-01  1.12772349E+00
   173  3.46000000E+01  1.12773433E+00  9.99845971E-01  1.12773433E+00
   174  3.48000000E+01  1.12773573E+00  9.99847324E-01  1.12773573E+00
   175  3.50000000E+01  1.12775260E+00  9.99849185E-01  1.12775260E+00
   176  3.52000000E+01  1.12776434E+00  9.99851596E-01  1.12776434E+00
   177  3.54000000E+01  1.12776578E+00  9.99854603E-01  1.12776578E+00
   178  3.56000000E+01  1.12776071E+00  9.99858252E-01  1.12776071E+00
   179  3.58000000E+01  1.12776673E+00  9.99862596E-01  1.12776673E+00
   180  3.60000000E+01  1.12776915E+00  9.99867686E-01  1.12776915E+00
   181  3.62000000E+01  1.12777310E+00  9.99873580E-01  1.12777310E+00
   182  3.64000000E+01  1.12778742E+00  9.99880337E-01  1.12778742E+00
   183  3.66000000E+01  1.12779016E+00  9.99888021E-01  1.12779016E+00
   184  3.68000000E+01  1.12779898E+00  9.99896697E-01  1.12779898E+00
   185  3.70000000E+01  1.12781114E+00  9.99906438E-01  1.12781114E+00
   186  3.72000000E+01  1.12782164E+00  9.99917315E-01  1.12782164E+00
   187  3.74000000E+01  1.12783056E+00  9.99929409E-01  1.12783056E+00
   188  3.76000000E+01  1.12783803E+00  9.99942801E-01  1.12783803E+00
   189  3.78000000E+01  1.12784780E+00  9.99957578E-01  1.12784780E+00
   190  3.80000000E+01  1.12785729E+00  9.99973831E-01  1.12785729E+00
   191  3.82000000E+01  1.12786528E+00  9.99991657E-01  1.12786528E+00
   192  3.84000000E+01  1.12787194E+00  1.00001116E+00  1.12787194E+00
   193  3.86000000E+01  1.12787754E+00  1.00003244E+00  1.12787754E+00
   194  3.88000000E+01  1.12788557E+00  1.00005561E+00  1.12788557E+00
   195  3.90000000E+01  1.12789224E+00  1.00008079E+00  1.12789224E+00
   196  3.92000000E+01  1.12789777E+00  1.00010811E+00  1.12789777E+00
   197  3.94000000E+01  1.12790238E+00  1.00013768E+00  1.12790238E+00
   198  3.96000000E+01  1.12790629E+00  1.00016966E+00  1.12790629E+00
   199  3.98000000E+01  1.12791186E+00  1.00020417E+00  1.12791186E+00
   200  4.00000000E+01  1.12791675E+00  1.00024137E+00  1.12791675E+00
   201  4.02000000E+01  1.12792084E+00  1.00028142E+00  1.12792084E+00
   202  4.04000000E+01  1.12792433E+00  1.00032448E+00  1.12792433E+00
   203  4.06000000E+01  1.12792740E+00  1.00037072E+00  1.12792740E+00
   204  4.08000000E+01  1.12793019E+00  1.00042033E+00  1.12793019E+00
   205  4.10000000E+01  1.12793318E+00  1.00047348E+00  1.12793318E+00
   206  4.12000000E+01  1.12793624E+00  1.00053037E+00  1.12793624E+00
   207  4.14000000E+01  1.12793903E+00  1.00059122E+00  1.12793903E+00
   208  4.16000000E+01  1.12794164E+00  1.00065622E+00  1.12794164E+00
   209  4.18000000E+01  1.12794414E+00  1.00072562E+00  1.12794414E+00
   210  4.20000000E+01  1.12794655E+00  1.00079964E+00  1.12794655E+00
   211  4.22000000E+01  1.12794887E+00  1.00087852E+00  1.12794887E+00
   212  4.24000000E+01  1.12795109E+00  1.00096251E+00  1.12795109E+00
   213  4.26000000E+01  1.12795319E+00  1.00105190E+00  1.12795319E+00
   214  4.28000000E+01  1.12795515E+00  1.00114693E+00  1.12795515E+00
   215  4.30000000E+01  1.12795694E+00  1.00124792E+00  1.12795694E+00
   216  4.32000000E+01  1.12795855E+00  1.00135514E+00  1.12795855E+00
   217  4.34000000E+01  1.12796003E+00  1.00146892E+00  1.12796003E+00
   218  4.36000000E+01  1.12796182E+00  1.00158958E+00  1.12796182E+00
   219  4.38000000E+01  1.12796344E+00  1.00171744E+00  1.12796344E+00
   220  4.40000000E+01  1.12796489E+00  1.00185287E+00  1.12796489E+00
   221  4.42000000E+01  1.12796617E+00  1.00199621E+00  1.12796617E+00
   222  4.44000000E+01  1.12796727E+00  1.00214785E+00  1.12796727E+00
   223  4.46000000E+01  1.12796821E+00  1.00230818E+00  1.12796821E+00
   224  4.48000000E+01  1.12796899E+00  1.00247759E+00  1.12796899E+00
   225  4.50000000E+01  1.12796965E+00  1.00265651E+00  1.12796965E+00
   226  4.52000000E+01  1.12797019E+00  1.00284536E+00  1.12797019E+00
   227  4.54000000E+01  1.12797077E+00  1.00304459E+00  1.12797077E+00
   228  4.56000000E+01  1.12797143E+00  1.00325467E+00  1.12797143E+00
   229  4.58000000E+01  1.12797198E+00  1.00347607E+00  1.12797198E+00
   230  4.60000000E+01  1.12797243E+00  1.00370927E+00  1.12797243E+00
   231  4.62000000E+01  1.12797280E+00  1.00395480E+00  1.12797280E+00
   232  4.64000000E+01  1.12797310E+00  1.00421317E+00  1.12797310E+00
   233  4.66000000E+01  1.12797335E+00  1.00448493E+00  1.12797335E+00
   234  4.68000000E+01  1.12797355E+00  1.00477062E+00  1.12797355E+00
   235  4.70000000E+01  1.12797371E+00  1.00507081E+00  1.12797371E+00
   236  4.72000000E+01  1.12797383E+00  1.00538609E+00  1.12797383E+00
   237  4.74000000E+01  1.12797392E+00  1.00571707E+00  1.12797392E+00
   238  4.76000000E+01  1.12797399E+00  1.00606435E+00  1.12797399E+00
   239  4.78000000E+01  1.12797402E+00  1.00642857E+00  1.12797402E+00
   240  4.80000000E+01  1.12797403E+00  1.00681038E+00  1.12797403E+00
   241  4.82000000E+01  1.12797402E+00  1.00721042E+00  1.12797402E+00
   242  4.84000000E+01  1.12797398E+00  1.00762937E+00  1.12797398E+00
   243  4.86000000E+01  1.12797393E+00  1.00806793E+00  1.12797393E+00
   244  4.88000000E+01  1.12797386E+00  1.00852678E+00  1.12797386E+00
   245  4.90000000E+01  1.12797378E+00  1.00900663E+00  1.12797378E+00
   246  4.92000000E+01  1.12797368E+00  1.00950820E+00  1.12797368E+00
   247  4.94000000E+01  1.12797358E+00  1.01003223E+00  1.12797358E+00
   248  4.96000000E+01  1.12797347E+00  1.01057944E+00  1.12797347E+00
   249  4.98000000E+01  1.12797335E+00  1.01115059E+00  1.12797335E+00
   250  5.00000000E+01  1.12797323E+00  1.01174641E+00  1.12797323E+00
   251  5.02000000E+01  1.12797311E+00  1.01236767E+00  1.12797311E+00
   252  5.04000000E+01  1.12797299E+00  1.01301512E+00  1.12797299E+00
   253  5.06000000E+01  1.12797286E+00  1.01368952E+00  1.12797286E+00
   254  5.08000000E+01  1.12797274E+00  1.01439161E+00  1.12797274E+00
   255  5.10000000E+01  1.12797261E+00  1.01512216E+00  1.12797261E+00
   256  5.12000000E+01  1.12797249E+00  1.01588191E+00  1.12797249E+00
   257  5.14000000E+01  1.12797237E+00  1.01667159E+00  1.12797237E+00
   258  5.16000000E+01  1.12797225E+00  1.01749192E+00  1.12797225E+00
   259  5.18000000E+01  1.12797214E+00  1.01834362E+00  1.12797214E+00
   260  5.20000000E+01  1.12797202E+00  1.01922737E+00  1.12797202E+00
   261  5.22000000E+01  1.12797191E+00  1.02014384E+00  1.12797191E+00
   262  5.24000000E+01  1.12797180E+00  1.02109367E+00  1.12797180E+00
   263  5.26000000E+01  1.12797170E+00  1.02207748E+00  1.12797170E+00
   264  5.28000000E+01  1.12797160E+00  1.02309585E+00  1.12797160E+00
   265  5.30000000E+01  1.12797150E+00  1.02414932E+00  1.12797150E+00
   266  5.32000000E+01  1.12797141E+00  1.02523839E+00  1.12797141E+00
   267  5.34000000E+01  1.12797132E+00  1.02636353E+00  1.12797132E+00
   268  5.36000000E+01  1.12797123E+00  1.02752513E+00  1.12797123E+00
   269  5.38000000E+01  1.12797115E+00  1.02872356E+00  1.12797115E+00
   270  5.40000000E+01  1.12797107E+00  1.02995910E+00  1.12797107E+00
   271  5.42000000E+01  1.12797100E+00  1.03123199E+00  1.12797100E+00
   272  5.44000000E+01  1.12797092E+00  1.03254238E+00  1.12797092E+00
   273  5.46000000E+01  1.12797086E+00  1.03389035E+00  1.12797086E+00
   274  5.48000000E+01  1.12797079E+00  1.03527592E+00  1.12797079E+00
   275  5.50000000E+01  1.12797073E+00  1.03669900E+00  1.12797073E+00
   276  5.52000000E+01  1.12797067E+00  1.03815943E+00  1.12797067E+00
   277  5.54000000E+01  1.12797062E+00  1.03965693E+00  1.12797062E+00
   278  5.56000000E+01  1.12797056E+00  1.04119116E+00  1.12797056E+00
   279  5.58000000E+01  1.12797051E+00  1.04276163E+00  1.12797051E+00
   280  5.60000000E+01  1.12797047E+00  1.04436778E+00  1.12797047E+00
   281  5.62000000E+01  1.12797042E+00  1.04600891E+00  1.12797042E+00
   282  5.64000000E+01  1.12797038E+00  1.04768422E+00  1.12797038E+00
   283  5.66000000E+01  1.12797034E+00  1.04939277E+00  1.12797034E+00
   284  5.68000000E+01  1.12797030E+00  1.05113353E+00  1.12797030E+00
   285  5.70000000E+01  1.12797027E+00  1.05290531E+00  1.12797027E+00
   286  5.72000000E+01  1.12797024E+00  1.05470680E+00  1.12797024E+00
   287  5.74000000E+01  1.12797020E+00  1.05653656E+00  1.12797020E+00
   288  5.76000000E+01  1.12797018E+00  1.05839303E+00  1.12797018E+00
   289  5.78000000E+01  1.12797015E+00  1.06027449E+00  1.12797015E+00
   290  5.80000000E+01  1.12797012E+00  1.06217912E+00  1.12797012E+00
   291  5.82000000E+01  1.12797010E+00  1.06410493E+00  1.12797010E+00
   292  5.84000000E+01  1.12797008E+00  1.06604983E+00  1.12797008E+00
   293  5.86000000E+01  1.12797006E+00  1.06801159E+00  1.12797006E+00
   294  5.88000000E+01  1.12797004E+00  1.06998785E+00  1.12797004E+00
   295  5.90000000E+01  1.12797002E+00  1.07197612E+00  1.12797002E+00
   296  5.92000000E+01  1.12797000E+00  1.07397380E+00  1.12797000E+00
   297  5.94000000E+01  1.12796999E+00  1.07597818E+00  1.12796999E+00
   298  5.96000000E+01  1.12796997E+00  1.07798644E+00  1.12796997E+00
   299  5.98000000E+01  1.12796996E+00  1.07999563E+00  1.12796996E+00
   300  6.00000000E+01  1.12796994E+00  1.08200275E+00  1.12796994E+00
   301  6.02000000E+01  1.12796993E+00  1.08400467E+00  1.12796993E+00
   302  6.04000000E+01  1.12796992E+00  1.08599820E+00  1.12796992E+00
   303  6.06000000E+01  1.12796991E+00  1.08798009E+00  1.12796991E+00
   304  6.08000000E+01  1.12796990E+00  1.08994700E+00  1.12796990E+00
   305  6.10000000E+01  1.12796989E+00  1.09189555E+00  1.12796989E+00
   306  6.12000000E+01  1.12796988E+00  1.09382235E+00  1.12796988E+00
   307  6.14000000E+01  1.12796988E+00  1.09572394E+00  1.12796988E+00
   308  6.16000000E+01  1.12796987E+00  1.09759687E+00  1.12796987E+00
   309  6.18000000E+01  1.12796986E+00  1.09943767E+00  1.12796986E+00
   310  6.20000000E+01  1.12796986E+00  1.10124292E+00  1.12796986E+00
   311  6.22000000E+01  1.12796985E+00  1.10300919E+00  1.12796985E+00
   312  6.24000000E+01  1.12796984E+00  1.10473310E+00  1.12796984E+00
   313  6.26000000E+01  1.12796984E+00  1.10641136E+00  1.12796984E+00
   314  6.28000000E+01  1.12796983E+00  1.10804073E+00  1.12796983E+00
   315  6.30000000E+01  1.12796983E+00  1.10961808E+00  1.12796983E+00
   316  6.32000000E+01  1.12796983E+00  1.11114040E+00  1.12796983E+00
   317  6.34000000E+01  1.12796982E+00  1.11260480E+00  1.12796982E+00
   318  6.36000000E+01  1.12796982E+00  1.11400857E+00  1.12796982E+00
   319  6.38000000E+01  1.12796982E+00  1.11534920E+00  1.12796982E+00
   320  6.40000000E+01  1.12796981E+00  1.11662435E+00  1.12796981E+00
   321  6.42000000E+01  1.12796981E+00  1.11783195E+00  1.12796981E+00
   322  6.44000000E+01  1.12796981E+00  1.11897019E+00  1.12796981E+00
   323  6.46000000E+01  1.12796981E+00  1.12003756E+00  1.12796981E+00
   324  6.48000000E+01  1.12796980E+00  1.12103288E+00  1.12796980E+00
   325  6.50000000E+01  1.12796980E+00  1.12195533E+00  1.12796980E+00
   326  6.52000000E+01  1.12796980E+00  1.12280451E+00  1.12796980E+00
   327  6.54000000E+01  1.12796980E+00  1.12358044E+00  1.12796980E+00
   328  6.56000000E+01  1.12796980E+00  1.12428357E+00  1.12796980E+00
   329  6.58000000E+01  1.12796980E+00  1.12491490E+00  1.12796980E+00
   330  6.60000000E+01  1.12796979E+00  1.12547587E+00  1.12796979E+00
   331  6.62000000E+01  1.12796979E+00  1.12596849E+00  1.12796979E+00
   332  6.64000000E+01  1.12796979E+00  1.12639527E+00  1.12796979E+00
   333  6.66000000E+01  1.12796979E+00  1.12675923E+00  1.12796979E+00
   334  6.68000000E+01  1.12796979E+00  1.12706389E+00  1.12796979E+00
 steady-height stop at step    334: truncated to 3 decimals, truncated max/end/ratio =       1127      1127      1127, max/end/ratio =   1.12796979E+00  1.12706389E+00  1.12796979E+00
