 comppar: model =   3
 comppar: lambda,mobility/eps,betav,eta_0 =  1.1000E+01  5.0000E-02  9.0000E-01  1.0000E+00
 comppar: eta_s,eta_p,G =  9.0000E-01  1.0000E-01  9.0909E-03
 comppar: U_avg,deltat,flowrate,nsteps =  1.0000E-01  4.0000E-01  3.1416E-01    1000
 comppar: geometry = axisymmetric
 comppar: steady stop change,gap,hold,min =  1.0000E-05  2.0000E-04      10      80
 comppar: steady stop rounded decimals =       4
 comppar: ncompc,ncompg =     4     5
 mesh nnodes = 22999
 mesh nelem = 11296
 P1 BC   5.0000000000000000     
 P2 BC   0.0000000000000000     
     1  4.00000000E-01  1.00503996E+00  1.00000000E+00  1.00503996E+00
     2  8.00000000E-01  1.00992396E+00  1.00000000E+00  1.00992396E+00
     3  1.20000000E+00  1.01465742E+00  1.00000000E+00  1.01465742E+00
     4  1.60000000E+00  1.01925364E+00  1.00000000E+00  1.01925364E+00
     5  2.00000000E+00  1.02371661E+00  1.00000000E+00  1.02371661E+00
     6  2.40000000E+00  1.02805233E+00  1.00000000E+00  1.02805233E+00
     7  2.80000000E+00  1.03226560E+00  1.00000000E+00  1.03226560E+00
     8  3.20000000E+00  1.03635936E+00  1.00000000E+00  1.03635936E+00
     9  3.60000000E+00  1.04034786E+00  1.00000000E+00  1.04034786E+00
    10  4.00000000E+00  1.04422273E+00  1.00000000E+00  1.04422273E+00
    11  4.40000000E+00  1.04799340E+00  9.99999996E-01  1.04799340E+00
    12  4.80000000E+00  1.05166313E+00  9.99999990E-01  1.05166313E+00
    13  5.20000000E+00  1.05523629E+00  9.99999982E-01  1.05523629E+00
    14  5.60000000E+00  1.05870369E+00  9.99999972E-01  1.05870369E+00
    15  6.00000000E+00  1.06209420E+00  9.99999958E-01  1.06209420E+00
    16  6.40000000E+00  1.06539001E+00  9.99999940E-01  1.06539001E+00
    17  6.80000000E+00  1.06859345E+00  9.99999918E-01  1.06859345E+00
    18  7.20000000E+00  1.07170773E+00  9.99999890E-01  1.07170773E+00
    19  7.60000000E+00  1.07473585E+00  9.99999857E-01  1.07473585E+00
    20  8.00000000E+00  1.07769411E+00  9.99999817E-01  1.07769411E+00
    21  8.40000000E+00  1.08056984E+00  9.99999770E-01  1.08056984E+00
    22  8.80000000E+00  1.08336823E+00  9.99999714E-01  1.08336823E+00
    23  9.20000000E+00  1.08608556E+00  9.99999648E-01  1.08608556E+00
    24  9.60000000E+00  1.08872918E+00  9.99999572E-01  1.08872918E+00
    25  1.00000000E+01  1.09129295E+00  9.99999483E-01  1.09129295E+00
    26  1.04000000E+01  1.09379812E+00  9.99999381E-01  1.09379812E+00
    27  1.08000000E+01  1.09623782E+00  9.99999264E-01  1.09623782E+00
    28  1.12000000E+01  1.09860868E+00  9.99999131E-01  1.09860868E+00
    29  1.16000000E+01  1.10090805E+00  9.99998979E-01  1.10090805E+00
    30  1.20000000E+01  1.10313432E+00  9.99998807E-01  1.10313432E+00
    31  1.24000000E+01  1.10528889E+00  9.99998614E-01  1.10528889E+00
    32  1.28000000E+01  1.10739167E+00  9.99998395E-01  1.10739167E+00
    33  1.32000000E+01  1.10945311E+00  9.99998151E-01  1.10945311E+00
    34  1.36000000E+01  1.11144525E+00  9.99997877E-01  1.11144525E+00
    35  1.40000000E+01  1.11336914E+00  9.99997572E-01  1.11336914E+00
    36  1.44000000E+01  1.11522657E+00  9.99997232E-01  1.11522657E+00
    37  1.48000000E+01  1.11706358E+00  9.99996854E-01  1.11706358E+00
    38  1.52000000E+01  1.11884437E+00  9.99996436E-01  1.11884437E+00
    39  1.56000000E+01  1.12056238E+00  9.99995974E-01  1.12056238E+00
    40  1.60000000E+01  1.12221977E+00  9.99995464E-01  1.12221977E+00
    41  1.64000000E+01  1.12386491E+00  9.99994903E-01  1.12386491E+00
    42  1.68000000E+01  1.12545430E+00  9.99994285E-01  1.12545430E+00
    43  1.72000000E+01  1.12698833E+00  9.99993609E-01  1.12698833E+00
    44  1.76000000E+01  1.12849927E+00  9.99992867E-01  1.12849927E+00
    45  1.80000000E+01  1.12997612E+00  9.99992057E-01  1.12997612E+00
    46  1.84000000E+01  1.13139933E+00  9.99991173E-01  1.13139933E+00
    47  1.88000000E+01  1.13282162E+00  9.99990210E-01  1.13282162E+00
    48  1.92000000E+01  1.13419153E+00  9.99989162E-01  1.13419153E+00
    49  1.96000000E+01  1.13555914E+00  9.99988024E-01  1.13555914E+00
    50  2.00000000E+01  1.13689165E+00  9.99986790E-01  1.13689165E+00
    51  2.04000000E+01  1.13822641E+00  9.99985453E-01  1.13822641E+00
    52  2.08000000E+01  1.13955105E+00  9.99984009E-01  1.13955105E+00
    53  2.12000000E+01  1.14087116E+00  9.99982449E-01  1.14087116E+00
    54  2.16000000E+01  1.14219233E+00  9.99980769E-01  1.14219233E+00
    55  2.20000000E+01  1.14351488E+00  9.99978960E-01  1.14351488E+00
    56  2.24000000E+01  1.14483843E+00  9.99977017E-01  1.14483843E+00
    57  2.28000000E+01  1.14616724E+00  9.99974932E-01  1.14616724E+00
    58  2.32000000E+01  1.14748578E+00  9.99972699E-01  1.14748578E+00
    59  2.36000000E+01  1.14878639E+00  9.99970310E-01  1.14878639E+00
    60  2.40000000E+01  1.15007928E+00  9.99967759E-01  1.15007928E+00
    61  2.44000000E+01  1.15135957E+00  9.99965040E-01  1.15135957E+00
    62  2.48000000E+01  1.15260808E+00  9.99962146E-01  1.15260808E+00
    63  2.52000000E+01  1.15385862E+00  9.99959071E-01  1.15385862E+00
    64  2.56000000E+01  1.15507399E+00  9.99955811E-01  1.15507399E+00
    65  2.60000000E+01  1.15627738E+00  9.99952359E-01  1.15627738E+00
    66  2.64000000E+01  1.15745583E+00  9.99948712E-01  1.15745583E+00
    67  2.68000000E+01  1.15861256E+00  9.99944866E-01  1.15861256E+00
    68  2.72000000E+01  1.15975154E+00  9.99940820E-01  1.15975154E+00
    69  2.76000000E+01  1.16086048E+00  9.99936572E-01  1.16086048E+00
    70  2.80000000E+01  1.16195865E+00  9.99932123E-01  1.16195865E+00
    71  2.84000000E+01  1.16302102E+00  9.99927474E-01  1.16302102E+00
    72  2.88000000E+01  1.16407741E+00  9.99922630E-01  1.16407741E+00
    73  2.92000000E+01  1.16509441E+00  9.99917598E-01  1.16509441E+00
    74  2.96000000E+01  1.16610834E+00  9.99912386E-01  1.16610834E+00
    75  3.00000000E+01  1.16708082E+00  9.99907007E-01  1.16708082E+00
    76  3.04000000E+01  1.16805137E+00  9.99901474E-01  1.16805137E+00
    77  3.08000000E+01  1.16898110E+00  9.99895809E-01  1.16898110E+00
    78  3.12000000E+01  1.16990873E+00  9.99890034E-01  1.16990873E+00
    79  3.16000000E+01  1.17079770E+00  9.99884177E-01  1.17079770E+00
    80  3.20000000E+01  1.17168285E+00  9.99878273E-01  1.17168285E+00
    81  3.24000000E+01  1.17253008E+00  9.99872360E-01  1.17253008E+00
    82  3.28000000E+01  1.17337295E+00  9.99866487E-01  1.17337295E+00
    83  3.32000000E+01  1.17417857E+00  9.99860706E-01  1.17417857E+00
    84  3.36000000E+01  1.17497999E+00  9.99855082E-01  1.17497999E+00
    85  3.40000000E+01  1.17574799E+00  9.99849685E-01  1.17574799E+00
    86  3.44000000E+01  1.17650896E+00  9.99844598E-01  1.17650896E+00
    87  3.48000000E+01  1.17724159E+00  9.99839916E-01  1.17724159E+00
    88  3.52000000E+01  1.17796307E+00  9.99835744E-01  1.17796307E+00
    89  3.56000000E+01  1.17865906E+00  9.99832204E-01  1.17865906E+00
    90  3.60000000E+01  1.17934196E+00  9.99829430E-01  1.17934196E+00
    91  3.64000000E+01  1.18000326E+00  9.99827576E-01  1.18000326E+00
    92  3.68000000E+01  1.18064841E+00  9.99826813E-01  1.18064841E+00
    93  3.72000000E+01  1.18127627E+00  9.99827332E-01  1.18127627E+00
    94  3.76000000E+01  1.18188445E+00  9.99829346E-01  1.18188445E+00
    95  3.80000000E+01  1.18247976E+00  9.99833093E-01  1.18247976E+00
    96  3.84000000E+01  1.18305185E+00  9.99838836E-01  1.18305185E+00
    97  3.88000000E+01  1.18361641E+00  9.99846869E-01  1.18361641E+00
    98  3.92000000E+01  1.18415466E+00  9.99857514E-01  1.18415466E+00
    99  3.96000000E+01  1.18468888E+00  9.99871128E-01  1.18468888E+00
   100  4.00000000E+01  1.18519883E+00  9.99888106E-01  1.18519883E+00
   101  4.04000000E+01  1.18569915E+00  9.99908881E-01  1.18569915E+00
   102  4.08000000E+01  1.18618205E+00  9.99933931E-01  1.18618205E+00
   103  4.12000000E+01  1.18664978E+00  9.99963776E-01  1.18664978E+00
   104  4.16000000E+01  1.18710666E+00  9.99998992E-01  1.18710666E+00
   105  4.20000000E+01  1.18754323E+00  1.00004020E+00  1.18754323E+00
   106  4.24000000E+01  1.18797495E+00  1.00008810E+00  1.18797495E+00
   107  4.28000000E+01  1.18838565E+00  1.00014342E+00  1.18838565E+00
   108  4.32000000E+01  1.18879000E+00  1.00020698E+00  1.18879000E+00
   109  4.36000000E+01  1.18917829E+00  1.00027968E+00  1.18917829E+00
   110  4.40000000E+01  1.18955446E+00  1.00036246E+00  1.18955446E+00
   111  4.44000000E+01  1.18992117E+00  1.00045638E+00  1.18992117E+00
   112  4.48000000E+01  1.19027054E+00  1.00056256E+00  1.19027054E+00
   113  4.52000000E+01  1.19061650E+00  1.00068223E+00  1.19061650E+00
   114  4.56000000E+01  1.19094498E+00  1.00081670E+00  1.19094498E+00
   115  4.60000000E+01  1.19126662E+00  1.00096742E+00  1.19126662E+00
   116  4.64000000E+01  1.19157625E+00  1.00113591E+00  1.19157625E+00
   117  4.68000000E+01  1.19187377E+00  1.00132382E+00  1.19187377E+00
   118  4.72000000E+01  1.19216597E+00  1.00153293E+00  1.19216597E+00
   119  4.76000000E+01  1.19244361E+00  1.00176515E+00  1.19244361E+00
   120  4.80000000E+01  1.19271617E+00  1.00202251E+00  1.19271617E+00
   121  4.84000000E+01  1.19297746E+00  1.00230720E+00  1.19297746E+00
   122  4.88000000E+01  1.19322841E+00  1.00262153E+00  1.19322841E+00
   123  4.92000000E+01  1.19347418E+00  1.00296798E+00  1.19347418E+00
   124  4.96000000E+01  1.19370745E+00  1.00334919E+00  1.19370745E+00
   125  5.00000000E+01  1.19393611E+00  1.00376795E+00  1.19393611E+00
   126  5.04000000E+01  1.19415550E+00  1.00422721E+00  1.19415550E+00
   127  5.08000000E+01  1.19436500E+00  1.00473009E+00  1.19436500E+00
   128  5.12000000E+01  1.19457123E+00  1.00527989E+00  1.19457123E+00
   129  5.16000000E+01  1.19476663E+00  1.00588005E+00  1.19476663E+00
   130  5.20000000E+01  1.19495646E+00  1.00653419E+00  1.19495646E+00
   131  5.24000000E+01  1.19514016E+00  1.00724609E+00  1.19514016E+00
   132  5.28000000E+01  1.19531406E+00  1.00801968E+00  1.19531406E+00
   133  5.32000000E+01  1.19548554E+00  1.00885904E+00  1.19548554E+00
   134  5.36000000E+01  1.19564888E+00  1.00976837E+00  1.19564888E+00
   135  5.40000000E+01  1.19580472E+00  1.01075201E+00  1.19580472E+00
   136  5.44000000E+01  1.19595822E+00  1.01181439E+00  1.19595822E+00
   137  5.48000000E+01  1.19610359E+00  1.01296001E+00  1.19610359E+00
   138  5.52000000E+01  1.19624344E+00  1.01419341E+00  1.19624344E+00
   139  5.56000000E+01  1.19637962E+00  1.01551919E+00  1.19637962E+00
   140  5.60000000E+01  1.19650857E+00  1.01694187E+00  1.19650857E+00
   141  5.64000000E+01  1.19663360E+00  1.01846597E+00  1.19663360E+00
   142  5.68000000E+01  1.19675442E+00  1.02009586E+00  1.19675442E+00
   143  5.72000000E+01  1.19686875E+00  1.02183577E+00  1.19686875E+00
   144  5.76000000E+01  1.19698005E+00  1.02368969E+00  1.19698005E+00
   145  5.80000000E+01  1.19708715E+00  1.02566135E+00  1.19708715E+00
   146  5.84000000E+01  1.19718865E+00  1.02775410E+00  1.19718865E+00
   147  5.88000000E+01  1.19728725E+00  1.02997089E+00  1.19728725E+00
   148  5.92000000E+01  1.19738215E+00  1.03231414E+00  1.19738215E+00
   149  5.96000000E+01  1.19747202E+00  1.03478569E+00  1.19747202E+00
   150  6.00000000E+01  1.19755891E+00  1.03738673E+00  1.19755891E+00
   151  6.04000000E+01  1.19764309E+00  1.04011767E+00  1.19764309E+00
   152  6.08000000E+01  1.19772275E+00  1.04297809E+00  1.19772275E+00
   153  6.12000000E+01  1.19779885E+00  1.04596667E+00  1.19779885E+00
   154  6.16000000E+01  1.19787319E+00  1.04908107E+00  1.19787319E+00
   155  6.20000000E+01  1.19794357E+00  1.05231789E+00  1.19794357E+00
   156  6.24000000E+01  1.19801019E+00  1.05567262E+00  1.19801019E+00
   157  6.28000000E+01  1.19807554E+00  1.05913956E+00  1.19807554E+00
   158  6.32000000E+01  1.19813781E+00  1.06271181E+00  1.19813781E+00
   159  6.36000000E+01  1.19819670E+00  1.06638122E+00  1.19819670E+00
   160  6.40000000E+01  1.19825305E+00  1.07013842E+00  1.19825305E+00
   161  6.44000000E+01  1.19830803E+00  1.07397280E+00  1.19830803E+00
   162  6.48000000E+01  1.19836000E+00  1.07787261E+00  1.19836000E+00
   163  6.52000000E+01  1.19840928E+00  1.08182495E+00  1.19840928E+00
   164  6.56000000E+01  1.19845672E+00  1.08581592E+00  1.19845672E+00
   165  6.60000000E+01  1.19850272E+00  1.08983071E+00  1.19850272E+00
   166  6.64000000E+01  1.19854630E+00  1.09385373E+00  1.19854630E+00
   167  6.68000000E+01  1.19858753E+00  1.09786883E+00  1.19858753E+00
   168  6.72000000E+01  1.19862692E+00  1.10185943E+00  1.19862692E+00
   169  6.76000000E+01  1.19866542E+00  1.10580880E+00  1.19866542E+00
   170  6.80000000E+01  1.19870190E+00  1.10970025E+00  1.19870190E+00
   171  6.84000000E+01  1.19873648E+00  1.11351744E+00  1.19873648E+00
   172  6.88000000E+01  1.19876924E+00  1.11724466E+00  1.19876924E+00
   173  6.92000000E+01  1.19880082E+00  1.12086707E+00  1.19880082E+00
   174  6.96000000E+01  1.19883137E+00  1.12437108E+00  1.19883137E+00
   175  7.00000000E+01  1.19886034E+00  1.12774458E+00  1.19886034E+00
   176  7.04000000E+01  1.19888786E+00  1.13097727E+00  1.19888786E+00
   177  7.08000000E+01  1.19891393E+00  1.13406094E+00  1.19891393E+00
   178  7.12000000E+01  1.19893874E+00  1.13698966E+00  1.19893874E+00
   179  7.16000000E+01  1.19896288E+00  1.13976007E+00  1.19896288E+00
   180  7.20000000E+01  1.19898599E+00  1.14237143E+00  1.19898599E+00
   181  7.24000000E+01  1.19900796E+00  1.14482579E+00  1.19900796E+00
   182  7.28000000E+01  1.19902878E+00  1.14712791E+00  1.19902878E+00
   183  7.32000000E+01  1.19904862E+00  1.14928523E+00  1.19904862E+00
   184  7.36000000E+01  1.19906748E+00  1.15130764E+00  1.19906748E+00
   185  7.40000000E+01  1.19908548E+00  1.15320719E+00  1.19908548E+00
   186  7.44000000E+01  1.19910267E+00  1.15499769E+00  1.19910267E+00
   187  7.48000000E+01  1.19911935E+00  1.15669422E+00  1.19911935E+00
   188  7.52000000E+01  1.19913526E+00  1.15831252E+00  1.19913526E+00
   189  7.56000000E+01  1.19915036E+00  1.15986836E+00  1.19915036E+00
   190  7.60000000E+01  1.19916481E+00  1.16137689E+00  1.19916481E+00
   191  7.64000000E+01  1.19917858E+00  1.16285197E+00  1.19917858E+00
   192  7.68000000E+01  1.19919175E+00  1.16430555E+00  1.19919175E+00
   193  7.72000000E+01  1.19920429E+00  1.16574714E+00  1.19920429E+00
   194  7.76000000E+01  1.19921629E+00  1.16718350E+00  1.19921629E+00
   195  7.80000000E+01  1.19922775E+00  1.16861834E+00  1.19922775E+00
   196  7.84000000E+01  1.19923873E+00  1.17005234E+00  1.19923873E+00
   197  7.88000000E+01  1.19924920E+00  1.17148333E+00  1.19924920E+00
   198  7.92000000E+01  1.19925926E+00  1.17290665E+00  1.19925926E+00
   199  7.96000000E+01  1.19926886E+00  1.17431568E+00  1.19926886E+00
   200  8.00000000E+01  1.19927809E+00  1.17570252E+00  1.19927809E+00
   201  8.04000000E+01  1.19928689E+00  1.17705867E+00  1.19928689E+00
   202  8.08000000E+01  1.19929538E+00  1.17837583E+00  1.19929538E+00
   203  8.12000000E+01  1.19930350E+00  1.17964651E+00  1.19930350E+00
   204  8.16000000E+01  1.19931131E+00  1.18086462E+00  1.19931131E+00
   205  8.20000000E+01  1.19931877E+00  1.18202582E+00  1.19931877E+00
   206  8.24000000E+01  1.19932595E+00  1.18312776E+00  1.19932595E+00
   207  8.28000000E+01  1.19933283E+00  1.18416999E+00  1.19933283E+00
   208  8.32000000E+01  1.19933945E+00  1.18515382E+00  1.19933945E+00
   209  8.36000000E+01  1.19934579E+00  1.18608194E+00  1.19934579E+00
   210  8.40000000E+01  1.19935190E+00  1.18695797E+00  1.19935190E+00
   211  8.44000000E+01  1.19935774E+00  1.18778602E+00  1.19935774E+00
   212  8.48000000E+01  1.19936337E+00  1.18857015E+00  1.19936337E+00
   213  8.52000000E+01  1.19936877E+00  1.18931409E+00  1.19936877E+00
   214  8.56000000E+01  1.19937398E+00  1.19002092E+00  1.19937398E+00
   215  8.60000000E+01  1.19937895E+00  1.19069297E+00  1.19937895E+00
   216  8.64000000E+01  1.19938374E+00  1.19133180E+00  1.19938374E+00
   217  8.68000000E+01  1.19938833E+00  1.19193832E+00  1.19938833E+00
   218  8.72000000E+01  1.19939276E+00  1.19251302E+00  1.19939276E+00
   219  8.76000000E+01  1.19939699E+00  1.19305612E+00  1.19939699E+00
   220  8.80000000E+01  1.19940107E+00  1.19356783E+00  1.19940107E+00
   221  8.84000000E+01  1.19940495E+00  1.19404849E+00  1.19940495E+00
   222  8.88000000E+01  1.19940870E+00  1.19449872E+00  1.19940870E+00
   223  8.92000000E+01  1.19941227E+00  1.19491941E+00  1.19941227E+00
   224  8.96000000E+01  1.19941571E+00  1.19531176E+00  1.19941571E+00
   225  9.00000000E+01  1.19941907E+00  1.19567715E+00  1.19941907E+00
   226  9.04000000E+01  1.19942235E+00  1.19601709E+00  1.19942235E+00
   227  9.08000000E+01  1.19942551E+00  1.19633312E+00  1.19942551E+00
   228  9.12000000E+01  1.19942852E+00  1.19662671E+00  1.19942852E+00
   229  9.16000000E+01  1.19943144E+00  1.19689924E+00  1.19943144E+00
   230  9.20000000E+01  1.19943420E+00  1.19715193E+00  1.19943420E+00
   231  9.24000000E+01  1.19943686E+00  1.19738591E+00  1.19943686E+00
   232  9.28000000E+01  1.19943939E+00  1.19760216E+00  1.19943939E+00
   233  9.32000000E+01  1.19944183E+00  1.19780161E+00  1.19944183E+00
   234  9.36000000E+01  1.19944414E+00  1.19798514E+00  1.19944414E+00
   235  9.40000000E+01  1.19944637E+00  1.19815360E+00  1.19944637E+00
   236  9.44000000E+01  1.19944847E+00  1.19830784E+00  1.19944847E+00
   237  9.48000000E+01  1.19945051E+00  1.19844868E+00  1.19945051E+00
   238  9.52000000E+01  1.19945258E+00  1.19857694E+00  1.19945258E+00
   239  9.56000000E+01  1.19945459E+00  1.19869341E+00  1.19945459E+00
   240  9.60000000E+01  1.19945656E+00  1.19879885E+00  1.19945656E+00
   241  9.64000000E+01  1.19945842E+00  1.19889399E+00  1.19945842E+00
   242  9.68000000E+01  1.19946023E+00  1.19897952E+00  1.19946023E+00
   243  9.72000000E+01  1.19946195E+00  1.19905607E+00  1.19946195E+00
   244  9.76000000E+01  1.19946364E+00  1.19912428E+00  1.19946364E+00
   245  9.80000000E+01  1.19946523E+00  1.19918473E+00  1.19946523E+00
   246  9.84000000E+01  1.19946680E+00  1.19923798E+00  1.19946680E+00
   247  9.88000000E+01  1.19946830E+00  1.19928458E+00  1.19946830E+00
   248  9.92000000E+01  1.19946997E+00  1.19932503E+00  1.19946997E+00
   249  9.96000000E+01  1.19947162E+00  1.19935981E+00  1.19947162E+00
   250  1.00000000E+02  1.19947321E+00  1.19938938E+00  1.19947321E+00
   251  1.00400000E+02  1.19947479E+00  1.19941415E+00  1.19947479E+00
   252  1.00800000E+02  1.19947630E+00  1.19943453E+00  1.19947630E+00
   253  1.01200000E+02  1.19947780E+00  1.19945087E+00  1.19947780E+00
   254  1.01600000E+02  1.19947923E+00  1.19946352E+00  1.19947923E+00
   255  1.02000000E+02  1.19948060E+00  1.19947281E+00  1.19948060E+00
   256  1.02400000E+02  1.19948180E+00  1.19947905E+00  1.19948180E+00
   257  1.02800000E+02  1.19948296E+00  1.19948252E+00  1.19948296E+00
   258  1.03200000E+02  1.19948349E+00  1.19948349E+00  1.19948349E+00
   259  1.03600000E+02  1.19948223E+00  1.19948223E+00  1.19948223E+00
   260  1.04000000E+02  1.19947898E+00  1.19947898E+00  1.19947898E+00
   261  1.04400000E+02  1.19947395E+00  1.19947395E+00  1.19947395E+00
   262  1.04800000E+02  1.19946735E+00  1.19946735E+00  1.19946735E+00
 steady-height stop at step    262: rounded to 4 decimals, rounded max/end/ratio =      11995     11995     11995, max/end/ratio =   1.19946735E+00  1.19946735E+00  1.19946735E+00
