 comppar: model =   2
 comppar: lambda,mobility/eps,betav,eta_0 =  3.0000E+00  0.0000E+00  2.0000E-01  1.0000E+00
 comppar: eta_s,eta_p,G =  2.0000E-01  8.0000E-01  2.6667E-01
 comppar: U_avg,deltat,flowrate,nsteps =  1.0000E-01  2.0000E-01  3.1416E-01    2000
 comppar: geometry = axisymmetric
 comppar: steady stop change,gap,hold,min =  1.0000E-07  1.0000E-03       1      80
 comppar: steady stop truncated decimals =       3
 comppar: ncompc,ncompg =     4     5
 mesh nnodes = 5797
 mesh nelem = 2796
 P1 BC   5.0000000000000000     
 P2 BC   0.0000000000000000     
     1  2.00000000E-01  1.00252623E+00  1.00000000E+00  1.00252623E+00
     2  4.00000000E-01  1.00499931E+00  1.00000000E+00  1.00499931E+00
     3  6.00000000E-01  1.00741003E+00  1.00000000E+00  1.00741003E+00
     4  8.00000000E-01  1.00976292E+00  1.00000000E+00  1.00976292E+00
     5  1.00000000E+00  1.01205845E+00  1.00000000E+00  1.01205845E+00
     6  1.20000000E+00  1.01430365E+00  1.00000000E+00  1.01430365E+00
     7  1.40000000E+00  1.01651641E+00  1.00000000E+00  1.01651641E+00
     8  1.60000000E+00  1.01869689E+00  1.00000000E+00  1.01869689E+00
     9  1.80000000E+00  1.02085104E+00  1.00000000E+00  1.02085104E+00
    10  2.00000000E+00  1.02300837E+00  1.00000000E+00  1.02300837E+00
    11  2.20000000E+00  1.02513947E+00  1.00000001E+00  1.02513947E+00
    12  2.40000000E+00  1.02729745E+00  1.00000001E+00  1.02729745E+00
    13  2.60000000E+00  1.02943668E+00  1.00000001E+00  1.02943668E+00
    14  2.80000000E+00  1.03160570E+00  1.00000001E+00  1.03160570E+00
    15  3.00000000E+00  1.03376939E+00  1.00000001E+00  1.03376939E+00
    16  3.20000000E+00  1.03593936E+00  1.00000001E+00  1.03593936E+00
    17  3.40000000E+00  1.03814234E+00  1.00000001E+00  1.03814234E+00
    18  3.60000000E+00  1.04033671E+00  1.00000001E+00  1.04033671E+00
    19  3.80000000E+00  1.04254861E+00  1.00000001E+00  1.04254861E+00
    20  4.00000000E+00  1.04478671E+00  1.00000001E+00  1.04478671E+00
    21  4.20000000E+00  1.04701644E+00  1.00000001E+00  1.04701644E+00
    22  4.40000000E+00  1.04924428E+00  1.00000001E+00  1.04924428E+00
    23  4.60000000E+00  1.05152445E+00  1.00000001E+00  1.05152445E+00
    24  4.80000000E+00  1.05379512E+00  1.00000001E+00  1.05379512E+00
    25  5.00000000E+00  1.05605455E+00  1.00000000E+00  1.05605455E+00
    26  5.20000000E+00  1.05831714E+00  1.00000000E+00  1.05831714E+00
    27  5.40000000E+00  1.06062082E+00  9.99999998E-01  1.06062082E+00
    28  5.60000000E+00  1.06291095E+00  9.99999995E-01  1.06291095E+00
    29  5.80000000E+00  1.06518580E+00  9.99999991E-01  1.06518580E+00
    30  6.00000000E+00  1.06744382E+00  9.99999987E-01  1.06744382E+00
    31  6.20000000E+00  1.06969487E+00  9.99999981E-01  1.06969487E+00
    32  6.40000000E+00  1.07199448E+00  9.99999976E-01  1.07199448E+00
    33  6.60000000E+00  1.07427526E+00  9.99999969E-01  1.07427526E+00
    34  6.80000000E+00  1.07653595E+00  9.99999962E-01  1.07653595E+00
    35  7.00000000E+00  1.07877549E+00  9.99999953E-01  1.07877549E+00
    36  7.20000000E+00  1.08099301E+00  9.99999944E-01  1.08099301E+00
    37  7.40000000E+00  1.08325372E+00  9.99999934E-01  1.08325372E+00
    38  7.60000000E+00  1.08550060E+00  9.99999923E-01  1.08550060E+00
    39  7.80000000E+00  1.08772387E+00  9.99999910E-01  1.08772387E+00
    40  8.00000000E+00  1.08992302E+00  9.99999897E-01  1.08992302E+00
    41  8.20000000E+00  1.09209769E+00  9.99999882E-01  1.09209769E+00
    42  8.40000000E+00  1.09427717E+00  9.99999866E-01  1.09427717E+00
    43  8.60000000E+00  1.09648213E+00  9.99999848E-01  1.09648213E+00
    44  8.80000000E+00  1.09866160E+00  9.99999829E-01  1.09866160E+00
    45  9.00000000E+00  1.10081554E+00  9.99999808E-01  1.10081554E+00
    46  9.20000000E+00  1.10294412E+00  9.99999786E-01  1.10294412E+00
    47  9.40000000E+00  1.10504768E+00  9.99999762E-01  1.10504768E+00
    48  9.60000000E+00  1.10714942E+00  9.99999736E-01  1.10714942E+00
    49  9.80000000E+00  1.10927574E+00  9.99999708E-01  1.10927574E+00
    50  1.00000000E+01  1.11137635E+00  9.99999678E-01  1.11137635E+00
    51  1.02000000E+01  1.11345173E+00  9.99999646E-01  1.11345173E+00
    52  1.04000000E+01  1.11550244E+00  9.99999612E-01  1.11550244E+00
    53  1.06000000E+01  1.11752901E+00  9.99999575E-01  1.11752901E+00
    54  1.08000000E+01  1.11953189E+00  9.99999536E-01  1.11953189E+00
    55  1.10000000E+01  1.12151571E+00  9.99999494E-01  1.12151571E+00
    56  1.12000000E+01  1.12354325E+00  9.99999449E-01  1.12354325E+00
    57  1.14000000E+01  1.12554609E+00  9.99999401E-01  1.12554609E+00
    58  1.16000000E+01  1.12752457E+00  9.99999350E-01  1.12752457E+00
    59  1.18000000E+01  1.12947897E+00  9.99999296E-01  1.12947897E+00
    60  1.20000000E+01  1.13140953E+00  9.99999239E-01  1.13140953E+00
    61  1.22000000E+01  1.13331648E+00  9.99999178E-01  1.13331648E+00
    62  1.24000000E+01  1.13520013E+00  9.99999113E-01  1.13520013E+00
    63  1.26000000E+01  1.13706086E+00  9.99999044E-01  1.13706086E+00
    64  1.28000000E+01  1.13894324E+00  9.99998971E-01  1.13894324E+00
    65  1.30000000E+01  1.14082167E+00  9.99998894E-01  1.14082167E+00
    66  1.32000000E+01  1.14267661E+00  9.99998813E-01  1.14267661E+00
    67  1.34000000E+01  1.14450853E+00  9.99998727E-01  1.14450853E+00
    68  1.36000000E+01  1.14631805E+00  9.99998636E-01  1.14631805E+00
    69  1.38000000E+01  1.14810575E+00  9.99998539E-01  1.14810575E+00
    70  1.40000000E+01  1.14987204E+00  9.99998438E-01  1.14987204E+00
    71  1.42000000E+01  1.15161704E+00  9.99998331E-01  1.15161704E+00
    72  1.44000000E+01  1.15334030E+00  9.99998218E-01  1.15334030E+00
    73  1.46000000E+01  1.15504066E+00  9.99998099E-01  1.15504066E+00
    74  1.48000000E+01  1.15678184E+00  9.99997974E-01  1.15678184E+00
    75  1.50000000E+01  1.15850497E+00  9.99997842E-01  1.15850497E+00
    76  1.52000000E+01  1.16020520E+00  9.99997703E-01  1.16020520E+00
    77  1.54000000E+01  1.16188099E+00  9.99997557E-01  1.16188099E+00
    78  1.56000000E+01  1.16353004E+00  9.99997404E-01  1.16353004E+00
    79  1.58000000E+01  1.16514925E+00  9.99997243E-01  1.16514925E+00
    80  1.60000000E+01  1.16673482E+00  9.99997074E-01  1.16673482E+00
    81  1.62000000E+01  1.16828239E+00  9.99996897E-01  1.16828239E+00
    82  1.64000000E+01  1.16987325E+00  9.99996710E-01  1.16987325E+00
    83  1.66000000E+01  1.17146717E+00  9.99996515E-01  1.17146717E+00
    84  1.68000000E+01  1.17302603E+00  9.99996310E-01  1.17302603E+00
    85  1.70000000E+01  1.17454521E+00  9.99996096E-01  1.17454521E+00
    86  1.72000000E+01  1.17601987E+00  9.99995871E-01  1.17601987E+00
    87  1.74000000E+01  1.17744524E+00  9.99995635E-01  1.17744524E+00
    88  1.76000000E+01  1.17882777E+00  9.99995389E-01  1.17882777E+00
    89  1.78000000E+01  1.18032714E+00  9.99995131E-01  1.18032714E+00
    90  1.80000000E+01  1.18178205E+00  9.99994862E-01  1.18178205E+00
    91  1.82000000E+01  1.18318816E+00  9.99994580E-01  1.18318816E+00
    92  1.84000000E+01  1.18454161E+00  9.99994285E-01  1.18454161E+00
    93  1.86000000E+01  1.18583925E+00  9.99993977E-01  1.18583925E+00
    94  1.88000000E+01  1.18709795E+00  9.99993655E-01  1.18709795E+00
    95  1.90000000E+01  1.18848931E+00  9.99993319E-01  1.18848931E+00
    96  1.92000000E+01  1.18982729E+00  9.99992969E-01  1.18982729E+00
    97  1.94000000E+01  1.19110877E+00  9.99992603E-01  1.19110877E+00
    98  1.96000000E+01  1.19233166E+00  9.99992221E-01  1.19233166E+00
    99  1.98000000E+01  1.19349511E+00  9.99991823E-01  1.19349511E+00
   100  2.00000000E+01  1.19460961E+00  9.99991408E-01  1.19460961E+00
   101  2.02000000E+01  1.19587621E+00  9.99990976E-01  1.19587621E+00
   102  2.04000000E+01  1.19708576E+00  9.99990525E-01  1.19708576E+00
   103  2.06000000E+01  1.19823752E+00  9.99990056E-01  1.19823752E+00
   104  2.08000000E+01  1.19933183E+00  9.99989567E-01  1.19933183E+00
   105  2.10000000E+01  1.20037005E+00  9.99989059E-01  1.20037005E+00
   106  2.12000000E+01  1.20144416E+00  9.99988530E-01  1.20144416E+00
   107  2.14000000E+01  1.20258057E+00  9.99987979E-01  1.20258057E+00
   108  2.16000000E+01  1.20365942E+00  9.99987406E-01  1.20365942E+00
   109  2.18000000E+01  1.20468237E+00  9.99986811E-01  1.20468237E+00
   110  2.20000000E+01  1.20565194E+00  9.99986192E-01  1.20565194E+00
   111  2.22000000E+01  1.20657126E+00  9.99985549E-01  1.20657126E+00
   112  2.24000000E+01  1.20757280E+00  9.99984881E-01  1.20757280E+00
   113  2.26000000E+01  1.20858746E+00  9.99984188E-01  1.20858746E+00
   114  2.28000000E+01  1.20954958E+00  9.99983467E-01  1.20954958E+00
   115  2.30000000E+01  1.21046192E+00  9.99982720E-01  1.21046192E+00
   116  2.32000000E+01  1.21132760E+00  9.99981944E-01  1.21132760E+00
   117  2.34000000E+01  1.21214977E+00  9.99981140E-01  1.21214977E+00
   118  2.36000000E+01  1.21308256E+00  9.99980306E-01  1.21308256E+00
   119  2.38000000E+01  1.21398150E+00  9.99979441E-01  1.21398150E+00
   120  2.40000000E+01  1.21483464E+00  9.99978544E-01  1.21483464E+00
   121  2.42000000E+01  1.21564526E+00  9.99977615E-01  1.21564526E+00
   122  2.44000000E+01  1.21641645E+00  9.99976653E-01  1.21641645E+00
   123  2.46000000E+01  1.21715199E+00  9.99975657E-01  1.21715199E+00
   124  2.48000000E+01  1.21799832E+00  9.99974625E-01  1.21799832E+00
   125  2.50000000E+01  1.21880196E+00  9.99973557E-01  1.21880196E+00
   126  2.52000000E+01  1.21956583E+00  9.99972452E-01  1.21956583E+00
   127  2.54000000E+01  1.22029260E+00  9.99971309E-01  1.22029260E+00
   128  2.56000000E+01  1.22098461E+00  9.99970127E-01  1.22098461E+00
   129  2.58000000E+01  1.22164385E+00  9.99968905E-01  1.22164385E+00
   130  2.60000000E+01  1.22239473E+00  9.99967642E-01  1.22239473E+00
   131  2.62000000E+01  1.22311248E+00  9.99966336E-01  1.22311248E+00
   132  2.64000000E+01  1.22379630E+00  9.99964988E-01  1.22379630E+00
   133  2.66000000E+01  1.22444805E+00  9.99963596E-01  1.22444805E+00
   134  2.68000000E+01  1.22506926E+00  9.99962159E-01  1.22506926E+00
   135  2.70000000E+01  1.22567118E+00  9.99960675E-01  1.22567118E+00
   136  2.72000000E+01  1.22634726E+00  9.99959145E-01  1.22634726E+00
   137  2.74000000E+01  1.22699106E+00  9.99957566E-01  1.22699106E+00
   138  2.76000000E+01  1.22760424E+00  9.99955938E-01  1.22760424E+00
   139  2.78000000E+01  1.22818821E+00  9.99954261E-01  1.22818821E+00
   140  2.80000000E+01  1.22874415E+00  9.99952532E-01  1.22874415E+00
   141  2.82000000E+01  1.22927312E+00  9.99950751E-01  1.22927312E+00
   142  2.84000000E+01  1.22986416E+00  9.99948916E-01  1.22986416E+00
   143  2.86000000E+01  1.23044209E+00  9.99947028E-01  1.23044209E+00
   144  2.88000000E+01  1.23099233E+00  9.99945085E-01  1.23099233E+00
   145  2.90000000E+01  1.23151585E+00  9.99943086E-01  1.23151585E+00
   146  2.92000000E+01  1.23201357E+00  9.99941029E-01  1.23201357E+00
   147  2.94000000E+01  1.23248639E+00  9.99938915E-01  1.23248639E+00
   148  2.96000000E+01  1.23300851E+00  9.99936743E-01  1.23300851E+00
   149  2.98000000E+01  1.23352523E+00  9.99934510E-01  1.23352523E+00
   150  3.00000000E+01  1.23401655E+00  9.99932218E-01  1.23401655E+00
   151  3.02000000E+01  1.23448342E+00  9.99929864E-01  1.23448342E+00
   152  3.04000000E+01  1.23492680E+00  9.99927449E-01  1.23492680E+00
   153  3.06000000E+01  1.23534765E+00  9.99924971E-01  1.23534765E+00
   154  3.08000000E+01  1.23579470E+00  9.99922429E-01  1.23579470E+00
   155  3.10000000E+01  1.23625690E+00  9.99919825E-01  1.23625690E+00
   156  3.12000000E+01  1.23669575E+00  9.99917156E-01  1.23669575E+00
   157  3.14000000E+01  1.23711219E+00  9.99914422E-01  1.23711219E+00
   158  3.16000000E+01  1.23750724E+00  9.99911623E-01  1.23750724E+00
   159  3.18000000E+01  1.23788191E+00  9.99908759E-01  1.23788191E+00
   160  3.20000000E+01  1.23827571E+00  9.99905830E-01  1.23827571E+00
   161  3.22000000E+01  1.23868742E+00  9.99902835E-01  1.23868742E+00
   162  3.24000000E+01  1.23907809E+00  9.99899774E-01  1.23907809E+00
   163  3.26000000E+01  1.23944871E+00  9.99896648E-01  1.23944871E+00
   164  3.28000000E+01  1.23980025E+00  9.99893457E-01  1.23980025E+00
   165  3.30000000E+01  1.24013373E+00  9.99890200E-01  1.24013373E+00
   166  3.32000000E+01  1.24046639E+00  9.99886879E-01  1.24046639E+00
   167  3.34000000E+01  1.24083322E+00  9.99883494E-01  1.24083322E+00
   168  3.36000000E+01  1.24118113E+00  9.99880046E-01  1.24118113E+00
   169  3.38000000E+01  1.24151112E+00  9.99876535E-01  1.24151112E+00
   170  3.40000000E+01  1.24182419E+00  9.99872963E-01  1.24182419E+00
   171  3.42000000E+01  1.24212131E+00  9.99869330E-01  1.24212131E+00
   172  3.44000000E+01  1.24240773E+00  9.99865639E-01  1.24240773E+00
   173  3.46000000E+01  1.24273437E+00  9.99861891E-01  1.24273437E+00
   174  3.48000000E+01  1.24304426E+00  9.99858087E-01  1.24304426E+00
   175  3.50000000E+01  1.24333832E+00  9.99854230E-01  1.24333832E+00
   176  3.52000000E+01  1.24361744E+00  9.99850322E-01  1.24361744E+00
   177  3.54000000E+01  1.24388249E+00  9.99846365E-01  1.24388249E+00
   178  3.56000000E+01  1.24413427E+00  9.99842363E-01  1.24413427E+00
   179  3.58000000E+01  1.24440614E+00  9.99838318E-01  1.24440614E+00
   180  3.60000000E+01  1.24468254E+00  9.99834234E-01  1.24468254E+00
   181  3.62000000E+01  1.24494502E+00  9.99830115E-01  1.24494502E+00
   182  3.64000000E+01  1.24519438E+00  9.99825964E-01  1.24519438E+00
   183  3.66000000E+01  1.24543136E+00  9.99821786E-01  1.24543136E+00
   184  3.68000000E+01  1.24565665E+00  9.99817586E-01  1.24565665E+00
   185  3.70000000E+01  1.24588346E+00  9.99813370E-01  1.24588346E+00
   186  3.72000000E+01  1.24613028E+00  9.99809141E-01  1.24613028E+00
   187  3.74000000E+01  1.24636480E+00  9.99804908E-01  1.24636480E+00
   188  3.76000000E+01  1.24658772E+00  9.99800675E-01  1.24658772E+00
   189  3.78000000E+01  1.24679966E+00  9.99796450E-01  1.24679966E+00
   190  3.80000000E+01  1.24700123E+00  9.99792240E-01  1.24700123E+00
   191  3.82000000E+01  1.24719295E+00  9.99788053E-01  1.24719295E+00
   192  3.84000000E+01  1.24739712E+00  9.99783898E-01  1.24739712E+00
   193  3.86000000E+01  1.24760722E+00  9.99779783E-01  1.24760722E+00
   194  3.88000000E+01  1.24780705E+00  9.99775718E-01  1.24780705E+00
   195  3.90000000E+01  1.24799713E+00  9.99771714E-01  1.24799713E+00
   196  3.92000000E+01  1.24817797E+00  9.99767780E-01  1.24817797E+00
   197  3.94000000E+01  1.24835002E+00  9.99763930E-01  1.24835002E+00
   198  3.96000000E+01  1.24851373E+00  9.99760175E-01  1.24851373E+00
   199  3.98000000E+01  1.24870064E+00  9.99756528E-01  1.24870064E+00
   200  4.00000000E+01  1.24887963E+00  9.99753004E-01  1.24887963E+00
   201  4.02000000E+01  1.24904992E+00  9.99749618E-01  1.24904992E+00
   202  4.04000000E+01  1.24921195E+00  9.99746384E-01  1.24921195E+00
   203  4.06000000E+01  1.24936612E+00  9.99743321E-01  1.24936612E+00
   204  4.08000000E+01  1.24951282E+00  9.99740445E-01  1.24951282E+00
   205  4.10000000E+01  1.24965388E+00  9.99737775E-01  1.24965388E+00
   206  4.12000000E+01  1.24981462E+00  9.99735330E-01  1.24981462E+00
   207  4.14000000E+01  1.24996756E+00  9.99733132E-01  1.24996756E+00
   208  4.16000000E+01  1.25011308E+00  9.99731203E-01  1.25011308E+00
   209  4.18000000E+01  1.25025154E+00  9.99729565E-01  1.25025154E+00
   210  4.20000000E+01  1.25038326E+00  9.99728243E-01  1.25038326E+00
   211  4.22000000E+01  1.25050857E+00  9.99727262E-01  1.25050857E+00
   212  4.24000000E+01  1.25063437E+00  9.99726649E-01  1.25063437E+00
   213  4.26000000E+01  1.25077150E+00  9.99726433E-01  1.25077150E+00
   214  4.28000000E+01  1.25090197E+00  9.99726643E-01  1.25090197E+00
   215  4.30000000E+01  1.25102609E+00  9.99727310E-01  1.25102609E+00
   216  4.32000000E+01  1.25114417E+00  9.99728467E-01  1.25114417E+00
   217  4.34000000E+01  1.25125648E+00  9.99730149E-01  1.25125648E+00
   218  4.36000000E+01  1.25136331E+00  9.99732392E-01  1.25136331E+00
   219  4.38000000E+01  1.25146995E+00  9.99735234E-01  1.25146995E+00
   220  4.40000000E+01  1.25158712E+00  9.99738714E-01  1.25158712E+00
   221  4.42000000E+01  1.25169856E+00  9.99742875E-01  1.25169856E+00
   222  4.44000000E+01  1.25180454E+00  9.99747760E-01  1.25180454E+00
   223  4.46000000E+01  1.25190533E+00  9.99753415E-01  1.25190533E+00
   224  4.48000000E+01  1.25200115E+00  9.99759889E-01  1.25200115E+00
   225  4.50000000E+01  1.25209226E+00  9.99767231E-01  1.25209226E+00
   226  4.52000000E+01  1.25218394E+00  9.99775495E-01  1.25218394E+00
   227  4.54000000E+01  1.25228382E+00  9.99784735E-01  1.25228382E+00
   228  4.56000000E+01  1.25237878E+00  9.99795010E-01  1.25237878E+00
   229  4.58000000E+01  1.25246906E+00  9.99806380E-01  1.25246906E+00
   230  4.60000000E+01  1.25255486E+00  9.99818907E-01  1.25255486E+00
   231  4.62000000E+01  1.25263640E+00  9.99832659E-01  1.25263640E+00
   232  4.64000000E+01  1.25271387E+00  9.99847704E-01  1.25271387E+00
   233  4.66000000E+01  1.25278885E+00  9.99864113E-01  1.25278885E+00
   234  4.68000000E+01  1.25287400E+00  9.99881963E-01  1.25287400E+00
   235  4.70000000E+01  1.25295492E+00  9.99901332E-01  1.25295492E+00
   236  4.72000000E+01  1.25303179E+00  9.99922301E-01  1.25303179E+00
   237  4.74000000E+01  1.25310480E+00  9.99944957E-01  1.25310480E+00
   238  4.76000000E+01  1.25317413E+00  9.99969387E-01  1.25317413E+00
   239  4.78000000E+01  1.25323995E+00  9.99995686E-01  1.25323995E+00
   240  4.80000000E+01  1.25330241E+00  1.00002395E+00  1.25330241E+00
   241  4.82000000E+01  1.25337422E+00  1.00005428E+00  1.25337422E+00
   242  4.84000000E+01  1.25344294E+00  1.00008678E+00  1.25344294E+00
   243  4.86000000E+01  1.25350817E+00  1.00012155E+00  1.25350817E+00
   244  4.88000000E+01  1.25357007E+00  1.00015872E+00  1.25357007E+00
   245  4.90000000E+01  1.25362879E+00  1.00019840E+00  1.25362879E+00
   246  4.92000000E+01  1.25368447E+00  1.00024072E+00  1.25368447E+00
   247  4.94000000E+01  1.25373727E+00  1.00028579E+00  1.25373727E+00
   248  4.96000000E+01  1.25379362E+00  1.00033376E+00  1.25379362E+00
   249  4.98000000E+01  1.25385189E+00  1.00038476E+00  1.25385189E+00
   250  5.00000000E+01  1.25390715E+00  1.00043893E+00  1.25390715E+00
   251  5.02000000E+01  1.25395954E+00  1.00049643E+00  1.25395954E+00
   252  5.04000000E+01  1.25400918E+00  1.00055740E+00  1.25400918E+00
   253  5.06000000E+01  1.25405619E+00  1.00062201E+00  1.25405619E+00
   254  5.08000000E+01  1.25410072E+00  1.00069043E+00  1.25410072E+00
   255  5.10000000E+01  1.25414466E+00  1.00076282E+00  1.25414466E+00
   256  5.12000000E+01  1.25419386E+00  1.00083937E+00  1.25419386E+00
   257  5.14000000E+01  1.25424046E+00  1.00092026E+00  1.25424046E+00
   258  5.16000000E+01  1.25428458E+00  1.00100568E+00  1.25428458E+00
   259  5.18000000E+01  1.25432634E+00  1.00109584E+00  1.25432634E+00
   260  5.20000000E+01  1.25436585E+00  1.00119094E+00  1.25436585E+00
   261  5.22000000E+01  1.25440321E+00  1.00129120E+00  1.25440321E+00
   262  5.24000000E+01  1.25443854E+00  1.00139684E+00  1.25443854E+00
   263  5.26000000E+01  1.25447708E+00  1.00150809E+00  1.25447708E+00
   264  5.28000000E+01  1.25451628E+00  1.00162518E+00  1.25451628E+00
   265  5.30000000E+01  1.25455335E+00  1.00174837E+00  1.25455335E+00
   266  5.32000000E+01  1.25458839E+00  1.00187790E+00  1.25458839E+00
   267  5.34000000E+01  1.25462150E+00  1.00201405E+00  1.25462150E+00
   268  5.36000000E+01  1.25465277E+00  1.00215708E+00  1.25465277E+00
   269  5.38000000E+01  1.25468230E+00  1.00230727E+00  1.25468230E+00
   270  5.40000000E+01  1.25471085E+00  1.00246492E+00  1.25471085E+00
   271  5.42000000E+01  1.25474367E+00  1.00263032E+00  1.25474367E+00
   272  5.44000000E+01  1.25477466E+00  1.00280379E+00  1.25477466E+00
   273  5.46000000E+01  1.25480391E+00  1.00298563E+00  1.25480391E+00
   274  5.48000000E+01  1.25483152E+00  1.00317619E+00  1.25483152E+00
   275  5.50000000E+01  1.25485756E+00  1.00337580E+00  1.25485756E+00
   276  5.52000000E+01  1.25488211E+00  1.00358481E+00  1.25488211E+00
   277  5.54000000E+01  1.25490525E+00  1.00380358E+00  1.25490525E+00
   278  5.56000000E+01  1.25492856E+00  1.00403248E+00  1.25492856E+00
   279  5.58000000E+01  1.25495439E+00  1.00427189E+00  1.25495439E+00
   280  5.60000000E+01  1.25497875E+00  1.00452221E+00  1.25497875E+00
   281  5.62000000E+01  1.25500170E+00  1.00478384E+00  1.25500170E+00
   282  5.64000000E+01  1.25502333E+00  1.00505720E+00  1.25502333E+00
   283  5.66000000E+01  1.25504369E+00  1.00534271E+00  1.25504369E+00
   284  5.68000000E+01  1.25506286E+00  1.00564081E+00  1.25506286E+00
   285  5.70000000E+01  1.25508090E+00  1.00595195E+00  1.25508090E+00
   286  5.72000000E+01  1.25509945E+00  1.00627658E+00  1.25509945E+00
   287  5.74000000E+01  1.25511962E+00  1.00661518E+00  1.25511962E+00
   288  5.76000000E+01  1.25513861E+00  1.00696824E+00  1.25513861E+00
   289  5.78000000E+01  1.25515648E+00  1.00733624E+00  1.25515648E+00
   290  5.80000000E+01  1.25517327E+00  1.00771969E+00  1.25517327E+00
   291  5.82000000E+01  1.25518907E+00  1.00811911E+00  1.25518907E+00
   292  5.84000000E+01  1.25520390E+00  1.00853503E+00  1.25520390E+00
   293  5.86000000E+01  1.25521784E+00  1.00896799E+00  1.25521784E+00
   294  5.88000000E+01  1.25523117E+00  1.00941853E+00  1.25523117E+00
   295  5.90000000E+01  1.25524683E+00  1.00988722E+00  1.25524683E+00
   296  5.92000000E+01  1.25526155E+00  1.01037464E+00  1.25526155E+00
   297  5.94000000E+01  1.25527537E+00  1.01088136E+00  1.25527537E+00
   298  5.96000000E+01  1.25528835E+00  1.01140798E+00  1.25528835E+00
   299  5.98000000E+01  1.25530052E+00  1.01195511E+00  1.25530052E+00
   300  6.00000000E+01  1.25531194E+00  1.01252335E+00  1.25531194E+00
   301  6.02000000E+01  1.25532265E+00  1.01311332E+00  1.25532265E+00
   302  6.04000000E+01  1.25533268E+00  1.01372566E+00  1.25533268E+00
   303  6.06000000E+01  1.25534337E+00  1.01436100E+00  1.25534337E+00
   304  6.08000000E+01  1.25535467E+00  1.01501999E+00  1.25535467E+00
   305  6.10000000E+01  1.25536527E+00  1.01570326E+00  1.25536527E+00
   306  6.12000000E+01  1.25537520E+00  1.01641148E+00  1.25537520E+00
   307  6.14000000E+01  1.25538451E+00  1.01714529E+00  1.25538451E+00
   308  6.16000000E+01  1.25539321E+00  1.01790535E+00  1.25539321E+00
   309  6.18000000E+01  1.25540136E+00  1.01869233E+00  1.25540136E+00
   310  6.20000000E+01  1.25540898E+00  1.01950687E+00  1.25540898E+00
   311  6.22000000E+01  1.25541611E+00  1.02034963E+00  1.25541611E+00
   312  6.24000000E+01  1.25542319E+00  1.02122126E+00  1.25542319E+00
   313  6.26000000E+01  1.25543127E+00  1.02212242E+00  1.25543127E+00
   314  6.28000000E+01  1.25543883E+00  1.02305373E+00  1.25543883E+00
   315  6.30000000E+01  1.25544589E+00  1.02401583E+00  1.25544589E+00
   316  6.32000000E+01  1.25545249E+00  1.02500935E+00  1.25545249E+00
   317  6.34000000E+01  1.25545866E+00  1.02603488E+00  1.25545866E+00
   318  6.36000000E+01  1.25546441E+00  1.02709304E+00  1.25546441E+00
   319  6.38000000E+01  1.25546978E+00  1.02818439E+00  1.25546978E+00
   320  6.40000000E+01  1.25547478E+00  1.02930952E+00  1.25547478E+00
   321  6.42000000E+01  1.25547944E+00  1.03046895E+00  1.25547944E+00
   322  6.44000000E+01  1.25548379E+00  1.03166321E+00  1.25548379E+00
   323  6.46000000E+01  1.25548905E+00  1.03289282E+00  1.25548905E+00
   324  6.48000000E+01  1.25549400E+00  1.03415823E+00  1.25549400E+00
   325  6.50000000E+01  1.25549861E+00  1.03545990E+00  1.25549861E+00
   326  6.52000000E+01  1.25550291E+00  1.03679825E+00  1.25550291E+00
   327  6.54000000E+01  1.25550691E+00  1.03817364E+00  1.25550691E+00
   328  6.56000000E+01  1.25551062E+00  1.03958644E+00  1.25551062E+00
   329  6.58000000E+01  1.25551408E+00  1.04103695E+00  1.25551408E+00
   330  6.60000000E+01  1.25551729E+00  1.04252544E+00  1.25551729E+00
   331  6.62000000E+01  1.25552027E+00  1.04405211E+00  1.25552027E+00
   332  6.64000000E+01  1.25552304E+00  1.04561716E+00  1.25552304E+00
   333  6.66000000E+01  1.25552560E+00  1.04722069E+00  1.25552560E+00
   334  6.68000000E+01  1.25552797E+00  1.04886278E+00  1.25552797E+00
   335  6.70000000E+01  1.25553053E+00  1.05054344E+00  1.25553053E+00
   336  6.72000000E+01  1.25553327E+00  1.05226263E+00  1.25553327E+00
   337  6.74000000E+01  1.25553581E+00  1.05402023E+00  1.25553581E+00
   338  6.76000000E+01  1.25553817E+00  1.05581608E+00  1.25553817E+00
   339  6.78000000E+01  1.25554034E+00  1.05764993E+00  1.25554034E+00
   340  6.80000000E+01  1.25554236E+00  1.05952147E+00  1.25554236E+00
   341  6.82000000E+01  1.25554422E+00  1.06143034E+00  1.25554422E+00
   342  6.84000000E+01  1.25554594E+00  1.06337607E+00  1.25554594E+00
   343  6.86000000E+01  1.25554752E+00  1.06535816E+00  1.25554752E+00
   344  6.88000000E+01  1.25554898E+00  1.06737599E+00  1.25554898E+00
   345  6.90000000E+01  1.25555033E+00  1.06942891E+00  1.25555033E+00
   346  6.92000000E+01  1.25555156E+00  1.07151617E+00  1.25555156E+00
   347  6.94000000E+01  1.25555270E+00  1.07363693E+00  1.25555270E+00
   348  6.96000000E+01  1.25555374E+00  1.07579032E+00  1.25555374E+00
   349  6.98000000E+01  1.25555470E+00  1.07797536E+00  1.25555470E+00
   350  7.00000000E+01  1.25555557E+00  1.08019102E+00  1.25555557E+00
   351  7.02000000E+01  1.25555637E+00  1.08243616E+00  1.25555637E+00
   352  7.04000000E+01  1.25555709E+00  1.08470962E+00  1.25555709E+00
   353  7.06000000E+01  1.25555776E+00  1.08701014E+00  1.25555776E+00
   354  7.08000000E+01  1.25555850E+00  1.08933640E+00  1.25555850E+00
   355  7.10000000E+01  1.25555928E+00  1.09168702E+00  1.25555928E+00
   356  7.12000000E+01  1.25556000E+00  1.09406056E+00  1.25556000E+00
   357  7.14000000E+01  1.25556065E+00  1.09645551E+00  1.25556065E+00
   358  7.16000000E+01  1.25556124E+00  1.09887032E+00  1.25556124E+00
   359  7.18000000E+01  1.25556178E+00  1.10130339E+00  1.25556178E+00
   360  7.20000000E+01  1.25556226E+00  1.10375306E+00  1.25556226E+00
   361  7.22000000E+01  1.25556270E+00  1.10621763E+00  1.25556270E+00
   362  7.24000000E+01  1.25556310E+00  1.10869538E+00  1.25556310E+00
   363  7.26000000E+01  1.25556345E+00  1.11118455E+00  1.25556345E+00
   364  7.28000000E+01  1.25556377E+00  1.11368333E+00  1.25556377E+00
   365  7.30000000E+01  1.25556405E+00  1.11618993E+00  1.25556405E+00
   366  7.32000000E+01  1.25556430E+00  1.11870251E+00  1.25556430E+00
   367  7.34000000E+01  1.25556452E+00  1.12121925E+00  1.25556452E+00
   368  7.36000000E+01  1.25556471E+00  1.12373830E+00  1.25556471E+00
   369  7.38000000E+01  1.25556488E+00  1.12625785E+00  1.25556488E+00
   370  7.40000000E+01  1.25556503E+00  1.12877606E+00  1.25556503E+00
   371  7.42000000E+01  1.25556515E+00  1.13129114E+00  1.25556515E+00
   372  7.44000000E+01  1.25556526E+00  1.13380130E+00  1.25556526E+00
   373  7.46000000E+01  1.25556535E+00  1.13630479E+00  1.25556535E+00
   374  7.48000000E+01  1.25556542E+00  1.13879991E+00  1.25556542E+00
   375  7.50000000E+01  1.25556548E+00  1.14128497E+00  1.25556548E+00
   376  7.52000000E+01  1.25556553E+00  1.14375836E+00  1.25556553E+00
   377  7.54000000E+01  1.25556556E+00  1.14621849E+00  1.25556556E+00
   378  7.56000000E+01  1.25556559E+00  1.14866387E+00  1.25556559E+00
   379  7.58000000E+01  1.25556560E+00  1.15109305E+00  1.25556560E+00
   380  7.60000000E+01  1.25556560E+00  1.15350465E+00  1.25556560E+00
   381  7.62000000E+01  1.25556560E+00  1.15589738E+00  1.25556560E+00
   382  7.64000000E+01  1.25556559E+00  1.15827003E+00  1.25556559E+00
   383  7.66000000E+01  1.25556557E+00  1.16062145E+00  1.25556557E+00
   384  7.68000000E+01  1.25556555E+00  1.16295062E+00  1.25556555E+00
   385  7.70000000E+01  1.25556553E+00  1.16525658E+00  1.25556553E+00
   386  7.72000000E+01  1.25556549E+00  1.16753846E+00  1.25556549E+00
   387  7.74000000E+01  1.25556546E+00  1.16979552E+00  1.25556546E+00
   388  7.76000000E+01  1.25556542E+00  1.17202706E+00  1.25556542E+00
   389  7.78000000E+01  1.25556538E+00  1.17423251E+00  1.25556538E+00
   390  7.80000000E+01  1.25556534E+00  1.17641137E+00  1.25556534E+00
   391  7.82000000E+01  1.25556529E+00  1.17856322E+00  1.25556529E+00
   392  7.84000000E+01  1.25556524E+00  1.18068774E+00  1.25556524E+00
   393  7.86000000E+01  1.25556520E+00  1.18278469E+00  1.25556520E+00
   394  7.88000000E+01  1.25556515E+00  1.18485389E+00  1.25556515E+00
   395  7.90000000E+01  1.25556509E+00  1.18689524E+00  1.25556509E+00
   396  7.92000000E+01  1.25556504E+00  1.18890872E+00  1.25556504E+00
   397  7.94000000E+01  1.25556499E+00  1.19089438E+00  1.25556499E+00
   398  7.96000000E+01  1.25556494E+00  1.19285231E+00  1.25556494E+00
   399  7.98000000E+01  1.25556489E+00  1.19478268E+00  1.25556489E+00
   400  8.00000000E+01  1.25556484E+00  1.19668572E+00  1.25556484E+00
   401  8.02000000E+01  1.25556479E+00  1.19856170E+00  1.25556479E+00
   402  8.04000000E+01  1.25556474E+00  1.20041091E+00  1.25556474E+00
   403  8.06000000E+01  1.25556469E+00  1.20223367E+00  1.25556469E+00
   404  8.08000000E+01  1.25556464E+00  1.20403031E+00  1.25556464E+00
   405  8.10000000E+01  1.25556459E+00  1.20580113E+00  1.25556459E+00
   406  8.12000000E+01  1.25556454E+00  1.20754638E+00  1.25556454E+00
   407  8.14000000E+01  1.25556449E+00  1.20926624E+00  1.25556449E+00
   408  8.16000000E+01  1.25556445E+00  1.21096080E+00  1.25556445E+00
   409  8.18000000E+01  1.25556440E+00  1.21262999E+00  1.25556440E+00
   410  8.20000000E+01  1.25556436E+00  1.21427360E+00  1.25556436E+00
   411  8.22000000E+01  1.25556431E+00  1.21589121E+00  1.25556431E+00
   412  8.24000000E+01  1.25556427E+00  1.21748220E+00  1.25556427E+00
   413  8.26000000E+01  1.25556423E+00  1.21904572E+00  1.25556423E+00
   414  8.28000000E+01  1.25556419E+00  1.22058068E+00  1.25556419E+00
   415  8.30000000E+01  1.25556415E+00  1.22208576E+00  1.25556415E+00
   416  8.32000000E+01  1.25556411E+00  1.22355942E+00  1.25556411E+00
   417  8.34000000E+01  1.25556408E+00  1.22499995E+00  1.25556408E+00
   418  8.36000000E+01  1.25556404E+00  1.22640547E+00  1.25556404E+00
   419  8.38000000E+01  1.25556401E+00  1.22777398E+00  1.25556401E+00
   420  8.40000000E+01  1.25556397E+00  1.22910346E+00  1.25556397E+00
   421  8.42000000E+01  1.25556394E+00  1.23039190E+00  1.25556394E+00
   422  8.44000000E+01  1.25556391E+00  1.23163734E+00  1.25556391E+00
   423  8.46000000E+01  1.25556388E+00  1.23283802E+00  1.25556388E+00
   424  8.48000000E+01  1.25556385E+00  1.23399234E+00  1.25556385E+00
   425  8.50000000E+01  1.25556382E+00  1.23509903E+00  1.25556382E+00
   426  8.52000000E+01  1.25556379E+00  1.23615711E+00  1.25556379E+00
   427  8.54000000E+01  1.25556377E+00  1.23716599E+00  1.25556377E+00
   428  8.56000000E+01  1.25556374E+00  1.23812547E+00  1.25556374E+00
   429  8.58000000E+01  1.25556372E+00  1.23903577E+00  1.25556372E+00
   430  8.60000000E+01  1.25556369E+00  1.23989752E+00  1.25556369E+00
   431  8.62000000E+01  1.25556367E+00  1.24071173E+00  1.25556367E+00
   432  8.64000000E+01  1.25556365E+00  1.24147980E+00  1.25556365E+00
   433  8.66000000E+01  1.25556363E+00  1.24220344E+00  1.25556363E+00
   434  8.68000000E+01  1.25556361E+00  1.24288465E+00  1.25556361E+00
   435  8.70000000E+01  1.25556359E+00  1.24352563E+00  1.25556359E+00
   436  8.72000000E+01  1.25556357E+00  1.24412874E+00  1.25556357E+00
   437  8.74000000E+01  1.25556355E+00  1.24469641E+00  1.25556355E+00
   438  8.76000000E+01  1.25556354E+00  1.24523113E+00  1.25556354E+00
   439  8.78000000E+01  1.25556352E+00  1.24573533E+00  1.25556352E+00
   440  8.80000000E+01  1.25556350E+00  1.24621136E+00  1.25556350E+00
   441  8.82000000E+01  1.25556349E+00  1.24666146E+00  1.25556349E+00
   442  8.84000000E+01  1.25556347E+00  1.24708768E+00  1.25556347E+00
   443  8.86000000E+01  1.25556346E+00  1.24749191E+00  1.25556346E+00
   444  8.88000000E+01  1.25556345E+00  1.24787583E+00  1.25556345E+00
   445  8.90000000E+01  1.25556344E+00  1.24824094E+00  1.25556344E+00
   446  8.92000000E+01  1.25556342E+00  1.24858852E+00  1.25556342E+00
   447  8.94000000E+01  1.25556341E+00  1.24891967E+00  1.25556341E+00
   448  8.96000000E+01  1.25556340E+00  1.24923535E+00  1.25556340E+00
   449  8.98000000E+01  1.25556339E+00  1.24953635E+00  1.25556339E+00
   450  9.00000000E+01  1.25556338E+00  1.24982335E+00  1.25556338E+00
   451  9.02000000E+01  1.25556337E+00  1.25009695E+00  1.25556337E+00
   452  9.04000000E+01  1.25556336E+00  1.25035765E+00  1.25556336E+00
   453  9.06000000E+01  1.25556335E+00  1.25060594E+00  1.25556335E+00
   454  9.08000000E+01  1.25556334E+00  1.25084226E+00  1.25556334E+00
   455  9.10000000E+01  1.25556334E+00  1.25106703E+00  1.25556334E+00
   456  9.12000000E+01  1.25556333E+00  1.25128069E+00  1.25556333E+00
   457  9.14000000E+01  1.25556332E+00  1.25148366E+00  1.25556332E+00
   458  9.16000000E+01  1.25556331E+00  1.25167640E+00  1.25556331E+00
   459  9.18000000E+01  1.25556331E+00  1.25185934E+00  1.25556331E+00
   460  9.20000000E+01  1.25556330E+00  1.25203296E+00  1.25556330E+00
   461  9.22000000E+01  1.25556330E+00  1.25219771E+00  1.25556330E+00
   462  9.24000000E+01  1.25556329E+00  1.25235407E+00  1.25556329E+00
   463  9.26000000E+01  1.25556328E+00  1.25250249E+00  1.25556328E+00
   464  9.28000000E+01  1.25556328E+00  1.25264342E+00  1.25556328E+00
   465  9.30000000E+01  1.25556327E+00  1.25277729E+00  1.25556327E+00
   466  9.32000000E+01  1.25556327E+00  1.25290451E+00  1.25556327E+00
   467  9.34000000E+01  1.25556326E+00  1.25302546E+00  1.25556326E+00
   468  9.36000000E+01  1.25556326E+00  1.25314050E+00  1.25556326E+00
   469  9.38000000E+01  1.25556326E+00  1.25324995E+00  1.25556326E+00
   470  9.40000000E+01  1.25556325E+00  1.25335412E+00  1.25556325E+00
   471  9.42000000E+01  1.25556325E+00  1.25345327E+00  1.25556325E+00
   472  9.44000000E+01  1.25556325E+00  1.25354767E+00  1.25556325E+00
   473  9.46000000E+01  1.25556324E+00  1.25363752E+00  1.25556324E+00
   474  9.48000000E+01  1.25556324E+00  1.25372303E+00  1.25556324E+00
   475  9.50000000E+01  1.25556324E+00  1.25380440E+00  1.25556324E+00
   476  9.52000000E+01  1.25556323E+00  1.25388180E+00  1.25556323E+00
   477  9.54000000E+01  1.25556323E+00  1.25395539E+00  1.25556323E+00
   478  9.56000000E+01  1.25556323E+00  1.25402532E+00  1.25556323E+00
   479  9.58000000E+01  1.25556323E+00  1.25409175E+00  1.25556323E+00
   480  9.60000000E+01  1.25556322E+00  1.25415481E+00  1.25556322E+00
   481  9.62000000E+01  1.25556322E+00  1.25421465E+00  1.25556322E+00
   482  9.64000000E+01  1.25556322E+00  1.25427139E+00  1.25556322E+00
   483  9.66000000E+01  1.25556322E+00  1.25432518E+00  1.25556322E+00
   484  9.68000000E+01  1.25556322E+00  1.25437614E+00  1.25556322E+00
   485  9.70000000E+01  1.25556321E+00  1.25442440E+00  1.25556321E+00
   486  9.72000000E+01  1.25556321E+00  1.25447008E+00  1.25556321E+00
   487  9.74000000E+01  1.25556321E+00  1.25451330E+00  1.25556321E+00
   488  9.76000000E+01  1.25556321E+00  1.25455418E+00  1.25556321E+00
   489  9.78000000E+01  1.25556321E+00  1.25459284E+00  1.25556321E+00
   490  9.80000000E+01  1.25556321E+00  1.25462937E+00  1.25556321E+00
   491  9.82000000E+01  1.25556320E+00  1.25466389E+00  1.25556320E+00
   492  9.84000000E+01  1.25556320E+00  1.25469650E+00  1.25556320E+00
   493  9.86000000E+01  1.25556320E+00  1.25472729E+00  1.25556320E+00
   494  9.88000000E+01  1.25556320E+00  1.25475634E+00  1.25556320E+00
   495  9.90000000E+01  1.25556320E+00  1.25478376E+00  1.25556320E+00
   496  9.92000000E+01  1.25556320E+00  1.25480962E+00  1.25556320E+00
   497  9.94000000E+01  1.25556320E+00  1.25483399E+00  1.25556320E+00
   498  9.96000000E+01  1.25556320E+00  1.25485696E+00  1.25556320E+00
   499  9.98000000E+01  1.25556320E+00  1.25487860E+00  1.25556320E+00
   500  1.00000000E+02  1.25556320E+00  1.25489897E+00  1.25556320E+00
   501  1.00200000E+02  1.25556319E+00  1.25491814E+00  1.25556319E+00
   502  1.00400000E+02  1.25556319E+00  1.25493617E+00  1.25556319E+00
   503  1.00600000E+02  1.25556319E+00  1.25495312E+00  1.25556319E+00
   504  1.00800000E+02  1.25556319E+00  1.25496905E+00  1.25556319E+00
   505  1.01000000E+02  1.25556319E+00  1.25498402E+00  1.25556319E+00
   506  1.01200000E+02  1.25556319E+00  1.25499807E+00  1.25556319E+00
   507  1.01400000E+02  1.25556319E+00  1.25501126E+00  1.25556319E+00
 steady-height stop at step    507: truncated to 3 decimals, truncated max/end/ratio =       1255      1255      1255, max/end/ratio =   1.25556319E+00  1.25501126E+00  1.25556319E+00
