 comppar: model =   2
 comppar: lambda,mobility/eps,betav,eta_0 =  5.0000E-01  0.0000E+00  7.0000E-02  1.0000E+00
 comppar: eta_s,eta_p,G =  7.0000E-02  9.3000E-01  1.8600E+00
 comppar: U_avg,deltat,flowrate,nsteps =  1.0000E-01  2.0000E-01  3.1416E-01    2000
 comppar: geometry = axisymmetric
 comppar: steady stop change,gap,hold,min =  1.0000E-07  1.0000E-03       1      80
 comppar: steady stop truncated decimals =       3
 comppar: ncompc,ncompg =     4     5
 mesh nnodes = 5797
 mesh nelem = 2796
 P1 BC   5.0000000000000000     
 P2 BC   0.0000000000000000     
     1  2.00000000E-01  1.00252678E+00  1.00000000E+00  1.00252678E+00
     2  4.00000000E-01  1.00497434E+00  1.00000000E+00  1.00497434E+00
     3  6.00000000E-01  1.00732593E+00  1.00000000E+00  1.00732593E+00
     4  8.00000000E-01  1.00963500E+00  1.00000000E+00  1.00963500E+00
     5  1.00000000E+00  1.01191389E+00  1.00000000E+00  1.01191389E+00
     6  1.20000000E+00  1.01416464E+00  1.00000000E+00  1.01416464E+00
     7  1.40000000E+00  1.01638810E+00  1.00000000E+00  1.01638810E+00
     8  1.60000000E+00  1.01859364E+00  1.00000000E+00  1.01859364E+00
     9  1.80000000E+00  1.02076400E+00  1.00000000E+00  1.02076400E+00
    10  2.00000000E+00  1.02292389E+00  1.00000000E+00  1.02292389E+00
    11  2.20000000E+00  1.02503868E+00  1.00000001E+00  1.02503868E+00
    12  2.40000000E+00  1.02714629E+00  1.00000001E+00  1.02714629E+00
    13  2.60000000E+00  1.02921020E+00  1.00000001E+00  1.02921020E+00
    14  2.80000000E+00  1.03126151E+00  1.00000001E+00  1.03126151E+00
    15  3.00000000E+00  1.03327516E+00  1.00000001E+00  1.03327516E+00
    16  3.20000000E+00  1.03525788E+00  1.00000001E+00  1.03525788E+00
    17  3.40000000E+00  1.03722961E+00  1.00000001E+00  1.03722961E+00
    18  3.60000000E+00  1.03914439E+00  1.00000001E+00  1.03914439E+00
    19  3.80000000E+00  1.04107122E+00  1.00000000E+00  1.04107122E+00
    20  4.00000000E+00  1.04294469E+00  1.00000000E+00  1.04294469E+00
    21  4.20000000E+00  1.04478460E+00  1.00000000E+00  1.04478460E+00
    22  4.40000000E+00  1.04662806E+00  9.99999999E-01  1.04662806E+00
    23  4.60000000E+00  1.04841033E+00  9.99999997E-01  1.04841033E+00
    24  4.80000000E+00  1.05018616E+00  9.99999994E-01  1.05018616E+00
    25  5.00000000E+00  1.05193991E+00  9.99999990E-01  1.05193991E+00
    26  5.20000000E+00  1.05362904E+00  9.99999986E-01  1.05362904E+00
    27  5.40000000E+00  1.05532211E+00  9.99999981E-01  1.05532211E+00
    28  5.60000000E+00  1.05699737E+00  9.99999975E-01  1.05699737E+00
    29  5.80000000E+00  1.05860572E+00  9.99999969E-01  1.05860572E+00
    30  6.00000000E+00  1.06022532E+00  9.99999961E-01  1.06022532E+00
    31  6.20000000E+00  1.06182156E+00  9.99999953E-01  1.06182156E+00
    32  6.40000000E+00  1.06334860E+00  9.99999943E-01  1.06334860E+00
    33  6.60000000E+00  1.06487057E+00  9.99999933E-01  1.06487057E+00
    34  6.80000000E+00  1.06640361E+00  9.99999921E-01  1.06640361E+00
    35  7.00000000E+00  1.06786617E+00  9.99999908E-01  1.06786617E+00
    36  7.20000000E+00  1.06928293E+00  9.99999893E-01  1.06928293E+00
    37  7.40000000E+00  1.07075280E+00  9.99999877E-01  1.07075280E+00
    38  7.60000000E+00  1.07215082E+00  9.99999860E-01  1.07215082E+00
    39  7.80000000E+00  1.07347417E+00  9.99999840E-01  1.07347417E+00
    40  8.00000000E+00  1.07483437E+00  9.99999819E-01  1.07483437E+00
    41  8.20000000E+00  1.07618834E+00  9.99999796E-01  1.07618834E+00
    42  8.40000000E+00  1.07746736E+00  9.99999770E-01  1.07746736E+00
    43  8.60000000E+00  1.07868047E+00  9.99999743E-01  1.07868047E+00
    44  8.80000000E+00  1.07999054E+00  9.99999713E-01  1.07999054E+00
    45  9.00000000E+00  1.08122523E+00  9.99999680E-01  1.08122523E+00
    46  9.20000000E+00  1.08238225E+00  9.99999645E-01  1.08238225E+00
    47  9.40000000E+00  1.08350678E+00  9.99999606E-01  1.08350678E+00
    48  9.60000000E+00  1.08472169E+00  9.99999565E-01  1.08472169E+00
    49  9.80000000E+00  1.08585940E+00  9.99999520E-01  1.08585940E+00
    50  1.00000000E+01  1.08691800E+00  9.99999472E-01  1.08691800E+00
    51  1.02000000E+01  1.08797046E+00  9.99999420E-01  1.08797046E+00
    52  1.04000000E+01  1.08908857E+00  9.99999365E-01  1.08908857E+00
    53  1.06000000E+01  1.09012791E+00  9.99999305E-01  1.09012791E+00
    54  1.08000000E+01  1.09108708E+00  9.99999241E-01  1.09108708E+00
    55  1.10000000E+01  1.09201318E+00  9.99999172E-01  1.09201318E+00
    56  1.12000000E+01  1.09305636E+00  9.99999098E-01  1.09305636E+00
    57  1.14000000E+01  1.09402021E+00  9.99999019E-01  1.09402021E+00
    58  1.16000000E+01  1.09490377E+00  9.99998935E-01  1.09490377E+00
    59  1.18000000E+01  1.09572178E+00  9.99998845E-01  1.09572178E+00
    60  1.20000000E+01  1.09668922E+00  9.99998749E-01  1.09668922E+00
    61  1.22000000E+01  1.09757688E+00  9.99998647E-01  1.09757688E+00
    62  1.24000000E+01  1.09838428E+00  9.99998538E-01  1.09838428E+00
    63  1.26000000E+01  1.09911168E+00  9.99998422E-01  1.09911168E+00
    64  1.28000000E+01  1.09997347E+00  9.99998299E-01  1.09997347E+00
    65  1.30000000E+01  1.10078825E+00  9.99998168E-01  1.10078825E+00
    66  1.32000000E+01  1.10152362E+00  9.99998029E-01  1.10152362E+00
    67  1.34000000E+01  1.10218060E+00  9.99997881E-01  1.10218060E+00
    68  1.36000000E+01  1.10295675E+00  9.99997724E-01  1.10295675E+00
    69  1.38000000E+01  1.10369820E+00  9.99997558E-01  1.10369820E+00
    70  1.40000000E+01  1.10436121E+00  9.99997382E-01  1.10436121E+00
    71  1.42000000E+01  1.10494763E+00  9.99997195E-01  1.10494763E+00
    72  1.44000000E+01  1.10563411E+00  9.99996998E-01  1.10563411E+00
    73  1.46000000E+01  1.10630505E+00  9.99996790E-01  1.10630505E+00
    74  1.48000000E+01  1.10689979E+00  9.99996569E-01  1.10689979E+00
    75  1.50000000E+01  1.10742113E+00  9.99996336E-01  1.10742113E+00
    76  1.52000000E+01  1.10804511E+00  9.99996090E-01  1.10804511E+00
    77  1.54000000E+01  1.10864532E+00  9.99995831E-01  1.10864532E+00
    78  1.56000000E+01  1.10917173E+00  9.99995557E-01  1.10917173E+00
    79  1.58000000E+01  1.10962810E+00  9.99995269E-01  1.10962810E+00
    80  1.60000000E+01  1.11019225E+00  9.99994965E-01  1.11019225E+00
    81  1.62000000E+01  1.11072692E+00  9.99994645E-01  1.11072692E+00
    82  1.64000000E+01  1.11119163E+00  9.99994308E-01  1.11119163E+00
    83  1.66000000E+01  1.11159100E+00  9.99993954E-01  1.11159100E+00
    84  1.68000000E+01  1.11210737E+00  9.99993581E-01  1.11210737E+00
    85  1.70000000E+01  1.11257661E+00  9.99993190E-01  1.11257661E+00
    86  1.72000000E+01  1.11297992E+00  9.99992779E-01  1.11297992E+00
    87  1.74000000E+01  1.11332492E+00  9.99992347E-01  1.11332492E+00
    88  1.76000000E+01  1.11380241E+00  9.99991893E-01  1.11380241E+00
    89  1.78000000E+01  1.11421381E+00  9.99991418E-01  1.11421381E+00
    90  1.80000000E+01  1.11456432E+00  9.99990919E-01  1.11456432E+00
    91  1.82000000E+01  1.11487877E+00  9.99990397E-01  1.11487877E+00
    92  1.84000000E+01  1.11529429E+00  9.99989849E-01  1.11529429E+00
    93  1.86000000E+01  1.11564831E+00  9.99989276E-01  1.11564831E+00
    94  1.88000000E+01  1.11594678E+00  9.99988676E-01  1.11594678E+00
    95  1.90000000E+01  1.11624743E+00  9.99988048E-01  1.11624743E+00
    96  1.92000000E+01  1.11660920E+00  9.99987391E-01  1.11660920E+00
    97  1.94000000E+01  1.11691473E+00  9.99986705E-01  1.11691473E+00
    98  1.96000000E+01  1.11717015E+00  9.99985988E-01  1.11717015E+00
    99  1.98000000E+01  1.11744086E+00  9.99985239E-01  1.11744086E+00
   100  2.00000000E+01  1.11774960E+00  9.99984458E-01  1.11774960E+00
   101  2.02000000E+01  1.11800769E+00  9.99983642E-01  1.11800769E+00
   102  2.04000000E+01  1.11822156E+00  9.99982792E-01  1.11822156E+00
   103  2.06000000E+01  1.11848956E+00  9.99981905E-01  1.11848956E+00
   104  2.08000000E+01  1.11875404E+00  9.99980981E-01  1.11875404E+00
   105  2.10000000E+01  1.11897321E+00  9.99980019E-01  1.11897321E+00
   106  2.12000000E+01  1.11915324E+00  9.99979017E-01  1.11915324E+00
   107  2.14000000E+01  1.11938717E+00  9.99977975E-01  1.11938717E+00
   108  2.16000000E+01  1.11960880E+00  9.99976891E-01  1.11960880E+00
   109  2.18000000E+01  1.11979094E+00  9.99975765E-01  1.11979094E+00
   110  2.20000000E+01  1.11994963E+00  9.99974594E-01  1.11994963E+00
   111  2.22000000E+01  1.12017692E+00  9.99973378E-01  1.12017692E+00
   112  2.24000000E+01  1.12036351E+00  9.99972116E-01  1.12036351E+00
   113  2.26000000E+01  1.12051536E+00  9.99970806E-01  1.12051536E+00
   114  2.28000000E+01  1.12064927E+00  9.99969448E-01  1.12064927E+00
   115  2.30000000E+01  1.12083819E+00  9.99968041E-01  1.12083819E+00
   116  2.32000000E+01  1.12099205E+00  9.99966583E-01  1.12099205E+00
   117  2.34000000E+01  1.12111648E+00  9.99965074E-01  1.12111648E+00
   118  2.36000000E+01  1.12126501E+00  9.99963513E-01  1.12126501E+00
   119  2.38000000E+01  1.12142251E+00  9.99961898E-01  1.12142251E+00
   120  2.40000000E+01  1.12154936E+00  9.99960228E-01  1.12154936E+00
   121  2.42000000E+01  1.12165071E+00  9.99958504E-01  1.12165071E+00
   122  2.44000000E+01  1.12177030E+00  9.99956724E-01  1.12177030E+00
   123  2.46000000E+01  1.12189909E+00  9.99954887E-01  1.12189909E+00
   124  2.48000000E+01  1.12200218E+00  9.99952994E-01  1.12200218E+00
   125  2.50000000E+01  1.12208646E+00  9.99951043E-01  1.12208646E+00
   126  2.52000000E+01  1.12221812E+00  9.99949033E-01  1.12221812E+00
   127  2.54000000E+01  1.12232294E+00  9.99946966E-01  1.12232294E+00
   128  2.56000000E+01  1.12240563E+00  9.99944840E-01  1.12240563E+00
   129  2.58000000E+01  1.12247023E+00  9.99942656E-01  1.12247023E+00
   130  2.60000000E+01  1.12257424E+00  9.99940413E-01  1.12257424E+00
   131  2.62000000E+01  1.12265863E+00  9.99938112E-01  1.12265863E+00
   132  2.64000000E+01  1.12272482E+00  9.99935754E-01  1.12272482E+00
   133  2.66000000E+01  1.12280725E+00  9.99933339E-01  1.12280725E+00
   134  2.68000000E+01  1.12289274E+00  9.99930867E-01  1.12289274E+00
   135  2.70000000E+01  1.12295918E+00  9.99928340E-01  1.12295918E+00
   136  2.72000000E+01  1.12301019E+00  9.99925760E-01  1.12301019E+00
   137  2.74000000E+01  1.12306896E+00  9.99923127E-01  1.12306896E+00
   138  2.76000000E+01  1.12313704E+00  9.99920444E-01  1.12313704E+00
   139  2.78000000E+01  1.12318959E+00  9.99917712E-01  1.12318959E+00
   140  2.80000000E+01  1.12323633E+00  9.99914934E-01  1.12323633E+00
   141  2.82000000E+01  1.12330499E+00  9.99912113E-01  1.12330499E+00
   142  2.84000000E+01  1.12335739E+00  9.99909252E-01  1.12335739E+00
   143  2.86000000E+01  1.12339675E+00  9.99906355E-01  1.12339675E+00
   144  2.88000000E+01  1.12342570E+00  9.99903425E-01  1.12342570E+00
   145  2.90000000E+01  1.12347850E+00  9.99900467E-01  1.12347850E+00
   146  2.92000000E+01  1.12351933E+00  9.99897485E-01  1.12351933E+00
   147  2.94000000E+01  1.12354967E+00  9.99894486E-01  1.12354967E+00
   148  2.96000000E+01  1.12359666E+00  9.99891474E-01  1.12359666E+00
   149  2.98000000E+01  1.12363702E+00  9.99888458E-01  1.12363702E+00
   150  3.00000000E+01  1.12366650E+00  9.99885443E-01  1.12366650E+00
   151  3.02000000E+01  1.12368740E+00  9.99882438E-01  1.12368740E+00
   152  3.04000000E+01  1.12371616E+00  9.99879451E-01  1.12371616E+00
   153  3.06000000E+01  1.12374703E+00  9.99876492E-01  1.12374703E+00
   154  3.08000000E+01  1.12376922E+00  9.99873570E-01  1.12376922E+00
   155  3.10000000E+01  1.12379731E+00  9.99870698E-01  1.12379731E+00
   156  3.12000000E+01  1.12382745E+00  9.99867885E-01  1.12382745E+00
   157  3.14000000E+01  1.12384865E+00  9.99865146E-01  1.12384865E+00
   158  3.16000000E+01  1.12386288E+00  9.99862494E-01  1.12386288E+00
   159  3.18000000E+01  1.12387613E+00  9.99859944E-01  1.12387613E+00
   160  3.20000000E+01  1.12389862E+00  9.99857512E-01  1.12389862E+00
   161  3.22000000E+01  1.12391405E+00  9.99855215E-01  1.12391405E+00
   162  3.24000000E+01  1.12393034E+00  9.99853071E-01  1.12393034E+00
   163  3.26000000E+01  1.12395191E+00  9.99851100E-01  1.12395191E+00
   164  3.28000000E+01  1.12396625E+00  9.99849324E-01  1.12396625E+00
   165  3.30000000E+01  1.12397509E+00  9.99847764E-01  1.12397509E+00
   166  3.32000000E+01  1.12397978E+00  9.99846446E-01  1.12397978E+00
   167  3.34000000E+01  1.12399451E+00  9.99845394E-01  1.12399451E+00
   168  3.36000000E+01  1.12400442E+00  9.99844637E-01  1.12400442E+00
   169  3.38000000E+01  1.12401389E+00  9.99844204E-01  1.12401389E+00
   170  3.40000000E+01  1.12402837E+00  9.99844127E-01  1.12402837E+00
   171  3.42000000E+01  1.12403715E+00  9.99844439E-01  1.12403715E+00
   172  3.44000000E+01  1.12404169E+00  9.99845175E-01  1.12404169E+00
   173  3.46000000E+01  1.12404317E+00  9.99846373E-01  1.12404317E+00
   174  3.48000000E+01  1.12405040E+00  9.99848074E-01  1.12405040E+00
   175  3.50000000E+01  1.12405592E+00  9.99850320E-01  1.12405592E+00
   176  3.52000000E+01  1.12406191E+00  9.99853156E-01  1.12406191E+00
   177  3.54000000E+01  1.12407062E+00  9.99856630E-01  1.12407062E+00
   178  3.56000000E+01  1.12407498E+00  9.99860792E-01  1.12407498E+00
   179  3.58000000E+01  1.12407622E+00  9.99865697E-01  1.12407622E+00
   180  3.60000000E+01  1.12407533E+00  9.99871401E-01  1.12407533E+00
   181  3.62000000E+01  1.12407820E+00  9.99877964E-01  1.12407820E+00
   182  3.64000000E+01  1.12408030E+00  9.99885449E-01  1.12408030E+00
   183  3.66000000E+01  1.12408496E+00  9.99893924E-01  1.12408496E+00
   184  3.68000000E+01  1.12408909E+00  9.99903460E-01  1.12408909E+00
   185  3.70000000E+01  1.12409004E+00  9.99914131E-01  1.12409004E+00
   186  3.72000000E+01  1.12408884E+00  9.99926016E-01  1.12408884E+00
   187  3.74000000E+01  1.12408632E+00  9.99939199E-01  1.12408632E+00
   188  3.76000000E+01  1.12408688E+00  9.99953767E-01  1.12408688E+00
   189  3.78000000E+01  1.12408707E+00  9.99969813E-01  1.12408707E+00
   190  3.80000000E+01  1.12409097E+00  9.99987434E-01  1.12409097E+00
   191  3.82000000E+01  1.12409157E+00  1.00000673E+00  1.12409157E+00
   192  3.84000000E+01  1.12409301E+00  1.00002782E+00  1.12409301E+00
   193  3.86000000E+01  1.12409947E+00  1.00005080E+00  1.12409947E+00
   194  3.88000000E+01  1.12410566E+00  1.00007580E+00  1.12410566E+00
   195  3.90000000E+01  1.12411112E+00  1.00010295E+00  1.12411112E+00
   196  3.92000000E+01  1.12411578E+00  1.00013236E+00  1.12411578E+00
   197  3.94000000E+01  1.12411964E+00  1.00016419E+00  1.12411964E+00
   198  3.96000000E+01  1.12412278E+00  1.00019858E+00  1.12412278E+00
   199  3.98000000E+01  1.12412708E+00  1.00023568E+00  1.12412708E+00
   200  4.00000000E+01  1.12413121E+00  1.00027564E+00  1.12413121E+00
   201  4.02000000E+01  1.12413461E+00  1.00031864E+00  1.12413461E+00
   202  4.04000000E+01  1.12413733E+00  1.00036484E+00  1.12413733E+00
   203  4.06000000E+01  1.12413949E+00  1.00041444E+00  1.12413949E+00
   204  4.08000000E+01  1.12414205E+00  1.00046762E+00  1.12414205E+00
   205  4.10000000E+01  1.12414477E+00  1.00052458E+00  1.12414477E+00
   206  4.12000000E+01  1.12414692E+00  1.00058552E+00  1.12414692E+00
   207  4.14000000E+01  1.12414861E+00  1.00065068E+00  1.12414861E+00
   208  4.16000000E+01  1.12414995E+00  1.00072027E+00  1.12414995E+00
   209  4.18000000E+01  1.12415107E+00  1.00079453E+00  1.12415107E+00
   210  4.20000000E+01  1.12415224E+00  1.00087371E+00  1.12415224E+00
   211  4.22000000E+01  1.12415368E+00  1.00095807E+00  1.12415368E+00
   212  4.24000000E+01  1.12415485E+00  1.00104788E+00  1.12415485E+00
   213  4.26000000E+01  1.12415582E+00  1.00114342E+00  1.12415582E+00
   214  4.28000000E+01  1.12415668E+00  1.00124499E+00  1.12415668E+00
   215  4.30000000E+01  1.12415748E+00  1.00135288E+00  1.12415748E+00
   216  4.32000000E+01  1.12415825E+00  1.00146742E+00  1.12415825E+00
   217  4.34000000E+01  1.12415900E+00  1.00158893E+00  1.12415900E+00
   218  4.36000000E+01  1.12415973E+00  1.00171776E+00  1.12415973E+00
   219  4.38000000E+01  1.12416044E+00  1.00185426E+00  1.12416044E+00
   220  4.40000000E+01  1.12416110E+00  1.00199881E+00  1.12416110E+00
   221  4.42000000E+01  1.12416170E+00  1.00215179E+00  1.12416170E+00
   222  4.44000000E+01  1.12416224E+00  1.00231359E+00  1.12416224E+00
   223  4.46000000E+01  1.12416269E+00  1.00248463E+00  1.12416269E+00
   224  4.48000000E+01  1.12416306E+00  1.00266534E+00  1.12416306E+00
   225  4.50000000E+01  1.12416335E+00  1.00285615E+00  1.12416335E+00
   226  4.52000000E+01  1.12416356E+00  1.00305753E+00  1.12416356E+00
   227  4.54000000E+01  1.12416371E+00  1.00326994E+00  1.12416371E+00
   228  4.56000000E+01  1.12416386E+00  1.00349388E+00  1.12416386E+00
   229  4.58000000E+01  1.12416408E+00  1.00372984E+00  1.12416408E+00
   230  4.60000000E+01  1.12416422E+00  1.00397835E+00  1.12416422E+00
   231  4.62000000E+01  1.12416431E+00  1.00423995E+00  1.12416431E+00
   232  4.64000000E+01  1.12416434E+00  1.00451517E+00  1.12416434E+00
   233  4.66000000E+01  1.12416433E+00  1.00480460E+00  1.12416433E+00
   234  4.68000000E+01  1.12416429E+00  1.00510882E+00  1.12416429E+00
   235  4.70000000E+01  1.12416423E+00  1.00542842E+00  1.12416423E+00
   236  4.72000000E+01  1.12416415E+00  1.00576401E+00  1.12416415E+00
   237  4.74000000E+01  1.12416405E+00  1.00611624E+00  1.12416405E+00
   238  4.76000000E+01  1.12416395E+00  1.00648573E+00  1.12416395E+00
   239  4.78000000E+01  1.12416384E+00  1.00687316E+00  1.12416384E+00
   240  4.80000000E+01  1.12416372E+00  1.00727920E+00  1.12416372E+00
   241  4.82000000E+01  1.12416359E+00  1.00770452E+00  1.12416359E+00
   242  4.84000000E+01  1.12416346E+00  1.00814984E+00  1.12416346E+00
   243  4.86000000E+01  1.12416332E+00  1.00861586E+00  1.12416332E+00
   244  4.88000000E+01  1.12416317E+00  1.00910331E+00  1.12416317E+00
   245  4.90000000E+01  1.12416302E+00  1.00961292E+00  1.12416302E+00
   246  4.92000000E+01  1.12416287E+00  1.01014544E+00  1.12416287E+00
   247  4.94000000E+01  1.12416272E+00  1.01070162E+00  1.12416272E+00
   248  4.96000000E+01  1.12416257E+00  1.01128221E+00  1.12416257E+00
   249  4.98000000E+01  1.12416241E+00  1.01188798E+00  1.12416241E+00
   250  5.00000000E+01  1.12416226E+00  1.01251969E+00  1.12416226E+00
   251  5.02000000E+01  1.12416211E+00  1.01317811E+00  1.12416211E+00
   252  5.04000000E+01  1.12416197E+00  1.01386401E+00  1.12416197E+00
   253  5.06000000E+01  1.12416182E+00  1.01457815E+00  1.12416182E+00
   254  5.08000000E+01  1.12416168E+00  1.01532128E+00  1.12416168E+00
   255  5.10000000E+01  1.12416155E+00  1.01609416E+00  1.12416155E+00
   256  5.12000000E+01  1.12416141E+00  1.01689751E+00  1.12416141E+00
   257  5.14000000E+01  1.12416129E+00  1.01773207E+00  1.12416129E+00
   258  5.16000000E+01  1.12416116E+00  1.01859852E+00  1.12416116E+00
   259  5.18000000E+01  1.12416105E+00  1.01949755E+00  1.12416105E+00
   260  5.20000000E+01  1.12416093E+00  1.02042983E+00  1.12416093E+00
   261  5.22000000E+01  1.12416082E+00  1.02139597E+00  1.12416082E+00
   262  5.24000000E+01  1.12416072E+00  1.02239657E+00  1.12416072E+00
   263  5.26000000E+01  1.12416062E+00  1.02343219E+00  1.12416062E+00
   264  5.28000000E+01  1.12416052E+00  1.02450335E+00  1.12416052E+00
   265  5.30000000E+01  1.12416043E+00  1.02561052E+00  1.12416043E+00
   266  5.32000000E+01  1.12416034E+00  1.02675411E+00  1.12416034E+00
   267  5.34000000E+01  1.12416026E+00  1.02793450E+00  1.12416026E+00
   268  5.36000000E+01  1.12416018E+00  1.02915200E+00  1.12416018E+00
   269  5.38000000E+01  1.12416010E+00  1.03040684E+00  1.12416010E+00
   270  5.40000000E+01  1.12416003E+00  1.03169919E+00  1.12416003E+00
   271  5.42000000E+01  1.12415996E+00  1.03302916E+00  1.12415996E+00
   272  5.44000000E+01  1.12415990E+00  1.03439675E+00  1.12415990E+00
   273  5.46000000E+01  1.12415984E+00  1.03580190E+00  1.12415984E+00
   274  5.48000000E+01  1.12415978E+00  1.03724443E+00  1.12415978E+00
   275  5.50000000E+01  1.12415973E+00  1.03872409E+00  1.12415973E+00
   276  5.52000000E+01  1.12415968E+00  1.04024051E+00  1.12415968E+00
   277  5.54000000E+01  1.12415963E+00  1.04179322E+00  1.12415963E+00
   278  5.56000000E+01  1.12415958E+00  1.04338162E+00  1.12415958E+00
   279  5.58000000E+01  1.12415954E+00  1.04500501E+00  1.12415954E+00
   280  5.60000000E+01  1.12415950E+00  1.04666256E+00  1.12415950E+00
   281  5.62000000E+01  1.12415946E+00  1.04835332E+00  1.12415946E+00
   282  5.64000000E+01  1.12415943E+00  1.05007619E+00  1.12415943E+00
   283  5.66000000E+01  1.12415939E+00  1.05182998E+00  1.12415939E+00
   284  5.68000000E+01  1.12415936E+00  1.05361331E+00  1.12415936E+00
   285  5.70000000E+01  1.12415933E+00  1.05542471E+00  1.12415933E+00
   286  5.72000000E+01  1.12415931E+00  1.05726254E+00  1.12415931E+00
   287  5.74000000E+01  1.12415928E+00  1.05912504E+00  1.12415928E+00
   288  5.76000000E+01  1.12415926E+00  1.06101030E+00  1.12415926E+00
   289  5.78000000E+01  1.12415924E+00  1.06291628E+00  1.12415924E+00
   290  5.80000000E+01  1.12415922E+00  1.06484080E+00  1.12415922E+00
   291  5.82000000E+01  1.12415920E+00  1.06678155E+00  1.12415920E+00
   292  5.84000000E+01  1.12415918E+00  1.06873607E+00  1.12415918E+00
   293  5.86000000E+01  1.12415916E+00  1.07070179E+00  1.12415916E+00
   294  5.88000000E+01  1.12415915E+00  1.07267601E+00  1.12415915E+00
   295  5.90000000E+01  1.12415913E+00  1.07465591E+00  1.12415913E+00
   296  5.92000000E+01  1.12415912E+00  1.07663856E+00  1.12415912E+00
   297  5.94000000E+01  1.12415911E+00  1.07862091E+00  1.12415911E+00
   298  5.96000000E+01  1.12415910E+00  1.08059983E+00  1.12415910E+00
   299  5.98000000E+01  1.12415909E+00  1.08257207E+00  1.12415909E+00
   300  6.00000000E+01  1.12415908E+00  1.08453433E+00  1.12415908E+00
   301  6.02000000E+01  1.12415907E+00  1.08648320E+00  1.12415907E+00
   302  6.04000000E+01  1.12415906E+00  1.08841524E+00  1.12415906E+00
   303  6.06000000E+01  1.12415905E+00  1.09032694E+00  1.12415905E+00
   304  6.08000000E+01  1.12415904E+00  1.09221475E+00  1.12415904E+00
   305  6.10000000E+01  1.12415904E+00  1.09407510E+00  1.12415904E+00
   306  6.12000000E+01  1.12415903E+00  1.09590443E+00  1.12415903E+00
   307  6.14000000E+01  1.12415903E+00  1.09769914E+00  1.12415903E+00
   308  6.16000000E+01  1.12415902E+00  1.09945568E+00  1.12415902E+00
   309  6.18000000E+01  1.12415902E+00  1.10117054E+00  1.12415902E+00
   310  6.20000000E+01  1.12415901E+00  1.10284027E+00  1.12415901E+00
   311  6.22000000E+01  1.12415901E+00  1.10446147E+00  1.12415901E+00
   312  6.24000000E+01  1.12415900E+00  1.10603085E+00  1.12415900E+00
   313  6.26000000E+01  1.12415900E+00  1.10754527E+00  1.12415900E+00
   314  6.28000000E+01  1.12415900E+00  1.10900169E+00  1.12415900E+00
   315  6.30000000E+01  1.12415899E+00  1.11039725E+00  1.12415899E+00
   316  6.32000000E+01  1.12415899E+00  1.11172931E+00  1.12415899E+00
   317  6.34000000E+01  1.12415899E+00  1.11299543E+00  1.12415899E+00
   318  6.36000000E+01  1.12415899E+00  1.11419342E+00  1.12415899E+00
   319  6.38000000E+01  1.12415898E+00  1.11532140E+00  1.12415898E+00
   320  6.40000000E+01  1.12415898E+00  1.11637782E+00  1.12415898E+00
   321  6.42000000E+01  1.12415898E+00  1.11736147E+00  1.12415898E+00
   322  6.44000000E+01  1.12415898E+00  1.11827158E+00  1.12415898E+00
   323  6.46000000E+01  1.12415898E+00  1.11910778E+00  1.12415898E+00
   324  6.48000000E+01  1.12415898E+00  1.11987021E+00  1.12415898E+00
   325  6.50000000E+01  1.12415898E+00  1.12055954E+00  1.12415898E+00
   326  6.52000000E+01  1.12415897E+00  1.12117693E+00  1.12415897E+00
   327  6.54000000E+01  1.12415897E+00  1.12172416E+00  1.12415897E+00
   328  6.56000000E+01  1.12415897E+00  1.12220354E+00  1.12415897E+00
   329  6.58000000E+01  1.12415897E+00  1.12261795E+00  1.12415897E+00
   330  6.60000000E+01  1.12415897E+00  1.12297081E+00  1.12415897E+00
   331  6.62000000E+01  1.12415897E+00  1.12326603E+00  1.12415897E+00
   332  6.64000000E+01  1.12415897E+00  1.12350797E+00  1.12415897E+00
   333  6.66000000E+01  1.12415897E+00  1.12370136E+00  1.12415897E+00
   334  6.68000000E+01  1.12415897E+00  1.12385118E+00  1.12415897E+00
   335  6.70000000E+01  1.12415897E+00  1.12396260E+00  1.12415897E+00
   336  6.72000000E+01  1.12415897E+00  1.12404084E+00  1.12415897E+00
 steady-height stop at step    336: truncated to 3 decimals, truncated max/end/ratio =       1124      1124      1124, max/end/ratio =   1.12415897E+00  1.12404084E+00  1.12415897E+00
