 comppar: model =   3
 comppar: lambda,mobility/eps,betav,eta_0 =  9.0000E+00  5.0000E-02  9.0000E-01  1.0000E+00
 comppar: eta_s,eta_p,G =  9.0000E-01  1.0000E-01  1.1111E-02
 comppar: U_avg,deltat,flowrate,nsteps =  1.0000E-01  4.0000E-01  3.1416E-01    1000
 comppar: geometry = axisymmetric
 comppar: steady stop change,gap,hold,min =  1.0000E-05  2.0000E-04      10      80
 comppar: steady stop rounded decimals =       4
 comppar: ncompc,ncompg =     4     5
 mesh nnodes = 22999
 mesh nelem = 11296
 P1 BC   5.0000000000000000     
 P2 BC   0.0000000000000000     
     1  4.00000000E-01  1.00503996E+00  1.00000000E+00  1.00503996E+00
     2  8.00000000E-01  1.00992373E+00  1.00000000E+00  1.00992373E+00
     3  1.20000000E+00  1.01465661E+00  1.00000000E+00  1.01465661E+00
     4  1.60000000E+00  1.01925210E+00  1.00000000E+00  1.01925210E+00
     5  2.00000000E+00  1.02371431E+00  1.00000000E+00  1.02371431E+00
     6  2.40000000E+00  1.02804941E+00  1.00000000E+00  1.02804941E+00
     7  2.80000000E+00  1.03226238E+00  1.00000000E+00  1.03226238E+00
     8  3.20000000E+00  1.03635606E+00  1.00000000E+00  1.03635606E+00
     9  3.60000000E+00  1.04034543E+00  1.00000000E+00  1.04034543E+00
    10  4.00000000E+00  1.04422199E+00  1.00000000E+00  1.04422199E+00
    11  4.40000000E+00  1.04799481E+00  9.99999996E-01  1.04799481E+00
    12  4.80000000E+00  1.05166797E+00  9.99999990E-01  1.05166797E+00
    13  5.20000000E+00  1.05524514E+00  9.99999982E-01  1.05524514E+00
    14  5.60000000E+00  1.05871749E+00  9.99999972E-01  1.05871749E+00
    15  6.00000000E+00  1.06211361E+00  9.99999958E-01  1.06211361E+00
    16  6.40000000E+00  1.06541577E+00  9.99999940E-01  1.06541577E+00
    17  6.80000000E+00  1.06862621E+00  9.99999918E-01  1.06862621E+00
    18  7.20000000E+00  1.07174790E+00  9.99999891E-01  1.07174790E+00
    19  7.60000000E+00  1.07478372E+00  9.99999857E-01  1.07478372E+00
    20  8.00000000E+00  1.07774731E+00  9.99999818E-01  1.07774731E+00
    21  8.40000000E+00  1.08062991E+00  9.99999770E-01  1.08062991E+00
    22  8.80000000E+00  1.08343477E+00  9.99999715E-01  1.08343477E+00
    23  9.20000000E+00  1.08615776E+00  9.99999649E-01  1.08615776E+00
    24  9.60000000E+00  1.08880617E+00  9.99999573E-01  1.08880617E+00
    25  1.00000000E+01  1.09137361E+00  9.99999485E-01  1.09137361E+00
    26  1.04000000E+01  1.09388616E+00  9.99999383E-01  1.09388616E+00
    27  1.08000000E+01  1.09632680E+00  9.99999266E-01  1.09632680E+00
    28  1.12000000E+01  1.09869656E+00  9.99999133E-01  1.09869656E+00
    29  1.16000000E+01  1.10099307E+00  9.99998982E-01  1.10099307E+00
    30  1.20000000E+01  1.10321427E+00  9.99998810E-01  1.10321427E+00
    31  1.24000000E+01  1.10536183E+00  9.99998617E-01  1.10536183E+00
    32  1.28000000E+01  1.10746031E+00  9.99998399E-01  1.10746031E+00
    33  1.32000000E+01  1.10950986E+00  9.99998154E-01  1.10950986E+00
    34  1.36000000E+01  1.11148797E+00  9.99997880E-01  1.11148797E+00
    35  1.40000000E+01  1.11339562E+00  9.99997575E-01  1.11339562E+00
    36  1.44000000E+01  1.11523465E+00  9.99997234E-01  1.11523465E+00
    37  1.48000000E+01  1.11704978E+00  9.99996856E-01  1.11704978E+00
    38  1.52000000E+01  1.11880615E+00  9.99996437E-01  1.11880615E+00
    39  1.56000000E+01  1.12049754E+00  9.99995974E-01  1.12049754E+00
    40  1.60000000E+01  1.12212630E+00  9.99995462E-01  1.12212630E+00
    41  1.64000000E+01  1.12373113E+00  9.99994898E-01  1.12373113E+00
    42  1.68000000E+01  1.12528562E+00  9.99994278E-01  1.12528562E+00
    43  1.72000000E+01  1.12678269E+00  9.99993597E-01  1.12678269E+00
    44  1.76000000E+01  1.12823743E+00  9.99992851E-01  1.12823743E+00
    45  1.80000000E+01  1.12967065E+00  9.99992034E-01  1.12967065E+00
    46  1.84000000E+01  1.13104869E+00  9.99991143E-01  1.13104869E+00
    47  1.88000000E+01  1.13239822E+00  9.99990170E-01  1.13239822E+00
    48  1.92000000E+01  1.13371715E+00  9.99989111E-01  1.13371715E+00
    49  1.96000000E+01  1.13500016E+00  9.99987961E-01  1.13500016E+00
    50  2.00000000E+01  1.13627004E+00  9.99986712E-01  1.13627004E+00
    51  2.04000000E+01  1.13751437E+00  9.99985358E-01  1.13751437E+00
    52  2.08000000E+01  1.13873569E+00  9.99983894E-01  1.13873569E+00
    53  2.12000000E+01  1.13996227E+00  9.99982311E-01  1.13996227E+00
    54  2.16000000E+01  1.14117810E+00  9.99980604E-01  1.14117810E+00
    55  2.20000000E+01  1.14238801E+00  9.99978766E-01  1.14238801E+00
    56  2.24000000E+01  1.14359179E+00  9.99976788E-01  1.14359179E+00
    57  2.28000000E+01  1.14478530E+00  9.99974665E-01  1.14478530E+00
    58  2.32000000E+01  1.14598234E+00  9.99972389E-01  1.14598234E+00
    59  2.36000000E+01  1.14716211E+00  9.99969952E-01  1.14716211E+00
    60  2.40000000E+01  1.14831697E+00  9.99967349E-01  1.14831697E+00
    61  2.44000000E+01  1.14946907E+00  9.99964571E-01  1.14946907E+00
    62  2.48000000E+01  1.15059315E+00  9.99961613E-01  1.15059315E+00
    63  2.52000000E+01  1.15169666E+00  9.99958469E-01  1.15169666E+00
    64  2.56000000E+01  1.15278316E+00  9.99955132E-01  1.15278316E+00
    65  2.60000000E+01  1.15383942E+00  9.99951598E-01  1.15383942E+00
    66  2.64000000E+01  1.15488360E+00  9.99947863E-01  1.15488360E+00
    67  2.68000000E+01  1.15589127E+00  9.99943923E-01  1.15589127E+00
    68  2.72000000E+01  1.15689077E+00  9.99939777E-01  1.15689077E+00
    69  2.76000000E+01  1.15785150E+00  9.99935424E-01  1.15785150E+00
    70  2.80000000E+01  1.15880515E+00  9.99930864E-01  1.15880515E+00
    71  2.84000000E+01  1.15971989E+00  9.99926102E-01  1.15971989E+00
    72  2.88000000E+01  1.16062761E+00  9.99921142E-01  1.16062761E+00
    73  2.92000000E+01  1.16149707E+00  9.99915992E-01  1.16149707E+00
    74  2.96000000E+01  1.16235912E+00  9.99910663E-01  1.16235912E+00
    75  3.00000000E+01  1.16318561E+00  9.99905169E-01  1.16318561E+00
    76  3.04000000E+01  1.16400248E+00  9.99899527E-01  1.16400248E+00
    77  3.08000000E+01  1.16478810E+00  9.99893760E-01  1.16478810E+00
    78  3.12000000E+01  1.16556049E+00  9.99887895E-01  1.16556049E+00
    79  3.16000000E+01  1.16630483E+00  9.99881966E-01  1.16630483E+00
    80  3.20000000E+01  1.16703366E+00  9.99876010E-01  1.16703366E+00
    81  3.24000000E+01  1.16773738E+00  9.99870074E-01  1.16773738E+00
    82  3.28000000E+01  1.16842387E+00  9.99864212E-01  1.16842387E+00
    83  3.32000000E+01  1.16909033E+00  9.99858486E-01  1.16909033E+00
    84  3.36000000E+01  1.16973595E+00  9.99852968E-01  1.16973595E+00
    85  3.40000000E+01  1.17036733E+00  9.99847741E-01  1.17036733E+00
    86  3.44000000E+01  1.17097366E+00  9.99842900E-01  1.17097366E+00
    87  3.48000000E+01  1.17156969E+00  9.99838553E-01  1.17156969E+00
    88  3.52000000E+01  1.17213830E+00  9.99834822E-01  1.17213830E+00
    89  3.56000000E+01  1.17270084E+00  9.99831845E-01  1.17270084E+00
    90  3.60000000E+01  1.17323479E+00  9.99829780E-01  1.17323479E+00
    91  3.64000000E+01  1.17376365E+00  9.99828802E-01  1.17376365E+00
    92  3.68000000E+01  1.17426655E+00  9.99829107E-01  1.17426655E+00
    93  3.72000000E+01  1.17476060E+00  9.99830916E-01  1.17476060E+00
    94  3.76000000E+01  1.17523427E+00  9.99834476E-01  1.17523427E+00
    95  3.80000000E+01  1.17569475E+00  9.99840059E-01  1.17569475E+00
    96  3.84000000E+01  1.17614067E+00  9.99847969E-01  1.17614067E+00
    97  3.88000000E+01  1.17656882E+00  9.99858545E-01  1.17656882E+00
    98  3.92000000E+01  1.17698803E+00  9.99872160E-01  1.17698803E+00
    99  3.96000000E+01  1.17738511E+00  9.99889226E-01  1.17738511E+00
   100  4.00000000E+01  1.17777898E+00  9.99910198E-01  1.17777898E+00
   101  4.04000000E+01  1.17815159E+00  9.99935578E-01  1.17815159E+00
   102  4.08000000E+01  1.17851598E+00  9.99965917E-01  1.17851598E+00
   103  4.12000000E+01  1.17886525E+00  1.00000182E+00  1.17886525E+00
   104  4.16000000E+01  1.17920161E+00  1.00004395E+00  1.17920161E+00
   105  4.20000000E+01  1.17952903E+00  1.00009303E+00  1.17952903E+00
   106  4.24000000E+01  1.17983895E+00  1.00014985E+00  1.17983895E+00
   107  4.28000000E+01  1.18014573E+00  1.00021529E+00  1.18014573E+00
   108  4.32000000E+01  1.18043541E+00  1.00029028E+00  1.18043541E+00
   109  4.36000000E+01  1.18071790E+00  1.00037585E+00  1.18071790E+00
   110  4.40000000E+01  1.18098867E+00  1.00047311E+00  1.18098867E+00
   111  4.44000000E+01  1.18124803E+00  1.00058327E+00  1.18124803E+00
   112  4.48000000E+01  1.18150094E+00  1.00070765E+00  1.18150094E+00
   113  4.52000000E+01  1.18173927E+00  1.00084765E+00  1.18173927E+00
   114  4.56000000E+01  1.18197466E+00  1.00100482E+00  1.18197466E+00
   115  4.60000000E+01  1.18219725E+00  1.00118079E+00  1.18219725E+00
   116  4.64000000E+01  1.18241248E+00  1.00137736E+00  1.18241248E+00
   117  4.68000000E+01  1.18262016E+00  1.00159642E+00  1.18262016E+00
   118  4.72000000E+01  1.18281652E+00  1.00184003E+00  1.18281652E+00
   119  4.76000000E+01  1.18300983E+00  1.00211040E+00  1.18300983E+00
   120  4.80000000E+01  1.18319149E+00  1.00240986E+00  1.18319149E+00
   121  4.84000000E+01  1.18336826E+00  1.00274094E+00  1.18336826E+00
   122  4.88000000E+01  1.18353731E+00  1.00310629E+00  1.18353731E+00
   123  4.92000000E+01  1.18369765E+00  1.00350878E+00  1.18369765E+00
   124  4.96000000E+01  1.18385472E+00  1.00395141E+00  1.18385472E+00
   125  5.00000000E+01  1.18400215E+00  1.00443738E+00  1.18400215E+00
   126  5.04000000E+01  1.18414554E+00  1.00497006E+00  1.18414554E+00
   127  5.08000000E+01  1.18428225E+00  1.00555299E+00  1.18428225E+00
   128  5.12000000E+01  1.18441151E+00  1.00618991E+00  1.18441151E+00
   129  5.16000000E+01  1.18453830E+00  1.00688472E+00  1.18453830E+00
   130  5.20000000E+01  1.18465701E+00  1.00764148E+00  1.18465701E+00
   131  5.24000000E+01  1.18477179E+00  1.00846442E+00  1.18477179E+00
   132  5.28000000E+01  1.18488166E+00  1.00935791E+00  1.18488166E+00
   133  5.32000000E+01  1.18498461E+00  1.01032646E+00  1.18498461E+00
   134  5.36000000E+01  1.18508612E+00  1.01137470E+00  1.18508612E+00
   135  5.40000000E+01  1.18518119E+00  1.01250732E+00  1.18518119E+00
   136  5.44000000E+01  1.18527176E+00  1.01372911E+00  1.18527176E+00
   137  5.48000000E+01  1.18535938E+00  1.01504486E+00  1.18535938E+00
   138  5.52000000E+01  1.18544124E+00  1.01645936E+00  1.18544124E+00
   139  5.56000000E+01  1.18552066E+00  1.01797734E+00  1.18552066E+00
   140  5.60000000E+01  1.18559601E+00  1.01960343E+00  1.18559601E+00
   141  5.64000000E+01  1.18566628E+00  1.02134209E+00  1.18566628E+00
   142  5.68000000E+01  1.18573555E+00  1.02319756E+00  1.18573555E+00
   143  5.72000000E+01  1.18580008E+00  1.02517377E+00  1.18580008E+00
   144  5.76000000E+01  1.18586106E+00  1.02727430E+00  1.18586106E+00
   145  5.80000000E+01  1.18592037E+00  1.02950226E+00  1.18592037E+00
   146  5.84000000E+01  1.18597549E+00  1.03186023E+00  1.18597549E+00
   147  5.88000000E+01  1.18602803E+00  1.03435017E+00  1.18602803E+00
   148  5.92000000E+01  1.18607854E+00  1.03697331E+00  1.18607854E+00
   149  5.96000000E+01  1.18612552E+00  1.03973009E+00  1.18612552E+00
   150  6.00000000E+01  1.18617044E+00  1.04262003E+00  1.18617044E+00
   151  6.04000000E+01  1.18621334E+00  1.04564168E+00  1.18621334E+00
   152  6.08000000E+01  1.18625304E+00  1.04879249E+00  1.18625304E+00
   153  6.12000000E+01  1.18629108E+00  1.05206877E+00  1.18629108E+00
   154  6.16000000E+01  1.18632726E+00  1.05546563E+00  1.18632726E+00
   155  6.20000000E+01  1.18636074E+00  1.05897687E+00  1.18636074E+00
   156  6.24000000E+01  1.18639261E+00  1.06259502E+00  1.18639261E+00
   157  6.28000000E+01  1.18642302E+00  1.06631123E+00  1.18642302E+00
   158  6.32000000E+01  1.18645109E+00  1.07011533E+00  1.18645109E+00
   159  6.36000000E+01  1.18647743E+00  1.07399584E+00  1.18647743E+00
   160  6.40000000E+01  1.18650282E+00  1.07793999E+00  1.18650282E+00
   161  6.44000000E+01  1.18652618E+00  1.08193383E+00  1.18652618E+00
   162  6.48000000E+01  1.18654774E+00  1.08596231E+00  1.18654774E+00
   163  6.52000000E+01  1.18656867E+00  1.09000939E+00  1.18656867E+00
   164  6.56000000E+01  1.18658807E+00  1.09405823E+00  1.18658807E+00
   165  6.60000000E+01  1.18660591E+00  1.09809139E+00  1.18660591E+00
   166  6.64000000E+01  1.18662251E+00  1.10209101E+00  1.18662251E+00
   167  6.68000000E+01  1.18663844E+00  1.10603906E+00  1.18663844E+00
   168  6.72000000E+01  1.18665306E+00  1.10991767E+00  1.18665306E+00
   169  6.76000000E+01  1.18666644E+00  1.11370933E+00  1.18666644E+00
   170  6.80000000E+01  1.18667885E+00  1.11739728E+00  1.18667885E+00
   171  6.84000000E+01  1.18669074E+00  1.12096580E+00  1.18669074E+00
   172  6.88000000E+01  1.18670156E+00  1.12440053E+00  1.18670156E+00
   173  6.92000000E+01  1.18671142E+00  1.12768883E+00  1.18671142E+00
   174  6.96000000E+01  1.18672039E+00  1.13082007E+00  1.18672039E+00
   175  7.00000000E+01  1.18672883E+00  1.13378594E+00  1.18672883E+00
   176  7.04000000E+01  1.18673670E+00  1.13658071E+00  1.18673670E+00
   177  7.08000000E+01  1.18674378E+00  1.13920143E+00  1.18674378E+00
   178  7.12000000E+01  1.18675021E+00  1.14164810E+00  1.18675021E+00
   179  7.16000000E+01  1.18675601E+00  1.14392370E+00  1.18675601E+00
   180  7.20000000E+01  1.18676126E+00  1.14603421E+00  1.18676126E+00
   181  7.24000000E+01  1.18676607E+00  1.14798844E+00  1.18676607E+00
   182  7.28000000E+01  1.18677049E+00  1.14979783E+00  1.18677049E+00
   183  7.32000000E+01  1.18677445E+00  1.15147605E+00  1.18677445E+00
   184  7.36000000E+01  1.18677797E+00  1.15303854E+00  1.18677797E+00
   185  7.40000000E+01  1.18678111E+00  1.15450193E+00  1.18678111E+00
   186  7.44000000E+01  1.18678387E+00  1.15588341E+00  1.18678387E+00
   187  7.48000000E+01  1.18678631E+00  1.15719997E+00  1.18678631E+00
   188  7.52000000E+01  1.18678843E+00  1.15846770E+00  1.18678843E+00
   189  7.56000000E+01  1.18679030E+00  1.15970108E+00  1.18679030E+00
   190  7.60000000E+01  1.18679193E+00  1.16091234E+00  1.18679193E+00
   191  7.64000000E+01  1.18679335E+00  1.16211099E+00  1.18679335E+00
   192  7.68000000E+01  1.18679454E+00  1.16330342E+00  1.18679454E+00
   193  7.72000000E+01  1.18679557E+00  1.16449282E+00  1.18679557E+00
   194  7.76000000E+01  1.18679643E+00  1.16567918E+00  1.18679643E+00
   195  7.80000000E+01  1.18679716E+00  1.16685963E+00  1.18679716E+00
   196  7.84000000E+01  1.18679774E+00  1.16802890E+00  1.18679774E+00
   197  7.88000000E+01  1.18679821E+00  1.16917996E+00  1.18679821E+00
   198  7.92000000E+01  1.18679856E+00  1.17030477E+00  1.18679856E+00
   199  7.96000000E+01  1.18679884E+00  1.17139510E+00  1.18679884E+00
   200  8.00000000E+01  1.18679901E+00  1.17244321E+00  1.18679901E+00
   201  8.04000000E+01  1.18679912E+00  1.17344261E+00  1.18679912E+00
   202  8.08000000E+01  1.18679925E+00  1.17438847E+00  1.18679925E+00
   203  8.12000000E+01  1.18679935E+00  1.17527794E+00  1.18679935E+00
   204  8.16000000E+01  1.18679941E+00  1.17611022E+00  1.18679941E+00
   205  8.20000000E+01  1.18679942E+00  1.17688644E+00  1.18679942E+00
   206  8.24000000E+01  1.18679940E+00  1.17760931E+00  1.18679940E+00
   207  8.28000000E+01  1.18679932E+00  1.17828270E+00  1.18679932E+00
   208  8.32000000E+01  1.18679923E+00  1.17891112E+00  1.18679923E+00
   209  8.36000000E+01  1.18679910E+00  1.17949919E+00  1.18679910E+00
   210  8.40000000E+01  1.18679910E+00  1.18005125E+00  1.18679910E+00
   211  8.44000000E+01  1.18679909E+00  1.18057100E+00  1.18679909E+00
   212  8.48000000E+01  1.18679903E+00  1.18106132E+00  1.18679903E+00
   213  8.52000000E+01  1.18679898E+00  1.18152421E+00  1.18679898E+00
   214  8.56000000E+01  1.18679889E+00  1.18196094E+00  1.18679889E+00
   215  8.60000000E+01  1.18679880E+00  1.18237215E+00  1.18679880E+00
   216  8.64000000E+01  1.18679875E+00  1.18275813E+00  1.18679875E+00
   217  8.68000000E+01  1.18679877E+00  1.18311904E+00  1.18679877E+00
   218  8.72000000E+01  1.18679879E+00  1.18345513E+00  1.18679879E+00
   219  8.76000000E+01  1.18679878E+00  1.18376686E+00  1.18679878E+00
   220  8.80000000E+01  1.18679877E+00  1.18405499E+00  1.18679877E+00
   221  8.84000000E+01  1.18679872E+00  1.18432056E+00  1.18679872E+00
   222  8.88000000E+01  1.18679868E+00  1.18456486E+00  1.18679868E+00
   223  8.92000000E+01  1.18679879E+00  1.18478932E+00  1.18679879E+00
   224  8.96000000E+01  1.18679886E+00  1.18499542E+00  1.18679886E+00
   225  9.00000000E+01  1.18679894E+00  1.18518456E+00  1.18679894E+00
   226  9.04000000E+01  1.18679897E+00  1.18535807E+00  1.18679897E+00
   227  9.08000000E+01  1.18679901E+00  1.18551711E+00  1.18679901E+00
   228  9.12000000E+01  1.18679902E+00  1.18566268E+00  1.18679902E+00
   229  9.16000000E+01  1.18679912E+00  1.18579568E+00  1.18679912E+00
   230  9.20000000E+01  1.18679928E+00  1.18591689E+00  1.18679928E+00
   231  9.24000000E+01  1.18679940E+00  1.18602703E+00  1.18679940E+00
   232  9.28000000E+01  1.18679953E+00  1.18612678E+00  1.18679953E+00
   233  9.32000000E+01  1.18679961E+00  1.18621681E+00  1.18679961E+00
   234  9.36000000E+01  1.18679970E+00  1.18629777E+00  1.18679970E+00
   235  9.40000000E+01  1.18679980E+00  1.18637032E+00  1.18679980E+00
   236  9.44000000E+01  1.18680002E+00  1.18643507E+00  1.18680002E+00
   237  9.48000000E+01  1.18680024E+00  1.18649263E+00  1.18680024E+00
   238  9.52000000E+01  1.18680042E+00  1.18654356E+00  1.18680042E+00
   239  9.56000000E+01  1.18680061E+00  1.18658839E+00  1.18680061E+00
   240  9.60000000E+01  1.18680076E+00  1.18662762E+00  1.18680076E+00
   241  9.64000000E+01  1.18680092E+00  1.18666172E+00  1.18680092E+00
   242  9.68000000E+01  1.18680123E+00  1.18669112E+00  1.18680123E+00
   243  9.72000000E+01  1.18680153E+00  1.18671622E+00  1.18680153E+00
   244  9.76000000E+01  1.18680184E+00  1.18673743E+00  1.18680184E+00
   245  9.80000000E+01  1.18680212E+00  1.18675508E+00  1.18680212E+00
   246  9.84000000E+01  1.18680241E+00  1.18676953E+00  1.18680241E+00
   247  9.88000000E+01  1.18680267E+00  1.18678108E+00  1.18680267E+00
   248  9.92000000E+01  1.18680307E+00  1.18679001E+00  1.18680307E+00
   249  9.96000000E+01  1.18680351E+00  1.18679658E+00  1.18680351E+00
   250  1.00000000E+02  1.18680388E+00  1.18680104E+00  1.18680388E+00
   251  1.00400000E+02  1.18680427E+00  1.18680360E+00  1.18680427E+00
   252  1.00800000E+02  1.18680447E+00  1.18680447E+00  1.18680447E+00
   253  1.01200000E+02  1.18680384E+00  1.18680384E+00  1.18680384E+00
   254  1.01600000E+02  1.18680189E+00  1.18680189E+00  1.18680189E+00
 steady-height stop at step    254: rounded to 4 decimals, rounded max/end/ratio =      11868     11868     11868, max/end/ratio =   1.18680189E+00  1.18680189E+00  1.18680189E+00
