 comppar: model =   2
 comppar: lambda,mobility/eps,betav,eta_0 =  5.0000E-01  0.0000E+00  4.0000E-01  1.0000E+00
 comppar: eta_s,eta_p,G =  4.0000E-01  6.0000E-01  1.2000E+00
 comppar: U_avg,deltat,flowrate,nsteps =  1.0000E-01  2.0000E-01  3.1416E-01    2000
 comppar: geometry = axisymmetric
 comppar: steady stop change,gap,hold,min =  1.0000E-07  1.0000E-03       1      80
 comppar: steady stop truncated decimals =       3
 comppar: ncompc,ncompg =     4     5
 mesh nnodes = 5797
 mesh nelem = 2796
 P1 BC   5.0000000000000000     
 P2 BC   0.0000000000000000     
     1  2.00000000E-01  1.00252975E+00  1.00000000E+00  1.00252975E+00
     2  4.00000000E-01  1.00500925E+00  1.00000000E+00  1.00500925E+00
     3  6.00000000E-01  1.00742648E+00  1.00000000E+00  1.00742648E+00
     4  8.00000000E-01  1.00979516E+00  1.00000000E+00  1.00979516E+00
     5  1.00000000E+00  1.01211830E+00  1.00000000E+00  1.01211830E+00
     6  1.20000000E+00  1.01440939E+00  1.00000000E+00  1.01440939E+00
     7  1.40000000E+00  1.01666972E+00  1.00000000E+00  1.01666972E+00
     8  1.60000000E+00  1.01889043E+00  1.00000000E+00  1.01889043E+00
     9  1.80000000E+00  1.02109966E+00  1.00000000E+00  1.02109966E+00
    10  2.00000000E+00  1.02326783E+00  1.00000000E+00  1.02326783E+00
    11  2.20000000E+00  1.02542048E+00  1.00000000E+00  1.02542048E+00
    12  2.40000000E+00  1.02752881E+00  1.00000001E+00  1.02752881E+00
    13  2.60000000E+00  1.02963006E+00  1.00000001E+00  1.02963006E+00
    14  2.80000000E+00  1.03167870E+00  1.00000001E+00  1.03167870E+00
    15  3.00000000E+00  1.03372913E+00  1.00000001E+00  1.03372913E+00
    16  3.20000000E+00  1.03572418E+00  1.00000001E+00  1.03572418E+00
    17  3.40000000E+00  1.03770898E+00  1.00000001E+00  1.03770898E+00
    18  3.60000000E+00  1.03966088E+00  1.00000000E+00  1.03966088E+00
    19  3.80000000E+00  1.04157321E+00  1.00000000E+00  1.04157321E+00
    20  4.00000000E+00  1.04348340E+00  1.00000000E+00  1.04348340E+00
    21  4.20000000E+00  1.04533313E+00  1.00000000E+00  1.04533313E+00
    22  4.40000000E+00  1.04717986E+00  9.99999999E-01  1.04717986E+00
    23  4.60000000E+00  1.04899962E+00  9.99999996E-01  1.04899962E+00
    24  4.80000000E+00  1.05075565E+00  9.99999993E-01  1.05075565E+00
    25  5.00000000E+00  1.05254198E+00  9.99999989E-01  1.05254198E+00
    26  5.20000000E+00  1.05426974E+00  9.99999985E-01  1.05426974E+00
    27  5.40000000E+00  1.05593066E+00  9.99999980E-01  1.05593066E+00
    28  5.60000000E+00  1.05764352E+00  9.99999975E-01  1.05764352E+00
    29  5.80000000E+00  1.05929153E+00  9.99999968E-01  1.05929153E+00
    30  6.00000000E+00  1.06087445E+00  9.99999961E-01  1.06087445E+00
    31  6.20000000E+00  1.06251013E+00  9.99999952E-01  1.06251013E+00
    32  6.40000000E+00  1.06407805E+00  9.99999943E-01  1.06407805E+00
    33  6.60000000E+00  1.06557507E+00  9.99999932E-01  1.06557507E+00
    34  6.80000000E+00  1.06712217E+00  9.99999920E-01  1.06712217E+00
    35  7.00000000E+00  1.06862654E+00  9.99999907E-01  1.06862654E+00
    36  7.20000000E+00  1.07005893E+00  9.99999893E-01  1.07005893E+00
    37  7.40000000E+00  1.07150275E+00  9.99999877E-01  1.07150275E+00
    38  7.60000000E+00  1.07294368E+00  9.99999859E-01  1.07294368E+00
    39  7.80000000E+00  1.07431146E+00  9.99999840E-01  1.07431146E+00
    40  8.00000000E+00  1.07560720E+00  9.99999819E-01  1.07560720E+00
    41  8.20000000E+00  1.07700488E+00  9.99999795E-01  1.07700488E+00
    42  8.40000000E+00  1.07832914E+00  9.99999770E-01  1.07832914E+00
    43  8.60000000E+00  1.07957747E+00  9.99999742E-01  1.07957747E+00
    44  8.80000000E+00  1.08083121E+00  9.99999712E-01  1.08083121E+00
    45  9.00000000E+00  1.08211204E+00  9.99999680E-01  1.08211204E+00
    46  9.20000000E+00  1.08331665E+00  9.99999644E-01  1.08331665E+00
    47  9.40000000E+00  1.08444295E+00  9.99999606E-01  1.08444295E+00
    48  9.60000000E+00  1.08561766E+00  9.99999565E-01  1.08561766E+00
    49  9.80000000E+00  1.08680350E+00  9.99999520E-01  1.08680350E+00
    50  1.00000000E+01  1.08791156E+00  9.99999472E-01  1.08791156E+00
    51  1.02000000E+01  1.08894016E+00  9.99999420E-01  1.08894016E+00
    52  1.04000000E+01  1.09004319E+00  9.99999365E-01  1.09004319E+00
    53  1.06000000E+01  1.09113262E+00  9.99999305E-01  1.09113262E+00
    54  1.08000000E+01  1.09214298E+00  9.99999241E-01  1.09214298E+00
    55  1.10000000E+01  1.09307306E+00  9.99999172E-01  1.09307306E+00
    56  1.12000000E+01  1.09405961E+00  9.99999099E-01  1.09405961E+00
    57  1.14000000E+01  1.09507493E+00  9.99999020E-01  1.09507493E+00
    58  1.16000000E+01  1.09601080E+00  9.99998936E-01  1.09601080E+00
    59  1.18000000E+01  1.09686649E+00  9.99998847E-01  1.09686649E+00
    60  1.20000000E+01  1.09774277E+00  9.99998751E-01  1.09774277E+00
    61  1.22000000E+01  1.09868325E+00  9.99998649E-01  1.09868325E+00
    62  1.24000000E+01  1.09954401E+00  9.99998540E-01  1.09954401E+00
    63  1.26000000E+01  1.10032481E+00  9.99998425E-01  1.10032481E+00
    64  1.28000000E+01  1.10107718E+00  9.99998302E-01  1.10107718E+00
    65  1.30000000E+01  1.10194569E+00  9.99998171E-01  1.10194569E+00
    66  1.32000000E+01  1.10273489E+00  9.99998033E-01  1.10273489E+00
    67  1.34000000E+01  1.10344525E+00  9.99997885E-01  1.10344525E+00
    68  1.36000000E+01  1.10411281E+00  9.99997729E-01  1.10411281E+00
    69  1.38000000E+01  1.10490878E+00  9.99997564E-01  1.10490878E+00
    70  1.40000000E+01  1.10562595E+00  9.99997388E-01  1.10562595E+00
    71  1.42000000E+01  1.10626552E+00  9.99997203E-01  1.10626552E+00
    72  1.44000000E+01  1.10684362E+00  9.99997006E-01  1.10684362E+00
    73  1.46000000E+01  1.10756921E+00  9.99996799E-01  1.10756921E+00
    74  1.48000000E+01  1.10821763E+00  9.99996579E-01  1.10821763E+00
    75  1.50000000E+01  1.10879094E+00  9.99996347E-01  1.10879094E+00
    76  1.52000000E+01  1.10930983E+00  9.99996103E-01  1.10930983E+00
    77  1.54000000E+01  1.10996463E+00  9.99995845E-01  1.10996463E+00
    78  1.56000000E+01  1.11054401E+00  9.99995572E-01  1.11054401E+00
    79  1.58000000E+01  1.11105090E+00  9.99995286E-01  1.11105090E+00
    80  1.60000000E+01  1.11151081E+00  9.99994983E-01  1.11151081E+00
    81  1.62000000E+01  1.11209903E+00  9.99994665E-01  1.11209903E+00
    82  1.64000000E+01  1.11261486E+00  9.99994330E-01  1.11261486E+00
    83  1.66000000E+01  1.11306201E+00  9.99993978E-01  1.11306201E+00
    84  1.68000000E+01  1.11348062E+00  9.99993608E-01  1.11348062E+00
    85  1.70000000E+01  1.11400210E+00  9.99993218E-01  1.11400210E+00
    86  1.72000000E+01  1.11445439E+00  9.99992810E-01  1.11445439E+00
    87  1.74000000E+01  1.11484198E+00  9.99992380E-01  1.11484198E+00
    88  1.76000000E+01  1.11522742E+00  9.99991930E-01  1.11522742E+00
    89  1.78000000E+01  1.11568847E+00  9.99991457E-01  1.11568847E+00
    90  1.80000000E+01  1.11608448E+00  9.99990962E-01  1.11608448E+00
    91  1.82000000E+01  1.11642044E+00  9.99990443E-01  1.11642044E+00
    92  1.84000000E+01  1.11677158E+00  9.99989899E-01  1.11677158E+00
    93  1.86000000E+01  1.11717236E+00  9.99989330E-01  1.11717236E+00
    94  1.88000000E+01  1.11751252E+00  9.99988734E-01  1.11751252E+00
    95  1.90000000E+01  1.11779760E+00  9.99988110E-01  1.11779760E+00
    96  1.92000000E+01  1.11813289E+00  9.99987458E-01  1.11813289E+00
    97  1.94000000E+01  1.11848102E+00  9.99986777E-01  1.11848102E+00
    98  1.96000000E+01  1.11877330E+00  9.99986065E-01  1.11877330E+00
    99  1.98000000E+01  1.11901539E+00  9.99985322E-01  1.11901539E+00
   100  2.00000000E+01  1.11931940E+00  9.99984546E-01  1.11931940E+00
   101  2.02000000E+01  1.11961560E+00  9.99983737E-01  1.11961560E+00
   102  2.04000000E+01  1.11986110E+00  9.99982893E-01  1.11986110E+00
   103  2.06000000E+01  1.12006180E+00  9.99982013E-01  1.12006180E+00
   104  2.08000000E+01  1.12036207E+00  9.99981097E-01  1.12036207E+00
   105  2.10000000E+01  1.12061413E+00  9.99980142E-01  1.12061413E+00
   106  2.12000000E+01  1.12082033E+00  9.99979148E-01  1.12082033E+00
   107  2.14000000E+01  1.12099848E+00  9.99978115E-01  1.12099848E+00
   108  2.16000000E+01  1.12125421E+00  9.99977039E-01  1.12125421E+00
   109  2.18000000E+01  1.12146359E+00  9.99975922E-01  1.12146359E+00
   110  2.20000000E+01  1.12163247E+00  9.99974760E-01  1.12163247E+00
   111  2.22000000E+01  1.12182218E+00  9.99973554E-01  1.12182218E+00
   112  2.24000000E+01  1.12203746E+00  9.99972303E-01  1.12203746E+00
   113  2.26000000E+01  1.12221114E+00  9.99971004E-01  1.12221114E+00
   114  2.28000000E+01  1.12234889E+00  9.99969658E-01  1.12234889E+00
   115  2.30000000E+01  1.12251609E+00  9.99968262E-01  1.12251609E+00
   116  2.32000000E+01  1.12269275E+00  9.99966817E-01  1.12269275E+00
   117  2.34000000E+01  1.12283307E+00  9.99965320E-01  1.12283307E+00
   118  2.36000000E+01  1.12294260E+00  9.99963771E-01  1.12294260E+00
   119  2.38000000E+01  1.12312448E+00  9.99962170E-01  1.12312448E+00
   120  2.40000000E+01  1.12326891E+00  9.99960515E-01  1.12326891E+00
   121  2.42000000E+01  1.12338140E+00  9.99958805E-01  1.12338140E+00
   122  2.44000000E+01  1.12347584E+00  9.99957040E-01  1.12347584E+00
   123  2.46000000E+01  1.12362306E+00  9.99955219E-01  1.12362306E+00
   124  2.48000000E+01  1.12373793E+00  9.99953341E-01  1.12373793E+00
   125  2.50000000E+01  1.12382570E+00  9.99951406E-01  1.12382570E+00
   126  2.52000000E+01  1.12394357E+00  9.99949413E-01  1.12394357E+00
   127  2.54000000E+01  1.12406190E+00  9.99947363E-01  1.12406190E+00
   128  2.56000000E+01  1.12415209E+00  9.99945255E-01  1.12415209E+00
   129  2.58000000E+01  1.12421905E+00  9.99943088E-01  1.12421905E+00
   130  2.60000000E+01  1.12431702E+00  9.99940863E-01  1.12431702E+00
   131  2.62000000E+01  1.12440942E+00  9.99938581E-01  1.12440942E+00
   132  2.64000000E+01  1.12447828E+00  9.99936241E-01  1.12447828E+00
   133  2.66000000E+01  1.12455167E+00  9.99933844E-01  1.12455167E+00
   134  2.68000000E+01  1.12464689E+00  9.99931391E-01  1.12464689E+00
   135  2.70000000E+01  1.12471758E+00  9.99928883E-01  1.12471758E+00
   136  2.72000000E+01  1.12476839E+00  9.99926322E-01  1.12476839E+00
   137  2.74000000E+01  1.12482629E+00  9.99923707E-01  1.12482629E+00
   138  2.76000000E+01  1.12489901E+00  9.99921042E-01  1.12489901E+00
   139  2.78000000E+01  1.12495154E+00  9.99918329E-01  1.12495154E+00
   140  2.80000000E+01  1.12499564E+00  9.99915569E-01  1.12499564E+00
   141  2.82000000E+01  1.12507057E+00  9.99912766E-01  1.12507057E+00
   142  2.84000000E+01  1.12512441E+00  9.99909922E-01  1.12512441E+00
   143  2.86000000E+01  1.12516146E+00  9.99907040E-01  1.12516146E+00
   144  2.88000000E+01  1.12519278E+00  9.99904125E-01  1.12519278E+00
   145  2.90000000E+01  1.12524844E+00  9.99901181E-01  1.12524844E+00
   146  2.92000000E+01  1.12528705E+00  9.99898213E-01  1.12528705E+00
   147  2.94000000E+01  1.12531318E+00  9.99895225E-01  1.12531318E+00
   148  2.96000000E+01  1.12537048E+00  9.99892224E-01  1.12537048E+00
   149  2.98000000E+01  1.12540989E+00  9.99889216E-01  1.12540989E+00
   150  3.00000000E+01  1.12543540E+00  9.99886207E-01  1.12543540E+00
   151  3.02000000E+01  1.12545050E+00  9.99883206E-01  1.12545050E+00
   152  3.04000000E+01  1.12549137E+00  9.99880220E-01  1.12549137E+00
   153  3.06000000E+01  1.12551827E+00  9.99877259E-01  1.12551827E+00
   154  3.08000000E+01  1.12553453E+00  9.99874333E-01  1.12553453E+00
   155  3.10000000E+01  1.12557667E+00  9.99871451E-01  1.12557667E+00
   156  3.12000000E+01  1.12560391E+00  9.99868626E-01  1.12560391E+00
   157  3.14000000E+01  1.12561991E+00  9.99865870E-01  1.12561991E+00
   158  3.16000000E+01  1.12562781E+00  9.99863196E-01  1.12562781E+00
   159  3.18000000E+01  1.12565439E+00  9.99860619E-01  1.12565439E+00
   160  3.20000000E+01  1.12567161E+00  9.99858154E-01  1.12567161E+00
   161  3.22000000E+01  1.12568367E+00  9.99855818E-01  1.12568367E+00
   162  3.24000000E+01  1.12571296E+00  9.99853628E-01  1.12571296E+00
   163  3.26000000E+01  1.12573011E+00  9.99851604E-01  1.12573011E+00
   164  3.28000000E+01  1.12573843E+00  9.99849766E-01  1.12573843E+00
   165  3.30000000E+01  1.12574074E+00  9.99848136E-01  1.12574074E+00
   166  3.32000000E+01  1.12575848E+00  9.99846738E-01  1.12575848E+00
   167  3.34000000E+01  1.12576787E+00  9.99845597E-01  1.12576787E+00
   168  3.36000000E+01  1.12577936E+00  9.99844739E-01  1.12577936E+00
   169  3.38000000E+01  1.12579793E+00  9.99844193E-01  1.12579793E+00
   170  3.40000000E+01  1.12580687E+00  9.99843990E-01  1.12580687E+00
   171  3.42000000E+01  1.12580917E+00  9.99844161E-01  1.12580917E+00
   172  3.44000000E+01  1.12580987E+00  9.99844742E-01  1.12580987E+00
   173  3.46000000E+01  1.12581993E+00  9.99845769E-01  1.12581993E+00
   174  3.48000000E+01  1.12582314E+00  9.99847281E-01  1.12582314E+00
   175  3.50000000E+01  1.12583614E+00  9.99849320E-01  1.12583614E+00
   176  3.52000000E+01  1.12584592E+00  9.99851928E-01  1.12584592E+00
   177  3.54000000E+01  1.12584837E+00  9.99855153E-01  1.12584837E+00
   178  3.56000000E+01  1.12584613E+00  9.99859043E-01  1.12584613E+00
   179  3.58000000E+01  1.12584773E+00  9.99863652E-01  1.12584773E+00
   180  3.60000000E+01  1.12585113E+00  9.99869033E-01  1.12585113E+00
   181  3.62000000E+01  1.12585423E+00  9.99875245E-01  1.12585423E+00
   182  3.64000000E+01  1.12586512E+00  9.99882351E-01  1.12586512E+00
   183  3.66000000E+01  1.12586789E+00  9.99890414E-01  1.12586789E+00
   184  3.68000000E+01  1.12586539E+00  9.99899504E-01  1.12586539E+00
   185  3.70000000E+01  1.12585990E+00  9.99909693E-01  1.12585990E+00
   186  3.72000000E+01  1.12586325E+00  9.99921059E-01  1.12586325E+00
   187  3.74000000E+01  1.12586345E+00  9.99933681E-01  1.12586345E+00
   188  3.76000000E+01  1.12587252E+00  9.99947645E-01  1.12587252E+00
   189  3.78000000E+01  1.12588080E+00  9.99963041E-01  1.12588080E+00
   190  3.80000000E+01  1.12588819E+00  9.99979963E-01  1.12588819E+00
   191  3.82000000E+01  1.12589466E+00  9.99998510E-01  1.12589466E+00
   192  3.84000000E+01  1.12590023E+00  1.00001879E+00  1.12590023E+00
   193  3.86000000E+01  1.12590713E+00  1.00004091E+00  1.12590713E+00
   194  3.88000000E+01  1.12591366E+00  1.00006498E+00  1.12591366E+00
   195  3.90000000E+01  1.12591927E+00  1.00009113E+00  1.12591927E+00
   196  3.92000000E+01  1.12592402E+00  1.00011948E+00  1.12592402E+00
   197  3.94000000E+01  1.12592801E+00  1.00015018E+00  1.12592801E+00
   198  3.96000000E+01  1.12593159E+00  1.00018335E+00  1.12593159E+00
   199  3.98000000E+01  1.12593661E+00  1.00021915E+00  1.12593661E+00
   200  4.00000000E+01  1.12594084E+00  1.00025772E+00  1.12594084E+00
   201  4.02000000E+01  1.12594438E+00  1.00029924E+00  1.12594438E+00
   202  4.04000000E+01  1.12594735E+00  1.00034387E+00  1.12594735E+00
   203  4.06000000E+01  1.12594987E+00  1.00039179E+00  1.12594987E+00
   204  4.08000000E+01  1.12595240E+00  1.00044318E+00  1.12595240E+00
   205  4.10000000E+01  1.12595537E+00  1.00049824E+00  1.12595537E+00
   206  4.12000000E+01  1.12595788E+00  1.00055717E+00  1.12595788E+00
   207  4.14000000E+01  1.12596005E+00  1.00062018E+00  1.12596005E+00
   208  4.16000000E+01  1.12596197E+00  1.00068749E+00  1.12596197E+00
   209  4.18000000E+01  1.12596370E+00  1.00075934E+00  1.12596370E+00
   210  4.20000000E+01  1.12596531E+00  1.00083596E+00  1.12596531E+00
   211  4.22000000E+01  1.12596681E+00  1.00091761E+00  1.12596681E+00
   212  4.24000000E+01  1.12596823E+00  1.00100454E+00  1.12596823E+00
   213  4.26000000E+01  1.12596960E+00  1.00109703E+00  1.12596960E+00
   214  4.28000000E+01  1.12597106E+00  1.00119537E+00  1.12597106E+00
   215  4.30000000E+01  1.12597244E+00  1.00129985E+00  1.12597244E+00
   216  4.32000000E+01  1.12597373E+00  1.00141079E+00  1.12597373E+00
   217  4.34000000E+01  1.12597495E+00  1.00152849E+00  1.12597495E+00
   218  4.36000000E+01  1.12597608E+00  1.00165329E+00  1.12597608E+00
   219  4.38000000E+01  1.12597712E+00  1.00178555E+00  1.12597712E+00
   220  4.40000000E+01  1.12597806E+00  1.00192561E+00  1.12597806E+00
   221  4.42000000E+01  1.12597890E+00  1.00207386E+00  1.12597890E+00
   222  4.44000000E+01  1.12597962E+00  1.00223068E+00  1.12597962E+00
   223  4.46000000E+01  1.12598023E+00  1.00239647E+00  1.12598023E+00
   224  4.48000000E+01  1.12598074E+00  1.00257164E+00  1.12598074E+00
   225  4.50000000E+01  1.12598116E+00  1.00275664E+00  1.12598116E+00
   226  4.52000000E+01  1.12598148E+00  1.00295189E+00  1.12598148E+00
   227  4.54000000E+01  1.12598177E+00  1.00315787E+00  1.12598177E+00
   228  4.56000000E+01  1.12598219E+00  1.00337504E+00  1.12598219E+00
   229  4.58000000E+01  1.12598252E+00  1.00360390E+00  1.12598252E+00
   230  4.60000000E+01  1.12598278E+00  1.00384496E+00  1.12598278E+00
   231  4.62000000E+01  1.12598297E+00  1.00409873E+00  1.12598297E+00
   232  4.64000000E+01  1.12598310E+00  1.00436576E+00  1.12598310E+00
   233  4.66000000E+01  1.12598319E+00  1.00464660E+00  1.12598319E+00
   234  4.68000000E+01  1.12598324E+00  1.00494181E+00  1.12598324E+00
   235  4.70000000E+01  1.12598326E+00  1.00525200E+00  1.12598326E+00
   236  4.72000000E+01  1.12598326E+00  1.00557774E+00  1.12598326E+00
   237  4.74000000E+01  1.12598323E+00  1.00591968E+00  1.12598323E+00
   238  4.76000000E+01  1.12598319E+00  1.00627842E+00  1.12598319E+00
   239  4.78000000E+01  1.12598313E+00  1.00665462E+00  1.12598313E+00
   240  4.80000000E+01  1.12598305E+00  1.00704895E+00  1.12598305E+00
   241  4.82000000E+01  1.12598296E+00  1.00746207E+00  1.12598296E+00
   242  4.84000000E+01  1.12598286E+00  1.00789467E+00  1.12598286E+00
   243  4.86000000E+01  1.12598275E+00  1.00834745E+00  1.12598275E+00
   244  4.88000000E+01  1.12598263E+00  1.00882113E+00  1.12598263E+00
   245  4.90000000E+01  1.12598250E+00  1.00931642E+00  1.12598250E+00
   246  4.92000000E+01  1.12598236E+00  1.00983406E+00  1.12598236E+00
   247  4.94000000E+01  1.12598223E+00  1.01037480E+00  1.12598223E+00
   248  4.96000000E+01  1.12598209E+00  1.01093937E+00  1.12598209E+00
   249  4.98000000E+01  1.12598194E+00  1.01152854E+00  1.12598194E+00
   250  5.00000000E+01  1.12598180E+00  1.01214307E+00  1.12598180E+00
   251  5.02000000E+01  1.12598166E+00  1.01278371E+00  1.12598166E+00
   252  5.04000000E+01  1.12598152E+00  1.01345124E+00  1.12598152E+00
   253  5.06000000E+01  1.12598138E+00  1.01414641E+00  1.12598138E+00
   254  5.08000000E+01  1.12598124E+00  1.01486998E+00  1.12598124E+00
   255  5.10000000E+01  1.12598110E+00  1.01562270E+00  1.12598110E+00
   256  5.12000000E+01  1.12598097E+00  1.01640532E+00  1.12598097E+00
   257  5.14000000E+01  1.12598085E+00  1.01721856E+00  1.12598085E+00
   258  5.16000000E+01  1.12598072E+00  1.01806314E+00  1.12598072E+00
   259  5.18000000E+01  1.12598060E+00  1.01893976E+00  1.12598060E+00
   260  5.20000000E+01  1.12598049E+00  1.01984909E+00  1.12598049E+00
   261  5.22000000E+01  1.12598037E+00  1.02079178E+00  1.12598037E+00
   262  5.24000000E+01  1.12598026E+00  1.02176845E+00  1.12598026E+00
   263  5.26000000E+01  1.12598016E+00  1.02277970E+00  1.12598016E+00
   264  5.28000000E+01  1.12598006E+00  1.02382607E+00  1.12598006E+00
   265  5.30000000E+01  1.12597996E+00  1.02490807E+00  1.12597996E+00
   266  5.32000000E+01  1.12597987E+00  1.02602617E+00  1.12597987E+00
   267  5.34000000E+01  1.12597979E+00  1.02718078E+00  1.12597979E+00
   268  5.36000000E+01  1.12597970E+00  1.02837226E+00  1.12597970E+00
   269  5.38000000E+01  1.12597962E+00  1.02960090E+00  1.12597962E+00
   270  5.40000000E+01  1.12597955E+00  1.03086695E+00  1.12597955E+00
   271  5.42000000E+01  1.12597947E+00  1.03217056E+00  1.12597947E+00
   272  5.44000000E+01  1.12597941E+00  1.03351183E+00  1.12597941E+00
   273  5.46000000E+01  1.12597934E+00  1.03489075E+00  1.12597934E+00
   274  5.48000000E+01  1.12597928E+00  1.03630725E+00  1.12597928E+00
   275  5.50000000E+01  1.12597922E+00  1.03776116E+00  1.12597922E+00
   276  5.52000000E+01  1.12597917E+00  1.03925220E+00  1.12597917E+00
   277  5.54000000E+01  1.12597912E+00  1.04078002E+00  1.12597912E+00
   278  5.56000000E+01  1.12597907E+00  1.04234413E+00  1.12597907E+00
   279  5.58000000E+01  1.12597902E+00  1.04394395E+00  1.12597902E+00
   280  5.60000000E+01  1.12597898E+00  1.04557876E+00  1.12597898E+00
   281  5.62000000E+01  1.12597894E+00  1.04724776E+00  1.12597894E+00
   282  5.64000000E+01  1.12597890E+00  1.04894998E+00  1.12597890E+00
   283  5.66000000E+01  1.12597886E+00  1.05068435E+00  1.12597886E+00
   284  5.68000000E+01  1.12597883E+00  1.05244966E+00  1.12597883E+00
   285  5.70000000E+01  1.12597880E+00  1.05424459E+00  1.12597880E+00
   286  5.72000000E+01  1.12597877E+00  1.05606764E+00  1.12597877E+00
   287  5.74000000E+01  1.12597874E+00  1.05791722E+00  1.12597874E+00
   288  5.76000000E+01  1.12597871E+00  1.05979157E+00  1.12597871E+00
   289  5.78000000E+01  1.12597869E+00  1.06168882E+00  1.12597869E+00
   290  5.80000000E+01  1.12597867E+00  1.06360695E+00  1.12597867E+00
   291  5.82000000E+01  1.12597864E+00  1.06554379E+00  1.12597864E+00
   292  5.84000000E+01  1.12597862E+00  1.06749708E+00  1.12597862E+00
   293  5.86000000E+01  1.12597861E+00  1.06946439E+00  1.12597861E+00
   294  5.88000000E+01  1.12597859E+00  1.07144318E+00  1.12597859E+00
   295  5.90000000E+01  1.12597857E+00  1.07343078E+00  1.12597857E+00
   296  5.92000000E+01  1.12597856E+00  1.07542442E+00  1.12597856E+00
   297  5.94000000E+01  1.12597854E+00  1.07742121E+00  1.12597854E+00
   298  5.96000000E+01  1.12597853E+00  1.07941814E+00  1.12597853E+00
   299  5.98000000E+01  1.12597852E+00  1.08141212E+00  1.12597852E+00
   300  6.00000000E+01  1.12597851E+00  1.08339996E+00  1.12597851E+00
   301  6.02000000E+01  1.12597850E+00  1.08537840E+00  1.12597850E+00
   302  6.04000000E+01  1.12597849E+00  1.08734409E+00  1.12597849E+00
   303  6.06000000E+01  1.12597848E+00  1.08929363E+00  1.12597848E+00
   304  6.08000000E+01  1.12597847E+00  1.09122357E+00  1.12597847E+00
   305  6.10000000E+01  1.12597846E+00  1.09313042E+00  1.12597846E+00
   306  6.12000000E+01  1.12597846E+00  1.09501067E+00  1.12597846E+00
   307  6.14000000E+01  1.12597845E+00  1.09686077E+00  1.12597845E+00
   308  6.16000000E+01  1.12597844E+00  1.09867721E+00  1.12597844E+00
   309  6.18000000E+01  1.12597844E+00  1.10045648E+00  1.12597844E+00
   310  6.20000000E+01  1.12597843E+00  1.10219510E+00  1.12597843E+00
   311  6.22000000E+01  1.12597843E+00  1.10388964E+00  1.12597843E+00
   312  6.24000000E+01  1.12597842E+00  1.10553676E+00  1.12597842E+00
   313  6.26000000E+01  1.12597842E+00  1.10713319E+00  1.12597842E+00
   314  6.28000000E+01  1.12597842E+00  1.10867577E+00  1.12597842E+00
   315  6.30000000E+01  1.12597841E+00  1.11016149E+00  1.12597841E+00
   316  6.32000000E+01  1.12597841E+00  1.11158746E+00  1.12597841E+00
   317  6.34000000E+01  1.12597841E+00  1.11295102E+00  1.12597841E+00
   318  6.36000000E+01  1.12597840E+00  1.11424966E+00  1.12597840E+00
   319  6.38000000E+01  1.12597840E+00  1.11548116E+00  1.12597840E+00
   320  6.40000000E+01  1.12597840E+00  1.11664353E+00  1.12597840E+00
   321  6.42000000E+01  1.12597840E+00  1.11773509E+00  1.12597840E+00
   322  6.44000000E+01  1.12597839E+00  1.11875452E+00  1.12597839E+00
   323  6.46000000E+01  1.12597839E+00  1.11970083E+00  1.12597839E+00
   324  6.48000000E+01  1.12597839E+00  1.12057348E+00  1.12597839E+00
   325  6.50000000E+01  1.12597839E+00  1.12137236E+00  1.12597839E+00
   326  6.52000000E+01  1.12597839E+00  1.12209784E+00  1.12597839E+00
   327  6.54000000E+01  1.12597839E+00  1.12275079E+00  1.12597839E+00
   328  6.56000000E+01  1.12597839E+00  1.12333264E+00  1.12597839E+00
   329  6.58000000E+01  1.12597838E+00  1.12384534E+00  1.12597838E+00
   330  6.60000000E+01  1.12597838E+00  1.12429138E+00  1.12597838E+00
   331  6.62000000E+01  1.12597838E+00  1.12467379E+00  1.12597838E+00
   332  6.64000000E+01  1.12597838E+00  1.12499612E+00  1.12597838E+00
   333  6.66000000E+01  1.12597838E+00  1.12526238E+00  1.12597838E+00
 steady-height stop at step    333: truncated to 3 decimals, truncated max/end/ratio =       1125      1125      1125, max/end/ratio =   1.12597838E+00  1.12526238E+00  1.12597838E+00
