 comppar: model =   3
 comppar: lambda,mobility/eps,betav,eta_0 =  1.1000E+01  1.0000E-01  7.0000E-01  1.0000E+00
 comppar: eta_s,eta_p,G =  7.0000E-01  3.0000E-01  2.7273E-02
 comppar: U_avg,deltat,flowrate,nsteps =  1.0000E-01  4.0000E-01  3.1416E-01    1000
 comppar: geometry = axisymmetric
 comppar: steady stop change,gap,hold,min =  1.0000E-05  2.0000E-04      10      80
 comppar: steady stop rounded decimals =       4
 comppar: ncompc,ncompg =     4     5
 mesh nnodes = 22999
 mesh nelem = 11296
 P1 BC   5.0000000000000000     
 P2 BC   0.0000000000000000     
     1  4.00000000E-01  1.00503928E+00  1.00000000E+00  1.00503928E+00
     2  8.00000000E-01  1.00992090E+00  1.00000000E+00  1.00992090E+00
     3  1.20000000E+00  1.01464838E+00  1.00000000E+00  1.01464838E+00
     4  1.60000000E+00  1.01923678E+00  1.00000000E+00  1.01923678E+00
     5  2.00000000E+00  1.02369183E+00  1.00000000E+00  1.02369183E+00
     6  2.40000000E+00  1.02802267E+00  1.00000000E+00  1.02802267E+00
     7  2.80000000E+00  1.03223800E+00  1.00000000E+00  1.03223800E+00
     8  3.20000000E+00  1.03634435E+00  1.00000000E+00  1.03634435E+00
     9  3.60000000E+00  1.04035535E+00  1.00000000E+00  1.04035535E+00
    10  4.00000000E+00  1.04427562E+00  1.00000000E+00  1.04427562E+00
    11  4.40000000E+00  1.04810830E+00  9.99999997E-01  1.04810830E+00
    12  4.80000000E+00  1.05186808E+00  9.99999992E-01  1.05186808E+00
    13  5.20000000E+00  1.05555684E+00  9.99999984E-01  1.05555684E+00
    14  5.60000000E+00  1.05917282E+00  9.99999974E-01  1.05917282E+00
    15  6.00000000E+00  1.06273086E+00  9.99999961E-01  1.06273086E+00
    16  6.40000000E+00  1.06623832E+00  9.99999944E-01  1.06623832E+00
    17  6.80000000E+00  1.06969134E+00  9.99999923E-01  1.06969134E+00
    18  7.20000000E+00  1.07309198E+00  9.99999898E-01  1.07309198E+00
    19  7.60000000E+00  1.07644561E+00  9.99999868E-01  1.07644561E+00
    20  8.00000000E+00  1.07975338E+00  9.99999831E-01  1.07975338E+00
    21  8.40000000E+00  1.08302026E+00  9.99999788E-01  1.08302026E+00
    22  8.80000000E+00  1.08624024E+00  9.99999738E-01  1.08624024E+00
    23  9.20000000E+00  1.08941687E+00  9.99999679E-01  1.08941687E+00
    24  9.60000000E+00  1.09256992E+00  9.99999611E-01  1.09256992E+00
    25  1.00000000E+01  1.09569208E+00  9.99999534E-01  1.09569208E+00
    26  1.04000000E+01  1.09877085E+00  9.99999445E-01  1.09877085E+00
    27  1.08000000E+01  1.10180045E+00  9.99999344E-01  1.10180045E+00
    28  1.12000000E+01  1.10482128E+00  9.99999230E-01  1.10482128E+00
    29  1.16000000E+01  1.10781233E+00  9.99999101E-01  1.10781233E+00
    30  1.20000000E+01  1.11074249E+00  9.99998956E-01  1.11074249E+00
    31  1.24000000E+01  1.11368877E+00  9.99998794E-01  1.11368877E+00
    32  1.28000000E+01  1.11657576E+00  9.99998613E-01  1.11657576E+00
    33  1.32000000E+01  1.11945659E+00  9.99998412E-01  1.11945659E+00
    34  1.36000000E+01  1.12230113E+00  9.99998189E-01  1.12230113E+00
    35  1.40000000E+01  1.12514327E+00  9.99997941E-01  1.12514327E+00
    36  1.44000000E+01  1.12794172E+00  9.99997668E-01  1.12794172E+00
    37  1.48000000E+01  1.13076215E+00  9.99997367E-01  1.13076215E+00
    38  1.52000000E+01  1.13354345E+00  9.99997036E-01  1.13354345E+00
    39  1.56000000E+01  1.13631789E+00  9.99996672E-01  1.13631789E+00
    40  1.60000000E+01  1.13909996E+00  9.99996273E-01  1.13909996E+00
    41  1.64000000E+01  1.14185844E+00  9.99995837E-01  1.14185844E+00
    42  1.68000000E+01  1.14459431E+00  9.99995360E-01  1.14459431E+00
    43  1.72000000E+01  1.14735160E+00  9.99994840E-01  1.14735160E+00
    44  1.76000000E+01  1.15008166E+00  9.99994273E-01  1.15008166E+00
    45  1.80000000E+01  1.15277452E+00  9.99993657E-01  1.15277452E+00
    46  1.84000000E+01  1.15547016E+00  9.99992987E-01  1.15547016E+00
    47  1.88000000E+01  1.15812813E+00  9.99992260E-01  1.15812813E+00
    48  1.92000000E+01  1.16074235E+00  9.99991473E-01  1.16074235E+00
    49  1.96000000E+01  1.16334788E+00  9.99990621E-01  1.16334788E+00
    50  2.00000000E+01  1.16587697E+00  9.99989700E-01  1.16587697E+00
    51  2.04000000E+01  1.16841238E+00  9.99988705E-01  1.16841238E+00
    52  2.08000000E+01  1.17086189E+00  9.99987632E-01  1.17086189E+00
    53  2.12000000E+01  1.17330214E+00  9.99986476E-01  1.17330214E+00
    54  2.16000000E+01  1.17566214E+00  9.99985232E-01  1.17566214E+00
    55  2.20000000E+01  1.17800269E+00  9.99983895E-01  1.17800269E+00
    56  2.24000000E+01  1.18026793E+00  9.99982459E-01  1.18026793E+00
    57  2.28000000E+01  1.18251060E+00  9.99980919E-01  1.18251060E+00
    58  2.32000000E+01  1.18467838E+00  9.99979269E-01  1.18467838E+00
    59  2.36000000E+01  1.18682916E+00  9.99977502E-01  1.18682916E+00
    60  2.40000000E+01  1.18889919E+00  9.99975614E-01  1.18889919E+00
    61  2.44000000E+01  1.19096002E+00  9.99973597E-01  1.19096002E+00
    62  2.48000000E+01  1.19293211E+00  9.99971445E-01  1.19293211E+00
    63  2.52000000E+01  1.19489662E+00  9.99969153E-01  1.19489662E+00
    64  2.56000000E+01  1.19677033E+00  9.99966712E-01  1.19677033E+00
    65  2.60000000E+01  1.19863869E+00  9.99964118E-01  1.19863869E+00
    66  2.64000000E+01  1.20042133E+00  9.99961363E-01  1.20042133E+00
    67  2.68000000E+01  1.20219102E+00  9.99958442E-01  1.20219102E+00
    68  2.72000000E+01  1.20388764E+00  9.99955347E-01  1.20388764E+00
    69  2.76000000E+01  1.20555594E+00  9.99952074E-01  1.20555594E+00
    70  2.80000000E+01  1.20716696E+00  9.99948617E-01  1.20716696E+00
    71  2.84000000E+01  1.20873244E+00  9.99944969E-01  1.20873244E+00
    72  2.88000000E+01  1.21026120E+00  9.99941127E-01  1.21026120E+00
    73  2.92000000E+01  1.21172354E+00  9.99937086E-01  1.21172354E+00
    74  2.96000000E+01  1.21317358E+00  9.99932843E-01  1.21317358E+00
    75  3.00000000E+01  1.21455222E+00  9.99928394E-01  1.21455222E+00
    76  3.04000000E+01  1.21590727E+00  9.99923739E-01  1.21590727E+00
    77  3.08000000E+01  1.21721042E+00  9.99918876E-01  1.21721042E+00
    78  3.12000000E+01  1.21846644E+00  9.99913807E-01  1.21846644E+00
    79  3.16000000E+01  1.21969742E+00  9.99908533E-01  1.21969742E+00
    80  3.20000000E+01  1.22086417E+00  9.99903059E-01  1.22086417E+00
    81  3.24000000E+01  1.22202059E+00  9.99897391E-01  1.22202059E+00
    82  3.28000000E+01  1.22312010E+00  9.99891537E-01  1.22312010E+00
    83  3.32000000E+01  1.22418749E+00  9.99885507E-01  1.22418749E+00
    84  3.36000000E+01  1.22522519E+00  9.99879317E-01  1.22522519E+00
    85  3.40000000E+01  1.22620970E+00  9.99872982E-01  1.22620970E+00
    86  3.44000000E+01  1.22718803E+00  9.99866525E-01  1.22718803E+00
    87  3.48000000E+01  1.22811202E+00  9.99859969E-01  1.22811202E+00
    88  3.52000000E+01  1.22901508E+00  9.99853343E-01  1.22901508E+00
    89  3.56000000E+01  1.22988053E+00  9.99846684E-01  1.22988053E+00
    90  3.60000000E+01  1.23071214E+00  9.99840030E-01  1.23071214E+00
    91  3.64000000E+01  1.23152584E+00  9.99833428E-01  1.23152584E+00
    92  3.68000000E+01  1.23229405E+00  9.99826931E-01  1.23229405E+00
    93  3.72000000E+01  1.23305492E+00  9.99820601E-01  1.23305492E+00
    94  3.76000000E+01  1.23377425E+00  9.99814506E-01  1.23377425E+00
    95  3.80000000E+01  1.23447230E+00  9.99808725E-01  1.23447230E+00
    96  3.84000000E+01  1.23514497E+00  9.99803347E-01  1.23514497E+00
    97  3.88000000E+01  1.23578364E+00  9.99798470E-01  1.23578364E+00
    98  3.92000000E+01  1.23641229E+00  9.99794208E-01  1.23641229E+00
    99  3.96000000E+01  1.23700183E+00  9.99790684E-01  1.23700183E+00
   100  4.00000000E+01  1.23758115E+00  9.99788039E-01  1.23758115E+00
   101  4.04000000E+01  1.23813144E+00  9.99786427E-01  1.23813144E+00
   102  4.08000000E+01  1.23865764E+00  9.99786022E-01  1.23865764E+00
   103  4.12000000E+01  1.23917077E+00  9.99787013E-01  1.23917077E+00
   104  4.16000000E+01  1.23965107E+00  9.99789613E-01  1.23965107E+00
   105  4.20000000E+01  1.24012488E+00  9.99794055E-01  1.24012488E+00
   106  4.24000000E+01  1.24057155E+00  9.99800595E-01  1.24057155E+00
   107  4.28000000E+01  1.24099883E+00  9.99809517E-01  1.24099883E+00
   108  4.32000000E+01  1.24141370E+00  9.99821131E-01  1.24141370E+00
   109  4.36000000E+01  1.24179998E+00  9.99835779E-01  1.24179998E+00
   110  4.40000000E+01  1.24218214E+00  9.99853833E-01  1.24218214E+00
   111  4.44000000E+01  1.24254035E+00  9.99875702E-01  1.24254035E+00
   112  4.48000000E+01  1.24288296E+00  9.99901831E-01  1.24288296E+00
   113  4.52000000E+01  1.24321442E+00  9.99932707E-01  1.24321442E+00
   114  4.56000000E+01  1.24352239E+00  9.99968860E-01  1.24352239E+00
   115  4.60000000E+01  1.24382702E+00  1.00001087E+00  1.24382702E+00
   116  4.64000000E+01  1.24411062E+00  1.00005935E+00  1.24411062E+00
   117  4.68000000E+01  1.24438219E+00  1.00011500E+00  1.24438219E+00
   118  4.72000000E+01  1.24464315E+00  1.00017854E+00  1.24464315E+00
   119  4.76000000E+01  1.24488445E+00  1.00025077E+00  1.24488445E+00
   120  4.80000000E+01  1.24512398E+00  1.00033256E+00  1.24512398E+00
   121  4.84000000E+01  1.24534555E+00  1.00042484E+00  1.24534555E+00
   122  4.88000000E+01  1.24555780E+00  1.00052861E+00  1.24555780E+00
   123  4.92000000E+01  1.24576079E+00  1.00064496E+00  1.24576079E+00
   124  4.96000000E+01  1.24594766E+00  1.00077505E+00  1.24594766E+00
   125  5.00000000E+01  1.24613292E+00  1.00092014E+00  1.24613292E+00
   126  5.04000000E+01  1.24630239E+00  1.00108157E+00  1.24630239E+00
   127  5.08000000E+01  1.24646486E+00  1.00126079E+00  1.24646486E+00
   128  5.12000000E+01  1.24661915E+00  1.00145935E+00  1.24661915E+00
   129  5.16000000E+01  1.24676020E+00  1.00167889E+00  1.24676020E+00
   130  5.20000000E+01  1.24689998E+00  1.00192119E+00  1.24689998E+00
   131  5.24000000E+01  1.24702707E+00  1.00218814E+00  1.24702707E+00
   132  5.28000000E+01  1.24714766E+00  1.00248174E+00  1.24714766E+00
   133  5.32000000E+01  1.24726202E+00  1.00280413E+00  1.24726202E+00
   134  5.36000000E+01  1.24736551E+00  1.00315758E+00  1.24736551E+00
   135  5.40000000E+01  1.24746748E+00  1.00354451E+00  1.24746748E+00
   136  5.44000000E+01  1.24755979E+00  1.00396745E+00  1.24755979E+00
   137  5.48000000E+01  1.24764550E+00  1.00442910E+00  1.24764550E+00
   138  5.52000000E+01  1.24772774E+00  1.00493230E+00  1.24772774E+00
   139  5.56000000E+01  1.24780119E+00  1.00548005E+00  1.24780119E+00
   140  5.60000000E+01  1.24787159E+00  1.00607547E+00  1.24787159E+00
   141  5.64000000E+01  1.24793627E+00  1.00672187E+00  1.24793627E+00
   142  5.68000000E+01  1.24799342E+00  1.00742268E+00  1.24799342E+00
   143  5.72000000E+01  1.24804971E+00  1.00818147E+00  1.24804971E+00
   144  5.76000000E+01  1.24809899E+00  1.00900199E+00  1.24809899E+00
   145  5.80000000E+01  1.24814377E+00  1.00988808E+00  1.24814377E+00
   146  5.84000000E+01  1.24818594E+00  1.01084373E+00  1.24818594E+00
   147  5.88000000E+01  1.24822206E+00  1.01187302E+00  1.24822206E+00
   148  5.92000000E+01  1.24825581E+00  1.01298016E+00  1.24825581E+00
   149  5.96000000E+01  1.24828589E+00  1.01416942E+00  1.24828589E+00
   150  6.00000000E+01  1.24831107E+00  1.01544512E+00  1.24831107E+00
   151  6.04000000E+01  1.24833501E+00  1.01681164E+00  1.24833501E+00
   152  6.08000000E+01  1.24835494E+00  1.01827336E+00  1.24835494E+00
   153  6.12000000E+01  1.24837069E+00  1.01983462E+00  1.24837069E+00
   154  6.16000000E+01  1.24838595E+00  1.02149970E+00  1.24838595E+00
   155  6.20000000E+01  1.24839749E+00  1.02327280E+00  1.24839749E+00
   156  6.24000000E+01  1.24840545E+00  1.02515795E+00  1.24840545E+00
   157  6.28000000E+01  1.24841303E+00  1.02715898E+00  1.24841303E+00
   158  6.32000000E+01  1.24841721E+00  1.02927948E+00  1.24841721E+00
   159  6.36000000E+01  1.24841849E+00  1.03152274E+00  1.24841849E+00
   160  6.40000000E+01  1.24841931E+00  1.03389165E+00  1.24841931E+00
   161  6.44000000E+01  1.24841764E+00  1.03638872E+00  1.24841764E+00
   162  6.48000000E+01  1.24841358E+00  1.03901590E+00  1.24841358E+00
   163  6.52000000E+01  1.24840848E+00  1.04177464E+00  1.24840848E+00
   164  6.56000000E+01  1.24840196E+00  1.04466573E+00  1.24840196E+00
   165  6.60000000E+01  1.24839348E+00  1.04768926E+00  1.24839348E+00
   166  6.64000000E+01  1.24838322E+00  1.05084459E+00  1.24838322E+00
   167  6.68000000E+01  1.24837276E+00  1.05413026E+00  1.24837276E+00
   168  6.72000000E+01  1.24836088E+00  1.05754395E+00  1.24836088E+00
   169  6.76000000E+01  1.24834765E+00  1.06108242E+00  1.24834765E+00
   170  6.80000000E+01  1.24833329E+00  1.06474152E+00  1.24833329E+00
   171  6.84000000E+01  1.24831827E+00  1.06851610E+00  1.24831827E+00
   172  6.88000000E+01  1.24830267E+00  1.07240007E+00  1.24830267E+00
   173  6.92000000E+01  1.24828628E+00  1.07638636E+00  1.24828628E+00
   174  6.96000000E+01  1.24826912E+00  1.08046695E+00  1.24826912E+00
   175  7.00000000E+01  1.24825138E+00  1.08463294E+00  1.24825138E+00
   176  7.04000000E+01  1.24823307E+00  1.08887456E+00  1.24823307E+00
   177  7.08000000E+01  1.24821442E+00  1.09318127E+00  1.24821442E+00
   178  7.12000000E+01  1.24819542E+00  1.09754189E+00  1.24819542E+00
   179  7.16000000E+01  1.24817626E+00  1.10194464E+00  1.24817626E+00
   180  7.20000000E+01  1.24815687E+00  1.10637737E+00  1.24815687E+00
   181  7.24000000E+01  1.24813751E+00  1.11082764E+00  1.24813751E+00
   182  7.28000000E+01  1.24811813E+00  1.11528291E+00  1.24811813E+00
   183  7.32000000E+01  1.24809885E+00  1.11973073E+00  1.24809885E+00
   184  7.36000000E+01  1.24807956E+00  1.12415893E+00  1.24807956E+00
   185  7.40000000E+01  1.24806050E+00  1.12855579E+00  1.24806050E+00
   186  7.44000000E+01  1.24804158E+00  1.13291025E+00  1.24804158E+00
   187  7.48000000E+01  1.24802296E+00  1.13721209E+00  1.24802296E+00
   188  7.52000000E+01  1.24800454E+00  1.14145213E+00  1.24800454E+00
   189  7.56000000E+01  1.24798645E+00  1.14562232E+00  1.24798645E+00
   190  7.60000000E+01  1.24796905E+00  1.14971594E+00  1.24796905E+00
   191  7.64000000E+01  1.24795208E+00  1.15372762E+00  1.24795208E+00
   192  7.68000000E+01  1.24793555E+00  1.15765346E+00  1.24793555E+00
   193  7.72000000E+01  1.24791932E+00  1.16149099E+00  1.24791932E+00
   194  7.76000000E+01  1.24790356E+00  1.16523914E+00  1.24790356E+00
   195  7.80000000E+01  1.24788844E+00  1.16889814E+00  1.24788844E+00
   196  7.84000000E+01  1.24787397E+00  1.17246933E+00  1.24787397E+00
   197  7.88000000E+01  1.24786000E+00  1.17595503E+00  1.24786000E+00
   198  7.92000000E+01  1.24784636E+00  1.17935820E+00  1.24784636E+00
   199  7.96000000E+01  1.24783323E+00  1.18268217E+00  1.24783323E+00
   200  8.00000000E+01  1.24782040E+00  1.18593036E+00  1.24782040E+00
   201  8.04000000E+01  1.24780858E+00  1.18910587E+00  1.24780858E+00
   202  8.08000000E+01  1.24779723E+00  1.19221125E+00  1.24779723E+00
   203  8.12000000E+01  1.24778616E+00  1.19524811E+00  1.24778616E+00
   204  8.16000000E+01  1.24777556E+00  1.19821698E+00  1.24777556E+00
   205  8.20000000E+01  1.24776524E+00  1.20111706E+00  1.24776524E+00
   206  8.24000000E+01  1.24775538E+00  1.20394623E+00  1.24775538E+00
   207  8.28000000E+01  1.24774599E+00  1.20670100E+00  1.24774599E+00
   208  8.32000000E+01  1.24773724E+00  1.20937670E+00  1.24773724E+00
   209  8.36000000E+01  1.24772892E+00  1.21196771E+00  1.24772892E+00
   210  8.40000000E+01  1.24772083E+00  1.21446778E+00  1.24772083E+00
   211  8.44000000E+01  1.24771314E+00  1.21687046E+00  1.24771314E+00
   212  8.48000000E+01  1.24770565E+00  1.21916951E+00  1.24770565E+00
   213  8.52000000E+01  1.24769854E+00  1.22135937E+00  1.24769854E+00
   214  8.56000000E+01  1.24769162E+00  1.22343554E+00  1.24769162E+00
   215  8.60000000E+01  1.24768506E+00  1.22539495E+00  1.24768506E+00
   216  8.64000000E+01  1.24767893E+00  1.22723614E+00  1.24767893E+00
   217  8.68000000E+01  1.24767321E+00  1.22895938E+00  1.24767321E+00
   218  8.72000000E+01  1.24766781E+00  1.23056668E+00  1.24766781E+00
   219  8.76000000E+01  1.24766254E+00  1.23206152E+00  1.24766254E+00
   220  8.80000000E+01  1.24765757E+00  1.23344870E+00  1.24765757E+00
   221  8.84000000E+01  1.24765272E+00  1.23473388E+00  1.24765272E+00
   222  8.88000000E+01  1.24764815E+00  1.23592326E+00  1.24764815E+00
   223  8.92000000E+01  1.24764368E+00  1.23702320E+00  1.24764368E+00
   224  8.96000000E+01  1.24763948E+00  1.23803986E+00  1.24763948E+00
   225  9.00000000E+01  1.24763537E+00  1.23897896E+00  1.24763537E+00
   226  9.04000000E+01  1.24763152E+00  1.23984567E+00  1.24763152E+00
   227  9.08000000E+01  1.24762774E+00  1.24064452E+00  1.24762774E+00
   228  9.12000000E+01  1.24762420E+00  1.24137949E+00  1.24762420E+00
   229  9.16000000E+01  1.24762108E+00  1.24205412E+00  1.24762108E+00
   230  9.20000000E+01  1.24761810E+00  1.24267167E+00  1.24761810E+00
   231  9.24000000E+01  1.24761534E+00  1.24323527E+00  1.24761534E+00
   232  9.28000000E+01  1.24761263E+00  1.24374805E+00  1.24761263E+00
   233  9.32000000E+01  1.24761013E+00  1.24421322E+00  1.24761013E+00
   234  9.36000000E+01  1.24760769E+00  1.24463411E+00  1.24760769E+00
   235  9.40000000E+01  1.24760545E+00  1.24501407E+00  1.24760545E+00
   236  9.44000000E+01  1.24760326E+00  1.24535642E+00  1.24760326E+00
   237  9.48000000E+01  1.24760127E+00  1.24566434E+00  1.24760127E+00
   238  9.52000000E+01  1.24759934E+00  1.24594076E+00  1.24759934E+00
   239  9.56000000E+01  1.24759761E+00  1.24618829E+00  1.24759761E+00
   240  9.60000000E+01  1.24759594E+00  1.24640921E+00  1.24759594E+00
   241  9.64000000E+01  1.24759446E+00  1.24660545E+00  1.24759446E+00
   242  9.68000000E+01  1.24759305E+00  1.24677870E+00  1.24759305E+00
   243  9.72000000E+01  1.24759184E+00  1.24693045E+00  1.24759184E+00
   244  9.76000000E+01  1.24759093E+00  1.24706210E+00  1.24759093E+00
   245  9.80000000E+01  1.24759030E+00  1.24717507E+00  1.24759030E+00
   246  9.84000000E+01  1.24758988E+00  1.24727079E+00  1.24758988E+00
   247  9.88000000E+01  1.24758955E+00  1.24735076E+00  1.24758955E+00
   248  9.92000000E+01  1.24758946E+00  1.24741651E+00  1.24758946E+00
   249  9.96000000E+01  1.24758946E+00  1.24746957E+00  1.24758946E+00
   250  1.00000000E+02  1.24758970E+00  1.24751140E+00  1.24758970E+00
   251  1.00400000E+02  1.24759004E+00  1.24754331E+00  1.24759004E+00
   252  1.00800000E+02  1.24759060E+00  1.24756647E+00  1.24759060E+00
   253  1.01200000E+02  1.24759120E+00  1.24758187E+00  1.24759120E+00
   254  1.01600000E+02  1.24759205E+00  1.24759033E+00  1.24759205E+00
   255  1.02000000E+02  1.24759252E+00  1.24759252E+00  1.24759252E+00
   256  1.02400000E+02  1.24758903E+00  1.24758903E+00  1.24758903E+00
   257  1.02800000E+02  1.24758041E+00  1.24758041E+00  1.24758041E+00
   258  1.03200000E+02  1.24756717E+00  1.24756717E+00  1.24756717E+00
   259  1.03600000E+02  1.24754987E+00  1.24754987E+00  1.24754987E+00
   260  1.04000000E+02  1.24752905E+00  1.24752905E+00  1.24752905E+00
   261  1.04400000E+02  1.24750526E+00  1.24750526E+00  1.24750526E+00
 steady-height stop at step    261: rounded to 4 decimals, rounded max/end/ratio =      12475     12475     12475, max/end/ratio =   1.24750526E+00  1.24750526E+00  1.24750526E+00
