 comppar: model =   3
 comppar: lambda,mobility/eps,betav,eta_0 =  5.0000E+00  1.0000E-02  3.0000E-01  1.0000E+00
 comppar: eta_s,eta_p,G =  3.0000E-01  7.0000E-01  1.4000E-01
 comppar: U_avg,deltat,flowrate,nsteps =  1.0000E-01  4.0000E-01  3.1416E-01    1000
 comppar: geometry = axisymmetric
 comppar: steady stop change,gap,hold,min =  1.0000E-05  2.0000E-04      10      80
 comppar: steady stop rounded decimals =       4
 comppar: ncompc,ncompg =     4     5
 mesh nnodes = 22999
 mesh nelem = 11296
 P1 BC   5.0000000000000000     
 P2 BC   0.0000000000000000     
     1  4.00000000E-01  1.00503627E+00  1.00000000E+00  1.00503627E+00
     2  8.00000000E-01  1.00987940E+00  1.00000000E+00  1.00987940E+00
     3  1.20000000E+00  1.01452082E+00  1.00000000E+00  1.01452082E+00
     4  1.60000000E+00  1.01900980E+00  1.00000000E+00  1.01900980E+00
     5  2.00000000E+00  1.02338500E+00  1.00000000E+00  1.02338500E+00
     6  2.40000000E+00  1.02768528E+00  1.00000001E+00  1.02768528E+00
     7  2.80000000E+00  1.03195314E+00  1.00000001E+00  1.03195314E+00
     8  3.20000000E+00  1.03621919E+00  1.00000001E+00  1.03621919E+00
     9  3.60000000E+00  1.04052396E+00  1.00000001E+00  1.04052396E+00
    10  4.00000000E+00  1.04486917E+00  1.00000001E+00  1.04486917E+00
    11  4.40000000E+00  1.04927961E+00  1.00000000E+00  1.04927961E+00
    12  4.80000000E+00  1.05377210E+00  1.00000000E+00  1.05377210E+00
    13  5.20000000E+00  1.05834357E+00  9.99999996E-01  1.05834357E+00
    14  5.60000000E+00  1.06299891E+00  9.99999989E-01  1.06299891E+00
    15  6.00000000E+00  1.06774806E+00  9.99999980E-01  1.06774806E+00
    16  6.40000000E+00  1.07257553E+00  9.99999969E-01  1.07257553E+00
    17  6.80000000E+00  1.07747068E+00  9.99999955E-01  1.07747068E+00
    18  7.20000000E+00  1.08243840E+00  9.99999938E-01  1.08243840E+00
    19  7.60000000E+00  1.08746980E+00  9.99999917E-01  1.08746980E+00
    20  8.00000000E+00  1.09254591E+00  9.99999893E-01  1.09254591E+00
    21  8.40000000E+00  1.09767709E+00  9.99999864E-01  1.09767709E+00
    22  8.80000000E+00  1.10283659E+00  9.99999830E-01  1.10283659E+00
    23  9.20000000E+00  1.10802703E+00  9.99999792E-01  1.10802703E+00
    24  9.60000000E+00  1.11324536E+00  9.99999748E-01  1.11324536E+00
    25  1.00000000E+01  1.11845979E+00  9.99999697E-01  1.11845979E+00
    26  1.04000000E+01  1.12370104E+00  9.99999640E-01  1.12370104E+00
    27  1.08000000E+01  1.12893505E+00  9.99999575E-01  1.12893505E+00
    28  1.12000000E+01  1.13414842E+00  9.99999503E-01  1.13414842E+00
    29  1.16000000E+01  1.13937267E+00  9.99999421E-01  1.13937267E+00
    30  1.20000000E+01  1.14456865E+00  9.99999330E-01  1.14456865E+00
    31  1.24000000E+01  1.14972515E+00  9.99999228E-01  1.14972515E+00
    32  1.28000000E+01  1.15488044E+00  9.99999115E-01  1.15488044E+00
    33  1.32000000E+01  1.15998092E+00  9.99998990E-01  1.15998092E+00
    34  1.36000000E+01  1.16501690E+00  9.99998851E-01  1.16501690E+00
    35  1.40000000E+01  1.17003154E+00  9.99998699E-01  1.17003154E+00
    36  1.44000000E+01  1.17497934E+00  9.99998531E-01  1.17497934E+00
    37  1.48000000E+01  1.17983802E+00  9.99998346E-01  1.17983802E+00
    38  1.52000000E+01  1.18467097E+00  9.99998143E-01  1.18467097E+00
    39  1.56000000E+01  1.18941187E+00  9.99997922E-01  1.18941187E+00
    40  1.60000000E+01  1.19410243E+00  9.99997680E-01  1.19410243E+00
    41  1.64000000E+01  1.19871877E+00  9.99997416E-01  1.19871877E+00
    42  1.68000000E+01  1.20326556E+00  9.99997128E-01  1.20326556E+00
    43  1.72000000E+01  1.20774601E+00  9.99996815E-01  1.20774601E+00
    44  1.76000000E+01  1.21214671E+00  9.99996475E-01  1.21214671E+00
    45  1.80000000E+01  1.21648948E+00  9.99996107E-01  1.21648948E+00
    46  1.84000000E+01  1.22074468E+00  9.99995707E-01  1.22074468E+00
    47  1.88000000E+01  1.22494302E+00  9.99995275E-01  1.22494302E+00
    48  1.92000000E+01  1.22901409E+00  9.99994808E-01  1.22901409E+00
    49  1.96000000E+01  1.23307037E+00  9.99994303E-01  1.23307037E+00
    50  2.00000000E+01  1.23697690E+00  9.99993759E-01  1.23697690E+00
    51  2.04000000E+01  1.24086759E+00  9.99993173E-01  1.24086759E+00
    52  2.08000000E+01  1.24462222E+00  9.99992542E-01  1.24462222E+00
    53  2.12000000E+01  1.24836548E+00  9.99991864E-01  1.24836548E+00
    54  2.16000000E+01  1.25197358E+00  9.99991135E-01  1.25197358E+00
    55  2.20000000E+01  1.25557685E+00  9.99990353E-01  1.25557685E+00
    56  2.24000000E+01  1.25903521E+00  9.99989514E-01  1.25903521E+00
    57  2.28000000E+01  1.26247406E+00  9.99988615E-01  1.26247406E+00
    58  2.32000000E+01  1.26578068E+00  9.99987653E-01  1.26578068E+00
    59  2.36000000E+01  1.26906094E+00  9.99986624E-01  1.26906094E+00
    60  2.40000000E+01  1.27221361E+00  9.99985524E-01  1.27221361E+00
    61  2.44000000E+01  1.27534803E+00  9.99984349E-01  1.27534803E+00
    62  2.48000000E+01  1.27834527E+00  9.99983096E-01  1.27834527E+00
    63  2.52000000E+01  1.28135166E+00  9.99981759E-01  1.28135166E+00
    64  2.56000000E+01  1.28420954E+00  9.99980336E-01  1.28420954E+00
    65  2.60000000E+01  1.28707221E+00  9.99978820E-01  1.28707221E+00
    66  2.64000000E+01  1.28980065E+00  9.99977207E-01  1.28980065E+00
    67  2.68000000E+01  1.29250844E+00  9.99975494E-01  1.29250844E+00
    68  2.72000000E+01  1.29510464E+00  9.99973673E-01  1.29510464E+00
    69  2.76000000E+01  1.29765985E+00  9.99971741E-01  1.29765985E+00
    70  2.80000000E+01  1.30013671E+00  9.99969692E-01  1.30013671E+00
    71  2.84000000E+01  1.30254259E+00  9.99967520E-01  1.30254259E+00
    72  2.88000000E+01  1.30491050E+00  9.99965220E-01  1.30491050E+00
    73  2.92000000E+01  1.30717328E+00  9.99962786E-01  1.30717328E+00
    74  2.96000000E+01  1.30943444E+00  9.99960213E-01  1.30943444E+00
    75  3.00000000E+01  1.31156258E+00  9.99957493E-01  1.31156258E+00
    76  3.04000000E+01  1.31371058E+00  9.99954622E-01  1.31371058E+00
    77  3.08000000E+01  1.31573481E+00  9.99951593E-01  1.31573481E+00
    78  3.12000000E+01  1.31775398E+00  9.99948400E-01  1.31775398E+00
    79  3.16000000E+01  1.31968454E+00  9.99945037E-01  1.31968454E+00
    80  3.20000000E+01  1.32158554E+00  9.99941497E-01  1.32158554E+00
    81  3.24000000E+01  1.32342250E+00  9.99937774E-01  1.32342250E+00
    82  3.28000000E+01  1.32521518E+00  9.99933861E-01  1.32521518E+00
    83  3.32000000E+01  1.32696249E+00  9.99929754E-01  1.32696249E+00
    84  3.36000000E+01  1.32865810E+00  9.99925445E-01  1.32865810E+00
    85  3.40000000E+01  1.33031438E+00  9.99920928E-01  1.33031438E+00
    86  3.44000000E+01  1.33192250E+00  9.99916199E-01  1.33192250E+00
    87  3.48000000E+01  1.33349764E+00  9.99911251E-01  1.33349764E+00
    88  3.52000000E+01  1.33502704E+00  9.99906079E-01  1.33502704E+00
    89  3.56000000E+01  1.33651554E+00  9.99900679E-01  1.33651554E+00
    90  3.60000000E+01  1.33797327E+00  9.99895045E-01  1.33797327E+00
    91  3.64000000E+01  1.33938125E+00  9.99889174E-01  1.33938125E+00
    92  3.68000000E+01  1.34077155E+00  9.99883063E-01  1.34077155E+00
    93  3.72000000E+01  1.34209847E+00  9.99876709E-01  1.34209847E+00
    94  3.76000000E+01  1.34342477E+00  9.99870110E-01  1.34342477E+00
    95  3.80000000E+01  1.34467931E+00  9.99863265E-01  1.34467931E+00
    96  3.84000000E+01  1.34593990E+00  9.99856173E-01  1.34593990E+00
    97  3.88000000E+01  1.34712877E+00  9.99848835E-01  1.34712877E+00
    98  3.92000000E+01  1.34832010E+00  9.99841255E-01  1.34832010E+00
    99  3.96000000E+01  1.34944251E+00  9.99833434E-01  1.34944251E+00
   100  4.00000000E+01  1.35056874E+00  9.99825379E-01  1.35056874E+00
   101  4.04000000E+01  1.35162397E+00  9.99817096E-01  1.35162397E+00
   102  4.08000000E+01  1.35268926E+00  9.99808594E-01  1.35268926E+00
   103  4.12000000E+01  1.35368317E+00  9.99799883E-01  1.35368317E+00
   104  4.16000000E+01  1.35467989E+00  9.99790976E-01  1.35467989E+00
   105  4.20000000E+01  1.35561933E+00  9.99781889E-01  1.35561933E+00
   106  4.24000000E+01  1.35654750E+00  9.99772640E-01  1.35654750E+00
   107  4.28000000E+01  1.35743509E+00  9.99763250E-01  1.35743509E+00
   108  4.32000000E+01  1.35829621E+00  9.99753743E-01  1.35829621E+00
   109  4.36000000E+01  1.35913640E+00  9.99744149E-01  1.35913640E+00
   110  4.40000000E+01  1.35993273E+00  9.99734499E-01  1.35993273E+00
   111  4.44000000E+01  1.36072486E+00  9.99724829E-01  1.36072486E+00
   112  4.48000000E+01  1.36146122E+00  9.99715180E-01  1.36146122E+00
   113  4.52000000E+01  1.36220845E+00  9.99705600E-01  1.36220845E+00
   114  4.56000000E+01  1.36290291E+00  9.99696138E-01  1.36290291E+00
   115  4.60000000E+01  1.36359476E+00  9.99686853E-01  1.36359476E+00
   116  4.64000000E+01  1.36424866E+00  9.99677809E-01  1.36424866E+00
   117  4.68000000E+01  1.36488952E+00  9.99669076E-01  1.36488952E+00
   118  4.72000000E+01  1.36550566E+00  9.99660734E-01  1.36550566E+00
   119  4.76000000E+01  1.36610226E+00  9.99652868E-01  1.36610226E+00
   120  4.80000000E+01  1.36667931E+00  9.99645574E-01  1.36667931E+00
   121  4.84000000E+01  1.36723713E+00  9.99638957E-01  1.36723713E+00
   122  4.88000000E+01  1.36777958E+00  9.99633131E-01  1.36777958E+00
   123  4.92000000E+01  1.36830434E+00  9.99628223E-01  1.36830434E+00
   124  4.96000000E+01  1.36880916E+00  9.99624369E-01  1.36880916E+00
   125  5.00000000E+01  1.36930554E+00  9.99621720E-01  1.36930554E+00
   126  5.04000000E+01  1.36977770E+00  9.99620440E-01  1.36977770E+00
   127  5.08000000E+01  1.37024913E+00  9.99620705E-01  1.37024913E+00
   128  5.12000000E+01  1.37069569E+00  9.99622710E-01  1.37069569E+00
   129  5.16000000E+01  1.37113611E+00  9.99626664E-01  1.37113611E+00
   130  5.20000000E+01  1.37156253E+00  9.99632796E-01  1.37156253E+00
   131  5.24000000E+01  1.37197206E+00  9.99641351E-01  1.37197206E+00
   132  5.28000000E+01  1.37237836E+00  9.99652597E-01  1.37237836E+00
   133  5.32000000E+01  1.37276172E+00  9.99666821E-01  1.37276172E+00
   134  5.36000000E+01  1.37314491E+00  9.99684335E-01  1.37314491E+00
   135  5.40000000E+01  1.37350830E+00  9.99705474E-01  1.37350830E+00
   136  5.44000000E+01  1.37386343E+00  9.99730601E-01  1.37386343E+00
   137  5.48000000E+01  1.37420665E+00  9.99760104E-01  1.37420665E+00
   138  5.52000000E+01  1.37453677E+00  9.99794402E-01  1.37453677E+00
   139  5.56000000E+01  1.37486006E+00  9.99833947E-01  1.37486006E+00
   140  5.60000000E+01  1.37516594E+00  9.99879220E-01  1.37516594E+00
   141  5.64000000E+01  1.37546986E+00  9.99930742E-01  1.37546986E+00
   142  5.68000000E+01  1.37575380E+00  9.99989068E-01  1.37575380E+00
   143  5.72000000E+01  1.37603891E+00  1.00005479E+00  1.37603891E+00
   144  5.76000000E+01  1.37630268E+00  1.00012856E+00  1.37630268E+00
   145  5.80000000E+01  1.37656906E+00  1.00021104E+00  1.37656906E+00
   146  5.84000000E+01  1.37681662E+00  1.00030298E+00  1.37681662E+00
   147  5.88000000E+01  1.37706258E+00  1.00040514E+00  1.37706258E+00
   148  5.92000000E+01  1.37729488E+00  1.00051836E+00  1.37729488E+00
   149  5.96000000E+01  1.37752181E+00  1.00064353E+00  1.37752181E+00
   150  6.00000000E+01  1.37773998E+00  1.00078160E+00  1.37773998E+00
   151  6.04000000E+01  1.37794841E+00  1.00093355E+00  1.37794841E+00
   152  6.08000000E+01  1.37815329E+00  1.00110048E+00  1.37815329E+00
   153  6.12000000E+01  1.37834496E+00  1.00128351E+00  1.37834496E+00
   154  6.16000000E+01  1.37853718E+00  1.00148385E+00  1.37853718E+00
   155  6.20000000E+01  1.37871514E+00  1.00170279E+00  1.37871514E+00
   156  6.24000000E+01  1.37889267E+00  1.00194169E+00  1.37889267E+00
   157  6.28000000E+01  1.37905896E+00  1.00220199E+00  1.37905896E+00
   158  6.32000000E+01  1.37922151E+00  1.00248522E+00  1.37922151E+00
   159  6.36000000E+01  1.37937625E+00  1.00279299E+00  1.37937625E+00
   160  6.40000000E+01  1.37952491E+00  1.00312700E+00  1.37952491E+00
   161  6.44000000E+01  1.37966848E+00  1.00348907E+00  1.37966848E+00
   162  6.48000000E+01  1.37980407E+00  1.00388110E+00  1.37980407E+00
   163  6.52000000E+01  1.37993672E+00  1.00430507E+00  1.37993672E+00
   164  6.56000000E+01  1.38006040E+00  1.00476312E+00  1.38006040E+00
   165  6.60000000E+01  1.38018257E+00  1.00525745E+00  1.38018257E+00
   166  6.64000000E+01  1.38029498E+00  1.00579038E+00  1.38029498E+00
   167  6.68000000E+01  1.38040722E+00  1.00636437E+00  1.38040722E+00
   168  6.72000000E+01  1.38050925E+00  1.00698196E+00  1.38050925E+00
   169  6.76000000E+01  1.38061214E+00  1.00764584E+00  1.38061214E+00
   170  6.80000000E+01  1.38070464E+00  1.00835878E+00  1.38070464E+00
   171  6.84000000E+01  1.38079875E+00  1.00912371E+00  1.38079875E+00
   172  6.88000000E+01  1.38088369E+00  1.00994364E+00  1.38088369E+00
   173  6.92000000E+01  1.38096831E+00  1.01082173E+00  1.38096831E+00
   174  6.96000000E+01  1.38104641E+00  1.01176122E+00  1.38104641E+00
   175  7.00000000E+01  1.38112242E+00  1.01276549E+00  1.38112242E+00
   176  7.04000000E+01  1.38119448E+00  1.01383801E+00  1.38119448E+00
   177  7.08000000E+01  1.38126202E+00  1.01498236E+00  1.38126202E+00
   178  7.12000000E+01  1.38132870E+00  1.01620220E+00  1.38132870E+00
   179  7.16000000E+01  1.38138980E+00  1.01750129E+00  1.38138980E+00
   180  7.20000000E+01  1.38145057E+00  1.01888346E+00  1.38145057E+00
   181  7.24000000E+01  1.38150741E+00  1.02035257E+00  1.38150741E+00
   182  7.28000000E+01  1.38156072E+00  1.02191257E+00  1.38156072E+00
   183  7.32000000E+01  1.38161370E+00  1.02356742E+00  1.38161370E+00
   184  7.36000000E+01  1.38166237E+00  1.02532107E+00  1.38166237E+00
   185  7.40000000E+01  1.38170961E+00  1.02717749E+00  1.38170961E+00
   186  7.44000000E+01  1.38175478E+00  1.02914058E+00  1.38175478E+00
   187  7.48000000E+01  1.38179591E+00  1.03121421E+00  1.38179591E+00
   188  7.52000000E+01  1.38183755E+00  1.03340213E+00  1.38183755E+00
   189  7.56000000E+01  1.38187541E+00  1.03570799E+00  1.38187541E+00
   190  7.60000000E+01  1.38191123E+00  1.03813525E+00  1.38191123E+00
   191  7.64000000E+01  1.38194594E+00  1.04068723E+00  1.38194594E+00
   192  7.68000000E+01  1.38197696E+00  1.04336696E+00  1.38197696E+00
   193  7.72000000E+01  1.38200819E+00  1.04617725E+00  1.38200819E+00
   194  7.76000000E+01  1.38203634E+00  1.04912059E+00  1.38203634E+00
   195  7.80000000E+01  1.38206263E+00  1.05219912E+00  1.38206263E+00
   196  7.84000000E+01  1.38208810E+00  1.05541459E+00  1.38208810E+00
   197  7.88000000E+01  1.38211055E+00  1.05876833E+00  1.38211055E+00
   198  7.92000000E+01  1.38213287E+00  1.06226121E+00  1.38213287E+00
   199  7.96000000E+01  1.38215305E+00  1.06589360E+00  1.38215305E+00
   200  8.00000000E+01  1.38217120E+00  1.06966533E+00  1.38217120E+00
   201  8.04000000E+01  1.38218932E+00  1.07357568E+00  1.38218932E+00
   202  8.08000000E+01  1.38220517E+00  1.07762335E+00  1.38220517E+00
   203  8.12000000E+01  1.38221982E+00  1.08180641E+00  1.38221982E+00
   204  8.16000000E+01  1.38223397E+00  1.08612232E+00  1.38223397E+00
   205  8.20000000E+01  1.38224625E+00  1.09056794E+00  1.38224625E+00
   206  8.24000000E+01  1.38225765E+00  1.09513946E+00  1.38225765E+00
   207  8.28000000E+01  1.38226849E+00  1.09983247E+00  1.38226849E+00
   208  8.32000000E+01  1.38227773E+00  1.10464196E+00  1.38227773E+00
   209  8.36000000E+01  1.38228611E+00  1.10956233E+00  1.38228611E+00
   210  8.40000000E+01  1.38229411E+00  1.11458742E+00  1.38229411E+00
   211  8.44000000E+01  1.38230069E+00  1.11971058E+00  1.38230069E+00
   212  8.48000000E+01  1.38230628E+00  1.12492466E+00  1.38230628E+00
   213  8.52000000E+01  1.38231177E+00  1.13022212E+00  1.38231177E+00
   214  8.56000000E+01  1.38231600E+00  1.13559506E+00  1.38231600E+00
   215  8.60000000E+01  1.38231908E+00  1.14103529E+00  1.38231908E+00
   216  8.64000000E+01  1.38232235E+00  1.14653440E+00  1.38232235E+00
   217  8.68000000E+01  1.38232452E+00  1.15208384E+00  1.38232452E+00
   218  8.72000000E+01  1.38232570E+00  1.15767498E+00  1.38232570E+00
   219  8.76000000E+01  1.38232663E+00  1.16329920E+00  1.38232663E+00
   220  8.80000000E+01  1.38232705E+00  1.16894795E+00  1.38232705E+00
   221  8.84000000E+01  1.38232664E+00  1.17461286E+00  1.38232664E+00
   222  8.88000000E+01  1.38232547E+00  1.18028576E+00  1.38232547E+00
   223  8.92000000E+01  1.38232439E+00  1.18595877E+00  1.38232439E+00
   224  8.96000000E+01  1.38232267E+00  1.19162437E+00  1.38232267E+00
   225  9.00000000E+01  1.38232034E+00  1.19727544E+00  1.38232034E+00
   226  9.04000000E+01  1.38231748E+00  1.20290527E+00  1.38231748E+00
   227  9.08000000E+01  1.38231449E+00  1.20850766E+00  1.38231449E+00
   228  9.12000000E+01  1.38231125E+00  1.21407688E+00  1.38231125E+00
   229  9.16000000E+01  1.38230763E+00  1.21960769E+00  1.38230763E+00
   230  9.20000000E+01  1.38230368E+00  1.22509536E+00  1.38230368E+00
   231  9.24000000E+01  1.38229948E+00  1.23053562E+00  1.38229948E+00
   232  9.28000000E+01  1.38229509E+00  1.23592463E+00  1.38229509E+00
   233  9.32000000E+01  1.38229057E+00  1.24125895E+00  1.38229057E+00
   234  9.36000000E+01  1.38228597E+00  1.24653547E+00  1.38228597E+00
   235  9.40000000E+01  1.38228132E+00  1.25175132E+00  1.38228132E+00
   236  9.44000000E+01  1.38227666E+00  1.25690382E+00  1.38227666E+00
   237  9.48000000E+01  1.38227203E+00  1.26199037E+00  1.38227203E+00
   238  9.52000000E+01  1.38226744E+00  1.26700833E+00  1.38226744E+00
   239  9.56000000E+01  1.38226290E+00  1.27195498E+00  1.38226290E+00
   240  9.60000000E+01  1.38225845E+00  1.27682738E+00  1.38225845E+00
   241  9.64000000E+01  1.38225408E+00  1.28162229E+00  1.38225408E+00
   242  9.68000000E+01  1.38224981E+00  1.28633610E+00  1.38224981E+00
   243  9.72000000E+01  1.38224564E+00  1.29096479E+00  1.38224564E+00
   244  9.76000000E+01  1.38224159E+00  1.29550385E+00  1.38224159E+00
   245  9.80000000E+01  1.38223767E+00  1.29994830E+00  1.38223767E+00
   246  9.84000000E+01  1.38223388E+00  1.30429268E+00  1.38223388E+00
   247  9.88000000E+01  1.38223022E+00  1.30853111E+00  1.38223022E+00
   248  9.92000000E+01  1.38222670E+00  1.31265736E+00  1.38222670E+00
   249  9.96000000E+01  1.38222332E+00  1.31666494E+00  1.38222332E+00
   250  1.00000000E+02  1.38222009E+00  1.32054724E+00  1.38222009E+00
   251  1.00400000E+02  1.38221715E+00  1.32429768E+00  1.38221715E+00
   252  1.00800000E+02  1.38221436E+00  1.32790989E+00  1.38221436E+00
   253  1.01200000E+02  1.38221171E+00  1.33137788E+00  1.38221171E+00
   254  1.01600000E+02  1.38220920E+00  1.33469625E+00  1.38220920E+00
   255  1.02000000E+02  1.38220682E+00  1.33786036E+00  1.38220682E+00
   256  1.02400000E+02  1.38220456E+00  1.34086652E+00  1.38220456E+00
   257  1.02800000E+02  1.38220242E+00  1.34371217E+00  1.38220242E+00
   258  1.03200000E+02  1.38220041E+00  1.34639595E+00  1.38220041E+00
   259  1.03600000E+02  1.38219851E+00  1.34891789E+00  1.38219851E+00
   260  1.04000000E+02  1.38219672E+00  1.35127943E+00  1.38219672E+00
   261  1.04400000E+02  1.38219504E+00  1.35348344E+00  1.38219504E+00
   262  1.04800000E+02  1.38219346E+00  1.35553421E+00  1.38219346E+00
   263  1.05200000E+02  1.38219197E+00  1.35743740E+00  1.38219197E+00
   264  1.05600000E+02  1.38219058E+00  1.35919988E+00  1.38219058E+00
   265  1.06000000E+02  1.38218928E+00  1.36082958E+00  1.38218928E+00
   266  1.06400000E+02  1.38218813E+00  1.36233530E+00  1.38218813E+00
   267  1.06800000E+02  1.38218708E+00  1.36372641E+00  1.38218708E+00
   268  1.07200000E+02  1.38218611E+00  1.36501261E+00  1.38218611E+00
   269  1.07600000E+02  1.38218520E+00  1.36620360E+00  1.38218520E+00
   270  1.08000000E+02  1.38218435E+00  1.36730879E+00  1.38218435E+00
   271  1.08400000E+02  1.38218357E+00  1.36833704E+00  1.38218357E+00
   272  1.08800000E+02  1.38218284E+00  1.36929632E+00  1.38218284E+00
   273  1.09200000E+02  1.38218216E+00  1.37019358E+00  1.38218216E+00
   274  1.09600000E+02  1.38218154E+00  1.37103460E+00  1.38218154E+00
   275  1.10000000E+02  1.38218095E+00  1.37182389E+00  1.38218095E+00
   276  1.10400000E+02  1.38218042E+00  1.37256481E+00  1.38218042E+00
   277  1.10800000E+02  1.38217992E+00  1.37325959E+00  1.38217992E+00
   278  1.11200000E+02  1.38217946E+00  1.37390965E+00  1.38217946E+00
   279  1.11600000E+02  1.38217904E+00  1.37451580E+00  1.38217904E+00
   280  1.12000000E+02  1.38217865E+00  1.37507858E+00  1.38217865E+00
   281  1.12400000E+02  1.38217829E+00  1.37559860E+00  1.38217829E+00
   282  1.12800000E+02  1.38217796E+00  1.37607679E+00  1.38217796E+00
   283  1.13200000E+02  1.38217766E+00  1.37651464E+00  1.38217766E+00
   284  1.13600000E+02  1.38217738E+00  1.37691438E+00  1.38217738E+00
   285  1.14000000E+02  1.38217712E+00  1.37727893E+00  1.38217712E+00
   286  1.14400000E+02  1.38217688E+00  1.37761188E+00  1.38217688E+00
   287  1.14800000E+02  1.38217667E+00  1.37791726E+00  1.38217667E+00
   288  1.15200000E+02  1.38217647E+00  1.37819928E+00  1.38217647E+00
   289  1.15600000E+02  1.38217628E+00  1.37846203E+00  1.38217628E+00
   290  1.16000000E+02  1.38217612E+00  1.37870917E+00  1.38217612E+00
   291  1.16400000E+02  1.38217597E+00  1.37894361E+00  1.38217597E+00
   292  1.16800000E+02  1.38217583E+00  1.37916741E+00  1.38217583E+00
   293  1.17200000E+02  1.38217570E+00  1.37938165E+00  1.38217570E+00
   294  1.17600000E+02  1.38217558E+00  1.37958648E+00  1.38217558E+00
   295  1.18000000E+02  1.38217547E+00  1.37978130E+00  1.38217547E+00
   296  1.18400000E+02  1.38217538E+00  1.37996497E+00  1.38217538E+00
   297  1.18800000E+02  1.38217529E+00  1.38013616E+00  1.38217529E+00
   298  1.19200000E+02  1.38217520E+00  1.38029360E+00  1.38217520E+00
   299  1.19600000E+02  1.38217513E+00  1.38043638E+00  1.38217513E+00
   300  1.20000000E+02  1.38217506E+00  1.38056411E+00  1.38217506E+00
   301  1.20400000E+02  1.38217500E+00  1.38067704E+00  1.38217500E+00
   302  1.20800000E+02  1.38217494E+00  1.38077604E+00  1.38217494E+00
   303  1.21200000E+02  1.38217489E+00  1.38086250E+00  1.38217489E+00
   304  1.21600000E+02  1.38217484E+00  1.38093812E+00  1.38217484E+00
   305  1.22000000E+02  1.38217480E+00  1.38100476E+00  1.38217480E+00
   306  1.22400000E+02  1.38217476E+00  1.38106420E+00  1.38217476E+00
   307  1.22800000E+02  1.38217472E+00  1.38111796E+00  1.38217472E+00
   308  1.23200000E+02  1.38217469E+00  1.38116726E+00  1.38217469E+00
   309  1.23600000E+02  1.38217466E+00  1.38121288E+00  1.38217466E+00
   310  1.24000000E+02  1.38217463E+00  1.38125528E+00  1.38217463E+00
   311  1.24400000E+02  1.38217461E+00  1.38129463E+00  1.38217461E+00
   312  1.24800000E+02  1.38217458E+00  1.38133092E+00  1.38217458E+00
   313  1.25200000E+02  1.38217456E+00  1.38136406E+00  1.38217456E+00
   314  1.25600000E+02  1.38217454E+00  1.38139402E+00  1.38217454E+00
   315  1.26000000E+02  1.38217452E+00  1.38142080E+00  1.38217452E+00
   316  1.26400000E+02  1.38217450E+00  1.38144454E+00  1.38217450E+00
   317  1.26800000E+02  1.38217449E+00  1.38146546E+00  1.38217449E+00
   318  1.27200000E+02  1.38217447E+00  1.38148384E+00  1.38217447E+00
   319  1.27600000E+02  1.38217446E+00  1.38149995E+00  1.38217446E+00
   320  1.28000000E+02  1.38217445E+00  1.38151406E+00  1.38217445E+00
   321  1.28400000E+02  1.38217443E+00  1.38152635E+00  1.38217443E+00
   322  1.28800000E+02  1.38217442E+00  1.38153696E+00  1.38217442E+00
   323  1.29200000E+02  1.38217441E+00  1.38154597E+00  1.38217441E+00
   324  1.29600000E+02  1.38217440E+00  1.38155342E+00  1.38217440E+00
   325  1.30000000E+02  1.38217439E+00  1.38155935E+00  1.38217439E+00
   326  1.30400000E+02  1.38217439E+00  1.38156384E+00  1.38217439E+00
   327  1.30800000E+02  1.38217438E+00  1.38156697E+00  1.38217438E+00
   328  1.31200000E+02  1.38217437E+00  1.38156889E+00  1.38217437E+00
   329  1.31600000E+02  1.38217436E+00  1.38156974E+00  1.38217436E+00
   330  1.32000000E+02  1.38217436E+00  1.38156970E+00  1.38217436E+00
   331  1.32400000E+02  1.38217435E+00  1.38156892E+00  1.38217435E+00
   332  1.32800000E+02  1.38217434E+00  1.38156754E+00  1.38217434E+00
   333  1.33200000E+02  1.38217434E+00  1.38156565E+00  1.38217434E+00
   334  1.33600000E+02  1.38217433E+00  1.38156331E+00  1.38217433E+00
   335  1.34000000E+02  1.38217433E+00  1.38156055E+00  1.38217433E+00
   336  1.34400000E+02  1.38217432E+00  1.38155737E+00  1.38217432E+00
   337  1.34800000E+02  1.38217432E+00  1.38155380E+00  1.38217432E+00
   338  1.35200000E+02  1.38217432E+00  1.38154985E+00  1.38217432E+00
   339  1.35600000E+02  1.38217431E+00  1.38154556E+00  1.38217431E+00
   340  1.36000000E+02  1.38217431E+00  1.38154098E+00  1.38217431E+00
   341  1.36400000E+02  1.38217430E+00  1.38153619E+00  1.38217430E+00
   342  1.36800000E+02  1.38217430E+00  1.38153126E+00  1.38217430E+00
   343  1.37200000E+02  1.38217430E+00  1.38152626E+00  1.38217430E+00
   344  1.37600000E+02  1.38217429E+00  1.38152128E+00  1.38217429E+00
   345  1.38000000E+02  1.38217429E+00  1.38151635E+00  1.38217429E+00
   346  1.38400000E+02  1.38217429E+00  1.38151153E+00  1.38217429E+00
   347  1.38800000E+02  1.38217429E+00  1.38150682E+00  1.38217429E+00
   348  1.39200000E+02  1.38217428E+00  1.38150224E+00  1.38217428E+00
   349  1.39600000E+02  1.38217428E+00  1.38149780E+00  1.38217428E+00
   350  1.40000000E+02  1.38217428E+00  1.38149348E+00  1.38217428E+00
   351  1.40400000E+02  1.38217428E+00  1.38148930E+00  1.38217428E+00
   352  1.40800000E+02  1.38217427E+00  1.38148524E+00  1.38217427E+00
   353  1.41200000E+02  1.38217427E+00  1.38148131E+00  1.38217427E+00
   354  1.41600000E+02  1.38217427E+00  1.38147752E+00  1.38217427E+00
   355  1.42000000E+02  1.38217427E+00  1.38147386E+00  1.38217427E+00
   356  1.42400000E+02  1.38217427E+00  1.38147034E+00  1.38217427E+00
   357  1.42800000E+02  1.38217426E+00  1.38146696E+00  1.38217426E+00
   358  1.43200000E+02  1.38217426E+00  1.38146373E+00  1.38217426E+00
   359  1.43600000E+02  1.38217426E+00  1.38146064E+00  1.38217426E+00
   360  1.44000000E+02  1.38217426E+00  1.38145769E+00  1.38217426E+00
   361  1.44400000E+02  1.38217426E+00  1.38145488E+00  1.38217426E+00
   362  1.44800000E+02  1.38217426E+00  1.38145221E+00  1.38217426E+00
   363  1.45200000E+02  1.38217426E+00  1.38144967E+00  1.38217426E+00
   364  1.45600000E+02  1.38217426E+00  1.38144727E+00  1.38217426E+00
   365  1.46000000E+02  1.38217425E+00  1.38144500E+00  1.38217425E+00
   366  1.46400000E+02  1.38217425E+00  1.38144286E+00  1.38217425E+00
   367  1.46800000E+02  1.38217425E+00  1.38144084E+00  1.38217425E+00
   368  1.47200000E+02  1.38217425E+00  1.38143894E+00  1.38217425E+00
   369  1.47600000E+02  1.38217425E+00  1.38143715E+00  1.38217425E+00
   370  1.48000000E+02  1.38217425E+00  1.38143547E+00  1.38217425E+00
   371  1.48400000E+02  1.38217425E+00  1.38143390E+00  1.38217425E+00
   372  1.48800000E+02  1.38217425E+00  1.38143242E+00  1.38217425E+00
   373  1.49200000E+02  1.38217425E+00  1.38143103E+00  1.38217425E+00
   374  1.49600000E+02  1.38217425E+00  1.38142974E+00  1.38217425E+00
   375  1.50000000E+02  1.38217425E+00  1.38142852E+00  1.38217425E+00
   376  1.50400000E+02  1.38217425E+00  1.38142739E+00  1.38217425E+00
   377  1.50800000E+02  1.38217425E+00  1.38142634E+00  1.38217425E+00
   378  1.51200000E+02  1.38217425E+00  1.38142535E+00  1.38217425E+00
   379  1.51600000E+02  1.38217425E+00  1.38142444E+00  1.38217425E+00
   380  1.52000000E+02  1.38217425E+00  1.38142359E+00  1.38217425E+00
   381  1.52400000E+02  1.38217424E+00  1.38142280E+00  1.38217424E+00
   382  1.52800000E+02  1.38217424E+00  1.38142207E+00  1.38217424E+00
   383  1.53200000E+02  1.38217424E+00  1.38142139E+00  1.38217424E+00
   384  1.53600000E+02  1.38217424E+00  1.38142076E+00  1.38217424E+00
   385  1.54000000E+02  1.38217424E+00  1.38142018E+00  1.38217424E+00
   386  1.54400000E+02  1.38217424E+00  1.38141964E+00  1.38217424E+00
   387  1.54800000E+02  1.38217424E+00  1.38141914E+00  1.38217424E+00
   388  1.55200000E+02  1.38217424E+00  1.38141868E+00  1.38217424E+00
   389  1.55600000E+02  1.38217424E+00  1.38141826E+00  1.38217424E+00
   390  1.56000000E+02  1.38217424E+00  1.38141787E+00  1.38217424E+00
   391  1.56400000E+02  1.38217424E+00  1.38141751E+00  1.38217424E+00
   392  1.56800000E+02  1.38217424E+00  1.38141718E+00  1.38217424E+00
   393  1.57200000E+02  1.38217424E+00  1.38141688E+00  1.38217424E+00
   394  1.57600000E+02  1.38217424E+00  1.38141660E+00  1.38217424E+00
   395  1.58000000E+02  1.38217424E+00  1.38141634E+00  1.38217424E+00
   396  1.58400000E+02  1.38217424E+00  1.38141611E+00  1.38217424E+00
   397  1.58800000E+02  1.38217424E+00  1.38141589E+00  1.38217424E+00
   398  1.59200000E+02  1.38217424E+00  1.38141570E+00  1.38217424E+00
   399  1.59600000E+02  1.38217424E+00  1.38141552E+00  1.38217424E+00
   400  1.60000000E+02  1.38217424E+00  1.38141535E+00  1.38217424E+00
   401  1.60400000E+02  1.38217424E+00  1.38141520E+00  1.38217424E+00
   402  1.60800000E+02  1.38217424E+00  1.38141506E+00  1.38217424E+00
   403  1.61200000E+02  1.38217424E+00  1.38141493E+00  1.38217424E+00
   404  1.61600000E+02  1.38217424E+00  1.38141482E+00  1.38217424E+00
   405  1.62000000E+02  1.38217424E+00  1.38141471E+00  1.38217424E+00
   406  1.62400000E+02  1.38217424E+00  1.38141462E+00  1.38217424E+00
   407  1.62800000E+02  1.38217424E+00  1.38141453E+00  1.38217424E+00
   408  1.63200000E+02  1.38217424E+00  1.38141445E+00  1.38217424E+00
   409  1.63600000E+02  1.38217424E+00  1.38141437E+00  1.38217424E+00
   410  1.64000000E+02  1.38217424E+00  1.38141431E+00  1.38217424E+00
   411  1.64400000E+02  1.38217424E+00  1.38141425E+00  1.38217424E+00
   412  1.64800000E+02  1.38217424E+00  1.38141419E+00  1.38217424E+00
   413  1.65200000E+02  1.38217424E+00  1.38141414E+00  1.38217424E+00
   414  1.65600000E+02  1.38217424E+00  1.38141409E+00  1.38217424E+00
   415  1.66000000E+02  1.38217424E+00  1.38141405E+00  1.38217424E+00
   416  1.66400000E+02  1.38217424E+00  1.38141401E+00  1.38217424E+00
   417  1.66800000E+02  1.38217424E+00  1.38141397E+00  1.38217424E+00
   418  1.67200000E+02  1.38217424E+00  1.38141394E+00  1.38217424E+00
   419  1.67600000E+02  1.38217424E+00  1.38141391E+00  1.38217424E+00
   420  1.68000000E+02  1.38217424E+00  1.38141388E+00  1.38217424E+00
   421  1.68400000E+02  1.38217424E+00  1.38141386E+00  1.38217424E+00
   422  1.68800000E+02  1.38217424E+00  1.38141383E+00  1.38217424E+00
   423  1.69200000E+02  1.38217424E+00  1.38141381E+00  1.38217424E+00
   424  1.69600000E+02  1.38217424E+00  1.38141379E+00  1.38217424E+00
   425  1.70000000E+02  1.38217424E+00  1.38141378E+00  1.38217424E+00
   426  1.70400000E+02  1.38217424E+00  1.38141376E+00  1.38217424E+00
   427  1.70800000E+02  1.38217424E+00  1.38141374E+00  1.38217424E+00
   428  1.71200000E+02  1.38217424E+00  1.38141373E+00  1.38217424E+00
   429  1.71600000E+02  1.38217424E+00  1.38141371E+00  1.38217424E+00
   430  1.72000000E+02  1.38217424E+00  1.38141370E+00  1.38217424E+00
   431  1.72400000E+02  1.38217424E+00  1.38141369E+00  1.38217424E+00
   432  1.72800000E+02  1.38217424E+00  1.38141368E+00  1.38217424E+00
   433  1.73200000E+02  1.38217424E+00  1.38141367E+00  1.38217424E+00
   434  1.73600000E+02  1.38217424E+00  1.38141366E+00  1.38217424E+00
   435  1.74000000E+02  1.38217424E+00  1.38141365E+00  1.38217424E+00
   436  1.74400000E+02  1.38217424E+00  1.38141364E+00  1.38217424E+00
   437  1.74800000E+02  1.38217424E+00  1.38141364E+00  1.38217424E+00
   438  1.75200000E+02  1.38217424E+00  1.38141363E+00  1.38217424E+00
   439  1.75600000E+02  1.38217424E+00  1.38141362E+00  1.38217424E+00
   440  1.76000000E+02  1.38217424E+00  1.38141361E+00  1.38217424E+00
   441  1.76400000E+02  1.38217424E+00  1.38141361E+00  1.38217424E+00
   442  1.76800000E+02  1.38217424E+00  1.38141360E+00  1.38217424E+00
   443  1.77200000E+02  1.38217424E+00  1.38141360E+00  1.38217424E+00
   444  1.77600000E+02  1.38217424E+00  1.38141359E+00  1.38217424E+00
   445  1.78000000E+02  1.38217424E+00  1.38141359E+00  1.38217424E+00
   446  1.78400000E+02  1.38217424E+00  1.38141358E+00  1.38217424E+00
   447  1.78800000E+02  1.38217424E+00  1.38141358E+00  1.38217424E+00
   448  1.79200000E+02  1.38217424E+00  1.38141357E+00  1.38217424E+00
   449  1.79600000E+02  1.38217424E+00  1.38141357E+00  1.38217424E+00
   450  1.80000000E+02  1.38217424E+00  1.38141357E+00  1.38217424E+00
   451  1.80400000E+02  1.38217424E+00  1.38141356E+00  1.38217424E+00
   452  1.80800000E+02  1.38217424E+00  1.38141356E+00  1.38217424E+00
   453  1.81200000E+02  1.38217424E+00  1.38141355E+00  1.38217424E+00
   454  1.81600000E+02  1.38217424E+00  1.38141355E+00  1.38217424E+00
   455  1.82000000E+02  1.38217424E+00  1.38141355E+00  1.38217424E+00
   456  1.82400000E+02  1.38217424E+00  1.38141355E+00  1.38217424E+00
   457  1.82800000E+02  1.38217424E+00  1.38141354E+00  1.38217424E+00
   458  1.83200000E+02  1.38217424E+00  1.38141354E+00  1.38217424E+00
   459  1.83600000E+02  1.38217424E+00  1.38141354E+00  1.38217424E+00
   460  1.84000000E+02  1.38217424E+00  1.38141354E+00  1.38217424E+00
   461  1.84400000E+02  1.38217424E+00  1.38141353E+00  1.38217424E+00
   462  1.84800000E+02  1.38217424E+00  1.38141353E+00  1.38217424E+00
   463  1.85200000E+02  1.38217424E+00  1.38141353E+00  1.38217424E+00
   464  1.85600000E+02  1.38217424E+00  1.38141353E+00  1.38217424E+00
   465  1.86000000E+02  1.38217424E+00  1.38141353E+00  1.38217424E+00
   466  1.86400000E+02  1.38217424E+00  1.38141352E+00  1.38217424E+00
   467  1.86800000E+02  1.38217424E+00  1.38141352E+00  1.38217424E+00
   468  1.87200000E+02  1.38217424E+00  1.38141352E+00  1.38217424E+00
   469  1.87600000E+02  1.38217424E+00  1.38141352E+00  1.38217424E+00
   470  1.88000000E+02  1.38217424E+00  1.38141352E+00  1.38217424E+00
   471  1.88400000E+02  1.38217424E+00  1.38141352E+00  1.38217424E+00
   472  1.88800000E+02  1.38217424E+00  1.38141352E+00  1.38217424E+00
   473  1.89200000E+02  1.38217424E+00  1.38141351E+00  1.38217424E+00
   474  1.89600000E+02  1.38217424E+00  1.38141351E+00  1.38217424E+00
   475  1.90000000E+02  1.38217424E+00  1.38141351E+00  1.38217424E+00
   476  1.90400000E+02  1.38217424E+00  1.38141351E+00  1.38217424E+00
   477  1.90800000E+02  1.38217424E+00  1.38141351E+00  1.38217424E+00
   478  1.91200000E+02  1.38217424E+00  1.38141351E+00  1.38217424E+00
   479  1.91600000E+02  1.38217424E+00  1.38141351E+00  1.38217424E+00
   480  1.92000000E+02  1.38217424E+00  1.38141351E+00  1.38217424E+00
   481  1.92400000E+02  1.38217424E+00  1.38141351E+00  1.38217424E+00
   482  1.92800000E+02  1.38217424E+00  1.38141351E+00  1.38217424E+00
   483  1.93200000E+02  1.38217424E+00  1.38141351E+00  1.38217424E+00
   484  1.93600000E+02  1.38217424E+00  1.38141351E+00  1.38217424E+00
   485  1.94000000E+02  1.38217424E+00  1.38141350E+00  1.38217424E+00
   486  1.94400000E+02  1.38217424E+00  1.38141350E+00  1.38217424E+00
   487  1.94800000E+02  1.38217424E+00  1.38141350E+00  1.38217424E+00
   488  1.95200000E+02  1.38217424E+00  1.38141350E+00  1.38217424E+00
   489  1.95600000E+02  1.38217424E+00  1.38141350E+00  1.38217424E+00
   490  1.96000000E+02  1.38217424E+00  1.38141350E+00  1.38217424E+00
   491  1.96400000E+02  1.38217424E+00  1.38141350E+00  1.38217424E+00
   492  1.96800000E+02  1.38217424E+00  1.38141350E+00  1.38217424E+00
   493  1.97200000E+02  1.38217424E+00  1.38141350E+00  1.38217424E+00
   494  1.97600000E+02  1.38217424E+00  1.38141350E+00  1.38217424E+00
   495  1.98000000E+02  1.38217424E+00  1.38141350E+00  1.38217424E+00
   496  1.98400000E+02  1.38217424E+00  1.38141350E+00  1.38217424E+00
   497  1.98800000E+02  1.38217424E+00  1.38141350E+00  1.38217424E+00
   498  1.99200000E+02  1.38217424E+00  1.38141350E+00  1.38217424E+00
   499  1.99600000E+02  1.38217424E+00  1.38141350E+00  1.38217424E+00
   500  2.00000000E+02  1.38217424E+00  1.38141350E+00  1.38217424E+00
   501  2.00400000E+02  1.38217424E+00  1.38141350E+00  1.38217424E+00
   502  2.00800000E+02  1.38217424E+00  1.38141350E+00  1.38217424E+00
   503  2.01200000E+02  1.38217424E+00  1.38141350E+00  1.38217424E+00
   504  2.01600000E+02  1.38217424E+00  1.38141350E+00  1.38217424E+00
   505  2.02000000E+02  1.38217424E+00  1.38141350E+00  1.38217424E+00
   506  2.02400000E+02  1.38217424E+00  1.38141350E+00  1.38217424E+00
   507  2.02800000E+02  1.38217424E+00  1.38141350E+00  1.38217424E+00
   508  2.03200000E+02  1.38217424E+00  1.38141350E+00  1.38217424E+00
   509  2.03600000E+02  1.38217424E+00  1.38141350E+00  1.38217424E+00
   510  2.04000000E+02  1.38217424E+00  1.38141350E+00  1.38217424E+00
   511  2.04400000E+02  1.38217424E+00  1.38141350E+00  1.38217424E+00
   512  2.04800000E+02  1.38217424E+00  1.38141350E+00  1.38217424E+00
   513  2.05200000E+02  1.38217424E+00  1.38141350E+00  1.38217424E+00
   514  2.05600000E+02  1.38217424E+00  1.38141350E+00  1.38217424E+00
   515  2.06000000E+02  1.38217424E+00  1.38141350E+00  1.38217424E+00
   516  2.06400000E+02  1.38217424E+00  1.38141350E+00  1.38217424E+00
   517  2.06800000E+02  1.38217424E+00  1.38141350E+00  1.38217424E+00
   518  2.07200000E+02  1.38217424E+00  1.38141350E+00  1.38217424E+00
   519  2.07600000E+02  1.38217424E+00  1.38141350E+00  1.38217424E+00
   520  2.08000000E+02  1.38217424E+00  1.38141350E+00  1.38217424E+00
   521  2.08400000E+02  1.38217424E+00  1.38141350E+00  1.38217424E+00
   522  2.08800000E+02  1.38217424E+00  1.38141350E+00  1.38217424E+00
   523  2.09200000E+02  1.38217424E+00  1.38141350E+00  1.38217424E+00
   524  2.09600000E+02  1.38217424E+00  1.38141350E+00  1.38217424E+00
   525  2.10000000E+02  1.38217424E+00  1.38141350E+00  1.38217424E+00
   526  2.10400000E+02  1.38217424E+00  1.38141350E+00  1.38217424E+00
   527  2.10800000E+02  1.38217424E+00  1.38141350E+00  1.38217424E+00
   528  2.11200000E+02  1.38217424E+00  1.38141350E+00  1.38217424E+00
   529  2.11600000E+02  1.38217424E+00  1.38141350E+00  1.38217424E+00
   530  2.12000000E+02  1.38217424E+00  1.38141350E+00  1.38217424E+00
   531  2.12400000E+02  1.38217424E+00  1.38141350E+00  1.38217424E+00
   532  2.12800000E+02  1.38217424E+00  1.38141350E+00  1.38217424E+00
   533  2.13200000E+02  1.38217424E+00  1.38141350E+00  1.38217424E+00
   534  2.13600000E+02  1.38217424E+00  1.38141350E+00  1.38217424E+00
   535  2.14000000E+02  1.38217424E+00  1.38141350E+00  1.38217424E+00
   536  2.14400000E+02  1.38217424E+00  1.38141350E+00  1.38217424E+00
   537  2.14800000E+02  1.38217424E+00  1.38141350E+00  1.38217424E+00
   538  2.15200000E+02  1.38217424E+00  1.38141350E+00  1.38217424E+00
   539  2.15600000E+02  1.38217424E+00  1.38141350E+00  1.38217424E+00
   540  2.16000000E+02  1.38217424E+00  1.38141350E+00  1.38217424E+00
   541  2.16400000E+02  1.38217424E+00  1.38141350E+00  1.38217424E+00
   542  2.16800000E+02  1.38217424E+00  1.38141350E+00  1.38217424E+00
   543  2.17200000E+02  1.38217424E+00  1.38141350E+00  1.38217424E+00
   544  2.17600000E+02  1.38217424E+00  1.38141350E+00  1.38217424E+00
   545  2.18000000E+02  1.38217424E+00  1.38141350E+00  1.38217424E+00
   546  2.18400000E+02  1.38217424E+00  1.38141350E+00  1.38217424E+00
   547  2.18800000E+02  1.38217424E+00  1.38141350E+00  1.38217424E+00
   548  2.19200000E+02  1.38217424E+00  1.38141350E+00  1.38217424E+00
   549  2.19600000E+02  1.38217424E+00  1.38141350E+00  1.38217424E+00
   550  2.20000000E+02  1.38217424E+00  1.38141350E+00  1.38217424E+00
   551  2.20400000E+02  1.38217424E+00  1.38141350E+00  1.38217424E+00
   552  2.20800000E+02  1.38217424E+00  1.38141350E+00  1.38217424E+00
   553  2.21200000E+02  1.38217424E+00  1.38141350E+00  1.38217424E+00
   554  2.21600000E+02  1.38217424E+00  1.38141350E+00  1.38217424E+00
   555  2.22000000E+02  1.38217424E+00  1.38141350E+00  1.38217424E+00
   556  2.22400000E+02  1.38217424E+00  1.38141350E+00  1.38217424E+00
   557  2.22800000E+02  1.38217424E+00  1.38141350E+00  1.38217424E+00
   558  2.23200000E+02  1.38217424E+00  1.38141350E+00  1.38217424E+00
   559  2.23600000E+02  1.38217424E+00  1.38141350E+00  1.38217424E+00
   560  2.24000000E+02  1.38217424E+00  1.38141350E+00  1.38217424E+00
   561  2.24400000E+02  1.38217424E+00  1.38141350E+00  1.38217424E+00
   562  2.24800000E+02  1.38217424E+00  1.38141350E+00  1.38217424E+00
   563  2.25200000E+02  1.38217424E+00  1.38141350E+00  1.38217424E+00
   564  2.25600000E+02  1.38217424E+00  1.38141350E+00  1.38217424E+00
   565  2.26000000E+02  1.38217424E+00  1.38141350E+00  1.38217424E+00
   566  2.26400000E+02  1.38217424E+00  1.38141350E+00  1.38217424E+00
   567  2.26800000E+02  1.38217424E+00  1.38141350E+00  1.38217424E+00
   568  2.27200000E+02  1.38217424E+00  1.38141350E+00  1.38217424E+00
   569  2.27600000E+02  1.38217424E+00  1.38141350E+00  1.38217424E+00
   570  2.28000000E+02  1.38217424E+00  1.38141350E+00  1.38217424E+00
   571  2.28400000E+02  1.38217424E+00  1.38141350E+00  1.38217424E+00
   572  2.28800000E+02  1.38217424E+00  1.38141350E+00  1.38217424E+00
   573  2.29200000E+02  1.38217424E+00  1.38141350E+00  1.38217424E+00
   574  2.29600000E+02  1.38217424E+00  1.38141350E+00  1.38217424E+00
   575  2.30000000E+02  1.38217424E+00  1.38141350E+00  1.38217424E+00
   576  2.30400000E+02  1.38217424E+00  1.38141350E+00  1.38217424E+00
   577  2.30800000E+02  1.38217424E+00  1.38141350E+00  1.38217424E+00
   578  2.31200000E+02  1.38217424E+00  1.38141350E+00  1.38217424E+00
   579  2.31600000E+02  1.38217424E+00  1.38141350E+00  1.38217424E+00
   580  2.32000000E+02  1.38217424E+00  1.38141350E+00  1.38217424E+00
   581  2.32400000E+02  1.38217424E+00  1.38141350E+00  1.38217424E+00
   582  2.32800000E+02  1.38217424E+00  1.38141350E+00  1.38217424E+00
   583  2.33200000E+02  1.38217424E+00  1.38141350E+00  1.38217424E+00
   584  2.33600000E+02  1.38217424E+00  1.38141350E+00  1.38217424E+00
   585  2.34000000E+02  1.38217424E+00  1.38141350E+00  1.38217424E+00
   586  2.34400000E+02  1.38217424E+00  1.38141350E+00  1.38217424E+00
   587  2.34800000E+02  1.38217424E+00  1.38141350E+00  1.38217424E+00
   588  2.35200000E+02  1.38217424E+00  1.38141350E+00  1.38217424E+00
   589  2.35600000E+02  1.38217424E+00  1.38141350E+00  1.38217424E+00
   590  2.36000000E+02  1.38217424E+00  1.38141350E+00  1.38217424E+00
   591  2.36400000E+02  1.38217424E+00  1.38141350E+00  1.38217424E+00
   592  2.36800000E+02  1.38217424E+00  1.38141350E+00  1.38217424E+00
   593  2.37200000E+02  1.38217424E+00  1.38141350E+00  1.38217424E+00
   594  2.37600000E+02  1.38217424E+00  1.38141350E+00  1.38217424E+00
   595  2.38000000E+02  1.38217424E+00  1.38141350E+00  1.38217424E+00
   596  2.38400000E+02  1.38217424E+00  1.38141350E+00  1.38217424E+00
   597  2.38800000E+02  1.38217424E+00  1.38141350E+00  1.38217424E+00
   598  2.39200000E+02  1.38217424E+00  1.38141350E+00  1.38217424E+00
   599  2.39600000E+02  1.38217424E+00  1.38141350E+00  1.38217424E+00
   600  2.40000000E+02  1.38217424E+00  1.38141350E+00  1.38217424E+00
   601  2.40400000E+02  1.38217424E+00  1.38141350E+00  1.38217424E+00
   602  2.40800000E+02  1.38217424E+00  1.38141350E+00  1.38217424E+00
   603  2.41200000E+02  1.38217424E+00  1.38141350E+00  1.38217424E+00
   604  2.41600000E+02  1.38217424E+00  1.38141350E+00  1.38217424E+00
   605  2.42000000E+02  1.38217424E+00  1.38141350E+00  1.38217424E+00
   606  2.42400000E+02  1.38217424E+00  1.38141350E+00  1.38217424E+00
   607  2.42800000E+02  1.38217424E+00  1.38141350E+00  1.38217424E+00
   608  2.43200000E+02  1.38217424E+00  1.38141350E+00  1.38217424E+00
   609  2.43600000E+02  1.38217424E+00  1.38141350E+00  1.38217424E+00
   610  2.44000000E+02  1.38217424E+00  1.38141350E+00  1.38217424E+00
   611  2.44400000E+02  1.38217424E+00  1.38141350E+00  1.38217424E+00
   612  2.44800000E+02  1.38217424E+00  1.38141350E+00  1.38217424E+00
   613  2.45200000E+02  1.38217424E+00  1.38141350E+00  1.38217424E+00
   614  2.45600000E+02  1.38217424E+00  1.38141350E+00  1.38217424E+00
   615  2.46000000E+02  1.38217424E+00  1.38141350E+00  1.38217424E+00
   616  2.46400000E+02  1.38217424E+00  1.38141350E+00  1.38217424E+00
   617  2.46800000E+02  1.38217424E+00  1.38141350E+00  1.38217424E+00
   618  2.47200000E+02  1.38217424E+00  1.38141350E+00  1.38217424E+00
   619  2.47600000E+02  1.38217424E+00  1.38141350E+00  1.38217424E+00
   620  2.48000000E+02  1.38217424E+00  1.38141350E+00  1.38217424E+00
   621  2.48400000E+02  1.38217424E+00  1.38141350E+00  1.38217424E+00
   622  2.48800000E+02  1.38217424E+00  1.38141350E+00  1.38217424E+00
   623  2.49200000E+02  1.38217424E+00  1.38141350E+00  1.38217424E+00
   624  2.49600000E+02  1.38217424E+00  1.38141350E+00  1.38217424E+00
   625  2.50000000E+02  1.38217424E+00  1.38141350E+00  1.38217424E+00
   626  2.50400000E+02  1.38217424E+00  1.38141350E+00  1.38217424E+00
   627  2.50800000E+02  1.38217424E+00  1.38141350E+00  1.38217424E+00
   628  2.51200000E+02  1.38217424E+00  1.38141350E+00  1.38217424E+00
   629  2.51600000E+02  1.38217424E+00  1.38141350E+00  1.38217424E+00
   630  2.52000000E+02  1.38217424E+00  1.38141350E+00  1.38217424E+00
   631  2.52400000E+02  1.38217424E+00  1.38141350E+00  1.38217424E+00
   632  2.52800000E+02  1.38217424E+00  1.38141350E+00  1.38217424E+00
   633  2.53200000E+02  1.38217424E+00  1.38141350E+00  1.38217424E+00
   634  2.53600000E+02  1.38217424E+00  1.38141350E+00  1.38217424E+00
   635  2.54000000E+02  1.38217424E+00  1.38141350E+00  1.38217424E+00
   636  2.54400000E+02  1.38217424E+00  1.38141350E+00  1.38217424E+00
   637  2.54800000E+02  1.38217424E+00  1.38141350E+00  1.38217424E+00
   638  2.55200000E+02  1.38217424E+00  1.38141350E+00  1.38217424E+00
   639  2.55600000E+02  1.38217424E+00  1.38141350E+00  1.38217424E+00
   640  2.56000000E+02  1.38217424E+00  1.38141350E+00  1.38217424E+00
   641  2.56400000E+02  1.38217424E+00  1.38141350E+00  1.38217424E+00
   642  2.56800000E+02  1.38217424E+00  1.38141350E+00  1.38217424E+00
   643  2.57200000E+02  1.38217424E+00  1.38141350E+00  1.38217424E+00
   644  2.57600000E+02  1.38217424E+00  1.38141350E+00  1.38217424E+00
   645  2.58000000E+02  1.38217424E+00  1.38141350E+00  1.38217424E+00
   646  2.58400000E+02  1.38217424E+00  1.38141350E+00  1.38217424E+00
   647  2.58800000E+02  1.38217424E+00  1.38141350E+00  1.38217424E+00
   648  2.59200000E+02  1.38217424E+00  1.38141350E+00  1.38217424E+00
   649  2.59600000E+02  1.38217424E+00  1.38141350E+00  1.38217424E+00
   650  2.60000000E+02  1.38217424E+00  1.38141350E+00  1.38217424E+00
   651  2.60400000E+02  1.38217424E+00  1.38141350E+00  1.38217424E+00
   652  2.60800000E+02  1.38217424E+00  1.38141350E+00  1.38217424E+00
   653  2.61200000E+02  1.38217424E+00  1.38141350E+00  1.38217424E+00
   654  2.61600000E+02  1.38217424E+00  1.38141350E+00  1.38217424E+00
   655  2.62000000E+02  1.38217424E+00  1.38141350E+00  1.38217424E+00
   656  2.62400000E+02  1.38217424E+00  1.38141350E+00  1.38217424E+00
   657  2.62800000E+02  1.38217424E+00  1.38141350E+00  1.38217424E+00
   658  2.63200000E+02  1.38217424E+00  1.38141350E+00  1.38217424E+00
   659  2.63600000E+02  1.38217424E+00  1.38141350E+00  1.38217424E+00
   660  2.64000000E+02  1.38217424E+00  1.38141350E+00  1.38217424E+00
   661  2.64400000E+02  1.38217424E+00  1.38141350E+00  1.38217424E+00
   662  2.64800000E+02  1.38217424E+00  1.38141350E+00  1.38217424E+00
   663  2.65200000E+02  1.38217424E+00  1.38141350E+00  1.38217424E+00
   664  2.65600000E+02  1.38217424E+00  1.38141350E+00  1.38217424E+00
   665  2.66000000E+02  1.38217424E+00  1.38141350E+00  1.38217424E+00
   666  2.66400000E+02  1.38217424E+00  1.38141350E+00  1.38217424E+00
   667  2.66800000E+02  1.38217424E+00  1.38141350E+00  1.38217424E+00
   668  2.67200000E+02  1.38217424E+00  1.38141350E+00  1.38217424E+00
   669  2.67600000E+02  1.38217424E+00  1.38141350E+00  1.38217424E+00
   670  2.68000000E+02  1.38217424E+00  1.38141350E+00  1.38217424E+00
   671  2.68400000E+02  1.38217424E+00  1.38141350E+00  1.38217424E+00
   672  2.68800000E+02  1.38217424E+00  1.38141350E+00  1.38217424E+00
   673  2.69200000E+02  1.38217424E+00  1.38141350E+00  1.38217424E+00
   674  2.69600000E+02  1.38217424E+00  1.38141350E+00  1.38217424E+00
   675  2.70000000E+02  1.38217424E+00  1.38141350E+00  1.38217424E+00
   676  2.70400000E+02  1.38217424E+00  1.38141350E+00  1.38217424E+00
   677  2.70800000E+02  1.38217424E+00  1.38141350E+00  1.38217424E+00
   678  2.71200000E+02  1.38217424E+00  1.38141350E+00  1.38217424E+00
   679  2.71600000E+02  1.38217424E+00  1.38141350E+00  1.38217424E+00
   680  2.72000000E+02  1.38217424E+00  1.38141350E+00  1.38217424E+00
   681  2.72400000E+02  1.38217424E+00  1.38141350E+00  1.38217424E+00
   682  2.72800000E+02  1.38217424E+00  1.38141350E+00  1.38217424E+00
   683  2.73200000E+02  1.38217424E+00  1.38141350E+00  1.38217424E+00
   684  2.73600000E+02  1.38217424E+00  1.38141350E+00  1.38217424E+00
   685  2.74000000E+02  1.38217424E+00  1.38141350E+00  1.38217424E+00
   686  2.74400000E+02  1.38217424E+00  1.38141350E+00  1.38217424E+00
   687  2.74800000E+02  1.38217424E+00  1.38141350E+00  1.38217424E+00
   688  2.75200000E+02  1.38217424E+00  1.38141350E+00  1.38217424E+00
   689  2.75600000E+02  1.38217424E+00  1.38141350E+00  1.38217424E+00
   690  2.76000000E+02  1.38217424E+00  1.38141350E+00  1.38217424E+00
   691  2.76400000E+02  1.38217424E+00  1.38141350E+00  1.38217424E+00
   692  2.76800000E+02  1.38217424E+00  1.38141350E+00  1.38217424E+00
   693  2.77200000E+02  1.38217424E+00  1.38141350E+00  1.38217424E+00
   694  2.77600000E+02  1.38217424E+00  1.38141350E+00  1.38217424E+00
   695  2.78000000E+02  1.38217424E+00  1.38141350E+00  1.38217424E+00
   696  2.78400000E+02  1.38217424E+00  1.38141350E+00  1.38217424E+00
   697  2.78800000E+02  1.38217424E+00  1.38141350E+00  1.38217424E+00
   698  2.79200000E+02  1.38217424E+00  1.38141350E+00  1.38217424E+00
   699  2.79600000E+02  1.38217424E+00  1.38141350E+00  1.38217424E+00
   700  2.80000000E+02  1.38217424E+00  1.38141350E+00  1.38217424E+00
   701  2.80400000E+02  1.38217424E+00  1.38141350E+00  1.38217424E+00
   702  2.80800000E+02  1.38217424E+00  1.38141350E+00  1.38217424E+00
   703  2.81200000E+02  1.38217424E+00  1.38141350E+00  1.38217424E+00
   704  2.81600000E+02  1.38217424E+00  1.38141350E+00  1.38217424E+00
   705  2.82000000E+02  1.38217424E+00  1.38141350E+00  1.38217424E+00
   706  2.82400000E+02  1.38217424E+00  1.38141350E+00  1.38217424E+00
   707  2.82800000E+02  1.38217424E+00  1.38141350E+00  1.38217424E+00
   708  2.83200000E+02  1.38217424E+00  1.38141350E+00  1.38217424E+00
   709  2.83600000E+02  1.38217424E+00  1.38141350E+00  1.38217424E+00
   710  2.84000000E+02  1.38217424E+00  1.38141350E+00  1.38217424E+00
   711  2.84400000E+02  1.38217424E+00  1.38141350E+00  1.38217424E+00
   712  2.84800000E+02  1.38217424E+00  1.38141350E+00  1.38217424E+00
   713  2.85200000E+02  1.38217424E+00  1.38141350E+00  1.38217424E+00
   714  2.85600000E+02  1.38217424E+00  1.38141350E+00  1.38217424E+00
   715  2.86000000E+02  1.38217424E+00  1.38141350E+00  1.38217424E+00
   716  2.86400000E+02  1.38217424E+00  1.38141350E+00  1.38217424E+00
   717  2.86800000E+02  1.38217424E+00  1.38141350E+00  1.38217424E+00
   718  2.87200000E+02  1.38217424E+00  1.38141350E+00  1.38217424E+00
   719  2.87600000E+02  1.38217424E+00  1.38141350E+00  1.38217424E+00
   720  2.88000000E+02  1.38217424E+00  1.38141350E+00  1.38217424E+00
   721  2.88400000E+02  1.38217424E+00  1.38141350E+00  1.38217424E+00
   722  2.88800000E+02  1.38217424E+00  1.38141350E+00  1.38217424E+00
   723  2.89200000E+02  1.38217424E+00  1.38141350E+00  1.38217424E+00
   724  2.89600000E+02  1.38217424E+00  1.38141350E+00  1.38217424E+00
   725  2.90000000E+02  1.38217424E+00  1.38141350E+00  1.38217424E+00
   726  2.90400000E+02  1.38217424E+00  1.38141350E+00  1.38217424E+00
   727  2.90800000E+02  1.38217424E+00  1.38141350E+00  1.38217424E+00
   728  2.91200000E+02  1.38217424E+00  1.38141350E+00  1.38217424E+00
   729  2.91600000E+02  1.38217424E+00  1.38141350E+00  1.38217424E+00
   730  2.92000000E+02  1.38217424E+00  1.38141350E+00  1.38217424E+00
   731  2.92400000E+02  1.38217424E+00  1.38141350E+00  1.38217424E+00
   732  2.92800000E+02  1.38217424E+00  1.38141350E+00  1.38217424E+00
   733  2.93200000E+02  1.38217424E+00  1.38141350E+00  1.38217424E+00
   734  2.93600000E+02  1.38217424E+00  1.38141350E+00  1.38217424E+00
   735  2.94000000E+02  1.38217424E+00  1.38141350E+00  1.38217424E+00
   736  2.94400000E+02  1.38217424E+00  1.38141350E+00  1.38217424E+00
   737  2.94800000E+02  1.38217424E+00  1.38141350E+00  1.38217424E+00
   738  2.95200000E+02  1.38217424E+00  1.38141350E+00  1.38217424E+00
   739  2.95600000E+02  1.38217424E+00  1.38141350E+00  1.38217424E+00
   740  2.96000000E+02  1.38217424E+00  1.38141350E+00  1.38217424E+00
   741  2.96400000E+02  1.38217424E+00  1.38141350E+00  1.38217424E+00
   742  2.96800000E+02  1.38217424E+00  1.38141350E+00  1.38217424E+00
   743  2.97200000E+02  1.38217424E+00  1.38141350E+00  1.38217424E+00
   744  2.97600000E+02  1.38217424E+00  1.38141350E+00  1.38217424E+00
   745  2.98000000E+02  1.38217424E+00  1.38141350E+00  1.38217424E+00
   746  2.98400000E+02  1.38217424E+00  1.38141350E+00  1.38217424E+00
   747  2.98800000E+02  1.38217424E+00  1.38141350E+00  1.38217424E+00
   748  2.99200000E+02  1.38217424E+00  1.38141350E+00  1.38217424E+00
   749  2.99600000E+02  1.38217424E+00  1.38141350E+00  1.38217424E+00
   750  3.00000000E+02  1.38217424E+00  1.38141350E+00  1.38217424E+00
   751  3.00400000E+02  1.38217424E+00  1.38141350E+00  1.38217424E+00
   752  3.00800000E+02  1.38217424E+00  1.38141350E+00  1.38217424E+00
   753  3.01200000E+02  1.38217424E+00  1.38141350E+00  1.38217424E+00
   754  3.01600000E+02  1.38217424E+00  1.38141350E+00  1.38217424E+00
   755  3.02000000E+02  1.38217424E+00  1.38141350E+00  1.38217424E+00
   756  3.02400000E+02  1.38217424E+00  1.38141350E+00  1.38217424E+00
   757  3.02800000E+02  1.38217424E+00  1.38141350E+00  1.38217424E+00
   758  3.03200000E+02  1.38217424E+00  1.38141350E+00  1.38217424E+00
   759  3.03600000E+02  1.38217424E+00  1.38141350E+00  1.38217424E+00
   760  3.04000000E+02  1.38217424E+00  1.38141350E+00  1.38217424E+00
   761  3.04400000E+02  1.38217424E+00  1.38141350E+00  1.38217424E+00
   762  3.04800000E+02  1.38217424E+00  1.38141350E+00  1.38217424E+00
   763  3.05200000E+02  1.38217424E+00  1.38141350E+00  1.38217424E+00
   764  3.05600000E+02  1.38217424E+00  1.38141350E+00  1.38217424E+00
   765  3.06000000E+02  1.38217424E+00  1.38141350E+00  1.38217424E+00
   766  3.06400000E+02  1.38217424E+00  1.38141350E+00  1.38217424E+00
   767  3.06800000E+02  1.38217424E+00  1.38141350E+00  1.38217424E+00
   768  3.07200000E+02  1.38217424E+00  1.38141350E+00  1.38217424E+00
   769  3.07600000E+02  1.38217424E+00  1.38141350E+00  1.38217424E+00
   770  3.08000000E+02  1.38217424E+00  1.38141350E+00  1.38217424E+00
   771  3.08400000E+02  1.38217424E+00  1.38141350E+00  1.38217424E+00
   772  3.08800000E+02  1.38217424E+00  1.38141350E+00  1.38217424E+00
   773  3.09200000E+02  1.38217424E+00  1.38141350E+00  1.38217424E+00
   774  3.09600000E+02  1.38217424E+00  1.38141350E+00  1.38217424E+00
   775  3.10000000E+02  1.38217424E+00  1.38141350E+00  1.38217424E+00
   776  3.10400000E+02  1.38217424E+00  1.38141350E+00  1.38217424E+00
   777  3.10800000E+02  1.38217424E+00  1.38141350E+00  1.38217424E+00
   778  3.11200000E+02  1.38217424E+00  1.38141350E+00  1.38217424E+00
   779  3.11600000E+02  1.38217424E+00  1.38141350E+00  1.38217424E+00
   780  3.12000000E+02  1.38217424E+00  1.38141350E+00  1.38217424E+00
   781  3.12400000E+02  1.38217424E+00  1.38141350E+00  1.38217424E+00
   782  3.12800000E+02  1.38217424E+00  1.38141350E+00  1.38217424E+00
   783  3.13200000E+02  1.38217424E+00  1.38141350E+00  1.38217424E+00
   784  3.13600000E+02  1.38217424E+00  1.38141350E+00  1.38217424E+00
   785  3.14000000E+02  1.38217424E+00  1.38141350E+00  1.38217424E+00
   786  3.14400000E+02  1.38217424E+00  1.38141350E+00  1.38217424E+00
   787  3.14800000E+02  1.38217424E+00  1.38141350E+00  1.38217424E+00
   788  3.15200000E+02  1.38217424E+00  1.38141350E+00  1.38217424E+00
   789  3.15600000E+02  1.38217424E+00  1.38141350E+00  1.38217424E+00
   790  3.16000000E+02  1.38217424E+00  1.38141350E+00  1.38217424E+00
   791  3.16400000E+02  1.38217424E+00  1.38141350E+00  1.38217424E+00
   792  3.16800000E+02  1.38217424E+00  1.38141350E+00  1.38217424E+00
   793  3.17200000E+02  1.38217424E+00  1.38141350E+00  1.38217424E+00
   794  3.17600000E+02  1.38217424E+00  1.38141350E+00  1.38217424E+00
   795  3.18000000E+02  1.38217424E+00  1.38141350E+00  1.38217424E+00
   796  3.18400000E+02  1.38217424E+00  1.38141350E+00  1.38217424E+00
   797  3.18800000E+02  1.38217424E+00  1.38141350E+00  1.38217424E+00
   798  3.19200000E+02  1.38217424E+00  1.38141350E+00  1.38217424E+00
   799  3.19600000E+02  1.38217424E+00  1.38141350E+00  1.38217424E+00
   800  3.20000000E+02  1.38217424E+00  1.38141350E+00  1.38217424E+00
   801  3.20400000E+02  1.38217424E+00  1.38141350E+00  1.38217424E+00
   802  3.20800000E+02  1.38217424E+00  1.38141350E+00  1.38217424E+00
   803  3.21200000E+02  1.38217424E+00  1.38141350E+00  1.38217424E+00
   804  3.21600000E+02  1.38217424E+00  1.38141350E+00  1.38217424E+00
   805  3.22000000E+02  1.38217424E+00  1.38141350E+00  1.38217424E+00
   806  3.22400000E+02  1.38217424E+00  1.38141350E+00  1.38217424E+00
   807  3.22800000E+02  1.38217424E+00  1.38141350E+00  1.38217424E+00
   808  3.23200000E+02  1.38217424E+00  1.38141350E+00  1.38217424E+00
   809  3.23600000E+02  1.38217424E+00  1.38141350E+00  1.38217424E+00
   810  3.24000000E+02  1.38217424E+00  1.38141350E+00  1.38217424E+00
   811  3.24400000E+02  1.38217424E+00  1.38141350E+00  1.38217424E+00
   812  3.24800000E+02  1.38217424E+00  1.38141350E+00  1.38217424E+00
   813  3.25200000E+02  1.38217424E+00  1.38141350E+00  1.38217424E+00
   814  3.25600000E+02  1.38217424E+00  1.38141350E+00  1.38217424E+00
   815  3.26000000E+02  1.38217424E+00  1.38141350E+00  1.38217424E+00
   816  3.26400000E+02  1.38217424E+00  1.38141350E+00  1.38217424E+00
   817  3.26800000E+02  1.38217424E+00  1.38141350E+00  1.38217424E+00
   818  3.27200000E+02  1.38217424E+00  1.38141350E+00  1.38217424E+00
   819  3.27600000E+02  1.38217424E+00  1.38141350E+00  1.38217424E+00
   820  3.28000000E+02  1.38217424E+00  1.38141350E+00  1.38217424E+00
   821  3.28400000E+02  1.38217424E+00  1.38141350E+00  1.38217424E+00
   822  3.28800000E+02  1.38217424E+00  1.38141350E+00  1.38217424E+00
   823  3.29200000E+02  1.38217424E+00  1.38141350E+00  1.38217424E+00
   824  3.29600000E+02  1.38217424E+00  1.38141350E+00  1.38217424E+00
   825  3.30000000E+02  1.38217424E+00  1.38141350E+00  1.38217424E+00
   826  3.30400000E+02  1.38217424E+00  1.38141350E+00  1.38217424E+00
   827  3.30800000E+02  1.38217424E+00  1.38141350E+00  1.38217424E+00
   828  3.31200000E+02  1.38217424E+00  1.38141350E+00  1.38217424E+00
   829  3.31600000E+02  1.38217424E+00  1.38141350E+00  1.38217424E+00
   830  3.32000000E+02  1.38217424E+00  1.38141350E+00  1.38217424E+00
   831  3.32400000E+02  1.38217424E+00  1.38141350E+00  1.38217424E+00
   832  3.32800000E+02  1.38217424E+00  1.38141350E+00  1.38217424E+00
   833  3.33200000E+02  1.38217424E+00  1.38141350E+00  1.38217424E+00
   834  3.33600000E+02  1.38217424E+00  1.38141350E+00  1.38217424E+00
   835  3.34000000E+02  1.38217424E+00  1.38141350E+00  1.38217424E+00
   836  3.34400000E+02  1.38217424E+00  1.38141350E+00  1.38217424E+00
   837  3.34800000E+02  1.38217424E+00  1.38141350E+00  1.38217424E+00
   838  3.35200000E+02  1.38217424E+00  1.38141350E+00  1.38217424E+00
   839  3.35600000E+02  1.38217424E+00  1.38141350E+00  1.38217424E+00
   840  3.36000000E+02  1.38217424E+00  1.38141350E+00  1.38217424E+00
   841  3.36400000E+02  1.38217424E+00  1.38141350E+00  1.38217424E+00
   842  3.36800000E+02  1.38217424E+00  1.38141350E+00  1.38217424E+00
   843  3.37200000E+02  1.38217424E+00  1.38141350E+00  1.38217424E+00
   844  3.37600000E+02  1.38217424E+00  1.38141350E+00  1.38217424E+00
   845  3.38000000E+02  1.38217424E+00  1.38141350E+00  1.38217424E+00
   846  3.38400000E+02  1.38217424E+00  1.38141350E+00  1.38217424E+00
   847  3.38800000E+02  1.38217424E+00  1.38141350E+00  1.38217424E+00
   848  3.39200000E+02  1.38217424E+00  1.38141350E+00  1.38217424E+00
   849  3.39600000E+02  1.38217424E+00  1.38141350E+00  1.38217424E+00
   850  3.40000000E+02  1.38217424E+00  1.38141350E+00  1.38217424E+00
   851  3.40400000E+02  1.38217424E+00  1.38141350E+00  1.38217424E+00
   852  3.40800000E+02  1.38217424E+00  1.38141350E+00  1.38217424E+00
   853  3.41200000E+02  1.38217424E+00  1.38141350E+00  1.38217424E+00
   854  3.41600000E+02  1.38217424E+00  1.38141350E+00  1.38217424E+00
   855  3.42000000E+02  1.38217424E+00  1.38141350E+00  1.38217424E+00
   856  3.42400000E+02  1.38217424E+00  1.38141350E+00  1.38217424E+00
   857  3.42800000E+02  1.38217424E+00  1.38141350E+00  1.38217424E+00
   858  3.43200000E+02  1.38217424E+00  1.38141350E+00  1.38217424E+00
   859  3.43600000E+02  1.38217424E+00  1.38141350E+00  1.38217424E+00
   860  3.44000000E+02  1.38217424E+00  1.38141350E+00  1.38217424E+00
   861  3.44400000E+02  1.38217424E+00  1.38141350E+00  1.38217424E+00
   862  3.44800000E+02  1.38217424E+00  1.38141350E+00  1.38217424E+00
   863  3.45200000E+02  1.38217424E+00  1.38141350E+00  1.38217424E+00
   864  3.45600000E+02  1.38217424E+00  1.38141350E+00  1.38217424E+00
   865  3.46000000E+02  1.38217424E+00  1.38141350E+00  1.38217424E+00
   866  3.46400000E+02  1.38217424E+00  1.38141350E+00  1.38217424E+00
   867  3.46800000E+02  1.38217424E+00  1.38141350E+00  1.38217424E+00
   868  3.47200000E+02  1.38217424E+00  1.38141350E+00  1.38217424E+00
   869  3.47600000E+02  1.38217424E+00  1.38141350E+00  1.38217424E+00
   870  3.48000000E+02  1.38217424E+00  1.38141350E+00  1.38217424E+00
   871  3.48400000E+02  1.38217424E+00  1.38141350E+00  1.38217424E+00
   872  3.48800000E+02  1.38217424E+00  1.38141350E+00  1.38217424E+00
   873  3.49200000E+02  1.38217424E+00  1.38141350E+00  1.38217424E+00
   874  3.49600000E+02  1.38217424E+00  1.38141350E+00  1.38217424E+00
   875  3.50000000E+02  1.38217424E+00  1.38141350E+00  1.38217424E+00
   876  3.50400000E+02  1.38217424E+00  1.38141350E+00  1.38217424E+00
   877  3.50800000E+02  1.38217424E+00  1.38141350E+00  1.38217424E+00
   878  3.51200000E+02  1.38217424E+00  1.38141350E+00  1.38217424E+00
   879  3.51600000E+02  1.38217424E+00  1.38141350E+00  1.38217424E+00
   880  3.52000000E+02  1.38217424E+00  1.38141350E+00  1.38217424E+00
   881  3.52400000E+02  1.38217424E+00  1.38141350E+00  1.38217424E+00
   882  3.52800000E+02  1.38217424E+00  1.38141350E+00  1.38217424E+00
   883  3.53200000E+02  1.38217424E+00  1.38141350E+00  1.38217424E+00
   884  3.53600000E+02  1.38217424E+00  1.38141350E+00  1.38217424E+00
   885  3.54000000E+02  1.38217424E+00  1.38141350E+00  1.38217424E+00
   886  3.54400000E+02  1.38217424E+00  1.38141350E+00  1.38217424E+00
   887  3.54800000E+02  1.38217424E+00  1.38141350E+00  1.38217424E+00
   888  3.55200000E+02  1.38217424E+00  1.38141350E+00  1.38217424E+00
   889  3.55600000E+02  1.38217424E+00  1.38141350E+00  1.38217424E+00
   890  3.56000000E+02  1.38217424E+00  1.38141350E+00  1.38217424E+00
   891  3.56400000E+02  1.38217424E+00  1.38141350E+00  1.38217424E+00
   892  3.56800000E+02  1.38217424E+00  1.38141350E+00  1.38217424E+00
   893  3.57200000E+02  1.38217424E+00  1.38141350E+00  1.38217424E+00
   894  3.57600000E+02  1.38217424E+00  1.38141350E+00  1.38217424E+00
   895  3.58000000E+02  1.38217424E+00  1.38141350E+00  1.38217424E+00
   896  3.58400000E+02  1.38217424E+00  1.38141350E+00  1.38217424E+00
   897  3.58800000E+02  1.38217424E+00  1.38141350E+00  1.38217424E+00
   898  3.59200000E+02  1.38217424E+00  1.38141350E+00  1.38217424E+00
   899  3.59600000E+02  1.38217424E+00  1.38141350E+00  1.38217424E+00
   900  3.60000000E+02  1.38217424E+00  1.38141350E+00  1.38217424E+00
   901  3.60400000E+02  1.38217424E+00  1.38141350E+00  1.38217424E+00
   902  3.60800000E+02  1.38217424E+00  1.38141350E+00  1.38217424E+00
   903  3.61200000E+02  1.38217424E+00  1.38141350E+00  1.38217424E+00
   904  3.61600000E+02  1.38217424E+00  1.38141350E+00  1.38217424E+00
   905  3.62000000E+02  1.38217424E+00  1.38141350E+00  1.38217424E+00
   906  3.62400000E+02  1.38217424E+00  1.38141350E+00  1.38217424E+00
   907  3.62800000E+02  1.38217424E+00  1.38141350E+00  1.38217424E+00
   908  3.63200000E+02  1.38217424E+00  1.38141350E+00  1.38217424E+00
   909  3.63600000E+02  1.38217424E+00  1.38141350E+00  1.38217424E+00
   910  3.64000000E+02  1.38217424E+00  1.38141350E+00  1.38217424E+00
   911  3.64400000E+02  1.38217424E+00  1.38141350E+00  1.38217424E+00
   912  3.64800000E+02  1.38217424E+00  1.38141350E+00  1.38217424E+00
   913  3.65200000E+02  1.38217424E+00  1.38141350E+00  1.38217424E+00
   914  3.65600000E+02  1.38217424E+00  1.38141350E+00  1.38217424E+00
   915  3.66000000E+02  1.38217424E+00  1.38141350E+00  1.38217424E+00
   916  3.66400000E+02  1.38217424E+00  1.38141350E+00  1.38217424E+00
   917  3.66800000E+02  1.38217424E+00  1.38141350E+00  1.38217424E+00
   918  3.67200000E+02  1.38217424E+00  1.38141350E+00  1.38217424E+00
   919  3.67600000E+02  1.38217424E+00  1.38141350E+00  1.38217424E+00
   920  3.68000000E+02  1.38217424E+00  1.38141350E+00  1.38217424E+00
   921  3.68400000E+02  1.38217424E+00  1.38141350E+00  1.38217424E+00
   922  3.68800000E+02  1.38217424E+00  1.38141350E+00  1.38217424E+00
   923  3.69200000E+02  1.38217424E+00  1.38141350E+00  1.38217424E+00
   924  3.69600000E+02  1.38217424E+00  1.38141350E+00  1.38217424E+00
   925  3.70000000E+02  1.38217424E+00  1.38141350E+00  1.38217424E+00
   926  3.70400000E+02  1.38217424E+00  1.38141350E+00  1.38217424E+00
   927  3.70800000E+02  1.38217424E+00  1.38141350E+00  1.38217424E+00
   928  3.71200000E+02  1.38217424E+00  1.38141350E+00  1.38217424E+00
   929  3.71600000E+02  1.38217424E+00  1.38141350E+00  1.38217424E+00
   930  3.72000000E+02  1.38217424E+00  1.38141350E+00  1.38217424E+00
   931  3.72400000E+02  1.38217424E+00  1.38141350E+00  1.38217424E+00
   932  3.72800000E+02  1.38217424E+00  1.38141350E+00  1.38217424E+00
   933  3.73200000E+02  1.38217424E+00  1.38141350E+00  1.38217424E+00
   934  3.73600000E+02  1.38217424E+00  1.38141350E+00  1.38217424E+00
   935  3.74000000E+02  1.38217424E+00  1.38141350E+00  1.38217424E+00
   936  3.74400000E+02  1.38217424E+00  1.38141350E+00  1.38217424E+00
   937  3.74800000E+02  1.38217424E+00  1.38141350E+00  1.38217424E+00
   938  3.75200000E+02  1.38217424E+00  1.38141350E+00  1.38217424E+00
   939  3.75600000E+02  1.38217424E+00  1.38141350E+00  1.38217424E+00
   940  3.76000000E+02  1.38217424E+00  1.38141350E+00  1.38217424E+00
   941  3.76400000E+02  1.38217424E+00  1.38141350E+00  1.38217424E+00
   942  3.76800000E+02  1.38217424E+00  1.38141350E+00  1.38217424E+00
   943  3.77200000E+02  1.38217424E+00  1.38141350E+00  1.38217424E+00
   944  3.77600000E+02  1.38217424E+00  1.38141350E+00  1.38217424E+00
   945  3.78000000E+02  1.38217424E+00  1.38141350E+00  1.38217424E+00
   946  3.78400000E+02  1.38217424E+00  1.38141350E+00  1.38217424E+00
   947  3.78800000E+02  1.38217424E+00  1.38141350E+00  1.38217424E+00
   948  3.79200000E+02  1.38217424E+00  1.38141350E+00  1.38217424E+00
   949  3.79600000E+02  1.38217424E+00  1.38141350E+00  1.38217424E+00
   950  3.80000000E+02  1.38217424E+00  1.38141350E+00  1.38217424E+00
   951  3.80400000E+02  1.38217424E+00  1.38141350E+00  1.38217424E+00
   952  3.80800000E+02  1.38217424E+00  1.38141350E+00  1.38217424E+00
   953  3.81200000E+02  1.38217424E+00  1.38141350E+00  1.38217424E+00
   954  3.81600000E+02  1.38217424E+00  1.38141350E+00  1.38217424E+00
   955  3.82000000E+02  1.38217424E+00  1.38141350E+00  1.38217424E+00
   956  3.82400000E+02  1.38217424E+00  1.38141350E+00  1.38217424E+00
   957  3.82800000E+02  1.38217424E+00  1.38141350E+00  1.38217424E+00
   958  3.83200000E+02  1.38217424E+00  1.38141350E+00  1.38217424E+00
   959  3.83600000E+02  1.38217424E+00  1.38141350E+00  1.38217424E+00
   960  3.84000000E+02  1.38217424E+00  1.38141350E+00  1.38217424E+00
   961  3.84400000E+02  1.38217424E+00  1.38141350E+00  1.38217424E+00
   962  3.84800000E+02  1.38217424E+00  1.38141350E+00  1.38217424E+00
   963  3.85200000E+02  1.38217424E+00  1.38141350E+00  1.38217424E+00
   964  3.85600000E+02  1.38217424E+00  1.38141350E+00  1.38217424E+00
   965  3.86000000E+02  1.38217424E+00  1.38141350E+00  1.38217424E+00
   966  3.86400000E+02  1.38217424E+00  1.38141350E+00  1.38217424E+00
   967  3.86800000E+02  1.38217424E+00  1.38141350E+00  1.38217424E+00
   968  3.87200000E+02  1.38217424E+00  1.38141350E+00  1.38217424E+00
   969  3.87600000E+02  1.38217424E+00  1.38141350E+00  1.38217424E+00
   970  3.88000000E+02  1.38217424E+00  1.38141350E+00  1.38217424E+00
   971  3.88400000E+02  1.38217424E+00  1.38141350E+00  1.38217424E+00
   972  3.88800000E+02  1.38217424E+00  1.38141350E+00  1.38217424E+00
   973  3.89200000E+02  1.38217424E+00  1.38141350E+00  1.38217424E+00
   974  3.89600000E+02  1.38217424E+00  1.38141350E+00  1.38217424E+00
   975  3.90000000E+02  1.38217424E+00  1.38141350E+00  1.38217424E+00
   976  3.90400000E+02  1.38217424E+00  1.38141350E+00  1.38217424E+00
   977  3.90800000E+02  1.38217424E+00  1.38141350E+00  1.38217424E+00
   978  3.91200000E+02  1.38217424E+00  1.38141350E+00  1.38217424E+00
   979  3.91600000E+02  1.38217424E+00  1.38141350E+00  1.38217424E+00
   980  3.92000000E+02  1.38217424E+00  1.38141350E+00  1.38217424E+00
   981  3.92400000E+02  1.38217424E+00  1.38141350E+00  1.38217424E+00
   982  3.92800000E+02  1.38217424E+00  1.38141350E+00  1.38217424E+00
   983  3.93200000E+02  1.38217424E+00  1.38141350E+00  1.38217424E+00
   984  3.93600000E+02  1.38217424E+00  1.38141350E+00  1.38217424E+00
   985  3.94000000E+02  1.38217424E+00  1.38141350E+00  1.38217424E+00
   986  3.94400000E+02  1.38217424E+00  1.38141350E+00  1.38217424E+00
   987  3.94800000E+02  1.38217424E+00  1.38141350E+00  1.38217424E+00
   988  3.95200000E+02  1.38217424E+00  1.38141350E+00  1.38217424E+00
   989  3.95600000E+02  1.38217424E+00  1.38141350E+00  1.38217424E+00
   990  3.96000000E+02  1.38217424E+00  1.38141350E+00  1.38217424E+00
   991  3.96400000E+02  1.38217424E+00  1.38141350E+00  1.38217424E+00
   992  3.96800000E+02  1.38217424E+00  1.38141350E+00  1.38217424E+00
   993  3.97200000E+02  1.38217424E+00  1.38141350E+00  1.38217424E+00
   994  3.97600000E+02  1.38217424E+00  1.38141350E+00  1.38217424E+00
   995  3.98000000E+02  1.38217424E+00  1.38141350E+00  1.38217424E+00
   996  3.98400000E+02  1.38217424E+00  1.38141350E+00  1.38217424E+00
   997  3.98800000E+02  1.38217424E+00  1.38141350E+00  1.38217424E+00
   998  3.99200000E+02  1.38217424E+00  1.38141350E+00  1.38217424E+00
   999  3.99600000E+02  1.38217424E+00  1.38141350E+00  1.38217424E+00
  1000  4.00000000E+02  1.38217424E+00  1.38141350E+00  1.38217424E+00
