 dx_box  0.20000000000000001      dx_wall   5.0000000000000003E-002
 comppar: model =   2
 comppar: lambda,mobility/eps,betav,eta_0 =  1.0000E+00  0.0000E+00  1.1111E-01  1.0000E+00
 comppar: eta_s,eta_p,G =  1.1111E-01  8.8889E-01  8.8889E-01
 comppar: U_avg,deltat,flowrate,nsteps =  2.5000E-01  1.0000E-01  7.8540E-01    1000
 comppar: geometry = axisymmetric
 comppar: steady stop change,gap,hold,min =  1.0000E-05  5.0000E-03      10      80
 comppar: ncompc,ncompg =     4     5
 mesh nnodes = 4357
 mesh nelem = 2112
 P1 BC   5.0000000000000000     
 P2 BC   0.0000000000000000     
     1  1.00000000E-01  1.00315112E+00  1.00000000E+00  1.00315112E+00
     2  2.00000000E-01  1.00618972E+00  1.00000000E+00  1.00618972E+00
     3  3.00000000E-01  1.00908639E+00  1.00000000E+00  1.00908639E+00
     4  4.00000000E-01  1.01188786E+00  1.00000000E+00  1.01188786E+00
     5  5.00000000E-01  1.01462608E+00  1.00000000E+00  1.01462608E+00
     6  6.00000000E-01  1.01732707E+00  1.00000000E+00  1.01732707E+00
     7  7.00000000E-01  1.02000714E+00  1.00000000E+00  1.02000714E+00
     8  8.00000000E-01  1.02269272E+00  1.00000000E+00  1.02269272E+00
     9  9.00000000E-01  1.02539845E+00  1.00000001E+00  1.02539845E+00
    10  1.00000000E+00  1.02812066E+00  1.00000001E+00  1.02812066E+00
    11  1.10000000E+00  1.03082953E+00  1.00000001E+00  1.03082953E+00
    12  1.20000000E+00  1.03361712E+00  1.00000001E+00  1.03361712E+00
    13  1.30000000E+00  1.03640621E+00  1.00000001E+00  1.03640621E+00
    14  1.40000000E+00  1.03918298E+00  1.00000001E+00  1.03918298E+00
    15  1.50000000E+00  1.04200732E+00  1.00000001E+00  1.04200732E+00
    16  1.60000000E+00  1.04485931E+00  1.00000001E+00  1.04485931E+00
    17  1.70000000E+00  1.04769459E+00  1.00000001E+00  1.04769459E+00
    18  1.80000000E+00  1.05050837E+00  1.00000001E+00  1.05050837E+00
    19  1.90000000E+00  1.05329614E+00  1.00000000E+00  1.05329614E+00
    20  2.00000000E+00  1.05620020E+00  1.00000000E+00  1.05620020E+00
    21  2.10000000E+00  1.05908056E+00  9.99999999E-01  1.05908056E+00
    22  2.20000000E+00  1.06193032E+00  9.99999994E-01  1.06193032E+00
    23  2.30000000E+00  1.06474554E+00  9.99999989E-01  1.06474554E+00
    24  2.40000000E+00  1.06752282E+00  9.99999983E-01  1.06752282E+00
    25  2.50000000E+00  1.07031899E+00  9.99999976E-01  1.07031899E+00
    26  2.60000000E+00  1.07316586E+00  9.99999967E-01  1.07316586E+00
    27  2.70000000E+00  1.07597058E+00  9.99999957E-01  1.07597058E+00
    28  2.80000000E+00  1.07873041E+00  9.99999946E-01  1.07873041E+00
    29  2.90000000E+00  1.08144317E+00  9.99999933E-01  1.08144317E+00
    30  3.00000000E+00  1.08410726E+00  9.99999918E-01  1.08410726E+00
    31  3.10000000E+00  1.08672160E+00  9.99999902E-01  1.08672160E+00
    32  3.20000000E+00  1.08928562E+00  9.99999884E-01  1.08928562E+00
    33  3.30000000E+00  1.09194943E+00  9.99999863E-01  1.09194943E+00
    34  3.40000000E+00  1.09462257E+00  9.99999840E-01  1.09462257E+00
    35  3.50000000E+00  1.09724370E+00  9.99999815E-01  1.09724370E+00
    36  3.60000000E+00  1.09981222E+00  9.99999787E-01  1.09981222E+00
    37  3.70000000E+00  1.10232799E+00  9.99999756E-01  1.10232799E+00
    38  3.80000000E+00  1.10479125E+00  9.99999723E-01  1.10479125E+00
    39  3.90000000E+00  1.10720262E+00  9.99999685E-01  1.10720262E+00
    40  4.00000000E+00  1.10956302E+00  9.99999645E-01  1.10956302E+00
    41  4.10000000E+00  1.11200617E+00  9.99999600E-01  1.11200617E+00
    42  4.20000000E+00  1.11445486E+00  9.99999552E-01  1.11445486E+00
    43  4.30000000E+00  1.11685015E+00  9.99999499E-01  1.11685015E+00
    44  4.40000000E+00  1.11919305E+00  9.99999442E-01  1.11919305E+00
    45  4.50000000E+00  1.12148480E+00  9.99999380E-01  1.12148480E+00
    46  4.60000000E+00  1.12372679E+00  9.99999312E-01  1.12372679E+00
    47  4.70000000E+00  1.12592042E+00  9.99999239E-01  1.12592042E+00
    48  4.80000000E+00  1.12806699E+00  9.99999160E-01  1.12806699E+00
    49  4.90000000E+00  1.13016754E+00  9.99999075E-01  1.13016754E+00
    50  5.00000000E+00  1.13222279E+00  9.99998984E-01  1.13222279E+00
    51  5.10000000E+00  1.13425691E+00  9.99998885E-01  1.13425691E+00
    52  5.20000000E+00  1.13644709E+00  9.99998779E-01  1.13644709E+00
    53  5.30000000E+00  1.13858867E+00  9.99998665E-01  1.13858867E+00
    54  5.40000000E+00  1.14068261E+00  9.99998542E-01  1.14068261E+00
    55  5.50000000E+00  1.14272962E+00  9.99998411E-01  1.14272962E+00
    56  5.60000000E+00  1.14473021E+00  9.99998270E-01  1.14473021E+00
    57  5.70000000E+00  1.14668461E+00  9.99998120E-01  1.14668461E+00
    58  5.80000000E+00  1.14859283E+00  9.99997959E-01  1.14859283E+00
    59  5.90000000E+00  1.15045465E+00  9.99997788E-01  1.15045465E+00
    60  6.00000000E+00  1.15226948E+00  9.99997604E-01  1.15226948E+00
    61  6.10000000E+00  1.15403621E+00  9.99997409E-01  1.15403621E+00
    62  6.20000000E+00  1.15575297E+00  9.99997201E-01  1.15575297E+00
    63  6.30000000E+00  1.15747778E+00  9.99996979E-01  1.15747778E+00
    64  6.40000000E+00  1.15932956E+00  9.99996743E-01  1.15932956E+00
    65  6.50000000E+00  1.16113692E+00  9.99996492E-01  1.16113692E+00
    66  6.60000000E+00  1.16289934E+00  9.99996225E-01  1.16289934E+00
    67  6.70000000E+00  1.16461508E+00  9.99995942E-01  1.16461508E+00
    68  6.80000000E+00  1.16628099E+00  9.99995641E-01  1.16628099E+00
    69  6.90000000E+00  1.16789258E+00  9.99995322E-01  1.16789258E+00
    70  7.00000000E+00  1.16944437E+00  9.99994984E-01  1.16944437E+00
    71  7.10000000E+00  1.17093053E+00  9.99994626E-01  1.17093053E+00
    72  7.20000000E+00  1.17234563E+00  9.99994247E-01  1.17234563E+00
    73  7.30000000E+00  1.17368520E+00  9.99993846E-01  1.17368520E+00
    74  7.40000000E+00  1.17514783E+00  9.99993421E-01  1.17514783E+00
    75  7.50000000E+00  1.17673093E+00  9.99992973E-01  1.17673093E+00
    76  7.60000000E+00  1.17825256E+00  9.99992500E-01  1.17825256E+00
    77  7.70000000E+00  1.17970874E+00  9.99992001E-01  1.17970874E+00
    78  7.80000000E+00  1.18109592E+00  9.99991474E-01  1.18109592E+00
    79  7.90000000E+00  1.18241126E+00  9.99990919E-01  1.18241126E+00
    80  8.00000000E+00  1.18365269E+00  9.99990333E-01  1.18365269E+00
    81  8.10000000E+00  1.18481901E+00  9.99989717E-01  1.18481901E+00
    82  8.20000000E+00  1.18590995E+00  9.99989068E-01  1.18590995E+00
    83  8.30000000E+00  1.18694600E+00  9.99988384E-01  1.18694600E+00
    84  8.40000000E+00  1.18832168E+00  9.99987666E-01  1.18832168E+00
    85  8.50000000E+00  1.18962481E+00  9.99986910E-01  1.18962481E+00
    86  8.60000000E+00  1.19085329E+00  9.99986115E-01  1.19085329E+00
    87  8.70000000E+00  1.19200601E+00  9.99985280E-01  1.19200601E+00
    88  8.80000000E+00  1.19308278E+00  9.99984403E-01  1.19308278E+00
    89  8.90000000E+00  1.19408441E+00  9.99983482E-01  1.19408441E+00
    90  9.00000000E+00  1.19501260E+00  9.99982516E-01  1.19501260E+00
    91  9.10000000E+00  1.19586983E+00  9.99981502E-01  1.19586983E+00
    92  9.20000000E+00  1.19665929E+00  9.99980438E-01  1.19665929E+00
    93  9.30000000E+00  1.19752273E+00  9.99979324E-01  1.19752273E+00
    94  9.40000000E+00  1.19859291E+00  9.99978157E-01  1.19859291E+00
    95  9.50000000E+00  1.19959112E+00  9.99976936E-01  1.19959112E+00
    96  9.60000000E+00  1.20051866E+00  9.99975658E-01  1.20051866E+00
    97  9.70000000E+00  1.20137756E+00  9.99974321E-01  1.20137756E+00
    98  9.80000000E+00  1.20217043E+00  9.99972925E-01  1.20217043E+00
    99  9.90000000E+00  1.20290039E+00  9.99971467E-01  1.20290039E+00
   100  1.00000000E+01  1.20357098E+00  9.99969945E-01  1.20357098E+00
   101  1.01000000E+01  1.20418597E+00  9.99968357E-01  1.20418597E+00
   102  1.02000000E+01  1.20504257E+00  9.99966702E-01  1.20504257E+00
   103  1.03000000E+01  1.20588873E+00  9.99964976E-01  1.20588873E+00
   104  1.04000000E+01  1.20666897E+00  9.99963178E-01  1.20666897E+00
   105  1.05000000E+01  1.20738664E+00  9.99961305E-01  1.20738664E+00
   106  1.06000000E+01  1.20804547E+00  9.99959355E-01  1.20804547E+00
   107  1.07000000E+01  1.20864944E+00  9.99957326E-01  1.20864944E+00
   108  1.08000000E+01  1.20920263E+00  9.99955216E-01  1.20920263E+00
   109  1.09000000E+01  1.20970916E+00  9.99953023E-01  1.20970916E+00
   110  1.10000000E+01  1.21044277E+00  9.99950744E-01  1.21044277E+00
   111  1.11000000E+01  1.21116475E+00  9.99948378E-01  1.21116475E+00
   112  1.12000000E+01  1.21182833E+00  9.99945923E-01  1.21182833E+00
   113  1.13000000E+01  1.21243707E+00  9.99943378E-01  1.21243707E+00
   114  1.14000000E+01  1.21299470E+00  9.99940740E-01  1.21299470E+00
   115  1.15000000E+01  1.21350501E+00  9.99938010E-01  1.21350501E+00
   116  1.16000000E+01  1.21397181E+00  9.99935185E-01  1.21397181E+00
   117  1.17000000E+01  1.21439881E+00  9.99932263E-01  1.21439881E+00
   118  1.18000000E+01  1.21483756E+00  9.99929244E-01  1.21483756E+00
   119  1.19000000E+01  1.21543668E+00  9.99926125E-01  1.21543668E+00
   120  1.20000000E+01  1.21598537E+00  9.99922906E-01  1.21598537E+00
   121  1.21000000E+01  1.21648754E+00  9.99919584E-01  1.21648754E+00
   122  1.22000000E+01  1.21694708E+00  9.99916160E-01  1.21694708E+00
   123  1.23000000E+01  1.21736773E+00  9.99912631E-01  1.21736773E+00
   124  1.24000000E+01  1.21775309E+00  9.99908997E-01  1.21775309E+00
   125  1.25000000E+01  1.21810652E+00  9.99905258E-01  1.21810652E+00
   126  1.26000000E+01  1.21843111E+00  9.99901414E-01  1.21843111E+00
   127  1.27000000E+01  1.21872970E+00  9.99897466E-01  1.21872970E+00
   128  1.28000000E+01  1.21916488E+00  9.99893415E-01  1.21916488E+00
   129  1.29000000E+01  1.21958823E+00  9.99889263E-01  1.21958823E+00
   130  1.30000000E+01  1.21997519E+00  9.99885013E-01  1.21997519E+00
   131  1.31000000E+01  1.22032911E+00  9.99880668E-01  1.22032911E+00
   132  1.32000000E+01  1.22065312E+00  9.99876232E-01  1.22065312E+00
   133  1.33000000E+01  1.22095015E+00  9.99871709E-01  1.22095015E+00
   134  1.34000000E+01  1.22122284E+00  9.99867105E-01  1.22122284E+00
   135  1.35000000E+01  1.22147363E+00  9.99862423E-01  1.22147363E+00
   136  1.36000000E+01  1.22170466E+00  9.99857670E-01  1.22170466E+00
   137  1.37000000E+01  1.22192133E+00  9.99852851E-01  1.22192133E+00
   138  1.38000000E+01  1.22224248E+00  9.99847973E-01  1.22224248E+00
   139  1.39000000E+01  1.22253737E+00  9.99843042E-01  1.22253737E+00
   140  1.40000000E+01  1.22280861E+00  9.99838065E-01  1.22280861E+00
   141  1.41000000E+01  1.22305854E+00  9.99833051E-01  1.22305854E+00
   142  1.42000000E+01  1.22328926E+00  9.99828009E-01  1.22328926E+00
   143  1.43000000E+01  1.22350259E+00  9.99822947E-01  1.22350259E+00
   144  1.44000000E+01  1.22370017E+00  9.99817876E-01  1.22370017E+00
   145  1.45000000E+01  1.22388338E+00  9.99812810E-01  1.22388338E+00
   146  1.46000000E+01  1.22413315E+00  9.99807760E-01  1.22413315E+00
   147  1.47000000E+01  1.22438091E+00  9.99802743E-01  1.22438091E+00
   148  1.48000000E+01  1.22460878E+00  9.99797775E-01  1.22460878E+00
   149  1.49000000E+01  1.22481875E+00  9.99792876E-01  1.22481875E+00
   150  1.50000000E+01  1.22501259E+00  9.99788066E-01  1.22501259E+00
   151  1.51000000E+01  1.22519182E+00  9.99783369E-01  1.22519182E+00
   152  1.52000000E+01  1.22535782E+00  9.99778810E-01  1.22535782E+00
   153  1.53000000E+01  1.22551174E+00  9.99774416E-01  1.22551174E+00
   154  1.54000000E+01  1.22565461E+00  9.99770218E-01  1.22565461E+00
   155  1.55000000E+01  1.22578732E+00  9.99766248E-01  1.22578732E+00
   156  1.56000000E+01  1.22593929E+00  9.99762542E-01  1.22593929E+00
   157  1.57000000E+01  1.22611965E+00  9.99759135E-01  1.22611965E+00
   158  1.58000000E+01  1.22628697E+00  9.99756069E-01  1.22628697E+00
   159  1.59000000E+01  1.22644237E+00  9.99753384E-01  1.22644237E+00
   160  1.60000000E+01  1.22658680E+00  9.99751128E-01  1.22658680E+00
   161  1.61000000E+01  1.22672109E+00  9.99749346E-01  1.22672109E+00
   162  1.62000000E+01  1.22684599E+00  9.99748090E-01  1.22684599E+00
   163  1.63000000E+01  1.22696212E+00  9.99747413E-01  1.22696212E+00
   164  1.64000000E+01  1.22707006E+00  9.99747371E-01  1.22707006E+00
   165  1.65000000E+01  1.22717034E+00  9.99748025E-01  1.22717034E+00
   166  1.66000000E+01  1.22729351E+00  9.99749438E-01  1.22729351E+00
   167  1.67000000E+01  1.22742426E+00  9.99751676E-01  1.22742426E+00
   168  1.68000000E+01  1.22754577E+00  9.99754812E-01  1.22754577E+00
   169  1.69000000E+01  1.22765875E+00  9.99758922E-01  1.22765875E+00
   170  1.70000000E+01  1.22776380E+00  9.99764085E-01  1.22776380E+00
   171  1.71000000E+01  1.22786145E+00  9.99770389E-01  1.22786145E+00
   172  1.72000000E+01  1.22795219E+00  9.99777926E-01  1.22795219E+00
   173  1.73000000E+01  1.22803644E+00  9.99786795E-01  1.22803644E+00
   174  1.74000000E+01  1.22811460E+00  9.99797102E-01  1.22811460E+00
   175  1.75000000E+01  1.22818704E+00  9.99808961E-01  1.22818704E+00
   176  1.76000000E+01  1.22825411E+00  9.99822494E-01  1.22825411E+00
   177  1.77000000E+01  1.22832250E+00  9.99837831E-01  1.22832250E+00
   178  1.78000000E+01  1.22841472E+00  9.99855113E-01  1.22841472E+00
   179  1.79000000E+01  1.22850033E+00  9.99874489E-01  1.22850033E+00
   180  1.80000000E+01  1.22857972E+00  9.99896117E-01  1.22857972E+00
   181  1.81000000E+01  1.22865326E+00  9.99920166E-01  1.22865326E+00
   182  1.82000000E+01  1.22872131E+00  9.99946813E-01  1.22872131E+00
   183  1.83000000E+01  1.22878419E+00  9.99976245E-01  1.22878419E+00
   184  1.84000000E+01  1.22884223E+00  1.00000866E+00  1.22884223E+00
   185  1.85000000E+01  1.22889574E+00  1.00004425E+00  1.22889574E+00
   186  1.86000000E+01  1.22894501E+00  1.00008325E+00  1.22894501E+00
   187  1.87000000E+01  1.22899801E+00  1.00012586E+00  1.22899801E+00
   188  1.88000000E+01  1.22906474E+00  1.00017232E+00  1.22906474E+00
   189  1.89000000E+01  1.22912652E+00  1.00022285E+00  1.22912652E+00
   190  1.90000000E+01  1.22918362E+00  1.00027772E+00  1.22918362E+00
   191  1.91000000E+01  1.22923635E+00  1.00033716E+00  1.22923635E+00
   192  1.92000000E+01  1.22928497E+00  1.00040144E+00  1.22928497E+00
   193  1.93000000E+01  1.22932975E+00  1.00047084E+00  1.22932975E+00
   194  1.94000000E+01  1.22937094E+00  1.00054565E+00  1.22937094E+00
   195  1.95000000E+01  1.22940878E+00  1.00062615E+00  1.22940878E+00
   196  1.96000000E+01  1.22944352E+00  1.00071268E+00  1.22944352E+00
   197  1.97000000E+01  1.22947537E+00  1.00080556E+00  1.22947537E+00
   198  1.98000000E+01  1.22950455E+00  1.00090515E+00  1.22950455E+00
   199  1.99000000E+01  1.22954915E+00  1.00101183E+00  1.22954915E+00
   200  2.00000000E+01  1.22959086E+00  1.00112600E+00  1.22959086E+00
   201  2.01000000E+01  1.22962917E+00  1.00124808E+00  1.22962917E+00
   202  2.02000000E+01  1.22966431E+00  1.00137853E+00  1.22966431E+00
   203  2.03000000E+01  1.22969652E+00  1.00151784E+00  1.22969652E+00
   204  2.04000000E+01  1.22972602E+00  1.00166652E+00  1.22972602E+00
   205  2.05000000E+01  1.22975302E+00  1.00182511E+00  1.22975302E+00
   206  2.06000000E+01  1.22977773E+00  1.00199419E+00  1.22977773E+00
   207  2.07000000E+01  1.22980032E+00  1.00217435E+00  1.22980032E+00
   208  2.08000000E+01  1.22982097E+00  1.00236624E+00  1.22982097E+00
   209  2.09000000E+01  1.22983986E+00  1.00257050E+00  1.22983986E+00
   210  2.10000000E+01  1.22986911E+00  1.00278783E+00  1.22986911E+00
   211  2.11000000E+01  1.22989588E+00  1.00301893E+00  1.22989588E+00
   212  2.12000000E+01  1.22992035E+00  1.00326455E+00  1.22992035E+00
   213  2.13000000E+01  1.22994272E+00  1.00352543E+00  1.22994272E+00
   214  2.14000000E+01  1.22996314E+00  1.00380236E+00  1.22996314E+00
   215  2.15000000E+01  1.22998177E+00  1.00409614E+00  1.22998177E+00
   216  2.16000000E+01  1.22999876E+00  1.00440757E+00  1.22999876E+00
   217  2.17000000E+01  1.23001425E+00  1.00473750E+00  1.23001425E+00
   218  2.18000000E+01  1.23002837E+00  1.00508678E+00  1.23002837E+00
   219  2.19000000E+01  1.23004122E+00  1.00545629E+00  1.23004122E+00
   220  2.20000000E+01  1.23005291E+00  1.00584691E+00  1.23005291E+00
   221  2.21000000E+01  1.23006355E+00  1.00625958E+00  1.23006355E+00
   222  2.22000000E+01  1.23007321E+00  1.00669521E+00  1.23007321E+00
   223  2.23000000E+01  1.23008888E+00  1.00715480E+00  1.23008888E+00
   224  2.24000000E+01  1.23010320E+00  1.00763931E+00  1.23010320E+00
   225  2.25000000E+01  1.23011624E+00  1.00814978E+00  1.23011624E+00
   226  2.26000000E+01  1.23012812E+00  1.00868726E+00  1.23012812E+00
   227  2.27000000E+01  1.23013892E+00  1.00925283E+00  1.23013892E+00
   228  2.28000000E+01  1.23014875E+00  1.00984760E+00  1.23014875E+00
   229  2.29000000E+01  1.23015769E+00  1.01047272E+00  1.23015769E+00
   230  2.30000000E+01  1.23016579E+00  1.01112938E+00  1.23016579E+00
   231  2.31000000E+01  1.23017315E+00  1.01181879E+00  1.23017315E+00
   232  2.32000000E+01  1.23017981E+00  1.01254218E+00  1.23017981E+00
   233  2.33000000E+01  1.23018583E+00  1.01330083E+00  1.23018583E+00
   234  2.34000000E+01  1.23019127E+00  1.01409603E+00  1.23019127E+00
   235  2.35000000E+01  1.23019617E+00  1.01492910E+00  1.23019617E+00
   236  2.36000000E+01  1.23020319E+00  1.01580137E+00  1.23020319E+00
   237  2.37000000E+01  1.23021037E+00  1.01671420E+00  1.23021037E+00
   238  2.38000000E+01  1.23021688E+00  1.01766895E+00  1.23021688E+00
   239  2.39000000E+01  1.23022276E+00  1.01866699E+00  1.23022276E+00
   240  2.40000000E+01  1.23022806E+00  1.01970968E+00  1.23022806E+00
   241  2.41000000E+01  1.23023284E+00  1.02079841E+00  1.23023284E+00
   242  2.42000000E+01  1.23023714E+00  1.02193452E+00  1.23023714E+00
   243  2.43000000E+01  1.23024099E+00  1.02311937E+00  1.23024099E+00
   244  2.44000000E+01  1.23024445E+00  1.02435430E+00  1.23024445E+00
   245  2.45000000E+01  1.23024754E+00  1.02564059E+00  1.23024754E+00
   246  2.46000000E+01  1.23025029E+00  1.02697953E+00  1.23025029E+00
   247  2.47000000E+01  1.23025274E+00  1.02837233E+00  1.23025274E+00
   248  2.48000000E+01  1.23025491E+00  1.02982019E+00  1.23025491E+00
   249  2.49000000E+01  1.23025682E+00  1.03132420E+00  1.23025682E+00
   250  2.50000000E+01  1.23025851E+00  1.03288542E+00  1.23025851E+00
   251  2.51000000E+01  1.23025998E+00  1.03450480E+00  1.23025998E+00
   252  2.52000000E+01  1.23026127E+00  1.03618319E+00  1.23026127E+00
   253  2.53000000E+01  1.23026239E+00  1.03792135E+00  1.23026239E+00
   254  2.54000000E+01  1.23026336E+00  1.03971991E+00  1.23026336E+00
   255  2.55000000E+01  1.23026466E+00  1.04157935E+00  1.23026466E+00
   256  2.56000000E+01  1.23026640E+00  1.04350001E+00  1.23026640E+00
   257  2.57000000E+01  1.23026793E+00  1.04548209E+00  1.23026793E+00
   258  2.58000000E+01  1.23026927E+00  1.04752559E+00  1.23026927E+00
   259  2.59000000E+01  1.23027044E+00  1.04963037E+00  1.23027044E+00
   260  2.60000000E+01  1.23027144E+00  1.05179608E+00  1.23027144E+00
   261  2.61000000E+01  1.23027231E+00  1.05402221E+00  1.23027231E+00
   262  2.62000000E+01  1.23027305E+00  1.05630804E+00  1.23027305E+00
   263  2.63000000E+01  1.23027368E+00  1.05865268E+00  1.23027368E+00
   264  2.64000000E+01  1.23027421E+00  1.06105505E+00  1.23027421E+00
   265  2.65000000E+01  1.23027465E+00  1.06351389E+00  1.23027465E+00
   266  2.66000000E+01  1.23027501E+00  1.06602776E+00  1.23027501E+00
   267  2.67000000E+01  1.23027530E+00  1.06859504E+00  1.23027530E+00
   268  2.68000000E+01  1.23027553E+00  1.07121395E+00  1.23027553E+00
   269  2.69000000E+01  1.23027570E+00  1.07388253E+00  1.23027570E+00
   270  2.70000000E+01  1.23027583E+00  1.07659867E+00  1.23027583E+00
   271  2.71000000E+01  1.23027591E+00  1.07936010E+00  1.23027591E+00
   272  2.72000000E+01  1.23027596E+00  1.08216438E+00  1.23027596E+00
   273  2.73000000E+01  1.23027597E+00  1.08500894E+00  1.23027597E+00
   274  2.74000000E+01  1.23027596E+00  1.08789102E+00  1.23027596E+00
   275  2.75000000E+01  1.23027592E+00  1.09080773E+00  1.23027592E+00
   276  2.76000000E+01  1.23027586E+00  1.09375601E+00  1.23027586E+00
   277  2.77000000E+01  1.23027579E+00  1.09673265E+00  1.23027579E+00
   278  2.78000000E+01  1.23027570E+00  1.09973428E+00  1.23027570E+00
   279  2.79000000E+01  1.23027560E+00  1.10275739E+00  1.23027560E+00
   280  2.80000000E+01  1.23027549E+00  1.10579832E+00  1.23027549E+00
   281  2.81000000E+01  1.23027537E+00  1.10885328E+00  1.23027537E+00
   282  2.82000000E+01  1.23027524E+00  1.11191836E+00  1.23027524E+00
   283  2.83000000E+01  1.23027511E+00  1.11498954E+00  1.23027511E+00
   284  2.84000000E+01  1.23027498E+00  1.11806273E+00  1.23027498E+00
   285  2.85000000E+01  1.23027485E+00  1.12113378E+00  1.23027485E+00
   286  2.86000000E+01  1.23027471E+00  1.12419852E+00  1.23027471E+00
   287  2.87000000E+01  1.23027457E+00  1.12725279E+00  1.23027457E+00
   288  2.88000000E+01  1.23027444E+00  1.13029248E+00  1.23027444E+00
   289  2.89000000E+01  1.23027430E+00  1.13331357E+00  1.23027430E+00
   290  2.90000000E+01  1.23027417E+00  1.13631216E+00  1.23027417E+00
   291  2.91000000E+01  1.23027404E+00  1.13928454E+00  1.23027404E+00
   292  2.92000000E+01  1.23027391E+00  1.14222717E+00  1.23027391E+00
   293  2.93000000E+01  1.23027379E+00  1.14513679E+00  1.23027379E+00
   294  2.94000000E+01  1.23027366E+00  1.14801039E+00  1.23027366E+00
   295  2.95000000E+01  1.23027355E+00  1.15084526E+00  1.23027355E+00
   296  2.96000000E+01  1.23027343E+00  1.15363900E+00  1.23027343E+00
   297  2.97000000E+01  1.23027332E+00  1.15638955E+00  1.23027332E+00
   298  2.98000000E+01  1.23027321E+00  1.15909517E+00  1.23027321E+00
   299  2.99000000E+01  1.23027311E+00  1.16175444E+00  1.23027311E+00
   300  3.00000000E+01  1.23027301E+00  1.16436624E+00  1.23027301E+00
   301  3.01000000E+01  1.23027292E+00  1.16692975E+00  1.23027292E+00
   302  3.02000000E+01  1.23027283E+00  1.16944440E+00  1.23027283E+00
   303  3.03000000E+01  1.23027274E+00  1.17190982E+00  1.23027274E+00
   304  3.04000000E+01  1.23027266E+00  1.17432586E+00  1.23027266E+00
   305  3.05000000E+01  1.23027258E+00  1.17669245E+00  1.23027258E+00
   306  3.06000000E+01  1.23027250E+00  1.17900965E+00  1.23027250E+00
   307  3.07000000E+01  1.23027243E+00  1.18127754E+00  1.23027243E+00
   308  3.08000000E+01  1.23027236E+00  1.18349620E+00  1.23027236E+00
   309  3.09000000E+01  1.23027229E+00  1.18566567E+00  1.23027229E+00
   310  3.10000000E+01  1.23027223E+00  1.18778589E+00  1.23027223E+00
   311  3.11000000E+01  1.23027217E+00  1.18985670E+00  1.23027217E+00
   312  3.12000000E+01  1.23027212E+00  1.19187780E+00  1.23027212E+00
   313  3.13000000E+01  1.23027206E+00  1.19384873E+00  1.23027206E+00
   314  3.14000000E+01  1.23027201E+00  1.19576888E+00  1.23027201E+00
   315  3.15000000E+01  1.23027196E+00  1.19763747E+00  1.23027196E+00
   316  3.16000000E+01  1.23027192E+00  1.19945357E+00  1.23027192E+00
   317  3.17000000E+01  1.23027188E+00  1.20121613E+00  1.23027188E+00
   318  3.18000000E+01  1.23027184E+00  1.20292400E+00  1.23027184E+00
   319  3.19000000E+01  1.23027180E+00  1.20457593E+00  1.23027180E+00
   320  3.20000000E+01  1.23027176E+00  1.20617067E+00  1.23027176E+00
   321  3.21000000E+01  1.23027173E+00  1.20770694E+00  1.23027173E+00
   322  3.22000000E+01  1.23027170E+00  1.20918354E+00  1.23027170E+00
   323  3.23000000E+01  1.23027167E+00  1.21059935E+00  1.23027167E+00
   324  3.24000000E+01  1.23027164E+00  1.21195338E+00  1.23027164E+00
   325  3.25000000E+01  1.23027161E+00  1.21324483E+00  1.23027161E+00
   326  3.26000000E+01  1.23027159E+00  1.21447311E+00  1.23027159E+00
   327  3.27000000E+01  1.23027157E+00  1.21563788E+00  1.23027157E+00
   328  3.28000000E+01  1.23027154E+00  1.21673906E+00  1.23027154E+00
   329  3.29000000E+01  1.23027152E+00  1.21777688E+00  1.23027152E+00
   330  3.30000000E+01  1.23027150E+00  1.21875186E+00  1.23027150E+00
   331  3.31000000E+01  1.23027149E+00  1.21966484E+00  1.23027149E+00
   332  3.32000000E+01  1.23027147E+00  1.22051698E+00  1.23027147E+00
   333  3.33000000E+01  1.23027145E+00  1.22130973E+00  1.23027145E+00
   334  3.34000000E+01  1.23027144E+00  1.22204482E+00  1.23027144E+00
   335  3.35000000E+01  1.23027142E+00  1.22272426E+00  1.23027142E+00
   336  3.36000000E+01  1.23027141E+00  1.22335028E+00  1.23027141E+00
   337  3.37000000E+01  1.23027140E+00  1.22392532E+00  1.23027140E+00
   338  3.38000000E+01  1.23027139E+00  1.22445201E+00  1.23027139E+00
   339  3.39000000E+01  1.23027138E+00  1.22493307E+00  1.23027138E+00
   340  3.40000000E+01  1.23027137E+00  1.22537137E+00  1.23027137E+00
   341  3.41000000E+01  1.23027136E+00  1.22576979E+00  1.23027136E+00
   342  3.42000000E+01  1.23027135E+00  1.22613126E+00  1.23027135E+00
   343  3.43000000E+01  1.23027134E+00  1.22645869E+00  1.23027134E+00
   344  3.44000000E+01  1.23027134E+00  1.22675492E+00  1.23027134E+00
   345  3.45000000E+01  1.23027133E+00  1.22702274E+00  1.23027133E+00
   346  3.46000000E+01  1.23027132E+00  1.22726481E+00  1.23027132E+00
   347  3.47000000E+01  1.23027132E+00  1.22748367E+00  1.23027132E+00
   348  3.48000000E+01  1.23027131E+00  1.22768172E+00  1.23027131E+00
   349  3.49000000E+01  1.23027130E+00  1.22786118E+00  1.23027130E+00
   350  3.50000000E+01  1.23027130E+00  1.22802412E+00  1.23027130E+00
   351  3.51000000E+01  1.23027130E+00  1.22817241E+00  1.23027130E+00
   352  3.52000000E+01  1.23027129E+00  1.22830775E+00  1.23027129E+00
   353  3.53000000E+01  1.23027129E+00  1.22843166E+00  1.23027129E+00
   354  3.54000000E+01  1.23027128E+00  1.22854551E+00  1.23027128E+00
   355  3.55000000E+01  1.23027128E+00  1.22865046E+00  1.23027128E+00
   356  3.56000000E+01  1.23027128E+00  1.22874756E+00  1.23027128E+00
   357  3.57000000E+01  1.23027127E+00  1.22883767E+00  1.23027127E+00
   358  3.58000000E+01  1.23027127E+00  1.22892157E+00  1.23027127E+00
   359  3.59000000E+01  1.23027127E+00  1.22899987E+00  1.23027127E+00
   360  3.60000000E+01  1.23027127E+00  1.22907311E+00  1.23027127E+00
   361  3.61000000E+01  1.23027126E+00  1.22914172E+00  1.23027126E+00
   362  3.62000000E+01  1.23027126E+00  1.22920608E+00  1.23027126E+00
   363  3.63000000E+01  1.23027126E+00  1.22926647E+00  1.23027126E+00
   364  3.64000000E+01  1.23027126E+00  1.22932313E+00  1.23027126E+00
   365  3.65000000E+01  1.23027126E+00  1.22937628E+00  1.23027126E+00
   366  3.66000000E+01  1.23027126E+00  1.22942608E+00  1.23027126E+00
   367  3.67000000E+01  1.23027125E+00  1.22947268E+00  1.23027125E+00
   368  3.68000000E+01  1.23027125E+00  1.22951620E+00  1.23027125E+00
   369  3.69000000E+01  1.23027125E+00  1.22955678E+00  1.23027125E+00
   370  3.70000000E+01  1.23027125E+00  1.22959451E+00  1.23027125E+00
   371  3.71000000E+01  1.23027125E+00  1.22962951E+00  1.23027125E+00
   372  3.72000000E+01  1.23027125E+00  1.22966190E+00  1.23027125E+00
   373  3.73000000E+01  1.23027125E+00  1.22969179E+00  1.23027125E+00
   374  3.74000000E+01  1.23027125E+00  1.22971929E+00  1.23027125E+00
   375  3.75000000E+01  1.23027125E+00  1.22974452E+00  1.23027125E+00
   376  3.76000000E+01  1.23027125E+00  1.22976761E+00  1.23027125E+00
   377  3.77000000E+01  1.23027125E+00  1.22978869E+00  1.23027125E+00
   378  3.78000000E+01  1.23027124E+00  1.22980787E+00  1.23027124E+00
   379  3.79000000E+01  1.23027124E+00  1.22982528E+00  1.23027124E+00
   380  3.80000000E+01  1.23027124E+00  1.22984106E+00  1.23027124E+00
   381  3.81000000E+01  1.23027124E+00  1.22985532E+00  1.23027124E+00
   382  3.82000000E+01  1.23027124E+00  1.22986819E+00  1.23027124E+00
   383  3.83000000E+01  1.23027124E+00  1.22987977E+00  1.23027124E+00
   384  3.84000000E+01  1.23027124E+00  1.22989020E+00  1.23027124E+00
   385  3.85000000E+01  1.23027124E+00  1.22989956E+00  1.23027124E+00
   386  3.86000000E+01  1.23027124E+00  1.22990795E+00  1.23027124E+00
   387  3.87000000E+01  1.23027124E+00  1.22991548E+00  1.23027124E+00
   388  3.88000000E+01  1.23027124E+00  1.22992223E+00  1.23027124E+00
   389  3.89000000E+01  1.23027124E+00  1.22992827E+00  1.23027124E+00
   390  3.90000000E+01  1.23027124E+00  1.22993368E+00  1.23027124E+00
   391  3.91000000E+01  1.23027124E+00  1.22993852E+00  1.23027124E+00
   392  3.92000000E+01  1.23027124E+00  1.22994285E+00  1.23027124E+00
   393  3.93000000E+01  1.23027124E+00  1.22994673E+00  1.23027124E+00
   394  3.94000000E+01  1.23027124E+00  1.22995020E+00  1.23027124E+00
 steady-height stop at step    394: changes <=   1.0000E-05, max-end <=   5.0000E-03, max/end/gap/profile_change =   1.23027124E+00  1.22995020E+00  3.21041967E-04  3.46588762E-06
