 comppar: model =   3
 comppar: lambda,mobility/eps,betav,eta_0 =  1.1000E+01  8.0000E-02  9.0000E-01  1.0000E+00
 comppar: eta_s,eta_p,G =  9.0000E-01  1.0000E-01  9.0909E-03
 comppar: U_avg,deltat,flowrate,nsteps =  1.0000E-01  4.0000E-01  3.1416E-01    1000
 comppar: geometry = axisymmetric
 comppar: steady stop change,gap,hold,min =  1.0000E-05  2.0000E-04      10      80
 comppar: steady stop rounded decimals =       4
 comppar: ncompc,ncompg =     4     5
 mesh nnodes = 22999
 mesh nelem = 11296
 P1 BC   5.0000000000000000     
 P2 BC   0.0000000000000000     
     1  4.00000000E-01  1.00503996E+00  1.00000000E+00  1.00503996E+00
     2  8.00000000E-01  1.00992396E+00  1.00000000E+00  1.00992396E+00
     3  1.20000000E+00  1.01465741E+00  1.00000000E+00  1.01465741E+00
     4  1.60000000E+00  1.01925358E+00  1.00000000E+00  1.01925358E+00
     5  2.00000000E+00  1.02371640E+00  1.00000000E+00  1.02371640E+00
     6  2.40000000E+00  1.02805180E+00  1.00000000E+00  1.02805180E+00
     7  2.80000000E+00  1.03226447E+00  1.00000000E+00  1.03226447E+00
     8  3.20000000E+00  1.03635729E+00  1.00000000E+00  1.03635729E+00
     9  3.60000000E+00  1.04034431E+00  1.00000000E+00  1.04034431E+00
    10  4.00000000E+00  1.04421708E+00  1.00000000E+00  1.04421708E+00
    11  4.40000000E+00  1.04798482E+00  9.99999996E-01  1.04798482E+00
    12  4.80000000E+00  1.05165062E+00  9.99999990E-01  1.05165062E+00
    13  5.20000000E+00  1.05521861E+00  9.99999982E-01  1.05521861E+00
    14  5.60000000E+00  1.05867934E+00  9.99999972E-01  1.05867934E+00
    15  6.00000000E+00  1.06206181E+00  9.99999958E-01  1.06206181E+00
    16  6.40000000E+00  1.06534745E+00  9.99999940E-01  1.06534745E+00
    17  6.80000000E+00  1.06853858E+00  9.99999918E-01  1.06853858E+00
    18  7.20000000E+00  1.07163819E+00  9.99999890E-01  1.07163819E+00
    19  7.60000000E+00  1.07464903E+00  9.99999857E-01  1.07464903E+00
    20  8.00000000E+00  1.07759001E+00  9.99999817E-01  1.07759001E+00
    21  8.40000000E+00  1.08044383E+00  9.99999770E-01  1.08044383E+00
    22  8.80000000E+00  1.08321742E+00  9.99999714E-01  1.08321742E+00
    23  9.20000000E+00  1.08590730E+00  9.99999648E-01  1.08590730E+00
    24  9.60000000E+00  1.08852043E+00  9.99999571E-01  1.08852043E+00
    25  1.00000000E+01  1.09105118E+00  9.99999482E-01  1.09105118E+00
    26  1.04000000E+01  1.09350853E+00  9.99999380E-01  1.09350853E+00
    27  1.08000000E+01  1.09590713E+00  9.99999263E-01  1.09590713E+00
    28  1.12000000E+01  1.09823473E+00  9.99999129E-01  1.09823473E+00
    29  1.16000000E+01  1.10048800E+00  9.99998976E-01  1.10048800E+00
    30  1.20000000E+01  1.10266652E+00  9.99998804E-01  1.10266652E+00
    31  1.24000000E+01  1.10477082E+00  9.99998608E-01  1.10477082E+00
    32  1.28000000E+01  1.10679945E+00  9.99998389E-01  1.10679945E+00
    33  1.32000000E+01  1.10879302E+00  9.99998142E-01  1.10879302E+00
    34  1.36000000E+01  1.11072462E+00  9.99997866E-01  1.11072462E+00
    35  1.40000000E+01  1.11258580E+00  9.99997557E-01  1.11258580E+00
    36  1.44000000E+01  1.11437851E+00  9.99997213E-01  1.11437851E+00
    37  1.48000000E+01  1.11610520E+00  9.99996831E-01  1.11610520E+00
    38  1.52000000E+01  1.11780508E+00  9.99996408E-01  1.11780508E+00
    39  1.56000000E+01  1.11944852E+00  9.99995939E-01  1.11944852E+00
    40  1.60000000E+01  1.12102999E+00  9.99995421E-01  1.12102999E+00
    41  1.64000000E+01  1.12254928E+00  9.99994850E-01  1.12254928E+00
    42  1.68000000E+01  1.12403358E+00  9.99994222E-01  1.12403358E+00
    43  1.72000000E+01  1.12548348E+00  9.99993532E-01  1.12548348E+00
    44  1.76000000E+01  1.12687655E+00  9.99992776E-01  1.12687655E+00
    45  1.80000000E+01  1.12821527E+00  9.99991948E-01  1.12821527E+00
    46  1.84000000E+01  1.12954302E+00  9.99991044E-01  1.12954302E+00
    47  1.88000000E+01  1.13081940E+00  9.99990057E-01  1.13081940E+00
    48  1.92000000E+01  1.13205069E+00  9.99988983E-01  1.13205069E+00
    49  1.96000000E+01  1.13327589E+00  9.99987814E-01  1.13327589E+00
    50  2.00000000E+01  1.13445023E+00  9.99986546E-01  1.13445023E+00
    51  2.04000000E+01  1.13562066E+00  9.99985170E-01  1.13562066E+00
    52  2.08000000E+01  1.13675603E+00  9.99983682E-01  1.13675603E+00
    53  2.12000000E+01  1.13788969E+00  9.99982074E-01  1.13788969E+00
    54  2.16000000E+01  1.13901209E+00  9.99980338E-01  1.13901209E+00
    55  2.20000000E+01  1.14012792E+00  9.99978468E-01  1.14012792E+00
    56  2.24000000E+01  1.14124144E+00  9.99976457E-01  1.14124144E+00
    57  2.28000000E+01  1.14235169E+00  9.99974297E-01  1.14235169E+00
    58  2.32000000E+01  1.14346106E+00  9.99971982E-01  1.14346106E+00
    59  2.36000000E+01  1.14456748E+00  9.99969503E-01  1.14456748E+00
    60  2.40000000E+01  1.14565708E+00  9.99966854E-01  1.14565708E+00
    61  2.44000000E+01  1.14672701E+00  9.99964028E-01  1.14672701E+00
    62  2.48000000E+01  1.14779318E+00  9.99961018E-01  1.14779318E+00
    63  2.52000000E+01  1.14882627E+00  9.99957819E-01  1.14882627E+00
    64  2.56000000E+01  1.14985331E+00  9.99954425E-01  1.14985331E+00
    65  2.60000000E+01  1.15084706E+00  9.99950831E-01  1.15084706E+00
    66  2.64000000E+01  1.15182789E+00  9.99947034E-01  1.15182789E+00
    67  2.68000000E+01  1.15277766E+00  9.99943031E-01  1.15277766E+00
    68  2.72000000E+01  1.15371404E+00  9.99938819E-01  1.15371404E+00
    69  2.76000000E+01  1.15461736E+00  9.99934401E-01  1.15461736E+00
    70  2.80000000E+01  1.15550963E+00  9.99929776E-01  1.15550963E+00
    71  2.84000000E+01  1.15636628E+00  9.99924949E-01  1.15636628E+00
    72  2.88000000E+01  1.15721532E+00  9.99919927E-01  1.15721532E+00
    73  2.92000000E+01  1.15802649E+00  9.99914719E-01  1.15802649E+00
    74  2.96000000E+01  1.15883382E+00  9.99909337E-01  1.15883382E+00
    75  3.00000000E+01  1.15960570E+00  9.99903797E-01  1.15960570E+00
    76  3.04000000E+01  1.16036814E+00  9.99898120E-01  1.16036814E+00
    77  3.08000000E+01  1.16110065E+00  9.99892330E-01  1.16110065E+00
    78  3.12000000E+01  1.16181963E+00  9.99886458E-01  1.16181963E+00
    79  3.16000000E+01  1.16251338E+00  9.99880540E-01  1.16251338E+00
    80  3.20000000E+01  1.16319021E+00  9.99874620E-01  1.16319021E+00
    81  3.24000000E+01  1.16384818E+00  9.99868748E-01  1.16384818E+00
    82  3.28000000E+01  1.16448400E+00  9.99862983E-01  1.16448400E+00
    83  3.32000000E+01  1.16510804E+00  9.99857393E-01  1.16510804E+00
    84  3.36000000E+01  1.16570398E+00  9.99852059E-01  1.16570398E+00
    85  3.40000000E+01  1.16629394E+00  9.99847071E-01  1.16629394E+00
    86  3.44000000E+01  1.16685538E+00  9.99842532E-01  1.16685538E+00
    87  3.48000000E+01  1.16740884E+00  9.99838561E-01  1.16740884E+00
    88  3.52000000E+01  1.16793919E+00  9.99835291E-01  1.16793919E+00
    89  3.56000000E+01  1.16845513E+00  9.99832874E-01  1.16845513E+00
    90  3.60000000E+01  1.16895556E+00  9.99831481E-01  1.16895556E+00
    91  3.64000000E+01  1.16943526E+00  9.99831302E-01  1.16943526E+00
    92  3.68000000E+01  1.16990734E+00  9.99832553E-01  1.16990734E+00
    93  3.72000000E+01  1.17035604E+00  9.99835473E-01  1.17035604E+00
    94  3.76000000E+01  1.17079734E+00  9.99840331E-01  1.17079734E+00
    95  3.80000000E+01  1.17122002E+00  9.99847424E-01  1.17122002E+00
    96  3.84000000E+01  1.17162798E+00  9.99857083E-01  1.17162798E+00
    97  3.88000000E+01  1.17202587E+00  9.99869676E-01  1.17202587E+00
    98  3.92000000E+01  1.17240340E+00  9.99885608E-01  1.17240340E+00
    99  3.96000000E+01  1.17277620E+00  9.99905328E-01  1.17277620E+00
   100  4.00000000E+01  1.17313088E+00  9.99929331E-01  1.17313088E+00
   101  4.04000000E+01  1.17347353E+00  9.99958162E-01  1.17347353E+00
   102  4.08000000E+01  1.17380677E+00  9.99992419E-01  1.17380677E+00
   103  4.12000000E+01  1.17412276E+00  1.00003276E+00  1.17412276E+00
   104  4.16000000E+01  1.17443381E+00  1.00007990E+00  1.17443381E+00
   105  4.20000000E+01  1.17473026E+00  1.00013464E+00  1.17473026E+00
   106  4.24000000E+01  1.17501450E+00  1.00019782E+00  1.17501450E+00
   107  4.28000000E+01  1.17529234E+00  1.00027040E+00  1.17529234E+00
   108  4.32000000E+01  1.17555530E+00  1.00035338E+00  1.17555530E+00
   109  4.36000000E+01  1.17581162E+00  1.00044789E+00  1.17581162E+00
   110  4.40000000E+01  1.17605776E+00  1.00055513E+00  1.17605776E+00
   111  4.44000000E+01  1.17629087E+00  1.00067642E+00  1.17629087E+00
   112  4.48000000E+01  1.17652115E+00  1.00081316E+00  1.17652115E+00
   113  4.52000000E+01  1.17673930E+00  1.00096689E+00  1.17673930E+00
   114  4.56000000E+01  1.17694779E+00  1.00113928E+00  1.17694779E+00
   115  4.60000000E+01  1.17715159E+00  1.00133209E+00  1.17715159E+00
   116  4.64000000E+01  1.17734405E+00  1.00154726E+00  1.17734405E+00
   117  4.68000000E+01  1.17752996E+00  1.00178684E+00  1.17752996E+00
   118  4.72000000E+01  1.17770975E+00  1.00205304E+00  1.17770975E+00
   119  4.76000000E+01  1.17787953E+00  1.00234824E+00  1.17787953E+00
   120  4.80000000E+01  1.17804453E+00  1.00267497E+00  1.17804453E+00
   121  4.84000000E+01  1.17820281E+00  1.00303591E+00  1.17820281E+00
   122  4.88000000E+01  1.17835219E+00  1.00343394E+00  1.17835219E+00
   123  4.92000000E+01  1.17849788E+00  1.00387211E+00  1.17849788E+00
   124  4.96000000E+01  1.17863706E+00  1.00435365E+00  1.17863706E+00
   125  5.00000000E+01  1.17876829E+00  1.00488195E+00  1.17876829E+00
   126  5.04000000E+01  1.17889619E+00  1.00546063E+00  1.17889619E+00
   127  5.08000000E+01  1.17901829E+00  1.00609344E+00  1.17901829E+00
   128  5.12000000E+01  1.17913351E+00  1.00678435E+00  1.17913351E+00
   129  5.16000000E+01  1.17924508E+00  1.00753747E+00  1.17924508E+00
   130  5.20000000E+01  1.17935213E+00  1.00835709E+00  1.17935213E+00
   131  5.24000000E+01  1.17945294E+00  1.00924765E+00  1.17945294E+00
   132  5.28000000E+01  1.17954955E+00  1.01021372E+00  1.17954955E+00
   133  5.32000000E+01  1.17964311E+00  1.01125999E+00  1.17964311E+00
   134  5.36000000E+01  1.17973121E+00  1.01239125E+00  1.17973121E+00
   135  5.40000000E+01  1.17981420E+00  1.01361233E+00  1.17981420E+00
   136  5.44000000E+01  1.17989582E+00  1.01492811E+00  1.17989582E+00
   137  5.48000000E+01  1.17997266E+00  1.01634345E+00  1.17997266E+00
   138  5.52000000E+01  1.18004512E+00  1.01786315E+00  1.18004512E+00
   139  5.56000000E+01  1.18011447E+00  1.01949189E+00  1.18011447E+00
   140  5.60000000E+01  1.18018140E+00  1.02123420E+00  1.18018140E+00
   141  5.64000000E+01  1.18024445E+00  1.02309435E+00  1.18024445E+00
   142  5.68000000E+01  1.18030384E+00  1.02507632E+00  1.18030384E+00
   143  5.72000000E+01  1.18036099E+00  1.02718369E+00  1.18036099E+00
   144  5.76000000E+01  1.18041583E+00  1.02941959E+00  1.18041583E+00
   145  5.80000000E+01  1.18046732E+00  1.03178656E+00  1.18046732E+00
   146  5.84000000E+01  1.18051583E+00  1.03428651E+00  1.18051583E+00
   147  5.88000000E+01  1.18056210E+00  1.03692060E+00  1.18056210E+00
   148  5.92000000E+01  1.18060676E+00  1.03968915E+00  1.18060676E+00
   149  5.96000000E+01  1.18064881E+00  1.04259154E+00  1.18064881E+00
   150  6.00000000E+01  1.18068833E+00  1.04562613E+00  1.18068833E+00
   151  6.04000000E+01  1.18072554E+00  1.04879013E+00  1.18072554E+00
   152  6.08000000E+01  1.18076127E+00  1.05207961E+00  1.18076127E+00
   153  6.12000000E+01  1.18079539E+00  1.05548932E+00  1.18079539E+00
   154  6.16000000E+01  1.18082755E+00  1.05901272E+00  1.18082755E+00
   155  6.20000000E+01  1.18085780E+00  1.06264190E+00  1.18085780E+00
   156  6.24000000E+01  1.18088632E+00  1.06636757E+00  1.18088632E+00
   157  6.28000000E+01  1.18091313E+00  1.07017906E+00  1.18091313E+00
   158  6.32000000E+01  1.18093891E+00  1.07406434E+00  1.18093891E+00
   159  6.36000000E+01  1.18096348E+00  1.07801009E+00  1.18096348E+00
   160  6.40000000E+01  1.18098659E+00  1.08200175E+00  1.18098659E+00
   161  6.44000000E+01  1.18100839E+00  1.08602366E+00  1.18100839E+00
   162  6.48000000E+01  1.18102889E+00  1.09005918E+00  1.18102889E+00
   163  6.52000000E+01  1.18104825E+00  1.09409088E+00  1.18104825E+00
   164  6.56000000E+01  1.18106648E+00  1.09810073E+00  1.18106648E+00
   165  6.60000000E+01  1.18108374E+00  1.10207035E+00  1.18108374E+00
   166  6.64000000E+01  1.18109997E+00  1.10598126E+00  1.18109997E+00
   167  6.68000000E+01  1.18111536E+00  1.10981518E+00  1.18111536E+00
   168  6.72000000E+01  1.18113011E+00  1.11355432E+00  1.18113011E+00
   169  6.76000000E+01  1.18114405E+00  1.11718176E+00  1.18114405E+00
   170  6.80000000E+01  1.18115724E+00  1.12068175E+00  1.18115724E+00
   171  6.84000000E+01  1.18116964E+00  1.12404004E+00  1.18116964E+00
   172  6.88000000E+01  1.18118139E+00  1.12724429E+00  1.18118139E+00
   173  6.92000000E+01  1.18119249E+00  1.13028433E+00  1.18119249E+00
   174  6.96000000E+01  1.18120302E+00  1.13315251E+00  1.18120302E+00
   175  7.00000000E+01  1.18121295E+00  1.13584391E+00  1.18121295E+00
   176  7.04000000E+01  1.18122239E+00  1.13835659E+00  1.18122239E+00
   177  7.08000000E+01  1.18123129E+00  1.14069168E+00  1.18123129E+00
   178  7.12000000E+01  1.18123977E+00  1.14285344E+00  1.18123977E+00
   179  7.16000000E+01  1.18124780E+00  1.14484920E+00  1.18124780E+00
   180  7.20000000E+01  1.18125544E+00  1.14668916E+00  1.18125544E+00
   181  7.24000000E+01  1.18126266E+00  1.14838614E+00  1.18126266E+00
   182  7.28000000E+01  1.18126956E+00  1.14995509E+00  1.18126956E+00
   183  7.32000000E+01  1.18127628E+00  1.15141263E+00  1.18127628E+00
   184  7.36000000E+01  1.18128265E+00  1.15277634E+00  1.18128265E+00
   185  7.40000000E+01  1.18128875E+00  1.15406409E+00  1.18128875E+00
   186  7.44000000E+01  1.18129455E+00  1.15529325E+00  1.18129455E+00
   187  7.48000000E+01  1.18130011E+00  1.15647995E+00  1.18130011E+00
   188  7.52000000E+01  1.18130537E+00  1.15763835E+00  1.18130537E+00
   189  7.56000000E+01  1.18131044E+00  1.15878002E+00  1.18131044E+00
   190  7.60000000E+01  1.18131524E+00  1.15991347E+00  1.18131524E+00
   191  7.64000000E+01  1.18131986E+00  1.16104390E+00  1.18131986E+00
   192  7.68000000E+01  1.18132421E+00  1.16217308E+00  1.18132421E+00
   193  7.72000000E+01  1.18132840E+00  1.16329955E+00  1.18132840E+00
   194  7.76000000E+01  1.18133237E+00  1.16441900E+00  1.18133237E+00
   195  7.80000000E+01  1.18133641E+00  1.16552489E+00  1.18133641E+00
   196  7.84000000E+01  1.18134031E+00  1.16660916E+00  1.18134031E+00
   197  7.88000000E+01  1.18134400E+00  1.16766306E+00  1.18134400E+00
   198  7.92000000E+01  1.18134755E+00  1.16867800E+00  1.18134755E+00
   199  7.96000000E+01  1.18135090E+00  1.16964634E+00  1.18135090E+00
   200  8.00000000E+01  1.18135414E+00  1.17056199E+00  1.18135414E+00
   201  8.04000000E+01  1.18135718E+00  1.17142087E+00  1.18135718E+00
   202  8.08000000E+01  1.18136010E+00  1.17222113E+00  1.18136010E+00
   203  8.12000000E+01  1.18136291E+00  1.17296308E+00  1.18136291E+00
   204  8.16000000E+01  1.18136582E+00  1.17364900E+00  1.18136582E+00
   205  8.20000000E+01  1.18136861E+00  1.17428264E+00  1.18136861E+00
   206  8.24000000E+01  1.18137124E+00  1.17486876E+00  1.18137124E+00
   207  8.28000000E+01  1.18137376E+00  1.17541252E+00  1.18137376E+00
   208  8.32000000E+01  1.18137612E+00  1.17591893E+00  1.18137612E+00
   209  8.36000000E+01  1.18137838E+00  1.17639244E+00  1.18137838E+00
   210  8.40000000E+01  1.18138049E+00  1.17683662E+00  1.18138049E+00
   211  8.44000000E+01  1.18138255E+00  1.17725406E+00  1.18138255E+00
   212  8.48000000E+01  1.18138475E+00  1.17764638E+00  1.18138475E+00
   213  8.52000000E+01  1.18138681E+00  1.17801438E+00  1.18138681E+00
   214  8.56000000E+01  1.18138879E+00  1.17835833E+00  1.18138879E+00
   215  8.60000000E+01  1.18139062E+00  1.17867820E+00  1.18139062E+00
   216  8.64000000E+01  1.18139237E+00  1.17897397E+00  1.18139237E+00
   217  8.68000000E+01  1.18139398E+00  1.17924585E+00  1.18139398E+00
   218  8.72000000E+01  1.18139552E+00  1.17949435E+00  1.18139552E+00
   219  8.76000000E+01  1.18139717E+00  1.17972040E+00  1.18139717E+00
   220  8.80000000E+01  1.18139880E+00  1.17992526E+00  1.18139880E+00
   221  8.84000000E+01  1.18140037E+00  1.18011046E+00  1.18140037E+00
   222  8.88000000E+01  1.18140181E+00  1.18027764E+00  1.18140181E+00
   223  8.92000000E+01  1.18140320E+00  1.18042844E+00  1.18140320E+00
   224  8.96000000E+01  1.18140448E+00  1.18056436E+00  1.18140448E+00
   225  9.00000000E+01  1.18140570E+00  1.18068675E+00  1.18140570E+00
   226  9.04000000E+01  1.18140709E+00  1.18079672E+00  1.18140709E+00
   227  9.08000000E+01  1.18140848E+00  1.18089521E+00  1.18140848E+00
   228  9.12000000E+01  1.18140984E+00  1.18098298E+00  1.18140984E+00
   229  9.16000000E+01  1.18141110E+00  1.18106068E+00  1.18141110E+00
   230  9.20000000E+01  1.18141233E+00  1.18112891E+00  1.18141233E+00
   231  9.24000000E+01  1.18141348E+00  1.18118827E+00  1.18141348E+00
   232  9.28000000E+01  1.18141472E+00  1.18123936E+00  1.18141472E+00
   233  9.32000000E+01  1.18141617E+00  1.18128279E+00  1.18141617E+00
   234  9.36000000E+01  1.18141755E+00  1.18131920E+00  1.18141755E+00
   235  9.40000000E+01  1.18141891E+00  1.18134921E+00  1.18141891E+00
   236  9.44000000E+01  1.18142020E+00  1.18137344E+00  1.18142020E+00
   237  9.48000000E+01  1.18142147E+00  1.18139245E+00  1.18142147E+00
   238  9.52000000E+01  1.18142272E+00  1.18140677E+00  1.18142272E+00
   239  9.56000000E+01  1.18142408E+00  1.18141687E+00  1.18142408E+00
   240  9.60000000E+01  1.18142538E+00  1.18142318E+00  1.18142538E+00
   241  9.64000000E+01  1.18142609E+00  1.18142609E+00  1.18142609E+00
   242  9.68000000E+01  1.18142594E+00  1.18142594E+00  1.18142594E+00
   243  9.72000000E+01  1.18142306E+00  1.18142306E+00  1.18142306E+00
   244  9.76000000E+01  1.18141776E+00  1.18141776E+00  1.18141776E+00
   245  9.80000000E+01  1.18141033E+00  1.18141033E+00  1.18141033E+00
 steady-height stop at step    245: rounded to 4 decimals, rounded max/end/ratio =      11814     11814     11814, max/end/ratio =   1.18141033E+00  1.18141033E+00  1.18141033E+00
