 comppar: model =   3
 comppar: lambda,mobility/eps,betav,eta_0 =  9.0000E+00  1.0000E-02  3.0000E-01  1.0000E+00
 comppar: eta_s,eta_p,G =  3.0000E-01  7.0000E-01  7.7778E-02
 comppar: U_avg,deltat,flowrate,nsteps =  1.0000E-01  4.0000E-01  3.1416E-01    1000
 comppar: geometry = axisymmetric
 comppar: steady stop change,gap,hold,min =  1.0000E-05  2.0000E-04      10      80
 comppar: steady stop rounded decimals =       4
 comppar: ncompc,ncompg =     4     5
 mesh nnodes = 22999
 mesh nelem = 11296
 P1 BC   5.0000000000000000     
 P2 BC   0.0000000000000000     
     1  4.00000000E-01  1.00503605E+00  1.00000000E+00  1.00503605E+00
     2  8.00000000E-01  1.00989397E+00  1.00000000E+00  1.00989397E+00
     3  1.20000000E+00  1.01457110E+00  1.00000000E+00  1.01457110E+00
     4  1.60000000E+00  1.01910030E+00  1.00000000E+00  1.01910030E+00
     5  2.00000000E+00  1.02350773E+00  1.00000000E+00  1.02350773E+00
     6  2.40000000E+00  1.02782764E+00  1.00000000E+00  1.02782764E+00
     7  2.80000000E+00  1.03209240E+00  1.00000001E+00  1.03209240E+00
     8  3.20000000E+00  1.03634116E+00  1.00000001E+00  1.03634116E+00
     9  3.60000000E+00  1.04059841E+00  1.00000001E+00  1.04059841E+00
    10  4.00000000E+00  1.04489142E+00  1.00000000E+00  1.04489142E+00
    11  4.40000000E+00  1.04924082E+00  1.00000000E+00  1.04924082E+00
    12  4.80000000E+00  1.05367919E+00  9.99999998E-01  1.05367919E+00
    13  5.20000000E+00  1.05821788E+00  9.99999993E-01  1.05821788E+00
    14  5.60000000E+00  1.06287261E+00  9.99999986E-01  1.06287261E+00
    15  6.00000000E+00  1.06766283E+00  9.99999977E-01  1.06766283E+00
    16  6.40000000E+00  1.07258652E+00  9.99999966E-01  1.07258652E+00
    17  6.80000000E+00  1.07764186E+00  9.99999952E-01  1.07764186E+00
    18  7.20000000E+00  1.08285694E+00  9.99999935E-01  1.08285694E+00
    19  7.60000000E+00  1.08820154E+00  9.99999916E-01  1.08820154E+00
    20  8.00000000E+00  1.09370920E+00  9.99999893E-01  1.09370920E+00
    21  8.40000000E+00  1.09934213E+00  9.99999866E-01  1.09934213E+00
    22  8.80000000E+00  1.10511397E+00  9.99999836E-01  1.10511397E+00
    23  9.20000000E+00  1.11102372E+00  9.99999801E-01  1.11102372E+00
    24  9.60000000E+00  1.11704590E+00  9.99999762E-01  1.11704590E+00
    25  1.00000000E+01  1.12317235E+00  9.99999718E-01  1.12317235E+00
    26  1.04000000E+01  1.12939245E+00  9.99999670E-01  1.12939245E+00
    27  1.08000000E+01  1.13571405E+00  9.99999615E-01  1.13571405E+00
    28  1.12000000E+01  1.14210612E+00  9.99999555E-01  1.14210612E+00
    29  1.16000000E+01  1.14855214E+00  9.99999489E-01  1.14855214E+00
    30  1.20000000E+01  1.15503697E+00  9.99999416E-01  1.15503697E+00
    31  1.24000000E+01  1.16154477E+00  9.99999337E-01  1.16154477E+00
    32  1.28000000E+01  1.16808614E+00  9.99999250E-01  1.16808614E+00
    33  1.32000000E+01  1.17463547E+00  9.99999154E-01  1.17463547E+00
    34  1.36000000E+01  1.18116727E+00  9.99999051E-01  1.18116727E+00
    35  1.40000000E+01  1.18766687E+00  9.99998939E-01  1.18766687E+00
    36  1.44000000E+01  1.19417377E+00  9.99998817E-01  1.19417377E+00
    37  1.48000000E+01  1.20063661E+00  9.99998685E-01  1.20063661E+00
    38  1.52000000E+01  1.20705967E+00  9.99998543E-01  1.20705967E+00
    39  1.56000000E+01  1.21346258E+00  9.99998389E-01  1.21346258E+00
    40  1.60000000E+01  1.21979133E+00  9.99998224E-01  1.21979133E+00
    41  1.64000000E+01  1.22605558E+00  9.99998047E-01  1.22605558E+00
    42  1.68000000E+01  1.23230310E+00  9.99997856E-01  1.23230310E+00
    43  1.72000000E+01  1.23846163E+00  9.99997651E-01  1.23846163E+00
    44  1.76000000E+01  1.24452847E+00  9.99997432E-01  1.24452847E+00
    45  1.80000000E+01  1.25059356E+00  9.99997198E-01  1.25059356E+00
    46  1.84000000E+01  1.25656075E+00  9.99996947E-01  1.25656075E+00
    47  1.88000000E+01  1.26246428E+00  9.99996679E-01  1.26246428E+00
    48  1.92000000E+01  1.26833750E+00  9.99996394E-01  1.26833750E+00
    49  1.96000000E+01  1.27410758E+00  9.99996089E-01  1.27410758E+00
    50  2.00000000E+01  1.27984474E+00  9.99995765E-01  1.27984474E+00
    51  2.04000000E+01  1.28551684E+00  9.99995421E-01  1.28551684E+00
    52  2.08000000E+01  1.29108290E+00  9.99995054E-01  1.29108290E+00
    53  2.12000000E+01  1.29666242E+00  9.99994665E-01  1.29666242E+00
    54  2.16000000E+01  1.30213698E+00  9.99994252E-01  1.30213698E+00
    55  2.20000000E+01  1.30754458E+00  9.99993814E-01  1.30754458E+00
    56  2.24000000E+01  1.31292769E+00  9.99993350E-01  1.31292769E+00
    57  2.28000000E+01  1.31820367E+00  9.99992859E-01  1.31820367E+00
    58  2.32000000E+01  1.32337881E+00  9.99992339E-01  1.32337881E+00
    59  2.36000000E+01  1.32857185E+00  9.99991789E-01  1.32857185E+00
    60  2.40000000E+01  1.33365745E+00  9.99991208E-01  1.33365745E+00
    61  2.44000000E+01  1.33863483E+00  9.99990594E-01  1.33863483E+00
    62  2.48000000E+01  1.34359754E+00  9.99989947E-01  1.34359754E+00
    63  2.52000000E+01  1.34849520E+00  9.99989264E-01  1.34849520E+00
    64  2.56000000E+01  1.35328451E+00  9.99988543E-01  1.35328451E+00
    65  2.60000000E+01  1.35808650E+00  9.99987784E-01  1.35808650E+00
    66  2.64000000E+01  1.36280588E+00  9.99986985E-01  1.36280588E+00
    67  2.68000000E+01  1.36742297E+00  9.99986144E-01  1.36742297E+00
    68  2.72000000E+01  1.37207285E+00  9.99985259E-01  1.37207285E+00
    69  2.76000000E+01  1.37661428E+00  9.99984329E-01  1.37661428E+00
    70  2.80000000E+01  1.38104522E+00  9.99983351E-01  1.38104522E+00
    71  2.84000000E+01  1.38550556E+00  9.99982324E-01  1.38550556E+00
    72  2.88000000E+01  1.38986875E+00  9.99981246E-01  1.38986875E+00
    73  2.92000000E+01  1.39411829E+00  9.99980114E-01  1.39411829E+00
    74  2.96000000E+01  1.39838784E+00  9.99978926E-01  1.39838784E+00
    75  3.00000000E+01  1.40257117E+00  9.99977681E-01  1.40257117E+00
    76  3.04000000E+01  1.40663630E+00  9.99976377E-01  1.40663630E+00
    77  3.08000000E+01  1.41075123E+00  9.99975009E-01  1.41075123E+00
    78  3.12000000E+01  1.41475005E+00  9.99973578E-01  1.41475005E+00
    79  3.16000000E+01  1.41868682E+00  9.99972079E-01  1.41868682E+00
    80  3.20000000E+01  1.42262026E+00  9.99970511E-01  1.42262026E+00
    81  3.24000000E+01  1.42642872E+00  9.99968871E-01  1.42642872E+00
    82  3.28000000E+01  1.43023693E+00  9.99967156E-01  1.43023693E+00
    83  3.32000000E+01  1.43397856E+00  9.99965363E-01  1.43397856E+00
    84  3.36000000E+01  1.43759019E+00  9.99963491E-01  1.43759019E+00
    85  3.40000000E+01  1.44126661E+00  9.99961535E-01  1.44126661E+00
    86  3.44000000E+01  1.44481178E+00  9.99959493E-01  1.44481178E+00
    87  3.48000000E+01  1.44828378E+00  9.99957363E-01  1.44828378E+00
    88  3.52000000E+01  1.45176411E+00  9.99955140E-01  1.45176411E+00
    89  3.56000000E+01  1.45511109E+00  9.99952822E-01  1.45511109E+00
    90  3.60000000E+01  1.45847433E+00  9.99950406E-01  1.45847433E+00
    91  3.64000000E+01  1.46175787E+00  9.99947889E-01  1.46175787E+00
    92  3.68000000E+01  1.46495565E+00  9.99945266E-01  1.46495565E+00
    93  3.72000000E+01  1.46817820E+00  9.99942535E-01  1.46817820E+00
    94  3.76000000E+01  1.47127314E+00  9.99939693E-01  1.47127314E+00
    95  3.80000000E+01  1.47437707E+00  9.99936736E-01  1.47437707E+00
    96  3.84000000E+01  1.47741352E+00  9.99933659E-01  1.47741352E+00
    97  3.88000000E+01  1.48034122E+00  9.99930461E-01  1.48034122E+00
    98  3.92000000E+01  1.48332355E+00  9.99927136E-01  1.48332355E+00
    99  3.96000000E+01  1.48619462E+00  9.99923682E-01  1.48619462E+00
   100  4.00000000E+01  1.48901584E+00  9.99920095E-01  1.48901584E+00
   101  4.04000000E+01  1.49183747E+00  9.99916370E-01  1.49183747E+00
   102  4.08000000E+01  1.49456651E+00  9.99912505E-01  1.49456651E+00
   103  4.12000000E+01  1.49728525E+00  9.99908494E-01  1.49728525E+00
   104  4.16000000E+01  1.49997475E+00  9.99904335E-01  1.49997475E+00
   105  4.20000000E+01  1.50259194E+00  9.99900023E-01  1.50259194E+00
   106  4.24000000E+01  1.50518823E+00  9.99895555E-01  1.50518823E+00
   107  4.28000000E+01  1.50777117E+00  9.99890927E-01  1.50777117E+00
   108  4.32000000E+01  1.51029979E+00  9.99886134E-01  1.51029979E+00
   109  4.36000000E+01  1.51278293E+00  9.99881174E-01  1.51278293E+00
   110  4.40000000E+01  1.51527568E+00  9.99876042E-01  1.51527568E+00
   111  4.44000000E+01  1.51773055E+00  9.99870734E-01  1.51773055E+00
   112  4.48000000E+01  1.52014197E+00  9.99865246E-01  1.52014197E+00
   113  4.52000000E+01  1.52250514E+00  9.99859576E-01  1.52250514E+00
   114  4.56000000E+01  1.52488377E+00  9.99853719E-01  1.52488377E+00
   115  4.60000000E+01  1.52721732E+00  9.99847672E-01  1.52721732E+00
   116  4.64000000E+01  1.52948806E+00  9.99841431E-01  1.52948806E+00
   117  4.68000000E+01  1.53176057E+00  9.99834994E-01  1.53176057E+00
   118  4.72000000E+01  1.53399294E+00  9.99828356E-01  1.53399294E+00
   119  4.76000000E+01  1.53614331E+00  9.99821516E-01  1.53614331E+00
   120  4.80000000E+01  1.53833540E+00  9.99814470E-01  1.53833540E+00
   121  4.84000000E+01  1.54044486E+00  9.99807215E-01  1.54044486E+00
   122  4.88000000E+01  1.54250334E+00  9.99799749E-01  1.54250334E+00
   123  4.92000000E+01  1.54456913E+00  9.99792071E-01  1.54456913E+00
   124  4.96000000E+01  1.54653189E+00  9.99784178E-01  1.54653189E+00
   125  5.00000000E+01  1.54854132E+00  9.99776069E-01  1.54854132E+00
   126  5.04000000E+01  1.55045794E+00  9.99767741E-01  1.55045794E+00
   127  5.08000000E+01  1.55234902E+00  9.99759196E-01  1.55234902E+00
   128  5.12000000E+01  1.55422020E+00  9.99750431E-01  1.55422020E+00
   129  5.16000000E+01  1.55601645E+00  9.99741448E-01  1.55601645E+00
   130  5.20000000E+01  1.55784131E+00  9.99732246E-01  1.55784131E+00
   131  5.24000000E+01  1.55955401E+00  9.99722826E-01  1.55955401E+00
   132  5.28000000E+01  1.56131330E+00  9.99713190E-01  1.56131330E+00
   133  5.32000000E+01  1.56298328E+00  9.99703340E-01  1.56298328E+00
   134  5.36000000E+01  1.56465286E+00  9.99693279E-01  1.56465286E+00
   135  5.40000000E+01  1.56627810E+00  9.99683009E-01  1.56627810E+00
   136  5.44000000E+01  1.56784813E+00  9.99672536E-01  1.56784813E+00
   137  5.48000000E+01  1.56943290E+00  9.99661863E-01  1.56943290E+00
   138  5.52000000E+01  1.57091847E+00  9.99650998E-01  1.57091847E+00
   139  5.56000000E+01  1.57245684E+00  9.99639946E-01  1.57245684E+00
   140  5.60000000E+01  1.57390371E+00  9.99628716E-01  1.57390371E+00
   141  5.64000000E+01  1.57535787E+00  9.99617315E-01  1.57535787E+00
   142  5.68000000E+01  1.57677079E+00  9.99605755E-01  1.57677079E+00
   143  5.72000000E+01  1.57813767E+00  9.99594046E-01  1.57813767E+00
   144  5.76000000E+01  1.57951519E+00  9.99582200E-01  1.57951519E+00
   145  5.80000000E+01  1.58081759E+00  9.99570232E-01  1.58081759E+00
   146  5.84000000E+01  1.58214712E+00  9.99558156E-01  1.58214712E+00
   147  5.88000000E+01  1.58342185E+00  9.99545989E-01  1.58342185E+00
   148  5.92000000E+01  1.58466172E+00  9.99533750E-01  1.58466172E+00
   149  5.96000000E+01  1.58590873E+00  9.99521459E-01  1.58590873E+00
   150  6.00000000E+01  1.58709905E+00  9.99509137E-01  1.58709905E+00
   151  6.04000000E+01  1.58829678E+00  9.99496810E-01  1.58829678E+00
   152  6.08000000E+01  1.58946380E+00  9.99484502E-01  1.58946380E+00
   153  6.12000000E+01  1.59058322E+00  9.99472243E-01  1.59058322E+00
   154  6.16000000E+01  1.59172114E+00  9.99460063E-01  1.59172114E+00
   155  6.20000000E+01  1.59282082E+00  9.99447995E-01  1.59282082E+00
   156  6.24000000E+01  1.59388732E+00  9.99436076E-01  1.59388732E+00
   157  6.28000000E+01  1.59496621E+00  9.99424343E-01  1.59496621E+00
   158  6.32000000E+01  1.59600285E+00  9.99412839E-01  1.59600285E+00
   159  6.36000000E+01  1.59701572E+00  9.99401609E-01  1.59701572E+00
   160  6.40000000E+01  1.59803470E+00  9.99390700E-01  1.59803470E+00
   161  6.44000000E+01  1.59901179E+00  9.99380166E-01  1.59901179E+00
   162  6.48000000E+01  1.59997962E+00  9.99370060E-01  1.59997962E+00
   163  6.52000000E+01  1.60093827E+00  9.99360443E-01  1.60093827E+00
   164  6.56000000E+01  1.60185533E+00  9.99351377E-01  1.60185533E+00
   165  6.60000000E+01  1.60278015E+00  9.99342932E-01  1.60278015E+00
   166  6.64000000E+01  1.60368090E+00  9.99335179E-01  1.60368090E+00
   167  6.68000000E+01  1.60454144E+00  9.99328196E-01  1.60454144E+00
   168  6.72000000E+01  1.60542409E+00  9.99322065E-01  1.60542409E+00
   169  6.76000000E+01  1.60627012E+00  9.99316875E-01  1.60627012E+00
   170  6.80000000E+01  1.60708975E+00  9.99312717E-01  1.60708975E+00
   171  6.84000000E+01  1.60792130E+00  9.99309693E-01  1.60792130E+00
   172  6.88000000E+01  1.60871856E+00  9.99307907E-01  1.60871856E+00
   173  6.92000000E+01  1.60949842E+00  9.99307471E-01  1.60949842E+00
   174  6.96000000E+01  1.61028412E+00  9.99308505E-01  1.61028412E+00
   175  7.00000000E+01  1.61104157E+00  9.99311135E-01  1.61104157E+00
   176  7.04000000E+01  1.61177741E+00  9.99315495E-01  1.61177741E+00
   177  7.08000000E+01  1.61252421E+00  9.99321726E-01  1.61252421E+00
   178  7.12000000E+01  1.61324833E+00  9.99329979E-01  1.61324833E+00
   179  7.16000000E+01  1.61395260E+00  9.99340414E-01  1.61395260E+00
   180  7.20000000E+01  1.61465568E+00  9.99353198E-01  1.61465568E+00
   181  7.24000000E+01  1.61535079E+00  9.99368510E-01  1.61535079E+00
   182  7.28000000E+01  1.61602608E+00  9.99386538E-01  1.61602608E+00
   183  7.32000000E+01  1.61668198E+00  9.99407480E-01  1.61668198E+00
   184  7.36000000E+01  1.61734830E+00  9.99431546E-01  1.61734830E+00
   185  7.40000000E+01  1.61799200E+00  9.99458959E-01  1.61799200E+00
   186  7.44000000E+01  1.61860921E+00  9.99489952E-01  1.61860921E+00
   187  7.48000000E+01  1.61924077E+00  9.99524771E-01  1.61924077E+00
   188  7.52000000E+01  1.61984545E+00  9.99563677E-01  1.61984545E+00
   189  7.56000000E+01  1.62043049E+00  9.99606944E-01  1.62043049E+00
   190  7.60000000E+01  1.62102353E+00  9.99654860E-01  1.62102353E+00
   191  7.64000000E+01  1.62158395E+00  9.99707729E-01  1.62158395E+00
   192  7.68000000E+01  1.62214097E+00  9.99765872E-01  1.62214097E+00
   193  7.72000000E+01  1.62268830E+00  9.99829625E-01  1.62268830E+00
   194  7.76000000E+01  1.62320496E+00  9.99899342E-01  1.62320496E+00
   195  7.80000000E+01  1.62373946E+00  9.99975396E-01  1.62373946E+00
   196  7.84000000E+01  1.62423851E+00  1.00005818E+00  1.62423851E+00
   197  7.88000000E+01  1.62473374E+00  1.00014810E+00  1.62473374E+00
   198  7.92000000E+01  1.62522053E+00  1.00024559E+00  1.62522053E+00
   199  7.96000000E+01  1.62567872E+00  1.00035111E+00  1.62567872E+00
   200  8.00000000E+01  1.62615284E+00  1.00046513E+00  1.62615284E+00
   201  8.04000000E+01  1.62659372E+00  1.00058815E+00  1.62659372E+00
   202  8.08000000E+01  1.62703477E+00  1.00072070E+00  1.62703477E+00
   203  8.12000000E+01  1.62746538E+00  1.00086332E+00  1.62746538E+00
   204  8.16000000E+01  1.62787083E+00  1.00101659E+00  1.62787083E+00
   205  8.20000000E+01  1.62829042E+00  1.00118112E+00  1.62829042E+00
   206  8.24000000E+01  1.62868326E+00  1.00135754E+00  1.62868326E+00
   207  8.28000000E+01  1.62907171E+00  1.00154650E+00  1.62907171E+00
   208  8.32000000E+01  1.62945675E+00  1.00174871E+00  1.62945675E+00
   209  8.36000000E+01  1.62982165E+00  1.00196489E+00  1.62982165E+00
   210  8.40000000E+01  1.63018647E+00  1.00219580E+00  1.63018647E+00
   211  8.44000000E+01  1.63054467E+00  1.00244222E+00  1.63054467E+00
   212  8.48000000E+01  1.63088938E+00  1.00270499E+00  1.63088938E+00
   213  8.52000000E+01  1.63123117E+00  1.00298498E+00  1.63123117E+00
   214  8.56000000E+01  1.63157125E+00  1.00328309E+00  1.63157125E+00
   215  8.60000000E+01  1.63190239E+00  1.00360027E+00  1.63190239E+00
   216  8.64000000E+01  1.63222667E+00  1.00393749E+00  1.63222667E+00
   217  8.68000000E+01  1.63254465E+00  1.00429579E+00  1.63254465E+00
   218  8.72000000E+01  1.63286220E+00  1.00467624E+00  1.63286220E+00
   219  8.76000000E+01  1.63317729E+00  1.00507996E+00  1.63317729E+00
   220  8.80000000E+01  1.63348490E+00  1.00550810E+00  1.63348490E+00
   221  8.84000000E+01  1.63378307E+00  1.00596189E+00  1.63378307E+00
   222  8.88000000E+01  1.63407878E+00  1.00644256E+00  1.63407878E+00
   223  8.92000000E+01  1.63437235E+00  1.00695145E+00  1.63437235E+00
   224  8.96000000E+01  1.63465404E+00  1.00748990E+00  1.63465404E+00
   225  9.00000000E+01  1.63492925E+00  1.00805934E+00  1.63492925E+00
   226  9.04000000E+01  1.63520627E+00  1.00866122E+00  1.63520627E+00
   227  9.08000000E+01  1.63546923E+00  1.00929706E+00  1.63546923E+00
   228  9.12000000E+01  1.63572456E+00  1.00996845E+00  1.63572456E+00
   229  9.16000000E+01  1.63598253E+00  1.01067702E+00  1.63598253E+00
   230  9.20000000E+01  1.63622568E+00  1.01142444E+00  1.63622568E+00
   231  9.24000000E+01  1.63646638E+00  1.01221248E+00  1.63646638E+00
   232  9.28000000E+01  1.63670424E+00  1.01304292E+00  1.63670424E+00
   233  9.32000000E+01  1.63692755E+00  1.01391763E+00  1.63692755E+00
   234  9.36000000E+01  1.63715270E+00  1.01483853E+00  1.63715270E+00
   235  9.40000000E+01  1.63737149E+00  1.01580758E+00  1.63737149E+00
   236  9.44000000E+01  1.63757708E+00  1.01682682E+00  1.63757708E+00
   237  9.48000000E+01  1.63778794E+00  1.01789833E+00  1.63778794E+00
   238  9.52000000E+01  1.63798898E+00  1.01902425E+00  1.63798898E+00
   239  9.56000000E+01  1.63817875E+00  1.02020675E+00  1.63817875E+00
   240  9.60000000E+01  1.63837519E+00  1.02144809E+00  1.63837519E+00
   241  9.64000000E+01  1.63856133E+00  1.02275054E+00  1.63856133E+00
   242  9.68000000E+01  1.63873804E+00  1.02411643E+00  1.63873804E+00
   243  9.72000000E+01  1.63891847E+00  1.02554814E+00  1.63891847E+00
   244  9.76000000E+01  1.63909190E+00  1.02704805E+00  1.63909190E+00
   245  9.80000000E+01  1.63925759E+00  1.02861861E+00  1.63925759E+00
   246  9.84000000E+01  1.63942324E+00  1.03026228E+00  1.63942324E+00
   247  9.88000000E+01  1.63958605E+00  1.03198153E+00  1.63958605E+00
   248  9.92000000E+01  1.63974216E+00  1.03377886E+00  1.63974216E+00
   249  9.96000000E+01  1.63989206E+00  1.03565678E+00  1.63989206E+00
   250  1.00000000E+02  1.64004546E+00  1.03761776E+00  1.64004546E+00
   251  1.00400000E+02  1.64019308E+00  1.03966431E+00  1.64019308E+00
   252  1.00800000E+02  1.64033473E+00  1.04179888E+00  1.64033473E+00
   253  1.01200000E+02  1.64047373E+00  1.04402392E+00  1.64047373E+00
   254  1.01600000E+02  1.64061301E+00  1.04634181E+00  1.64061301E+00
   255  1.02000000E+02  1.64074639E+00  1.04875491E+00  1.64074639E+00
   256  1.02400000E+02  1.64087378E+00  1.05126548E+00  1.64087378E+00
   257  1.02800000E+02  1.64100300E+00  1.05387574E+00  1.64100300E+00
   258  1.03200000E+02  1.64112826E+00  1.05658780E+00  1.64112826E+00
   259  1.03600000E+02  1.64124753E+00  1.05940366E+00  1.64124753E+00
   260  1.04000000E+02  1.64136392E+00  1.06232523E+00  1.64136392E+00
   261  1.04400000E+02  1.64148112E+00  1.06535426E+00  1.64148112E+00
   262  1.04800000E+02  1.64159250E+00  1.06849238E+00  1.64159250E+00
   263  1.05200000E+02  1.64169826E+00  1.07174106E+00  1.64169826E+00
   264  1.05600000E+02  1.64180675E+00  1.07510158E+00  1.64180675E+00
   265  1.06000000E+02  1.64191055E+00  1.07857505E+00  1.64191055E+00
   266  1.06400000E+02  1.64200910E+00  1.08216239E+00  1.64200910E+00
   267  1.06800000E+02  1.64210650E+00  1.08586430E+00  1.64210650E+00
   268  1.07200000E+02  1.64220328E+00  1.08968126E+00  1.64220328E+00
   269  1.07600000E+02  1.64229519E+00  1.09361353E+00  1.64229519E+00
   270  1.08000000E+02  1.64238255E+00  1.09766112E+00  1.64238255E+00
   271  1.08400000E+02  1.64247225E+00  1.10182380E+00  1.64247225E+00
   272  1.08800000E+02  1.64255801E+00  1.10610110E+00  1.64255801E+00
   273  1.09200000E+02  1.64263958E+00  1.11049226E+00  1.64263958E+00
   274  1.09600000E+02  1.64271911E+00  1.11499630E+00  1.64271911E+00
   275  1.10000000E+02  1.64279919E+00  1.11961196E+00  1.64279919E+00
   276  1.10400000E+02  1.64287535E+00  1.12433773E+00  1.64287535E+00
   277  1.10800000E+02  1.64294776E+00  1.12917183E+00  1.64294776E+00
   278  1.11200000E+02  1.64301993E+00  1.13411226E+00  1.64301993E+00
   279  1.11600000E+02  1.64309104E+00  1.13915674E+00  1.64309104E+00
   280  1.12000000E+02  1.64315859E+00  1.14430279E+00  1.64315859E+00
   281  1.12400000E+02  1.64322270E+00  1.14954770E+00  1.64322270E+00
   282  1.12800000E+02  1.64328790E+00  1.15488853E+00  1.64328790E+00
   283  1.13200000E+02  1.64335081E+00  1.16032217E+00  1.64335081E+00
   284  1.13600000E+02  1.64341044E+00  1.16584531E+00  1.64341044E+00
   285  1.14000000E+02  1.64346702E+00  1.17145450E+00  1.64346702E+00
   286  1.14400000E+02  1.64352553E+00  1.17714613E+00  1.64352553E+00
   287  1.14800000E+02  1.64358093E+00  1.18291647E+00  1.64358093E+00
   288  1.15200000E+02  1.64363335E+00  1.18876168E+00  1.64363335E+00
   289  1.15600000E+02  1.64368377E+00  1.19467785E+00  1.64368377E+00
   290  1.16000000E+02  1.64373518E+00  1.20066098E+00  1.64373518E+00
   291  1.16400000E+02  1.64378381E+00  1.20670704E+00  1.64378381E+00
   292  1.16800000E+02  1.64382979E+00  1.21281197E+00  1.64382979E+00
   293  1.17200000E+02  1.64387422E+00  1.21897170E+00  1.64387422E+00
   294  1.17600000E+02  1.64391930E+00  1.22518218E+00  1.64391930E+00
   295  1.18000000E+02  1.64396192E+00  1.23143936E+00  1.64396192E+00
   296  1.18400000E+02  1.64400220E+00  1.23773926E+00  1.64400220E+00
   297  1.18800000E+02  1.64404076E+00  1.24407794E+00  1.64404076E+00
   298  1.19200000E+02  1.64408025E+00  1.25045152E+00  1.64408025E+00
   299  1.19600000E+02  1.64411756E+00  1.25685621E+00  1.64411756E+00
   300  1.20000000E+02  1.64415281E+00  1.26328829E+00  1.64415281E+00
   301  1.20400000E+02  1.64418608E+00  1.26974414E+00  1.64418608E+00
   302  1.20800000E+02  1.64422030E+00  1.27622022E+00  1.64422030E+00
   303  1.21200000E+02  1.64425290E+00  1.28271309E+00  1.64425290E+00
   304  1.21600000E+02  1.64428365E+00  1.28921938E+00  1.64428365E+00
   305  1.22000000E+02  1.64431264E+00  1.29573583E+00  1.64431264E+00
   306  1.22400000E+02  1.64434142E+00  1.30225926E+00  1.64434142E+00
   307  1.22800000E+02  1.64436980E+00  1.30878652E+00  1.64436980E+00
   308  1.23200000E+02  1.64439653E+00  1.31531458E+00  1.64439653E+00
   309  1.23600000E+02  1.64442167E+00  1.32184040E+00  1.64442167E+00
   310  1.24000000E+02  1.64444530E+00  1.32836102E+00  1.64444530E+00
   311  1.24400000E+02  1.64446988E+00  1.33487348E+00  1.64446988E+00
   312  1.24800000E+02  1.64449301E+00  1.34137482E+00  1.64449301E+00
   313  1.25200000E+02  1.64451474E+00  1.34786210E+00  1.64451474E+00
   314  1.25600000E+02  1.64453512E+00  1.35433233E+00  1.64453512E+00
   315  1.26000000E+02  1.64455456E+00  1.36078251E+00  1.64455456E+00
   316  1.26400000E+02  1.64457450E+00  1.36720960E+00  1.64457450E+00
   317  1.26800000E+02  1.64459319E+00  1.37361049E+00  1.64459319E+00
   318  1.27200000E+02  1.64461069E+00  1.37998202E+00  1.64461069E+00
   319  1.27600000E+02  1.64462705E+00  1.38632099E+00  1.64462705E+00
   320  1.28000000E+02  1.64464246E+00  1.39262412E+00  1.64464246E+00
   321  1.28400000E+02  1.64465845E+00  1.39888808E+00  1.64465845E+00
   322  1.28800000E+02  1.64467337E+00  1.40510947E+00  1.64467337E+00
   323  1.29200000E+02  1.64468727E+00  1.41128488E+00  1.64468727E+00
   324  1.29600000E+02  1.64470020E+00  1.41741083E+00  1.64470020E+00
   325  1.30000000E+02  1.64471220E+00  1.42348385E+00  1.64471220E+00
   326  1.30400000E+02  1.64472426E+00  1.42950046E+00  1.64472426E+00
   327  1.30800000E+02  1.64473595E+00  1.43545717E+00  1.64473595E+00
   328  1.31200000E+02  1.64474676E+00  1.44135056E+00  1.64474676E+00
   329  1.31600000E+02  1.64475673E+00  1.44717724E+00  1.64475673E+00
   330  1.32000000E+02  1.64476590E+00  1.45293387E+00  1.64476590E+00
   331  1.32400000E+02  1.64477432E+00  1.45861724E+00  1.64477432E+00
   332  1.32800000E+02  1.64478313E+00  1.46422420E+00  1.64478313E+00
   333  1.33200000E+02  1.64479130E+00  1.46975175E+00  1.64479130E+00
   334  1.33600000E+02  1.64479876E+00  1.47519701E+00  1.64479876E+00
   335  1.34000000E+02  1.64480556E+00  1.48055723E+00  1.64480556E+00
   336  1.34400000E+02  1.64481172E+00  1.48582984E+00  1.64481172E+00
   337  1.34800000E+02  1.64481729E+00  1.49101239E+00  1.64481729E+00
   338  1.35200000E+02  1.64482274E+00  1.49610260E+00  1.64482274E+00
   339  1.35600000E+02  1.64482811E+00  1.50109835E+00  1.64482811E+00
   340  1.36000000E+02  1.64483293E+00  1.50599764E+00  1.64483293E+00
   341  1.36400000E+02  1.64483722E+00  1.51079864E+00  1.64483722E+00
   342  1.36800000E+02  1.64484101E+00  1.51549963E+00  1.64484101E+00
   343  1.37200000E+02  1.64484434E+00  1.52009902E+00  1.64484434E+00
   344  1.37600000E+02  1.64484723E+00  1.52459532E+00  1.64484723E+00
   345  1.38000000E+02  1.64484971E+00  1.52898713E+00  1.64484971E+00
   346  1.38400000E+02  1.64485235E+00  1.53327316E+00  1.64485235E+00
   347  1.38800000E+02  1.64485469E+00  1.53745217E+00  1.64485469E+00
   348  1.39200000E+02  1.64485666E+00  1.54152302E+00  1.64485666E+00
   349  1.39600000E+02  1.64485826E+00  1.54548467E+00  1.64485826E+00
   350  1.40000000E+02  1.64485954E+00  1.54933616E+00  1.64485954E+00
   351  1.40400000E+02  1.64486049E+00  1.55307667E+00  1.64486049E+00
   352  1.40800000E+02  1.64486114E+00  1.55670550E+00  1.64486114E+00
   353  1.41200000E+02  1.64486151E+00  1.56022218E+00  1.64486151E+00
   354  1.41600000E+02  1.64486161E+00  1.56362644E+00  1.64486161E+00
   355  1.42000000E+02  1.64486146E+00  1.56691833E+00  1.64486146E+00
   356  1.42400000E+02  1.64486128E+00  1.57009823E+00  1.64486128E+00
   357  1.42800000E+02  1.64486103E+00  1.57316691E+00  1.64486103E+00
   358  1.43200000E+02  1.64486055E+00  1.57612561E+00  1.64486055E+00
   359  1.43600000E+02  1.64485982E+00  1.57897606E+00  1.64485982E+00
   360  1.44000000E+02  1.64485886E+00  1.58172049E+00  1.64485886E+00
   361  1.44400000E+02  1.64485767E+00  1.58436168E+00  1.64485767E+00
   362  1.44800000E+02  1.64485625E+00  1.58690289E+00  1.64485625E+00
   363  1.45200000E+02  1.64485459E+00  1.58934786E+00  1.64485459E+00
   364  1.45600000E+02  1.64485269E+00  1.59170065E+00  1.64485269E+00
   365  1.46000000E+02  1.64485054E+00  1.59396560E+00  1.64485054E+00
   366  1.46400000E+02  1.64484813E+00  1.59614714E+00  1.64484813E+00
   367  1.46800000E+02  1.64484545E+00  1.59824962E+00  1.64484545E+00
   368  1.47200000E+02  1.64484288E+00  1.60027710E+00  1.64484288E+00
   369  1.47600000E+02  1.64484011E+00  1.60223322E+00  1.64484011E+00
   370  1.48000000E+02  1.64483705E+00  1.60412097E+00  1.64483705E+00
   371  1.48400000E+02  1.64483369E+00  1.60594257E+00  1.64483369E+00
   372  1.48800000E+02  1.64483004E+00  1.60769936E+00  1.64483004E+00
   373  1.49200000E+02  1.64482607E+00  1.60939179E+00  1.64482607E+00
   374  1.49600000E+02  1.64482181E+00  1.61101945E+00  1.64482181E+00
   375  1.50000000E+02  1.64481725E+00  1.61258117E+00  1.64481725E+00
   376  1.50400000E+02  1.64481243E+00  1.61407526E+00  1.64481243E+00
   377  1.50800000E+02  1.64480751E+00  1.61549976E+00  1.64480751E+00
   378  1.51200000E+02  1.64480261E+00  1.61685277E+00  1.64480261E+00
   379  1.51600000E+02  1.64479750E+00  1.61813277E+00  1.64479750E+00
   380  1.52000000E+02  1.64479222E+00  1.61933898E+00  1.64479222E+00
   381  1.52400000E+02  1.64478684E+00  1.62047165E+00  1.64478684E+00
   382  1.52800000E+02  1.64478145E+00  1.62153228E+00  1.64478145E+00
   383  1.53200000E+02  1.64477611E+00  1.62252375E+00  1.64477611E+00
   384  1.53600000E+02  1.64477102E+00  1.62345035E+00  1.64477102E+00
   385  1.54000000E+02  1.64476673E+00  1.62431759E+00  1.64476673E+00
   386  1.54400000E+02  1.64476291E+00  1.62513200E+00  1.64476291E+00
   387  1.54800000E+02  1.64475984E+00  1.62590077E+00  1.64475984E+00
   388  1.55200000E+02  1.64475807E+00  1.62663128E+00  1.64475807E+00
   389  1.55600000E+02  1.64475680E+00  1.62733069E+00  1.64475680E+00
   390  1.56000000E+02  1.64475596E+00  1.62800546E+00  1.64475596E+00
   391  1.56400000E+02  1.64475556E+00  1.62866095E+00  1.64475556E+00
   392  1.56800000E+02  1.64475544E+00  1.62930116E+00  1.64475544E+00
   393  1.57200000E+02  1.64475525E+00  1.62992853E+00  1.64475525E+00
   394  1.57600000E+02  1.64475493E+00  1.63054397E+00  1.64475493E+00
   395  1.58000000E+02  1.64475471E+00  1.63114695E+00  1.64475471E+00
   396  1.58400000E+02  1.64475435E+00  1.63173575E+00  1.64475435E+00
   397  1.58800000E+02  1.64475378E+00  1.63230786E+00  1.64475378E+00
   398  1.59200000E+02  1.64475299E+00  1.63286032E+00  1.64475299E+00
   399  1.59600000E+02  1.64475200E+00  1.63339017E+00  1.64475200E+00
   400  1.60000000E+02  1.64475084E+00  1.63389482E+00  1.64475084E+00
   401  1.60400000E+02  1.64474958E+00  1.63437232E+00  1.64474958E+00
   402  1.60800000E+02  1.64474828E+00  1.63482159E+00  1.64474828E+00
   403  1.61200000E+02  1.64474701E+00  1.63524247E+00  1.64474701E+00
   404  1.61600000E+02  1.64474585E+00  1.63563573E+00  1.64474585E+00
   405  1.62000000E+02  1.64474484E+00  1.63600292E+00  1.64474484E+00
   406  1.62400000E+02  1.64474402E+00  1.63634622E+00  1.64474402E+00
   407  1.62800000E+02  1.64474341E+00  1.63666817E+00  1.64474341E+00
   408  1.63200000E+02  1.64474316E+00  1.63697148E+00  1.64474316E+00
   409  1.63600000E+02  1.64474321E+00  1.63725885E+00  1.64474321E+00
   410  1.64000000E+02  1.64474334E+00  1.63753272E+00  1.64474334E+00
   411  1.64400000E+02  1.64474353E+00  1.63779523E+00  1.64474353E+00
   412  1.64800000E+02  1.64474372E+00  1.63804814E+00  1.64474372E+00
   413  1.65200000E+02  1.64474391E+00  1.63829278E+00  1.64474391E+00
   414  1.65600000E+02  1.64474405E+00  1.63853008E+00  1.64474405E+00
   415  1.66000000E+02  1.64474415E+00  1.63876062E+00  1.64474415E+00
   416  1.66400000E+02  1.64474418E+00  1.63898465E+00  1.64474418E+00
   417  1.66800000E+02  1.64474416E+00  1.63920215E+00  1.64474416E+00
   418  1.67200000E+02  1.64474408E+00  1.63941285E+00  1.64474408E+00
   419  1.67600000E+02  1.64474395E+00  1.63961635E+00  1.64474395E+00
   420  1.68000000E+02  1.64474377E+00  1.63981210E+00  1.64474377E+00
   421  1.68400000E+02  1.64474356E+00  1.63999949E+00  1.64474356E+00
   422  1.68800000E+02  1.64474335E+00  1.64017793E+00  1.64474335E+00
   423  1.69200000E+02  1.64474313E+00  1.64034690E+00  1.64474313E+00
   424  1.69600000E+02  1.64474290E+00  1.64050603E+00  1.64474290E+00
   425  1.70000000E+02  1.64474265E+00  1.64065518E+00  1.64474265E+00
   426  1.70400000E+02  1.64474240E+00  1.64079448E+00  1.64474240E+00
   427  1.70800000E+02  1.64474220E+00  1.64092434E+00  1.64474220E+00
   428  1.71200000E+02  1.64474205E+00  1.64104544E+00  1.64474205E+00
   429  1.71600000E+02  1.64474193E+00  1.64115870E+00  1.64474193E+00
   430  1.72000000E+02  1.64474184E+00  1.64126517E+00  1.64474184E+00
   431  1.72400000E+02  1.64474178E+00  1.64136599E+00  1.64474178E+00
   432  1.72800000E+02  1.64474174E+00  1.64146220E+00  1.64474174E+00
   433  1.73200000E+02  1.64474171E+00  1.64155471E+00  1.64474171E+00
   434  1.73600000E+02  1.64474168E+00  1.64164420E+00  1.64474168E+00
   435  1.74000000E+02  1.64474163E+00  1.64173109E+00  1.64474163E+00
   436  1.74400000E+02  1.64474157E+00  1.64181551E+00  1.64474157E+00
   437  1.74800000E+02  1.64474149E+00  1.64189734E+00  1.64474149E+00
   438  1.75200000E+02  1.64474137E+00  1.64197631E+00  1.64474137E+00
   439  1.75600000E+02  1.64474123E+00  1.64205202E+00  1.64474123E+00
   440  1.76000000E+02  1.64474105E+00  1.64212409E+00  1.64474105E+00
   441  1.76400000E+02  1.64474086E+00  1.64219219E+00  1.64474086E+00
   442  1.76800000E+02  1.64474064E+00  1.64225613E+00  1.64474064E+00
   443  1.77200000E+02  1.64474042E+00  1.64231588E+00  1.64474042E+00
   444  1.77600000E+02  1.64474020E+00  1.64237158E+00  1.64474020E+00
   445  1.78000000E+02  1.64473997E+00  1.64242351E+00  1.64473997E+00
   446  1.78400000E+02  1.64473972E+00  1.64247202E+00  1.64473972E+00
   447  1.78800000E+02  1.64473948E+00  1.64251754E+00  1.64473948E+00
   448  1.79200000E+02  1.64473924E+00  1.64256048E+00  1.64473924E+00
   449  1.79600000E+02  1.64473903E+00  1.64260119E+00  1.64473903E+00
   450  1.80000000E+02  1.64473884E+00  1.64263994E+00  1.64473884E+00
   451  1.80400000E+02  1.64473866E+00  1.64267691E+00  1.64473866E+00
   452  1.80800000E+02  1.64473850E+00  1.64271219E+00  1.64473850E+00
   453  1.81200000E+02  1.64473835E+00  1.64274580E+00  1.64473835E+00
   454  1.81600000E+02  1.64473820E+00  1.64277772E+00  1.64473820E+00
   455  1.82000000E+02  1.64473807E+00  1.64280792E+00  1.64473807E+00
   456  1.82400000E+02  1.64473793E+00  1.64283636E+00  1.64473793E+00
   457  1.82800000E+02  1.64473779E+00  1.64286304E+00  1.64473779E+00
   458  1.83200000E+02  1.64473765E+00  1.64288800E+00  1.64473765E+00
   459  1.83600000E+02  1.64473751E+00  1.64291131E+00  1.64473751E+00
   460  1.84000000E+02  1.64473737E+00  1.64293307E+00  1.64473737E+00
   461  1.84400000E+02  1.64473722E+00  1.64295338E+00  1.64473722E+00
   462  1.84800000E+02  1.64473706E+00  1.64297237E+00  1.64473706E+00
   463  1.85200000E+02  1.64473691E+00  1.64299015E+00  1.64473691E+00
   464  1.85600000E+02  1.64473675E+00  1.64300681E+00  1.64473675E+00
   465  1.86000000E+02  1.64473660E+00  1.64302243E+00  1.64473660E+00
   466  1.86400000E+02  1.64473645E+00  1.64303706E+00  1.64473645E+00
   467  1.86800000E+02  1.64473631E+00  1.64305074E+00  1.64473631E+00
   468  1.87200000E+02  1.64473617E+00  1.64306350E+00  1.64473617E+00
   469  1.87600000E+02  1.64473604E+00  1.64307536E+00  1.64473604E+00
   470  1.88000000E+02  1.64473592E+00  1.64308635E+00  1.64473592E+00
   471  1.88400000E+02  1.64473580E+00  1.64309649E+00  1.64473580E+00
   472  1.88800000E+02  1.64473570E+00  1.64310581E+00  1.64473570E+00
   473  1.89200000E+02  1.64473560E+00  1.64311435E+00  1.64473560E+00
   474  1.89600000E+02  1.64473551E+00  1.64312215E+00  1.64473551E+00
   475  1.90000000E+02  1.64473542E+00  1.64312925E+00  1.64473542E+00
   476  1.90400000E+02  1.64473534E+00  1.64313570E+00  1.64473534E+00
   477  1.90800000E+02  1.64473526E+00  1.64314153E+00  1.64473526E+00
   478  1.91200000E+02  1.64473519E+00  1.64314677E+00  1.64473519E+00
   479  1.91600000E+02  1.64473512E+00  1.64315147E+00  1.64473512E+00
   480  1.92000000E+02  1.64473505E+00  1.64315565E+00  1.64473505E+00
   481  1.92400000E+02  1.64473499E+00  1.64315934E+00  1.64473499E+00
   482  1.92800000E+02  1.64473492E+00  1.64316256E+00  1.64473492E+00
   483  1.93200000E+02  1.64473485E+00  1.64316534E+00  1.64473485E+00
   484  1.93600000E+02  1.64473479E+00  1.64316771E+00  1.64473479E+00
   485  1.94000000E+02  1.64473473E+00  1.64316968E+00  1.64473473E+00
   486  1.94400000E+02  1.64473467E+00  1.64317129E+00  1.64473467E+00
   487  1.94800000E+02  1.64473461E+00  1.64317255E+00  1.64473461E+00
   488  1.95200000E+02  1.64473455E+00  1.64317348E+00  1.64473455E+00
   489  1.95600000E+02  1.64473450E+00  1.64317411E+00  1.64473450E+00
   490  1.96000000E+02  1.64473445E+00  1.64317444E+00  1.64473445E+00
   491  1.96400000E+02  1.64473440E+00  1.64317450E+00  1.64473440E+00
   492  1.96800000E+02  1.64473436E+00  1.64317430E+00  1.64473436E+00
   493  1.97200000E+02  1.64473432E+00  1.64317385E+00  1.64473432E+00
   494  1.97600000E+02  1.64473428E+00  1.64317315E+00  1.64473428E+00
   495  1.98000000E+02  1.64473424E+00  1.64317221E+00  1.64473424E+00
   496  1.98400000E+02  1.64473421E+00  1.64317104E+00  1.64473421E+00
   497  1.98800000E+02  1.64473418E+00  1.64316963E+00  1.64473418E+00
   498  1.99200000E+02  1.64473415E+00  1.64316800E+00  1.64473415E+00
   499  1.99600000E+02  1.64473413E+00  1.64316613E+00  1.64473413E+00
   500  2.00000000E+02  1.64473410E+00  1.64316402E+00  1.64473410E+00
   501  2.00400000E+02  1.64473407E+00  1.64316168E+00  1.64473407E+00
   502  2.00800000E+02  1.64473405E+00  1.64315910E+00  1.64473405E+00
   503  2.01200000E+02  1.64473403E+00  1.64315628E+00  1.64473403E+00
   504  2.01600000E+02  1.64473400E+00  1.64315321E+00  1.64473400E+00
   505  2.02000000E+02  1.64473398E+00  1.64314989E+00  1.64473398E+00
   506  2.02400000E+02  1.64473396E+00  1.64314631E+00  1.64473396E+00
   507  2.02800000E+02  1.64473394E+00  1.64314249E+00  1.64473394E+00
   508  2.03200000E+02  1.64473391E+00  1.64313843E+00  1.64473391E+00
   509  2.03600000E+02  1.64473389E+00  1.64313414E+00  1.64473389E+00
   510  2.04000000E+02  1.64473387E+00  1.64312963E+00  1.64473387E+00
   511  2.04400000E+02  1.64473385E+00  1.64312493E+00  1.64473385E+00
   512  2.04800000E+02  1.64473384E+00  1.64312008E+00  1.64473384E+00
   513  2.05200000E+02  1.64473382E+00  1.64311511E+00  1.64473382E+00
   514  2.05600000E+02  1.64473380E+00  1.64311006E+00  1.64473380E+00
   515  2.06000000E+02  1.64473379E+00  1.64310500E+00  1.64473379E+00
   516  2.06400000E+02  1.64473377E+00  1.64309997E+00  1.64473377E+00
   517  2.06800000E+02  1.64473376E+00  1.64309505E+00  1.64473376E+00
   518  2.07200000E+02  1.64473375E+00  1.64309030E+00  1.64473375E+00
   519  2.07600000E+02  1.64473374E+00  1.64308579E+00  1.64473374E+00
   520  2.08000000E+02  1.64473372E+00  1.64308157E+00  1.64473372E+00
   521  2.08400000E+02  1.64473371E+00  1.64307772E+00  1.64473371E+00
   522  2.08800000E+02  1.64473370E+00  1.64307428E+00  1.64473370E+00
   523  2.09200000E+02  1.64473369E+00  1.64307129E+00  1.64473369E+00
   524  2.09600000E+02  1.64473368E+00  1.64306877E+00  1.64473368E+00
   525  2.10000000E+02  1.64473367E+00  1.64306672E+00  1.64473367E+00
   526  2.10400000E+02  1.64473366E+00  1.64306515E+00  1.64473366E+00
   527  2.10800000E+02  1.64473365E+00  1.64306401E+00  1.64473365E+00
   528  2.11200000E+02  1.64473364E+00  1.64306327E+00  1.64473364E+00
   529  2.11600000E+02  1.64473363E+00  1.64306286E+00  1.64473363E+00
   530  2.12000000E+02  1.64473362E+00  1.64306271E+00  1.64473362E+00
   531  2.12400000E+02  1.64473362E+00  1.64306273E+00  1.64473362E+00
   532  2.12800000E+02  1.64473361E+00  1.64306285E+00  1.64473361E+00
   533  2.13200000E+02  1.64473360E+00  1.64306299E+00  1.64473360E+00
   534  2.13600000E+02  1.64473359E+00  1.64306306E+00  1.64473359E+00
   535  2.14000000E+02  1.64473359E+00  1.64306301E+00  1.64473359E+00
   536  2.14400000E+02  1.64473358E+00  1.64306279E+00  1.64473358E+00
   537  2.14800000E+02  1.64473357E+00  1.64306239E+00  1.64473357E+00
   538  2.15200000E+02  1.64473357E+00  1.64306179E+00  1.64473357E+00
   539  2.15600000E+02  1.64473356E+00  1.64306100E+00  1.64473356E+00
   540  2.16000000E+02  1.64473356E+00  1.64306007E+00  1.64473356E+00
   541  2.16400000E+02  1.64473355E+00  1.64305904E+00  1.64473355E+00
   542  2.16800000E+02  1.64473355E+00  1.64305797E+00  1.64473355E+00
   543  2.17200000E+02  1.64473354E+00  1.64305691E+00  1.64473354E+00
   544  2.17600000E+02  1.64473354E+00  1.64305593E+00  1.64473354E+00
   545  2.18000000E+02  1.64473353E+00  1.64305508E+00  1.64473353E+00
   546  2.18400000E+02  1.64473353E+00  1.64305440E+00  1.64473353E+00
   547  2.18800000E+02  1.64473353E+00  1.64305392E+00  1.64473353E+00
   548  2.19200000E+02  1.64473352E+00  1.64305364E+00  1.64473352E+00
   549  2.19600000E+02  1.64473352E+00  1.64305355E+00  1.64473352E+00
   550  2.20000000E+02  1.64473352E+00  1.64305364E+00  1.64473352E+00
   551  2.20400000E+02  1.64473351E+00  1.64305387E+00  1.64473351E+00
   552  2.20800000E+02  1.64473351E+00  1.64305420E+00  1.64473351E+00
   553  2.21200000E+02  1.64473351E+00  1.64305457E+00  1.64473351E+00
   554  2.21600000E+02  1.64473350E+00  1.64305495E+00  1.64473350E+00
   555  2.22000000E+02  1.64473350E+00  1.64305528E+00  1.64473350E+00
   556  2.22400000E+02  1.64473350E+00  1.64305554E+00  1.64473350E+00
   557  2.22800000E+02  1.64473350E+00  1.64305570E+00  1.64473350E+00
   558  2.23200000E+02  1.64473350E+00  1.64305576E+00  1.64473350E+00
   559  2.23600000E+02  1.64473349E+00  1.64305571E+00  1.64473349E+00
   560  2.24000000E+02  1.64473349E+00  1.64305556E+00  1.64473349E+00
   561  2.24400000E+02  1.64473349E+00  1.64305533E+00  1.64473349E+00
   562  2.24800000E+02  1.64473349E+00  1.64305505E+00  1.64473349E+00
   563  2.25200000E+02  1.64473349E+00  1.64305473E+00  1.64473349E+00
   564  2.25600000E+02  1.64473349E+00  1.64305440E+00  1.64473349E+00
   565  2.26000000E+02  1.64473349E+00  1.64305408E+00  1.64473349E+00
   566  2.26400000E+02  1.64473349E+00  1.64305379E+00  1.64473349E+00
   567  2.26800000E+02  1.64473349E+00  1.64305354E+00  1.64473349E+00
   568  2.27200000E+02  1.64473348E+00  1.64305333E+00  1.64473348E+00
   569  2.27600000E+02  1.64473348E+00  1.64305317E+00  1.64473348E+00
   570  2.28000000E+02  1.64473348E+00  1.64305304E+00  1.64473348E+00
   571  2.28400000E+02  1.64473348E+00  1.64305296E+00  1.64473348E+00
   572  2.28800000E+02  1.64473348E+00  1.64305290E+00  1.64473348E+00
   573  2.29200000E+02  1.64473348E+00  1.64305285E+00  1.64473348E+00
   574  2.29600000E+02  1.64473348E+00  1.64305281E+00  1.64473348E+00
   575  2.30000000E+02  1.64473348E+00  1.64305277E+00  1.64473348E+00
   576  2.30400000E+02  1.64473348E+00  1.64305272E+00  1.64473348E+00
   577  2.30800000E+02  1.64473348E+00  1.64305264E+00  1.64473348E+00
   578  2.31200000E+02  1.64473348E+00  1.64305254E+00  1.64473348E+00
   579  2.31600000E+02  1.64473348E+00  1.64305242E+00  1.64473348E+00
   580  2.32000000E+02  1.64473348E+00  1.64305227E+00  1.64473348E+00
   581  2.32400000E+02  1.64473348E+00  1.64305209E+00  1.64473348E+00
   582  2.32800000E+02  1.64473348E+00  1.64305189E+00  1.64473348E+00
   583  2.33200000E+02  1.64473348E+00  1.64305166E+00  1.64473348E+00
   584  2.33600000E+02  1.64473348E+00  1.64305142E+00  1.64473348E+00
   585  2.34000000E+02  1.64473348E+00  1.64305118E+00  1.64473348E+00
   586  2.34400000E+02  1.64473348E+00  1.64305092E+00  1.64473348E+00
   587  2.34800000E+02  1.64473348E+00  1.64305068E+00  1.64473348E+00
   588  2.35200000E+02  1.64473348E+00  1.64305043E+00  1.64473348E+00
   589  2.35600000E+02  1.64473348E+00  1.64305021E+00  1.64473348E+00
   590  2.36000000E+02  1.64473348E+00  1.64304999E+00  1.64473348E+00
   591  2.36400000E+02  1.64473348E+00  1.64304980E+00  1.64473348E+00
   592  2.36800000E+02  1.64473348E+00  1.64304963E+00  1.64473348E+00
   593  2.37200000E+02  1.64473348E+00  1.64304947E+00  1.64473348E+00
   594  2.37600000E+02  1.64473348E+00  1.64304932E+00  1.64473348E+00
   595  2.38000000E+02  1.64473348E+00  1.64304919E+00  1.64473348E+00
   596  2.38400000E+02  1.64473348E+00  1.64304907E+00  1.64473348E+00
   597  2.38800000E+02  1.64473348E+00  1.64304895E+00  1.64473348E+00
   598  2.39200000E+02  1.64473348E+00  1.64304884E+00  1.64473348E+00
   599  2.39600000E+02  1.64473348E+00  1.64304872E+00  1.64473348E+00
   600  2.40000000E+02  1.64473348E+00  1.64304860E+00  1.64473348E+00
   601  2.40400000E+02  1.64473349E+00  1.64304847E+00  1.64473349E+00
   602  2.40800000E+02  1.64473349E+00  1.64304834E+00  1.64473349E+00
   603  2.41200000E+02  1.64473349E+00  1.64304820E+00  1.64473349E+00
   604  2.41600000E+02  1.64473349E+00  1.64304806E+00  1.64473349E+00
   605  2.42000000E+02  1.64473349E+00  1.64304792E+00  1.64473349E+00
   606  2.42400000E+02  1.64473349E+00  1.64304778E+00  1.64473349E+00
   607  2.42800000E+02  1.64473349E+00  1.64304764E+00  1.64473349E+00
   608  2.43200000E+02  1.64473349E+00  1.64304750E+00  1.64473349E+00
   609  2.43600000E+02  1.64473349E+00  1.64304738E+00  1.64473349E+00
   610  2.44000000E+02  1.64473349E+00  1.64304726E+00  1.64473349E+00
   611  2.44400000E+02  1.64473349E+00  1.64304715E+00  1.64473349E+00
   612  2.44800000E+02  1.64473349E+00  1.64304705E+00  1.64473349E+00
   613  2.45200000E+02  1.64473349E+00  1.64304695E+00  1.64473349E+00
   614  2.45600000E+02  1.64473349E+00  1.64304687E+00  1.64473349E+00
   615  2.46000000E+02  1.64473349E+00  1.64304679E+00  1.64473349E+00
   616  2.46400000E+02  1.64473349E+00  1.64304672E+00  1.64473349E+00
   617  2.46800000E+02  1.64473349E+00  1.64304666E+00  1.64473349E+00
   618  2.47200000E+02  1.64473349E+00  1.64304660E+00  1.64473349E+00
   619  2.47600000E+02  1.64473349E+00  1.64304654E+00  1.64473349E+00
   620  2.48000000E+02  1.64473349E+00  1.64304648E+00  1.64473349E+00
   621  2.48400000E+02  1.64473349E+00  1.64304643E+00  1.64473349E+00
   622  2.48800000E+02  1.64473349E+00  1.64304638E+00  1.64473349E+00
   623  2.49200000E+02  1.64473349E+00  1.64304632E+00  1.64473349E+00
   624  2.49600000E+02  1.64473349E+00  1.64304627E+00  1.64473349E+00
   625  2.50000000E+02  1.64473349E+00  1.64304621E+00  1.64473349E+00
   626  2.50400000E+02  1.64473349E+00  1.64304616E+00  1.64473349E+00
   627  2.50800000E+02  1.64473349E+00  1.64304611E+00  1.64473349E+00
   628  2.51200000E+02  1.64473349E+00  1.64304606E+00  1.64473349E+00
   629  2.51600000E+02  1.64473349E+00  1.64304601E+00  1.64473349E+00
   630  2.52000000E+02  1.64473349E+00  1.64304596E+00  1.64473349E+00
   631  2.52400000E+02  1.64473349E+00  1.64304592E+00  1.64473349E+00
   632  2.52800000E+02  1.64473349E+00  1.64304588E+00  1.64473349E+00
   633  2.53200000E+02  1.64473349E+00  1.64304584E+00  1.64473349E+00
   634  2.53600000E+02  1.64473349E+00  1.64304581E+00  1.64473349E+00
   635  2.54000000E+02  1.64473349E+00  1.64304578E+00  1.64473349E+00
   636  2.54400000E+02  1.64473349E+00  1.64304575E+00  1.64473349E+00
   637  2.54800000E+02  1.64473349E+00  1.64304572E+00  1.64473349E+00
   638  2.55200000E+02  1.64473349E+00  1.64304570E+00  1.64473349E+00
   639  2.55600000E+02  1.64473349E+00  1.64304567E+00  1.64473349E+00
   640  2.56000000E+02  1.64473349E+00  1.64304565E+00  1.64473349E+00
   641  2.56400000E+02  1.64473349E+00  1.64304563E+00  1.64473349E+00
   642  2.56800000E+02  1.64473349E+00  1.64304561E+00  1.64473349E+00
   643  2.57200000E+02  1.64473349E+00  1.64304559E+00  1.64473349E+00
   644  2.57600000E+02  1.64473349E+00  1.64304557E+00  1.64473349E+00
   645  2.58000000E+02  1.64473349E+00  1.64304555E+00  1.64473349E+00
   646  2.58400000E+02  1.64473349E+00  1.64304553E+00  1.64473349E+00
   647  2.58800000E+02  1.64473349E+00  1.64304551E+00  1.64473349E+00
   648  2.59200000E+02  1.64473349E+00  1.64304550E+00  1.64473349E+00
   649  2.59600000E+02  1.64473349E+00  1.64304548E+00  1.64473349E+00
   650  2.60000000E+02  1.64473349E+00  1.64304546E+00  1.64473349E+00
   651  2.60400000E+02  1.64473349E+00  1.64304544E+00  1.64473349E+00
   652  2.60800000E+02  1.64473349E+00  1.64304542E+00  1.64473349E+00
   653  2.61200000E+02  1.64473349E+00  1.64304541E+00  1.64473349E+00
   654  2.61600000E+02  1.64473349E+00  1.64304539E+00  1.64473349E+00
   655  2.62000000E+02  1.64473349E+00  1.64304538E+00  1.64473349E+00
   656  2.62400000E+02  1.64473349E+00  1.64304537E+00  1.64473349E+00
   657  2.62800000E+02  1.64473349E+00  1.64304535E+00  1.64473349E+00
   658  2.63200000E+02  1.64473349E+00  1.64304534E+00  1.64473349E+00
   659  2.63600000E+02  1.64473349E+00  1.64304533E+00  1.64473349E+00
   660  2.64000000E+02  1.64473349E+00  1.64304532E+00  1.64473349E+00
   661  2.64400000E+02  1.64473349E+00  1.64304531E+00  1.64473349E+00
   662  2.64800000E+02  1.64473349E+00  1.64304530E+00  1.64473349E+00
   663  2.65200000E+02  1.64473349E+00  1.64304529E+00  1.64473349E+00
   664  2.65600000E+02  1.64473349E+00  1.64304528E+00  1.64473349E+00
   665  2.66000000E+02  1.64473349E+00  1.64304528E+00  1.64473349E+00
   666  2.66400000E+02  1.64473349E+00  1.64304527E+00  1.64473349E+00
   667  2.66800000E+02  1.64473349E+00  1.64304526E+00  1.64473349E+00
   668  2.67200000E+02  1.64473349E+00  1.64304525E+00  1.64473349E+00
   669  2.67600000E+02  1.64473349E+00  1.64304524E+00  1.64473349E+00
   670  2.68000000E+02  1.64473349E+00  1.64304523E+00  1.64473349E+00
   671  2.68400000E+02  1.64473349E+00  1.64304523E+00  1.64473349E+00
   672  2.68800000E+02  1.64473349E+00  1.64304522E+00  1.64473349E+00
   673  2.69200000E+02  1.64473349E+00  1.64304521E+00  1.64473349E+00
   674  2.69600000E+02  1.64473349E+00  1.64304520E+00  1.64473349E+00
   675  2.70000000E+02  1.64473349E+00  1.64304520E+00  1.64473349E+00
   676  2.70400000E+02  1.64473349E+00  1.64304519E+00  1.64473349E+00
   677  2.70800000E+02  1.64473349E+00  1.64304519E+00  1.64473349E+00
   678  2.71200000E+02  1.64473349E+00  1.64304518E+00  1.64473349E+00
   679  2.71600000E+02  1.64473349E+00  1.64304518E+00  1.64473349E+00
   680  2.72000000E+02  1.64473349E+00  1.64304517E+00  1.64473349E+00
   681  2.72400000E+02  1.64473349E+00  1.64304517E+00  1.64473349E+00
   682  2.72800000E+02  1.64473349E+00  1.64304516E+00  1.64473349E+00
   683  2.73200000E+02  1.64473349E+00  1.64304516E+00  1.64473349E+00
   684  2.73600000E+02  1.64473349E+00  1.64304516E+00  1.64473349E+00
   685  2.74000000E+02  1.64473349E+00  1.64304515E+00  1.64473349E+00
   686  2.74400000E+02  1.64473349E+00  1.64304515E+00  1.64473349E+00
   687  2.74800000E+02  1.64473349E+00  1.64304515E+00  1.64473349E+00
   688  2.75200000E+02  1.64473349E+00  1.64304514E+00  1.64473349E+00
   689  2.75600000E+02  1.64473349E+00  1.64304514E+00  1.64473349E+00
   690  2.76000000E+02  1.64473349E+00  1.64304514E+00  1.64473349E+00
   691  2.76400000E+02  1.64473349E+00  1.64304514E+00  1.64473349E+00
   692  2.76800000E+02  1.64473349E+00  1.64304513E+00  1.64473349E+00
   693  2.77200000E+02  1.64473349E+00  1.64304513E+00  1.64473349E+00
   694  2.77600000E+02  1.64473349E+00  1.64304513E+00  1.64473349E+00
   695  2.78000000E+02  1.64473349E+00  1.64304513E+00  1.64473349E+00
   696  2.78400000E+02  1.64473349E+00  1.64304512E+00  1.64473349E+00
   697  2.78800000E+02  1.64473349E+00  1.64304512E+00  1.64473349E+00
   698  2.79200000E+02  1.64473349E+00  1.64304512E+00  1.64473349E+00
   699  2.79600000E+02  1.64473349E+00  1.64304512E+00  1.64473349E+00
   700  2.80000000E+02  1.64473349E+00  1.64304512E+00  1.64473349E+00
   701  2.80400000E+02  1.64473349E+00  1.64304512E+00  1.64473349E+00
   702  2.80800000E+02  1.64473349E+00  1.64304512E+00  1.64473349E+00
   703  2.81200000E+02  1.64473349E+00  1.64304512E+00  1.64473349E+00
   704  2.81600000E+02  1.64473349E+00  1.64304512E+00  1.64473349E+00
   705  2.82000000E+02  1.64473349E+00  1.64304511E+00  1.64473349E+00
   706  2.82400000E+02  1.64473349E+00  1.64304511E+00  1.64473349E+00
   707  2.82800000E+02  1.64473349E+00  1.64304511E+00  1.64473349E+00
   708  2.83200000E+02  1.64473349E+00  1.64304511E+00  1.64473349E+00
   709  2.83600000E+02  1.64473349E+00  1.64304511E+00  1.64473349E+00
   710  2.84000000E+02  1.64473349E+00  1.64304511E+00  1.64473349E+00
   711  2.84400000E+02  1.64473349E+00  1.64304511E+00  1.64473349E+00
   712  2.84800000E+02  1.64473349E+00  1.64304511E+00  1.64473349E+00
   713  2.85200000E+02  1.64473349E+00  1.64304511E+00  1.64473349E+00
   714  2.85600000E+02  1.64473349E+00  1.64304511E+00  1.64473349E+00
   715  2.86000000E+02  1.64473349E+00  1.64304511E+00  1.64473349E+00
   716  2.86400000E+02  1.64473349E+00  1.64304511E+00  1.64473349E+00
   717  2.86800000E+02  1.64473349E+00  1.64304511E+00  1.64473349E+00
   718  2.87200000E+02  1.64473349E+00  1.64304511E+00  1.64473349E+00
   719  2.87600000E+02  1.64473349E+00  1.64304511E+00  1.64473349E+00
   720  2.88000000E+02  1.64473349E+00  1.64304511E+00  1.64473349E+00
   721  2.88400000E+02  1.64473349E+00  1.64304511E+00  1.64473349E+00
   722  2.88800000E+02  1.64473349E+00  1.64304511E+00  1.64473349E+00
   723  2.89200000E+02  1.64473349E+00  1.64304511E+00  1.64473349E+00
   724  2.89600000E+02  1.64473349E+00  1.64304511E+00  1.64473349E+00
   725  2.90000000E+02  1.64473349E+00  1.64304511E+00  1.64473349E+00
   726  2.90400000E+02  1.64473349E+00  1.64304511E+00  1.64473349E+00
   727  2.90800000E+02  1.64473349E+00  1.64304511E+00  1.64473349E+00
   728  2.91200000E+02  1.64473349E+00  1.64304511E+00  1.64473349E+00
   729  2.91600000E+02  1.64473349E+00  1.64304511E+00  1.64473349E+00
   730  2.92000000E+02  1.64473349E+00  1.64304511E+00  1.64473349E+00
   731  2.92400000E+02  1.64473349E+00  1.64304511E+00  1.64473349E+00
   732  2.92800000E+02  1.64473349E+00  1.64304511E+00  1.64473349E+00
   733  2.93200000E+02  1.64473349E+00  1.64304511E+00  1.64473349E+00
   734  2.93600000E+02  1.64473349E+00  1.64304511E+00  1.64473349E+00
   735  2.94000000E+02  1.64473349E+00  1.64304511E+00  1.64473349E+00
   736  2.94400000E+02  1.64473349E+00  1.64304512E+00  1.64473349E+00
   737  2.94800000E+02  1.64473349E+00  1.64304512E+00  1.64473349E+00
   738  2.95200000E+02  1.64473349E+00  1.64304512E+00  1.64473349E+00
   739  2.95600000E+02  1.64473349E+00  1.64304512E+00  1.64473349E+00
   740  2.96000000E+02  1.64473349E+00  1.64304512E+00  1.64473349E+00
   741  2.96400000E+02  1.64473349E+00  1.64304512E+00  1.64473349E+00
   742  2.96800000E+02  1.64473349E+00  1.64304512E+00  1.64473349E+00
   743  2.97200000E+02  1.64473349E+00  1.64304512E+00  1.64473349E+00
   744  2.97600000E+02  1.64473349E+00  1.64304512E+00  1.64473349E+00
   745  2.98000000E+02  1.64473349E+00  1.64304512E+00  1.64473349E+00
   746  2.98400000E+02  1.64473349E+00  1.64304512E+00  1.64473349E+00
   747  2.98800000E+02  1.64473349E+00  1.64304512E+00  1.64473349E+00
   748  2.99200000E+02  1.64473349E+00  1.64304512E+00  1.64473349E+00
   749  2.99600000E+02  1.64473349E+00  1.64304512E+00  1.64473349E+00
   750  3.00000000E+02  1.64473349E+00  1.64304512E+00  1.64473349E+00
   751  3.00400000E+02  1.64473349E+00  1.64304512E+00  1.64473349E+00
   752  3.00800000E+02  1.64473349E+00  1.64304512E+00  1.64473349E+00
   753  3.01200000E+02  1.64473349E+00  1.64304512E+00  1.64473349E+00
   754  3.01600000E+02  1.64473349E+00  1.64304512E+00  1.64473349E+00
   755  3.02000000E+02  1.64473349E+00  1.64304512E+00  1.64473349E+00
   756  3.02400000E+02  1.64473349E+00  1.64304512E+00  1.64473349E+00
   757  3.02800000E+02  1.64473349E+00  1.64304512E+00  1.64473349E+00
   758  3.03200000E+02  1.64473349E+00  1.64304512E+00  1.64473349E+00
   759  3.03600000E+02  1.64473349E+00  1.64304512E+00  1.64473349E+00
   760  3.04000000E+02  1.64473349E+00  1.64304512E+00  1.64473349E+00
   761  3.04400000E+02  1.64473349E+00  1.64304512E+00  1.64473349E+00
   762  3.04800000E+02  1.64473349E+00  1.64304512E+00  1.64473349E+00
   763  3.05200000E+02  1.64473349E+00  1.64304512E+00  1.64473349E+00
   764  3.05600000E+02  1.64473349E+00  1.64304512E+00  1.64473349E+00
   765  3.06000000E+02  1.64473349E+00  1.64304512E+00  1.64473349E+00
   766  3.06400000E+02  1.64473349E+00  1.64304512E+00  1.64473349E+00
   767  3.06800000E+02  1.64473349E+00  1.64304512E+00  1.64473349E+00
   768  3.07200000E+02  1.64473349E+00  1.64304512E+00  1.64473349E+00
   769  3.07600000E+02  1.64473349E+00  1.64304512E+00  1.64473349E+00
   770  3.08000000E+02  1.64473349E+00  1.64304512E+00  1.64473349E+00
   771  3.08400000E+02  1.64473349E+00  1.64304512E+00  1.64473349E+00
   772  3.08800000E+02  1.64473349E+00  1.64304512E+00  1.64473349E+00
   773  3.09200000E+02  1.64473349E+00  1.64304512E+00  1.64473349E+00
   774  3.09600000E+02  1.64473349E+00  1.64304512E+00  1.64473349E+00
   775  3.10000000E+02  1.64473349E+00  1.64304512E+00  1.64473349E+00
   776  3.10400000E+02  1.64473349E+00  1.64304512E+00  1.64473349E+00
   777  3.10800000E+02  1.64473349E+00  1.64304512E+00  1.64473349E+00
   778  3.11200000E+02  1.64473349E+00  1.64304512E+00  1.64473349E+00
   779  3.11600000E+02  1.64473349E+00  1.64304512E+00  1.64473349E+00
   780  3.12000000E+02  1.64473349E+00  1.64304512E+00  1.64473349E+00
   781  3.12400000E+02  1.64473349E+00  1.64304512E+00  1.64473349E+00
   782  3.12800000E+02  1.64473349E+00  1.64304512E+00  1.64473349E+00
   783  3.13200000E+02  1.64473349E+00  1.64304512E+00  1.64473349E+00
   784  3.13600000E+02  1.64473349E+00  1.64304512E+00  1.64473349E+00
   785  3.14000000E+02  1.64473349E+00  1.64304512E+00  1.64473349E+00
   786  3.14400000E+02  1.64473349E+00  1.64304512E+00  1.64473349E+00
   787  3.14800000E+02  1.64473349E+00  1.64304512E+00  1.64473349E+00
   788  3.15200000E+02  1.64473349E+00  1.64304512E+00  1.64473349E+00
   789  3.15600000E+02  1.64473349E+00  1.64304512E+00  1.64473349E+00
   790  3.16000000E+02  1.64473349E+00  1.64304512E+00  1.64473349E+00
   791  3.16400000E+02  1.64473349E+00  1.64304512E+00  1.64473349E+00
   792  3.16800000E+02  1.64473349E+00  1.64304512E+00  1.64473349E+00
   793  3.17200000E+02  1.64473349E+00  1.64304512E+00  1.64473349E+00
   794  3.17600000E+02  1.64473349E+00  1.64304512E+00  1.64473349E+00
   795  3.18000000E+02  1.64473349E+00  1.64304512E+00  1.64473349E+00
   796  3.18400000E+02  1.64473349E+00  1.64304512E+00  1.64473349E+00
   797  3.18800000E+02  1.64473349E+00  1.64304512E+00  1.64473349E+00
   798  3.19200000E+02  1.64473349E+00  1.64304512E+00  1.64473349E+00
   799  3.19600000E+02  1.64473349E+00  1.64304512E+00  1.64473349E+00
   800  3.20000000E+02  1.64473349E+00  1.64304512E+00  1.64473349E+00
   801  3.20400000E+02  1.64473349E+00  1.64304512E+00  1.64473349E+00
   802  3.20800000E+02  1.64473349E+00  1.64304512E+00  1.64473349E+00
   803  3.21200000E+02  1.64473349E+00  1.64304512E+00  1.64473349E+00
   804  3.21600000E+02  1.64473349E+00  1.64304512E+00  1.64473349E+00
   805  3.22000000E+02  1.64473349E+00  1.64304512E+00  1.64473349E+00
   806  3.22400000E+02  1.64473349E+00  1.64304512E+00  1.64473349E+00
   807  3.22800000E+02  1.64473349E+00  1.64304512E+00  1.64473349E+00
   808  3.23200000E+02  1.64473349E+00  1.64304512E+00  1.64473349E+00
   809  3.23600000E+02  1.64473349E+00  1.64304512E+00  1.64473349E+00
   810  3.24000000E+02  1.64473349E+00  1.64304512E+00  1.64473349E+00
   811  3.24400000E+02  1.64473349E+00  1.64304512E+00  1.64473349E+00
   812  3.24800000E+02  1.64473349E+00  1.64304512E+00  1.64473349E+00
   813  3.25200000E+02  1.64473349E+00  1.64304512E+00  1.64473349E+00
   814  3.25600000E+02  1.64473349E+00  1.64304512E+00  1.64473349E+00
   815  3.26000000E+02  1.64473349E+00  1.64304512E+00  1.64473349E+00
   816  3.26400000E+02  1.64473349E+00  1.64304512E+00  1.64473349E+00
   817  3.26800000E+02  1.64473349E+00  1.64304512E+00  1.64473349E+00
   818  3.27200000E+02  1.64473349E+00  1.64304512E+00  1.64473349E+00
   819  3.27600000E+02  1.64473349E+00  1.64304512E+00  1.64473349E+00
   820  3.28000000E+02  1.64473349E+00  1.64304512E+00  1.64473349E+00
   821  3.28400000E+02  1.64473349E+00  1.64304512E+00  1.64473349E+00
   822  3.28800000E+02  1.64473349E+00  1.64304512E+00  1.64473349E+00
   823  3.29200000E+02  1.64473349E+00  1.64304512E+00  1.64473349E+00
   824  3.29600000E+02  1.64473349E+00  1.64304512E+00  1.64473349E+00
   825  3.30000000E+02  1.64473349E+00  1.64304512E+00  1.64473349E+00
   826  3.30400000E+02  1.64473349E+00  1.64304512E+00  1.64473349E+00
   827  3.30800000E+02  1.64473349E+00  1.64304512E+00  1.64473349E+00
   828  3.31200000E+02  1.64473349E+00  1.64304512E+00  1.64473349E+00
   829  3.31600000E+02  1.64473349E+00  1.64304512E+00  1.64473349E+00
   830  3.32000000E+02  1.64473349E+00  1.64304512E+00  1.64473349E+00
   831  3.32400000E+02  1.64473349E+00  1.64304513E+00  1.64473349E+00
   832  3.32800000E+02  1.64473349E+00  1.64304513E+00  1.64473349E+00
   833  3.33200000E+02  1.64473349E+00  1.64304513E+00  1.64473349E+00
   834  3.33600000E+02  1.64473349E+00  1.64304513E+00  1.64473349E+00
   835  3.34000000E+02  1.64473349E+00  1.64304513E+00  1.64473349E+00
   836  3.34400000E+02  1.64473349E+00  1.64304513E+00  1.64473349E+00
   837  3.34800000E+02  1.64473349E+00  1.64304513E+00  1.64473349E+00
   838  3.35200000E+02  1.64473349E+00  1.64304513E+00  1.64473349E+00
   839  3.35600000E+02  1.64473349E+00  1.64304513E+00  1.64473349E+00
   840  3.36000000E+02  1.64473349E+00  1.64304513E+00  1.64473349E+00
   841  3.36400000E+02  1.64473349E+00  1.64304513E+00  1.64473349E+00
   842  3.36800000E+02  1.64473349E+00  1.64304513E+00  1.64473349E+00
   843  3.37200000E+02  1.64473349E+00  1.64304513E+00  1.64473349E+00
   844  3.37600000E+02  1.64473349E+00  1.64304513E+00  1.64473349E+00
   845  3.38000000E+02  1.64473349E+00  1.64304513E+00  1.64473349E+00
   846  3.38400000E+02  1.64473349E+00  1.64304513E+00  1.64473349E+00
   847  3.38800000E+02  1.64473349E+00  1.64304513E+00  1.64473349E+00
   848  3.39200000E+02  1.64473349E+00  1.64304513E+00  1.64473349E+00
   849  3.39600000E+02  1.64473349E+00  1.64304513E+00  1.64473349E+00
   850  3.40000000E+02  1.64473349E+00  1.64304513E+00  1.64473349E+00
   851  3.40400000E+02  1.64473349E+00  1.64304513E+00  1.64473349E+00
   852  3.40800000E+02  1.64473349E+00  1.64304513E+00  1.64473349E+00
   853  3.41200000E+02  1.64473349E+00  1.64304513E+00  1.64473349E+00
   854  3.41600000E+02  1.64473349E+00  1.64304513E+00  1.64473349E+00
   855  3.42000000E+02  1.64473349E+00  1.64304513E+00  1.64473349E+00
   856  3.42400000E+02  1.64473349E+00  1.64304513E+00  1.64473349E+00
   857  3.42800000E+02  1.64473349E+00  1.64304513E+00  1.64473349E+00
   858  3.43200000E+02  1.64473349E+00  1.64304513E+00  1.64473349E+00
   859  3.43600000E+02  1.64473349E+00  1.64304513E+00  1.64473349E+00
   860  3.44000000E+02  1.64473349E+00  1.64304513E+00  1.64473349E+00
   861  3.44400000E+02  1.64473349E+00  1.64304513E+00  1.64473349E+00
   862  3.44800000E+02  1.64473349E+00  1.64304513E+00  1.64473349E+00
   863  3.45200000E+02  1.64473349E+00  1.64304513E+00  1.64473349E+00
   864  3.45600000E+02  1.64473349E+00  1.64304513E+00  1.64473349E+00
   865  3.46000000E+02  1.64473349E+00  1.64304513E+00  1.64473349E+00
   866  3.46400000E+02  1.64473349E+00  1.64304513E+00  1.64473349E+00
   867  3.46800000E+02  1.64473349E+00  1.64304513E+00  1.64473349E+00
   868  3.47200000E+02  1.64473349E+00  1.64304513E+00  1.64473349E+00
   869  3.47600000E+02  1.64473349E+00  1.64304513E+00  1.64473349E+00
   870  3.48000000E+02  1.64473349E+00  1.64304513E+00  1.64473349E+00
   871  3.48400000E+02  1.64473349E+00  1.64304513E+00  1.64473349E+00
   872  3.48800000E+02  1.64473349E+00  1.64304513E+00  1.64473349E+00
   873  3.49200000E+02  1.64473349E+00  1.64304513E+00  1.64473349E+00
   874  3.49600000E+02  1.64473349E+00  1.64304513E+00  1.64473349E+00
   875  3.50000000E+02  1.64473349E+00  1.64304513E+00  1.64473349E+00
   876  3.50400000E+02  1.64473349E+00  1.64304513E+00  1.64473349E+00
   877  3.50800000E+02  1.64473349E+00  1.64304513E+00  1.64473349E+00
   878  3.51200000E+02  1.64473349E+00  1.64304513E+00  1.64473349E+00
   879  3.51600000E+02  1.64473349E+00  1.64304513E+00  1.64473349E+00
   880  3.52000000E+02  1.64473349E+00  1.64304513E+00  1.64473349E+00
   881  3.52400000E+02  1.64473349E+00  1.64304513E+00  1.64473349E+00
   882  3.52800000E+02  1.64473349E+00  1.64304513E+00  1.64473349E+00
   883  3.53200000E+02  1.64473349E+00  1.64304513E+00  1.64473349E+00
   884  3.53600000E+02  1.64473349E+00  1.64304513E+00  1.64473349E+00
   885  3.54000000E+02  1.64473349E+00  1.64304513E+00  1.64473349E+00
   886  3.54400000E+02  1.64473349E+00  1.64304513E+00  1.64473349E+00
   887  3.54800000E+02  1.64473349E+00  1.64304513E+00  1.64473349E+00
   888  3.55200000E+02  1.64473349E+00  1.64304513E+00  1.64473349E+00
   889  3.55600000E+02  1.64473349E+00  1.64304513E+00  1.64473349E+00
   890  3.56000000E+02  1.64473349E+00  1.64304513E+00  1.64473349E+00
   891  3.56400000E+02  1.64473349E+00  1.64304513E+00  1.64473349E+00
   892  3.56800000E+02  1.64473349E+00  1.64304513E+00  1.64473349E+00
   893  3.57200000E+02  1.64473349E+00  1.64304513E+00  1.64473349E+00
   894  3.57600000E+02  1.64473349E+00  1.64304513E+00  1.64473349E+00
   895  3.58000000E+02  1.64473349E+00  1.64304513E+00  1.64473349E+00
   896  3.58400000E+02  1.64473349E+00  1.64304513E+00  1.64473349E+00
   897  3.58800000E+02  1.64473349E+00  1.64304513E+00  1.64473349E+00
   898  3.59200000E+02  1.64473349E+00  1.64304513E+00  1.64473349E+00
   899  3.59600000E+02  1.64473349E+00  1.64304513E+00  1.64473349E+00
   900  3.60000000E+02  1.64473349E+00  1.64304513E+00  1.64473349E+00
   901  3.60400000E+02  1.64473349E+00  1.64304513E+00  1.64473349E+00
   902  3.60800000E+02  1.64473349E+00  1.64304513E+00  1.64473349E+00
   903  3.61200000E+02  1.64473349E+00  1.64304513E+00  1.64473349E+00
   904  3.61600000E+02  1.64473349E+00  1.64304513E+00  1.64473349E+00
   905  3.62000000E+02  1.64473349E+00  1.64304513E+00  1.64473349E+00
   906  3.62400000E+02  1.64473349E+00  1.64304513E+00  1.64473349E+00
   907  3.62800000E+02  1.64473349E+00  1.64304513E+00  1.64473349E+00
   908  3.63200000E+02  1.64473349E+00  1.64304513E+00  1.64473349E+00
   909  3.63600000E+02  1.64473349E+00  1.64304513E+00  1.64473349E+00
   910  3.64000000E+02  1.64473349E+00  1.64304513E+00  1.64473349E+00
   911  3.64400000E+02  1.64473349E+00  1.64304513E+00  1.64473349E+00
   912  3.64800000E+02  1.64473349E+00  1.64304513E+00  1.64473349E+00
   913  3.65200000E+02  1.64473349E+00  1.64304513E+00  1.64473349E+00
   914  3.65600000E+02  1.64473349E+00  1.64304513E+00  1.64473349E+00
   915  3.66000000E+02  1.64473349E+00  1.64304513E+00  1.64473349E+00
   916  3.66400000E+02  1.64473349E+00  1.64304513E+00  1.64473349E+00
   917  3.66800000E+02  1.64473349E+00  1.64304513E+00  1.64473349E+00
   918  3.67200000E+02  1.64473349E+00  1.64304513E+00  1.64473349E+00
   919  3.67600000E+02  1.64473349E+00  1.64304513E+00  1.64473349E+00
   920  3.68000000E+02  1.64473349E+00  1.64304513E+00  1.64473349E+00
   921  3.68400000E+02  1.64473349E+00  1.64304513E+00  1.64473349E+00
   922  3.68800000E+02  1.64473349E+00  1.64304513E+00  1.64473349E+00
   923  3.69200000E+02  1.64473349E+00  1.64304513E+00  1.64473349E+00
   924  3.69600000E+02  1.64473349E+00  1.64304513E+00  1.64473349E+00
   925  3.70000000E+02  1.64473349E+00  1.64304513E+00  1.64473349E+00
   926  3.70400000E+02  1.64473349E+00  1.64304513E+00  1.64473349E+00
   927  3.70800000E+02  1.64473349E+00  1.64304513E+00  1.64473349E+00
   928  3.71200000E+02  1.64473349E+00  1.64304513E+00  1.64473349E+00
   929  3.71600000E+02  1.64473349E+00  1.64304513E+00  1.64473349E+00
   930  3.72000000E+02  1.64473349E+00  1.64304513E+00  1.64473349E+00
   931  3.72400000E+02  1.64473349E+00  1.64304513E+00  1.64473349E+00
   932  3.72800000E+02  1.64473349E+00  1.64304513E+00  1.64473349E+00
   933  3.73200000E+02  1.64473349E+00  1.64304513E+00  1.64473349E+00
   934  3.73600000E+02  1.64473349E+00  1.64304513E+00  1.64473349E+00
   935  3.74000000E+02  1.64473349E+00  1.64304513E+00  1.64473349E+00
   936  3.74400000E+02  1.64473349E+00  1.64304513E+00  1.64473349E+00
   937  3.74800000E+02  1.64473349E+00  1.64304513E+00  1.64473349E+00
   938  3.75200000E+02  1.64473349E+00  1.64304513E+00  1.64473349E+00
   939  3.75600000E+02  1.64473349E+00  1.64304513E+00  1.64473349E+00
   940  3.76000000E+02  1.64473349E+00  1.64304513E+00  1.64473349E+00
   941  3.76400000E+02  1.64473349E+00  1.64304513E+00  1.64473349E+00
   942  3.76800000E+02  1.64473349E+00  1.64304513E+00  1.64473349E+00
   943  3.77200000E+02  1.64473349E+00  1.64304513E+00  1.64473349E+00
   944  3.77600000E+02  1.64473349E+00  1.64304513E+00  1.64473349E+00
   945  3.78000000E+02  1.64473349E+00  1.64304513E+00  1.64473349E+00
   946  3.78400000E+02  1.64473349E+00  1.64304513E+00  1.64473349E+00
   947  3.78800000E+02  1.64473349E+00  1.64304513E+00  1.64473349E+00
   948  3.79200000E+02  1.64473349E+00  1.64304513E+00  1.64473349E+00
   949  3.79600000E+02  1.64473349E+00  1.64304513E+00  1.64473349E+00
   950  3.80000000E+02  1.64473349E+00  1.64304513E+00  1.64473349E+00
   951  3.80400000E+02  1.64473349E+00  1.64304513E+00  1.64473349E+00
   952  3.80800000E+02  1.64473349E+00  1.64304513E+00  1.64473349E+00
   953  3.81200000E+02  1.64473349E+00  1.64304513E+00  1.64473349E+00
   954  3.81600000E+02  1.64473349E+00  1.64304513E+00  1.64473349E+00
   955  3.82000000E+02  1.64473349E+00  1.64304513E+00  1.64473349E+00
   956  3.82400000E+02  1.64473349E+00  1.64304513E+00  1.64473349E+00
   957  3.82800000E+02  1.64473349E+00  1.64304513E+00  1.64473349E+00
   958  3.83200000E+02  1.64473349E+00  1.64304513E+00  1.64473349E+00
   959  3.83600000E+02  1.64473349E+00  1.64304513E+00  1.64473349E+00
   960  3.84000000E+02  1.64473349E+00  1.64304513E+00  1.64473349E+00
   961  3.84400000E+02  1.64473349E+00  1.64304513E+00  1.64473349E+00
   962  3.84800000E+02  1.64473349E+00  1.64304513E+00  1.64473349E+00
   963  3.85200000E+02  1.64473349E+00  1.64304513E+00  1.64473349E+00
   964  3.85600000E+02  1.64473349E+00  1.64304513E+00  1.64473349E+00
   965  3.86000000E+02  1.64473349E+00  1.64304513E+00  1.64473349E+00
   966  3.86400000E+02  1.64473349E+00  1.64304513E+00  1.64473349E+00
   967  3.86800000E+02  1.64473349E+00  1.64304513E+00  1.64473349E+00
   968  3.87200000E+02  1.64473349E+00  1.64304513E+00  1.64473349E+00
   969  3.87600000E+02  1.64473349E+00  1.64304513E+00  1.64473349E+00
   970  3.88000000E+02  1.64473349E+00  1.64304513E+00  1.64473349E+00
   971  3.88400000E+02  1.64473349E+00  1.64304513E+00  1.64473349E+00
   972  3.88800000E+02  1.64473349E+00  1.64304513E+00  1.64473349E+00
   973  3.89200000E+02  1.64473349E+00  1.64304513E+00  1.64473349E+00
   974  3.89600000E+02  1.64473349E+00  1.64304513E+00  1.64473349E+00
   975  3.90000000E+02  1.64473349E+00  1.64304513E+00  1.64473349E+00
   976  3.90400000E+02  1.64473349E+00  1.64304513E+00  1.64473349E+00
   977  3.90800000E+02  1.64473349E+00  1.64304513E+00  1.64473349E+00
   978  3.91200000E+02  1.64473349E+00  1.64304513E+00  1.64473349E+00
   979  3.91600000E+02  1.64473349E+00  1.64304513E+00  1.64473349E+00
   980  3.92000000E+02  1.64473349E+00  1.64304513E+00  1.64473349E+00
   981  3.92400000E+02  1.64473349E+00  1.64304513E+00  1.64473349E+00
   982  3.92800000E+02  1.64473349E+00  1.64304513E+00  1.64473349E+00
   983  3.93200000E+02  1.64473349E+00  1.64304513E+00  1.64473349E+00
   984  3.93600000E+02  1.64473349E+00  1.64304513E+00  1.64473349E+00
   985  3.94000000E+02  1.64473349E+00  1.64304513E+00  1.64473349E+00
   986  3.94400000E+02  1.64473349E+00  1.64304513E+00  1.64473349E+00
   987  3.94800000E+02  1.64473349E+00  1.64304513E+00  1.64473349E+00
   988  3.95200000E+02  1.64473349E+00  1.64304513E+00  1.64473349E+00
   989  3.95600000E+02  1.64473349E+00  1.64304513E+00  1.64473349E+00
   990  3.96000000E+02  1.64473349E+00  1.64304513E+00  1.64473349E+00
   991  3.96400000E+02  1.64473349E+00  1.64304513E+00  1.64473349E+00
   992  3.96800000E+02  1.64473349E+00  1.64304513E+00  1.64473349E+00
   993  3.97200000E+02  1.64473349E+00  1.64304513E+00  1.64473349E+00
   994  3.97600000E+02  1.64473349E+00  1.64304513E+00  1.64473349E+00
   995  3.98000000E+02  1.64473349E+00  1.64304513E+00  1.64473349E+00
   996  3.98400000E+02  1.64473349E+00  1.64304513E+00  1.64473349E+00
   997  3.98800000E+02  1.64473349E+00  1.64304513E+00  1.64473349E+00
   998  3.99200000E+02  1.64473349E+00  1.64304513E+00  1.64473349E+00
   999  3.99600000E+02  1.64473349E+00  1.64304513E+00  1.64473349E+00
  1000  4.00000000E+02  1.64473349E+00  1.64304513E+00  1.64473349E+00
