 comppar: model =   3
 comppar: lambda,mobility/eps,betav,eta_0 =  1.1000E+01  1.0000E-02  1.0000E-01  1.0000E+00
 comppar: eta_s,eta_p,G =  1.0000E-01  9.0000E-01  8.1818E-02
 comppar: U_avg,deltat,flowrate,nsteps =  1.0000E-01  4.0000E-01  3.1416E-01    1000
 comppar: geometry = axisymmetric
 comppar: steady stop change,gap,hold,min =  1.0000E-05  2.0000E-04      10      80
 comppar: steady stop rounded decimals =       4
 comppar: ncompc,ncompg =     4     5
 mesh nnodes = 22999
 mesh nelem = 11296
 P1 BC   5.0000000000000000     
 P2 BC   0.0000000000000000     
     1  4.00000000E-01  1.00503169E+00  1.00000000E+00  1.00503169E+00
     2  8.00000000E-01  1.00983860E+00  1.00000000E+00  1.00983860E+00
     3  1.20000000E+00  1.01440941E+00  1.00000000E+00  1.01440941E+00
     4  1.60000000E+00  1.01883618E+00  1.00000000E+00  1.01883618E+00
     5  2.00000000E+00  1.02317287E+00  1.00000000E+00  1.02317287E+00
     6  2.40000000E+00  1.02749694E+00  1.00000001E+00  1.02749694E+00
     7  2.80000000E+00  1.03187717E+00  1.00000001E+00  1.03187717E+00
     8  3.20000000E+00  1.03637508E+00  1.00000001E+00  1.03637508E+00
     9  3.60000000E+00  1.04103512E+00  1.00000001E+00  1.04103512E+00
    10  4.00000000E+00  1.04589158E+00  1.00000001E+00  1.04589158E+00
    11  4.40000000E+00  1.05097445E+00  1.00000001E+00  1.05097445E+00
    12  4.80000000E+00  1.05630073E+00  1.00000001E+00  1.05630073E+00
    13  5.20000000E+00  1.06188870E+00  1.00000001E+00  1.06188870E+00
    14  5.60000000E+00  1.06774415E+00  1.00000000E+00  1.06774415E+00
    15  6.00000000E+00  1.07386775E+00  1.00000000E+00  1.07386775E+00
    16  6.40000000E+00  1.08024489E+00  9.99999994E-01  1.08024489E+00
    17  6.80000000E+00  1.08686635E+00  9.99999987E-01  1.08686635E+00
    18  7.20000000E+00  1.09372364E+00  9.99999978E-01  1.09372364E+00
    19  7.60000000E+00  1.10078649E+00  9.99999967E-01  1.10078649E+00
    20  8.00000000E+00  1.10802625E+00  9.99999955E-01  1.10802625E+00
    21  8.40000000E+00  1.11541398E+00  9.99999940E-01  1.11541398E+00
    22  8.80000000E+00  1.12291947E+00  9.99999923E-01  1.12291947E+00
    23  9.20000000E+00  1.13051211E+00  9.99999903E-01  1.13051211E+00
    24  9.60000000E+00  1.13816399E+00  9.99999881E-01  1.13816399E+00
    25  1.00000000E+01  1.14587582E+00  9.99999855E-01  1.14587582E+00
    26  1.04000000E+01  1.15359710E+00  9.99999826E-01  1.15359710E+00
    27  1.08000000E+01  1.16130426E+00  9.99999794E-01  1.16130426E+00
    28  1.12000000E+01  1.16901324E+00  9.99999758E-01  1.16901324E+00
    29  1.16000000E+01  1.17669819E+00  9.99999719E-01  1.17669819E+00
    30  1.20000000E+01  1.18432411E+00  9.99999674E-01  1.18432411E+00
    31  1.24000000E+01  1.19193229E+00  9.99999626E-01  1.19193229E+00
    32  1.28000000E+01  1.19947751E+00  9.99999572E-01  1.19947751E+00
    33  1.32000000E+01  1.20694542E+00  9.99999513E-01  1.20694542E+00
    34  1.36000000E+01  1.21439320E+00  9.99999449E-01  1.21439320E+00
    35  1.40000000E+01  1.22174763E+00  9.99999379E-01  1.22174763E+00
    36  1.44000000E+01  1.22907354E+00  9.99999303E-01  1.22907354E+00
    37  1.48000000E+01  1.23631857E+00  9.99999220E-01  1.23631857E+00
    38  1.52000000E+01  1.24352126E+00  9.99999130E-01  1.24352126E+00
    39  1.56000000E+01  1.25066075E+00  9.99999034E-01  1.25066075E+00
    40  1.60000000E+01  1.25769861E+00  9.99998929E-01  1.25769861E+00
    41  1.64000000E+01  1.26469479E+00  9.99998817E-01  1.26469479E+00
    42  1.68000000E+01  1.27161977E+00  9.99998696E-01  1.27161977E+00
    43  1.72000000E+01  1.27844164E+00  9.99998567E-01  1.27844164E+00
    44  1.76000000E+01  1.28520298E+00  9.99998428E-01  1.28520298E+00
    45  1.80000000E+01  1.29191597E+00  9.99998280E-01  1.29191597E+00
    46  1.84000000E+01  1.29852839E+00  9.99998122E-01  1.29852839E+00
    47  1.88000000E+01  1.30513444E+00  9.99997954E-01  1.30513444E+00
    48  1.92000000E+01  1.31164216E+00  9.99997774E-01  1.31164216E+00
    49  1.96000000E+01  1.31805100E+00  9.99997584E-01  1.31805100E+00
    50  2.00000000E+01  1.32445350E+00  9.99997382E-01  1.32445350E+00
    51  2.04000000E+01  1.33076905E+00  9.99997167E-01  1.33076905E+00
    52  2.08000000E+01  1.33698781E+00  9.99996940E-01  1.33698781E+00
    53  2.12000000E+01  1.34315221E+00  9.99996699E-01  1.34315221E+00
    54  2.16000000E+01  1.34928227E+00  9.99996445E-01  1.34928227E+00
    55  2.20000000E+01  1.35531687E+00  9.99996176E-01  1.35531687E+00
    56  2.24000000E+01  1.36127691E+00  9.99995892E-01  1.36127691E+00
    57  2.28000000E+01  1.36723197E+00  9.99995592E-01  1.36723197E+00
    58  2.32000000E+01  1.37309316E+00  9.99995275E-01  1.37309316E+00
    59  2.36000000E+01  1.37886096E+00  9.99994942E-01  1.37886096E+00
    60  2.40000000E+01  1.38463632E+00  9.99994591E-01  1.38463632E+00
    61  2.44000000E+01  1.39032865E+00  9.99994222E-01  1.39032865E+00
    62  2.48000000E+01  1.39592966E+00  9.99993833E-01  1.39592966E+00
    63  2.52000000E+01  1.40151147E+00  9.99993425E-01  1.40151147E+00
    64  2.56000000E+01  1.40704679E+00  9.99992996E-01  1.40704679E+00
    65  2.60000000E+01  1.41249290E+00  9.99992546E-01  1.41249290E+00
    66  2.64000000E+01  1.41787303E+00  9.99992073E-01  1.41787303E+00
    67  2.68000000E+01  1.42325586E+00  9.99991578E-01  1.42325586E+00
    68  2.72000000E+01  1.42855148E+00  9.99991058E-01  1.42855148E+00
    69  2.76000000E+01  1.43376034E+00  9.99990514E-01  1.43376034E+00
    70  2.80000000E+01  1.43888281E+00  9.99989944E-01  1.43888281E+00
    71  2.84000000E+01  1.44403645E+00  9.99989348E-01  1.44403645E+00
    72  2.88000000E+01  1.44910908E+00  9.99988724E-01  1.44910908E+00
    73  2.92000000E+01  1.45409687E+00  9.99988072E-01  1.45409687E+00
    74  2.96000000E+01  1.45899987E+00  9.99987390E-01  1.45899987E+00
    75  3.00000000E+01  1.46391133E+00  9.99986677E-01  1.46391133E+00
    76  3.04000000E+01  1.46876977E+00  9.99985932E-01  1.46876977E+00
    77  3.08000000E+01  1.47354404E+00  9.99985153E-01  1.47354404E+00
    78  3.12000000E+01  1.47825447E+00  9.99984341E-01  1.47825447E+00
    79  3.16000000E+01  1.48299173E+00  9.99983492E-01  1.48299173E+00
    80  3.20000000E+01  1.48764480E+00  9.99982606E-01  1.48764480E+00
    81  3.24000000E+01  1.49221313E+00  9.99981681E-01  1.49221313E+00
    82  3.28000000E+01  1.49677131E+00  9.99980716E-01  1.49677131E+00
    83  3.32000000E+01  1.50130269E+00  9.99979709E-01  1.50130269E+00
    84  3.36000000E+01  1.50574903E+00  9.99978658E-01  1.50574903E+00
    85  3.40000000E+01  1.51010984E+00  9.99977561E-01  1.51010984E+00
    86  3.44000000E+01  1.51446234E+00  9.99976417E-01  1.51446234E+00
    87  3.48000000E+01  1.51878825E+00  9.99975225E-01  1.51878825E+00
    88  3.52000000E+01  1.52302824E+00  9.99973981E-01  1.52302824E+00
    89  3.56000000E+01  1.52718192E+00  9.99972683E-01  1.52718192E+00
    90  3.60000000E+01  1.53134815E+00  9.99971331E-01  1.53134815E+00
    91  3.64000000E+01  1.53546756E+00  9.99969922E-01  1.53546756E+00
    92  3.68000000E+01  1.53949976E+00  9.99968454E-01  1.53949976E+00
    93  3.72000000E+01  1.54346864E+00  9.99966924E-01  1.54346864E+00
    94  3.76000000E+01  1.54746634E+00  9.99965330E-01  1.54746634E+00
    95  3.80000000E+01  1.55137670E+00  9.99963670E-01  1.55137670E+00
    96  3.84000000E+01  1.55520028E+00  9.99961941E-01  1.55520028E+00
    97  3.88000000E+01  1.55905576E+00  9.99960143E-01  1.55905576E+00
    98  3.92000000E+01  1.56284598E+00  9.99958272E-01  1.56284598E+00
    99  3.96000000E+01  1.56655075E+00  9.99956326E-01  1.56655075E+00
   100  4.00000000E+01  1.57023535E+00  9.99954304E-01  1.57023535E+00
   101  4.04000000E+01  1.57390911E+00  9.99952203E-01  1.57390911E+00
   102  4.08000000E+01  1.57749993E+00  9.99950021E-01  1.57749993E+00
   103  4.12000000E+01  1.58101067E+00  9.99947756E-01  1.58101067E+00
   104  4.16000000E+01  1.58455040E+00  9.99945406E-01  1.58455040E+00
   105  4.20000000E+01  1.58803326E+00  9.99942969E-01  1.58803326E+00
   106  4.24000000E+01  1.59144100E+00  9.99940442E-01  1.59144100E+00
   107  4.28000000E+01  1.59478476E+00  9.99937824E-01  1.59478476E+00
   108  4.32000000E+01  1.59816895E+00  9.99935112E-01  1.59816895E+00
   109  4.36000000E+01  1.60148368E+00  9.99932304E-01  1.60148368E+00
   110  4.40000000E+01  1.60473275E+00  9.99929398E-01  1.60473275E+00
   111  4.44000000E+01  1.60795803E+00  9.99926390E-01  1.60795803E+00
   112  4.48000000E+01  1.61118703E+00  9.99923279E-01  1.61118703E+00
   113  4.52000000E+01  1.61435328E+00  9.99920061E-01  1.61435328E+00
   114  4.56000000E+01  1.61745529E+00  9.99916734E-01  1.61745529E+00
   115  4.60000000E+01  1.62058422E+00  9.99913295E-01  1.62058422E+00
   116  4.64000000E+01  1.62366607E+00  9.99909740E-01  1.62366607E+00
   117  4.68000000E+01  1.62667571E+00  9.99906068E-01  1.62667571E+00
   118  4.72000000E+01  1.62966102E+00  9.99902276E-01  1.62966102E+00
   119  4.76000000E+01  1.63265345E+00  9.99898359E-01  1.63265345E+00
   120  4.80000000E+01  1.63556005E+00  9.99894316E-01  1.63556005E+00
   121  4.84000000E+01  1.63839679E+00  9.99890142E-01  1.63839679E+00
   122  4.88000000E+01  1.64127795E+00  9.99885835E-01  1.64127795E+00
   123  4.92000000E+01  1.64405198E+00  9.99881392E-01  1.64405198E+00
   124  4.96000000E+01  1.64680150E+00  9.99876809E-01  1.64680150E+00
   125  5.00000000E+01  1.64955807E+00  9.99872083E-01  1.64955807E+00
   126  5.04000000E+01  1.65218497E+00  9.99867210E-01  1.65218497E+00
   127  5.08000000E+01  1.65487482E+00  9.99862188E-01  1.65487482E+00
   128  5.12000000E+01  1.65747863E+00  9.99857013E-01  1.65747863E+00
   129  5.16000000E+01  1.66002529E+00  9.99851681E-01  1.66002529E+00
   130  5.20000000E+01  1.66261195E+00  9.99846190E-01  1.66261195E+00
   131  5.24000000E+01  1.66504857E+00  9.99840536E-01  1.66504857E+00
   132  5.28000000E+01  1.66753962E+00  9.99834715E-01  1.66753962E+00
   133  5.32000000E+01  1.66995635E+00  9.99828725E-01  1.66995635E+00
   134  5.36000000E+01  1.67231338E+00  9.99822561E-01  1.67231338E+00
   135  5.40000000E+01  1.67471272E+00  9.99816220E-01  1.67471272E+00
   136  5.44000000E+01  1.67695101E+00  9.99809699E-01  1.67695101E+00
   137  5.48000000E+01  1.67927984E+00  9.99802994E-01  1.67927984E+00
   138  5.52000000E+01  1.68150169E+00  9.99796102E-01  1.68150169E+00
   139  5.56000000E+01  1.68369739E+00  9.99789020E-01  1.68369739E+00
   140  5.60000000E+01  1.68590140E+00  9.99781745E-01  1.68590140E+00
   141  5.64000000E+01  1.68794585E+00  9.99774274E-01  1.68794585E+00
   142  5.68000000E+01  1.69011360E+00  9.99766602E-01  1.69011360E+00
   143  5.72000000E+01  1.69214692E+00  9.99758728E-01  1.69214692E+00
   144  5.76000000E+01  1.69418480E+00  9.99750647E-01  1.69418480E+00
   145  5.80000000E+01  1.69620080E+00  9.99742357E-01  1.69620080E+00
   146  5.84000000E+01  1.69809016E+00  9.99733855E-01  1.69809016E+00
   147  5.88000000E+01  1.70009595E+00  9.99725138E-01  1.70009595E+00
   148  5.92000000E+01  1.70195983E+00  9.99716203E-01  1.70195983E+00
   149  5.96000000E+01  1.70385512E+00  9.99707050E-01  1.70385512E+00
   150  6.00000000E+01  1.70570279E+00  9.99697674E-01  1.70570279E+00
   151  6.04000000E+01  1.70746307E+00  9.99688074E-01  1.70746307E+00
   152  6.08000000E+01  1.70930386E+00  9.99678247E-01  1.70930386E+00
   153  6.12000000E+01  1.71102479E+00  9.99668191E-01  1.71102479E+00
   154  6.16000000E+01  1.71276305E+00  9.99657905E-01  1.71276305E+00
   155  6.20000000E+01  1.71446854E+00  9.99647388E-01  1.71446854E+00
   156  6.24000000E+01  1.71608232E+00  9.99636637E-01  1.71608232E+00
   157  6.28000000E+01  1.71778273E+00  9.99625653E-01  1.71778273E+00
   158  6.32000000E+01  1.71939014E+00  9.99614434E-01  1.71939014E+00
   159  6.36000000E+01  1.72095696E+00  9.99602981E-01  1.72095696E+00
   160  6.40000000E+01  1.72255168E+00  9.99591292E-01  1.72255168E+00
   161  6.44000000E+01  1.72408027E+00  9.99579369E-01  1.72408027E+00
   162  6.48000000E+01  1.72560951E+00  9.99567211E-01  1.72560951E+00
   163  6.52000000E+01  1.72713134E+00  9.99554820E-01  1.72713134E+00
   164  6.56000000E+01  1.72860641E+00  9.99542198E-01  1.72860641E+00
   165  6.60000000E+01  1.73004866E+00  9.99529346E-01  1.73004866E+00
   166  6.64000000E+01  1.73150164E+00  9.99516267E-01  1.73150164E+00
   167  6.68000000E+01  1.73293640E+00  9.99502964E-01  1.73293640E+00
   168  6.72000000E+01  1.73434481E+00  9.99489440E-01  1.73434481E+00
   169  6.76000000E+01  1.73572307E+00  9.99475699E-01  1.73572307E+00
   170  6.80000000E+01  1.73711686E+00  9.99461745E-01  1.73711686E+00
   171  6.84000000E+01  1.73848156E+00  9.99447584E-01  1.73848156E+00
   172  6.88000000E+01  1.73980793E+00  9.99433221E-01  1.73980793E+00
   173  6.92000000E+01  1.74112373E+00  9.99418664E-01  1.74112373E+00
   174  6.96000000E+01  1.74244607E+00  9.99403920E-01  1.74244607E+00
   175  7.00000000E+01  1.74372087E+00  9.99388997E-01  1.74372087E+00
   176  7.04000000E+01  1.74497374E+00  9.99373905E-01  1.74497374E+00
   177  7.08000000E+01  1.74624017E+00  9.99358652E-01  1.74624017E+00
   178  7.12000000E+01  1.74745556E+00  9.99343250E-01  1.74745556E+00
   179  7.16000000E+01  1.74866242E+00  9.99327711E-01  1.74866242E+00
   180  7.20000000E+01  1.74987389E+00  9.99312046E-01  1.74987389E+00
   181  7.24000000E+01  1.75103239E+00  9.99296272E-01  1.75103239E+00
   182  7.28000000E+01  1.75218098E+00  9.99280401E-01  1.75218098E+00
   183  7.32000000E+01  1.75333781E+00  9.99264452E-01  1.75333781E+00
   184  7.36000000E+01  1.75444799E+00  9.99248441E-01  1.75444799E+00
   185  7.40000000E+01  1.75555189E+00  9.99232388E-01  1.75555189E+00
   186  7.44000000E+01  1.75665749E+00  9.99216313E-01  1.75665749E+00
   187  7.48000000E+01  1.75772319E+00  9.99200238E-01  1.75772319E+00
   188  7.52000000E+01  1.75877300E+00  9.99184186E-01  1.75877300E+00
   189  7.56000000E+01  1.75983867E+00  9.99168182E-01  1.75983867E+00
   190  7.60000000E+01  1.76087160E+00  9.99152253E-01  1.76087160E+00
   191  7.64000000E+01  1.76187708E+00  9.99136427E-01  1.76187708E+00
   192  7.68000000E+01  1.76288582E+00  9.99120736E-01  1.76288582E+00
   193  7.72000000E+01  1.76388596E+00  9.99105212E-01  1.76388596E+00
   194  7.76000000E+01  1.76485947E+00  9.99089889E-01  1.76485947E+00
   195  7.80000000E+01  1.76581182E+00  9.99074803E-01  1.76581182E+00
   196  7.84000000E+01  1.76677807E+00  9.99059995E-01  1.76677807E+00
   197  7.88000000E+01  1.76770994E+00  9.99045506E-01  1.76770994E+00
   198  7.92000000E+01  1.76860615E+00  9.99031378E-01  1.76860615E+00
   199  7.96000000E+01  1.76953348E+00  9.99017660E-01  1.76953348E+00
   200  8.00000000E+01  1.77041706E+00  9.99004401E-01  1.77041706E+00
   201  8.04000000E+01  1.77127433E+00  9.98991652E-01  1.77127433E+00
   202  8.08000000E+01  1.77214847E+00  9.98979469E-01  1.77214847E+00
   203  8.12000000E+01  1.77296729E+00  9.98967910E-01  1.77296729E+00
   204  8.16000000E+01  1.77380580E+00  9.98957037E-01  1.77380580E+00
   205  8.20000000E+01  1.77462089E+00  9.98946915E-01  1.77462089E+00
   206  8.24000000E+01  1.77537946E+00  9.98937612E-01  1.77537946E+00
   207  8.28000000E+01  1.77618676E+00  9.98929203E-01  1.77618676E+00
   208  8.32000000E+01  1.77693105E+00  9.98921762E-01  1.77693105E+00
   209  8.36000000E+01  1.77768843E+00  9.98915370E-01  1.77768843E+00
   210  8.40000000E+01  1.77842949E+00  9.98910113E-01  1.77842949E+00
   211  8.44000000E+01  1.77911320E+00  9.98906079E-01  1.77911320E+00
   212  8.48000000E+01  1.77984911E+00  9.98903362E-01  1.77984911E+00
   213  8.52000000E+01  1.78051954E+00  9.98902062E-01  1.78051954E+00
   214  8.56000000E+01  1.78121037E+00  9.98902282E-01  1.78121037E+00
   215  8.60000000E+01  1.78187771E+00  9.98904131E-01  1.78187771E+00
   216  8.64000000E+01  1.78249619E+00  9.98907725E-01  1.78249619E+00
   217  8.68000000E+01  1.78316120E+00  9.98913183E-01  1.78316120E+00
   218  8.72000000E+01  1.78376369E+00  9.98920633E-01  1.78376369E+00
   219  8.76000000E+01  1.78438873E+00  9.98930207E-01  1.78438873E+00
   220  8.80000000E+01  1.78498824E+00  9.98942045E-01  1.78498824E+00
   221  8.84000000E+01  1.78554749E+00  9.98956293E-01  1.78554749E+00
   222  8.88000000E+01  1.78614694E+00  9.98973104E-01  1.78614694E+00
   223  8.92000000E+01  1.78669129E+00  9.98992638E-01  1.78669129E+00
   224  8.96000000E+01  1.78725124E+00  9.99015066E-01  1.78725124E+00
   225  9.00000000E+01  1.78779262E+00  9.99040562E-01  1.78779262E+00
   226  9.04000000E+01  1.78829566E+00  9.99069312E-01  1.78829566E+00
   227  9.08000000E+01  1.78883837E+00  9.99101509E-01  1.78883837E+00
   228  9.12000000E+01  1.78933614E+00  9.99137355E-01  1.78933614E+00
   229  9.16000000E+01  1.78982941E+00  9.99177063E-01  1.78982941E+00
   230  9.20000000E+01  1.79032428E+00  9.99220854E-01  1.79032428E+00
   231  9.24000000E+01  1.79078551E+00  9.99268960E-01  1.79078551E+00
   232  9.28000000E+01  1.79126528E+00  9.99321624E-01  1.79126528E+00
   233  9.32000000E+01  1.79172770E+00  9.99379100E-01  1.79172770E+00
   234  9.36000000E+01  1.79216695E+00  9.99441651E-01  1.79216695E+00
   235  9.40000000E+01  1.79261060E+00  9.99509557E-01  1.79261060E+00
   236  9.44000000E+01  1.79304692E+00  9.99583105E-01  1.79304692E+00
   237  9.48000000E+01  1.79346940E+00  9.99662597E-01  1.79346940E+00
   238  9.52000000E+01  1.79388954E+00  9.99748351E-01  1.79388954E+00
   239  9.56000000E+01  1.79430979E+00  9.99840694E-01  1.79430979E+00
   240  9.60000000E+01  1.79471954E+00  9.99939971E-01  1.79471954E+00
   241  9.64000000E+01  1.79511952E+00  1.00004654E+00  1.79511952E+00
   242  9.68000000E+01  1.79550568E+00  1.00016078E+00  1.79550568E+00
   243  9.72000000E+01  1.79589910E+00  1.00028307E+00  1.79589910E+00
   244  9.76000000E+01  1.79628405E+00  1.00041384E+00  1.79628405E+00
   245  9.80000000E+01  1.79664797E+00  1.00055349E+00  1.79664797E+00
   246  9.84000000E+01  1.79701967E+00  1.00070247E+00  1.79701967E+00
   247  9.88000000E+01  1.79737789E+00  1.00086125E+00  1.79737789E+00
   248  9.92000000E+01  1.79771302E+00  1.00103031E+00  1.79771302E+00
   249  9.96000000E+01  1.79807053E+00  1.00121015E+00  1.79807053E+00
   250  1.00000000E+02  1.79839929E+00  1.00140128E+00  1.79839929E+00
   251  1.00400000E+02  1.79871911E+00  1.00160426E+00  1.79871911E+00
   252  1.00800000E+02  1.79904375E+00  1.00181965E+00  1.79904375E+00
   253  1.01200000E+02  1.79933336E+00  1.00204804E+00  1.79933336E+00
   254  1.01600000E+02  1.79965685E+00  1.00229005E+00  1.79965685E+00
   255  1.02000000E+02  1.79994621E+00  1.00254630E+00  1.79994621E+00
   256  1.02400000E+02  1.80022669E+00  1.00281747E+00  1.80022669E+00
   257  1.02800000E+02  1.80051382E+00  1.00310425E+00  1.80051382E+00
   258  1.03200000E+02  1.80076784E+00  1.00340735E+00  1.80076784E+00
   259  1.03600000E+02  1.80105480E+00  1.00372753E+00  1.80105480E+00
   260  1.04000000E+02  1.80130315E+00  1.00406555E+00  1.80130315E+00
   261  1.04400000E+02  1.80155516E+00  1.00442222E+00  1.80155516E+00
   262  1.04800000E+02  1.80180306E+00  1.00479838E+00  1.80180306E+00
   263  1.05200000E+02  1.80203074E+00  1.00519490E+00  1.80203074E+00
   264  1.05600000E+02  1.80227850E+00  1.00561268E+00  1.80227850E+00
   265  1.06000000E+02  1.80248666E+00  1.00605266E+00  1.80248666E+00
   266  1.06400000E+02  1.80271541E+00  1.00651581E+00  1.80271541E+00
   267  1.06800000E+02  1.80292459E+00  1.00700313E+00  1.80292459E+00
   268  1.07200000E+02  1.80313032E+00  1.00751567E+00  1.80313032E+00
   269  1.07600000E+02  1.80333927E+00  1.00805452E+00  1.80333927E+00
   270  1.08000000E+02  1.80351111E+00  1.00862078E+00  1.80351111E+00
   271  1.08400000E+02  1.80372080E+00  1.00921563E+00  1.80372080E+00
   272  1.08800000E+02  1.80389355E+00  1.00984026E+00  1.80389355E+00
   273  1.09200000E+02  1.80408178E+00  1.01049592E+00  1.80408178E+00
   274  1.09600000E+02  1.80425407E+00  1.01118388E+00  1.80425407E+00
   275  1.10000000E+02  1.80441148E+00  1.01190548E+00  1.80441148E+00
   276  1.10400000E+02  1.80458543E+00  1.01266208E+00  1.80458543E+00
   277  1.10800000E+02  1.80472520E+00  1.01345510E+00  1.80472520E+00
   278  1.11200000E+02  1.80489642E+00  1.01428600E+00  1.80489642E+00
   279  1.11600000E+02  1.80503548E+00  1.01515628E+00  1.80503548E+00
   280  1.12000000E+02  1.80518095E+00  1.01606748E+00  1.80518095E+00
   281  1.12400000E+02  1.80532205E+00  1.01702121E+00  1.80532205E+00
   282  1.12800000E+02  1.80544772E+00  1.01801909E+00  1.80544772E+00
   283  1.13200000E+02  1.80558829E+00  1.01906281E+00  1.80558829E+00
   284  1.13600000E+02  1.80569807E+00  1.02015411E+00  1.80569807E+00
   285  1.14000000E+02  1.80583251E+00  1.02129474E+00  1.80583251E+00
   286  1.14400000E+02  1.80594423E+00  1.02248654E+00  1.80594423E+00
   287  1.14800000E+02  1.80605885E+00  1.02373135E+00  1.80605885E+00
   288  1.15200000E+02  1.80616981E+00  1.02503108E+00  1.80616981E+00
   289  1.15600000E+02  1.80626470E+00  1.02638766E+00  1.80626470E+00
   290  1.16000000E+02  1.80637754E+00  1.02780307E+00  1.80637754E+00
   291  1.16400000E+02  1.80646337E+00  1.02927932E+00  1.80646337E+00
   292  1.16800000E+02  1.80656717E+00  1.03081845E+00  1.80656717E+00
   293  1.17200000E+02  1.80665203E+00  1.03242255E+00  1.80665203E+00
   294  1.17600000E+02  1.80674015E+00  1.03409371E+00  1.80674015E+00
   295  1.18000000E+02  1.80682652E+00  1.03583407E+00  1.80682652E+00
   296  1.18400000E+02  1.80689730E+00  1.03764577E+00  1.80689730E+00
   297  1.18800000E+02  1.80698289E+00  1.03953097E+00  1.80698289E+00
   298  1.19200000E+02  1.80704478E+00  1.04149185E+00  1.80704478E+00
   299  1.19600000E+02  1.80712615E+00  1.04353058E+00  1.80712615E+00
   300  1.20000000E+02  1.80718891E+00  1.04564934E+00  1.80718891E+00
   301  1.20400000E+02  1.80725367E+00  1.04785030E+00  1.80725367E+00
   302  1.20800000E+02  1.80731551E+00  1.05013562E+00  1.80731551E+00
   303  1.21200000E+02  1.80736931E+00  1.05250743E+00  1.80736931E+00
   304  1.21600000E+02  1.80743219E+00  1.05496785E+00  1.80743219E+00
   305  1.22000000E+02  1.80747357E+00  1.05751894E+00  1.80747357E+00
   306  1.22400000E+02  1.80753346E+00  1.06016274E+00  1.80753346E+00
   307  1.22800000E+02  1.80757387E+00  1.06290122E+00  1.80757387E+00
   308  1.23200000E+02  1.80762541E+00  1.06573630E+00  1.80762541E+00
   309  1.23600000E+02  1.80766619E+00  1.06866981E+00  1.80766619E+00
   310  1.24000000E+02  1.80770385E+00  1.07170352E+00  1.80770385E+00
   311  1.24400000E+02  1.80774380E+00  1.07483911E+00  1.80774380E+00
   312  1.24800000E+02  1.80777400E+00  1.07807813E+00  1.80777400E+00
   313  1.25200000E+02  1.80781451E+00  1.08142206E+00  1.80781451E+00
   314  1.25600000E+02  1.80783468E+00  1.08487224E+00  1.80783468E+00
   315  1.26000000E+02  1.80787260E+00  1.08842988E+00  1.80787260E+00
   316  1.26400000E+02  1.80789197E+00  1.09209606E+00  1.80789197E+00
   317  1.26800000E+02  1.80792483E+00  1.09587172E+00  1.80792483E+00
   318  1.27200000E+02  1.80794415E+00  1.09975763E+00  1.80794415E+00
   319  1.27600000E+02  1.80796572E+00  1.10375441E+00  1.80796572E+00
   320  1.28000000E+02  1.80798434E+00  1.10786251E+00  1.80798434E+00
   321  1.28400000E+02  1.80800089E+00  1.11208221E+00  1.80800089E+00
   322  1.28800000E+02  1.80801969E+00  1.11641359E+00  1.80801969E+00
   323  1.29200000E+02  1.80802634E+00  1.12085659E+00  1.80802634E+00
   324  1.29600000E+02  1.80804455E+00  1.12541092E+00  1.80804455E+00
   325  1.30000000E+02  1.80804711E+00  1.13007613E+00  1.80804711E+00
   326  1.30400000E+02  1.80806571E+00  1.13485157E+00  1.80806571E+00
   327  1.30800000E+02  1.80806375E+00  1.13973640E+00  1.80806375E+00
   328  1.31200000E+02  1.80807773E+00  1.14472960E+00  1.80807773E+00
   329  1.31600000E+02  1.80807522E+00  1.14982996E+00  1.80807522E+00
   330  1.32000000E+02  1.80808626E+00  1.15503611E+00  1.80808626E+00
   331  1.32400000E+02  1.80808366E+00  1.16034646E+00  1.80808366E+00
   332  1.32800000E+02  1.80808688E+00  1.16575930E+00  1.80808688E+00
   333  1.33200000E+02  1.80808385E+00  1.17127273E+00  1.80808385E+00
   334  1.33600000E+02  1.80808488E+00  1.17688470E+00  1.80808488E+00
   335  1.34000000E+02  1.80808199E+00  1.18259300E+00  1.80808199E+00
   336  1.34400000E+02  1.80807605E+00  1.18839532E+00  1.80807605E+00
   337  1.34800000E+02  1.80807282E+00  1.19428918E+00  1.80807282E+00
   338  1.35200000E+02  1.80806463E+00  1.20027200E+00  1.80806463E+00
   339  1.35600000E+02  1.80806171E+00  1.20634111E+00  1.80806171E+00
   340  1.36000000E+02  1.80804723E+00  1.21249371E+00  1.80804723E+00
   341  1.36400000E+02  1.80804407E+00  1.21872693E+00  1.80804407E+00
   342  1.36800000E+02  1.80802763E+00  1.22503782E+00  1.80802763E+00
   343  1.37200000E+02  1.80802495E+00  1.23142337E+00  1.80802495E+00
   344  1.37600000E+02  1.80800311E+00  1.23788052E+00  1.80800311E+00
   345  1.38000000E+02  1.80800027E+00  1.24440613E+00  1.80800027E+00
   346  1.38400000E+02  1.80797683E+00  1.25099707E+00  1.80797683E+00
   347  1.38800000E+02  1.80797463E+00  1.25765013E+00  1.80797463E+00
   348  1.39200000E+02  1.80795050E+00  1.26436212E+00  1.80795050E+00
   349  1.39600000E+02  1.80794435E+00  1.27112981E+00  1.80794435E+00
   350  1.40000000E+02  1.80792008E+00  1.27794997E+00  1.80792008E+00
   351  1.40400000E+02  1.80791344E+00  1.28481937E+00  1.80791344E+00
   352  1.40800000E+02  1.80788948E+00  1.29173479E+00  1.80788948E+00
   353  1.41200000E+02  1.80787859E+00  1.29869299E+00  1.80787859E+00
   354  1.41600000E+02  1.80785456E+00  1.30569077E+00  1.80785456E+00
   355  1.42000000E+02  1.80784318E+00  1.31272492E+00  1.80784318E+00
   356  1.42400000E+02  1.80781961E+00  1.31979227E+00  1.80781961E+00
   357  1.42800000E+02  1.80780449E+00  1.32688965E+00  1.80780449E+00
   358  1.43200000E+02  1.80778091E+00  1.33401389E+00  1.80778091E+00
   359  1.43600000E+02  1.80776555E+00  1.34116188E+00  1.80776555E+00
   360  1.44000000E+02  1.80774257E+00  1.34833049E+00  1.80774257E+00
   361  1.44400000E+02  1.80772416E+00  1.35551660E+00  1.80772416E+00
   362  1.44800000E+02  1.80770126E+00  1.36271713E+00  1.80770126E+00
   363  1.45200000E+02  1.80768280E+00  1.36992899E+00  1.80768280E+00
   364  1.45600000E+02  1.80772152E+00  1.37714909E+00  1.80772152E+00
   365  1.46000000E+02  1.80779579E+00  1.38437436E+00  1.80779579E+00
   366  1.46400000E+02  1.80786893E+00  1.39160172E+00  1.80786893E+00
   367  1.46800000E+02  1.80793792E+00  1.39882809E+00  1.80793792E+00
   368  1.47200000E+02  1.80800247E+00  1.40605040E+00  1.80800247E+00
   369  1.47600000E+02  1.80807092E+00  1.41326556E+00  1.80807092E+00
   370  1.48000000E+02  1.80813462E+00  1.42047047E+00  1.80813462E+00
   371  1.48400000E+02  1.80819277E+00  1.42766206E+00  1.80819277E+00
   372  1.48800000E+02  1.80825378E+00  1.43483722E+00  1.80825378E+00
   373  1.49200000E+02  1.80831200E+00  1.44199287E+00  1.80831200E+00
   374  1.49600000E+02  1.80836386E+00  1.44912591E+00  1.80836386E+00
   375  1.50000000E+02  1.80841786E+00  1.45623328E+00  1.80841786E+00
   376  1.50400000E+02  1.80846951E+00  1.46331191E+00  1.80846951E+00
   377  1.50800000E+02  1.80851431E+00  1.47035877E+00  1.80851431E+00
   378  1.51200000E+02  1.80856406E+00  1.47737085E+00  1.80856406E+00
   379  1.51600000E+02  1.80860900E+00  1.48434520E+00  1.80860900E+00
   380  1.52000000E+02  1.80864668E+00  1.49127888E+00  1.80864668E+00
   381  1.52400000E+02  1.80869112E+00  1.49816905E+00  1.80869112E+00
   382  1.52800000E+02  1.80872903E+00  1.50501289E+00  1.80872903E+00
   383  1.53200000E+02  1.80876345E+00  1.51180767E+00  1.80876345E+00
   384  1.53600000E+02  1.80880151E+00  1.51855075E+00  1.80880151E+00
   385  1.54000000E+02  1.80883247E+00  1.52523956E+00  1.80883247E+00
   386  1.54400000E+02  1.80886316E+00  1.53187161E+00  1.80886316E+00
   387  1.54800000E+02  1.80889451E+00  1.53844452E+00  1.80889451E+00
   388  1.55200000E+02  1.80891927E+00  1.54495600E+00  1.80891927E+00
   389  1.55600000E+02  1.80894800E+00  1.55140386E+00  1.80894800E+00
   390  1.56000000E+02  1.80897283E+00  1.55778601E+00  1.80897283E+00
   391  1.56400000E+02  1.80899234E+00  1.56410045E+00  1.80899234E+00
   392  1.56800000E+02  1.80901763E+00  1.57034532E+00  1.80901763E+00
   393  1.57200000E+02  1.80903707E+00  1.57651881E+00  1.80903707E+00
   394  1.57600000E+02  1.80905441E+00  1.58261927E+00  1.80905441E+00
   395  1.58000000E+02  1.80907386E+00  1.58864509E+00  1.80907386E+00
   396  1.58400000E+02  1.80908835E+00  1.59459481E+00  1.80908835E+00
   397  1.58800000E+02  1.80910295E+00  1.60046705E+00  1.80910295E+00
   398  1.59200000E+02  1.80911785E+00  1.60626052E+00  1.80911785E+00
   399  1.59600000E+02  1.80912884E+00  1.61197403E+00  1.80912884E+00
   400  1.60000000E+02  1.80913962E+00  1.61760651E+00  1.80913962E+00
   401  1.60400000E+02  1.80915051E+00  1.62315695E+00  1.80915051E+00
   402  1.60800000E+02  1.80915856E+00  1.62862444E+00  1.80915856E+00
   403  1.61200000E+02  1.80916655E+00  1.63400817E+00  1.80916655E+00
   404  1.61600000E+02  1.80917473E+00  1.63930743E+00  1.80917473E+00
   405  1.62000000E+02  1.80918091E+00  1.64452156E+00  1.80918091E+00
   406  1.62400000E+02  1.80918587E+00  1.64965001E+00  1.80918587E+00
   407  1.62800000E+02  1.80919006E+00  1.65469231E+00  1.80919006E+00
   408  1.63200000E+02  1.80919450E+00  1.65964806E+00  1.80919450E+00
   409  1.63600000E+02  1.80919860E+00  1.66451692E+00  1.80919860E+00
   410  1.64000000E+02  1.80920208E+00  1.66929862E+00  1.80920208E+00
   411  1.64400000E+02  1.80920476E+00  1.67399294E+00  1.80920476E+00
   412  1.64800000E+02  1.80920623E+00  1.67859973E+00  1.80920623E+00
   413  1.65200000E+02  1.80920763E+00  1.68311886E+00  1.80920763E+00
   414  1.65600000E+02  1.80920882E+00  1.68755023E+00  1.80920882E+00
   415  1.66000000E+02  1.80920850E+00  1.69189377E+00  1.80920850E+00
   416  1.66400000E+02  1.80920645E+00  1.69614941E+00  1.80920645E+00
   417  1.66800000E+02  1.80920624E+00  1.70031711E+00  1.80920624E+00
   418  1.67200000E+02  1.80920417E+00  1.70439680E+00  1.80920417E+00
   419  1.67600000E+02  1.80920003E+00  1.70838842E+00  1.80920003E+00
   420  1.68000000E+02  1.80919681E+00  1.71229190E+00  1.80919681E+00
   421  1.68400000E+02  1.80919283E+00  1.71610714E+00  1.80919283E+00
   422  1.68800000E+02  1.80918693E+00  1.71983405E+00  1.80918693E+00
   423  1.69200000E+02  1.80918161E+00  1.72347250E+00  1.80918161E+00
   424  1.69600000E+02  1.80917580E+00  1.72702235E+00  1.80917580E+00
   425  1.70000000E+02  1.80916826E+00  1.73048343E+00  1.80916826E+00
   426  1.70400000E+02  1.80916009E+00  1.73385554E+00  1.80916009E+00
   427  1.70800000E+02  1.80915283E+00  1.73713846E+00  1.80915283E+00
   428  1.71200000E+02  1.80914428E+00  1.74033191E+00  1.80914428E+00
   429  1.71600000E+02  1.80913497E+00  1.74343556E+00  1.80913497E+00
   430  1.72000000E+02  1.80912550E+00  1.74644900E+00  1.80912550E+00
   431  1.72400000E+02  1.80911672E+00  1.74937171E+00  1.80911672E+00
   432  1.72800000E+02  1.80911223E+00  1.75220310E+00  1.80911223E+00
   433  1.73200000E+02  1.80910808E+00  1.75494243E+00  1.80910808E+00
   434  1.73600000E+02  1.80910407E+00  1.75758886E+00  1.80910407E+00
   435  1.74000000E+02  1.80910015E+00  1.76014141E+00  1.80910015E+00
   436  1.74400000E+02  1.80909666E+00  1.76259903E+00  1.80909666E+00
   437  1.74800000E+02  1.80909530E+00  1.76496061E+00  1.80909530E+00
   438  1.75200000E+02  1.80909731E+00  1.76722507E+00  1.80909731E+00
   439  1.75600000E+02  1.80910007E+00  1.76939140E+00  1.80910007E+00
   440  1.76000000E+02  1.80910312E+00  1.77145885E+00  1.80910312E+00
   441  1.76400000E+02  1.80910637E+00  1.77342697E+00  1.80910637E+00
   442  1.76800000E+02  1.80910979E+00  1.77529584E+00  1.80910979E+00
   443  1.77200000E+02  1.80911339E+00  1.77706614E+00  1.80911339E+00
   444  1.77600000E+02  1.80911723E+00  1.77873935E+00  1.80911723E+00
   445  1.78000000E+02  1.80912181E+00  1.78031785E+00  1.80912181E+00
   446  1.78400000E+02  1.80912674E+00  1.78180501E+00  1.80912674E+00
   447  1.78800000E+02  1.80913181E+00  1.78320522E+00  1.80913181E+00
   448  1.79200000E+02  1.80913696E+00  1.78452388E+00  1.80913696E+00
   449  1.79600000E+02  1.80914208E+00  1.78576731E+00  1.80914208E+00
   450  1.80000000E+02  1.80914710E+00  1.78694259E+00  1.80914710E+00
   451  1.80400000E+02  1.80915198E+00  1.78805729E+00  1.80915198E+00
   452  1.80800000E+02  1.80915668E+00  1.78911923E+00  1.80915668E+00
   453  1.81200000E+02  1.80916120E+00  1.79013609E+00  1.80916120E+00
   454  1.81600000E+02  1.80916552E+00  1.79111508E+00  1.80916552E+00
   455  1.82000000E+02  1.80916988E+00  1.79206253E+00  1.80916988E+00
   456  1.82400000E+02  1.80917419E+00  1.79298362E+00  1.80917419E+00
   457  1.82800000E+02  1.80917832E+00  1.79388210E+00  1.80917832E+00
   458  1.83200000E+02  1.80918227E+00  1.79476008E+00  1.80918227E+00
   459  1.83600000E+02  1.80918602E+00  1.79561803E+00  1.80918602E+00
   460  1.84000000E+02  1.80918958E+00  1.79645484E+00  1.80918958E+00
   461  1.84400000E+02  1.80919292E+00  1.79726794E+00  1.80919292E+00
   462  1.84800000E+02  1.80919603E+00  1.79805369E+00  1.80919603E+00
   463  1.85200000E+02  1.80919889E+00  1.79880770E+00  1.80919889E+00
   464  1.85600000E+02  1.80920148E+00  1.79952530E+00  1.80920148E+00
   465  1.86000000E+02  1.80920380E+00  1.80020199E+00  1.80920380E+00
   466  1.86400000E+02  1.80920584E+00  1.80083388E+00  1.80920584E+00
   467  1.86800000E+02  1.80920762E+00  1.80141804E+00  1.80920762E+00
   468  1.87200000E+02  1.80920914E+00  1.80195278E+00  1.80920914E+00
   469  1.87600000E+02  1.80921050E+00  1.80243781E+00  1.80921050E+00
   470  1.88000000E+02  1.80921202E+00  1.80287423E+00  1.80921202E+00
   471  1.88400000E+02  1.80921331E+00  1.80326446E+00  1.80921331E+00
   472  1.88800000E+02  1.80921435E+00  1.80361198E+00  1.80921435E+00
   473  1.89200000E+02  1.80921519E+00  1.80392101E+00  1.80921519E+00
   474  1.89600000E+02  1.80921582E+00  1.80419619E+00  1.80921582E+00
   475  1.90000000E+02  1.80921626E+00  1.80444216E+00  1.80921626E+00
   476  1.90400000E+02  1.80921652E+00  1.80466320E+00  1.80921652E+00
   477  1.90800000E+02  1.80921661E+00  1.80486298E+00  1.80921661E+00
   478  1.91200000E+02  1.80921655E+00  1.80504427E+00  1.80921655E+00
   479  1.91600000E+02  1.80921633E+00  1.80520887E+00  1.80921633E+00
   480  1.92000000E+02  1.80921597E+00  1.80535758E+00  1.80921597E+00
   481  1.92400000E+02  1.80921550E+00  1.80549028E+00  1.80921550E+00
   482  1.92800000E+02  1.80921491E+00  1.80560605E+00  1.80921491E+00
   483  1.93200000E+02  1.80921423E+00  1.80570347E+00  1.80921423E+00
   484  1.93600000E+02  1.80921348E+00  1.80578079E+00  1.80921348E+00
   485  1.94000000E+02  1.80921266E+00  1.80583622E+00  1.80921266E+00
   486  1.94400000E+02  1.80921180E+00  1.80586814E+00  1.80921180E+00
   487  1.94800000E+02  1.80921089E+00  1.80587535E+00  1.80921089E+00
   488  1.95200000E+02  1.80920997E+00  1.80585712E+00  1.80920997E+00
   489  1.95600000E+02  1.80920902E+00  1.80581336E+00  1.80920902E+00
   490  1.96000000E+02  1.80920806E+00  1.80574457E+00  1.80920806E+00
   491  1.96400000E+02  1.80920711E+00  1.80565184E+00  1.80920711E+00
   492  1.96800000E+02  1.80920616E+00  1.80553673E+00  1.80920616E+00
   493  1.97200000E+02  1.80920523E+00  1.80540124E+00  1.80920523E+00
   494  1.97600000E+02  1.80920432E+00  1.80524762E+00  1.80920432E+00
   495  1.98000000E+02  1.80920344E+00  1.80507831E+00  1.80920344E+00
   496  1.98400000E+02  1.80920260E+00  1.80489586E+00  1.80920260E+00
   497  1.98800000E+02  1.80920180E+00  1.80470283E+00  1.80920180E+00
   498  1.99200000E+02  1.80920105E+00  1.80450181E+00  1.80920105E+00
   499  1.99600000E+02  1.80920035E+00  1.80429537E+00  1.80920035E+00
   500  2.00000000E+02  1.80919970E+00  1.80408612E+00  1.80919970E+00
   501  2.00400000E+02  1.80919909E+00  1.80387668E+00  1.80919909E+00
   502  2.00800000E+02  1.80919854E+00  1.80366970E+00  1.80919854E+00
   503  2.01200000E+02  1.80919805E+00  1.80346787E+00  1.80919805E+00
   504  2.01600000E+02  1.80919760E+00  1.80327381E+00  1.80919760E+00
   505  2.02000000E+02  1.80919721E+00  1.80309006E+00  1.80919721E+00
   506  2.02400000E+02  1.80919688E+00  1.80291892E+00  1.80919688E+00
   507  2.02800000E+02  1.80919659E+00  1.80276240E+00  1.80919659E+00
   508  2.03200000E+02  1.80919636E+00  1.80262204E+00  1.80919636E+00
   509  2.03600000E+02  1.80919617E+00  1.80249886E+00  1.80919617E+00
   510  2.04000000E+02  1.80919603E+00  1.80239333E+00  1.80919603E+00
   511  2.04400000E+02  1.80919593E+00  1.80230534E+00  1.80919593E+00
   512  2.04800000E+02  1.80919587E+00  1.80223431E+00  1.80919587E+00
   513  2.05200000E+02  1.80919585E+00  1.80217930E+00  1.80919585E+00
   514  2.05600000E+02  1.80919585E+00  1.80213917E+00  1.80919585E+00
   515  2.06000000E+02  1.80919589E+00  1.80211283E+00  1.80919589E+00
   516  2.06400000E+02  1.80919596E+00  1.80209934E+00  1.80919596E+00
   517  2.06800000E+02  1.80919605E+00  1.80209817E+00  1.80919605E+00
   518  2.07200000E+02  1.80919616E+00  1.80210920E+00  1.80919616E+00
   519  2.07600000E+02  1.80919629E+00  1.80213282E+00  1.80919629E+00
   520  2.08000000E+02  1.80919643E+00  1.80216982E+00  1.80919643E+00
   521  2.08400000E+02  1.80919659E+00  1.80222127E+00  1.80919659E+00
   522  2.08800000E+02  1.80919675E+00  1.80228833E+00  1.80919675E+00
   523  2.09200000E+02  1.80919692E+00  1.80237203E+00  1.80919692E+00
   524  2.09600000E+02  1.80919709E+00  1.80247301E+00  1.80919709E+00
   525  2.10000000E+02  1.80919726E+00  1.80259139E+00  1.80919726E+00
   526  2.10400000E+02  1.80919743E+00  1.80272660E+00  1.80919743E+00
   527  2.10800000E+02  1.80919760E+00  1.80287739E+00  1.80919760E+00
   528  2.11200000E+02  1.80919776E+00  1.80304180E+00  1.80919776E+00
   529  2.11600000E+02  1.80919791E+00  1.80321736E+00  1.80919791E+00
   530  2.12000000E+02  1.80919806E+00  1.80340125E+00  1.80919806E+00
   531  2.12400000E+02  1.80919819E+00  1.80359053E+00  1.80919819E+00
   532  2.12800000E+02  1.80919831E+00  1.80378238E+00  1.80919831E+00
   533  2.13200000E+02  1.80919842E+00  1.80397426E+00  1.80919842E+00
   534  2.13600000E+02  1.80919852E+00  1.80416412E+00  1.80919852E+00
   535  2.14000000E+02  1.80919860E+00  1.80435043E+00  1.80919860E+00
   536  2.14400000E+02  1.80919867E+00  1.80453221E+00  1.80919867E+00
   537  2.14800000E+02  1.80919872E+00  1.80470892E+00  1.80919872E+00
   538  2.15200000E+02  1.80919876E+00  1.80488039E+00  1.80919876E+00
   539  2.15600000E+02  1.80919879E+00  1.80504662E+00  1.80919879E+00
   540  2.16000000E+02  1.80919880E+00  1.80520767E+00  1.80919880E+00
   541  2.16400000E+02  1.80919879E+00  1.80536350E+00  1.80919879E+00
   542  2.16800000E+02  1.80919878E+00  1.80551386E+00  1.80919878E+00
   543  2.17200000E+02  1.80919874E+00  1.80565832E+00  1.80919874E+00
   544  2.17600000E+02  1.80919870E+00  1.80579621E+00  1.80919870E+00
   545  2.18000000E+02  1.80919864E+00  1.80592674E+00  1.80919864E+00
   546  2.18400000E+02  1.80919858E+00  1.80604907E+00  1.80919858E+00
   547  2.18800000E+02  1.80919850E+00  1.80616244E+00  1.80919850E+00
   548  2.19200000E+02  1.80919841E+00  1.80626627E+00  1.80919841E+00
   549  2.19600000E+02  1.80919832E+00  1.80636025E+00  1.80919832E+00
   550  2.20000000E+02  1.80919821E+00  1.80644441E+00  1.80919821E+00
   551  2.20400000E+02  1.80919810E+00  1.80651908E+00  1.80919810E+00
   552  2.20800000E+02  1.80919798E+00  1.80658493E+00  1.80919798E+00
   553  2.21200000E+02  1.80919786E+00  1.80664282E+00  1.80919786E+00
   554  2.21600000E+02  1.80919773E+00  1.80669375E+00  1.80919773E+00
   555  2.22000000E+02  1.80919760E+00  1.80673877E+00  1.80919760E+00
   556  2.22400000E+02  1.80919747E+00  1.80677883E+00  1.80919747E+00
   557  2.22800000E+02  1.80919734E+00  1.80681475E+00  1.80919734E+00
   558  2.23200000E+02  1.80919720E+00  1.80684712E+00  1.80919720E+00
   559  2.23600000E+02  1.80919707E+00  1.80687634E+00  1.80919707E+00
   560  2.24000000E+02  1.80919693E+00  1.80690256E+00  1.80919693E+00
   561  2.24400000E+02  1.80919680E+00  1.80692577E+00  1.80919680E+00
   562  2.24800000E+02  1.80919667E+00  1.80694584E+00  1.80919667E+00
   563  2.25200000E+02  1.80919654E+00  1.80696260E+00  1.80919654E+00
   564  2.25600000E+02  1.80919641E+00  1.80697590E+00  1.80919641E+00
   565  2.26000000E+02  1.80919629E+00  1.80698565E+00  1.80919629E+00
   566  2.26400000E+02  1.80919617E+00  1.80699190E+00  1.80919617E+00
   567  2.26800000E+02  1.80919605E+00  1.80699481E+00  1.80919605E+00
   568  2.27200000E+02  1.80919594E+00  1.80699471E+00  1.80919594E+00
   569  2.27600000E+02  1.80919583E+00  1.80699201E+00  1.80919583E+00
   570  2.28000000E+02  1.80919573E+00  1.80698722E+00  1.80919573E+00
   571  2.28400000E+02  1.80919564E+00  1.80698087E+00  1.80919564E+00
   572  2.28800000E+02  1.80919554E+00  1.80697349E+00  1.80919554E+00
   573  2.29200000E+02  1.80919546E+00  1.80696552E+00  1.80919546E+00
   574  2.29600000E+02  1.80919538E+00  1.80695736E+00  1.80919538E+00
   575  2.30000000E+02  1.80919530E+00  1.80694927E+00  1.80919530E+00
   576  2.30400000E+02  1.80919523E+00  1.80694141E+00  1.80919523E+00
   577  2.30800000E+02  1.80919517E+00  1.80693385E+00  1.80919517E+00
   578  2.31200000E+02  1.80919511E+00  1.80692657E+00  1.80919511E+00
   579  2.31600000E+02  1.80919505E+00  1.80691951E+00  1.80919505E+00
   580  2.32000000E+02  1.80919500E+00  1.80691260E+00  1.80919500E+00
   581  2.32400000E+02  1.80919495E+00  1.80690579E+00  1.80919495E+00
   582  2.32800000E+02  1.80919491E+00  1.80689906E+00  1.80919491E+00
   583  2.33200000E+02  1.80919487E+00  1.80689243E+00  1.80919487E+00
   584  2.33600000E+02  1.80919484E+00  1.80688599E+00  1.80919484E+00
   585  2.34000000E+02  1.80919480E+00  1.80687986E+00  1.80919480E+00
   586  2.34400000E+02  1.80919478E+00  1.80687420E+00  1.80919478E+00
   587  2.34800000E+02  1.80919475E+00  1.80686917E+00  1.80919475E+00
   588  2.35200000E+02  1.80919473E+00  1.80686492E+00  1.80919473E+00
   589  2.35600000E+02  1.80919471E+00  1.80686154E+00  1.80919471E+00
   590  2.36000000E+02  1.80919469E+00  1.80685911E+00  1.80919469E+00
   591  2.36400000E+02  1.80919467E+00  1.80685763E+00  1.80919467E+00
   592  2.36800000E+02  1.80919466E+00  1.80685705E+00  1.80919466E+00
   593  2.37200000E+02  1.80919464E+00  1.80685730E+00  1.80919464E+00
   594  2.37600000E+02  1.80919463E+00  1.80685828E+00  1.80919463E+00
   595  2.38000000E+02  1.80919462E+00  1.80685986E+00  1.80919462E+00
   596  2.38400000E+02  1.80919461E+00  1.80686194E+00  1.80919461E+00
   597  2.38800000E+02  1.80919460E+00  1.80686444E+00  1.80919460E+00
   598  2.39200000E+02  1.80919459E+00  1.80686730E+00  1.80919459E+00
   599  2.39600000E+02  1.80919458E+00  1.80687047E+00  1.80919458E+00
   600  2.40000000E+02  1.80919457E+00  1.80687396E+00  1.80919457E+00
   601  2.40400000E+02  1.80919456E+00  1.80687776E+00  1.80919456E+00
   602  2.40800000E+02  1.80919455E+00  1.80688187E+00  1.80919455E+00
   603  2.41200000E+02  1.80919454E+00  1.80688628E+00  1.80919454E+00
   604  2.41600000E+02  1.80919453E+00  1.80689098E+00  1.80919453E+00
   605  2.42000000E+02  1.80919452E+00  1.80689593E+00  1.80919452E+00
   606  2.42400000E+02  1.80919451E+00  1.80690107E+00  1.80919451E+00
   607  2.42800000E+02  1.80919450E+00  1.80690633E+00  1.80919450E+00
   608  2.43200000E+02  1.80919449E+00  1.80691164E+00  1.80919449E+00
   609  2.43600000E+02  1.80919447E+00  1.80691693E+00  1.80919447E+00
   610  2.44000000E+02  1.80919446E+00  1.80692213E+00  1.80919446E+00
   611  2.44400000E+02  1.80919444E+00  1.80692719E+00  1.80919444E+00
   612  2.44800000E+02  1.80919443E+00  1.80693206E+00  1.80919443E+00
   613  2.45200000E+02  1.80919441E+00  1.80693674E+00  1.80919441E+00
   614  2.45600000E+02  1.80919439E+00  1.80694120E+00  1.80919439E+00
   615  2.46000000E+02  1.80919438E+00  1.80694544E+00  1.80919438E+00
   616  2.46400000E+02  1.80919436E+00  1.80694947E+00  1.80919436E+00
   617  2.46800000E+02  1.80919434E+00  1.80695329E+00  1.80919434E+00
   618  2.47200000E+02  1.80919432E+00  1.80695690E+00  1.80919432E+00
   619  2.47600000E+02  1.80919430E+00  1.80696028E+00  1.80919430E+00
   620  2.48000000E+02  1.80919428E+00  1.80696342E+00  1.80919428E+00
   621  2.48400000E+02  1.80919426E+00  1.80696632E+00  1.80919426E+00
   622  2.48800000E+02  1.80919423E+00  1.80696895E+00  1.80919423E+00
   623  2.49200000E+02  1.80919421E+00  1.80697131E+00  1.80919421E+00
   624  2.49600000E+02  1.80919419E+00  1.80697339E+00  1.80919419E+00
   625  2.50000000E+02  1.80919417E+00  1.80697519E+00  1.80919417E+00
   626  2.50400000E+02  1.80919415E+00  1.80697671E+00  1.80919415E+00
   627  2.50800000E+02  1.80919412E+00  1.80697798E+00  1.80919412E+00
   628  2.51200000E+02  1.80919410E+00  1.80697899E+00  1.80919410E+00
   629  2.51600000E+02  1.80919408E+00  1.80697978E+00  1.80919408E+00
   630  2.52000000E+02  1.80919405E+00  1.80698035E+00  1.80919405E+00
   631  2.52400000E+02  1.80919403E+00  1.80698073E+00  1.80919403E+00
   632  2.52800000E+02  1.80919401E+00  1.80698092E+00  1.80919401E+00
   633  2.53200000E+02  1.80919399E+00  1.80698095E+00  1.80919399E+00
   634  2.53600000E+02  1.80919396E+00  1.80698082E+00  1.80919396E+00
   635  2.54000000E+02  1.80919394E+00  1.80698055E+00  1.80919394E+00
   636  2.54400000E+02  1.80919392E+00  1.80698015E+00  1.80919392E+00
   637  2.54800000E+02  1.80919390E+00  1.80697962E+00  1.80919390E+00
   638  2.55200000E+02  1.80919388E+00  1.80697899E+00  1.80919388E+00
   639  2.55600000E+02  1.80919386E+00  1.80697826E+00  1.80919386E+00
   640  2.56000000E+02  1.80919384E+00  1.80697745E+00  1.80919384E+00
   641  2.56400000E+02  1.80919382E+00  1.80697657E+00  1.80919382E+00
   642  2.56800000E+02  1.80919380E+00  1.80697564E+00  1.80919380E+00
   643  2.57200000E+02  1.80919378E+00  1.80697467E+00  1.80919378E+00
   644  2.57600000E+02  1.80919376E+00  1.80697368E+00  1.80919376E+00
   645  2.58000000E+02  1.80919374E+00  1.80697268E+00  1.80919374E+00
   646  2.58400000E+02  1.80919373E+00  1.80697168E+00  1.80919373E+00
   647  2.58800000E+02  1.80919371E+00  1.80697068E+00  1.80919371E+00
   648  2.59200000E+02  1.80919369E+00  1.80696969E+00  1.80919369E+00
   649  2.59600000E+02  1.80919368E+00  1.80696873E+00  1.80919368E+00
   650  2.60000000E+02  1.80919366E+00  1.80696779E+00  1.80919366E+00
   651  2.60400000E+02  1.80919365E+00  1.80696689E+00  1.80919365E+00
   652  2.60800000E+02  1.80919363E+00  1.80696602E+00  1.80919363E+00
   653  2.61200000E+02  1.80919362E+00  1.80696520E+00  1.80919362E+00
   654  2.61600000E+02  1.80919361E+00  1.80696442E+00  1.80919361E+00
   655  2.62000000E+02  1.80919359E+00  1.80696370E+00  1.80919359E+00
   656  2.62400000E+02  1.80919358E+00  1.80696302E+00  1.80919358E+00
   657  2.62800000E+02  1.80919357E+00  1.80696241E+00  1.80919357E+00
   658  2.63200000E+02  1.80919355E+00  1.80696185E+00  1.80919355E+00
   659  2.63600000E+02  1.80919354E+00  1.80696135E+00  1.80919354E+00
   660  2.64000000E+02  1.80919353E+00  1.80696090E+00  1.80919353E+00
   661  2.64400000E+02  1.80919352E+00  1.80696051E+00  1.80919352E+00
   662  2.64800000E+02  1.80919351E+00  1.80696018E+00  1.80919351E+00
   663  2.65200000E+02  1.80919350E+00  1.80695990E+00  1.80919350E+00
   664  2.65600000E+02  1.80919349E+00  1.80695967E+00  1.80919349E+00
   665  2.66000000E+02  1.80919348E+00  1.80695948E+00  1.80919348E+00
   666  2.66400000E+02  1.80919347E+00  1.80695935E+00  1.80919347E+00
   667  2.66800000E+02  1.80919346E+00  1.80695926E+00  1.80919346E+00
   668  2.67200000E+02  1.80919345E+00  1.80695921E+00  1.80919345E+00
   669  2.67600000E+02  1.80919344E+00  1.80695919E+00  1.80919344E+00
   670  2.68000000E+02  1.80919343E+00  1.80695922E+00  1.80919343E+00
   671  2.68400000E+02  1.80919342E+00  1.80695927E+00  1.80919342E+00
   672  2.68800000E+02  1.80919341E+00  1.80695935E+00  1.80919341E+00
   673  2.69200000E+02  1.80919340E+00  1.80695945E+00  1.80919340E+00
   674  2.69600000E+02  1.80919339E+00  1.80695958E+00  1.80919339E+00
   675  2.70000000E+02  1.80919338E+00  1.80695972E+00  1.80919338E+00
   676  2.70400000E+02  1.80919337E+00  1.80695988E+00  1.80919337E+00
   677  2.70800000E+02  1.80919336E+00  1.80696005E+00  1.80919336E+00
   678  2.71200000E+02  1.80919335E+00  1.80696022E+00  1.80919335E+00
   679  2.71600000E+02  1.80919334E+00  1.80696040E+00  1.80919334E+00
   680  2.72000000E+02  1.80919333E+00  1.80696059E+00  1.80919333E+00
   681  2.72400000E+02  1.80919333E+00  1.80696077E+00  1.80919333E+00
   682  2.72800000E+02  1.80919332E+00  1.80696095E+00  1.80919332E+00
   683  2.73200000E+02  1.80919331E+00  1.80696113E+00  1.80919331E+00
   684  2.73600000E+02  1.80919330E+00  1.80696130E+00  1.80919330E+00
   685  2.74000000E+02  1.80919329E+00  1.80696146E+00  1.80919329E+00
   686  2.74400000E+02  1.80919328E+00  1.80696161E+00  1.80919328E+00
   687  2.74800000E+02  1.80919327E+00  1.80696175E+00  1.80919327E+00
   688  2.75200000E+02  1.80919327E+00  1.80696188E+00  1.80919327E+00
   689  2.75600000E+02  1.80919326E+00  1.80696200E+00  1.80919326E+00
   690  2.76000000E+02  1.80919325E+00  1.80696210E+00  1.80919325E+00
   691  2.76400000E+02  1.80919324E+00  1.80696218E+00  1.80919324E+00
   692  2.76800000E+02  1.80919323E+00  1.80696225E+00  1.80919323E+00
   693  2.77200000E+02  1.80919322E+00  1.80696231E+00  1.80919322E+00
   694  2.77600000E+02  1.80919322E+00  1.80696235E+00  1.80919322E+00
   695  2.78000000E+02  1.80919321E+00  1.80696238E+00  1.80919321E+00
   696  2.78400000E+02  1.80919320E+00  1.80696239E+00  1.80919320E+00
   697  2.78800000E+02  1.80919319E+00  1.80696238E+00  1.80919319E+00
   698  2.79200000E+02  1.80919318E+00  1.80696236E+00  1.80919318E+00
   699  2.79600000E+02  1.80919318E+00  1.80696233E+00  1.80919318E+00
   700  2.80000000E+02  1.80919317E+00  1.80696229E+00  1.80919317E+00
   701  2.80400000E+02  1.80919316E+00  1.80696223E+00  1.80919316E+00
   702  2.80800000E+02  1.80919315E+00  1.80696216E+00  1.80919315E+00
   703  2.81200000E+02  1.80919315E+00  1.80696208E+00  1.80919315E+00
   704  2.81600000E+02  1.80919314E+00  1.80696199E+00  1.80919314E+00
   705  2.82000000E+02  1.80919313E+00  1.80696189E+00  1.80919313E+00
   706  2.82400000E+02  1.80919312E+00  1.80696178E+00  1.80919312E+00
   707  2.82800000E+02  1.80919312E+00  1.80696166E+00  1.80919312E+00
   708  2.83200000E+02  1.80919311E+00  1.80696154E+00  1.80919311E+00
   709  2.83600000E+02  1.80919310E+00  1.80696142E+00  1.80919310E+00
   710  2.84000000E+02  1.80919310E+00  1.80696129E+00  1.80919310E+00
   711  2.84400000E+02  1.80919309E+00  1.80696115E+00  1.80919309E+00
   712  2.84800000E+02  1.80919308E+00  1.80696102E+00  1.80919308E+00
   713  2.85200000E+02  1.80919308E+00  1.80696088E+00  1.80919308E+00
   714  2.85600000E+02  1.80919307E+00  1.80696074E+00  1.80919307E+00
   715  2.86000000E+02  1.80919306E+00  1.80696060E+00  1.80919306E+00
   716  2.86400000E+02  1.80919306E+00  1.80696046E+00  1.80919306E+00
   717  2.86800000E+02  1.80919305E+00  1.80696033E+00  1.80919305E+00
   718  2.87200000E+02  1.80919305E+00  1.80696019E+00  1.80919305E+00
   719  2.87600000E+02  1.80919304E+00  1.80696006E+00  1.80919304E+00
   720  2.88000000E+02  1.80919304E+00  1.80695993E+00  1.80919304E+00
   721  2.88400000E+02  1.80919303E+00  1.80695981E+00  1.80919303E+00
   722  2.88800000E+02  1.80919303E+00  1.80695969E+00  1.80919303E+00
   723  2.89200000E+02  1.80919302E+00  1.80695957E+00  1.80919302E+00
   724  2.89600000E+02  1.80919302E+00  1.80695946E+00  1.80919302E+00
   725  2.90000000E+02  1.80919301E+00  1.80695935E+00  1.80919301E+00
   726  2.90400000E+02  1.80919301E+00  1.80695925E+00  1.80919301E+00
   727  2.90800000E+02  1.80919300E+00  1.80695915E+00  1.80919300E+00
   728  2.91200000E+02  1.80919300E+00  1.80695906E+00  1.80919300E+00
   729  2.91600000E+02  1.80919299E+00  1.80695897E+00  1.80919299E+00
   730  2.92000000E+02  1.80919299E+00  1.80695889E+00  1.80919299E+00
   731  2.92400000E+02  1.80919298E+00  1.80695882E+00  1.80919298E+00
   732  2.92800000E+02  1.80919298E+00  1.80695875E+00  1.80919298E+00
   733  2.93200000E+02  1.80919297E+00  1.80695868E+00  1.80919297E+00
   734  2.93600000E+02  1.80919297E+00  1.80695862E+00  1.80919297E+00
   735  2.94000000E+02  1.80919297E+00  1.80695857E+00  1.80919297E+00
   736  2.94400000E+02  1.80919296E+00  1.80695851E+00  1.80919296E+00
   737  2.94800000E+02  1.80919296E+00  1.80695847E+00  1.80919296E+00
   738  2.95200000E+02  1.80919295E+00  1.80695843E+00  1.80919295E+00
   739  2.95600000E+02  1.80919295E+00  1.80695839E+00  1.80919295E+00
   740  2.96000000E+02  1.80919295E+00  1.80695836E+00  1.80919295E+00
   741  2.96400000E+02  1.80919294E+00  1.80695832E+00  1.80919294E+00
   742  2.96800000E+02  1.80919294E+00  1.80695830E+00  1.80919294E+00
   743  2.97200000E+02  1.80919294E+00  1.80695827E+00  1.80919294E+00
   744  2.97600000E+02  1.80919293E+00  1.80695825E+00  1.80919293E+00
   745  2.98000000E+02  1.80919293E+00  1.80695823E+00  1.80919293E+00
   746  2.98400000E+02  1.80919293E+00  1.80695822E+00  1.80919293E+00
   747  2.98800000E+02  1.80919292E+00  1.80695820E+00  1.80919292E+00
   748  2.99200000E+02  1.80919292E+00  1.80695819E+00  1.80919292E+00
   749  2.99600000E+02  1.80919292E+00  1.80695817E+00  1.80919292E+00
   750  3.00000000E+02  1.80919291E+00  1.80695816E+00  1.80919291E+00
   751  3.00400000E+02  1.80919291E+00  1.80695815E+00  1.80919291E+00
   752  3.00800000E+02  1.80919291E+00  1.80695814E+00  1.80919291E+00
   753  3.01200000E+02  1.80919291E+00  1.80695814E+00  1.80919291E+00
   754  3.01600000E+02  1.80919290E+00  1.80695813E+00  1.80919290E+00
   755  3.02000000E+02  1.80919290E+00  1.80695812E+00  1.80919290E+00
   756  3.02400000E+02  1.80919290E+00  1.80695811E+00  1.80919290E+00
   757  3.02800000E+02  1.80919290E+00  1.80695810E+00  1.80919290E+00
   758  3.03200000E+02  1.80919289E+00  1.80695809E+00  1.80919289E+00
   759  3.03600000E+02  1.80919289E+00  1.80695808E+00  1.80919289E+00
   760  3.04000000E+02  1.80919289E+00  1.80695807E+00  1.80919289E+00
   761  3.04400000E+02  1.80919289E+00  1.80695806E+00  1.80919289E+00
   762  3.04800000E+02  1.80919288E+00  1.80695805E+00  1.80919288E+00
   763  3.05200000E+02  1.80919288E+00  1.80695804E+00  1.80919288E+00
   764  3.05600000E+02  1.80919288E+00  1.80695803E+00  1.80919288E+00
   765  3.06000000E+02  1.80919288E+00  1.80695802E+00  1.80919288E+00
   766  3.06400000E+02  1.80919287E+00  1.80695800E+00  1.80919287E+00
   767  3.06800000E+02  1.80919287E+00  1.80695799E+00  1.80919287E+00
   768  3.07200000E+02  1.80919287E+00  1.80695797E+00  1.80919287E+00
   769  3.07600000E+02  1.80919287E+00  1.80695795E+00  1.80919287E+00
   770  3.08000000E+02  1.80919287E+00  1.80695794E+00  1.80919287E+00
   771  3.08400000E+02  1.80919286E+00  1.80695792E+00  1.80919286E+00
   772  3.08800000E+02  1.80919286E+00  1.80695790E+00  1.80919286E+00
   773  3.09200000E+02  1.80919286E+00  1.80695788E+00  1.80919286E+00
   774  3.09600000E+02  1.80919286E+00  1.80695786E+00  1.80919286E+00
   775  3.10000000E+02  1.80919286E+00  1.80695784E+00  1.80919286E+00
   776  3.10400000E+02  1.80919286E+00  1.80695782E+00  1.80919286E+00
   777  3.10800000E+02  1.80919285E+00  1.80695780E+00  1.80919285E+00
   778  3.11200000E+02  1.80919285E+00  1.80695778E+00  1.80919285E+00
   779  3.11600000E+02  1.80919285E+00  1.80695775E+00  1.80919285E+00
   780  3.12000000E+02  1.80919285E+00  1.80695773E+00  1.80919285E+00
   781  3.12400000E+02  1.80919285E+00  1.80695771E+00  1.80919285E+00
   782  3.12800000E+02  1.80919285E+00  1.80695769E+00  1.80919285E+00
   783  3.13200000E+02  1.80919284E+00  1.80695766E+00  1.80919284E+00
   784  3.13600000E+02  1.80919284E+00  1.80695764E+00  1.80919284E+00
   785  3.14000000E+02  1.80919284E+00  1.80695762E+00  1.80919284E+00
   786  3.14400000E+02  1.80919284E+00  1.80695759E+00  1.80919284E+00
   787  3.14800000E+02  1.80919284E+00  1.80695757E+00  1.80919284E+00
   788  3.15200000E+02  1.80919284E+00  1.80695755E+00  1.80919284E+00
   789  3.15600000E+02  1.80919284E+00  1.80695752E+00  1.80919284E+00
   790  3.16000000E+02  1.80919284E+00  1.80695750E+00  1.80919284E+00
   791  3.16400000E+02  1.80919283E+00  1.80695748E+00  1.80919283E+00
   792  3.16800000E+02  1.80919283E+00  1.80695746E+00  1.80919283E+00
   793  3.17200000E+02  1.80919283E+00  1.80695744E+00  1.80919283E+00
   794  3.17600000E+02  1.80919283E+00  1.80695742E+00  1.80919283E+00
   795  3.18000000E+02  1.80919283E+00  1.80695740E+00  1.80919283E+00
   796  3.18400000E+02  1.80919283E+00  1.80695738E+00  1.80919283E+00
   797  3.18800000E+02  1.80919283E+00  1.80695736E+00  1.80919283E+00
   798  3.19200000E+02  1.80919283E+00  1.80695734E+00  1.80919283E+00
   799  3.19600000E+02  1.80919283E+00  1.80695732E+00  1.80919283E+00
   800  3.20000000E+02  1.80919282E+00  1.80695730E+00  1.80919282E+00
   801  3.20400000E+02  1.80919282E+00  1.80695728E+00  1.80919282E+00
   802  3.20800000E+02  1.80919282E+00  1.80695727E+00  1.80919282E+00
   803  3.21200000E+02  1.80919282E+00  1.80695725E+00  1.80919282E+00
   804  3.21600000E+02  1.80919282E+00  1.80695723E+00  1.80919282E+00
   805  3.22000000E+02  1.80919282E+00  1.80695722E+00  1.80919282E+00
   806  3.22400000E+02  1.80919282E+00  1.80695720E+00  1.80919282E+00
   807  3.22800000E+02  1.80919282E+00  1.80695719E+00  1.80919282E+00
   808  3.23200000E+02  1.80919282E+00  1.80695717E+00  1.80919282E+00
   809  3.23600000E+02  1.80919282E+00  1.80695716E+00  1.80919282E+00
   810  3.24000000E+02  1.80919282E+00  1.80695714E+00  1.80919282E+00
   811  3.24400000E+02  1.80919282E+00  1.80695713E+00  1.80919282E+00
   812  3.24800000E+02  1.80919281E+00  1.80695712E+00  1.80919281E+00
   813  3.25200000E+02  1.80919281E+00  1.80695711E+00  1.80919281E+00
   814  3.25600000E+02  1.80919281E+00  1.80695709E+00  1.80919281E+00
   815  3.26000000E+02  1.80919281E+00  1.80695708E+00  1.80919281E+00
   816  3.26400000E+02  1.80919281E+00  1.80695707E+00  1.80919281E+00
   817  3.26800000E+02  1.80919281E+00  1.80695706E+00  1.80919281E+00
   818  3.27200000E+02  1.80919281E+00  1.80695705E+00  1.80919281E+00
   819  3.27600000E+02  1.80919281E+00  1.80695704E+00  1.80919281E+00
   820  3.28000000E+02  1.80919281E+00  1.80695703E+00  1.80919281E+00
   821  3.28400000E+02  1.80919281E+00  1.80695702E+00  1.80919281E+00
   822  3.28800000E+02  1.80919281E+00  1.80695701E+00  1.80919281E+00
   823  3.29200000E+02  1.80919281E+00  1.80695700E+00  1.80919281E+00
   824  3.29600000E+02  1.80919281E+00  1.80695699E+00  1.80919281E+00
   825  3.30000000E+02  1.80919281E+00  1.80695698E+00  1.80919281E+00
   826  3.30400000E+02  1.80919281E+00  1.80695697E+00  1.80919281E+00
   827  3.30800000E+02  1.80919281E+00  1.80695696E+00  1.80919281E+00
   828  3.31200000E+02  1.80919281E+00  1.80695695E+00  1.80919281E+00
   829  3.31600000E+02  1.80919281E+00  1.80695694E+00  1.80919281E+00
   830  3.32000000E+02  1.80919280E+00  1.80695693E+00  1.80919280E+00
   831  3.32400000E+02  1.80919280E+00  1.80695692E+00  1.80919280E+00
   832  3.32800000E+02  1.80919280E+00  1.80695691E+00  1.80919280E+00
   833  3.33200000E+02  1.80919280E+00  1.80695690E+00  1.80919280E+00
   834  3.33600000E+02  1.80919280E+00  1.80695689E+00  1.80919280E+00
   835  3.34000000E+02  1.80919280E+00  1.80695688E+00  1.80919280E+00
   836  3.34400000E+02  1.80919280E+00  1.80695687E+00  1.80919280E+00
   837  3.34800000E+02  1.80919280E+00  1.80695687E+00  1.80919280E+00
   838  3.35200000E+02  1.80919280E+00  1.80695686E+00  1.80919280E+00
   839  3.35600000E+02  1.80919280E+00  1.80695685E+00  1.80919280E+00
   840  3.36000000E+02  1.80919280E+00  1.80695684E+00  1.80919280E+00
   841  3.36400000E+02  1.80919280E+00  1.80695683E+00  1.80919280E+00
   842  3.36800000E+02  1.80919280E+00  1.80695682E+00  1.80919280E+00
   843  3.37200000E+02  1.80919280E+00  1.80695681E+00  1.80919280E+00
   844  3.37600000E+02  1.80919280E+00  1.80695680E+00  1.80919280E+00
   845  3.38000000E+02  1.80919280E+00  1.80695680E+00  1.80919280E+00
   846  3.38400000E+02  1.80919280E+00  1.80695679E+00  1.80919280E+00
   847  3.38800000E+02  1.80919280E+00  1.80695678E+00  1.80919280E+00
   848  3.39200000E+02  1.80919280E+00  1.80695677E+00  1.80919280E+00
   849  3.39600000E+02  1.80919280E+00  1.80695676E+00  1.80919280E+00
   850  3.40000000E+02  1.80919280E+00  1.80695675E+00  1.80919280E+00
   851  3.40400000E+02  1.80919280E+00  1.80695675E+00  1.80919280E+00
   852  3.40800000E+02  1.80919280E+00  1.80695674E+00  1.80919280E+00
   853  3.41200000E+02  1.80919280E+00  1.80695673E+00  1.80919280E+00
   854  3.41600000E+02  1.80919280E+00  1.80695672E+00  1.80919280E+00
   855  3.42000000E+02  1.80919280E+00  1.80695671E+00  1.80919280E+00
   856  3.42400000E+02  1.80919280E+00  1.80695671E+00  1.80919280E+00
   857  3.42800000E+02  1.80919280E+00  1.80695670E+00  1.80919280E+00
   858  3.43200000E+02  1.80919280E+00  1.80695669E+00  1.80919280E+00
   859  3.43600000E+02  1.80919280E+00  1.80695668E+00  1.80919280E+00
   860  3.44000000E+02  1.80919280E+00  1.80695668E+00  1.80919280E+00
   861  3.44400000E+02  1.80919280E+00  1.80695667E+00  1.80919280E+00
   862  3.44800000E+02  1.80919280E+00  1.80695666E+00  1.80919280E+00
   863  3.45200000E+02  1.80919280E+00  1.80695666E+00  1.80919280E+00
   864  3.45600000E+02  1.80919280E+00  1.80695665E+00  1.80919280E+00
   865  3.46000000E+02  1.80919280E+00  1.80695664E+00  1.80919280E+00
   866  3.46400000E+02  1.80919279E+00  1.80695664E+00  1.80919279E+00
   867  3.46800000E+02  1.80919279E+00  1.80695663E+00  1.80919279E+00
   868  3.47200000E+02  1.80919279E+00  1.80695662E+00  1.80919279E+00
   869  3.47600000E+02  1.80919279E+00  1.80695662E+00  1.80919279E+00
   870  3.48000000E+02  1.80919279E+00  1.80695661E+00  1.80919279E+00
   871  3.48400000E+02  1.80919279E+00  1.80695660E+00  1.80919279E+00
   872  3.48800000E+02  1.80919279E+00  1.80695660E+00  1.80919279E+00
   873  3.49200000E+02  1.80919279E+00  1.80695659E+00  1.80919279E+00
   874  3.49600000E+02  1.80919279E+00  1.80695659E+00  1.80919279E+00
   875  3.50000000E+02  1.80919279E+00  1.80695658E+00  1.80919279E+00
   876  3.50400000E+02  1.80919279E+00  1.80695658E+00  1.80919279E+00
   877  3.50800000E+02  1.80919279E+00  1.80695657E+00  1.80919279E+00
   878  3.51200000E+02  1.80919279E+00  1.80695656E+00  1.80919279E+00
   879  3.51600000E+02  1.80919279E+00  1.80695656E+00  1.80919279E+00
   880  3.52000000E+02  1.80919279E+00  1.80695655E+00  1.80919279E+00
   881  3.52400000E+02  1.80919279E+00  1.80695655E+00  1.80919279E+00
   882  3.52800000E+02  1.80919279E+00  1.80695654E+00  1.80919279E+00
   883  3.53200000E+02  1.80919279E+00  1.80695654E+00  1.80919279E+00
   884  3.53600000E+02  1.80919279E+00  1.80695654E+00  1.80919279E+00
   885  3.54000000E+02  1.80919279E+00  1.80695653E+00  1.80919279E+00
   886  3.54400000E+02  1.80919279E+00  1.80695653E+00  1.80919279E+00
   887  3.54800000E+02  1.80919279E+00  1.80695652E+00  1.80919279E+00
   888  3.55200000E+02  1.80919279E+00  1.80695652E+00  1.80919279E+00
   889  3.55600000E+02  1.80919279E+00  1.80695651E+00  1.80919279E+00
   890  3.56000000E+02  1.80919279E+00  1.80695651E+00  1.80919279E+00
   891  3.56400000E+02  1.80919279E+00  1.80695651E+00  1.80919279E+00
   892  3.56800000E+02  1.80919279E+00  1.80695650E+00  1.80919279E+00
   893  3.57200000E+02  1.80919279E+00  1.80695650E+00  1.80919279E+00
   894  3.57600000E+02  1.80919279E+00  1.80695649E+00  1.80919279E+00
   895  3.58000000E+02  1.80919279E+00  1.80695649E+00  1.80919279E+00
   896  3.58400000E+02  1.80919279E+00  1.80695649E+00  1.80919279E+00
   897  3.58800000E+02  1.80919279E+00  1.80695648E+00  1.80919279E+00
   898  3.59200000E+02  1.80919279E+00  1.80695648E+00  1.80919279E+00
   899  3.59600000E+02  1.80919279E+00  1.80695648E+00  1.80919279E+00
   900  3.60000000E+02  1.80919279E+00  1.80695647E+00  1.80919279E+00
   901  3.60400000E+02  1.80919279E+00  1.80695647E+00  1.80919279E+00
   902  3.60800000E+02  1.80919279E+00  1.80695647E+00  1.80919279E+00
   903  3.61200000E+02  1.80919279E+00  1.80695646E+00  1.80919279E+00
   904  3.61600000E+02  1.80919279E+00  1.80695646E+00  1.80919279E+00
   905  3.62000000E+02  1.80919279E+00  1.80695646E+00  1.80919279E+00
   906  3.62400000E+02  1.80919279E+00  1.80695645E+00  1.80919279E+00
   907  3.62800000E+02  1.80919279E+00  1.80695645E+00  1.80919279E+00
   908  3.63200000E+02  1.80919279E+00  1.80695645E+00  1.80919279E+00
   909  3.63600000E+02  1.80919279E+00  1.80695645E+00  1.80919279E+00
   910  3.64000000E+02  1.80919279E+00  1.80695644E+00  1.80919279E+00
   911  3.64400000E+02  1.80919279E+00  1.80695644E+00  1.80919279E+00
   912  3.64800000E+02  1.80919279E+00  1.80695644E+00  1.80919279E+00
   913  3.65200000E+02  1.80919279E+00  1.80695644E+00  1.80919279E+00
   914  3.65600000E+02  1.80919279E+00  1.80695643E+00  1.80919279E+00
   915  3.66000000E+02  1.80919279E+00  1.80695643E+00  1.80919279E+00
   916  3.66400000E+02  1.80919279E+00  1.80695643E+00  1.80919279E+00
   917  3.66800000E+02  1.80919279E+00  1.80695643E+00  1.80919279E+00
   918  3.67200000E+02  1.80919279E+00  1.80695642E+00  1.80919279E+00
   919  3.67600000E+02  1.80919279E+00  1.80695642E+00  1.80919279E+00
   920  3.68000000E+02  1.80919279E+00  1.80695642E+00  1.80919279E+00
   921  3.68400000E+02  1.80919279E+00  1.80695642E+00  1.80919279E+00
   922  3.68800000E+02  1.80919279E+00  1.80695642E+00  1.80919279E+00
   923  3.69200000E+02  1.80919279E+00  1.80695641E+00  1.80919279E+00
   924  3.69600000E+02  1.80919279E+00  1.80695641E+00  1.80919279E+00
   925  3.70000000E+02  1.80919279E+00  1.80695641E+00  1.80919279E+00
   926  3.70400000E+02  1.80919279E+00  1.80695641E+00  1.80919279E+00
   927  3.70800000E+02  1.80919279E+00  1.80695640E+00  1.80919279E+00
   928  3.71200000E+02  1.80919279E+00  1.80695640E+00  1.80919279E+00
   929  3.71600000E+02  1.80919279E+00  1.80695640E+00  1.80919279E+00
   930  3.72000000E+02  1.80919279E+00  1.80695640E+00  1.80919279E+00
   931  3.72400000E+02  1.80919279E+00  1.80695640E+00  1.80919279E+00
   932  3.72800000E+02  1.80919279E+00  1.80695640E+00  1.80919279E+00
   933  3.73200000E+02  1.80919279E+00  1.80695639E+00  1.80919279E+00
   934  3.73600000E+02  1.80919279E+00  1.80695639E+00  1.80919279E+00
   935  3.74000000E+02  1.80919279E+00  1.80695639E+00  1.80919279E+00
   936  3.74400000E+02  1.80919279E+00  1.80695639E+00  1.80919279E+00
   937  3.74800000E+02  1.80919279E+00  1.80695639E+00  1.80919279E+00
   938  3.75200000E+02  1.80919279E+00  1.80695639E+00  1.80919279E+00
   939  3.75600000E+02  1.80919279E+00  1.80695639E+00  1.80919279E+00
   940  3.76000000E+02  1.80919279E+00  1.80695638E+00  1.80919279E+00
   941  3.76400000E+02  1.80919279E+00  1.80695638E+00  1.80919279E+00
   942  3.76800000E+02  1.80919279E+00  1.80695638E+00  1.80919279E+00
   943  3.77200000E+02  1.80919279E+00  1.80695638E+00  1.80919279E+00
   944  3.77600000E+02  1.80919279E+00  1.80695638E+00  1.80919279E+00
   945  3.78000000E+02  1.80919279E+00  1.80695638E+00  1.80919279E+00
   946  3.78400000E+02  1.80919279E+00  1.80695638E+00  1.80919279E+00
   947  3.78800000E+02  1.80919279E+00  1.80695637E+00  1.80919279E+00
   948  3.79200000E+02  1.80919279E+00  1.80695637E+00  1.80919279E+00
   949  3.79600000E+02  1.80919279E+00  1.80695637E+00  1.80919279E+00
   950  3.80000000E+02  1.80919279E+00  1.80695637E+00  1.80919279E+00
   951  3.80400000E+02  1.80919279E+00  1.80695637E+00  1.80919279E+00
   952  3.80800000E+02  1.80919279E+00  1.80695637E+00  1.80919279E+00
   953  3.81200000E+02  1.80919279E+00  1.80695637E+00  1.80919279E+00
   954  3.81600000E+02  1.80919279E+00  1.80695637E+00  1.80919279E+00
   955  3.82000000E+02  1.80919279E+00  1.80695637E+00  1.80919279E+00
   956  3.82400000E+02  1.80919279E+00  1.80695637E+00  1.80919279E+00
   957  3.82800000E+02  1.80919279E+00  1.80695636E+00  1.80919279E+00
   958  3.83200000E+02  1.80919279E+00  1.80695636E+00  1.80919279E+00
   959  3.83600000E+02  1.80919279E+00  1.80695636E+00  1.80919279E+00
   960  3.84000000E+02  1.80919279E+00  1.80695636E+00  1.80919279E+00
   961  3.84400000E+02  1.80919279E+00  1.80695636E+00  1.80919279E+00
   962  3.84800000E+02  1.80919279E+00  1.80695636E+00  1.80919279E+00
   963  3.85200000E+02  1.80919279E+00  1.80695636E+00  1.80919279E+00
   964  3.85600000E+02  1.80919279E+00  1.80695636E+00  1.80919279E+00
   965  3.86000000E+02  1.80919279E+00  1.80695636E+00  1.80919279E+00
   966  3.86400000E+02  1.80919279E+00  1.80695636E+00  1.80919279E+00
   967  3.86800000E+02  1.80919279E+00  1.80695636E+00  1.80919279E+00
   968  3.87200000E+02  1.80919279E+00  1.80695636E+00  1.80919279E+00
   969  3.87600000E+02  1.80919279E+00  1.80695635E+00  1.80919279E+00
   970  3.88000000E+02  1.80919279E+00  1.80695635E+00  1.80919279E+00
   971  3.88400000E+02  1.80919279E+00  1.80695635E+00  1.80919279E+00
   972  3.88800000E+02  1.80919279E+00  1.80695635E+00  1.80919279E+00
   973  3.89200000E+02  1.80919279E+00  1.80695635E+00  1.80919279E+00
   974  3.89600000E+02  1.80919279E+00  1.80695635E+00  1.80919279E+00
   975  3.90000000E+02  1.80919279E+00  1.80695635E+00  1.80919279E+00
   976  3.90400000E+02  1.80919279E+00  1.80695635E+00  1.80919279E+00
   977  3.90800000E+02  1.80919279E+00  1.80695635E+00  1.80919279E+00
   978  3.91200000E+02  1.80919279E+00  1.80695635E+00  1.80919279E+00
   979  3.91600000E+02  1.80919279E+00  1.80695635E+00  1.80919279E+00
   980  3.92000000E+02  1.80919279E+00  1.80695635E+00  1.80919279E+00
   981  3.92400000E+02  1.80919279E+00  1.80695635E+00  1.80919279E+00
   982  3.92800000E+02  1.80919279E+00  1.80695635E+00  1.80919279E+00
   983  3.93200000E+02  1.80919279E+00  1.80695635E+00  1.80919279E+00
   984  3.93600000E+02  1.80919279E+00  1.80695635E+00  1.80919279E+00
   985  3.94000000E+02  1.80919279E+00  1.80695635E+00  1.80919279E+00
   986  3.94400000E+02  1.80919279E+00  1.80695635E+00  1.80919279E+00
   987  3.94800000E+02  1.80919279E+00  1.80695634E+00  1.80919279E+00
   988  3.95200000E+02  1.80919279E+00  1.80695634E+00  1.80919279E+00
   989  3.95600000E+02  1.80919279E+00  1.80695634E+00  1.80919279E+00
   990  3.96000000E+02  1.80919279E+00  1.80695634E+00  1.80919279E+00
   991  3.96400000E+02  1.80919279E+00  1.80695634E+00  1.80919279E+00
   992  3.96800000E+02  1.80919279E+00  1.80695634E+00  1.80919279E+00
   993  3.97200000E+02  1.80919279E+00  1.80695634E+00  1.80919279E+00
   994  3.97600000E+02  1.80919279E+00  1.80695634E+00  1.80919279E+00
   995  3.98000000E+02  1.80919279E+00  1.80695634E+00  1.80919279E+00
   996  3.98400000E+02  1.80919279E+00  1.80695634E+00  1.80919279E+00
   997  3.98800000E+02  1.80919279E+00  1.80695634E+00  1.80919279E+00
   998  3.99200000E+02  1.80919279E+00  1.80695634E+00  1.80919279E+00
   999  3.99600000E+02  1.80919279E+00  1.80695634E+00  1.80919279E+00
  1000  4.00000000E+02  1.80919279E+00  1.80695634E+00  1.80919279E+00
