 comppar: model =   2
 comppar: lambda,mobility/eps,betav,eta_0 =  1.0000E-01  0.0000E+00  4.0000E-01  1.0000E+00
 comppar: eta_s,eta_p,G =  4.0000E-01  6.0000E-01  6.0000E+00
 comppar: U_avg,deltat,flowrate,nsteps =  1.0000E-01  2.0000E-01  3.1416E-01    2000
 comppar: geometry = axisymmetric
 comppar: steady stop change,gap,hold,min =  1.0000E-07  1.0000E-03       1      80
 comppar: steady stop truncated decimals =       3
 comppar: ncompc,ncompg =     4     5
 mesh nnodes = 5797
 mesh nelem = 2796
 P1 BC   5.0000000000000000     
 P2 BC   0.0000000000000000     
     1  2.00000000E-01  1.00253040E+00  1.00000000E+00  1.00253040E+00
     2  4.00000000E-01  1.00501966E+00  1.00000000E+00  1.00501966E+00
     3  6.00000000E-01  1.00746110E+00  1.00000000E+00  1.00746110E+00
     4  8.00000000E-01  1.00986701E+00  1.00000000E+00  1.00986701E+00
     5  1.00000000E+00  1.01224055E+00  1.00000000E+00  1.01224055E+00
     6  1.20000000E+00  1.01458465E+00  1.00000000E+00  1.01458465E+00
     7  1.40000000E+00  1.01689082E+00  1.00000000E+00  1.01689082E+00
     8  1.60000000E+00  1.01917426E+00  1.00000000E+00  1.01917426E+00
     9  1.80000000E+00  1.02141676E+00  1.00000000E+00  1.02141676E+00
    10  2.00000000E+00  1.02363629E+00  1.00000000E+00  1.02363629E+00
    11  2.20000000E+00  1.02581865E+00  1.00000000E+00  1.02581865E+00
    12  2.40000000E+00  1.02797498E+00  1.00000000E+00  1.02797498E+00
    13  2.60000000E+00  1.03009182E+00  1.00000000E+00  1.03009182E+00
    14  2.80000000E+00  1.03219204E+00  1.00000000E+00  1.03219204E+00
    15  3.00000000E+00  1.03424436E+00  1.00000000E+00  1.03424436E+00
    16  3.20000000E+00  1.03629042E+00  1.00000000E+00  1.03629042E+00
    17  3.40000000E+00  1.03827806E+00  1.00000000E+00  1.03827806E+00
    18  3.60000000E+00  1.04026495E+00  1.00000000E+00  1.04026495E+00
    19  3.80000000E+00  1.04220786E+00  1.00000000E+00  1.04220786E+00
    20  4.00000000E+00  1.04411981E+00  1.00000000E+00  1.04411981E+00
    21  4.20000000E+00  1.04601989E+00  9.99999999E-01  1.04601989E+00
    22  4.40000000E+00  1.04785741E+00  9.99999997E-01  1.04785741E+00
    23  4.60000000E+00  1.04970401E+00  9.99999994E-01  1.04970401E+00
    24  4.80000000E+00  1.05151143E+00  9.99999991E-01  1.05151143E+00
    25  5.00000000E+00  1.05326226E+00  9.99999988E-01  1.05326226E+00
    26  5.20000000E+00  1.05504103E+00  9.99999984E-01  1.05504103E+00
    27  5.40000000E+00  1.05675499E+00  9.99999979E-01  1.05675499E+00
    28  5.60000000E+00  1.05841915E+00  9.99999973E-01  1.05841915E+00
    29  5.80000000E+00  1.06011959E+00  9.99999966E-01  1.06011959E+00
    30  6.00000000E+00  1.06175331E+00  9.99999959E-01  1.06175331E+00
    31  6.20000000E+00  1.06333931E+00  9.99999951E-01  1.06333931E+00
    32  6.40000000E+00  1.06496141E+00  9.99999941E-01  1.06496141E+00
    33  6.60000000E+00  1.06651485E+00  9.99999931E-01  1.06651485E+00
    34  6.80000000E+00  1.06799673E+00  9.99999919E-01  1.06799673E+00
    35  7.00000000E+00  1.06954972E+00  9.99999906E-01  1.06954972E+00
    36  7.20000000E+00  1.07104003E+00  9.99999891E-01  1.07104003E+00
    37  7.40000000E+00  1.07245793E+00  9.99999875E-01  1.07245793E+00
    38  7.60000000E+00  1.07390757E+00  9.99999858E-01  1.07390757E+00
    39  7.80000000E+00  1.07533501E+00  9.99999838E-01  1.07533501E+00
    40  8.00000000E+00  1.07668909E+00  9.99999817E-01  1.07668909E+00
    41  8.20000000E+00  1.07799462E+00  9.99999794E-01  1.07799462E+00
    42  8.40000000E+00  1.07937975E+00  9.99999768E-01  1.07937975E+00
    43  8.60000000E+00  1.08069142E+00  9.99999741E-01  1.08069142E+00
    44  8.80000000E+00  1.08192736E+00  9.99999711E-01  1.08192736E+00
    45  9.00000000E+00  1.08319101E+00  9.99999678E-01  1.08319101E+00
    46  9.20000000E+00  1.08446036E+00  9.99999643E-01  1.08446036E+00
    47  9.40000000E+00  1.08565383E+00  9.99999605E-01  1.08565383E+00
    48  9.60000000E+00  1.08676956E+00  9.99999564E-01  1.08676956E+00
    49  9.80000000E+00  1.08795605E+00  9.99999519E-01  1.08795605E+00
    50  1.00000000E+01  1.08913206E+00  9.99999471E-01  1.08913206E+00
    51  1.02000000E+01  1.09023090E+00  9.99999419E-01  1.09023090E+00
    52  1.04000000E+01  1.09125108E+00  9.99999364E-01  1.09125108E+00
    53  1.06000000E+01  1.09236341E+00  9.99999304E-01  1.09236341E+00
    54  1.08000000E+01  1.09344489E+00  9.99999241E-01  1.09344489E+00
    55  1.10000000E+01  1.09444814E+00  9.99999172E-01  1.09444814E+00
    56  1.12000000E+01  1.09537210E+00  9.99999099E-01  1.09537210E+00
    57  1.14000000E+01  1.09636933E+00  9.99999020E-01  1.09636933E+00
    58  1.16000000E+01  1.09737870E+00  9.99998937E-01  1.09737870E+00
    59  1.18000000E+01  1.09830959E+00  9.99998847E-01  1.09830959E+00
    60  1.20000000E+01  1.09916136E+00  9.99998752E-01  1.09916136E+00
    61  1.22000000E+01  1.10004468E+00  9.99998651E-01  1.10004468E+00
    62  1.24000000E+01  1.10098127E+00  9.99998542E-01  1.10098127E+00
    63  1.26000000E+01  1.10183920E+00  9.99998427E-01  1.10183920E+00
    64  1.28000000E+01  1.10261829E+00  9.99998305E-01  1.10261829E+00
    65  1.30000000E+01  1.10337557E+00  9.99998175E-01  1.10337557E+00
    66  1.32000000E+01  1.10424231E+00  9.99998037E-01  1.10424231E+00
    67  1.34000000E+01  1.10503083E+00  9.99997891E-01  1.10503083E+00
    68  1.36000000E+01  1.10574159E+00  9.99997735E-01  1.10574159E+00
    69  1.38000000E+01  1.10641023E+00  9.99997571E-01  1.10641023E+00
    70  1.40000000E+01  1.10720653E+00  9.99997396E-01  1.10720653E+00
    71  1.42000000E+01  1.10792515E+00  9.99997212E-01  1.10792515E+00
    72  1.44000000E+01  1.10856717E+00  9.99997017E-01  1.10856717E+00
    73  1.46000000E+01  1.10914422E+00  9.99996810E-01  1.10914422E+00
    74  1.48000000E+01  1.10987219E+00  9.99996593E-01  1.10987219E+00
    75  1.50000000E+01  1.11052395E+00  9.99996362E-01  1.11052395E+00
    76  1.52000000E+01  1.11110132E+00  9.99996119E-01  1.11110132E+00
    77  1.54000000E+01  1.11161642E+00  9.99995863E-01  1.11161642E+00
    78  1.56000000E+01  1.11227560E+00  9.99995593E-01  1.11227560E+00
    79  1.58000000E+01  1.11286015E+00  9.99995308E-01  1.11286015E+00
    80  1.60000000E+01  1.11337262E+00  9.99995009E-01  1.11337262E+00
    81  1.62000000E+01  1.11382648E+00  9.99994693E-01  1.11382648E+00
    82  1.64000000E+01  1.11442065E+00  9.99994361E-01  1.11442065E+00
    83  1.66000000E+01  1.11494279E+00  9.99994012E-01  1.11494279E+00
    84  1.68000000E+01  1.11539605E+00  9.99993644E-01  1.11539605E+00
    85  1.70000000E+01  1.11580691E+00  9.99993259E-01  1.11580691E+00
    86  1.72000000E+01  1.11633585E+00  9.99992854E-01  1.11633585E+00
    87  1.74000000E+01  1.11679548E+00  9.99992428E-01  1.11679548E+00
    88  1.76000000E+01  1.11718966E+00  9.99991982E-01  1.11718966E+00
    89  1.78000000E+01  1.11756636E+00  9.99991514E-01  1.11756636E+00
    90  1.80000000E+01  1.11803543E+00  9.99991024E-01  1.11803543E+00
    91  1.82000000E+01  1.11843870E+00  9.99990510E-01  1.11843870E+00
    92  1.84000000E+01  1.11878046E+00  9.99989971E-01  1.11878046E+00
    93  1.86000000E+01  1.11912508E+00  9.99989408E-01  1.11912508E+00
    94  1.88000000E+01  1.11953437E+00  9.99988818E-01  1.11953437E+00
    95  1.90000000E+01  1.11988163E+00  9.99988201E-01  1.11988163E+00
    96  1.92000000E+01  1.12017165E+00  9.99987556E-01  1.12017165E+00
    97  1.94000000E+01  1.12050037E+00  9.99986882E-01  1.12050037E+00
    98  1.96000000E+01  1.12085631E+00  9.99986178E-01  1.12085631E+00
    99  1.98000000E+01  1.12115435E+00  9.99985443E-01  1.12115435E+00
   100  2.00000000E+01  1.12139958E+00  9.99984676E-01  1.12139958E+00
   101  2.02000000E+01  1.12170195E+00  9.99983876E-01  1.12170195E+00
   102  2.04000000E+01  1.12200517E+00  9.99983042E-01  1.12200517E+00
   103  2.06000000E+01  1.12225499E+00  9.99982172E-01  1.12225499E+00
   104  2.08000000E+01  1.12245684E+00  9.99981266E-01  1.12245684E+00
   105  2.10000000E+01  1.12275690E+00  9.99980323E-01  1.12275690E+00
   106  2.12000000E+01  1.12301423E+00  9.99979341E-01  1.12301423E+00
   107  2.14000000E+01  1.12322269E+00  9.99978320E-01  1.12322269E+00
   108  2.16000000E+01  1.12340014E+00  9.99977257E-01  1.12340014E+00
   109  2.18000000E+01  1.12366234E+00  9.99976153E-01  1.12366234E+00
   110  2.20000000E+01  1.12387507E+00  9.99975007E-01  1.12387507E+00
   111  2.22000000E+01  1.12404390E+00  9.99973816E-01  1.12404390E+00
   112  2.24000000E+01  1.12423496E+00  9.99972580E-01  1.12423496E+00
   113  2.26000000E+01  1.12445468E+00  9.99971297E-01  1.12445468E+00
   114  2.28000000E+01  1.12462955E+00  9.99969968E-01  1.12462955E+00
   115  2.30000000E+01  1.12476519E+00  9.99968590E-01  1.12476519E+00
   116  2.32000000E+01  1.12494066E+00  9.99967163E-01  1.12494066E+00
   117  2.34000000E+01  1.12511949E+00  9.99965686E-01  1.12511949E+00
   118  2.36000000E+01  1.12525849E+00  9.99964157E-01  1.12525849E+00
   119  2.38000000E+01  1.12537106E+00  9.99962576E-01  1.12537106E+00
   120  2.40000000E+01  1.12555633E+00  9.99960942E-01  1.12555633E+00
   121  2.42000000E+01  1.12570078E+00  9.99959255E-01  1.12570078E+00
   122  2.44000000E+01  1.12581006E+00  9.99957513E-01  1.12581006E+00
   123  2.46000000E+01  1.12591431E+00  9.99955715E-01  1.12591431E+00
   124  2.48000000E+01  1.12606240E+00  9.99953862E-01  1.12606240E+00
   125  2.50000000E+01  1.12617472E+00  9.99951952E-01  1.12617472E+00
   126  2.52000000E+01  1.12625691E+00  9.99949985E-01  1.12625691E+00
   127  2.54000000E+01  1.12638760E+00  9.99947962E-01  1.12638760E+00
   128  2.56000000E+01  1.12650476E+00  9.99945880E-01  1.12650476E+00
   129  2.58000000E+01  1.12659075E+00  9.99943742E-01  1.12659075E+00
   130  2.60000000E+01  1.12665105E+00  9.99941545E-01  1.12665105E+00
   131  2.62000000E+01  1.12676649E+00  9.99939292E-01  1.12676649E+00
   132  2.64000000E+01  1.12685519E+00  9.99936981E-01  1.12685519E+00
   133  2.66000000E+01  1.12691767E+00  9.99934614E-01  1.12691767E+00
   134  2.68000000E+01  1.12700543E+00  9.99932191E-01  1.12700543E+00
   135  2.70000000E+01  1.12709834E+00  9.99929714E-01  1.12709834E+00
   136  2.72000000E+01  1.12716398E+00  9.99927183E-01  1.12716398E+00
   137  2.74000000E+01  1.12720766E+00  9.99924599E-01  1.12720766E+00
   138  2.76000000E+01  1.12728337E+00  9.99921965E-01  1.12728337E+00
   139  2.78000000E+01  1.12735140E+00  9.99919282E-01  1.12735140E+00
   140  2.80000000E+01  1.12739697E+00  9.99916552E-01  1.12739697E+00
   141  2.82000000E+01  1.12745673E+00  9.99913779E-01  1.12745673E+00
   142  2.84000000E+01  1.12752832E+00  9.99910964E-01  1.12752832E+00
   143  2.86000000E+01  1.12757640E+00  9.99908112E-01  1.12757640E+00
   144  2.88000000E+01  1.12760607E+00  9.99905225E-01  1.12760607E+00
   145  2.90000000E+01  1.12765528E+00  9.99902308E-01  1.12765528E+00
   146  2.92000000E+01  1.12770545E+00  9.99899365E-01  1.12770545E+00
   147  2.94000000E+01  1.12773673E+00  9.99896402E-01  1.12773673E+00
   148  2.96000000E+01  1.12777954E+00  9.99893423E-01  1.12777954E+00
   149  2.98000000E+01  1.12783259E+00  9.99890435E-01  1.12783259E+00
   150  3.00000000E+01  1.12786575E+00  9.99887444E-01  1.12786575E+00
   151  3.02000000E+01  1.12788384E+00  9.99884457E-01  1.12788384E+00
   152  3.04000000E+01  1.12791642E+00  9.99881483E-01  1.12791642E+00
   153  3.06000000E+01  1.12795136E+00  9.99878531E-01  1.12795136E+00
   154  3.08000000E+01  1.12797079E+00  9.99875608E-01  1.12797079E+00
   155  3.10000000E+01  1.12800444E+00  9.99872726E-01  1.12800444E+00
   156  3.12000000E+01  1.12804161E+00  9.99869895E-01  1.12804161E+00
   157  3.14000000E+01  1.12806228E+00  9.99867128E-01  1.12806228E+00
   158  3.16000000E+01  1.12807100E+00  9.99864437E-01  1.12807100E+00
   159  3.18000000E+01  1.12809389E+00  9.99861836E-01  1.12809389E+00
   160  3.20000000E+01  1.12811606E+00  9.99859339E-01  1.12811606E+00
   161  3.22000000E+01  1.12812587E+00  9.99856964E-01  1.12812587E+00
   162  3.24000000E+01  1.12815566E+00  9.99854726E-01  1.12815566E+00
   163  3.26000000E+01  1.12817942E+00  9.99852645E-01  1.12817942E+00
   164  3.28000000E+01  1.12818989E+00  9.99850740E-01  1.12818989E+00
   165  3.30000000E+01  1.12819125E+00  9.99849031E-01  1.12819125E+00
   166  3.32000000E+01  1.12820915E+00  9.99847542E-01  1.12820915E+00
   167  3.34000000E+01  1.12822084E+00  9.99846296E-01  1.12822084E+00
   168  3.36000000E+01  1.12822489E+00  9.99845319E-01  1.12822489E+00
   169  3.38000000E+01  1.12825225E+00  9.99844639E-01  1.12825225E+00
   170  3.40000000E+01  1.12826491E+00  9.99844284E-01  1.12826491E+00
   171  3.42000000E+01  1.12826723E+00  9.99844285E-01  1.12826723E+00
   172  3.44000000E+01  1.12826486E+00  9.99844676E-01  1.12826486E+00
   173  3.46000000E+01  1.12827889E+00  9.99845492E-01  1.12827889E+00
   174  3.48000000E+01  1.12828220E+00  9.99846769E-01  1.12828220E+00
   175  3.50000000E+01  1.12829366E+00  9.99848548E-01  1.12829366E+00
   176  3.52000000E+01  1.12830898E+00  9.99850871E-01  1.12830898E+00
   177  3.54000000E+01  1.12831267E+00  9.99853781E-01  1.12831267E+00
   178  3.56000000E+01  1.12830875E+00  9.99857327E-01  1.12830875E+00
   179  3.58000000E+01  1.12831122E+00  9.99861557E-01  1.12831122E+00
   180  3.60000000E+01  1.12831602E+00  9.99866526E-01  1.12831602E+00
   181  3.62000000E+01  1.12831330E+00  9.99872289E-01  1.12831330E+00
   182  3.64000000E+01  1.12833179E+00  9.99878905E-01  1.12833179E+00
   183  3.66000000E+01  1.12833727E+00  9.99886437E-01  1.12833727E+00
   184  3.68000000E+01  1.12834782E+00  9.99894951E-01  1.12834782E+00
   185  3.70000000E+01  1.12836081E+00  9.99904516E-01  1.12836081E+00
   186  3.72000000E+01  1.12837202E+00  9.99915205E-01  1.12837202E+00
   187  3.74000000E+01  1.12838151E+00  9.99927097E-01  1.12838151E+00
   188  3.76000000E+01  1.12838945E+00  9.99940273E-01  1.12838945E+00
   189  3.78000000E+01  1.12839821E+00  9.99954818E-01  1.12839821E+00
   190  3.80000000E+01  1.12840834E+00  9.99970824E-01  1.12840834E+00
   191  3.82000000E+01  1.12841686E+00  9.99988386E-01  1.12841686E+00
   192  3.84000000E+01  1.12842393E+00  1.00000760E+00  1.12842393E+00
   193  3.86000000E+01  1.12842978E+00  1.00002858E+00  1.12842978E+00
   194  3.88000000E+01  1.12843735E+00  1.00005143E+00  1.12843735E+00
   195  3.90000000E+01  1.12844444E+00  1.00007627E+00  1.12844444E+00
   196  3.92000000E+01  1.12845029E+00  1.00010322E+00  1.12845029E+00
   197  3.94000000E+01  1.12845514E+00  1.00013240E+00  1.12845514E+00
   198  3.96000000E+01  1.12845924E+00  1.00016396E+00  1.12845924E+00
   199  3.98000000E+01  1.12846452E+00  1.00019804E+00  1.12846452E+00
   200  4.00000000E+01  1.12846970E+00  1.00023477E+00  1.12846970E+00
   201  4.02000000E+01  1.12847400E+00  1.00027432E+00  1.12847400E+00
   202  4.04000000E+01  1.12847766E+00  1.00031685E+00  1.12847766E+00
   203  4.06000000E+01  1.12848087E+00  1.00036253E+00  1.12848087E+00
   204  4.08000000E+01  1.12848378E+00  1.00041154E+00  1.12848378E+00
   205  4.10000000E+01  1.12848664E+00  1.00046406E+00  1.12848664E+00
   206  4.12000000E+01  1.12848984E+00  1.00052028E+00  1.12848984E+00
   207  4.14000000E+01  1.12849275E+00  1.00058042E+00  1.12849275E+00
   208  4.16000000E+01  1.12849547E+00  1.00064468E+00  1.12849547E+00
   209  4.18000000E+01  1.12849809E+00  1.00071328E+00  1.12849809E+00
   210  4.20000000E+01  1.12850062E+00  1.00078645E+00  1.12850062E+00
   211  4.22000000E+01  1.12850308E+00  1.00086445E+00  1.12850308E+00
   212  4.24000000E+01  1.12850544E+00  1.00094751E+00  1.12850544E+00
   213  4.26000000E+01  1.12850768E+00  1.00103590E+00  1.12850768E+00
   214  4.28000000E+01  1.12850977E+00  1.00112989E+00  1.12850977E+00
   215  4.30000000E+01  1.12851169E+00  1.00122977E+00  1.12851169E+00
   216  4.32000000E+01  1.12851342E+00  1.00133584E+00  1.12851342E+00
   217  4.34000000E+01  1.12851496E+00  1.00144839E+00  1.12851496E+00
   218  4.36000000E+01  1.12851668E+00  1.00156775E+00  1.12851668E+00
   219  4.38000000E+01  1.12851843E+00  1.00169426E+00  1.12851843E+00
   220  4.40000000E+01  1.12851999E+00  1.00182825E+00  1.12851999E+00
   221  4.42000000E+01  1.12852137E+00  1.00197009E+00  1.12852137E+00
   222  4.44000000E+01  1.12852257E+00  1.00212015E+00  1.12852257E+00
   223  4.46000000E+01  1.12852359E+00  1.00227881E+00  1.12852359E+00
   224  4.48000000E+01  1.12852445E+00  1.00244648E+00  1.12852445E+00
   225  4.50000000E+01  1.12852516E+00  1.00262356E+00  1.12852516E+00
   226  4.52000000E+01  1.12852576E+00  1.00281048E+00  1.12852576E+00
   227  4.54000000E+01  1.12852632E+00  1.00300769E+00  1.12852632E+00
   228  4.56000000E+01  1.12852705E+00  1.00321565E+00  1.12852705E+00
   229  4.58000000E+01  1.12852766E+00  1.00343483E+00  1.12852766E+00
   230  4.60000000E+01  1.12852815E+00  1.00366571E+00  1.12852815E+00
   231  4.62000000E+01  1.12852856E+00  1.00390881E+00  1.12852856E+00
   232  4.64000000E+01  1.12852890E+00  1.00416463E+00  1.12852890E+00
   233  4.66000000E+01  1.12852918E+00  1.00443372E+00  1.12852918E+00
   234  4.68000000E+01  1.12852942E+00  1.00471662E+00  1.12852942E+00
   235  4.70000000E+01  1.12852960E+00  1.00501391E+00  1.12852960E+00
   236  4.72000000E+01  1.12852976E+00  1.00532616E+00  1.12852976E+00
   237  4.74000000E+01  1.12852987E+00  1.00565396E+00  1.12852987E+00
   238  4.76000000E+01  1.12852996E+00  1.00599794E+00  1.12852996E+00
   239  4.78000000E+01  1.12853001E+00  1.00635871E+00  1.12853001E+00
   240  4.80000000E+01  1.12853004E+00  1.00673693E+00  1.12853004E+00
   241  4.82000000E+01  1.12853004E+00  1.00713324E+00  1.12853004E+00
   242  4.84000000E+01  1.12853002E+00  1.00754831E+00  1.12853002E+00
   243  4.86000000E+01  1.12852998E+00  1.00798282E+00  1.12852998E+00
   244  4.88000000E+01  1.12852993E+00  1.00843747E+00  1.12852993E+00
   245  4.90000000E+01  1.12852985E+00  1.00891297E+00  1.12852985E+00
   246  4.92000000E+01  1.12852977E+00  1.00941002E+00  1.12852977E+00
   247  4.94000000E+01  1.12852967E+00  1.00992936E+00  1.12852967E+00
   248  4.96000000E+01  1.12852957E+00  1.01047172E+00  1.12852957E+00
   249  4.98000000E+01  1.12852946E+00  1.01103784E+00  1.12852946E+00
   250  5.00000000E+01  1.12852934E+00  1.01162847E+00  1.12852934E+00
   251  5.02000000E+01  1.12852922E+00  1.01224437E+00  1.12852922E+00
   252  5.04000000E+01  1.12852910E+00  1.01288627E+00  1.12852910E+00
   253  5.06000000E+01  1.12852898E+00  1.01355496E+00  1.12852898E+00
   254  5.08000000E+01  1.12852886E+00  1.01425117E+00  1.12852886E+00
   255  5.10000000E+01  1.12852873E+00  1.01497566E+00  1.12852873E+00
   256  5.12000000E+01  1.12852861E+00  1.01572917E+00  1.12852861E+00
   257  5.14000000E+01  1.12852849E+00  1.01651245E+00  1.12852849E+00
   258  5.16000000E+01  1.12852837E+00  1.01732621E+00  1.12852837E+00
   259  5.18000000E+01  1.12852826E+00  1.01817118E+00  1.12852826E+00
   260  5.20000000E+01  1.12852815E+00  1.01904804E+00  1.12852815E+00
   261  5.22000000E+01  1.12852803E+00  1.01995747E+00  1.12852803E+00
   262  5.24000000E+01  1.12852793E+00  1.02090011E+00  1.12852793E+00
   263  5.26000000E+01  1.12852782E+00  1.02187660E+00  1.12852782E+00
   264  5.28000000E+01  1.12852772E+00  1.02288752E+00  1.12852772E+00
   265  5.30000000E+01  1.12852762E+00  1.02393342E+00  1.12852762E+00
   266  5.32000000E+01  1.12852753E+00  1.02501482E+00  1.12852753E+00
   267  5.34000000E+01  1.12852744E+00  1.02613219E+00  1.12852744E+00
   268  5.36000000E+01  1.12852735E+00  1.02728595E+00  1.12852735E+00
   269  5.38000000E+01  1.12852727E+00  1.02847647E+00  1.12852727E+00
   270  5.40000000E+01  1.12852719E+00  1.02970405E+00  1.12852719E+00
   271  5.42000000E+01  1.12852711E+00  1.03096895E+00  1.12852711E+00
   272  5.44000000E+01  1.12852704E+00  1.03227134E+00  1.12852704E+00
   273  5.46000000E+01  1.12852697E+00  1.03361133E+00  1.12852697E+00
   274  5.48000000E+01  1.12852690E+00  1.03498895E+00  1.12852690E+00
   275  5.50000000E+01  1.12852684E+00  1.03640414E+00  1.12852684E+00
   276  5.52000000E+01  1.12852678E+00  1.03785676E+00  1.12852678E+00
   277  5.54000000E+01  1.12852672E+00  1.03934657E+00  1.12852672E+00
   278  5.56000000E+01  1.12852667E+00  1.04087323E+00  1.12852667E+00
   279  5.58000000E+01  1.12852662E+00  1.04243632E+00  1.12852662E+00
   280  5.60000000E+01  1.12852657E+00  1.04403529E+00  1.12852657E+00
   281  5.62000000E+01  1.12852652E+00  1.04566948E+00  1.12852652E+00
   282  5.64000000E+01  1.12852648E+00  1.04733812E+00  1.12852648E+00
   283  5.66000000E+01  1.12852644E+00  1.04904032E+00  1.12852644E+00
   284  5.68000000E+01  1.12852640E+00  1.05077507E+00  1.12852640E+00
   285  5.70000000E+01  1.12852637E+00  1.05254123E+00  1.12852637E+00
   286  5.72000000E+01  1.12852633E+00  1.05433753E+00  1.12852633E+00
   287  5.74000000E+01  1.12852630E+00  1.05616258E+00  1.12852630E+00
   288  5.76000000E+01  1.12852627E+00  1.05801484E+00  1.12852627E+00
   289  5.78000000E+01  1.12852624E+00  1.05989266E+00  1.12852624E+00
   290  5.80000000E+01  1.12852622E+00  1.06179424E+00  1.12852622E+00
   291  5.82000000E+01  1.12852619E+00  1.06371766E+00  1.12852619E+00
   292  5.84000000E+01  1.12852617E+00  1.06566085E+00  1.12852617E+00
   293  5.86000000E+01  1.12852615E+00  1.06762163E+00  1.12852615E+00
   294  5.88000000E+01  1.12852613E+00  1.06959769E+00  1.12852613E+00
   295  5.90000000E+01  1.12852611E+00  1.07158659E+00  1.12852611E+00
   296  5.92000000E+01  1.12852609E+00  1.07358576E+00  1.12852609E+00
   297  5.94000000E+01  1.12852607E+00  1.07559253E+00  1.12852607E+00
   298  5.96000000E+01  1.12852606E+00  1.07760412E+00  1.12852606E+00
   299  5.98000000E+01  1.12852604E+00  1.07961764E+00  1.12852604E+00
   300  6.00000000E+01  1.12852603E+00  1.08163009E+00  1.12852603E+00
   301  6.02000000E+01  1.12852602E+00  1.08363841E+00  1.12852602E+00
   302  6.04000000E+01  1.12852601E+00  1.08563944E+00  1.12852601E+00
   303  6.06000000E+01  1.12852599E+00  1.08762994E+00  1.12852599E+00
   304  6.08000000E+01  1.12852598E+00  1.08960661E+00  1.12852598E+00
   305  6.10000000E+01  1.12852598E+00  1.09156612E+00  1.12852598E+00
   306  6.12000000E+01  1.12852597E+00  1.09350506E+00  1.12852597E+00
   307  6.14000000E+01  1.12852596E+00  1.09542002E+00  1.12852596E+00
   308  6.16000000E+01  1.12852595E+00  1.09730755E+00  1.12852595E+00
   309  6.18000000E+01  1.12852594E+00  1.09916421E+00  1.12852594E+00
   310  6.20000000E+01  1.12852594E+00  1.10098656E+00  1.12852594E+00
   311  6.22000000E+01  1.12852593E+00  1.10277119E+00  1.12852593E+00
   312  6.24000000E+01  1.12852593E+00  1.10451473E+00  1.12852593E+00
   313  6.26000000E+01  1.12852592E+00  1.10621385E+00  1.12852592E+00
   314  6.28000000E+01  1.12852592E+00  1.10786531E+00  1.12852592E+00
   315  6.30000000E+01  1.12852591E+00  1.10946595E+00  1.12852591E+00
   316  6.32000000E+01  1.12852591E+00  1.11101274E+00  1.12852591E+00
   317  6.34000000E+01  1.12852590E+00  1.11250274E+00  1.12852590E+00
   318  6.36000000E+01  1.12852590E+00  1.11393321E+00  1.12852590E+00
   319  6.38000000E+01  1.12852590E+00  1.11530155E+00  1.12852590E+00
   320  6.40000000E+01  1.12852589E+00  1.11660538E+00  1.12852589E+00
   321  6.42000000E+01  1.12852589E+00  1.11784254E+00  1.12852589E+00
   322  6.44000000E+01  1.12852589E+00  1.11901113E+00  1.12852589E+00
   323  6.46000000E+01  1.12852589E+00  1.12010952E+00  1.12852589E+00
   324  6.48000000E+01  1.12852588E+00  1.12113641E+00  1.12852588E+00
   325  6.50000000E+01  1.12852588E+00  1.12209086E+00  1.12852588E+00
   326  6.52000000E+01  1.12852588E+00  1.12297228E+00  1.12852588E+00
   327  6.54000000E+01  1.12852588E+00  1.12378052E+00  1.12852588E+00
   328  6.56000000E+01  1.12852588E+00  1.12451587E+00  1.12852588E+00
   329  6.58000000E+01  1.12852588E+00  1.12517909E+00  1.12852588E+00
   330  6.60000000E+01  1.12852587E+00  1.12577142E+00  1.12852587E+00
   331  6.62000000E+01  1.12852587E+00  1.12629462E+00  1.12852587E+00
   332  6.64000000E+01  1.12852587E+00  1.12675098E+00  1.12852587E+00
   333  6.66000000E+01  1.12852587E+00  1.12714326E+00  1.12852587E+00
   334  6.68000000E+01  1.12852587E+00  1.12747474E+00  1.12852587E+00
   335  6.70000000E+01  1.12852587E+00  1.12774918E+00  1.12852587E+00
   336  6.72000000E+01  1.12852587E+00  1.12797073E+00  1.12852587E+00
   337  6.74000000E+01  1.12852587E+00  1.12814393E+00  1.12852587E+00
 steady-height stop at step    337: truncated to 3 decimals, truncated max/end/ratio =       1128      1128      1128, max/end/ratio =   1.12852587E+00  1.12814393E+00  1.12852587E+00
