 dx_box  0.20000000000000001      dx_wall   5.0000000000000003E-002
 comppar: model =   2
 comppar: lambda,mobility/eps,betav,eta_0 =  1.0000E+00  0.0000E+00  1.1111E-01  1.0000E+00
 comppar: eta_s,eta_p,G =  1.1111E-01  8.8889E-01  8.8889E-01
 comppar: U_avg,deltat,flowrate,nsteps =  1.2500E-01  2.0000E-01  3.9270E-01    1000
 comppar: geometry = axisymmetric
 comppar: steady stop change,gap,hold,min =  1.0000E-05  5.0000E-03      10      80
 comppar: ncompc,ncompg =     4     5
 mesh nnodes = 4357
 mesh nelem = 2112
 P1 BC   5.0000000000000000     
 P2 BC   0.0000000000000000     
     1  2.00000000E-01  1.00315198E+00  1.00000000E+00  1.00315198E+00
     2  4.00000000E-01  1.00618182E+00  1.00000000E+00  1.00618182E+00
     3  6.00000000E-01  1.00905882E+00  1.00000000E+00  1.00905882E+00
     4  8.00000000E-01  1.01185398E+00  1.00000000E+00  1.01185398E+00
     5  1.00000000E+00  1.01459731E+00  1.00000000E+00  1.01459731E+00
     6  1.20000000E+00  1.01731562E+00  1.00000000E+00  1.01731562E+00
     7  1.40000000E+00  1.02001049E+00  1.00000000E+00  1.02001049E+00
     8  1.60000000E+00  1.02270117E+00  1.00000000E+00  1.02270117E+00
     9  1.80000000E+00  1.02538273E+00  1.00000001E+00  1.02538273E+00
    10  2.00000000E+00  1.02805419E+00  1.00000001E+00  1.02805419E+00
    11  2.20000000E+00  1.03067211E+00  1.00000001E+00  1.03067211E+00
    12  2.40000000E+00  1.03332939E+00  1.00000001E+00  1.03332939E+00
    13  2.60000000E+00  1.03594277E+00  1.00000001E+00  1.03594277E+00
    14  2.80000000E+00  1.03849278E+00  1.00000001E+00  1.03849278E+00
    15  3.00000000E+00  1.04109289E+00  1.00000001E+00  1.04109289E+00
    16  3.20000000E+00  1.04363243E+00  1.00000001E+00  1.04363243E+00
    17  3.40000000E+00  1.04609918E+00  1.00000000E+00  1.04609918E+00
    18  3.60000000E+00  1.04852744E+00  1.00000000E+00  1.04852744E+00
    19  3.80000000E+00  1.05102302E+00  9.99999999E-01  1.05102302E+00
    20  4.00000000E+00  1.05344215E+00  9.99999995E-01  1.05344215E+00
    21  4.20000000E+00  1.05577799E+00  9.99999990E-01  1.05577799E+00
    22  4.40000000E+00  1.05805584E+00  9.99999985E-01  1.05805584E+00
    23  4.60000000E+00  1.06042061E+00  9.99999978E-01  1.06042061E+00
    24  4.80000000E+00  1.06269971E+00  9.99999969E-01  1.06269971E+00
    25  5.00000000E+00  1.06488740E+00  9.99999960E-01  1.06488740E+00
    26  5.20000000E+00  1.06697860E+00  9.99999948E-01  1.06697860E+00
    27  5.40000000E+00  1.06897411E+00  9.99999935E-01  1.06897411E+00
    28  5.60000000E+00  1.07117847E+00  9.99999920E-01  1.07117847E+00
    29  5.80000000E+00  1.07329051E+00  9.99999903E-01  1.07329051E+00
    30  6.00000000E+00  1.07530570E+00  9.99999884E-01  1.07530570E+00
    31  6.20000000E+00  1.07722015E+00  9.99999863E-01  1.07722015E+00
    32  6.40000000E+00  1.07903077E+00  9.99999839E-01  1.07903077E+00
    33  6.60000000E+00  1.08102285E+00  9.99999812E-01  1.08102285E+00
    34  6.80000000E+00  1.08296108E+00  9.99999782E-01  1.08296108E+00
    35  7.00000000E+00  1.08479814E+00  9.99999748E-01  1.08479814E+00
    36  7.20000000E+00  1.08653136E+00  9.99999711E-01  1.08653136E+00
    37  7.40000000E+00  1.08815902E+00  9.99999671E-01  1.08815902E+00
    38  7.60000000E+00  1.08968036E+00  9.99999626E-01  1.08968036E+00
    39  7.80000000E+00  1.09132067E+00  9.99999576E-01  1.09132067E+00
    40  8.00000000E+00  1.09310025E+00  9.99999522E-01  1.09310025E+00
    41  8.20000000E+00  1.09477779E+00  9.99999462E-01  1.09477779E+00
    42  8.40000000E+00  1.09635191E+00  9.99999397E-01  1.09635191E+00
    43  8.60000000E+00  1.09782224E+00  9.99999325E-01  1.09782224E+00
    44  8.80000000E+00  1.09918957E+00  9.99999247E-01  1.09918957E+00
    45  9.00000000E+00  1.10045597E+00  9.99999163E-01  1.10045597E+00
    46  9.20000000E+00  1.10196836E+00  9.99999071E-01  1.10196836E+00
    47  9.40000000E+00  1.10348438E+00  9.99998971E-01  1.10348438E+00
    48  9.60000000E+00  1.10489695E+00  9.99998862E-01  1.10489695E+00
    49  9.80000000E+00  1.10620706E+00  9.99998745E-01  1.10620706E+00
    50  1.00000000E+01  1.10741714E+00  9.99998618E-01  1.10741714E+00
    51  1.02000000E+01  1.10853110E+00  9.99998481E-01  1.10853110E+00
    52  1.04000000E+01  1.10955448E+00  9.99998333E-01  1.10955448E+00
    53  1.06000000E+01  1.11064893E+00  9.99998173E-01  1.11064893E+00
    54  1.08000000E+01  1.11197786E+00  9.99998002E-01  1.11197786E+00
    55  1.10000000E+01  1.11320873E+00  9.99997818E-01  1.11320873E+00
    56  1.12000000E+01  1.11434543E+00  9.99997619E-01  1.11434543E+00
    57  1.14000000E+01  1.11539323E+00  9.99997407E-01  1.11539323E+00
    58  1.16000000E+01  1.11635864E+00  9.99997179E-01  1.11635864E+00
    59  1.18000000E+01  1.11724894E+00  9.99996934E-01  1.11724894E+00
    60  1.20000000E+01  1.11807176E+00  9.99996673E-01  1.11807176E+00
    61  1.22000000E+01  1.11904815E+00  9.99996393E-01  1.11904815E+00
    62  1.24000000E+01  1.12009672E+00  9.99996094E-01  1.12009672E+00
    63  1.26000000E+01  1.12106251E+00  9.99995774E-01  1.12106251E+00
    64  1.28000000E+01  1.12195357E+00  9.99995433E-01  1.12195357E+00
    65  1.30000000E+01  1.12277816E+00  9.99995069E-01  1.12277816E+00
    66  1.32000000E+01  1.12354405E+00  9.99994682E-01  1.12354405E+00
    67  1.34000000E+01  1.12425798E+00  9.99994269E-01  1.12425798E+00
    68  1.36000000E+01  1.12492518E+00  9.99993831E-01  1.12492518E+00
    69  1.38000000E+01  1.12564720E+00  9.99993364E-01  1.12564720E+00
    70  1.40000000E+01  1.12649622E+00  9.99992869E-01  1.12649622E+00
    71  1.42000000E+01  1.12728292E+00  9.99992343E-01  1.12728292E+00
    72  1.44000000E+01  1.12801300E+00  9.99991785E-01  1.12801300E+00
    73  1.46000000E+01  1.12869120E+00  9.99991194E-01  1.12869120E+00
    74  1.48000000E+01  1.12932117E+00  9.99990567E-01  1.12932117E+00
    75  1.50000000E+01  1.12990556E+00  9.99989904E-01  1.12990556E+00
    76  1.52000000E+01  1.13044610E+00  9.99989202E-01  1.13044610E+00
    77  1.54000000E+01  1.13094388E+00  9.99988459E-01  1.13094388E+00
    78  1.56000000E+01  1.13160064E+00  9.99987674E-01  1.13160064E+00
    79  1.58000000E+01  1.13223834E+00  9.99986845E-01  1.13223834E+00
    80  1.60000000E+01  1.13283111E+00  9.99985969E-01  1.13283111E+00
    81  1.62000000E+01  1.13338049E+00  9.99985045E-01  1.13338049E+00
    82  1.64000000E+01  1.13388729E+00  9.99984070E-01  1.13388729E+00
    83  1.66000000E+01  1.13435193E+00  9.99983042E-01  1.13435193E+00
    84  1.68000000E+01  1.13477472E+00  9.99981960E-01  1.13477472E+00
    85  1.70000000E+01  1.13522611E+00  9.99980821E-01  1.13522611E+00
    86  1.72000000E+01  1.13577725E+00  9.99979623E-01  1.13577725E+00
    87  1.74000000E+01  1.13628414E+00  9.99978363E-01  1.13628414E+00
    88  1.76000000E+01  1.13674816E+00  9.99977041E-01  1.13674816E+00
    89  1.78000000E+01  1.13717047E+00  9.99975654E-01  1.13717047E+00
    90  1.80000000E+01  1.13755220E+00  9.99974200E-01  1.13755220E+00
    91  1.82000000E+01  1.13789455E+00  9.99972677E-01  1.13789455E+00
    92  1.84000000E+01  1.13819892E+00  9.99971082E-01  1.13819892E+00
    93  1.86000000E+01  1.13853883E+00  9.99969413E-01  1.13853883E+00
    94  1.88000000E+01  1.13897023E+00  9.99967668E-01  1.13897023E+00
    95  1.90000000E+01  1.13936065E+00  9.99965845E-01  1.13936065E+00
    96  1.92000000E+01  1.13971115E+00  9.99963940E-01  1.13971115E+00
    97  1.94000000E+01  1.14002302E+00  9.99961953E-01  1.14002302E+00
    98  1.96000000E+01  1.14029787E+00  9.99959880E-01  1.14029787E+00
    99  1.98000000E+01  1.14053765E+00  9.99957720E-01  1.14053765E+00
   100  2.00000000E+01  1.14074466E+00  9.99955471E-01  1.14074466E+00
   101  2.02000000E+01  1.14105639E+00  9.99953131E-01  1.14105639E+00
   102  2.04000000E+01  1.14137181E+00  9.99950700E-01  1.14137181E+00
   103  2.06000000E+01  1.14165116E+00  9.99948176E-01  1.14165116E+00
   104  2.08000000E+01  1.14189633E+00  9.99945558E-01  1.14189633E+00
   105  2.10000000E+01  1.14210944E+00  9.99942846E-01  1.14210944E+00
   106  2.12000000E+01  1.14229281E+00  9.99940038E-01  1.14229281E+00
   107  2.14000000E+01  1.14244896E+00  9.99937135E-01  1.14244896E+00
   108  2.16000000E+01  1.14261619E+00  9.99934135E-01  1.14261619E+00
   109  2.18000000E+01  1.14286820E+00  9.99931039E-01  1.14286820E+00
   110  2.20000000E+01  1.14308740E+00  9.99927847E-01  1.14308740E+00
   111  2.22000000E+01  1.14327611E+00  9.99924558E-01  1.14327611E+00
   112  2.24000000E+01  1.14343688E+00  9.99921175E-01  1.14343688E+00
   113  2.26000000E+01  1.14357240E+00  9.99917699E-01  1.14357240E+00
   114  2.28000000E+01  1.14368545E+00  9.99914133E-01  1.14368545E+00
   115  2.30000000E+01  1.14384614E+00  9.99910479E-01  1.14384614E+00
   116  2.32000000E+01  1.14404102E+00  9.99906744E-01  1.14404102E+00
   117  2.34000000E+01  1.14420812E+00  9.99902932E-01  1.14420812E+00
   118  2.36000000E+01  1.14434990E+00  9.99899051E-01  1.14434990E+00
   119  2.38000000E+01  1.14446889E+00  9.99895106E-01  1.14446889E+00
   120  2.40000000E+01  1.14456766E+00  9.99891108E-01  1.14456766E+00
   121  2.42000000E+01  1.14464875E+00  9.99887064E-01  1.14464875E+00
   122  2.44000000E+01  1.14473067E+00  9.99882986E-01  1.14473067E+00
   123  2.46000000E+01  1.14487717E+00  9.99878883E-01  1.14487717E+00
   124  2.48000000E+01  1.14500027E+00  9.99874767E-01  1.14500027E+00
   125  2.50000000E+01  1.14510259E+00  9.99870650E-01  1.14510259E+00
   126  2.52000000E+01  1.14518676E+00  9.99866547E-01  1.14518676E+00
   127  2.54000000E+01  1.14525531E+00  9.99862471E-01  1.14525531E+00
   128  2.56000000E+01  1.14531068E+00  9.99858439E-01  1.14531068E+00
   129  2.58000000E+01  1.14539474E+00  9.99854469E-01  1.14539474E+00
   130  2.60000000E+01  1.14550250E+00  9.99850583E-01  1.14550250E+00
   131  2.62000000E+01  1.14559153E+00  9.99846802E-01  1.14559153E+00
   132  2.64000000E+01  1.14566424E+00  9.99843152E-01  1.14566424E+00
   133  2.66000000E+01  1.14572294E+00  9.99839663E-01  1.14572294E+00
   134  2.68000000E+01  1.14576982E+00  9.99836367E-01  1.14576982E+00
   135  2.70000000E+01  1.14580692E+00  9.99833299E-01  1.14580692E+00
   136  2.72000000E+01  1.14583606E+00  9.99830498E-01  1.14583606E+00
   137  2.74000000E+01  1.14590412E+00  9.99828008E-01  1.14590412E+00
   138  2.76000000E+01  1.14596559E+00  9.99825874E-01  1.14596559E+00
   139  2.78000000E+01  1.14601493E+00  9.99824148E-01  1.14601493E+00
   140  2.80000000E+01  1.14605423E+00  9.99822884E-01  1.14605423E+00
   141  2.82000000E+01  1.14608539E+00  9.99822139E-01  1.14608539E+00
   142  2.84000000E+01  1.14611009E+00  9.99821977E-01  1.14611009E+00
   143  2.86000000E+01  1.14616335E+00  9.99822463E-01  1.14616335E+00
   144  2.88000000E+01  1.14621560E+00  9.99823668E-01  1.14621560E+00
   145  2.90000000E+01  1.14625700E+00  9.99825668E-01  1.14625700E+00
   146  2.92000000E+01  1.14628947E+00  9.99828542E-01  1.14628947E+00
   147  2.94000000E+01  1.14631470E+00  9.99832375E-01  1.14631470E+00
   148  2.96000000E+01  1.14633422E+00  9.99837258E-01  1.14633422E+00
   149  2.98000000E+01  1.14634934E+00  9.99843288E-01  1.14634934E+00
   150  3.00000000E+01  1.14636119E+00  9.99850570E-01  1.14636119E+00
   151  3.02000000E+01  1.14638178E+00  9.99859214E-01  1.14638178E+00
   152  3.04000000E+01  1.14640904E+00  9.99869341E-01  1.14640904E+00
   153  3.06000000E+01  1.14643044E+00  9.99881081E-01  1.14643044E+00
   154  3.08000000E+01  1.14644734E+00  9.99894573E-01  1.14644734E+00
   155  3.10000000E+01  1.14646086E+00  9.99909968E-01  1.14646086E+00
   156  3.12000000E+01  1.14647194E+00  9.99927428E-01  1.14647194E+00
   157  3.14000000E+01  1.14649726E+00  9.99947128E-01  1.14649726E+00
   158  3.16000000E+01  1.14651900E+00  9.99969256E-01  1.14651900E+00
   159  3.18000000E+01  1.14653559E+00  9.99994013E-01  1.14653559E+00
   160  3.20000000E+01  1.14654827E+00  1.00002161E+00  1.14654827E+00
   161  3.22000000E+01  1.14655806E+00  1.00005228E+00  1.14655806E+00
   162  3.24000000E+01  1.14656580E+00  1.00008626E+00  1.14656580E+00
   163  3.26000000E+01  1.14657218E+00  1.00012381E+00  1.14657218E+00
   164  3.28000000E+01  1.14657769E+00  1.00016519E+00  1.14657769E+00
   165  3.30000000E+01  1.14658272E+00  1.00021067E+00  1.14658272E+00
   166  3.32000000E+01  1.14658753E+00  1.00026056E+00  1.14658753E+00
   167  3.34000000E+01  1.14659226E+00  1.00031515E+00  1.14659226E+00
   168  3.36000000E+01  1.14659699E+00  1.00037477E+00  1.14659699E+00
   169  3.38000000E+01  1.14660176E+00  1.00043974E+00  1.14660176E+00
   170  3.40000000E+01  1.14660652E+00  1.00051040E+00  1.14660652E+00
   171  3.42000000E+01  1.14661163E+00  1.00058713E+00  1.14661163E+00
   172  3.44000000E+01  1.14661760E+00  1.00067031E+00  1.14661760E+00
   173  3.46000000E+01  1.14662349E+00  1.00076033E+00  1.14662349E+00
   174  3.48000000E+01  1.14662933E+00  1.00085763E+00  1.14662933E+00
   175  3.50000000E+01  1.14663508E+00  1.00096266E+00  1.14663508E+00
   176  3.52000000E+01  1.14664069E+00  1.00107591E+00  1.14664069E+00
   177  3.54000000E+01  1.14664609E+00  1.00119788E+00  1.14664609E+00
   178  3.56000000E+01  1.14665122E+00  1.00132914E+00  1.14665122E+00
   179  3.58000000E+01  1.14665602E+00  1.00147025E+00  1.14665602E+00
   180  3.60000000E+01  1.14666043E+00  1.00162186E+00  1.14666043E+00
   181  3.62000000E+01  1.14666442E+00  1.00178461E+00  1.14666442E+00
   182  3.64000000E+01  1.14666798E+00  1.00195923E+00  1.14666798E+00
   183  3.66000000E+01  1.14667109E+00  1.00214644E+00  1.14667109E+00
   184  3.68000000E+01  1.14667377E+00  1.00234703E+00  1.14667377E+00
   185  3.70000000E+01  1.14667603E+00  1.00256182E+00  1.14667603E+00
   186  3.72000000E+01  1.14667791E+00  1.00279166E+00  1.14667791E+00
   187  3.74000000E+01  1.14667943E+00  1.00303745E+00  1.14667943E+00
   188  3.76000000E+01  1.14668200E+00  1.00330010E+00  1.14668200E+00
   189  3.78000000E+01  1.14668475E+00  1.00358056E+00  1.14668475E+00
   190  3.80000000E+01  1.14668712E+00  1.00387979E+00  1.14668712E+00
   191  3.82000000E+01  1.14668914E+00  1.00419880E+00  1.14668914E+00
   192  3.84000000E+01  1.14669082E+00  1.00453860E+00  1.14669082E+00
   193  3.86000000E+01  1.14669219E+00  1.00490022E+00  1.14669219E+00
   194  3.88000000E+01  1.14669327E+00  1.00528473E+00  1.14669327E+00
   195  3.90000000E+01  1.14669411E+00  1.00569322E+00  1.14669411E+00
   196  3.92000000E+01  1.14669472E+00  1.00612679E+00  1.14669472E+00
   197  3.94000000E+01  1.14669516E+00  1.00658659E+00  1.14669516E+00
   198  3.96000000E+01  1.14669545E+00  1.00707379E+00  1.14669545E+00
   199  3.98000000E+01  1.14669562E+00  1.00758959E+00  1.14669562E+00
   200  4.00000000E+01  1.14669569E+00  1.00813524E+00  1.14669569E+00
   201  4.02000000E+01  1.14669569E+00  1.00871202E+00  1.14669569E+00
   202  4.04000000E+01  1.14669565E+00  1.00932126E+00  1.14669565E+00
   203  4.06000000E+01  1.14669556E+00  1.00996430E+00  1.14669556E+00
   204  4.08000000E+01  1.14669545E+00  1.01064255E+00  1.14669545E+00
   205  4.10000000E+01  1.14669532E+00  1.01135744E+00  1.14669532E+00
   206  4.12000000E+01  1.14669518E+00  1.01211043E+00  1.14669518E+00
   207  4.14000000E+01  1.14669503E+00  1.01290300E+00  1.14669503E+00
   208  4.16000000E+01  1.14669489E+00  1.01373665E+00  1.14669489E+00
   209  4.18000000E+01  1.14669474E+00  1.01461289E+00  1.14669474E+00
   210  4.20000000E+01  1.14669458E+00  1.01553323E+00  1.14669458E+00
   211  4.22000000E+01  1.14669443E+00  1.01649918E+00  1.14669443E+00
   212  4.24000000E+01  1.14669428E+00  1.01751224E+00  1.14669428E+00
   213  4.26000000E+01  1.14669413E+00  1.01857389E+00  1.14669413E+00
   214  4.28000000E+01  1.14669397E+00  1.01968556E+00  1.14669397E+00
   215  4.30000000E+01  1.14669382E+00  1.02084868E+00  1.14669382E+00
   216  4.32000000E+01  1.14669366E+00  1.02206460E+00  1.14669366E+00
   217  4.34000000E+01  1.14669351E+00  1.02333464E+00  1.14669351E+00
   218  4.36000000E+01  1.14669335E+00  1.02466003E+00  1.14669335E+00
   219  4.38000000E+01  1.14669320E+00  1.02604192E+00  1.14669320E+00
   220  4.40000000E+01  1.14669305E+00  1.02748136E+00  1.14669305E+00
   221  4.42000000E+01  1.14669290E+00  1.02897930E+00  1.14669290E+00
   222  4.44000000E+01  1.14669275E+00  1.03053655E+00  1.14669275E+00
   223  4.46000000E+01  1.14669261E+00  1.03215374E+00  1.14669261E+00
   224  4.48000000E+01  1.14669247E+00  1.03383135E+00  1.14669247E+00
   225  4.50000000E+01  1.14669234E+00  1.03556967E+00  1.14669234E+00
   226  4.52000000E+01  1.14669221E+00  1.03736877E+00  1.14669221E+00
   227  4.54000000E+01  1.14669209E+00  1.03922847E+00  1.14669209E+00
   228  4.56000000E+01  1.14669197E+00  1.04114839E+00  1.14669197E+00
   229  4.58000000E+01  1.14669186E+00  1.04312786E+00  1.14669186E+00
   230  4.60000000E+01  1.14669175E+00  1.04516597E+00  1.14669175E+00
   231  4.62000000E+01  1.14669165E+00  1.04726152E+00  1.14669165E+00
   232  4.64000000E+01  1.14669155E+00  1.04941306E+00  1.14669155E+00
   233  4.66000000E+01  1.14669147E+00  1.05161888E+00  1.14669147E+00
   234  4.68000000E+01  1.14669138E+00  1.05387699E+00  1.14669138E+00
   235  4.70000000E+01  1.14669130E+00  1.05618515E+00  1.14669130E+00
   236  4.72000000E+01  1.14669123E+00  1.05854087E+00  1.14669123E+00
   237  4.74000000E+01  1.14669116E+00  1.06094140E+00  1.14669116E+00
   238  4.76000000E+01  1.14669109E+00  1.06338375E+00  1.14669109E+00
   239  4.78000000E+01  1.14669103E+00  1.06586468E+00  1.14669103E+00
   240  4.80000000E+01  1.14669098E+00  1.06838071E+00  1.14669098E+00
   241  4.82000000E+01  1.14669092E+00  1.07092808E+00  1.14669092E+00
   242  4.84000000E+01  1.14669087E+00  1.07350279E+00  1.14669087E+00
   243  4.86000000E+01  1.14669083E+00  1.07610056E+00  1.14669083E+00
   244  4.88000000E+01  1.14669079E+00  1.07871683E+00  1.14669079E+00
   245  4.90000000E+01  1.14669075E+00  1.08134674E+00  1.14669075E+00
   246  4.92000000E+01  1.14669071E+00  1.08398516E+00  1.14669071E+00
   247  4.94000000E+01  1.14669067E+00  1.08662665E+00  1.14669067E+00
   248  4.96000000E+01  1.14669064E+00  1.08926549E+00  1.14669064E+00
   249  4.98000000E+01  1.14669061E+00  1.09189571E+00  1.14669061E+00
   250  5.00000000E+01  1.14669059E+00  1.09451110E+00  1.14669059E+00
   251  5.02000000E+01  1.14669056E+00  1.09710524E+00  1.14669056E+00
   252  5.04000000E+01  1.14669054E+00  1.09967159E+00  1.14669054E+00
   253  5.06000000E+01  1.14669052E+00  1.10220350E+00  1.14669052E+00
   254  5.08000000E+01  1.14669050E+00  1.10469432E+00  1.14669050E+00
   255  5.10000000E+01  1.14669048E+00  1.10713748E+00  1.14669048E+00
   256  5.12000000E+01  1.14669046E+00  1.10952654E+00  1.14669046E+00
   257  5.14000000E+01  1.14669045E+00  1.11185534E+00  1.14669045E+00
   258  5.16000000E+01  1.14669043E+00  1.11411803E+00  1.14669043E+00
   259  5.18000000E+01  1.14669042E+00  1.11630919E+00  1.14669042E+00
   260  5.20000000E+01  1.14669041E+00  1.11842391E+00  1.14669041E+00
   261  5.22000000E+01  1.14669039E+00  1.12045789E+00  1.14669039E+00
   262  5.24000000E+01  1.14669038E+00  1.12240742E+00  1.14669038E+00
   263  5.26000000E+01  1.14669038E+00  1.12426954E+00  1.14669038E+00
   264  5.28000000E+01  1.14669037E+00  1.12604197E+00  1.14669037E+00
   265  5.30000000E+01  1.14669036E+00  1.12772321E+00  1.14669036E+00
   266  5.32000000E+01  1.14669035E+00  1.12931246E+00  1.14669035E+00
   267  5.34000000E+01  1.14669035E+00  1.13080966E+00  1.14669035E+00
   268  5.36000000E+01  1.14669034E+00  1.13221546E+00  1.14669034E+00
   269  5.38000000E+01  1.14669033E+00  1.13353112E+00  1.14669033E+00
   270  5.40000000E+01  1.14669033E+00  1.13475849E+00  1.14669033E+00
   271  5.42000000E+01  1.14669033E+00  1.13589993E+00  1.14669033E+00
   272  5.44000000E+01  1.14669032E+00  1.13695825E+00  1.14669032E+00
   273  5.46000000E+01  1.14669032E+00  1.13793661E+00  1.14669032E+00
   274  5.48000000E+01  1.14669031E+00  1.13883844E+00  1.14669031E+00
   275  5.50000000E+01  1.14669031E+00  1.13966738E+00  1.14669031E+00
   276  5.52000000E+01  1.14669031E+00  1.14042721E+00  1.14669031E+00
   277  5.54000000E+01  1.14669031E+00  1.14112177E+00  1.14669031E+00
   278  5.56000000E+01  1.14669030E+00  1.14175489E+00  1.14669030E+00
   279  5.58000000E+01  1.14669030E+00  1.14233036E+00  1.14669030E+00
   280  5.60000000E+01  1.14669030E+00  1.14285190E+00  1.14669030E+00
   281  5.62000000E+01  1.14669030E+00  1.14332309E+00  1.14669030E+00
   282  5.64000000E+01  1.14669030E+00  1.14374741E+00  1.14669030E+00
   283  5.66000000E+01  1.14669029E+00  1.14412814E+00  1.14669029E+00
   284  5.68000000E+01  1.14669029E+00  1.14446844E+00  1.14669029E+00
   285  5.70000000E+01  1.14669029E+00  1.14477131E+00  1.14669029E+00
   286  5.72000000E+01  1.14669029E+00  1.14503959E+00  1.14669029E+00
   287  5.74000000E+01  1.14669029E+00  1.14527597E+00  1.14669029E+00
   288  5.76000000E+01  1.14669029E+00  1.14548303E+00  1.14669029E+00
   289  5.78000000E+01  1.14669029E+00  1.14566319E+00  1.14669029E+00
   290  5.80000000E+01  1.14669029E+00  1.14581880E+00  1.14669029E+00
   291  5.82000000E+01  1.14669029E+00  1.14595207E+00  1.14669029E+00
   292  5.84000000E+01  1.14669029E+00  1.14606514E+00  1.14669029E+00
   293  5.86000000E+01  1.14669029E+00  1.14616004E+00  1.14669029E+00
   294  5.88000000E+01  1.14669029E+00  1.14623871E+00  1.14669029E+00
   295  5.90000000E+01  1.14669029E+00  1.14630301E+00  1.14669029E+00
   296  5.92000000E+01  1.14669028E+00  1.14635470E+00  1.14669028E+00
   297  5.94000000E+01  1.14669028E+00  1.14639545E+00  1.14669028E+00
   298  5.96000000E+01  1.14669028E+00  1.14642682E+00  1.14669028E+00
   299  5.98000000E+01  1.14669028E+00  1.14645027E+00  1.14669028E+00
   300  6.00000000E+01  1.14669028E+00  1.14646715E+00  1.14669028E+00
   301  6.02000000E+01  1.14669028E+00  1.14647870E+00  1.14669028E+00
   302  6.04000000E+01  1.14669028E+00  1.14648601E+00  1.14669028E+00
   303  6.06000000E+01  1.14669028E+00  1.14649009E+00  1.14669028E+00
   304  6.08000000E+01  1.14669028E+00  1.14649178E+00  1.14669028E+00
   305  6.10000000E+01  1.14669028E+00  1.14649185E+00  1.14669028E+00
   306  6.12000000E+01  1.14669028E+00  1.14649090E+00  1.14669028E+00
   307  6.14000000E+01  1.14669028E+00  1.14648945E+00  1.14669028E+00
   308  6.16000000E+01  1.14669028E+00  1.14648790E+00  1.14669028E+00
   309  6.18000000E+01  1.14669028E+00  1.14648655E+00  1.14669028E+00
   310  6.20000000E+01  1.14669028E+00  1.14648563E+00  1.14669028E+00
   311  6.22000000E+01  1.14669028E+00  1.14648525E+00  1.14669028E+00
 steady-height stop at step    311: changes <=   1.0000E-05, max-end <=   5.0000E-03, max/end/gap/profile_change =   1.14669028E+00  1.14648525E+00  2.05026767E-04  3.32960707E-06
