 comppar: model =   2
 comppar: lambda,mobility/eps,betav,eta_0 =  8.0000E-01  0.0000E+00  4.0000E-01  1.0000E+00
 comppar: eta_s,eta_p,G =  4.0000E-01  6.0000E-01  7.5000E-01
 comppar: U_avg,deltat,flowrate,nsteps =  1.0000E-01  2.0000E-01  3.1416E-01    2000
 comppar: geometry = axisymmetric
 comppar: steady stop change,gap,hold,min =  1.0000E-07  1.0000E-03       1      80
 comppar: steady stop truncated decimals =       3
 comppar: ncompc,ncompg =     4     5
 mesh nnodes = 5797
 mesh nelem = 2796
 P1 BC   5.0000000000000000     
 P2 BC   0.0000000000000000     
     1  2.00000000E-01  1.00252954E+00  1.00000000E+00  1.00252954E+00
     2  4.00000000E-01  1.00500990E+00  1.00000000E+00  1.00500990E+00
     3  6.00000000E-01  1.00742975E+00  1.00000000E+00  1.00742975E+00
     4  8.00000000E-01  1.00979805E+00  1.00000000E+00  1.00979805E+00
     5  1.00000000E+00  1.01211638E+00  1.00000000E+00  1.01211638E+00
     6  1.20000000E+00  1.01439816E+00  1.00000000E+00  1.01439816E+00
     7  1.40000000E+00  1.01664722E+00  1.00000000E+00  1.01664722E+00
     8  1.60000000E+00  1.01885730E+00  1.00000000E+00  1.01885730E+00
     9  1.80000000E+00  1.02105394E+00  1.00000000E+00  1.02105394E+00
    10  2.00000000E+00  1.02321775E+00  1.00000000E+00  1.02321775E+00
    11  2.20000000E+00  1.02536322E+00  1.00000000E+00  1.02536322E+00
    12  2.40000000E+00  1.02747782E+00  1.00000001E+00  1.02747782E+00
    13  2.60000000E+00  1.02958005E+00  1.00000001E+00  1.02958005E+00
    14  2.80000000E+00  1.03164438E+00  1.00000001E+00  1.03164438E+00
    15  3.00000000E+00  1.03370350E+00  1.00000001E+00  1.03370350E+00
    16  3.20000000E+00  1.03571044E+00  1.00000001E+00  1.03571044E+00
    17  3.40000000E+00  1.03772261E+00  1.00000001E+00  1.03772261E+00
    18  3.60000000E+00  1.03969217E+00  1.00000001E+00  1.03969217E+00
    19  3.80000000E+00  1.04163565E+00  1.00000000E+00  1.04163565E+00
    20  4.00000000E+00  1.04356785E+00  1.00000000E+00  1.04356785E+00
    21  4.20000000E+00  1.04544170E+00  1.00000000E+00  1.04544170E+00
    22  4.40000000E+00  1.04732420E+00  1.00000000E+00  1.04732420E+00
    23  4.60000000E+00  1.04917095E+00  9.99999998E-01  1.04917095E+00
    24  4.80000000E+00  1.05095671E+00  9.99999995E-01  1.05095671E+00
    25  5.00000000E+00  1.05277682E+00  9.99999991E-01  1.05277682E+00
    26  5.20000000E+00  1.05453522E+00  9.99999987E-01  1.05453522E+00
    27  5.40000000E+00  1.05622836E+00  9.99999982E-01  1.05622836E+00
    28  5.60000000E+00  1.05797128E+00  9.99999977E-01  1.05797128E+00
    29  5.80000000E+00  1.05965261E+00  9.99999971E-01  1.05965261E+00
    30  6.00000000E+00  1.06126659E+00  9.99999963E-01  1.06126659E+00
    31  6.20000000E+00  1.06293220E+00  9.99999955E-01  1.06293220E+00
    32  6.40000000E+00  1.06453576E+00  9.99999946E-01  1.06453576E+00
    33  6.60000000E+00  1.06606994E+00  9.99999936E-01  1.06606994E+00
    34  6.80000000E+00  1.06763834E+00  9.99999924E-01  1.06763834E+00
    35  7.00000000E+00  1.06918024E+00  9.99999911E-01  1.06918024E+00
    36  7.20000000E+00  1.07065168E+00  9.99999897E-01  1.07065168E+00
    37  7.40000000E+00  1.07211127E+00  9.99999881E-01  1.07211127E+00
    38  7.60000000E+00  1.07359155E+00  9.99999864E-01  1.07359155E+00
    39  7.80000000E+00  1.07500026E+00  9.99999845E-01  1.07500026E+00
    40  8.00000000E+00  1.07633489E+00  9.99999824E-01  1.07633489E+00
    41  8.20000000E+00  1.07773908E+00  9.99999802E-01  1.07773908E+00
    42  8.40000000E+00  1.07910575E+00  9.99999777E-01  1.07910575E+00
    43  8.60000000E+00  1.08039824E+00  9.99999750E-01  1.08039824E+00
    44  8.80000000E+00  1.08164701E+00  9.99999720E-01  1.08164701E+00
    45  9.00000000E+00  1.08297176E+00  9.99999688E-01  1.08297176E+00
    46  9.20000000E+00  1.08422207E+00  9.99999653E-01  1.08422207E+00
    47  9.40000000E+00  1.08539599E+00  9.99999616E-01  1.08539599E+00
    48  9.60000000E+00  1.08654869E+00  9.99999575E-01  1.08654869E+00
    49  9.80000000E+00  1.08778134E+00  9.99999532E-01  1.08778134E+00
    50  1.00000000E+01  1.08893815E+00  9.99999484E-01  1.08893815E+00
    51  1.02000000E+01  1.09001756E+00  9.99999434E-01  1.09001756E+00
    52  1.04000000E+01  1.09108775E+00  9.99999379E-01  1.09108775E+00
    53  1.06000000E+01  1.09222708E+00  9.99999320E-01  1.09222708E+00
    54  1.08000000E+01  1.09328943E+00  9.99999258E-01  1.09328943E+00
    55  1.10000000E+01  1.09427371E+00  9.99999190E-01  1.09427371E+00
    56  1.12000000E+01  1.09520580E+00  9.99999118E-01  1.09520580E+00
    57  1.14000000E+01  1.09627385E+00  9.99999041E-01  1.09627385E+00
    58  1.16000000E+01  1.09726467E+00  9.99998958E-01  1.09726467E+00
    59  1.18000000E+01  1.09817763E+00  9.99998870E-01  1.09817763E+00
    60  1.20000000E+01  1.09901276E+00  9.99998776E-01  1.09901276E+00
    61  1.22000000E+01  1.09998323E+00  9.99998676E-01  1.09998323E+00
    62  1.24000000E+01  1.10090198E+00  9.99998570E-01  1.10090198E+00
    63  1.26000000E+01  1.10174318E+00  9.99998456E-01  1.10174318E+00
    64  1.28000000E+01  1.10250743E+00  9.99998335E-01  1.10250743E+00
    65  1.30000000E+01  1.10334342E+00  9.99998207E-01  1.10334342E+00
    66  1.32000000E+01  1.10419375E+00  9.99998071E-01  1.10419375E+00
    67  1.34000000E+01  1.10496767E+00  9.99997926E-01  1.10496767E+00
    68  1.36000000E+01  1.10566654E+00  9.99997773E-01  1.10566654E+00
    69  1.38000000E+01  1.10640195E+00  9.99997610E-01  1.10640195E+00
    70  1.40000000E+01  1.10718345E+00  9.99997438E-01  1.10718345E+00
    71  1.42000000E+01  1.10788973E+00  9.99997256E-01  1.10788973E+00
    72  1.44000000E+01  1.10852291E+00  9.99997063E-01  1.10852291E+00
    73  1.46000000E+01  1.10915622E+00  9.99996859E-01  1.10915622E+00
    74  1.48000000E+01  1.10987209E+00  9.99996643E-01  1.10987209E+00
    75  1.50000000E+01  1.11051512E+00  9.99996415E-01  1.11051512E+00
    76  1.52000000E+01  1.11108827E+00  9.99996175E-01  1.11108827E+00
    77  1.54000000E+01  1.11164374E+00  9.99995921E-01  1.11164374E+00
    78  1.56000000E+01  1.11229366E+00  9.99995654E-01  1.11229366E+00
    79  1.58000000E+01  1.11287320E+00  9.99995372E-01  1.11287320E+00
    80  1.60000000E+01  1.11338613E+00  9.99995075E-01  1.11338613E+00
    81  1.62000000E+01  1.11386919E+00  9.99994762E-01  1.11386919E+00
    82  1.64000000E+01  1.11445842E+00  9.99994433E-01  1.11445842E+00
    83  1.66000000E+01  1.11498090E+00  9.99994087E-01  1.11498090E+00
    84  1.68000000E+01  1.11544102E+00  9.99993723E-01  1.11544102E+00
    85  1.70000000E+01  1.11586293E+00  9.99993340E-01  1.11586293E+00
    86  1.72000000E+01  1.11639133E+00  9.99992938E-01  1.11639133E+00
    87  1.74000000E+01  1.11685673E+00  9.99992516E-01  1.11685673E+00
    88  1.76000000E+01  1.11726421E+00  9.99992073E-01  1.11726421E+00
    89  1.78000000E+01  1.11763918E+00  9.99991609E-01  1.11763918E+00
    90  1.80000000E+01  1.11811376E+00  9.99991122E-01  1.11811376E+00
    91  1.82000000E+01  1.11852977E+00  9.99990611E-01  1.11852977E+00
    92  1.84000000E+01  1.11889253E+00  9.99990076E-01  1.11889253E+00
    93  1.86000000E+01  1.11921251E+00  9.99989516E-01  1.11921251E+00
    94  1.88000000E+01  1.11963343E+00  9.99988930E-01  1.11963343E+00
    95  1.90000000E+01  1.12000047E+00  9.99988317E-01  1.12000047E+00
    96  1.92000000E+01  1.12031927E+00  9.99987675E-01  1.12031927E+00
    97  1.94000000E+01  1.12060983E+00  9.99987005E-01  1.12060983E+00
    98  1.96000000E+01  1.12098479E+00  9.99986304E-01  1.12098479E+00
    99  1.98000000E+01  1.12131046E+00  9.99985573E-01  1.12131046E+00
   100  2.00000000E+01  1.12159237E+00  9.99984809E-01  1.12159237E+00
   101  2.02000000E+01  1.12183588E+00  9.99984013E-01  1.12183588E+00
   102  2.04000000E+01  1.12216280E+00  9.99983181E-01  1.12216280E+00
   103  2.06000000E+01  1.12244825E+00  9.99982315E-01  1.12244825E+00
   104  2.08000000E+01  1.12269491E+00  9.99981412E-01  1.12269491E+00
   105  2.10000000E+01  1.12291943E+00  9.99980472E-01  1.12291943E+00
   106  2.12000000E+01  1.12321100E+00  9.99979493E-01  1.12321100E+00
   107  2.14000000E+01  1.12346254E+00  9.99978474E-01  1.12346254E+00
   108  2.16000000E+01  1.12367916E+00  9.99977414E-01  1.12367916E+00
   109  2.18000000E+01  1.12386551E+00  9.99976313E-01  1.12386551E+00
   110  2.20000000E+01  1.12411130E+00  9.99975168E-01  1.12411130E+00
   111  2.22000000E+01  1.12433096E+00  9.99973978E-01  1.12433096E+00
   112  2.24000000E+01  1.12452012E+00  9.99972743E-01  1.12452012E+00
   113  2.26000000E+01  1.12468988E+00  9.99971462E-01  1.12468988E+00
   114  2.28000000E+01  1.12491370E+00  9.99970133E-01  1.12491370E+00
   115  2.30000000E+01  1.12510585E+00  9.99968755E-01  1.12510585E+00
   116  2.32000000E+01  1.12527063E+00  9.99967328E-01  1.12527063E+00
   117  2.34000000E+01  1.12541180E+00  9.99965849E-01  1.12541180E+00
   118  2.36000000E+01  1.12559215E+00  9.99964319E-01  1.12559215E+00
   119  2.38000000E+01  1.12575967E+00  9.99962736E-01  1.12575967E+00
   120  2.40000000E+01  1.12590341E+00  9.99961099E-01  1.12590341E+00
   121  2.42000000E+01  1.12602809E+00  9.99959407E-01  1.12602809E+00
   122  2.44000000E+01  1.12619803E+00  9.99957660E-01  1.12619803E+00
   123  2.46000000E+01  1.12634328E+00  9.99955857E-01  1.12634328E+00
   124  2.48000000E+01  1.12646725E+00  9.99953997E-01  1.12646725E+00
   125  2.50000000E+01  1.12657277E+00  9.99952079E-01  1.12657277E+00
   126  2.52000000E+01  1.12670183E+00  9.99950103E-01  1.12670183E+00
   127  2.54000000E+01  1.12682830E+00  9.99948069E-01  1.12682830E+00
   128  2.56000000E+01  1.12693619E+00  9.99945976E-01  1.12693619E+00
   129  2.58000000E+01  1.12702786E+00  9.99943824E-01  1.12702786E+00
   130  2.60000000E+01  1.12715214E+00  9.99941613E-01  1.12715214E+00
   131  2.62000000E+01  1.12726060E+00  9.99939343E-01  1.12726060E+00
   132  2.64000000E+01  1.12735249E+00  9.99937014E-01  1.12735249E+00
   133  2.66000000E+01  1.12742992E+00  9.99934627E-01  1.12742992E+00
   134  2.68000000E+01  1.12752013E+00  9.99932182E-01  1.12752013E+00
   135  2.70000000E+01  1.12761430E+00  9.99929680E-01  1.12761430E+00
   136  2.72000000E+01  1.12769387E+00  9.99927122E-01  1.12769387E+00
   137  2.74000000E+01  1.12776059E+00  9.99924509E-01  1.12776059E+00
   138  2.76000000E+01  1.12784874E+00  9.99921842E-01  1.12784874E+00
   139  2.78000000E+01  1.12792843E+00  9.99919124E-01  1.12792843E+00
   140  2.80000000E+01  1.12799517E+00  9.99916356E-01  1.12799517E+00
   141  2.82000000E+01  1.12805057E+00  9.99913541E-01  1.12805057E+00
   142  2.84000000E+01  1.12811260E+00  9.99910681E-01  1.12811260E+00
   143  2.86000000E+01  1.12818136E+00  9.99907779E-01  1.12818136E+00
   144  2.88000000E+01  1.12823860E+00  9.99904839E-01  1.12823860E+00
   145  2.90000000E+01  1.12828573E+00  9.99901864E-01  1.12828573E+00
   146  2.92000000E+01  1.12834727E+00  9.99898859E-01  1.12834727E+00
   147  2.94000000E+01  1.12840452E+00  9.99895828E-01  1.12840452E+00
   148  2.96000000E+01  1.12845170E+00  9.99892777E-01  1.12845170E+00
   149  2.98000000E+01  1.12849010E+00  9.99889711E-01  1.12849010E+00
   150  3.00000000E+01  1.12853186E+00  9.99886636E-01  1.12853186E+00
   151  3.02000000E+01  1.12858075E+00  9.99883560E-01  1.12858075E+00
   152  3.04000000E+01  1.12862065E+00  9.99880490E-01  1.12862065E+00
   153  3.06000000E+01  1.12865274E+00  9.99877433E-01  1.12865274E+00
   154  3.08000000E+01  1.12869504E+00  9.99874400E-01  1.12869504E+00
   155  3.10000000E+01  1.12873500E+00  9.99871400E-01  1.12873500E+00
   156  3.12000000E+01  1.12876726E+00  9.99868443E-01  1.12876726E+00
   157  3.14000000E+01  1.12879291E+00  9.99865541E-01  1.12879291E+00
   158  3.16000000E+01  1.12882022E+00  9.99862706E-01  1.12882022E+00
   159  3.18000000E+01  1.12885384E+00  9.99859952E-01  1.12885384E+00
   160  3.20000000E+01  1.12888064E+00  9.99857292E-01  1.12888064E+00
   161  3.22000000E+01  1.12890168E+00  9.99854742E-01  1.12890168E+00
   162  3.24000000E+01  1.12892991E+00  9.99852318E-01  1.12892991E+00
   163  3.26000000E+01  1.12895686E+00  9.99850038E-01  1.12895686E+00
   164  3.28000000E+01  1.12897812E+00  9.99847922E-01  1.12897812E+00
   165  3.30000000E+01  1.12899469E+00  9.99845989E-01  1.12899469E+00
   166  3.32000000E+01  1.12901132E+00  9.99844261E-01  1.12901132E+00
   167  3.34000000E+01  1.12903359E+00  9.99842761E-01  1.12903359E+00
   168  3.36000000E+01  1.12905096E+00  9.99841515E-01  1.12905096E+00
   169  3.38000000E+01  1.12906437E+00  9.99840549E-01  1.12906437E+00
   170  3.40000000E+01  1.12908208E+00  9.99839890E-01  1.12908208E+00
   171  3.42000000E+01  1.12909963E+00  9.99839571E-01  1.12909963E+00
   172  3.44000000E+01  1.12911323E+00  9.99839621E-01  1.12911323E+00
   173  3.46000000E+01  1.12912376E+00  9.99840076E-01  1.12912376E+00
   174  3.48000000E+01  1.12913202E+00  9.99840973E-01  1.12913202E+00
   175  3.50000000E+01  1.12914630E+00  9.99842348E-01  1.12914630E+00
   176  3.52000000E+01  1.12915734E+00  9.99844245E-01  1.12915734E+00
   177  3.54000000E+01  1.12916597E+00  9.99846705E-01  1.12916597E+00
   178  3.56000000E+01  1.12917521E+00  9.99849775E-01  1.12917521E+00
   179  3.58000000E+01  1.12918639E+00  9.99853503E-01  1.12918639E+00
   180  3.60000000E+01  1.12919509E+00  9.99857942E-01  1.12919509E+00
   181  3.62000000E+01  1.12920205E+00  9.99863145E-01  1.12920205E+00
   182  3.64000000E+01  1.12920791E+00  9.99869170E-01  1.12920791E+00
   183  3.66000000E+01  1.12921320E+00  9.99876079E-01  1.12921320E+00
   184  3.68000000E+01  1.12921965E+00  9.99883935E-01  1.12921965E+00
   185  3.70000000E+01  1.12922570E+00  9.99892807E-01  1.12922570E+00
   186  3.72000000E+01  1.12923113E+00  9.99902766E-01  1.12923113E+00
   187  3.74000000E+01  1.12923637E+00  9.99913889E-01  1.12923637E+00
   188  3.76000000E+01  1.12924176E+00  9.99926255E-01  1.12924176E+00
   189  3.78000000E+01  1.12924835E+00  9.99939947E-01  1.12924835E+00
   190  3.80000000E+01  1.12925509E+00  9.99955056E-01  1.12925509E+00
   191  3.82000000E+01  1.12926175E+00  9.99971675E-01  1.12926175E+00
   192  3.84000000E+01  1.12926819E+00  9.99989901E-01  1.12926819E+00
   193  3.86000000E+01  1.12927425E+00  1.00000984E+00  1.12927425E+00
   194  3.88000000E+01  1.12928054E+00  1.00003160E+00  1.12928054E+00
   195  3.90000000E+01  1.12928711E+00  1.00005529E+00  1.12928711E+00
   196  3.92000000E+01  1.12929331E+00  1.00008103E+00  1.12929331E+00
   197  3.94000000E+01  1.12929900E+00  1.00010896E+00  1.12929900E+00
   198  3.96000000E+01  1.12930412E+00  1.00013920E+00  1.12930412E+00
   199  3.98000000E+01  1.12930863E+00  1.00017189E+00  1.12930863E+00
   200  4.00000000E+01  1.12931256E+00  1.00020717E+00  1.12931256E+00
   201  4.02000000E+01  1.12931649E+00  1.00024521E+00  1.12931649E+00
   202  4.04000000E+01  1.12932118E+00  1.00028615E+00  1.12932118E+00
   203  4.06000000E+01  1.12932529E+00  1.00033017E+00  1.12932529E+00
   204  4.08000000E+01  1.12932884E+00  1.00037745E+00  1.12932884E+00
   205  4.10000000E+01  1.12933189E+00  1.00042815E+00  1.12933189E+00
   206  4.12000000E+01  1.12933449E+00  1.00048249E+00  1.12933449E+00
   207  4.14000000E+01  1.12933694E+00  1.00054064E+00  1.12933694E+00
   208  4.16000000E+01  1.12934002E+00  1.00060284E+00  1.12934002E+00
   209  4.18000000E+01  1.12934263E+00  1.00066928E+00  1.12934263E+00
   210  4.20000000E+01  1.12934487E+00  1.00074021E+00  1.12934487E+00
   211  4.22000000E+01  1.12934679E+00  1.00081586E+00  1.12934679E+00
   212  4.24000000E+01  1.12934847E+00  1.00089647E+00  1.12934847E+00
   213  4.26000000E+01  1.12934997E+00  1.00098232E+00  1.12934997E+00
   214  4.28000000E+01  1.12935133E+00  1.00107365E+00  1.12935133E+00
   215  4.30000000E+01  1.12935269E+00  1.00117077E+00  1.12935269E+00
   216  4.32000000E+01  1.12935421E+00  1.00127395E+00  1.12935421E+00
   217  4.34000000E+01  1.12935556E+00  1.00138351E+00  1.12935556E+00
   218  4.36000000E+01  1.12935679E+00  1.00149976E+00  1.12935679E+00
   219  4.38000000E+01  1.12935792E+00  1.00162304E+00  1.12935792E+00
   220  4.40000000E+01  1.12935896E+00  1.00175367E+00  1.12935896E+00
   221  4.42000000E+01  1.12935992E+00  1.00189203E+00  1.12935992E+00
   222  4.44000000E+01  1.12936080E+00  1.00203847E+00  1.12936080E+00
   223  4.46000000E+01  1.12936160E+00  1.00219339E+00  1.12936160E+00
   224  4.48000000E+01  1.12936232E+00  1.00235717E+00  1.12936232E+00
   225  4.50000000E+01  1.12936295E+00  1.00253023E+00  1.12936295E+00
   226  4.52000000E+01  1.12936349E+00  1.00271300E+00  1.12936349E+00
   227  4.54000000E+01  1.12936395E+00  1.00290591E+00  1.12936395E+00
   228  4.56000000E+01  1.12936433E+00  1.00310942E+00  1.12936433E+00
   229  4.58000000E+01  1.12936463E+00  1.00332401E+00  1.12936463E+00
   230  4.60000000E+01  1.12936488E+00  1.00355015E+00  1.12936488E+00
   231  4.62000000E+01  1.12936527E+00  1.00378835E+00  1.12936527E+00
   232  4.64000000E+01  1.12936558E+00  1.00403913E+00  1.12936558E+00
   233  4.66000000E+01  1.12936582E+00  1.00430301E+00  1.12936582E+00
   234  4.68000000E+01  1.12936600E+00  1.00458056E+00  1.12936600E+00
   235  4.70000000E+01  1.12936613E+00  1.00487233E+00  1.12936613E+00
   236  4.72000000E+01  1.12936621E+00  1.00517891E+00  1.12936621E+00
   237  4.74000000E+01  1.12936626E+00  1.00550088E+00  1.12936626E+00
   238  4.76000000E+01  1.12936627E+00  1.00583887E+00  1.12936627E+00
   239  4.78000000E+01  1.12936626E+00  1.00619350E+00  1.12936626E+00
   240  4.80000000E+01  1.12936622E+00  1.00656542E+00  1.12936622E+00
   241  4.82000000E+01  1.12936617E+00  1.00695527E+00  1.12936617E+00
   242  4.84000000E+01  1.12936610E+00  1.00736373E+00  1.12936610E+00
   243  4.86000000E+01  1.12936602E+00  1.00779149E+00  1.12936602E+00
   244  4.88000000E+01  1.12936592E+00  1.00823923E+00  1.12936592E+00
   245  4.90000000E+01  1.12936581E+00  1.00870768E+00  1.12936581E+00
   246  4.92000000E+01  1.12936570E+00  1.00919754E+00  1.12936570E+00
   247  4.94000000E+01  1.12936557E+00  1.00970956E+00  1.12936557E+00
   248  4.96000000E+01  1.12936544E+00  1.01024448E+00  1.12936544E+00
   249  4.98000000E+01  1.12936530E+00  1.01080304E+00  1.12936530E+00
   250  5.00000000E+01  1.12936516E+00  1.01138600E+00  1.12936516E+00
   251  5.02000000E+01  1.12936502E+00  1.01199412E+00  1.12936502E+00
   252  5.04000000E+01  1.12936488E+00  1.01262817E+00  1.12936488E+00
   253  5.06000000E+01  1.12936473E+00  1.01328891E+00  1.12936473E+00
   254  5.08000000E+01  1.12936459E+00  1.01397712E+00  1.12936459E+00
   255  5.10000000E+01  1.12936445E+00  1.01469355E+00  1.12936445E+00
   256  5.12000000E+01  1.12936430E+00  1.01543897E+00  1.12936430E+00
   257  5.14000000E+01  1.12936417E+00  1.01621413E+00  1.12936417E+00
   258  5.16000000E+01  1.12936403E+00  1.01701976E+00  1.12936403E+00
   259  5.18000000E+01  1.12936390E+00  1.01785659E+00  1.12936390E+00
   260  5.20000000E+01  1.12936377E+00  1.01872534E+00  1.12936377E+00
   261  5.22000000E+01  1.12936364E+00  1.01962669E+00  1.12936364E+00
   262  5.24000000E+01  1.12936352E+00  1.02056132E+00  1.12936352E+00
   263  5.26000000E+01  1.12936340E+00  1.02152986E+00  1.12936340E+00
   264  5.28000000E+01  1.12936328E+00  1.02253291E+00  1.12936328E+00
   265  5.30000000E+01  1.12936317E+00  1.02357106E+00  1.12936317E+00
   266  5.32000000E+01  1.12936307E+00  1.02464484E+00  1.12936307E+00
   267  5.34000000E+01  1.12936297E+00  1.02575474E+00  1.12936297E+00
   268  5.36000000E+01  1.12936287E+00  1.02690120E+00  1.12936287E+00
   269  5.38000000E+01  1.12936277E+00  1.02808462E+00  1.12936277E+00
   270  5.40000000E+01  1.12936269E+00  1.02930533E+00  1.12936269E+00
   271  5.42000000E+01  1.12936260E+00  1.03056360E+00  1.12936260E+00
   272  5.44000000E+01  1.12936252E+00  1.03185964E+00  1.12936252E+00
   273  5.46000000E+01  1.12936244E+00  1.03319358E+00  1.12936244E+00
   274  5.48000000E+01  1.12936237E+00  1.03456547E+00  1.12936237E+00
   275  5.50000000E+01  1.12936230E+00  1.03597529E+00  1.12936230E+00
   276  5.52000000E+01  1.12936223E+00  1.03742292E+00  1.12936223E+00
   277  5.54000000E+01  1.12936217E+00  1.03890816E+00  1.12936217E+00
   278  5.56000000E+01  1.12936211E+00  1.04043068E+00  1.12936211E+00
   279  5.58000000E+01  1.12936205E+00  1.04199009E+00  1.12936205E+00
   280  5.60000000E+01  1.12936200E+00  1.04358585E+00  1.12936200E+00
   281  5.62000000E+01  1.12936195E+00  1.04521734E+00  1.12936195E+00
   282  5.64000000E+01  1.12936190E+00  1.04688380E+00  1.12936190E+00
   283  5.66000000E+01  1.12936185E+00  1.04858436E+00  1.12936185E+00
   284  5.68000000E+01  1.12936181E+00  1.05031801E+00  1.12936181E+00
   285  5.70000000E+01  1.12936177E+00  1.05208363E+00  1.12936177E+00
   286  5.72000000E+01  1.12936173E+00  1.05387996E+00  1.12936173E+00
   287  5.74000000E+01  1.12936170E+00  1.05570561E+00  1.12936170E+00
   288  5.76000000E+01  1.12936166E+00  1.05755905E+00  1.12936166E+00
   289  5.78000000E+01  1.12936163E+00  1.05943861E+00  1.12936163E+00
   290  5.80000000E+01  1.12936160E+00  1.06134250E+00  1.12936160E+00
   291  5.82000000E+01  1.12936158E+00  1.06326879E+00  1.12936158E+00
   292  5.84000000E+01  1.12936155E+00  1.06521542E+00  1.12936155E+00
   293  5.86000000E+01  1.12936153E+00  1.06718017E+00  1.12936153E+00
   294  5.88000000E+01  1.12936151E+00  1.06916073E+00  1.12936151E+00
   295  5.90000000E+01  1.12936148E+00  1.07115465E+00  1.12936148E+00
   296  5.92000000E+01  1.12936147E+00  1.07315934E+00  1.12936147E+00
   297  5.94000000E+01  1.12936145E+00  1.07517211E+00  1.12936145E+00
   298  5.96000000E+01  1.12936143E+00  1.07719015E+00  1.12936143E+00
   299  5.98000000E+01  1.12936141E+00  1.07921056E+00  1.12936141E+00
   300  6.00000000E+01  1.12936140E+00  1.08123032E+00  1.12936140E+00
   301  6.02000000E+01  1.12936139E+00  1.08324633E+00  1.12936139E+00
   302  6.04000000E+01  1.12936137E+00  1.08525539E+00  1.12936137E+00
   303  6.06000000E+01  1.12936136E+00  1.08725425E+00  1.12936136E+00
   304  6.08000000E+01  1.12936135E+00  1.08923958E+00  1.12936135E+00
   305  6.10000000E+01  1.12936134E+00  1.09120800E+00  1.12936134E+00
   306  6.12000000E+01  1.12936133E+00  1.09315608E+00  1.12936133E+00
   307  6.14000000E+01  1.12936132E+00  1.09508037E+00  1.12936132E+00
   308  6.16000000E+01  1.12936131E+00  1.09697740E+00  1.12936131E+00
   309  6.18000000E+01  1.12936131E+00  1.09884368E+00  1.12936131E+00
   310  6.20000000E+01  1.12936130E+00  1.10067576E+00  1.12936130E+00
   311  6.22000000E+01  1.12936129E+00  1.10247019E+00  1.12936129E+00
   312  6.24000000E+01  1.12936129E+00  1.10422359E+00  1.12936129E+00
   313  6.26000000E+01  1.12936128E+00  1.10593263E+00  1.12936128E+00
   314  6.28000000E+01  1.12936128E+00  1.10759405E+00  1.12936128E+00
   315  6.30000000E+01  1.12936127E+00  1.10920471E+00  1.12936127E+00
   316  6.32000000E+01  1.12936127E+00  1.11076156E+00  1.12936127E+00
   317  6.34000000E+01  1.12936126E+00  1.11226174E+00  1.12936126E+00
   318  6.36000000E+01  1.12936126E+00  1.11370251E+00  1.12936126E+00
   319  6.38000000E+01  1.12936126E+00  1.11508134E+00  1.12936126E+00
   320  6.40000000E+01  1.12936125E+00  1.11639593E+00  1.12936125E+00
   321  6.42000000E+01  1.12936125E+00  1.11764420E+00  1.12936125E+00
   322  6.44000000E+01  1.12936125E+00  1.11882438E+00  1.12936125E+00
   323  6.46000000E+01  1.12936125E+00  1.11993499E+00  1.12936125E+00
   324  6.48000000E+01  1.12936124E+00  1.12097489E+00  1.12936124E+00
   325  6.50000000E+01  1.12936124E+00  1.12194334E+00  1.12936124E+00
   326  6.52000000E+01  1.12936124E+00  1.12284001E+00  1.12936124E+00
   327  6.54000000E+01  1.12936124E+00  1.12366500E+00  1.12936124E+00
   328  6.56000000E+01  1.12936124E+00  1.12441890E+00  1.12936124E+00
   329  6.58000000E+01  1.12936124E+00  1.12510281E+00  1.12936124E+00
   330  6.60000000E+01  1.12936123E+00  1.12571831E+00  1.12936123E+00
   331  6.62000000E+01  1.12936123E+00  1.12626752E+00  1.12936123E+00
   332  6.64000000E+01  1.12936123E+00  1.12675305E+00  1.12936123E+00
   333  6.66000000E+01  1.12936123E+00  1.12717799E+00  1.12936123E+00
   334  6.68000000E+01  1.12936123E+00  1.12754589E+00  1.12936123E+00
   335  6.70000000E+01  1.12936123E+00  1.12786067E+00  1.12936123E+00
   336  6.72000000E+01  1.12936123E+00  1.12812657E+00  1.12936123E+00
   337  6.74000000E+01  1.12936123E+00  1.12834807E+00  1.12936123E+00
   338  6.76000000E+01  1.12936123E+00  1.12852981E+00  1.12936123E+00
   339  6.78000000E+01  1.12936123E+00  1.12867646E+00  1.12936123E+00
   340  6.80000000E+01  1.12936123E+00  1.12879267E+00  1.12936123E+00
   341  6.82000000E+01  1.12936123E+00  1.12888292E+00  1.12936123E+00
   342  6.84000000E+01  1.12936122E+00  1.12895148E+00  1.12936122E+00
   343  6.86000000E+01  1.12936122E+00  1.12900230E+00  1.12936122E+00
 steady-height stop at step    343: truncated to 3 decimals, truncated max/end/ratio =       1129      1129      1129, max/end/ratio =   1.12936122E+00  1.12900230E+00  1.12936122E+00
