 comppar: model =   3
 comppar: lambda,mobility/eps,betav,eta_0 =  1.1000E+01  1.0000E-02  7.0000E-01  1.0000E+00
 comppar: eta_s,eta_p,G =  7.0000E-01  3.0000E-01  2.7273E-02
 comppar: U_avg,deltat,flowrate,nsteps =  1.0000E-01  4.0000E-01  3.1416E-01    1000
 comppar: geometry = axisymmetric
 comppar: steady stop change,gap,hold,min =  1.0000E-05  2.0000E-04      10      80
 comppar: steady stop rounded decimals =       4
 comppar: ncompc,ncompg =     4     5
 mesh nnodes = 22999
 mesh nelem = 11296
 P1 BC   5.0000000000000000     
 P2 BC   0.0000000000000000     
     1  4.00000000E-01  1.00503928E+00  1.00000000E+00  1.00503928E+00
     2  8.00000000E-01  1.00992091E+00  1.00000000E+00  1.00992091E+00
     3  1.20000000E+00  1.01464851E+00  1.00000000E+00  1.01464851E+00
     4  1.60000000E+00  1.01923747E+00  1.00000000E+00  1.01923747E+00
     5  2.00000000E+00  1.02369417E+00  1.00000000E+00  1.02369417E+00
     6  2.40000000E+00  1.02802866E+00  1.00000000E+00  1.02802866E+00
     7  2.80000000E+00  1.03225078E+00  1.00000000E+00  1.03225078E+00
     8  3.20000000E+00  1.03636834E+00  1.00000000E+00  1.03636834E+00
     9  3.60000000E+00  1.04039621E+00  1.00000000E+00  1.04039621E+00
    10  4.00000000E+00  1.04434113E+00  1.00000000E+00  1.04434113E+00
    11  4.40000000E+00  1.04820805E+00  9.99999997E-01  1.04820805E+00
    12  4.80000000E+00  1.05201390E+00  9.99999991E-01  1.05201390E+00
    13  5.20000000E+00  1.05576360E+00  9.99999984E-01  1.05576360E+00
    14  5.60000000E+00  1.05945817E+00  9.99999974E-01  1.05945817E+00
    15  6.00000000E+00  1.06311080E+00  9.99999961E-01  1.06311080E+00
    16  6.40000000E+00  1.06673790E+00  9.99999944E-01  1.06673790E+00
    17  6.80000000E+00  1.07033588E+00  9.99999923E-01  1.07033588E+00
    18  7.20000000E+00  1.07390855E+00  9.99999898E-01  1.07390855E+00
    19  7.60000000E+00  1.07746403E+00  9.99999868E-01  1.07746403E+00
    20  8.00000000E+00  1.08100370E+00  9.99999832E-01  1.08100370E+00
    21  8.40000000E+00  1.08453523E+00  9.99999789E-01  1.08453523E+00
    22  8.80000000E+00  1.08807165E+00  9.99999740E-01  1.08807165E+00
    23  9.20000000E+00  1.09161375E+00  9.99999682E-01  1.09161375E+00
    24  9.60000000E+00  1.09514902E+00  9.99999616E-01  1.09514902E+00
    25  1.00000000E+01  1.09867491E+00  9.99999541E-01  1.09867491E+00
    26  1.04000000E+01  1.10223781E+00  9.99999456E-01  1.10223781E+00
    27  1.08000000E+01  1.10580525E+00  9.99999359E-01  1.10580525E+00
    28  1.12000000E+01  1.10936988E+00  9.99999251E-01  1.10936988E+00
    29  1.16000000E+01  1.11298742E+00  9.99999130E-01  1.11298742E+00
    30  1.20000000E+01  1.11659209E+00  9.99998995E-01  1.11659209E+00
    31  1.24000000E+01  1.12025882E+00  9.99998845E-01  1.12025882E+00
    32  1.28000000E+01  1.12393059E+00  9.99998679E-01  1.12393059E+00
    33  1.32000000E+01  1.12763290E+00  9.99998496E-01  1.12763290E+00
    34  1.36000000E+01  1.13139651E+00  9.99998295E-01  1.13139651E+00
    35  1.40000000E+01  1.13518758E+00  9.99998075E-01  1.13518758E+00
    36  1.44000000E+01  1.13901888E+00  9.99997834E-01  1.13901888E+00
    37  1.48000000E+01  1.14290025E+00  9.99997572E-01  1.14290025E+00
    38  1.52000000E+01  1.14683780E+00  9.99997287E-01  1.14683780E+00
    39  1.56000000E+01  1.15084296E+00  9.99996977E-01  1.15084296E+00
    40  1.60000000E+01  1.15490399E+00  9.99996642E-01  1.15490399E+00
    41  1.64000000E+01  1.15901675E+00  9.99996279E-01  1.15901675E+00
    42  1.68000000E+01  1.16317411E+00  9.99995888E-01  1.16317411E+00
    43  1.72000000E+01  1.16736515E+00  9.99995466E-01  1.16736515E+00
    44  1.76000000E+01  1.17157587E+00  9.99995013E-01  1.17157587E+00
    45  1.80000000E+01  1.17579008E+00  9.99994526E-01  1.17579008E+00
    46  1.84000000E+01  1.18004336E+00  9.99994005E-01  1.18004336E+00
    47  1.88000000E+01  1.18429429E+00  9.99993446E-01  1.18429429E+00
    48  1.92000000E+01  1.18851490E+00  9.99992849E-01  1.18851490E+00
    49  1.96000000E+01  1.19277221E+00  9.99992211E-01  1.19277221E+00
    50  2.00000000E+01  1.19699695E+00  9.99991530E-01  1.19699695E+00
    51  2.04000000E+01  1.20116380E+00  9.99990805E-01  1.20116380E+00
    52  2.08000000E+01  1.20536935E+00  9.99990033E-01  1.20536935E+00
    53  2.12000000E+01  1.20951590E+00  9.99989213E-01  1.20951590E+00
    54  2.16000000E+01  1.21360240E+00  9.99988342E-01  1.21360240E+00
    55  2.20000000E+01  1.21771851E+00  9.99987417E-01  1.21771851E+00
    56  2.24000000E+01  1.22175807E+00  9.99986437E-01  1.22175807E+00
    57  2.28000000E+01  1.22578212E+00  9.99985400E-01  1.22578212E+00
    58  2.32000000E+01  1.22978534E+00  9.99984301E-01  1.22978534E+00
    59  2.36000000E+01  1.23371845E+00  9.99983140E-01  1.23371845E+00
    60  2.40000000E+01  1.23768331E+00  9.99981914E-01  1.23768331E+00
    61  2.44000000E+01  1.24157749E+00  9.99980619E-01  1.24157749E+00
    62  2.48000000E+01  1.24543983E+00  9.99979254E-01  1.24543983E+00
    63  2.52000000E+01  1.24929995E+00  9.99977814E-01  1.24929995E+00
    64  2.56000000E+01  1.25310049E+00  9.99976299E-01  1.25310049E+00
    65  2.60000000E+01  1.25685216E+00  9.99974704E-01  1.25685216E+00
    66  2.64000000E+01  1.26062210E+00  9.99973026E-01  1.26062210E+00
    67  2.68000000E+01  1.26434162E+00  9.99971264E-01  1.26434162E+00
    68  2.72000000E+01  1.26801322E+00  9.99969412E-01  1.26801322E+00
    69  2.76000000E+01  1.27165768E+00  9.99967469E-01  1.27165768E+00
    70  2.80000000E+01  1.27529860E+00  9.99965432E-01  1.27529860E+00
    71  2.84000000E+01  1.27888780E+00  9.99963296E-01  1.27888780E+00
    72  2.88000000E+01  1.28241953E+00  9.99961060E-01  1.28241953E+00
    73  2.92000000E+01  1.28595622E+00  9.99958718E-01  1.28595622E+00
    74  2.96000000E+01  1.28944552E+00  9.99956270E-01  1.28944552E+00
    75  3.00000000E+01  1.29286365E+00  9.99953710E-01  1.29286365E+00
    76  3.04000000E+01  1.29630218E+00  9.99951036E-01  1.29630218E+00
    77  3.08000000E+01  1.29966717E+00  9.99948244E-01  1.29966717E+00
    78  3.12000000E+01  1.30299804E+00  9.99945332E-01  1.30299804E+00
    79  3.16000000E+01  1.30630637E+00  9.99942295E-01  1.30630637E+00
    80  3.20000000E+01  1.30952729E+00  9.99939132E-01  1.30952729E+00
    81  3.24000000E+01  1.31274392E+00  9.99935838E-01  1.31274392E+00
    82  3.28000000E+01  1.31590289E+00  9.99932410E-01  1.31590289E+00
    83  3.32000000E+01  1.31897753E+00  9.99928847E-01  1.31897753E+00
    84  3.36000000E+01  1.32207318E+00  9.99925144E-01  1.32207318E+00
    85  3.40000000E+01  1.32507889E+00  9.99921300E-01  1.32507889E+00
    86  3.44000000E+01  1.32805475E+00  9.99917311E-01  1.32805475E+00
    87  3.48000000E+01  1.33100000E+00  9.99913176E-01  1.33100000E+00
    88  3.52000000E+01  1.33386170E+00  9.99908892E-01  1.33386170E+00
    89  3.56000000E+01  1.33674550E+00  9.99904457E-01  1.33674550E+00
    90  3.60000000E+01  1.33955104E+00  9.99899870E-01  1.33955104E+00
    91  3.64000000E+01  1.34231406E+00  9.99895130E-01  1.34231406E+00
    92  3.68000000E+01  1.34506620E+00  9.99890235E-01  1.34506620E+00
    93  3.72000000E+01  1.34774742E+00  9.99885185E-01  1.34774742E+00
    94  3.76000000E+01  1.35040997E+00  9.99879980E-01  1.35040997E+00
    95  3.80000000E+01  1.35304264E+00  9.99874620E-01  1.35304264E+00
    96  3.84000000E+01  1.35561109E+00  9.99869105E-01  1.35561109E+00
    97  3.88000000E+01  1.35818103E+00  9.99863438E-01  1.35818103E+00
    98  3.92000000E+01  1.36070341E+00  9.99857621E-01  1.36070341E+00
    99  3.96000000E+01  1.36316360E+00  9.99851655E-01  1.36316360E+00
   100  4.00000000E+01  1.36563466E+00  9.99845545E-01  1.36563466E+00
   101  4.04000000E+01  1.36804954E+00  9.99839295E-01  1.36804954E+00
   102  4.08000000E+01  1.37040293E+00  9.99832909E-01  1.37040293E+00
   103  4.12000000E+01  1.37277167E+00  9.99826395E-01  1.37277167E+00
   104  4.16000000E+01  1.37507607E+00  9.99819760E-01  1.37507607E+00
   105  4.20000000E+01  1.37733534E+00  9.99813011E-01  1.37733534E+00
   106  4.24000000E+01  1.37959291E+00  9.99806159E-01  1.37959291E+00
   107  4.28000000E+01  1.38178381E+00  9.99799214E-01  1.38178381E+00
   108  4.32000000E+01  1.38395480E+00  9.99792188E-01  1.38395480E+00
   109  4.36000000E+01  1.38609828E+00  9.99785097E-01  1.38609828E+00
   110  4.40000000E+01  1.38817484E+00  9.99777954E-01  1.38817484E+00
   111  4.44000000E+01  1.39026233E+00  9.99770779E-01  1.39026233E+00
   112  4.48000000E+01  1.39229214E+00  9.99763590E-01  1.39229214E+00
   113  4.52000000E+01  1.39428577E+00  9.99756409E-01  1.39428577E+00
   114  4.56000000E+01  1.39626997E+00  9.99749259E-01  1.39626997E+00
   115  4.60000000E+01  1.39819054E+00  9.99742167E-01  1.39819054E+00
   116  4.64000000E+01  1.40011454E+00  9.99735162E-01  1.40011454E+00
   117  4.68000000E+01  1.40199147E+00  9.99728275E-01  1.40199147E+00
   118  4.72000000E+01  1.40381853E+00  9.99721541E-01  1.40381853E+00
   119  4.76000000E+01  1.40565312E+00  9.99714996E-01  1.40565312E+00
   120  4.80000000E+01  1.40742944E+00  9.99708684E-01  1.40742944E+00
   121  4.84000000E+01  1.40917364E+00  9.99702647E-01  1.40917364E+00
   122  4.88000000E+01  1.41091004E+00  9.99696936E-01  1.41091004E+00
   123  4.92000000E+01  1.41259160E+00  9.99691601E-01  1.41259160E+00
   124  4.96000000E+01  1.41426679E+00  9.99686701E-01  1.41426679E+00
   125  5.00000000E+01  1.41591038E+00  9.99682297E-01  1.41591038E+00
   126  5.04000000E+01  1.41750622E+00  9.99678456E-01  1.41750622E+00
   127  5.08000000E+01  1.41911269E+00  9.99675250E-01  1.41911269E+00
   128  5.12000000E+01  1.42066726E+00  9.99672756E-01  1.42066726E+00
   129  5.16000000E+01  1.42219537E+00  9.99671058E-01  1.42219537E+00
   130  5.20000000E+01  1.42371388E+00  9.99670245E-01  1.42371388E+00
   131  5.24000000E+01  1.42518177E+00  9.99670414E-01  1.42518177E+00
   132  5.28000000E+01  1.42664400E+00  9.99671670E-01  1.42664400E+00
   133  5.32000000E+01  1.42807702E+00  9.99674122E-01  1.42807702E+00
   134  5.36000000E+01  1.42946063E+00  9.99677890E-01  1.42946063E+00
   135  5.40000000E+01  1.43085881E+00  9.99683102E-01  1.43085881E+00
   136  5.44000000E+01  1.43220869E+00  9.99689895E-01  1.43220869E+00
   137  5.48000000E+01  1.43353052E+00  9.99698413E-01  1.43353052E+00
   138  5.52000000E+01  1.43484726E+00  9.99708814E-01  1.43484726E+00
   139  5.56000000E+01  1.43611699E+00  9.99721263E-01  1.43611699E+00
   140  5.60000000E+01  1.43738218E+00  9.99735939E-01  1.43738218E+00
   141  5.64000000E+01  1.43862028E+00  9.99753030E-01  1.43862028E+00
   142  5.68000000E+01  1.43981778E+00  9.99772739E-01  1.43981778E+00
   143  5.72000000E+01  1.44102485E+00  9.99795281E-01  1.44102485E+00
   144  5.76000000E+01  1.44218793E+00  9.99820883E-01  1.44218793E+00
   145  5.80000000E+01  1.44333361E+00  9.99849790E-01  1.44333361E+00
   146  5.84000000E+01  1.44446727E+00  9.99882259E-01  1.44446727E+00
   147  5.88000000E+01  1.44555913E+00  9.99918566E-01  1.44555913E+00
   148  5.92000000E+01  1.44665427E+00  9.99959001E-01  1.44665427E+00
   149  5.96000000E+01  1.44771819E+00  1.00000387E+00  1.44771819E+00
   150  6.00000000E+01  1.44875136E+00  1.00005351E+00  1.44875136E+00
   151  6.04000000E+01  1.44978794E+00  1.00010826E+00  1.44978794E+00
   152  6.08000000E+01  1.45078552E+00  1.00016849E+00  1.45078552E+00
   153  6.12000000E+01  1.45177016E+00  1.00023459E+00  1.45177016E+00
   154  6.16000000E+01  1.45274176E+00  1.00030698E+00  1.45274176E+00
   155  6.20000000E+01  1.45367609E+00  1.00038608E+00  1.45367609E+00
   156  6.24000000E+01  1.45461608E+00  1.00047235E+00  1.45461608E+00
   157  6.28000000E+01  1.45552562E+00  1.00056629E+00  1.45552562E+00
   158  6.32000000E+01  1.45641167E+00  1.00066841E+00  1.45641167E+00
   159  6.36000000E+01  1.45729697E+00  1.00077925E+00  1.45729697E+00
   160  6.40000000E+01  1.45814728E+00  1.00089938E+00  1.45814728E+00
   161  6.44000000E+01  1.45899178E+00  1.00102940E+00  1.45899178E+00
   162  6.48000000E+01  1.45981901E+00  1.00116994E+00  1.45981901E+00
   163  6.52000000E+01  1.46061289E+00  1.00132168E+00  1.46061289E+00
   164  6.56000000E+01  1.46141692E+00  1.00148532E+00  1.46141692E+00
   165  6.60000000E+01  1.46218888E+00  1.00166158E+00  1.46218888E+00
   166  6.64000000E+01  1.46294375E+00  1.00185126E+00  1.46294375E+00
   167  6.68000000E+01  1.46369432E+00  1.00205516E+00  1.46369432E+00
   168  6.72000000E+01  1.46441386E+00  1.00227415E+00  1.46441386E+00
   169  6.76000000E+01  1.46513228E+00  1.00250911E+00  1.46513228E+00
   170  6.80000000E+01  1.46583158E+00  1.00276098E+00  1.46583158E+00
   171  6.84000000E+01  1.46650700E+00  1.00303076E+00  1.46650700E+00
   172  6.88000000E+01  1.46718654E+00  1.00331948E+00  1.46718654E+00
   173  6.92000000E+01  1.46783736E+00  1.00362821E+00  1.46783736E+00
   174  6.96000000E+01  1.46848068E+00  1.00395808E+00  1.46848068E+00
   175  7.00000000E+01  1.46911284E+00  1.00431026E+00  1.46911284E+00
   176  7.04000000E+01  1.46971785E+00  1.00468600E+00  1.46971785E+00
   177  7.08000000E+01  1.47032868E+00  1.00508657E+00  1.47032868E+00
   178  7.12000000E+01  1.47091609E+00  1.00551331E+00  1.47091609E+00
   179  7.16000000E+01  1.47148665E+00  1.00596760E+00  1.47148665E+00
   180  7.20000000E+01  1.47205691E+00  1.00645090E+00  1.47205691E+00
   181  7.24000000E+01  1.47260209E+00  1.00696471E+00  1.47260209E+00
   182  7.28000000E+01  1.47314377E+00  1.00751058E+00  1.47314377E+00
   183  7.32000000E+01  1.47367277E+00  1.00809014E+00  1.47367277E+00
   184  7.36000000E+01  1.47417848E+00  1.00870506E+00  1.47417848E+00
   185  7.40000000E+01  1.47469174E+00  1.00935706E+00  1.47469174E+00
   186  7.44000000E+01  1.47518187E+00  1.01004794E+00  1.47518187E+00
   187  7.48000000E+01  1.47566097E+00  1.01077955E+00  1.47566097E+00
   188  7.52000000E+01  1.47613628E+00  1.01155378E+00  1.47613628E+00
   189  7.56000000E+01  1.47658981E+00  1.01237259E+00  1.47658981E+00
   190  7.60000000E+01  1.47704328E+00  1.01323797E+00  1.47704328E+00
   191  7.64000000E+01  1.47748290E+00  1.01415200E+00  1.47748290E+00
   192  7.68000000E+01  1.47790511E+00  1.01511677E+00  1.47790511E+00
   193  7.72000000E+01  1.47833119E+00  1.01613442E+00  1.47833119E+00
   194  7.76000000E+01  1.47873729E+00  1.01720715E+00  1.47873729E+00
   195  7.80000000E+01  1.47913622E+00  1.01833716E+00  1.47913622E+00
   196  7.84000000E+01  1.47952963E+00  1.01952672E+00  1.47952963E+00
   197  7.88000000E+01  1.47990433E+00  1.02077811E+00  1.47990433E+00
   198  7.92000000E+01  1.48028150E+00  1.02209360E+00  1.48028150E+00
   199  7.96000000E+01  1.48064432E+00  1.02347551E+00  1.48064432E+00
   200  8.00000000E+01  1.48099475E+00  1.02492614E+00  1.48099475E+00
   201  8.04000000E+01  1.48134602E+00  1.02644780E+00  1.48134602E+00
   202  8.08000000E+01  1.48168021E+00  1.02804276E+00  1.48168021E+00
   203  8.12000000E+01  1.48201060E+00  1.02971328E+00  1.48201060E+00
   204  8.16000000E+01  1.48233400E+00  1.03146159E+00  1.48233400E+00
   205  8.20000000E+01  1.48264142E+00  1.03328984E+00  1.48264142E+00
   206  8.24000000E+01  1.48295217E+00  1.03520015E+00  1.48295217E+00
   207  8.28000000E+01  1.48324953E+00  1.03719455E+00  1.48324953E+00
   208  8.32000000E+01  1.48353663E+00  1.03927497E+00  1.48353663E+00
   209  8.36000000E+01  1.48382421E+00  1.04144325E+00  1.48382421E+00
   210  8.40000000E+01  1.48409727E+00  1.04370110E+00  1.48409727E+00
   211  8.44000000E+01  1.48436701E+00  1.04605010E+00  1.48436701E+00
   212  8.48000000E+01  1.48463096E+00  1.04849168E+00  1.48463096E+00
   213  8.52000000E+01  1.48488138E+00  1.05102708E+00  1.48488138E+00
   214  8.56000000E+01  1.48513450E+00  1.05365738E+00  1.48513450E+00
   215  8.60000000E+01  1.48537644E+00  1.05638345E+00  1.48537644E+00
   216  8.64000000E+01  1.48560939E+00  1.05920594E+00  1.48560939E+00
   217  8.68000000E+01  1.48584311E+00  1.06212529E+00  1.48584311E+00
   218  8.72000000E+01  1.48606458E+00  1.06514168E+00  1.48606458E+00
   219  8.76000000E+01  1.48628301E+00  1.06825502E+00  1.48628301E+00
   220  8.80000000E+01  1.48649684E+00  1.07146499E+00  1.48649684E+00
   221  8.84000000E+01  1.48669929E+00  1.07477095E+00  1.48669929E+00
   222  8.88000000E+01  1.48690338E+00  1.07817201E+00  1.48690338E+00
   223  8.92000000E+01  1.48709875E+00  1.08166697E+00  1.48709875E+00
   224  8.96000000E+01  1.48728578E+00  1.08525435E+00  1.48728578E+00
   225  9.00000000E+01  1.48747428E+00  1.08893235E+00  1.48747428E+00
   226  9.04000000E+01  1.48765253E+00  1.09269891E+00  1.48765253E+00
   227  9.08000000E+01  1.48782704E+00  1.09655165E+00  1.48782704E+00
   228  9.12000000E+01  1.48799893E+00  1.10048793E+00  1.48799893E+00
   229  9.16000000E+01  1.48816132E+00  1.10450484E+00  1.48816132E+00
   230  9.20000000E+01  1.48832360E+00  1.10859920E+00  1.48832360E+00
   231  9.24000000E+01  1.48848011E+00  1.11276759E+00  1.48848011E+00
   232  9.28000000E+01  1.48862782E+00  1.11700640E+00  1.48862782E+00
   233  9.32000000E+01  1.48877821E+00  1.12131180E+00  1.48877821E+00
   234  9.36000000E+01  1.48892050E+00  1.12567979E+00  1.48892050E+00
   235  9.40000000E+01  1.48905701E+00  1.13010624E+00  1.48905701E+00
   236  9.44000000E+01  1.48919404E+00  1.13458692E+00  1.48919404E+00
   237  9.48000000E+01  1.48932318E+00  1.13911752E+00  1.48932318E+00
   238  9.52000000E+01  1.48944940E+00  1.14369369E+00  1.48944940E+00
   239  9.56000000E+01  1.48957370E+00  1.14831108E+00  1.48957370E+00
   240  9.60000000E+01  1.48969073E+00  1.15296538E+00  1.48969073E+00
   241  9.64000000E+01  1.48980712E+00  1.15765238E+00  1.48980712E+00
   242  9.68000000E+01  1.48991968E+00  1.16236795E+00  1.48991968E+00
   243  9.72000000E+01  1.49002553E+00  1.16710815E+00  1.49002553E+00
   244  9.76000000E+01  1.49013252E+00  1.17186922E+00  1.49013252E+00
   245  9.80000000E+01  1.49023427E+00  1.17664763E+00  1.49023427E+00
   246  9.84000000E+01  1.49033014E+00  1.18144011E+00  1.49033014E+00
   247  9.88000000E+01  1.49042791E+00  1.18624369E+00  1.49042791E+00
   248  9.92000000E+01  1.49051970E+00  1.19105570E+00  1.49051970E+00
   249  9.96000000E+01  1.49060729E+00  1.19587383E+00  1.49060729E+00
   250  1.00000000E+02  1.49069543E+00  1.20069609E+00  1.49069543E+00
   251  1.00400000E+02  1.49077808E+00  1.20552087E+00  1.49077808E+00
   252  1.00800000E+02  1.49085804E+00  1.21034689E+00  1.49085804E+00
   253  1.01200000E+02  1.49093733E+00  1.21517323E+00  1.49093733E+00
   254  1.01600000E+02  1.49101157E+00  1.21999928E+00  1.49101157E+00
   255  1.02000000E+02  1.49108425E+00  1.22482475E+00  1.49108425E+00
   256  1.02400000E+02  1.49115542E+00  1.22964958E+00  1.49115542E+00
   257  1.02800000E+02  1.49122196E+00  1.23447396E+00  1.49122196E+00
   258  1.03200000E+02  1.49128767E+00  1.23929821E+00  1.49128767E+00
   259  1.03600000E+02  1.49135139E+00  1.24412275E+00  1.49135139E+00
   260  1.04000000E+02  1.49141086E+00  1.24894804E+00  1.49141086E+00
   261  1.04400000E+02  1.49146998E+00  1.25377445E+00  1.49146998E+00
   262  1.04800000E+02  1.49152688E+00  1.25860225E+00  1.49152688E+00
   263  1.05200000E+02  1.49157990E+00  1.26343147E+00  1.49157990E+00
   264  1.05600000E+02  1.49163286E+00  1.26826184E+00  1.49163286E+00
   265  1.06000000E+02  1.49168353E+00  1.27309268E+00  1.49168353E+00
   266  1.06400000E+02  1.49173064E+00  1.27792288E+00  1.49173064E+00
   267  1.06800000E+02  1.49177776E+00  1.28275076E+00  1.49177776E+00
   268  1.07200000E+02  1.49182273E+00  1.28757409E+00  1.49182273E+00
   269  1.07600000E+02  1.49186446E+00  1.29239000E+00  1.49186446E+00
   270  1.08000000E+02  1.49190601E+00  1.29719496E+00  1.49190601E+00
   271  1.08400000E+02  1.49194578E+00  1.30198482E+00  1.49194578E+00
   272  1.08800000E+02  1.49198260E+00  1.30675482E+00  1.49198260E+00
   273  1.09200000E+02  1.49201895E+00  1.31149962E+00  1.49201895E+00
   274  1.09600000E+02  1.49205399E+00  1.31621340E+00  1.49205399E+00
   275  1.10000000E+02  1.49208634E+00  1.32088998E+00  1.49208634E+00
   276  1.10400000E+02  1.49211781E+00  1.32552294E+00  1.49211781E+00
   277  1.10800000E+02  1.49214854E+00  1.33010573E+00  1.49214854E+00
   278  1.11200000E+02  1.49217683E+00  1.33463193E+00  1.49217683E+00
   279  1.11600000E+02  1.49220377E+00  1.33909532E+00  1.49220377E+00
   280  1.12000000E+02  1.49223059E+00  1.34349017E+00  1.49223059E+00
   281  1.12400000E+02  1.49225519E+00  1.34781133E+00  1.49225519E+00
   282  1.12800000E+02  1.49227788E+00  1.35205441E+00  1.49227788E+00
   283  1.13200000E+02  1.49230115E+00  1.35621595E+00  1.49230115E+00
   284  1.13600000E+02  1.49232242E+00  1.36029346E+00  1.49232242E+00
   285  1.14000000E+02  1.49234180E+00  1.36428550E+00  1.49234180E+00
   286  1.14400000E+02  1.49236114E+00  1.36819168E+00  1.49236114E+00
   287  1.14800000E+02  1.49237939E+00  1.37201258E+00  1.49237939E+00
   288  1.15200000E+02  1.49239594E+00  1.37574967E+00  1.49239594E+00
   289  1.15600000E+02  1.49241153E+00  1.37940510E+00  1.49241153E+00
   290  1.16000000E+02  1.49242706E+00  1.38298151E+00  1.49242706E+00
   291  1.16400000E+02  1.49244106E+00  1.38648183E+00  1.49244106E+00
   292  1.16800000E+02  1.49245362E+00  1.38990893E+00  1.49245362E+00
   293  1.17200000E+02  1.49246627E+00  1.39326544E+00  1.49246627E+00
   294  1.17600000E+02  1.49247798E+00  1.39655351E+00  1.49247798E+00
   295  1.18000000E+02  1.49248839E+00  1.39977459E+00  1.49248839E+00
   296  1.18400000E+02  1.49249768E+00  1.40292933E+00  1.49249768E+00
   297  1.18800000E+02  1.49250732E+00  1.40601753E+00  1.49250732E+00
   298  1.19200000E+02  1.49251581E+00  1.40903815E+00  1.49251581E+00
   299  1.19600000E+02  1.49252322E+00  1.41198948E+00  1.49252322E+00
   300  1.20000000E+02  1.49252976E+00  1.41486926E+00  1.49252976E+00
   301  1.20400000E+02  1.49253653E+00  1.41767501E+00  1.49253653E+00
   302  1.20800000E+02  1.49254235E+00  1.42040423E+00  1.49254235E+00
   303  1.21200000E+02  1.49254727E+00  1.42305477E+00  1.49254727E+00
   304  1.21600000E+02  1.49255136E+00  1.42562506E+00  1.49255136E+00
   305  1.22000000E+02  1.49255562E+00  1.42811435E+00  1.49255562E+00
   306  1.22400000E+02  1.49255922E+00  1.43052284E+00  1.49255922E+00
   307  1.22800000E+02  1.49256208E+00  1.43285174E+00  1.49256208E+00
   308  1.23200000E+02  1.49256427E+00  1.43510322E+00  1.49256427E+00
   309  1.23600000E+02  1.49256605E+00  1.43728025E+00  1.49256605E+00
   310  1.24000000E+02  1.49256784E+00  1.43938641E+00  1.49256784E+00
   311  1.24400000E+02  1.49256903E+00  1.44142556E+00  1.49256903E+00
   312  1.24800000E+02  1.49256968E+00  1.44340159E+00  1.49256968E+00
   313  1.25200000E+02  1.49256982E+00  1.44531806E+00  1.49256982E+00
   314  1.25600000E+02  1.49256949E+00  1.44717802E+00  1.49256949E+00
   315  1.26000000E+02  1.49256923E+00  1.44898380E+00  1.49256923E+00
   316  1.26400000E+02  1.49256864E+00  1.45073694E+00  1.49256864E+00
   317  1.26800000E+02  1.49256764E+00  1.45243822E+00  1.49256764E+00
   318  1.27200000E+02  1.49256628E+00  1.45408777E+00  1.49256628E+00
   319  1.27600000E+02  1.49256458E+00  1.45568525E+00  1.49256458E+00
   320  1.28000000E+02  1.49256259E+00  1.45723009E+00  1.49256259E+00
   321  1.28400000E+02  1.49256033E+00  1.45872174E+00  1.49256033E+00
   322  1.28800000E+02  1.49255811E+00  1.46015993E+00  1.49255811E+00
   323  1.29200000E+02  1.49255569E+00  1.46154477E+00  1.49255569E+00
   324  1.29600000E+02  1.49255304E+00  1.46287694E+00  1.49255304E+00
   325  1.30000000E+02  1.49255019E+00  1.46415767E+00  1.49255019E+00
   326  1.30400000E+02  1.49254716E+00  1.46538868E+00  1.49254716E+00
   327  1.30800000E+02  1.49254398E+00  1.46657207E+00  1.49254398E+00
   328  1.31200000E+02  1.49254066E+00  1.46771015E+00  1.49254066E+00
   329  1.31600000E+02  1.49253722E+00  1.46880527E+00  1.49253722E+00
   330  1.32000000E+02  1.49253367E+00  1.46985960E+00  1.49253367E+00
   331  1.32400000E+02  1.49253005E+00  1.47087507E+00  1.49253005E+00
   332  1.32800000E+02  1.49252635E+00  1.47185323E+00  1.49252635E+00
   333  1.33200000E+02  1.49252260E+00  1.47279525E+00  1.49252260E+00
   334  1.33600000E+02  1.49251881E+00  1.47370198E+00  1.49251881E+00
   335  1.34000000E+02  1.49251499E+00  1.47457399E+00  1.49251499E+00
   336  1.34400000E+02  1.49251114E+00  1.47541172E+00  1.49251114E+00
   337  1.34800000E+02  1.49250729E+00  1.47621559E+00  1.49250729E+00
   338  1.35200000E+02  1.49250344E+00  1.47698608E+00  1.49250344E+00
   339  1.35600000E+02  1.49249960E+00  1.47772382E+00  1.49249960E+00
   340  1.36000000E+02  1.49249577E+00  1.47842965E+00  1.49249577E+00
   341  1.36400000E+02  1.49249197E+00  1.47910459E+00  1.49249197E+00
   342  1.36800000E+02  1.49248819E+00  1.47974981E+00  1.49248819E+00
   343  1.37200000E+02  1.49248446E+00  1.48036655E+00  1.49248446E+00
   344  1.37600000E+02  1.49248076E+00  1.48095611E+00  1.49248076E+00
   345  1.38000000E+02  1.49247711E+00  1.48151973E+00  1.49247711E+00
   346  1.38400000E+02  1.49247351E+00  1.48205853E+00  1.49247351E+00
   347  1.38800000E+02  1.49246996E+00  1.48257354E+00  1.49246996E+00
   348  1.39200000E+02  1.49246648E+00  1.48306564E+00  1.49246648E+00
   349  1.39600000E+02  1.49246305E+00  1.48353560E+00  1.49246305E+00
   350  1.40000000E+02  1.49245968E+00  1.48398410E+00  1.49245968E+00
   351  1.40400000E+02  1.49245639E+00  1.48441178E+00  1.49245639E+00
   352  1.40800000E+02  1.49245315E+00  1.48481928E+00  1.49245315E+00
   353  1.41200000E+02  1.49244999E+00  1.48520723E+00  1.49244999E+00
   354  1.41600000E+02  1.49244690E+00  1.48557631E+00  1.49244690E+00
   355  1.42000000E+02  1.49244387E+00  1.48592725E+00  1.49244387E+00
   356  1.42400000E+02  1.49244092E+00  1.48626079E+00  1.49244092E+00
   357  1.42800000E+02  1.49243805E+00  1.48657769E+00  1.49243805E+00
   358  1.43200000E+02  1.49243524E+00  1.48687870E+00  1.49243524E+00
   359  1.43600000E+02  1.49243251E+00  1.48716455E+00  1.49243251E+00
   360  1.44000000E+02  1.49242985E+00  1.48743592E+00  1.49242985E+00
   361  1.44400000E+02  1.49242727E+00  1.48769344E+00  1.49242727E+00
   362  1.44800000E+02  1.49242475E+00  1.48793772E+00  1.49242475E+00
   363  1.45200000E+02  1.49242231E+00  1.48816931E+00  1.49242231E+00
   364  1.45600000E+02  1.49241994E+00  1.48838872E+00  1.49241994E+00
   365  1.46000000E+02  1.49241772E+00  1.48859645E+00  1.49241772E+00
   366  1.46400000E+02  1.49241559E+00  1.48879300E+00  1.49241559E+00
   367  1.46800000E+02  1.49241352E+00  1.48897885E+00  1.49241352E+00
   368  1.47200000E+02  1.49241152E+00  1.48915446E+00  1.49241152E+00
   369  1.47600000E+02  1.49240959E+00  1.48932030E+00  1.49240959E+00
   370  1.48000000E+02  1.49240772E+00  1.48947685E+00  1.49240772E+00
   371  1.48400000E+02  1.49240591E+00  1.48962454E+00  1.49240591E+00
   372  1.48800000E+02  1.49240417E+00  1.48976380E+00  1.49240417E+00
   373  1.49200000E+02  1.49240249E+00  1.48989505E+00  1.49240249E+00
   374  1.49600000E+02  1.49240086E+00  1.49001867E+00  1.49240086E+00
   375  1.50000000E+02  1.49239930E+00  1.49013504E+00  1.49239930E+00
   376  1.50400000E+02  1.49239779E+00  1.49024450E+00  1.49239779E+00
   377  1.50800000E+02  1.49239633E+00  1.49034740E+00  1.49239633E+00
   378  1.51200000E+02  1.49239493E+00  1.49044403E+00  1.49239493E+00
   379  1.51600000E+02  1.49239359E+00  1.49053473E+00  1.49239359E+00
   380  1.52000000E+02  1.49239229E+00  1.49061977E+00  1.49239229E+00
   381  1.52400000E+02  1.49239104E+00  1.49069945E+00  1.49239104E+00
   382  1.52800000E+02  1.49238984E+00  1.49077404E+00  1.49238984E+00
   383  1.53200000E+02  1.49238869E+00  1.49084381E+00  1.49238869E+00
   384  1.53600000E+02  1.49238759E+00  1.49090900E+00  1.49238759E+00
   385  1.54000000E+02  1.49238653E+00  1.49096986E+00  1.49238653E+00
   386  1.54400000E+02  1.49238551E+00  1.49102662E+00  1.49238551E+00
   387  1.54800000E+02  1.49238453E+00  1.49107949E+00  1.49238453E+00
   388  1.55200000E+02  1.49238360E+00  1.49112869E+00  1.49238360E+00
   389  1.55600000E+02  1.49238270E+00  1.49117441E+00  1.49238270E+00
   390  1.56000000E+02  1.49238184E+00  1.49121684E+00  1.49238184E+00
   391  1.56400000E+02  1.49238102E+00  1.49125616E+00  1.49238102E+00
   392  1.56800000E+02  1.49238023E+00  1.49129255E+00  1.49238023E+00
   393  1.57200000E+02  1.49237948E+00  1.49132616E+00  1.49237948E+00
   394  1.57600000E+02  1.49237876E+00  1.49135716E+00  1.49237876E+00
   395  1.58000000E+02  1.49237807E+00  1.49138569E+00  1.49237807E+00
   396  1.58400000E+02  1.49237741E+00  1.49141190E+00  1.49237741E+00
   397  1.58800000E+02  1.49237678E+00  1.49143592E+00  1.49237678E+00
   398  1.59200000E+02  1.49237618E+00  1.49145789E+00  1.49237618E+00
   399  1.59600000E+02  1.49237561E+00  1.49147792E+00  1.49237561E+00
   400  1.60000000E+02  1.49237506E+00  1.49149613E+00  1.49237506E+00
   401  1.60400000E+02  1.49237454E+00  1.49151264E+00  1.49237454E+00
   402  1.60800000E+02  1.49237405E+00  1.49152755E+00  1.49237405E+00
   403  1.61200000E+02  1.49237357E+00  1.49154096E+00  1.49237357E+00
   404  1.61600000E+02  1.49237313E+00  1.49155296E+00  1.49237313E+00
   405  1.62000000E+02  1.49237270E+00  1.49156365E+00  1.49237270E+00
   406  1.62400000E+02  1.49237229E+00  1.49157311E+00  1.49237229E+00
   407  1.62800000E+02  1.49237190E+00  1.49158143E+00  1.49237190E+00
   408  1.63200000E+02  1.49237155E+00  1.49158867E+00  1.49237155E+00
   409  1.63600000E+02  1.49237122E+00  1.49159492E+00  1.49237122E+00
   410  1.64000000E+02  1.49237091E+00  1.49160024E+00  1.49237091E+00
   411  1.64400000E+02  1.49237062E+00  1.49160469E+00  1.49237062E+00
   412  1.64800000E+02  1.49237034E+00  1.49160835E+00  1.49237034E+00
   413  1.65200000E+02  1.49237008E+00  1.49161127E+00  1.49237008E+00
   414  1.65600000E+02  1.49236983E+00  1.49161349E+00  1.49236983E+00
   415  1.66000000E+02  1.49236960E+00  1.49161509E+00  1.49236960E+00
   416  1.66400000E+02  1.49236938E+00  1.49161610E+00  1.49236938E+00
   417  1.66800000E+02  1.49236916E+00  1.49161657E+00  1.49236916E+00
   418  1.67200000E+02  1.49236897E+00  1.49161654E+00  1.49236897E+00
   419  1.67600000E+02  1.49236878E+00  1.49161606E+00  1.49236878E+00
   420  1.68000000E+02  1.49236860E+00  1.49161517E+00  1.49236860E+00
   421  1.68400000E+02  1.49236843E+00  1.49161390E+00  1.49236843E+00
   422  1.68800000E+02  1.49236828E+00  1.49161228E+00  1.49236828E+00
   423  1.69200000E+02  1.49236813E+00  1.49161036E+00  1.49236813E+00
   424  1.69600000E+02  1.49236799E+00  1.49160815E+00  1.49236799E+00
   425  1.70000000E+02  1.49236786E+00  1.49160569E+00  1.49236786E+00
   426  1.70400000E+02  1.49236773E+00  1.49160300E+00  1.49236773E+00
   427  1.70800000E+02  1.49236762E+00  1.49160011E+00  1.49236762E+00
   428  1.71200000E+02  1.49236751E+00  1.49159704E+00  1.49236751E+00
   429  1.71600000E+02  1.49236741E+00  1.49159381E+00  1.49236741E+00
   430  1.72000000E+02  1.49236731E+00  1.49159045E+00  1.49236731E+00
   431  1.72400000E+02  1.49236722E+00  1.49158697E+00  1.49236722E+00
   432  1.72800000E+02  1.49236714E+00  1.49158339E+00  1.49236714E+00
   433  1.73200000E+02  1.49236706E+00  1.49157973E+00  1.49236706E+00
   434  1.73600000E+02  1.49236699E+00  1.49157599E+00  1.49236699E+00
   435  1.74000000E+02  1.49236692E+00  1.49157221E+00  1.49236692E+00
   436  1.74400000E+02  1.49236686E+00  1.49156838E+00  1.49236686E+00
   437  1.74800000E+02  1.49236680E+00  1.49156452E+00  1.49236680E+00
   438  1.75200000E+02  1.49236675E+00  1.49156064E+00  1.49236675E+00
   439  1.75600000E+02  1.49236670E+00  1.49155675E+00  1.49236670E+00
   440  1.76000000E+02  1.49236665E+00  1.49155287E+00  1.49236665E+00
   441  1.76400000E+02  1.49236661E+00  1.49154899E+00  1.49236661E+00
   442  1.76800000E+02  1.49236657E+00  1.49154513E+00  1.49236657E+00
   443  1.77200000E+02  1.49236653E+00  1.49154130E+00  1.49236653E+00
   444  1.77600000E+02  1.49236649E+00  1.49153749E+00  1.49236649E+00
   445  1.78000000E+02  1.49236646E+00  1.49153373E+00  1.49236646E+00
   446  1.78400000E+02  1.49236644E+00  1.49153000E+00  1.49236644E+00
   447  1.78800000E+02  1.49236641E+00  1.49152632E+00  1.49236641E+00
   448  1.79200000E+02  1.49236639E+00  1.49152270E+00  1.49236639E+00
   449  1.79600000E+02  1.49236636E+00  1.49151912E+00  1.49236636E+00
   450  1.80000000E+02  1.49236634E+00  1.49151561E+00  1.49236634E+00
   451  1.80400000E+02  1.49236633E+00  1.49151216E+00  1.49236633E+00
   452  1.80800000E+02  1.49236631E+00  1.49150877E+00  1.49236631E+00
   453  1.81200000E+02  1.49236630E+00  1.49150545E+00  1.49236630E+00
   454  1.81600000E+02  1.49236628E+00  1.49150219E+00  1.49236628E+00
   455  1.82000000E+02  1.49236627E+00  1.49149901E+00  1.49236627E+00
   456  1.82400000E+02  1.49236626E+00  1.49149589E+00  1.49236626E+00
   457  1.82800000E+02  1.49236625E+00  1.49149285E+00  1.49236625E+00
   458  1.83200000E+02  1.49236625E+00  1.49148988E+00  1.49236625E+00
   459  1.83600000E+02  1.49236624E+00  1.49148698E+00  1.49236624E+00
   460  1.84000000E+02  1.49236624E+00  1.49148416E+00  1.49236624E+00
   461  1.84400000E+02  1.49236623E+00  1.49148141E+00  1.49236623E+00
   462  1.84800000E+02  1.49236623E+00  1.49147873E+00  1.49236623E+00
   463  1.85200000E+02  1.49236622E+00  1.49147613E+00  1.49236622E+00
   464  1.85600000E+02  1.49236622E+00  1.49147360E+00  1.49236622E+00
   465  1.86000000E+02  1.49236622E+00  1.49147114E+00  1.49236622E+00
   466  1.86400000E+02  1.49236622E+00  1.49146876E+00  1.49236622E+00
   467  1.86800000E+02  1.49236622E+00  1.49146645E+00  1.49236622E+00
   468  1.87200000E+02  1.49236622E+00  1.49146420E+00  1.49236622E+00
   469  1.87600000E+02  1.49236622E+00  1.49146203E+00  1.49236622E+00
   470  1.88000000E+02  1.49236622E+00  1.49145993E+00  1.49236622E+00
   471  1.88400000E+02  1.49236622E+00  1.49145789E+00  1.49236622E+00
   472  1.88800000E+02  1.49236623E+00  1.49145592E+00  1.49236623E+00
   473  1.89200000E+02  1.49236623E+00  1.49145402E+00  1.49236623E+00
   474  1.89600000E+02  1.49236623E+00  1.49145217E+00  1.49236623E+00
   475  1.90000000E+02  1.49236624E+00  1.49145040E+00  1.49236624E+00
   476  1.90400000E+02  1.49236624E+00  1.49144868E+00  1.49236624E+00
   477  1.90800000E+02  1.49236624E+00  1.49144703E+00  1.49236624E+00
   478  1.91200000E+02  1.49236625E+00  1.49144543E+00  1.49236625E+00
   479  1.91600000E+02  1.49236625E+00  1.49144389E+00  1.49236625E+00
   480  1.92000000E+02  1.49236625E+00  1.49144241E+00  1.49236625E+00
   481  1.92400000E+02  1.49236626E+00  1.49144098E+00  1.49236626E+00
   482  1.92800000E+02  1.49236626E+00  1.49143960E+00  1.49236626E+00
   483  1.93200000E+02  1.49236627E+00  1.49143828E+00  1.49236627E+00
   484  1.93600000E+02  1.49236627E+00  1.49143701E+00  1.49236627E+00
   485  1.94000000E+02  1.49236627E+00  1.49143579E+00  1.49236627E+00
   486  1.94400000E+02  1.49236628E+00  1.49143461E+00  1.49236628E+00
   487  1.94800000E+02  1.49236628E+00  1.49143348E+00  1.49236628E+00
   488  1.95200000E+02  1.49236629E+00  1.49143240E+00  1.49236629E+00
   489  1.95600000E+02  1.49236629E+00  1.49143136E+00  1.49236629E+00
   490  1.96000000E+02  1.49236630E+00  1.49143036E+00  1.49236630E+00
   491  1.96400000E+02  1.49236630E+00  1.49142940E+00  1.49236630E+00
   492  1.96800000E+02  1.49236630E+00  1.49142849E+00  1.49236630E+00
   493  1.97200000E+02  1.49236631E+00  1.49142761E+00  1.49236631E+00
   494  1.97600000E+02  1.49236631E+00  1.49142677E+00  1.49236631E+00
   495  1.98000000E+02  1.49236632E+00  1.49142596E+00  1.49236632E+00
   496  1.98400000E+02  1.49236632E+00  1.49142519E+00  1.49236632E+00
   497  1.98800000E+02  1.49236632E+00  1.49142446E+00  1.49236632E+00
   498  1.99200000E+02  1.49236633E+00  1.49142375E+00  1.49236633E+00
   499  1.99600000E+02  1.49236633E+00  1.49142308E+00  1.49236633E+00
   500  2.00000000E+02  1.49236634E+00  1.49142244E+00  1.49236634E+00
   501  2.00400000E+02  1.49236634E+00  1.49142183E+00  1.49236634E+00
   502  2.00800000E+02  1.49236634E+00  1.49142124E+00  1.49236634E+00
   503  2.01200000E+02  1.49236635E+00  1.49142068E+00  1.49236635E+00
   504  2.01600000E+02  1.49236635E+00  1.49142015E+00  1.49236635E+00
   505  2.02000000E+02  1.49236635E+00  1.49141964E+00  1.49236635E+00
   506  2.02400000E+02  1.49236636E+00  1.49141916E+00  1.49236636E+00
   507  2.02800000E+02  1.49236636E+00  1.49141870E+00  1.49236636E+00
   508  2.03200000E+02  1.49236636E+00  1.49141826E+00  1.49236636E+00
   509  2.03600000E+02  1.49236637E+00  1.49141785E+00  1.49236637E+00
   510  2.04000000E+02  1.49236637E+00  1.49141745E+00  1.49236637E+00
   511  2.04400000E+02  1.49236637E+00  1.49141707E+00  1.49236637E+00
   512  2.04800000E+02  1.49236637E+00  1.49141672E+00  1.49236637E+00
   513  2.05200000E+02  1.49236638E+00  1.49141638E+00  1.49236638E+00
   514  2.05600000E+02  1.49236638E+00  1.49141605E+00  1.49236638E+00
   515  2.06000000E+02  1.49236638E+00  1.49141575E+00  1.49236638E+00
   516  2.06400000E+02  1.49236639E+00  1.49141546E+00  1.49236639E+00
   517  2.06800000E+02  1.49236639E+00  1.49141518E+00  1.49236639E+00
   518  2.07200000E+02  1.49236639E+00  1.49141492E+00  1.49236639E+00
   519  2.07600000E+02  1.49236639E+00  1.49141468E+00  1.49236639E+00
   520  2.08000000E+02  1.49236639E+00  1.49141444E+00  1.49236639E+00
   521  2.08400000E+02  1.49236640E+00  1.49141422E+00  1.49236640E+00
   522  2.08800000E+02  1.49236640E+00  1.49141401E+00  1.49236640E+00
   523  2.09200000E+02  1.49236640E+00  1.49141382E+00  1.49236640E+00
   524  2.09600000E+02  1.49236640E+00  1.49141363E+00  1.49236640E+00
   525  2.10000000E+02  1.49236640E+00  1.49141346E+00  1.49236640E+00
   526  2.10400000E+02  1.49236641E+00  1.49141329E+00  1.49236641E+00
   527  2.10800000E+02  1.49236641E+00  1.49141314E+00  1.49236641E+00
   528  2.11200000E+02  1.49236641E+00  1.49141299E+00  1.49236641E+00
   529  2.11600000E+02  1.49236641E+00  1.49141285E+00  1.49236641E+00
   530  2.12000000E+02  1.49236641E+00  1.49141272E+00  1.49236641E+00
   531  2.12400000E+02  1.49236641E+00  1.49141260E+00  1.49236641E+00
   532  2.12800000E+02  1.49236641E+00  1.49141249E+00  1.49236641E+00
   533  2.13200000E+02  1.49236642E+00  1.49141238E+00  1.49236642E+00
   534  2.13600000E+02  1.49236642E+00  1.49141228E+00  1.49236642E+00
   535  2.14000000E+02  1.49236642E+00  1.49141218E+00  1.49236642E+00
   536  2.14400000E+02  1.49236642E+00  1.49141210E+00  1.49236642E+00
   537  2.14800000E+02  1.49236642E+00  1.49141201E+00  1.49236642E+00
   538  2.15200000E+02  1.49236642E+00  1.49141194E+00  1.49236642E+00
   539  2.15600000E+02  1.49236642E+00  1.49141187E+00  1.49236642E+00
   540  2.16000000E+02  1.49236642E+00  1.49141180E+00  1.49236642E+00
   541  2.16400000E+02  1.49236642E+00  1.49141174E+00  1.49236642E+00
   542  2.16800000E+02  1.49236643E+00  1.49141168E+00  1.49236643E+00
   543  2.17200000E+02  1.49236643E+00  1.49141163E+00  1.49236643E+00
   544  2.17600000E+02  1.49236643E+00  1.49141158E+00  1.49236643E+00
   545  2.18000000E+02  1.49236643E+00  1.49141153E+00  1.49236643E+00
   546  2.18400000E+02  1.49236643E+00  1.49141149E+00  1.49236643E+00
   547  2.18800000E+02  1.49236643E+00  1.49141145E+00  1.49236643E+00
   548  2.19200000E+02  1.49236643E+00  1.49141141E+00  1.49236643E+00
   549  2.19600000E+02  1.49236643E+00  1.49141138E+00  1.49236643E+00
   550  2.20000000E+02  1.49236643E+00  1.49141135E+00  1.49236643E+00
   551  2.20400000E+02  1.49236643E+00  1.49141132E+00  1.49236643E+00
   552  2.20800000E+02  1.49236643E+00  1.49141130E+00  1.49236643E+00
   553  2.21200000E+02  1.49236643E+00  1.49141127E+00  1.49236643E+00
   554  2.21600000E+02  1.49236643E+00  1.49141125E+00  1.49236643E+00
   555  2.22000000E+02  1.49236643E+00  1.49141123E+00  1.49236643E+00
   556  2.22400000E+02  1.49236643E+00  1.49141121E+00  1.49236643E+00
   557  2.22800000E+02  1.49236644E+00  1.49141120E+00  1.49236644E+00
   558  2.23200000E+02  1.49236644E+00  1.49141119E+00  1.49236644E+00
   559  2.23600000E+02  1.49236644E+00  1.49141117E+00  1.49236644E+00
   560  2.24000000E+02  1.49236644E+00  1.49141116E+00  1.49236644E+00
   561  2.24400000E+02  1.49236644E+00  1.49141115E+00  1.49236644E+00
   562  2.24800000E+02  1.49236644E+00  1.49141114E+00  1.49236644E+00
   563  2.25200000E+02  1.49236644E+00  1.49141114E+00  1.49236644E+00
   564  2.25600000E+02  1.49236644E+00  1.49141113E+00  1.49236644E+00
   565  2.26000000E+02  1.49236644E+00  1.49141113E+00  1.49236644E+00
   566  2.26400000E+02  1.49236644E+00  1.49141112E+00  1.49236644E+00
   567  2.26800000E+02  1.49236644E+00  1.49141112E+00  1.49236644E+00
   568  2.27200000E+02  1.49236644E+00  1.49141112E+00  1.49236644E+00
   569  2.27600000E+02  1.49236644E+00  1.49141112E+00  1.49236644E+00
   570  2.28000000E+02  1.49236644E+00  1.49141111E+00  1.49236644E+00
   571  2.28400000E+02  1.49236644E+00  1.49141111E+00  1.49236644E+00
   572  2.28800000E+02  1.49236644E+00  1.49141111E+00  1.49236644E+00
   573  2.29200000E+02  1.49236644E+00  1.49141111E+00  1.49236644E+00
   574  2.29600000E+02  1.49236644E+00  1.49141112E+00  1.49236644E+00
   575  2.30000000E+02  1.49236644E+00  1.49141112E+00  1.49236644E+00
   576  2.30400000E+02  1.49236644E+00  1.49141112E+00  1.49236644E+00
   577  2.30800000E+02  1.49236644E+00  1.49141112E+00  1.49236644E+00
   578  2.31200000E+02  1.49236644E+00  1.49141112E+00  1.49236644E+00
   579  2.31600000E+02  1.49236644E+00  1.49141113E+00  1.49236644E+00
   580  2.32000000E+02  1.49236644E+00  1.49141113E+00  1.49236644E+00
   581  2.32400000E+02  1.49236644E+00  1.49141113E+00  1.49236644E+00
   582  2.32800000E+02  1.49236644E+00  1.49141114E+00  1.49236644E+00
   583  2.33200000E+02  1.49236644E+00  1.49141114E+00  1.49236644E+00
   584  2.33600000E+02  1.49236644E+00  1.49141114E+00  1.49236644E+00
   585  2.34000000E+02  1.49236644E+00  1.49141115E+00  1.49236644E+00
   586  2.34400000E+02  1.49236644E+00  1.49141115E+00  1.49236644E+00
   587  2.34800000E+02  1.49236644E+00  1.49141116E+00  1.49236644E+00
   588  2.35200000E+02  1.49236644E+00  1.49141116E+00  1.49236644E+00
   589  2.35600000E+02  1.49236644E+00  1.49141116E+00  1.49236644E+00
   590  2.36000000E+02  1.49236644E+00  1.49141117E+00  1.49236644E+00
   591  2.36400000E+02  1.49236644E+00  1.49141117E+00  1.49236644E+00
   592  2.36800000E+02  1.49236644E+00  1.49141118E+00  1.49236644E+00
   593  2.37200000E+02  1.49236644E+00  1.49141118E+00  1.49236644E+00
   594  2.37600000E+02  1.49236644E+00  1.49141119E+00  1.49236644E+00
   595  2.38000000E+02  1.49236644E+00  1.49141119E+00  1.49236644E+00
   596  2.38400000E+02  1.49236644E+00  1.49141120E+00  1.49236644E+00
   597  2.38800000E+02  1.49236644E+00  1.49141120E+00  1.49236644E+00
   598  2.39200000E+02  1.49236644E+00  1.49141120E+00  1.49236644E+00
   599  2.39600000E+02  1.49236644E+00  1.49141121E+00  1.49236644E+00
   600  2.40000000E+02  1.49236644E+00  1.49141121E+00  1.49236644E+00
   601  2.40400000E+02  1.49236644E+00  1.49141122E+00  1.49236644E+00
   602  2.40800000E+02  1.49236644E+00  1.49141122E+00  1.49236644E+00
   603  2.41200000E+02  1.49236644E+00  1.49141122E+00  1.49236644E+00
   604  2.41600000E+02  1.49236644E+00  1.49141123E+00  1.49236644E+00
   605  2.42000000E+02  1.49236644E+00  1.49141123E+00  1.49236644E+00
   606  2.42400000E+02  1.49236644E+00  1.49141124E+00  1.49236644E+00
   607  2.42800000E+02  1.49236644E+00  1.49141124E+00  1.49236644E+00
   608  2.43200000E+02  1.49236644E+00  1.49141124E+00  1.49236644E+00
   609  2.43600000E+02  1.49236644E+00  1.49141125E+00  1.49236644E+00
   610  2.44000000E+02  1.49236644E+00  1.49141125E+00  1.49236644E+00
   611  2.44400000E+02  1.49236644E+00  1.49141125E+00  1.49236644E+00
   612  2.44800000E+02  1.49236644E+00  1.49141126E+00  1.49236644E+00
   613  2.45200000E+02  1.49236644E+00  1.49141126E+00  1.49236644E+00
   614  2.45600000E+02  1.49236644E+00  1.49141126E+00  1.49236644E+00
   615  2.46000000E+02  1.49236644E+00  1.49141127E+00  1.49236644E+00
   616  2.46400000E+02  1.49236644E+00  1.49141127E+00  1.49236644E+00
   617  2.46800000E+02  1.49236644E+00  1.49141127E+00  1.49236644E+00
   618  2.47200000E+02  1.49236644E+00  1.49141127E+00  1.49236644E+00
   619  2.47600000E+02  1.49236644E+00  1.49141128E+00  1.49236644E+00
   620  2.48000000E+02  1.49236644E+00  1.49141128E+00  1.49236644E+00
   621  2.48400000E+02  1.49236644E+00  1.49141128E+00  1.49236644E+00
   622  2.48800000E+02  1.49236644E+00  1.49141128E+00  1.49236644E+00
   623  2.49200000E+02  1.49236644E+00  1.49141129E+00  1.49236644E+00
   624  2.49600000E+02  1.49236644E+00  1.49141129E+00  1.49236644E+00
   625  2.50000000E+02  1.49236644E+00  1.49141129E+00  1.49236644E+00
   626  2.50400000E+02  1.49236644E+00  1.49141129E+00  1.49236644E+00
   627  2.50800000E+02  1.49236644E+00  1.49141129E+00  1.49236644E+00
   628  2.51200000E+02  1.49236644E+00  1.49141130E+00  1.49236644E+00
   629  2.51600000E+02  1.49236644E+00  1.49141130E+00  1.49236644E+00
   630  2.52000000E+02  1.49236644E+00  1.49141130E+00  1.49236644E+00
   631  2.52400000E+02  1.49236644E+00  1.49141130E+00  1.49236644E+00
   632  2.52800000E+02  1.49236644E+00  1.49141130E+00  1.49236644E+00
   633  2.53200000E+02  1.49236644E+00  1.49141130E+00  1.49236644E+00
   634  2.53600000E+02  1.49236644E+00  1.49141131E+00  1.49236644E+00
   635  2.54000000E+02  1.49236644E+00  1.49141131E+00  1.49236644E+00
   636  2.54400000E+02  1.49236644E+00  1.49141131E+00  1.49236644E+00
   637  2.54800000E+02  1.49236644E+00  1.49141131E+00  1.49236644E+00
   638  2.55200000E+02  1.49236644E+00  1.49141131E+00  1.49236644E+00
   639  2.55600000E+02  1.49236644E+00  1.49141131E+00  1.49236644E+00
   640  2.56000000E+02  1.49236644E+00  1.49141131E+00  1.49236644E+00
   641  2.56400000E+02  1.49236644E+00  1.49141132E+00  1.49236644E+00
   642  2.56800000E+02  1.49236644E+00  1.49141132E+00  1.49236644E+00
   643  2.57200000E+02  1.49236644E+00  1.49141132E+00  1.49236644E+00
   644  2.57600000E+02  1.49236644E+00  1.49141132E+00  1.49236644E+00
   645  2.58000000E+02  1.49236644E+00  1.49141132E+00  1.49236644E+00
   646  2.58400000E+02  1.49236644E+00  1.49141132E+00  1.49236644E+00
   647  2.58800000E+02  1.49236644E+00  1.49141132E+00  1.49236644E+00
   648  2.59200000E+02  1.49236644E+00  1.49141132E+00  1.49236644E+00
   649  2.59600000E+02  1.49236644E+00  1.49141132E+00  1.49236644E+00
   650  2.60000000E+02  1.49236644E+00  1.49141132E+00  1.49236644E+00
   651  2.60400000E+02  1.49236644E+00  1.49141132E+00  1.49236644E+00
   652  2.60800000E+02  1.49236644E+00  1.49141133E+00  1.49236644E+00
   653  2.61200000E+02  1.49236644E+00  1.49141133E+00  1.49236644E+00
   654  2.61600000E+02  1.49236644E+00  1.49141133E+00  1.49236644E+00
   655  2.62000000E+02  1.49236644E+00  1.49141133E+00  1.49236644E+00
   656  2.62400000E+02  1.49236644E+00  1.49141133E+00  1.49236644E+00
   657  2.62800000E+02  1.49236644E+00  1.49141133E+00  1.49236644E+00
   658  2.63200000E+02  1.49236644E+00  1.49141133E+00  1.49236644E+00
   659  2.63600000E+02  1.49236644E+00  1.49141133E+00  1.49236644E+00
   660  2.64000000E+02  1.49236644E+00  1.49141133E+00  1.49236644E+00
   661  2.64400000E+02  1.49236644E+00  1.49141133E+00  1.49236644E+00
   662  2.64800000E+02  1.49236644E+00  1.49141133E+00  1.49236644E+00
   663  2.65200000E+02  1.49236644E+00  1.49141133E+00  1.49236644E+00
   664  2.65600000E+02  1.49236644E+00  1.49141133E+00  1.49236644E+00
   665  2.66000000E+02  1.49236644E+00  1.49141133E+00  1.49236644E+00
   666  2.66400000E+02  1.49236644E+00  1.49141133E+00  1.49236644E+00
   667  2.66800000E+02  1.49236644E+00  1.49141133E+00  1.49236644E+00
   668  2.67200000E+02  1.49236644E+00  1.49141133E+00  1.49236644E+00
   669  2.67600000E+02  1.49236644E+00  1.49141133E+00  1.49236644E+00
   670  2.68000000E+02  1.49236644E+00  1.49141133E+00  1.49236644E+00
   671  2.68400000E+02  1.49236644E+00  1.49141133E+00  1.49236644E+00
   672  2.68800000E+02  1.49236644E+00  1.49141133E+00  1.49236644E+00
   673  2.69200000E+02  1.49236644E+00  1.49141133E+00  1.49236644E+00
   674  2.69600000E+02  1.49236644E+00  1.49141133E+00  1.49236644E+00
   675  2.70000000E+02  1.49236644E+00  1.49141133E+00  1.49236644E+00
   676  2.70400000E+02  1.49236644E+00  1.49141133E+00  1.49236644E+00
   677  2.70800000E+02  1.49236644E+00  1.49141133E+00  1.49236644E+00
   678  2.71200000E+02  1.49236644E+00  1.49141134E+00  1.49236644E+00
   679  2.71600000E+02  1.49236644E+00  1.49141134E+00  1.49236644E+00
   680  2.72000000E+02  1.49236644E+00  1.49141134E+00  1.49236644E+00
   681  2.72400000E+02  1.49236644E+00  1.49141134E+00  1.49236644E+00
   682  2.72800000E+02  1.49236644E+00  1.49141134E+00  1.49236644E+00
   683  2.73200000E+02  1.49236644E+00  1.49141134E+00  1.49236644E+00
   684  2.73600000E+02  1.49236644E+00  1.49141134E+00  1.49236644E+00
   685  2.74000000E+02  1.49236644E+00  1.49141134E+00  1.49236644E+00
   686  2.74400000E+02  1.49236644E+00  1.49141134E+00  1.49236644E+00
   687  2.74800000E+02  1.49236644E+00  1.49141134E+00  1.49236644E+00
   688  2.75200000E+02  1.49236644E+00  1.49141134E+00  1.49236644E+00
   689  2.75600000E+02  1.49236644E+00  1.49141134E+00  1.49236644E+00
   690  2.76000000E+02  1.49236644E+00  1.49141134E+00  1.49236644E+00
   691  2.76400000E+02  1.49236644E+00  1.49141134E+00  1.49236644E+00
   692  2.76800000E+02  1.49236644E+00  1.49141134E+00  1.49236644E+00
   693  2.77200000E+02  1.49236644E+00  1.49141134E+00  1.49236644E+00
   694  2.77600000E+02  1.49236644E+00  1.49141134E+00  1.49236644E+00
   695  2.78000000E+02  1.49236644E+00  1.49141134E+00  1.49236644E+00
   696  2.78400000E+02  1.49236644E+00  1.49141134E+00  1.49236644E+00
   697  2.78800000E+02  1.49236644E+00  1.49141134E+00  1.49236644E+00
   698  2.79200000E+02  1.49236644E+00  1.49141134E+00  1.49236644E+00
   699  2.79600000E+02  1.49236644E+00  1.49141134E+00  1.49236644E+00
   700  2.80000000E+02  1.49236644E+00  1.49141134E+00  1.49236644E+00
   701  2.80400000E+02  1.49236644E+00  1.49141134E+00  1.49236644E+00
   702  2.80800000E+02  1.49236644E+00  1.49141134E+00  1.49236644E+00
   703  2.81200000E+02  1.49236644E+00  1.49141134E+00  1.49236644E+00
   704  2.81600000E+02  1.49236644E+00  1.49141134E+00  1.49236644E+00
   705  2.82000000E+02  1.49236644E+00  1.49141134E+00  1.49236644E+00
   706  2.82400000E+02  1.49236644E+00  1.49141134E+00  1.49236644E+00
   707  2.82800000E+02  1.49236644E+00  1.49141134E+00  1.49236644E+00
   708  2.83200000E+02  1.49236644E+00  1.49141134E+00  1.49236644E+00
   709  2.83600000E+02  1.49236644E+00  1.49141134E+00  1.49236644E+00
   710  2.84000000E+02  1.49236644E+00  1.49141134E+00  1.49236644E+00
   711  2.84400000E+02  1.49236644E+00  1.49141134E+00  1.49236644E+00
   712  2.84800000E+02  1.49236644E+00  1.49141134E+00  1.49236644E+00
   713  2.85200000E+02  1.49236644E+00  1.49141134E+00  1.49236644E+00
   714  2.85600000E+02  1.49236644E+00  1.49141134E+00  1.49236644E+00
   715  2.86000000E+02  1.49236644E+00  1.49141134E+00  1.49236644E+00
   716  2.86400000E+02  1.49236644E+00  1.49141134E+00  1.49236644E+00
   717  2.86800000E+02  1.49236644E+00  1.49141134E+00  1.49236644E+00
   718  2.87200000E+02  1.49236644E+00  1.49141134E+00  1.49236644E+00
   719  2.87600000E+02  1.49236644E+00  1.49141134E+00  1.49236644E+00
   720  2.88000000E+02  1.49236644E+00  1.49141134E+00  1.49236644E+00
   721  2.88400000E+02  1.49236644E+00  1.49141134E+00  1.49236644E+00
   722  2.88800000E+02  1.49236644E+00  1.49141134E+00  1.49236644E+00
   723  2.89200000E+02  1.49236644E+00  1.49141134E+00  1.49236644E+00
   724  2.89600000E+02  1.49236644E+00  1.49141134E+00  1.49236644E+00
   725  2.90000000E+02  1.49236644E+00  1.49141134E+00  1.49236644E+00
   726  2.90400000E+02  1.49236644E+00  1.49141134E+00  1.49236644E+00
   727  2.90800000E+02  1.49236644E+00  1.49141134E+00  1.49236644E+00
   728  2.91200000E+02  1.49236644E+00  1.49141134E+00  1.49236644E+00
   729  2.91600000E+02  1.49236644E+00  1.49141134E+00  1.49236644E+00
   730  2.92000000E+02  1.49236644E+00  1.49141134E+00  1.49236644E+00
   731  2.92400000E+02  1.49236644E+00  1.49141134E+00  1.49236644E+00
   732  2.92800000E+02  1.49236644E+00  1.49141134E+00  1.49236644E+00
   733  2.93200000E+02  1.49236644E+00  1.49141134E+00  1.49236644E+00
   734  2.93600000E+02  1.49236644E+00  1.49141134E+00  1.49236644E+00
   735  2.94000000E+02  1.49236644E+00  1.49141134E+00  1.49236644E+00
   736  2.94400000E+02  1.49236644E+00  1.49141134E+00  1.49236644E+00
   737  2.94800000E+02  1.49236644E+00  1.49141134E+00  1.49236644E+00
   738  2.95200000E+02  1.49236644E+00  1.49141134E+00  1.49236644E+00
   739  2.95600000E+02  1.49236644E+00  1.49141134E+00  1.49236644E+00
   740  2.96000000E+02  1.49236644E+00  1.49141134E+00  1.49236644E+00
   741  2.96400000E+02  1.49236644E+00  1.49141134E+00  1.49236644E+00
   742  2.96800000E+02  1.49236644E+00  1.49141134E+00  1.49236644E+00
   743  2.97200000E+02  1.49236644E+00  1.49141134E+00  1.49236644E+00
   744  2.97600000E+02  1.49236644E+00  1.49141134E+00  1.49236644E+00
   745  2.98000000E+02  1.49236644E+00  1.49141134E+00  1.49236644E+00
   746  2.98400000E+02  1.49236644E+00  1.49141134E+00  1.49236644E+00
   747  2.98800000E+02  1.49236644E+00  1.49141134E+00  1.49236644E+00
   748  2.99200000E+02  1.49236644E+00  1.49141134E+00  1.49236644E+00
   749  2.99600000E+02  1.49236644E+00  1.49141134E+00  1.49236644E+00
   750  3.00000000E+02  1.49236644E+00  1.49141134E+00  1.49236644E+00
   751  3.00400000E+02  1.49236644E+00  1.49141134E+00  1.49236644E+00
   752  3.00800000E+02  1.49236644E+00  1.49141134E+00  1.49236644E+00
   753  3.01200000E+02  1.49236644E+00  1.49141134E+00  1.49236644E+00
   754  3.01600000E+02  1.49236644E+00  1.49141134E+00  1.49236644E+00
   755  3.02000000E+02  1.49236644E+00  1.49141134E+00  1.49236644E+00
   756  3.02400000E+02  1.49236644E+00  1.49141134E+00  1.49236644E+00
   757  3.02800000E+02  1.49236644E+00  1.49141134E+00  1.49236644E+00
   758  3.03200000E+02  1.49236644E+00  1.49141134E+00  1.49236644E+00
   759  3.03600000E+02  1.49236644E+00  1.49141134E+00  1.49236644E+00
   760  3.04000000E+02  1.49236644E+00  1.49141134E+00  1.49236644E+00
   761  3.04400000E+02  1.49236644E+00  1.49141134E+00  1.49236644E+00
   762  3.04800000E+02  1.49236644E+00  1.49141134E+00  1.49236644E+00
   763  3.05200000E+02  1.49236644E+00  1.49141134E+00  1.49236644E+00
   764  3.05600000E+02  1.49236644E+00  1.49141134E+00  1.49236644E+00
   765  3.06000000E+02  1.49236644E+00  1.49141134E+00  1.49236644E+00
   766  3.06400000E+02  1.49236644E+00  1.49141134E+00  1.49236644E+00
   767  3.06800000E+02  1.49236644E+00  1.49141134E+00  1.49236644E+00
   768  3.07200000E+02  1.49236644E+00  1.49141134E+00  1.49236644E+00
   769  3.07600000E+02  1.49236644E+00  1.49141134E+00  1.49236644E+00
   770  3.08000000E+02  1.49236644E+00  1.49141134E+00  1.49236644E+00
   771  3.08400000E+02  1.49236644E+00  1.49141134E+00  1.49236644E+00
   772  3.08800000E+02  1.49236644E+00  1.49141134E+00  1.49236644E+00
   773  3.09200000E+02  1.49236644E+00  1.49141134E+00  1.49236644E+00
   774  3.09600000E+02  1.49236644E+00  1.49141134E+00  1.49236644E+00
   775  3.10000000E+02  1.49236644E+00  1.49141134E+00  1.49236644E+00
   776  3.10400000E+02  1.49236644E+00  1.49141134E+00  1.49236644E+00
   777  3.10800000E+02  1.49236644E+00  1.49141134E+00  1.49236644E+00
   778  3.11200000E+02  1.49236644E+00  1.49141134E+00  1.49236644E+00
   779  3.11600000E+02  1.49236644E+00  1.49141134E+00  1.49236644E+00
   780  3.12000000E+02  1.49236644E+00  1.49141134E+00  1.49236644E+00
   781  3.12400000E+02  1.49236644E+00  1.49141134E+00  1.49236644E+00
   782  3.12800000E+02  1.49236644E+00  1.49141134E+00  1.49236644E+00
   783  3.13200000E+02  1.49236644E+00  1.49141134E+00  1.49236644E+00
   784  3.13600000E+02  1.49236644E+00  1.49141134E+00  1.49236644E+00
   785  3.14000000E+02  1.49236644E+00  1.49141134E+00  1.49236644E+00
   786  3.14400000E+02  1.49236644E+00  1.49141134E+00  1.49236644E+00
   787  3.14800000E+02  1.49236644E+00  1.49141134E+00  1.49236644E+00
   788  3.15200000E+02  1.49236644E+00  1.49141134E+00  1.49236644E+00
   789  3.15600000E+02  1.49236644E+00  1.49141134E+00  1.49236644E+00
   790  3.16000000E+02  1.49236644E+00  1.49141134E+00  1.49236644E+00
   791  3.16400000E+02  1.49236644E+00  1.49141134E+00  1.49236644E+00
   792  3.16800000E+02  1.49236644E+00  1.49141134E+00  1.49236644E+00
   793  3.17200000E+02  1.49236644E+00  1.49141134E+00  1.49236644E+00
   794  3.17600000E+02  1.49236644E+00  1.49141134E+00  1.49236644E+00
   795  3.18000000E+02  1.49236644E+00  1.49141134E+00  1.49236644E+00
   796  3.18400000E+02  1.49236644E+00  1.49141134E+00  1.49236644E+00
   797  3.18800000E+02  1.49236644E+00  1.49141134E+00  1.49236644E+00
   798  3.19200000E+02  1.49236644E+00  1.49141134E+00  1.49236644E+00
   799  3.19600000E+02  1.49236644E+00  1.49141134E+00  1.49236644E+00
   800  3.20000000E+02  1.49236644E+00  1.49141134E+00  1.49236644E+00
   801  3.20400000E+02  1.49236644E+00  1.49141134E+00  1.49236644E+00
   802  3.20800000E+02  1.49236644E+00  1.49141134E+00  1.49236644E+00
   803  3.21200000E+02  1.49236644E+00  1.49141134E+00  1.49236644E+00
   804  3.21600000E+02  1.49236644E+00  1.49141134E+00  1.49236644E+00
   805  3.22000000E+02  1.49236644E+00  1.49141134E+00  1.49236644E+00
   806  3.22400000E+02  1.49236644E+00  1.49141134E+00  1.49236644E+00
   807  3.22800000E+02  1.49236644E+00  1.49141134E+00  1.49236644E+00
   808  3.23200000E+02  1.49236644E+00  1.49141134E+00  1.49236644E+00
   809  3.23600000E+02  1.49236644E+00  1.49141134E+00  1.49236644E+00
   810  3.24000000E+02  1.49236644E+00  1.49141134E+00  1.49236644E+00
   811  3.24400000E+02  1.49236644E+00  1.49141134E+00  1.49236644E+00
   812  3.24800000E+02  1.49236644E+00  1.49141134E+00  1.49236644E+00
   813  3.25200000E+02  1.49236644E+00  1.49141134E+00  1.49236644E+00
   814  3.25600000E+02  1.49236644E+00  1.49141134E+00  1.49236644E+00
   815  3.26000000E+02  1.49236644E+00  1.49141134E+00  1.49236644E+00
   816  3.26400000E+02  1.49236644E+00  1.49141134E+00  1.49236644E+00
   817  3.26800000E+02  1.49236644E+00  1.49141134E+00  1.49236644E+00
   818  3.27200000E+02  1.49236644E+00  1.49141134E+00  1.49236644E+00
   819  3.27600000E+02  1.49236644E+00  1.49141134E+00  1.49236644E+00
   820  3.28000000E+02  1.49236644E+00  1.49141134E+00  1.49236644E+00
   821  3.28400000E+02  1.49236644E+00  1.49141134E+00  1.49236644E+00
   822  3.28800000E+02  1.49236644E+00  1.49141134E+00  1.49236644E+00
   823  3.29200000E+02  1.49236644E+00  1.49141134E+00  1.49236644E+00
   824  3.29600000E+02  1.49236644E+00  1.49141134E+00  1.49236644E+00
   825  3.30000000E+02  1.49236644E+00  1.49141134E+00  1.49236644E+00
   826  3.30400000E+02  1.49236644E+00  1.49141134E+00  1.49236644E+00
   827  3.30800000E+02  1.49236644E+00  1.49141134E+00  1.49236644E+00
   828  3.31200000E+02  1.49236644E+00  1.49141134E+00  1.49236644E+00
   829  3.31600000E+02  1.49236644E+00  1.49141134E+00  1.49236644E+00
   830  3.32000000E+02  1.49236644E+00  1.49141134E+00  1.49236644E+00
   831  3.32400000E+02  1.49236644E+00  1.49141134E+00  1.49236644E+00
   832  3.32800000E+02  1.49236644E+00  1.49141134E+00  1.49236644E+00
   833  3.33200000E+02  1.49236644E+00  1.49141134E+00  1.49236644E+00
   834  3.33600000E+02  1.49236644E+00  1.49141134E+00  1.49236644E+00
   835  3.34000000E+02  1.49236644E+00  1.49141134E+00  1.49236644E+00
   836  3.34400000E+02  1.49236644E+00  1.49141134E+00  1.49236644E+00
   837  3.34800000E+02  1.49236644E+00  1.49141134E+00  1.49236644E+00
   838  3.35200000E+02  1.49236644E+00  1.49141134E+00  1.49236644E+00
   839  3.35600000E+02  1.49236644E+00  1.49141134E+00  1.49236644E+00
   840  3.36000000E+02  1.49236644E+00  1.49141134E+00  1.49236644E+00
   841  3.36400000E+02  1.49236644E+00  1.49141134E+00  1.49236644E+00
   842  3.36800000E+02  1.49236644E+00  1.49141134E+00  1.49236644E+00
   843  3.37200000E+02  1.49236644E+00  1.49141134E+00  1.49236644E+00
   844  3.37600000E+02  1.49236644E+00  1.49141134E+00  1.49236644E+00
   845  3.38000000E+02  1.49236644E+00  1.49141134E+00  1.49236644E+00
   846  3.38400000E+02  1.49236644E+00  1.49141134E+00  1.49236644E+00
   847  3.38800000E+02  1.49236644E+00  1.49141134E+00  1.49236644E+00
   848  3.39200000E+02  1.49236644E+00  1.49141134E+00  1.49236644E+00
   849  3.39600000E+02  1.49236644E+00  1.49141134E+00  1.49236644E+00
   850  3.40000000E+02  1.49236644E+00  1.49141134E+00  1.49236644E+00
   851  3.40400000E+02  1.49236644E+00  1.49141134E+00  1.49236644E+00
   852  3.40800000E+02  1.49236644E+00  1.49141134E+00  1.49236644E+00
   853  3.41200000E+02  1.49236644E+00  1.49141134E+00  1.49236644E+00
   854  3.41600000E+02  1.49236644E+00  1.49141134E+00  1.49236644E+00
   855  3.42000000E+02  1.49236644E+00  1.49141134E+00  1.49236644E+00
   856  3.42400000E+02  1.49236644E+00  1.49141134E+00  1.49236644E+00
   857  3.42800000E+02  1.49236644E+00  1.49141134E+00  1.49236644E+00
   858  3.43200000E+02  1.49236644E+00  1.49141134E+00  1.49236644E+00
   859  3.43600000E+02  1.49236644E+00  1.49141134E+00  1.49236644E+00
   860  3.44000000E+02  1.49236644E+00  1.49141134E+00  1.49236644E+00
   861  3.44400000E+02  1.49236644E+00  1.49141134E+00  1.49236644E+00
   862  3.44800000E+02  1.49236644E+00  1.49141134E+00  1.49236644E+00
   863  3.45200000E+02  1.49236644E+00  1.49141134E+00  1.49236644E+00
   864  3.45600000E+02  1.49236644E+00  1.49141134E+00  1.49236644E+00
   865  3.46000000E+02  1.49236644E+00  1.49141134E+00  1.49236644E+00
   866  3.46400000E+02  1.49236644E+00  1.49141134E+00  1.49236644E+00
   867  3.46800000E+02  1.49236644E+00  1.49141134E+00  1.49236644E+00
   868  3.47200000E+02  1.49236644E+00  1.49141134E+00  1.49236644E+00
   869  3.47600000E+02  1.49236644E+00  1.49141134E+00  1.49236644E+00
   870  3.48000000E+02  1.49236644E+00  1.49141134E+00  1.49236644E+00
   871  3.48400000E+02  1.49236644E+00  1.49141134E+00  1.49236644E+00
   872  3.48800000E+02  1.49236644E+00  1.49141134E+00  1.49236644E+00
   873  3.49200000E+02  1.49236644E+00  1.49141134E+00  1.49236644E+00
   874  3.49600000E+02  1.49236644E+00  1.49141134E+00  1.49236644E+00
   875  3.50000000E+02  1.49236644E+00  1.49141134E+00  1.49236644E+00
   876  3.50400000E+02  1.49236644E+00  1.49141134E+00  1.49236644E+00
   877  3.50800000E+02  1.49236644E+00  1.49141134E+00  1.49236644E+00
   878  3.51200000E+02  1.49236644E+00  1.49141134E+00  1.49236644E+00
   879  3.51600000E+02  1.49236644E+00  1.49141134E+00  1.49236644E+00
   880  3.52000000E+02  1.49236644E+00  1.49141134E+00  1.49236644E+00
   881  3.52400000E+02  1.49236644E+00  1.49141134E+00  1.49236644E+00
   882  3.52800000E+02  1.49236644E+00  1.49141134E+00  1.49236644E+00
   883  3.53200000E+02  1.49236644E+00  1.49141134E+00  1.49236644E+00
   884  3.53600000E+02  1.49236644E+00  1.49141134E+00  1.49236644E+00
   885  3.54000000E+02  1.49236644E+00  1.49141134E+00  1.49236644E+00
   886  3.54400000E+02  1.49236644E+00  1.49141134E+00  1.49236644E+00
   887  3.54800000E+02  1.49236644E+00  1.49141134E+00  1.49236644E+00
   888  3.55200000E+02  1.49236644E+00  1.49141134E+00  1.49236644E+00
   889  3.55600000E+02  1.49236644E+00  1.49141134E+00  1.49236644E+00
   890  3.56000000E+02  1.49236644E+00  1.49141134E+00  1.49236644E+00
   891  3.56400000E+02  1.49236644E+00  1.49141134E+00  1.49236644E+00
   892  3.56800000E+02  1.49236644E+00  1.49141134E+00  1.49236644E+00
   893  3.57200000E+02  1.49236644E+00  1.49141134E+00  1.49236644E+00
   894  3.57600000E+02  1.49236644E+00  1.49141134E+00  1.49236644E+00
   895  3.58000000E+02  1.49236644E+00  1.49141134E+00  1.49236644E+00
   896  3.58400000E+02  1.49236644E+00  1.49141134E+00  1.49236644E+00
   897  3.58800000E+02  1.49236644E+00  1.49141134E+00  1.49236644E+00
   898  3.59200000E+02  1.49236644E+00  1.49141134E+00  1.49236644E+00
   899  3.59600000E+02  1.49236644E+00  1.49141134E+00  1.49236644E+00
   900  3.60000000E+02  1.49236644E+00  1.49141134E+00  1.49236644E+00
   901  3.60400000E+02  1.49236644E+00  1.49141134E+00  1.49236644E+00
   902  3.60800000E+02  1.49236644E+00  1.49141134E+00  1.49236644E+00
   903  3.61200000E+02  1.49236644E+00  1.49141134E+00  1.49236644E+00
   904  3.61600000E+02  1.49236644E+00  1.49141134E+00  1.49236644E+00
   905  3.62000000E+02  1.49236644E+00  1.49141134E+00  1.49236644E+00
   906  3.62400000E+02  1.49236644E+00  1.49141134E+00  1.49236644E+00
   907  3.62800000E+02  1.49236644E+00  1.49141134E+00  1.49236644E+00
   908  3.63200000E+02  1.49236644E+00  1.49141134E+00  1.49236644E+00
   909  3.63600000E+02  1.49236644E+00  1.49141134E+00  1.49236644E+00
   910  3.64000000E+02  1.49236644E+00  1.49141134E+00  1.49236644E+00
   911  3.64400000E+02  1.49236644E+00  1.49141134E+00  1.49236644E+00
   912  3.64800000E+02  1.49236644E+00  1.49141134E+00  1.49236644E+00
   913  3.65200000E+02  1.49236644E+00  1.49141134E+00  1.49236644E+00
   914  3.65600000E+02  1.49236644E+00  1.49141134E+00  1.49236644E+00
   915  3.66000000E+02  1.49236644E+00  1.49141134E+00  1.49236644E+00
   916  3.66400000E+02  1.49236644E+00  1.49141134E+00  1.49236644E+00
   917  3.66800000E+02  1.49236644E+00  1.49141134E+00  1.49236644E+00
   918  3.67200000E+02  1.49236644E+00  1.49141134E+00  1.49236644E+00
   919  3.67600000E+02  1.49236644E+00  1.49141134E+00  1.49236644E+00
   920  3.68000000E+02  1.49236644E+00  1.49141134E+00  1.49236644E+00
   921  3.68400000E+02  1.49236644E+00  1.49141134E+00  1.49236644E+00
   922  3.68800000E+02  1.49236644E+00  1.49141134E+00  1.49236644E+00
   923  3.69200000E+02  1.49236644E+00  1.49141134E+00  1.49236644E+00
   924  3.69600000E+02  1.49236644E+00  1.49141134E+00  1.49236644E+00
   925  3.70000000E+02  1.49236644E+00  1.49141134E+00  1.49236644E+00
   926  3.70400000E+02  1.49236644E+00  1.49141134E+00  1.49236644E+00
   927  3.70800000E+02  1.49236644E+00  1.49141134E+00  1.49236644E+00
   928  3.71200000E+02  1.49236644E+00  1.49141134E+00  1.49236644E+00
   929  3.71600000E+02  1.49236644E+00  1.49141134E+00  1.49236644E+00
   930  3.72000000E+02  1.49236644E+00  1.49141134E+00  1.49236644E+00
   931  3.72400000E+02  1.49236644E+00  1.49141134E+00  1.49236644E+00
   932  3.72800000E+02  1.49236644E+00  1.49141134E+00  1.49236644E+00
   933  3.73200000E+02  1.49236644E+00  1.49141134E+00  1.49236644E+00
   934  3.73600000E+02  1.49236644E+00  1.49141134E+00  1.49236644E+00
   935  3.74000000E+02  1.49236644E+00  1.49141134E+00  1.49236644E+00
   936  3.74400000E+02  1.49236644E+00  1.49141134E+00  1.49236644E+00
   937  3.74800000E+02  1.49236644E+00  1.49141134E+00  1.49236644E+00
   938  3.75200000E+02  1.49236644E+00  1.49141134E+00  1.49236644E+00
   939  3.75600000E+02  1.49236644E+00  1.49141134E+00  1.49236644E+00
   940  3.76000000E+02  1.49236644E+00  1.49141134E+00  1.49236644E+00
   941  3.76400000E+02  1.49236644E+00  1.49141134E+00  1.49236644E+00
   942  3.76800000E+02  1.49236644E+00  1.49141134E+00  1.49236644E+00
   943  3.77200000E+02  1.49236644E+00  1.49141134E+00  1.49236644E+00
   944  3.77600000E+02  1.49236644E+00  1.49141134E+00  1.49236644E+00
   945  3.78000000E+02  1.49236644E+00  1.49141134E+00  1.49236644E+00
   946  3.78400000E+02  1.49236644E+00  1.49141134E+00  1.49236644E+00
   947  3.78800000E+02  1.49236644E+00  1.49141134E+00  1.49236644E+00
   948  3.79200000E+02  1.49236644E+00  1.49141134E+00  1.49236644E+00
   949  3.79600000E+02  1.49236644E+00  1.49141134E+00  1.49236644E+00
   950  3.80000000E+02  1.49236644E+00  1.49141134E+00  1.49236644E+00
   951  3.80400000E+02  1.49236644E+00  1.49141134E+00  1.49236644E+00
   952  3.80800000E+02  1.49236644E+00  1.49141134E+00  1.49236644E+00
   953  3.81200000E+02  1.49236644E+00  1.49141134E+00  1.49236644E+00
   954  3.81600000E+02  1.49236644E+00  1.49141134E+00  1.49236644E+00
   955  3.82000000E+02  1.49236644E+00  1.49141134E+00  1.49236644E+00
   956  3.82400000E+02  1.49236644E+00  1.49141134E+00  1.49236644E+00
   957  3.82800000E+02  1.49236644E+00  1.49141134E+00  1.49236644E+00
   958  3.83200000E+02  1.49236644E+00  1.49141134E+00  1.49236644E+00
   959  3.83600000E+02  1.49236644E+00  1.49141134E+00  1.49236644E+00
   960  3.84000000E+02  1.49236644E+00  1.49141134E+00  1.49236644E+00
   961  3.84400000E+02  1.49236644E+00  1.49141134E+00  1.49236644E+00
   962  3.84800000E+02  1.49236644E+00  1.49141134E+00  1.49236644E+00
   963  3.85200000E+02  1.49236644E+00  1.49141134E+00  1.49236644E+00
   964  3.85600000E+02  1.49236644E+00  1.49141134E+00  1.49236644E+00
   965  3.86000000E+02  1.49236644E+00  1.49141134E+00  1.49236644E+00
   966  3.86400000E+02  1.49236644E+00  1.49141134E+00  1.49236644E+00
   967  3.86800000E+02  1.49236644E+00  1.49141134E+00  1.49236644E+00
   968  3.87200000E+02  1.49236644E+00  1.49141134E+00  1.49236644E+00
   969  3.87600000E+02  1.49236644E+00  1.49141134E+00  1.49236644E+00
   970  3.88000000E+02  1.49236644E+00  1.49141134E+00  1.49236644E+00
   971  3.88400000E+02  1.49236644E+00  1.49141134E+00  1.49236644E+00
   972  3.88800000E+02  1.49236644E+00  1.49141134E+00  1.49236644E+00
   973  3.89200000E+02  1.49236644E+00  1.49141134E+00  1.49236644E+00
   974  3.89600000E+02  1.49236644E+00  1.49141134E+00  1.49236644E+00
   975  3.90000000E+02  1.49236644E+00  1.49141134E+00  1.49236644E+00
   976  3.90400000E+02  1.49236644E+00  1.49141134E+00  1.49236644E+00
   977  3.90800000E+02  1.49236644E+00  1.49141134E+00  1.49236644E+00
   978  3.91200000E+02  1.49236644E+00  1.49141134E+00  1.49236644E+00
   979  3.91600000E+02  1.49236644E+00  1.49141134E+00  1.49236644E+00
   980  3.92000000E+02  1.49236644E+00  1.49141134E+00  1.49236644E+00
   981  3.92400000E+02  1.49236644E+00  1.49141134E+00  1.49236644E+00
   982  3.92800000E+02  1.49236644E+00  1.49141134E+00  1.49236644E+00
   983  3.93200000E+02  1.49236644E+00  1.49141134E+00  1.49236644E+00
   984  3.93600000E+02  1.49236644E+00  1.49141134E+00  1.49236644E+00
   985  3.94000000E+02  1.49236644E+00  1.49141134E+00  1.49236644E+00
   986  3.94400000E+02  1.49236644E+00  1.49141134E+00  1.49236644E+00
   987  3.94800000E+02  1.49236644E+00  1.49141134E+00  1.49236644E+00
   988  3.95200000E+02  1.49236644E+00  1.49141134E+00  1.49236644E+00
   989  3.95600000E+02  1.49236644E+00  1.49141134E+00  1.49236644E+00
   990  3.96000000E+02  1.49236644E+00  1.49141134E+00  1.49236644E+00
   991  3.96400000E+02  1.49236644E+00  1.49141134E+00  1.49236644E+00
   992  3.96800000E+02  1.49236644E+00  1.49141134E+00  1.49236644E+00
   993  3.97200000E+02  1.49236644E+00  1.49141134E+00  1.49236644E+00
   994  3.97600000E+02  1.49236644E+00  1.49141134E+00  1.49236644E+00
   995  3.98000000E+02  1.49236644E+00  1.49141134E+00  1.49236644E+00
   996  3.98400000E+02  1.49236644E+00  1.49141134E+00  1.49236644E+00
   997  3.98800000E+02  1.49236644E+00  1.49141134E+00  1.49236644E+00
   998  3.99200000E+02  1.49236644E+00  1.49141134E+00  1.49236644E+00
   999  3.99600000E+02  1.49236644E+00  1.49141134E+00  1.49236644E+00
  1000  4.00000000E+02  1.49236644E+00  1.49141134E+00  1.49236644E+00
