 comppar: model =   2
 comppar: lambda,mobility/eps,betav,eta_0 =  5.0000E-01  0.0000E+00  5.0000E-01  1.0000E+00
 comppar: eta_s,eta_p,G =  5.0000E-01  5.0000E-01  1.0000E+00
 comppar: U_avg,deltat,flowrate,nsteps =  1.0000E-01  2.0000E-01  3.1416E-01    2000
 comppar: geometry = axisymmetric
 comppar: steady stop change,gap,hold,min =  1.0000E-07  1.0000E-03       1      80
 comppar: steady stop truncated decimals =       3
 comppar: ncompc,ncompg =     4     5
 mesh nnodes = 5797
 mesh nelem = 2796
 P1 BC   5.0000000000000000     
 P2 BC   0.0000000000000000     
     1  2.00000000E-01  1.00253034E+00  1.00000000E+00  1.00253034E+00
     2  4.00000000E-01  1.00501502E+00  1.00000000E+00  1.00501502E+00
     3  6.00000000E-01  1.00744425E+00  1.00000000E+00  1.00744425E+00
     4  8.00000000E-01  1.00982691E+00  1.00000000E+00  1.00982691E+00
     5  1.00000000E+00  1.01216432E+00  1.00000000E+00  1.01216432E+00
     6  1.20000000E+00  1.01447177E+00  1.00000000E+00  1.01447177E+00
     7  1.40000000E+00  1.01674273E+00  1.00000000E+00  1.01674273E+00
     8  1.60000000E+00  1.01897882E+00  1.00000000E+00  1.01897882E+00
     9  1.80000000E+00  1.02119401E+00  1.00000000E+00  1.02119401E+00
    10  2.00000000E+00  1.02336787E+00  1.00000000E+00  1.02336787E+00
    11  2.20000000E+00  1.02553170E+00  1.00000000E+00  1.02553170E+00
    12  2.40000000E+00  1.02764511E+00  1.00000000E+00  1.02764511E+00
    13  2.60000000E+00  1.02975444E+00  1.00000001E+00  1.02975444E+00
    14  2.80000000E+00  1.03181421E+00  1.00000001E+00  1.03181421E+00
    15  3.00000000E+00  1.03386509E+00  1.00000001E+00  1.03386509E+00
    16  3.20000000E+00  1.03587226E+00  1.00000001E+00  1.03587226E+00
    17  3.40000000E+00  1.03785377E+00  1.00000000E+00  1.03785377E+00
    18  3.60000000E+00  1.03981758E+00  1.00000000E+00  1.03981758E+00
    19  3.80000000E+00  1.04172584E+00  1.00000000E+00  1.04172584E+00
    20  4.00000000E+00  1.04364783E+00  1.00000000E+00  1.04364783E+00
    21  4.20000000E+00  1.04550976E+00  1.00000000E+00  1.04550976E+00
    22  4.40000000E+00  1.04734897E+00  9.99999998E-01  1.04734897E+00
    23  4.60000000E+00  1.04918080E+00  9.99999996E-01  1.04918080E+00
    24  4.80000000E+00  1.05094932E+00  9.99999993E-01  1.05094932E+00
    25  5.00000000E+00  1.05272750E+00  9.99999989E-01  1.05272750E+00
    26  5.20000000E+00  1.05446770E+00  9.99999985E-01  1.05446770E+00
    27  5.40000000E+00  1.05614152E+00  9.99999980E-01  1.05614152E+00
    28  5.60000000E+00  1.05784334E+00  9.99999974E-01  1.05784334E+00
    29  5.80000000E+00  1.05950413E+00  9.99999968E-01  1.05950413E+00
    30  6.00000000E+00  1.06109653E+00  9.99999960E-01  1.06109653E+00
    31  6.20000000E+00  1.06272387E+00  9.99999952E-01  1.06272387E+00
    32  6.40000000E+00  1.06430497E+00  9.99999943E-01  1.06430497E+00
    33  6.60000000E+00  1.06581568E+00  9.99999932E-01  1.06581568E+00
    34  6.80000000E+00  1.06734615E+00  9.99999920E-01  1.06734615E+00
    35  7.00000000E+00  1.06886403E+00  9.99999907E-01  1.06886403E+00
    36  7.20000000E+00  1.07031043E+00  9.99999893E-01  1.07031043E+00
    37  7.40000000E+00  1.07173718E+00  9.99999877E-01  1.07173718E+00
    38  7.60000000E+00  1.07319200E+00  9.99999859E-01  1.07319200E+00
    39  7.80000000E+00  1.07457419E+00  9.99999840E-01  1.07457419E+00
    40  8.00000000E+00  1.07588113E+00  9.99999818E-01  1.07588113E+00
    41  8.20000000E+00  1.07726072E+00  9.99999795E-01  1.07726072E+00
    42  8.40000000E+00  1.07859966E+00  9.99999770E-01  1.07859966E+00
    43  8.60000000E+00  1.07986319E+00  9.99999742E-01  1.07986319E+00
    44  8.80000000E+00  1.08109477E+00  9.99999712E-01  1.08109477E+00
    45  9.00000000E+00  1.08239059E+00  9.99999680E-01  1.08239059E+00
    46  9.20000000E+00  1.08361070E+00  9.99999644E-01  1.08361070E+00
    47  9.40000000E+00  1.08475302E+00  9.99999606E-01  1.08475302E+00
    48  9.60000000E+00  1.08589933E+00  9.99999565E-01  1.08589933E+00
    49  9.80000000E+00  1.08710086E+00  9.99999520E-01  1.08710086E+00
    50  1.00000000E+01  1.08822511E+00  9.99999472E-01  1.08822511E+00
    51  1.02000000E+01  1.08927035E+00  9.99999421E-01  1.08927035E+00
    52  1.04000000E+01  1.09034398E+00  9.99999365E-01  1.09034398E+00
    53  1.06000000E+01  1.09144981E+00  9.99999305E-01  1.09144981E+00
    54  1.08000000E+01  1.09247701E+00  9.99999242E-01  1.09247701E+00
    55  1.10000000E+01  1.09342432E+00  9.99999173E-01  1.09342432E+00
    56  1.12000000E+01  1.09437614E+00  9.99999100E-01  1.09437614E+00
    57  1.14000000E+01  1.09540839E+00  9.99999021E-01  1.09540839E+00
    58  1.16000000E+01  1.09636157E+00  9.99998937E-01  1.09636157E+00
    59  1.18000000E+01  1.09723485E+00  9.99998848E-01  1.09723485E+00
    60  1.20000000E+01  1.09807563E+00  9.99998752E-01  1.09807563E+00
    61  1.22000000E+01  1.09903358E+00  9.99998650E-01  1.09903358E+00
    62  1.24000000E+01  1.09991210E+00  9.99998542E-01  1.09991210E+00
    63  1.26000000E+01  1.10071084E+00  9.99998426E-01  1.10071084E+00
    64  1.28000000E+01  1.10143017E+00  9.99998303E-01  1.10143017E+00
    65  1.30000000E+01  1.10231294E+00  9.99998173E-01  1.10231294E+00
    66  1.32000000E+01  1.10312020E+00  9.99998035E-01  1.10312020E+00
    67  1.34000000E+01  1.10384865E+00  9.99997887E-01  1.10384865E+00
    68  1.36000000E+01  1.10449944E+00  9.99997732E-01  1.10449944E+00
    69  1.38000000E+01  1.10529360E+00  9.99997566E-01  1.10529360E+00
    70  1.40000000E+01  1.10602910E+00  9.99997391E-01  1.10602910E+00
    71  1.42000000E+01  1.10668686E+00  9.99997206E-01  1.10668686E+00
    72  1.44000000E+01  1.10726879E+00  9.99997010E-01  1.10726879E+00
    73  1.46000000E+01  1.10797186E+00  9.99996803E-01  1.10797186E+00
    74  1.48000000E+01  1.10863861E+00  9.99996584E-01  1.10863861E+00
    75  1.50000000E+01  1.10922988E+00  9.99996352E-01  1.10922988E+00
    76  1.52000000E+01  1.10974842E+00  9.99996108E-01  1.10974842E+00
    77  1.54000000E+01  1.11038571E+00  9.99995850E-01  1.11038571E+00
    78  1.56000000E+01  1.11098337E+00  9.99995579E-01  1.11098337E+00
    79  1.58000000E+01  1.11150792E+00  9.99995292E-01  1.11150792E+00
    80  1.60000000E+01  1.11196296E+00  9.99994991E-01  1.11196296E+00
    81  1.62000000E+01  1.11253805E+00  9.99994673E-01  1.11253805E+00
    82  1.64000000E+01  1.11307174E+00  9.99994339E-01  1.11307174E+00
    83  1.66000000E+01  1.11353583E+00  9.99993988E-01  1.11353583E+00
    84  1.68000000E+01  1.11393457E+00  9.99993618E-01  1.11393457E+00
    85  1.70000000E+01  1.11445935E+00  9.99993230E-01  1.11445935E+00
    86  1.72000000E+01  1.11492898E+00  9.99992822E-01  1.11492898E+00
    87  1.74000000E+01  1.11533273E+00  9.99992393E-01  1.11533273E+00
    88  1.76000000E+01  1.11568418E+00  9.99991944E-01  1.11568418E+00
    89  1.78000000E+01  1.11616277E+00  9.99991473E-01  1.11616277E+00
    90  1.80000000E+01  1.11657520E+00  9.99990979E-01  1.11657520E+00
    91  1.82000000E+01  1.11692612E+00  9.99990461E-01  1.11692612E+00
    92  1.84000000E+01  1.11724634E+00  9.99989918E-01  1.11724634E+00
    93  1.86000000E+01  1.11766394E+00  9.99989350E-01  1.11766394E+00
    94  1.88000000E+01  1.11801949E+00  9.99988756E-01  1.11801949E+00
    95  1.90000000E+01  1.11831823E+00  9.99988134E-01  1.11831823E+00
    96  1.92000000E+01  1.11862402E+00  9.99987484E-01  1.11862402E+00
    97  1.94000000E+01  1.11898782E+00  9.99986804E-01  1.11898782E+00
    98  1.96000000E+01  1.11929411E+00  9.99986094E-01  1.11929411E+00
    99  1.98000000E+01  1.11954832E+00  9.99985353E-01  1.11954832E+00
   100  2.00000000E+01  1.11982695E+00  9.99984579E-01  1.11982695E+00
   101  2.02000000E+01  1.12013757E+00  9.99983772E-01  1.12013757E+00
   102  2.04000000E+01  1.12039559E+00  9.99982930E-01  1.12039559E+00
   103  2.06000000E+01  1.12060671E+00  9.99982053E-01  1.12060671E+00
   104  2.08000000E+01  1.12088371E+00  9.99981139E-01  1.12088371E+00
   105  2.10000000E+01  1.12114868E+00  9.99980187E-01  1.12114868E+00
   106  2.12000000E+01  1.12136578E+00  9.99979196E-01  1.12136578E+00
   107  2.14000000E+01  1.12154067E+00  9.99978165E-01  1.12154067E+00
   108  2.16000000E+01  1.12178982E+00  9.99977093E-01  1.12178982E+00
   109  2.18000000E+01  1.12201047E+00  9.99975979E-01  1.12201047E+00
   110  2.20000000E+01  1.12218846E+00  9.99974821E-01  1.12218846E+00
   111  2.22000000E+01  1.12235736E+00  9.99973618E-01  1.12235736E+00
   112  2.24000000E+01  1.12258436E+00  9.99972370E-01  1.12258436E+00
   113  2.26000000E+01  1.12276766E+00  9.99971075E-01  1.12276766E+00
   114  2.28000000E+01  1.12291289E+00  9.99969733E-01  1.12291289E+00
   115  2.30000000E+01  1.12306389E+00  9.99968341E-01  1.12306389E+00
   116  2.32000000E+01  1.12325052E+00  9.99966900E-01  1.12325052E+00
   117  2.34000000E+01  1.12339862E+00  9.99965408E-01  1.12339862E+00
   118  2.36000000E+01  1.12351374E+00  9.99963864E-01  1.12351374E+00
   119  2.38000000E+01  1.12368222E+00  9.99962267E-01  1.12368222E+00
   120  2.40000000E+01  1.12383498E+00  9.99960616E-01  1.12383498E+00
   121  2.42000000E+01  1.12395369E+00  9.99958912E-01  1.12395369E+00
   122  2.44000000E+01  1.12404368E+00  9.99957152E-01  1.12404368E+00
   123  2.46000000E+01  1.12419022E+00  9.99955336E-01  1.12419022E+00
   124  2.48000000E+01  1.12431159E+00  9.99953463E-01  1.12431159E+00
   125  2.50000000E+01  1.12440383E+00  9.99951534E-01  1.12440383E+00
   126  2.52000000E+01  1.12451073E+00  9.99949547E-01  1.12451073E+00
   127  2.54000000E+01  1.12463611E+00  9.99947503E-01  1.12463611E+00
   128  2.56000000E+01  1.12473133E+00  9.99945400E-01  1.12473133E+00
   129  2.58000000E+01  1.12480151E+00  9.99943240E-01  1.12480151E+00
   130  2.60000000E+01  1.12489217E+00  9.99941021E-01  1.12489217E+00
   131  2.62000000E+01  1.12498983E+00  9.99938745E-01  1.12498983E+00
   132  2.64000000E+01  1.12506205E+00  9.99936411E-01  1.12506205E+00
   133  2.66000000E+01  1.12512686E+00  9.99934021E-01  1.12512686E+00
   134  2.68000000E+01  1.12522789E+00  9.99931574E-01  1.12522789E+00
   135  2.70000000E+01  1.12530250E+00  9.99929072E-01  1.12530250E+00
   136  2.72000000E+01  1.12535555E+00  9.99926517E-01  1.12535555E+00
   137  2.74000000E+01  1.12540806E+00  9.99923909E-01  1.12540806E+00
   138  2.76000000E+01  1.12548488E+00  9.99921250E-01  1.12548488E+00
   139  2.78000000E+01  1.12553978E+00  9.99918543E-01  1.12553978E+00
   140  2.80000000E+01  1.12557754E+00  9.99915789E-01  1.12557754E+00
   141  2.82000000E+01  1.12565712E+00  9.99912991E-01  1.12565712E+00
   142  2.84000000E+01  1.12571383E+00  9.99910152E-01  1.12571383E+00
   143  2.86000000E+01  1.12575228E+00  9.99907276E-01  1.12575228E+00
   144  2.88000000E+01  1.12577994E+00  9.99904367E-01  1.12577994E+00
   145  2.90000000E+01  1.12583864E+00  9.99901427E-01  1.12583864E+00
   146  2.92000000E+01  1.12587874E+00  9.99898463E-01  1.12587874E+00
   147  2.94000000E+01  1.12590443E+00  9.99895479E-01  1.12590443E+00
   148  2.96000000E+01  1.12596145E+00  9.99892481E-01  1.12596145E+00
   149  2.98000000E+01  1.12600281E+00  9.99889475E-01  1.12600281E+00
   150  3.00000000E+01  1.12602899E+00  9.99886468E-01  1.12602899E+00
   151  3.02000000E+01  1.12604380E+00  9.99883468E-01  1.12604380E+00
   152  3.04000000E+01  1.12608491E+00  9.99880482E-01  1.12608491E+00
   153  3.06000000E+01  1.12611253E+00  9.99877520E-01  1.12611253E+00
   154  3.08000000E+01  1.12612853E+00  9.99874591E-01  1.12612853E+00
   155  3.10000000E+01  1.12617109E+00  9.99871706E-01  1.12617109E+00
   156  3.12000000E+01  1.12619947E+00  9.99868876E-01  1.12619947E+00
   157  3.14000000E+01  1.12621551E+00  9.99866113E-01  1.12621551E+00
   158  3.16000000E+01  1.12622271E+00  9.99863431E-01  1.12622271E+00
   159  3.18000000E+01  1.12625042E+00  9.99860844E-01  1.12625042E+00
   160  3.20000000E+01  1.12626772E+00  9.99858367E-01  1.12626772E+00
   161  3.22000000E+01  1.12627902E+00  9.99856017E-01  1.12627902E+00
   162  3.24000000E+01  1.12630998E+00  9.99853810E-01  1.12630998E+00
   163  3.26000000E+01  1.12632755E+00  9.99851767E-01  1.12632755E+00
   164  3.28000000E+01  1.12633541E+00  9.99849908E-01  1.12633541E+00
   165  3.30000000E+01  1.12633737E+00  9.99848253E-01  1.12633737E+00
   166  3.32000000E+01  1.12635628E+00  9.99846827E-01  1.12635628E+00
   167  3.34000000E+01  1.12636521E+00  9.99845654E-01  1.12636521E+00
   168  3.36000000E+01  1.12637737E+00  9.99844761E-01  1.12637737E+00
   169  3.38000000E+01  1.12639680E+00  9.99844176E-01  1.12639680E+00
   170  3.40000000E+01  1.12640558E+00  9.99843928E-01  1.12640558E+00
   171  3.42000000E+01  1.12640701E+00  9.99844051E-01  1.12640701E+00
   172  3.44000000E+01  1.12640896E+00  9.99844578E-01  1.12640896E+00
   173  3.46000000E+01  1.12641888E+00  9.99845545E-01  1.12641888E+00
   174  3.48000000E+01  1.12642122E+00  9.99846992E-01  1.12642122E+00
   175  3.50000000E+01  1.12643607E+00  9.99848958E-01  1.12643607E+00
   176  3.52000000E+01  1.12644604E+00  9.99851488E-01  1.12644604E+00
   177  3.54000000E+01  1.12644783E+00  9.99854626E-01  1.12644783E+00
   178  3.56000000E+01  1.12644443E+00  9.99858423E-01  1.12644443E+00
   179  3.58000000E+01  1.12644799E+00  9.99862929E-01  1.12644799E+00
   180  3.60000000E+01  1.12645075E+00  9.99868199E-01  1.12645075E+00
   181  3.62000000E+01  1.12645489E+00  9.99874291E-01  1.12645489E+00
   182  3.64000000E+01  1.12646636E+00  9.99881265E-01  1.12646636E+00
   183  3.66000000E+01  1.12646874E+00  9.99889187E-01  1.12646874E+00
   184  3.68000000E+01  1.12646520E+00  9.99898123E-01  1.12646520E+00
   185  3.70000000E+01  1.12646078E+00  9.99908147E-01  1.12646078E+00
   186  3.72000000E+01  1.12646419E+00  9.99919334E-01  1.12646419E+00
   187  3.74000000E+01  1.12647138E+00  9.99931764E-01  1.12647138E+00
   188  3.76000000E+01  1.12648026E+00  9.99945521E-01  1.12648026E+00
   189  3.78000000E+01  1.12648917E+00  9.99960694E-01  1.12648917E+00
   190  3.80000000E+01  1.12649702E+00  9.99977376E-01  1.12649702E+00
   191  3.82000000E+01  1.12650380E+00  9.99995666E-01  1.12650380E+00
   192  3.84000000E+01  1.12650958E+00  1.00001567E+00  1.12650958E+00
   193  3.86000000E+01  1.12651629E+00  1.00003749E+00  1.12651629E+00
   194  3.88000000E+01  1.12652312E+00  1.00006125E+00  1.12652312E+00
   195  3.90000000E+01  1.12652893E+00  1.00008706E+00  1.12652893E+00
   196  3.92000000E+01  1.12653383E+00  1.00011505E+00  1.12653383E+00
   197  3.94000000E+01  1.12653794E+00  1.00014535E+00  1.12653794E+00
   198  3.96000000E+01  1.12654161E+00  1.00017811E+00  1.12654161E+00
   199  3.98000000E+01  1.12654680E+00  1.00021347E+00  1.12654680E+00
   200  4.00000000E+01  1.12655115E+00  1.00025157E+00  1.12655115E+00
   201  4.02000000E+01  1.12655480E+00  1.00029259E+00  1.12655480E+00
   202  4.04000000E+01  1.12655788E+00  1.00033668E+00  1.12655788E+00
   203  4.06000000E+01  1.12656052E+00  1.00038403E+00  1.12656052E+00
   204  4.08000000E+01  1.12656302E+00  1.00043482E+00  1.12656302E+00
   205  4.10000000E+01  1.12656609E+00  1.00048923E+00  1.12656609E+00
   206  4.12000000E+01  1.12656873E+00  1.00054747E+00  1.12656873E+00
   207  4.14000000E+01  1.12657105E+00  1.00060975E+00  1.12657105E+00
   208  4.16000000E+01  1.12657314E+00  1.00067629E+00  1.12657314E+00
   209  4.18000000E+01  1.12657506E+00  1.00074732E+00  1.12657506E+00
   210  4.20000000E+01  1.12657686E+00  1.00082307E+00  1.12657686E+00
   211  4.22000000E+01  1.12657857E+00  1.00090379E+00  1.12657857E+00
   212  4.24000000E+01  1.12658018E+00  1.00098975E+00  1.12658018E+00
   213  4.26000000E+01  1.12658170E+00  1.00108121E+00  1.12658170E+00
   214  4.28000000E+01  1.12658312E+00  1.00117846E+00  1.12658312E+00
   215  4.30000000E+01  1.12658456E+00  1.00128179E+00  1.12658456E+00
   216  4.32000000E+01  1.12658604E+00  1.00139150E+00  1.12658604E+00
   217  4.34000000E+01  1.12658743E+00  1.00150791E+00  1.12658743E+00
   218  4.36000000E+01  1.12658872E+00  1.00163135E+00  1.12658872E+00
   219  4.38000000E+01  1.12658990E+00  1.00176217E+00  1.12658990E+00
   220  4.40000000E+01  1.12659096E+00  1.00190072E+00  1.12659096E+00
   221  4.42000000E+01  1.12659189E+00  1.00204737E+00  1.12659189E+00
   222  4.44000000E+01  1.12659270E+00  1.00220250E+00  1.12659270E+00
   223  4.46000000E+01  1.12659338E+00  1.00236652E+00  1.12659338E+00
   224  4.48000000E+01  1.12659395E+00  1.00253983E+00  1.12659395E+00
   225  4.50000000E+01  1.12659442E+00  1.00272285E+00  1.12659442E+00
   226  4.52000000E+01  1.12659480E+00  1.00291604E+00  1.12659480E+00
   227  4.54000000E+01  1.12659516E+00  1.00311984E+00  1.12659516E+00
   228  4.56000000E+01  1.12659563E+00  1.00333473E+00  1.12659563E+00
   229  4.58000000E+01  1.12659601E+00  1.00356119E+00  1.12659601E+00
   230  4.60000000E+01  1.12659631E+00  1.00379973E+00  1.12659631E+00
   231  4.62000000E+01  1.12659654E+00  1.00405087E+00  1.12659654E+00
   232  4.64000000E+01  1.12659672E+00  1.00431513E+00  1.12659672E+00
   233  4.66000000E+01  1.12659684E+00  1.00459307E+00  1.12659684E+00
   234  4.68000000E+01  1.12659693E+00  1.00488526E+00  1.12659693E+00
   235  4.70000000E+01  1.12659698E+00  1.00519227E+00  1.12659698E+00
   236  4.72000000E+01  1.12659701E+00  1.00551470E+00  1.12659701E+00
   237  4.74000000E+01  1.12659701E+00  1.00585316E+00  1.12659701E+00
   238  4.76000000E+01  1.12659698E+00  1.00620828E+00  1.12659698E+00
   239  4.78000000E+01  1.12659694E+00  1.00658070E+00  1.12659694E+00
   240  4.80000000E+01  1.12659689E+00  1.00697107E+00  1.12659689E+00
   241  4.82000000E+01  1.12659681E+00  1.00738008E+00  1.12659681E+00
   242  4.84000000E+01  1.12659673E+00  1.00780839E+00  1.12659673E+00
   243  4.86000000E+01  1.12659663E+00  1.00825671E+00  1.12659663E+00
   244  4.88000000E+01  1.12659652E+00  1.00872575E+00  1.12659652E+00
   245  4.90000000E+01  1.12659640E+00  1.00921621E+00  1.12659640E+00
   246  4.92000000E+01  1.12659627E+00  1.00972884E+00  1.12659627E+00
   247  4.94000000E+01  1.12659614E+00  1.01026437E+00  1.12659614E+00
   248  4.96000000E+01  1.12659601E+00  1.01082354E+00  1.12659601E+00
   249  4.98000000E+01  1.12659587E+00  1.01140712E+00  1.12659587E+00
   250  5.00000000E+01  1.12659573E+00  1.01201585E+00  1.12659573E+00
   251  5.02000000E+01  1.12659559E+00  1.01265050E+00  1.12659559E+00
   252  5.04000000E+01  1.12659545E+00  1.01331183E+00  1.12659545E+00
   253  5.06000000E+01  1.12659531E+00  1.01400060E+00  1.12659531E+00
   254  5.08000000E+01  1.12659518E+00  1.01471756E+00  1.12659518E+00
   255  5.10000000E+01  1.12659505E+00  1.01546348E+00  1.12659505E+00
   256  5.12000000E+01  1.12659492E+00  1.01623909E+00  1.12659492E+00
   257  5.14000000E+01  1.12659479E+00  1.01704513E+00  1.12659479E+00
   258  5.16000000E+01  1.12659466E+00  1.01788231E+00  1.12659466E+00
   259  5.18000000E+01  1.12659454E+00  1.01875134E+00  1.12659454E+00
   260  5.20000000E+01  1.12659443E+00  1.01965290E+00  1.12659443E+00
   261  5.22000000E+01  1.12659431E+00  1.02058764E+00  1.12659431E+00
   262  5.24000000E+01  1.12659421E+00  1.02155620E+00  1.12659421E+00
   263  5.26000000E+01  1.12659410E+00  1.02255917E+00  1.12659410E+00
   264  5.28000000E+01  1.12659400E+00  1.02359712E+00  1.12659400E+00
   265  5.30000000E+01  1.12659390E+00  1.02467056E+00  1.12659390E+00
   266  5.32000000E+01  1.12659381E+00  1.02577997E+00  1.12659381E+00
   267  5.34000000E+01  1.12659372E+00  1.02692579E+00  1.12659372E+00
   268  5.36000000E+01  1.12659364E+00  1.02810838E+00  1.12659364E+00
   269  5.38000000E+01  1.12659356E+00  1.02932806E+00  1.12659356E+00
   270  5.40000000E+01  1.12659348E+00  1.03058510E+00  1.12659348E+00
   271  5.42000000E+01  1.12659341E+00  1.03187966E+00  1.12659341E+00
   272  5.44000000E+01  1.12659334E+00  1.03321187E+00  1.12659334E+00
   273  5.46000000E+01  1.12659327E+00  1.03458175E+00  1.12659327E+00
   274  5.48000000E+01  1.12659321E+00  1.03598925E+00  1.12659321E+00
   275  5.50000000E+01  1.12659315E+00  1.03743423E+00  1.12659315E+00
   276  5.52000000E+01  1.12659309E+00  1.03891645E+00  1.12659309E+00
   277  5.54000000E+01  1.12659304E+00  1.04043558E+00  1.12659304E+00
   278  5.56000000E+01  1.12659299E+00  1.04199118E+00  1.12659299E+00
   279  5.58000000E+01  1.12659294E+00  1.04358270E+00  1.12659294E+00
   280  5.60000000E+01  1.12659290E+00  1.04520946E+00  1.12659290E+00
   281  5.62000000E+01  1.12659285E+00  1.04687070E+00  1.12659285E+00
   282  5.64000000E+01  1.12659281E+00  1.04856549E+00  1.12659281E+00
   283  5.66000000E+01  1.12659278E+00  1.05029282E+00  1.12659278E+00
   284  5.68000000E+01  1.12659274E+00  1.05205153E+00  1.12659274E+00
   285  5.70000000E+01  1.12659271E+00  1.05384032E+00  1.12659271E+00
   286  5.72000000E+01  1.12659268E+00  1.05565777E+00  1.12659268E+00
   287  5.74000000E+01  1.12659265E+00  1.05750232E+00  1.12659265E+00
   288  5.76000000E+01  1.12659262E+00  1.05937229E+00  1.12659262E+00
   289  5.78000000E+01  1.12659260E+00  1.06126583E+00  1.12659260E+00
   290  5.80000000E+01  1.12659257E+00  1.06318099E+00  1.12659257E+00
   291  5.82000000E+01  1.12659255E+00  1.06511566E+00  1.12659255E+00
   292  5.84000000E+01  1.12659253E+00  1.06706761E+00  1.12659253E+00
   293  5.86000000E+01  1.12659251E+00  1.06903449E+00  1.12659251E+00
   294  5.88000000E+01  1.12659249E+00  1.07101380E+00  1.12659249E+00
   295  5.90000000E+01  1.12659248E+00  1.07300294E+00  1.12659248E+00
   296  5.92000000E+01  1.12659246E+00  1.07499917E+00  1.12659246E+00
   297  5.94000000E+01  1.12659245E+00  1.07699965E+00  1.12659245E+00
   298  5.96000000E+01  1.12659243E+00  1.07900143E+00  1.12659243E+00
   299  5.98000000E+01  1.12659242E+00  1.08100146E+00  1.12659242E+00
   300  6.00000000E+01  1.12659241E+00  1.08299660E+00  1.12659241E+00
   301  6.02000000E+01  1.12659240E+00  1.08498363E+00  1.12659240E+00
   302  6.04000000E+01  1.12659239E+00  1.08695925E+00  1.12659239E+00
   303  6.06000000E+01  1.12659238E+00  1.08892008E+00  1.12659238E+00
   304  6.08000000E+01  1.12659237E+00  1.09086272E+00  1.12659237E+00
   305  6.10000000E+01  1.12659236E+00  1.09278370E+00  1.12659236E+00
   306  6.12000000E+01  1.12659236E+00  1.09467952E+00  1.12659236E+00
   307  6.14000000E+01  1.12659235E+00  1.09654669E+00  1.12659235E+00
   308  6.16000000E+01  1.12659234E+00  1.09838169E+00  1.12659234E+00
   309  6.18000000E+01  1.12659234E+00  1.10018101E+00  1.12659234E+00
   310  6.20000000E+01  1.12659233E+00  1.10194118E+00  1.12659233E+00
   311  6.22000000E+01  1.12659233E+00  1.10365879E+00  1.12659233E+00
   312  6.24000000E+01  1.12659232E+00  1.10533045E+00  1.12659232E+00
   313  6.26000000E+01  1.12659232E+00  1.10695288E+00  1.12659232E+00
   314  6.28000000E+01  1.12659231E+00  1.10852290E+00  1.12659231E+00
   315  6.30000000E+01  1.12659231E+00  1.11003744E+00  1.12659231E+00
   316  6.32000000E+01  1.12659231E+00  1.11149357E+00  1.12659231E+00
   317  6.34000000E+01  1.12659230E+00  1.11288855E+00  1.12659230E+00
   318  6.36000000E+01  1.12659230E+00  1.11421981E+00  1.12659230E+00
   319  6.38000000E+01  1.12659230E+00  1.11548500E+00  1.12659230E+00
   320  6.40000000E+01  1.12659229E+00  1.11668204E+00  1.12659229E+00
   321  6.42000000E+01  1.12659229E+00  1.11780912E+00  1.12659229E+00
   322  6.44000000E+01  1.12659229E+00  1.11886474E+00  1.12659229E+00
   323  6.46000000E+01  1.12659229E+00  1.11984777E+00  1.12659229E+00
   324  6.48000000E+01  1.12659229E+00  1.12075744E+00  1.12659229E+00
   325  6.50000000E+01  1.12659228E+00  1.12159343E+00  1.12659228E+00
   326  6.52000000E+01  1.12659228E+00  1.12235586E+00  1.12659228E+00
   327  6.54000000E+01  1.12659228E+00  1.12304535E+00  1.12659228E+00
   328  6.56000000E+01  1.12659228E+00  1.12366302E+00  1.12659228E+00
   329  6.58000000E+01  1.12659228E+00  1.12421054E+00  1.12659228E+00
   330  6.60000000E+01  1.12659228E+00  1.12469010E+00  1.12659228E+00
   331  6.62000000E+01  1.12659228E+00  1.12510444E+00  1.12659228E+00
   332  6.64000000E+01  1.12659228E+00  1.12545679E+00  1.12659228E+00
   333  6.66000000E+01  1.12659228E+00  1.12575089E+00  1.12659228E+00
   334  6.68000000E+01  1.12659228E+00  1.12599091E+00  1.12659228E+00
   335  6.70000000E+01  1.12659227E+00  1.12618140E+00  1.12659227E+00
 steady-height stop at step    335: truncated to 3 decimals, truncated max/end/ratio =       1126      1126      1126, max/end/ratio =   1.12659227E+00  1.12618140E+00  1.12659227E+00
