 comppar: model =   3
 comppar: lambda,mobility/eps,betav,eta_0 =  1.1000E+01  3.0000E-02  5.0000E-01  1.0000E+00
 comppar: eta_s,eta_p,G =  5.0000E-01  5.0000E-01  4.5455E-02
 comppar: U_avg,deltat,flowrate,nsteps =  1.0000E-01  4.0000E-01  3.1416E-01    1000
 comppar: geometry = axisymmetric
 comppar: steady stop change,gap,hold,min =  1.0000E-05  2.0000E-04      10      80
 comppar: steady stop rounded decimals =       4
 comppar: ncompc,ncompg =     4     5
 mesh nnodes = 22999
 mesh nelem = 11296
 P1 BC   5.0000000000000000     
 P2 BC   0.0000000000000000     
     1  4.00000000E-01  1.00503817E+00  1.00000000E+00  1.00503817E+00
     2  8.00000000E-01  1.00991418E+00  1.00000000E+00  1.00991418E+00
     3  1.20000000E+00  1.01462981E+00  1.00000000E+00  1.01462981E+00
     4  1.60000000E+00  1.01920402E+00  1.00000000E+00  1.01920402E+00
     5  2.00000000E+00  1.02364723E+00  1.00000000E+00  1.02364723E+00
     6  2.40000000E+00  1.02797603E+00  1.00000000E+00  1.02797603E+00
     7  2.80000000E+00  1.03220804E+00  1.00000000E+00  1.03220804E+00
     8  3.20000000E+00  1.03635822E+00  1.00000000E+00  1.03635822E+00
     9  3.60000000E+00  1.04043996E+00  1.00000000E+00  1.04043996E+00
    10  4.00000000E+00  1.04448194E+00  1.00000000E+00  1.04448194E+00
    11  4.40000000E+00  1.04848030E+00  9.99999998E-01  1.04848030E+00
    12  4.80000000E+00  1.05246658E+00  9.99999994E-01  1.05246658E+00
    13  5.20000000E+00  1.05644546E+00  9.99999987E-01  1.05644546E+00
    14  5.60000000E+00  1.06042664E+00  9.99999978E-01  1.06042664E+00
    15  6.00000000E+00  1.06442168E+00  9.99999966E-01  1.06442168E+00
    16  6.40000000E+00  1.06844217E+00  9.99999951E-01  1.06844217E+00
    17  6.80000000E+00  1.07249498E+00  9.99999933E-01  1.07249498E+00
    18  7.20000000E+00  1.07658594E+00  9.99999911E-01  1.07658594E+00
    19  7.60000000E+00  1.08071703E+00  9.99999884E-01  1.08071703E+00
    20  8.00000000E+00  1.08489177E+00  9.99999853E-01  1.08489177E+00
    21  8.40000000E+00  1.08914321E+00  9.99999817E-01  1.08914321E+00
    22  8.80000000E+00  1.09343848E+00  9.99999775E-01  1.09343848E+00
    23  9.20000000E+00  1.09779214E+00  9.99999727E-01  1.09779214E+00
    24  9.60000000E+00  1.10222499E+00  9.99999673E-01  1.10222499E+00
    25  1.00000000E+01  1.10670725E+00  9.99999611E-01  1.10670725E+00
    26  1.04000000E+01  1.11126265E+00  9.99999542E-01  1.11126265E+00
    27  1.08000000E+01  1.11589587E+00  9.99999464E-01  1.11589587E+00
    28  1.12000000E+01  1.12058363E+00  9.99999378E-01  1.12058363E+00
    29  1.16000000E+01  1.12533837E+00  9.99999282E-01  1.12533837E+00
    30  1.20000000E+01  1.13018776E+00  9.99999177E-01  1.13018776E+00
    31  1.24000000E+01  1.13510225E+00  9.99999061E-01  1.13510225E+00
    32  1.28000000E+01  1.14008316E+00  9.99998933E-01  1.14008316E+00
    33  1.32000000E+01  1.14512856E+00  9.99998794E-01  1.14512856E+00
    34  1.36000000E+01  1.15023306E+00  9.99998642E-01  1.15023306E+00
    35  1.40000000E+01  1.15538791E+00  9.99998476E-01  1.15538791E+00
    36  1.44000000E+01  1.16060314E+00  9.99998296E-01  1.16060314E+00
    37  1.48000000E+01  1.16585596E+00  9.99998101E-01  1.16585596E+00
    38  1.52000000E+01  1.17112665E+00  9.99997890E-01  1.17112665E+00
    39  1.56000000E+01  1.17639925E+00  9.99997662E-01  1.17639925E+00
    40  1.60000000E+01  1.18167529E+00  9.99997416E-01  1.18167529E+00
    41  1.64000000E+01  1.18696893E+00  9.99997152E-01  1.18696893E+00
    42  1.68000000E+01  1.19222533E+00  9.99996867E-01  1.19222533E+00
    43  1.72000000E+01  1.19746048E+00  9.99996561E-01  1.19746048E+00
    44  1.76000000E+01  1.20269340E+00  9.99996232E-01  1.20269340E+00
    45  1.80000000E+01  1.20785252E+00  9.99995880E-01  1.20785252E+00
    46  1.84000000E+01  1.21303221E+00  9.99995503E-01  1.21303221E+00
    47  1.88000000E+01  1.21812878E+00  9.99995100E-01  1.21812878E+00
    48  1.92000000E+01  1.22315434E+00  9.99994670E-01  1.22315434E+00
    49  1.96000000E+01  1.22817695E+00  9.99994210E-01  1.22817695E+00
    50  2.00000000E+01  1.23308002E+00  9.99993720E-01  1.23308002E+00
    51  2.04000000E+01  1.23795273E+00  9.99993197E-01  1.23795273E+00
    52  2.08000000E+01  1.24275653E+00  9.99992640E-01  1.24275653E+00
    53  2.12000000E+01  1.24748480E+00  9.99992048E-01  1.24748480E+00
    54  2.16000000E+01  1.25218987E+00  9.99991418E-01  1.25218987E+00
    55  2.20000000E+01  1.25679139E+00  9.99990748E-01  1.25679139E+00
    56  2.24000000E+01  1.26139135E+00  9.99990036E-01  1.26139135E+00
    57  2.28000000E+01  1.26584208E+00  9.99989282E-01  1.26584208E+00
    58  2.32000000E+01  1.27030575E+00  9.99988481E-01  1.27030575E+00
    59  2.36000000E+01  1.27464729E+00  9.99987632E-01  1.27464729E+00
    60  2.40000000E+01  1.27892452E+00  9.99986732E-01  1.27892452E+00
    61  2.44000000E+01  1.28315570E+00  9.99985780E-01  1.28315570E+00
    62  2.48000000E+01  1.28726638E+00  9.99984771E-01  1.28726638E+00
    63  2.52000000E+01  1.29139006E+00  9.99983705E-01  1.29139006E+00
    64  2.56000000E+01  1.29537648E+00  9.99982578E-01  1.29537648E+00
    65  2.60000000E+01  1.29936947E+00  9.99981387E-01  1.29936947E+00
    66  2.64000000E+01  1.30325739E+00  9.99980129E-01  1.30325739E+00
    67  2.68000000E+01  1.30709583E+00  9.99978801E-01  1.30709583E+00
    68  2.72000000E+01  1.31089150E+00  9.99977400E-01  1.31089150E+00
    69  2.76000000E+01  1.31457835E+00  9.99975923E-01  1.31457835E+00
    70  2.80000000E+01  1.31825815E+00  9.99974366E-01  1.31825815E+00
    71  2.84000000E+01  1.32186475E+00  9.99972726E-01  1.32186475E+00
    72  2.88000000E+01  1.32538082E+00  9.99970999E-01  1.32538082E+00
    73  2.92000000E+01  1.32889214E+00  9.99969182E-01  1.32889214E+00
    74  2.96000000E+01  1.33233607E+00  9.99967270E-01  1.33233607E+00
    75  3.00000000E+01  1.33569608E+00  9.99965260E-01  1.33569608E+00
    76  3.04000000E+01  1.33904274E+00  9.99963149E-01  1.33904274E+00
    77  3.08000000E+01  1.34233164E+00  9.99960931E-01  1.34233164E+00
    78  3.12000000E+01  1.34552949E+00  9.99958602E-01  1.34552949E+00
    79  3.16000000E+01  1.34874155E+00  9.99956159E-01  1.34874155E+00
    80  3.20000000E+01  1.35185846E+00  9.99953597E-01  1.35185846E+00
    81  3.24000000E+01  1.35492966E+00  9.99950912E-01  1.35492966E+00
    82  3.28000000E+01  1.35796278E+00  9.99948098E-01  1.35796278E+00
    83  3.32000000E+01  1.36087996E+00  9.99945153E-01  1.36087996E+00
    84  3.36000000E+01  1.36381682E+00  9.99942070E-01  1.36381682E+00
    85  3.40000000E+01  1.36663768E+00  9.99938846E-01  1.36663768E+00
    86  3.44000000E+01  1.36942776E+00  9.99935476E-01  1.36942776E+00
    87  3.48000000E+01  1.37214984E+00  9.99931954E-01  1.37214984E+00
    88  3.52000000E+01  1.37480275E+00  9.99928277E-01  1.37480275E+00
    89  3.56000000E+01  1.37742480E+00  9.99924440E-01  1.37742480E+00
    90  3.60000000E+01  1.37995941E+00  9.99920439E-01  1.37995941E+00
    91  3.64000000E+01  1.38248032E+00  9.99916267E-01  1.38248032E+00
    92  3.68000000E+01  1.38489148E+00  9.99911923E-01  1.38489148E+00
    93  3.72000000E+01  1.38731322E+00  9.99907399E-01  1.38731322E+00
    94  3.76000000E+01  1.38961189E+00  9.99902694E-01  1.38961189E+00
    95  3.80000000E+01  1.39193531E+00  9.99897802E-01  1.39193531E+00
    96  3.84000000E+01  1.39413299E+00  9.99892720E-01  1.39413299E+00
    97  3.88000000E+01  1.39635692E+00  9.99887444E-01  1.39635692E+00
    98  3.92000000E+01  1.39846708E+00  9.99881971E-01  1.39846708E+00
    99  3.96000000E+01  1.40058034E+00  9.99876297E-01  1.40058034E+00
   100  4.00000000E+01  1.40260647E+00  9.99870420E-01  1.40260647E+00
   101  4.04000000E+01  1.40461089E+00  9.99864337E-01  1.40461089E+00
   102  4.08000000E+01  1.40655897E+00  9.99858048E-01  1.40655897E+00
   103  4.12000000E+01  1.40845439E+00  9.99851549E-01  1.40845439E+00
   104  4.16000000E+01  1.41032850E+00  9.99844841E-01  1.41032850E+00
   105  4.20000000E+01  1.41212388E+00  9.99837923E-01  1.41212388E+00
   106  4.24000000E+01  1.41392861E+00  9.99830796E-01  1.41392861E+00
   107  4.28000000E+01  1.41564827E+00  9.99823461E-01  1.41564827E+00
   108  4.32000000E+01  1.41736128E+00  9.99815920E-01  1.41736128E+00
   109  4.36000000E+01  1.41901935E+00  9.99808177E-01  1.41901935E+00
   110  4.40000000E+01  1.42064437E+00  9.99800235E-01  1.42064437E+00
   111  4.44000000E+01  1.42224199E+00  9.99792099E-01  1.42224199E+00
   112  4.48000000E+01  1.42377930E+00  9.99783777E-01  1.42377930E+00
   113  4.52000000E+01  1.42531880E+00  9.99775277E-01  1.42531880E+00
   114  4.56000000E+01  1.42678173E+00  9.99766606E-01  1.42678173E+00
   115  4.60000000E+01  1.42824806E+00  9.99757778E-01  1.42824806E+00
   116  4.64000000E+01  1.42965298E+00  9.99748803E-01  1.42965298E+00
   117  4.68000000E+01  1.43103122E+00  9.99739698E-01  1.43103122E+00
   118  4.72000000E+01  1.43237927E+00  9.99730478E-01  1.43237927E+00
   119  4.76000000E+01  1.43368077E+00  9.99721162E-01  1.43368077E+00
   120  4.80000000E+01  1.43497223E+00  9.99711773E-01  1.43497223E+00
   121  4.84000000E+01  1.43620380E+00  9.99702334E-01  1.43620380E+00
   122  4.88000000E+01  1.43743960E+00  9.99692871E-01  1.43743960E+00
   123  4.92000000E+01  1.43860003E+00  9.99683415E-01  1.43860003E+00
   124  4.96000000E+01  1.43977975E+00  9.99673998E-01  1.43977975E+00
   125  5.00000000E+01  1.44088733E+00  9.99664658E-01  1.44088733E+00
   126  5.04000000E+01  1.44199795E+00  9.99655434E-01  1.44199795E+00
   127  5.08000000E+01  1.44305405E+00  9.99646370E-01  1.44305405E+00
   128  5.12000000E+01  1.44409776E+00  9.99637517E-01  1.44409776E+00
   129  5.16000000E+01  1.44510491E+00  9.99628926E-01  1.44510491E+00
   130  5.20000000E+01  1.44608464E+00  9.99620656E-01  1.44608464E+00
   131  5.24000000E+01  1.44704450E+00  9.99612770E-01  1.44704450E+00
   132  5.28000000E+01  1.44796559E+00  9.99605339E-01  1.44796559E+00
   133  5.32000000E+01  1.44888079E+00  9.99598436E-01  1.44888079E+00
   134  5.36000000E+01  1.44974470E+00  9.99592145E-01  1.44974470E+00
   135  5.40000000E+01  1.45061707E+00  9.99586553E-01  1.45061707E+00
   136  5.44000000E+01  1.45143375E+00  9.99581756E-01  1.45143375E+00
   137  5.48000000E+01  1.45225973E+00  9.99577859E-01  1.45225973E+00
   138  5.52000000E+01  1.45303846E+00  9.99574974E-01  1.45303846E+00
   139  5.56000000E+01  1.45381070E+00  9.99573221E-01  1.45381070E+00
   140  5.60000000E+01  1.45455328E+00  9.99572732E-01  1.45455328E+00
   141  5.64000000E+01  1.45527562E+00  9.99573646E-01  1.45527562E+00
   142  5.68000000E+01  1.45598340E+00  9.99576115E-01  1.45598340E+00
   143  5.72000000E+01  1.45665563E+00  9.99580301E-01  1.45665563E+00
   144  5.76000000E+01  1.45733020E+00  9.99586379E-01  1.45733020E+00
   145  5.80000000E+01  1.45796024E+00  9.99594536E-01  1.45796024E+00
   146  5.84000000E+01  1.45860032E+00  9.99604973E-01  1.45860032E+00
   147  5.88000000E+01  1.45919940E+00  9.99617904E-01  1.45919940E+00
   148  5.92000000E+01  1.45979609E+00  9.99633560E-01  1.45979609E+00
   149  5.96000000E+01  1.46036544E+00  9.99652186E-01  1.46036544E+00
   150  6.00000000E+01  1.46092050E+00  9.99674045E-01  1.46092050E+00
   151  6.04000000E+01  1.46146089E+00  9.99699419E-01  1.46146089E+00
   152  6.08000000E+01  1.46197596E+00  9.99728606E-01  1.46197596E+00
   153  6.12000000E+01  1.46248847E+00  9.99761927E-01  1.46248847E+00
   154  6.16000000E+01  1.46296599E+00  9.99799723E-01  1.46296599E+00
   155  6.20000000E+01  1.46345151E+00  9.99842355E-01  1.46345151E+00
   156  6.24000000E+01  1.46390011E+00  9.99890210E-01  1.46390011E+00
   157  6.28000000E+01  1.46435347E+00  9.99943700E-01  1.46435347E+00
   158  6.32000000E+01  1.46477742E+00  1.00000326E+00  1.46477742E+00
   159  6.36000000E+01  1.46519884E+00  1.00006936E+00  1.46519884E+00
   160  6.40000000E+01  1.46559932E+00  1.00014248E+00  1.46559932E+00
   161  6.44000000E+01  1.46598957E+00  1.00022316E+00  1.46598957E+00
   162  6.48000000E+01  1.46636756E+00  1.00031194E+00  1.46636756E+00
   163  6.52000000E+01  1.46672735E+00  1.00040941E+00  1.46672735E+00
   164  6.56000000E+01  1.46708405E+00  1.00051621E+00  1.46708405E+00
   165  6.60000000E+01  1.46741416E+00  1.00063298E+00  1.46741416E+00
   166  6.64000000E+01  1.46775054E+00  1.00076043E+00  1.46775054E+00
   167  6.68000000E+01  1.46805962E+00  1.00089929E+00  1.46805962E+00
   168  6.72000000E+01  1.46837148E+00  1.00105035E+00  1.46837148E+00
   169  6.76000000E+01  1.46866279E+00  1.00121443E+00  1.46866279E+00
   170  6.80000000E+01  1.46894818E+00  1.00139240E+00  1.46894818E+00
   171  6.84000000E+01  1.46922265E+00  1.00158519E+00  1.46922265E+00
   172  6.88000000E+01  1.46948379E+00  1.00179375E+00  1.46948379E+00
   173  6.92000000E+01  1.46974228E+00  1.00201911E+00  1.46974228E+00
   174  6.96000000E+01  1.46997967E+00  1.00226235E+00  1.46997967E+00
   175  7.00000000E+01  1.47022303E+00  1.00252460E+00  1.47022303E+00
   176  7.04000000E+01  1.47044589E+00  1.00280705E+00  1.47044589E+00
   177  7.08000000E+01  1.47066799E+00  1.00311096E+00  1.47066799E+00
   178  7.12000000E+01  1.47087733E+00  1.00343763E+00  1.47087733E+00
   179  7.16000000E+01  1.47107823E+00  1.00378844E+00  1.47107823E+00
   180  7.20000000E+01  1.47127477E+00  1.00416486E+00  1.47127477E+00
   181  7.24000000E+01  1.47145672E+00  1.00456838E+00  1.47145672E+00
   182  7.28000000E+01  1.47164095E+00  1.00500061E+00  1.47164095E+00
   183  7.32000000E+01  1.47180828E+00  1.00546319E+00  1.47180828E+00
   184  7.36000000E+01  1.47197732E+00  1.00595788E+00  1.47197732E+00
   185  7.40000000E+01  1.47213363E+00  1.00648648E+00  1.47213363E+00
   186  7.44000000E+01  1.47228545E+00  1.00705088E+00  1.47228545E+00
   187  7.48000000E+01  1.47243118E+00  1.00765306E+00  1.47243118E+00
   188  7.52000000E+01  1.47256642E+00  1.00829507E+00  1.47256642E+00
   189  7.56000000E+01  1.47270207E+00  1.00897904E+00  1.47270207E+00
   190  7.60000000E+01  1.47282373E+00  1.00970720E+00  1.47282373E+00
   191  7.64000000E+01  1.47294820E+00  1.01048182E+00  1.47294820E+00
   192  7.68000000E+01  1.47306087E+00  1.01130531E+00  1.47306087E+00
   193  7.72000000E+01  1.47317093E+00  1.01218011E+00  1.47317093E+00
   194  7.76000000E+01  1.47327502E+00  1.01310876E+00  1.47327502E+00
   195  7.80000000E+01  1.47337183E+00  1.01409389E+00  1.47337183E+00
   196  7.84000000E+01  1.47346778E+00  1.01513817E+00  1.47346778E+00
   197  7.88000000E+01  1.47355252E+00  1.01624438E+00  1.47355252E+00
   198  7.92000000E+01  1.47364040E+00  1.01741533E+00  1.47364040E+00
   199  7.96000000E+01  1.47371801E+00  1.01865393E+00  1.47371801E+00
   200  8.00000000E+01  1.47379461E+00  1.01996311E+00  1.47379461E+00
   201  8.04000000E+01  1.47386546E+00  1.02134587E+00  1.47386546E+00
   202  8.08000000E+01  1.47393097E+00  1.02280524E+00  1.47393097E+00
   203  8.12000000E+01  1.47399546E+00  1.02434430E+00  1.47399546E+00
   204  8.16000000E+01  1.47405124E+00  1.02596612E+00  1.47405124E+00
   205  8.20000000E+01  1.47410969E+00  1.02767380E+00  1.47410969E+00
   206  8.24000000E+01  1.47415995E+00  1.02947044E+00  1.47415995E+00
   207  8.28000000E+01  1.47420895E+00  1.03135911E+00  1.47420895E+00
   208  8.32000000E+01  1.47425402E+00  1.03334285E+00  1.47425402E+00
   209  8.36000000E+01  1.47429417E+00  1.03542465E+00  1.47429417E+00
   210  8.40000000E+01  1.47433436E+00  1.03760744E+00  1.47433436E+00
   211  8.44000000E+01  1.47436790E+00  1.03989404E+00  1.47436790E+00
   212  8.48000000E+01  1.47440157E+00  1.04228720E+00  1.47440157E+00
   213  8.52000000E+01  1.47443094E+00  1.04478951E+00  1.47443094E+00
   214  8.56000000E+01  1.47445710E+00  1.04740341E+00  1.47445710E+00
   215  8.60000000E+01  1.47448253E+00  1.05013119E+00  1.47448253E+00
   216  8.64000000E+01  1.47450263E+00  1.05297492E+00  1.47450263E+00
   217  8.68000000E+01  1.47452337E+00  1.05593646E+00  1.47452337E+00
   218  8.72000000E+01  1.47454013E+00  1.05901743E+00  1.47454013E+00
   219  8.76000000E+01  1.47455434E+00  1.06221918E+00  1.47455434E+00
   220  8.80000000E+01  1.47456797E+00  1.06554277E+00  1.47456797E+00
   221  8.84000000E+01  1.47457736E+00  1.06898895E+00  1.47457736E+00
   222  8.88000000E+01  1.47458675E+00  1.07255816E+00  1.47458675E+00
   223  8.92000000E+01  1.47459350E+00  1.07625047E+00  1.47459350E+00
   224  8.96000000E+01  1.47459731E+00  1.08006559E+00  1.47459731E+00
   225  9.00000000E+01  1.47460159E+00  1.08400287E+00  1.47460159E+00
   226  9.04000000E+01  1.47460253E+00  1.08806127E+00  1.47460253E+00
   227  9.08000000E+01  1.47460223E+00  1.09223936E+00  1.47460223E+00
   228  9.12000000E+01  1.47460111E+00  1.09653531E+00  1.47460111E+00
   229  9.16000000E+01  1.47459719E+00  1.10094691E+00  1.47459719E+00
   230  9.20000000E+01  1.47459326E+00  1.10547154E+00  1.47459326E+00
   231  9.24000000E+01  1.47458760E+00  1.11010623E+00  1.47458760E+00
   232  9.28000000E+01  1.47457961E+00  1.11484764E+00  1.47457961E+00
   233  9.32000000E+01  1.47457217E+00  1.11969207E+00  1.47457217E+00
   234  9.36000000E+01  1.47456275E+00  1.12463551E+00  1.47456275E+00
   235  9.40000000E+01  1.47455139E+00  1.12967367E+00  1.47455139E+00
   236  9.44000000E+01  1.47454060E+00  1.13480199E+00  1.47454060E+00
   237  9.48000000E+01  1.47452806E+00  1.14001568E+00  1.47452806E+00
   238  9.52000000E+01  1.47451396E+00  1.14530978E+00  1.47451396E+00
   239  9.56000000E+01  1.47450003E+00  1.15067916E+00  1.47450003E+00
   240  9.60000000E+01  1.47448498E+00  1.15611862E+00  1.47448498E+00
   241  9.64000000E+01  1.47446868E+00  1.16162289E+00  1.47446868E+00
   242  9.68000000E+01  1.47445196E+00  1.16718671E+00  1.47445196E+00
   243  9.72000000E+01  1.47443491E+00  1.17280483E+00  1.47443491E+00
   244  9.76000000E+01  1.47441691E+00  1.17847210E+00  1.47441691E+00
   245  9.80000000E+01  1.47439811E+00  1.18418351E+00  1.47439811E+00
   246  9.84000000E+01  1.47437895E+00  1.18993417E+00  1.47437895E+00
   247  9.88000000E+01  1.47435968E+00  1.19571942E+00  1.47435968E+00
   248  9.92000000E+01  1.47433985E+00  1.20153479E+00  1.47433985E+00
   249  9.96000000E+01  1.47431958E+00  1.20737607E+00  1.47431958E+00
   250  1.00000000E+02  1.47429897E+00  1.21323930E+00  1.47429897E+00
   251  1.00400000E+02  1.47427813E+00  1.21912077E+00  1.47427813E+00
   252  1.00800000E+02  1.47425715E+00  1.22501700E+00  1.47425715E+00
   253  1.01200000E+02  1.47423610E+00  1.23092476E+00  1.47423610E+00
   254  1.01600000E+02  1.47421506E+00  1.23684102E+00  1.47421506E+00
   255  1.02000000E+02  1.47419410E+00  1.24276291E+00  1.47419410E+00
   256  1.02400000E+02  1.47417327E+00  1.24868767E+00  1.47417327E+00
   257  1.02800000E+02  1.47415264E+00  1.25461263E+00  1.47415264E+00
   258  1.03200000E+02  1.47413224E+00  1.26053511E+00  1.47413224E+00
   259  1.03600000E+02  1.47411213E+00  1.26645236E+00  1.47411213E+00
   260  1.04000000E+02  1.47409234E+00  1.27236152E+00  1.47409234E+00
   261  1.04400000E+02  1.47407327E+00  1.27825951E+00  1.47407327E+00
   262  1.04800000E+02  1.47405478E+00  1.28414298E+00  1.47405478E+00
   263  1.05200000E+02  1.47403673E+00  1.29000824E+00  1.47403673E+00
   264  1.05600000E+02  1.47401913E+00  1.29585118E+00  1.47401913E+00
   265  1.06000000E+02  1.47400249E+00  1.30166727E+00  1.47400249E+00
   266  1.06400000E+02  1.47398650E+00  1.30745145E+00  1.47398650E+00
   267  1.06800000E+02  1.47397100E+00  1.31319815E+00  1.47397100E+00
   268  1.07200000E+02  1.47395600E+00  1.31890126E+00  1.47395600E+00
   269  1.07600000E+02  1.47394203E+00  1.32455415E+00  1.47394203E+00
   270  1.08000000E+02  1.47392869E+00  1.33014966E+00  1.47392869E+00
   271  1.08400000E+02  1.47391585E+00  1.33568017E+00  1.47391585E+00
   272  1.08800000E+02  1.47390349E+00  1.34113768E+00  1.47390349E+00
   273  1.09200000E+02  1.47389173E+00  1.34651385E+00  1.47389173E+00
   274  1.09600000E+02  1.47388096E+00  1.35180016E+00  1.47388096E+00
   275  1.10000000E+02  1.47387063E+00  1.35698800E+00  1.47387063E+00
   276  1.10400000E+02  1.47386075E+00  1.36206884E+00  1.47386075E+00
   277  1.10800000E+02  1.47385130E+00  1.36703440E+00  1.47385130E+00
   278  1.11200000E+02  1.47384228E+00  1.37187679E+00  1.47384228E+00
   279  1.11600000E+02  1.47383367E+00  1.37658877E+00  1.47383367E+00
   280  1.12000000E+02  1.47382589E+00  1.38116388E+00  1.47382589E+00
   281  1.12400000E+02  1.47381858E+00  1.38559665E+00  1.47381858E+00
   282  1.12800000E+02  1.47381162E+00  1.38988278E+00  1.47381162E+00
   283  1.13200000E+02  1.47380502E+00  1.39401925E+00  1.47380502E+00
   284  1.13600000E+02  1.47379876E+00  1.39800445E+00  1.47379876E+00
   285  1.14000000E+02  1.47379282E+00  1.40183826E+00  1.47379282E+00
   286  1.14400000E+02  1.47378720E+00  1.40552201E+00  1.47378720E+00
   287  1.14800000E+02  1.47378189E+00  1.40905841E+00  1.47378189E+00
   288  1.15200000E+02  1.47377686E+00  1.41245147E+00  1.47377686E+00
   289  1.15600000E+02  1.47377234E+00  1.41570621E+00  1.47377234E+00
   290  1.16000000E+02  1.47376821E+00  1.41882847E+00  1.47376821E+00
   291  1.16400000E+02  1.47376433E+00  1.42182453E+00  1.47376433E+00
   292  1.16800000E+02  1.47376067E+00  1.42470075E+00  1.47376067E+00
   293  1.17200000E+02  1.47375724E+00  1.42746326E+00  1.47375724E+00
   294  1.17600000E+02  1.47375403E+00  1.43011754E+00  1.47375403E+00
   295  1.18000000E+02  1.47375101E+00  1.43266817E+00  1.47375101E+00
   296  1.18400000E+02  1.47374819E+00  1.43511861E+00  1.47374819E+00
   297  1.18800000E+02  1.47374556E+00  1.43747105E+00  1.47374556E+00
   298  1.19200000E+02  1.47374310E+00  1.43972643E+00  1.47374310E+00
   299  1.19600000E+02  1.47374080E+00  1.44188459E+00  1.47374080E+00
   300  1.20000000E+02  1.47373867E+00  1.44394449E+00  1.47373867E+00
   301  1.20400000E+02  1.47373668E+00  1.44590455E+00  1.47373668E+00
   302  1.20800000E+02  1.47373484E+00  1.44776312E+00  1.47373484E+00
   303  1.21200000E+02  1.47373313E+00  1.44951887E+00  1.47373313E+00
   304  1.21600000E+02  1.47373155E+00  1.45117127E+00  1.47373155E+00
   305  1.22000000E+02  1.47373010E+00  1.45272089E+00  1.47373010E+00
   306  1.22400000E+02  1.47372875E+00  1.45416969E+00  1.47372875E+00
   307  1.22800000E+02  1.47372751E+00  1.45552111E+00  1.47372751E+00
   308  1.23200000E+02  1.47372638E+00  1.45678001E+00  1.47372638E+00
   309  1.23600000E+02  1.47372534E+00  1.45795244E+00  1.47372534E+00
   310  1.24000000E+02  1.47372438E+00  1.45904532E+00  1.47372438E+00
   311  1.24400000E+02  1.47372352E+00  1.46006599E+00  1.47372352E+00
   312  1.24800000E+02  1.47372273E+00  1.46102171E+00  1.47372273E+00
   313  1.25200000E+02  1.47372208E+00  1.46191920E+00  1.47372208E+00
   314  1.25600000E+02  1.47372152E+00  1.46276427E+00  1.47372152E+00
   315  1.26000000E+02  1.47372102E+00  1.46356149E+00  1.47372102E+00
   316  1.26400000E+02  1.47372057E+00  1.46431413E+00  1.47372057E+00
   317  1.26800000E+02  1.47372018E+00  1.46502418E+00  1.47372018E+00
   318  1.27200000E+02  1.47371983E+00  1.46569256E+00  1.47371983E+00
   319  1.27600000E+02  1.47371953E+00  1.46631939E+00  1.47371953E+00
   320  1.28000000E+02  1.47371927E+00  1.46690444E+00  1.47371927E+00
   321  1.28400000E+02  1.47371904E+00  1.46744744E+00  1.47371904E+00
   322  1.28800000E+02  1.47371885E+00  1.46794852E+00  1.47371885E+00
   323  1.29200000E+02  1.47371869E+00  1.46840837E+00  1.47371869E+00
   324  1.29600000E+02  1.47371857E+00  1.46882845E+00  1.47371857E+00
   325  1.30000000E+02  1.47371846E+00  1.46921097E+00  1.47371846E+00
   326  1.30400000E+02  1.47371839E+00  1.46955874E+00  1.47371839E+00
   327  1.30800000E+02  1.47371834E+00  1.46987501E+00  1.47371834E+00
   328  1.31200000E+02  1.47371830E+00  1.47016315E+00  1.47371830E+00
   329  1.31600000E+02  1.47371829E+00  1.47042642E+00  1.47371829E+00
   330  1.32000000E+02  1.47371829E+00  1.47066774E+00  1.47371829E+00
   331  1.32400000E+02  1.47371831E+00  1.47088949E+00  1.47371831E+00
   332  1.32800000E+02  1.47371835E+00  1.47109350E+00  1.47371835E+00
   333  1.33200000E+02  1.47371839E+00  1.47128101E+00  1.47371839E+00
   334  1.33600000E+02  1.47371845E+00  1.47145283E+00  1.47371845E+00
   335  1.34000000E+02  1.47371851E+00  1.47160944E+00  1.47371851E+00
   336  1.34400000E+02  1.47371859E+00  1.47175121E+00  1.47371859E+00
   337  1.34800000E+02  1.47371867E+00  1.47187848E+00  1.47371867E+00
   338  1.35200000E+02  1.47371876E+00  1.47199177E+00  1.47371876E+00
   339  1.35600000E+02  1.47371886E+00  1.47209177E+00  1.47371886E+00
   340  1.36000000E+02  1.47371895E+00  1.47217937E+00  1.47371895E+00
   341  1.36400000E+02  1.47371906E+00  1.47225562E+00  1.47371906E+00
   342  1.36800000E+02  1.47371916E+00  1.47232166E+00  1.47371916E+00
   343  1.37200000E+02  1.47371927E+00  1.47237859E+00  1.47371927E+00
   344  1.37600000E+02  1.47371938E+00  1.47242746E+00  1.47371938E+00
   345  1.38000000E+02  1.47371950E+00  1.47246914E+00  1.47371950E+00
   346  1.38400000E+02  1.47371961E+00  1.47250436E+00  1.47371961E+00
   347  1.38800000E+02  1.47371972E+00  1.47253366E+00  1.47371972E+00
   348  1.39200000E+02  1.47371984E+00  1.47255745E+00  1.47371984E+00
   349  1.39600000E+02  1.47371995E+00  1.47257607E+00  1.47371995E+00
   350  1.40000000E+02  1.47372006E+00  1.47258981E+00  1.47372006E+00
   351  1.40400000E+02  1.47372018E+00  1.47259899E+00  1.47372018E+00
   352  1.40800000E+02  1.47372029E+00  1.47260395E+00  1.47372029E+00
   353  1.41200000E+02  1.47372040E+00  1.47260508E+00  1.47372040E+00
   354  1.41600000E+02  1.47372050E+00  1.47260283E+00  1.47372050E+00
   355  1.42000000E+02  1.47372061E+00  1.47259762E+00  1.47372061E+00
   356  1.42400000E+02  1.47372071E+00  1.47258990E+00  1.47372071E+00
   357  1.42800000E+02  1.47372081E+00  1.47258004E+00  1.47372081E+00
   358  1.43200000E+02  1.47372091E+00  1.47256838E+00  1.47372091E+00
   359  1.43600000E+02  1.47372101E+00  1.47255519E+00  1.47372101E+00
   360  1.44000000E+02  1.47372110E+00  1.47254065E+00  1.47372110E+00
   361  1.44400000E+02  1.47372119E+00  1.47252492E+00  1.47372119E+00
   362  1.44800000E+02  1.47372128E+00  1.47250811E+00  1.47372128E+00
   363  1.45200000E+02  1.47372136E+00  1.47249032E+00  1.47372136E+00
   364  1.45600000E+02  1.47372145E+00  1.47247164E+00  1.47372145E+00
   365  1.46000000E+02  1.47372153E+00  1.47245217E+00  1.47372153E+00
   366  1.46400000E+02  1.47372160E+00  1.47243205E+00  1.47372160E+00
   367  1.46800000E+02  1.47372168E+00  1.47241138E+00  1.47372168E+00
   368  1.47200000E+02  1.47372175E+00  1.47239032E+00  1.47372175E+00
   369  1.47600000E+02  1.47372182E+00  1.47236897E+00  1.47372182E+00
   370  1.48000000E+02  1.47372189E+00  1.47234748E+00  1.47372189E+00
   371  1.48400000E+02  1.47372195E+00  1.47232594E+00  1.47372195E+00
   372  1.48800000E+02  1.47372201E+00  1.47230445E+00  1.47372201E+00
   373  1.49200000E+02  1.47372207E+00  1.47228306E+00  1.47372207E+00
   374  1.49600000E+02  1.47372213E+00  1.47226186E+00  1.47372213E+00
   375  1.50000000E+02  1.47372218E+00  1.47224088E+00  1.47372218E+00
   376  1.50400000E+02  1.47372223E+00  1.47222015E+00  1.47372223E+00
   377  1.50800000E+02  1.47372228E+00  1.47219973E+00  1.47372228E+00
   378  1.51200000E+02  1.47372233E+00  1.47217963E+00  1.47372233E+00
   379  1.51600000E+02  1.47372237E+00  1.47215989E+00  1.47372237E+00
   380  1.52000000E+02  1.47372242E+00  1.47214054E+00  1.47372242E+00
   381  1.52400000E+02  1.47372246E+00  1.47212160E+00  1.47372246E+00
   382  1.52800000E+02  1.47372249E+00  1.47210310E+00  1.47372249E+00
   383  1.53200000E+02  1.47372253E+00  1.47208506E+00  1.47372253E+00
   384  1.53600000E+02  1.47372257E+00  1.47206748E+00  1.47372257E+00
   385  1.54000000E+02  1.47372260E+00  1.47205039E+00  1.47372260E+00
   386  1.54400000E+02  1.47372263E+00  1.47203380E+00  1.47372263E+00
   387  1.54800000E+02  1.47372266E+00  1.47201771E+00  1.47372266E+00
   388  1.55200000E+02  1.47372269E+00  1.47200212E+00  1.47372269E+00
   389  1.55600000E+02  1.47372271E+00  1.47198704E+00  1.47372271E+00
   390  1.56000000E+02  1.47372274E+00  1.47197247E+00  1.47372274E+00
   391  1.56400000E+02  1.47372276E+00  1.47195840E+00  1.47372276E+00
   392  1.56800000E+02  1.47372278E+00  1.47194485E+00  1.47372278E+00
   393  1.57200000E+02  1.47372281E+00  1.47193179E+00  1.47372281E+00
   394  1.57600000E+02  1.47372283E+00  1.47191923E+00  1.47372283E+00
   395  1.58000000E+02  1.47372284E+00  1.47190716E+00  1.47372284E+00
   396  1.58400000E+02  1.47372286E+00  1.47189558E+00  1.47372286E+00
   397  1.58800000E+02  1.47372288E+00  1.47188446E+00  1.47372288E+00
   398  1.59200000E+02  1.47372289E+00  1.47187381E+00  1.47372289E+00
   399  1.59600000E+02  1.47372291E+00  1.47186362E+00  1.47372291E+00
   400  1.60000000E+02  1.47372292E+00  1.47185387E+00  1.47372292E+00
   401  1.60400000E+02  1.47372293E+00  1.47184456E+00  1.47372293E+00
   402  1.60800000E+02  1.47372294E+00  1.47183567E+00  1.47372294E+00
   403  1.61200000E+02  1.47372296E+00  1.47182719E+00  1.47372296E+00
   404  1.61600000E+02  1.47372297E+00  1.47181911E+00  1.47372297E+00
   405  1.62000000E+02  1.47372297E+00  1.47181142E+00  1.47372297E+00
   406  1.62400000E+02  1.47372298E+00  1.47180411E+00  1.47372298E+00
   407  1.62800000E+02  1.47372299E+00  1.47179717E+00  1.47372299E+00
   408  1.63200000E+02  1.47372300E+00  1.47179058E+00  1.47372300E+00
   409  1.63600000E+02  1.47372301E+00  1.47178433E+00  1.47372301E+00
   410  1.64000000E+02  1.47372301E+00  1.47177840E+00  1.47372301E+00
   411  1.64400000E+02  1.47372302E+00  1.47177280E+00  1.47372302E+00
   412  1.64800000E+02  1.47372302E+00  1.47176750E+00  1.47372302E+00
   413  1.65200000E+02  1.47372303E+00  1.47176249E+00  1.47372303E+00
   414  1.65600000E+02  1.47372303E+00  1.47175777E+00  1.47372303E+00
   415  1.66000000E+02  1.47372304E+00  1.47175331E+00  1.47372304E+00
   416  1.66400000E+02  1.47372304E+00  1.47174912E+00  1.47372304E+00
   417  1.66800000E+02  1.47372304E+00  1.47174517E+00  1.47372304E+00
   418  1.67200000E+02  1.47372305E+00  1.47174146E+00  1.47372305E+00
   419  1.67600000E+02  1.47372305E+00  1.47173798E+00  1.47372305E+00
   420  1.68000000E+02  1.47372305E+00  1.47173471E+00  1.47372305E+00
   421  1.68400000E+02  1.47372306E+00  1.47173165E+00  1.47372306E+00
   422  1.68800000E+02  1.47372306E+00  1.47172879E+00  1.47372306E+00
   423  1.69200000E+02  1.47372306E+00  1.47172612E+00  1.47372306E+00
   424  1.69600000E+02  1.47372306E+00  1.47172362E+00  1.47372306E+00
   425  1.70000000E+02  1.47372306E+00  1.47172129E+00  1.47372306E+00
   426  1.70400000E+02  1.47372306E+00  1.47171913E+00  1.47372306E+00
   427  1.70800000E+02  1.47372307E+00  1.47171712E+00  1.47372307E+00
   428  1.71200000E+02  1.47372307E+00  1.47171525E+00  1.47372307E+00
   429  1.71600000E+02  1.47372307E+00  1.47171352E+00  1.47372307E+00
   430  1.72000000E+02  1.47372307E+00  1.47171192E+00  1.47372307E+00
   431  1.72400000E+02  1.47372307E+00  1.47171044E+00  1.47372307E+00
   432  1.72800000E+02  1.47372307E+00  1.47170908E+00  1.47372307E+00
   433  1.73200000E+02  1.47372307E+00  1.47170782E+00  1.47372307E+00
   434  1.73600000E+02  1.47372307E+00  1.47170667E+00  1.47372307E+00
   435  1.74000000E+02  1.47372307E+00  1.47170562E+00  1.47372307E+00
   436  1.74400000E+02  1.47372307E+00  1.47170466E+00  1.47372307E+00
   437  1.74800000E+02  1.47372307E+00  1.47170378E+00  1.47372307E+00
   438  1.75200000E+02  1.47372307E+00  1.47170298E+00  1.47372307E+00
   439  1.75600000E+02  1.47372307E+00  1.47170226E+00  1.47372307E+00
   440  1.76000000E+02  1.47372307E+00  1.47170161E+00  1.47372307E+00
   441  1.76400000E+02  1.47372307E+00  1.47170102E+00  1.47372307E+00
   442  1.76800000E+02  1.47372307E+00  1.47170050E+00  1.47372307E+00
   443  1.77200000E+02  1.47372307E+00  1.47170003E+00  1.47372307E+00
   444  1.77600000E+02  1.47372307E+00  1.47169961E+00  1.47372307E+00
   445  1.78000000E+02  1.47372307E+00  1.47169925E+00  1.47372307E+00
   446  1.78400000E+02  1.47372307E+00  1.47169893E+00  1.47372307E+00
   447  1.78800000E+02  1.47372307E+00  1.47169865E+00  1.47372307E+00
   448  1.79200000E+02  1.47372307E+00  1.47169841E+00  1.47372307E+00
   449  1.79600000E+02  1.47372307E+00  1.47169821E+00  1.47372307E+00
   450  1.80000000E+02  1.47372307E+00  1.47169804E+00  1.47372307E+00
   451  1.80400000E+02  1.47372307E+00  1.47169791E+00  1.47372307E+00
   452  1.80800000E+02  1.47372307E+00  1.47169780E+00  1.47372307E+00
   453  1.81200000E+02  1.47372307E+00  1.47169772E+00  1.47372307E+00
   454  1.81600000E+02  1.47372307E+00  1.47169766E+00  1.47372307E+00
   455  1.82000000E+02  1.47372307E+00  1.47169762E+00  1.47372307E+00
   456  1.82400000E+02  1.47372307E+00  1.47169760E+00  1.47372307E+00
   457  1.82800000E+02  1.47372307E+00  1.47169760E+00  1.47372307E+00
   458  1.83200000E+02  1.47372307E+00  1.47169762E+00  1.47372307E+00
   459  1.83600000E+02  1.47372307E+00  1.47169765E+00  1.47372307E+00
   460  1.84000000E+02  1.47372307E+00  1.47169770E+00  1.47372307E+00
   461  1.84400000E+02  1.47372307E+00  1.47169775E+00  1.47372307E+00
   462  1.84800000E+02  1.47372307E+00  1.47169782E+00  1.47372307E+00
   463  1.85200000E+02  1.47372307E+00  1.47169789E+00  1.47372307E+00
   464  1.85600000E+02  1.47372307E+00  1.47169798E+00  1.47372307E+00
   465  1.86000000E+02  1.47372307E+00  1.47169807E+00  1.47372307E+00
   466  1.86400000E+02  1.47372307E+00  1.47169816E+00  1.47372307E+00
   467  1.86800000E+02  1.47372306E+00  1.47169826E+00  1.47372306E+00
   468  1.87200000E+02  1.47372306E+00  1.47169837E+00  1.47372306E+00
   469  1.87600000E+02  1.47372306E+00  1.47169848E+00  1.47372306E+00
   470  1.88000000E+02  1.47372306E+00  1.47169859E+00  1.47372306E+00
   471  1.88400000E+02  1.47372306E+00  1.47169870E+00  1.47372306E+00
   472  1.88800000E+02  1.47372306E+00  1.47169882E+00  1.47372306E+00
   473  1.89200000E+02  1.47372306E+00  1.47169893E+00  1.47372306E+00
   474  1.89600000E+02  1.47372306E+00  1.47169905E+00  1.47372306E+00
   475  1.90000000E+02  1.47372306E+00  1.47169917E+00  1.47372306E+00
   476  1.90400000E+02  1.47372306E+00  1.47169928E+00  1.47372306E+00
   477  1.90800000E+02  1.47372306E+00  1.47169940E+00  1.47372306E+00
   478  1.91200000E+02  1.47372306E+00  1.47169951E+00  1.47372306E+00
   479  1.91600000E+02  1.47372306E+00  1.47169963E+00  1.47372306E+00
   480  1.92000000E+02  1.47372306E+00  1.47169974E+00  1.47372306E+00
   481  1.92400000E+02  1.47372306E+00  1.47169985E+00  1.47372306E+00
   482  1.92800000E+02  1.47372306E+00  1.47169996E+00  1.47372306E+00
   483  1.93200000E+02  1.47372306E+00  1.47170006E+00  1.47372306E+00
   484  1.93600000E+02  1.47372306E+00  1.47170017E+00  1.47372306E+00
   485  1.94000000E+02  1.47372306E+00  1.47170027E+00  1.47372306E+00
   486  1.94400000E+02  1.47372306E+00  1.47170037E+00  1.47372306E+00
   487  1.94800000E+02  1.47372306E+00  1.47170046E+00  1.47372306E+00
   488  1.95200000E+02  1.47372306E+00  1.47170056E+00  1.47372306E+00
   489  1.95600000E+02  1.47372306E+00  1.47170065E+00  1.47372306E+00
   490  1.96000000E+02  1.47372306E+00  1.47170074E+00  1.47372306E+00
   491  1.96400000E+02  1.47372306E+00  1.47170082E+00  1.47372306E+00
   492  1.96800000E+02  1.47372306E+00  1.47170090E+00  1.47372306E+00
   493  1.97200000E+02  1.47372306E+00  1.47170098E+00  1.47372306E+00
   494  1.97600000E+02  1.47372306E+00  1.47170106E+00  1.47372306E+00
   495  1.98000000E+02  1.47372306E+00  1.47170113E+00  1.47372306E+00
   496  1.98400000E+02  1.47372306E+00  1.47170121E+00  1.47372306E+00
   497  1.98800000E+02  1.47372306E+00  1.47170127E+00  1.47372306E+00
   498  1.99200000E+02  1.47372306E+00  1.47170134E+00  1.47372306E+00
   499  1.99600000E+02  1.47372306E+00  1.47170140E+00  1.47372306E+00
   500  2.00000000E+02  1.47372306E+00  1.47170146E+00  1.47372306E+00
   501  2.00400000E+02  1.47372306E+00  1.47170152E+00  1.47372306E+00
   502  2.00800000E+02  1.47372306E+00  1.47170158E+00  1.47372306E+00
   503  2.01200000E+02  1.47372306E+00  1.47170163E+00  1.47372306E+00
   504  2.01600000E+02  1.47372306E+00  1.47170168E+00  1.47372306E+00
   505  2.02000000E+02  1.47372306E+00  1.47170173E+00  1.47372306E+00
   506  2.02400000E+02  1.47372306E+00  1.47170178E+00  1.47372306E+00
   507  2.02800000E+02  1.47372306E+00  1.47170182E+00  1.47372306E+00
   508  2.03200000E+02  1.47372306E+00  1.47170186E+00  1.47372306E+00
   509  2.03600000E+02  1.47372306E+00  1.47170190E+00  1.47372306E+00
   510  2.04000000E+02  1.47372306E+00  1.47170194E+00  1.47372306E+00
   511  2.04400000E+02  1.47372306E+00  1.47170198E+00  1.47372306E+00
   512  2.04800000E+02  1.47372306E+00  1.47170201E+00  1.47372306E+00
   513  2.05200000E+02  1.47372306E+00  1.47170204E+00  1.47372306E+00
   514  2.05600000E+02  1.47372306E+00  1.47170207E+00  1.47372306E+00
   515  2.06000000E+02  1.47372306E+00  1.47170210E+00  1.47372306E+00
   516  2.06400000E+02  1.47372306E+00  1.47170213E+00  1.47372306E+00
   517  2.06800000E+02  1.47372306E+00  1.47170216E+00  1.47372306E+00
   518  2.07200000E+02  1.47372306E+00  1.47170218E+00  1.47372306E+00
   519  2.07600000E+02  1.47372306E+00  1.47170220E+00  1.47372306E+00
   520  2.08000000E+02  1.47372306E+00  1.47170222E+00  1.47372306E+00
   521  2.08400000E+02  1.47372306E+00  1.47170225E+00  1.47372306E+00
   522  2.08800000E+02  1.47372306E+00  1.47170226E+00  1.47372306E+00
   523  2.09200000E+02  1.47372306E+00  1.47170228E+00  1.47372306E+00
   524  2.09600000E+02  1.47372306E+00  1.47170230E+00  1.47372306E+00
   525  2.10000000E+02  1.47372306E+00  1.47170232E+00  1.47372306E+00
   526  2.10400000E+02  1.47372306E+00  1.47170233E+00  1.47372306E+00
   527  2.10800000E+02  1.47372306E+00  1.47170234E+00  1.47372306E+00
   528  2.11200000E+02  1.47372306E+00  1.47170236E+00  1.47372306E+00
   529  2.11600000E+02  1.47372306E+00  1.47170237E+00  1.47372306E+00
   530  2.12000000E+02  1.47372306E+00  1.47170238E+00  1.47372306E+00
   531  2.12400000E+02  1.47372306E+00  1.47170239E+00  1.47372306E+00
   532  2.12800000E+02  1.47372306E+00  1.47170240E+00  1.47372306E+00
   533  2.13200000E+02  1.47372306E+00  1.47170241E+00  1.47372306E+00
   534  2.13600000E+02  1.47372306E+00  1.47170242E+00  1.47372306E+00
   535  2.14000000E+02  1.47372306E+00  1.47170243E+00  1.47372306E+00
   536  2.14400000E+02  1.47372306E+00  1.47170243E+00  1.47372306E+00
   537  2.14800000E+02  1.47372306E+00  1.47170244E+00  1.47372306E+00
   538  2.15200000E+02  1.47372306E+00  1.47170245E+00  1.47372306E+00
   539  2.15600000E+02  1.47372306E+00  1.47170245E+00  1.47372306E+00
   540  2.16000000E+02  1.47372306E+00  1.47170246E+00  1.47372306E+00
   541  2.16400000E+02  1.47372306E+00  1.47170246E+00  1.47372306E+00
   542  2.16800000E+02  1.47372306E+00  1.47170247E+00  1.47372306E+00
   543  2.17200000E+02  1.47372306E+00  1.47170247E+00  1.47372306E+00
   544  2.17600000E+02  1.47372306E+00  1.47170247E+00  1.47372306E+00
   545  2.18000000E+02  1.47372306E+00  1.47170248E+00  1.47372306E+00
   546  2.18400000E+02  1.47372306E+00  1.47170248E+00  1.47372306E+00
   547  2.18800000E+02  1.47372306E+00  1.47170248E+00  1.47372306E+00
   548  2.19200000E+02  1.47372306E+00  1.47170248E+00  1.47372306E+00
   549  2.19600000E+02  1.47372306E+00  1.47170249E+00  1.47372306E+00
   550  2.20000000E+02  1.47372306E+00  1.47170249E+00  1.47372306E+00
   551  2.20400000E+02  1.47372306E+00  1.47170249E+00  1.47372306E+00
   552  2.20800000E+02  1.47372306E+00  1.47170249E+00  1.47372306E+00
   553  2.21200000E+02  1.47372306E+00  1.47170249E+00  1.47372306E+00
   554  2.21600000E+02  1.47372306E+00  1.47170249E+00  1.47372306E+00
   555  2.22000000E+02  1.47372306E+00  1.47170250E+00  1.47372306E+00
   556  2.22400000E+02  1.47372306E+00  1.47170250E+00  1.47372306E+00
   557  2.22800000E+02  1.47372306E+00  1.47170250E+00  1.47372306E+00
   558  2.23200000E+02  1.47372306E+00  1.47170250E+00  1.47372306E+00
   559  2.23600000E+02  1.47372306E+00  1.47170250E+00  1.47372306E+00
   560  2.24000000E+02  1.47372306E+00  1.47170250E+00  1.47372306E+00
   561  2.24400000E+02  1.47372306E+00  1.47170250E+00  1.47372306E+00
   562  2.24800000E+02  1.47372306E+00  1.47170250E+00  1.47372306E+00
   563  2.25200000E+02  1.47372306E+00  1.47170250E+00  1.47372306E+00
   564  2.25600000E+02  1.47372306E+00  1.47170250E+00  1.47372306E+00
   565  2.26000000E+02  1.47372306E+00  1.47170250E+00  1.47372306E+00
   566  2.26400000E+02  1.47372306E+00  1.47170250E+00  1.47372306E+00
   567  2.26800000E+02  1.47372306E+00  1.47170250E+00  1.47372306E+00
   568  2.27200000E+02  1.47372306E+00  1.47170250E+00  1.47372306E+00
   569  2.27600000E+02  1.47372306E+00  1.47170250E+00  1.47372306E+00
   570  2.28000000E+02  1.47372306E+00  1.47170250E+00  1.47372306E+00
   571  2.28400000E+02  1.47372306E+00  1.47170250E+00  1.47372306E+00
   572  2.28800000E+02  1.47372306E+00  1.47170250E+00  1.47372306E+00
   573  2.29200000E+02  1.47372306E+00  1.47170250E+00  1.47372306E+00
   574  2.29600000E+02  1.47372306E+00  1.47170250E+00  1.47372306E+00
   575  2.30000000E+02  1.47372306E+00  1.47170250E+00  1.47372306E+00
   576  2.30400000E+02  1.47372306E+00  1.47170250E+00  1.47372306E+00
   577  2.30800000E+02  1.47372306E+00  1.47170250E+00  1.47372306E+00
   578  2.31200000E+02  1.47372306E+00  1.47170250E+00  1.47372306E+00
   579  2.31600000E+02  1.47372306E+00  1.47170250E+00  1.47372306E+00
   580  2.32000000E+02  1.47372306E+00  1.47170250E+00  1.47372306E+00
   581  2.32400000E+02  1.47372306E+00  1.47170250E+00  1.47372306E+00
   582  2.32800000E+02  1.47372306E+00  1.47170250E+00  1.47372306E+00
   583  2.33200000E+02  1.47372306E+00  1.47170250E+00  1.47372306E+00
   584  2.33600000E+02  1.47372306E+00  1.47170250E+00  1.47372306E+00
   585  2.34000000E+02  1.47372306E+00  1.47170250E+00  1.47372306E+00
   586  2.34400000E+02  1.47372306E+00  1.47170250E+00  1.47372306E+00
   587  2.34800000E+02  1.47372306E+00  1.47170250E+00  1.47372306E+00
   588  2.35200000E+02  1.47372306E+00  1.47170250E+00  1.47372306E+00
   589  2.35600000E+02  1.47372306E+00  1.47170250E+00  1.47372306E+00
   590  2.36000000E+02  1.47372306E+00  1.47170250E+00  1.47372306E+00
   591  2.36400000E+02  1.47372306E+00  1.47170249E+00  1.47372306E+00
   592  2.36800000E+02  1.47372306E+00  1.47170249E+00  1.47372306E+00
   593  2.37200000E+02  1.47372306E+00  1.47170249E+00  1.47372306E+00
   594  2.37600000E+02  1.47372306E+00  1.47170249E+00  1.47372306E+00
   595  2.38000000E+02  1.47372306E+00  1.47170249E+00  1.47372306E+00
   596  2.38400000E+02  1.47372306E+00  1.47170249E+00  1.47372306E+00
   597  2.38800000E+02  1.47372306E+00  1.47170249E+00  1.47372306E+00
   598  2.39200000E+02  1.47372306E+00  1.47170249E+00  1.47372306E+00
   599  2.39600000E+02  1.47372306E+00  1.47170249E+00  1.47372306E+00
   600  2.40000000E+02  1.47372306E+00  1.47170249E+00  1.47372306E+00
   601  2.40400000E+02  1.47372306E+00  1.47170249E+00  1.47372306E+00
   602  2.40800000E+02  1.47372306E+00  1.47170249E+00  1.47372306E+00
   603  2.41200000E+02  1.47372306E+00  1.47170249E+00  1.47372306E+00
   604  2.41600000E+02  1.47372306E+00  1.47170249E+00  1.47372306E+00
   605  2.42000000E+02  1.47372306E+00  1.47170249E+00  1.47372306E+00
   606  2.42400000E+02  1.47372306E+00  1.47170249E+00  1.47372306E+00
   607  2.42800000E+02  1.47372306E+00  1.47170249E+00  1.47372306E+00
   608  2.43200000E+02  1.47372306E+00  1.47170249E+00  1.47372306E+00
   609  2.43600000E+02  1.47372306E+00  1.47170249E+00  1.47372306E+00
   610  2.44000000E+02  1.47372306E+00  1.47170249E+00  1.47372306E+00
   611  2.44400000E+02  1.47372306E+00  1.47170249E+00  1.47372306E+00
   612  2.44800000E+02  1.47372306E+00  1.47170249E+00  1.47372306E+00
   613  2.45200000E+02  1.47372306E+00  1.47170249E+00  1.47372306E+00
   614  2.45600000E+02  1.47372306E+00  1.47170249E+00  1.47372306E+00
   615  2.46000000E+02  1.47372306E+00  1.47170249E+00  1.47372306E+00
   616  2.46400000E+02  1.47372306E+00  1.47170249E+00  1.47372306E+00
   617  2.46800000E+02  1.47372306E+00  1.47170249E+00  1.47372306E+00
   618  2.47200000E+02  1.47372306E+00  1.47170249E+00  1.47372306E+00
   619  2.47600000E+02  1.47372306E+00  1.47170249E+00  1.47372306E+00
   620  2.48000000E+02  1.47372306E+00  1.47170249E+00  1.47372306E+00
   621  2.48400000E+02  1.47372306E+00  1.47170249E+00  1.47372306E+00
   622  2.48800000E+02  1.47372306E+00  1.47170249E+00  1.47372306E+00
   623  2.49200000E+02  1.47372306E+00  1.47170249E+00  1.47372306E+00
   624  2.49600000E+02  1.47372306E+00  1.47170249E+00  1.47372306E+00
   625  2.50000000E+02  1.47372306E+00  1.47170249E+00  1.47372306E+00
   626  2.50400000E+02  1.47372306E+00  1.47170249E+00  1.47372306E+00
   627  2.50800000E+02  1.47372306E+00  1.47170249E+00  1.47372306E+00
   628  2.51200000E+02  1.47372306E+00  1.47170249E+00  1.47372306E+00
   629  2.51600000E+02  1.47372306E+00  1.47170249E+00  1.47372306E+00
   630  2.52000000E+02  1.47372306E+00  1.47170249E+00  1.47372306E+00
   631  2.52400000E+02  1.47372306E+00  1.47170249E+00  1.47372306E+00
   632  2.52800000E+02  1.47372306E+00  1.47170249E+00  1.47372306E+00
   633  2.53200000E+02  1.47372306E+00  1.47170249E+00  1.47372306E+00
   634  2.53600000E+02  1.47372306E+00  1.47170249E+00  1.47372306E+00
   635  2.54000000E+02  1.47372306E+00  1.47170249E+00  1.47372306E+00
   636  2.54400000E+02  1.47372306E+00  1.47170249E+00  1.47372306E+00
   637  2.54800000E+02  1.47372306E+00  1.47170249E+00  1.47372306E+00
   638  2.55200000E+02  1.47372306E+00  1.47170249E+00  1.47372306E+00
   639  2.55600000E+02  1.47372306E+00  1.47170249E+00  1.47372306E+00
   640  2.56000000E+02  1.47372306E+00  1.47170249E+00  1.47372306E+00
   641  2.56400000E+02  1.47372306E+00  1.47170249E+00  1.47372306E+00
   642  2.56800000E+02  1.47372306E+00  1.47170249E+00  1.47372306E+00
   643  2.57200000E+02  1.47372306E+00  1.47170249E+00  1.47372306E+00
   644  2.57600000E+02  1.47372306E+00  1.47170249E+00  1.47372306E+00
   645  2.58000000E+02  1.47372306E+00  1.47170249E+00  1.47372306E+00
   646  2.58400000E+02  1.47372306E+00  1.47170249E+00  1.47372306E+00
   647  2.58800000E+02  1.47372306E+00  1.47170249E+00  1.47372306E+00
   648  2.59200000E+02  1.47372306E+00  1.47170249E+00  1.47372306E+00
   649  2.59600000E+02  1.47372306E+00  1.47170249E+00  1.47372306E+00
   650  2.60000000E+02  1.47372306E+00  1.47170249E+00  1.47372306E+00
   651  2.60400000E+02  1.47372306E+00  1.47170249E+00  1.47372306E+00
   652  2.60800000E+02  1.47372306E+00  1.47170249E+00  1.47372306E+00
   653  2.61200000E+02  1.47372306E+00  1.47170249E+00  1.47372306E+00
   654  2.61600000E+02  1.47372306E+00  1.47170249E+00  1.47372306E+00
   655  2.62000000E+02  1.47372306E+00  1.47170249E+00  1.47372306E+00
   656  2.62400000E+02  1.47372306E+00  1.47170249E+00  1.47372306E+00
   657  2.62800000E+02  1.47372306E+00  1.47170249E+00  1.47372306E+00
   658  2.63200000E+02  1.47372306E+00  1.47170249E+00  1.47372306E+00
   659  2.63600000E+02  1.47372306E+00  1.47170249E+00  1.47372306E+00
   660  2.64000000E+02  1.47372306E+00  1.47170249E+00  1.47372306E+00
   661  2.64400000E+02  1.47372306E+00  1.47170249E+00  1.47372306E+00
   662  2.64800000E+02  1.47372306E+00  1.47170249E+00  1.47372306E+00
   663  2.65200000E+02  1.47372306E+00  1.47170249E+00  1.47372306E+00
   664  2.65600000E+02  1.47372306E+00  1.47170249E+00  1.47372306E+00
   665  2.66000000E+02  1.47372306E+00  1.47170249E+00  1.47372306E+00
   666  2.66400000E+02  1.47372306E+00  1.47170249E+00  1.47372306E+00
   667  2.66800000E+02  1.47372306E+00  1.47170249E+00  1.47372306E+00
   668  2.67200000E+02  1.47372306E+00  1.47170249E+00  1.47372306E+00
   669  2.67600000E+02  1.47372306E+00  1.47170249E+00  1.47372306E+00
   670  2.68000000E+02  1.47372306E+00  1.47170249E+00  1.47372306E+00
   671  2.68400000E+02  1.47372306E+00  1.47170249E+00  1.47372306E+00
   672  2.68800000E+02  1.47372306E+00  1.47170249E+00  1.47372306E+00
   673  2.69200000E+02  1.47372306E+00  1.47170249E+00  1.47372306E+00
   674  2.69600000E+02  1.47372306E+00  1.47170249E+00  1.47372306E+00
   675  2.70000000E+02  1.47372306E+00  1.47170249E+00  1.47372306E+00
   676  2.70400000E+02  1.47372306E+00  1.47170249E+00  1.47372306E+00
   677  2.70800000E+02  1.47372306E+00  1.47170249E+00  1.47372306E+00
   678  2.71200000E+02  1.47372306E+00  1.47170249E+00  1.47372306E+00
   679  2.71600000E+02  1.47372306E+00  1.47170249E+00  1.47372306E+00
   680  2.72000000E+02  1.47372306E+00  1.47170249E+00  1.47372306E+00
   681  2.72400000E+02  1.47372306E+00  1.47170249E+00  1.47372306E+00
   682  2.72800000E+02  1.47372306E+00  1.47170249E+00  1.47372306E+00
   683  2.73200000E+02  1.47372306E+00  1.47170249E+00  1.47372306E+00
   684  2.73600000E+02  1.47372306E+00  1.47170249E+00  1.47372306E+00
   685  2.74000000E+02  1.47372306E+00  1.47170249E+00  1.47372306E+00
   686  2.74400000E+02  1.47372306E+00  1.47170249E+00  1.47372306E+00
   687  2.74800000E+02  1.47372306E+00  1.47170249E+00  1.47372306E+00
   688  2.75200000E+02  1.47372306E+00  1.47170249E+00  1.47372306E+00
   689  2.75600000E+02  1.47372306E+00  1.47170249E+00  1.47372306E+00
   690  2.76000000E+02  1.47372306E+00  1.47170249E+00  1.47372306E+00
   691  2.76400000E+02  1.47372306E+00  1.47170249E+00  1.47372306E+00
   692  2.76800000E+02  1.47372306E+00  1.47170249E+00  1.47372306E+00
   693  2.77200000E+02  1.47372306E+00  1.47170249E+00  1.47372306E+00
   694  2.77600000E+02  1.47372306E+00  1.47170249E+00  1.47372306E+00
   695  2.78000000E+02  1.47372306E+00  1.47170249E+00  1.47372306E+00
   696  2.78400000E+02  1.47372306E+00  1.47170249E+00  1.47372306E+00
   697  2.78800000E+02  1.47372306E+00  1.47170249E+00  1.47372306E+00
   698  2.79200000E+02  1.47372306E+00  1.47170249E+00  1.47372306E+00
   699  2.79600000E+02  1.47372306E+00  1.47170249E+00  1.47372306E+00
   700  2.80000000E+02  1.47372306E+00  1.47170249E+00  1.47372306E+00
   701  2.80400000E+02  1.47372306E+00  1.47170249E+00  1.47372306E+00
   702  2.80800000E+02  1.47372306E+00  1.47170249E+00  1.47372306E+00
   703  2.81200000E+02  1.47372306E+00  1.47170249E+00  1.47372306E+00
   704  2.81600000E+02  1.47372306E+00  1.47170249E+00  1.47372306E+00
   705  2.82000000E+02  1.47372306E+00  1.47170249E+00  1.47372306E+00
   706  2.82400000E+02  1.47372306E+00  1.47170249E+00  1.47372306E+00
   707  2.82800000E+02  1.47372306E+00  1.47170249E+00  1.47372306E+00
   708  2.83200000E+02  1.47372306E+00  1.47170249E+00  1.47372306E+00
   709  2.83600000E+02  1.47372306E+00  1.47170249E+00  1.47372306E+00
   710  2.84000000E+02  1.47372306E+00  1.47170249E+00  1.47372306E+00
   711  2.84400000E+02  1.47372306E+00  1.47170249E+00  1.47372306E+00
   712  2.84800000E+02  1.47372306E+00  1.47170249E+00  1.47372306E+00
   713  2.85200000E+02  1.47372306E+00  1.47170249E+00  1.47372306E+00
   714  2.85600000E+02  1.47372306E+00  1.47170249E+00  1.47372306E+00
   715  2.86000000E+02  1.47372306E+00  1.47170249E+00  1.47372306E+00
   716  2.86400000E+02  1.47372306E+00  1.47170249E+00  1.47372306E+00
   717  2.86800000E+02  1.47372306E+00  1.47170249E+00  1.47372306E+00
   718  2.87200000E+02  1.47372306E+00  1.47170249E+00  1.47372306E+00
   719  2.87600000E+02  1.47372306E+00  1.47170249E+00  1.47372306E+00
   720  2.88000000E+02  1.47372306E+00  1.47170249E+00  1.47372306E+00
   721  2.88400000E+02  1.47372306E+00  1.47170249E+00  1.47372306E+00
   722  2.88800000E+02  1.47372306E+00  1.47170249E+00  1.47372306E+00
   723  2.89200000E+02  1.47372306E+00  1.47170249E+00  1.47372306E+00
   724  2.89600000E+02  1.47372306E+00  1.47170249E+00  1.47372306E+00
   725  2.90000000E+02  1.47372306E+00  1.47170249E+00  1.47372306E+00
   726  2.90400000E+02  1.47372306E+00  1.47170249E+00  1.47372306E+00
   727  2.90800000E+02  1.47372306E+00  1.47170249E+00  1.47372306E+00
   728  2.91200000E+02  1.47372306E+00  1.47170249E+00  1.47372306E+00
   729  2.91600000E+02  1.47372306E+00  1.47170249E+00  1.47372306E+00
   730  2.92000000E+02  1.47372306E+00  1.47170249E+00  1.47372306E+00
   731  2.92400000E+02  1.47372306E+00  1.47170249E+00  1.47372306E+00
   732  2.92800000E+02  1.47372306E+00  1.47170249E+00  1.47372306E+00
   733  2.93200000E+02  1.47372306E+00  1.47170249E+00  1.47372306E+00
   734  2.93600000E+02  1.47372306E+00  1.47170249E+00  1.47372306E+00
   735  2.94000000E+02  1.47372306E+00  1.47170249E+00  1.47372306E+00
   736  2.94400000E+02  1.47372306E+00  1.47170249E+00  1.47372306E+00
   737  2.94800000E+02  1.47372306E+00  1.47170249E+00  1.47372306E+00
   738  2.95200000E+02  1.47372306E+00  1.47170249E+00  1.47372306E+00
   739  2.95600000E+02  1.47372306E+00  1.47170249E+00  1.47372306E+00
   740  2.96000000E+02  1.47372306E+00  1.47170249E+00  1.47372306E+00
   741  2.96400000E+02  1.47372306E+00  1.47170249E+00  1.47372306E+00
   742  2.96800000E+02  1.47372306E+00  1.47170249E+00  1.47372306E+00
   743  2.97200000E+02  1.47372306E+00  1.47170249E+00  1.47372306E+00
   744  2.97600000E+02  1.47372306E+00  1.47170249E+00  1.47372306E+00
   745  2.98000000E+02  1.47372306E+00  1.47170249E+00  1.47372306E+00
   746  2.98400000E+02  1.47372306E+00  1.47170249E+00  1.47372306E+00
   747  2.98800000E+02  1.47372306E+00  1.47170249E+00  1.47372306E+00
   748  2.99200000E+02  1.47372306E+00  1.47170249E+00  1.47372306E+00
   749  2.99600000E+02  1.47372306E+00  1.47170249E+00  1.47372306E+00
   750  3.00000000E+02  1.47372306E+00  1.47170249E+00  1.47372306E+00
   751  3.00400000E+02  1.47372306E+00  1.47170249E+00  1.47372306E+00
   752  3.00800000E+02  1.47372306E+00  1.47170249E+00  1.47372306E+00
   753  3.01200000E+02  1.47372306E+00  1.47170249E+00  1.47372306E+00
   754  3.01600000E+02  1.47372306E+00  1.47170249E+00  1.47372306E+00
   755  3.02000000E+02  1.47372306E+00  1.47170249E+00  1.47372306E+00
   756  3.02400000E+02  1.47372306E+00  1.47170249E+00  1.47372306E+00
   757  3.02800000E+02  1.47372306E+00  1.47170249E+00  1.47372306E+00
   758  3.03200000E+02  1.47372306E+00  1.47170249E+00  1.47372306E+00
   759  3.03600000E+02  1.47372306E+00  1.47170249E+00  1.47372306E+00
   760  3.04000000E+02  1.47372306E+00  1.47170249E+00  1.47372306E+00
   761  3.04400000E+02  1.47372306E+00  1.47170249E+00  1.47372306E+00
   762  3.04800000E+02  1.47372306E+00  1.47170249E+00  1.47372306E+00
   763  3.05200000E+02  1.47372306E+00  1.47170249E+00  1.47372306E+00
   764  3.05600000E+02  1.47372306E+00  1.47170249E+00  1.47372306E+00
   765  3.06000000E+02  1.47372306E+00  1.47170249E+00  1.47372306E+00
   766  3.06400000E+02  1.47372306E+00  1.47170249E+00  1.47372306E+00
   767  3.06800000E+02  1.47372306E+00  1.47170249E+00  1.47372306E+00
   768  3.07200000E+02  1.47372306E+00  1.47170249E+00  1.47372306E+00
   769  3.07600000E+02  1.47372306E+00  1.47170249E+00  1.47372306E+00
   770  3.08000000E+02  1.47372306E+00  1.47170249E+00  1.47372306E+00
   771  3.08400000E+02  1.47372306E+00  1.47170249E+00  1.47372306E+00
   772  3.08800000E+02  1.47372306E+00  1.47170249E+00  1.47372306E+00
   773  3.09200000E+02  1.47372306E+00  1.47170249E+00  1.47372306E+00
   774  3.09600000E+02  1.47372306E+00  1.47170249E+00  1.47372306E+00
   775  3.10000000E+02  1.47372306E+00  1.47170249E+00  1.47372306E+00
   776  3.10400000E+02  1.47372306E+00  1.47170249E+00  1.47372306E+00
   777  3.10800000E+02  1.47372306E+00  1.47170249E+00  1.47372306E+00
   778  3.11200000E+02  1.47372306E+00  1.47170249E+00  1.47372306E+00
   779  3.11600000E+02  1.47372306E+00  1.47170249E+00  1.47372306E+00
   780  3.12000000E+02  1.47372306E+00  1.47170249E+00  1.47372306E+00
   781  3.12400000E+02  1.47372306E+00  1.47170249E+00  1.47372306E+00
   782  3.12800000E+02  1.47372306E+00  1.47170249E+00  1.47372306E+00
   783  3.13200000E+02  1.47372306E+00  1.47170249E+00  1.47372306E+00
   784  3.13600000E+02  1.47372306E+00  1.47170249E+00  1.47372306E+00
   785  3.14000000E+02  1.47372306E+00  1.47170249E+00  1.47372306E+00
   786  3.14400000E+02  1.47372306E+00  1.47170249E+00  1.47372306E+00
   787  3.14800000E+02  1.47372306E+00  1.47170249E+00  1.47372306E+00
   788  3.15200000E+02  1.47372306E+00  1.47170249E+00  1.47372306E+00
   789  3.15600000E+02  1.47372306E+00  1.47170249E+00  1.47372306E+00
   790  3.16000000E+02  1.47372306E+00  1.47170249E+00  1.47372306E+00
   791  3.16400000E+02  1.47372306E+00  1.47170249E+00  1.47372306E+00
   792  3.16800000E+02  1.47372306E+00  1.47170249E+00  1.47372306E+00
   793  3.17200000E+02  1.47372306E+00  1.47170249E+00  1.47372306E+00
   794  3.17600000E+02  1.47372306E+00  1.47170249E+00  1.47372306E+00
   795  3.18000000E+02  1.47372306E+00  1.47170249E+00  1.47372306E+00
   796  3.18400000E+02  1.47372306E+00  1.47170249E+00  1.47372306E+00
   797  3.18800000E+02  1.47372306E+00  1.47170249E+00  1.47372306E+00
   798  3.19200000E+02  1.47372306E+00  1.47170249E+00  1.47372306E+00
   799  3.19600000E+02  1.47372306E+00  1.47170249E+00  1.47372306E+00
   800  3.20000000E+02  1.47372306E+00  1.47170249E+00  1.47372306E+00
   801  3.20400000E+02  1.47372306E+00  1.47170249E+00  1.47372306E+00
   802  3.20800000E+02  1.47372306E+00  1.47170249E+00  1.47372306E+00
   803  3.21200000E+02  1.47372306E+00  1.47170249E+00  1.47372306E+00
   804  3.21600000E+02  1.47372306E+00  1.47170249E+00  1.47372306E+00
   805  3.22000000E+02  1.47372306E+00  1.47170249E+00  1.47372306E+00
   806  3.22400000E+02  1.47372306E+00  1.47170249E+00  1.47372306E+00
   807  3.22800000E+02  1.47372306E+00  1.47170249E+00  1.47372306E+00
   808  3.23200000E+02  1.47372306E+00  1.47170249E+00  1.47372306E+00
   809  3.23600000E+02  1.47372306E+00  1.47170249E+00  1.47372306E+00
   810  3.24000000E+02  1.47372306E+00  1.47170249E+00  1.47372306E+00
   811  3.24400000E+02  1.47372306E+00  1.47170249E+00  1.47372306E+00
   812  3.24800000E+02  1.47372306E+00  1.47170249E+00  1.47372306E+00
   813  3.25200000E+02  1.47372306E+00  1.47170249E+00  1.47372306E+00
   814  3.25600000E+02  1.47372306E+00  1.47170249E+00  1.47372306E+00
   815  3.26000000E+02  1.47372306E+00  1.47170249E+00  1.47372306E+00
   816  3.26400000E+02  1.47372306E+00  1.47170249E+00  1.47372306E+00
   817  3.26800000E+02  1.47372306E+00  1.47170249E+00  1.47372306E+00
   818  3.27200000E+02  1.47372306E+00  1.47170249E+00  1.47372306E+00
   819  3.27600000E+02  1.47372306E+00  1.47170249E+00  1.47372306E+00
   820  3.28000000E+02  1.47372306E+00  1.47170249E+00  1.47372306E+00
   821  3.28400000E+02  1.47372306E+00  1.47170249E+00  1.47372306E+00
   822  3.28800000E+02  1.47372306E+00  1.47170249E+00  1.47372306E+00
   823  3.29200000E+02  1.47372306E+00  1.47170249E+00  1.47372306E+00
   824  3.29600000E+02  1.47372306E+00  1.47170249E+00  1.47372306E+00
   825  3.30000000E+02  1.47372306E+00  1.47170249E+00  1.47372306E+00
   826  3.30400000E+02  1.47372306E+00  1.47170249E+00  1.47372306E+00
   827  3.30800000E+02  1.47372306E+00  1.47170249E+00  1.47372306E+00
   828  3.31200000E+02  1.47372306E+00  1.47170249E+00  1.47372306E+00
   829  3.31600000E+02  1.47372306E+00  1.47170249E+00  1.47372306E+00
   830  3.32000000E+02  1.47372306E+00  1.47170249E+00  1.47372306E+00
   831  3.32400000E+02  1.47372306E+00  1.47170249E+00  1.47372306E+00
   832  3.32800000E+02  1.47372306E+00  1.47170249E+00  1.47372306E+00
   833  3.33200000E+02  1.47372306E+00  1.47170249E+00  1.47372306E+00
   834  3.33600000E+02  1.47372306E+00  1.47170249E+00  1.47372306E+00
   835  3.34000000E+02  1.47372306E+00  1.47170249E+00  1.47372306E+00
   836  3.34400000E+02  1.47372306E+00  1.47170249E+00  1.47372306E+00
   837  3.34800000E+02  1.47372306E+00  1.47170249E+00  1.47372306E+00
   838  3.35200000E+02  1.47372306E+00  1.47170249E+00  1.47372306E+00
   839  3.35600000E+02  1.47372306E+00  1.47170249E+00  1.47372306E+00
   840  3.36000000E+02  1.47372306E+00  1.47170249E+00  1.47372306E+00
   841  3.36400000E+02  1.47372306E+00  1.47170249E+00  1.47372306E+00
   842  3.36800000E+02  1.47372306E+00  1.47170249E+00  1.47372306E+00
   843  3.37200000E+02  1.47372306E+00  1.47170249E+00  1.47372306E+00
   844  3.37600000E+02  1.47372306E+00  1.47170249E+00  1.47372306E+00
   845  3.38000000E+02  1.47372306E+00  1.47170249E+00  1.47372306E+00
   846  3.38400000E+02  1.47372306E+00  1.47170249E+00  1.47372306E+00
   847  3.38800000E+02  1.47372306E+00  1.47170249E+00  1.47372306E+00
   848  3.39200000E+02  1.47372306E+00  1.47170249E+00  1.47372306E+00
   849  3.39600000E+02  1.47372306E+00  1.47170249E+00  1.47372306E+00
   850  3.40000000E+02  1.47372306E+00  1.47170249E+00  1.47372306E+00
   851  3.40400000E+02  1.47372306E+00  1.47170249E+00  1.47372306E+00
   852  3.40800000E+02  1.47372306E+00  1.47170249E+00  1.47372306E+00
   853  3.41200000E+02  1.47372306E+00  1.47170249E+00  1.47372306E+00
   854  3.41600000E+02  1.47372306E+00  1.47170249E+00  1.47372306E+00
   855  3.42000000E+02  1.47372306E+00  1.47170249E+00  1.47372306E+00
   856  3.42400000E+02  1.47372306E+00  1.47170249E+00  1.47372306E+00
   857  3.42800000E+02  1.47372306E+00  1.47170249E+00  1.47372306E+00
   858  3.43200000E+02  1.47372306E+00  1.47170249E+00  1.47372306E+00
   859  3.43600000E+02  1.47372306E+00  1.47170249E+00  1.47372306E+00
   860  3.44000000E+02  1.47372306E+00  1.47170249E+00  1.47372306E+00
   861  3.44400000E+02  1.47372306E+00  1.47170249E+00  1.47372306E+00
   862  3.44800000E+02  1.47372306E+00  1.47170249E+00  1.47372306E+00
   863  3.45200000E+02  1.47372306E+00  1.47170249E+00  1.47372306E+00
   864  3.45600000E+02  1.47372306E+00  1.47170249E+00  1.47372306E+00
   865  3.46000000E+02  1.47372306E+00  1.47170249E+00  1.47372306E+00
   866  3.46400000E+02  1.47372306E+00  1.47170249E+00  1.47372306E+00
   867  3.46800000E+02  1.47372306E+00  1.47170249E+00  1.47372306E+00
   868  3.47200000E+02  1.47372306E+00  1.47170249E+00  1.47372306E+00
   869  3.47600000E+02  1.47372306E+00  1.47170249E+00  1.47372306E+00
   870  3.48000000E+02  1.47372306E+00  1.47170249E+00  1.47372306E+00
   871  3.48400000E+02  1.47372306E+00  1.47170249E+00  1.47372306E+00
   872  3.48800000E+02  1.47372306E+00  1.47170249E+00  1.47372306E+00
   873  3.49200000E+02  1.47372306E+00  1.47170249E+00  1.47372306E+00
   874  3.49600000E+02  1.47372306E+00  1.47170249E+00  1.47372306E+00
   875  3.50000000E+02  1.47372306E+00  1.47170249E+00  1.47372306E+00
   876  3.50400000E+02  1.47372306E+00  1.47170249E+00  1.47372306E+00
   877  3.50800000E+02  1.47372306E+00  1.47170249E+00  1.47372306E+00
   878  3.51200000E+02  1.47372306E+00  1.47170249E+00  1.47372306E+00
   879  3.51600000E+02  1.47372306E+00  1.47170249E+00  1.47372306E+00
   880  3.52000000E+02  1.47372306E+00  1.47170249E+00  1.47372306E+00
   881  3.52400000E+02  1.47372306E+00  1.47170249E+00  1.47372306E+00
   882  3.52800000E+02  1.47372306E+00  1.47170249E+00  1.47372306E+00
   883  3.53200000E+02  1.47372306E+00  1.47170249E+00  1.47372306E+00
   884  3.53600000E+02  1.47372306E+00  1.47170249E+00  1.47372306E+00
   885  3.54000000E+02  1.47372306E+00  1.47170249E+00  1.47372306E+00
   886  3.54400000E+02  1.47372306E+00  1.47170249E+00  1.47372306E+00
   887  3.54800000E+02  1.47372306E+00  1.47170249E+00  1.47372306E+00
   888  3.55200000E+02  1.47372306E+00  1.47170249E+00  1.47372306E+00
   889  3.55600000E+02  1.47372306E+00  1.47170249E+00  1.47372306E+00
   890  3.56000000E+02  1.47372306E+00  1.47170249E+00  1.47372306E+00
   891  3.56400000E+02  1.47372306E+00  1.47170249E+00  1.47372306E+00
   892  3.56800000E+02  1.47372306E+00  1.47170249E+00  1.47372306E+00
   893  3.57200000E+02  1.47372306E+00  1.47170249E+00  1.47372306E+00
   894  3.57600000E+02  1.47372306E+00  1.47170249E+00  1.47372306E+00
   895  3.58000000E+02  1.47372306E+00  1.47170249E+00  1.47372306E+00
   896  3.58400000E+02  1.47372306E+00  1.47170249E+00  1.47372306E+00
   897  3.58800000E+02  1.47372306E+00  1.47170249E+00  1.47372306E+00
   898  3.59200000E+02  1.47372306E+00  1.47170249E+00  1.47372306E+00
   899  3.59600000E+02  1.47372306E+00  1.47170249E+00  1.47372306E+00
   900  3.60000000E+02  1.47372306E+00  1.47170249E+00  1.47372306E+00
   901  3.60400000E+02  1.47372306E+00  1.47170249E+00  1.47372306E+00
   902  3.60800000E+02  1.47372306E+00  1.47170249E+00  1.47372306E+00
   903  3.61200000E+02  1.47372306E+00  1.47170249E+00  1.47372306E+00
   904  3.61600000E+02  1.47372306E+00  1.47170249E+00  1.47372306E+00
   905  3.62000000E+02  1.47372306E+00  1.47170249E+00  1.47372306E+00
   906  3.62400000E+02  1.47372306E+00  1.47170249E+00  1.47372306E+00
   907  3.62800000E+02  1.47372306E+00  1.47170249E+00  1.47372306E+00
   908  3.63200000E+02  1.47372306E+00  1.47170249E+00  1.47372306E+00
   909  3.63600000E+02  1.47372306E+00  1.47170249E+00  1.47372306E+00
   910  3.64000000E+02  1.47372306E+00  1.47170249E+00  1.47372306E+00
   911  3.64400000E+02  1.47372306E+00  1.47170249E+00  1.47372306E+00
   912  3.64800000E+02  1.47372306E+00  1.47170249E+00  1.47372306E+00
   913  3.65200000E+02  1.47372306E+00  1.47170249E+00  1.47372306E+00
   914  3.65600000E+02  1.47372306E+00  1.47170249E+00  1.47372306E+00
   915  3.66000000E+02  1.47372306E+00  1.47170249E+00  1.47372306E+00
   916  3.66400000E+02  1.47372306E+00  1.47170249E+00  1.47372306E+00
   917  3.66800000E+02  1.47372306E+00  1.47170249E+00  1.47372306E+00
   918  3.67200000E+02  1.47372306E+00  1.47170249E+00  1.47372306E+00
   919  3.67600000E+02  1.47372306E+00  1.47170249E+00  1.47372306E+00
   920  3.68000000E+02  1.47372306E+00  1.47170249E+00  1.47372306E+00
   921  3.68400000E+02  1.47372306E+00  1.47170249E+00  1.47372306E+00
   922  3.68800000E+02  1.47372306E+00  1.47170249E+00  1.47372306E+00
   923  3.69200000E+02  1.47372306E+00  1.47170249E+00  1.47372306E+00
   924  3.69600000E+02  1.47372306E+00  1.47170249E+00  1.47372306E+00
   925  3.70000000E+02  1.47372306E+00  1.47170249E+00  1.47372306E+00
   926  3.70400000E+02  1.47372306E+00  1.47170249E+00  1.47372306E+00
   927  3.70800000E+02  1.47372306E+00  1.47170249E+00  1.47372306E+00
   928  3.71200000E+02  1.47372306E+00  1.47170249E+00  1.47372306E+00
   929  3.71600000E+02  1.47372306E+00  1.47170249E+00  1.47372306E+00
   930  3.72000000E+02  1.47372306E+00  1.47170249E+00  1.47372306E+00
   931  3.72400000E+02  1.47372306E+00  1.47170249E+00  1.47372306E+00
   932  3.72800000E+02  1.47372306E+00  1.47170249E+00  1.47372306E+00
   933  3.73200000E+02  1.47372306E+00  1.47170249E+00  1.47372306E+00
   934  3.73600000E+02  1.47372306E+00  1.47170249E+00  1.47372306E+00
   935  3.74000000E+02  1.47372306E+00  1.47170249E+00  1.47372306E+00
   936  3.74400000E+02  1.47372306E+00  1.47170249E+00  1.47372306E+00
   937  3.74800000E+02  1.47372306E+00  1.47170249E+00  1.47372306E+00
   938  3.75200000E+02  1.47372306E+00  1.47170249E+00  1.47372306E+00
   939  3.75600000E+02  1.47372306E+00  1.47170249E+00  1.47372306E+00
   940  3.76000000E+02  1.47372306E+00  1.47170249E+00  1.47372306E+00
   941  3.76400000E+02  1.47372306E+00  1.47170249E+00  1.47372306E+00
   942  3.76800000E+02  1.47372306E+00  1.47170249E+00  1.47372306E+00
   943  3.77200000E+02  1.47372306E+00  1.47170249E+00  1.47372306E+00
   944  3.77600000E+02  1.47372306E+00  1.47170249E+00  1.47372306E+00
   945  3.78000000E+02  1.47372306E+00  1.47170249E+00  1.47372306E+00
   946  3.78400000E+02  1.47372306E+00  1.47170249E+00  1.47372306E+00
   947  3.78800000E+02  1.47372306E+00  1.47170249E+00  1.47372306E+00
   948  3.79200000E+02  1.47372306E+00  1.47170249E+00  1.47372306E+00
   949  3.79600000E+02  1.47372306E+00  1.47170249E+00  1.47372306E+00
   950  3.80000000E+02  1.47372306E+00  1.47170249E+00  1.47372306E+00
   951  3.80400000E+02  1.47372306E+00  1.47170249E+00  1.47372306E+00
   952  3.80800000E+02  1.47372306E+00  1.47170249E+00  1.47372306E+00
   953  3.81200000E+02  1.47372306E+00  1.47170249E+00  1.47372306E+00
   954  3.81600000E+02  1.47372306E+00  1.47170249E+00  1.47372306E+00
   955  3.82000000E+02  1.47372306E+00  1.47170249E+00  1.47372306E+00
   956  3.82400000E+02  1.47372306E+00  1.47170249E+00  1.47372306E+00
   957  3.82800000E+02  1.47372306E+00  1.47170249E+00  1.47372306E+00
   958  3.83200000E+02  1.47372306E+00  1.47170249E+00  1.47372306E+00
   959  3.83600000E+02  1.47372306E+00  1.47170249E+00  1.47372306E+00
   960  3.84000000E+02  1.47372306E+00  1.47170249E+00  1.47372306E+00
   961  3.84400000E+02  1.47372306E+00  1.47170249E+00  1.47372306E+00
   962  3.84800000E+02  1.47372306E+00  1.47170249E+00  1.47372306E+00
   963  3.85200000E+02  1.47372306E+00  1.47170249E+00  1.47372306E+00
   964  3.85600000E+02  1.47372306E+00  1.47170249E+00  1.47372306E+00
   965  3.86000000E+02  1.47372306E+00  1.47170249E+00  1.47372306E+00
   966  3.86400000E+02  1.47372306E+00  1.47170249E+00  1.47372306E+00
   967  3.86800000E+02  1.47372306E+00  1.47170249E+00  1.47372306E+00
   968  3.87200000E+02  1.47372306E+00  1.47170249E+00  1.47372306E+00
   969  3.87600000E+02  1.47372306E+00  1.47170249E+00  1.47372306E+00
   970  3.88000000E+02  1.47372306E+00  1.47170249E+00  1.47372306E+00
   971  3.88400000E+02  1.47372306E+00  1.47170249E+00  1.47372306E+00
   972  3.88800000E+02  1.47372306E+00  1.47170249E+00  1.47372306E+00
   973  3.89200000E+02  1.47372306E+00  1.47170249E+00  1.47372306E+00
   974  3.89600000E+02  1.47372306E+00  1.47170249E+00  1.47372306E+00
   975  3.90000000E+02  1.47372306E+00  1.47170249E+00  1.47372306E+00
   976  3.90400000E+02  1.47372306E+00  1.47170249E+00  1.47372306E+00
   977  3.90800000E+02  1.47372306E+00  1.47170249E+00  1.47372306E+00
   978  3.91200000E+02  1.47372306E+00  1.47170249E+00  1.47372306E+00
   979  3.91600000E+02  1.47372306E+00  1.47170249E+00  1.47372306E+00
   980  3.92000000E+02  1.47372306E+00  1.47170249E+00  1.47372306E+00
   981  3.92400000E+02  1.47372306E+00  1.47170249E+00  1.47372306E+00
   982  3.92800000E+02  1.47372306E+00  1.47170249E+00  1.47372306E+00
   983  3.93200000E+02  1.47372306E+00  1.47170249E+00  1.47372306E+00
   984  3.93600000E+02  1.47372306E+00  1.47170249E+00  1.47372306E+00
   985  3.94000000E+02  1.47372306E+00  1.47170249E+00  1.47372306E+00
   986  3.94400000E+02  1.47372306E+00  1.47170249E+00  1.47372306E+00
   987  3.94800000E+02  1.47372306E+00  1.47170249E+00  1.47372306E+00
   988  3.95200000E+02  1.47372306E+00  1.47170249E+00  1.47372306E+00
   989  3.95600000E+02  1.47372306E+00  1.47170249E+00  1.47372306E+00
   990  3.96000000E+02  1.47372306E+00  1.47170249E+00  1.47372306E+00
   991  3.96400000E+02  1.47372306E+00  1.47170249E+00  1.47372306E+00
   992  3.96800000E+02  1.47372306E+00  1.47170249E+00  1.47372306E+00
   993  3.97200000E+02  1.47372306E+00  1.47170249E+00  1.47372306E+00
   994  3.97600000E+02  1.47372306E+00  1.47170249E+00  1.47372306E+00
   995  3.98000000E+02  1.47372306E+00  1.47170249E+00  1.47372306E+00
   996  3.98400000E+02  1.47372306E+00  1.47170249E+00  1.47372306E+00
   997  3.98800000E+02  1.47372306E+00  1.47170249E+00  1.47372306E+00
   998  3.99200000E+02  1.47372306E+00  1.47170249E+00  1.47372306E+00
   999  3.99600000E+02  1.47372306E+00  1.47170249E+00  1.47372306E+00
  1000  4.00000000E+02  1.47372306E+00  1.47170249E+00  1.47372306E+00
