 comppar: model =   2
 comppar: lambda,mobility/eps,betav,eta_0 =  3.0000E-01  0.0000E+00  5.0000E-02  1.0000E+00
 comppar: eta_s,eta_p,G =  5.0000E-02  9.5000E-01  3.1667E+00
 comppar: U_avg,deltat,flowrate,nsteps =  1.0000E-01  2.0000E-01  3.1416E-01    2000
 comppar: geometry = axisymmetric
 comppar: steady stop change,gap,hold,min =  1.0000E-07  1.0000E-03       1      80
 comppar: steady stop truncated decimals =       3
 comppar: ncompc,ncompg =     4     5
 mesh nnodes = 5797
 mesh nelem = 2796
 P1 BC   5.0000000000000000     
 P2 BC   0.0000000000000000     
     1  2.00000000E-01  1.00252761E+00  1.00000000E+00  1.00252761E+00
     2  4.00000000E-01  1.00498403E+00  1.00000000E+00  1.00498403E+00
     3  6.00000000E-01  1.00735453E+00  1.00000000E+00  1.00735453E+00
     4  8.00000000E-01  1.00969035E+00  1.00000000E+00  1.00969035E+00
     5  1.00000000E+00  1.01199719E+00  1.00000000E+00  1.01199719E+00
     6  1.20000000E+00  1.01427198E+00  1.00000000E+00  1.01427198E+00
     7  1.40000000E+00  1.01652458E+00  1.00000000E+00  1.01652458E+00
     8  1.60000000E+00  1.01874189E+00  1.00000000E+00  1.01874189E+00
     9  1.80000000E+00  1.02093459E+00  1.00000000E+00  1.02093459E+00
    10  2.00000000E+00  1.02309684E+00  1.00000000E+00  1.02309684E+00
    11  2.20000000E+00  1.02522958E+00  1.00000000E+00  1.02522958E+00
    12  2.40000000E+00  1.02733119E+00  1.00000001E+00  1.02733119E+00
    13  2.60000000E+00  1.02941027E+00  1.00000001E+00  1.02941027E+00
    14  2.80000000E+00  1.03145122E+00  1.00000001E+00  1.03145122E+00
    15  3.00000000E+00  1.03347813E+00  1.00000001E+00  1.03347813E+00
    16  3.20000000E+00  1.03544871E+00  1.00000001E+00  1.03544871E+00
    17  3.40000000E+00  1.03742760E+00  1.00000000E+00  1.03742760E+00
    18  3.60000000E+00  1.03935434E+00  1.00000000E+00  1.03935434E+00
    19  3.80000000E+00  1.04126097E+00  1.00000000E+00  1.04126097E+00
    20  4.00000000E+00  1.04314548E+00  1.00000000E+00  1.04314548E+00
    21  4.20000000E+00  1.04496869E+00  1.00000000E+00  1.04496869E+00
    22  4.40000000E+00  1.04681347E+00  9.99999998E-01  1.04681347E+00
    23  4.60000000E+00  1.04860643E+00  9.99999996E-01  1.04860643E+00
    24  4.80000000E+00  1.05035648E+00  9.99999992E-01  1.05035648E+00
    25  5.00000000E+00  1.05212046E+00  9.99999989E-01  1.05212046E+00
    26  5.20000000E+00  1.05382030E+00  9.99999984E-01  1.05382030E+00
    27  5.40000000E+00  1.05548454E+00  9.99999979E-01  1.05548454E+00
    28  5.60000000E+00  1.05717007E+00  9.99999974E-01  1.05717007E+00
    29  5.80000000E+00  1.05878919E+00  9.99999967E-01  1.05878919E+00
    30  6.00000000E+00  1.06037856E+00  9.99999959E-01  1.06037856E+00
    31  6.20000000E+00  1.06198525E+00  9.99999951E-01  1.06198525E+00
    32  6.40000000E+00  1.06352326E+00  9.99999941E-01  1.06352326E+00
    33  6.60000000E+00  1.06500743E+00  9.99999931E-01  1.06500743E+00
    34  6.80000000E+00  1.06655100E+00  9.99999919E-01  1.06655100E+00
    35  7.00000000E+00  1.06802461E+00  9.99999906E-01  1.06802461E+00
    36  7.20000000E+00  1.06942524E+00  9.99999891E-01  1.06942524E+00
    37  7.40000000E+00  1.07088543E+00  9.99999875E-01  1.07088543E+00
    38  7.60000000E+00  1.07229466E+00  9.99999857E-01  1.07229466E+00
    39  7.80000000E+00  1.07362972E+00  9.99999838E-01  1.07362972E+00
    40  8.00000000E+00  1.07495019E+00  9.99999816E-01  1.07495019E+00
    41  8.20000000E+00  1.07631545E+00  9.99999793E-01  1.07631545E+00
    42  8.40000000E+00  1.07760623E+00  9.99999767E-01  1.07760623E+00
    43  8.60000000E+00  1.07882005E+00  9.99999739E-01  1.07882005E+00
    44  8.80000000E+00  1.08010289E+00  9.99999709E-01  1.08010289E+00
    45  9.00000000E+00  1.08134944E+00  9.99999676E-01  1.08134944E+00
    46  9.20000000E+00  1.08251871E+00  9.99999641E-01  1.08251871E+00
    47  9.40000000E+00  1.08360860E+00  9.99999602E-01  1.08360860E+00
    48  9.60000000E+00  1.08482564E+00  9.99999561E-01  1.08482564E+00
    49  9.80000000E+00  1.08597556E+00  9.99999516E-01  1.08597556E+00
    50  1.00000000E+01  1.08704664E+00  9.99999467E-01  1.08704664E+00
    51  1.02000000E+01  1.08805634E+00  9.99999415E-01  1.08805634E+00
    52  1.04000000E+01  1.08918667E+00  9.99999359E-01  1.08918667E+00
    53  1.06000000E+01  1.09023847E+00  9.99999299E-01  1.09023847E+00
    54  1.08000000E+01  1.09121016E+00  9.99999234E-01  1.09121016E+00
    55  1.10000000E+01  1.09210056E+00  9.99999165E-01  1.09210056E+00
    56  1.12000000E+01  1.09314701E+00  9.99999091E-01  1.09314701E+00
    57  1.14000000E+01  1.09412326E+00  9.99999012E-01  1.09412326E+00
    58  1.16000000E+01  1.09501903E+00  9.99998928E-01  1.09501903E+00
    59  1.18000000E+01  1.09583368E+00  9.99998837E-01  1.09583368E+00
    60  1.20000000E+01  1.09677482E+00  9.99998741E-01  1.09677482E+00
    61  1.22000000E+01  1.09767474E+00  9.99998638E-01  1.09767474E+00
    62  1.24000000E+01  1.09849398E+00  9.99998529E-01  1.09849398E+00
    63  1.26000000E+01  1.09923241E+00  9.99998412E-01  1.09923241E+00
    64  1.28000000E+01  1.10005508E+00  9.99998288E-01  1.10005508E+00
    65  1.30000000E+01  1.10088161E+00  9.99998157E-01  1.10088161E+00
    66  1.32000000E+01  1.10162796E+00  9.99998017E-01  1.10162796E+00
    67  1.34000000E+01  1.10229477E+00  9.99997869E-01  1.10229477E+00
    68  1.36000000E+01  1.10303650E+00  9.99997711E-01  1.10303650E+00
    69  1.38000000E+01  1.10378909E+00  9.99997545E-01  1.10378909E+00
    70  1.40000000E+01  1.10446216E+00  9.99997368E-01  1.10446216E+00
    71  1.42000000E+01  1.10505710E+00  9.99997181E-01  1.10505710E+00
    72  1.44000000E+01  1.10571324E+00  9.99996983E-01  1.10571324E+00
    73  1.46000000E+01  1.10639421E+00  9.99996774E-01  1.10639421E+00
    74  1.48000000E+01  1.10699749E+00  9.99996553E-01  1.10699749E+00
    75  1.50000000E+01  1.10752545E+00  9.99996319E-01  1.10752545E+00
    76  1.52000000E+01  1.10812545E+00  9.99996073E-01  1.10812545E+00
    77  1.54000000E+01  1.10873448E+00  9.99995813E-01  1.10873448E+00
    78  1.56000000E+01  1.10926784E+00  9.99995538E-01  1.10926784E+00
    79  1.58000000E+01  1.10972881E+00  9.99995249E-01  1.10972881E+00
    80  1.60000000E+01  1.11027301E+00  9.99994945E-01  1.11027301E+00
    81  1.62000000E+01  1.11081470E+00  9.99994624E-01  1.11081470E+00
    82  1.64000000E+01  1.11128413E+00  9.99994287E-01  1.11128413E+00
    83  1.66000000E+01  1.11168545E+00  9.99993932E-01  1.11168545E+00
    84  1.68000000E+01  1.11218922E+00  9.99993558E-01  1.11218922E+00
    85  1.70000000E+01  1.11266356E+00  9.99993166E-01  1.11266356E+00
    86  1.72000000E+01  1.11306926E+00  9.99992754E-01  1.11306926E+00
    87  1.74000000E+01  1.11341132E+00  9.99992322E-01  1.11341132E+00
    88  1.76000000E+01  1.11388351E+00  9.99991868E-01  1.11388351E+00
    89  1.78000000E+01  1.11429747E+00  9.99991392E-01  1.11429747E+00
    90  1.80000000E+01  1.11464745E+00  9.99990892E-01  1.11464745E+00
    91  1.82000000E+01  1.11495680E+00  9.99990369E-01  1.11495680E+00
    92  1.84000000E+01  1.11537528E+00  9.99989821E-01  1.11537528E+00
    93  1.86000000E+01  1.11572922E+00  9.99989247E-01  1.11572922E+00
    94  1.88000000E+01  1.11602413E+00  9.99988647E-01  1.11602413E+00
    95  1.90000000E+01  1.11632465E+00  9.99988019E-01  1.11632465E+00
    96  1.92000000E+01  1.11668657E+00  9.99987362E-01  1.11668657E+00
    97  1.94000000E+01  1.11698888E+00  9.99986675E-01  1.11698888E+00
    98  1.96000000E+01  1.11723744E+00  9.99985958E-01  1.11723744E+00
    99  1.98000000E+01  1.11751719E+00  9.99985209E-01  1.11751719E+00
   100  2.00000000E+01  1.11782315E+00  9.99984427E-01  1.11782315E+00
   101  2.02000000E+01  1.11807480E+00  9.99983612E-01  1.11807480E+00
   102  2.04000000E+01  1.11827839E+00  9.99982762E-01  1.11827839E+00
   103  2.06000000E+01  1.11856098E+00  9.99981875E-01  1.11856098E+00
   104  2.08000000E+01  1.11881947E+00  9.99980952E-01  1.11881947E+00
   105  2.10000000E+01  1.11902892E+00  9.99979990E-01  1.11902892E+00
   106  2.12000000E+01  1.11919554E+00  9.99978989E-01  1.11919554E+00
   107  2.14000000E+01  1.11945343E+00  9.99977948E-01  1.11945343E+00
   108  2.16000000E+01  1.11966573E+00  9.99976865E-01  1.11966573E+00
   109  2.18000000E+01  1.11983477E+00  9.99975739E-01  1.11983477E+00
   110  2.20000000E+01  1.12001510E+00  9.99974569E-01  1.12001510E+00
   111  2.22000000E+01  1.12023359E+00  9.99973355E-01  1.12023359E+00
   112  2.24000000E+01  1.12040775E+00  9.99972095E-01  1.12040775E+00
   113  2.26000000E+01  1.12054372E+00  9.99970787E-01  1.12054372E+00
   114  2.28000000E+01  1.12070774E+00  9.99969432E-01  1.12070774E+00
   115  2.30000000E+01  1.12088455E+00  9.99968027E-01  1.12088455E+00
   116  2.32000000E+01  1.12102274E+00  9.99966572E-01  1.12102274E+00
   117  2.34000000E+01  1.12112985E+00  9.99965066E-01  1.12112985E+00
   118  2.36000000E+01  1.12131215E+00  9.99963508E-01  1.12131215E+00
   119  2.38000000E+01  1.12145472E+00  9.99961896E-01  1.12145472E+00
   120  2.40000000E+01  1.12156356E+00  9.99960231E-01  1.12156356E+00
   121  2.42000000E+01  1.12166027E+00  9.99958512E-01  1.12166027E+00
   122  2.44000000E+01  1.12180528E+00  9.99956737E-01  1.12180528E+00
   123  2.46000000E+01  1.12191618E+00  9.99954906E-01  1.12191618E+00
   124  2.48000000E+01  1.12199872E+00  9.99953018E-01  1.12199872E+00
   125  2.50000000E+01  1.12212326E+00  9.99951074E-01  1.12212326E+00
   126  2.52000000E+01  1.12223780E+00  9.99949072E-01  1.12223780E+00
   127  2.54000000E+01  1.12232287E+00  9.99947012E-01  1.12232287E+00
   128  2.56000000E+01  1.12238389E+00  9.99944895E-01  1.12238389E+00
   129  2.58000000E+01  1.12249040E+00  9.99942719E-01  1.12249040E+00
   130  2.60000000E+01  1.12257736E+00  9.99940487E-01  1.12257736E+00
   131  2.62000000E+01  1.12263997E+00  9.99938196E-01  1.12263997E+00
   132  2.64000000E+01  1.12272379E+00  9.99935849E-01  1.12272379E+00
   133  2.66000000E+01  1.12281368E+00  9.99933446E-01  1.12281368E+00
   134  2.68000000E+01  1.12287815E+00  9.99930988E-01  1.12287815E+00
   135  2.70000000E+01  1.12292228E+00  9.99928475E-01  1.12292228E+00
   136  2.72000000E+01  1.12299137E+00  9.99925910E-01  1.12299137E+00
   137  2.74000000E+01  1.12305755E+00  9.99923293E-01  1.12305755E+00
   138  2.76000000E+01  1.12310313E+00  9.99920627E-01  1.12310313E+00
   139  2.78000000E+01  1.12316042E+00  9.99917913E-01  1.12316042E+00
   140  2.80000000E+01  1.12322885E+00  9.99915155E-01  1.12322885E+00
   141  2.82000000E+01  1.12327567E+00  9.99912356E-01  1.12327567E+00
   142  2.84000000E+01  1.12330561E+00  9.99909517E-01  1.12330561E+00
   143  2.86000000E+01  1.12334995E+00  9.99906644E-01  1.12334995E+00
   144  2.88000000E+01  1.12339832E+00  9.99903739E-01  1.12339832E+00
   145  2.90000000E+01  1.12342957E+00  9.99900808E-01  1.12342957E+00
   146  2.92000000E+01  1.12347080E+00  9.99897855E-01  1.12347080E+00
   147  2.94000000E+01  1.12352076E+00  9.99894887E-01  1.12352076E+00
   148  2.96000000E+01  1.12355267E+00  9.99891908E-01  1.12355267E+00
   149  2.98000000E+01  1.12357089E+00  9.99888926E-01  1.12357089E+00
   150  3.00000000E+01  1.12359997E+00  9.99885948E-01  1.12359997E+00
   151  3.02000000E+01  1.12363326E+00  9.99882982E-01  1.12363326E+00
   152  3.04000000E+01  1.12365264E+00  9.99880036E-01  1.12365264E+00
   153  3.06000000E+01  1.12368515E+00  9.99877120E-01  1.12368515E+00
   154  3.08000000E+01  1.12371942E+00  9.99874245E-01  1.12371942E+00
   155  3.10000000E+01  1.12373895E+00  9.99871421E-01  1.12373895E+00
   156  3.12000000E+01  1.12374770E+00  9.99868660E-01  1.12374770E+00
   157  3.14000000E+01  1.12376816E+00  9.99865975E-01  1.12376816E+00
   158  3.16000000E+01  1.12378891E+00  9.99863380E-01  1.12378891E+00
   159  3.18000000E+01  1.12379867E+00  9.99860890E-01  1.12379867E+00
   160  3.20000000E+01  1.12382746E+00  9.99858522E-01  1.12382746E+00
   161  3.22000000E+01  1.12384863E+00  9.99856292E-01  1.12384863E+00
   162  3.24000000E+01  1.12385808E+00  9.99854219E-01  1.12385808E+00
   163  3.26000000E+01  1.12385938E+00  9.99852323E-01  1.12385938E+00
   164  3.28000000E+01  1.12387568E+00  9.99850626E-01  1.12387568E+00
   165  3.30000000E+01  1.12388620E+00  9.99849149E-01  1.12388620E+00
   166  3.32000000E+01  1.12389334E+00  9.99847918E-01  1.12389334E+00
   167  3.34000000E+01  1.12391650E+00  9.99846959E-01  1.12391650E+00
   168  3.36000000E+01  1.12392693E+00  9.99846298E-01  1.12392693E+00
   169  3.38000000E+01  1.12392840E+00  9.99845967E-01  1.12392840E+00
   170  3.40000000E+01  1.12392744E+00  9.99845997E-01  1.12392744E+00
   171  3.42000000E+01  1.12393899E+00  9.99846421E-01  1.12393899E+00
   172  3.44000000E+01  1.12394138E+00  9.99847274E-01  1.12394138E+00
   173  3.46000000E+01  1.12395513E+00  9.99848596E-01  1.12395513E+00
   174  3.48000000E+01  1.12396684E+00  9.99850426E-01  1.12396684E+00
   175  3.50000000E+01  1.12396870E+00  9.99852807E-01  1.12396870E+00
   176  3.52000000E+01  1.12396406E+00  9.99855784E-01  1.12396406E+00
   177  3.54000000E+01  1.12396790E+00  9.99859407E-01  1.12396790E+00
   178  3.56000000E+01  1.12397071E+00  9.99863724E-01  1.12397071E+00
   179  3.58000000E+01  1.12397387E+00  9.99868792E-01  1.12397387E+00
   180  3.60000000E+01  1.12398718E+00  9.99874665E-01  1.12398718E+00
   181  3.62000000E+01  1.12398966E+00  9.99881406E-01  1.12398966E+00
   182  3.64000000E+01  1.12398490E+00  9.99889077E-01  1.12398490E+00
   183  3.66000000E+01  1.12398098E+00  9.99897747E-01  1.12398098E+00
   184  3.68000000E+01  1.12398447E+00  9.99907486E-01  1.12398447E+00
   185  3.70000000E+01  1.12398051E+00  9.99918369E-01  1.12398051E+00
   186  3.72000000E+01  1.12399475E+00  9.99930477E-01  1.12399475E+00
   187  3.74000000E+01  1.12399814E+00  9.99943891E-01  1.12399814E+00
   188  3.76000000E+01  1.12399344E+00  9.99958701E-01  1.12399344E+00
   189  3.78000000E+01  1.12398515E+00  9.99974999E-01  1.12398515E+00
   190  3.80000000E+01  1.12399164E+00  9.99992883E-01  1.12399164E+00
   191  3.82000000E+01  1.12399715E+00  1.00001246E+00  1.12399715E+00
   192  3.84000000E+01  1.12400366E+00  1.00003382E+00  1.12400366E+00
   193  3.86000000E+01  1.12401019E+00  1.00005710E+00  1.12401019E+00
   194  3.88000000E+01  1.12401573E+00  1.00008241E+00  1.12401573E+00
   195  3.90000000E+01  1.12402035E+00  1.00010988E+00  1.12402035E+00
   196  3.92000000E+01  1.12402417E+00  1.00013963E+00  1.12402417E+00
   197  3.94000000E+01  1.12402770E+00  1.00017180E+00  1.12402770E+00
   198  3.96000000E+01  1.12403260E+00  1.00020655E+00  1.12403260E+00
   199  3.98000000E+01  1.12403666E+00  1.00024401E+00  1.12403666E+00
   200  4.00000000E+01  1.12404000E+00  1.00028436E+00  1.12404000E+00
   201  4.02000000E+01  1.12404274E+00  1.00032775E+00  1.12404274E+00
   202  4.04000000E+01  1.12404503E+00  1.00037437E+00  1.12404503E+00
   203  4.06000000E+01  1.12404774E+00  1.00042438E+00  1.12404774E+00
   204  4.08000000E+01  1.12405048E+00  1.00047800E+00  1.12405048E+00
   205  4.10000000E+01  1.12405275E+00  1.00053541E+00  1.12405275E+00
   206  4.12000000E+01  1.12405469E+00  1.00059683E+00  1.12405469E+00
   207  4.14000000E+01  1.12405639E+00  1.00066246E+00  1.12405639E+00
   208  4.16000000E+01  1.12405794E+00  1.00073255E+00  1.12405794E+00
   209  4.18000000E+01  1.12405938E+00  1.00080733E+00  1.12405938E+00
   210  4.20000000E+01  1.12406075E+00  1.00088704E+00  1.12406075E+00
   211  4.22000000E+01  1.12406209E+00  1.00097194E+00  1.12406209E+00
   212  4.24000000E+01  1.12406349E+00  1.00106232E+00  1.12406349E+00
   213  4.26000000E+01  1.12406480E+00  1.00115844E+00  1.12406480E+00
   214  4.28000000E+01  1.12406606E+00  1.00126059E+00  1.12406606E+00
   215  4.30000000E+01  1.12406726E+00  1.00136909E+00  1.12406726E+00
   216  4.32000000E+01  1.12406840E+00  1.00148426E+00  1.12406840E+00
   217  4.34000000E+01  1.12406948E+00  1.00160641E+00  1.12406948E+00
   218  4.36000000E+01  1.12407048E+00  1.00173589E+00  1.12407048E+00
   219  4.38000000E+01  1.12407138E+00  1.00187307E+00  1.12407138E+00
   220  4.40000000E+01  1.12407218E+00  1.00201830E+00  1.12407218E+00
   221  4.42000000E+01  1.12407288E+00  1.00217198E+00  1.12407288E+00
   222  4.44000000E+01  1.12407346E+00  1.00233449E+00  1.12407346E+00
   223  4.46000000E+01  1.12407393E+00  1.00250625E+00  1.12407393E+00
   224  4.48000000E+01  1.12407431E+00  1.00268769E+00  1.12407431E+00
   225  4.50000000E+01  1.12407460E+00  1.00287925E+00  1.12407460E+00
   226  4.52000000E+01  1.12407482E+00  1.00308138E+00  1.12407482E+00
   227  4.54000000E+01  1.12407518E+00  1.00329455E+00  1.12407518E+00
   228  4.56000000E+01  1.12407548E+00  1.00351926E+00  1.12407548E+00
   229  4.58000000E+01  1.12407570E+00  1.00375600E+00  1.12407570E+00
   230  4.60000000E+01  1.12407585E+00  1.00400529E+00  1.12407585E+00
   231  4.62000000E+01  1.12407595E+00  1.00426767E+00  1.12407595E+00
   232  4.64000000E+01  1.12407601E+00  1.00454368E+00  1.12407601E+00
   233  4.66000000E+01  1.12407603E+00  1.00483390E+00  1.12407603E+00
   234  4.68000000E+01  1.12407603E+00  1.00513890E+00  1.12407603E+00
   235  4.70000000E+01  1.12407600E+00  1.00545929E+00  1.12407600E+00
   236  4.72000000E+01  1.12407596E+00  1.00579566E+00  1.12407596E+00
   237  4.74000000E+01  1.12407590E+00  1.00614866E+00  1.12407590E+00
   238  4.76000000E+01  1.12407582E+00  1.00651892E+00  1.12407582E+00
   239  4.78000000E+01  1.12407574E+00  1.00690710E+00  1.12407574E+00
   240  4.80000000E+01  1.12407564E+00  1.00731387E+00  1.12407564E+00
   241  4.82000000E+01  1.12407553E+00  1.00773991E+00  1.12407553E+00
   242  4.84000000E+01  1.12407541E+00  1.00818593E+00  1.12407541E+00
   243  4.86000000E+01  1.12407529E+00  1.00865262E+00  1.12407529E+00
   244  4.88000000E+01  1.12407515E+00  1.00914072E+00  1.12407515E+00
   245  4.90000000E+01  1.12407502E+00  1.00965095E+00  1.12407502E+00
   246  4.92000000E+01  1.12407487E+00  1.01018404E+00  1.12407487E+00
   247  4.94000000E+01  1.12407473E+00  1.01074075E+00  1.12407473E+00
   248  4.96000000E+01  1.12407459E+00  1.01132184E+00  1.12407459E+00
   249  4.98000000E+01  1.12407444E+00  1.01192804E+00  1.12407444E+00
   250  5.00000000E+01  1.12407430E+00  1.01256014E+00  1.12407430E+00
   251  5.02000000E+01  1.12407416E+00  1.01321889E+00  1.12407416E+00
   252  5.04000000E+01  1.12407402E+00  1.01390504E+00  1.12407402E+00
   253  5.06000000E+01  1.12407388E+00  1.01461937E+00  1.12407388E+00
   254  5.08000000E+01  1.12407375E+00  1.01536261E+00  1.12407375E+00
   255  5.10000000E+01  1.12407362E+00  1.01613551E+00  1.12407362E+00
   256  5.12000000E+01  1.12407349E+00  1.01693881E+00  1.12407349E+00
   257  5.14000000E+01  1.12407337E+00  1.01777321E+00  1.12407337E+00
   258  5.16000000E+01  1.12407325E+00  1.01863942E+00  1.12407325E+00
   259  5.18000000E+01  1.12407313E+00  1.01953811E+00  1.12407313E+00
   260  5.20000000E+01  1.12407302E+00  1.02046993E+00  1.12407302E+00
   261  5.22000000E+01  1.12407292E+00  1.02143552E+00  1.12407292E+00
   262  5.24000000E+01  1.12407282E+00  1.02243545E+00  1.12407282E+00
   263  5.26000000E+01  1.12407272E+00  1.02347029E+00  1.12407272E+00
   264  5.28000000E+01  1.12407263E+00  1.02454054E+00  1.12407263E+00
   265  5.30000000E+01  1.12407254E+00  1.02564669E+00  1.12407254E+00
   266  5.32000000E+01  1.12407245E+00  1.02678913E+00  1.12407245E+00
   267  5.34000000E+01  1.12407237E+00  1.02796825E+00  1.12407237E+00
   268  5.36000000E+01  1.12407229E+00  1.02918434E+00  1.12407229E+00
   269  5.38000000E+01  1.12407222E+00  1.03043764E+00  1.12407222E+00
   270  5.40000000E+01  1.12407215E+00  1.03172833E+00  1.12407215E+00
   271  5.42000000E+01  1.12407208E+00  1.03305649E+00  1.12407208E+00
   272  5.44000000E+01  1.12407202E+00  1.03442214E+00  1.12407202E+00
   273  5.46000000E+01  1.12407196E+00  1.03582520E+00  1.12407196E+00
   274  5.48000000E+01  1.12407191E+00  1.03726552E+00  1.12407191E+00
   275  5.50000000E+01  1.12407185E+00  1.03874283E+00  1.12407185E+00
   276  5.52000000E+01  1.12407180E+00  1.04025677E+00  1.12407180E+00
   277  5.54000000E+01  1.12407176E+00  1.04180687E+00  1.12407176E+00
   278  5.56000000E+01  1.12407171E+00  1.04339254E+00  1.12407171E+00
   279  5.58000000E+01  1.12407167E+00  1.04501310E+00  1.12407167E+00
   280  5.60000000E+01  1.12407163E+00  1.04666771E+00  1.12407163E+00
   281  5.62000000E+01  1.12407160E+00  1.04835545E+00  1.12407160E+00
   282  5.64000000E+01  1.12407156E+00  1.05007523E+00  1.12407156E+00
   283  5.66000000E+01  1.12407153E+00  1.05182585E+00  1.12407153E+00
   284  5.68000000E+01  1.12407150E+00  1.05360599E+00  1.12407150E+00
   285  5.70000000E+01  1.12407147E+00  1.05541416E+00  1.12407147E+00
   286  5.72000000E+01  1.12407144E+00  1.05724877E+00  1.12407144E+00
   287  5.74000000E+01  1.12407142E+00  1.05910806E+00  1.12407142E+00
   288  5.76000000E+01  1.12407140E+00  1.06099015E+00  1.12407140E+00
   289  5.78000000E+01  1.12407137E+00  1.06289304E+00  1.12407137E+00
   290  5.80000000E+01  1.12407135E+00  1.06481455E+00  1.12407135E+00
   291  5.82000000E+01  1.12407133E+00  1.06675240E+00  1.12407133E+00
   292  5.84000000E+01  1.12407132E+00  1.06870418E+00  1.12407132E+00
   293  5.86000000E+01  1.12407130E+00  1.07066733E+00  1.12407130E+00
   294  5.88000000E+01  1.12407129E+00  1.07263918E+00  1.12407129E+00
   295  5.90000000E+01  1.12407127E+00  1.07461693E+00  1.12407127E+00
   296  5.92000000E+01  1.12407126E+00  1.07659768E+00  1.12407126E+00
   297  5.94000000E+01  1.12407125E+00  1.07857842E+00  1.12407125E+00
   298  5.96000000E+01  1.12407124E+00  1.08055603E+00  1.12407124E+00
   299  5.98000000E+01  1.12407122E+00  1.08252731E+00  1.12407122E+00
   300  6.00000000E+01  1.12407121E+00  1.08448896E+00  1.12407121E+00
   301  6.02000000E+01  1.12407121E+00  1.08643761E+00  1.12407121E+00
   302  6.04000000E+01  1.12407120E+00  1.08836985E+00  1.12407120E+00
   303  6.06000000E+01  1.12407119E+00  1.09028219E+00  1.12407119E+00
   304  6.08000000E+01  1.12407118E+00  1.09217110E+00  1.12407118E+00
   305  6.10000000E+01  1.12407118E+00  1.09403304E+00  1.12407118E+00
   306  6.12000000E+01  1.12407117E+00  1.09586445E+00  1.12407117E+00
   307  6.14000000E+01  1.12407116E+00  1.09766176E+00  1.12407116E+00
   308  6.16000000E+01  1.12407116E+00  1.09942143E+00  1.12407116E+00
   309  6.18000000E+01  1.12407115E+00  1.10113995E+00  1.12407115E+00
   310  6.20000000E+01  1.12407115E+00  1.10281387E+00  1.12407115E+00
   311  6.22000000E+01  1.12407115E+00  1.10443978E+00  1.12407115E+00
   312  6.24000000E+01  1.12407114E+00  1.10601440E+00  1.12407114E+00
   313  6.26000000E+01  1.12407114E+00  1.10753454E+00  1.12407114E+00
   314  6.28000000E+01  1.12407114E+00  1.10899713E+00  1.12407114E+00
   315  6.30000000E+01  1.12407113E+00  1.11039930E+00  1.12407113E+00
   316  6.32000000E+01  1.12407697E+00  1.11173833E+00  1.12407697E+00
   317  6.34000000E+01  1.12407302E+00  1.11301171E+00  1.12407302E+00
   318  6.36000000E+01  1.12407112E+00  1.11421719E+00  1.12407112E+00
   319  6.38000000E+01  1.12407112E+00  1.11535280E+00  1.12407112E+00
   320  6.40000000E+01  1.12407112E+00  1.11641685E+00  1.12407112E+00
   321  6.42000000E+01  1.12407112E+00  1.11740803E+00  1.12407112E+00
   322  6.44000000E+01  1.12408613E+00  1.11832540E+00  1.12408613E+00
   323  6.46000000E+01  1.12408571E+00  1.11916844E+00  1.12408571E+00
   324  6.48000000E+01  1.12407111E+00  1.11993711E+00  1.12407111E+00
   325  6.50000000E+01  1.12407978E+00  1.12063187E+00  1.12407978E+00
   326  6.52000000E+01  1.12408099E+00  1.12125368E+00  1.12408099E+00
   327  6.54000000E+01  1.12407111E+00  1.12180410E+00  1.12407111E+00
   328  6.56000000E+01  1.12409444E+00  1.12228521E+00  1.12409444E+00
   329  6.58000000E+01  1.12409793E+00  1.12269970E+00  1.12409793E+00
   330  6.60000000E+01  1.12408411E+00  1.12305080E+00  1.12408411E+00
   331  6.62000000E+01  1.12408788E+00  1.12334226E+00  1.12408788E+00
   332  6.64000000E+01  1.12409316E+00  1.12357832E+00  1.12409316E+00
   333  6.66000000E+01  1.12408071E+00  1.12376365E+00  1.12408071E+00
   334  6.68000000E+01  1.12410218E+00  1.12390324E+00  1.12410218E+00
   335  6.70000000E+01  1.12410997E+00  1.12400234E+00  1.12410997E+00
 steady-height stop at step    335: truncated to 3 decimals, truncated max/end/ratio =       1124      1124      1124, max/end/ratio =   1.12410997E+00  1.12400234E+00  1.12410997E+00
