 comppar: model =   3
 comppar: lambda,mobility/eps,betav,eta_0 =  9.0000E+00  8.0000E-02  9.0000E-01  1.0000E+00
 comppar: eta_s,eta_p,G =  9.0000E-01  1.0000E-01  1.1111E-02
 comppar: U_avg,deltat,flowrate,nsteps =  1.0000E-01  4.0000E-01  3.1416E-01    1000
 comppar: geometry = axisymmetric
 comppar: steady stop change,gap,hold,min =  1.0000E-05  2.0000E-04      10      80
 comppar: steady stop rounded decimals =       4
 comppar: ncompc,ncompg =     4     5
 mesh nnodes = 22999
 mesh nelem = 11296
 P1 BC   5.0000000000000000     
 P2 BC   0.0000000000000000     
     1  4.00000000E-01  1.00503996E+00  1.00000000E+00  1.00503996E+00
     2  8.00000000E-01  1.00992372E+00  1.00000000E+00  1.00992372E+00
     3  1.20000000E+00  1.01465659E+00  1.00000000E+00  1.01465659E+00
     4  1.60000000E+00  1.01925202E+00  1.00000000E+00  1.01925202E+00
     5  2.00000000E+00  1.02371402E+00  1.00000000E+00  1.02371402E+00
     6  2.40000000E+00  1.02804867E+00  1.00000000E+00  1.02804867E+00
     7  2.80000000E+00  1.03226085E+00  1.00000000E+00  1.03226085E+00
     8  3.20000000E+00  1.03635327E+00  1.00000000E+00  1.03635327E+00
     9  3.60000000E+00  1.04034073E+00  1.00000000E+00  1.04034073E+00
    10  4.00000000E+00  1.04421459E+00  1.00000000E+00  1.04421459E+00
    11  4.40000000E+00  1.04798373E+00  9.99999996E-01  1.04798373E+00
    12  4.80000000E+00  1.05165200E+00  9.99999990E-01  1.05165200E+00
    13  5.20000000E+00  1.05522282E+00  9.99999982E-01  1.05522282E+00
    14  5.60000000E+00  1.05868709E+00  9.99999972E-01  1.05868709E+00
    15  6.00000000E+00  1.06207359E+00  9.99999958E-01  1.06207359E+00
    16  6.40000000E+00  1.06536374E+00  9.99999940E-01  1.06536374E+00
    17  6.80000000E+00  1.06855977E+00  9.99999918E-01  1.06855977E+00
    18  7.20000000E+00  1.07166449E+00  9.99999891E-01  1.07166449E+00
    19  7.60000000E+00  1.07468051E+00  9.99999857E-01  1.07468051E+00
    20  8.00000000E+00  1.07762455E+00  9.99999818E-01  1.07762455E+00
    21  8.40000000E+00  1.08048250E+00  9.99999770E-01  1.08048250E+00
    22  8.80000000E+00  1.08325968E+00  9.99999714E-01  1.08325968E+00
    23  9.20000000E+00  1.08595226E+00  9.99999649E-01  1.08595226E+00
    24  9.60000000E+00  1.08856717E+00  9.99999572E-01  1.08856717E+00
    25  1.00000000E+01  1.09109839E+00  9.99999484E-01  1.09109839E+00
    26  1.04000000E+01  1.09355896E+00  9.99999382E-01  1.09355896E+00
    27  1.08000000E+01  1.09595535E+00  9.99999265E-01  1.09595535E+00
    28  1.12000000E+01  1.09827889E+00  9.99999131E-01  1.09827889E+00
    29  1.16000000E+01  1.10052644E+00  9.99998979E-01  1.10052644E+00
    30  1.20000000E+01  1.10269726E+00  9.99998806E-01  1.10269726E+00
    31  1.24000000E+01  1.10479209E+00  9.99998611E-01  1.10479209E+00
    32  1.28000000E+01  1.10680947E+00  9.99998392E-01  1.10680947E+00
    33  1.32000000E+01  1.10879124E+00  9.99998145E-01  1.10879124E+00
    34  1.36000000E+01  1.11070691E+00  9.99997868E-01  1.11070691E+00
    35  1.40000000E+01  1.11255024E+00  9.99997560E-01  1.11255024E+00
    36  1.44000000E+01  1.11432322E+00  9.99997216E-01  1.11432322E+00
    37  1.48000000E+01  1.11602834E+00  9.99996833E-01  1.11602834E+00
    38  1.52000000E+01  1.11769884E+00  9.99996408E-01  1.11769884E+00
    39  1.56000000E+01  1.11931527E+00  9.99995938E-01  1.11931527E+00
    40  1.60000000E+01  1.12086802E+00  9.99995418E-01  1.12086802E+00
    41  1.64000000E+01  1.12235700E+00  9.99994844E-01  1.12235700E+00
    42  1.68000000E+01  1.12379478E+00  9.99994213E-01  1.12379478E+00
    43  1.72000000E+01  1.12520876E+00  9.99993519E-01  1.12520876E+00
    44  1.76000000E+01  1.12656421E+00  9.99992758E-01  1.12656421E+00
    45  1.80000000E+01  1.12786405E+00  9.99991925E-01  1.12786405E+00
    46  1.84000000E+01  1.12912709E+00  9.99991013E-01  1.12912709E+00
    47  1.88000000E+01  1.13035956E+00  9.99990018E-01  1.13035956E+00
    48  1.92000000E+01  1.13154183E+00  9.99988933E-01  1.13154183E+00
    49  1.96000000E+01  1.13269241E+00  9.99987753E-01  1.13269241E+00
    50  2.00000000E+01  1.13381687E+00  9.99986471E-01  1.13381687E+00
    51  2.04000000E+01  1.13489924E+00  9.99985079E-01  1.13489924E+00
    52  2.08000000E+01  1.13597487E+00  9.99983573E-01  1.13597487E+00
    53  2.12000000E+01  1.13701696E+00  9.99981943E-01  1.13701696E+00
    54  2.16000000E+01  1.13804479E+00  9.99980184E-01  1.13804479E+00
    55  2.20000000E+01  1.13906712E+00  9.99978287E-01  1.13906712E+00
    56  2.24000000E+01  1.14007852E+00  9.99976245E-01  1.14007852E+00
    57  2.28000000E+01  1.14108252E+00  9.99974051E-01  1.14108252E+00
    58  2.32000000E+01  1.14207762E+00  9.99971697E-01  1.14207762E+00
    59  2.36000000E+01  1.14307016E+00  9.99969176E-01  1.14307016E+00
    60  2.40000000E+01  1.14405188E+00  9.99966480E-01  1.14405188E+00
    61  2.44000000E+01  1.14501125E+00  9.99963602E-01  1.14501125E+00
    62  2.48000000E+01  1.14596056E+00  9.99960537E-01  1.14596056E+00
    63  2.52000000E+01  1.14688834E+00  9.99957277E-01  1.14688834E+00
    64  2.56000000E+01  1.14779159E+00  9.99953817E-01  1.14779159E+00
    65  2.60000000E+01  1.14867926E+00  9.99950153E-01  1.14867926E+00
    66  2.64000000E+01  1.14953846E+00  9.99946281E-01  1.14953846E+00
    67  2.68000000E+01  1.15037995E+00  9.99942198E-01  1.15037995E+00
    68  2.72000000E+01  1.15119456E+00  9.99937903E-01  1.15119456E+00
    69  2.76000000E+01  1.15198699E+00  9.99933397E-01  1.15198699E+00
    70  2.80000000E+01  1.15275846E+00  9.99928683E-01  1.15275846E+00
    71  2.84000000E+01  1.15350107E+00  9.99923764E-01  1.15350107E+00
    72  2.88000000E+01  1.15423089E+00  9.99918650E-01  1.15423089E+00
    73  2.92000000E+01  1.15492584E+00  9.99913350E-01  1.15492584E+00
    74  2.96000000E+01  1.15561501E+00  9.99907879E-01  1.15561501E+00
    75  3.00000000E+01  1.15627066E+00  9.99902255E-01  1.15627066E+00
    76  3.04000000E+01  1.15691337E+00  9.99896501E-01  1.15691337E+00
    77  3.08000000E+01  1.15753061E+00  9.99890646E-01  1.15753061E+00
    78  3.12000000E+01  1.15812929E+00  9.99884723E-01  1.15812929E+00
    79  3.16000000E+01  1.15871101E+00  9.99878773E-01  1.15871101E+00
    80  3.20000000E+01  1.15926795E+00  9.99872845E-01  1.15926795E+00
    81  3.24000000E+01  1.15981589E+00  9.99866995E-01  1.15981589E+00
    82  3.28000000E+01  1.16033517E+00  9.99861289E-01  1.16033517E+00
    83  3.32000000E+01  1.16084795E+00  9.99855804E-01  1.16084795E+00
    84  3.36000000E+01  1.16133566E+00  9.99850629E-01  1.16133566E+00
    85  3.40000000E+01  1.16181075E+00  9.99845864E-01  1.16181075E+00
    86  3.44000000E+01  1.16226831E+00  9.99841626E-01  1.16226831E+00
    87  3.48000000E+01  1.16270733E+00  9.99838046E-01  1.16270733E+00
    88  3.52000000E+01  1.16313611E+00  9.99835273E-01  1.16313611E+00
    89  3.56000000E+01  1.16354172E+00  9.99833476E-01  1.16354172E+00
    90  3.60000000E+01  1.16394230E+00  9.99832846E-01  1.16394230E+00
    91  3.64000000E+01  1.16432200E+00  9.99833596E-01  1.16432200E+00
    92  3.68000000E+01  1.16468990E+00  9.99835966E-01  1.16468990E+00
    93  3.72000000E+01  1.16504483E+00  9.99840222E-01  1.16504483E+00
    94  3.76000000E+01  1.16538172E+00  9.99846666E-01  1.16538172E+00
    95  3.80000000E+01  1.16571320E+00  9.99855627E-01  1.16571320E+00
    96  3.84000000E+01  1.16602588E+00  9.99867478E-01  1.16602588E+00
    97  3.88000000E+01  1.16632992E+00  9.99882626E-01  1.16632992E+00
    98  3.92000000E+01  1.16662120E+00  9.99901527E-01  1.16662120E+00
    99  3.96000000E+01  1.16689778E+00  9.99924680E-01  1.16689778E+00
   100  4.00000000E+01  1.16716905E+00  9.99952639E-01  1.16716905E+00
   101  4.04000000E+01  1.16742454E+00  9.99986012E-01  1.16742454E+00
   102  4.08000000E+01  1.16767224E+00  1.00002547E+00  1.16767224E+00
   103  4.12000000E+01  1.16790965E+00  1.00007174E+00  1.16790965E+00
   104  4.16000000E+01  1.16813347E+00  1.00012564E+00  1.16813347E+00
   105  4.20000000E+01  1.16835380E+00  1.00018804E+00  1.16835380E+00
   106  4.24000000E+01  1.16856076E+00  1.00025990E+00  1.16856076E+00
   107  4.28000000E+01  1.16875968E+00  1.00034228E+00  1.16875968E+00
   108  4.32000000E+01  1.16895134E+00  1.00043631E+00  1.16895134E+00
   109  4.36000000E+01  1.16913134E+00  1.00054325E+00  1.16913134E+00
   110  4.40000000E+01  1.16930740E+00  1.00066443E+00  1.16930740E+00
   111  4.44000000E+01  1.16947390E+00  1.00080132E+00  1.16947390E+00
   112  4.48000000E+01  1.16963133E+00  1.00095551E+00  1.16963133E+00
   113  4.52000000E+01  1.16978502E+00  1.00112871E+00  1.16978502E+00
   114  4.56000000E+01  1.16992879E+00  1.00132276E+00  1.16992879E+00
   115  4.60000000E+01  1.17006697E+00  1.00153966E+00  1.17006697E+00
   116  4.64000000E+01  1.17019953E+00  1.00178154E+00  1.17019953E+00
   117  4.68000000E+01  1.17032342E+00  1.00205070E+00  1.17032342E+00
   118  4.72000000E+01  1.17044409E+00  1.00234961E+00  1.17044409E+00
   119  4.76000000E+01  1.17055796E+00  1.00268089E+00  1.17055796E+00
   120  4.80000000E+01  1.17066446E+00  1.00304735E+00  1.17066446E+00
   121  4.84000000E+01  1.17076896E+00  1.00345198E+00  1.17076896E+00
   122  4.88000000E+01  1.17086643E+00  1.00389796E+00  1.17086643E+00
   123  4.92000000E+01  1.17095837E+00  1.00438866E+00  1.17095837E+00
   124  4.96000000E+01  1.17104754E+00  1.00492763E+00  1.17104754E+00
   125  5.00000000E+01  1.17113054E+00  1.00551862E+00  1.17113054E+00
   126  5.04000000E+01  1.17120931E+00  1.00616557E+00  1.17120931E+00
   127  5.08000000E+01  1.17128513E+00  1.00687261E+00  1.17128513E+00
   128  5.12000000E+01  1.17135554E+00  1.00764403E+00  1.17135554E+00
   129  5.16000000E+01  1.17142245E+00  1.00848432E+00  1.17142245E+00
   130  5.20000000E+01  1.17148647E+00  1.00939810E+00  1.17148647E+00
   131  5.24000000E+01  1.17154581E+00  1.01039013E+00  1.17154581E+00
   132  5.28000000E+01  1.17160208E+00  1.01146529E+00  1.17160208E+00
   133  5.32000000E+01  1.17165587E+00  1.01262856E+00  1.17165587E+00
   134  5.36000000E+01  1.17170558E+00  1.01388496E+00  1.17170558E+00
   135  5.40000000E+01  1.17175236E+00  1.01523952E+00  1.17175236E+00
   136  5.44000000E+01  1.17179724E+00  1.01669727E+00  1.17179724E+00
   137  5.48000000E+01  1.17183868E+00  1.01826313E+00  1.17183868E+00
   138  5.52000000E+01  1.17187701E+00  1.01994189E+00  1.17187701E+00
   139  5.56000000E+01  1.17191422E+00  1.02173816E+00  1.17191422E+00
   140  5.60000000E+01  1.17194846E+00  1.02365622E+00  1.17194846E+00
   141  5.64000000E+01  1.17197991E+00  1.02570006E+00  1.17197991E+00
   142  5.68000000E+01  1.17200997E+00  1.02787317E+00  1.17200997E+00
   143  5.72000000E+01  1.17203804E+00  1.03017854E+00  1.17203804E+00
   144  5.76000000E+01  1.17206365E+00  1.03261852E+00  1.17206365E+00
   145  5.80000000E+01  1.17208724E+00  1.03519473E+00  1.17208724E+00
   146  5.84000000E+01  1.17210996E+00  1.03790796E+00  1.17210996E+00
   147  5.88000000E+01  1.17213063E+00  1.04075806E+00  1.17213063E+00
   148  5.92000000E+01  1.17214944E+00  1.04374385E+00  1.17214944E+00
   149  5.96000000E+01  1.17216675E+00  1.04686302E+00  1.17216675E+00
   150  6.00000000E+01  1.17218320E+00  1.05011202E+00  1.17218320E+00
   151  6.04000000E+01  1.17219806E+00  1.05348603E+00  1.17219806E+00
   152  6.08000000E+01  1.17221142E+00  1.05697882E+00  1.17221142E+00
   153  6.12000000E+01  1.17222347E+00  1.06058277E+00  1.17222347E+00
   154  6.16000000E+01  1.17223489E+00  1.06428879E+00  1.17223489E+00
   155  6.20000000E+01  1.17224520E+00  1.06808632E+00  1.17224520E+00
   156  6.24000000E+01  1.17225439E+00  1.07196336E+00  1.17225439E+00
   157  6.28000000E+01  1.17226252E+00  1.07590648E+00  1.17226252E+00
   158  6.32000000E+01  1.17226974E+00  1.07990093E+00  1.17226974E+00
   159  6.36000000E+01  1.17227623E+00  1.08393070E+00  1.17227623E+00
   160  6.40000000E+01  1.17228215E+00  1.08797870E+00  1.17228215E+00
   161  6.44000000E+01  1.17228731E+00  1.09202687E+00  1.17228731E+00
   162  6.48000000E+01  1.17229173E+00  1.09605646E+00  1.17229173E+00
   163  6.52000000E+01  1.17229552E+00  1.10004818E+00  1.17229552E+00
   164  6.56000000E+01  1.17229870E+00  1.10398255E+00  1.17229870E+00
   165  6.60000000E+01  1.17230138E+00  1.10784015E+00  1.17230138E+00
   166  6.64000000E+01  1.17230355E+00  1.11160193E+00  1.17230355E+00
   167  6.68000000E+01  1.17230530E+00  1.11524962E+00  1.17230530E+00
   168  6.72000000E+01  1.17230666E+00  1.11876603E+00  1.17230666E+00
   169  6.76000000E+01  1.17230768E+00  1.12213544E+00  1.17230768E+00
   170  6.80000000E+01  1.17230835E+00  1.12534398E+00  1.17230835E+00
   171  6.84000000E+01  1.17230876E+00  1.12837999E+00  1.17230876E+00
   172  6.88000000E+01  1.17230890E+00  1.13123434E+00  1.17230890E+00
   173  6.92000000E+01  1.17230883E+00  1.13390075E+00  1.17230883E+00
   174  6.96000000E+01  1.17230853E+00  1.13637600E+00  1.17230853E+00
   175  7.00000000E+01  1.17230808E+00  1.13866016E+00  1.17230808E+00
   176  7.04000000E+01  1.17230744E+00  1.14075659E+00  1.17230744E+00
   177  7.08000000E+01  1.17230669E+00  1.14267200E+00  1.17230669E+00
   178  7.12000000E+01  1.17230580E+00  1.14441625E+00  1.17230580E+00
   179  7.16000000E+01  1.17230483E+00  1.14600211E+00  1.17230483E+00
   180  7.20000000E+01  1.17230376E+00  1.14744486E+00  1.17230376E+00
   181  7.24000000E+01  1.17230280E+00  1.14876172E+00  1.17230280E+00
   182  7.28000000E+01  1.17230180E+00  1.14997122E+00  1.17230180E+00
   183  7.32000000E+01  1.17230072E+00  1.15109247E+00  1.17230072E+00
   184  7.36000000E+01  1.17229961E+00  1.15214433E+00  1.17229961E+00
   185  7.40000000E+01  1.17229845E+00  1.15314463E+00  1.17229845E+00
   186  7.44000000E+01  1.17229732E+00  1.15410932E+00  1.17229732E+00
   187  7.48000000E+01  1.17229637E+00  1.15505186E+00  1.17229637E+00
   188  7.52000000E+01  1.17229538E+00  1.15598259E+00  1.17229538E+00
   189  7.56000000E+01  1.17229439E+00  1.15690842E+00  1.17229439E+00
   190  7.60000000E+01  1.17229335E+00  1.15783271E+00  1.17229335E+00
   191  7.64000000E+01  1.17229238E+00  1.15875533E+00  1.17229238E+00
   192  7.68000000E+01  1.17229161E+00  1.15967307E+00  1.17229161E+00
   193  7.72000000E+01  1.17229080E+00  1.16058020E+00  1.17229080E+00
   194  7.76000000E+01  1.17229001E+00  1.16146921E+00  1.17229001E+00
   195  7.80000000E+01  1.17228918E+00  1.16233168E+00  1.17228918E+00
   196  7.84000000E+01  1.17228845E+00  1.16315919E+00  1.17228845E+00
   197  7.88000000E+01  1.17228790E+00  1.16394410E+00  1.17228790E+00
   198  7.92000000E+01  1.17228731E+00  1.16468029E+00  1.17228731E+00
   199  7.96000000E+01  1.17228673E+00  1.16536362E+00  1.17228673E+00
   200  8.00000000E+01  1.17228611E+00  1.16599220E+00  1.17228611E+00
   201  8.04000000E+01  1.17228563E+00  1.16656644E+00  1.17228563E+00
   202  8.08000000E+01  1.17228528E+00  1.16708871E+00  1.17228528E+00
   203  8.12000000E+01  1.17228489E+00  1.16756302E+00  1.17228489E+00
   204  8.16000000E+01  1.17228450E+00  1.16799441E+00  1.17228450E+00
   205  8.20000000E+01  1.17228407E+00  1.16838836E+00  1.17228407E+00
   206  8.24000000E+01  1.17228376E+00  1.16875023E+00  1.17228376E+00
   207  8.28000000E+01  1.17228359E+00  1.16908477E+00  1.17228359E+00
   208  8.32000000E+01  1.17228336E+00  1.16939580E+00  1.17228336E+00
   209  8.36000000E+01  1.17228313E+00  1.16968609E+00  1.17228313E+00
   210  8.40000000E+01  1.17228286E+00  1.16995734E+00  1.17228286E+00
   211  8.44000000E+01  1.17228266E+00  1.17021038E+00  1.17228266E+00
   212  8.48000000E+01  1.17228262E+00  1.17044540E+00  1.17228262E+00
   213  8.52000000E+01  1.17228253E+00  1.17066225E+00  1.17228253E+00
   214  8.56000000E+01  1.17228244E+00  1.17086076E+00  1.17228244E+00
   215  8.60000000E+01  1.17228229E+00  1.17104096E+00  1.17228229E+00
   216  8.64000000E+01  1.17228215E+00  1.17120321E+00  1.17228215E+00
   217  8.68000000E+01  1.17228224E+00  1.17134826E+00  1.17228224E+00
   218  8.72000000E+01  1.17228227E+00  1.17147723E+00  1.17228227E+00
   219  8.76000000E+01  1.17228229E+00  1.17159148E+00  1.17228229E+00
   220  8.80000000E+01  1.17228226E+00  1.17169253E+00  1.17228226E+00
   221  8.84000000E+01  1.17228222E+00  1.17178187E+00  1.17228222E+00
   222  8.88000000E+01  1.17228238E+00  1.17186087E+00  1.17228238E+00
   223  8.92000000E+01  1.17228253E+00  1.17193072E+00  1.17228253E+00
   224  8.96000000E+01  1.17228267E+00  1.17199237E+00  1.17228267E+00
   225  9.00000000E+01  1.17228276E+00  1.17204658E+00  1.17228276E+00
   226  9.04000000E+01  1.17228284E+00  1.17209391E+00  1.17228284E+00
   227  9.08000000E+01  1.17228309E+00  1.17213485E+00  1.17228309E+00
   228  9.12000000E+01  1.17228337E+00  1.17216981E+00  1.17228337E+00
   229  9.16000000E+01  1.17228365E+00  1.17219918E+00  1.17228365E+00
   230  9.20000000E+01  1.17228388E+00  1.17222340E+00  1.17228388E+00
   231  9.24000000E+01  1.17228411E+00  1.17224290E+00  1.17228411E+00
   232  9.28000000E+01  1.17228448E+00  1.17225816E+00  1.17228448E+00
   233  9.32000000E+01  1.17228491E+00  1.17226962E+00  1.17228491E+00
   234  9.36000000E+01  1.17228533E+00  1.17227776E+00  1.17228533E+00
   235  9.40000000E+01  1.17228566E+00  1.17228298E+00  1.17228566E+00
   236  9.44000000E+01  1.17228599E+00  1.17228566E+00  1.17228599E+00
   237  9.48000000E+01  1.17228612E+00  1.17228612E+00  1.17228612E+00
   238  9.52000000E+01  1.17228465E+00  1.17228465E+00  1.17228465E+00
   239  9.56000000E+01  1.17228150E+00  1.17228150E+00  1.17228150E+00
   240  9.60000000E+01  1.17227689E+00  1.17227689E+00  1.17227689E+00
   241  9.64000000E+01  1.17227101E+00  1.17227101E+00  1.17227101E+00
 steady-height stop at step    241: rounded to 4 decimals, rounded max/end/ratio =      11723     11723     11723, max/end/ratio =   1.17227101E+00  1.17227101E+00  1.17227101E+00
