 comppar: model =   2
 comppar: lambda,mobility/eps,betav,eta_0 =  8.0000E-01  0.0000E+00  7.0000E-02  1.0000E+00
 comppar: eta_s,eta_p,G =  7.0000E-02  9.3000E-01  1.1625E+00
 comppar: U_avg,deltat,flowrate,nsteps =  1.0000E-01  2.0000E-01  3.1416E-01    2000
 comppar: geometry = axisymmetric
 comppar: steady stop change,gap,hold,min =  1.0000E-07  1.0000E-03       1      80
 comppar: steady stop truncated decimals =       3
 comppar: ncompc,ncompg =     4     5
 mesh nnodes = 5797
 mesh nelem = 2796
 P1 BC   5.0000000000000000     
 P2 BC   0.0000000000000000     
     1  2.00000000E-01  1.00252572E+00  1.00000000E+00  1.00252572E+00
     2  4.00000000E-01  1.00496699E+00  1.00000000E+00  1.00496699E+00
     3  6.00000000E-01  1.00730448E+00  1.00000000E+00  1.00730448E+00
     4  8.00000000E-01  1.00959116E+00  1.00000000E+00  1.00959116E+00
     5  1.00000000E+00  1.01184466E+00  1.00000000E+00  1.01184466E+00
     6  1.20000000E+00  1.01407215E+00  1.00000000E+00  1.01407215E+00
     7  1.40000000E+00  1.01627153E+00  1.00000000E+00  1.01627153E+00
     8  1.60000000E+00  1.01846608E+00  1.00000000E+00  1.01846608E+00
     9  1.80000000E+00  1.02063521E+00  1.00000000E+00  1.02063521E+00
    10  2.00000000E+00  1.02279296E+00  1.00000001E+00  1.02279296E+00
    11  2.20000000E+00  1.02492085E+00  1.00000001E+00  1.02492085E+00
    12  2.40000000E+00  1.02704267E+00  1.00000001E+00  1.02704267E+00
    13  2.60000000E+00  1.02912369E+00  1.00000001E+00  1.02912369E+00
    14  2.80000000E+00  1.03120708E+00  1.00000001E+00  1.03120708E+00
    15  3.00000000E+00  1.03324305E+00  1.00000001E+00  1.03324305E+00
    16  3.20000000E+00  1.03527124E+00  1.00000001E+00  1.03527124E+00
    17  3.40000000E+00  1.03727280E+00  1.00000001E+00  1.03727280E+00
    18  3.60000000E+00  1.03923275E+00  1.00000001E+00  1.03923275E+00
    19  3.80000000E+00  1.04119939E+00  1.00000001E+00  1.04119939E+00
    20  4.00000000E+00  1.04311156E+00  1.00000001E+00  1.04311156E+00
    21  4.20000000E+00  1.04500540E+00  1.00000000E+00  1.04500540E+00
    22  4.40000000E+00  1.04689134E+00  1.00000000E+00  1.04689134E+00
    23  4.60000000E+00  1.04871876E+00  9.99999999E-01  1.04871876E+00
    24  4.80000000E+00  1.05054437E+00  9.99999997E-01  1.05054437E+00
    25  5.00000000E+00  1.05234578E+00  9.99999993E-01  1.05234578E+00
    26  5.20000000E+00  1.05408509E+00  9.99999989E-01  1.05408509E+00
    27  5.40000000E+00  1.05581730E+00  9.99999984E-01  1.05581730E+00
    28  5.60000000E+00  1.05754413E+00  9.99999979E-01  1.05754413E+00
    29  5.80000000E+00  1.05920651E+00  9.99999973E-01  1.05920651E+00
    30  6.00000000E+00  1.06085997E+00  9.99999966E-01  1.06085997E+00
    31  6.20000000E+00  1.06251129E+00  9.99999958E-01  1.06251129E+00
    32  6.40000000E+00  1.06409593E+00  9.99999948E-01  1.06409593E+00
    33  6.60000000E+00  1.06564681E+00  9.99999938E-01  1.06564681E+00
    34  6.80000000E+00  1.06723790E+00  9.99999927E-01  1.06723790E+00
    35  7.00000000E+00  1.06876106E+00  9.99999914E-01  1.06876106E+00
    36  7.20000000E+00  1.07021346E+00  9.99999900E-01  1.07021346E+00
    37  7.40000000E+00  1.07172819E+00  9.99999885E-01  1.07172819E+00
    38  7.60000000E+00  1.07318979E+00  9.99999868E-01  1.07318979E+00
    39  7.80000000E+00  1.07457954E+00  9.99999849E-01  1.07457954E+00
    40  8.00000000E+00  1.07593440E+00  9.99999828E-01  1.07593440E+00
    41  8.20000000E+00  1.07735427E+00  9.99999806E-01  1.07735427E+00
    42  8.40000000E+00  1.07870209E+00  9.99999781E-01  1.07870209E+00
    43  8.60000000E+00  1.07997561E+00  9.99999754E-01  1.07997561E+00
    44  8.80000000E+00  1.08127615E+00  9.99999725E-01  1.08127615E+00
    45  9.00000000E+00  1.08258213E+00  9.99999693E-01  1.08258213E+00
    46  9.20000000E+00  1.08381361E+00  9.99999659E-01  1.08381361E+00
    47  9.40000000E+00  1.08496880E+00  9.99999622E-01  1.08496880E+00
    48  9.60000000E+00  1.08618295E+00  9.99999582E-01  1.08618295E+00
    49  9.80000000E+00  1.08739682E+00  9.99999539E-01  1.08739682E+00
    50  1.00000000E+01  1.08853502E+00  9.99999492E-01  1.08853502E+00
    51  1.02000000E+01  1.08959628E+00  9.99999442E-01  1.08959628E+00
    52  1.04000000E+01  1.09072363E+00  9.99999388E-01  1.09072363E+00
    53  1.06000000E+01  1.09184438E+00  9.99999330E-01  1.09184438E+00
    54  1.08000000E+01  1.09288862E+00  9.99999267E-01  1.09288862E+00
    55  1.10000000E+01  1.09385568E+00  9.99999201E-01  1.09385568E+00
    56  1.12000000E+01  1.09484496E+00  9.99999129E-01  1.09484496E+00
    57  1.14000000E+01  1.09589497E+00  9.99999053E-01  1.09589497E+00
    58  1.16000000E+01  1.09686859E+00  9.99998971E-01  1.09686859E+00
    59  1.18000000E+01  1.09776567E+00  9.99998884E-01  1.09776567E+00
    60  1.20000000E+01  1.09862691E+00  9.99998791E-01  1.09862691E+00
    61  1.22000000E+01  1.09960564E+00  9.99998691E-01  1.09960564E+00
    62  1.24000000E+01  1.10050818E+00  9.99998586E-01  1.10050818E+00
    63  1.26000000E+01  1.10133494E+00  9.99998473E-01  1.10133494E+00
    64  1.28000000E+01  1.10208708E+00  9.99998353E-01  1.10208708E+00
    65  1.30000000E+01  1.10296771E+00  9.99998226E-01  1.10296771E+00
    66  1.32000000E+01  1.10380347E+00  9.99998091E-01  1.10380347E+00
    67  1.34000000E+01  1.10456500E+00  9.99997947E-01  1.10456500E+00
    68  1.36000000E+01  1.10525422E+00  9.99997795E-01  1.10525422E+00
    69  1.38000000E+01  1.10602531E+00  9.99997634E-01  1.10602531E+00
    70  1.40000000E+01  1.10679398E+00  9.99997463E-01  1.10679398E+00
    71  1.42000000E+01  1.10749009E+00  9.99997281E-01  1.10749009E+00
    72  1.44000000E+01  1.10811627E+00  9.99997090E-01  1.10811627E+00
    73  1.46000000E+01  1.10877781E+00  9.99996887E-01  1.10877781E+00
    74  1.48000000E+01  1.10948318E+00  9.99996673E-01  1.10948318E+00
    75  1.50000000E+01  1.11011876E+00  9.99996447E-01  1.11011876E+00
    76  1.52000000E+01  1.11068805E+00  9.99996208E-01  1.11068805E+00
    77  1.54000000E+01  1.11126158E+00  9.99995956E-01  1.11126158E+00
    78  1.56000000E+01  1.11190348E+00  9.99995690E-01  1.11190348E+00
    79  1.58000000E+01  1.11247850E+00  9.99995409E-01  1.11247850E+00
    80  1.60000000E+01  1.11299096E+00  9.99995114E-01  1.11299096E+00
    81  1.62000000E+01  1.11348596E+00  9.99994803E-01  1.11348596E+00
    82  1.64000000E+01  1.11407021E+00  9.99994475E-01  1.11407021E+00
    83  1.66000000E+01  1.11459169E+00  9.99994131E-01  1.11459169E+00
    84  1.68000000E+01  1.11505539E+00  9.99993768E-01  1.11505539E+00
    85  1.70000000E+01  1.11547840E+00  9.99993388E-01  1.11547840E+00
    86  1.72000000E+01  1.11600506E+00  9.99992988E-01  1.11600506E+00
    87  1.74000000E+01  1.11647320E+00  9.99992567E-01  1.11647320E+00
    88  1.76000000E+01  1.11688849E+00  9.99992126E-01  1.11688849E+00
    89  1.78000000E+01  1.11725712E+00  9.99991664E-01  1.11725712E+00
    90  1.80000000E+01  1.11773318E+00  9.99991178E-01  1.11773318E+00
    91  1.82000000E+01  1.11815640E+00  9.99990670E-01  1.11815640E+00
    92  1.84000000E+01  1.11853192E+00  9.99990137E-01  1.11853192E+00
    93  1.86000000E+01  1.11886577E+00  9.99989578E-01  1.11886577E+00
    94  1.88000000E+01  1.11925860E+00  9.99988994E-01  1.11925860E+00
    95  1.90000000E+01  1.11963745E+00  9.99988383E-01  1.11963745E+00
    96  1.92000000E+01  1.11997408E+00  9.99987743E-01  1.11997408E+00
    97  1.94000000E+01  1.12027446E+00  9.99987075E-01  1.12027446E+00
    98  1.96000000E+01  1.12062186E+00  9.99986376E-01  1.12062186E+00
    99  1.98000000E+01  1.12096451E+00  9.99985646E-01  1.12096451E+00
   100  2.00000000E+01  1.12126951E+00  9.99984884E-01  1.12126951E+00
   101  2.02000000E+01  1.12154221E+00  9.99984089E-01  1.12154221E+00
   102  2.04000000E+01  1.12181277E+00  9.99983260E-01  1.12181277E+00
   103  2.06000000E+01  1.12212043E+00  9.99982395E-01  1.12212043E+00
   104  2.08000000E+01  1.12239553E+00  9.99981493E-01  1.12239553E+00
   105  2.10000000E+01  1.12264288E+00  9.99980554E-01  1.12264288E+00
   106  2.12000000E+01  1.12288066E+00  9.99979577E-01  1.12288066E+00
   107  2.14000000E+01  1.12315944E+00  9.99978559E-01  1.12315944E+00
   108  2.16000000E+01  1.12340905E+00  9.99977500E-01  1.12340905E+00
   109  2.18000000E+01  1.12363347E+00  9.99976399E-01  1.12363347E+00
   110  2.20000000E+01  1.12383575E+00  9.99975255E-01  1.12383575E+00
   111  2.22000000E+01  1.12405382E+00  9.99974066E-01  1.12405382E+00
   112  2.24000000E+01  1.12428070E+00  9.99972831E-01  1.12428070E+00
   113  2.26000000E+01  1.12448554E+00  9.99971550E-01  1.12448554E+00
   114  2.28000000E+01  1.12467048E+00  9.99970220E-01  1.12467048E+00
   115  2.30000000E+01  1.12485948E+00  9.99968842E-01  1.12485948E+00
   116  2.32000000E+01  1.12506480E+00  9.99967413E-01  1.12506480E+00
   117  2.34000000E+01  1.12524948E+00  9.99965934E-01  1.12524948E+00
   118  2.36000000E+01  1.12541508E+00  9.99964402E-01  1.12541508E+00
   119  2.38000000E+01  1.12556247E+00  9.99962817E-01  1.12556247E+00
   120  2.40000000E+01  1.12573356E+00  9.99961178E-01  1.12573356E+00
   121  2.42000000E+01  1.12590204E+00  9.99959484E-01  1.12590204E+00
   122  2.44000000E+01  1.12605243E+00  9.99957733E-01  1.12605243E+00
   123  2.46000000E+01  1.12618501E+00  9.99955926E-01  1.12618501E+00
   124  2.48000000E+01  1.12633199E+00  9.99954062E-01  1.12633199E+00
   125  2.50000000E+01  1.12648187E+00  9.99952140E-01  1.12648187E+00
   126  2.52000000E+01  1.12661414E+00  9.99950158E-01  1.12661414E+00
   127  2.54000000E+01  1.12672904E+00  9.99948118E-01  1.12672904E+00
   128  2.56000000E+01  1.12683830E+00  9.99946018E-01  1.12683830E+00
   129  2.58000000E+01  1.12697360E+00  9.99943859E-01  1.12697360E+00
   130  2.60000000E+01  1.12709152E+00  9.99941639E-01  1.12709152E+00
   131  2.62000000E+01  1.12719211E+00  9.99939360E-01  1.12719211E+00
   132  2.64000000E+01  1.12728614E+00  9.99937021E-01  1.12728614E+00
   133  2.66000000E+01  1.12740409E+00  9.99934622E-01  1.12740409E+00
   134  2.68000000E+01  1.12750522E+00  9.99932165E-01  1.12750522E+00
   135  2.70000000E+01  1.12758981E+00  9.99929649E-01  1.12758981E+00
   136  2.72000000E+01  1.12766235E+00  9.99927076E-01  1.12766235E+00
   137  2.74000000E+01  1.12776642E+00  9.99924448E-01  1.12776642E+00
   138  2.76000000E+01  1.12785376E+00  9.99921764E-01  1.12785376E+00
   139  2.78000000E+01  1.12792472E+00  9.99919027E-01  1.12792472E+00
   140  2.80000000E+01  1.12798957E+00  9.99916239E-01  1.12798957E+00
   141  2.82000000E+01  1.12807780E+00  9.99913402E-01  1.12807780E+00
   142  2.84000000E+01  1.12815023E+00  9.99910519E-01  1.12815023E+00
   143  2.86000000E+01  1.12820751E+00  9.99907592E-01  1.12820751E+00
   144  2.88000000E+01  1.12826195E+00  9.99904625E-01  1.12826195E+00
   145  2.90000000E+01  1.12833695E+00  9.99901621E-01  1.12833695E+00
   146  2.92000000E+01  1.12839647E+00  9.99898585E-01  1.12839647E+00
   147  2.94000000E+01  1.12844144E+00  9.99895521E-01  1.12844144E+00
   148  2.96000000E+01  1.12849339E+00  9.99892433E-01  1.12849339E+00
   149  2.98000000E+01  1.12855460E+00  9.99889329E-01  1.12855460E+00
   150  3.00000000E+01  1.12860166E+00  9.99886214E-01  1.12860166E+00
   151  3.02000000E+01  1.12863575E+00  9.99883094E-01  1.12863575E+00
   152  3.04000000E+01  1.12868283E+00  9.99879977E-01  1.12868283E+00
   153  3.06000000E+01  1.12873191E+00  9.99876871E-01  1.12873191E+00
   154  3.08000000E+01  1.12876761E+00  9.99873786E-01  1.12876761E+00
   155  3.10000000E+01  1.12879147E+00  9.99870730E-01  1.12879147E+00
   156  3.12000000E+01  1.12883981E+00  9.99867714E-01  1.12883981E+00
   157  3.14000000E+01  1.12887765E+00  9.99864749E-01  1.12887765E+00
   158  3.16000000E+01  1.12890374E+00  9.99861848E-01  1.12890374E+00
   159  3.18000000E+01  1.12892468E+00  9.99859023E-01  1.12892468E+00
   160  3.20000000E+01  1.12896432E+00  9.99856288E-01  1.12896432E+00
   161  3.22000000E+01  1.12899179E+00  9.99853659E-01  1.12899179E+00
   162  3.24000000E+01  1.12900874E+00  9.99851151E-01  1.12900874E+00
   163  3.26000000E+01  1.12903531E+00  9.99848783E-01  1.12903531E+00
   164  3.28000000E+01  1.12906491E+00  9.99846573E-01  1.12906491E+00
   165  3.30000000E+01  1.12908396E+00  9.99844541E-01  1.12908396E+00
   166  3.32000000E+01  1.12909420E+00  9.99842708E-01  1.12909420E+00
   167  3.34000000E+01  1.12911984E+00  9.99841098E-01  1.12911984E+00
   168  3.36000000E+01  1.12914007E+00  9.99839735E-01  1.12914007E+00
   169  3.38000000E+01  1.12915109E+00  9.99838645E-01  1.12915109E+00
   170  3.40000000E+01  1.12916451E+00  9.99837857E-01  1.12916451E+00
   171  3.42000000E+01  1.12918679E+00  9.99837400E-01  1.12918679E+00
   172  3.44000000E+01  1.12919975E+00  9.99837307E-01  1.12919975E+00
   173  3.46000000E+01  1.12920515E+00  9.99837611E-01  1.12920515E+00
   174  3.48000000E+01  1.12921908E+00  9.99838348E-01  1.12921908E+00
   175  3.50000000E+01  1.12923301E+00  9.99839557E-01  1.12923301E+00
   176  3.52000000E+01  1.12923901E+00  9.99841278E-01  1.12923901E+00
   177  3.54000000E+01  1.12924540E+00  9.99843554E-01  1.12924540E+00
   178  3.56000000E+01  1.12926125E+00  9.99846431E-01  1.12926125E+00
   179  3.58000000E+01  1.12926900E+00  9.99849958E-01  1.12926900E+00
   180  3.60000000E+01  1.12927039E+00  9.99854184E-01  1.12927039E+00
   181  3.62000000E+01  1.12927785E+00  9.99859165E-01  1.12927785E+00
   182  3.64000000E+01  1.12928636E+00  9.99864958E-01  1.12928636E+00
   183  3.66000000E+01  1.12928819E+00  9.99871622E-01  1.12928819E+00
   184  3.68000000E+01  1.12929173E+00  9.99879223E-01  1.12929173E+00
   185  3.70000000E+01  1.12930202E+00  9.99887827E-01  1.12930202E+00
   186  3.72000000E+01  1.12930536E+00  9.99897506E-01  1.12930536E+00
   187  3.74000000E+01  1.12930351E+00  9.99908336E-01  1.12930351E+00
   188  3.76000000E+01  1.12930799E+00  9.99920395E-01  1.12930799E+00
   189  3.78000000E+01  1.12931192E+00  9.99933768E-01  1.12931192E+00
   190  3.80000000E+01  1.12931037E+00  9.99948543E-01  1.12931037E+00
   191  3.82000000E+01  1.12931384E+00  9.99964812E-01  1.12931384E+00
   192  3.84000000E+01  1.12931936E+00  9.99982674E-01  1.12931936E+00
   193  3.86000000E+01  1.12931907E+00  1.00000223E+00  1.12931907E+00
   194  3.88000000E+01  1.12931467E+00  1.00002359E+00  1.12931467E+00
   195  3.90000000E+01  1.12931847E+00  1.00004687E+00  1.12931847E+00
   196  3.92000000E+01  1.12931861E+00  1.00007219E+00  1.12931861E+00
   197  3.94000000E+01  1.12931438E+00  1.00009967E+00  1.12931438E+00
   198  3.96000000E+01  1.12931944E+00  1.00012945E+00  1.12931944E+00
   199  3.98000000E+01  1.12932096E+00  1.00016166E+00  1.12932096E+00
   200  4.00000000E+01  1.12931775E+00  1.00019645E+00  1.12931775E+00
   201  4.02000000E+01  1.12931390E+00  1.00023397E+00  1.12931390E+00
   202  4.04000000E+01  1.12931597E+00  1.00027438E+00  1.12931597E+00
   203  4.06000000E+01  1.12931304E+00  1.00031784E+00  1.12931304E+00
   204  4.08000000E+01  1.12931457E+00  1.00036454E+00  1.12931457E+00
   205  4.10000000E+01  1.12931771E+00  1.00041465E+00  1.12931771E+00
   206  4.12000000E+01  1.12932013E+00  1.00046837E+00  1.12932013E+00
   207  4.14000000E+01  1.12932221E+00  1.00052589E+00  1.12932221E+00
   208  4.16000000E+01  1.12932537E+00  1.00058742E+00  1.12932537E+00
   209  4.18000000E+01  1.12932779E+00  1.00065319E+00  1.12932779E+00
   210  4.20000000E+01  1.12932958E+00  1.00072341E+00  1.12932958E+00
   211  4.22000000E+01  1.12933090E+00  1.00079833E+00  1.12933090E+00
   212  4.24000000E+01  1.12933189E+00  1.00087819E+00  1.12933189E+00
   213  4.26000000E+01  1.12933298E+00  1.00096326E+00  1.12933298E+00
   214  4.28000000E+01  1.12933452E+00  1.00105380E+00  1.12933452E+00
   215  4.30000000E+01  1.12933566E+00  1.00115009E+00  1.12933566E+00
   216  4.32000000E+01  1.12933650E+00  1.00125243E+00  1.12933650E+00
   217  4.34000000E+01  1.12933718E+00  1.00136112E+00  1.12933718E+00
   218  4.36000000E+01  1.12933777E+00  1.00147648E+00  1.12933777E+00
   219  4.38000000E+01  1.12933834E+00  1.00159884E+00  1.12933834E+00
   220  4.40000000E+01  1.12933891E+00  1.00172854E+00  1.12933891E+00
   221  4.42000000E+01  1.12933951E+00  1.00186593E+00  1.12933951E+00
   222  4.44000000E+01  1.12934012E+00  1.00201140E+00  1.12934012E+00
   223  4.46000000E+01  1.12934073E+00  1.00216531E+00  1.12934073E+00
   224  4.48000000E+01  1.12934132E+00  1.00232807E+00  1.12934132E+00
   225  4.50000000E+01  1.12934186E+00  1.00250009E+00  1.12934186E+00
   226  4.52000000E+01  1.12934234E+00  1.00268179E+00  1.12934234E+00
   227  4.54000000E+01  1.12934275E+00  1.00287362E+00  1.12934275E+00
   228  4.56000000E+01  1.12934308E+00  1.00307604E+00  1.12934308E+00
   229  4.58000000E+01  1.12934334E+00  1.00328951E+00  1.12934334E+00
   230  4.60000000E+01  1.12934351E+00  1.00351452E+00  1.12934351E+00
   231  4.62000000E+01  1.12934362E+00  1.00375158E+00  1.12934362E+00
   232  4.64000000E+01  1.12934371E+00  1.00400121E+00  1.12934371E+00
   233  4.66000000E+01  1.12934389E+00  1.00426393E+00  1.12934389E+00
   234  4.68000000E+01  1.12934400E+00  1.00454031E+00  1.12934400E+00
   235  4.70000000E+01  1.12934406E+00  1.00483090E+00  1.12934406E+00
   236  4.72000000E+01  1.12934407E+00  1.00513629E+00  1.12934407E+00
   237  4.74000000E+01  1.12934403E+00  1.00545708E+00  1.12934403E+00
   238  4.76000000E+01  1.12934397E+00  1.00579389E+00  1.12934397E+00
   239  4.78000000E+01  1.12934389E+00  1.00614734E+00  1.12934389E+00
   240  4.80000000E+01  1.12934380E+00  1.00651807E+00  1.12934380E+00
   241  4.82000000E+01  1.12934369E+00  1.00690675E+00  1.12934369E+00
   242  4.84000000E+01  1.12934357E+00  1.00731405E+00  1.12934357E+00
   243  4.86000000E+01  1.12934344E+00  1.00774066E+00  1.12934344E+00
   244  4.88000000E+01  1.12934331E+00  1.00818728E+00  1.12934331E+00
   245  4.90000000E+01  1.12934317E+00  1.00865461E+00  1.12934317E+00
   246  4.92000000E+01  1.12934303E+00  1.00914340E+00  1.12934303E+00
   247  4.94000000E+01  1.12934288E+00  1.00965437E+00  1.12934288E+00
   248  4.96000000E+01  1.12934272E+00  1.01018826E+00  1.12934272E+00
   249  4.98000000E+01  1.12934256E+00  1.01074585E+00  1.12934256E+00
   250  5.00000000E+01  1.12934240E+00  1.01132788E+00  1.12934240E+00
   251  5.02000000E+01  1.12934224E+00  1.01193512E+00  1.12934224E+00
   252  5.04000000E+01  1.12934207E+00  1.01256835E+00  1.12934207E+00
   253  5.06000000E+01  1.12934191E+00  1.01322834E+00  1.12934191E+00
   254  5.08000000E+01  1.12934175E+00  1.01391586E+00  1.12934175E+00
   255  5.10000000E+01  1.12934159E+00  1.01463168E+00  1.12934159E+00
   256  5.12000000E+01  1.12934143E+00  1.01537657E+00  1.12934143E+00
   257  5.14000000E+01  1.12934128E+00  1.01615128E+00  1.12934128E+00
   258  5.16000000E+01  1.12934113E+00  1.01695656E+00  1.12934113E+00
   259  5.18000000E+01  1.12934098E+00  1.01779313E+00  1.12934098E+00
   260  5.20000000E+01  1.12934084E+00  1.01866172E+00  1.12934084E+00
   261  5.22000000E+01  1.12934071E+00  1.01956302E+00  1.12934071E+00
   262  5.24000000E+01  1.12934057E+00  1.02049769E+00  1.12934057E+00
   263  5.26000000E+01  1.12934045E+00  1.02146638E+00  1.12934045E+00
   264  5.28000000E+01  1.12934032E+00  1.02246969E+00  1.12934032E+00
   265  5.30000000E+01  1.12934020E+00  1.02350821E+00  1.12934020E+00
   266  5.32000000E+01  1.12934009E+00  1.02458247E+00  1.12934009E+00
   267  5.34000000E+01  1.12933998E+00  1.02569297E+00  1.12933998E+00
   268  5.36000000E+01  1.12933988E+00  1.02684014E+00  1.12933988E+00
   269  5.38000000E+01  1.12933978E+00  1.02802438E+00  1.12933978E+00
   270  5.40000000E+01  1.12933968E+00  1.02924602E+00  1.12933968E+00
   271  5.42000000E+01  1.12933959E+00  1.03050534E+00  1.12933959E+00
   272  5.44000000E+01  1.12933950E+00  1.03180254E+00  1.12933950E+00
   273  5.46000000E+01  1.12933942E+00  1.03313774E+00  1.12933942E+00
   274  5.48000000E+01  1.12933934E+00  1.03451101E+00  1.12933934E+00
   275  5.50000000E+01  1.12933927E+00  1.03592232E+00  1.12933927E+00
   276  5.52000000E+01  1.12933920E+00  1.03737153E+00  1.12933920E+00
   277  5.54000000E+01  1.12933913E+00  1.03885843E+00  1.12933913E+00
   278  5.56000000E+01  1.12933907E+00  1.04038271E+00  1.12933907E+00
   279  5.58000000E+01  1.12933901E+00  1.04194394E+00  1.12933901E+00
   280  5.60000000E+01  1.12933895E+00  1.04354158E+00  1.12933895E+00
   281  5.62000000E+01  1.12933890E+00  1.04517499E+00  1.12933890E+00
   282  5.64000000E+01  1.12933885E+00  1.04684339E+00  1.12933885E+00
   283  5.66000000E+01  1.12933880E+00  1.04854589E+00  1.12933880E+00
   284  5.68000000E+01  1.12933876E+00  1.05028146E+00  1.12933876E+00
   285  5.70000000E+01  1.12933872E+00  1.05204896E+00  1.12933872E+00
   286  5.72000000E+01  1.12933868E+00  1.05384708E+00  1.12933868E+00
   287  5.74000000E+01  1.12933864E+00  1.05567440E+00  1.12933864E+00
   288  5.76000000E+01  1.12933861E+00  1.05752938E+00  1.12933861E+00
   289  5.78000000E+01  1.12933857E+00  1.05941030E+00  1.12933857E+00
   290  5.80000000E+01  1.12933854E+00  1.06131534E+00  1.12933854E+00
   291  5.82000000E+01  1.12933852E+00  1.06324253E+00  1.12933852E+00
   292  5.84000000E+01  1.12933849E+00  1.06518975E+00  1.12933849E+00
   293  5.86000000E+01  1.12933846E+00  1.06715479E+00  1.12933846E+00
   294  5.88000000E+01  1.12933844E+00  1.06913526E+00  1.12933844E+00
   295  5.90000000E+01  1.12933842E+00  1.07112868E+00  1.12933842E+00
   296  5.92000000E+01  1.12933840E+00  1.07313243E+00  1.12933840E+00
   297  5.94000000E+01  1.12933838E+00  1.07514377E+00  1.12933838E+00
   298  5.96000000E+01  1.12933836E+00  1.07715987E+00  1.12933836E+00
   299  5.98000000E+01  1.12933835E+00  1.07917777E+00  1.12933835E+00
   300  6.00000000E+01  1.12933833E+00  1.08119441E+00  1.12933833E+00
   301  6.02000000E+01  1.12933832E+00  1.08320667E+00  1.12933832E+00
   302  6.04000000E+01  1.12933830E+00  1.08521130E+00  1.12933830E+00
   303  6.06000000E+01  1.12933829E+00  1.08720503E+00  1.12933829E+00
   304  6.08000000E+01  1.12933828E+00  1.08918448E+00  1.12933828E+00
   305  6.10000000E+01  1.12933827E+00  1.09114626E+00  1.12933827E+00
   306  6.12000000E+01  1.12933826E+00  1.09308689E+00  1.12933826E+00
   307  6.14000000E+01  1.12933825E+00  1.09500293E+00  1.12933825E+00
   308  6.16000000E+01  1.12933824E+00  1.09689086E+00  1.12933824E+00
   309  6.18000000E+01  1.12933824E+00  1.09874721E+00  1.12933824E+00
   310  6.20000000E+01  1.12933823E+00  1.10056850E+00  1.12933823E+00
   311  6.22000000E+01  1.12933822E+00  1.10235132E+00  1.12933822E+00
   312  6.24000000E+01  1.12933822E+00  1.10409227E+00  1.12933822E+00
   313  6.26000000E+01  1.12933821E+00  1.10578806E+00  1.12933821E+00
   314  6.28000000E+01  1.12933821E+00  1.10743547E+00  1.12933821E+00
   315  6.30000000E+01  1.12933820E+00  1.10903140E+00  1.12933820E+00
   316  6.32000000E+01  1.12933820E+00  1.11057288E+00  1.12933820E+00
   317  6.34000000E+01  1.12933819E+00  1.11205713E+00  1.12933819E+00
   318  6.36000000E+01  1.12933819E+00  1.11348151E+00  1.12933819E+00
   319  6.38000000E+01  1.12933819E+00  1.11484362E+00  1.12933819E+00
   320  6.40000000E+01  1.12933818E+00  1.11614130E+00  1.12933818E+00
   321  6.42000000E+01  1.12933818E+00  1.11737264E+00  1.12933818E+00
   322  6.44000000E+01  1.12933818E+00  1.11853606E+00  1.12933818E+00
   323  6.46000000E+01  1.12933817E+00  1.11963031E+00  1.12933817E+00
   324  6.48000000E+01  1.12933817E+00  1.12065449E+00  1.12933817E+00
   325  6.50000000E+01  1.12933817E+00  1.12160813E+00  1.12933817E+00
   326  6.52000000E+01  1.12933817E+00  1.12249120E+00  1.12933817E+00
   327  6.54000000E+01  1.12933817E+00  1.12330412E+00  1.12933817E+00
   328  6.56000000E+01  1.12933816E+00  1.12404784E+00  1.12933816E+00
   329  6.58000000E+01  1.12933816E+00  1.12472378E+00  1.12933816E+00
   330  6.60000000E+01  1.12933816E+00  1.12533389E+00  1.12933816E+00
   331  6.62000000E+01  1.12933816E+00  1.12588064E+00  1.12933816E+00
   332  6.64000000E+01  1.12933816E+00  1.12636698E+00  1.12933816E+00
   333  6.66000000E+01  1.12933816E+00  1.12679628E+00  1.12933816E+00
   334  6.68000000E+01  1.12933816E+00  1.12717233E+00  1.12933816E+00
   335  6.70000000E+01  1.12933816E+00  1.12749922E+00  1.12933816E+00
   336  6.72000000E+01  1.12933816E+00  1.12778127E+00  1.12933816E+00
   337  6.74000000E+01  1.12933816E+00  1.12802291E+00  1.12933816E+00
   338  6.76000000E+01  1.12933815E+00  1.12822861E+00  1.12933815E+00
   339  6.78000000E+01  1.12933815E+00  1.12840277E+00  1.12933815E+00
   340  6.80000000E+01  1.12933815E+00  1.12854958E+00  1.12933815E+00
   341  6.82000000E+01  1.12933815E+00  1.12867296E+00  1.12933815E+00
   342  6.84000000E+01  1.12933815E+00  1.12877646E+00  1.12933815E+00
   343  6.86000000E+01  1.12933815E+00  1.12886325E+00  1.12933815E+00
   344  6.88000000E+01  1.12933815E+00  1.12893602E+00  1.12933815E+00
   345  6.90000000E+01  1.12933815E+00  1.12899703E+00  1.12933815E+00
   346  6.92000000E+01  1.12933815E+00  1.12904808E+00  1.12933815E+00
 steady-height stop at step    346: truncated to 3 decimals, truncated max/end/ratio =       1129      1129      1129, max/end/ratio =   1.12933815E+00  1.12904808E+00  1.12933815E+00
