 dx_box  0.20000000000000001      dx_wall  0.20000000000000001     
 comppar: model =   2
 comppar: lambda,mobility/eps,betav,eta_0 =  1.0000E+00  0.0000E+00  1.1111E-01  1.0000E+00
 comppar: eta_s,eta_p,G =  1.1111E-01  8.8889E-01  8.8889E-01
 comppar: U_avg,deltat,flowrate,nsteps =  2.5000E-01  3.2000E-01  7.8540E-01    1000
 comppar: geometry = axisymmetric
 comppar: steady stop change,gap,hold,min =  1.0000E-05  5.0000E-03      10      80
 comppar: ncompc,ncompg =     4     5
 mesh nnodes = 1559
 mesh nelem = 728
 P1 BC   5.0000000000000000     
 P2 BC   0.0000000000000000     
     1  3.20000000E-01  1.00999786E+00  1.00000000E+00  1.00999786E+00
     2  6.40000000E-01  1.01920427E+00  1.00000000E+00  1.01920427E+00
     3  9.60000000E-01  1.02779584E+00  1.00000000E+00  1.02779584E+00
     4  1.28000000E+00  1.03662384E+00  1.00000001E+00  1.03662384E+00
     5  1.60000000E+00  1.04578880E+00  1.00000000E+00  1.04578880E+00
     6  1.92000000E+00  1.05510706E+00  9.99999996E-01  1.05510706E+00
     7  2.24000000E+00  1.06469858E+00  9.99999982E-01  1.06469858E+00
     8  2.56000000E+00  1.07413456E+00  9.99999957E-01  1.07413456E+00
     9  2.88000000E+00  1.08317090E+00  9.99999919E-01  1.08317090E+00
    10  3.20000000E+00  1.09205923E+00  9.99999862E-01  1.09205923E+00
    11  3.52000000E+00  1.10034508E+00  9.99999781E-01  1.10034508E+00
    12  3.84000000E+00  1.10833051E+00  9.99999670E-01  1.10833051E+00
    13  4.16000000E+00  1.11623759E+00  9.99999521E-01  1.11623759E+00
    14  4.48000000E+00  1.12360188E+00  9.99999327E-01  1.12360188E+00
    15  4.80000000E+00  1.13078182E+00  9.99999078E-01  1.13078182E+00
    16  5.12000000E+00  1.13776501E+00  9.99998760E-01  1.13776501E+00
    17  5.44000000E+00  1.14413911E+00  9.99998361E-01  1.14413911E+00
    18  5.76000000E+00  1.14994387E+00  9.99997864E-01  1.14994387E+00
    19  6.08000000E+00  1.15606379E+00  9.99997249E-01  1.15606379E+00
    20  6.40000000E+00  1.16156092E+00  9.99996497E-01  1.16156092E+00
    21  6.72000000E+00  1.16642084E+00  9.99995583E-01  1.16642084E+00
    22  7.04000000E+00  1.17150781E+00  9.99994480E-01  1.17150781E+00
    23  7.36000000E+00  1.17612851E+00  9.99993157E-01  1.17612851E+00
    24  7.68000000E+00  1.18007353E+00  9.99991579E-01  1.18007353E+00
    25  8.00000000E+00  1.18439821E+00  9.99989709E-01  1.18439821E+00
    26  8.32000000E+00  1.18817082E+00  9.99987503E-01  1.18817082E+00
    27  8.64000000E+00  1.19125349E+00  9.99984914E-01  1.19125349E+00
    28  8.96000000E+00  1.19487630E+00  9.99981891E-01  1.19487630E+00
    29  9.28000000E+00  1.19776176E+00  9.99978379E-01  1.19776176E+00
    30  9.60000000E+00  1.20025795E+00  9.99974319E-01  1.20025795E+00
    31  9.92000000E+00  1.20299421E+00  9.99969652E-01  1.20299421E+00
    32  1.02400000E+01  1.20498857E+00  9.99964315E-01  1.20498857E+00
    33  1.05600000E+01  1.20729006E+00  9.99958245E-01  1.20729006E+00
    34  1.08800000E+01  1.20916837E+00  9.99951382E-01  1.20916837E+00
    35  1.12000000E+01  1.21072801E+00  9.99943669E-01  1.21072801E+00
    36  1.15200000E+01  1.21250424E+00  9.99935060E-01  1.21250424E+00
    37  1.18400000E+01  1.21363370E+00  9.99925518E-01  1.21363370E+00
    38  1.21600000E+01  1.21520244E+00  9.99915026E-01  1.21520244E+00
    39  1.24800000E+01  1.21623821E+00  9.99903589E-01  1.21623821E+00
    40  1.28000000E+01  1.21727668E+00  9.99891247E-01  1.21727668E+00
    41  1.31200000E+01  1.21825619E+00  9.99878083E-01  1.21825619E+00
    42  1.34400000E+01  1.21891161E+00  9.99864234E-01  1.21891161E+00
    43  1.37600000E+01  1.21980561E+00  9.99849910E-01  1.21980561E+00
    44  1.40800000E+01  1.22023143E+00  9.99835408E-01  1.22023143E+00
    45  1.44000000E+01  1.22102261E+00  9.99821133E-01  1.22102261E+00
    46  1.47200000E+01  1.22142394E+00  9.99807629E-01  1.22142394E+00
    47  1.50400000E+01  1.22192829E+00  9.99795601E-01  1.22192829E+00
    48  1.53600000E+01  1.22226689E+00  9.99785958E-01  1.22226689E+00
    49  1.56800000E+01  1.22263708E+00  9.99779848E-01  1.22263708E+00
    50  1.60000000E+01  1.22295297E+00  9.99778710E-01  1.22295297E+00
    51  1.63200000E+01  1.22313078E+00  9.99784330E-01  1.22313078E+00
    52  1.66400000E+01  1.22338980E+00  9.99798902E-01  1.22338980E+00
    53  1.69600000E+01  1.22353575E+00  9.99825104E-01  1.22353575E+00
    54  1.72800000E+01  1.22377340E+00  9.99866184E-01  1.22377340E+00
    55  1.76000000E+01  1.22379998E+00  9.99926049E-01  1.22379998E+00
    56  1.79200000E+01  1.22398590E+00  1.00000938E+00  1.22398590E+00
    57  1.82400000E+01  1.22404437E+00  1.00012175E+00  1.22404437E+00
    58  1.85600000E+01  1.22421001E+00  1.00026975E+00  1.22421001E+00
    59  1.88800000E+01  1.22418061E+00  1.00046116E+00  1.22418061E+00
    60  1.92000000E+01  1.22429901E+00  1.00070508E+00  1.22429901E+00
    61  1.95200000E+01  1.22433101E+00  1.00101213E+00  1.22433101E+00
    62  1.98400000E+01  1.22443001E+00  1.00139462E+00  1.22443001E+00
    63  2.01600000E+01  1.22439471E+00  1.00186675E+00  1.22439471E+00
    64  2.04800000E+01  1.22445055E+00  1.00244478E+00  1.22445055E+00
    65  2.08000000E+01  1.22450011E+00  1.00314721E+00  1.22450011E+00
    66  2.11200000E+01  1.22453736E+00  1.00399498E+00  1.22453736E+00
    67  2.14400000E+01  1.22455301E+00  1.00501152E+00  1.22455301E+00
    68  2.17600000E+01  1.22459423E+00  1.00622290E+00  1.22459423E+00
    69  2.20800000E+01  1.22464830E+00  1.00765782E+00  1.22464830E+00
    70  2.24000000E+01  1.22466641E+00  1.00934750E+00  1.22466641E+00
    71  2.27200000E+01  1.22471528E+00  1.01132549E+00  1.22471528E+00
    72  2.30400000E+01  1.22471231E+00  1.01362728E+00  1.22471231E+00
    73  2.33600000E+01  1.22472691E+00  1.01628984E+00  1.22472691E+00
    74  2.36800000E+01  1.22473368E+00  1.01935075E+00  1.22473368E+00
    75  2.40000000E+01  1.22473689E+00  1.02284733E+00  1.22473689E+00
    76  2.43200000E+01  1.22473740E+00  1.02681537E+00  1.22473740E+00
    77  2.46400000E+01  1.22476786E+00  1.03128766E+00  1.22476786E+00
    78  2.49600000E+01  1.22472302E+00  1.03629236E+00  1.22472302E+00
    79  2.52800000E+01  1.22476450E+00  1.04185109E+00  1.22476450E+00
    80  2.56000000E+01  1.22480148E+00  1.04797697E+00  1.22480148E+00
    81  2.59200000E+01  1.22483039E+00  1.05467270E+00  1.22483039E+00
    82  2.62400000E+01  1.22483302E+00  1.06192866E+00  1.22483302E+00
    83  2.65600000E+01  1.22482279E+00  1.06972138E+00  1.22482279E+00
    84  2.68800000E+01  1.22491894E+00  1.07801245E+00  1.22491894E+00
    85  2.72000000E+01  1.22488553E+00  1.08674797E+00  1.22488553E+00
    86  2.75200000E+01  1.22494290E+00  1.09585887E+00  1.22494290E+00
    87  2.78400000E+01  1.22487350E+00  1.10526198E+00  1.22487350E+00
    88  2.81600000E+01  1.22502379E+00  1.11486202E+00  1.22502379E+00
    89  2.84800000E+01  1.22493277E+00  1.12455442E+00  1.22493277E+00
    90  2.88000000E+01  1.22503998E+00  1.13422886E+00  1.22503998E+00
    91  2.91200000E+01  1.22503316E+00  1.14377324E+00  1.22503316E+00
    92  2.94400000E+01  1.22511464E+00  1.15307794E+00  1.22511464E+00
    93  2.97600000E+01  1.22508283E+00  1.16203987E+00  1.22508283E+00
    94  3.00800000E+01  1.22512247E+00  1.17056613E+00  1.22512247E+00
    95  3.04000000E+01  1.22517967E+00  1.17857693E+00  1.22517967E+00
    96  3.07200000E+01  1.22519062E+00  1.18600751E+00  1.22519062E+00
    97  3.10400000E+01  1.22521796E+00  1.19280911E+00  1.22521796E+00
    98  3.13600000E+01  1.22519018E+00  1.19894882E+00  1.22519018E+00
    99  3.16800000E+01  1.22530586E+00  1.20440860E+00  1.22530586E+00
   100  3.20000000E+01  1.22525140E+00  1.20918379E+00  1.22525140E+00
   101  3.23200000E+01  1.22533283E+00  1.21328132E+00  1.22533283E+00
   102  3.26400000E+01  1.22527899E+00  1.21671811E+00  1.22527899E+00
   103  3.29600000E+01  1.22541186E+00  1.21951994E+00  1.22541186E+00
   104  3.32800000E+01  1.22533949E+00  1.22172095E+00  1.22533949E+00
   105  3.36000000E+01  1.22542845E+00  1.22336372E+00  1.22542845E+00
   106  3.39200000E+01  1.22544363E+00  1.22449979E+00  1.22544363E+00
   107  3.42400000E+01  1.22549929E+00  1.22519006E+00  1.22549929E+00
   108  3.45600000E+01  1.22550464E+00  1.22550464E+00  1.22550464E+00
   109  3.48800000E+01  1.22552154E+00  1.22552154E+00  1.22552154E+00
   110  3.52000000E+01  1.22532387E+00  1.22532387E+00  1.22532387E+00
   111  3.55200000E+01  1.22499553E+00  1.22499553E+00  1.22499553E+00
   112  3.58400000E+01  1.22461571E+00  1.22461571E+00  1.22461571E+00
   113  3.61600000E+01  1.22460640E+00  1.22425299E+00  1.22460640E+00
   114  3.64800000E+01  1.22460640E+00  1.22395990E+00  1.22460640E+00
   115  3.68000000E+01  1.22460639E+00  1.22376918E+00  1.22460639E+00
   116  3.71200000E+01  1.22460639E+00  1.22369237E+00  1.22460639E+00
   117  3.74400000E+01  1.22460639E+00  1.22372130E+00  1.22460639E+00
   118  3.77600000E+01  1.22460638E+00  1.22383226E+00  1.22460638E+00
   119  3.80800000E+01  1.22460638E+00  1.22399213E+00  1.22460638E+00
   120  3.84000000E+01  1.22460638E+00  1.22416537E+00  1.22460638E+00
   121  3.87200000E+01  1.22460638E+00  1.22432056E+00  1.22460638E+00
   122  3.90400000E+01  1.22460638E+00  1.22443532E+00  1.22460638E+00
   123  3.93600000E+01  1.22460638E+00  1.22449880E+00  1.22460638E+00
   124  3.96800000E+01  1.22460638E+00  1.22451170E+00  1.22460638E+00
   125  4.00000000E+01  1.22460637E+00  1.22448390E+00  1.22460637E+00
   126  4.03200000E+01  1.22460637E+00  1.22443079E+00  1.22460637E+00
   127  4.06400000E+01  1.22460637E+00  1.22436906E+00  1.22460637E+00
   128  4.09600000E+01  1.22460637E+00  1.22431310E+00  1.22460637E+00
   129  4.12800000E+01  1.22460637E+00  1.22427254E+00  1.22460637E+00
   130  4.16000000E+01  1.22460637E+00  1.22425139E+00  1.22460637E+00
   131  4.19200000E+01  1.22460637E+00  1.22424850E+00  1.22460637E+00
   132  4.22400000E+01  1.22460637E+00  1.22425914E+00  1.22460637E+00
   133  4.25600000E+01  1.22460637E+00  1.22427691E+00  1.22460637E+00
   134  4.28800000E+01  1.22460637E+00  1.22429566E+00  1.22460637E+00
   135  4.32000000E+01  1.22460637E+00  1.22431077E+00  1.22460637E+00
   136  4.35200000E+01  1.22460637E+00  1.22431981E+00  1.22460637E+00
   137  4.38400000E+01  1.22460637E+00  1.22432250E+00  1.22460637E+00
   138  4.41600000E+01  1.22460637E+00  1.22432013E+00  1.22460637E+00
   139  4.44800000E+01  1.22460637E+00  1.22431482E+00  1.22460637E+00
   140  4.48000000E+01  1.22460637E+00  1.22430874E+00  1.22460637E+00
   141  4.51200000E+01  1.22460637E+00  1.22430357E+00  1.22460637E+00
   142  4.54400000E+01  1.22460637E+00  1.22430024E+00  1.22460637E+00
   143  4.57600000E+01  1.22460637E+00  1.22429893E+00  1.22460637E+00
   144  4.60800000E+01  1.22460637E+00  1.22429924E+00  1.22460637E+00
   145  4.64000000E+01  1.22460637E+00  1.22430054E+00  1.22460637E+00
 steady-height stop at step    145: changes <=   1.0000E-05, max-end <=   5.0000E-03, max/end/gap/profile_change =   1.22460637E+00  1.22430054E+00  3.05831511E-04  1.33843889E-06
