 comppar: model =   2
 comppar: lambda,mobility/eps,betav,eta_0 =  1.0000E+00  0.0000E+00  9.0000E-02  1.0000E+00
 comppar: eta_s,eta_p,G =  9.0000E-02  9.1000E-01  9.1000E-01
 comppar: U_avg,deltat,flowrate,nsteps =  1.0000E-01  2.0000E-01  3.1416E-01    2000
 comppar: geometry = axisymmetric
 comppar: steady stop change,gap,hold,min =  1.0000E-07  1.0000E-03       1      80
 comppar: steady stop truncated decimals =       3
 comppar: ncompc,ncompg =     4     5
 mesh nnodes = 5797
 mesh nelem = 2796
 P1 BC   5.0000000000000000     
 P2 BC   0.0000000000000000     
     1  2.00000000E-01  1.00252558E+00  1.00000000E+00  1.00252558E+00
     2  4.00000000E-01  1.00497012E+00  1.00000000E+00  1.00497012E+00
     3  6.00000000E-01  1.00731355E+00  1.00000000E+00  1.00731355E+00
     4  8.00000000E-01  1.00960089E+00  1.00000000E+00  1.00960089E+00
     5  1.00000000E+00  1.01184841E+00  1.00000000E+00  1.01184841E+00
     6  1.20000000E+00  1.01406731E+00  1.00000000E+00  1.01406731E+00
     7  1.40000000E+00  1.01625905E+00  1.00000000E+00  1.01625905E+00
     8  1.60000000E+00  1.01844701E+00  1.00000000E+00  1.01844701E+00
     9  1.80000000E+00  1.02061609E+00  1.00000000E+00  1.02061609E+00
    10  2.00000000E+00  1.02277601E+00  1.00000001E+00  1.02277601E+00
    11  2.20000000E+00  1.02491505E+00  1.00000001E+00  1.02491505E+00
    12  2.40000000E+00  1.02704942E+00  1.00000001E+00  1.02704942E+00
    13  2.60000000E+00  1.02915109E+00  1.00000001E+00  1.02915109E+00
    14  2.80000000E+00  1.03125634E+00  1.00000001E+00  1.03125634E+00
    15  3.00000000E+00  1.03331887E+00  1.00000001E+00  1.03331887E+00
    16  3.20000000E+00  1.03537871E+00  1.00000001E+00  1.03537871E+00
    17  3.40000000E+00  1.03741471E+00  1.00000001E+00  1.03741471E+00
    18  3.60000000E+00  1.03941065E+00  1.00000001E+00  1.03941065E+00
    19  3.80000000E+00  1.04141854E+00  1.00000001E+00  1.04141854E+00
    20  4.00000000E+00  1.04337618E+00  1.00000001E+00  1.04337618E+00
    21  4.20000000E+00  1.04530928E+00  1.00000000E+00  1.04530928E+00
    22  4.40000000E+00  1.04724573E+00  1.00000000E+00  1.04724573E+00
    23  4.60000000E+00  1.04912748E+00  1.00000000E+00  1.04912748E+00
    24  4.80000000E+00  1.05099037E+00  9.99999998E-01  1.05099037E+00
    25  5.00000000E+00  1.05284980E+00  9.99999995E-01  1.05284980E+00
    26  5.20000000E+00  1.05465072E+00  9.99999991E-01  1.05465072E+00
    27  5.40000000E+00  1.05640809E+00  9.99999987E-01  1.05640809E+00
    28  5.60000000E+00  1.05819859E+00  9.99999982E-01  1.05819859E+00
    29  5.80000000E+00  1.05992813E+00  9.99999976E-01  1.05992813E+00
    30  6.00000000E+00  1.06159954E+00  9.99999969E-01  1.06159954E+00
    31  6.20000000E+00  1.06331948E+00  9.99999961E-01  1.06331948E+00
    32  6.40000000E+00  1.06497620E+00  9.99999952E-01  1.06497620E+00
    33  6.60000000E+00  1.06656679E+00  9.99999942E-01  1.06656679E+00
    34  6.80000000E+00  1.06819720E+00  9.99999931E-01  1.06819720E+00
    35  7.00000000E+00  1.06979637E+00  9.99999919E-01  1.06979637E+00
    36  7.20000000E+00  1.07132837E+00  9.99999906E-01  1.07132837E+00
    37  7.40000000E+00  1.07283722E+00  9.99999891E-01  1.07283722E+00
    38  7.60000000E+00  1.07437863E+00  9.99999874E-01  1.07437863E+00
    39  7.80000000E+00  1.07585182E+00  9.99999856E-01  1.07585182E+00
    40  8.00000000E+00  1.07725452E+00  9.99999836E-01  1.07725452E+00
    41  8.20000000E+00  1.07867738E+00  9.99999814E-01  1.07867738E+00
    42  8.40000000E+00  1.08011154E+00  9.99999790E-01  1.08011154E+00
    43  8.60000000E+00  1.08147520E+00  9.99999765E-01  1.08147520E+00
    44  8.80000000E+00  1.08276654E+00  9.99999736E-01  1.08276654E+00
    45  9.00000000E+00  1.08412133E+00  9.99999706E-01  1.08412133E+00
    46  9.20000000E+00  1.08544593E+00  9.99999672E-01  1.08544593E+00
    47  9.40000000E+00  1.08669821E+00  9.99999636E-01  1.08669821E+00
    48  9.60000000E+00  1.08787689E+00  9.99999598E-01  1.08787689E+00
    49  9.80000000E+00  1.08913496E+00  9.99999556E-01  1.08913496E+00
    50  1.00000000E+01  1.09037211E+00  9.99999510E-01  1.09037211E+00
    51  1.02000000E+01  1.09153637E+00  9.99999462E-01  1.09153637E+00
    52  1.04000000E+01  1.09262703E+00  9.99999409E-01  1.09262703E+00
    53  1.06000000E+01  1.09378072E+00  9.99999353E-01  1.09378072E+00
    54  1.08000000E+01  1.09492993E+00  9.99999293E-01  1.09492993E+00
    55  1.10000000E+01  1.09600602E+00  9.99999228E-01  1.09600602E+00
    56  1.12000000E+01  1.09700890E+00  9.99999159E-01  1.09700890E+00
    57  1.14000000E+01  1.09800424E+00  9.99999085E-01  1.09800424E+00
    58  1.16000000E+01  1.09908791E+00  9.99999006E-01  1.09908791E+00
    59  1.18000000E+01  1.10009905E+00  9.99998921E-01  1.10009905E+00
    60  1.20000000E+01  1.10103811E+00  9.99998831E-01  1.10103811E+00
    61  1.22000000E+01  1.10190621E+00  9.99998735E-01  1.10190621E+00
    62  1.24000000E+01  1.10290131E+00  9.99998632E-01  1.10290131E+00
    63  1.26000000E+01  1.10384717E+00  9.99998523E-01  1.10384717E+00
    64  1.28000000E+01  1.10472212E+00  9.99998407E-01  1.10472212E+00
    65  1.30000000E+01  1.10552784E+00  9.99998284E-01  1.10552784E+00
    66  1.32000000E+01  1.10636521E+00  9.99998153E-01  1.10636521E+00
    67  1.34000000E+01  1.10725058E+00  9.99998014E-01  1.10725058E+00
    68  1.36000000E+01  1.10806692E+00  9.99997867E-01  1.10806692E+00
    69  1.38000000E+01  1.10881654E+00  9.99997710E-01  1.10881654E+00
    70  1.40000000E+01  1.10952154E+00  9.99997545E-01  1.10952154E+00
    71  1.42000000E+01  1.11034614E+00  9.99997369E-01  1.11034614E+00
    72  1.44000000E+01  1.11110363E+00  9.99997184E-01  1.11110363E+00
    73  1.46000000E+01  1.11179695E+00  9.99996988E-01  1.11179695E+00
    74  1.48000000E+01  1.11242995E+00  9.99996780E-01  1.11242995E+00
    75  1.50000000E+01  1.11314135E+00  9.99996561E-01  1.11314135E+00
    76  1.52000000E+01  1.11384501E+00  9.99996330E-01  1.11384501E+00
    77  1.54000000E+01  1.11448806E+00  9.99996086E-01  1.11448806E+00
    78  1.56000000E+01  1.11507496E+00  9.99995828E-01  1.11507496E+00
    79  1.58000000E+01  1.11566537E+00  9.99995557E-01  1.11566537E+00
    80  1.60000000E+01  1.11631505E+00  9.99995271E-01  1.11631505E+00
    81  1.62000000E+01  1.11690771E+00  9.99994970E-01  1.11690771E+00
    82  1.64000000E+01  1.11744845E+00  9.99994653E-01  1.11744845E+00
    83  1.66000000E+01  1.11794293E+00  9.99994319E-01  1.11794293E+00
    84  1.68000000E+01  1.11854036E+00  9.99993968E-01  1.11854036E+00
    85  1.70000000E+01  1.11909010E+00  9.99993600E-01  1.11909010E+00
    86  1.72000000E+01  1.11959258E+00  9.99993212E-01  1.11959258E+00
    87  1.74000000E+01  1.12005343E+00  9.99992806E-01  1.12005343E+00
    88  1.76000000E+01  1.12053326E+00  9.99992379E-01  1.12053326E+00
    89  1.78000000E+01  1.12104016E+00  9.99991931E-01  1.12104016E+00
    90  1.80000000E+01  1.12150465E+00  9.99991461E-01  1.12150465E+00
    91  1.82000000E+01  1.12193243E+00  9.99990968E-01  1.12193243E+00
    92  1.84000000E+01  1.12232902E+00  9.99990452E-01  1.12232902E+00
    93  1.86000000E+01  1.12280072E+00  9.99989912E-01  1.12280072E+00
    94  1.88000000E+01  1.12323429E+00  9.99989346E-01  1.12323429E+00
    95  1.90000000E+01  1.12363483E+00  9.99988754E-01  1.12363483E+00
    96  1.92000000E+01  1.12400676E+00  9.99988134E-01  1.12400676E+00
    97  1.94000000E+01  1.12435888E+00  9.99987487E-01  1.12435888E+00
    98  1.96000000E+01  1.12476249E+00  9.99986810E-01  1.12476249E+00
    99  1.98000000E+01  1.12513731E+00  9.99986103E-01  1.12513731E+00
   100  2.00000000E+01  1.12548703E+00  9.99985365E-01  1.12548703E+00
   101  2.02000000E+01  1.12581415E+00  9.99984594E-01  1.12581415E+00
   102  2.04000000E+01  1.12614718E+00  9.99983790E-01  1.12614718E+00
   103  2.06000000E+01  1.12649882E+00  9.99982952E-01  1.12649882E+00
   104  2.08000000E+01  1.12682664E+00  9.99982078E-01  1.12682664E+00
   105  2.10000000E+01  1.12713229E+00  9.99981168E-01  1.12713229E+00
   106  2.12000000E+01  1.12741629E+00  9.99980219E-01  1.12741629E+00
   107  2.14000000E+01  1.12769490E+00  9.99979232E-01  1.12769490E+00
   108  2.16000000E+01  1.12800408E+00  9.99978205E-01  1.12800408E+00
   109  2.18000000E+01  1.12829200E+00  9.99977136E-01  1.12829200E+00
   110  2.20000000E+01  1.12855831E+00  9.99976025E-01  1.12855831E+00
   111  2.22000000E+01  1.12880196E+00  9.99974871E-01  1.12880196E+00
   112  2.24000000E+01  1.12906391E+00  9.99973672E-01  1.12906391E+00
   113  2.26000000E+01  1.12933007E+00  9.99972427E-01  1.12933007E+00
   114  2.28000000E+01  1.12957398E+00  9.99971135E-01  1.12957398E+00
   115  2.30000000E+01  1.12979463E+00  9.99969795E-01  1.12979463E+00
   116  2.32000000E+01  1.12999143E+00  9.99968405E-01  1.12999143E+00
   117  2.34000000E+01  1.13023983E+00  9.99966966E-01  1.13023983E+00
   118  2.36000000E+01  1.13046517E+00  9.99965474E-01  1.13046517E+00
   119  2.38000000E+01  1.13066623E+00  9.99963931E-01  1.13066623E+00
   120  2.40000000E+01  1.13084202E+00  9.99962334E-01  1.13084202E+00
   121  2.42000000E+01  1.13104392E+00  9.99960682E-01  1.13104392E+00
   122  2.44000000E+01  1.13124668E+00  9.99958975E-01  1.13124668E+00
   123  2.46000000E+01  1.13142516E+00  9.99957211E-01  1.13142516E+00
   124  2.48000000E+01  1.13157893E+00  9.99955391E-01  1.13157893E+00
   125  2.50000000E+01  1.13174668E+00  9.99953512E-01  1.13174668E+00
   126  2.52000000E+01  1.13192981E+00  9.99951575E-01  1.13192981E+00
   127  2.54000000E+01  1.13208797E+00  9.99949579E-01  1.13208797E+00
   128  2.56000000E+01  1.13222114E+00  9.99947522E-01  1.13222114E+00
   129  2.58000000E+01  1.13235832E+00  9.99945406E-01  1.13235832E+00
   130  2.60000000E+01  1.13251971E+00  9.99943228E-01  1.13251971E+00
   131  2.62000000E+01  1.13265695E+00  9.99940990E-01  1.13265695E+00
   132  2.64000000E+01  1.13277057E+00  9.99938691E-01  1.13277057E+00
   133  2.66000000E+01  1.13288969E+00  9.99936331E-01  1.13288969E+00
   134  2.68000000E+01  1.13303112E+00  9.99933911E-01  1.13303112E+00
   135  2.70000000E+01  1.13314844E+00  9.99931430E-01  1.13314844E+00
   136  2.72000000E+01  1.13324278E+00  9.99928889E-01  1.13324278E+00
   137  2.74000000E+01  1.13334411E+00  9.99926290E-01  1.13334411E+00
   138  2.76000000E+01  1.13346578E+00  9.99923633E-01  1.13346578E+00
   139  2.78000000E+01  1.13356489E+00  9.99920918E-01  1.13356489E+00
   140  2.80000000E+01  1.13364297E+00  9.99918149E-01  1.13364297E+00
   141  2.82000000E+01  1.13373508E+00  9.99915326E-01  1.13373508E+00
   142  2.84000000E+01  1.13383763E+00  9.99912451E-01  1.13383763E+00
   143  2.86000000E+01  1.13391856E+00  9.99909527E-01  1.13391856E+00
   144  2.88000000E+01  1.13397996E+00  9.99906556E-01  1.13397996E+00
   145  2.90000000E+01  1.13406441E+00  9.99903541E-01  1.13406441E+00
   146  2.92000000E+01  1.13415010E+00  9.99900485E-01  1.13415010E+00
   147  2.94000000E+01  1.13421619E+00  9.99897393E-01  1.13421619E+00
   148  2.96000000E+01  1.13426499E+00  9.99894269E-01  1.13426499E+00
   149  2.98000000E+01  1.13434285E+00  9.99891116E-01  1.13434285E+00
   150  3.00000000E+01  1.13441150E+00  9.99887941E-01  1.13441150E+00
   151  3.02000000E+01  1.13446226E+00  9.99884748E-01  1.13446226E+00
   152  3.04000000E+01  1.13450101E+00  9.99881545E-01  1.13450101E+00
   153  3.06000000E+01  1.13457432E+00  9.99878338E-01  1.13457432E+00
   154  3.08000000E+01  1.13462952E+00  9.99875135E-01  1.13462952E+00
   155  3.10000000E+01  1.13466904E+00  9.99871943E-01  1.13466904E+00
   156  3.12000000E+01  1.13470635E+00  9.99868772E-01  1.13470635E+00
   157  3.14000000E+01  1.13476384E+00  9.99865631E-01  1.13476384E+00
   158  3.16000000E+01  1.13480506E+00  9.99862531E-01  1.13480506E+00
   159  3.18000000E+01  1.13483279E+00  9.99859483E-01  1.13483279E+00
   160  3.20000000E+01  1.13487543E+00  9.99856499E-01  1.13487543E+00
   161  3.22000000E+01  1.13492079E+00  9.99853593E-01  1.13492079E+00
   162  3.24000000E+01  1.13495206E+00  9.99850778E-01  1.13495206E+00
   163  3.26000000E+01  1.13497198E+00  9.99848069E-01  1.13497198E+00
   164  3.28000000E+01  1.13500974E+00  9.99845484E-01  1.13500974E+00
   165  3.30000000E+01  1.13504247E+00  9.99843038E-01  1.13504247E+00
   166  3.32000000E+01  1.13506335E+00  9.99840752E-01  1.13506335E+00
   167  3.34000000E+01  1.13508369E+00  9.99838645E-01  1.13508369E+00
   168  3.36000000E+01  1.13512022E+00  9.99836738E-01  1.13512022E+00
   169  3.38000000E+01  1.13514422E+00  9.99835055E-01  1.13514422E+00
   170  3.40000000E+01  1.13515839E+00  9.99833620E-01  1.13515839E+00
   171  3.42000000E+01  1.13517613E+00  9.99832460E-01  1.13517613E+00
   172  3.44000000E+01  1.13520136E+00  9.99831602E-01  1.13520136E+00
   173  3.46000000E+01  1.13521630E+00  9.99831076E-01  1.13521630E+00
   174  3.48000000E+01  1.13522372E+00  9.99830915E-01  1.13522372E+00
   175  3.50000000E+01  1.13525195E+00  9.99831151E-01  1.13525195E+00
   176  3.52000000E+01  1.13526959E+00  9.99831822E-01  1.13526959E+00
   177  3.54000000E+01  1.13527885E+00  9.99832964E-01  1.13527885E+00
   178  3.56000000E+01  1.13528426E+00  9.99834618E-01  1.13528426E+00
   179  3.58000000E+01  1.13530291E+00  9.99836827E-01  1.13530291E+00
   180  3.60000000E+01  1.13531278E+00  9.99839636E-01  1.13531278E+00
   181  3.62000000E+01  1.13531648E+00  9.99843094E-01  1.13531648E+00
   182  3.64000000E+01  1.13533448E+00  9.99847250E-01  1.13533448E+00
   183  3.66000000E+01  1.13534661E+00  9.99852159E-01  1.13534661E+00
   184  3.68000000E+01  1.13535173E+00  9.99857877E-01  1.13535173E+00
   185  3.70000000E+01  1.13535224E+00  9.99864465E-01  1.13535224E+00
   186  3.72000000E+01  1.13536336E+00  9.99871985E-01  1.13536336E+00
   187  3.74000000E+01  1.13536893E+00  9.99880504E-01  1.13536893E+00
   188  3.76000000E+01  1.13536962E+00  9.99890093E-01  1.13536962E+00
   189  3.78000000E+01  1.13538194E+00  9.99900827E-01  1.13538194E+00
   190  3.80000000E+01  1.13538935E+00  9.99912784E-01  1.13538935E+00
   191  3.82000000E+01  1.13539106E+00  9.99926047E-01  1.13539106E+00
   192  3.84000000E+01  1.13538928E+00  9.99940703E-01  1.13538928E+00
   193  3.86000000E+01  1.13539485E+00  9.99956844E-01  1.13539485E+00
   194  3.88000000E+01  1.13539686E+00  9.99974567E-01  1.13539686E+00
   195  3.90000000E+01  1.13539516E+00  9.99993973E-01  1.13539516E+00
   196  3.92000000E+01  1.13540491E+00  1.00001517E+00  1.13540491E+00
   197  3.94000000E+01  1.13540835E+00  1.00003827E+00  1.13540835E+00
   198  3.96000000E+01  1.13540728E+00  1.00006339E+00  1.13540728E+00
   199  3.98000000E+01  1.13540376E+00  1.00009065E+00  1.13540376E+00
   200  4.00000000E+01  1.13540651E+00  1.00012019E+00  1.13540651E+00
   201  4.02000000E+01  1.13541254E+00  1.00015214E+00  1.13541254E+00
   202  4.04000000E+01  1.13541829E+00  1.00018665E+00  1.13541829E+00
   203  4.06000000E+01  1.13542310E+00  1.00022386E+00  1.13542310E+00
   204  4.08000000E+01  1.13542701E+00  1.00026393E+00  1.13542701E+00
   205  4.10000000E+01  1.13543009E+00  1.00030702E+00  1.13543009E+00
   206  4.12000000E+01  1.13543490E+00  1.00035331E+00  1.13543490E+00
   207  4.14000000E+01  1.13543925E+00  1.00040298E+00  1.13543925E+00
   208  4.16000000E+01  1.13544276E+00  1.00045621E+00  1.13544276E+00
   209  4.18000000E+01  1.13544551E+00  1.00051320E+00  1.13544551E+00
   210  4.20000000E+01  1.13544763E+00  1.00057416E+00  1.13544763E+00
   211  4.22000000E+01  1.13545076E+00  1.00063930E+00  1.13545076E+00
   212  4.24000000E+01  1.13545353E+00  1.00070884E+00  1.13545353E+00
   213  4.26000000E+01  1.13545565E+00  1.00078301E+00  1.13545565E+00
   214  4.28000000E+01  1.13545727E+00  1.00086207E+00  1.13545727E+00
   215  4.30000000E+01  1.13545855E+00  1.00094626E+00  1.13545855E+00
   216  4.32000000E+01  1.13545961E+00  1.00103586E+00  1.13545961E+00
   217  4.34000000E+01  1.13546117E+00  1.00113112E+00  1.13546117E+00
   218  4.36000000E+01  1.13546260E+00  1.00123235E+00  1.13546260E+00
   219  4.38000000E+01  1.13546373E+00  1.00133984E+00  1.13546373E+00
   220  4.40000000E+01  1.13546467E+00  1.00145391E+00  1.13546467E+00
   221  4.42000000E+01  1.13546550E+00  1.00157487E+00  1.13546550E+00
   222  4.44000000E+01  1.13546630E+00  1.00170306E+00  1.13546630E+00
   223  4.46000000E+01  1.13546709E+00  1.00183884E+00  1.13546709E+00
   224  4.48000000E+01  1.13546788E+00  1.00198257E+00  1.13546788E+00
   225  4.50000000E+01  1.13546866E+00  1.00213462E+00  1.13546866E+00
   226  4.52000000E+01  1.13546943E+00  1.00229538E+00  1.13546943E+00
   227  4.54000000E+01  1.13547015E+00  1.00246525E+00  1.13547015E+00
   228  4.56000000E+01  1.13547082E+00  1.00264467E+00  1.13547082E+00
   229  4.58000000E+01  1.13547142E+00  1.00283405E+00  1.13547142E+00
   230  4.60000000E+01  1.13547193E+00  1.00303385E+00  1.13547193E+00
   231  4.62000000E+01  1.13547235E+00  1.00324453E+00  1.13547235E+00
   232  4.64000000E+01  1.13547269E+00  1.00346657E+00  1.13547269E+00
   233  4.66000000E+01  1.13547295E+00  1.00370047E+00  1.13547295E+00
   234  4.68000000E+01  1.13547313E+00  1.00394673E+00  1.13547313E+00
   235  4.70000000E+01  1.13547325E+00  1.00420588E+00  1.13547325E+00
   236  4.72000000E+01  1.13547344E+00  1.00447846E+00  1.13547344E+00
   237  4.74000000E+01  1.13547363E+00  1.00476504E+00  1.13547363E+00
   238  4.76000000E+01  1.13547375E+00  1.00506617E+00  1.13547375E+00
   239  4.78000000E+01  1.13547382E+00  1.00538246E+00  1.13547382E+00
   240  4.80000000E+01  1.13547385E+00  1.00571450E+00  1.13547385E+00
   241  4.82000000E+01  1.13547385E+00  1.00606292E+00  1.13547385E+00
   242  4.84000000E+01  1.13547381E+00  1.00642836E+00  1.13547381E+00
   243  4.86000000E+01  1.13547376E+00  1.00681145E+00  1.13547376E+00
   244  4.88000000E+01  1.13547368E+00  1.00721287E+00  1.13547368E+00
   245  4.90000000E+01  1.13547360E+00  1.00763330E+00  1.13547360E+00
   246  4.92000000E+01  1.13547350E+00  1.00807342E+00  1.13547350E+00
   247  4.94000000E+01  1.13547339E+00  1.00853395E+00  1.13547339E+00
   248  4.96000000E+01  1.13547327E+00  1.00901560E+00  1.13547327E+00
   249  4.98000000E+01  1.13547313E+00  1.00951910E+00  1.13547313E+00
   250  5.00000000E+01  1.13547299E+00  1.01004519E+00  1.13547299E+00
   251  5.02000000E+01  1.13547284E+00  1.01059462E+00  1.13547284E+00
   252  5.04000000E+01  1.13547269E+00  1.01116816E+00  1.13547269E+00
   253  5.06000000E+01  1.13547253E+00  1.01176656E+00  1.13547253E+00
   254  5.08000000E+01  1.13547236E+00  1.01239059E+00  1.13547236E+00
   255  5.10000000E+01  1.13547220E+00  1.01304103E+00  1.13547220E+00
   256  5.12000000E+01  1.13547203E+00  1.01371865E+00  1.13547203E+00
   257  5.14000000E+01  1.13547186E+00  1.01442423E+00  1.13547186E+00
   258  5.16000000E+01  1.13547169E+00  1.01515854E+00  1.13547169E+00
   259  5.18000000E+01  1.13547153E+00  1.01592233E+00  1.13547153E+00
   260  5.20000000E+01  1.13547136E+00  1.01671637E+00  1.13547136E+00
   261  5.22000000E+01  1.13547120E+00  1.01754140E+00  1.13547120E+00
   262  5.24000000E+01  1.13547104E+00  1.01839814E+00  1.13547104E+00
   263  5.26000000E+01  1.13547089E+00  1.01928731E+00  1.13547089E+00
   264  5.28000000E+01  1.13547074E+00  1.02020959E+00  1.13547074E+00
   265  5.30000000E+01  1.13547059E+00  1.02116566E+00  1.13547059E+00
   266  5.32000000E+01  1.13547045E+00  1.02215615E+00  1.13547045E+00
   267  5.34000000E+01  1.13547031E+00  1.02318166E+00  1.13547031E+00
   268  5.36000000E+01  1.13547018E+00  1.02424277E+00  1.13547018E+00
   269  5.38000000E+01  1.13547005E+00  1.02534000E+00  1.13547005E+00
   270  5.40000000E+01  1.13546992E+00  1.02647383E+00  1.13546992E+00
   271  5.42000000E+01  1.13546980E+00  1.02764472E+00  1.13546980E+00
   272  5.44000000E+01  1.13546969E+00  1.02885304E+00  1.13546969E+00
   273  5.46000000E+01  1.13546958E+00  1.03009912E+00  1.13546958E+00
   274  5.48000000E+01  1.13546947E+00  1.03138323E+00  1.13546947E+00
   275  5.50000000E+01  1.13546937E+00  1.03270557E+00  1.13546937E+00
   276  5.52000000E+01  1.13546928E+00  1.03406625E+00  1.13546928E+00
   277  5.54000000E+01  1.13546918E+00  1.03546533E+00  1.13546918E+00
   278  5.56000000E+01  1.13546910E+00  1.03690277E+00  1.13546910E+00
   279  5.58000000E+01  1.13546901E+00  1.03837845E+00  1.13546901E+00
   280  5.60000000E+01  1.13546893E+00  1.03989214E+00  1.13546893E+00
   281  5.62000000E+01  1.13546886E+00  1.04144353E+00  1.13546886E+00
   282  5.64000000E+01  1.13546878E+00  1.04303219E+00  1.13546878E+00
   283  5.66000000E+01  1.13546872E+00  1.04465759E+00  1.13546872E+00
   284  5.68000000E+01  1.13546865E+00  1.04631907E+00  1.13546865E+00
   285  5.70000000E+01  1.13546859E+00  1.04801587E+00  1.13546859E+00
   286  5.72000000E+01  1.13546853E+00  1.04974710E+00  1.13546853E+00
   287  5.74000000E+01  1.13546848E+00  1.05151174E+00  1.13546848E+00
   288  5.76000000E+01  1.13546843E+00  1.05330865E+00  1.13546843E+00
   289  5.78000000E+01  1.13546838E+00  1.05513654E+00  1.13546838E+00
   290  5.80000000E+01  1.13546833E+00  1.05699402E+00  1.13546833E+00
   291  5.82000000E+01  1.13546829E+00  1.05887954E+00  1.13546829E+00
   292  5.84000000E+01  1.13546825E+00  1.06079142E+00  1.13546825E+00
   293  5.86000000E+01  1.13546821E+00  1.06272786E+00  1.13546821E+00
   294  5.88000000E+01  1.13546817E+00  1.06468692E+00  1.13546817E+00
   295  5.90000000E+01  1.13546814E+00  1.06666652E+00  1.13546814E+00
   296  5.92000000E+01  1.13546811E+00  1.06866447E+00  1.13546811E+00
   297  5.94000000E+01  1.13546808E+00  1.07067844E+00  1.13546808E+00
   298  5.96000000E+01  1.13546805E+00  1.07270599E+00  1.13546805E+00
   299  5.98000000E+01  1.13546802E+00  1.07474456E+00  1.13546802E+00
   300  6.00000000E+01  1.13546800E+00  1.07679146E+00  1.13546800E+00
   301  6.02000000E+01  1.13546798E+00  1.07884392E+00  1.13546798E+00
   302  6.04000000E+01  1.13546795E+00  1.08089906E+00  1.13546795E+00
   303  6.06000000E+01  1.13546793E+00  1.08295390E+00  1.13546793E+00
   304  6.08000000E+01  1.13546792E+00  1.08500538E+00  1.13546792E+00
   305  6.10000000E+01  1.13546790E+00  1.08705035E+00  1.13546790E+00
   306  6.12000000E+01  1.13546788E+00  1.08908563E+00  1.13546788E+00
   307  6.14000000E+01  1.13546787E+00  1.09110794E+00  1.13546787E+00
   308  6.16000000E+01  1.13546785E+00  1.09311398E+00  1.13546785E+00
   309  6.18000000E+01  1.13546784E+00  1.09510039E+00  1.13546784E+00
   310  6.20000000E+01  1.13546783E+00  1.09706383E+00  1.13546783E+00
   311  6.22000000E+01  1.13546782E+00  1.09900091E+00  1.13546782E+00
   312  6.24000000E+01  1.13546781E+00  1.10090826E+00  1.13546781E+00
   313  6.26000000E+01  1.13546780E+00  1.10278255E+00  1.13546780E+00
   314  6.28000000E+01  1.13546779E+00  1.10462047E+00  1.13546779E+00
   315  6.30000000E+01  1.13546778E+00  1.10641876E+00  1.13546778E+00
   316  6.32000000E+01  1.13546777E+00  1.10817425E+00  1.13546777E+00
   317  6.34000000E+01  1.13546777E+00  1.10988385E+00  1.13546777E+00
   318  6.36000000E+01  1.13546776E+00  1.11154460E+00  1.13546776E+00
   319  6.38000000E+01  1.13546775E+00  1.11315365E+00  1.13546775E+00
   320  6.40000000E+01  1.13546775E+00  1.11470833E+00  1.13546775E+00
   321  6.42000000E+01  1.13546774E+00  1.11620613E+00  1.13546774E+00
   322  6.44000000E+01  1.13546774E+00  1.11764475E+00  1.13546774E+00
   323  6.46000000E+01  1.13546773E+00  1.11902213E+00  1.13546773E+00
   324  6.48000000E+01  1.13546773E+00  1.12033644E+00  1.13546773E+00
   325  6.50000000E+01  1.13546772E+00  1.12158617E+00  1.13546772E+00
   326  6.52000000E+01  1.13546772E+00  1.12277009E+00  1.13546772E+00
   327  6.54000000E+01  1.13546772E+00  1.12388735E+00  1.13546772E+00
   328  6.56000000E+01  1.13546771E+00  1.12493744E+00  1.13546771E+00
   329  6.58000000E+01  1.13546771E+00  1.12592029E+00  1.13546771E+00
   330  6.60000000E+01  1.13546771E+00  1.12683623E+00  1.13546771E+00
   331  6.62000000E+01  1.13546771E+00  1.12768605E+00  1.13546771E+00
   332  6.64000000E+01  1.13546771E+00  1.12847102E+00  1.13546771E+00
   333  6.66000000E+01  1.13546770E+00  1.12919284E+00  1.13546770E+00
   334  6.68000000E+01  1.13546770E+00  1.12985371E+00  1.13546770E+00
   335  6.70000000E+01  1.13546770E+00  1.13045621E+00  1.13546770E+00
   336  6.72000000E+01  1.13546770E+00  1.13100336E+00  1.13546770E+00
   337  6.74000000E+01  1.13546770E+00  1.13149849E+00  1.13546770E+00
   338  6.76000000E+01  1.13546770E+00  1.13194521E+00  1.13546770E+00
   339  6.78000000E+01  1.13546769E+00  1.13234730E+00  1.13546769E+00
   340  6.80000000E+01  1.13546769E+00  1.13270866E+00  1.13546769E+00
   341  6.82000000E+01  1.13546769E+00  1.13303314E+00  1.13546769E+00
   342  6.84000000E+01  1.13546769E+00  1.13332451E+00  1.13546769E+00
   343  6.86000000E+01  1.13546769E+00  1.13358632E+00  1.13546769E+00
   344  6.88000000E+01  1.13546769E+00  1.13382185E+00  1.13546769E+00
   345  6.90000000E+01  1.13546769E+00  1.13403399E+00  1.13546769E+00
   346  6.92000000E+01  1.13546769E+00  1.13422526E+00  1.13546769E+00
   347  6.94000000E+01  1.13546769E+00  1.13439772E+00  1.13546769E+00
   348  6.96000000E+01  1.13546769E+00  1.13455302E+00  1.13546769E+00
   349  6.98000000E+01  1.13546769E+00  1.13469241E+00  1.13546769E+00
   350  7.00000000E+01  1.13546769E+00  1.13481680E+00  1.13546769E+00
   351  7.02000000E+01  1.13546769E+00  1.13492681E+00  1.13546769E+00
   352  7.04000000E+01  1.13546769E+00  1.13502289E+00  1.13546769E+00
 steady-height stop at step    352: truncated to 3 decimals, truncated max/end/ratio =       1135      1135      1135, max/end/ratio =   1.13546769E+00  1.13502289E+00  1.13546769E+00
