 dx_box  0.20000000000000001      dx_wall  0.10000000000000001     
 comppar: model =   2
 comppar: lambda,mobility/eps,betav,eta_0 =  1.0000E+00  0.0000E+00  1.1111E-01  1.0000E+00
 comppar: eta_s,eta_p,G =  1.1111E-01  8.8889E-01  8.8889E-01
 comppar: U_avg,deltat,flowrate,nsteps =  2.5000E-01  1.0000E-01  7.8540E-01    1000
 comppar: geometry = axisymmetric
 comppar: steady stop change,gap,hold,min =  1.0000E-05  5.0000E-03      10      80
 comppar: ncompc,ncompg =     4     5
 mesh nnodes = 2291
 mesh nelem = 1088
 P1 BC   5.0000000000000000     
 P2 BC   0.0000000000000000     
     1  1.00000000E-01  1.00315044E+00  1.00000000E+00  1.00315044E+00
     2  2.00000000E-01  1.00619339E+00  1.00000000E+00  1.00619339E+00
     3  3.00000000E-01  1.00910298E+00  1.00000000E+00  1.00910298E+00
     4  4.00000000E-01  1.01191731E+00  1.00000000E+00  1.01191731E+00
     5  5.00000000E-01  1.01467865E+00  1.00000000E+00  1.01467865E+00
     6  6.00000000E-01  1.01739450E+00  1.00000000E+00  1.01739450E+00
     7  7.00000000E-01  1.02007866E+00  1.00000000E+00  1.02007866E+00
     8  8.00000000E-01  1.02277929E+00  1.00000000E+00  1.02277929E+00
     9  9.00000000E-01  1.02549047E+00  1.00000001E+00  1.02549047E+00
    10  1.00000000E+00  1.02819663E+00  1.00000001E+00  1.02819663E+00
    11  1.10000000E+00  1.03097041E+00  1.00000001E+00  1.03097041E+00
    12  1.20000000E+00  1.03373439E+00  1.00000001E+00  1.03373439E+00
    13  1.30000000E+00  1.03648353E+00  1.00000001E+00  1.03648353E+00
    14  1.40000000E+00  1.03923601E+00  1.00000001E+00  1.03923601E+00
    15  1.50000000E+00  1.04207480E+00  1.00000001E+00  1.04207480E+00
    16  1.60000000E+00  1.04489658E+00  1.00000001E+00  1.04489658E+00
    17  1.70000000E+00  1.04769696E+00  1.00000001E+00  1.04769696E+00
    18  1.80000000E+00  1.05047192E+00  1.00000001E+00  1.05047192E+00
    19  1.90000000E+00  1.05331109E+00  1.00000001E+00  1.05331109E+00
    20  2.00000000E+00  1.05616326E+00  1.00000000E+00  1.05616326E+00
    21  2.10000000E+00  1.05898605E+00  9.99999999E-01  1.05898605E+00
    22  2.20000000E+00  1.06177532E+00  9.99999995E-01  1.06177532E+00
    23  2.30000000E+00  1.06452729E+00  9.99999990E-01  1.06452729E+00
    24  2.40000000E+00  1.06723867E+00  9.99999984E-01  1.06723867E+00
    25  2.50000000E+00  1.07006955E+00  9.99999977E-01  1.07006955E+00
    26  2.60000000E+00  1.07287747E+00  9.99999968E-01  1.07287747E+00
    27  2.70000000E+00  1.07564288E+00  9.99999959E-01  1.07564288E+00
    28  2.80000000E+00  1.07836342E+00  9.99999948E-01  1.07836342E+00
    29  2.90000000E+00  1.08103722E+00  9.99999935E-01  1.08103722E+00
    30  3.00000000E+00  1.08366287E+00  9.99999921E-01  1.08366287E+00
    31  3.10000000E+00  1.08623942E+00  9.99999905E-01  1.08623942E+00
    32  3.20000000E+00  1.08894445E+00  9.99999886E-01  1.08894445E+00
    33  3.30000000E+00  1.09160099E+00  9.99999866E-01  1.09160099E+00
    34  3.40000000E+00  1.09420677E+00  9.99999843E-01  1.09420677E+00
    35  3.50000000E+00  1.09676092E+00  9.99999818E-01  1.09676092E+00
    36  3.60000000E+00  1.09926312E+00  9.99999791E-01  1.09926312E+00
    37  3.70000000E+00  1.10171346E+00  9.99999760E-01  1.10171346E+00
    38  3.80000000E+00  1.10411229E+00  9.99999726E-01  1.10411229E+00
    39  3.90000000E+00  1.10646004E+00  9.99999689E-01  1.10646004E+00
    40  4.00000000E+00  1.10875698E+00  9.99999649E-01  1.10875698E+00
    41  4.10000000E+00  1.11114437E+00  9.99999605E-01  1.11114437E+00
    42  4.20000000E+00  1.11355717E+00  9.99999557E-01  1.11355717E+00
    43  4.30000000E+00  1.11591765E+00  9.99999504E-01  1.11591765E+00
    44  4.40000000E+00  1.11822579E+00  9.99999447E-01  1.11822579E+00
    45  4.50000000E+00  1.12048159E+00  9.99999385E-01  1.12048159E+00
    46  4.60000000E+00  1.12268521E+00  9.99999318E-01  1.12268521E+00
    47  4.70000000E+00  1.12483719E+00  9.99999245E-01  1.12483719E+00
    48  4.80000000E+00  1.12693854E+00  9.99999166E-01  1.12693854E+00
    49  4.90000000E+00  1.12899093E+00  9.99999081E-01  1.12899093E+00
    50  5.00000000E+00  1.13102276E+00  9.99998989E-01  1.13102276E+00
    51  5.10000000E+00  1.13317605E+00  9.99998890E-01  1.13317605E+00
    52  5.20000000E+00  1.13527675E+00  9.99998784E-01  1.13527675E+00
    53  5.30000000E+00  1.13732611E+00  9.99998670E-01  1.13732611E+00
    54  5.40000000E+00  1.13932636E+00  9.99998548E-01  1.13932636E+00
    55  5.50000000E+00  1.14128071E+00  9.99998417E-01  1.14128071E+00
    56  5.60000000E+00  1.14319292E+00  9.99998276E-01  1.14319292E+00
    57  5.70000000E+00  1.14506659E+00  9.99998126E-01  1.14506659E+00
    58  5.80000000E+00  1.14690407E+00  9.99997965E-01  1.14690407E+00
    59  5.90000000E+00  1.14870548E+00  9.99997794E-01  1.14870548E+00
    60  6.00000000E+00  1.15046789E+00  9.99997610E-01  1.15046789E+00
    61  6.10000000E+00  1.15218508E+00  9.99997415E-01  1.15218508E+00
    62  6.20000000E+00  1.15395410E+00  9.99997206E-01  1.15395410E+00
    63  6.30000000E+00  1.15580257E+00  9.99996984E-01  1.15580257E+00
    64  6.40000000E+00  1.15761079E+00  9.99996748E-01  1.15761079E+00
    65  6.50000000E+00  1.15937538E+00  9.99996496E-01  1.15937538E+00
    66  6.60000000E+00  1.16109100E+00  9.99996228E-01  1.16109100E+00
    67  6.70000000E+00  1.16275080E+00  9.99995944E-01  1.16275080E+00
    68  6.80000000E+00  1.16434724E+00  9.99995642E-01  1.16434724E+00
    69  6.90000000E+00  1.16587290E+00  9.99995322E-01  1.16587290E+00
    70  7.00000000E+00  1.16732134E+00  9.99994983E-01  1.16732134E+00
    71  7.10000000E+00  1.16868770E+00  9.99994624E-01  1.16868770E+00
    72  7.20000000E+00  1.17007776E+00  9.99994243E-01  1.17007776E+00
    73  7.30000000E+00  1.17170636E+00  9.99993840E-01  1.17170636E+00
    74  7.40000000E+00  1.17326686E+00  9.99993414E-01  1.17326686E+00
    75  7.50000000E+00  1.17475219E+00  9.99992963E-01  1.17475219E+00
    76  7.60000000E+00  1.17615684E+00  9.99992486E-01  1.17615684E+00
    77  7.70000000E+00  1.17747719E+00  9.99991982E-01  1.17747719E+00
    78  7.80000000E+00  1.17871154E+00  9.99991451E-01  1.17871154E+00
    79  7.90000000E+00  1.17985995E+00  9.99990889E-01  1.17985995E+00
    80  8.00000000E+00  1.18092400E+00  9.99990297E-01  1.18092400E+00
    81  8.10000000E+00  1.18193564E+00  9.99989673E-01  1.18193564E+00
    82  8.20000000E+00  1.18329998E+00  9.99989015E-01  1.18329998E+00
    83  8.30000000E+00  1.18458598E+00  9.99988322E-01  1.18458598E+00
    84  8.40000000E+00  1.18579231E+00  9.99987593E-01  1.18579231E+00
    85  8.50000000E+00  1.18691877E+00  9.99986827E-01  1.18691877E+00
    86  8.60000000E+00  1.18796626E+00  9.99986022E-01  1.18796626E+00
    87  8.70000000E+00  1.18893668E+00  9.99985176E-01  1.18893668E+00
    88  8.80000000E+00  1.18983283E+00  9.99984288E-01  1.18983283E+00
    89  8.90000000E+00  1.19065822E+00  9.99983356E-01  1.19065822E+00
    90  9.00000000E+00  1.19174042E+00  9.99982379E-01  1.19174042E+00
    91  9.10000000E+00  1.19283847E+00  9.99981354E-01  1.19283847E+00
    92  9.20000000E+00  1.19385726E+00  9.99980281E-01  1.19385726E+00
    93  9.30000000E+00  1.19479916E+00  9.99979156E-01  1.19479916E+00
    94  9.40000000E+00  1.19566746E+00  9.99977978E-01  1.19566746E+00
    95  9.50000000E+00  1.19646611E+00  9.99976745E-01  1.19646611E+00
    96  9.60000000E+00  1.19719956E+00  9.99975455E-01  1.19719956E+00
    97  9.70000000E+00  1.19787252E+00  9.99974105E-01  1.19787252E+00
    98  9.80000000E+00  1.19861053E+00  9.99972695E-01  1.19861053E+00
    99  9.90000000E+00  1.19954242E+00  9.99971220E-01  1.19954242E+00
   100  1.00000000E+01  1.20040331E+00  9.99969681E-01  1.20040331E+00
   101  1.01000000E+01  1.20119648E+00  9.99968074E-01  1.20119648E+00
   102  1.02000000E+01  1.20192572E+00  9.99966397E-01  1.20192572E+00
   103  1.03000000E+01  1.20259509E+00  9.99964650E-01  1.20259509E+00
   104  1.04000000E+01  1.20320887E+00  9.99962829E-01  1.20320887E+00
   105  1.05000000E+01  1.20377137E+00  9.99960933E-01  1.20377137E+00
   106  1.06000000E+01  1.20428686E+00  9.99958960E-01  1.20428686E+00
   107  1.07000000E+01  1.20498850E+00  9.99956909E-01  1.20498850E+00
   108  1.08000000E+01  1.20569544E+00  9.99954776E-01  1.20569544E+00
   109  1.09000000E+01  1.20634392E+00  9.99952560E-01  1.20634392E+00
   110  1.10000000E+01  1.20693840E+00  9.99950259E-01  1.20693840E+00
   111  1.11000000E+01  1.20748330E+00  9.99947871E-01  1.20748330E+00
   112  1.12000000E+01  1.20798296E+00  9.99945394E-01  1.20798296E+00
   113  1.13000000E+01  1.20844151E+00  9.99942825E-01  1.20844151E+00
   114  1.14000000E+01  1.20886285E+00  9.99940163E-01  1.20886285E+00
   115  1.15000000E+01  1.20928807E+00  9.99937406E-01  1.20928807E+00
   116  1.16000000E+01  1.20987920E+00  9.99934551E-01  1.20987920E+00
   117  1.17000000E+01  1.21042051E+00  9.99931598E-01  1.21042051E+00
   118  1.18000000E+01  1.21091609E+00  9.99928545E-01  1.21091609E+00
   119  1.19000000E+01  1.21136992E+00  9.99925391E-01  1.21136992E+00
   120  1.20000000E+01  1.21178582E+00  9.99922134E-01  1.21178582E+00
   121  1.21000000E+01  1.21216736E+00  9.99918775E-01  1.21216736E+00
   122  1.22000000E+01  1.21251786E+00  9.99915313E-01  1.21251786E+00
   123  1.23000000E+01  1.21284033E+00  9.99911748E-01  1.21284033E+00
   124  1.24000000E+01  1.21318268E+00  9.99908081E-01  1.21318268E+00
   125  1.25000000E+01  1.21362383E+00  9.99904312E-01  1.21362383E+00
   126  1.26000000E+01  1.21402865E+00  9.99900443E-01  1.21402865E+00
   127  1.27000000E+01  1.21440062E+00  9.99896475E-01  1.21440062E+00
   128  1.28000000E+01  1.21474297E+00  9.99892409E-01  1.21474297E+00
   129  1.29000000E+01  1.21505860E+00  9.99888248E-01  1.21505860E+00
   130  1.30000000E+01  1.21535011E+00  9.99883993E-01  1.21535011E+00
   131  1.31000000E+01  1.21561979E+00  9.99879648E-01  1.21561979E+00
   132  1.32000000E+01  1.21587290E+00  9.99875214E-01  1.21587290E+00
   133  1.33000000E+01  1.21623966E+00  9.99870694E-01  1.21623966E+00
   134  1.34000000E+01  1.21657616E+00  9.99866094E-01  1.21657616E+00
   135  1.35000000E+01  1.21688540E+00  9.99861415E-01  1.21688540E+00
   136  1.36000000E+01  1.21717008E+00  9.99856664E-01  1.21717008E+00
   137  1.37000000E+01  1.21743262E+00  9.99851847E-01  1.21743262E+00
   138  1.38000000E+01  1.21767518E+00  9.99846968E-01  1.21767518E+00
   139  1.39000000E+01  1.21789967E+00  9.99842038E-01  1.21789967E+00
   140  1.40000000E+01  1.21810774E+00  9.99837064E-01  1.21810774E+00
   141  1.41000000E+01  1.21830085E+00  9.99832057E-01  1.21830085E+00
   142  1.42000000E+01  1.21848724E+00  9.99827028E-01  1.21848724E+00
   143  1.43000000E+01  1.21874588E+00  9.99821992E-01  1.21874588E+00
   144  1.44000000E+01  1.21898536E+00  9.99816962E-01  1.21898536E+00
   145  1.45000000E+01  1.21920745E+00  9.99811956E-01  1.21920745E+00
   146  1.46000000E+01  1.21941370E+00  9.99806989E-01  1.21941370E+00
   147  1.47000000E+01  1.21960543E+00  9.99802082E-01  1.21960543E+00
   148  1.48000000E+01  1.21978382E+00  9.99797255E-01  1.21978382E+00
   149  1.49000000E+01  1.21994987E+00  9.99792530E-01  1.21994987E+00
   150  1.50000000E+01  1.22010447E+00  9.99787929E-01  1.22010447E+00
   151  1.51000000E+01  1.22024841E+00  9.99783478E-01  1.22024841E+00
   152  1.52000000E+01  1.22043444E+00  9.99779202E-01  1.22043444E+00
   153  1.53000000E+01  1.22061968E+00  9.99775129E-01  1.22061968E+00
   154  1.54000000E+01  1.22079178E+00  9.99771288E-01  1.22079178E+00
   155  1.55000000E+01  1.22095183E+00  9.99767711E-01  1.22095183E+00
   156  1.56000000E+01  1.22110077E+00  9.99764430E-01  1.22110077E+00
   157  1.57000000E+01  1.22123943E+00  9.99761482E-01  1.22123943E+00
   158  1.58000000E+01  1.22136852E+00  9.99758905E-01  1.22136852E+00
   159  1.59000000E+01  1.22148870E+00  9.99756741E-01  1.22148870E+00
   160  1.60000000E+01  1.22160053E+00  9.99755034E-01  1.22160053E+00
   161  1.61000000E+01  1.22170453E+00  9.99753833E-01  1.22170453E+00
   162  1.62000000E+01  1.22180119E+00  9.99753192E-01  1.22180119E+00
   163  1.63000000E+01  1.22192579E+00  9.99753168E-01  1.22192579E+00
   164  1.64000000E+01  1.22205486E+00  9.99753824E-01  1.22205486E+00
   165  1.65000000E+01  1.22217503E+00  9.99755228E-01  1.22217503E+00
   166  1.66000000E+01  1.22228684E+00  9.99757453E-01  1.22228684E+00
   167  1.67000000E+01  1.22239078E+00  9.99760578E-01  1.22239078E+00
   168  1.68000000E+01  1.22248733E+00  9.99764689E-01  1.22248733E+00
   169  1.69000000E+01  1.22257692E+00  9.99769876E-01  1.22257692E+00
   170  1.70000000E+01  1.22265997E+00  9.99776236E-01  1.22265997E+00
   171  1.71000000E+01  1.22273689E+00  9.99783871E-01  1.22273689E+00
   172  1.72000000E+01  1.22280897E+00  9.99792889E-01  1.22280897E+00
   173  1.73000000E+01  1.22290948E+00  9.99803405E-01  1.22290948E+00
   174  1.74000000E+01  1.22300295E+00  9.99815539E-01  1.22300295E+00
   175  1.75000000E+01  1.22308981E+00  9.99829417E-01  1.22308981E+00
   176  1.76000000E+01  1.22317042E+00  9.99845172E-01  1.22317042E+00
   177  1.77000000E+01  1.22324518E+00  9.99862940E-01  1.22324518E+00
   178  1.78000000E+01  1.22331441E+00  9.99882867E-01  1.22331441E+00
   179  1.79000000E+01  1.22337847E+00  9.99905104E-01  1.22337847E+00
   180  1.80000000E+01  1.22343767E+00  9.99929809E-01  1.22343767E+00
   181  1.81000000E+01  1.22349232E+00  9.99957146E-01  1.22349232E+00
   182  1.82000000E+01  1.22354272E+00  9.99987289E-01  1.22354272E+00
   183  1.83000000E+01  1.22360231E+00  1.00002042E+00  1.22360231E+00
   184  1.84000000E+01  1.22367142E+00  1.00005673E+00  1.22367142E+00
   185  1.85000000E+01  1.22373531E+00  1.00009642E+00  1.22373531E+00
   186  1.86000000E+01  1.22379430E+00  1.00013970E+00  1.22379430E+00
   187  1.87000000E+01  1.22384872E+00  1.00018680E+00  1.22384872E+00
   188  1.88000000E+01  1.22389887E+00  1.00023795E+00  1.22389887E+00
   189  1.89000000E+01  1.22394505E+00  1.00029342E+00  1.22394505E+00
   190  1.90000000E+01  1.22398754E+00  1.00035347E+00  1.22398754E+00
   191  1.91000000E+01  1.22402660E+00  1.00041840E+00  1.22402660E+00
   192  1.92000000E+01  1.22406249E+00  1.00048850E+00  1.22406249E+00
   193  1.93000000E+01  1.22410403E+00  1.00056411E+00  1.22410403E+00
   194  1.94000000E+01  1.22415303E+00  1.00064557E+00  1.22415303E+00
   195  1.95000000E+01  1.22419816E+00  1.00073325E+00  1.22419816E+00
   196  1.96000000E+01  1.22423969E+00  1.00082753E+00  1.22423969E+00
   197  1.97000000E+01  1.22427787E+00  1.00092882E+00  1.22427787E+00
   198  1.98000000E+01  1.22431294E+00  1.00103755E+00  1.22431294E+00
   199  1.99000000E+01  1.22434511E+00  1.00115415E+00  1.22434511E+00
   200  2.00000000E+01  1.22437462E+00  1.00127908E+00  1.22437462E+00
   201  2.01000000E+01  1.22440165E+00  1.00141284E+00  1.22440165E+00
   202  2.02000000E+01  1.22442640E+00  1.00155590E+00  1.22442640E+00
   203  2.03000000E+01  1.22444905E+00  1.00170879E+00  1.22444905E+00
   204  2.04000000E+01  1.22446976E+00  1.00187205E+00  1.22446976E+00
   205  2.05000000E+01  1.22449531E+00  1.00204621E+00  1.22449531E+00
   206  2.06000000E+01  1.22452464E+00  1.00223185E+00  1.22452464E+00
   207  2.07000000E+01  1.22455150E+00  1.00242957E+00  1.22455150E+00
   208  2.08000000E+01  1.22457610E+00  1.00263998E+00  1.22457610E+00
   209  2.09000000E+01  1.22459862E+00  1.00286371E+00  1.22459862E+00
   210  2.10000000E+01  1.22461921E+00  1.00310143E+00  1.22461921E+00
   211  2.11000000E+01  1.22463802E+00  1.00335384E+00  1.22463802E+00
   212  2.12000000E+01  1.22465521E+00  1.00362165E+00  1.22465521E+00
   213  2.13000000E+01  1.22467089E+00  1.00390562E+00  1.22467089E+00
   214  2.14000000E+01  1.22468518E+00  1.00420653E+00  1.22468518E+00
   215  2.15000000E+01  1.22469820E+00  1.00452519E+00  1.22469820E+00
   216  2.16000000E+01  1.22471005E+00  1.00486247E+00  1.22471005E+00
   217  2.17000000E+01  1.22472716E+00  1.00521923E+00  1.22472716E+00
   218  2.18000000E+01  1.22474386E+00  1.00559642E+00  1.22474386E+00
   219  2.19000000E+01  1.22475908E+00  1.00599497E+00  1.22475908E+00
   220  2.20000000E+01  1.22477294E+00  1.00641588E+00  1.22477294E+00
   221  2.21000000E+01  1.22478555E+00  1.00686019E+00  1.22478555E+00
   222  2.22000000E+01  1.22479702E+00  1.00732894E+00  1.22479702E+00
   223  2.23000000E+01  1.22480743E+00  1.00782324E+00  1.22480743E+00
   224  2.24000000E+01  1.22481687E+00  1.00834422E+00  1.22481687E+00
   225  2.25000000E+01  1.22482542E+00  1.00889303E+00  1.22482542E+00
   226  2.26000000E+01  1.22483316E+00  1.00947089E+00  1.22483316E+00
   227  2.27000000E+01  1.22484015E+00  1.01007900E+00  1.22484015E+00
   228  2.28000000E+01  1.22484645E+00  1.01071861E+00  1.22484645E+00
   229  2.29000000E+01  1.22485212E+00  1.01139101E+00  1.22485212E+00
   230  2.30000000E+01  1.22485831E+00  1.01209749E+00  1.22485831E+00
   231  2.31000000E+01  1.22486686E+00  1.01283936E+00  1.22486686E+00
   232  2.32000000E+01  1.22487459E+00  1.01361794E+00  1.22487459E+00
   233  2.33000000E+01  1.22488158E+00  1.01443457E+00  1.22488158E+00
   234  2.34000000E+01  1.22488788E+00  1.01529060E+00  1.22488788E+00
   235  2.35000000E+01  1.22489356E+00  1.01618736E+00  1.22489356E+00
   236  2.36000000E+01  1.22489866E+00  1.01712619E+00  1.22489866E+00
   237  2.37000000E+01  1.22490324E+00  1.01810844E+00  1.22490324E+00
   238  2.38000000E+01  1.22490734E+00  1.01913541E+00  1.22490734E+00
   239  2.39000000E+01  1.22491100E+00  1.02020844E+00  1.22491100E+00
   240  2.40000000E+01  1.22491427E+00  1.02132881E+00  1.22491427E+00
   241  2.41000000E+01  1.22491717E+00  1.02249781E+00  1.22491717E+00
   242  2.42000000E+01  1.22491974E+00  1.02371669E+00  1.22491974E+00
   243  2.43000000E+01  1.22492202E+00  1.02498668E+00  1.22492202E+00
   244  2.44000000E+01  1.22492428E+00  1.02630900E+00  1.22492428E+00
   245  2.45000000E+01  1.22492780E+00  1.02768480E+00  1.22492780E+00
   246  2.46000000E+01  1.22493092E+00  1.02911523E+00  1.22493092E+00
   247  2.47000000E+01  1.22493370E+00  1.03060134E+00  1.22493370E+00
   248  2.48000000E+01  1.22493615E+00  1.03214416E+00  1.22493615E+00
   249  2.49000000E+01  1.22493832E+00  1.03374464E+00  1.22493832E+00
   250  2.50000000E+01  1.22494023E+00  1.03540363E+00  1.22494023E+00
   251  2.51000000E+01  1.22494190E+00  1.03712191E+00  1.22494190E+00
   252  2.52000000E+01  1.22494335E+00  1.03890013E+00  1.22494335E+00
   253  2.53000000E+01  1.22494462E+00  1.04073882E+00  1.22494462E+00
   254  2.54000000E+01  1.22494571E+00  1.04263839E+00  1.22494571E+00
   255  2.55000000E+01  1.22494665E+00  1.04459907E+00  1.22494665E+00
   256  2.56000000E+01  1.22494745E+00  1.04662095E+00  1.22494745E+00
   257  2.57000000E+01  1.22494813E+00  1.04870393E+00  1.22494813E+00
   258  2.58000000E+01  1.22494870E+00  1.05084774E+00  1.22494870E+00
   259  2.59000000E+01  1.22494917E+00  1.05305191E+00  1.22494917E+00
   260  2.60000000E+01  1.22494955E+00  1.05531581E+00  1.22494955E+00
   261  2.61000000E+01  1.22494985E+00  1.05763857E+00  1.22494985E+00
   262  2.62000000E+01  1.22495009E+00  1.06001916E+00  1.22495009E+00
   263  2.63000000E+01  1.22495027E+00  1.06245636E+00  1.22495027E+00
   264  2.64000000E+01  1.22495039E+00  1.06494874E+00  1.22495039E+00
   265  2.65000000E+01  1.22495047E+00  1.06749472E+00  1.22495047E+00
   266  2.66000000E+01  1.22495051E+00  1.07009251E+00  1.22495051E+00
   267  2.67000000E+01  1.22495051E+00  1.07274017E+00  1.22495051E+00
   268  2.68000000E+01  1.22495049E+00  1.07543559E+00  1.22495049E+00
   269  2.69000000E+01  1.22495043E+00  1.07817648E+00  1.22495043E+00
   270  2.70000000E+01  1.22495036E+00  1.08096037E+00  1.22495036E+00
   271  2.71000000E+01  1.22495027E+00  1.08378467E+00  1.22495027E+00
   272  2.72000000E+01  1.22495016E+00  1.08664657E+00  1.22495016E+00
   273  2.73000000E+01  1.22495004E+00  1.08954313E+00  1.22495004E+00
   274  2.74000000E+01  1.22494991E+00  1.09247121E+00  1.22494991E+00
   275  2.75000000E+01  1.22494977E+00  1.09542751E+00  1.22494977E+00
   276  2.76000000E+01  1.22494962E+00  1.09840856E+00  1.22494962E+00
   277  2.77000000E+01  1.22494947E+00  1.10141072E+00  1.22494947E+00
   278  2.78000000E+01  1.22494932E+00  1.10443019E+00  1.22494932E+00
   279  2.79000000E+01  1.22494916E+00  1.10746302E+00  1.22494916E+00
   280  2.80000000E+01  1.22494900E+00  1.11050512E+00  1.22494900E+00
   281  2.81000000E+01  1.22494885E+00  1.11355230E+00  1.22494885E+00
   282  2.82000000E+01  1.22494869E+00  1.11660028E+00  1.22494869E+00
   283  2.83000000E+01  1.22494854E+00  1.11964473E+00  1.22494854E+00
   284  2.84000000E+01  1.22494839E+00  1.12268131E+00  1.22494839E+00
   285  2.85000000E+01  1.22494824E+00  1.12570569E+00  1.22494824E+00
   286  2.86000000E+01  1.22494809E+00  1.12871364E+00  1.22494809E+00
   287  2.87000000E+01  1.22494795E+00  1.13170103E+00  1.22494795E+00
   288  2.88000000E+01  1.22494782E+00  1.13466392E+00  1.22494782E+00
   289  2.89000000E+01  1.22494768E+00  1.13759856E+00  1.22494768E+00
   290  2.90000000E+01  1.22494755E+00  1.14050147E+00  1.22494755E+00
   291  2.91000000E+01  1.22494743E+00  1.14336945E+00  1.22494743E+00
   292  2.92000000E+01  1.22494731E+00  1.14619964E+00  1.22494731E+00
   293  2.93000000E+01  1.22494719E+00  1.14898951E+00  1.22494719E+00
   294  2.94000000E+01  1.22494708E+00  1.15173690E+00  1.22494708E+00
   295  2.95000000E+01  1.22494698E+00  1.15443999E+00  1.22494698E+00
   296  2.96000000E+01  1.22494688E+00  1.15709734E+00  1.22494688E+00
   297  2.97000000E+01  1.22494678E+00  1.15970782E+00  1.22494678E+00
   298  2.98000000E+01  1.22494669E+00  1.16227063E+00  1.22494669E+00
   299  2.99000000E+01  1.22494660E+00  1.16478523E+00  1.22494660E+00
   300  3.00000000E+01  1.22494651E+00  1.16725130E+00  1.22494651E+00
   301  3.01000000E+01  1.22494643E+00  1.16966871E+00  1.22494643E+00
   302  3.02000000E+01  1.22494636E+00  1.17203745E+00  1.22494636E+00
   303  3.03000000E+01  1.22494628E+00  1.17435759E+00  1.22494628E+00
   304  3.04000000E+01  1.22494622E+00  1.17662918E+00  1.22494622E+00
   305  3.05000000E+01  1.22494615E+00  1.17885228E+00  1.22494615E+00
   306  3.06000000E+01  1.22494609E+00  1.18102683E+00  1.22494609E+00
   307  3.07000000E+01  1.22494603E+00  1.18315265E+00  1.22494603E+00
   308  3.08000000E+01  1.22494597E+00  1.18522941E+00  1.22494597E+00
   309  3.09000000E+01  1.22494592E+00  1.18725660E+00  1.22494592E+00
   310  3.10000000E+01  1.22494587E+00  1.18923350E+00  1.22494587E+00
   311  3.11000000E+01  1.22494583E+00  1.19115922E+00  1.22494583E+00
   312  3.12000000E+01  1.22494578E+00  1.19303266E+00  1.22494578E+00
   313  3.13000000E+01  1.22494574E+00  1.19485256E+00  1.22494574E+00
   314  3.14000000E+01  1.22494570E+00  1.19661752E+00  1.22494570E+00
   315  3.15000000E+01  1.22494567E+00  1.19832605E+00  1.22494567E+00
   316  3.16000000E+01  1.22494563E+00  1.19997658E+00  1.22494563E+00
   317  3.17000000E+01  1.22494560E+00  1.20156755E+00  1.22494560E+00
   318  3.18000000E+01  1.22494557E+00  1.20309745E+00  1.22494557E+00
   319  3.19000000E+01  1.22494554E+00  1.20456484E+00  1.22494554E+00
   320  3.20000000E+01  1.22494551E+00  1.20596845E+00  1.22494551E+00
   321  3.21000000E+01  1.22494549E+00  1.20730721E+00  1.22494549E+00
   322  3.22000000E+01  1.22494546E+00  1.20858029E+00  1.22494546E+00
   323  3.23000000E+01  1.22494544E+00  1.20978714E+00  1.22494544E+00
   324  3.24000000E+01  1.22494542E+00  1.21092753E+00  1.22494542E+00
   325  3.25000000E+01  1.22494540E+00  1.21200158E+00  1.22494540E+00
   326  3.26000000E+01  1.22494538E+00  1.21300976E+00  1.22494538E+00
   327  3.27000000E+01  1.22494537E+00  1.21395291E+00  1.22494537E+00
   328  3.28000000E+01  1.22494535E+00  1.21483222E+00  1.22494535E+00
   329  3.29000000E+01  1.22494534E+00  1.21564923E+00  1.22494534E+00
   330  3.30000000E+01  1.22494532E+00  1.21640581E+00  1.22494532E+00
   331  3.31000000E+01  1.22494531E+00  1.21710415E+00  1.22494531E+00
   332  3.32000000E+01  1.22494530E+00  1.21774668E+00  1.22494530E+00
   333  3.33000000E+01  1.22494529E+00  1.21833609E+00  1.22494529E+00
   334  3.34000000E+01  1.22494528E+00  1.21887523E+00  1.22494528E+00
   335  3.35000000E+01  1.22494527E+00  1.21936711E+00  1.22494527E+00
   336  3.36000000E+01  1.22494526E+00  1.21981483E+00  1.22494526E+00
   337  3.37000000E+01  1.22494525E+00  1.22022156E+00  1.22494525E+00
   338  3.38000000E+01  1.22494524E+00  1.22059046E+00  1.22494524E+00
   339  3.39000000E+01  1.22494524E+00  1.22092467E+00  1.22494524E+00
   340  3.40000000E+01  1.22494523E+00  1.22122724E+00  1.22494523E+00
   341  3.41000000E+01  1.22494522E+00  1.22150115E+00  1.22494522E+00
   342  3.42000000E+01  1.22494522E+00  1.22174920E+00  1.22494522E+00
   343  3.43000000E+01  1.22494521E+00  1.22197408E+00  1.22494521E+00
   344  3.44000000E+01  1.22494521E+00  1.22217828E+00  1.22494521E+00
   345  3.45000000E+01  1.22494520E+00  1.22236408E+00  1.22494520E+00
   346  3.46000000E+01  1.22494520E+00  1.22253360E+00  1.22494520E+00
   347  3.47000000E+01  1.22494519E+00  1.22268873E+00  1.22494519E+00
   348  3.48000000E+01  1.22494519E+00  1.22283117E+00  1.22494519E+00
   349  3.49000000E+01  1.22494519E+00  1.22296242E+00  1.22494519E+00
   350  3.50000000E+01  1.22494518E+00  1.22308379E+00  1.22494518E+00
   351  3.51000000E+01  1.22494518E+00  1.22319642E+00  1.22494518E+00
   352  3.52000000E+01  1.22494518E+00  1.22330128E+00  1.22494518E+00
   353  3.53000000E+01  1.22494518E+00  1.22339917E+00  1.22494518E+00
   354  3.54000000E+01  1.22494517E+00  1.22349080E+00  1.22494517E+00
   355  3.55000000E+01  1.22494517E+00  1.22357673E+00  1.22494517E+00
   356  3.56000000E+01  1.22494517E+00  1.22365742E+00  1.22494517E+00
   357  3.57000000E+01  1.22494517E+00  1.22373327E+00  1.22494517E+00
   358  3.58000000E+01  1.22494517E+00  1.22380457E+00  1.22494517E+00
   359  3.59000000E+01  1.22494516E+00  1.22387158E+00  1.22494516E+00
   360  3.60000000E+01  1.22494516E+00  1.22393452E+00  1.22494516E+00
   361  3.61000000E+01  1.22494516E+00  1.22399355E+00  1.22494516E+00
   362  3.62000000E+01  1.22494516E+00  1.22404885E+00  1.22494516E+00
   363  3.63000000E+01  1.22494516E+00  1.22410053E+00  1.22494516E+00
   364  3.64000000E+01  1.22494516E+00  1.22414874E+00  1.22494516E+00
   365  3.65000000E+01  1.22494516E+00  1.22419360E+00  1.22494516E+00
   366  3.66000000E+01  1.22494516E+00  1.22423524E+00  1.22494516E+00
   367  3.67000000E+01  1.22494516E+00  1.22427378E+00  1.22494516E+00
   368  3.68000000E+01  1.22494516E+00  1.22430935E+00  1.22494516E+00
   369  3.69000000E+01  1.22494516E+00  1.22434211E+00  1.22494516E+00
   370  3.70000000E+01  1.22494515E+00  1.22437218E+00  1.22494515E+00
   371  3.71000000E+01  1.22494515E+00  1.22439971E+00  1.22494515E+00
   372  3.72000000E+01  1.22494515E+00  1.22442486E+00  1.22494515E+00
   373  3.73000000E+01  1.22494515E+00  1.22444777E+00  1.22494515E+00
   374  3.74000000E+01  1.22494515E+00  1.22446859E+00  1.22494515E+00
   375  3.75000000E+01  1.22494515E+00  1.22448748E+00  1.22494515E+00
   376  3.76000000E+01  1.22494515E+00  1.22450458E+00  1.22494515E+00
   377  3.77000000E+01  1.22494515E+00  1.22452004E+00  1.22494515E+00
   378  3.78000000E+01  1.22494515E+00  1.22453398E+00  1.22494515E+00
   379  3.79000000E+01  1.22494515E+00  1.22454655E+00  1.22494515E+00
   380  3.80000000E+01  1.22494515E+00  1.22455786E+00  1.22494515E+00
   381  3.81000000E+01  1.22494515E+00  1.22456804E+00  1.22494515E+00
   382  3.82000000E+01  1.22494515E+00  1.22457718E+00  1.22494515E+00
   383  3.83000000E+01  1.22494515E+00  1.22458539E+00  1.22494515E+00
   384  3.84000000E+01  1.22494515E+00  1.22459276E+00  1.22494515E+00
   385  3.85000000E+01  1.22494515E+00  1.22459938E+00  1.22494515E+00
   386  3.86000000E+01  1.22494515E+00  1.22460531E+00  1.22494515E+00
   387  3.87000000E+01  1.22494515E+00  1.22461063E+00  1.22494515E+00
   388  3.88000000E+01  1.22494515E+00  1.22461540E+00  1.22494515E+00
   389  3.89000000E+01  1.22494515E+00  1.22461967E+00  1.22494515E+00
   390  3.90000000E+01  1.22494515E+00  1.22462349E+00  1.22494515E+00
   391  3.91000000E+01  1.22494515E+00  1.22462691E+00  1.22494515E+00
 steady-height stop at step    391: changes <=   1.0000E-05, max-end <=   5.0000E-03, max/end/gap/profile_change =   1.22494515E+00  1.22462691E+00  3.18239880E-04  3.41609635E-06
