 dx_box  0.20000000000000001      dx_wall   1.2500000000000001E-002
 comppar: model =   2
 comppar: lambda,mobility/eps,betav,eta_0 =  1.0000E+00  0.0000E+00  1.1111E-01  1.0000E+00
 comppar: eta_s,eta_p,G =  1.1111E-01  8.8889E-01  8.8889E-01
 comppar: U_avg,deltat,flowrate,nsteps =  2.5000E-01  1.0000E-01  7.8540E-01    1000
 comppar: geometry = axisymmetric
 comppar: steady stop change,gap,hold,min =  1.0000E-05  5.0000E-03      10      80
 comppar: ncompc,ncompg =     4     5
 mesh nnodes = 39337
 mesh nelem = 19550
 P1 BC   5.0000000000000000     
 P2 BC   0.0000000000000000     
     1  1.00000000E-01  1.00314979E+00  1.00000000E+00  1.00314979E+00
     2  2.00000000E-01  1.00617895E+00  1.00000000E+00  1.00617895E+00
     3  3.00000000E-01  1.00906578E+00  1.00000000E+00  1.00906578E+00
     4  4.00000000E-01  1.01186027E+00  1.00000000E+00  1.01186027E+00
     5  5.00000000E-01  1.01458713E+00  1.00000000E+00  1.01458713E+00
     6  6.00000000E-01  1.01728332E+00  1.00000000E+00  1.01728332E+00
     7  7.00000000E-01  1.01997703E+00  1.00000000E+00  1.01997703E+00
     8  8.00000000E-01  1.02267733E+00  1.00000000E+00  1.02267733E+00
     9  9.00000000E-01  1.02538854E+00  1.00000001E+00  1.02538854E+00
    10  1.00000000E+00  1.02813317E+00  1.00000001E+00  1.02813317E+00
    11  1.10000000E+00  1.03088794E+00  1.00000001E+00  1.03088794E+00
    12  1.20000000E+00  1.03363604E+00  1.00000001E+00  1.03363604E+00
    13  1.30000000E+00  1.03647226E+00  1.00000001E+00  1.03647226E+00
    14  1.40000000E+00  1.03930480E+00  1.00000001E+00  1.03930480E+00
    15  1.50000000E+00  1.04212707E+00  1.00000001E+00  1.04212707E+00
    16  1.60000000E+00  1.04501102E+00  1.00000001E+00  1.04501102E+00
    17  1.70000000E+00  1.04790377E+00  1.00000001E+00  1.04790377E+00
    18  1.80000000E+00  1.05077903E+00  1.00000001E+00  1.05077903E+00
    19  1.90000000E+00  1.05363263E+00  1.00000000E+00  1.05363263E+00
    20  2.00000000E+00  1.05650435E+00  1.00000000E+00  1.05650435E+00
    21  2.10000000E+00  1.05945134E+00  9.99999998E-01  1.05945134E+00
    22  2.20000000E+00  1.06237407E+00  9.99999993E-01  1.06237407E+00
    23  2.30000000E+00  1.06526742E+00  9.99999988E-01  1.06526742E+00
    24  2.40000000E+00  1.06812667E+00  9.99999982E-01  1.06812667E+00
    25  2.50000000E+00  1.07094865E+00  9.99999974E-01  1.07094865E+00
    26  2.60000000E+00  1.07385268E+00  9.99999965E-01  1.07385268E+00
    27  2.70000000E+00  1.07674223E+00  9.99999955E-01  1.07674223E+00
    28  2.80000000E+00  1.07959080E+00  9.99999944E-01  1.07959080E+00
    29  2.90000000E+00  1.08239557E+00  9.99999931E-01  1.08239557E+00
    30  3.00000000E+00  1.08515454E+00  9.99999916E-01  1.08515454E+00
    31  3.10000000E+00  1.08786642E+00  9.99999899E-01  1.08786642E+00
    32  3.20000000E+00  1.09053066E+00  9.99999881E-01  1.09053066E+00
    33  3.30000000E+00  1.09314738E+00  9.99999860E-01  1.09314738E+00
    34  3.40000000E+00  1.09591092E+00  9.99999837E-01  1.09591092E+00
    35  3.50000000E+00  1.09863303E+00  9.99999812E-01  1.09863303E+00
    36  3.60000000E+00  1.10130584E+00  9.99999784E-01  1.10130584E+00
    37  3.70000000E+00  1.10392905E+00  9.99999753E-01  1.10392905E+00
    38  3.80000000E+00  1.10650265E+00  9.99999719E-01  1.10650265E+00
    39  3.90000000E+00  1.10902703E+00  9.99999682E-01  1.10902703E+00
    40  4.00000000E+00  1.11150284E+00  9.99999642E-01  1.11150284E+00
    41  4.10000000E+00  1.11393062E+00  9.99999597E-01  1.11393062E+00
    42  4.20000000E+00  1.11640971E+00  9.99999549E-01  1.11640971E+00
    43  4.30000000E+00  1.11892058E+00  9.99999497E-01  1.11892058E+00
    44  4.40000000E+00  1.12138102E+00  9.99999440E-01  1.12138102E+00
    45  4.50000000E+00  1.12379170E+00  9.99999378E-01  1.12379170E+00
    46  4.60000000E+00  1.12615349E+00  9.99999311E-01  1.12615349E+00
    47  4.70000000E+00  1.12846729E+00  9.99999239E-01  1.12846729E+00
    48  4.80000000E+00  1.13073385E+00  9.99999161E-01  1.13073385E+00
    49  4.90000000E+00  1.13295385E+00  9.99999077E-01  1.13295385E+00
    50  5.00000000E+00  1.13512792E+00  9.99998987E-01  1.13512792E+00
    51  5.10000000E+00  1.13725655E+00  9.99998889E-01  1.13725655E+00
    52  5.20000000E+00  1.13934009E+00  9.99998785E-01  1.13934009E+00
    53  5.30000000E+00  1.14155588E+00  9.99998672E-01  1.14155588E+00
    54  5.40000000E+00  1.14377418E+00  9.99998552E-01  1.14377418E+00
    55  5.50000000E+00  1.14594577E+00  9.99998423E-01  1.14594577E+00
    56  5.60000000E+00  1.14807114E+00  9.99998286E-01  1.14807114E+00
    57  5.70000000E+00  1.15015055E+00  9.99998138E-01  1.15015055E+00
    58  5.80000000E+00  1.15218394E+00  9.99997981E-01  1.15218394E+00
    59  5.90000000E+00  1.15417094E+00  9.99997813E-01  1.15417094E+00
    60  6.00000000E+00  1.15611079E+00  9.99997634E-01  1.15611079E+00
    61  6.10000000E+00  1.15800229E+00  9.99997443E-01  1.15800229E+00
    62  6.20000000E+00  1.15984385E+00  9.99997240E-01  1.15984385E+00
    63  6.30000000E+00  1.16163350E+00  9.99997024E-01  1.16163350E+00
    64  6.40000000E+00  1.16339206E+00  9.99996794E-01  1.16339206E+00
    65  6.50000000E+00  1.16532643E+00  9.99996550E-01  1.16532643E+00
    66  6.60000000E+00  1.16721405E+00  9.99996291E-01  1.16721405E+00
    67  6.70000000E+00  1.16905343E+00  9.99996015E-01  1.16905343E+00
    68  6.80000000E+00  1.17084263E+00  9.99995724E-01  1.17084263E+00
    69  6.90000000E+00  1.17257930E+00  9.99995414E-01  1.17257930E+00
    70  7.00000000E+00  1.17426089E+00  9.99995087E-01  1.17426089E+00
    71  7.10000000E+00  1.17588483E+00  9.99994740E-01  1.17588483E+00
    72  7.20000000E+00  1.17744876E+00  9.99994373E-01  1.17744876E+00
    73  7.30000000E+00  1.17895075E+00  9.99993986E-01  1.17895075E+00
    74  7.40000000E+00  1.18038943E+00  9.99993576E-01  1.18038943E+00
    75  7.50000000E+00  1.18176404E+00  9.99993143E-01  1.18176404E+00
    76  7.60000000E+00  1.18336913E+00  9.99992687E-01  1.18336913E+00
    77  7.70000000E+00  1.18497567E+00  9.99992205E-01  1.18497567E+00
    78  7.80000000E+00  1.18652425E+00  9.99991698E-01  1.18652425E+00
    79  7.90000000E+00  1.18801358E+00  9.99991163E-01  1.18801358E+00
    80  8.00000000E+00  1.18944262E+00  9.99990600E-01  1.18944262E+00
    81  8.10000000E+00  1.19081045E+00  9.99990007E-01  1.19081045E+00
    82  8.20000000E+00  1.19211613E+00  9.99989382E-01  1.19211613E+00
    83  8.30000000E+00  1.19335860E+00  9.99988726E-01  1.19335860E+00
    84  8.40000000E+00  1.19453667E+00  9.99988035E-01  1.19453667E+00
    85  8.50000000E+00  1.19564912E+00  9.99987309E-01  1.19564912E+00
    86  8.60000000E+00  1.19693097E+00  9.99986547E-01  1.19693097E+00
    87  8.70000000E+00  1.19829682E+00  9.99985746E-01  1.19829682E+00
    88  8.80000000E+00  1.19960162E+00  9.99984905E-01  1.19960162E+00
    89  8.90000000E+00  1.20084321E+00  9.99984023E-01  1.20084321E+00
    90  9.00000000E+00  1.20201930E+00  9.99983098E-01  1.20201930E+00
    91  9.10000000E+00  1.20312789E+00  9.99982128E-01  1.20312789E+00
    92  9.20000000E+00  1.20416779E+00  9.99981112E-01  1.20416779E+00
    93  9.30000000E+00  1.20513898E+00  9.99980048E-01  1.20513898E+00
    94  9.40000000E+00  1.20604273E+00  9.99978935E-01  1.20604273E+00
    95  9.50000000E+00  1.20689217E+00  9.99977769E-01  1.20689217E+00
    96  9.60000000E+00  1.20806089E+00  9.99976550E-01  1.20806089E+00
    97  9.70000000E+00  1.20916364E+00  9.99975276E-01  1.20916364E+00
    98  9.80000000E+00  1.21020040E+00  9.99973944E-01  1.21020040E+00
    99  9.90000000E+00  1.21117194E+00  9.99972553E-01  1.21117194E+00
   100  1.00000000E+01  1.21207977E+00  9.99971101E-01  1.21207977E+00
   101  1.01000000E+01  1.21292604E+00  9.99969586E-01  1.21292604E+00
   102  1.02000000E+01  1.21371339E+00  9.99968005E-01  1.21371339E+00
   103  1.03000000E+01  1.21444479E+00  9.99966357E-01  1.21444479E+00
   104  1.04000000E+01  1.21512341E+00  9.99964640E-01  1.21512341E+00
   105  1.05000000E+01  1.21606848E+00  9.99962853E-01  1.21606848E+00
   106  1.06000000E+01  1.21697202E+00  9.99960992E-01  1.21697202E+00
   107  1.07000000E+01  1.21781410E+00  9.99959056E-01  1.21781410E+00
   108  1.08000000E+01  1.21859755E+00  9.99957044E-01  1.21859755E+00
   109  1.09000000E+01  1.21932546E+00  9.99954953E-01  1.21932546E+00
   110  1.10000000E+01  1.22000103E+00  9.99952781E-01  1.22000103E+00
   111  1.11000000E+01  1.22062748E+00  9.99950527E-01  1.22062748E+00
   112  1.12000000E+01  1.22120793E+00  9.99948189E-01  1.22120793E+00
   113  1.13000000E+01  1.22174532E+00  9.99945765E-01  1.22174532E+00
   114  1.14000000E+01  1.22243212E+00  9.99943252E-01  1.22243212E+00
   115  1.15000000E+01  1.22317029E+00  9.99940650E-01  1.22317029E+00
   116  1.16000000E+01  1.22385575E+00  9.99937955E-01  1.22385575E+00
   117  1.17000000E+01  1.22449124E+00  9.99935167E-01  1.22449124E+00
   118  1.18000000E+01  1.22507956E+00  9.99932283E-01  1.22507956E+00
   119  1.19000000E+01  1.22562348E+00  9.99929302E-01  1.22562348E+00
   120  1.20000000E+01  1.22612577E+00  9.99926222E-01  1.22612577E+00
   121  1.21000000E+01  1.22658910E+00  9.99923042E-01  1.22658910E+00
   122  1.22000000E+01  1.22701610E+00  9.99919760E-01  1.22701610E+00
   123  1.23000000E+01  1.22752724E+00  9.99916376E-01  1.22752724E+00
   124  1.24000000E+01  1.22811420E+00  9.99912889E-01  1.22811420E+00
   125  1.25000000E+01  1.22865695E+00  9.99909298E-01  1.22865695E+00
   126  1.26000000E+01  1.22915827E+00  9.99905604E-01  1.22915827E+00
   127  1.27000000E+01  1.22962084E+00  9.99901806E-01  1.22962084E+00
   128  1.28000000E+01  1.23004729E+00  9.99897905E-01  1.23004729E+00
   129  1.29000000E+01  1.23044014E+00  9.99893902E-01  1.23044014E+00
   130  1.30000000E+01  1.23080183E+00  9.99889798E-01  1.23080183E+00
   131  1.31000000E+01  1.23113470E+00  9.99885595E-01  1.23113470E+00
   132  1.32000000E+01  1.23158490E+00  9.99881295E-01  1.23158490E+00
   133  1.33000000E+01  1.23205298E+00  9.99876901E-01  1.23205298E+00
   134  1.34000000E+01  1.23248395E+00  9.99872415E-01  1.23248395E+00
   135  1.35000000E+01  1.23288040E+00  9.99867841E-01  1.23288040E+00
   136  1.36000000E+01  1.23324485E+00  9.99863183E-01  1.23324485E+00
   137  1.37000000E+01  1.23357974E+00  9.99858444E-01  1.23357974E+00
   138  1.38000000E+01  1.23388741E+00  9.99853630E-01  1.23388741E+00
   139  1.39000000E+01  1.23417007E+00  9.99848746E-01  1.23417007E+00
   140  1.40000000E+01  1.23442981E+00  9.99843798E-01  1.23442981E+00
   141  1.41000000E+01  1.23469723E+00  9.99838792E-01  1.23469723E+00
   142  1.42000000E+01  1.23506236E+00  9.99833736E-01  1.23506236E+00
   143  1.43000000E+01  1.23539810E+00  9.99828636E-01  1.23539810E+00
   144  1.44000000E+01  1.23570679E+00  9.99823502E-01  1.23570679E+00
   145  1.45000000E+01  1.23599066E+00  9.99818343E-01  1.23599066E+00
   146  1.46000000E+01  1.23625178E+00  9.99813170E-01  1.23625178E+00
   147  1.47000000E+01  1.23649211E+00  9.99807995E-01  1.23649211E+00
   148  1.48000000E+01  1.23671346E+00  9.99802830E-01  1.23671346E+00
   149  1.49000000E+01  1.23691750E+00  9.99797690E-01  1.23691750E+00
   150  1.50000000E+01  1.23711975E+00  9.99792592E-01  1.23711975E+00
   151  1.51000000E+01  1.23740563E+00  9.99787552E-01  1.23740563E+00
   152  1.52000000E+01  1.23766812E+00  9.99782591E-01  1.23766812E+00
   153  1.53000000E+01  1.23790924E+00  9.99777730E-01  1.23790924E+00
   154  1.54000000E+01  1.23813088E+00  9.99772993E-01  1.23813088E+00
   155  1.55000000E+01  1.23833477E+00  9.99768404E-01  1.23833477E+00
   156  1.56000000E+01  1.23852248E+00  9.99763990E-01  1.23852248E+00
   157  1.57000000E+01  1.23869546E+00  9.99759781E-01  1.23869546E+00
   158  1.58000000E+01  1.23885501E+00  9.99755808E-01  1.23885501E+00
   159  1.59000000E+01  1.23900229E+00  9.99752103E-01  1.23900229E+00
   160  1.60000000E+01  1.23913833E+00  9.99748701E-01  1.23913833E+00
   161  1.61000000E+01  1.23932160E+00  9.99745641E-01  1.23932160E+00
   162  1.62000000E+01  1.23951163E+00  9.99742959E-01  1.23951163E+00
   163  1.63000000E+01  1.23968699E+00  9.99740699E-01  1.23968699E+00
   164  1.64000000E+01  1.23984894E+00  9.99738905E-01  1.23984894E+00
   165  1.65000000E+01  1.23999864E+00  9.99737623E-01  1.23999864E+00
   166  1.66000000E+01  1.24013708E+00  9.99736903E-01  1.24013708E+00
   167  1.67000000E+01  1.24026517E+00  9.99736800E-01  1.24026517E+00
   168  1.68000000E+01  1.24038371E+00  9.99737370E-01  1.24038371E+00
   169  1.69000000E+01  1.24049339E+00  9.99738677E-01  1.24049339E+00
   170  1.70000000E+01  1.24061458E+00  9.99740785E-01  1.24061458E+00
   171  1.71000000E+01  1.24076324E+00  9.99743768E-01  1.24076324E+00
   172  1.72000000E+01  1.24090045E+00  9.99747702E-01  1.24090045E+00
   173  1.73000000E+01  1.24102717E+00  9.99752670E-01  1.24102717E+00
   174  1.74000000E+01  1.24114427E+00  9.99758762E-01  1.24114427E+00
   175  1.75000000E+01  1.24125249E+00  9.99766072E-01  1.24125249E+00
   176  1.76000000E+01  1.24135250E+00  9.99774702E-01  1.24135250E+00
   177  1.77000000E+01  1.24144490E+00  9.99784761E-01  1.24144490E+00
   178  1.78000000E+01  1.24153022E+00  9.99796365E-01  1.24153022E+00
   179  1.79000000E+01  1.24160894E+00  9.99809634E-01  1.24160894E+00
   180  1.80000000E+01  1.24168150E+00  9.99824697E-01  1.24168150E+00
   181  1.81000000E+01  1.24177824E+00  9.99841689E-01  1.24177824E+00
   182  1.82000000E+01  1.24188061E+00  9.99860752E-01  1.24188061E+00
   183  1.83000000E+01  1.24197525E+00  9.99882034E-01  1.24197525E+00
   184  1.84000000E+01  1.24206270E+00  9.99905689E-01  1.24206270E+00
   185  1.85000000E+01  1.24214341E+00  9.99931879E-01  1.24214341E+00
   186  1.86000000E+01  1.24221783E+00  9.99960771E-01  1.24221783E+00
   187  1.87000000E+01  1.24228634E+00  9.99992543E-01  1.24228634E+00
   188  1.88000000E+01  1.24234932E+00  1.00002738E+00  1.24234932E+00
   189  1.89000000E+01  1.24240711E+00  1.00006547E+00  1.24240711E+00
   190  1.90000000E+01  1.24247552E+00  1.00010701E+00  1.24247552E+00
   191  1.91000000E+01  1.24255515E+00  1.00015222E+00  1.24255515E+00
   192  1.92000000E+01  1.24262858E+00  1.00020132E+00  1.24262858E+00
   193  1.93000000E+01  1.24269623E+00  1.00025454E+00  1.24269623E+00
   194  1.94000000E+01  1.24275847E+00  1.00031212E+00  1.24275847E+00
   195  1.95000000E+01  1.24281564E+00  1.00037433E+00  1.24281564E+00
   196  1.96000000E+01  1.24286805E+00  1.00044144E+00  1.24286805E+00
   197  1.97000000E+01  1.24291600E+00  1.00051374E+00  1.24291600E+00
   198  1.98000000E+01  1.24295978E+00  1.00059152E+00  1.24295978E+00
   199  1.99000000E+01  1.24299965E+00  1.00067512E+00  1.24299965E+00
   200  2.00000000E+01  1.24303587E+00  1.00076487E+00  1.24303587E+00
   201  2.01000000E+01  1.24306868E+00  1.00086114E+00  1.24306868E+00
   202  2.02000000E+01  1.24312162E+00  1.00096429E+00  1.24312162E+00
   203  2.03000000E+01  1.24317096E+00  1.00107473E+00  1.24317096E+00
   204  2.04000000E+01  1.24321600E+00  1.00119288E+00  1.24321600E+00
   205  2.05000000E+01  1.24325702E+00  1.00131917E+00  1.24325702E+00
   206  2.06000000E+01  1.24329429E+00  1.00145406E+00  1.24329429E+00
   207  2.07000000E+01  1.24332804E+00  1.00159804E+00  1.24332804E+00
   208  2.08000000E+01  1.24335854E+00  1.00175160E+00  1.24335854E+00
   209  2.09000000E+01  1.24338599E+00  1.00191527E+00  1.24338599E+00
   210  2.10000000E+01  1.24341063E+00  1.00208959E+00  1.24341063E+00
   211  2.11000000E+01  1.24343265E+00  1.00227513E+00  1.24343265E+00
   212  2.12000000E+01  1.24345827E+00  1.00247247E+00  1.24345827E+00
   213  2.13000000E+01  1.24349192E+00  1.00268223E+00  1.24349192E+00
   214  2.14000000E+01  1.24352234E+00  1.00290503E+00  1.24352234E+00
   215  2.15000000E+01  1.24354976E+00  1.00314152E+00  1.24354976E+00
   216  2.16000000E+01  1.24357438E+00  1.00339237E+00  1.24357438E+00
   217  2.17000000E+01  1.24359641E+00  1.00365830E+00  1.24359641E+00
   218  2.18000000E+01  1.24361603E+00  1.00394001E+00  1.24361603E+00
   219  2.19000000E+01  1.24363342E+00  1.00423826E+00  1.24363342E+00
   220  2.20000000E+01  1.24364875E+00  1.00455383E+00  1.24364875E+00
   221  2.21000000E+01  1.24366220E+00  1.00488750E+00  1.24366220E+00
   222  2.22000000E+01  1.24367391E+00  1.00524012E+00  1.24367391E+00
   223  2.23000000E+01  1.24368579E+00  1.00561255E+00  1.24368579E+00
   224  2.24000000E+01  1.24370607E+00  1.00600567E+00  1.24370607E+00
   225  2.25000000E+01  1.24372407E+00  1.00642041E+00  1.24372407E+00
   226  2.26000000E+01  1.24373995E+00  1.00685773E+00  1.24373995E+00
   227  2.27000000E+01  1.24375391E+00  1.00731861E+00  1.24375391E+00
   228  2.28000000E+01  1.24376608E+00  1.00780408E+00  1.24376608E+00
   229  2.29000000E+01  1.24377663E+00  1.00831518E+00  1.24377663E+00
   230  2.30000000E+01  1.24378570E+00  1.00885301E+00  1.24378570E+00
   231  2.31000000E+01  1.24379342E+00  1.00941867E+00  1.24379342E+00
   232  2.32000000E+01  1.24379991E+00  1.01001332E+00  1.24379991E+00
   233  2.33000000E+01  1.24381069E+00  1.01063812E+00  1.24381069E+00
   234  2.34000000E+01  1.24382288E+00  1.01129428E+00  1.24382288E+00
   235  2.35000000E+01  1.24383344E+00  1.01198303E+00  1.24383344E+00
   236  2.36000000E+01  1.24384251E+00  1.01270561E+00  1.24384251E+00
   237  2.37000000E+01  1.24385021E+00  1.01346330E+00  1.24385021E+00
   238  2.38000000E+01  1.24385668E+00  1.01425736E+00  1.24385668E+00
   239  2.39000000E+01  1.24386203E+00  1.01508912E+00  1.24386203E+00
   240  2.40000000E+01  1.24386638E+00  1.01595987E+00  1.24386638E+00
   241  2.41000000E+01  1.24386984E+00  1.01687094E+00  1.24386984E+00
   242  2.42000000E+01  1.24387250E+00  1.01782365E+00  1.24387250E+00
   243  2.43000000E+01  1.24387446E+00  1.01881933E+00  1.24387446E+00
   244  2.44000000E+01  1.24387582E+00  1.01985930E+00  1.24387582E+00
   245  2.45000000E+01  1.24388119E+00  1.02094488E+00  1.24388119E+00
   246  2.46000000E+01  1.24388583E+00  1.02207738E+00  1.24388583E+00
   247  2.47000000E+01  1.24388955E+00  1.02325808E+00  1.24388955E+00
   248  2.48000000E+01  1.24389245E+00  1.02448825E+00  1.24389245E+00
   249  2.49000000E+01  1.24389463E+00  1.02576915E+00  1.24389463E+00
   250  2.50000000E+01  1.24389618E+00  1.02710197E+00  1.24389618E+00
   251  2.51000000E+01  1.24389719E+00  1.02848788E+00  1.24389719E+00
   252  2.52000000E+01  1.24389774E+00  1.02992801E+00  1.24389774E+00
   253  2.53000000E+01  1.24389790E+00  1.03142342E+00  1.24389790E+00
   254  2.54000000E+01  1.24389775E+00  1.03297511E+00  1.24389775E+00
   255  2.55000000E+01  1.24389735E+00  1.03458401E+00  1.24389735E+00
   256  2.56000000E+01  1.24389675E+00  1.03625097E+00  1.24389675E+00
   257  2.57000000E+01  1.24389704E+00  1.03797673E+00  1.24389704E+00
   258  2.58000000E+01  1.24389752E+00  1.03976195E+00  1.24389752E+00
   259  2.59000000E+01  1.24389761E+00  1.04160717E+00  1.24389761E+00
   260  2.60000000E+01  1.24389738E+00  1.04351280E+00  1.24389738E+00
   261  2.61000000E+01  1.24389690E+00  1.04547913E+00  1.24389690E+00
   262  2.62000000E+01  1.24389622E+00  1.04750629E+00  1.24389622E+00
   263  2.63000000E+01  1.24389540E+00  1.04959428E+00  1.24389540E+00
   264  2.64000000E+01  1.24389450E+00  1.05174294E+00  1.24389450E+00
   265  2.65000000E+01  1.24389355E+00  1.05395195E+00  1.24389355E+00
   266  2.66000000E+01  1.24389259E+00  1.05622082E+00  1.24389259E+00
   267  2.67000000E+01  1.24389166E+00  1.05854887E+00  1.24389166E+00
   268  2.68000000E+01  1.24389079E+00  1.06093528E+00  1.24389079E+00
   269  2.69000000E+01  1.24389000E+00  1.06337903E+00  1.24389000E+00
   270  2.70000000E+01  1.24388978E+00  1.06587894E+00  1.24388978E+00
   271  2.71000000E+01  1.24389003E+00  1.06843364E+00  1.24389003E+00
   272  2.72000000E+01  1.24389037E+00  1.07104161E+00  1.24389037E+00
   273  2.73000000E+01  1.24389080E+00  1.07370114E+00  1.24389080E+00
   274  2.74000000E+01  1.24389130E+00  1.07641035E+00  1.24389130E+00
   275  2.75000000E+01  1.24389185E+00  1.07916721E+00  1.24389185E+00
   276  2.76000000E+01  1.24389244E+00  1.08196953E+00  1.24389244E+00
   277  2.77000000E+01  1.24389307E+00  1.08481494E+00  1.24389307E+00
   278  2.78000000E+01  1.24389371E+00  1.08770095E+00  1.24389371E+00
   279  2.79000000E+01  1.24389436E+00  1.09062490E+00  1.24389436E+00
   280  2.80000000E+01  1.24389500E+00  1.09358399E+00  1.24389500E+00
   281  2.81000000E+01  1.24389563E+00  1.09657527E+00  1.24389563E+00
   282  2.82000000E+01  1.24389623E+00  1.09959567E+00  1.24389623E+00
   283  2.83000000E+01  1.24389680E+00  1.10264198E+00  1.24389680E+00
   284  2.84000000E+01  1.24389734E+00  1.10571088E+00  1.24389734E+00
   285  2.85000000E+01  1.24389784E+00  1.10879892E+00  1.24389784E+00
   286  2.86000000E+01  1.24389829E+00  1.11190255E+00  1.24389829E+00
   287  2.87000000E+01  1.24389870E+00  1.11501815E+00  1.24389870E+00
   288  2.88000000E+01  1.24389906E+00  1.11814199E+00  1.24389906E+00
   289  2.89000000E+01  1.24389938E+00  1.12127032E+00  1.24389938E+00
   290  2.90000000E+01  1.24389965E+00  1.12439931E+00  1.24389965E+00
   291  2.91000000E+01  1.24389988E+00  1.12752514E+00  1.24389988E+00
   292  2.92000000E+01  1.24390007E+00  1.13064400E+00  1.24390007E+00
   293  2.93000000E+01  1.24390021E+00  1.13375208E+00  1.24390021E+00
   294  2.94000000E+01  1.24390032E+00  1.13684568E+00  1.24390032E+00
   295  2.95000000E+01  1.24390040E+00  1.13992113E+00  1.24390040E+00
   296  2.96000000E+01  1.24390044E+00  1.14297494E+00  1.24390044E+00
   297  2.97000000E+01  1.24390046E+00  1.14600371E+00  1.24390046E+00
   298  2.98000000E+01  1.24390045E+00  1.14900425E+00  1.24390045E+00
   299  2.99000000E+01  1.24390042E+00  1.15197356E+00  1.24390042E+00
   300  3.00000000E+01  1.24390037E+00  1.15490884E+00  1.24390037E+00
   301  3.01000000E+01  1.24390031E+00  1.15780754E+00  1.24390031E+00
   302  3.02000000E+01  1.24390023E+00  1.16066737E+00  1.24390023E+00
   303  3.03000000E+01  1.24390014E+00  1.16348629E+00  1.24390014E+00
   304  3.04000000E+01  1.24390004E+00  1.16626253E+00  1.24390004E+00
   305  3.05000000E+01  1.24389994E+00  1.16899458E+00  1.24389994E+00
   306  3.06000000E+01  1.24389983E+00  1.17168118E+00  1.24389983E+00
   307  3.07000000E+01  1.24389971E+00  1.17432132E+00  1.24389971E+00
   308  3.08000000E+01  1.24389959E+00  1.17691421E+00  1.24389959E+00
   309  3.09000000E+01  1.24389948E+00  1.17945927E+00  1.24389948E+00
   310  3.10000000E+01  1.24389936E+00  1.18195610E+00  1.24389936E+00
   311  3.11000000E+01  1.24389924E+00  1.18440442E+00  1.24389924E+00
   312  3.12000000E+01  1.24389913E+00  1.18680411E+00  1.24389913E+00
   313  3.13000000E+01  1.24389902E+00  1.18915510E+00  1.24389902E+00
   314  3.14000000E+01  1.24389891E+00  1.19145737E+00  1.24389891E+00
   315  3.15000000E+01  1.24389880E+00  1.19371094E+00  1.24389880E+00
   316  3.16000000E+01  1.24389870E+00  1.19591581E+00  1.24389870E+00
   317  3.17000000E+01  1.24389860E+00  1.19807192E+00  1.24389860E+00
   318  3.18000000E+01  1.24389851E+00  1.20017917E+00  1.24389851E+00
   319  3.19000000E+01  1.24389842E+00  1.20223738E+00  1.24389842E+00
   320  3.20000000E+01  1.24389834E+00  1.20424626E+00  1.24389834E+00
   321  3.21000000E+01  1.24389826E+00  1.20620542E+00  1.24389826E+00
   322  3.22000000E+01  1.24389818E+00  1.20811438E+00  1.24389818E+00
   323  3.23000000E+01  1.24389811E+00  1.20997254E+00  1.24389811E+00
   324  3.24000000E+01  1.24389805E+00  1.21177920E+00  1.24389805E+00
   325  3.25000000E+01  1.24389799E+00  1.21353359E+00  1.24389799E+00
   326  3.26000000E+01  1.24389793E+00  1.21523489E+00  1.24389793E+00
   327  3.27000000E+01  1.24389787E+00  1.21688220E+00  1.24389787E+00
   328  3.28000000E+01  1.24389783E+00  1.21847465E+00  1.24389783E+00
   329  3.29000000E+01  1.24389778E+00  1.22001135E+00  1.24389778E+00
   330  3.30000000E+01  1.24389774E+00  1.22149146E+00  1.24389774E+00
   331  3.31000000E+01  1.24389770E+00  1.22291422E+00  1.24389770E+00
   332  3.32000000E+01  1.24389766E+00  1.22427897E+00  1.24389766E+00
   333  3.33000000E+01  1.24389763E+00  1.22558517E+00  1.24389763E+00
   334  3.34000000E+01  1.24389760E+00  1.22683243E+00  1.24389760E+00
   335  3.35000000E+01  1.24389757E+00  1.22802056E+00  1.24389757E+00
   336  3.36000000E+01  1.24389755E+00  1.22914955E+00  1.24389755E+00
   337  3.37000000E+01  1.24389753E+00  1.23021960E+00  1.24389753E+00
   338  3.38000000E+01  1.24389751E+00  1.23123115E+00  1.24389751E+00
   339  3.39000000E+01  1.24389749E+00  1.23218485E+00  1.24389749E+00
   340  3.40000000E+01  1.24389747E+00  1.23308158E+00  1.24389747E+00
   341  3.41000000E+01  1.24389746E+00  1.23392247E+00  1.24389746E+00
   342  3.42000000E+01  1.24389744E+00  1.23470885E+00  1.24389744E+00
   343  3.43000000E+01  1.24389743E+00  1.23544226E+00  1.24389743E+00
   344  3.44000000E+01  1.24389742E+00  1.23612443E+00  1.24389742E+00
   345  3.45000000E+01  1.24389741E+00  1.23675728E+00  1.24389741E+00
   346  3.46000000E+01  1.24389740E+00  1.23734285E+00  1.24389740E+00
   347  3.47000000E+01  1.24389740E+00  1.23788333E+00  1.24389740E+00
   348  3.48000000E+01  1.24389739E+00  1.23838100E+00  1.24389739E+00
   349  3.49000000E+01  1.24389738E+00  1.23883822E+00  1.24389738E+00
   350  3.50000000E+01  1.24389738E+00  1.23925741E+00  1.24389738E+00
   351  3.51000000E+01  1.24389737E+00  1.23964099E+00  1.24389737E+00
   352  3.52000000E+01  1.24389737E+00  1.23999138E+00  1.24389737E+00
   353  3.53000000E+01  1.24389737E+00  1.24031099E+00  1.24389737E+00
   354  3.54000000E+01  1.24389736E+00  1.24060217E+00  1.24389736E+00
   355  3.55000000E+01  1.24389736E+00  1.24086721E+00  1.24389736E+00
   356  3.56000000E+01  1.24389736E+00  1.24110830E+00  1.24389736E+00
   357  3.57000000E+01  1.24389735E+00  1.24132754E+00  1.24389735E+00
   358  3.58000000E+01  1.24389735E+00  1.24152691E+00  1.24389735E+00
   359  3.59000000E+01  1.24389735E+00  1.24170829E+00  1.24389735E+00
   360  3.60000000E+01  1.24389735E+00  1.24187340E+00  1.24389735E+00
   361  3.61000000E+01  1.24389735E+00  1.24202385E+00  1.24389735E+00
   362  3.62000000E+01  1.24389735E+00  1.24216112E+00  1.24389735E+00
   363  3.63000000E+01  1.24389734E+00  1.24228653E+00  1.24389734E+00
   364  3.64000000E+01  1.24389734E+00  1.24240130E+00  1.24389734E+00
   365  3.65000000E+01  1.24389734E+00  1.24250652E+00  1.24389734E+00
   366  3.66000000E+01  1.24389734E+00  1.24260315E+00  1.24389734E+00
   367  3.67000000E+01  1.24389734E+00  1.24269205E+00  1.24389734E+00
   368  3.68000000E+01  1.24389734E+00  1.24277396E+00  1.24389734E+00
   369  3.69000000E+01  1.24389734E+00  1.24284954E+00  1.24389734E+00
   370  3.70000000E+01  1.24389734E+00  1.24291937E+00  1.24389734E+00
   371  3.71000000E+01  1.24389734E+00  1.24298393E+00  1.24389734E+00
   372  3.72000000E+01  1.24389734E+00  1.24304366E+00  1.24389734E+00
   373  3.73000000E+01  1.24389734E+00  1.24309892E+00  1.24389734E+00
   374  3.74000000E+01  1.24389734E+00  1.24315004E+00  1.24389734E+00
   375  3.75000000E+01  1.24389734E+00  1.24319728E+00  1.24389734E+00
   376  3.76000000E+01  1.24389734E+00  1.24324089E+00  1.24389734E+00
   377  3.77000000E+01  1.24389733E+00  1.24328108E+00  1.24389733E+00
   378  3.78000000E+01  1.24389733E+00  1.24331805E+00  1.24389733E+00
   379  3.79000000E+01  1.24389733E+00  1.24335195E+00  1.24389733E+00
   380  3.80000000E+01  1.24389733E+00  1.24338297E+00  1.24389733E+00
   381  3.81000000E+01  1.24389733E+00  1.24341123E+00  1.24389733E+00
   382  3.82000000E+01  1.24389733E+00  1.24343688E+00  1.24389733E+00
   383  3.83000000E+01  1.24389733E+00  1.24346007E+00  1.24389733E+00
   384  3.84000000E+01  1.24389733E+00  1.24348091E+00  1.24389733E+00
   385  3.85000000E+01  1.24389733E+00  1.24349955E+00  1.24389733E+00
   386  3.86000000E+01  1.24389733E+00  1.24351611E+00  1.24389733E+00
   387  3.87000000E+01  1.24389733E+00  1.24353072E+00  1.24389733E+00
   388  3.88000000E+01  1.24389733E+00  1.24354352E+00  1.24389733E+00
   389  3.89000000E+01  1.24389733E+00  1.24355462E+00  1.24389733E+00
   390  3.90000000E+01  1.24389733E+00  1.24356416E+00  1.24389733E+00
   391  3.91000000E+01  1.24389733E+00  1.24357225E+00  1.24389733E+00
   392  3.92000000E+01  1.24389733E+00  1.24357903E+00  1.24389733E+00
   393  3.93000000E+01  1.24389733E+00  1.24358461E+00  1.24389733E+00
   394  3.94000000E+01  1.24389733E+00  1.24358910E+00  1.24389733E+00
   395  3.95000000E+01  1.24389733E+00  1.24359263E+00  1.24389733E+00
   396  3.96000000E+01  1.24389733E+00  1.24359530E+00  1.24389733E+00
   397  3.97000000E+01  1.24389733E+00  1.24359721E+00  1.24389733E+00
   398  3.98000000E+01  1.24389733E+00  1.24359847E+00  1.24389733E+00
   399  3.99000000E+01  1.24389733E+00  1.24359916E+00  1.24389733E+00
 steady-height stop at step    399: changes <=   1.0000E-05, max-end <=   5.0000E-03, max/end/gap/profile_change =   1.24389733E+00  1.24359916E+00  2.98164353E-04  1.09723768E-06
