 comppar: model =   2
 comppar: lambda,mobility/eps,betav,eta_0 =  7.0000E+00  0.0000E+00  8.0000E-01  1.0000E+00
 comppar: eta_s,eta_p,G =  8.0000E-01  2.0000E-01  2.8571E-02
 comppar: U_avg,deltat,flowrate,nsteps =  1.0000E-01  2.0000E-01  3.1416E-01    2000
 comppar: geometry = axisymmetric
 comppar: steady stop change,gap,hold,min =  1.0000E-07  1.0000E-03       1      80
 comppar: steady stop truncated decimals =       3
 comppar: ncompc,ncompg =     4     5
 mesh nnodes = 5797
 mesh nelem = 2796
 P1 BC   5.0000000000000000     
 P2 BC   0.0000000000000000     
     1  2.00000000E-01  1.00253188E+00  1.00000000E+00  1.00253188E+00
     2  4.00000000E-01  1.00502970E+00  1.00000000E+00  1.00502970E+00
     3  6.00000000E-01  1.00749344E+00  1.00000000E+00  1.00749344E+00
     4  8.00000000E-01  1.00992117E+00  1.00000000E+00  1.00992117E+00
     5  1.00000000E+00  1.01231989E+00  1.00000000E+00  1.01231989E+00
     6  1.20000000E+00  1.01467997E+00  1.00000000E+00  1.01467997E+00
     7  1.40000000E+00  1.01700577E+00  1.00000000E+00  1.01700577E+00
     8  1.60000000E+00  1.01930266E+00  1.00000000E+00  1.01930266E+00
     9  1.80000000E+00  1.02155438E+00  1.00000000E+00  1.02155438E+00
    10  2.00000000E+00  1.02379079E+00  1.00000000E+00  1.02379079E+00
    11  2.20000000E+00  1.02597939E+00  1.00000000E+00  1.02597939E+00
    12  2.40000000E+00  1.02815460E+00  1.00000000E+00  1.02815460E+00
    13  2.60000000E+00  1.03027772E+00  1.00000000E+00  1.03027772E+00
    14  2.80000000E+00  1.03240006E+00  1.00000000E+00  1.03240006E+00
    15  3.00000000E+00  1.03446805E+00  1.00000000E+00  1.03446805E+00
    16  3.20000000E+00  1.03653725E+00  1.00000000E+00  1.03653725E+00
    17  3.40000000E+00  1.03855788E+00  1.00000000E+00  1.03855788E+00
    18  3.60000000E+00  1.04056481E+00  1.00000000E+00  1.04056481E+00
    19  3.80000000E+00  1.04255142E+00  1.00000000E+00  1.04255142E+00
    20  4.00000000E+00  1.04449357E+00  1.00000000E+00  1.04449357E+00
    21  4.20000000E+00  1.04645097E+00  1.00000000E+00  1.04645097E+00
    22  4.40000000E+00  1.04835519E+00  9.99999998E-01  1.04835519E+00
    23  4.60000000E+00  1.05024719E+00  9.99999996E-01  1.05024719E+00
    24  4.80000000E+00  1.05213914E+00  9.99999993E-01  1.05213914E+00
    25  5.00000000E+00  1.05397823E+00  9.99999989E-01  1.05397823E+00
    26  5.20000000E+00  1.05583114E+00  9.99999985E-01  1.05583114E+00
    27  5.40000000E+00  1.05766430E+00  9.99999981E-01  1.05766430E+00
    28  5.60000000E+00  1.05944526E+00  9.99999976E-01  1.05944526E+00
    29  5.80000000E+00  1.06123870E+00  9.99999970E-01  1.06123870E+00
    30  6.00000000E+00  1.06303208E+00  9.99999963E-01  1.06303208E+00
    31  6.20000000E+00  1.06477491E+00  9.99999955E-01  1.06477491E+00
    32  6.40000000E+00  1.06650517E+00  9.99999946E-01  1.06650517E+00
    33  6.60000000E+00  1.06826460E+00  9.99999937E-01  1.06826460E+00
    34  6.80000000E+00  1.06997511E+00  9.99999926E-01  1.06997511E+00
    35  7.00000000E+00  1.07163580E+00  9.99999914E-01  1.07163580E+00
    36  7.20000000E+00  1.07335053E+00  9.99999900E-01  1.07335053E+00
    37  7.40000000E+00  1.07504956E+00  9.99999886E-01  1.07504956E+00
    38  7.60000000E+00  1.07670123E+00  9.99999870E-01  1.07670123E+00
    39  7.80000000E+00  1.07831032E+00  9.99999852E-01  1.07831032E+00
    40  8.00000000E+00  1.08000224E+00  9.99999833E-01  1.08000224E+00
    41  8.20000000E+00  1.08164906E+00  9.99999812E-01  1.08164906E+00
    42  8.40000000E+00  1.08325060E+00  9.99999790E-01  1.08325060E+00
    43  8.60000000E+00  1.08480692E+00  9.99999765E-01  1.08480692E+00
    44  8.80000000E+00  1.08644977E+00  9.99999739E-01  1.08644977E+00
    45  9.00000000E+00  1.08806986E+00  9.99999710E-01  1.08806986E+00
    46  9.20000000E+00  1.08964742E+00  9.99999679E-01  1.08964742E+00
    47  9.40000000E+00  1.09118287E+00  9.99999646E-01  1.09118287E+00
    48  9.60000000E+00  1.09273680E+00  9.99999610E-01  1.09273680E+00
    49  9.80000000E+00  1.09433625E+00  9.99999572E-01  1.09433625E+00
    50  1.00000000E+01  1.09589597E+00  9.99999531E-01  1.09589597E+00
    51  1.02000000E+01  1.09741669E+00  9.99999487E-01  1.09741669E+00
    52  1.04000000E+01  1.09889943E+00  9.99999440E-01  1.09889943E+00
    53  1.06000000E+01  1.10039438E+00  9.99999390E-01  1.10039438E+00
    54  1.08000000E+01  1.10195928E+00  9.99999337E-01  1.10195928E+00
    55  1.10000000E+01  1.10348819E+00  9.99999280E-01  1.10348819E+00
    56  1.12000000E+01  1.10498235E+00  9.99999220E-01  1.10498235E+00
    57  1.14000000E+01  1.10644336E+00  9.99999156E-01  1.10644336E+00
    58  1.16000000E+01  1.10787324E+00  9.99999088E-01  1.10787324E+00
    59  1.18000000E+01  1.10937870E+00  9.99999016E-01  1.10937870E+00
    60  1.20000000E+01  1.11088464E+00  9.99998939E-01  1.11088464E+00
    61  1.22000000E+01  1.11236039E+00  9.99998858E-01  1.11236039E+00
    62  1.24000000E+01  1.11380812E+00  9.99998773E-01  1.11380812E+00
    63  1.26000000E+01  1.11523042E+00  9.99998682E-01  1.11523042E+00
    64  1.28000000E+01  1.11663028E+00  9.99998587E-01  1.11663028E+00
    65  1.30000000E+01  1.11804993E+00  9.99998486E-01  1.11804993E+00
    66  1.32000000E+01  1.11953003E+00  9.99998380E-01  1.11953003E+00
    67  1.34000000E+01  1.12098714E+00  9.99998268E-01  1.12098714E+00
    68  1.36000000E+01  1.12242411E+00  9.99998151E-01  1.12242411E+00
    69  1.38000000E+01  1.12384402E+00  9.99998027E-01  1.12384402E+00
    70  1.40000000E+01  1.12525004E+00  9.99997897E-01  1.12525004E+00
    71  1.42000000E+01  1.12664530E+00  9.99997760E-01  1.12664530E+00
    72  1.44000000E+01  1.12803277E+00  9.99997616E-01  1.12803277E+00
    73  1.46000000E+01  1.12941511E+00  9.99997466E-01  1.12941511E+00
    74  1.48000000E+01  1.13084217E+00  9.99997308E-01  1.13084217E+00
    75  1.50000000E+01  1.13227363E+00  9.99997142E-01  1.13227363E+00
    76  1.52000000E+01  1.13369845E+00  9.99996969E-01  1.13369845E+00
    77  1.54000000E+01  1.13511903E+00  9.99996787E-01  1.13511903E+00
    78  1.56000000E+01  1.13653740E+00  9.99996597E-01  1.13653740E+00
    79  1.58000000E+01  1.13795510E+00  9.99996398E-01  1.13795510E+00
    80  1.60000000E+01  1.13937321E+00  9.99996191E-01  1.13937321E+00
    81  1.62000000E+01  1.14079239E+00  9.99995973E-01  1.14079239E+00
    82  1.64000000E+01  1.14221295E+00  9.99995747E-01  1.14221295E+00
    83  1.66000000E+01  1.14363488E+00  9.99995510E-01  1.14363488E+00
    84  1.68000000E+01  1.14505796E+00  9.99995263E-01  1.14505796E+00
    85  1.70000000E+01  1.14648182E+00  9.99995005E-01  1.14648182E+00
    86  1.72000000E+01  1.14790599E+00  9.99994736E-01  1.14790599E+00
    87  1.74000000E+01  1.14932996E+00  9.99994456E-01  1.14932996E+00
    88  1.76000000E+01  1.15075316E+00  9.99994164E-01  1.15075316E+00
    89  1.78000000E+01  1.15217498E+00  9.99993861E-01  1.15217498E+00
    90  1.80000000E+01  1.15360566E+00  9.99993544E-01  1.15360566E+00
    91  1.82000000E+01  1.15505924E+00  9.99993215E-01  1.15505924E+00
    92  1.84000000E+01  1.15651151E+00  9.99992873E-01  1.15651151E+00
    93  1.86000000E+01  1.15796182E+00  9.99992517E-01  1.15796182E+00
    94  1.88000000E+01  1.15940950E+00  9.99992147E-01  1.15940950E+00
    95  1.90000000E+01  1.16085386E+00  9.99991763E-01  1.16085386E+00
    96  1.92000000E+01  1.16229417E+00  9.99991364E-01  1.16229417E+00
    97  1.94000000E+01  1.16372969E+00  9.99990949E-01  1.16372969E+00
    98  1.96000000E+01  1.16515969E+00  9.99990519E-01  1.16515969E+00
    99  1.98000000E+01  1.16658346E+00  9.99990072E-01  1.16658346E+00
   100  2.00000000E+01  1.16800028E+00  9.99989609E-01  1.16800028E+00
   101  2.02000000E+01  1.16940950E+00  9.99989129E-01  1.16940950E+00
   102  2.04000000E+01  1.17081050E+00  9.99988631E-01  1.17081050E+00
   103  2.06000000E+01  1.17220273E+00  9.99988116E-01  1.17220273E+00
   104  2.08000000E+01  1.17358567E+00  9.99987581E-01  1.17358567E+00
   105  2.10000000E+01  1.17501066E+00  9.99987028E-01  1.17501066E+00
   106  2.12000000E+01  1.17643136E+00  9.99986455E-01  1.17643136E+00
   107  2.14000000E+01  1.17784280E+00  9.99985862E-01  1.17784280E+00
   108  2.16000000E+01  1.17924452E+00  9.99985248E-01  1.17924452E+00
   109  2.18000000E+01  1.18063609E+00  9.99984613E-01  1.18063609E+00
   110  2.20000000E+01  1.18201714E+00  9.99983957E-01  1.18201714E+00
   111  2.22000000E+01  1.18338734E+00  9.99983278E-01  1.18338734E+00
   112  2.24000000E+01  1.18474641E+00  9.99982577E-01  1.18474641E+00
   113  2.26000000E+01  1.18609410E+00  9.99981852E-01  1.18609410E+00
   114  2.28000000E+01  1.18743016E+00  9.99981104E-01  1.18743016E+00
   115  2.30000000E+01  1.18875437E+00  9.99980331E-01  1.18875437E+00
   116  2.32000000E+01  1.19007476E+00  9.99979533E-01  1.19007476E+00
   117  2.34000000E+01  1.19143739E+00  9.99978710E-01  1.19143739E+00
   118  2.36000000E+01  1.19278810E+00  9.99977860E-01  1.19278810E+00
   119  2.38000000E+01  1.19412665E+00  9.99976984E-01  1.19412665E+00
   120  2.40000000E+01  1.19545285E+00  9.99976080E-01  1.19545285E+00
   121  2.42000000E+01  1.19676650E+00  9.99975148E-01  1.19676650E+00
   122  2.44000000E+01  1.19806740E+00  9.99974188E-01  1.19806740E+00
   123  2.46000000E+01  1.19935537E+00  9.99973199E-01  1.19935537E+00
   124  2.48000000E+01  1.20063023E+00  9.99972179E-01  1.20063023E+00
   125  2.50000000E+01  1.20189180E+00  9.99971130E-01  1.20189180E+00
   126  2.52000000E+01  1.20313992E+00  9.99970049E-01  1.20313992E+00
   127  2.54000000E+01  1.20439102E+00  9.99968937E-01  1.20439102E+00
   128  2.56000000E+01  1.20567718E+00  9.99967793E-01  1.20567718E+00
   129  2.58000000E+01  1.20694987E+00  9.99966615E-01  1.20694987E+00
   130  2.60000000E+01  1.20820895E+00  9.99965405E-01  1.20820895E+00
   131  2.62000000E+01  1.20945425E+00  9.99964160E-01  1.20945425E+00
   132  2.64000000E+01  1.21068563E+00  9.99962880E-01  1.21068563E+00
   133  2.66000000E+01  1.21190298E+00  9.99961566E-01  1.21190298E+00
   134  2.68000000E+01  1.21310616E+00  9.99960215E-01  1.21310616E+00
   135  2.70000000E+01  1.21429508E+00  9.99958828E-01  1.21429508E+00
   136  2.72000000E+01  1.21546965E+00  9.99957404E-01  1.21546965E+00
   137  2.74000000E+01  1.21662980E+00  9.99955942E-01  1.21662980E+00
   138  2.76000000E+01  1.21779212E+00  9.99954442E-01  1.21779212E+00
   139  2.78000000E+01  1.21898984E+00  9.99952903E-01  1.21898984E+00
   140  2.80000000E+01  1.22017311E+00  9.99951326E-01  1.22017311E+00
   141  2.82000000E+01  1.22134184E+00  9.99949708E-01  1.22134184E+00
   142  2.84000000E+01  1.22249600E+00  9.99948050E-01  1.22249600E+00
   143  2.86000000E+01  1.22363552E+00  9.99946351E-01  1.22363552E+00
   144  2.88000000E+01  1.22476037E+00  9.99944611E-01  1.22476037E+00
   145  2.90000000E+01  1.22587054E+00  9.99942829E-01  1.22587054E+00
   146  2.92000000E+01  1.22696600E+00  9.99941004E-01  1.22696600E+00
   147  2.94000000E+01  1.22804677E+00  9.99939137E-01  1.22804677E+00
   148  2.96000000E+01  1.22911285E+00  9.99937228E-01  1.22911285E+00
   149  2.98000000E+01  1.23021249E+00  9.99935274E-01  1.23021249E+00
   150  3.00000000E+01  1.23131499E+00  9.99933278E-01  1.23131499E+00
   151  3.02000000E+01  1.23240271E+00  9.99931237E-01  1.23240271E+00
   152  3.04000000E+01  1.23347567E+00  9.99929152E-01  1.23347567E+00
   153  3.06000000E+01  1.23453390E+00  9.99927022E-01  1.23453390E+00
   154  3.08000000E+01  1.23557741E+00  9.99924848E-01  1.23557741E+00
   155  3.10000000E+01  1.23660625E+00  9.99922629E-01  1.23660625E+00
   156  3.12000000E+01  1.23762047E+00  9.99920365E-01  1.23762047E+00
   157  3.14000000E+01  1.23862012E+00  9.99918056E-01  1.23862012E+00
   158  3.16000000E+01  1.23960526E+00  9.99915702E-01  1.23960526E+00
   159  3.18000000E+01  1.24062952E+00  9.99913304E-01  1.24062952E+00
   160  3.20000000E+01  1.24164992E+00  9.99910861E-01  1.24164992E+00
   161  3.22000000E+01  1.24265567E+00  9.99908373E-01  1.24265567E+00
   162  3.24000000E+01  1.24364686E+00  9.99905842E-01  1.24364686E+00
   163  3.26000000E+01  1.24462355E+00  9.99903266E-01  1.24462355E+00
   164  3.28000000E+01  1.24558581E+00  9.99900647E-01  1.24558581E+00
   165  3.30000000E+01  1.24653373E+00  9.99897985E-01  1.24653373E+00
   166  3.32000000E+01  1.24746739E+00  9.99895281E-01  1.24746739E+00
   167  3.34000000E+01  1.24838689E+00  9.99892535E-01  1.24838689E+00
   168  3.36000000E+01  1.24929998E+00  9.99889749E-01  1.24929998E+00
   169  3.38000000E+01  1.25025329E+00  9.99886922E-01  1.25025329E+00
   170  3.40000000E+01  1.25119230E+00  9.99884056E-01  1.25119230E+00
   171  3.42000000E+01  1.25211709E+00  9.99881152E-01  1.25211709E+00
   172  3.44000000E+01  1.25302777E+00  9.99878211E-01  1.25302777E+00
   173  3.46000000E+01  1.25392443E+00  9.99875235E-01  1.25392443E+00
   174  3.48000000E+01  1.25480720E+00  9.99872225E-01  1.25480720E+00
   175  3.50000000E+01  1.25567618E+00  9.99869182E-01  1.25567618E+00
   176  3.52000000E+01  1.25653149E+00  9.99866108E-01  1.25653149E+00
   177  3.54000000E+01  1.25737324E+00  9.99863005E-01  1.25737324E+00
   178  3.56000000E+01  1.25820873E+00  9.99859876E-01  1.25820873E+00
   179  3.58000000E+01  1.25908254E+00  9.99856722E-01  1.25908254E+00
   180  3.60000000E+01  1.25994263E+00  9.99853545E-01  1.25994263E+00
   181  3.62000000E+01  1.26078911E+00  9.99850349E-01  1.26078911E+00
   182  3.64000000E+01  1.26162213E+00  9.99847135E-01  1.26162213E+00
   183  3.66000000E+01  1.26244179E+00  9.99843908E-01  1.26244179E+00
   184  3.68000000E+01  1.26324824E+00  9.99840670E-01  1.26324824E+00
   185  3.70000000E+01  1.26404161E+00  9.99837424E-01  1.26404161E+00
   186  3.72000000E+01  1.26482203E+00  9.99834174E-01  1.26482203E+00
   187  3.74000000E+01  1.26558963E+00  9.99830924E-01  1.26558963E+00
   188  3.76000000E+01  1.26635475E+00  9.99827679E-01  1.26635475E+00
   189  3.78000000E+01  1.26715240E+00  9.99824441E-01  1.26715240E+00
   190  3.80000000E+01  1.26793705E+00  9.99821217E-01  1.26793705E+00
   191  3.82000000E+01  1.26870885E+00  9.99818011E-01  1.26870885E+00
   192  3.84000000E+01  1.26946794E+00  9.99814827E-01  1.26946794E+00
   193  3.86000000E+01  1.27021444E+00  9.99811672E-01  1.27021444E+00
   194  3.88000000E+01  1.27094852E+00  9.99808552E-01  1.27094852E+00
   195  3.90000000E+01  1.27167030E+00  9.99805472E-01  1.27167030E+00
   196  3.92000000E+01  1.27237994E+00  9.99802440E-01  1.27237994E+00
   197  3.94000000E+01  1.27307758E+00  9.99799461E-01  1.27307758E+00
   198  3.96000000E+01  1.27377333E+00  9.99796543E-01  1.27377333E+00
   199  3.98000000E+01  1.27449902E+00  9.99793694E-01  1.27449902E+00
   200  4.00000000E+01  1.27521251E+00  9.99790922E-01  1.27521251E+00
   201  4.02000000E+01  1.27591396E+00  9.99788236E-01  1.27591396E+00
   202  4.04000000E+01  1.27660350E+00  9.99785643E-01  1.27660350E+00
   203  4.06000000E+01  1.27728129E+00  9.99783154E-01  1.27728129E+00
   204  4.08000000E+01  1.27794747E+00  9.99780779E-01  1.27794747E+00
   205  4.10000000E+01  1.27860218E+00  9.99778527E-01  1.27860218E+00
   206  4.12000000E+01  1.27924558E+00  9.99776411E-01  1.27924558E+00
   207  4.14000000E+01  1.27987781E+00  9.99774440E-01  1.27987781E+00
   208  4.16000000E+01  1.28051390E+00  9.99772628E-01  1.28051390E+00
   209  4.18000000E+01  1.28117217E+00  9.99770987E-01  1.28117217E+00
   210  4.20000000E+01  1.28181908E+00  9.99769530E-01  1.28181908E+00
   211  4.22000000E+01  1.28245478E+00  9.99768270E-01  1.28245478E+00
   212  4.24000000E+01  1.28307940E+00  9.99767223E-01  1.28307940E+00
   213  4.26000000E+01  1.28369311E+00  9.99766404E-01  1.28369311E+00
   214  4.28000000E+01  1.28429604E+00  9.99765827E-01  1.28429604E+00
   215  4.30000000E+01  1.28488835E+00  9.99765511E-01  1.28488835E+00
   216  4.32000000E+01  1.28547017E+00  9.99765472E-01  1.28547017E+00
   217  4.34000000E+01  1.28604164E+00  9.99765729E-01  1.28604164E+00
   218  4.36000000E+01  1.28662511E+00  9.99766299E-01  1.28662511E+00
   219  4.38000000E+01  1.28722068E+00  9.99767204E-01  1.28722068E+00
   220  4.40000000E+01  1.28780573E+00  9.99768464E-01  1.28780573E+00
   221  4.42000000E+01  1.28838038E+00  9.99770099E-01  1.28838038E+00
   222  4.44000000E+01  1.28894480E+00  9.99772134E-01  1.28894480E+00
   223  4.46000000E+01  1.28949912E+00  9.99774590E-01  1.28949912E+00
   224  4.48000000E+01  1.29004349E+00  9.99777493E-01  1.29004349E+00
   225  4.50000000E+01  1.29057804E+00  9.99780868E-01  1.29057804E+00
   226  4.52000000E+01  1.29110292E+00  9.99784742E-01  1.29110292E+00
   227  4.54000000E+01  1.29161828E+00  9.99789141E-01  1.29161828E+00
   228  4.56000000E+01  1.29215200E+00  9.99794096E-01  1.29215200E+00
   229  4.58000000E+01  1.29268956E+00  9.99799635E-01  1.29268956E+00
   230  4.60000000E+01  1.29321741E+00  9.99805791E-01  1.29321741E+00
   231  4.62000000E+01  1.29373568E+00  9.99812595E-01  1.29373568E+00
   232  4.64000000E+01  1.29424452E+00  9.99820081E-01  1.29424452E+00
   233  4.66000000E+01  1.29474406E+00  9.99828284E-01  1.29474406E+00
   234  4.68000000E+01  1.29523445E+00  9.99837242E-01  1.29523445E+00
   235  4.70000000E+01  1.29571581E+00  9.99846991E-01  1.29571581E+00
   236  4.72000000E+01  1.29618829E+00  9.99857572E-01  1.29618829E+00
   237  4.74000000E+01  1.29665201E+00  9.99869024E-01  1.29665201E+00
   238  4.76000000E+01  1.29713357E+00  9.99881392E-01  1.29713357E+00
   239  4.78000000E+01  1.29761768E+00  9.99894718E-01  1.29761768E+00
   240  4.80000000E+01  1.29809287E+00  9.99909050E-01  1.29809287E+00
   241  4.82000000E+01  1.29855927E+00  9.99924433E-01  1.29855927E+00
   242  4.84000000E+01  1.29901701E+00  9.99940919E-01  1.29901701E+00
   243  4.86000000E+01  1.29946622E+00  9.99958558E-01  1.29946622E+00
   244  4.88000000E+01  1.29990704E+00  9.99977404E-01  1.29990704E+00
   245  4.90000000E+01  1.30033959E+00  9.99997512E-01  1.30033959E+00
   246  4.92000000E+01  1.30076400E+00  1.00001894E+00  1.30076400E+00
   247  4.94000000E+01  1.30118040E+00  1.00004174E+00  1.30118040E+00
   248  4.96000000E+01  1.30161305E+00  1.00006599E+00  1.30161305E+00
   249  4.98000000E+01  1.30204815E+00  1.00009173E+00  1.30204815E+00
   250  5.00000000E+01  1.30247507E+00  1.00011905E+00  1.30247507E+00
   251  5.02000000E+01  1.30289395E+00  1.00014801E+00  1.30289395E+00
   252  5.04000000E+01  1.30330490E+00  1.00017867E+00  1.30330490E+00
   253  5.06000000E+01  1.30370806E+00  1.00021111E+00  1.30370806E+00
   254  5.08000000E+01  1.30410355E+00  1.00024542E+00  1.30410355E+00
   255  5.10000000E+01  1.30449149E+00  1.00028166E+00  1.30449149E+00
   256  5.12000000E+01  1.30487200E+00  1.00031991E+00  1.30487200E+00
   257  5.14000000E+01  1.30524521E+00  1.00036027E+00  1.30524521E+00
   258  5.16000000E+01  1.30563294E+00  1.00040281E+00  1.30563294E+00
   259  5.18000000E+01  1.30602321E+00  1.00044763E+00  1.30602321E+00
   260  5.20000000E+01  1.30640602E+00  1.00049482E+00  1.30640602E+00
   261  5.22000000E+01  1.30678149E+00  1.00054448E+00  1.30678149E+00
   262  5.24000000E+01  1.30714974E+00  1.00059670E+00  1.30714974E+00
   263  5.26000000E+01  1.30751089E+00  1.00065159E+00  1.30751089E+00
   264  5.28000000E+01  1.30786504E+00  1.00070925E+00  1.30786504E+00
   265  5.30000000E+01  1.30821233E+00  1.00076979E+00  1.30821233E+00
   266  5.32000000E+01  1.30855286E+00  1.00083332E+00  1.30855286E+00
   267  5.34000000E+01  1.30888676E+00  1.00089997E+00  1.30888676E+00
   268  5.36000000E+01  1.30923284E+00  1.00096984E+00  1.30923284E+00
   269  5.38000000E+01  1.30958229E+00  1.00104307E+00  1.30958229E+00
   270  5.40000000E+01  1.30992494E+00  1.00111978E+00  1.30992494E+00
   271  5.42000000E+01  1.31026092E+00  1.00120009E+00  1.31026092E+00
   272  5.44000000E+01  1.31059033E+00  1.00128416E+00  1.31059033E+00
   273  5.46000000E+01  1.31091329E+00  1.00137211E+00  1.31091329E+00
   274  5.48000000E+01  1.31122990E+00  1.00146409E+00  1.31122990E+00
   275  5.50000000E+01  1.31154028E+00  1.00156025E+00  1.31154028E+00
   276  5.52000000E+01  1.31184453E+00  1.00166075E+00  1.31184453E+00
   277  5.54000000E+01  1.31214276E+00  1.00176573E+00  1.31214276E+00
   278  5.56000000E+01  1.31244750E+00  1.00187536E+00  1.31244750E+00
   279  5.58000000E+01  1.31275985E+00  1.00198980E+00  1.31275985E+00
   280  5.60000000E+01  1.31306603E+00  1.00210924E+00  1.31306603E+00
   281  5.62000000E+01  1.31336616E+00  1.00223383E+00  1.31336616E+00
   282  5.64000000E+01  1.31366033E+00  1.00236377E+00  1.31366033E+00
   283  5.66000000E+01  1.31394866E+00  1.00249924E+00  1.31394866E+00
   284  5.68000000E+01  1.31423124E+00  1.00264043E+00  1.31423124E+00
   285  5.70000000E+01  1.31450817E+00  1.00278754E+00  1.31450817E+00
   286  5.72000000E+01  1.31477957E+00  1.00294077E+00  1.31477957E+00
   287  5.74000000E+01  1.31504551E+00  1.00310033E+00  1.31504551E+00
   288  5.76000000E+01  1.31531294E+00  1.00326642E+00  1.31531294E+00
   289  5.78000000E+01  1.31559169E+00  1.00343927E+00  1.31559169E+00
   290  5.80000000E+01  1.31586487E+00  1.00361911E+00  1.31586487E+00
   291  5.82000000E+01  1.31613256E+00  1.00380615E+00  1.31613256E+00
   292  5.84000000E+01  1.31639488E+00  1.00400064E+00  1.31639488E+00
   293  5.86000000E+01  1.31665191E+00  1.00420282E+00  1.31665191E+00
   294  5.88000000E+01  1.31690376E+00  1.00441294E+00  1.31690376E+00
   295  5.90000000E+01  1.31715050E+00  1.00463124E+00  1.31715050E+00
   296  5.92000000E+01  1.31739224E+00  1.00485799E+00  1.31739224E+00
   297  5.94000000E+01  1.31762907E+00  1.00509346E+00  1.31762907E+00
   298  5.96000000E+01  1.31786108E+00  1.00533791E+00  1.31786108E+00
   299  5.98000000E+01  1.31810917E+00  1.00559162E+00  1.31810917E+00
   300  6.00000000E+01  1.31835252E+00  1.00585488E+00  1.31835252E+00
   301  6.02000000E+01  1.31859094E+00  1.00612797E+00  1.31859094E+00
   302  6.04000000E+01  1.31882450E+00  1.00641120E+00  1.31882450E+00
   303  6.06000000E+01  1.31905329E+00  1.00670486E+00  1.31905329E+00
   304  6.08000000E+01  1.31927741E+00  1.00700926E+00  1.31927741E+00
   305  6.10000000E+01  1.31949693E+00  1.00732471E+00  1.31949693E+00
   306  6.12000000E+01  1.31971195E+00  1.00765154E+00  1.31971195E+00
   307  6.14000000E+01  1.31992255E+00  1.00799008E+00  1.31992255E+00
   308  6.16000000E+01  1.32012880E+00  1.00834064E+00  1.32012880E+00
   309  6.18000000E+01  1.32034407E+00  1.00870358E+00  1.32034407E+00
   310  6.20000000E+01  1.32056058E+00  1.00907924E+00  1.32056058E+00
   311  6.22000000E+01  1.32077263E+00  1.00946796E+00  1.32077263E+00
   312  6.24000000E+01  1.32098032E+00  1.00987011E+00  1.32098032E+00
   313  6.26000000E+01  1.32118372E+00  1.01028603E+00  1.32118372E+00
   314  6.28000000E+01  1.32138291E+00  1.01071611E+00  1.32138291E+00
   315  6.30000000E+01  1.32157797E+00  1.01116070E+00  1.32157797E+00
   316  6.32000000E+01  1.32176899E+00  1.01162019E+00  1.32176899E+00
   317  6.34000000E+01  1.32195603E+00  1.01209495E+00  1.32195603E+00
   318  6.36000000E+01  1.32213918E+00  1.01258538E+00  1.32213918E+00
   319  6.38000000E+01  1.32232427E+00  1.01309185E+00  1.32232427E+00
   320  6.40000000E+01  1.32251663E+00  1.01361476E+00  1.32251663E+00
   321  6.42000000E+01  1.32270498E+00  1.01415451E+00  1.32270498E+00
   322  6.44000000E+01  1.32288941E+00  1.01471150E+00  1.32288941E+00
   323  6.46000000E+01  1.32306999E+00  1.01528612E+00  1.32306999E+00
   324  6.48000000E+01  1.32324680E+00  1.01587878E+00  1.32324680E+00
   325  6.50000000E+01  1.32341990E+00  1.01648989E+00  1.32341990E+00
   326  6.52000000E+01  1.32358937E+00  1.01711985E+00  1.32358937E+00
   327  6.54000000E+01  1.32375527E+00  1.01776907E+00  1.32375527E+00
   328  6.56000000E+01  1.32391768E+00  1.01843795E+00  1.32391768E+00
   329  6.58000000E+01  1.32407666E+00  1.01912690E+00  1.32407666E+00
   330  6.60000000E+01  1.32424543E+00  1.01983632E+00  1.32424543E+00
   331  6.62000000E+01  1.32441254E+00  1.02056662E+00  1.32441254E+00
   332  6.64000000E+01  1.32457613E+00  1.02131820E+00  1.32457613E+00
   333  6.66000000E+01  1.32473627E+00  1.02209146E+00  1.32473627E+00
   334  6.68000000E+01  1.32489303E+00  1.02288678E+00  1.32489303E+00
   335  6.70000000E+01  1.32504646E+00  1.02370455E+00  1.32504646E+00
   336  6.72000000E+01  1.32519665E+00  1.02454515E+00  1.32519665E+00
   337  6.74000000E+01  1.32534365E+00  1.02540897E+00  1.32534365E+00
   338  6.76000000E+01  1.32548751E+00  1.02629637E+00  1.32548751E+00
   339  6.78000000E+01  1.32562831E+00  1.02720769E+00  1.32562831E+00
   340  6.80000000E+01  1.32576920E+00  1.02814331E+00  1.32576920E+00
   341  6.82000000E+01  1.32591727E+00  1.02910355E+00  1.32591727E+00
   342  6.84000000E+01  1.32606219E+00  1.03008873E+00  1.32606219E+00
   343  6.86000000E+01  1.32620403E+00  1.03109918E+00  1.32620403E+00
   344  6.88000000E+01  1.32634284E+00  1.03213520E+00  1.32634284E+00
   345  6.90000000E+01  1.32647868E+00  1.03319706E+00  1.32647868E+00
   346  6.92000000E+01  1.32661161E+00  1.03428504E+00  1.32661161E+00
   347  6.94000000E+01  1.32674170E+00  1.03539939E+00  1.32674170E+00
   348  6.96000000E+01  1.32686898E+00  1.03654034E+00  1.32686898E+00
   349  6.98000000E+01  1.32699353E+00  1.03770811E+00  1.32699353E+00
   350  7.00000000E+01  1.32711539E+00  1.03890289E+00  1.32711539E+00
   351  7.02000000E+01  1.32724084E+00  1.04012485E+00  1.32724084E+00
   352  7.04000000E+01  1.32736909E+00  1.04137413E+00  1.32736909E+00
   353  7.06000000E+01  1.32749459E+00  1.04265085E+00  1.32749459E+00
   354  7.08000000E+01  1.32761738E+00  1.04395512E+00  1.32761738E+00
   355  7.10000000E+01  1.32773752E+00  1.04528700E+00  1.32773752E+00
   356  7.12000000E+01  1.32785507E+00  1.04664652E+00  1.32785507E+00
   357  7.14000000E+01  1.32797006E+00  1.04803371E+00  1.32797006E+00
   358  7.16000000E+01  1.32808257E+00  1.04944853E+00  1.32808257E+00
   359  7.18000000E+01  1.32819263E+00  1.05089093E+00  1.32819263E+00
   360  7.20000000E+01  1.32830030E+00  1.05236083E+00  1.32830030E+00
   361  7.22000000E+01  1.32840562E+00  1.05385810E+00  1.32840562E+00
   362  7.24000000E+01  1.32851578E+00  1.05538259E+00  1.32851578E+00
   363  7.26000000E+01  1.32862669E+00  1.05693410E+00  1.32862669E+00
   364  7.28000000E+01  1.32873518E+00  1.05851241E+00  1.32873518E+00
   365  7.30000000E+01  1.32884131E+00  1.06011725E+00  1.32884131E+00
   366  7.32000000E+01  1.32894513E+00  1.06174831E+00  1.32894513E+00
   367  7.34000000E+01  1.32904668E+00  1.06340524E+00  1.32904668E+00
   368  7.36000000E+01  1.32914600E+00  1.06508767E+00  1.32914600E+00
   369  7.38000000E+01  1.32924315E+00  1.06679517E+00  1.32924315E+00
   370  7.40000000E+01  1.32933817E+00  1.06852728E+00  1.32933817E+00
   371  7.42000000E+01  1.32943110E+00  1.07028349E+00  1.32943110E+00
   372  7.44000000E+01  1.32952199E+00  1.07206326E+00  1.32952199E+00
   373  7.46000000E+01  1.32961772E+00  1.07386600E+00  1.32961772E+00
   374  7.48000000E+01  1.32971349E+00  1.07569110E+00  1.32971349E+00
   375  7.50000000E+01  1.32980715E+00  1.07753789E+00  1.32980715E+00
   376  7.52000000E+01  1.32989876E+00  1.07940567E+00  1.32989876E+00
   377  7.54000000E+01  1.32998835E+00  1.08129371E+00  1.32998835E+00
   378  7.56000000E+01  1.33007596E+00  1.08320122E+00  1.33007596E+00
   379  7.58000000E+01  1.33016163E+00  1.08512741E+00  1.33016163E+00
   380  7.60000000E+01  1.33024541E+00  1.08707142E+00  1.33024541E+00
   381  7.62000000E+01  1.33032734E+00  1.08903239E+00  1.33032734E+00
   382  7.64000000E+01  1.33040744E+00  1.09100941E+00  1.33040744E+00
   383  7.66000000E+01  1.33048577E+00  1.09300153E+00  1.33048577E+00
   384  7.68000000E+01  1.33056652E+00  1.09500779E+00  1.33056652E+00
   385  7.70000000E+01  1.33064909E+00  1.09702721E+00  1.33064909E+00
   386  7.72000000E+01  1.33072984E+00  1.09905877E+00  1.33072984E+00
   387  7.74000000E+01  1.33080879E+00  1.10110142E+00  1.33080879E+00
   388  7.76000000E+01  1.33088598E+00  1.10315412E+00  1.33088598E+00
   389  7.78000000E+01  1.33096145E+00  1.10521579E+00  1.33096145E+00
   390  7.80000000E+01  1.33103525E+00  1.10728534E+00  1.33103525E+00
   391  7.82000000E+01  1.33110739E+00  1.10936167E+00  1.33110739E+00
   392  7.84000000E+01  1.33117792E+00  1.11144367E+00  1.33117792E+00
   393  7.86000000E+01  1.33124687E+00  1.11353021E+00  1.33124687E+00
   394  7.88000000E+01  1.33131428E+00  1.11562019E+00  1.33131428E+00
   395  7.90000000E+01  1.33138156E+00  1.11771246E+00  1.33138156E+00
   396  7.92000000E+01  1.33145267E+00  1.11980592E+00  1.33145267E+00
   397  7.94000000E+01  1.33152219E+00  1.12189945E+00  1.33152219E+00
   398  7.96000000E+01  1.33159015E+00  1.12399194E+00  1.33159015E+00
   399  7.98000000E+01  1.33165659E+00  1.12608231E+00  1.33165659E+00
   400  8.00000000E+01  1.33172153E+00  1.12816947E+00  1.33172153E+00
   401  8.02000000E+01  1.33178501E+00  1.13025237E+00  1.33178501E+00
   402  8.04000000E+01  1.33184706E+00  1.13232998E+00  1.33184706E+00
   403  8.06000000E+01  1.33190771E+00  1.13440128E+00  1.33190771E+00
   404  8.08000000E+01  1.33196700E+00  1.13646528E+00  1.33196700E+00
   405  8.10000000E+01  1.33202494E+00  1.13852105E+00  1.33202494E+00
   406  8.12000000E+01  1.33208157E+00  1.14056765E+00  1.33208157E+00
   407  8.14000000E+01  1.33214011E+00  1.14260421E+00  1.33214011E+00
   408  8.16000000E+01  1.33219988E+00  1.14462987E+00  1.33219988E+00
   409  8.18000000E+01  1.33225830E+00  1.14664382E+00  1.33225830E+00
   410  8.20000000E+01  1.33231540E+00  1.14864531E+00  1.33231540E+00
   411  8.22000000E+01  1.33237120E+00  1.15063360E+00  1.33237120E+00
   412  8.24000000E+01  1.33242574E+00  1.15260802E+00  1.33242574E+00
   413  8.26000000E+01  1.33247904E+00  1.15456796E+00  1.33247904E+00
   414  8.28000000E+01  1.33253113E+00  1.15651285E+00  1.33253113E+00
   415  8.30000000E+01  1.33258203E+00  1.15844219E+00  1.33258203E+00
   416  8.32000000E+01  1.33263177E+00  1.16035553E+00  1.33263177E+00
   417  8.34000000E+01  1.33268038E+00  1.16225250E+00  1.33268038E+00
   418  8.36000000E+01  1.33272788E+00  1.16413282E+00  1.33272788E+00
   419  8.38000000E+01  1.33277843E+00  1.16599627E+00  1.33277843E+00
   420  8.40000000E+01  1.33282860E+00  1.16784272E+00  1.33282860E+00
   421  8.42000000E+01  1.33287762E+00  1.16967215E+00  1.33287762E+00
   422  8.44000000E+01  1.33292552E+00  1.17148461E+00  1.33292552E+00
   423  8.46000000E+01  1.33297233E+00  1.17328027E+00  1.33297233E+00
   424  8.48000000E+01  1.33301807E+00  1.17505940E+00  1.33301807E+00
   425  8.50000000E+01  1.33306275E+00  1.17682235E+00  1.33306275E+00
   426  8.52000000E+01  1.33310642E+00  1.17856959E+00  1.33310642E+00
   427  8.54000000E+01  1.33314908E+00  1.18030168E+00  1.33314908E+00
   428  8.56000000E+01  1.33319076E+00  1.18201928E+00  1.33319076E+00
   429  8.58000000E+01  1.33323148E+00  1.18372312E+00  1.33323148E+00
   430  8.60000000E+01  1.33327127E+00  1.18541402E+00  1.33327127E+00
   431  8.62000000E+01  1.33331387E+00  1.18709284E+00  1.33331387E+00
   432  8.64000000E+01  1.33335591E+00  1.18876052E+00  1.33335591E+00
   433  8.66000000E+01  1.33339698E+00  1.19041799E+00  1.33339698E+00
   434  8.68000000E+01  1.33343710E+00  1.19206625E+00  1.33343710E+00
   435  8.70000000E+01  1.33347630E+00  1.19370624E+00  1.33347630E+00
   436  8.72000000E+01  1.33351460E+00  1.19533893E+00  1.33351460E+00
   437  8.74000000E+01  1.33355201E+00  1.19696522E+00  1.33355201E+00
   438  8.76000000E+01  1.33358856E+00  1.19858597E+00  1.33358856E+00
   439  8.78000000E+01  1.33362426E+00  1.20020198E+00  1.33362426E+00
   440  8.80000000E+01  1.33365913E+00  1.20181395E+00  1.33365913E+00
   441  8.82000000E+01  1.33369320E+00  1.20342248E+00  1.33369320E+00
   442  8.84000000E+01  1.33372647E+00  1.20502808E+00  1.33372647E+00
   443  8.86000000E+01  1.33376123E+00  1.20663112E+00  1.33376123E+00
   444  8.88000000E+01  1.33379641E+00  1.20823188E+00  1.33379641E+00
   445  8.90000000E+01  1.33383077E+00  1.20983050E+00  1.33383077E+00
   446  8.92000000E+01  1.33386434E+00  1.21142700E+00  1.33386434E+00
   447  8.94000000E+01  1.33389713E+00  1.21302129E+00  1.33389713E+00
   448  8.96000000E+01  1.33392916E+00  1.21461315E+00  1.33392916E+00
   449  8.98000000E+01  1.33396044E+00  1.21620229E+00  1.33396044E+00
   450  9.00000000E+01  1.33399099E+00  1.21778829E+00  1.33399099E+00
   451  9.02000000E+01  1.33402083E+00  1.21937069E+00  1.33402083E+00
   452  9.04000000E+01  1.33404998E+00  1.22094891E+00  1.33404998E+00
   453  9.06000000E+01  1.33407845E+00  1.22252237E+00  1.33407845E+00
   454  9.08000000E+01  1.33410625E+00  1.22409042E+00  1.33410625E+00
   455  9.10000000E+01  1.33413340E+00  1.22565237E+00  1.33413340E+00
   456  9.12000000E+01  1.33416200E+00  1.22720756E+00  1.33416200E+00
   457  9.14000000E+01  1.33419072E+00  1.22875529E+00  1.33419072E+00
   458  9.16000000E+01  1.33421876E+00  1.23029489E+00  1.33421876E+00
   459  9.18000000E+01  1.33424615E+00  1.23182570E+00  1.33424615E+00
   460  9.20000000E+01  1.33427290E+00  1.23334710E+00  1.33427290E+00
   461  9.22000000E+01  1.33429902E+00  1.23485850E+00  1.33429902E+00
   462  9.24000000E+01  1.33432453E+00  1.23635935E+00  1.33432453E+00
   463  9.26000000E+01  1.33434944E+00  1.23784915E+00  1.33434944E+00
   464  9.28000000E+01  1.33437377E+00  1.23932744E+00  1.33437377E+00
   465  9.30000000E+01  1.33439753E+00  1.24079381E+00  1.33439753E+00
   466  9.32000000E+01  1.33442072E+00  1.24224789E+00  1.33442072E+00
   467  9.34000000E+01  1.33444338E+00  1.24368937E+00  1.33444338E+00
   468  9.36000000E+01  1.33446549E+00  1.24511797E+00  1.33446549E+00
   469  9.38000000E+01  1.33448825E+00  1.24653345E+00  1.33448825E+00
   470  9.40000000E+01  1.33451166E+00  1.24793561E+00  1.33451166E+00
   471  9.42000000E+01  1.33453452E+00  1.24932427E+00  1.33453452E+00
   472  9.44000000E+01  1.33455683E+00  1.25069928E+00  1.33455683E+00
   473  9.46000000E+01  1.33457863E+00  1.25206052E+00  1.33457863E+00
   474  9.48000000E+01  1.33459990E+00  1.25340788E+00  1.33459990E+00
   475  9.50000000E+01  1.33462068E+00  1.25474126E+00  1.33462068E+00
   476  9.52000000E+01  1.33464097E+00  1.25606059E+00  1.33464097E+00
   477  9.54000000E+01  1.33466077E+00  1.25736579E+00  1.33466077E+00
   478  9.56000000E+01  1.33468011E+00  1.25865679E+00  1.33468011E+00
   479  9.58000000E+01  1.33469899E+00  1.25993353E+00  1.33469899E+00
   480  9.60000000E+01  1.33471742E+00  1.26119595E+00  1.33471742E+00
   481  9.62000000E+01  1.33473542E+00  1.26244399E+00  1.33473542E+00
   482  9.64000000E+01  1.33475299E+00  1.26367760E+00  1.33475299E+00
   483  9.66000000E+01  1.33477124E+00  1.26489672E+00  1.33477124E+00
   484  9.68000000E+01  1.33478984E+00  1.26610131E+00  1.33478984E+00
   485  9.70000000E+01  1.33480800E+00  1.26729131E+00  1.33480800E+00
   486  9.72000000E+01  1.33482573E+00  1.26846669E+00  1.33482573E+00
   487  9.74000000E+01  1.33484303E+00  1.26962740E+00  1.33484303E+00
   488  9.76000000E+01  1.33485993E+00  1.27077341E+00  1.33485993E+00
   489  9.78000000E+01  1.33487642E+00  1.27190470E+00  1.33487642E+00
   490  9.80000000E+01  1.33489252E+00  1.27302125E+00  1.33489252E+00
   491  9.82000000E+01  1.33490824E+00  1.27412305E+00  1.33490824E+00
   492  9.84000000E+01  1.33492359E+00  1.27521009E+00  1.33492359E+00
   493  9.86000000E+01  1.33493857E+00  1.27628238E+00  1.33493857E+00
   494  9.88000000E+01  1.33495319E+00  1.27733993E+00  1.33495319E+00
   495  9.90000000E+01  1.33496746E+00  1.27838278E+00  1.33496746E+00
   496  9.92000000E+01  1.33498139E+00  1.27941096E+00  1.33498139E+00
   497  9.94000000E+01  1.33499512E+00  1.28042450E+00  1.33499512E+00
   498  9.96000000E+01  1.33500988E+00  1.28142347E+00  1.33500988E+00
   499  9.98000000E+01  1.33502429E+00  1.28240793E+00  1.33502429E+00
   500  1.00000000E+02  1.33503835E+00  1.28337794E+00  1.33503835E+00
   501  1.00200000E+02  1.33505207E+00  1.28433359E+00  1.33505207E+00
   502  1.00400000E+02  1.33506547E+00  1.28527495E+00  1.33506547E+00
   503  1.00600000E+02  1.33507855E+00  1.28620212E+00  1.33507855E+00
   504  1.00800000E+02  1.33509131E+00  1.28711520E+00  1.33509131E+00
   505  1.01000000E+02  1.33510377E+00  1.28801430E+00  1.33510377E+00
   506  1.01200000E+02  1.33511593E+00  1.28889951E+00  1.33511593E+00
   507  1.01400000E+02  1.33512780E+00  1.28977096E+00  1.33512780E+00
   508  1.01600000E+02  1.33513938E+00  1.29062875E+00  1.33513938E+00
   509  1.01800000E+02  1.33515068E+00  1.29147302E+00  1.33515068E+00
   510  1.02000000E+02  1.33516172E+00  1.29230389E+00  1.33516172E+00
   511  1.02200000E+02  1.33517249E+00  1.29312148E+00  1.33517249E+00
   512  1.02400000E+02  1.33518299E+00  1.29392592E+00  1.33518299E+00
   513  1.02600000E+02  1.33519352E+00  1.29471735E+00  1.33519352E+00
   514  1.02800000E+02  1.33520466E+00  1.29549589E+00  1.33520466E+00
   515  1.03000000E+02  1.33521552E+00  1.29626169E+00  1.33521552E+00
   516  1.03200000E+02  1.33522613E+00  1.29701488E+00  1.33522613E+00
   517  1.03400000E+02  1.33523648E+00  1.29775560E+00  1.33523648E+00
   518  1.03600000E+02  1.33524658E+00  1.29848400E+00  1.33524658E+00
   519  1.03800000E+02  1.33525644E+00  1.29920020E+00  1.33525644E+00
   520  1.04000000E+02  1.33526606E+00  1.29990436E+00  1.33526606E+00
   521  1.04200000E+02  1.33527545E+00  1.30059661E+00  1.33527545E+00
   522  1.04400000E+02  1.33528461E+00  1.30127711E+00  1.33528461E+00
   523  1.04600000E+02  1.33529355E+00  1.30194599E+00  1.33529355E+00
   524  1.04800000E+02  1.33530227E+00  1.30260339E+00  1.33530227E+00
   525  1.05000000E+02  1.33531078E+00  1.30324947E+00  1.33531078E+00
   526  1.05200000E+02  1.33531909E+00  1.30388436E+00  1.33531909E+00
   527  1.05400000E+02  1.33532720E+00  1.30450822E+00  1.33532720E+00
   528  1.05600000E+02  1.33533511E+00  1.30512118E+00  1.33533511E+00
   529  1.05800000E+02  1.33534282E+00  1.30572339E+00  1.33534282E+00
   530  1.06000000E+02  1.33535045E+00  1.30631499E+00  1.33535045E+00
   531  1.06200000E+02  1.33535864E+00  1.30689613E+00  1.33535864E+00
   532  1.06400000E+02  1.33536662E+00  1.30746695E+00  1.33536662E+00
   533  1.06600000E+02  1.33537441E+00  1.30802760E+00  1.33537441E+00
   534  1.06800000E+02  1.33538201E+00  1.30857820E+00  1.33538201E+00
   535  1.07000000E+02  1.33538943E+00  1.30911892E+00  1.33538943E+00
   536  1.07200000E+02  1.33539667E+00  1.30964988E+00  1.33539667E+00
   537  1.07400000E+02  1.33540373E+00  1.31017122E+00  1.33540373E+00
   538  1.07600000E+02  1.33541062E+00  1.31068309E+00  1.33541062E+00
   539  1.07800000E+02  1.33541734E+00  1.31118562E+00  1.33541734E+00
   540  1.08000000E+02  1.33542390E+00  1.31167895E+00  1.33542390E+00
   541  1.08200000E+02  1.33543030E+00  1.31216321E+00  1.33543030E+00
   542  1.08400000E+02  1.33543655E+00  1.31263855E+00  1.33543655E+00
   543  1.08600000E+02  1.33544264E+00  1.31310509E+00  1.33544264E+00
   544  1.08800000E+02  1.33544858E+00  1.31356296E+00  1.33544858E+00
   545  1.09000000E+02  1.33545438E+00  1.31401230E+00  1.33545438E+00
   546  1.09200000E+02  1.33546003E+00  1.31445325E+00  1.33546003E+00
   547  1.09400000E+02  1.33546555E+00  1.31488592E+00  1.33546555E+00
   548  1.09600000E+02  1.33547093E+00  1.31531045E+00  1.33547093E+00
   549  1.09800000E+02  1.33547619E+00  1.31572697E+00  1.33547619E+00
   550  1.10000000E+02  1.33548154E+00  1.31613559E+00  1.33548154E+00
   551  1.10200000E+02  1.33548711E+00  1.31653646E+00  1.33548711E+00
   552  1.10400000E+02  1.33549254E+00  1.31692968E+00  1.33549254E+00
   553  1.10600000E+02  1.33549784E+00  1.31731539E+00  1.33549784E+00
   554  1.10800000E+02  1.33550301E+00  1.31769370E+00  1.33550301E+00
   555  1.11000000E+02  1.33550806E+00  1.31806474E+00  1.33550806E+00
   556  1.11200000E+02  1.33551298E+00  1.31842862E+00  1.33551298E+00
   557  1.11400000E+02  1.33551778E+00  1.31878546E+00  1.33551778E+00
   558  1.11600000E+02  1.33552246E+00  1.31913538E+00  1.33552246E+00
   559  1.11800000E+02  1.33552703E+00  1.31947850E+00  1.33552703E+00
   560  1.12000000E+02  1.33553149E+00  1.31981492E+00  1.33553149E+00
   561  1.12200000E+02  1.33553583E+00  1.32014476E+00  1.33553583E+00
   562  1.12400000E+02  1.33554007E+00  1.32046814E+00  1.33554007E+00
   563  1.12600000E+02  1.33554421E+00  1.32078515E+00  1.33554421E+00
   564  1.12800000E+02  1.33554824E+00  1.32109592E+00  1.33554824E+00
   565  1.13000000E+02  1.33555218E+00  1.32140054E+00  1.33555218E+00
   566  1.13200000E+02  1.33555601E+00  1.32169913E+00  1.33555601E+00
   567  1.13400000E+02  1.33555976E+00  1.32199178E+00  1.33555976E+00
   568  1.13600000E+02  1.33556341E+00  1.32227861E+00  1.33556341E+00
   569  1.13800000E+02  1.33556697E+00  1.32255971E+00  1.33556697E+00
   570  1.14000000E+02  1.33557044E+00  1.32283518E+00  1.33557044E+00
   571  1.14200000E+02  1.33557383E+00  1.32310513E+00  1.33557383E+00
   572  1.14400000E+02  1.33557713E+00  1.32336966E+00  1.33557713E+00
   573  1.14600000E+02  1.33558037E+00  1.32362885E+00  1.33558037E+00
   574  1.14800000E+02  1.33558388E+00  1.32388281E+00  1.33558388E+00
   575  1.15000000E+02  1.33558730E+00  1.32413162E+00  1.33558730E+00
   576  1.15200000E+02  1.33559063E+00  1.32437539E+00  1.33559063E+00
   577  1.15400000E+02  1.33559389E+00  1.32461420E+00  1.33559389E+00
   578  1.15600000E+02  1.33559706E+00  1.32484814E+00  1.33559706E+00
   579  1.15800000E+02  1.33560015E+00  1.32507731E+00  1.33560015E+00
   580  1.16000000E+02  1.33560317E+00  1.32530179E+00  1.33560317E+00
   581  1.16200000E+02  1.33560612E+00  1.32552166E+00  1.33560612E+00
   582  1.16400000E+02  1.33560899E+00  1.32573701E+00  1.33560899E+00
   583  1.16600000E+02  1.33561179E+00  1.32594793E+00  1.33561179E+00
   584  1.16800000E+02  1.33561452E+00  1.32615450E+00  1.33561452E+00
   585  1.17000000E+02  1.33561718E+00  1.32635680E+00  1.33561718E+00
   586  1.17200000E+02  1.33561977E+00  1.32655491E+00  1.33561977E+00
   587  1.17400000E+02  1.33562231E+00  1.32674890E+00  1.33562231E+00
   588  1.17600000E+02  1.33562478E+00  1.32693886E+00  1.33562478E+00
   589  1.17800000E+02  1.33562718E+00  1.32712486E+00  1.33562718E+00
   590  1.18000000E+02  1.33562953E+00  1.32730698E+00  1.33562953E+00
   591  1.18200000E+02  1.33563182E+00  1.32748529E+00  1.33563182E+00
   592  1.18400000E+02  1.33563405E+00  1.32765987E+00  1.33563405E+00
   593  1.18600000E+02  1.33563623E+00  1.32783077E+00  1.33563623E+00
   594  1.18800000E+02  1.33563835E+00  1.32799809E+00  1.33563835E+00
   595  1.19000000E+02  1.33564042E+00  1.32816188E+00  1.33564042E+00
   596  1.19200000E+02  1.33564244E+00  1.32832221E+00  1.33564244E+00
   597  1.19400000E+02  1.33564441E+00  1.32847915E+00  1.33564441E+00
   598  1.19600000E+02  1.33564633E+00  1.32863276E+00  1.33564633E+00
   599  1.19800000E+02  1.33564820E+00  1.32878312E+00  1.33564820E+00
   600  1.20000000E+02  1.33565002E+00  1.32893028E+00  1.33565002E+00
   601  1.20200000E+02  1.33565180E+00  1.32907430E+00  1.33565180E+00
   602  1.20400000E+02  1.33565354E+00  1.32921525E+00  1.33565354E+00
   603  1.20600000E+02  1.33565523E+00  1.32935319E+00  1.33565523E+00
   604  1.20800000E+02  1.33565688E+00  1.32948818E+00  1.33565688E+00
   605  1.21000000E+02  1.33565849E+00  1.32962027E+00  1.33565849E+00
   606  1.21200000E+02  1.33566005E+00  1.32974953E+00  1.33566005E+00
   607  1.21400000E+02  1.33566158E+00  1.32987601E+00  1.33566158E+00
   608  1.21600000E+02  1.33566323E+00  1.32999976E+00  1.33566323E+00
   609  1.21800000E+02  1.33566485E+00  1.33012084E+00  1.33566485E+00
   610  1.22000000E+02  1.33566643E+00  1.33023930E+00  1.33566643E+00
   611  1.22200000E+02  1.33566798E+00  1.33035519E+00  1.33566798E+00
   612  1.22400000E+02  1.33566948E+00  1.33046858E+00  1.33566948E+00
   613  1.22600000E+02  1.33567095E+00  1.33057950E+00  1.33567095E+00
   614  1.22800000E+02  1.33567238E+00  1.33068800E+00  1.33567238E+00
   615  1.23000000E+02  1.33567377E+00  1.33079414E+00  1.33567377E+00
   616  1.23200000E+02  1.33567513E+00  1.33089797E+00  1.33567513E+00
   617  1.23400000E+02  1.33567646E+00  1.33099952E+00  1.33567646E+00
   618  1.23600000E+02  1.33567775E+00  1.33109886E+00  1.33567775E+00
   619  1.23800000E+02  1.33567901E+00  1.33119601E+00  1.33567901E+00
   620  1.24000000E+02  1.33568023E+00  1.33129103E+00  1.33568023E+00
   621  1.24200000E+02  1.33568143E+00  1.33138396E+00  1.33568143E+00
   622  1.24400000E+02  1.33568260E+00  1.33147485E+00  1.33568260E+00
   623  1.24600000E+02  1.33568373E+00  1.33156373E+00  1.33568373E+00
   624  1.24800000E+02  1.33568484E+00  1.33165065E+00  1.33568484E+00
   625  1.25000000E+02  1.33568592E+00  1.33173564E+00  1.33568592E+00
   626  1.25200000E+02  1.33568698E+00  1.33181875E+00  1.33568698E+00
   627  1.25400000E+02  1.33568800E+00  1.33190002E+00  1.33568800E+00
   628  1.25600000E+02  1.33568901E+00  1.33197948E+00  1.33568901E+00
   629  1.25800000E+02  1.33568998E+00  1.33205718E+00  1.33568998E+00
   630  1.26000000E+02  1.33569093E+00  1.33213314E+00  1.33569093E+00
   631  1.26200000E+02  1.33569186E+00  1.33220741E+00  1.33569186E+00
   632  1.26400000E+02  1.33569276E+00  1.33228002E+00  1.33569276E+00
   633  1.26600000E+02  1.33569364E+00  1.33235100E+00  1.33569364E+00
   634  1.26800000E+02  1.33569450E+00  1.33242040E+00  1.33569450E+00
   635  1.27000000E+02  1.33569534E+00  1.33248824E+00  1.33569534E+00
   636  1.27200000E+02  1.33569616E+00  1.33255456E+00  1.33569616E+00
   637  1.27400000E+02  1.33569695E+00  1.33261938E+00  1.33569695E+00
   638  1.27600000E+02  1.33569773E+00  1.33268275E+00  1.33569773E+00
   639  1.27800000E+02  1.33569848E+00  1.33274469E+00  1.33569848E+00
   640  1.28000000E+02  1.33569922E+00  1.33280523E+00  1.33569922E+00
   641  1.28200000E+02  1.33569994E+00  1.33286440E+00  1.33569994E+00
   642  1.28400000E+02  1.33570064E+00  1.33292223E+00  1.33570064E+00
   643  1.28600000E+02  1.33570132E+00  1.33297876E+00  1.33570132E+00
   644  1.28800000E+02  1.33570198E+00  1.33303400E+00  1.33570198E+00
   645  1.29000000E+02  1.33570263E+00  1.33308798E+00  1.33570263E+00
   646  1.29200000E+02  1.33570326E+00  1.33314074E+00  1.33570326E+00
   647  1.29400000E+02  1.33570388E+00  1.33319230E+00  1.33570388E+00
   648  1.29600000E+02  1.33570448E+00  1.33324269E+00  1.33570448E+00
   649  1.29800000E+02  1.33570506E+00  1.33329192E+00  1.33570506E+00
   650  1.30000000E+02  1.33570563E+00  1.33334003E+00  1.33570563E+00
   651  1.30200000E+02  1.33570619E+00  1.33338704E+00  1.33570619E+00
   652  1.30400000E+02  1.33570673E+00  1.33343298E+00  1.33570673E+00
   653  1.30600000E+02  1.33570725E+00  1.33347786E+00  1.33570725E+00
   654  1.30800000E+02  1.33570777E+00  1.33352171E+00  1.33570777E+00
   655  1.31000000E+02  1.33570827E+00  1.33356456E+00  1.33570827E+00
   656  1.31200000E+02  1.33570876E+00  1.33360642E+00  1.33570876E+00
   657  1.31400000E+02  1.33570923E+00  1.33364732E+00  1.33570923E+00
   658  1.31600000E+02  1.33570970E+00  1.33368727E+00  1.33570970E+00
   659  1.31800000E+02  1.33571015E+00  1.33372631E+00  1.33571015E+00
   660  1.32000000E+02  1.33571059E+00  1.33376444E+00  1.33571059E+00
   661  1.32200000E+02  1.33571102E+00  1.33380169E+00  1.33571102E+00
   662  1.32400000E+02  1.33571144E+00  1.33383809E+00  1.33571144E+00
   663  1.32600000E+02  1.33571184E+00  1.33387363E+00  1.33571184E+00
   664  1.32800000E+02  1.33571224E+00  1.33390836E+00  1.33571224E+00
   665  1.33000000E+02  1.33571263E+00  1.33394228E+00  1.33571263E+00
   666  1.33200000E+02  1.33571300E+00  1.33397541E+00  1.33571300E+00
   667  1.33400000E+02  1.33571337E+00  1.33400778E+00  1.33571337E+00
   668  1.33600000E+02  1.33571373E+00  1.33403939E+00  1.33571373E+00
   669  1.33800000E+02  1.33571408E+00  1.33407026E+00  1.33571408E+00
   670  1.34000000E+02  1.33571442E+00  1.33410042E+00  1.33571442E+00
   671  1.34200000E+02  1.33571475E+00  1.33412987E+00  1.33571475E+00
   672  1.34400000E+02  1.33571507E+00  1.33415863E+00  1.33571507E+00
   673  1.34600000E+02  1.33571539E+00  1.33418673E+00  1.33571539E+00
   674  1.34800000E+02  1.33571569E+00  1.33421416E+00  1.33571569E+00
   675  1.35000000E+02  1.33571599E+00  1.33424096E+00  1.33571599E+00
   676  1.35200000E+02  1.33571628E+00  1.33426713E+00  1.33571628E+00
   677  1.35400000E+02  1.33571657E+00  1.33429268E+00  1.33571657E+00
   678  1.35600000E+02  1.33571684E+00  1.33431763E+00  1.33571684E+00
   679  1.35800000E+02  1.33571711E+00  1.33434200E+00  1.33571711E+00
   680  1.36000000E+02  1.33571737E+00  1.33436580E+00  1.33571737E+00
   681  1.36200000E+02  1.33571763E+00  1.33438903E+00  1.33571763E+00
   682  1.36400000E+02  1.33571788E+00  1.33441172E+00  1.33571788E+00
   683  1.36600000E+02  1.33571812E+00  1.33443388E+00  1.33571812E+00
   684  1.36800000E+02  1.33571836E+00  1.33445551E+00  1.33571836E+00
   685  1.37000000E+02  1.33571859E+00  1.33447663E+00  1.33571859E+00
   686  1.37200000E+02  1.33571881E+00  1.33449726E+00  1.33571881E+00
   687  1.37400000E+02  1.33571903E+00  1.33451740E+00  1.33571903E+00
   688  1.37600000E+02  1.33571924E+00  1.33453706E+00  1.33571924E+00
   689  1.37800000E+02  1.33571945E+00  1.33455625E+00  1.33571945E+00
   690  1.38000000E+02  1.33571965E+00  1.33457499E+00  1.33571965E+00
   691  1.38200000E+02  1.33571985E+00  1.33459329E+00  1.33571985E+00
   692  1.38400000E+02  1.33572004E+00  1.33461115E+00  1.33572004E+00
   693  1.38600000E+02  1.33572023E+00  1.33462859E+00  1.33572023E+00
   694  1.38800000E+02  1.33572041E+00  1.33464562E+00  1.33572041E+00
   695  1.39000000E+02  1.33572061E+00  1.33466224E+00  1.33572061E+00
   696  1.39200000E+02  1.33572081E+00  1.33467847E+00  1.33572081E+00
   697  1.39400000E+02  1.33572100E+00  1.33469431E+00  1.33572100E+00
   698  1.39600000E+02  1.33572118E+00  1.33470977E+00  1.33572118E+00
   699  1.39800000E+02  1.33572136E+00  1.33472486E+00  1.33572136E+00
   700  1.40000000E+02  1.33572153E+00  1.33473960E+00  1.33572153E+00
   701  1.40200000E+02  1.33572170E+00  1.33475398E+00  1.33572170E+00
   702  1.40400000E+02  1.33572187E+00  1.33476802E+00  1.33572187E+00
   703  1.40600000E+02  1.33572203E+00  1.33478172E+00  1.33572203E+00
   704  1.40800000E+02  1.33572219E+00  1.33479510E+00  1.33572219E+00
   705  1.41000000E+02  1.33572234E+00  1.33480815E+00  1.33572234E+00
   706  1.41200000E+02  1.33572249E+00  1.33482090E+00  1.33572249E+00
   707  1.41400000E+02  1.33572264E+00  1.33483334E+00  1.33572264E+00
   708  1.41600000E+02  1.33572278E+00  1.33484548E+00  1.33572278E+00
   709  1.41800000E+02  1.33572292E+00  1.33485732E+00  1.33572292E+00
   710  1.42000000E+02  1.33572305E+00  1.33486889E+00  1.33572305E+00
   711  1.42200000E+02  1.33572318E+00  1.33488018E+00  1.33572318E+00
   712  1.42400000E+02  1.33572331E+00  1.33489119E+00  1.33572331E+00
   713  1.42600000E+02  1.33572344E+00  1.33490194E+00  1.33572344E+00
   714  1.42800000E+02  1.33572356E+00  1.33491243E+00  1.33572356E+00
   715  1.43000000E+02  1.33572368E+00  1.33492267E+00  1.33572368E+00
   716  1.43200000E+02  1.33572379E+00  1.33493267E+00  1.33572379E+00
   717  1.43400000E+02  1.33572390E+00  1.33494242E+00  1.33572390E+00
   718  1.43600000E+02  1.33572401E+00  1.33495193E+00  1.33572401E+00
   719  1.43800000E+02  1.33572412E+00  1.33496122E+00  1.33572412E+00
   720  1.44000000E+02  1.33572422E+00  1.33497028E+00  1.33572422E+00
   721  1.44200000E+02  1.33572432E+00  1.33497913E+00  1.33572432E+00
   722  1.44400000E+02  1.33572442E+00  1.33498776E+00  1.33572442E+00
   723  1.44600000E+02  1.33572452E+00  1.33499618E+00  1.33572452E+00
   724  1.44800000E+02  1.33572461E+00  1.33500440E+00  1.33572461E+00
 steady-height stop at step    724: truncated to 3 decimals, truncated max/end/ratio =       1335      1335      1335, max/end/ratio =   1.33572461E+00  1.33500440E+00  1.33572461E+00
