 comppar: model =   2
 comppar: lambda,mobility/eps,betav,eta_0 =  3.0000E+00  0.0000E+00  6.0000E-01  1.0000E+00
 comppar: eta_s,eta_p,G =  6.0000E-01  4.0000E-01  1.3333E-01
 comppar: U_avg,deltat,flowrate,nsteps =  1.0000E-01  2.0000E-01  3.1416E-01    2000
 comppar: geometry = axisymmetric
 comppar: steady stop change,gap,hold,min =  1.0000E-07  1.0000E-03       1      80
 comppar: steady stop truncated decimals =       3
 comppar: ncompc,ncompg =     4     5
 mesh nnodes = 5797
 mesh nelem = 2796
 P1 BC   5.0000000000000000     
 P2 BC   0.0000000000000000     
     1  2.00000000E-01  1.00253072E+00  1.00000000E+00  1.00253072E+00
     2  4.00000000E-01  1.00502484E+00  1.00000000E+00  1.00502484E+00
     3  6.00000000E-01  1.00747963E+00  1.00000000E+00  1.00747963E+00
     4  8.00000000E-01  1.00989371E+00  1.00000000E+00  1.00989371E+00
     5  1.00000000E+00  1.01227066E+00  1.00000000E+00  1.01227066E+00
     6  1.20000000E+00  1.01460810E+00  1.00000000E+00  1.01460810E+00
     7  1.40000000E+00  1.01690278E+00  1.00000000E+00  1.01690278E+00
     8  1.60000000E+00  1.01917063E+00  1.00000000E+00  1.01917063E+00
     9  1.80000000E+00  1.02139772E+00  1.00000000E+00  1.02139772E+00
    10  2.00000000E+00  1.02359772E+00  1.00000000E+00  1.02359772E+00
    11  2.20000000E+00  1.02577094E+00  1.00000000E+00  1.02577094E+00
    12  2.40000000E+00  1.02791310E+00  1.00000000E+00  1.02791310E+00
    13  2.60000000E+00  1.03003759E+00  1.00000001E+00  1.03003759E+00
    14  2.80000000E+00  1.03213827E+00  1.00000001E+00  1.03213827E+00
    15  3.00000000E+00  1.03422063E+00  1.00000001E+00  1.03422063E+00
    16  3.20000000E+00  1.03628931E+00  1.00000001E+00  1.03628931E+00
    17  3.40000000E+00  1.03832183E+00  1.00000001E+00  1.03832183E+00
    18  3.60000000E+00  1.04037408E+00  1.00000001E+00  1.04037408E+00
    19  3.80000000E+00  1.04238417E+00  1.00000000E+00  1.04238417E+00
    20  4.00000000E+00  1.04439999E+00  1.00000000E+00  1.04439999E+00
    21  4.20000000E+00  1.04640240E+00  1.00000000E+00  1.04640240E+00
    22  4.40000000E+00  1.04836328E+00  1.00000000E+00  1.04836328E+00
    23  4.60000000E+00  1.05036065E+00  9.99999999E-01  1.05036065E+00
    24  4.80000000E+00  1.05233030E+00  9.99999996E-01  1.05233030E+00
    25  5.00000000E+00  1.05425924E+00  9.99999993E-01  1.05425924E+00
    26  5.20000000E+00  1.05623301E+00  9.99999990E-01  1.05623301E+00
    27  5.40000000E+00  1.05817436E+00  9.99999985E-01  1.05817436E+00
    28  5.60000000E+00  1.06007524E+00  9.99999981E-01  1.06007524E+00
    29  5.80000000E+00  1.06198871E+00  9.99999975E-01  1.06198871E+00
    30  6.00000000E+00  1.06391495E+00  9.99999969E-01  1.06391495E+00
    31  6.20000000E+00  1.06580107E+00  9.99999962E-01  1.06580107E+00
    32  6.40000000E+00  1.06764563E+00  9.99999954E-01  1.06764563E+00
    33  6.60000000E+00  1.06955105E+00  9.99999945E-01  1.06955105E+00
    34  6.80000000E+00  1.07142122E+00  9.99999935E-01  1.07142122E+00
    35  7.00000000E+00  1.07324976E+00  9.99999924E-01  1.07324976E+00
    36  7.20000000E+00  1.07504086E+00  9.99999912E-01  1.07504086E+00
    37  7.40000000E+00  1.07690708E+00  9.99999899E-01  1.07690708E+00
    38  7.60000000E+00  1.07873179E+00  9.99999884E-01  1.07873179E+00
    39  7.80000000E+00  1.08051394E+00  9.99999868E-01  1.08051394E+00
    40  8.00000000E+00  1.08225273E+00  9.99999850E-01  1.08225273E+00
    41  8.20000000E+00  1.08406380E+00  9.99999831E-01  1.08406380E+00
    42  8.40000000E+00  1.08583938E+00  9.99999810E-01  1.08583938E+00
    43  8.60000000E+00  1.08757167E+00  9.99999787E-01  1.08757167E+00
    44  8.80000000E+00  1.08926022E+00  9.99999763E-01  1.08926022E+00
    45  9.00000000E+00  1.09095507E+00  9.99999736E-01  1.09095507E+00
    46  9.20000000E+00  1.09269418E+00  9.99999708E-01  1.09269418E+00
    47  9.40000000E+00  1.09438982E+00  9.99999677E-01  1.09438982E+00
    48  9.60000000E+00  1.09604178E+00  9.99999643E-01  1.09604178E+00
    49  9.80000000E+00  1.09765011E+00  9.99999608E-01  1.09765011E+00
    50  1.00000000E+01  1.09928298E+00  9.99999569E-01  1.09928298E+00
    51  1.02000000E+01  1.10093805E+00  9.99999528E-01  1.10093805E+00
    52  1.04000000E+01  1.10254967E+00  9.99999484E-01  1.10254967E+00
    53  1.06000000E+01  1.10411816E+00  9.99999437E-01  1.10411816E+00
    54  1.08000000E+01  1.10564422E+00  9.99999386E-01  1.10564422E+00
    55  1.10000000E+01  1.10713945E+00  9.99999332E-01  1.10713945E+00
    56  1.12000000E+01  1.10872518E+00  9.99999275E-01  1.10872518E+00
    57  1.14000000E+01  1.11026846E+00  9.99999214E-01  1.11026846E+00
    58  1.16000000E+01  1.11177024E+00  9.99999148E-01  1.11177024E+00
    59  1.18000000E+01  1.11323184E+00  9.99999079E-01  1.11323184E+00
    60  1.20000000E+01  1.11465506E+00  9.99999005E-01  1.11465506E+00
    61  1.22000000E+01  1.11607843E+00  9.99998927E-01  1.11607843E+00
    62  1.24000000E+01  1.11755214E+00  9.99998844E-01  1.11755214E+00
    63  1.26000000E+01  1.11898687E+00  9.99998756E-01  1.11898687E+00
    64  1.28000000E+01  1.12038467E+00  9.99998663E-01  1.12038467E+00
    65  1.30000000E+01  1.12174805E+00  9.99998564E-01  1.12174805E+00
    66  1.32000000E+01  1.12307990E+00  9.99998459E-01  1.12307990E+00
    67  1.34000000E+01  1.12438334E+00  9.99998349E-01  1.12438334E+00
    68  1.36000000E+01  1.12574199E+00  9.99998232E-01  1.12574199E+00
    69  1.38000000E+01  1.12709427E+00  9.99998108E-01  1.12709427E+00
    70  1.40000000E+01  1.12841625E+00  9.99997978E-01  1.12841625E+00
    71  1.42000000E+01  1.12971087E+00  9.99997841E-01  1.12971087E+00
    72  1.44000000E+01  1.13098106E+00  9.99997696E-01  1.13098106E+00
    73  1.46000000E+01  1.13222945E+00  9.99997543E-01  1.13222945E+00
    74  1.48000000E+01  1.13345828E+00  9.99997382E-01  1.13345828E+00
    75  1.50000000E+01  1.13466916E+00  9.99997212E-01  1.13466916E+00
    76  1.52000000E+01  1.13589000E+00  9.99997034E-01  1.13589000E+00
    77  1.54000000E+01  1.13712809E+00  9.99996846E-01  1.13712809E+00
    78  1.56000000E+01  1.13834756E+00  9.99996649E-01  1.13834756E+00
    79  1.58000000E+01  1.13954972E+00  9.99996441E-01  1.13954972E+00
    80  1.60000000E+01  1.14073514E+00  9.99996223E-01  1.14073514E+00
    81  1.62000000E+01  1.14190360E+00  9.99995995E-01  1.14190360E+00
    82  1.64000000E+01  1.14305417E+00  9.99995754E-01  1.14305417E+00
    83  1.66000000E+01  1.14418535E+00  9.99995503E-01  1.14418535E+00
    84  1.68000000E+01  1.14529519E+00  9.99995238E-01  1.14529519E+00
    85  1.70000000E+01  1.14638175E+00  9.99994961E-01  1.14638175E+00
    86  1.72000000E+01  1.14751934E+00  9.99994671E-01  1.14751934E+00
    87  1.74000000E+01  1.14863669E+00  9.99994367E-01  1.14863669E+00
    88  1.76000000E+01  1.14973200E+00  9.99994049E-01  1.14973200E+00
    89  1.78000000E+01  1.15080337E+00  9.99993716E-01  1.15080337E+00
    90  1.80000000E+01  1.15184887E+00  9.99993367E-01  1.15184887E+00
    91  1.82000000E+01  1.15286674E+00  9.99993003E-01  1.15286674E+00
    92  1.84000000E+01  1.15385550E+00  9.99992622E-01  1.15385550E+00
    93  1.86000000E+01  1.15486222E+00  9.99992223E-01  1.15486222E+00
    94  1.88000000E+01  1.15589431E+00  9.99991807E-01  1.15589431E+00
    95  1.90000000E+01  1.15689789E+00  9.99991373E-01  1.15689789E+00
    96  1.92000000E+01  1.15787163E+00  9.99990919E-01  1.15787163E+00
    97  1.94000000E+01  1.15881456E+00  9.99990446E-01  1.15881456E+00
    98  1.96000000E+01  1.15972616E+00  9.99989952E-01  1.15972616E+00
    99  1.98000000E+01  1.16060630E+00  9.99989437E-01  1.16060630E+00
   100  2.00000000E+01  1.16152882E+00  9.99988900E-01  1.16152882E+00
   101  2.02000000E+01  1.16245657E+00  9.99988340E-01  1.16245657E+00
   102  2.04000000E+01  1.16335330E+00  9.99987757E-01  1.16335330E+00
   103  2.06000000E+01  1.16421893E+00  9.99987150E-01  1.16421893E+00
   104  2.08000000E+01  1.16505369E+00  9.99986517E-01  1.16505369E+00
   105  2.10000000E+01  1.16585810E+00  9.99985859E-01  1.16585810E+00
   106  2.12000000E+01  1.16666689E+00  9.99985175E-01  1.16666689E+00
   107  2.14000000E+01  1.16751640E+00  9.99984463E-01  1.16751640E+00
   108  2.16000000E+01  1.16833519E+00  9.99983722E-01  1.16833519E+00
   109  2.18000000E+01  1.16912396E+00  9.99982953E-01  1.16912396E+00
   110  2.20000000E+01  1.16988354E+00  9.99982153E-01  1.16988354E+00
   111  2.22000000E+01  1.17061492E+00  9.99981323E-01  1.17061492E+00
   112  2.24000000E+01  1.17131911E+00  9.99980460E-01  1.17131911E+00
   113  2.26000000E+01  1.17208098E+00  9.99979565E-01  1.17208098E+00
   114  2.28000000E+01  1.17282732E+00  9.99978636E-01  1.17282732E+00
   115  2.30000000E+01  1.17354573E+00  9.99977673E-01  1.17354573E+00
   116  2.32000000E+01  1.17423722E+00  9.99976673E-01  1.17423722E+00
   117  2.34000000E+01  1.17490278E+00  9.99975638E-01  1.17490278E+00
   118  2.36000000E+01  1.17554336E+00  9.99974564E-01  1.17554336E+00
   119  2.38000000E+01  1.17620098E+00  9.99973452E-01  1.17620098E+00
   120  2.40000000E+01  1.17687890E+00  9.99972300E-01  1.17687890E+00
   121  2.42000000E+01  1.17753146E+00  9.99971108E-01  1.17753146E+00
   122  2.44000000E+01  1.17815958E+00  9.99969874E-01  1.17815958E+00
   123  2.46000000E+01  1.17876411E+00  9.99968598E-01  1.17876411E+00
   124  2.48000000E+01  1.17934581E+00  9.99967278E-01  1.17934581E+00
   125  2.50000000E+01  1.17991226E+00  9.99965913E-01  1.17991226E+00
   126  2.52000000E+01  1.18052859E+00  9.99964503E-01  1.18052859E+00
   127  2.54000000E+01  1.18112156E+00  9.99963047E-01  1.18112156E+00
   128  2.56000000E+01  1.18169193E+00  9.99961542E-01  1.18169193E+00
   129  2.58000000E+01  1.18224038E+00  9.99959990E-01  1.18224038E+00
   130  2.60000000E+01  1.18276753E+00  9.99958388E-01  1.18276753E+00
   131  2.62000000E+01  1.18327394E+00  9.99956735E-01  1.18327394E+00
   132  2.64000000E+01  1.18380381E+00  9.99955031E-01  1.18380381E+00
   133  2.66000000E+01  1.18434171E+00  9.99953275E-01  1.18434171E+00
   134  2.68000000E+01  1.18485864E+00  9.99951466E-01  1.18485864E+00
   135  2.70000000E+01  1.18535510E+00  9.99949602E-01  1.18535510E+00
   136  2.72000000E+01  1.18583159E+00  9.99947685E-01  1.18583159E+00
   137  2.74000000E+01  1.18628860E+00  9.99945711E-01  1.18628860E+00
   138  2.76000000E+01  1.18673878E+00  9.99943682E-01  1.18673878E+00
   139  2.78000000E+01  1.18722517E+00  9.99941595E-01  1.18722517E+00
   140  2.80000000E+01  1.18769188E+00  9.99939451E-01  1.18769188E+00
   141  2.82000000E+01  1.18813941E+00  9.99937249E-01  1.18813941E+00
   142  2.84000000E+01  1.18856823E+00  9.99934989E-01  1.18856823E+00
   143  2.86000000E+01  1.18897884E+00  9.99932669E-01  1.18897884E+00
   144  2.88000000E+01  1.18937177E+00  9.99930290E-01  1.18937177E+00
   145  2.90000000E+01  1.18979695E+00  9.99927852E-01  1.18979695E+00
   146  2.92000000E+01  1.19021700E+00  9.99925354E-01  1.19021700E+00
   147  2.94000000E+01  1.19061908E+00  9.99922796E-01  1.19061908E+00
   148  2.96000000E+01  1.19100370E+00  9.99920179E-01  1.19100370E+00
   149  2.98000000E+01  1.19137142E+00  9.99917501E-01  1.19137142E+00
   150  3.00000000E+01  1.19172278E+00  9.99914765E-01  1.19172278E+00
   151  3.02000000E+01  1.19208594E+00  9.99911970E-01  1.19208594E+00
   152  3.04000000E+01  1.19246245E+00  9.99909116E-01  1.19246245E+00
   153  3.06000000E+01  1.19282235E+00  9.99906205E-01  1.19282235E+00
   154  3.08000000E+01  1.19316619E+00  9.99903238E-01  1.19316619E+00
   155  3.10000000E+01  1.19349453E+00  9.99900215E-01  1.19349453E+00
   156  3.12000000E+01  1.19380796E+00  9.99897137E-01  1.19380796E+00
   157  3.14000000E+01  1.19411500E+00  9.99894007E-01  1.19411500E+00
   158  3.16000000E+01  1.19445145E+00  9.99890826E-01  1.19445145E+00
   159  3.18000000E+01  1.19477266E+00  9.99887595E-01  1.19477266E+00
   160  3.20000000E+01  1.19507922E+00  9.99884318E-01  1.19507922E+00
   161  3.22000000E+01  1.19537172E+00  9.99880995E-01  1.19537172E+00
   162  3.24000000E+01  1.19565072E+00  9.99877631E-01  1.19565072E+00
   163  3.26000000E+01  1.19591680E+00  9.99874227E-01  1.19591680E+00
   164  3.28000000E+01  1.19621053E+00  9.99870788E-01  1.19621053E+00
   165  3.30000000E+01  1.19649668E+00  9.99867317E-01  1.19649668E+00
   166  3.32000000E+01  1.19676958E+00  9.99863818E-01  1.19676958E+00
   167  3.34000000E+01  1.19702978E+00  9.99860295E-01  1.19702978E+00
   168  3.36000000E+01  1.19727784E+00  9.99856754E-01  1.19727784E+00
   169  3.38000000E+01  1.19751427E+00  9.99853198E-01  1.19751427E+00
   170  3.40000000E+01  1.19775935E+00  9.99849635E-01  1.19775935E+00
   171  3.42000000E+01  1.19801386E+00  9.99846070E-01  1.19801386E+00
   172  3.44000000E+01  1.19825646E+00  9.99842509E-01  1.19825646E+00
   173  3.46000000E+01  1.19848768E+00  9.99838960E-01  1.19848768E+00
   174  3.48000000E+01  1.19870802E+00  9.99835431E-01  1.19870802E+00
   175  3.50000000E+01  1.19891795E+00  9.99831930E-01  1.19891795E+00
   176  3.52000000E+01  1.19912270E+00  9.99828466E-01  1.19912270E+00
   177  3.54000000E+01  1.19934880E+00  9.99825047E-01  1.19934880E+00
   178  3.56000000E+01  1.19956424E+00  9.99821685E-01  1.19956424E+00
   179  3.58000000E+01  1.19976946E+00  9.99818391E-01  1.19976946E+00
   180  3.60000000E+01  1.19996494E+00  9.99815175E-01  1.19996494E+00
   181  3.62000000E+01  1.20015109E+00  9.99812050E-01  1.20015109E+00
   182  3.64000000E+01  1.20032834E+00  9.99809030E-01  1.20032834E+00
   183  3.66000000E+01  1.20051708E+00  9.99806128E-01  1.20051708E+00
   184  3.68000000E+01  1.20070829E+00  9.99803360E-01  1.20070829E+00
   185  3.70000000E+01  1.20089036E+00  9.99800741E-01  1.20089036E+00
   186  3.72000000E+01  1.20106372E+00  9.99798289E-01  1.20106372E+00
   187  3.74000000E+01  1.20122875E+00  9.99796021E-01  1.20122875E+00
   188  3.76000000E+01  1.20138582E+00  9.99793957E-01  1.20138582E+00
   189  3.78000000E+01  1.20154039E+00  9.99792118E-01  1.20154039E+00
   190  3.80000000E+01  1.20170985E+00  9.99790524E-01  1.20170985E+00
   191  3.82000000E+01  1.20187116E+00  9.99789198E-01  1.20187116E+00
   192  3.84000000E+01  1.20202468E+00  9.99788165E-01  1.20202468E+00
   193  3.86000000E+01  1.20217077E+00  9.99787450E-01  1.20217077E+00
   194  3.88000000E+01  1.20230975E+00  9.99787081E-01  1.20230975E+00
   195  3.90000000E+01  1.20244197E+00  9.99787084E-01  1.20244197E+00
   196  3.92000000E+01  1.20258123E+00  9.99787492E-01  1.20258123E+00
   197  3.94000000E+01  1.20272412E+00  9.99788335E-01  1.20272412E+00
   198  3.96000000E+01  1.20286007E+00  9.99789646E-01  1.20286007E+00
   199  3.98000000E+01  1.20298938E+00  9.99791461E-01  1.20298938E+00
   200  4.00000000E+01  1.20311236E+00  9.99793818E-01  1.20311236E+00
   201  4.02000000E+01  1.20322932E+00  9.99796754E-01  1.20322932E+00
   202  4.04000000E+01  1.20334054E+00  9.99800311E-01  1.20334054E+00
   203  4.06000000E+01  1.20346660E+00  9.99804533E-01  1.20346660E+00
   204  4.08000000E+01  1.20358681E+00  9.99809464E-01  1.20358681E+00
   205  4.10000000E+01  1.20370112E+00  9.99815152E-01  1.20370112E+00
   206  4.12000000E+01  1.20380980E+00  9.99821648E-01  1.20380980E+00
   207  4.14000000E+01  1.20391313E+00  9.99829004E-01  1.20391313E+00
   208  4.16000000E+01  1.20401136E+00  9.99837276E-01  1.20401136E+00
   209  4.18000000E+01  1.20410901E+00  9.99846520E-01  1.20410901E+00
   210  4.20000000E+01  1.20421532E+00  9.99856799E-01  1.20421532E+00
   211  4.22000000E+01  1.20431639E+00  9.99868176E-01  1.20431639E+00
   212  4.24000000E+01  1.20441246E+00  9.99880718E-01  1.20441246E+00
   213  4.26000000E+01  1.20450378E+00  9.99894495E-01  1.20450378E+00
   214  4.28000000E+01  1.20459056E+00  9.99909580E-01  1.20459056E+00
   215  4.30000000E+01  1.20467303E+00  9.99926050E-01  1.20467303E+00
   216  4.32000000E+01  1.20475911E+00  9.99943986E-01  1.20475911E+00
   217  4.34000000E+01  1.20484836E+00  9.99963472E-01  1.20484836E+00
   218  4.36000000E+01  1.20493317E+00  9.99984596E-01  1.20493317E+00
   219  4.38000000E+01  1.20501377E+00  1.00000745E+00  1.20501377E+00
   220  4.40000000E+01  1.20509034E+00  1.00003213E+00  1.20509034E+00
   221  4.42000000E+01  1.20516309E+00  1.00005873E+00  1.20516309E+00
   222  4.44000000E+01  1.20523219E+00  1.00008737E+00  1.20523219E+00
   223  4.46000000E+01  1.20530535E+00  1.00011815E+00  1.20530535E+00
   224  4.48000000E+01  1.20538025E+00  1.00015118E+00  1.20538025E+00
   225  4.50000000E+01  1.20545140E+00  1.00018659E+00  1.20545140E+00
   226  4.52000000E+01  1.20551899E+00  1.00022450E+00  1.20551899E+00
   227  4.54000000E+01  1.20558319E+00  1.00026503E+00  1.20558319E+00
   228  4.56000000E+01  1.20564415E+00  1.00030833E+00  1.20564415E+00
   229  4.58000000E+01  1.20570204E+00  1.00035454E+00  1.20570204E+00
   230  4.60000000E+01  1.20576430E+00  1.00040379E+00  1.20576430E+00
   231  4.62000000E+01  1.20582703E+00  1.00045625E+00  1.20582703E+00
   232  4.64000000E+01  1.20588660E+00  1.00051207E+00  1.20588660E+00
   233  4.66000000E+01  1.20594316E+00  1.00057142E+00  1.20594316E+00
   234  4.68000000E+01  1.20599686E+00  1.00063446E+00  1.20599686E+00
   235  4.70000000E+01  1.20604783E+00  1.00070139E+00  1.20604783E+00
   236  4.72000000E+01  1.20609621E+00  1.00077238E+00  1.20609621E+00
   237  4.74000000E+01  1.20614681E+00  1.00084762E+00  1.20614681E+00
   238  4.76000000E+01  1.20619933E+00  1.00092732E+00  1.20619933E+00
   239  4.78000000E+01  1.20624919E+00  1.00101169E+00  1.20624919E+00
   240  4.80000000E+01  1.20629650E+00  1.00110094E+00  1.20629650E+00
   241  4.82000000E+01  1.20634140E+00  1.00119530E+00  1.20634140E+00
   242  4.84000000E+01  1.20638400E+00  1.00129499E+00  1.20638400E+00
   243  4.86000000E+01  1.20642442E+00  1.00140027E+00  1.20642442E+00
   244  4.88000000E+01  1.20646507E+00  1.00151137E+00  1.20646507E+00
   245  4.90000000E+01  1.20650894E+00  1.00162857E+00  1.20650894E+00
   246  4.92000000E+01  1.20655056E+00  1.00175212E+00  1.20655056E+00
   247  4.94000000E+01  1.20659005E+00  1.00188231E+00  1.20659005E+00
   248  4.96000000E+01  1.20662750E+00  1.00201943E+00  1.20662750E+00
   249  4.98000000E+01  1.20666302E+00  1.00216377E+00  1.20666302E+00
   250  5.00000000E+01  1.20669670E+00  1.00231564E+00  1.20669670E+00
   251  5.02000000E+01  1.20672863E+00  1.00247536E+00  1.20672863E+00
   252  5.04000000E+01  1.20676437E+00  1.00264326E+00  1.20676437E+00
   253  5.06000000E+01  1.20679911E+00  1.00281967E+00  1.20679911E+00
   254  5.08000000E+01  1.20683204E+00  1.00300496E+00  1.20683204E+00
   255  5.10000000E+01  1.20686327E+00  1.00319947E+00  1.20686327E+00
   256  5.12000000E+01  1.20689286E+00  1.00340359E+00  1.20689286E+00
   257  5.14000000E+01  1.20692092E+00  1.00361770E+00  1.20692092E+00
   258  5.16000000E+01  1.20694750E+00  1.00384220E+00  1.20694750E+00
   259  5.18000000E+01  1.20697441E+00  1.00407749E+00  1.20697441E+00
   260  5.20000000E+01  1.20700332E+00  1.00432399E+00  1.20700332E+00
   261  5.22000000E+01  1.20703072E+00  1.00458214E+00  1.20703072E+00
   262  5.24000000E+01  1.20705668E+00  1.00485239E+00  1.20705668E+00
   263  5.26000000E+01  1.20708129E+00  1.00513519E+00  1.20708129E+00
   264  5.28000000E+01  1.20710459E+00  1.00543101E+00  1.20710459E+00
   265  5.30000000E+01  1.20712667E+00  1.00574033E+00  1.20712667E+00
   266  5.32000000E+01  1.20714758E+00  1.00606364E+00  1.20714758E+00
   267  5.34000000E+01  1.20716938E+00  1.00640146E+00  1.20716938E+00
   268  5.36000000E+01  1.20719217E+00  1.00675430E+00  1.20719217E+00
   269  5.38000000E+01  1.20721375E+00  1.00712269E+00  1.20721375E+00
   270  5.40000000E+01  1.20723419E+00  1.00750718E+00  1.20723419E+00
   271  5.42000000E+01  1.20725355E+00  1.00790831E+00  1.20725355E+00
   272  5.44000000E+01  1.20727187E+00  1.00832665E+00  1.20727187E+00
   273  5.46000000E+01  1.20728922E+00  1.00876278E+00  1.20728922E+00
   274  5.48000000E+01  1.20730564E+00  1.00921729E+00  1.20730564E+00
   275  5.50000000E+01  1.20732254E+00  1.00969078E+00  1.20732254E+00
   276  5.52000000E+01  1.20734043E+00  1.01018385E+00  1.20734043E+00
   277  5.54000000E+01  1.20735737E+00  1.01069712E+00  1.20735737E+00
   278  5.56000000E+01  1.20737340E+00  1.01123123E+00  1.20737340E+00
   279  5.58000000E+01  1.20738857E+00  1.01178680E+00  1.20738857E+00
   280  5.60000000E+01  1.20740292E+00  1.01236448E+00  1.20740292E+00
   281  5.62000000E+01  1.20741651E+00  1.01296493E+00  1.20741651E+00
   282  5.64000000E+01  1.20742935E+00  1.01358879E+00  1.20742935E+00
   283  5.66000000E+01  1.20744150E+00  1.01423673E+00  1.20744150E+00
   284  5.68000000E+01  1.20745535E+00  1.01490942E+00  1.20745535E+00
   285  5.70000000E+01  1.20746863E+00  1.01560752E+00  1.20746863E+00
   286  5.72000000E+01  1.20748118E+00  1.01633170E+00  1.20748118E+00
   287  5.74000000E+01  1.20749306E+00  1.01708264E+00  1.20749306E+00
   288  5.76000000E+01  1.20750429E+00  1.01786098E+00  1.20750429E+00
   289  5.78000000E+01  1.20751490E+00  1.01866741E+00  1.20751490E+00
   290  5.80000000E+01  1.20752494E+00  1.01950257E+00  1.20752494E+00
   291  5.82000000E+01  1.20753444E+00  1.02036711E+00  1.20753444E+00
   292  5.84000000E+01  1.20754341E+00  1.02126168E+00  1.20754341E+00
   293  5.86000000E+01  1.20755367E+00  1.02218690E+00  1.20755367E+00
   294  5.88000000E+01  1.20756347E+00  1.02314340E+00  1.20756347E+00
   295  5.90000000E+01  1.20757273E+00  1.02413176E+00  1.20757273E+00
   296  5.92000000E+01  1.20758149E+00  1.02515258E+00  1.20758149E+00
   297  5.94000000E+01  1.20758976E+00  1.02620641E+00  1.20758976E+00
   298  5.96000000E+01  1.20759758E+00  1.02729379E+00  1.20759758E+00
   299  5.98000000E+01  1.20760497E+00  1.02841524E+00  1.20760497E+00
   300  6.00000000E+01  1.20761195E+00  1.02957124E+00  1.20761195E+00
   301  6.02000000E+01  1.20761854E+00  1.03076224E+00  1.20761854E+00
   302  6.04000000E+01  1.20762506E+00  1.03198867E+00  1.20762506E+00
   303  6.06000000E+01  1.20763228E+00  1.03325091E+00  1.20763228E+00
   304  6.08000000E+01  1.20763910E+00  1.03454930E+00  1.20763910E+00
   305  6.10000000E+01  1.20764554E+00  1.03588413E+00  1.20764554E+00
   306  6.12000000E+01  1.20765162E+00  1.03725567E+00  1.20765162E+00
   307  6.14000000E+01  1.20765737E+00  1.03866412E+00  1.20765737E+00
   308  6.16000000E+01  1.20766279E+00  1.04010962E+00  1.20766279E+00
   309  6.18000000E+01  1.20766792E+00  1.04159228E+00  1.20766792E+00
   310  6.20000000E+01  1.20767276E+00  1.04311213E+00  1.20767276E+00
   311  6.22000000E+01  1.20767732E+00  1.04466913E+00  1.20767732E+00
   312  6.24000000E+01  1.20768163E+00  1.04626321E+00  1.20768163E+00
   313  6.26000000E+01  1.20768590E+00  1.04789418E+00  1.20768590E+00
   314  6.28000000E+01  1.20769062E+00  1.04956183E+00  1.20769062E+00
   315  6.30000000E+01  1.20769507E+00  1.05126583E+00  1.20769507E+00
   316  6.32000000E+01  1.20769928E+00  1.05300581E+00  1.20769928E+00
   317  6.34000000E+01  1.20770325E+00  1.05478129E+00  1.20770325E+00
   318  6.36000000E+01  1.20770699E+00  1.05659173E+00  1.20770699E+00
   319  6.38000000E+01  1.20771053E+00  1.05843649E+00  1.20771053E+00
   320  6.40000000E+01  1.20771386E+00  1.06031485E+00  1.20771386E+00
   321  6.42000000E+01  1.20771701E+00  1.06222601E+00  1.20771701E+00
   322  6.44000000E+01  1.20771998E+00  1.06416907E+00  1.20771998E+00
   323  6.46000000E+01  1.20772278E+00  1.06614306E+00  1.20772278E+00
   324  6.48000000E+01  1.20772542E+00  1.06814690E+00  1.20772542E+00
   325  6.50000000E+01  1.20772791E+00  1.07017943E+00  1.20772791E+00
   326  6.52000000E+01  1.20773027E+00  1.07223941E+00  1.20773027E+00
   327  6.54000000E+01  1.20773286E+00  1.07432551E+00  1.20773286E+00
   328  6.56000000E+01  1.20773544E+00  1.07643631E+00  1.20773544E+00
   329  6.58000000E+01  1.20773787E+00  1.07857030E+00  1.20773787E+00
   330  6.60000000E+01  1.20774017E+00  1.08072591E+00  1.20774017E+00
   331  6.62000000E+01  1.20774233E+00  1.08290148E+00  1.20774233E+00
   332  6.64000000E+01  1.20774438E+00  1.08509526E+00  1.20774438E+00
   333  6.66000000E+01  1.20774630E+00  1.08730546E+00  1.20774630E+00
   334  6.68000000E+01  1.20774812E+00  1.08953019E+00  1.20774812E+00
   335  6.70000000E+01  1.20774983E+00  1.09176753E+00  1.20774983E+00
   336  6.72000000E+01  1.20775145E+00  1.09401547E+00  1.20775145E+00
   337  6.74000000E+01  1.20775297E+00  1.09627198E+00  1.20775297E+00
   338  6.76000000E+01  1.20775440E+00  1.09853494E+00  1.20775440E+00
   339  6.78000000E+01  1.20775576E+00  1.10080222E+00  1.20775576E+00
   340  6.80000000E+01  1.20775703E+00  1.10307165E+00  1.20775703E+00
   341  6.82000000E+01  1.20775823E+00  1.10534103E+00  1.20775823E+00
   342  6.84000000E+01  1.20775937E+00  1.10760813E+00  1.20775937E+00
   343  6.86000000E+01  1.20776043E+00  1.10987070E+00  1.20776043E+00
   344  6.88000000E+01  1.20776144E+00  1.11212651E+00  1.20776144E+00
   345  6.90000000E+01  1.20776239E+00  1.11437331E+00  1.20776239E+00
   346  6.92000000E+01  1.20776328E+00  1.11660885E+00  1.20776328E+00
   347  6.94000000E+01  1.20776413E+00  1.11883091E+00  1.20776413E+00
   348  6.96000000E+01  1.20776501E+00  1.12103732E+00  1.20776501E+00
   349  6.98000000E+01  1.20776594E+00  1.12322589E+00  1.20776594E+00
   350  7.00000000E+01  1.20776681E+00  1.12539453E+00  1.20776681E+00
   351  7.02000000E+01  1.20776763E+00  1.12754117E+00  1.20776763E+00
   352  7.04000000E+01  1.20776841E+00  1.12966381E+00  1.20776841E+00
   353  7.06000000E+01  1.20776914E+00  1.13176053E+00  1.20776914E+00
   354  7.08000000E+01  1.20776982E+00  1.13382947E+00  1.20776982E+00
   355  7.10000000E+01  1.20777047E+00  1.13586889E+00  1.20777047E+00
   356  7.12000000E+01  1.20777108E+00  1.13787712E+00  1.20777108E+00
   357  7.14000000E+01  1.20777166E+00  1.13985260E+00  1.20777166E+00
   358  7.16000000E+01  1.20777220E+00  1.14179389E+00  1.20777220E+00
   359  7.18000000E+01  1.20777271E+00  1.14369968E+00  1.20777271E+00
   360  7.20000000E+01  1.20777319E+00  1.14556878E+00  1.20777319E+00
   361  7.22000000E+01  1.20777365E+00  1.14740014E+00  1.20777365E+00
   362  7.24000000E+01  1.20777407E+00  1.14919287E+00  1.20777407E+00
   363  7.26000000E+01  1.20777448E+00  1.15094625E+00  1.20777448E+00
   364  7.28000000E+01  1.20777485E+00  1.15265971E+00  1.20777485E+00
   365  7.30000000E+01  1.20777521E+00  1.15433289E+00  1.20777521E+00
   366  7.32000000E+01  1.20777555E+00  1.15596563E+00  1.20777555E+00
   367  7.34000000E+01  1.20777587E+00  1.15755795E+00  1.20777587E+00
   368  7.36000000E+01  1.20777617E+00  1.15911010E+00  1.20777617E+00
   369  7.38000000E+01  1.20777645E+00  1.16062256E+00  1.20777645E+00
   370  7.40000000E+01  1.20777671E+00  1.16209600E+00  1.20777671E+00
   371  7.42000000E+01  1.20777696E+00  1.16353133E+00  1.20777696E+00
   372  7.44000000E+01  1.20777720E+00  1.16492962E+00  1.20777720E+00
   373  7.46000000E+01  1.20777742E+00  1.16629216E+00  1.20777742E+00
   374  7.48000000E+01  1.20777763E+00  1.16762038E+00  1.20777763E+00
   375  7.50000000E+01  1.20777783E+00  1.16891582E+00  1.20777783E+00
   376  7.52000000E+01  1.20777801E+00  1.17018011E+00  1.20777801E+00
   377  7.54000000E+01  1.20777819E+00  1.17141494E+00  1.20777819E+00
   378  7.56000000E+01  1.20777835E+00  1.17262196E+00  1.20777835E+00
   379  7.58000000E+01  1.20777851E+00  1.17380276E+00  1.20777851E+00
   380  7.60000000E+01  1.20777866E+00  1.17495885E+00  1.20777866E+00
   381  7.62000000E+01  1.20777879E+00  1.17609156E+00  1.20777879E+00
   382  7.64000000E+01  1.20777892E+00  1.17720202E+00  1.20777892E+00
   383  7.66000000E+01  1.20777905E+00  1.17829112E+00  1.20777905E+00
   384  7.68000000E+01  1.20777916E+00  1.17935950E+00  1.20777916E+00
   385  7.70000000E+01  1.20777927E+00  1.18040754E+00  1.20777927E+00
   386  7.72000000E+01  1.20777937E+00  1.18143530E+00  1.20777937E+00
   387  7.74000000E+01  1.20777947E+00  1.18244262E+00  1.20777947E+00
   388  7.76000000E+01  1.20777956E+00  1.18342905E+00  1.20777956E+00
   389  7.78000000E+01  1.20777965E+00  1.18439398E+00  1.20777965E+00
   390  7.80000000E+01  1.20777973E+00  1.18533659E+00  1.20777973E+00
   391  7.82000000E+01  1.20777981E+00  1.18625596E+00  1.20777981E+00
   392  7.84000000E+01  1.20777988E+00  1.18715111E+00  1.20777988E+00
   393  7.86000000E+01  1.20777995E+00  1.18802104E+00  1.20777995E+00
   394  7.88000000E+01  1.20778001E+00  1.18886482E+00  1.20778001E+00
   395  7.90000000E+01  1.20778007E+00  1.18968161E+00  1.20778007E+00
   396  7.92000000E+01  1.20778013E+00  1.19047071E+00  1.20778013E+00
   397  7.94000000E+01  1.20778018E+00  1.19123162E+00  1.20778018E+00
   398  7.96000000E+01  1.20778023E+00  1.19196403E+00  1.20778023E+00
   399  7.98000000E+01  1.20778028E+00  1.19266785E+00  1.20778028E+00
   400  8.00000000E+01  1.20778033E+00  1.19334324E+00  1.20778033E+00
   401  8.02000000E+01  1.20778037E+00  1.19399056E+00  1.20778037E+00
   402  8.04000000E+01  1.20778041E+00  1.19461037E+00  1.20778041E+00
   403  8.06000000E+01  1.20778045E+00  1.19520342E+00  1.20778045E+00
   404  8.08000000E+01  1.20778048E+00  1.19577059E+00  1.20778048E+00
   405  8.10000000E+01  1.20778052E+00  1.19631287E+00  1.20778052E+00
   406  8.12000000E+01  1.20778055E+00  1.19683134E+00  1.20778055E+00
   407  8.14000000E+01  1.20778058E+00  1.19732712E+00  1.20778058E+00
   408  8.16000000E+01  1.20778061E+00  1.19780130E+00  1.20778061E+00
   409  8.18000000E+01  1.20778063E+00  1.19825498E+00  1.20778063E+00
   410  8.20000000E+01  1.20778066E+00  1.19868920E+00  1.20778066E+00
   411  8.22000000E+01  1.20778068E+00  1.19910492E+00  1.20778068E+00
   412  8.24000000E+01  1.20778071E+00  1.19950303E+00  1.20778071E+00
   413  8.26000000E+01  1.20778073E+00  1.19988434E+00  1.20778073E+00
   414  8.28000000E+01  1.20778075E+00  1.20024955E+00  1.20778075E+00
   415  8.30000000E+01  1.20778077E+00  1.20059931E+00  1.20778077E+00
   416  8.32000000E+01  1.20778078E+00  1.20093417E+00  1.20778078E+00
   417  8.34000000E+01  1.20778080E+00  1.20125463E+00  1.20778080E+00
   418  8.36000000E+01  1.20778082E+00  1.20156116E+00  1.20778082E+00
   419  8.38000000E+01  1.20778083E+00  1.20185415E+00  1.20778083E+00
   420  8.40000000E+01  1.20778085E+00  1.20213402E+00  1.20778085E+00
   421  8.42000000E+01  1.20778086E+00  1.20240114E+00  1.20778086E+00
   422  8.44000000E+01  1.20778087E+00  1.20265590E+00  1.20778087E+00
   423  8.46000000E+01  1.20778089E+00  1.20289869E+00  1.20778089E+00
   424  8.48000000E+01  1.20778090E+00  1.20312991E+00  1.20778090E+00
   425  8.50000000E+01  1.20778091E+00  1.20334998E+00  1.20778091E+00
   426  8.52000000E+01  1.20778092E+00  1.20355933E+00  1.20778092E+00
   427  8.54000000E+01  1.20778093E+00  1.20375840E+00  1.20778093E+00
   428  8.56000000E+01  1.20778094E+00  1.20394763E+00  1.20778094E+00
   429  8.58000000E+01  1.20778095E+00  1.20412748E+00  1.20778095E+00
   430  8.60000000E+01  1.20778095E+00  1.20429839E+00  1.20778095E+00
   431  8.62000000E+01  1.20778096E+00  1.20446082E+00  1.20778096E+00
   432  8.64000000E+01  1.20778097E+00  1.20461519E+00  1.20778097E+00
   433  8.66000000E+01  1.20778098E+00  1.20476192E+00  1.20778098E+00
   434  8.68000000E+01  1.20778098E+00  1.20490141E+00  1.20778098E+00
   435  8.70000000E+01  1.20778099E+00  1.20503404E+00  1.20778099E+00
   436  8.72000000E+01  1.20778100E+00  1.20516015E+00  1.20778100E+00
   437  8.74000000E+01  1.20778100E+00  1.20528010E+00  1.20778100E+00
   438  8.76000000E+01  1.20778101E+00  1.20539418E+00  1.20778101E+00
   439  8.78000000E+01  1.20778101E+00  1.20550268E+00  1.20778101E+00
   440  8.80000000E+01  1.20778102E+00  1.20560588E+00  1.20778102E+00
   441  8.82000000E+01  1.20778102E+00  1.20570403E+00  1.20778102E+00
   442  8.84000000E+01  1.20778103E+00  1.20579737E+00  1.20778103E+00
   443  8.86000000E+01  1.20778103E+00  1.20588611E+00  1.20778103E+00
   444  8.88000000E+01  1.20778103E+00  1.20597046E+00  1.20778103E+00
   445  8.90000000E+01  1.20778104E+00  1.20605064E+00  1.20778104E+00
   446  8.92000000E+01  1.20778104E+00  1.20612682E+00  1.20778104E+00
   447  8.94000000E+01  1.20778104E+00  1.20619919E+00  1.20778104E+00
   448  8.96000000E+01  1.20778105E+00  1.20626793E+00  1.20778105E+00
   449  8.98000000E+01  1.20778105E+00  1.20633321E+00  1.20778105E+00
   450  9.00000000E+01  1.20778105E+00  1.20639519E+00  1.20778105E+00
   451  9.02000000E+01  1.20778105E+00  1.20645402E+00  1.20778105E+00
   452  9.04000000E+01  1.20778106E+00  1.20650986E+00  1.20778106E+00
   453  9.06000000E+01  1.20778106E+00  1.20656286E+00  1.20778106E+00
   454  9.08000000E+01  1.20778106E+00  1.20661316E+00  1.20778106E+00
   455  9.10000000E+01  1.20778106E+00  1.20666088E+00  1.20778106E+00
   456  9.12000000E+01  1.20778107E+00  1.20670615E+00  1.20778107E+00
   457  9.14000000E+01  1.20778107E+00  1.20674911E+00  1.20778107E+00
   458  9.16000000E+01  1.20778107E+00  1.20678985E+00  1.20778107E+00
   459  9.18000000E+01  1.20778107E+00  1.20682850E+00  1.20778107E+00
   460  9.20000000E+01  1.20778107E+00  1.20686516E+00  1.20778107E+00
   461  9.22000000E+01  1.20778107E+00  1.20689992E+00  1.20778107E+00
   462  9.24000000E+01  1.20778108E+00  1.20693289E+00  1.20778108E+00
   463  9.26000000E+01  1.20778108E+00  1.20696414E+00  1.20778108E+00
   464  9.28000000E+01  1.20778108E+00  1.20699377E+00  1.20778108E+00
   465  9.30000000E+01  1.20778108E+00  1.20702185E+00  1.20778108E+00
 steady-height stop at step    465: truncated to 3 decimals, truncated max/end/ratio =       1207      1207      1207, max/end/ratio =   1.20778108E+00  1.20702185E+00  1.20778108E+00
