 comppar: model =   3
 comppar: lambda,mobility/eps,betav,eta_0 =  9.0000E+00  1.0000E-02  1.0000E-01  1.0000E+00
 comppar: eta_s,eta_p,G =  1.0000E-01  9.0000E-01  1.0000E-01
 comppar: U_avg,deltat,flowrate,nsteps =  1.0000E-01  4.0000E-01  3.1416E-01    1000
 comppar: geometry = axisymmetric
 comppar: steady stop change,gap,hold,min =  1.0000E-05  2.0000E-04      10      80
 comppar: steady stop rounded decimals =       4
 comppar: ncompc,ncompg =     4     5
 mesh nnodes = 22999
 mesh nelem = 11296
 P1 BC   5.0000000000000000     
 P2 BC   0.0000000000000000     
     1  4.00000000E-01  1.00503185E+00  1.00000000E+00  1.00503185E+00
     2  8.00000000E-01  1.00982889E+00  1.00000000E+00  1.00982889E+00
     3  1.20000000E+00  1.01437793E+00  1.00000000E+00  1.01437793E+00
     4  1.60000000E+00  1.01878340E+00  1.00000000E+00  1.01878340E+00
     5  2.00000000E+00  1.02310824E+00  1.00000000E+00  1.02310824E+00
     6  2.40000000E+00  1.02743081E+00  1.00000001E+00  1.02743081E+00
     7  2.80000000E+00  1.03182160E+00  1.00000001E+00  1.03182160E+00
     8  3.20000000E+00  1.03634820E+00  1.00000001E+00  1.03634820E+00
     9  3.60000000E+00  1.04104386E+00  1.00000001E+00  1.04104386E+00
    10  4.00000000E+00  1.04593917E+00  1.00000001E+00  1.04593917E+00
    11  4.40000000E+00  1.05105601E+00  1.00000001E+00  1.05105601E+00
    12  4.80000000E+00  1.05640354E+00  1.00000001E+00  1.05640354E+00
    13  5.20000000E+00  1.06199689E+00  1.00000001E+00  1.06199689E+00
    14  5.60000000E+00  1.06782957E+00  1.00000000E+00  1.06782957E+00
    15  6.00000000E+00  1.07390463E+00  1.00000000E+00  1.07390463E+00
    16  6.40000000E+00  1.08019965E+00  9.99999995E-01  1.08019965E+00
    17  6.80000000E+00  1.08670269E+00  9.99999987E-01  1.08670269E+00
    18  7.20000000E+00  1.09340881E+00  9.99999978E-01  1.09340881E+00
    19  7.60000000E+00  1.10028201E+00  9.99999967E-01  1.10028201E+00
    20  8.00000000E+00  1.10729610E+00  9.99999954E-01  1.10729610E+00
    21  8.40000000E+00  1.11442444E+00  9.99999938E-01  1.11442444E+00
    22  8.80000000E+00  1.12163971E+00  9.99999919E-01  1.12163971E+00
    23  9.20000000E+00  1.12891828E+00  9.99999898E-01  1.12891828E+00
    24  9.60000000E+00  1.13625755E+00  9.99999874E-01  1.13625755E+00
    25  1.00000000E+01  1.14361233E+00  9.99999846E-01  1.14361233E+00
    26  1.04000000E+01  1.15095956E+00  9.99999815E-01  1.15095956E+00
    27  1.08000000E+01  1.15830956E+00  9.99999779E-01  1.15830956E+00
    28  1.12000000E+01  1.16564221E+00  9.99999740E-01  1.16564221E+00
    29  1.16000000E+01  1.17292093E+00  9.99999696E-01  1.17292093E+00
    30  1.20000000E+01  1.18018312E+00  9.99999647E-01  1.18018312E+00
    31  1.24000000E+01  1.18738556E+00  9.99999592E-01  1.18738556E+00
    32  1.28000000E+01  1.19451734E+00  9.99999532E-01  1.19451734E+00
    33  1.32000000E+01  1.20162319E+00  9.99999466E-01  1.20162319E+00
    34  1.36000000E+01  1.20863497E+00  9.99999394E-01  1.20863497E+00
    35  1.40000000E+01  1.21563029E+00  9.99999314E-01  1.21563029E+00
    36  1.44000000E+01  1.22252795E+00  9.99999228E-01  1.22252795E+00
    37  1.48000000E+01  1.22941102E+00  9.99999133E-01  1.22941102E+00
    38  1.52000000E+01  1.23619651E+00  9.99999031E-01  1.23619651E+00
    39  1.56000000E+01  1.24290004E+00  9.99998920E-01  1.24290004E+00
    40  1.60000000E+01  1.24956552E+00  9.99998800E-01  1.24956552E+00
    41  1.64000000E+01  1.25612128E+00  9.99998670E-01  1.25612128E+00
    42  1.68000000E+01  1.26260773E+00  9.99998530E-01  1.26260773E+00
    43  1.72000000E+01  1.26904374E+00  9.99998379E-01  1.26904374E+00
    44  1.76000000E+01  1.27538617E+00  9.99998218E-01  1.27538617E+00
    45  1.80000000E+01  1.28170230E+00  9.99998044E-01  1.28170230E+00
    46  1.84000000E+01  1.28790745E+00  9.99997858E-01  1.28790745E+00
    47  1.88000000E+01  1.29404611E+00  9.99997659E-01  1.29404611E+00
    48  1.92000000E+01  1.30014058E+00  9.99997446E-01  1.30014058E+00
    49  1.96000000E+01  1.30612430E+00  9.99997219E-01  1.30612430E+00
    50  2.00000000E+01  1.31204283E+00  9.99996978E-01  1.31204283E+00
    51  2.04000000E+01  1.31792151E+00  9.99996720E-01  1.31792151E+00
    52  2.08000000E+01  1.32369053E+00  9.99996446E-01  1.32369053E+00
    53  2.12000000E+01  1.32943357E+00  9.99996154E-01  1.32943357E+00
    54  2.16000000E+01  1.33510907E+00  9.99995845E-01  1.33510907E+00
    55  2.20000000E+01  1.34067681E+00  9.99995517E-01  1.34067681E+00
    56  2.24000000E+01  1.34624820E+00  9.99995169E-01  1.34624820E+00
    57  2.28000000E+01  1.35172603E+00  9.99994802E-01  1.35172603E+00
    58  2.32000000E+01  1.35710817E+00  9.99994412E-01  1.35710817E+00
    59  2.36000000E+01  1.36250567E+00  9.99994001E-01  1.36250567E+00
    60  2.40000000E+01  1.36779867E+00  9.99993566E-01  1.36779867E+00
    61  2.44000000E+01  1.37300902E+00  9.99993108E-01  1.37300902E+00
    62  2.48000000E+01  1.37822400E+00  9.99992624E-01  1.37822400E+00
    63  2.52000000E+01  1.38333554E+00  9.99992114E-01  1.38333554E+00
    64  2.56000000E+01  1.38834350E+00  9.99991576E-01  1.38834350E+00
    65  2.60000000E+01  1.39333680E+00  9.99991010E-01  1.39333680E+00
    66  2.64000000E+01  1.39827792E+00  9.99990414E-01  1.39827792E+00
    67  2.68000000E+01  1.40311627E+00  9.99989787E-01  1.40311627E+00
    68  2.72000000E+01  1.40787081E+00  9.99989128E-01  1.40787081E+00
    69  2.76000000E+01  1.41264576E+00  9.99988434E-01  1.41264576E+00
    70  2.80000000E+01  1.41731887E+00  9.99987706E-01  1.41731887E+00
    71  2.84000000E+01  1.42190324E+00  9.99986941E-01  1.42190324E+00
    72  2.88000000E+01  1.42652263E+00  9.99986139E-01  1.42652263E+00
    73  2.92000000E+01  1.43104138E+00  9.99985296E-01  1.43104138E+00
    74  2.96000000E+01  1.43546041E+00  9.99984413E-01  1.43546041E+00
    75  3.00000000E+01  1.43992660E+00  9.99983487E-01  1.43992660E+00
    76  3.04000000E+01  1.44429353E+00  9.99982516E-01  1.44429353E+00
    77  3.08000000E+01  1.44856209E+00  9.99981500E-01  1.44856209E+00
    78  3.12000000E+01  1.45281196E+00  9.99980435E-01  1.45281196E+00
    79  3.16000000E+01  1.45703208E+00  9.99979321E-01  1.45703208E+00
    80  3.20000000E+01  1.46115589E+00  9.99978155E-01  1.46115589E+00
    81  3.24000000E+01  1.46519931E+00  9.99976936E-01  1.46519931E+00
    82  3.28000000E+01  1.46927637E+00  9.99975661E-01  1.46927637E+00
    83  3.32000000E+01  1.47325905E+00  9.99974328E-01  1.47325905E+00
    84  3.36000000E+01  1.47714943E+00  9.99972936E-01  1.47714943E+00
    85  3.40000000E+01  1.48106851E+00  9.99971481E-01  1.48106851E+00
    86  3.44000000E+01  1.48491486E+00  9.99969962E-01  1.48491486E+00
    87  3.48000000E+01  1.48867219E+00  9.99968376E-01  1.48867219E+00
    88  3.52000000E+01  1.49244219E+00  9.99966722E-01  1.49244219E+00
    89  3.56000000E+01  1.49615723E+00  9.99964996E-01  1.49615723E+00
    90  3.60000000E+01  1.49978640E+00  9.99963196E-01  1.49978640E+00
    91  3.64000000E+01  1.50340208E+00  9.99961320E-01  1.50340208E+00
    92  3.68000000E+01  1.50699066E+00  9.99959365E-01  1.50699066E+00
    93  3.72000000E+01  1.51049512E+00  9.99957328E-01  1.51049512E+00
    94  3.76000000E+01  1.51392676E+00  9.99955206E-01  1.51392676E+00
    95  3.80000000E+01  1.51739116E+00  9.99952996E-01  1.51739116E+00
    96  3.84000000E+01  1.52077134E+00  9.99950696E-01  1.52077134E+00
    97  3.88000000E+01  1.52406390E+00  9.99948302E-01  1.52406390E+00
    98  3.92000000E+01  1.52736492E+00  9.99945813E-01  1.52736492E+00
    99  3.96000000E+01  1.53061759E+00  9.99943223E-01  1.53061759E+00
   100  4.00000000E+01  1.53377306E+00  9.99940531E-01  1.53377306E+00
   101  4.04000000E+01  1.53694448E+00  9.99937733E-01  1.53694448E+00
   102  4.08000000E+01  1.54006045E+00  9.99934826E-01  1.54006045E+00
   103  4.12000000E+01  1.54306400E+00  9.99931806E-01  1.54306400E+00
   104  4.16000000E+01  1.54613150E+00  9.99928669E-01  1.54613150E+00
   105  4.20000000E+01  1.54908946E+00  9.99925413E-01  1.54908946E+00
   106  4.24000000E+01  1.55198913E+00  9.99922033E-01  1.55198913E+00
   107  4.28000000E+01  1.55490458E+00  9.99918527E-01  1.55490458E+00
   108  4.32000000E+01  1.55768536E+00  9.99914890E-01  1.55768536E+00
   109  4.36000000E+01  1.56047258E+00  9.99911119E-01  1.56047258E+00
   110  4.40000000E+01  1.56320350E+00  9.99907210E-01  1.56320350E+00
   111  4.44000000E+01  1.56584514E+00  9.99903159E-01  1.56584514E+00
   112  4.48000000E+01  1.56853019E+00  9.99898962E-01  1.56853019E+00
   113  4.52000000E+01  1.57106222E+00  9.99894615E-01  1.57106222E+00
   114  4.56000000E+01  1.57366437E+00  9.99890115E-01  1.57366437E+00
   115  4.60000000E+01  1.57614816E+00  9.99885457E-01  1.57614816E+00
   116  4.64000000E+01  1.57862688E+00  9.99880637E-01  1.57862688E+00
   117  4.68000000E+01  1.58106321E+00  9.99875651E-01  1.58106321E+00
   118  4.72000000E+01  1.58339038E+00  9.99870496E-01  1.58339038E+00
   119  4.76000000E+01  1.58578034E+00  9.99865168E-01  1.58578034E+00
   120  4.80000000E+01  1.58801542E+00  9.99859661E-01  1.58801542E+00
   121  4.84000000E+01  1.59033388E+00  9.99853973E-01  1.59033388E+00
   122  4.88000000E+01  1.59252313E+00  9.99848099E-01  1.59252313E+00
   123  4.92000000E+01  1.59471110E+00  9.99842035E-01  1.59471110E+00
   124  4.96000000E+01  1.59685932E+00  9.99835777E-01  1.59685932E+00
   125  5.00000000E+01  1.59892841E+00  9.99829322E-01  1.59892841E+00
   126  5.04000000E+01  1.60103266E+00  9.99822665E-01  1.60103266E+00
   127  5.08000000E+01  1.60300185E+00  9.99815802E-01  1.60300185E+00
   128  5.12000000E+01  1.60503633E+00  9.99808731E-01  1.60503633E+00
   129  5.16000000E+01  1.60697342E+00  9.99801447E-01  1.60697342E+00
   130  5.20000000E+01  1.60888660E+00  9.99793947E-01  1.60888660E+00
   131  5.24000000E+01  1.61078658E+00  9.99786228E-01  1.61078658E+00
   132  5.28000000E+01  1.61259042E+00  9.99778285E-01  1.61259042E+00
   133  5.32000000E+01  1.61446126E+00  9.99770117E-01  1.61446126E+00
   134  5.36000000E+01  1.61623509E+00  9.99761719E-01  1.61623509E+00
   135  5.40000000E+01  1.61798876E+00  9.99753090E-01  1.61798876E+00
   136  5.44000000E+01  1.61973431E+00  9.99744227E-01  1.61973431E+00
   137  5.48000000E+01  1.62141315E+00  9.99735127E-01  1.62141315E+00
   138  5.52000000E+01  1.62311376E+00  9.99725789E-01  1.62311376E+00
   139  5.56000000E+01  1.62477394E+00  9.99716211E-01  1.62477394E+00
   140  5.60000000E+01  1.62638966E+00  9.99706391E-01  1.62638966E+00
   141  5.64000000E+01  1.62798587E+00  9.99696328E-01  1.62798587E+00
   142  5.68000000E+01  1.62958545E+00  9.99686021E-01  1.62958545E+00
   143  5.72000000E+01  1.63115438E+00  9.99675471E-01  1.63115438E+00
   144  5.76000000E+01  1.63269274E+00  9.99664676E-01  1.63269274E+00
   145  5.80000000E+01  1.63421828E+00  9.99653638E-01  1.63421828E+00
   146  5.84000000E+01  1.63573660E+00  9.99642357E-01  1.63573660E+00
   147  5.88000000E+01  1.63721364E+00  9.99630835E-01  1.63721364E+00
   148  5.92000000E+01  1.63865540E+00  9.99619074E-01  1.63865540E+00
   149  5.96000000E+01  1.64011690E+00  9.99607076E-01  1.64011690E+00
   150  6.00000000E+01  1.64152221E+00  9.99594846E-01  1.64152221E+00
   151  6.04000000E+01  1.64290201E+00  9.99582386E-01  1.64290201E+00
   152  6.08000000E+01  1.64428539E+00  9.99569702E-01  1.64428539E+00
   153  6.12000000E+01  1.64560215E+00  9.99556799E-01  1.64560215E+00
   154  6.16000000E+01  1.64694474E+00  9.99543684E-01  1.64694474E+00
   155  6.20000000E+01  1.64824231E+00  9.99530364E-01  1.64824231E+00
   156  6.24000000E+01  1.64948177E+00  9.99516847E-01  1.64948177E+00
   157  6.28000000E+01  1.65076042E+00  9.99503142E-01  1.65076042E+00
   158  6.32000000E+01  1.65197022E+00  9.99489259E-01  1.65197022E+00
   159  6.36000000E+01  1.65318248E+00  9.99475211E-01  1.65318248E+00
   160  6.40000000E+01  1.65437371E+00  9.99461010E-01  1.65437371E+00
   161  6.44000000E+01  1.65550147E+00  9.99446670E-01  1.65550147E+00
   162  6.48000000E+01  1.65667493E+00  9.99432207E-01  1.65667493E+00
   163  6.52000000E+01  1.65779070E+00  9.99417637E-01  1.65779070E+00
   164  6.56000000E+01  1.65888399E+00  9.99402978E-01  1.65888399E+00
   165  6.60000000E+01  1.65998346E+00  9.99388252E-01  1.65998346E+00
   166  6.64000000E+01  1.66103362E+00  9.99373479E-01  1.66103362E+00
   167  6.68000000E+01  1.66208425E+00  9.99358683E-01  1.66208425E+00
   168  6.72000000E+01  1.66312430E+00  9.99343890E-01  1.66312430E+00
   169  6.76000000E+01  1.66412558E+00  9.99329128E-01  1.66412558E+00
   170  6.80000000E+01  1.66512112E+00  9.99314426E-01  1.66512112E+00
   171  6.84000000E+01  1.66611024E+00  9.99299816E-01  1.66611024E+00
   172  6.88000000E+01  1.66706781E+00  9.99285334E-01  1.66706781E+00
   173  6.92000000E+01  1.66801725E+00  9.99271015E-01  1.66801725E+00
   174  6.96000000E+01  1.66896234E+00  9.99256901E-01  1.66896234E+00
   175  7.00000000E+01  1.66987407E+00  9.99243033E-01  1.66987407E+00
   176  7.04000000E+01  1.67076762E+00  9.99229457E-01  1.67076762E+00
   177  7.08000000E+01  1.67166794E+00  9.99216222E-01  1.67166794E+00
   178  7.12000000E+01  1.67252938E+00  9.99203380E-01  1.67252938E+00
   179  7.16000000E+01  1.67338190E+00  9.99190986E-01  1.67338190E+00
   180  7.20000000E+01  1.67422746E+00  9.99179100E-01  1.67422746E+00
   181  7.24000000E+01  1.67502626E+00  9.99167785E-01  1.67502626E+00
   182  7.28000000E+01  1.67585010E+00  9.99157107E-01  1.67585010E+00
   183  7.32000000E+01  1.67663591E+00  9.99147138E-01  1.67663591E+00
   184  7.36000000E+01  1.67739564E+00  9.99137955E-01  1.67739564E+00
   185  7.40000000E+01  1.67816647E+00  9.99129637E-01  1.67816647E+00
   186  7.44000000E+01  1.67888600E+00  9.99122270E-01  1.67888600E+00
   187  7.48000000E+01  1.67963003E+00  9.99115944E-01  1.67963003E+00
   188  7.52000000E+01  1.68033674E+00  9.99110756E-01  1.68033674E+00
   189  7.56000000E+01  1.68101871E+00  9.99106807E-01  1.68101871E+00
   190  7.60000000E+01  1.68171321E+00  9.99104206E-01  1.68171321E+00
   191  7.64000000E+01  1.68235896E+00  9.99103065E-01  1.68235896E+00
   192  7.68000000E+01  1.68302838E+00  9.99103506E-01  1.68302838E+00
   193  7.72000000E+01  1.68366264E+00  9.99105656E-01  1.68366264E+00
   194  7.76000000E+01  1.68427852E+00  9.99109650E-01  1.68427852E+00
   195  7.80000000E+01  1.68490388E+00  9.99115629E-01  1.68490388E+00
   196  7.84000000E+01  1.68548909E+00  9.99123743E-01  1.68548909E+00
   197  7.88000000E+01  1.68608618E+00  9.99134152E-01  1.68608618E+00
   198  7.92000000E+01  1.68666194E+00  9.99147021E-01  1.68666194E+00
   199  7.96000000E+01  1.68721001E+00  9.99162527E-01  1.68721001E+00
   200  8.00000000E+01  1.68777952E+00  9.99180855E-01  1.68777952E+00
   201  8.04000000E+01  1.68831989E+00  9.99202201E-01  1.68831989E+00
   202  8.08000000E+01  1.68883906E+00  9.99226770E-01  1.68883906E+00
   203  8.12000000E+01  1.68937193E+00  9.99254779E-01  1.68937193E+00
   204  8.16000000E+01  1.68988508E+00  9.99286454E-01  1.68988508E+00
   205  8.20000000E+01  1.69038381E+00  9.99322037E-01  1.69038381E+00
   206  8.24000000E+01  1.69088398E+00  9.99361778E-01  1.69088398E+00
   207  8.28000000E+01  1.69137690E+00  9.99405943E-01  1.69137690E+00
   208  8.32000000E+01  1.69185599E+00  9.99454810E-01  1.69185599E+00
   209  8.36000000E+01  1.69231911E+00  9.99508670E-01  1.69231911E+00
   210  8.40000000E+01  1.69278861E+00  9.99567830E-01  1.69278861E+00
   211  8.44000000E+01  1.69324647E+00  9.99632613E-01  1.69324647E+00
   212  8.48000000E+01  1.69368287E+00  9.99703357E-01  1.69368287E+00
   213  8.52000000E+01  1.69412516E+00  9.99780416E-01  1.69412516E+00
   214  8.56000000E+01  1.69455307E+00  9.99864162E-01  1.69455307E+00
   215  8.60000000E+01  1.69495802E+00  9.99954985E-01  1.69495802E+00
   216  8.64000000E+01  1.69537993E+00  1.00005329E+00  1.69537993E+00
   217  8.68000000E+01  1.69577420E+00  1.00015951E+00  1.69577420E+00
   218  8.72000000E+01  1.69615923E+00  1.00027410E+00  1.69615923E+00
   219  8.76000000E+01  1.69654583E+00  1.00039752E+00  1.69654583E+00
   220  8.80000000E+01  1.69690232E+00  1.00053026E+00  1.69690232E+00
   221  8.84000000E+01  1.69727906E+00  1.00067284E+00  1.69727906E+00
   222  8.88000000E+01  1.69762872E+00  1.00082580E+00  1.69762872E+00
   223  8.92000000E+01  1.69796770E+00  1.00098970E+00  1.69796770E+00
   224  8.96000000E+01  1.69831120E+00  1.00116513E+00  1.69831120E+00
   225  9.00000000E+01  1.69862562E+00  1.00135271E+00  1.69862562E+00
   226  9.04000000E+01  1.69895858E+00  1.00155308E+00  1.69895858E+00
   227  9.08000000E+01  1.69926664E+00  1.00176691E+00  1.69926664E+00
   228  9.12000000E+01  1.69956671E+00  1.00199492E+00  1.69956671E+00
   229  9.16000000E+01  1.69987023E+00  1.00223783E+00  1.69987023E+00
   230  9.20000000E+01  1.70014917E+00  1.00249640E+00  1.70014917E+00
   231  9.24000000E+01  1.70043995E+00  1.00277145E+00  1.70043995E+00
   232  9.28000000E+01  1.70071348E+00  1.00306380E+00  1.70071348E+00
   233  9.32000000E+01  1.70097539E+00  1.00337432E+00  1.70097539E+00
   234  9.36000000E+01  1.70124558E+00  1.00370393E+00  1.70124558E+00
   235  9.40000000E+01  1.70149726E+00  1.00405357E+00  1.70149726E+00
   236  9.44000000E+01  1.70174455E+00  1.00442422E+00  1.70174455E+00
   237  9.48000000E+01  1.70199194E+00  1.00481690E+00  1.70199194E+00
   238  9.52000000E+01  1.70222640E+00  1.00523270E+00  1.70222640E+00
   239  9.56000000E+01  1.70245941E+00  1.00567272E+00  1.70245941E+00
   240  9.60000000E+01  1.70269113E+00  1.00613811E+00  1.70269113E+00
   241  9.64000000E+01  1.70291336E+00  1.00663008E+00  1.70291336E+00
   242  9.68000000E+01  1.70312782E+00  1.00714988E+00  1.70312782E+00
   243  9.72000000E+01  1.70334325E+00  1.00769880E+00  1.70334325E+00
   244  9.76000000E+01  1.70355523E+00  1.00827820E+00  1.70355523E+00
   245  9.80000000E+01  1.70375930E+00  1.00888947E+00  1.70375930E+00
   246  9.84000000E+01  1.70395781E+00  1.00953406E+00  1.70395781E+00
   247  9.88000000E+01  1.70415793E+00  1.01021346E+00  1.70415793E+00
   248  9.92000000E+01  1.70434792E+00  1.01092925E+00  1.70434792E+00
   249  9.96000000E+01  1.70453017E+00  1.01168301E+00  1.70453017E+00
   250  1.00000000E+02  1.70471741E+00  1.01247643E+00  1.70471741E+00
   251  1.00400000E+02  1.70489159E+00  1.01331122E+00  1.70489159E+00
   252  1.00800000E+02  1.70506104E+00  1.01418914E+00  1.70506104E+00
   253  1.01200000E+02  1.70523116E+00  1.01511204E+00  1.70523116E+00
   254  1.01600000E+02  1.70538589E+00  1.01608180E+00  1.70538589E+00
   255  1.02000000E+02  1.70554928E+00  1.01710037E+00  1.70554928E+00
   256  1.02400000E+02  1.70570051E+00  1.01816972E+00  1.70570051E+00
   257  1.02800000E+02  1.70584361E+00  1.01929193E+00  1.70584361E+00
   258  1.03200000E+02  1.70599108E+00  1.02046909E+00  1.70599108E+00
   259  1.03600000E+02  1.70612147E+00  1.02170336E+00  1.70612147E+00
   260  1.04000000E+02  1.70626279E+00  1.02299694E+00  1.70626279E+00
   261  1.04400000E+02  1.70638941E+00  1.02435209E+00  1.70638941E+00
   262  1.04800000E+02  1.70651226E+00  1.02577110E+00  1.70651226E+00
   263  1.05200000E+02  1.70663546E+00  1.02725632E+00  1.70663546E+00
   264  1.05600000E+02  1.70674483E+00  1.02881012E+00  1.70674483E+00
   265  1.06000000E+02  1.70686429E+00  1.03043492E+00  1.70686429E+00
   266  1.06400000E+02  1.70696604E+00  1.03213315E+00  1.70696604E+00
   267  1.06800000E+02  1.70707371E+00  1.03390729E+00  1.70707371E+00
   268  1.07200000E+02  1.70717227E+00  1.03575982E+00  1.70717227E+00
   269  1.07600000E+02  1.70726784E+00  1.03769324E+00  1.70726784E+00
   270  1.08000000E+02  1.70736260E+00  1.03971004E+00  1.70736260E+00
   271  1.08400000E+02  1.70744455E+00  1.04181274E+00  1.70744455E+00
   272  1.08800000E+02  1.70753615E+00  1.04400381E+00  1.70753615E+00
   273  1.09200000E+02  1.70761070E+00  1.04628574E+00  1.70761070E+00
   274  1.09600000E+02  1.70769538E+00  1.04866095E+00  1.70769538E+00
   275  1.10000000E+02  1.70776619E+00  1.05113184E+00  1.70776619E+00
   276  1.10400000E+02  1.70783948E+00  1.05370078E+00  1.70783948E+00
   277  1.10800000E+02  1.70790724E+00  1.05637004E+00  1.70790724E+00
   278  1.11200000E+02  1.70797075E+00  1.05914184E+00  1.70797075E+00
   279  1.11600000E+02  1.70803483E+00  1.06201831E+00  1.70803483E+00
   280  1.12000000E+02  1.70808849E+00  1.06500147E+00  1.70808849E+00
   281  1.12400000E+02  1.70814954E+00  1.06809326E+00  1.70814954E+00
   282  1.12800000E+02  1.70819476E+00  1.07129545E+00  1.70819476E+00
   283  1.13200000E+02  1.70825219E+00  1.07460971E+00  1.70825219E+00
   284  1.13600000E+02  1.70829382E+00  1.07803754E+00  1.70829382E+00
   285  1.14000000E+02  1.70834345E+00  1.08158029E+00  1.70834345E+00
   286  1.14400000E+02  1.70838209E+00  1.08523913E+00  1.70838209E+00
   287  1.14800000E+02  1.70842404E+00  1.08901505E+00  1.70842404E+00
   288  1.15200000E+02  1.70845928E+00  1.09290881E+00  1.70845928E+00
   289  1.15600000E+02  1.70849477E+00  1.09692102E+00  1.70849477E+00
   290  1.16000000E+02  1.70852708E+00  1.10105201E+00  1.70852708E+00
   291  1.16400000E+02  1.70855602E+00  1.10530194E+00  1.70855602E+00
   292  1.16800000E+02  1.70858500E+00  1.10967070E+00  1.70858500E+00
   293  1.17200000E+02  1.70860837E+00  1.11415797E+00  1.70860837E+00
   294  1.17600000E+02  1.70863448E+00  1.11876317E+00  1.70863448E+00
   295  1.18000000E+02  1.70865227E+00  1.12348548E+00  1.70865227E+00
   296  1.18400000E+02  1.70867514E+00  1.12832384E+00  1.70867514E+00
   297  1.18800000E+02  1.70868870E+00  1.13327696E+00  1.70868870E+00
   298  1.19200000E+02  1.70870876E+00  1.13834330E+00  1.70870876E+00
   299  1.19600000E+02  1.70871792E+00  1.14352107E+00  1.70871792E+00
   300  1.20000000E+02  1.70873483E+00  1.14880827E+00  1.70873483E+00
   301  1.20400000E+02  1.70874080E+00  1.15420268E+00  1.70874080E+00
   302  1.20800000E+02  1.70875498E+00  1.15970186E+00  1.70875498E+00
   303  1.21200000E+02  1.70875708E+00  1.16530318E+00  1.70875708E+00
   304  1.21600000E+02  1.70876818E+00  1.17100380E+00  1.70876818E+00
   305  1.22000000E+02  1.70876760E+00  1.17680074E+00  1.70876760E+00
   306  1.22400000E+02  1.70877605E+00  1.18269082E+00  1.70877605E+00
   307  1.22800000E+02  1.70877238E+00  1.18867074E+00  1.70877238E+00
   308  1.23200000E+02  1.70877785E+00  1.19473707E+00  1.70877785E+00
   309  1.23600000E+02  1.70877260E+00  1.20088624E+00  1.70877260E+00
   310  1.24000000E+02  1.70877550E+00  1.20711461E+00  1.70877550E+00
   311  1.24400000E+02  1.70876780E+00  1.21341845E+00  1.70876780E+00
   312  1.24800000E+02  1.70876781E+00  1.21979394E+00  1.70876781E+00
   313  1.25200000E+02  1.70875901E+00  1.22623725E+00  1.70875901E+00
   314  1.25600000E+02  1.70875652E+00  1.23274446E+00  1.70875652E+00
   315  1.26000000E+02  1.70874582E+00  1.23931168E+00  1.70874582E+00
   316  1.26400000E+02  1.70874056E+00  1.24593496E+00  1.70874056E+00
   317  1.26800000E+02  1.70872961E+00  1.25261039E+00  1.70872961E+00
   318  1.27200000E+02  1.70872195E+00  1.25933404E+00  1.70872195E+00
   319  1.27600000E+02  1.70870952E+00  1.26610201E+00  1.70870952E+00
   320  1.28000000E+02  1.70869918E+00  1.27291043E+00  1.70869918E+00
   321  1.28400000E+02  1.70868677E+00  1.27975546E+00  1.70868677E+00
   322  1.28800000E+02  1.70867413E+00  1.28663331E+00  1.70867413E+00
   323  1.29200000E+02  1.70866051E+00  1.29354021E+00  1.70866051E+00
   324  1.29600000E+02  1.70864531E+00  1.30047244E+00  1.70864531E+00
   325  1.30000000E+02  1.70863220E+00  1.30742632E+00  1.70863220E+00
   326  1.30400000E+02  1.70861480E+00  1.31439824E+00  1.70861480E+00
   327  1.30800000E+02  1.70860087E+00  1.32138459E+00  1.70860087E+00
   328  1.31200000E+02  1.70858101E+00  1.32838182E+00  1.70858101E+00
   329  1.31600000E+02  1.70856812E+00  1.33538640E+00  1.70856812E+00
   330  1.32000000E+02  1.70854616E+00  1.34239483E+00  1.70854616E+00
   331  1.32400000E+02  1.70853277E+00  1.34940365E+00  1.70853277E+00
   332  1.32800000E+02  1.70851091E+00  1.35640938E+00  1.70851091E+00
   333  1.33200000E+02  1.70849651E+00  1.36340858E+00  1.70849651E+00
   334  1.33600000E+02  1.70847485E+00  1.37039779E+00  1.70847485E+00
   335  1.34000000E+02  1.70845791E+00  1.37737358E+00  1.70845791E+00
   336  1.34400000E+02  1.70843774E+00  1.38433248E+00  1.70843774E+00
   337  1.34800000E+02  1.70841871E+00  1.39127103E+00  1.70841871E+00
   338  1.35200000E+02  1.70839886E+00  1.39818578E+00  1.70839886E+00
   339  1.35600000E+02  1.70837740E+00  1.40507325E+00  1.70837740E+00
   340  1.36000000E+02  1.70835948E+00  1.41192996E+00  1.70835948E+00
   341  1.36400000E+02  1.70833601E+00  1.41875244E+00  1.70833601E+00
   342  1.36800000E+02  1.70831866E+00  1.42553720E+00  1.70831866E+00
   343  1.37200000E+02  1.70829338E+00  1.43228078E+00  1.70829338E+00
   344  1.37600000E+02  1.70827774E+00  1.43897975E+00  1.70827774E+00
   345  1.38000000E+02  1.70825357E+00  1.44563068E+00  1.70825357E+00
   346  1.38400000E+02  1.70823545E+00  1.45223021E+00  1.70823545E+00
   347  1.38800000E+02  1.70821333E+00  1.45877500E+00  1.70821333E+00
   348  1.39200000E+02  1.70819317E+00  1.46526179E+00  1.70819317E+00
   349  1.39600000E+02  1.70817227E+00  1.47168740E+00  1.70817227E+00
   350  1.40000000E+02  1.70814971E+00  1.47804872E+00  1.70814971E+00
   351  1.40400000E+02  1.70813133E+00  1.48434272E+00  1.70813133E+00
   352  1.40800000E+02  1.70815047E+00  1.49056650E+00  1.70815047E+00
   353  1.41200000E+02  1.70817071E+00  1.49671727E+00  1.70817071E+00
   354  1.41600000E+02  1.70819085E+00  1.50279234E+00  1.70819085E+00
   355  1.42000000E+02  1.70821080E+00  1.50878916E+00  1.70821080E+00
   356  1.42400000E+02  1.70823052E+00  1.51470533E+00  1.70823052E+00
   357  1.42800000E+02  1.70825000E+00  1.52053857E+00  1.70825000E+00
   358  1.43200000E+02  1.70826933E+00  1.52628675E+00  1.70826933E+00
   359  1.43600000E+02  1.70828877E+00  1.53194789E+00  1.70828877E+00
   360  1.44000000E+02  1.70830797E+00  1.53752015E+00  1.70830797E+00
   361  1.44400000E+02  1.70832694E+00  1.54300186E+00  1.70832694E+00
   362  1.44800000E+02  1.70834568E+00  1.54839147E+00  1.70834568E+00
   363  1.45200000E+02  1.70836416E+00  1.55368762E+00  1.70836416E+00
   364  1.45600000E+02  1.70838236E+00  1.55888907E+00  1.70838236E+00
   365  1.46000000E+02  1.70840022E+00  1.56399472E+00  1.70840022E+00
   366  1.46400000E+02  1.70841769E+00  1.56900362E+00  1.70841769E+00
   367  1.46800000E+02  1.70843472E+00  1.57391495E+00  1.70843472E+00
   368  1.47200000E+02  1.70845128E+00  1.57872801E+00  1.70845128E+00
   369  1.47600000E+02  1.70846732E+00  1.58344220E+00  1.70846732E+00
   370  1.48000000E+02  1.70848282E+00  1.58805704E+00  1.70848282E+00
   371  1.48400000E+02  1.70849842E+00  1.59257213E+00  1.70849842E+00
   372  1.48800000E+02  1.70851382E+00  1.59698715E+00  1.70851382E+00
   373  1.49200000E+02  1.70852867E+00  1.60130183E+00  1.70852867E+00
   374  1.49600000E+02  1.70854296E+00  1.60551596E+00  1.70854296E+00
   375  1.50000000E+02  1.70855668E+00  1.60962936E+00  1.70855668E+00
   376  1.50400000E+02  1.70856984E+00  1.61364186E+00  1.70856984E+00
   377  1.50800000E+02  1.70858243E+00  1.61755330E+00  1.70858243E+00
   378  1.51200000E+02  1.70859444E+00  1.62136351E+00  1.70859444E+00
   379  1.51600000E+02  1.70860665E+00  1.62507231E+00  1.70860665E+00
   380  1.52000000E+02  1.70861855E+00  1.62867945E+00  1.70861855E+00
   381  1.52400000E+02  1.70862986E+00  1.63218468E+00  1.70862986E+00
   382  1.52800000E+02  1.70864057E+00  1.63558767E+00  1.70864057E+00
   383  1.53200000E+02  1.70865068E+00  1.63888804E+00  1.70865068E+00
   384  1.53600000E+02  1.70866018E+00  1.64208535E+00  1.70866018E+00
   385  1.54000000E+02  1.70866907E+00  1.64517910E+00  1.70866907E+00
   386  1.54400000E+02  1.70867789E+00  1.64816871E+00  1.70867789E+00
   387  1.54800000E+02  1.70868666E+00  1.65105360E+00  1.70868666E+00
   388  1.55200000E+02  1.70869481E+00  1.65383313E+00  1.70869481E+00
   389  1.55600000E+02  1.70870237E+00  1.65650668E+00  1.70870237E+00
   390  1.56000000E+02  1.70870935E+00  1.65907370E+00  1.70870935E+00
   391  1.56400000E+02  1.70871577E+00  1.66153374E+00  1.70871577E+00
   392  1.56800000E+02  1.70872163E+00  1.66388653E+00  1.70872163E+00
   393  1.57200000E+02  1.70872731E+00  1.66613210E+00  1.70872731E+00
   394  1.57600000E+02  1.70873306E+00  1.66827086E+00  1.70873306E+00
   395  1.58000000E+02  1.70873828E+00  1.67030369E+00  1.70873828E+00
   396  1.58400000E+02  1.70874298E+00  1.67223207E+00  1.70874298E+00
   397  1.58800000E+02  1.70874716E+00  1.67405820E+00  1.70874716E+00
   398  1.59200000E+02  1.70875085E+00  1.67578505E+00  1.70875085E+00
   399  1.59600000E+02  1.70875406E+00  1.67741642E+00  1.70875406E+00
   400  1.60000000E+02  1.70875680E+00  1.67895697E+00  1.70875680E+00
   401  1.60400000E+02  1.70875962E+00  1.68041219E+00  1.70875962E+00
   402  1.60800000E+02  1.70876227E+00  1.68178828E+00  1.70876227E+00
   403  1.61200000E+02  1.70876448E+00  1.68309202E+00  1.70876448E+00
   404  1.61600000E+02  1.70876628E+00  1.68433055E+00  1.70876628E+00
   405  1.62000000E+02  1.70876768E+00  1.68551112E+00  1.70876768E+00
   406  1.62400000E+02  1.70876872E+00  1.68664080E+00  1.70876872E+00
   407  1.62800000E+02  1.70876941E+00  1.68772617E+00  1.70876941E+00
   408  1.63200000E+02  1.70876978E+00  1.68877299E+00  1.70876978E+00
   409  1.63600000E+02  1.70876986E+00  1.68978600E+00  1.70876986E+00
   410  1.64000000E+02  1.70877008E+00  1.69076866E+00  1.70877008E+00
   411  1.64400000E+02  1.70877009E+00  1.69172310E+00  1.70877009E+00
   412  1.64800000E+02  1.70876983E+00  1.69265004E+00  1.70876983E+00
   413  1.65200000E+02  1.70876932E+00  1.69354894E+00  1.70876932E+00
   414  1.65600000E+02  1.70876856E+00  1.69441814E+00  1.70876856E+00
   415  1.66000000E+02  1.70876760E+00  1.69525523E+00  1.70876760E+00
   416  1.66400000E+02  1.70876645E+00  1.69605733E+00  1.70876645E+00
   417  1.66800000E+02  1.70876513E+00  1.69682153E+00  1.70876513E+00
   418  1.67200000E+02  1.70876367E+00  1.69754524E+00  1.70876367E+00
   419  1.67600000E+02  1.70876209E+00  1.69822654E+00  1.70876209E+00
   420  1.68000000E+02  1.70876041E+00  1.69886444E+00  1.70876041E+00
   421  1.68400000E+02  1.70875865E+00  1.69945905E+00  1.70875865E+00
   422  1.68800000E+02  1.70875683E+00  1.70001160E+00  1.70875683E+00
   423  1.69200000E+02  1.70875495E+00  1.70052438E+00  1.70875495E+00
   424  1.69600000E+02  1.70875304E+00  1.70100051E+00  1.70875304E+00
   425  1.70000000E+02  1.70875111E+00  1.70144375E+00  1.70875111E+00
   426  1.70400000E+02  1.70874917E+00  1.70185809E+00  1.70874917E+00
   427  1.70800000E+02  1.70874724E+00  1.70224753E+00  1.70874724E+00
   428  1.71200000E+02  1.70874534E+00  1.70261567E+00  1.70874534E+00
   429  1.71600000E+02  1.70874348E+00  1.70296558E+00  1.70874348E+00
   430  1.72000000E+02  1.70874167E+00  1.70329956E+00  1.70874167E+00
   431  1.72400000E+02  1.70873992E+00  1.70361912E+00  1.70873992E+00
   432  1.72800000E+02  1.70873823E+00  1.70392502E+00  1.70873823E+00
   433  1.73200000E+02  1.70873661E+00  1.70421737E+00  1.70873661E+00
   434  1.73600000E+02  1.70873508E+00  1.70449575E+00  1.70873508E+00
   435  1.74000000E+02  1.70873362E+00  1.70475950E+00  1.70873362E+00
   436  1.74400000E+02  1.70873226E+00  1.70500784E+00  1.70873226E+00
   437  1.74800000E+02  1.70873099E+00  1.70524008E+00  1.70873099E+00
   438  1.75200000E+02  1.70872982E+00  1.70545573E+00  1.70872982E+00
   439  1.75600000E+02  1.70872874E+00  1.70565461E+00  1.70872874E+00
   440  1.76000000E+02  1.70872778E+00  1.70583686E+00  1.70872778E+00
   441  1.76400000E+02  1.70872691E+00  1.70600290E+00  1.70872691E+00
   442  1.76800000E+02  1.70872615E+00  1.70615338E+00  1.70872615E+00
   443  1.77200000E+02  1.70872548E+00  1.70628909E+00  1.70872548E+00
   444  1.77600000E+02  1.70872492E+00  1.70641086E+00  1.70872492E+00
   445  1.78000000E+02  1.70872445E+00  1.70651946E+00  1.70872445E+00
   446  1.78400000E+02  1.70872408E+00  1.70661552E+00  1.70872408E+00
   447  1.78800000E+02  1.70872380E+00  1.70669951E+00  1.70872380E+00
   448  1.79200000E+02  1.70872361E+00  1.70677169E+00  1.70872361E+00
   449  1.79600000E+02  1.70872351E+00  1.70683212E+00  1.70872351E+00
   450  1.80000000E+02  1.70872349E+00  1.70688072E+00  1.70872349E+00
   451  1.80400000E+02  1.70872360E+00  1.70691734E+00  1.70872360E+00
   452  1.80800000E+02  1.70872384E+00  1.70694177E+00  1.70872384E+00
   453  1.81200000E+02  1.70872414E+00  1.70695389E+00  1.70872414E+00
   454  1.81600000E+02  1.70872450E+00  1.70695373E+00  1.70872450E+00
   455  1.82000000E+02  1.70872490E+00  1.70694152E+00  1.70872490E+00
   456  1.82400000E+02  1.70872535E+00  1.70691778E+00  1.70872535E+00
   457  1.82800000E+02  1.70872583E+00  1.70688335E+00  1.70872583E+00
   458  1.83200000E+02  1.70872634E+00  1.70683935E+00  1.70872634E+00
   459  1.83600000E+02  1.70872688E+00  1.70678725E+00  1.70872688E+00
   460  1.84000000E+02  1.70872745E+00  1.70672873E+00  1.70872745E+00
   461  1.84400000E+02  1.70872803E+00  1.70666569E+00  1.70872803E+00
   462  1.84800000E+02  1.70872862E+00  1.70660010E+00  1.70872862E+00
   463  1.85200000E+02  1.70872922E+00  1.70653391E+00  1.70872922E+00
   464  1.85600000E+02  1.70872982E+00  1.70646899E+00  1.70872982E+00
   465  1.86000000E+02  1.70873042E+00  1.70640701E+00  1.70873042E+00
   466  1.86400000E+02  1.70873101E+00  1.70634935E+00  1.70873101E+00
   467  1.86800000E+02  1.70873159E+00  1.70629706E+00  1.70873159E+00
   468  1.87200000E+02  1.70873216E+00  1.70625086E+00  1.70873216E+00
   469  1.87600000E+02  1.70873272E+00  1.70621109E+00  1.70873272E+00
   470  1.88000000E+02  1.70873326E+00  1.70617776E+00  1.70873326E+00
   471  1.88400000E+02  1.70873377E+00  1.70615059E+00  1.70873377E+00
   472  1.88800000E+02  1.70873426E+00  1.70612904E+00  1.70873426E+00
   473  1.89200000E+02  1.70873472E+00  1.70611242E+00  1.70873472E+00
   474  1.89600000E+02  1.70873515E+00  1.70609991E+00  1.70873515E+00
   475  1.90000000E+02  1.70873555E+00  1.70609064E+00  1.70873555E+00
   476  1.90400000E+02  1.70873592E+00  1.70608378E+00  1.70873592E+00
   477  1.90800000E+02  1.70873626E+00  1.70607856E+00  1.70873626E+00
   478  1.91200000E+02  1.70873656E+00  1.70607434E+00  1.70873656E+00
   479  1.91600000E+02  1.70873682E+00  1.70607066E+00  1.70873682E+00
   480  1.92000000E+02  1.70873705E+00  1.70606721E+00  1.70873705E+00
   481  1.92400000E+02  1.70873725E+00  1.70606391E+00  1.70873725E+00
   482  1.92800000E+02  1.70873740E+00  1.70606082E+00  1.70873740E+00
   483  1.93200000E+02  1.70873752E+00  1.70605820E+00  1.70873752E+00
   484  1.93600000E+02  1.70873766E+00  1.70605639E+00  1.70873766E+00
   485  1.94000000E+02  1.70873778E+00  1.70605579E+00  1.70873778E+00
   486  1.94400000E+02  1.70873785E+00  1.70605682E+00  1.70873785E+00
   487  1.94800000E+02  1.70873790E+00  1.70605982E+00  1.70873790E+00
   488  1.95200000E+02  1.70873791E+00  1.70606504E+00  1.70873791E+00
   489  1.95600000E+02  1.70873788E+00  1.70607258E+00  1.70873788E+00
   490  1.96000000E+02  1.70873782E+00  1.70608237E+00  1.70873782E+00
   491  1.96400000E+02  1.70873773E+00  1.70609423E+00  1.70873773E+00
   492  1.96800000E+02  1.70873761E+00  1.70610783E+00  1.70873761E+00
   493  1.97200000E+02  1.70873747E+00  1.70612276E+00  1.70873747E+00
   494  1.97600000E+02  1.70873729E+00  1.70613861E+00  1.70873729E+00
   495  1.98000000E+02  1.70873709E+00  1.70615498E+00  1.70873709E+00
   496  1.98400000E+02  1.70873687E+00  1.70617156E+00  1.70873687E+00
   497  1.98800000E+02  1.70873662E+00  1.70618814E+00  1.70873662E+00
   498  1.99200000E+02  1.70873635E+00  1.70620462E+00  1.70873635E+00
   499  1.99600000E+02  1.70873607E+00  1.70622105E+00  1.70873607E+00
   500  2.00000000E+02  1.70873577E+00  1.70623753E+00  1.70873577E+00
   501  2.00400000E+02  1.70873545E+00  1.70625425E+00  1.70873545E+00
   502  2.00800000E+02  1.70873512E+00  1.70627139E+00  1.70873512E+00
   503  2.01200000E+02  1.70873478E+00  1.70628912E+00  1.70873478E+00
   504  2.01600000E+02  1.70873443E+00  1.70630755E+00  1.70873443E+00
   505  2.02000000E+02  1.70873407E+00  1.70632670E+00  1.70873407E+00
   506  2.02400000E+02  1.70873371E+00  1.70634652E+00  1.70873371E+00
   507  2.02800000E+02  1.70873334E+00  1.70636688E+00  1.70873334E+00
   508  2.03200000E+02  1.70873297E+00  1.70638761E+00  1.70873297E+00
   509  2.03600000E+02  1.70873260E+00  1.70640852E+00  1.70873260E+00
   510  2.04000000E+02  1.70873223E+00  1.70642940E+00  1.70873223E+00
   511  2.04400000E+02  1.70873186E+00  1.70645009E+00  1.70873186E+00
   512  2.04800000E+02  1.70873150E+00  1.70647049E+00  1.70873150E+00
   513  2.05200000E+02  1.70873114E+00  1.70649053E+00  1.70873114E+00
   514  2.05600000E+02  1.70873079E+00  1.70651020E+00  1.70873079E+00
   515  2.06000000E+02  1.70873044E+00  1.70652952E+00  1.70873044E+00
   516  2.06400000E+02  1.70873010E+00  1.70654853E+00  1.70873010E+00
   517  2.06800000E+02  1.70872978E+00  1.70656729E+00  1.70872978E+00
   518  2.07200000E+02  1.70872946E+00  1.70658582E+00  1.70872946E+00
   519  2.07600000E+02  1.70872915E+00  1.70660414E+00  1.70872915E+00
   520  2.08000000E+02  1.70872886E+00  1.70662222E+00  1.70872886E+00
   521  2.08400000E+02  1.70872858E+00  1.70664003E+00  1.70872858E+00
   522  2.08800000E+02  1.70872831E+00  1.70665748E+00  1.70872831E+00
   523  2.09200000E+02  1.70872805E+00  1.70667452E+00  1.70872805E+00
   524  2.09600000E+02  1.70872781E+00  1.70669107E+00  1.70872781E+00
   525  2.10000000E+02  1.70872758E+00  1.70670707E+00  1.70872758E+00
   526  2.10400000E+02  1.70872737E+00  1.70672246E+00  1.70872737E+00
   527  2.10800000E+02  1.70872717E+00  1.70673724E+00  1.70872717E+00
   528  2.11200000E+02  1.70872699E+00  1.70675139E+00  1.70872699E+00
   529  2.11600000E+02  1.70872682E+00  1.70676492E+00  1.70872682E+00
   530  2.12000000E+02  1.70872666E+00  1.70677785E+00  1.70872666E+00
   531  2.12400000E+02  1.70872652E+00  1.70679018E+00  1.70872652E+00
   532  2.12800000E+02  1.70872639E+00  1.70680193E+00  1.70872639E+00
   533  2.13200000E+02  1.70872628E+00  1.70681311E+00  1.70872628E+00
   534  2.13600000E+02  1.70872618E+00  1.70682371E+00  1.70872618E+00
   535  2.14000000E+02  1.70872609E+00  1.70683373E+00  1.70872609E+00
   536  2.14400000E+02  1.70872601E+00  1.70684316E+00  1.70872601E+00
   537  2.14800000E+02  1.70872595E+00  1.70685199E+00  1.70872595E+00
   538  2.15200000E+02  1.70872590E+00  1.70686021E+00  1.70872590E+00
   539  2.15600000E+02  1.70872586E+00  1.70686781E+00  1.70872586E+00
   540  2.16000000E+02  1.70872583E+00  1.70687482E+00  1.70872583E+00
   541  2.16400000E+02  1.70872581E+00  1.70688123E+00  1.70872581E+00
   542  2.16800000E+02  1.70872579E+00  1.70688706E+00  1.70872579E+00
   543  2.17200000E+02  1.70872579E+00  1.70689234E+00  1.70872579E+00
   544  2.17600000E+02  1.70872580E+00  1.70689707E+00  1.70872580E+00
   545  2.18000000E+02  1.70872581E+00  1.70690130E+00  1.70872581E+00
   546  2.18400000E+02  1.70872583E+00  1.70690502E+00  1.70872583E+00
   547  2.18800000E+02  1.70872585E+00  1.70690827E+00  1.70872585E+00
   548  2.19200000E+02  1.70872589E+00  1.70691106E+00  1.70872589E+00
   549  2.19600000E+02  1.70872592E+00  1.70691341E+00  1.70872592E+00
   550  2.20000000E+02  1.70872596E+00  1.70691533E+00  1.70872596E+00
   551  2.20400000E+02  1.70872600E+00  1.70691685E+00  1.70872600E+00
   552  2.20800000E+02  1.70872605E+00  1.70691798E+00  1.70872605E+00
   553  2.21200000E+02  1.70872610E+00  1.70691875E+00  1.70872610E+00
   554  2.21600000E+02  1.70872615E+00  1.70691918E+00  1.70872615E+00
   555  2.22000000E+02  1.70872620E+00  1.70691929E+00  1.70872620E+00
   556  2.22400000E+02  1.70872626E+00  1.70691911E+00  1.70872626E+00
   557  2.22800000E+02  1.70872631E+00  1.70691866E+00  1.70872631E+00
   558  2.23200000E+02  1.70872636E+00  1.70691797E+00  1.70872636E+00
   559  2.23600000E+02  1.70872642E+00  1.70691706E+00  1.70872642E+00
   560  2.24000000E+02  1.70872647E+00  1.70691595E+00  1.70872647E+00
   561  2.24400000E+02  1.70872652E+00  1.70691466E+00  1.70872652E+00
   562  2.24800000E+02  1.70872657E+00  1.70691322E+00  1.70872657E+00
   563  2.25200000E+02  1.70872661E+00  1.70691164E+00  1.70872661E+00
   564  2.25600000E+02  1.70872666E+00  1.70690994E+00  1.70872666E+00
   565  2.26000000E+02  1.70872670E+00  1.70690816E+00  1.70872670E+00
   566  2.26400000E+02  1.70872674E+00  1.70690629E+00  1.70872674E+00
   567  2.26800000E+02  1.70872678E+00  1.70690437E+00  1.70872678E+00
   568  2.27200000E+02  1.70872681E+00  1.70690240E+00  1.70872681E+00
   569  2.27600000E+02  1.70872684E+00  1.70690041E+00  1.70872684E+00
   570  2.28000000E+02  1.70872686E+00  1.70689841E+00  1.70872686E+00
   571  2.28400000E+02  1.70872689E+00  1.70689642E+00  1.70872689E+00
   572  2.28800000E+02  1.70872691E+00  1.70689445E+00  1.70872691E+00
   573  2.29200000E+02  1.70872692E+00  1.70689251E+00  1.70872692E+00
   574  2.29600000E+02  1.70872694E+00  1.70689061E+00  1.70872694E+00
   575  2.30000000E+02  1.70872695E+00  1.70688877E+00  1.70872695E+00
   576  2.30400000E+02  1.70872695E+00  1.70688699E+00  1.70872695E+00
   577  2.30800000E+02  1.70872695E+00  1.70688528E+00  1.70872695E+00
   578  2.31200000E+02  1.70872695E+00  1.70688365E+00  1.70872695E+00
   579  2.31600000E+02  1.70872695E+00  1.70688211E+00  1.70872695E+00
   580  2.32000000E+02  1.70872694E+00  1.70688065E+00  1.70872694E+00
   581  2.32400000E+02  1.70872693E+00  1.70687930E+00  1.70872693E+00
   582  2.32800000E+02  1.70872691E+00  1.70687804E+00  1.70872691E+00
   583  2.33200000E+02  1.70872690E+00  1.70687688E+00  1.70872690E+00
   584  2.33600000E+02  1.70872688E+00  1.70687583E+00  1.70872688E+00
   585  2.34000000E+02  1.70872686E+00  1.70687488E+00  1.70872686E+00
   586  2.34400000E+02  1.70872683E+00  1.70687403E+00  1.70872683E+00
   587  2.34800000E+02  1.70872681E+00  1.70687329E+00  1.70872681E+00
   588  2.35200000E+02  1.70872678E+00  1.70687266E+00  1.70872678E+00
   589  2.35600000E+02  1.70872675E+00  1.70687213E+00  1.70872675E+00
   590  2.36000000E+02  1.70872672E+00  1.70687169E+00  1.70872672E+00
   591  2.36400000E+02  1.70872669E+00  1.70687136E+00  1.70872669E+00
   592  2.36800000E+02  1.70872665E+00  1.70687111E+00  1.70872665E+00
   593  2.37200000E+02  1.70872662E+00  1.70687096E+00  1.70872662E+00
   594  2.37600000E+02  1.70872658E+00  1.70687089E+00  1.70872658E+00
   595  2.38000000E+02  1.70872655E+00  1.70687091E+00  1.70872655E+00
   596  2.38400000E+02  1.70872651E+00  1.70687100E+00  1.70872651E+00
   597  2.38800000E+02  1.70872647E+00  1.70687116E+00  1.70872647E+00
   598  2.39200000E+02  1.70872644E+00  1.70687139E+00  1.70872644E+00
   599  2.39600000E+02  1.70872640E+00  1.70687169E+00  1.70872640E+00
   600  2.40000000E+02  1.70872636E+00  1.70687203E+00  1.70872636E+00
   601  2.40400000E+02  1.70872633E+00  1.70687243E+00  1.70872633E+00
   602  2.40800000E+02  1.70872629E+00  1.70687288E+00  1.70872629E+00
   603  2.41200000E+02  1.70872626E+00  1.70687336E+00  1.70872626E+00
   604  2.41600000E+02  1.70872622E+00  1.70687388E+00  1.70872622E+00
   605  2.42000000E+02  1.70872619E+00  1.70687443E+00  1.70872619E+00
   606  2.42400000E+02  1.70872616E+00  1.70687500E+00  1.70872616E+00
   607  2.42800000E+02  1.70872613E+00  1.70687559E+00  1.70872613E+00
   608  2.43200000E+02  1.70872610E+00  1.70687619E+00  1.70872610E+00
   609  2.43600000E+02  1.70872607E+00  1.70687680E+00  1.70872607E+00
   610  2.44000000E+02  1.70872604E+00  1.70687742E+00  1.70872604E+00
   611  2.44400000E+02  1.70872602E+00  1.70687804E+00  1.70872602E+00
   612  2.44800000E+02  1.70872599E+00  1.70687865E+00  1.70872599E+00
   613  2.45200000E+02  1.70872597E+00  1.70687925E+00  1.70872597E+00
   614  2.45600000E+02  1.70872595E+00  1.70687985E+00  1.70872595E+00
   615  2.46000000E+02  1.70872593E+00  1.70688042E+00  1.70872593E+00
   616  2.46400000E+02  1.70872591E+00  1.70688098E+00  1.70872591E+00
   617  2.46800000E+02  1.70872589E+00  1.70688151E+00  1.70872589E+00
   618  2.47200000E+02  1.70872588E+00  1.70688202E+00  1.70872588E+00
   619  2.47600000E+02  1.70872586E+00  1.70688251E+00  1.70872586E+00
   620  2.48000000E+02  1.70872585E+00  1.70688296E+00  1.70872585E+00
   621  2.48400000E+02  1.70872584E+00  1.70688339E+00  1.70872584E+00
   622  2.48800000E+02  1.70872583E+00  1.70688378E+00  1.70872583E+00
   623  2.49200000E+02  1.70872582E+00  1.70688414E+00  1.70872582E+00
   624  2.49600000E+02  1.70872582E+00  1.70688446E+00  1.70872582E+00
   625  2.50000000E+02  1.70872581E+00  1.70688474E+00  1.70872581E+00
   626  2.50400000E+02  1.70872581E+00  1.70688499E+00  1.70872581E+00
   627  2.50800000E+02  1.70872581E+00  1.70688521E+00  1.70872581E+00
   628  2.51200000E+02  1.70872581E+00  1.70688538E+00  1.70872581E+00
   629  2.51600000E+02  1.70872580E+00  1.70688552E+00  1.70872580E+00
   630  2.52000000E+02  1.70872581E+00  1.70688562E+00  1.70872581E+00
   631  2.52400000E+02  1.70872581E+00  1.70688569E+00  1.70872581E+00
   632  2.52800000E+02  1.70872581E+00  1.70688572E+00  1.70872581E+00
   633  2.53200000E+02  1.70872581E+00  1.70688571E+00  1.70872581E+00
   634  2.53600000E+02  1.70872582E+00  1.70688567E+00  1.70872582E+00
   635  2.54000000E+02  1.70872582E+00  1.70688560E+00  1.70872582E+00
   636  2.54400000E+02  1.70872583E+00  1.70688550E+00  1.70872583E+00
   637  2.54800000E+02  1.70872583E+00  1.70688537E+00  1.70872583E+00
   638  2.55200000E+02  1.70872584E+00  1.70688520E+00  1.70872584E+00
   639  2.55600000E+02  1.70872585E+00  1.70688502E+00  1.70872585E+00
   640  2.56000000E+02  1.70872586E+00  1.70688480E+00  1.70872586E+00
   641  2.56400000E+02  1.70872586E+00  1.70688457E+00  1.70872586E+00
   642  2.56800000E+02  1.70872587E+00  1.70688431E+00  1.70872587E+00
   643  2.57200000E+02  1.70872588E+00  1.70688403E+00  1.70872588E+00
   644  2.57600000E+02  1.70872589E+00  1.70688373E+00  1.70872589E+00
   645  2.58000000E+02  1.70872590E+00  1.70688342E+00  1.70872590E+00
   646  2.58400000E+02  1.70872590E+00  1.70688309E+00  1.70872590E+00
   647  2.58800000E+02  1.70872591E+00  1.70688275E+00  1.70872591E+00
   648  2.59200000E+02  1.70872592E+00  1.70688240E+00  1.70872592E+00
   649  2.59600000E+02  1.70872593E+00  1.70688204E+00  1.70872593E+00
   650  2.60000000E+02  1.70872594E+00  1.70688167E+00  1.70872594E+00
   651  2.60400000E+02  1.70872594E+00  1.70688130E+00  1.70872594E+00
   652  2.60800000E+02  1.70872595E+00  1.70688093E+00  1.70872595E+00
   653  2.61200000E+02  1.70872596E+00  1.70688055E+00  1.70872596E+00
   654  2.61600000E+02  1.70872597E+00  1.70688018E+00  1.70872597E+00
   655  2.62000000E+02  1.70872597E+00  1.70687980E+00  1.70872597E+00
   656  2.62400000E+02  1.70872598E+00  1.70687943E+00  1.70872598E+00
   657  2.62800000E+02  1.70872598E+00  1.70687906E+00  1.70872598E+00
   658  2.63200000E+02  1.70872599E+00  1.70687870E+00  1.70872599E+00
   659  2.63600000E+02  1.70872599E+00  1.70687834E+00  1.70872599E+00
   660  2.64000000E+02  1.70872600E+00  1.70687800E+00  1.70872600E+00
   661  2.64400000E+02  1.70872600E+00  1.70687766E+00  1.70872600E+00
   662  2.64800000E+02  1.70872601E+00  1.70687733E+00  1.70872601E+00
   663  2.65200000E+02  1.70872601E+00  1.70687701E+00  1.70872601E+00
   664  2.65600000E+02  1.70872601E+00  1.70687671E+00  1.70872601E+00
   665  2.66000000E+02  1.70872601E+00  1.70687641E+00  1.70872601E+00
   666  2.66400000E+02  1.70872602E+00  1.70687613E+00  1.70872602E+00
   667  2.66800000E+02  1.70872602E+00  1.70687587E+00  1.70872602E+00
   668  2.67200000E+02  1.70872602E+00  1.70687561E+00  1.70872602E+00
   669  2.67600000E+02  1.70872602E+00  1.70687538E+00  1.70872602E+00
   670  2.68000000E+02  1.70872602E+00  1.70687515E+00  1.70872602E+00
   671  2.68400000E+02  1.70872602E+00  1.70687494E+00  1.70872602E+00
   672  2.68800000E+02  1.70872602E+00  1.70687475E+00  1.70872602E+00
   673  2.69200000E+02  1.70872602E+00  1.70687457E+00  1.70872602E+00
   674  2.69600000E+02  1.70872602E+00  1.70687440E+00  1.70872602E+00
   675  2.70000000E+02  1.70872602E+00  1.70687425E+00  1.70872602E+00
   676  2.70400000E+02  1.70872602E+00  1.70687411E+00  1.70872602E+00
   677  2.70800000E+02  1.70872601E+00  1.70687399E+00  1.70872601E+00
   678  2.71200000E+02  1.70872601E+00  1.70687388E+00  1.70872601E+00
   679  2.71600000E+02  1.70872601E+00  1.70687379E+00  1.70872601E+00
   680  2.72000000E+02  1.70872601E+00  1.70687370E+00  1.70872601E+00
   681  2.72400000E+02  1.70872600E+00  1.70687363E+00  1.70872600E+00
   682  2.72800000E+02  1.70872600E+00  1.70687358E+00  1.70872600E+00
   683  2.73200000E+02  1.70872600E+00  1.70687353E+00  1.70872600E+00
   684  2.73600000E+02  1.70872600E+00  1.70687349E+00  1.70872600E+00
   685  2.74000000E+02  1.70872599E+00  1.70687347E+00  1.70872599E+00
   686  2.74400000E+02  1.70872599E+00  1.70687345E+00  1.70872599E+00
   687  2.74800000E+02  1.70872599E+00  1.70687345E+00  1.70872599E+00
   688  2.75200000E+02  1.70872598E+00  1.70687345E+00  1.70872598E+00
   689  2.75600000E+02  1.70872598E+00  1.70687346E+00  1.70872598E+00
   690  2.76000000E+02  1.70872598E+00  1.70687348E+00  1.70872598E+00
   691  2.76400000E+02  1.70872597E+00  1.70687350E+00  1.70872597E+00
   692  2.76800000E+02  1.70872597E+00  1.70687353E+00  1.70872597E+00
   693  2.77200000E+02  1.70872597E+00  1.70687357E+00  1.70872597E+00
   694  2.77600000E+02  1.70872597E+00  1.70687361E+00  1.70872597E+00
   695  2.78000000E+02  1.70872596E+00  1.70687365E+00  1.70872596E+00
   696  2.78400000E+02  1.70872596E+00  1.70687370E+00  1.70872596E+00
   697  2.78800000E+02  1.70872596E+00  1.70687375E+00  1.70872596E+00
   698  2.79200000E+02  1.70872596E+00  1.70687380E+00  1.70872596E+00
   699  2.79600000E+02  1.70872595E+00  1.70687385E+00  1.70872595E+00
   700  2.80000000E+02  1.70872595E+00  1.70687391E+00  1.70872595E+00
   701  2.80400000E+02  1.70872595E+00  1.70687396E+00  1.70872595E+00
   702  2.80800000E+02  1.70872595E+00  1.70687402E+00  1.70872595E+00
   703  2.81200000E+02  1.70872595E+00  1.70687407E+00  1.70872595E+00
   704  2.81600000E+02  1.70872594E+00  1.70687412E+00  1.70872594E+00
   705  2.82000000E+02  1.70872594E+00  1.70687418E+00  1.70872594E+00
   706  2.82400000E+02  1.70872594E+00  1.70687423E+00  1.70872594E+00
   707  2.82800000E+02  1.70872594E+00  1.70687428E+00  1.70872594E+00
   708  2.83200000E+02  1.70872594E+00  1.70687433E+00  1.70872594E+00
   709  2.83600000E+02  1.70872594E+00  1.70687437E+00  1.70872594E+00
   710  2.84000000E+02  1.70872594E+00  1.70687441E+00  1.70872594E+00
   711  2.84400000E+02  1.70872594E+00  1.70687445E+00  1.70872594E+00
   712  2.84800000E+02  1.70872594E+00  1.70687449E+00  1.70872594E+00
   713  2.85200000E+02  1.70872594E+00  1.70687452E+00  1.70872594E+00
   714  2.85600000E+02  1.70872594E+00  1.70687455E+00  1.70872594E+00
   715  2.86000000E+02  1.70872594E+00  1.70687458E+00  1.70872594E+00
   716  2.86400000E+02  1.70872594E+00  1.70687460E+00  1.70872594E+00
   717  2.86800000E+02  1.70872594E+00  1.70687462E+00  1.70872594E+00
   718  2.87200000E+02  1.70872594E+00  1.70687463E+00  1.70872594E+00
   719  2.87600000E+02  1.70872594E+00  1.70687464E+00  1.70872594E+00
   720  2.88000000E+02  1.70872594E+00  1.70687465E+00  1.70872594E+00
   721  2.88400000E+02  1.70872594E+00  1.70687466E+00  1.70872594E+00
   722  2.88800000E+02  1.70872594E+00  1.70687466E+00  1.70872594E+00
   723  2.89200000E+02  1.70872594E+00  1.70687465E+00  1.70872594E+00
   724  2.89600000E+02  1.70872594E+00  1.70687465E+00  1.70872594E+00
   725  2.90000000E+02  1.70872594E+00  1.70687464E+00  1.70872594E+00
   726  2.90400000E+02  1.70872594E+00  1.70687463E+00  1.70872594E+00
   727  2.90800000E+02  1.70872595E+00  1.70687461E+00  1.70872595E+00
   728  2.91200000E+02  1.70872595E+00  1.70687459E+00  1.70872595E+00
   729  2.91600000E+02  1.70872595E+00  1.70687457E+00  1.70872595E+00
   730  2.92000000E+02  1.70872595E+00  1.70687455E+00  1.70872595E+00
   731  2.92400000E+02  1.70872595E+00  1.70687453E+00  1.70872595E+00
   732  2.92800000E+02  1.70872595E+00  1.70687450E+00  1.70872595E+00
   733  2.93200000E+02  1.70872595E+00  1.70687447E+00  1.70872595E+00
   734  2.93600000E+02  1.70872595E+00  1.70687444E+00  1.70872595E+00
   735  2.94000000E+02  1.70872595E+00  1.70687441E+00  1.70872595E+00
   736  2.94400000E+02  1.70872596E+00  1.70687437E+00  1.70872596E+00
   737  2.94800000E+02  1.70872596E+00  1.70687434E+00  1.70872596E+00
   738  2.95200000E+02  1.70872596E+00  1.70687430E+00  1.70872596E+00
   739  2.95600000E+02  1.70872596E+00  1.70687427E+00  1.70872596E+00
   740  2.96000000E+02  1.70872596E+00  1.70687423E+00  1.70872596E+00
   741  2.96400000E+02  1.70872596E+00  1.70687419E+00  1.70872596E+00
   742  2.96800000E+02  1.70872596E+00  1.70687416E+00  1.70872596E+00
   743  2.97200000E+02  1.70872596E+00  1.70687412E+00  1.70872596E+00
   744  2.97600000E+02  1.70872596E+00  1.70687408E+00  1.70872596E+00
   745  2.98000000E+02  1.70872597E+00  1.70687404E+00  1.70872597E+00
   746  2.98400000E+02  1.70872597E+00  1.70687401E+00  1.70872597E+00
   747  2.98800000E+02  1.70872597E+00  1.70687397E+00  1.70872597E+00
   748  2.99200000E+02  1.70872597E+00  1.70687394E+00  1.70872597E+00
   749  2.99600000E+02  1.70872597E+00  1.70687390E+00  1.70872597E+00
   750  3.00000000E+02  1.70872597E+00  1.70687387E+00  1.70872597E+00
   751  3.00400000E+02  1.70872597E+00  1.70687384E+00  1.70872597E+00
   752  3.00800000E+02  1.70872597E+00  1.70687381E+00  1.70872597E+00
   753  3.01200000E+02  1.70872597E+00  1.70687378E+00  1.70872597E+00
   754  3.01600000E+02  1.70872597E+00  1.70687375E+00  1.70872597E+00
   755  3.02000000E+02  1.70872597E+00  1.70687372E+00  1.70872597E+00
   756  3.02400000E+02  1.70872597E+00  1.70687370E+00  1.70872597E+00
   757  3.02800000E+02  1.70872597E+00  1.70687367E+00  1.70872597E+00
   758  3.03200000E+02  1.70872597E+00  1.70687365E+00  1.70872597E+00
   759  3.03600000E+02  1.70872597E+00  1.70687363E+00  1.70872597E+00
   760  3.04000000E+02  1.70872597E+00  1.70687361E+00  1.70872597E+00
   761  3.04400000E+02  1.70872597E+00  1.70687359E+00  1.70872597E+00
   762  3.04800000E+02  1.70872597E+00  1.70687358E+00  1.70872597E+00
   763  3.05200000E+02  1.70872597E+00  1.70687356E+00  1.70872597E+00
   764  3.05600000E+02  1.70872597E+00  1.70687355E+00  1.70872597E+00
   765  3.06000000E+02  1.70872597E+00  1.70687354E+00  1.70872597E+00
   766  3.06400000E+02  1.70872597E+00  1.70687353E+00  1.70872597E+00
   767  3.06800000E+02  1.70872597E+00  1.70687352E+00  1.70872597E+00
   768  3.07200000E+02  1.70872597E+00  1.70687351E+00  1.70872597E+00
   769  3.07600000E+02  1.70872597E+00  1.70687350E+00  1.70872597E+00
   770  3.08000000E+02  1.70872597E+00  1.70687350E+00  1.70872597E+00
   771  3.08400000E+02  1.70872597E+00  1.70687350E+00  1.70872597E+00
   772  3.08800000E+02  1.70872597E+00  1.70687349E+00  1.70872597E+00
   773  3.09200000E+02  1.70872597E+00  1.70687349E+00  1.70872597E+00
   774  3.09600000E+02  1.70872597E+00  1.70687349E+00  1.70872597E+00
   775  3.10000000E+02  1.70872597E+00  1.70687350E+00  1.70872597E+00
   776  3.10400000E+02  1.70872597E+00  1.70687350E+00  1.70872597E+00
   777  3.10800000E+02  1.70872597E+00  1.70687350E+00  1.70872597E+00
   778  3.11200000E+02  1.70872597E+00  1.70687351E+00  1.70872597E+00
   779  3.11600000E+02  1.70872597E+00  1.70687351E+00  1.70872597E+00
   780  3.12000000E+02  1.70872597E+00  1.70687352E+00  1.70872597E+00
   781  3.12400000E+02  1.70872597E+00  1.70687352E+00  1.70872597E+00
   782  3.12800000E+02  1.70872597E+00  1.70687353E+00  1.70872597E+00
   783  3.13200000E+02  1.70872597E+00  1.70687353E+00  1.70872597E+00
   784  3.13600000E+02  1.70872597E+00  1.70687354E+00  1.70872597E+00
   785  3.14000000E+02  1.70872597E+00  1.70687355E+00  1.70872597E+00
   786  3.14400000E+02  1.70872597E+00  1.70687356E+00  1.70872597E+00
   787  3.14800000E+02  1.70872597E+00  1.70687357E+00  1.70872597E+00
   788  3.15200000E+02  1.70872597E+00  1.70687358E+00  1.70872597E+00
   789  3.15600000E+02  1.70872597E+00  1.70687358E+00  1.70872597E+00
   790  3.16000000E+02  1.70872597E+00  1.70687359E+00  1.70872597E+00
   791  3.16400000E+02  1.70872597E+00  1.70687360E+00  1.70872597E+00
   792  3.16800000E+02  1.70872597E+00  1.70687361E+00  1.70872597E+00
   793  3.17200000E+02  1.70872597E+00  1.70687362E+00  1.70872597E+00
   794  3.17600000E+02  1.70872597E+00  1.70687363E+00  1.70872597E+00
   795  3.18000000E+02  1.70872597E+00  1.70687363E+00  1.70872597E+00
   796  3.18400000E+02  1.70872597E+00  1.70687364E+00  1.70872597E+00
   797  3.18800000E+02  1.70872597E+00  1.70687365E+00  1.70872597E+00
   798  3.19200000E+02  1.70872597E+00  1.70687366E+00  1.70872597E+00
   799  3.19600000E+02  1.70872597E+00  1.70687366E+00  1.70872597E+00
   800  3.20000000E+02  1.70872597E+00  1.70687367E+00  1.70872597E+00
   801  3.20400000E+02  1.70872597E+00  1.70687367E+00  1.70872597E+00
   802  3.20800000E+02  1.70872597E+00  1.70687368E+00  1.70872597E+00
   803  3.21200000E+02  1.70872597E+00  1.70687369E+00  1.70872597E+00
   804  3.21600000E+02  1.70872597E+00  1.70687369E+00  1.70872597E+00
   805  3.22000000E+02  1.70872597E+00  1.70687369E+00  1.70872597E+00
   806  3.22400000E+02  1.70872597E+00  1.70687370E+00  1.70872597E+00
   807  3.22800000E+02  1.70872597E+00  1.70687370E+00  1.70872597E+00
   808  3.23200000E+02  1.70872597E+00  1.70687371E+00  1.70872597E+00
   809  3.23600000E+02  1.70872597E+00  1.70687371E+00  1.70872597E+00
   810  3.24000000E+02  1.70872597E+00  1.70687371E+00  1.70872597E+00
   811  3.24400000E+02  1.70872597E+00  1.70687371E+00  1.70872597E+00
   812  3.24800000E+02  1.70872597E+00  1.70687371E+00  1.70872597E+00
   813  3.25200000E+02  1.70872597E+00  1.70687371E+00  1.70872597E+00
   814  3.25600000E+02  1.70872597E+00  1.70687371E+00  1.70872597E+00
   815  3.26000000E+02  1.70872597E+00  1.70687371E+00  1.70872597E+00
   816  3.26400000E+02  1.70872597E+00  1.70687371E+00  1.70872597E+00
   817  3.26800000E+02  1.70872597E+00  1.70687371E+00  1.70872597E+00
   818  3.27200000E+02  1.70872597E+00  1.70687371E+00  1.70872597E+00
   819  3.27600000E+02  1.70872597E+00  1.70687371E+00  1.70872597E+00
   820  3.28000000E+02  1.70872597E+00  1.70687371E+00  1.70872597E+00
   821  3.28400000E+02  1.70872597E+00  1.70687371E+00  1.70872597E+00
   822  3.28800000E+02  1.70872597E+00  1.70687371E+00  1.70872597E+00
   823  3.29200000E+02  1.70872597E+00  1.70687371E+00  1.70872597E+00
   824  3.29600000E+02  1.70872597E+00  1.70687370E+00  1.70872597E+00
   825  3.30000000E+02  1.70872597E+00  1.70687370E+00  1.70872597E+00
   826  3.30400000E+02  1.70872597E+00  1.70687370E+00  1.70872597E+00
   827  3.30800000E+02  1.70872597E+00  1.70687369E+00  1.70872597E+00
   828  3.31200000E+02  1.70872597E+00  1.70687369E+00  1.70872597E+00
   829  3.31600000E+02  1.70872597E+00  1.70687369E+00  1.70872597E+00
   830  3.32000000E+02  1.70872597E+00  1.70687369E+00  1.70872597E+00
   831  3.32400000E+02  1.70872597E+00  1.70687368E+00  1.70872597E+00
   832  3.32800000E+02  1.70872597E+00  1.70687368E+00  1.70872597E+00
   833  3.33200000E+02  1.70872597E+00  1.70687368E+00  1.70872597E+00
   834  3.33600000E+02  1.70872597E+00  1.70687367E+00  1.70872597E+00
   835  3.34000000E+02  1.70872597E+00  1.70687367E+00  1.70872597E+00
   836  3.34400000E+02  1.70872597E+00  1.70687367E+00  1.70872597E+00
   837  3.34800000E+02  1.70872597E+00  1.70687366E+00  1.70872597E+00
   838  3.35200000E+02  1.70872597E+00  1.70687366E+00  1.70872597E+00
   839  3.35600000E+02  1.70872597E+00  1.70687366E+00  1.70872597E+00
   840  3.36000000E+02  1.70872597E+00  1.70687366E+00  1.70872597E+00
   841  3.36400000E+02  1.70872597E+00  1.70687365E+00  1.70872597E+00
   842  3.36800000E+02  1.70872597E+00  1.70687365E+00  1.70872597E+00
   843  3.37200000E+02  1.70872597E+00  1.70687365E+00  1.70872597E+00
   844  3.37600000E+02  1.70872597E+00  1.70687365E+00  1.70872597E+00
   845  3.38000000E+02  1.70872597E+00  1.70687364E+00  1.70872597E+00
   846  3.38400000E+02  1.70872597E+00  1.70687364E+00  1.70872597E+00
   847  3.38800000E+02  1.70872597E+00  1.70687364E+00  1.70872597E+00
   848  3.39200000E+02  1.70872597E+00  1.70687364E+00  1.70872597E+00
   849  3.39600000E+02  1.70872597E+00  1.70687364E+00  1.70872597E+00
   850  3.40000000E+02  1.70872597E+00  1.70687364E+00  1.70872597E+00
   851  3.40400000E+02  1.70872597E+00  1.70687363E+00  1.70872597E+00
   852  3.40800000E+02  1.70872597E+00  1.70687363E+00  1.70872597E+00
   853  3.41200000E+02  1.70872597E+00  1.70687363E+00  1.70872597E+00
   854  3.41600000E+02  1.70872597E+00  1.70687363E+00  1.70872597E+00
   855  3.42000000E+02  1.70872597E+00  1.70687363E+00  1.70872597E+00
   856  3.42400000E+02  1.70872597E+00  1.70687363E+00  1.70872597E+00
   857  3.42800000E+02  1.70872597E+00  1.70687363E+00  1.70872597E+00
   858  3.43200000E+02  1.70872597E+00  1.70687363E+00  1.70872597E+00
   859  3.43600000E+02  1.70872597E+00  1.70687363E+00  1.70872597E+00
   860  3.44000000E+02  1.70872597E+00  1.70687363E+00  1.70872597E+00
   861  3.44400000E+02  1.70872597E+00  1.70687363E+00  1.70872597E+00
   862  3.44800000E+02  1.70872597E+00  1.70687363E+00  1.70872597E+00
   863  3.45200000E+02  1.70872597E+00  1.70687363E+00  1.70872597E+00
   864  3.45600000E+02  1.70872597E+00  1.70687363E+00  1.70872597E+00
   865  3.46000000E+02  1.70872597E+00  1.70687363E+00  1.70872597E+00
   866  3.46400000E+02  1.70872597E+00  1.70687363E+00  1.70872597E+00
   867  3.46800000E+02  1.70872597E+00  1.70687363E+00  1.70872597E+00
   868  3.47200000E+02  1.70872597E+00  1.70687363E+00  1.70872597E+00
   869  3.47600000E+02  1.70872597E+00  1.70687364E+00  1.70872597E+00
   870  3.48000000E+02  1.70872597E+00  1.70687364E+00  1.70872597E+00
   871  3.48400000E+02  1.70872597E+00  1.70687364E+00  1.70872597E+00
   872  3.48800000E+02  1.70872597E+00  1.70687364E+00  1.70872597E+00
   873  3.49200000E+02  1.70872597E+00  1.70687364E+00  1.70872597E+00
   874  3.49600000E+02  1.70872597E+00  1.70687364E+00  1.70872597E+00
   875  3.50000000E+02  1.70872597E+00  1.70687364E+00  1.70872597E+00
   876  3.50400000E+02  1.70872597E+00  1.70687364E+00  1.70872597E+00
   877  3.50800000E+02  1.70872597E+00  1.70687365E+00  1.70872597E+00
   878  3.51200000E+02  1.70872597E+00  1.70687365E+00  1.70872597E+00
   879  3.51600000E+02  1.70872597E+00  1.70687365E+00  1.70872597E+00
   880  3.52000000E+02  1.70872597E+00  1.70687365E+00  1.70872597E+00
   881  3.52400000E+02  1.70872597E+00  1.70687365E+00  1.70872597E+00
   882  3.52800000E+02  1.70872597E+00  1.70687365E+00  1.70872597E+00
   883  3.53200000E+02  1.70872597E+00  1.70687365E+00  1.70872597E+00
   884  3.53600000E+02  1.70872597E+00  1.70687365E+00  1.70872597E+00
   885  3.54000000E+02  1.70872597E+00  1.70687365E+00  1.70872597E+00
   886  3.54400000E+02  1.70872597E+00  1.70687366E+00  1.70872597E+00
   887  3.54800000E+02  1.70872597E+00  1.70687366E+00  1.70872597E+00
   888  3.55200000E+02  1.70872597E+00  1.70687366E+00  1.70872597E+00
   889  3.55600000E+02  1.70872597E+00  1.70687366E+00  1.70872597E+00
   890  3.56000000E+02  1.70872597E+00  1.70687366E+00  1.70872597E+00
   891  3.56400000E+02  1.70872597E+00  1.70687366E+00  1.70872597E+00
   892  3.56800000E+02  1.70872597E+00  1.70687366E+00  1.70872597E+00
   893  3.57200000E+02  1.70872597E+00  1.70687366E+00  1.70872597E+00
   894  3.57600000E+02  1.70872597E+00  1.70687366E+00  1.70872597E+00
   895  3.58000000E+02  1.70872597E+00  1.70687366E+00  1.70872597E+00
   896  3.58400000E+02  1.70872597E+00  1.70687366E+00  1.70872597E+00
   897  3.58800000E+02  1.70872597E+00  1.70687366E+00  1.70872597E+00
   898  3.59200000E+02  1.70872597E+00  1.70687367E+00  1.70872597E+00
   899  3.59600000E+02  1.70872597E+00  1.70687367E+00  1.70872597E+00
   900  3.60000000E+02  1.70872597E+00  1.70687367E+00  1.70872597E+00
   901  3.60400000E+02  1.70872597E+00  1.70687367E+00  1.70872597E+00
   902  3.60800000E+02  1.70872597E+00  1.70687367E+00  1.70872597E+00
   903  3.61200000E+02  1.70872597E+00  1.70687367E+00  1.70872597E+00
   904  3.61600000E+02  1.70872597E+00  1.70687367E+00  1.70872597E+00
   905  3.62000000E+02  1.70872597E+00  1.70687367E+00  1.70872597E+00
   906  3.62400000E+02  1.70872597E+00  1.70687367E+00  1.70872597E+00
   907  3.62800000E+02  1.70872597E+00  1.70687367E+00  1.70872597E+00
   908  3.63200000E+02  1.70872597E+00  1.70687367E+00  1.70872597E+00
   909  3.63600000E+02  1.70872597E+00  1.70687367E+00  1.70872597E+00
   910  3.64000000E+02  1.70872597E+00  1.70687367E+00  1.70872597E+00
   911  3.64400000E+02  1.70872597E+00  1.70687367E+00  1.70872597E+00
   912  3.64800000E+02  1.70872597E+00  1.70687367E+00  1.70872597E+00
   913  3.65200000E+02  1.70872597E+00  1.70687367E+00  1.70872597E+00
   914  3.65600000E+02  1.70872597E+00  1.70687367E+00  1.70872597E+00
   915  3.66000000E+02  1.70872597E+00  1.70687367E+00  1.70872597E+00
   916  3.66400000E+02  1.70872597E+00  1.70687367E+00  1.70872597E+00
   917  3.66800000E+02  1.70872597E+00  1.70687367E+00  1.70872597E+00
   918  3.67200000E+02  1.70872597E+00  1.70687367E+00  1.70872597E+00
   919  3.67600000E+02  1.70872597E+00  1.70687367E+00  1.70872597E+00
   920  3.68000000E+02  1.70872597E+00  1.70687367E+00  1.70872597E+00
   921  3.68400000E+02  1.70872597E+00  1.70687367E+00  1.70872597E+00
   922  3.68800000E+02  1.70872597E+00  1.70687367E+00  1.70872597E+00
   923  3.69200000E+02  1.70872597E+00  1.70687367E+00  1.70872597E+00
   924  3.69600000E+02  1.70872597E+00  1.70687367E+00  1.70872597E+00
   925  3.70000000E+02  1.70872597E+00  1.70687367E+00  1.70872597E+00
   926  3.70400000E+02  1.70872597E+00  1.70687366E+00  1.70872597E+00
   927  3.70800000E+02  1.70872597E+00  1.70687366E+00  1.70872597E+00
   928  3.71200000E+02  1.70872597E+00  1.70687366E+00  1.70872597E+00
   929  3.71600000E+02  1.70872597E+00  1.70687366E+00  1.70872597E+00
   930  3.72000000E+02  1.70872597E+00  1.70687366E+00  1.70872597E+00
   931  3.72400000E+02  1.70872597E+00  1.70687366E+00  1.70872597E+00
   932  3.72800000E+02  1.70872597E+00  1.70687366E+00  1.70872597E+00
   933  3.73200000E+02  1.70872597E+00  1.70687366E+00  1.70872597E+00
   934  3.73600000E+02  1.70872597E+00  1.70687366E+00  1.70872597E+00
   935  3.74000000E+02  1.70872597E+00  1.70687366E+00  1.70872597E+00
   936  3.74400000E+02  1.70872597E+00  1.70687366E+00  1.70872597E+00
   937  3.74800000E+02  1.70872597E+00  1.70687366E+00  1.70872597E+00
   938  3.75200000E+02  1.70872597E+00  1.70687366E+00  1.70872597E+00
   939  3.75600000E+02  1.70872597E+00  1.70687366E+00  1.70872597E+00
   940  3.76000000E+02  1.70872597E+00  1.70687366E+00  1.70872597E+00
   941  3.76400000E+02  1.70872597E+00  1.70687366E+00  1.70872597E+00
   942  3.76800000E+02  1.70872597E+00  1.70687366E+00  1.70872597E+00
   943  3.77200000E+02  1.70872597E+00  1.70687366E+00  1.70872597E+00
   944  3.77600000E+02  1.70872597E+00  1.70687366E+00  1.70872597E+00
   945  3.78000000E+02  1.70872597E+00  1.70687366E+00  1.70872597E+00
   946  3.78400000E+02  1.70872597E+00  1.70687366E+00  1.70872597E+00
   947  3.78800000E+02  1.70872597E+00  1.70687366E+00  1.70872597E+00
   948  3.79200000E+02  1.70872597E+00  1.70687366E+00  1.70872597E+00
   949  3.79600000E+02  1.70872597E+00  1.70687366E+00  1.70872597E+00
   950  3.80000000E+02  1.70872597E+00  1.70687366E+00  1.70872597E+00
   951  3.80400000E+02  1.70872597E+00  1.70687366E+00  1.70872597E+00
   952  3.80800000E+02  1.70872597E+00  1.70687366E+00  1.70872597E+00
   953  3.81200000E+02  1.70872597E+00  1.70687366E+00  1.70872597E+00
   954  3.81600000E+02  1.70872597E+00  1.70687366E+00  1.70872597E+00
   955  3.82000000E+02  1.70872597E+00  1.70687366E+00  1.70872597E+00
   956  3.82400000E+02  1.70872597E+00  1.70687366E+00  1.70872597E+00
   957  3.82800000E+02  1.70872597E+00  1.70687366E+00  1.70872597E+00
   958  3.83200000E+02  1.70872597E+00  1.70687366E+00  1.70872597E+00
   959  3.83600000E+02  1.70872597E+00  1.70687366E+00  1.70872597E+00
   960  3.84000000E+02  1.70872597E+00  1.70687366E+00  1.70872597E+00
   961  3.84400000E+02  1.70872597E+00  1.70687366E+00  1.70872597E+00
   962  3.84800000E+02  1.70872597E+00  1.70687366E+00  1.70872597E+00
   963  3.85200000E+02  1.70872597E+00  1.70687366E+00  1.70872597E+00
   964  3.85600000E+02  1.70872597E+00  1.70687366E+00  1.70872597E+00
   965  3.86000000E+02  1.70872597E+00  1.70687366E+00  1.70872597E+00
   966  3.86400000E+02  1.70872597E+00  1.70687366E+00  1.70872597E+00
   967  3.86800000E+02  1.70872597E+00  1.70687367E+00  1.70872597E+00
   968  3.87200000E+02  1.70872597E+00  1.70687367E+00  1.70872597E+00
   969  3.87600000E+02  1.70872597E+00  1.70687367E+00  1.70872597E+00
   970  3.88000000E+02  1.70872597E+00  1.70687367E+00  1.70872597E+00
   971  3.88400000E+02  1.70872597E+00  1.70687367E+00  1.70872597E+00
   972  3.88800000E+02  1.70872597E+00  1.70687367E+00  1.70872597E+00
   973  3.89200000E+02  1.70872597E+00  1.70687367E+00  1.70872597E+00
   974  3.89600000E+02  1.70872597E+00  1.70687367E+00  1.70872597E+00
   975  3.90000000E+02  1.70872597E+00  1.70687367E+00  1.70872597E+00
   976  3.90400000E+02  1.70872597E+00  1.70687367E+00  1.70872597E+00
   977  3.90800000E+02  1.70872597E+00  1.70687367E+00  1.70872597E+00
   978  3.91200000E+02  1.70872597E+00  1.70687367E+00  1.70872597E+00
   979  3.91600000E+02  1.70872597E+00  1.70687367E+00  1.70872597E+00
   980  3.92000000E+02  1.70872597E+00  1.70687367E+00  1.70872597E+00
   981  3.92400000E+02  1.70872597E+00  1.70687367E+00  1.70872597E+00
   982  3.92800000E+02  1.70872597E+00  1.70687367E+00  1.70872597E+00
   983  3.93200000E+02  1.70872597E+00  1.70687367E+00  1.70872597E+00
   984  3.93600000E+02  1.70872597E+00  1.70687367E+00  1.70872597E+00
   985  3.94000000E+02  1.70872597E+00  1.70687367E+00  1.70872597E+00
   986  3.94400000E+02  1.70872597E+00  1.70687367E+00  1.70872597E+00
   987  3.94800000E+02  1.70872597E+00  1.70687367E+00  1.70872597E+00
   988  3.95200000E+02  1.70872597E+00  1.70687367E+00  1.70872597E+00
   989  3.95600000E+02  1.70872597E+00  1.70687367E+00  1.70872597E+00
   990  3.96000000E+02  1.70872597E+00  1.70687367E+00  1.70872597E+00
   991  3.96400000E+02  1.70872597E+00  1.70687367E+00  1.70872597E+00
   992  3.96800000E+02  1.70872597E+00  1.70687367E+00  1.70872597E+00
   993  3.97200000E+02  1.70872597E+00  1.70687367E+00  1.70872597E+00
   994  3.97600000E+02  1.70872597E+00  1.70687367E+00  1.70872597E+00
   995  3.98000000E+02  1.70872597E+00  1.70687367E+00  1.70872597E+00
   996  3.98400000E+02  1.70872597E+00  1.70687367E+00  1.70872597E+00
   997  3.98800000E+02  1.70872597E+00  1.70687367E+00  1.70872597E+00
   998  3.99200000E+02  1.70872597E+00  1.70687367E+00  1.70872597E+00
   999  3.99600000E+02  1.70872597E+00  1.70687367E+00  1.70872597E+00
  1000  4.00000000E+02  1.70872597E+00  1.70687367E+00  1.70872597E+00
