 comppar: model =   2
 comppar: lambda,mobility/eps,betav,eta_0 =  3.0000E-01  0.0000E+00  1.0000E-01  1.0000E+00
 comppar: eta_s,eta_p,G =  1.0000E-01  9.0000E-01  3.0000E+00
 comppar: U_avg,deltat,flowrate,nsteps =  1.0000E-01  2.0000E-01  3.1416E-01    2000
 comppar: geometry = axisymmetric
 comppar: steady stop change,gap,hold,min =  1.0000E-07  1.0000E-03       1      80
 comppar: steady stop truncated decimals =       3
 comppar: ncompc,ncompg =     4     5
 mesh nnodes = 5797
 mesh nelem = 2796
 P1 BC   5.0000000000000000     
 P2 BC   0.0000000000000000     
     1  2.00000000E-01  1.00252803E+00  1.00000000E+00  1.00252803E+00
     2  4.00000000E-01  1.00498924E+00  1.00000000E+00  1.00498924E+00
     3  6.00000000E-01  1.00736876E+00  1.00000000E+00  1.00736876E+00
     4  8.00000000E-01  1.00971053E+00  1.00000000E+00  1.00971053E+00
     5  1.00000000E+00  1.01202071E+00  1.00000000E+00  1.01202071E+00
     6  1.20000000E+00  1.01429817E+00  1.00000000E+00  1.01429817E+00
     7  1.40000000E+00  1.01655575E+00  1.00000000E+00  1.01655575E+00
     8  1.60000000E+00  1.01877528E+00  1.00000000E+00  1.01877528E+00
     9  1.80000000E+00  1.02097308E+00  1.00000000E+00  1.02097308E+00
    10  2.00000000E+00  1.02313710E+00  1.00000000E+00  1.02313710E+00
    11  2.20000000E+00  1.02527490E+00  1.00000000E+00  1.02527490E+00
    12  2.40000000E+00  1.02737736E+00  1.00000001E+00  1.02737736E+00
    13  2.60000000E+00  1.02946142E+00  1.00000001E+00  1.02946142E+00
    14  2.80000000E+00  1.03150279E+00  1.00000001E+00  1.03150279E+00
    15  3.00000000E+00  1.03353464E+00  1.00000001E+00  1.03353464E+00
    16  3.20000000E+00  1.03551031E+00  1.00000001E+00  1.03551031E+00
    17  3.40000000E+00  1.03748850E+00  1.00000000E+00  1.03748850E+00
    18  3.60000000E+00  1.03942027E+00  1.00000000E+00  1.03942027E+00
    19  3.80000000E+00  1.04132595E+00  1.00000000E+00  1.04132595E+00
    20  4.00000000E+00  1.04321547E+00  1.00000000E+00  1.04321547E+00
    21  4.20000000E+00  1.04504388E+00  1.00000000E+00  1.04504388E+00
    22  4.40000000E+00  1.04688643E+00  9.99999998E-01  1.04688643E+00
    23  4.60000000E+00  1.04868455E+00  9.99999995E-01  1.04868455E+00
    24  4.80000000E+00  1.05043229E+00  9.99999992E-01  1.05043229E+00
    25  5.00000000E+00  1.05220142E+00  9.99999989E-01  1.05220142E+00
    26  5.20000000E+00  1.05390660E+00  9.99999984E-01  1.05390660E+00
    27  5.40000000E+00  1.05556735E+00  9.99999979E-01  1.05556735E+00
    28  5.60000000E+00  1.05725819E+00  9.99999974E-01  1.05725819E+00
    29  5.80000000E+00  1.05888280E+00  9.99999967E-01  1.05888280E+00
    30  6.00000000E+00  1.06046819E+00  9.99999959E-01  1.06046819E+00
    31  6.20000000E+00  1.06208036E+00  9.99999951E-01  1.06208036E+00
    32  6.40000000E+00  1.06362405E+00  9.99999942E-01  1.06362405E+00
    33  6.60000000E+00  1.06510249E+00  9.99999931E-01  1.06510249E+00
    34  6.80000000E+00  1.06665168E+00  9.99999919E-01  1.06665168E+00
    35  7.00000000E+00  1.06813111E+00  9.99999906E-01  1.06813111E+00
    36  7.20000000E+00  1.06953779E+00  9.99999891E-01  1.06953779E+00
    37  7.40000000E+00  1.07099177E+00  9.99999875E-01  1.07099177E+00
    38  7.60000000E+00  1.07240701E+00  9.99999857E-01  1.07240701E+00
    39  7.80000000E+00  1.07374829E+00  9.99999838E-01  1.07374829E+00
    40  8.00000000E+00  1.07506090E+00  9.99999816E-01  1.07506090E+00
    41  8.20000000E+00  1.07643228E+00  9.99999793E-01  1.07643228E+00
    42  8.40000000E+00  1.07772942E+00  9.99999767E-01  1.07772942E+00
    43  8.60000000E+00  1.07894980E+00  9.99999740E-01  1.07894980E+00
    44  8.80000000E+00  1.08022417E+00  9.99999709E-01  1.08022417E+00
    45  9.00000000E+00  1.08147721E+00  9.99999676E-01  1.08147721E+00
    46  9.20000000E+00  1.08265319E+00  9.99999641E-01  1.08265319E+00
    47  9.40000000E+00  1.08375000E+00  9.99999602E-01  1.08375000E+00
    48  9.60000000E+00  1.08495590E+00  9.99999561E-01  1.08495590E+00
    49  9.80000000E+00  1.08611262E+00  9.99999516E-01  1.08611262E+00
    50  1.00000000E+01  1.08719070E+00  9.99999468E-01  1.08719070E+00
    51  1.02000000E+01  1.08818907E+00  9.99999415E-01  1.08818907E+00
    52  1.04000000E+01  1.08932630E+00  9.99999359E-01  1.08932630E+00
    53  1.06000000E+01  1.09038521E+00  9.99999299E-01  1.09038521E+00
    54  1.08000000E+01  1.09136419E+00  9.99999235E-01  1.09136419E+00
    55  1.10000000E+01  1.09226205E+00  9.99999166E-01  1.09226205E+00
    56  1.12000000E+01  1.09329453E+00  9.99999092E-01  1.09329453E+00
    57  1.14000000E+01  1.09427811E+00  9.99999013E-01  1.09427811E+00
    58  1.16000000E+01  1.09518139E+00  9.99998928E-01  1.09518139E+00
    59  1.18000000E+01  1.09600368E+00  9.99998838E-01  1.09600368E+00
    60  1.20000000E+01  1.09693037E+00  9.99998742E-01  1.09693037E+00
    61  1.22000000E+01  1.09783787E+00  9.99998639E-01  1.09783787E+00
    62  1.24000000E+01  1.09866482E+00  9.99998530E-01  1.09866482E+00
    63  1.26000000E+01  1.09941105E+00  9.99998413E-01  1.09941105E+00
    64  1.28000000E+01  1.10021864E+00  9.99998290E-01  1.10021864E+00
    65  1.30000000E+01  1.10105295E+00  9.99998158E-01  1.10105295E+00
    66  1.32000000E+01  1.10180716E+00  9.99998018E-01  1.10180716E+00
    67  1.34000000E+01  1.10248186E+00  9.99997870E-01  1.10248186E+00
    68  1.36000000E+01  1.10320831E+00  9.99997713E-01  1.10320831E+00
    69  1.38000000E+01  1.10396885E+00  9.99997546E-01  1.10396885E+00
    70  1.40000000E+01  1.10464992E+00  9.99997370E-01  1.10464992E+00
    71  1.42000000E+01  1.10525281E+00  9.99997183E-01  1.10525281E+00
    72  1.44000000E+01  1.10589343E+00  9.99996985E-01  1.10589343E+00
    73  1.46000000E+01  1.10658246E+00  9.99996776E-01  1.10658246E+00
    74  1.48000000E+01  1.10719378E+00  9.99996556E-01  1.10719378E+00
    75  1.50000000E+01  1.10772964E+00  9.99996322E-01  1.10772964E+00
    76  1.52000000E+01  1.10831420E+00  9.99996076E-01  1.10831420E+00
    77  1.54000000E+01  1.10893138E+00  9.99995816E-01  1.10893138E+00
    78  1.56000000E+01  1.10947278E+00  9.99995542E-01  1.10947278E+00
    79  1.58000000E+01  1.10994157E+00  9.99995253E-01  1.10994157E+00
    80  1.60000000E+01  1.11047022E+00  9.99994949E-01  1.11047022E+00
    81  1.62000000E+01  1.11102002E+00  9.99994629E-01  1.11102002E+00
    82  1.64000000E+01  1.11149736E+00  9.99994292E-01  1.11149736E+00
    83  1.66000000E+01  1.11190622E+00  9.99993937E-01  1.11190622E+00
    84  1.68000000E+01  1.11239501E+00  9.99993564E-01  1.11239501E+00
    85  1.70000000E+01  1.11287740E+00  9.99993172E-01  1.11287740E+00
    86  1.72000000E+01  1.11329081E+00  9.99992761E-01  1.11329081E+00
    87  1.74000000E+01  1.11364011E+00  9.99992329E-01  1.11364011E+00
    88  1.76000000E+01  1.11409755E+00  9.99991875E-01  1.11409755E+00
    89  1.78000000E+01  1.11451931E+00  9.99991400E-01  1.11451931E+00
    90  1.80000000E+01  1.11487663E+00  9.99990901E-01  1.11487663E+00
    91  1.82000000E+01  1.11517490E+00  9.99990378E-01  1.11517490E+00
    92  1.84000000E+01  1.11559764E+00  9.99989831E-01  1.11559764E+00
    93  1.86000000E+01  1.11595909E+00  9.99989258E-01  1.11595909E+00
    94  1.88000000E+01  1.11626093E+00  9.99988658E-01  1.11626093E+00
    95  1.90000000E+01  1.11654702E+00  9.99988031E-01  1.11654702E+00
    96  1.92000000E+01  1.11691654E+00  9.99987374E-01  1.11691654E+00
    97  1.94000000E+01  1.11722590E+00  9.99986689E-01  1.11722590E+00
    98  1.96000000E+01  1.11748081E+00  9.99985972E-01  1.11748081E+00
    99  1.98000000E+01  1.11774756E+00  9.99985224E-01  1.11774756E+00
   100  2.00000000E+01  1.11806073E+00  9.99984444E-01  1.11806073E+00
   101  2.02000000E+01  1.11831891E+00  9.99983629E-01  1.11831891E+00
   102  2.04000000E+01  1.11852823E+00  9.99982780E-01  1.11852823E+00
   103  2.06000000E+01  1.11879851E+00  9.99981894E-01  1.11879851E+00
   104  2.08000000E+01  1.11906366E+00  9.99980972E-01  1.11906366E+00
   105  2.10000000E+01  1.11927900E+00  9.99980012E-01  1.11927900E+00
   106  2.12000000E+01  1.11945067E+00  9.99979012E-01  1.11945067E+00
   107  2.14000000E+01  1.11969807E+00  9.99977972E-01  1.11969807E+00
   108  2.16000000E+01  1.11991643E+00  9.99976890E-01  1.11991643E+00
   109  2.18000000E+01  1.12009065E+00  9.99975766E-01  1.12009065E+00
   110  2.20000000E+01  1.12025955E+00  9.99974598E-01  1.12025955E+00
   111  2.22000000E+01  1.12048426E+00  9.99973385E-01  1.12048426E+00
   112  2.24000000E+01  1.12066379E+00  9.99972126E-01  1.12066379E+00
   113  2.26000000E+01  1.12080425E+00  9.99970820E-01  1.12080425E+00
   114  2.28000000E+01  1.12095876E+00  9.99969466E-01  1.12095876E+00
   115  2.30000000E+01  1.12114109E+00  9.99968063E-01  1.12114109E+00
   116  2.32000000E+01  1.12128390E+00  9.99966610E-01  1.12128390E+00
   117  2.34000000E+01  1.12139322E+00  9.99965106E-01  1.12139322E+00
   118  2.36000000E+01  1.12156859E+00  9.99963549E-01  1.12156859E+00
   119  2.38000000E+01  1.12171599E+00  9.99961940E-01  1.12171599E+00
   120  2.40000000E+01  1.12182876E+00  9.99960277E-01  1.12182876E+00
   121  2.42000000E+01  1.12191697E+00  9.99958559E-01  1.12191697E+00
   122  2.44000000E+01  1.12206696E+00  9.99956787E-01  1.12206696E+00
   123  2.46000000E+01  1.12218190E+00  9.99954958E-01  1.12218190E+00
   124  2.48000000E+01  1.12226759E+00  9.99953072E-01  1.12226759E+00
   125  2.50000000E+01  1.12238480E+00  9.99951130E-01  1.12238480E+00
   126  2.52000000E+01  1.12250360E+00  9.99949130E-01  1.12250360E+00
   127  2.54000000E+01  1.12259204E+00  9.99947073E-01  1.12259204E+00
   128  2.56000000E+01  1.12265557E+00  9.99944958E-01  1.12265557E+00
   129  2.58000000E+01  1.12275652E+00  9.99942785E-01  1.12275652E+00
   130  2.60000000E+01  1.12284696E+00  9.99940554E-01  1.12284696E+00
   131  2.62000000E+01  1.12291216E+00  9.99938266E-01  1.12291216E+00
   132  2.64000000E+01  1.12298976E+00  9.99935921E-01  1.12298976E+00
   133  2.66000000E+01  1.12308335E+00  9.99933521E-01  1.12308335E+00
   134  2.68000000E+01  1.12315063E+00  9.99931064E-01  1.12315063E+00
   135  2.70000000E+01  1.12319678E+00  9.99928554E-01  1.12319678E+00
   136  2.72000000E+01  1.12326128E+00  9.99925990E-01  1.12326128E+00
   137  2.74000000E+01  1.12333037E+00  9.99923376E-01  1.12333037E+00
   138  2.76000000E+01  1.12337804E+00  9.99920711E-01  1.12337804E+00
   139  2.78000000E+01  1.12343020E+00  9.99918000E-01  1.12343020E+00
   140  2.80000000E+01  1.12350177E+00  9.99915243E-01  1.12350177E+00
   141  2.82000000E+01  1.12355088E+00  9.99912445E-01  1.12355088E+00
   142  2.84000000E+01  1.12358238E+00  9.99909608E-01  1.12358238E+00
   143  2.86000000E+01  1.12362306E+00  9.99906736E-01  1.12362306E+00
   144  2.88000000E+01  1.12367380E+00  9.99903832E-01  1.12367380E+00
   145  2.90000000E+01  1.12370665E+00  9.99900902E-01  1.12370665E+00
   146  2.92000000E+01  1.12374382E+00  9.99897949E-01  1.12374382E+00
   147  2.94000000E+01  1.12379637E+00  9.99894981E-01  1.12379637E+00
   148  2.96000000E+01  1.12383009E+00  9.99892002E-01  1.12383009E+00
   149  2.98000000E+01  1.12384944E+00  9.99889019E-01  1.12384944E+00
   150  3.00000000E+01  1.12387572E+00  9.99886040E-01  1.12387572E+00
   151  3.02000000E+01  1.12391088E+00  9.99883072E-01  1.12391088E+00
   152  3.04000000E+01  1.12393143E+00  9.99880124E-01  1.12393143E+00
   153  3.06000000E+01  1.12396087E+00  9.99877205E-01  1.12396087E+00
   154  3.08000000E+01  1.12399723E+00  9.99874326E-01  1.12399723E+00
   155  3.10000000E+01  1.12401811E+00  9.99871498E-01  1.12401811E+00
   156  3.12000000E+01  1.12402761E+00  9.99868731E-01  1.12402761E+00
   157  3.14000000E+01  1.12404607E+00  9.99866041E-01  1.12404607E+00
   158  3.16000000E+01  1.12406822E+00  9.99863439E-01  1.12406822E+00
   159  3.18000000E+01  1.12407876E+00  9.99860941E-01  1.12407876E+00
   160  3.20000000E+01  1.12410541E+00  9.99858564E-01  1.12410541E+00
   161  3.22000000E+01  1.12412818E+00  9.99856324E-01  1.12412818E+00
   162  3.24000000E+01  1.12413857E+00  9.99854239E-01  1.12413857E+00
   163  3.26000000E+01  1.12414029E+00  9.99852331E-01  1.12414029E+00
   164  3.28000000E+01  1.12415530E+00  9.99850619E-01  1.12415530E+00
   165  3.30000000E+01  1.12416679E+00  9.99849126E-01  1.12416679E+00
   166  3.32000000E+01  1.12417121E+00  9.99847877E-01  1.12417121E+00
   167  3.34000000E+01  1.12419624E+00  9.99846898E-01  1.12419624E+00
   168  3.36000000E+01  1.12420783E+00  9.99846216E-01  1.12420783E+00
   169  3.38000000E+01  1.12420988E+00  9.99845861E-01  1.12420988E+00
   170  3.40000000E+01  1.12420718E+00  9.99845864E-01  1.12420718E+00
   171  3.42000000E+01  1.12421993E+00  9.99846259E-01  1.12421993E+00
   172  3.44000000E+01  1.12422292E+00  9.99847081E-01  1.12422292E+00
   173  3.46000000E+01  1.12423488E+00  9.99848368E-01  1.12423488E+00
   174  3.48000000E+01  1.12424798E+00  9.99850161E-01  1.12424798E+00
   175  3.50000000E+01  1.12425060E+00  9.99852501E-01  1.12425060E+00
   176  3.52000000E+01  1.12424622E+00  9.99855434E-01  1.12424622E+00
   177  3.54000000E+01  1.12424903E+00  9.99859008E-01  1.12424903E+00
   178  3.56000000E+01  1.12425263E+00  9.99863273E-01  1.12425263E+00
   179  3.58000000E+01  1.12425347E+00  9.99868284E-01  1.12425347E+00
   180  3.60000000E+01  1.12426842E+00  9.99874096E-01  1.12426842E+00
   181  3.62000000E+01  1.12427186E+00  9.99880771E-01  1.12427186E+00
   182  3.64000000E+01  1.12426750E+00  9.99888371E-01  1.12426750E+00
   183  3.66000000E+01  1.12426217E+00  9.99896964E-01  1.12426217E+00
   184  3.68000000E+01  1.12426666E+00  9.99906620E-01  1.12426666E+00
   185  3.70000000E+01  1.12426312E+00  9.99917415E-01  1.12426312E+00
   186  3.72000000E+01  1.12427597E+00  9.99929427E-01  1.12427597E+00
   187  3.74000000E+01  1.12428053E+00  9.99942739E-01  1.12428053E+00
   188  3.76000000E+01  1.12427639E+00  9.99957439E-01  1.12427639E+00
   189  3.78000000E+01  1.12426895E+00  9.99973619E-01  1.12426895E+00
   190  3.80000000E+01  1.12427558E+00  9.99991377E-01  1.12427558E+00
   191  3.82000000E+01  1.12428121E+00  1.00001081E+00  1.12428121E+00
   192  3.84000000E+01  1.12428758E+00  1.00003204E+00  1.12428758E+00
   193  3.86000000E+01  1.12429426E+00  1.00005516E+00  1.12429426E+00
   194  3.88000000E+01  1.12429990E+00  1.00008031E+00  1.12429990E+00
   195  3.90000000E+01  1.12430461E+00  1.00010759E+00  1.12430461E+00
   196  3.92000000E+01  1.12430850E+00  1.00013716E+00  1.12430850E+00
   197  3.94000000E+01  1.12431199E+00  1.00016913E+00  1.12431199E+00
   198  3.96000000E+01  1.12431699E+00  1.00020366E+00  1.12431699E+00
   199  3.98000000E+01  1.12432112E+00  1.00024090E+00  1.12432112E+00
   200  4.00000000E+01  1.12432452E+00  1.00028100E+00  1.12432452E+00
   201  4.02000000E+01  1.12432733E+00  1.00032414E+00  1.12432733E+00
   202  4.04000000E+01  1.12432967E+00  1.00037048E+00  1.12432967E+00
   203  4.06000000E+01  1.12433234E+00  1.00042021E+00  1.12433234E+00
   204  4.08000000E+01  1.12433514E+00  1.00047352E+00  1.12433514E+00
   205  4.10000000E+01  1.12433747E+00  1.00053060E+00  1.12433747E+00
   206  4.12000000E+01  1.12433947E+00  1.00059167E+00  1.12433947E+00
   207  4.14000000E+01  1.12434124E+00  1.00065694E+00  1.12434124E+00
   208  4.16000000E+01  1.12434285E+00  1.00072664E+00  1.12434285E+00
   209  4.18000000E+01  1.12434436E+00  1.00080100E+00  1.12434436E+00
   210  4.20000000E+01  1.12434580E+00  1.00088028E+00  1.12434580E+00
   211  4.22000000E+01  1.12434717E+00  1.00096472E+00  1.12434717E+00
   212  4.24000000E+01  1.12434854E+00  1.00105461E+00  1.12434854E+00
   213  4.26000000E+01  1.12434992E+00  1.00115021E+00  1.12434992E+00
   214  4.28000000E+01  1.12435123E+00  1.00125183E+00  1.12435123E+00
   215  4.30000000E+01  1.12435250E+00  1.00135975E+00  1.12435250E+00
   216  4.32000000E+01  1.12435370E+00  1.00147431E+00  1.12435370E+00
   217  4.34000000E+01  1.12435483E+00  1.00159582E+00  1.12435483E+00
   218  4.36000000E+01  1.12435588E+00  1.00172463E+00  1.12435588E+00
   219  4.38000000E+01  1.12435682E+00  1.00186110E+00  1.12435682E+00
   220  4.40000000E+01  1.12435766E+00  1.00200558E+00  1.12435766E+00
   221  4.42000000E+01  1.12435838E+00  1.00215847E+00  1.12435838E+00
   222  4.44000000E+01  1.12435899E+00  1.00232015E+00  1.12435899E+00
   223  4.46000000E+01  1.12435949E+00  1.00249105E+00  1.12435949E+00
   224  4.48000000E+01  1.12435989E+00  1.00267157E+00  1.12435989E+00
   225  4.50000000E+01  1.12436020E+00  1.00286216E+00  1.12436020E+00
   226  4.52000000E+01  1.12436043E+00  1.00306328E+00  1.12436043E+00
   227  4.54000000E+01  1.12436082E+00  1.00327540E+00  1.12436082E+00
   228  4.56000000E+01  1.12436114E+00  1.00349899E+00  1.12436114E+00
   229  4.58000000E+01  1.12436137E+00  1.00373457E+00  1.12436137E+00
   230  4.60000000E+01  1.12436154E+00  1.00398264E+00  1.12436154E+00
   231  4.62000000E+01  1.12436166E+00  1.00424374E+00  1.12436166E+00
   232  4.64000000E+01  1.12436173E+00  1.00451841E+00  1.12436173E+00
   233  4.66000000E+01  1.12436176E+00  1.00480723E+00  1.12436176E+00
   234  4.68000000E+01  1.12436177E+00  1.00511077E+00  1.12436177E+00
   235  4.70000000E+01  1.12436175E+00  1.00542962E+00  1.12436175E+00
   236  4.72000000E+01  1.12436172E+00  1.00576440E+00  1.12436172E+00
   237  4.74000000E+01  1.12436167E+00  1.00611573E+00  1.12436167E+00
   238  4.76000000E+01  1.12436160E+00  1.00648425E+00  1.12436160E+00
   239  4.78000000E+01  1.12436152E+00  1.00687062E+00  1.12436152E+00
   240  4.80000000E+01  1.12436143E+00  1.00727551E+00  1.12436143E+00
   241  4.82000000E+01  1.12436132E+00  1.00769959E+00  1.12436132E+00
   242  4.84000000E+01  1.12436121E+00  1.00814356E+00  1.12436121E+00
   243  4.86000000E+01  1.12436108E+00  1.00860814E+00  1.12436108E+00
   244  4.88000000E+01  1.12436095E+00  1.00909403E+00  1.12436095E+00
   245  4.90000000E+01  1.12436082E+00  1.00960197E+00  1.12436082E+00
   246  4.92000000E+01  1.12436068E+00  1.01013269E+00  1.12436068E+00
   247  4.94000000E+01  1.12436054E+00  1.01068694E+00  1.12436054E+00
   248  4.96000000E+01  1.12436039E+00  1.01126548E+00  1.12436039E+00
   249  4.98000000E+01  1.12436025E+00  1.01186906E+00  1.12436025E+00
   250  5.00000000E+01  1.12436011E+00  1.01249843E+00  1.12436011E+00
   251  5.02000000E+01  1.12435997E+00  1.01315437E+00  1.12435997E+00
   252  5.04000000E+01  1.12435983E+00  1.01383763E+00  1.12435983E+00
   253  5.06000000E+01  1.12435969E+00  1.01454896E+00  1.12435969E+00
   254  5.08000000E+01  1.12435956E+00  1.01528913E+00  1.12435956E+00
   255  5.10000000E+01  1.12435943E+00  1.01605887E+00  1.12435943E+00
   256  5.12000000E+01  1.12435930E+00  1.01685892E+00  1.12435930E+00
   257  5.14000000E+01  1.12435918E+00  1.01768999E+00  1.12435918E+00
   258  5.16000000E+01  1.12435906E+00  1.01855279E+00  1.12435906E+00
   259  5.18000000E+01  1.12435894E+00  1.01944799E+00  1.12435894E+00
   260  5.20000000E+01  1.12435883E+00  1.02037625E+00  1.12435883E+00
   261  5.22000000E+01  1.12435873E+00  1.02133819E+00  1.12435873E+00
   262  5.24000000E+01  1.12435862E+00  1.02233442E+00  1.12435862E+00
   263  5.26000000E+01  1.12435852E+00  1.02336550E+00  1.12435852E+00
   264  5.28000000E+01  1.12435843E+00  1.02443193E+00  1.12435843E+00
   265  5.30000000E+01  1.12435834E+00  1.02553421E+00  1.12435834E+00
   266  5.32000000E+01  1.12435825E+00  1.02667274E+00  1.12435825E+00
   267  5.34000000E+01  1.12435817E+00  1.02784791E+00  1.12435817E+00
   268  5.36000000E+01  1.12435809E+00  1.02906003E+00  1.12435809E+00
   269  5.38000000E+01  1.12435802E+00  1.03030934E+00  1.12435802E+00
   270  5.40000000E+01  1.12435795E+00  1.03159603E+00  1.12435795E+00
   271  5.42000000E+01  1.12435788E+00  1.03292019E+00  1.12435788E+00
   272  5.44000000E+01  1.12435782E+00  1.03428186E+00  1.12435782E+00
   273  5.46000000E+01  1.12435776E+00  1.03568097E+00  1.12435776E+00
   274  5.48000000E+01  1.12435770E+00  1.03711738E+00  1.12435770E+00
   275  5.50000000E+01  1.12435765E+00  1.03859084E+00  1.12435765E+00
   276  5.52000000E+01  1.12435760E+00  1.04010099E+00  1.12435760E+00
   277  5.54000000E+01  1.12435755E+00  1.04164739E+00  1.12435755E+00
   278  5.56000000E+01  1.12435751E+00  1.04322947E+00  1.12435751E+00
   279  5.58000000E+01  1.12435746E+00  1.04484656E+00  1.12435746E+00
   280  5.60000000E+01  1.12435743E+00  1.04649785E+00  1.12435743E+00
   281  5.62000000E+01  1.12435739E+00  1.04818241E+00  1.12435739E+00
   282  5.64000000E+01  1.12435735E+00  1.04989921E+00  1.12435735E+00
   283  5.66000000E+01  1.12435732E+00  1.05164705E+00  1.12435732E+00
   284  5.68000000E+01  1.12435729E+00  1.05342462E+00  1.12435729E+00
   285  5.70000000E+01  1.12435726E+00  1.05523048E+00  1.12435726E+00
   286  5.72000000E+01  1.12435723E+00  1.05706305E+00  1.12435723E+00
   287  5.74000000E+01  1.12435721E+00  1.05892059E+00  1.12435721E+00
   288  5.76000000E+01  1.12435718E+00  1.06080125E+00  1.12435718E+00
   289  5.78000000E+01  1.12435716E+00  1.06270304E+00  1.12435716E+00
   290  5.80000000E+01  1.12435714E+00  1.06462383E+00  1.12435714E+00
   291  5.82000000E+01  1.12435712E+00  1.06656134E+00  1.12435712E+00
   292  5.84000000E+01  1.12435711E+00  1.06851318E+00  1.12435711E+00
   293  5.86000000E+01  1.12435709E+00  1.07047684E+00  1.12435709E+00
   294  5.88000000E+01  1.12435707E+00  1.07244964E+00  1.12435707E+00
   295  5.90000000E+01  1.12435706E+00  1.07442884E+00  1.12435706E+00
   296  5.92000000E+01  1.12435705E+00  1.07641154E+00  1.12435705E+00
   297  5.94000000E+01  1.12435703E+00  1.07839474E+00  1.12435703E+00
   298  5.96000000E+01  1.12435702E+00  1.08037537E+00  1.12435702E+00
   299  5.98000000E+01  1.12435701E+00  1.08235022E+00  1.12435701E+00
   300  6.00000000E+01  1.12435700E+00  1.08431602E+00  1.12435700E+00
   301  6.02000000E+01  1.12435699E+00  1.08626944E+00  1.12435699E+00
   302  6.04000000E+01  1.12435698E+00  1.08820705E+00  1.12435698E+00
   303  6.06000000E+01  1.12435697E+00  1.09012539E+00  1.12435697E+00
   304  6.08000000E+01  1.12435697E+00  1.09202095E+00  1.12435697E+00
   305  6.10000000E+01  1.12435696E+00  1.09389020E+00  1.12435696E+00
   306  6.12000000E+01  1.12435695E+00  1.09572957E+00  1.12435695E+00
   307  6.14000000E+01  1.12435695E+00  1.09753551E+00  1.12435695E+00
   308  6.16000000E+01  1.12435694E+00  1.09930449E+00  1.12435694E+00
   309  6.18000000E+01  1.12435694E+00  1.10103299E+00  1.12435694E+00
   310  6.20000000E+01  1.12435693E+00  1.10271754E+00  1.12435693E+00
   311  6.22000000E+01  1.12435693E+00  1.10435477E+00  1.12435693E+00
   312  6.24000000E+01  1.12435693E+00  1.10594134E+00  1.12435693E+00
   313  6.26000000E+01  1.12435692E+00  1.10747407E+00  1.12435692E+00
   314  6.28000000E+01  1.12435692E+00  1.10894989E+00  1.12435692E+00
   315  6.30000000E+01  1.12435692E+00  1.11036586E+00  1.12435692E+00
   316  6.32000000E+01  1.12435804E+00  1.11171925E+00  1.12435804E+00
   317  6.34000000E+01  1.12435799E+00  1.11300753E+00  1.12435799E+00
   318  6.36000000E+01  1.12435691E+00  1.11422839E+00  1.12435691E+00
   319  6.38000000E+01  1.12435691E+00  1.11537980E+00  1.12435691E+00
   320  6.40000000E+01  1.12435690E+00  1.11646003E+00  1.12435690E+00
   321  6.42000000E+01  1.12435690E+00  1.11746768E+00  1.12435690E+00
   322  6.44000000E+01  1.12436616E+00  1.11840174E+00  1.12436616E+00
   323  6.46000000E+01  1.12437002E+00  1.11926162E+00  1.12437002E+00
   324  6.48000000E+01  1.12435690E+00  1.12004715E+00  1.12435690E+00
   325  6.50000000E+01  1.12435937E+00  1.12075868E+00  1.12435937E+00
   326  6.52000000E+01  1.12436500E+00  1.12139708E+00  1.12436500E+00
   327  6.54000000E+01  1.12435689E+00  1.12196376E+00  1.12435689E+00
   328  6.56000000E+01  1.12437331E+00  1.12246068E+00  1.12437331E+00
   329  6.58000000E+01  1.12438147E+00  1.12289038E+00  1.12438147E+00
   330  6.60000000E+01  1.12437115E+00  1.12325596E+00  1.12437115E+00
   331  6.62000000E+01  1.12436625E+00  1.12356105E+00  1.12436625E+00
   332  6.64000000E+01  1.12437635E+00  1.12380976E+00  1.12437635E+00
   333  6.66000000E+01  1.12436752E+00  1.12400665E+00  1.12436752E+00
 steady-height stop at step    333: truncated to 3 decimals, truncated max/end/ratio =       1124      1124      1124, max/end/ratio =   1.12436752E+00  1.12400665E+00  1.12436752E+00
