 comppar: model =   3
 comppar: lambda,mobility/eps,betav,eta_0 =  9.0000E+00  1.0000E-02  9.0000E-01  1.0000E+00
 comppar: eta_s,eta_p,G =  9.0000E-01  1.0000E-01  1.1111E-02
 comppar: U_avg,deltat,flowrate,nsteps =  1.0000E-01  4.0000E-01  3.1416E-01    1000
 comppar: geometry = axisymmetric
 comppar: steady stop change,gap,hold,min =  1.0000E-05  2.0000E-04      10      80
 comppar: steady stop rounded decimals =       4
 comppar: ncompc,ncompg =     4     5
 mesh nnodes = 22999
 mesh nelem = 11296
 P1 BC   5.0000000000000000     
 P2 BC   0.0000000000000000     
     1  4.00000000E-01  1.00503996E+00  1.00000000E+00  1.00503996E+00
     2  8.00000000E-01  1.00992373E+00  1.00000000E+00  1.00992373E+00
     3  1.20000000E+00  1.01465663E+00  1.00000000E+00  1.01465663E+00
     4  1.60000000E+00  1.01925222E+00  1.00000000E+00  1.01925222E+00
     5  2.00000000E+00  1.02371471E+00  1.00000000E+00  1.02371471E+00
     6  2.40000000E+00  1.02805045E+00  1.00000000E+00  1.02805045E+00
     7  2.80000000E+00  1.03226461E+00  1.00000000E+00  1.03226461E+00
     8  3.20000000E+00  1.03636027E+00  1.00000000E+00  1.03636027E+00
     9  3.60000000E+00  1.04035264E+00  1.00000000E+00  1.04035264E+00
    10  4.00000000E+00  1.04423366E+00  1.00000000E+00  1.04423366E+00
    11  4.40000000E+00  1.04801275E+00  9.99999996E-01  1.04801275E+00
    12  4.80000000E+00  1.05169450E+00  9.99999990E-01  1.05169450E+00
    13  5.20000000E+00  1.05528323E+00  9.99999982E-01  1.05528323E+00
    14  5.60000000E+00  1.05877075E+00  9.99999972E-01  1.05877075E+00
    15  6.00000000E+00  1.06218551E+00  9.99999958E-01  1.06218551E+00
    16  6.40000000E+00  1.06551162E+00  9.99999940E-01  1.06551162E+00
    17  6.80000000E+00  1.06875163E+00  9.99999918E-01  1.06875163E+00
    18  7.20000000E+00  1.07190909E+00  9.99999891E-01  1.07190909E+00
    19  7.60000000E+00  1.07498767E+00  9.99999858E-01  1.07498767E+00
    20  8.00000000E+00  1.07799479E+00  9.99999818E-01  1.07799479E+00
    21  8.40000000E+00  1.08093304E+00  9.99999771E-01  1.08093304E+00
    22  8.80000000E+00  1.08380154E+00  9.99999715E-01  1.08380154E+00
    23  9.20000000E+00  1.08659571E+00  9.99999650E-01  1.08659571E+00
    24  9.60000000E+00  1.08932987E+00  9.99999574E-01  1.08932987E+00
    25  1.00000000E+01  1.09200314E+00  9.99999486E-01  1.09200314E+00
    26  1.04000000E+01  1.09461577E+00  9.99999386E-01  1.09461577E+00
    27  1.08000000E+01  1.09716540E+00  9.99999270E-01  1.09716540E+00
    28  1.12000000E+01  1.09965027E+00  9.99999139E-01  1.09965027E+00
    29  1.16000000E+01  1.10206982E+00  9.99998990E-01  1.10206982E+00
    30  1.20000000E+01  1.10441871E+00  9.99998821E-01  1.10441871E+00
    31  1.24000000E+01  1.10674752E+00  9.99998631E-01  1.10674752E+00
    32  1.28000000E+01  1.10902040E+00  9.99998417E-01  1.10902040E+00
    33  1.32000000E+01  1.11122558E+00  9.99998178E-01  1.11122558E+00
    34  1.36000000E+01  1.11336526E+00  9.99997911E-01  1.11336526E+00
    35  1.40000000E+01  1.11549398E+00  9.99997614E-01  1.11549398E+00
    36  1.44000000E+01  1.11756741E+00  9.99997284E-01  1.11756741E+00
    37  1.48000000E+01  1.11957716E+00  9.99996918E-01  1.11957716E+00
    38  1.52000000E+01  1.12155459E+00  9.99996514E-01  1.12155459E+00
    39  1.56000000E+01  1.12350748E+00  9.99996068E-01  1.12350748E+00
    40  1.60000000E+01  1.12539925E+00  9.99995578E-01  1.12539925E+00
    41  1.64000000E+01  1.12726859E+00  9.99995039E-01  1.12726859E+00
    42  1.68000000E+01  1.12910972E+00  9.99994448E-01  1.12910972E+00
    43  1.72000000E+01  1.13090081E+00  9.99993802E-01  1.13090081E+00
    44  1.76000000E+01  1.13269189E+00  9.99993096E-01  1.13269189E+00
    45  1.80000000E+01  1.13443671E+00  9.99992327E-01  1.13443671E+00
    46  1.84000000E+01  1.13618724E+00  9.99991489E-01  1.13618724E+00
    47  1.88000000E+01  1.13791455E+00  9.99990578E-01  1.13791455E+00
    48  1.92000000E+01  1.13962884E+00  9.99989591E-01  1.13962884E+00
    49  1.96000000E+01  1.14135788E+00  9.99988521E-01  1.14135788E+00
    50  2.00000000E+01  1.14309246E+00  9.99987364E-01  1.14309246E+00
    51  2.04000000E+01  1.14483676E+00  9.99986114E-01  1.14483676E+00
    52  2.08000000E+01  1.14659279E+00  9.99984766E-01  1.14659279E+00
    53  2.12000000E+01  1.14835756E+00  9.99983315E-01  1.14835756E+00
    54  2.16000000E+01  1.15012455E+00  9.99981755E-01  1.15012455E+00
    55  2.20000000E+01  1.15188549E+00  9.99980080E-01  1.15188549E+00
    56  2.24000000E+01  1.15365342E+00  9.99978284E-01  1.15365342E+00
    57  2.28000000E+01  1.15541366E+00  9.99976362E-01  1.15541366E+00
    58  2.32000000E+01  1.15715239E+00  9.99974307E-01  1.15715239E+00
    59  2.36000000E+01  1.15887687E+00  9.99972113E-01  1.15887687E+00
    60  2.40000000E+01  1.16060068E+00  9.99969775E-01  1.16060068E+00
    61  2.44000000E+01  1.16229636E+00  9.99967287E-01  1.16229636E+00
    62  2.48000000E+01  1.16397823E+00  9.99964643E-01  1.16397823E+00
    63  2.52000000E+01  1.16565480E+00  9.99961837E-01  1.16565480E+00
    64  2.56000000E+01  1.16730292E+00  9.99958865E-01  1.16730292E+00
    65  2.60000000E+01  1.16894058E+00  9.99955721E-01  1.16894058E+00
    66  2.64000000E+01  1.17056763E+00  9.99952401E-01  1.17056763E+00
    67  2.68000000E+01  1.17216457E+00  9.99948902E-01  1.17216457E+00
    68  2.72000000E+01  1.17375212E+00  9.99945219E-01  1.17375212E+00
    69  2.76000000E+01  1.17532216E+00  9.99941350E-01  1.17532216E+00
    70  2.80000000E+01  1.17685590E+00  9.99937294E-01  1.17685590E+00
    71  2.84000000E+01  1.17839203E+00  9.99933050E-01  1.17839203E+00
    72  2.88000000E+01  1.17989072E+00  9.99928619E-01  1.17989072E+00
    73  2.92000000E+01  1.18137281E+00  9.99924002E-01  1.18137281E+00
    74  2.96000000E+01  1.18283286E+00  9.99919204E-01  1.18283286E+00
    75  3.00000000E+01  1.18426116E+00  9.99914229E-01  1.18426116E+00
    76  3.04000000E+01  1.18568028E+00  9.99909085E-01  1.18568028E+00
    77  3.08000000E+01  1.18705492E+00  9.99903781E-01  1.18705492E+00
    78  3.12000000E+01  1.18842924E+00  9.99898330E-01  1.18842924E+00
    79  3.16000000E+01  1.18976362E+00  9.99892747E-01  1.18976362E+00
    80  3.20000000E+01  1.19108192E+00  9.99887051E-01  1.19108192E+00
    81  3.24000000E+01  1.19237732E+00  9.99881262E-01  1.19237732E+00
    82  3.28000000E+01  1.19364304E+00  9.99875409E-01  1.19364304E+00
    83  3.32000000E+01  1.19490118E+00  9.99869520E-01  1.19490118E+00
    84  3.36000000E+01  1.19612195E+00  9.99863632E-01  1.19612195E+00
    85  3.40000000E+01  1.19733524E+00  9.99857786E-01  1.19733524E+00
    86  3.44000000E+01  1.19852102E+00  9.99852029E-01  1.19852102E+00
    87  3.48000000E+01  1.19968511E+00  9.99846414E-01  1.19968511E+00
    88  3.52000000E+01  1.20083574E+00  9.99841004E-01  1.20083574E+00
    89  3.56000000E+01  1.20195433E+00  9.99835867E-01  1.20195433E+00
    90  3.60000000E+01  1.20306940E+00  9.99831081E-01  1.20306940E+00
    91  3.64000000E+01  1.20414754E+00  9.99826735E-01  1.20414754E+00
    92  3.68000000E+01  1.20521643E+00  9.99822927E-01  1.20521643E+00
    93  3.72000000E+01  1.20625776E+00  9.99819768E-01  1.20625776E+00
    94  3.76000000E+01  1.20727434E+00  9.99817380E-01  1.20727434E+00
    95  3.80000000E+01  1.20827859E+00  9.99815900E-01  1.20827859E+00
    96  3.84000000E+01  1.20925104E+00  9.99815480E-01  1.20925104E+00
    97  3.88000000E+01  1.21021854E+00  9.99816288E-01  1.21021854E+00
    98  3.92000000E+01  1.21115170E+00  9.99818510E-01  1.21115170E+00
    99  3.96000000E+01  1.21208309E+00  9.99822351E-01  1.21208309E+00
   100  4.00000000E+01  1.21297948E+00  9.99828037E-01  1.21297948E+00
   101  4.04000000E+01  1.21386812E+00  9.99835817E-01  1.21386812E+00
   102  4.08000000E+01  1.21473061E+00  9.99845963E-01  1.21473061E+00
   103  4.12000000E+01  1.21557709E+00  9.99858774E-01  1.21557709E+00
   104  4.16000000E+01  1.21640672E+00  9.99874578E-01  1.21640672E+00
   105  4.20000000E+01  1.21721310E+00  9.99893733E-01  1.21721310E+00
   106  4.24000000E+01  1.21801079E+00  9.99916628E-01  1.21801079E+00
   107  4.28000000E+01  1.21877780E+00  9.99943690E-01  1.21877780E+00
   108  4.32000000E+01  1.21954342E+00  9.99975383E-01  1.21954342E+00
   109  4.36000000E+01  1.22028001E+00  1.00001221E+00  1.22028001E+00
   110  4.40000000E+01  1.22100830E+00  1.00005472E+00  1.22100830E+00
   111  4.44000000E+01  1.22171506E+00  1.00010351E+00  1.22171506E+00
   112  4.48000000E+01  1.22240870E+00  1.00015921E+00  1.22240870E+00
   113  4.52000000E+01  1.22308626E+00  1.00022253E+00  1.22308626E+00
   114  4.56000000E+01  1.22374586E+00  1.00029422E+00  1.22374586E+00
   115  4.60000000E+01  1.22439491E+00  1.00037509E+00  1.22439491E+00
   116  4.64000000E+01  1.22502168E+00  1.00046602E+00  1.22502168E+00
   117  4.68000000E+01  1.22564297E+00  1.00056795E+00  1.22564297E+00
   118  4.72000000E+01  1.22623790E+00  1.00068189E+00  1.22623790E+00
   119  4.76000000E+01  1.22683218E+00  1.00080894E+00  1.22683218E+00
   120  4.80000000E+01  1.22740106E+00  1.00095027E+00  1.22740106E+00
   121  4.84000000E+01  1.22796410E+00  1.00110714E+00  1.22796410E+00
   122  4.88000000E+01  1.22850781E+00  1.00128088E+00  1.22850781E+00
   123  4.92000000E+01  1.22904180E+00  1.00147293E+00  1.22904180E+00
   124  4.96000000E+01  1.22956120E+00  1.00168484E+00  1.22956120E+00
   125  5.00000000E+01  1.23006805E+00  1.00191823E+00  1.23006805E+00
   126  5.04000000E+01  1.23056399E+00  1.00217485E+00  1.23056399E+00
   127  5.08000000E+01  1.23104416E+00  1.00245655E+00  1.23104416E+00
   128  5.12000000E+01  1.23151744E+00  1.00276531E+00  1.23151744E+00
   129  5.16000000E+01  1.23197164E+00  1.00310320E+00  1.23197164E+00
   130  5.20000000E+01  1.23242304E+00  1.00347243E+00  1.23242304E+00
   131  5.24000000E+01  1.23285393E+00  1.00387534E+00  1.23285393E+00
   132  5.28000000E+01  1.23328282E+00  1.00431438E+00  1.23328282E+00
   133  5.32000000E+01  1.23369332E+00  1.00479215E+00  1.23369332E+00
   134  5.36000000E+01  1.23409871E+00  1.00531137E+00  1.23409871E+00
   135  5.40000000E+01  1.23448956E+00  1.00587487E+00  1.23448956E+00
   136  5.44000000E+01  1.23487357E+00  1.00648565E+00  1.23487357E+00
   137  5.48000000E+01  1.23524551E+00  1.00714680E+00  1.23524551E+00
   138  5.52000000E+01  1.23560924E+00  1.00786156E+00  1.23560924E+00
   139  5.56000000E+01  1.23596299E+00  1.00863328E+00  1.23596299E+00
   140  5.60000000E+01  1.23630606E+00  1.00946540E+00  1.23630606E+00
   141  5.64000000E+01  1.23664234E+00  1.01036150E+00  1.23664234E+00
   142  5.68000000E+01  1.23696570E+00  1.01132523E+00  1.23696570E+00
   143  5.72000000E+01  1.23728520E+00  1.01236031E+00  1.23728520E+00
   144  5.76000000E+01  1.23759057E+00  1.01347055E+00  1.23759057E+00
   145  5.80000000E+01  1.23789399E+00  1.01465976E+00  1.23789399E+00
   146  5.84000000E+01  1.23818248E+00  1.01593181E+00  1.23818248E+00
   147  5.88000000E+01  1.23846998E+00  1.01729054E+00  1.23846998E+00
   148  5.92000000E+01  1.23874368E+00  1.01873976E+00  1.23874368E+00
   149  5.96000000E+01  1.23901448E+00  1.02028320E+00  1.23901448E+00
   150  6.00000000E+01  1.23927400E+00  1.02192450E+00  1.23927400E+00
   151  6.04000000E+01  1.23952903E+00  1.02366714E+00  1.23952903E+00
   152  6.08000000E+01  1.23977498E+00  1.02551442E+00  1.23977498E+00
   153  6.12000000E+01  1.24001525E+00  1.02746939E+00  1.24001525E+00
   154  6.16000000E+01  1.24024822E+00  1.02953482E+00  1.24024822E+00
   155  6.20000000E+01  1.24047407E+00  1.03171313E+00  1.24047407E+00
   156  6.24000000E+01  1.24069463E+00  1.03400634E+00  1.24069463E+00
   157  6.28000000E+01  1.24090720E+00  1.03641603E+00  1.24090720E+00
   158  6.32000000E+01  1.24111589E+00  1.03894323E+00  1.24111589E+00
   159  6.36000000E+01  1.24131636E+00  1.04158841E+00  1.24131636E+00
   160  6.40000000E+01  1.24151373E+00  1.04435142E+00  1.24151373E+00
   161  6.44000000E+01  1.24170203E+00  1.04723139E+00  1.24170203E+00
   162  6.48000000E+01  1.24188858E+00  1.05022672E+00  1.24188858E+00
   163  6.52000000E+01  1.24206517E+00  1.05333500E+00  1.24206517E+00
   164  6.56000000E+01  1.24224140E+00  1.05655300E+00  1.24224140E+00
   165  6.60000000E+01  1.24240814E+00  1.05987661E+00  1.24240814E+00
   166  6.64000000E+01  1.24257350E+00  1.06330079E+00  1.24257350E+00
   167  6.68000000E+01  1.24273086E+00  1.06681960E+00  1.24273086E+00
   168  6.72000000E+01  1.24288598E+00  1.07042618E+00  1.24288598E+00
   169  6.76000000E+01  1.24303440E+00  1.07411272E+00  1.24303440E+00
   170  6.80000000E+01  1.24317976E+00  1.07787055E+00  1.24317976E+00
   171  6.84000000E+01  1.24331968E+00  1.08169010E+00  1.24331968E+00
   172  6.88000000E+01  1.24345598E+00  1.08556100E+00  1.24345598E+00
   173  6.92000000E+01  1.24358781E+00  1.08947216E+00  1.24358781E+00
   174  6.96000000E+01  1.24371570E+00  1.09341182E+00  1.24371570E+00
   175  7.00000000E+01  1.24383985E+00  1.09736765E+00  1.24383985E+00
   176  7.04000000E+01  1.24395950E+00  1.10132692E+00  1.24395950E+00
   177  7.08000000E+01  1.24407634E+00  1.10527660E+00  1.24407634E+00
   178  7.12000000E+01  1.24418836E+00  1.10920351E+00  1.24418836E+00
   179  7.16000000E+01  1.24429825E+00  1.11309451E+00  1.24429825E+00
   180  7.20000000E+01  1.24440327E+00  1.11693668E+00  1.24440327E+00
   181  7.24000000E+01  1.24450657E+00  1.12071749E+00  1.24450657E+00
   182  7.28000000E+01  1.24460471E+00  1.12442501E+00  1.24460471E+00
   183  7.32000000E+01  1.24470176E+00  1.12804814E+00  1.24470176E+00
   184  7.36000000E+01  1.24479325E+00  1.13157680E+00  1.24479325E+00
   185  7.40000000E+01  1.24488437E+00  1.13500212E+00  1.24488437E+00
   186  7.44000000E+01  1.24497007E+00  1.13831666E+00  1.24497007E+00
   187  7.48000000E+01  1.24505530E+00  1.14151461E+00  1.24505530E+00
   188  7.52000000E+01  1.24513566E+00  1.14459192E+00  1.24513566E+00
   189  7.56000000E+01  1.24521527E+00  1.14754642E+00  1.24521527E+00
   190  7.60000000E+01  1.24529058E+00  1.15037797E+00  1.24529058E+00
   191  7.64000000E+01  1.24536481E+00  1.15308847E+00  1.24536481E+00
   192  7.68000000E+01  1.24543535E+00  1.15568186E+00  1.24543535E+00
   193  7.72000000E+01  1.24550451E+00  1.15816406E+00  1.24550451E+00
   194  7.76000000E+01  1.24557053E+00  1.16054281E+00  1.24557053E+00
   195  7.80000000E+01  1.24563489E+00  1.16282750E+00  1.24563489E+00
   196  7.84000000E+01  1.24569663E+00  1.16502886E+00  1.24569663E+00
   197  7.88000000E+01  1.24575648E+00  1.16715861E+00  1.24575648E+00
   198  7.92000000E+01  1.24581419E+00  1.16922907E+00  1.24581419E+00
   199  7.96000000E+01  1.24586993E+00  1.17125267E+00  1.24586993E+00
   200  8.00000000E+01  1.24592383E+00  1.17324149E+00  1.24592383E+00
   201  8.04000000E+01  1.24597575E+00  1.17520676E+00  1.24597575E+00
   202  8.08000000E+01  1.24602605E+00  1.17715838E+00  1.24602605E+00
   203  8.12000000E+01  1.24607427E+00  1.17910453E+00  1.24607427E+00
   204  8.16000000E+01  1.24612118E+00  1.18105131E+00  1.24612118E+00
   205  8.20000000E+01  1.24616593E+00  1.18300250E+00  1.24616593E+00
   206  8.24000000E+01  1.24620964E+00  1.18495952E+00  1.24620964E+00
   207  8.28000000E+01  1.24625120E+00  1.18692140E+00  1.24625120E+00
   208  8.32000000E+01  1.24629190E+00  1.18888502E+00  1.24629190E+00
   209  8.36000000E+01  1.24633050E+00  1.19084539E+00  1.24633050E+00
   210  8.40000000E+01  1.24636835E+00  1.19279612E+00  1.24636835E+00
   211  8.44000000E+01  1.24640411E+00  1.19472992E+00  1.24640411E+00
   212  8.48000000E+01  1.24643929E+00  1.19663917E+00  1.24643929E+00
   213  8.52000000E+01  1.24647238E+00  1.19851645E+00  1.24647238E+00
   214  8.56000000E+01  1.24650504E+00  1.20035502E+00  1.24650504E+00
   215  8.60000000E+01  1.24653567E+00  1.20214929E+00  1.24653567E+00
   216  8.64000000E+01  1.24656597E+00  1.20389501E+00  1.24656597E+00
   217  8.68000000E+01  1.24659431E+00  1.20558946E+00  1.24659431E+00
   218  8.72000000E+01  1.24662239E+00  1.20723137E+00  1.24662239E+00
   219  8.76000000E+01  1.24664860E+00  1.20882080E+00  1.24664860E+00
   220  8.80000000E+01  1.24667459E+00  1.21035886E+00  1.24667459E+00
   221  8.84000000E+01  1.24669875E+00  1.21184736E+00  1.24669875E+00
   222  8.88000000E+01  1.24672279E+00  1.21328848E+00  1.24672279E+00
   223  8.92000000E+01  1.24674510E+00  1.21468440E+00  1.24674510E+00
   224  8.96000000E+01  1.24676730E+00  1.21603710E+00  1.24676730E+00
   225  9.00000000E+01  1.24678794E+00  1.21734812E+00  1.24678794E+00
   226  9.04000000E+01  1.24680842E+00  1.21861854E+00  1.24680842E+00
   227  9.08000000E+01  1.24682742E+00  1.21984896E+00  1.24682742E+00
   228  9.12000000E+01  1.24684629E+00  1.22103968E+00  1.24684629E+00
   229  9.16000000E+01  1.24686372E+00  1.22219079E+00  1.24686372E+00
   230  9.20000000E+01  1.24688109E+00  1.22330238E+00  1.24688109E+00
   231  9.24000000E+01  1.24689712E+00  1.22437464E+00  1.24689712E+00
   232  9.28000000E+01  1.24691307E+00  1.22540805E+00  1.24691307E+00
   233  9.32000000E+01  1.24692781E+00  1.22640332E+00  1.24692781E+00
   234  9.36000000E+01  1.24694244E+00  1.22736143E+00  1.24694244E+00
   235  9.40000000E+01  1.24695598E+00  1.22828355E+00  1.24695598E+00
   236  9.44000000E+01  1.24696938E+00  1.22917092E+00  1.24696938E+00
   237  9.48000000E+01  1.24698179E+00  1.23002474E+00  1.24698179E+00
   238  9.52000000E+01  1.24699403E+00  1.23084609E+00  1.24699403E+00
   239  9.56000000E+01  1.24700538E+00  1.23163590E+00  1.24700538E+00
   240  9.60000000E+01  1.24701655E+00  1.23239489E+00  1.24701655E+00
   241  9.64000000E+01  1.24702690E+00  1.23312365E+00  1.24702690E+00
   242  9.68000000E+01  1.24703707E+00  1.23382268E+00  1.24703707E+00
   243  9.72000000E+01  1.24704655E+00  1.23449252E+00  1.24704655E+00
   244  9.76000000E+01  1.24705580E+00  1.23513374E+00  1.24705580E+00
   245  9.80000000E+01  1.24706448E+00  1.23574708E+00  1.24706448E+00
   246  9.84000000E+01  1.24707286E+00  1.23633343E+00  1.24707286E+00
   247  9.88000000E+01  1.24708077E+00  1.23689378E+00  1.24708077E+00
   248  9.92000000E+01  1.24708835E+00  1.23742924E+00  1.24708835E+00
   249  9.96000000E+01  1.24709554E+00  1.23794092E+00  1.24709554E+00
   250  1.00000000E+02  1.24710236E+00  1.23842991E+00  1.24710236E+00
   251  1.00400000E+02  1.24710890E+00  1.23889719E+00  1.24710890E+00
   252  1.00800000E+02  1.24711503E+00  1.23934362E+00  1.24711503E+00
   253  1.01200000E+02  1.24712098E+00  1.23976993E+00  1.24712098E+00
   254  1.01600000E+02  1.24712647E+00  1.24017676E+00  1.24712647E+00
   255  1.02000000E+02  1.24713187E+00  1.24056466E+00  1.24713187E+00
   256  1.02400000E+02  1.24713676E+00  1.24093419E+00  1.24713676E+00
   257  1.02800000E+02  1.24714163E+00  1.24128590E+00  1.24714163E+00
   258  1.03200000E+02  1.24714605E+00  1.24162042E+00  1.24714605E+00
   259  1.03600000E+02  1.24715038E+00  1.24193838E+00  1.24715038E+00
   260  1.04000000E+02  1.24715437E+00  1.24224051E+00  1.24715437E+00
   261  1.04400000E+02  1.24715819E+00  1.24252751E+00  1.24715819E+00
   262  1.04800000E+02  1.24716178E+00  1.24280011E+00  1.24716178E+00
   263  1.05200000E+02  1.24716513E+00  1.24305900E+00  1.24716513E+00
   264  1.05600000E+02  1.24716836E+00  1.24330481E+00  1.24716836E+00
   265  1.06000000E+02  1.24717128E+00  1.24353812E+00  1.24717128E+00
   266  1.06400000E+02  1.24717418E+00  1.24375946E+00  1.24717418E+00
   267  1.06800000E+02  1.24717680E+00  1.24396931E+00  1.24717680E+00
   268  1.07200000E+02  1.24717931E+00  1.24416813E+00  1.24717931E+00
   269  1.07600000E+02  1.24718165E+00  1.24435637E+00  1.24718165E+00
   270  1.08000000E+02  1.24718379E+00  1.24453448E+00  1.24718379E+00
   271  1.08400000E+02  1.24718586E+00  1.24470290E+00  1.24718586E+00
   272  1.08800000E+02  1.24718771E+00  1.24486208E+00  1.24718771E+00
   273  1.09200000E+02  1.24718951E+00  1.24501247E+00  1.24718951E+00
   274  1.09600000E+02  1.24719114E+00  1.24515450E+00  1.24719114E+00
   275  1.10000000E+02  1.24719264E+00  1.24528859E+00  1.24719264E+00
   276  1.10400000E+02  1.24719408E+00  1.24541512E+00  1.24719408E+00
   277  1.10800000E+02  1.24719535E+00  1.24553448E+00  1.24719535E+00
   278  1.11200000E+02  1.24719656E+00  1.24564701E+00  1.24719656E+00
   279  1.11600000E+02  1.24719767E+00  1.24575303E+00  1.24719767E+00
   280  1.12000000E+02  1.24719864E+00  1.24585286E+00  1.24719864E+00
   281  1.12400000E+02  1.24719959E+00  1.24594680E+00  1.24719959E+00
   282  1.12800000E+02  1.24720043E+00  1.24603514E+00  1.24720043E+00
   283  1.13200000E+02  1.24720116E+00  1.24611817E+00  1.24720116E+00
   284  1.13600000E+02  1.24720187E+00  1.24619616E+00  1.24720187E+00
   285  1.14000000E+02  1.24720250E+00  1.24626937E+00  1.24720250E+00
   286  1.14400000E+02  1.24720303E+00  1.24633806E+00  1.24720303E+00
   287  1.14800000E+02  1.24720353E+00  1.24640247E+00  1.24720353E+00
   288  1.15200000E+02  1.24720397E+00  1.24646284E+00  1.24720397E+00
   289  1.15600000E+02  1.24720436E+00  1.24651937E+00  1.24720436E+00
   290  1.16000000E+02  1.24720468E+00  1.24657228E+00  1.24720468E+00
   291  1.16400000E+02  1.24720497E+00  1.24662175E+00  1.24720497E+00
   292  1.16800000E+02  1.24720522E+00  1.24666799E+00  1.24720522E+00
   293  1.17200000E+02  1.24720543E+00  1.24671116E+00  1.24720543E+00
   294  1.17600000E+02  1.24720558E+00  1.24675144E+00  1.24720558E+00
   295  1.18000000E+02  1.24720570E+00  1.24678899E+00  1.24720570E+00
   296  1.18400000E+02  1.24720581E+00  1.24682397E+00  1.24720581E+00
   297  1.18800000E+02  1.24720589E+00  1.24685652E+00  1.24720589E+00
   298  1.19200000E+02  1.24720594E+00  1.24688679E+00  1.24720594E+00
   299  1.19600000E+02  1.24720597E+00  1.24691492E+00  1.24720597E+00
   300  1.20000000E+02  1.24720598E+00  1.24694102E+00  1.24720598E+00
   301  1.20400000E+02  1.24720596E+00  1.24696522E+00  1.24720596E+00
   302  1.20800000E+02  1.24720593E+00  1.24698763E+00  1.24720593E+00
   303  1.21200000E+02  1.24720589E+00  1.24700836E+00  1.24720589E+00
   304  1.21600000E+02  1.24720584E+00  1.24702752E+00  1.24720584E+00
   305  1.22000000E+02  1.24720578E+00  1.24704520E+00  1.24720578E+00
   306  1.22400000E+02  1.24720572E+00  1.24706149E+00  1.24720572E+00
   307  1.22800000E+02  1.24720565E+00  1.24707648E+00  1.24720565E+00
   308  1.23200000E+02  1.24720558E+00  1.24709025E+00  1.24720558E+00
   309  1.23600000E+02  1.24720551E+00  1.24710289E+00  1.24720551E+00
   310  1.24000000E+02  1.24720545E+00  1.24711446E+00  1.24720545E+00
   311  1.24400000E+02  1.24720538E+00  1.24712504E+00  1.24720538E+00
   312  1.24800000E+02  1.24720532E+00  1.24713469E+00  1.24720532E+00
   313  1.25200000E+02  1.24720526E+00  1.24714347E+00  1.24720526E+00
   314  1.25600000E+02  1.24720521E+00  1.24715145E+00  1.24720521E+00
   315  1.26000000E+02  1.24720517E+00  1.24715867E+00  1.24720517E+00
   316  1.26400000E+02  1.24720513E+00  1.24716519E+00  1.24720513E+00
   317  1.26800000E+02  1.24720510E+00  1.24717107E+00  1.24720510E+00
   318  1.27200000E+02  1.24720510E+00  1.24717634E+00  1.24720510E+00
   319  1.27600000E+02  1.24720511E+00  1.24718105E+00  1.24720511E+00
   320  1.28000000E+02  1.24720513E+00  1.24718523E+00  1.24720513E+00
   321  1.28400000E+02  1.24720517E+00  1.24718894E+00  1.24720517E+00
   322  1.28800000E+02  1.24720522E+00  1.24719220E+00  1.24720522E+00
   323  1.29200000E+02  1.24720529E+00  1.24719506E+00  1.24720529E+00
 steady-height stop at step    323: rounded to 4 decimals, rounded max/end/ratio =      12472     12472     12472, max/end/ratio =   1.24720529E+00  1.24719506E+00  1.24720529E+00
