Info    : Running 'gmsh -2 -order 2 -algo front2d -o mesh.msh mesh.geo' [Gmsh 4.15.0-git, 1 node, max. 1 thread]
Info    : Started on Fri Sep 18 10:17:05 2026
Info    : Reading 'mesh.geo'...
Info    : Reading 'mesh_2D_bc.igo'...
Info    : Done reading 'mesh_2D_bc.igo'
Info    : Done reading 'mesh.geo'
Info    : Meshing 1D...
Info    : [  0%] Meshing curve 1 (Line)
Info    : [ 20%] Meshing curve 2 (Line)
Info    : [ 40%] Meshing curve 3 (Line)
Info    : [ 60%] Meshing curve 4 (Line)
Info    : [ 70%] Meshing curve 5 (Line)
Info    : [ 90%] Meshing curve 6 (Line)
Info    : Done meshing 1D (Wall 0.00833938s, CPU 0.002297s)
Info    : Meshing 2D...
Info    : Meshing surface 1 (Plane, Delaunay)
Info    : Done meshing 2D (Wall 0.0801722s, CPU 0.077731s)
Info    : Meshing order 2 (curvilinear on)...
Info    : [  0%] Meshing curve 1 order 2
Info    : [ 20%] Meshing curve 2 order 2
Info    : [ 30%] Meshing curve 3 order 2
Info    : [ 50%] Meshing curve 4 order 2
Info    : [ 60%] Meshing curve 5 order 2
Info    : [ 80%] Meshing curve 6 order 2
Info    : [ 90%] Meshing surface 1 order 2
Info    : Surface mesh: worst distortion = 1 (0 elements in ]0, 0.2]); worst gamma = 0.566581
Info    : Done meshing order 2 (Wall 0.0290697s, CPU 0.02358s)
Info    : 23000 nodes 11709 elements
Info    : Writing 'mesh.msh'...
Info    : Done writing 'mesh.msh'
Info    : Stopped on Fri Sep 18 10:17:05 2026 (From start: Wall 0.152164s, CPU 0.172257s)
