 comppar: model =   3
 comppar: lambda,mobility/eps,betav,eta_0 =  1.1000E+01  3.0000E-02  9.0000E-01  1.0000E+00
 comppar: eta_s,eta_p,G =  9.0000E-01  1.0000E-01  9.0909E-03
 comppar: U_avg,deltat,flowrate,nsteps =  1.0000E-01  4.0000E-01  3.1416E-01    1000
 comppar: geometry = axisymmetric
 comppar: steady stop change,gap,hold,min =  1.0000E-05  2.0000E-04      10      80
 comppar: steady stop rounded decimals =       4
 comppar: ncompc,ncompg =     4     5
 mesh nnodes = 22999
 mesh nelem = 11296
 P1 BC   5.0000000000000000     
 P2 BC   0.0000000000000000     
     1  4.00000000E-01  1.00503996E+00  1.00000000E+00  1.00503996E+00
     2  8.00000000E-01  1.00992396E+00  1.00000000E+00  1.00992396E+00
     3  1.20000000E+00  1.01465743E+00  1.00000000E+00  1.01465743E+00
     4  1.60000000E+00  1.01925368E+00  1.00000000E+00  1.01925368E+00
     5  2.00000000E+00  1.02371675E+00  1.00000000E+00  1.02371675E+00
     6  2.40000000E+00  1.02805270E+00  1.00000000E+00  1.02805270E+00
     7  2.80000000E+00  1.03226639E+00  1.00000000E+00  1.03226639E+00
     8  3.20000000E+00  1.03636085E+00  1.00000000E+00  1.03636085E+00
     9  3.60000000E+00  1.04035043E+00  1.00000000E+00  1.04035043E+00
    10  4.00000000E+00  1.04422691E+00  1.00000000E+00  1.04422691E+00
    11  4.40000000E+00  1.04799983E+00  9.99999996E-01  1.04799983E+00
    12  4.80000000E+00  1.05167267E+00  9.99999990E-01  1.05167267E+00
    13  5.20000000E+00  1.05525000E+00  9.99999982E-01  1.05525000E+00
    14  5.60000000E+00  1.05872287E+00  9.99999972E-01  1.05872287E+00
    15  6.00000000E+00  1.06212012E+00  9.99999958E-01  1.06212012E+00
    16  6.40000000E+00  1.06542456E+00  9.99999940E-01  1.06542456E+00
    17  6.80000000E+00  1.06863866E+00  9.99999918E-01  1.06863866E+00
    18  7.20000000E+00  1.07176581E+00  9.99999890E-01  1.07176581E+00
    19  7.60000000E+00  1.07480930E+00  9.99999857E-01  1.07480930E+00
    20  8.00000000E+00  1.07778319E+00  9.99999817E-01  1.07778319E+00
    21  8.40000000E+00  1.08067888E+00  9.99999770E-01  1.08067888E+00
    22  8.80000000E+00  1.08350007E+00  9.99999714E-01  1.08350007E+00
    23  9.20000000E+00  1.08624289E+00  9.99999648E-01  1.08624289E+00
    24  9.60000000E+00  1.08891501E+00  9.99999572E-01  1.08891501E+00
    25  1.00000000E+01  1.09151398E+00  9.99999484E-01  1.09151398E+00
    26  1.04000000E+01  1.09405994E+00  9.99999382E-01  1.09405994E+00
    27  1.08000000E+01  1.09653875E+00  9.99999266E-01  1.09653875E+00
    28  1.12000000E+01  1.09895094E+00  9.99999133E-01  1.09895094E+00
    29  1.16000000E+01  1.10129456E+00  9.99998982E-01  1.10129456E+00
    30  1.20000000E+01  1.10356683E+00  9.99998811E-01  1.10356683E+00
    31  1.24000000E+01  1.10576998E+00  9.99998619E-01  1.10576998E+00
    32  1.28000000E+01  1.10795283E+00  9.99998402E-01  1.10795283E+00
    33  1.32000000E+01  1.11007079E+00  9.99998159E-01  1.11007079E+00
    34  1.36000000E+01  1.11212179E+00  9.99997888E-01  1.11212179E+00
    35  1.40000000E+01  1.11410674E+00  9.99997586E-01  1.11410674E+00
    36  1.44000000E+01  1.11606523E+00  9.99997250E-01  1.11606523E+00
    37  1.48000000E+01  1.11797834E+00  9.99996877E-01  1.11797834E+00
    38  1.52000000E+01  1.11983020E+00  9.99996464E-01  1.11983020E+00
    39  1.56000000E+01  1.12162110E+00  9.99996008E-01  1.12162110E+00
    40  1.60000000E+01  1.12340992E+00  9.99995506E-01  1.12340992E+00
    41  1.64000000E+01  1.12514090E+00  9.99994954E-01  1.12514090E+00
    42  1.68000000E+01  1.12681174E+00  9.99994348E-01  1.12681174E+00
    43  1.72000000E+01  1.12848311E+00  9.99993684E-01  1.12848311E+00
    44  1.76000000E+01  1.13010379E+00  9.99992958E-01  1.13010379E+00
    45  1.80000000E+01  1.13169406E+00  9.99992165E-01  1.13169406E+00
    46  1.84000000E+01  1.13326843E+00  9.99991301E-01  1.13326843E+00
    47  1.88000000E+01  1.13481096E+00  9.99990360E-01  1.13481096E+00
    48  1.92000000E+01  1.13634306E+00  9.99989339E-01  1.13634306E+00
    49  1.96000000E+01  1.13786619E+00  9.99988231E-01  1.13786619E+00
    50  2.00000000E+01  1.13937661E+00  9.99987032E-01  1.13937661E+00
    51  2.04000000E+01  1.14088697E+00  9.99985735E-01  1.14088697E+00
    52  2.08000000E+01  1.14240508E+00  9.99984334E-01  1.14240508E+00
    53  2.12000000E+01  1.14393771E+00  9.99982825E-01  1.14393771E+00
    54  2.16000000E+01  1.14547791E+00  9.99981200E-01  1.14547791E+00
    55  2.20000000E+01  1.14702203E+00  9.99979453E-01  1.14702203E+00
    56  2.24000000E+01  1.14856354E+00  9.99977579E-01  1.14856354E+00
    57  2.28000000E+01  1.15009476E+00  9.99975570E-01  1.15009476E+00
    58  2.32000000E+01  1.15162440E+00  9.99973421E-01  1.15162440E+00
    59  2.36000000E+01  1.15314800E+00  9.99971125E-01  1.15314800E+00
    60  2.40000000E+01  1.15464714E+00  9.99968676E-01  1.15464714E+00
    61  2.44000000E+01  1.15614100E+00  9.99966067E-01  1.15614100E+00
    62  2.48000000E+01  1.15761928E+00  9.99963293E-01  1.15761928E+00
    63  2.52000000E+01  1.15906590E+00  9.99960348E-01  1.15906590E+00
    64  2.56000000E+01  1.16051700E+00  9.99957227E-01  1.16051700E+00
    65  2.60000000E+01  1.16193662E+00  9.99953925E-01  1.16193662E+00
    66  2.64000000E+01  1.16333820E+00  9.99950437E-01  1.16333820E+00
    67  2.68000000E+01  1.16472821E+00  9.99946760E-01  1.16472821E+00
    68  2.72000000E+01  1.16608239E+00  9.99942892E-01  1.16608239E+00
    69  2.76000000E+01  1.16744011E+00  9.99938830E-01  1.16744011E+00
    70  2.80000000E+01  1.16876056E+00  9.99934573E-01  1.16876056E+00
    71  2.84000000E+01  1.17006925E+00  9.99930123E-01  1.17006925E+00
    72  2.88000000E+01  1.17135334E+00  9.99925482E-01  1.17135334E+00
    73  2.92000000E+01  1.17261120E+00  9.99920654E-01  1.17261120E+00
    74  2.96000000E+01  1.17385656E+00  9.99915644E-01  1.17385656E+00
    75  3.00000000E+01  1.17506512E+00  9.99910462E-01  1.17506512E+00
    76  3.04000000E+01  1.17627008E+00  9.99905118E-01  1.17627008E+00
    77  3.08000000E+01  1.17743286E+00  9.99899626E-01  1.17743286E+00
    78  3.12000000E+01  1.17859473E+00  9.99894004E-01  1.17859473E+00
    79  3.16000000E+01  1.17971672E+00  9.99888273E-01  1.17971672E+00
    80  3.20000000E+01  1.18083044E+00  9.99882459E-01  1.18083044E+00
    81  3.24000000E+01  1.18191208E+00  9.99876591E-01  1.18191208E+00
    82  3.28000000E+01  1.18298107E+00  9.99870706E-01  1.18298107E+00
    83  3.32000000E+01  1.18402320E+00  9.99864845E-01  1.18402320E+00
    84  3.36000000E+01  1.18505004E+00  9.99859055E-01  1.18505004E+00
    85  3.40000000E+01  1.18605335E+00  9.99853392E-01  1.18605335E+00
    86  3.44000000E+01  1.18703529E+00  9.99847919E-01  1.18703529E+00
    87  3.48000000E+01  1.18800025E+00  9.99842708E-01  1.18800025E+00
    88  3.52000000E+01  1.18893623E+00  9.99837842E-01  1.18893623E+00
    89  3.56000000E+01  1.18986307E+00  9.99833411E-01  1.18986307E+00
    90  3.60000000E+01  1.19075903E+00  9.99829522E-01  1.19075903E+00
    91  3.64000000E+01  1.19164775E+00  9.99826291E-01  1.19164775E+00
    92  3.68000000E+01  1.19250687E+00  9.99823849E-01  1.19250687E+00
    93  3.72000000E+01  1.19335749E+00  9.99822343E-01  1.19335749E+00
    94  3.76000000E+01  1.19417653E+00  9.99821937E-01  1.19417653E+00
    95  3.80000000E+01  1.19498916E+00  9.99822814E-01  1.19498916E+00
    96  3.84000000E+01  1.19577057E+00  9.99825174E-01  1.19577057E+00
    97  3.88000000E+01  1.19654560E+00  9.99829243E-01  1.19654560E+00
    98  3.92000000E+01  1.19729069E+00  9.99835267E-01  1.19729069E+00
    99  3.96000000E+01  1.19802883E+00  9.99843521E-01  1.19802883E+00
   100  4.00000000E+01  1.19873804E+00  9.99854305E-01  1.19873804E+00
   101  4.04000000E+01  1.19944020E+00  9.99867952E-01  1.19944020E+00
   102  4.08000000E+01  1.20011578E+00  9.99884824E-01  1.20011578E+00
   103  4.12000000E+01  1.20078310E+00  9.99905322E-01  1.20078310E+00
   104  4.16000000E+01  1.20142706E+00  9.99929883E-01  1.20142706E+00
   105  4.20000000E+01  1.20206068E+00  9.99958984E-01  1.20206068E+00
   106  4.24000000E+01  1.20267371E+00  9.99993149E-01  1.20267371E+00
   107  4.28000000E+01  1.20327479E+00  1.00003295E+00  1.20327479E+00
   108  4.32000000E+01  1.20385796E+00  1.00007900E+00  1.20385796E+00
   109  4.36000000E+01  1.20442761E+00  1.00013197E+00  1.20442761E+00
   110  4.40000000E+01  1.20498195E+00  1.00019261E+00  1.20498195E+00
   111  4.44000000E+01  1.20552117E+00  1.00026170E+00  1.20552117E+00
   112  4.48000000E+01  1.20604737E+00  1.00034011E+00  1.20604737E+00
   113  4.52000000E+01  1.20655715E+00  1.00042877E+00  1.20655715E+00
   114  4.56000000E+01  1.20705707E+00  1.00052868E+00  1.20705707E+00
   115  4.60000000E+01  1.20753836E+00  1.00064094E+00  1.20753836E+00
   116  4.64000000E+01  1.20801354E+00  1.00076671E+00  1.20801354E+00
   117  4.68000000E+01  1.20846734E+00  1.00090726E+00  1.20846734E+00
   118  4.72000000E+01  1.20891832E+00  1.00106395E+00  1.20891832E+00
   119  4.76000000E+01  1.20934744E+00  1.00123823E+00  1.20934744E+00
   120  4.80000000E+01  1.20977322E+00  1.00143166E+00  1.20977322E+00
   121  4.84000000E+01  1.21017994E+00  1.00164592E+00  1.21017994E+00
   122  4.88000000E+01  1.21058032E+00  1.00188280E+00  1.21058032E+00
   123  4.92000000E+01  1.21096570E+00  1.00214420E+00  1.21096570E+00
   124  4.96000000E+01  1.21134175E+00  1.00243216E+00  1.21134175E+00
   125  5.00000000E+01  1.21170755E+00  1.00274885E+00  1.21170755E+00
   126  5.04000000E+01  1.21206033E+00  1.00309656E+00  1.21206033E+00
   127  5.08000000E+01  1.21240743E+00  1.00347774E+00  1.21240743E+00
   128  5.12000000E+01  1.21273800E+00  1.00389497E+00  1.21273800E+00
   129  5.16000000E+01  1.21306638E+00  1.00435097E+00  1.21306638E+00
   130  5.20000000E+01  1.21337823E+00  1.00484861E+00  1.21337823E+00
   131  5.24000000E+01  1.21368630E+00  1.00539092E+00  1.21368630E+00
   132  5.28000000E+01  1.21398168E+00  1.00598107E+00  1.21398168E+00
   133  5.32000000E+01  1.21426960E+00  1.00662236E+00  1.21426960E+00
   134  5.36000000E+01  1.21454904E+00  1.00731825E+00  1.21454904E+00
   135  5.40000000E+01  1.21481778E+00  1.00807234E+00  1.21481778E+00
   136  5.44000000E+01  1.21508196E+00  1.00888834E+00  1.21508196E+00
   137  5.48000000E+01  1.21533284E+00  1.00977011E+00  1.21533284E+00
   138  5.52000000E+01  1.21558216E+00  1.01072160E+00  1.21558216E+00
   139  5.56000000E+01  1.21581945E+00  1.01174685E+00  1.21581945E+00
   140  5.60000000E+01  1.21605146E+00  1.01284998E+00  1.21605146E+00
   141  5.64000000E+01  1.21627547E+00  1.01403516E+00  1.21627547E+00
   142  5.68000000E+01  1.21649105E+00  1.01530660E+00  1.21649105E+00
   143  5.72000000E+01  1.21670280E+00  1.01666848E+00  1.21670280E+00
   144  5.76000000E+01  1.21690425E+00  1.01812498E+00  1.21690425E+00
   145  5.80000000E+01  1.21710325E+00  1.01968018E+00  1.21710325E+00
   146  5.84000000E+01  1.21729344E+00  1.02133805E+00  1.21729344E+00
   147  5.88000000E+01  1.21747773E+00  1.02310238E+00  1.21747773E+00
   148  5.92000000E+01  1.21765704E+00  1.02497676E+00  1.21765704E+00
   149  5.96000000E+01  1.21782744E+00  1.02696450E+00  1.21782744E+00
   150  6.00000000E+01  1.21799666E+00  1.02906857E+00  1.21799666E+00
   151  6.04000000E+01  1.21815716E+00  1.03129156E+00  1.21815716E+00
   152  6.08000000E+01  1.21831359E+00  1.03363557E+00  1.21831359E+00
   153  6.12000000E+01  1.21846493E+00  1.03610218E+00  1.21846493E+00
   154  6.16000000E+01  1.21860903E+00  1.03869236E+00  1.21860903E+00
   155  6.20000000E+01  1.21875184E+00  1.04140639E+00  1.21875184E+00
   156  6.24000000E+01  1.21888749E+00  1.04424383E+00  1.21888749E+00
   157  6.28000000E+01  1.21901921E+00  1.04720341E+00  1.21901921E+00
   158  6.32000000E+01  1.21914697E+00  1.05028297E+00  1.21914697E+00
   159  6.36000000E+01  1.21926819E+00  1.05347944E+00  1.21926819E+00
   160  6.40000000E+01  1.21938832E+00  1.05678874E+00  1.21938832E+00
   161  6.44000000E+01  1.21950277E+00  1.06020578E+00  1.21950277E+00
   162  6.48000000E+01  1.21961271E+00  1.06372442E+00  1.21961271E+00
   163  6.52000000E+01  1.21972057E+00  1.06733742E+00  1.21972057E+00
   164  6.56000000E+01  1.21982264E+00  1.07103649E+00  1.21982264E+00
   165  6.60000000E+01  1.21992238E+00  1.07481228E+00  1.21992238E+00
   166  6.64000000E+01  1.22001858E+00  1.07865443E+00  1.22001858E+00
   167  6.68000000E+01  1.22010983E+00  1.08255158E+00  1.22010983E+00
   168  6.72000000E+01  1.22020006E+00  1.08649151E+00  1.22020006E+00
   169  6.76000000E+01  1.22028603E+00  1.09046118E+00  1.22028603E+00
   170  6.80000000E+01  1.22036793E+00  1.09444689E+00  1.22036793E+00
   171  6.84000000E+01  1.22044884E+00  1.09843439E+00  1.22044884E+00
   172  6.88000000E+01  1.22052553E+00  1.10240905E+00  1.22052553E+00
   173  6.92000000E+01  1.22059913E+00  1.10635607E+00  1.22059913E+00
   174  6.96000000E+01  1.22067125E+00  1.11026063E+00  1.22067125E+00
   175  7.00000000E+01  1.22073972E+00  1.11410815E+00  1.22073972E+00
   176  7.04000000E+01  1.22080561E+00  1.11788450E+00  1.22080561E+00
   177  7.08000000E+01  1.22087014E+00  1.12157626E+00  1.22087014E+00
   178  7.12000000E+01  1.22093134E+00  1.12517098E+00  1.22093134E+00
   179  7.16000000E+01  1.22099007E+00  1.12865738E+00  1.22099007E+00
   180  7.20000000E+01  1.22104764E+00  1.13202568E+00  1.22104764E+00
   181  7.24000000E+01  1.22110231E+00  1.13526776E+00  1.22110231E+00
   182  7.28000000E+01  1.22115441E+00  1.13837745E+00  1.22115441E+00
   183  7.32000000E+01  1.22120589E+00  1.14135064E+00  1.22120589E+00
   184  7.36000000E+01  1.22125473E+00  1.14418549E+00  1.22125473E+00
   185  7.40000000E+01  1.22130105E+00  1.14688252E+00  1.22130105E+00
   186  7.44000000E+01  1.22134663E+00  1.14944461E+00  1.22134663E+00
   187  7.48000000E+01  1.22139026E+00  1.15187699E+00  1.22139026E+00
   188  7.52000000E+01  1.22143169E+00  1.15418713E+00  1.22143169E+00
   189  7.56000000E+01  1.22147164E+00  1.15638455E+00  1.22147164E+00
   190  7.60000000E+01  1.22151068E+00  1.15848048E+00  1.22151068E+00
   191  7.64000000E+01  1.22154769E+00  1.16048755E+00  1.22154769E+00
   192  7.68000000E+01  1.22158290E+00  1.16241930E+00  1.22158290E+00
   193  7.72000000E+01  1.22161732E+00  1.16428965E+00  1.22161732E+00
   194  7.76000000E+01  1.22165052E+00  1.16611239E+00  1.22165052E+00
   195  7.80000000E+01  1.22168208E+00  1.16790055E+00  1.22168208E+00
   196  7.84000000E+01  1.22171202E+00  1.16966588E+00  1.22171202E+00
   197  7.88000000E+01  1.22174140E+00  1.17141833E+00  1.22174140E+00
   198  7.92000000E+01  1.22176961E+00  1.17316561E+00  1.22176961E+00
   199  7.96000000E+01  1.22179644E+00  1.17491289E+00  1.22179644E+00
   200  8.00000000E+01  1.22182201E+00  1.17666266E+00  1.22182201E+00
   201  8.04000000E+01  1.22184678E+00  1.17841472E+00  1.22184678E+00
   202  8.08000000E+01  1.22187083E+00  1.18016636E+00  1.22187083E+00
   203  8.12000000E+01  1.22189373E+00  1.18191268E+00  1.22189373E+00
   204  8.16000000E+01  1.22191548E+00  1.18364711E+00  1.22191548E+00
   205  8.20000000E+01  1.22193627E+00  1.18536192E+00  1.22193627E+00
   206  8.24000000E+01  1.22195660E+00  1.18704892E+00  1.22195660E+00
   207  8.28000000E+01  1.22197619E+00  1.18870005E+00  1.22197619E+00
   208  8.32000000E+01  1.22199488E+00  1.19030799E+00  1.22199488E+00
   209  8.36000000E+01  1.22201267E+00  1.19186661E+00  1.22201267E+00
   210  8.40000000E+01  1.22202967E+00  1.19337133E+00  1.22202967E+00
   211  8.44000000E+01  1.22204600E+00  1.19481928E+00  1.22204600E+00
   212  8.48000000E+01  1.22206200E+00  1.19620929E+00  1.22206200E+00
   213  8.52000000E+01  1.22207730E+00  1.19754174E+00  1.22207730E+00
   214  8.56000000E+01  1.22209189E+00  1.19881825E+00  1.22209189E+00
   215  8.60000000E+01  1.22210584E+00  1.20004132E+00  1.22210584E+00
   216  8.64000000E+01  1.22211917E+00  1.20121394E+00  1.22211917E+00
   217  8.68000000E+01  1.22213195E+00  1.20233916E+00  1.22213195E+00
   218  8.72000000E+01  1.22214427E+00  1.20341981E+00  1.22214427E+00
   219  8.76000000E+01  1.22215626E+00  1.20445828E+00  1.22215626E+00
   220  8.80000000E+01  1.22216777E+00  1.20545635E+00  1.22216777E+00
   221  8.84000000E+01  1.22217878E+00  1.20641525E+00  1.22217878E+00
   222  8.88000000E+01  1.22218934E+00  1.20733573E+00  1.22218934E+00
   223  8.92000000E+01  1.22219942E+00  1.20821819E+00  1.22219942E+00
   224  8.96000000E+01  1.22220910E+00  1.20906284E+00  1.22220910E+00
   225  9.00000000E+01  1.22221836E+00  1.20986994E+00  1.22221836E+00
   226  9.04000000E+01  1.22222726E+00  1.21063984E+00  1.22222726E+00
   227  9.08000000E+01  1.22223577E+00  1.21137314E+00  1.22223577E+00
   228  9.12000000E+01  1.22224403E+00  1.21207065E+00  1.22224403E+00
   229  9.16000000E+01  1.22225205E+00  1.21273343E+00  1.22225205E+00
   230  9.20000000E+01  1.22225972E+00  1.21336266E+00  1.22225972E+00
   231  9.24000000E+01  1.22226709E+00  1.21395963E+00  1.22226709E+00
   232  9.28000000E+01  1.22227416E+00  1.21452561E+00  1.22227416E+00
   233  9.32000000E+01  1.22228096E+00  1.21506186E+00  1.22228096E+00
   234  9.36000000E+01  1.22228747E+00  1.21556951E+00  1.22228747E+00
   235  9.40000000E+01  1.22229373E+00  1.21604967E+00  1.22229373E+00
   236  9.44000000E+01  1.22229974E+00  1.21650334E+00  1.22229974E+00
   237  9.48000000E+01  1.22230553E+00  1.21693153E+00  1.22230553E+00
   238  9.52000000E+01  1.22231107E+00  1.21733520E+00  1.22231107E+00
   239  9.56000000E+01  1.22231641E+00  1.21771535E+00  1.22231641E+00
   240  9.60000000E+01  1.22232151E+00  1.21807300E+00  1.22232151E+00
   241  9.64000000E+01  1.22232644E+00  1.21840917E+00  1.22232644E+00
   242  9.68000000E+01  1.22233116E+00  1.21872489E+00  1.22233116E+00
   243  9.72000000E+01  1.22233571E+00  1.21902113E+00  1.22233571E+00
   244  9.76000000E+01  1.22234007E+00  1.21929884E+00  1.22234007E+00
   245  9.80000000E+01  1.22234427E+00  1.21955891E+00  1.22234427E+00
   246  9.84000000E+01  1.22234829E+00  1.21980215E+00  1.22234829E+00
   247  9.88000000E+01  1.22235217E+00  1.22002935E+00  1.22235217E+00
   248  9.92000000E+01  1.22235588E+00  1.22024125E+00  1.22235588E+00
   249  9.96000000E+01  1.22235947E+00  1.22043855E+00  1.22235947E+00
   250  1.00000000E+02  1.22236289E+00  1.22062197E+00  1.22236289E+00
   251  1.00400000E+02  1.22236620E+00  1.22079222E+00  1.22236620E+00
   252  1.00800000E+02  1.22236936E+00  1.22095000E+00  1.22236936E+00
   253  1.01200000E+02  1.22237241E+00  1.22109602E+00  1.22237241E+00
   254  1.01600000E+02  1.22237533E+00  1.22123095E+00  1.22237533E+00
   255  1.02000000E+02  1.22237816E+00  1.22135545E+00  1.22237816E+00
   256  1.02400000E+02  1.22238085E+00  1.22147013E+00  1.22238085E+00
   257  1.02800000E+02  1.22238345E+00  1.22157558E+00  1.22238345E+00
   258  1.03200000E+02  1.22238595E+00  1.22167232E+00  1.22238595E+00
   259  1.03600000E+02  1.22238837E+00  1.22176087E+00  1.22238837E+00
   260  1.04000000E+02  1.22239067E+00  1.22184170E+00  1.22239067E+00
   261  1.04400000E+02  1.22239292E+00  1.22191527E+00  1.22239292E+00
   262  1.04800000E+02  1.22239506E+00  1.22198202E+00  1.22239506E+00
   263  1.05200000E+02  1.22239715E+00  1.22204238E+00  1.22239715E+00
   264  1.05600000E+02  1.22239915E+00  1.22209676E+00  1.22239915E+00
   265  1.06000000E+02  1.22240110E+00  1.22214556E+00  1.22240110E+00
   266  1.06400000E+02  1.22240297E+00  1.22218917E+00  1.22240297E+00
   267  1.06800000E+02  1.22240481E+00  1.22222796E+00  1.22240481E+00
   268  1.07200000E+02  1.22240658E+00  1.22226226E+00  1.22240658E+00
   269  1.07600000E+02  1.22240831E+00  1.22229239E+00  1.22240831E+00
   270  1.08000000E+02  1.22240999E+00  1.22231865E+00  1.22240999E+00
   271  1.08400000E+02  1.22241164E+00  1.22234133E+00  1.22241164E+00
   272  1.08800000E+02  1.22241324E+00  1.22236069E+00  1.22241324E+00
   273  1.09200000E+02  1.22241482E+00  1.22237698E+00  1.22241482E+00
   274  1.09600000E+02  1.22241642E+00  1.22239045E+00  1.22241642E+00
   275  1.10000000E+02  1.22241799E+00  1.22240132E+00  1.22241799E+00
   276  1.10400000E+02  1.22241952E+00  1.22240980E+00  1.22241952E+00
   277  1.10800000E+02  1.22242088E+00  1.22241610E+00  1.22242088E+00
   278  1.11200000E+02  1.22242222E+00  1.22242041E+00  1.22242222E+00
   279  1.11600000E+02  1.22242319E+00  1.22242290E+00  1.22242319E+00
   280  1.12000000E+02  1.22242376E+00  1.22242376E+00  1.22242376E+00
   281  1.12400000E+02  1.22242312E+00  1.22242312E+00  1.22242312E+00
 steady-height stop at step    281: rounded to 4 decimals, rounded max/end/ratio =      12224     12224     12224, max/end/ratio =   1.22242312E+00  1.22242312E+00  1.22242312E+00
