 comppar: model =   3
 comppar: lambda,mobility/eps,betav,eta_0 =  1.1000E+01  1.0000E-02  9.0000E-01  1.0000E+00
 comppar: eta_s,eta_p,G =  9.0000E-01  1.0000E-01  9.0909E-03
 comppar: U_avg,deltat,flowrate,nsteps =  1.0000E-01  4.0000E-01  3.1416E-01    1000
 comppar: geometry = axisymmetric
 comppar: steady stop change,gap,hold,min =  1.0000E-05  2.0000E-04      10      80
 comppar: steady stop rounded decimals =       4
 comppar: ncompc,ncompg =     4     5
 mesh nnodes = 22999
 mesh nelem = 11296
 P1 BC   5.0000000000000000     
 P2 BC   0.0000000000000000     
     1  4.00000000E-01  1.00503996E+00  1.00000000E+00  1.00503996E+00
     2  8.00000000E-01  1.00992396E+00  1.00000000E+00  1.00992396E+00
     3  1.20000000E+00  1.01465744E+00  1.00000000E+00  1.01465744E+00
     4  1.60000000E+00  1.01925372E+00  1.00000000E+00  1.01925372E+00
     5  2.00000000E+00  1.02371689E+00  1.00000000E+00  1.02371689E+00
     6  2.40000000E+00  1.02805308E+00  1.00000000E+00  1.02805308E+00
     7  2.80000000E+00  1.03226722E+00  1.00000000E+00  1.03226722E+00
     8  3.20000000E+00  1.03636243E+00  1.00000000E+00  1.03636243E+00
     9  3.60000000E+00  1.04035322E+00  1.00000000E+00  1.04035322E+00
    10  4.00000000E+00  1.04423150E+00  1.00000000E+00  1.04423150E+00
    11  4.40000000E+00  1.04800702E+00  9.99999996E-01  1.04800702E+00
    12  4.80000000E+00  1.05168350E+00  9.99999990E-01  1.05168350E+00
    13  5.20000000E+00  1.05526585E+00  9.99999982E-01  1.05526585E+00
    14  5.60000000E+00  1.05874547E+00  9.99999972E-01  1.05874547E+00
    15  6.00000000E+00  1.06215119E+00  9.99999958E-01  1.06215119E+00
    16  6.40000000E+00  1.06546678E+00  9.99999940E-01  1.06546678E+00
    17  6.80000000E+00  1.06869494E+00  9.99999918E-01  1.06869494E+00
    18  7.20000000E+00  1.07183945E+00  9.99999890E-01  1.07183945E+00
    19  7.60000000E+00  1.07490414E+00  9.99999857E-01  1.07490414E+00
    20  8.00000000E+00  1.07790011E+00  9.99999817E-01  1.07790011E+00
    21  8.40000000E+00  1.08082442E+00  9.99999770E-01  1.08082442E+00
    22  8.80000000E+00  1.08367891E+00  9.99999714E-01  1.08367891E+00
    23  9.20000000E+00  1.08645959E+00  9.99999649E-01  1.08645959E+00
    24  9.60000000E+00  1.08917468E+00  9.99999573E-01  1.08917468E+00
    25  1.00000000E+01  1.09183436E+00  9.99999485E-01  1.09183436E+00
    26  1.04000000E+01  1.09443587E+00  9.99999384E-01  1.09443587E+00
    27  1.08000000E+01  1.09697591E+00  9.99999268E-01  1.09697591E+00
    28  1.12000000E+01  1.09945359E+00  9.99999136E-01  1.09945359E+00
    29  1.16000000E+01  1.10186794E+00  9.99998987E-01  1.10186794E+00
    30  1.20000000E+01  1.10421445E+00  9.99998817E-01  1.10421445E+00
    31  1.24000000E+01  1.10653190E+00  9.99998627E-01  1.10653190E+00
    32  1.28000000E+01  1.10880759E+00  9.99998413E-01  1.10880759E+00
    33  1.32000000E+01  1.11101843E+00  9.99998174E-01  1.11101843E+00
    34  1.36000000E+01  1.11316659E+00  9.99997906E-01  1.11316659E+00
    35  1.40000000E+01  1.11529777E+00  9.99997609E-01  1.11529777E+00
    36  1.44000000E+01  1.11738675E+00  9.99997279E-01  1.11738675E+00
    37  1.48000000E+01  1.11941517E+00  9.99996914E-01  1.11941517E+00
    38  1.52000000E+01  1.12141007E+00  9.99996511E-01  1.12141007E+00
    39  1.56000000E+01  1.12338986E+00  9.99996066E-01  1.12338986E+00
    40  1.60000000E+01  1.12531171E+00  9.99995577E-01  1.12531171E+00
    41  1.64000000E+01  1.12721689E+00  9.99995041E-01  1.12721689E+00
    42  1.68000000E+01  1.12909677E+00  9.99994453E-01  1.12909677E+00
    43  1.72000000E+01  1.13093833E+00  9.99993811E-01  1.13093833E+00
    44  1.76000000E+01  1.13277697E+00  9.99993111E-01  1.13277697E+00
    45  1.80000000E+01  1.13458784E+00  9.99992348E-01  1.13458784E+00
    46  1.84000000E+01  1.13639520E+00  9.99991518E-01  1.13639520E+00
    47  1.88000000E+01  1.13820482E+00  9.99990618E-01  1.13820482E+00
    48  1.92000000E+01  1.14001184E+00  9.99989642E-01  1.14001184E+00
    49  1.96000000E+01  1.14183080E+00  9.99988587E-01  1.14183080E+00
    50  2.00000000E+01  1.14367052E+00  9.99987447E-01  1.14367052E+00
    51  2.04000000E+01  1.14553392E+00  9.99986217E-01  1.14553392E+00
    52  2.08000000E+01  1.14741869E+00  9.99984894E-01  1.14741869E+00
    53  2.12000000E+01  1.14932128E+00  9.99983470E-01  1.14932128E+00
    54  2.16000000E+01  1.15124455E+00  9.99981942E-01  1.15124455E+00
    55  2.20000000E+01  1.15317358E+00  9.99980304E-01  1.15317358E+00
    56  2.24000000E+01  1.15509982E+00  9.99978550E-01  1.15509982E+00
    57  2.28000000E+01  1.15701601E+00  9.99976675E-01  1.15701601E+00
    58  2.32000000E+01  1.15893622E+00  9.99974674E-01  1.15893622E+00
    59  2.36000000E+01  1.16085580E+00  9.99972541E-01  1.16085580E+00
    60  2.40000000E+01  1.16275686E+00  9.99970271E-01  1.16275686E+00
    61  2.44000000E+01  1.16463934E+00  9.99967859E-01  1.16463934E+00
    62  2.48000000E+01  1.16653651E+00  9.99965299E-01  1.16653651E+00
    63  2.52000000E+01  1.16841354E+00  9.99962586E-01  1.16841354E+00
    64  2.56000000E+01  1.17027016E+00  9.99959716E-01  1.17027016E+00
    65  2.60000000E+01  1.17213217E+00  9.99956685E-01  1.17213217E+00
    66  2.64000000E+01  1.17397993E+00  9.99953487E-01  1.17397993E+00
    67  2.68000000E+01  1.17580285E+00  9.99950119E-01  1.17580285E+00
    68  2.72000000E+01  1.17762713E+00  9.99946579E-01  1.17762713E+00
    69  2.76000000E+01  1.17943303E+00  9.99942864E-01  1.17943303E+00
    70  2.80000000E+01  1.18120612E+00  9.99938972E-01  1.18120612E+00
    71  2.84000000E+01  1.18298459E+00  9.99934902E-01  1.18298459E+00
    72  2.88000000E+01  1.18473126E+00  9.99930655E-01  1.18473126E+00
    73  2.92000000E+01  1.18645478E+00  9.99926230E-01  1.18645478E+00
    74  2.96000000E+01  1.18817138E+00  9.99921632E-01  1.18817138E+00
    75  3.00000000E+01  1.18984742E+00  9.99916864E-01  1.18984742E+00
    76  3.04000000E+01  1.19152851E+00  9.99911931E-01  1.19152851E+00
    77  3.08000000E+01  1.19317250E+00  9.99906840E-01  1.19317250E+00
    78  3.12000000E+01  1.19480007E+00  9.99901602E-01  1.19480007E+00
    79  3.16000000E+01  1.19641195E+00  9.99896228E-01  1.19641195E+00
    80  3.20000000E+01  1.19798597E+00  9.99890732E-01  1.19798597E+00
    81  3.24000000E+01  1.19956221E+00  9.99885131E-01  1.19956221E+00
    82  3.28000000E+01  1.20110605E+00  9.99879446E-01  1.20110605E+00
    83  3.32000000E+01  1.20262444E+00  9.99873699E-01  1.20262444E+00
    84  3.36000000E+01  1.20413819E+00  9.99867920E-01  1.20413819E+00
    85  3.40000000E+01  1.20561647E+00  9.99862140E-01  1.20561647E+00
    86  3.44000000E+01  1.20708642E+00  9.99856395E-01  1.20708642E+00
    87  3.48000000E+01  1.20853354E+00  9.99850727E-01  1.20853354E+00
    88  3.52000000E+01  1.20994787E+00  9.99845183E-01  1.20994787E+00
    89  3.56000000E+01  1.21136266E+00  9.99839817E-01  1.21136266E+00
    90  3.60000000E+01  1.21273970E+00  9.99834688E-01  1.21273970E+00
    91  3.64000000E+01  1.21410820E+00  9.99829865E-01  1.21410820E+00
    92  3.68000000E+01  1.21545088E+00  9.99825423E-01  1.21545088E+00
    93  3.72000000E+01  1.21677418E+00  9.99821447E-01  1.21677418E+00
    94  3.76000000E+01  1.21808184E+00  9.99818030E-01  1.21808184E+00
    95  3.80000000E+01  1.21935164E+00  9.99815276E-01  1.21935164E+00
    96  3.84000000E+01  1.22062408E+00  9.99813300E-01  1.22062408E+00
    97  3.88000000E+01  1.22185844E+00  9.99812231E-01  1.22185844E+00
    98  3.92000000E+01  1.22307369E+00  9.99812208E-01  1.22307369E+00
    99  3.96000000E+01  1.22427361E+00  9.99813388E-01  1.22427361E+00
   100  4.00000000E+01  1.22544317E+00  9.99815939E-01  1.22544317E+00
   101  4.04000000E+01  1.22660924E+00  9.99820049E-01  1.22660924E+00
   102  4.08000000E+01  1.22773970E+00  9.99825922E-01  1.22773970E+00
   103  4.12000000E+01  1.22887187E+00  9.99833783E-01  1.22887187E+00
   104  4.16000000E+01  1.22996966E+00  9.99843875E-01  1.22996966E+00
   105  4.20000000E+01  1.23105308E+00  9.99856466E-01  1.23105308E+00
   106  4.24000000E+01  1.23211848E+00  9.99871847E-01  1.23211848E+00
   107  4.28000000E+01  1.23315616E+00  9.99890334E-01  1.23315616E+00
   108  4.32000000E+01  1.23418945E+00  9.99912271E-01  1.23418945E+00
   109  4.36000000E+01  1.23518919E+00  9.99938030E-01  1.23518919E+00
   110  4.40000000E+01  1.23618518E+00  9.99968018E-01  1.23618518E+00
   111  4.44000000E+01  1.23715345E+00  1.00000267E+00  1.23715345E+00
   112  4.48000000E+01  1.23810466E+00  1.00004247E+00  1.23810466E+00
   113  4.52000000E+01  1.23904180E+00  1.00008791E+00  1.23904180E+00
   114  4.56000000E+01  1.23995174E+00  1.00013957E+00  1.23995174E+00
   115  4.60000000E+01  1.24085819E+00  1.00019802E+00  1.24085819E+00
   116  4.64000000E+01  1.24173321E+00  1.00026392E+00  1.24173321E+00
   117  4.68000000E+01  1.24260698E+00  1.00033796E+00  1.24260698E+00
   118  4.72000000E+01  1.24345250E+00  1.00042088E+00  1.24345250E+00
   119  4.76000000E+01  1.24428877E+00  1.00051347E+00  1.24428877E+00
   120  4.80000000E+01  1.24510542E+00  1.00061660E+00  1.24510542E+00
   121  4.84000000E+01  1.24590494E+00  1.00073117E+00  1.24590494E+00
   122  4.88000000E+01  1.24669332E+00  1.00085818E+00  1.24669332E+00
   123  4.92000000E+01  1.24745705E+00  1.00099867E+00  1.24745705E+00
   124  4.96000000E+01  1.24821779E+00  1.00115376E+00  1.24821779E+00
   125  5.00000000E+01  1.24895068E+00  1.00132465E+00  1.24895068E+00
   126  5.04000000E+01  1.24967951E+00  1.00151261E+00  1.24967951E+00
   127  5.08000000E+01  1.25038606E+00  1.00171900E+00  1.25038606E+00
   128  5.12000000E+01  1.25108185E+00  1.00194526E+00  1.25108185E+00
   129  5.16000000E+01  1.25176264E+00  1.00219292E+00  1.25176264E+00
   130  5.20000000E+01  1.25242794E+00  1.00246360E+00  1.25242794E+00
   131  5.24000000E+01  1.25308359E+00  1.00275902E+00  1.25308359E+00
   132  5.28000000E+01  1.25371826E+00  1.00308099E+00  1.25371826E+00
   133  5.32000000E+01  1.25434938E+00  1.00343145E+00  1.25434938E+00
   134  5.36000000E+01  1.25495598E+00  1.00381239E+00  1.25495598E+00
   135  5.40000000E+01  1.25556096E+00  1.00422597E+00  1.25556096E+00
   136  5.44000000E+01  1.25614432E+00  1.00467440E+00  1.25614432E+00
   137  5.48000000E+01  1.25672044E+00  1.00516003E+00  1.25672044E+00
   138  5.52000000E+01  1.25728119E+00  1.00568532E+00  1.25728119E+00
   139  5.56000000E+01  1.25782973E+00  1.00625283E+00  1.25782973E+00
   140  5.60000000E+01  1.25836850E+00  1.00686522E+00  1.25836850E+00
   141  5.64000000E+01  1.25889238E+00  1.00752528E+00  1.25889238E+00
   142  5.68000000E+01  1.25940979E+00  1.00823587E+00  1.25940979E+00
   143  5.72000000E+01  1.25991015E+00  1.00899998E+00  1.25991015E+00
   144  5.76000000E+01  1.26040684E+00  1.00982066E+00  1.26040684E+00
   145  5.80000000E+01  1.26088302E+00  1.01070108E+00  1.26088302E+00
   146  5.84000000E+01  1.26135899E+00  1.01164445E+00  1.26135899E+00
   147  5.88000000E+01  1.26181569E+00  1.01265406E+00  1.26181569E+00
   148  5.92000000E+01  1.26226786E+00  1.01373326E+00  1.26226786E+00
   149  5.96000000E+01  1.26270568E+00  1.01488540E+00  1.26270568E+00
   150  6.00000000E+01  1.26313628E+00  1.01611389E+00  1.26313628E+00
   151  6.04000000E+01  1.26355581E+00  1.01742211E+00  1.26355581E+00
   152  6.08000000E+01  1.26396525E+00  1.01881342E+00  1.26396525E+00
   153  6.12000000E+01  1.26436707E+00  1.02029111E+00  1.26436707E+00
   154  6.16000000E+01  1.26475609E+00  1.02185842E+00  1.26475609E+00
   155  6.20000000E+01  1.26514078E+00  1.02351845E+00  1.26514078E+00
   156  6.24000000E+01  1.26551041E+00  1.02527416E+00  1.26551041E+00
   157  6.28000000E+01  1.26587853E+00  1.02712833E+00  1.26587853E+00
   158  6.32000000E+01  1.26623036E+00  1.02908351E+00  1.26623036E+00
   159  6.36000000E+01  1.26658201E+00  1.03114198E+00  1.26658201E+00
   160  6.40000000E+01  1.26691839E+00  1.03330573E+00  1.26691839E+00
   161  6.44000000E+01  1.26725189E+00  1.03557636E+00  1.26725189E+00
   162  6.48000000E+01  1.26757335E+00  1.03795510E+00  1.26757335E+00
   163  6.52000000E+01  1.26789039E+00  1.04044272E+00  1.26789039E+00
   164  6.56000000E+01  1.26819745E+00  1.04303948E+00  1.26819745E+00
   165  6.60000000E+01  1.26849968E+00  1.04574511E+00  1.26849968E+00
   166  6.64000000E+01  1.26879286E+00  1.04855877E+00  1.26879286E+00
   167  6.68000000E+01  1.26907957E+00  1.05147895E+00  1.26907957E+00
   168  6.72000000E+01  1.26935937E+00  1.05450351E+00  1.26935937E+00
   169  6.76000000E+01  1.26963084E+00  1.05762960E+00  1.26963084E+00
   170  6.80000000E+01  1.26989774E+00  1.06085364E+00  1.26989774E+00
   171  6.84000000E+01  1.27015509E+00  1.06417131E+00  1.27015509E+00
   172  6.88000000E+01  1.27040958E+00  1.06757752E+00  1.27040958E+00
   173  6.92000000E+01  1.27065356E+00  1.07106643E+00  1.27065356E+00
   174  6.96000000E+01  1.27089609E+00  1.07463144E+00  1.27089609E+00
   175  7.00000000E+01  1.27112726E+00  1.07826519E+00  1.27112726E+00
   176  7.04000000E+01  1.27135829E+00  1.08195964E+00  1.27135829E+00
   177  7.08000000E+01  1.27157810E+00  1.08570607E+00  1.27157810E+00
   178  7.12000000E+01  1.27179761E+00  1.08949515E+00  1.27179761E+00
   179  7.16000000E+01  1.27200680E+00  1.09331699E+00  1.27200680E+00
   180  7.20000000E+01  1.27221525E+00  1.09716124E+00  1.27221525E+00
   181  7.24000000E+01  1.27241423E+00  1.10101719E+00  1.27241423E+00
   182  7.28000000E+01  1.27261150E+00  1.10487385E+00  1.27261150E+00
   183  7.32000000E+01  1.27280068E+00  1.10872010E+00  1.27280068E+00
   184  7.36000000E+01  1.27298762E+00  1.11254479E+00  1.27298762E+00
   185  7.40000000E+01  1.27316740E+00  1.11633689E+00  1.27316740E+00
   186  7.44000000E+01  1.27334494E+00  1.12008569E+00  1.27334494E+00
   187  7.48000000E+01  1.27351569E+00  1.12378086E+00  1.27351569E+00
   188  7.52000000E+01  1.27368378E+00  1.12741271E+00  1.27368378E+00
   189  7.56000000E+01  1.27384588E+00  1.13097230E+00  1.27384588E+00
   190  7.60000000E+01  1.27400462E+00  1.13445165E+00  1.27400462E+00
   191  7.64000000E+01  1.27415842E+00  1.13784382E+00  1.27415842E+00
   192  7.68000000E+01  1.27430870E+00  1.14114319E+00  1.27430870E+00
   193  7.72000000E+01  1.27445455E+00  1.14434547E+00  1.27445455E+00
   194  7.76000000E+01  1.27459692E+00  1.14744792E+00  1.27459692E+00
   195  7.80000000E+01  1.27473516E+00  1.15044940E+00  1.27473516E+00
   196  7.84000000E+01  1.27486986E+00  1.15335044E+00  1.27486986E+00
   197  7.88000000E+01  1.27500081E+00  1.15615327E+00  1.27500081E+00
   198  7.92000000E+01  1.27512816E+00  1.15886182E+00  1.27512816E+00
   199  7.96000000E+01  1.27525213E+00  1.16148163E+00  1.27525213E+00
   200  8.00000000E+01  1.27537247E+00  1.16401974E+00  1.27537247E+00
   201  8.04000000E+01  1.27548977E+00  1.16648451E+00  1.27548977E+00
   202  8.08000000E+01  1.27560342E+00  1.16888537E+00  1.27560342E+00
   203  8.12000000E+01  1.27571435E+00  1.17123258E+00  1.27571435E+00
   204  8.16000000E+01  1.27582196E+00  1.17353682E+00  1.27582196E+00
   205  8.20000000E+01  1.27592680E+00  1.17580886E+00  1.27592680E+00
   206  8.24000000E+01  1.27602873E+00  1.17805915E+00  1.27602873E+00
   207  8.28000000E+01  1.27612775E+00  1.18029743E+00  1.27612775E+00
   208  8.32000000E+01  1.27622406E+00  1.18253228E+00  1.27622406E+00
   209  8.36000000E+01  1.27631752E+00  1.18477086E+00  1.27631752E+00
   210  8.40000000E+01  1.27640852E+00  1.18701853E+00  1.27640852E+00
   211  8.44000000E+01  1.27649668E+00  1.18927869E+00  1.27649668E+00
   212  8.48000000E+01  1.27658277E+00  1.19155265E+00  1.27658277E+00
   213  8.52000000E+01  1.27666587E+00  1.19383965E+00  1.27666587E+00
   214  8.56000000E+01  1.27674728E+00  1.19613695E+00  1.27674728E+00
   215  8.60000000E+01  1.27682557E+00  1.19844010E+00  1.27682557E+00
   216  8.64000000E+01  1.27690245E+00  1.20074322E+00  1.27690245E+00
   217  8.68000000E+01  1.27697614E+00  1.20303948E+00  1.27697614E+00
   218  8.72000000E+01  1.27704872E+00  1.20532151E+00  1.27704872E+00
   219  8.76000000E+01  1.27711804E+00  1.20758190E+00  1.27711804E+00
   220  8.80000000E+01  1.27718664E+00  1.20981363E+00  1.27718664E+00
   221  8.84000000E+01  1.27725178E+00  1.21201047E+00  1.27725178E+00
   222  8.88000000E+01  1.27731665E+00  1.21416727E+00  1.27731665E+00
   223  8.92000000E+01  1.27737793E+00  1.21628016E+00  1.27737793E+00
   224  8.96000000E+01  1.27743917E+00  1.21834659E+00  1.27743917E+00
   225  9.00000000E+01  1.27749694E+00  1.22036524E+00  1.27749694E+00
   226  9.04000000E+01  1.27755440E+00  1.22233591E+00  1.27755440E+00
   227  9.08000000E+01  1.27760901E+00  1.22425922E+00  1.27760901E+00
   228  9.12000000E+01  1.27766289E+00  1.22613632E+00  1.27766289E+00
   229  9.16000000E+01  1.27771460E+00  1.22796862E+00  1.27771460E+00
   230  9.20000000E+01  1.27776506E+00  1.22975747E+00  1.27776506E+00
   231  9.24000000E+01  1.27781391E+00  1.23150400E+00  1.27781391E+00
   232  9.28000000E+01  1.27786113E+00  1.23320897E+00  1.27786113E+00
   233  9.32000000E+01  1.27790714E+00  1.23487271E+00  1.27790714E+00
   234  9.36000000E+01  1.27795129E+00  1.23649524E+00  1.27795129E+00
   235  9.40000000E+01  1.27799476E+00  1.23807628E+00  1.27799476E+00
   236  9.44000000E+01  1.27803600E+00  1.23961547E+00  1.27803600E+00
   237  9.48000000E+01  1.27807709E+00  1.24111252E+00  1.27807709E+00
   238  9.52000000E+01  1.27811589E+00  1.24256728E+00  1.27811589E+00
   239  9.56000000E+01  1.27815439E+00  1.24397991E+00  1.27815439E+00
   240  9.60000000E+01  1.27819101E+00  1.24535084E+00  1.27819101E+00
   241  9.64000000E+01  1.27822689E+00  1.24668081E+00  1.27822689E+00
   242  9.68000000E+01  1.27826144E+00  1.24797073E+00  1.27826144E+00
   243  9.72000000E+01  1.27829484E+00  1.24922161E+00  1.27829484E+00
   244  9.76000000E+01  1.27832739E+00  1.25043447E+00  1.27832739E+00
   245  9.80000000E+01  1.27835844E+00  1.25161019E+00  1.27835844E+00
   246  9.84000000E+01  1.27838925E+00  1.25274950E+00  1.27838925E+00
   247  9.88000000E+01  1.27841840E+00  1.25385296E+00  1.27841840E+00
   248  9.92000000E+01  1.27844725E+00  1.25492093E+00  1.27844725E+00
   249  9.96000000E+01  1.27847479E+00  1.25595373E+00  1.27847479E+00
   250  1.00000000E+02  1.27850153E+00  1.25695164E+00  1.27850153E+00
   251  1.00400000E+02  1.27852752E+00  1.25791502E+00  1.27852752E+00
   252  1.00800000E+02  1.27855227E+00  1.25884436E+00  1.27855227E+00
   253  1.01200000E+02  1.27857684E+00  1.25974033E+00  1.27857684E+00
   254  1.01600000E+02  1.27860004E+00  1.26060377E+00  1.27860004E+00
   255  1.02000000E+02  1.27862294E+00  1.26143565E+00  1.27862294E+00
   256  1.02400000E+02  1.27864487E+00  1.26223702E+00  1.27864487E+00
   257  1.02800000E+02  1.27866600E+00  1.26300894E+00  1.27866600E+00
   258  1.03200000E+02  1.27868670E+00  1.26375243E+00  1.27868670E+00
   259  1.03600000E+02  1.27870627E+00  1.26446841E+00  1.27870627E+00
   260  1.04000000E+02  1.27872574E+00  1.26515766E+00  1.27872574E+00
   261  1.04400000E+02  1.27874424E+00  1.26582087E+00  1.27874424E+00
   262  1.04800000E+02  1.27876213E+00  1.26645863E+00  1.27876213E+00
   263  1.05200000E+02  1.27877965E+00  1.26707150E+00  1.27877965E+00
   264  1.05600000E+02  1.27879616E+00  1.26766002E+00  1.27879616E+00
   265  1.06000000E+02  1.27881258E+00  1.26822477E+00  1.27881258E+00
   266  1.06400000E+02  1.27882824E+00  1.26876639E+00  1.27882824E+00
   267  1.06800000E+02  1.27884325E+00  1.26928558E+00  1.27884325E+00
   268  1.07200000E+02  1.27885810E+00  1.26978310E+00  1.27885810E+00
   269  1.07600000E+02  1.27887213E+00  1.27025972E+00  1.27887213E+00
   270  1.08000000E+02  1.27888585E+00  1.27071620E+00  1.27888585E+00
   271  1.08400000E+02  1.27889909E+00  1.27115331E+00  1.27889909E+00
   272  1.08800000E+02  1.27891162E+00  1.27157174E+00  1.27891162E+00
   273  1.09200000E+02  1.27892411E+00  1.27197215E+00  1.27892411E+00
   274  1.09600000E+02  1.27893598E+00  1.27235515E+00  1.27893598E+00
   275  1.10000000E+02  1.27894730E+00  1.27272129E+00  1.27894730E+00
   276  1.10400000E+02  1.27895855E+00  1.27307112E+00  1.27895855E+00
   277  1.10800000E+02  1.27896918E+00  1.27340518E+00  1.27896918E+00
   278  1.11200000E+02  1.27897942E+00  1.27372401E+00  1.27897942E+00
   279  1.11600000E+02  1.27898950E+00  1.27402813E+00  1.27898950E+00
   280  1.12000000E+02  1.27899901E+00  1.27431811E+00  1.27899901E+00
   281  1.12400000E+02  1.27900824E+00  1.27459449E+00  1.27900824E+00
   282  1.12800000E+02  1.27901727E+00  1.27485780E+00  1.27901727E+00
   283  1.13200000E+02  1.27902584E+00  1.27510856E+00  1.27902584E+00
   284  1.13600000E+02  1.27903411E+00  1.27534729E+00  1.27903411E+00
   285  1.14000000E+02  1.27904225E+00  1.27557445E+00  1.27904225E+00
   286  1.14400000E+02  1.27904994E+00  1.27579051E+00  1.27904994E+00
   287  1.14800000E+02  1.27905732E+00  1.27599590E+00  1.27905732E+00
   288  1.15200000E+02  1.27906463E+00  1.27619105E+00  1.27906463E+00
   289  1.15600000E+02  1.27907156E+00  1.27637636E+00  1.27907156E+00
   290  1.16000000E+02  1.27907814E+00  1.27655223E+00  1.27907814E+00
   291  1.16400000E+02  1.27908470E+00  1.27671906E+00  1.27908470E+00
   292  1.16800000E+02  1.27909094E+00  1.27687723E+00  1.27909094E+00
   293  1.17200000E+02  1.27909685E+00  1.27702712E+00  1.27909685E+00
   294  1.17600000E+02  1.27910264E+00  1.27716907E+00  1.27910264E+00
   295  1.18000000E+02  1.27910825E+00  1.27730344E+00  1.27910825E+00
   296  1.18400000E+02  1.27911358E+00  1.27743057E+00  1.27911358E+00
   297  1.18800000E+02  1.27911864E+00  1.27755078E+00  1.27911864E+00
   298  1.19200000E+02  1.27912370E+00  1.27766437E+00  1.27912370E+00
   299  1.19600000E+02  1.27912852E+00  1.27777164E+00  1.27912852E+00
   300  1.20000000E+02  1.27913309E+00  1.27787289E+00  1.27913309E+00
   301  1.20400000E+02  1.27913747E+00  1.27796838E+00  1.27913747E+00
   302  1.20800000E+02  1.27914183E+00  1.27805838E+00  1.27914183E+00
   303  1.21200000E+02  1.27914594E+00  1.27814315E+00  1.27914594E+00
   304  1.21600000E+02  1.27914986E+00  1.27822294E+00  1.27914986E+00
   305  1.22000000E+02  1.27915362E+00  1.27829798E+00  1.27915362E+00
   306  1.22400000E+02  1.27915735E+00  1.27836851E+00  1.27915735E+00
   307  1.22800000E+02  1.27916091E+00  1.27843474E+00  1.27916091E+00
   308  1.23200000E+02  1.27916427E+00  1.27849689E+00  1.27916427E+00
   309  1.23600000E+02  1.27916748E+00  1.27855516E+00  1.27916748E+00
   310  1.24000000E+02  1.27917066E+00  1.27860974E+00  1.27917066E+00
   311  1.24400000E+02  1.27917370E+00  1.27866081E+00  1.27917370E+00
   312  1.24800000E+02  1.27917661E+00  1.27870857E+00  1.27917661E+00
   313  1.25200000E+02  1.27917937E+00  1.27875317E+00  1.27917937E+00
   314  1.25600000E+02  1.27918202E+00  1.27879479E+00  1.27918202E+00
   315  1.26000000E+02  1.27918466E+00  1.27883357E+00  1.27918466E+00
   316  1.26400000E+02  1.27918716E+00  1.27886968E+00  1.27918716E+00
   317  1.26800000E+02  1.27918955E+00  1.27890324E+00  1.27918955E+00
   318  1.27200000E+02  1.27919183E+00  1.27893441E+00  1.27919183E+00
   319  1.27600000E+02  1.27919401E+00  1.27896331E+00  1.27919401E+00
   320  1.28000000E+02  1.27919616E+00  1.27899006E+00  1.27919616E+00
   321  1.28400000E+02  1.27919824E+00  1.27901479E+00  1.27919824E+00
   322  1.28800000E+02  1.27920024E+00  1.27903762E+00  1.27920024E+00
   323  1.29200000E+02  1.27920214E+00  1.27905864E+00  1.27920214E+00
   324  1.29600000E+02  1.27920397E+00  1.27907797E+00  1.27920397E+00
   325  1.30000000E+02  1.27920572E+00  1.27909569E+00  1.27920572E+00
   326  1.30400000E+02  1.27920742E+00  1.27911192E+00  1.27920742E+00
   327  1.30800000E+02  1.27920911E+00  1.27912673E+00  1.27920911E+00
   328  1.31200000E+02  1.27921073E+00  1.27914021E+00  1.27921073E+00
   329  1.31600000E+02  1.27921230E+00  1.27915245E+00  1.27921230E+00
   330  1.32000000E+02  1.27921382E+00  1.27916352E+00  1.27921382E+00
   331  1.32400000E+02  1.27921529E+00  1.27917349E+00  1.27921529E+00
   332  1.32800000E+02  1.27921670E+00  1.27918243E+00  1.27921670E+00
   333  1.33200000E+02  1.27921809E+00  1.27919041E+00  1.27921809E+00
   334  1.33600000E+02  1.27921943E+00  1.27919750E+00  1.27921943E+00
   335  1.34000000E+02  1.27922076E+00  1.27920375E+00  1.27922076E+00
   336  1.34400000E+02  1.27922205E+00  1.27920921E+00  1.27922205E+00
   337  1.34800000E+02  1.27922335E+00  1.27921395E+00  1.27922335E+00
   338  1.35200000E+02  1.27922463E+00  1.27921801E+00  1.27922463E+00
 steady-height stop at step    338: rounded to 4 decimals, rounded max/end/ratio =      12792     12792     12792, max/end/ratio =   1.27922463E+00  1.27921801E+00  1.27922463E+00
