 comppar: model =   2
 comppar: lambda,mobility/eps,betav,eta_0 =  5.0000E-01  0.0000E+00  5.0000E-02  1.0000E+00
 comppar: eta_s,eta_p,G =  5.0000E-02  9.5000E-01  1.9000E+00
 comppar: U_avg,deltat,flowrate,nsteps =  1.0000E-01  2.0000E-01  3.1416E-01    2000
 comppar: geometry = axisymmetric
 comppar: steady stop change,gap,hold,min =  1.0000E-07  1.0000E-03       1      80
 comppar: steady stop truncated decimals =       3
 comppar: ncompc,ncompg =     4     5
 mesh nnodes = 5797
 mesh nelem = 2796
 P1 BC   5.0000000000000000     
 P2 BC   0.0000000000000000     
     1  2.00000000E-01  1.00252654E+00  1.00000000E+00  1.00252654E+00
     2  4.00000000E-01  1.00497096E+00  1.00000000E+00  1.00497096E+00
     3  6.00000000E-01  1.00731630E+00  1.00000000E+00  1.00731630E+00
     4  8.00000000E-01  1.00962153E+00  1.00000000E+00  1.00962153E+00
     5  1.00000000E+00  1.01189867E+00  1.00000000E+00  1.01189867E+00
     6  1.20000000E+00  1.01414846E+00  1.00000000E+00  1.01414846E+00
     7  1.40000000E+00  1.01636972E+00  1.00000000E+00  1.01636972E+00
     8  1.60000000E+00  1.01857473E+00  1.00000000E+00  1.01857473E+00
     9  1.80000000E+00  1.02074289E+00  1.00000000E+00  1.02074289E+00
    10  2.00000000E+00  1.02290239E+00  1.00000000E+00  1.02290239E+00
    11  2.20000000E+00  1.02501495E+00  1.00000001E+00  1.02501495E+00
    12  2.40000000E+00  1.02712260E+00  1.00000001E+00  1.02712260E+00
    13  2.60000000E+00  1.02918432E+00  1.00000001E+00  1.02918432E+00
    14  2.80000000E+00  1.03123587E+00  1.00000001E+00  1.03123587E+00
    15  3.00000000E+00  1.03324738E+00  1.00000001E+00  1.03324738E+00
    16  3.20000000E+00  1.03523081E+00  1.00000001E+00  1.03523081E+00
    17  3.40000000E+00  1.03720046E+00  1.00000001E+00  1.03720046E+00
    18  3.60000000E+00  1.03911308E+00  1.00000001E+00  1.03911308E+00
    19  3.80000000E+00  1.04104082E+00  1.00000000E+00  1.04104082E+00
    20  4.00000000E+00  1.04291216E+00  1.00000000E+00  1.04291216E+00
    21  4.20000000E+00  1.04475346E+00  1.00000000E+00  1.04475346E+00
    22  4.40000000E+00  1.04659482E+00  1.00000000E+00  1.04659482E+00
    23  4.60000000E+00  1.04837492E+00  9.99999997E-01  1.04837492E+00
    24  4.80000000E+00  1.05015218E+00  9.99999994E-01  1.05015218E+00
    25  5.00000000E+00  1.05190376E+00  9.99999990E-01  1.05190376E+00
    26  5.20000000E+00  1.05359066E+00  9.99999986E-01  1.05359066E+00
    27  5.40000000E+00  1.05528564E+00  9.99999981E-01  1.05528564E+00
    28  5.60000000E+00  1.05695868E+00  9.99999975E-01  1.05695868E+00
    29  5.80000000E+00  1.05856473E+00  9.99999969E-01  1.05856473E+00
    30  6.00000000E+00  1.06018649E+00  9.99999961E-01  1.06018649E+00
    31  6.20000000E+00  1.06178045E+00  9.99999953E-01  1.06178045E+00
    32  6.40000000E+00  1.06330513E+00  9.99999943E-01  1.06330513E+00
    33  6.60000000E+00  1.06483014E+00  9.99999933E-01  1.06483014E+00
    34  6.80000000E+00  1.06636086E+00  9.99999921E-01  1.06636086E+00
    35  7.00000000E+00  1.06782100E+00  9.99999908E-01  1.06782100E+00
    36  7.20000000E+00  1.06924079E+00  9.99999893E-01  1.06924079E+00
    37  7.40000000E+00  1.07070827E+00  9.99999877E-01  1.07070827E+00
    38  7.60000000E+00  1.07210382E+00  9.99999860E-01  1.07210382E+00
    39  7.80000000E+00  1.07342461E+00  9.99999840E-01  1.07342461E+00
    40  8.00000000E+00  1.07478847E+00  9.99999819E-01  1.07478847E+00
    41  8.20000000E+00  1.07613992E+00  9.99999796E-01  1.07613992E+00
    42  8.40000000E+00  1.07741633E+00  9.99999770E-01  1.07741633E+00
    43  8.60000000E+00  1.07863319E+00  9.99999743E-01  1.07863319E+00
    44  8.80000000E+00  1.07994070E+00  9.99999713E-01  1.07994070E+00
    45  9.00000000E+00  1.08117274E+00  9.99999680E-01  1.08117274E+00
    46  9.20000000E+00  1.08232703E+00  9.99999645E-01  1.08232703E+00
    47  9.40000000E+00  1.08345647E+00  9.99999606E-01  1.08345647E+00
    48  9.60000000E+00  1.08466870E+00  9.99999565E-01  1.08466870E+00
    49  9.80000000E+00  1.08580365E+00  9.99999520E-01  1.08580365E+00
    50  1.00000000E+01  1.08685943E+00  9.99999472E-01  1.08685943E+00
    51  1.02000000E+01  1.08791690E+00  9.99999420E-01  1.08791690E+00
    52  1.04000000E+01  1.08903221E+00  9.99999365E-01  1.08903221E+00
    53  1.06000000E+01  1.09006871E+00  9.99999305E-01  1.09006871E+00
    54  1.08000000E+01  1.09102497E+00  9.99999241E-01  1.09102497E+00
    55  1.10000000E+01  1.09195688E+00  9.99999172E-01  1.09195688E+00
    56  1.12000000E+01  1.09299719E+00  9.99999098E-01  1.09299719E+00
    57  1.14000000E+01  1.09395812E+00  9.99999019E-01  1.09395812E+00
    58  1.16000000E+01  1.09483873E+00  9.99998935E-01  1.09483873E+00
    59  1.18000000E+01  1.09566266E+00  9.99998845E-01  1.09566266E+00
    60  1.20000000E+01  1.09662715E+00  9.99998749E-01  1.09662715E+00
    61  1.22000000E+01  1.09751183E+00  9.99998647E-01  1.09751183E+00
    62  1.24000000E+01  1.09831625E+00  9.99998538E-01  1.09831625E+00
    63  1.26000000E+01  1.09904068E+00  9.99998422E-01  1.09904068E+00
    64  1.28000000E+01  1.09990856E+00  9.99998299E-01  1.09990856E+00
    65  1.30000000E+01  1.10072033E+00  9.99998168E-01  1.10072033E+00
    66  1.32000000E+01  1.10145271E+00  9.99998028E-01  1.10145271E+00
    67  1.34000000E+01  1.10210675E+00  9.99997881E-01  1.10210675E+00
    68  1.36000000E+01  1.10288887E+00  9.99997724E-01  1.10288887E+00
    69  1.38000000E+01  1.10362728E+00  9.99997558E-01  1.10362728E+00
    70  1.40000000E+01  1.10428731E+00  9.99997382E-01  1.10428731E+00
    71  1.42000000E+01  1.10487082E+00  9.99997195E-01  1.10487082E+00
    72  1.44000000E+01  1.10556320E+00  9.99996998E-01  1.10556320E+00
    73  1.46000000E+01  1.10623113E+00  9.99996789E-01  1.10623113E+00
    74  1.48000000E+01  1.10682292E+00  9.99996569E-01  1.10682292E+00
    75  1.50000000E+01  1.10734145E+00  9.99996336E-01  1.10734145E+00
    76  1.52000000E+01  1.10797109E+00  9.99996090E-01  1.10797109E+00
    77  1.54000000E+01  1.10856832E+00  9.99995830E-01  1.10856832E+00
    78  1.56000000E+01  1.10909185E+00  9.99995557E-01  1.10909185E+00
    79  1.58000000E+01  1.10954551E+00  9.99995268E-01  1.10954551E+00
    80  1.60000000E+01  1.11011524E+00  9.99994964E-01  1.11011524E+00
    81  1.62000000E+01  1.11064701E+00  9.99994644E-01  1.11064701E+00
    82  1.64000000E+01  1.11110897E+00  9.99994307E-01  1.11110897E+00
    83  1.66000000E+01  1.11150581E+00  9.99993953E-01  1.11150581E+00
    84  1.68000000E+01  1.11202734E+00  9.99993580E-01  1.11202734E+00
    85  1.70000000E+01  1.11249377E+00  9.99993189E-01  1.11249377E+00
    86  1.72000000E+01  1.11289448E+00  9.99992777E-01  1.11289448E+00
    87  1.74000000E+01  1.11324489E+00  9.99992345E-01  1.11324489E+00
    88  1.76000000E+01  1.11371954E+00  9.99991892E-01  1.11371954E+00
    89  1.78000000E+01  1.11412830E+00  9.99991416E-01  1.11412830E+00
    90  1.80000000E+01  1.11447644E+00  9.99990917E-01  1.11447644E+00
    91  1.82000000E+01  1.11479576E+00  9.99990394E-01  1.11479576E+00
    92  1.84000000E+01  1.11520857E+00  9.99989847E-01  1.11520857E+00
    93  1.86000000E+01  1.11556015E+00  9.99989273E-01  1.11556015E+00
    94  1.88000000E+01  1.11585649E+00  9.99988673E-01  1.11585649E+00
    95  1.90000000E+01  1.11616173E+00  9.99988045E-01  1.11616173E+00
    96  1.92000000E+01  1.11652101E+00  9.99987388E-01  1.11652101E+00
    97  1.94000000E+01  1.11682436E+00  9.99986701E-01  1.11682436E+00
    98  1.96000000E+01  1.11707796E+00  9.99985984E-01  1.11707796E+00
    99  1.98000000E+01  1.11735249E+00  9.99985235E-01  1.11735249E+00
   100  2.00000000E+01  1.11765897E+00  9.99984453E-01  1.11765897E+00
   101  2.02000000E+01  1.11791518E+00  9.99983637E-01  1.11791518E+00
   102  2.04000000E+01  1.11812755E+00  9.99982786E-01  1.11812755E+00
   103  2.06000000E+01  1.11839894E+00  9.99981899E-01  1.11839894E+00
   104  2.08000000E+01  1.11866147E+00  9.99980975E-01  1.11866147E+00
   105  2.10000000E+01  1.11887906E+00  9.99980013E-01  1.11887906E+00
   106  2.12000000E+01  1.11905794E+00  9.99979011E-01  1.11905794E+00
   107  2.14000000E+01  1.11929434E+00  9.99977968E-01  1.11929434E+00
   108  2.16000000E+01  1.11951435E+00  9.99976884E-01  1.11951435E+00
   109  2.18000000E+01  1.11969526E+00  9.99975756E-01  1.11969526E+00
   110  2.20000000E+01  1.11985683E+00  9.99974585E-01  1.11985683E+00
   111  2.22000000E+01  1.12008242E+00  9.99973369E-01  1.12008242E+00
   112  2.24000000E+01  1.12026771E+00  9.99972106E-01  1.12026771E+00
   113  2.26000000E+01  1.12041867E+00  9.99970796E-01  1.12041867E+00
   114  2.28000000E+01  1.12055456E+00  9.99969438E-01  1.12055456E+00
   115  2.30000000E+01  1.12074212E+00  9.99968030E-01  1.12074212E+00
   116  2.32000000E+01  1.12089503E+00  9.99966571E-01  1.12089503E+00
   117  2.34000000E+01  1.12101893E+00  9.99965061E-01  1.12101893E+00
   118  2.36000000E+01  1.12116889E+00  9.99963499E-01  1.12116889E+00
   119  2.38000000E+01  1.12132536E+00  9.99961883E-01  1.12132536E+00
   120  2.40000000E+01  1.12145158E+00  9.99960213E-01  1.12145158E+00
   121  2.42000000E+01  1.12155266E+00  9.99958488E-01  1.12155266E+00
   122  2.44000000E+01  1.12167289E+00  9.99956707E-01  1.12167289E+00
   123  2.46000000E+01  1.12180101E+00  9.99954870E-01  1.12180101E+00
   124  2.48000000E+01  1.12190380E+00  9.99952975E-01  1.12190380E+00
   125  2.50000000E+01  1.12198901E+00  9.99951023E-01  1.12198901E+00
   126  2.52000000E+01  1.12211990E+00  9.99949013E-01  1.12211990E+00
   127  2.54000000E+01  1.12222432E+00  9.99946945E-01  1.12222432E+00
   128  2.56000000E+01  1.12230694E+00  9.99944818E-01  1.12230694E+00
   129  2.58000000E+01  1.12237175E+00  9.99942633E-01  1.12237175E+00
   130  2.60000000E+01  1.12247536E+00  9.99940389E-01  1.12247536E+00
   131  2.62000000E+01  1.12255966E+00  9.99938087E-01  1.12255966E+00
   132  2.64000000E+01  1.12262606E+00  9.99935728E-01  1.12262606E+00
   133  2.66000000E+01  1.12270820E+00  9.99933312E-01  1.12270820E+00
   134  2.68000000E+01  1.12279352E+00  9.99930839E-01  1.12279352E+00
   135  2.70000000E+01  1.12286007E+00  9.99928311E-01  1.12286007E+00
   136  2.72000000E+01  1.12291142E+00  9.99925730E-01  1.12291142E+00
   137  2.74000000E+01  1.12296952E+00  9.99923096E-01  1.12296952E+00
   138  2.76000000E+01  1.12303770E+00  9.99920411E-01  1.12303770E+00
   139  2.78000000E+01  1.12309059E+00  9.99917678E-01  1.12309059E+00
   140  2.80000000E+01  1.12313671E+00  9.99914900E-01  1.12313671E+00
   141  2.82000000E+01  1.12320537E+00  9.99912078E-01  1.12320537E+00
   142  2.84000000E+01  1.12325803E+00  9.99909216E-01  1.12325803E+00
   143  2.86000000E+01  1.12329782E+00  9.99906318E-01  1.12329782E+00
   144  2.88000000E+01  1.12332730E+00  9.99903387E-01  1.12332730E+00
   145  2.90000000E+01  1.12337895E+00  9.99900428E-01  1.12337895E+00
   146  2.92000000E+01  1.12342022E+00  9.99897445E-01  1.12342022E+00
   147  2.94000000E+01  1.12345110E+00  9.99894445E-01  1.12345110E+00
   148  2.96000000E+01  1.12349682E+00  9.99891433E-01  1.12349682E+00
   149  2.98000000E+01  1.12353755E+00  9.99888416E-01  1.12353755E+00
   150  3.00000000E+01  1.12356753E+00  9.99885401E-01  1.12356753E+00
   151  3.02000000E+01  1.12358896E+00  9.99882396E-01  1.12358896E+00
   152  3.04000000E+01  1.12361654E+00  9.99879409E-01  1.12361654E+00
   153  3.06000000E+01  1.12364791E+00  9.99876450E-01  1.12364791E+00
   154  3.08000000E+01  1.12367066E+00  9.99873528E-01  1.12367066E+00
   155  3.10000000E+01  1.12369739E+00  9.99870656E-01  1.12369739E+00
   156  3.12000000E+01  1.12372798E+00  9.99867844E-01  1.12372798E+00
   157  3.14000000E+01  1.12374970E+00  9.99865106E-01  1.12374970E+00
   158  3.16000000E+01  1.12376447E+00  9.99862455E-01  1.12376447E+00
   159  3.18000000E+01  1.12377655E+00  9.99859907E-01  1.12377655E+00
   160  3.20000000E+01  1.12379958E+00  9.99857476E-01  1.12379958E+00
   161  3.22000000E+01  1.12381556E+00  9.99855181E-01  1.12381556E+00
   162  3.24000000E+01  1.12383045E+00  9.99853040E-01  1.12383045E+00
   163  3.26000000E+01  1.12385252E+00  9.99851072E-01  1.12385252E+00
   164  3.28000000E+01  1.12386740E+00  9.99849298E-01  1.12386740E+00
   165  3.30000000E+01  1.12387674E+00  9.99847743E-01  1.12387674E+00
   166  3.32000000E+01  1.12388185E+00  9.99846428E-01  1.12388185E+00
   167  3.34000000E+01  1.12389559E+00  9.99845381E-01  1.12389559E+00
   168  3.36000000E+01  1.12390602E+00  9.99844630E-01  1.12390602E+00
   169  3.38000000E+01  1.12391411E+00  9.99844203E-01  1.12391411E+00
   170  3.40000000E+01  1.12392912E+00  9.99844132E-01  1.12392912E+00
   171  3.42000000E+01  1.12393842E+00  9.99844452E-01  1.12393842E+00
   172  3.44000000E+01  1.12394342E+00  9.99845196E-01  1.12394342E+00
   173  3.46000000E+01  1.12394526E+00  9.99846404E-01  1.12394526E+00
   174  3.48000000E+01  1.12395164E+00  9.99848115E-01  1.12395164E+00
   175  3.50000000E+01  1.12395763E+00  9.99850372E-01  1.12395763E+00
   176  3.52000000E+01  1.12396230E+00  9.99853220E-01  1.12396230E+00
   177  3.54000000E+01  1.12397154E+00  9.99856708E-01  1.12397154E+00
   178  3.56000000E+01  1.12397639E+00  9.99860885E-01  1.12397639E+00
   179  3.58000000E+01  1.12397803E+00  9.99865806E-01  1.12397803E+00
   180  3.60000000E+01  1.12397743E+00  9.99871527E-01  1.12397743E+00
   181  3.62000000E+01  1.12397960E+00  9.99878109E-01  1.12397960E+00
   182  3.64000000E+01  1.12398212E+00  9.99885616E-01  1.12398212E+00
   183  3.66000000E+01  1.12398555E+00  9.99894113E-01  1.12398555E+00
   184  3.68000000E+01  1.12399020E+00  9.99903673E-01  1.12399020E+00
   185  3.70000000E+01  1.12399159E+00  9.99914371E-01  1.12399159E+00
   186  3.72000000E+01  1.12399073E+00  9.99926284E-01  1.12399073E+00
   187  3.74000000E+01  1.12398841E+00  9.99939498E-01  1.12398841E+00
   188  3.76000000E+01  1.12398843E+00  9.99954099E-01  1.12398843E+00
   189  3.78000000E+01  1.12398835E+00  9.99970181E-01  1.12398835E+00
   190  3.80000000E+01  1.12399178E+00  9.99987840E-01  1.12399178E+00
   191  3.82000000E+01  1.12399285E+00  1.00000718E+00  1.12399285E+00
   192  3.84000000E+01  1.12399213E+00  1.00002831E+00  1.12399213E+00
   193  3.86000000E+01  1.12399851E+00  1.00005134E+00  1.12399851E+00
   194  3.88000000E+01  1.12400472E+00  1.00007639E+00  1.12400472E+00
   195  3.90000000E+01  1.12401019E+00  1.00010359E+00  1.12401019E+00
   196  3.92000000E+01  1.12401485E+00  1.00013307E+00  1.12401485E+00
   197  3.94000000E+01  1.12401871E+00  1.00016496E+00  1.12401871E+00
   198  3.96000000E+01  1.12402184E+00  1.00019941E+00  1.12402184E+00
   199  3.98000000E+01  1.12402607E+00  1.00023658E+00  1.12402607E+00
   200  4.00000000E+01  1.12403021E+00  1.00027662E+00  1.12403021E+00
   201  4.02000000E+01  1.12403360E+00  1.00031970E+00  1.12403360E+00
   202  4.04000000E+01  1.12403631E+00  1.00036599E+00  1.12403631E+00
   203  4.06000000E+01  1.12403845E+00  1.00041568E+00  1.12403845E+00
   204  4.08000000E+01  1.12404101E+00  1.00046896E+00  1.12404101E+00
   205  4.10000000E+01  1.12404372E+00  1.00052602E+00  1.12404372E+00
   206  4.12000000E+01  1.12404584E+00  1.00058708E+00  1.12404584E+00
   207  4.14000000E+01  1.12404750E+00  1.00065235E+00  1.12404750E+00
   208  4.16000000E+01  1.12404881E+00  1.00072207E+00  1.12404881E+00
   209  4.18000000E+01  1.12404988E+00  1.00079646E+00  1.12404988E+00
   210  4.20000000E+01  1.12405109E+00  1.00087579E+00  1.12405109E+00
   211  4.22000000E+01  1.12405251E+00  1.00096030E+00  1.12405251E+00
   212  4.24000000E+01  1.12405364E+00  1.00105027E+00  1.12405364E+00
   213  4.26000000E+01  1.12405458E+00  1.00114598E+00  1.12405458E+00
   214  4.28000000E+01  1.12405540E+00  1.00124772E+00  1.12405540E+00
   215  4.30000000E+01  1.12405617E+00  1.00135580E+00  1.12405617E+00
   216  4.32000000E+01  1.12405691E+00  1.00147054E+00  1.12405691E+00
   217  4.34000000E+01  1.12405763E+00  1.00159226E+00  1.12405763E+00
   218  4.36000000E+01  1.12405835E+00  1.00172131E+00  1.12405835E+00
   219  4.38000000E+01  1.12405904E+00  1.00185805E+00  1.12405904E+00
   220  4.40000000E+01  1.12405969E+00  1.00200285E+00  1.12405969E+00
   221  4.42000000E+01  1.12406028E+00  1.00215609E+00  1.12406028E+00
   222  4.44000000E+01  1.12406081E+00  1.00231817E+00  1.12406081E+00
   223  4.46000000E+01  1.12406126E+00  1.00248950E+00  1.12406126E+00
   224  4.48000000E+01  1.12406162E+00  1.00267051E+00  1.12406162E+00
   225  4.50000000E+01  1.12406191E+00  1.00286165E+00  1.12406191E+00
   226  4.52000000E+01  1.12406211E+00  1.00306337E+00  1.12406211E+00
   227  4.54000000E+01  1.12406225E+00  1.00327614E+00  1.12406225E+00
   228  4.56000000E+01  1.12406238E+00  1.00350045E+00  1.12406238E+00
   229  4.58000000E+01  1.12406259E+00  1.00373681E+00  1.12406259E+00
   230  4.60000000E+01  1.12406273E+00  1.00398573E+00  1.12406273E+00
   231  4.62000000E+01  1.12406281E+00  1.00424776E+00  1.12406281E+00
   232  4.64000000E+01  1.12406284E+00  1.00452345E+00  1.12406284E+00
   233  4.66000000E+01  1.12406283E+00  1.00481335E+00  1.12406283E+00
   234  4.68000000E+01  1.12406278E+00  1.00511807E+00  1.12406278E+00
   235  4.70000000E+01  1.12406272E+00  1.00543819E+00  1.12406272E+00
   236  4.72000000E+01  1.12406263E+00  1.00577434E+00  1.12406263E+00
   237  4.74000000E+01  1.12406253E+00  1.00612713E+00  1.12406253E+00
   238  4.76000000E+01  1.12406243E+00  1.00649723E+00  1.12406243E+00
   239  4.78000000E+01  1.12406231E+00  1.00688528E+00  1.12406231E+00
   240  4.80000000E+01  1.12406219E+00  1.00729197E+00  1.12406219E+00
   241  4.82000000E+01  1.12406206E+00  1.00771797E+00  1.12406206E+00
   242  4.84000000E+01  1.12406193E+00  1.00816400E+00  1.12406193E+00
   243  4.86000000E+01  1.12406179E+00  1.00863075E+00  1.12406179E+00
   244  4.88000000E+01  1.12406164E+00  1.00911897E+00  1.12406164E+00
   245  4.90000000E+01  1.12406149E+00  1.00962938E+00  1.12406149E+00
   246  4.92000000E+01  1.12406134E+00  1.01016273E+00  1.12406134E+00
   247  4.94000000E+01  1.12406119E+00  1.01071976E+00  1.12406119E+00
   248  4.96000000E+01  1.12406103E+00  1.01130124E+00  1.12406103E+00
   249  4.98000000E+01  1.12406088E+00  1.01190793E+00  1.12406088E+00
   250  5.00000000E+01  1.12406073E+00  1.01254060E+00  1.12406073E+00
   251  5.02000000E+01  1.12406058E+00  1.01320001E+00  1.12406058E+00
   252  5.04000000E+01  1.12406043E+00  1.01388693E+00  1.12406043E+00
   253  5.06000000E+01  1.12406029E+00  1.01460213E+00  1.12406029E+00
   254  5.08000000E+01  1.12406015E+00  1.01534635E+00  1.12406015E+00
   255  5.10000000E+01  1.12406001E+00  1.01612034E+00  1.12406001E+00
   256  5.12000000E+01  1.12405988E+00  1.01692485E+00  1.12405988E+00
   257  5.14000000E+01  1.12405975E+00  1.01776058E+00  1.12405975E+00
   258  5.16000000E+01  1.12405963E+00  1.01862825E+00  1.12405963E+00
   259  5.18000000E+01  1.12405951E+00  1.01952853E+00  1.12405951E+00
   260  5.20000000E+01  1.12405940E+00  1.02046208E+00  1.12405940E+00
   261  5.22000000E+01  1.12405929E+00  1.02142952E+00  1.12405929E+00
   262  5.24000000E+01  1.12405918E+00  1.02243144E+00  1.12405918E+00
   263  5.26000000E+01  1.12405908E+00  1.02346841E+00  1.12405908E+00
   264  5.28000000E+01  1.12405898E+00  1.02454094E+00  1.12405898E+00
   265  5.30000000E+01  1.12405889E+00  1.02564950E+00  1.12405889E+00
   266  5.32000000E+01  1.12405881E+00  1.02679450E+00  1.12405881E+00
   267  5.34000000E+01  1.12405872E+00  1.02797631E+00  1.12405872E+00
   268  5.36000000E+01  1.12405864E+00  1.02919523E+00  1.12405864E+00
   269  5.38000000E+01  1.12405857E+00  1.03045151E+00  1.12405857E+00
   270  5.40000000E+01  1.12405850E+00  1.03174531E+00  1.12405850E+00
   271  5.42000000E+01  1.12405843E+00  1.03307672E+00  1.12405843E+00
   272  5.44000000E+01  1.12405836E+00  1.03444575E+00  1.12405836E+00
   273  5.46000000E+01  1.12405830E+00  1.03585233E+00  1.12405830E+00
   274  5.48000000E+01  1.12405825E+00  1.03729628E+00  1.12405825E+00
   275  5.50000000E+01  1.12405819E+00  1.03877734E+00  1.12405819E+00
   276  5.52000000E+01  1.12405814E+00  1.04029513E+00  1.12405814E+00
   277  5.54000000E+01  1.12405810E+00  1.04184918E+00  1.12405810E+00
   278  5.56000000E+01  1.12405805E+00  1.04343888E+00  1.12405805E+00
   279  5.58000000E+01  1.12405801E+00  1.04506354E+00  1.12405801E+00
   280  5.60000000E+01  1.12405797E+00  1.04672230E+00  1.12405797E+00
   281  5.62000000E+01  1.12405793E+00  1.04841421E+00  1.12405793E+00
   282  5.64000000E+01  1.12405790E+00  1.05013817E+00  1.12405790E+00
   283  5.66000000E+01  1.12405786E+00  1.05189297E+00  1.12405786E+00
   284  5.68000000E+01  1.12405783E+00  1.05367723E+00  1.12405783E+00
   285  5.70000000E+01  1.12405780E+00  1.05548946E+00  1.12405780E+00
   286  5.72000000E+01  1.12405778E+00  1.05732803E+00  1.12405778E+00
   287  5.74000000E+01  1.12405775E+00  1.05919115E+00  1.12405775E+00
   288  5.76000000E+01  1.12405773E+00  1.06107691E+00  1.12405773E+00
   289  5.78000000E+01  1.12405771E+00  1.06298327E+00  1.12405771E+00
   290  5.80000000E+01  1.12405769E+00  1.06490803E+00  1.12405769E+00
   291  5.82000000E+01  1.12405767E+00  1.06684887E+00  1.12405767E+00
   292  5.84000000E+01  1.12405765E+00  1.06880333E+00  1.12405765E+00
   293  5.86000000E+01  1.12405763E+00  1.07076883E+00  1.12405763E+00
   294  5.88000000E+01  1.12405762E+00  1.07274265E+00  1.12405762E+00
   295  5.90000000E+01  1.12405760E+00  1.07472197E+00  1.12405760E+00
   296  5.92000000E+01  1.12405759E+00  1.07670385E+00  1.12405759E+00
   297  5.94000000E+01  1.12405758E+00  1.07868523E+00  1.12405758E+00
   298  5.96000000E+01  1.12405757E+00  1.08066297E+00  1.12405757E+00
   299  5.98000000E+01  1.12405756E+00  1.08263383E+00  1.12405756E+00
   300  6.00000000E+01  1.12405755E+00  1.08459447E+00  1.12405755E+00
   301  6.02000000E+01  1.12405754E+00  1.08654150E+00  1.12405754E+00
   302  6.04000000E+01  1.12405753E+00  1.08847146E+00  1.12405753E+00
   303  6.06000000E+01  1.12405752E+00  1.09038085E+00  1.12405752E+00
   304  6.08000000E+01  1.12405752E+00  1.09226610E+00  1.12405752E+00
   305  6.10000000E+01  1.12405751E+00  1.09412365E+00  1.12405751E+00
   306  6.12000000E+01  1.12405750E+00  1.09594991E+00  1.12405750E+00
   307  6.14000000E+01  1.12405750E+00  1.09774131E+00  1.12405750E+00
   308  6.16000000E+01  1.12405749E+00  1.09949429E+00  1.12405749E+00
   309  6.18000000E+01  1.12405749E+00  1.10120534E+00  1.12405749E+00
   310  6.20000000E+01  1.12405748E+00  1.10287099E+00  1.12405748E+00
   311  6.22000000E+01  1.12405748E+00  1.10448787E+00  1.12405748E+00
   312  6.24000000E+01  1.12405748E+00  1.10605270E+00  1.12405748E+00
   313  6.26000000E+01  1.12405747E+00  1.10756233E+00  1.12405747E+00
   314  6.28000000E+01  1.12405747E+00  1.10901372E+00  1.12405747E+00
   315  6.30000000E+01  1.12405747E+00  1.11040406E+00  1.12405747E+00
   316  6.32000000E+01  1.12405746E+00  1.11173068E+00  1.12405746E+00
   317  6.34000000E+01  1.12405746E+00  1.11299118E+00  1.12405746E+00
   318  6.36000000E+01  1.12405746E+00  1.11418339E+00  1.12405746E+00
   319  6.38000000E+01  1.12405746E+00  1.11530546E+00  1.12405746E+00
   320  6.40000000E+01  1.12405745E+00  1.11635585E+00  1.12405745E+00
   321  6.42000000E+01  1.12405745E+00  1.11733339E+00  1.12405745E+00
   322  6.44000000E+01  1.12405745E+00  1.11823734E+00  1.12405745E+00
   323  6.46000000E+01  1.12405745E+00  1.11906737E+00  1.12405745E+00
   324  6.48000000E+01  1.12405745E+00  1.11982368E+00  1.12405745E+00
   325  6.50000000E+01  1.12405745E+00  1.12050696E+00  1.12405745E+00
   326  6.52000000E+01  1.12405745E+00  1.12111844E+00  1.12405745E+00
   327  6.54000000E+01  1.12405745E+00  1.12165994E+00  1.12405745E+00
   328  6.56000000E+01  1.12405744E+00  1.12213383E+00  1.12405744E+00
   329  6.58000000E+01  1.12405744E+00  1.12254303E+00  1.12405744E+00
   330  6.60000000E+01  1.12405744E+00  1.12289103E+00  1.12405744E+00
   331  6.62000000E+01  1.12405744E+00  1.12318178E+00  1.12405744E+00
   332  6.64000000E+01  1.12405744E+00  1.12341969E+00  1.12405744E+00
   333  6.66000000E+01  1.12405744E+00  1.12360950E+00  1.12405744E+00
   334  6.68000000E+01  1.12405744E+00  1.12375623E+00  1.12405744E+00
   335  6.70000000E+01  1.12405744E+00  1.12386507E+00  1.12405744E+00
   336  6.72000000E+01  1.12405744E+00  1.12394123E+00  1.12405744E+00
   337  6.74000000E+01  1.12405744E+00  1.12398989E+00  1.12405744E+00
   338  6.76000000E+01  1.12405744E+00  1.12401602E+00  1.12405744E+00
 steady-height stop at step    338: truncated to 3 decimals, truncated max/end/ratio =       1124      1124      1124, max/end/ratio =   1.12405744E+00  1.12401602E+00  1.12405744E+00
