 comppar: model =   2
 comppar: lambda,mobility/eps,betav,eta_0 =  3.0000E+00  0.0000E+00  5.0000E-02  1.0000E+00
 comppar: eta_s,eta_p,G =  5.0000E-02  9.5000E-01  3.1667E-01
 comppar: U_avg,deltat,flowrate,nsteps =  1.0000E-01  2.0000E-01  3.1416E-01    2000
 comppar: geometry = axisymmetric
 comppar: steady stop change,gap,hold,min =  1.0000E-07  1.0000E-03       1      80
 comppar: steady stop truncated decimals =       3
 comppar: ncompc,ncompg =     4     5
 mesh nnodes = 5797
 mesh nelem = 2796
 P1 BC   5.0000000000000000     
 P2 BC   0.0000000000000000     
     1  2.00000000E-01  1.00252259E+00  1.00000000E+00  1.00252259E+00
     2  4.00000000E-01  1.00496023E+00  1.00000000E+00  1.00496023E+00
     3  6.00000000E-01  1.00729073E+00  1.00000000E+00  1.00729073E+00
     4  8.00000000E-01  1.00955232E+00  1.00000000E+00  1.00955232E+00
     5  1.00000000E+00  1.01176339E+00  1.00000000E+00  1.01176339E+00
     6  1.20000000E+00  1.01394571E+00  1.00000000E+00  1.01394571E+00
     7  1.40000000E+00  1.01610876E+00  1.00000000E+00  1.01610876E+00
     8  1.60000000E+00  1.01826320E+00  1.00000000E+00  1.01826320E+00
     9  1.80000000E+00  1.02043907E+00  1.00000000E+00  1.02043907E+00
    10  2.00000000E+00  1.02261054E+00  1.00000001E+00  1.02261054E+00
    11  2.20000000E+00  1.02481952E+00  1.00000001E+00  1.02481952E+00
    12  2.40000000E+00  1.02703270E+00  1.00000001E+00  1.02703270E+00
    13  2.60000000E+00  1.02927196E+00  1.00000001E+00  1.02927196E+00
    14  2.80000000E+00  1.03153121E+00  1.00000001E+00  1.03153121E+00
    15  3.00000000E+00  1.03379061E+00  1.00000001E+00  1.03379061E+00
    16  3.20000000E+00  1.03608763E+00  1.00000001E+00  1.03608763E+00
    17  3.40000000E+00  1.03839912E+00  1.00000001E+00  1.03839912E+00
    18  3.60000000E+00  1.04071029E+00  1.00000001E+00  1.04071029E+00
    19  3.80000000E+00  1.04304515E+00  1.00000001E+00  1.04304515E+00
    20  4.00000000E+00  1.04540627E+00  1.00000001E+00  1.04540627E+00
    21  4.20000000E+00  1.04776570E+00  1.00000001E+00  1.04776570E+00
    22  4.40000000E+00  1.05012179E+00  1.00000001E+00  1.05012179E+00
    23  4.60000000E+00  1.05251380E+00  1.00000001E+00  1.05251380E+00
    24  4.80000000E+00  1.05492184E+00  1.00000001E+00  1.05492184E+00
    25  5.00000000E+00  1.05732377E+00  1.00000001E+00  1.05732377E+00
    26  5.20000000E+00  1.05971755E+00  1.00000001E+00  1.05971755E+00
    27  5.40000000E+00  1.06210295E+00  1.00000000E+00  1.06210295E+00
    28  5.60000000E+00  1.06453778E+00  1.00000000E+00  1.06453778E+00
    29  5.80000000E+00  1.06696087E+00  9.99999999E-01  1.06696087E+00
    30  6.00000000E+00  1.06937043E+00  9.99999995E-01  1.06937043E+00
    31  6.20000000E+00  1.07176499E+00  9.99999990E-01  1.07176499E+00
    32  6.40000000E+00  1.07414333E+00  9.99999985E-01  1.07414333E+00
    33  6.60000000E+00  1.07650451E+00  9.99999979E-01  1.07650451E+00
    34  6.80000000E+00  1.07888572E+00  9.99999973E-01  1.07888572E+00
    35  7.00000000E+00  1.08128044E+00  9.99999965E-01  1.08128044E+00
    36  7.20000000E+00  1.08365648E+00  9.99999957E-01  1.08365648E+00
    37  7.40000000E+00  1.08601277E+00  9.99999948E-01  1.08601277E+00
    38  7.60000000E+00  1.08834822E+00  9.99999938E-01  1.08834822E+00
    39  7.80000000E+00  1.09066186E+00  9.99999927E-01  1.09066186E+00
    40  8.00000000E+00  1.09297072E+00  9.99999915E-01  1.09297072E+00
    41  8.20000000E+00  1.09530462E+00  9.99999901E-01  1.09530462E+00
    42  8.40000000E+00  1.09761492E+00  9.99999886E-01  1.09761492E+00
    43  8.60000000E+00  1.09990115E+00  9.99999871E-01  1.09990115E+00
    44  8.80000000E+00  1.10216334E+00  9.99999853E-01  1.10216334E+00
    45  9.00000000E+00  1.10440207E+00  9.99999834E-01  1.10440207E+00
    46  9.20000000E+00  1.10663257E+00  9.99999814E-01  1.10663257E+00
    47  9.40000000E+00  1.10889129E+00  9.99999792E-01  1.10889129E+00
    48  9.60000000E+00  1.11112629E+00  9.99999768E-01  1.11112629E+00
    49  9.80000000E+00  1.11333861E+00  9.99999743E-01  1.11333861E+00
    50  1.00000000E+01  1.11552948E+00  9.99999715E-01  1.11552948E+00
    51  1.02000000E+01  1.11769995E+00  9.99999685E-01  1.11769995E+00
    52  1.04000000E+01  1.11985052E+00  9.99999654E-01  1.11985052E+00
    53  1.06000000E+01  1.12198076E+00  9.99999620E-01  1.12198076E+00
    54  1.08000000E+01  1.12413358E+00  9.99999583E-01  1.12413358E+00
    55  1.10000000E+01  1.12627483E+00  9.99999545E-01  1.12627483E+00
    56  1.12000000E+01  1.12839603E+00  9.99999503E-01  1.12839603E+00
    57  1.14000000E+01  1.13049554E+00  9.99999459E-01  1.13049554E+00
    58  1.16000000E+01  1.13257056E+00  9.99999412E-01  1.13257056E+00
    59  1.18000000E+01  1.13461765E+00  9.99999362E-01  1.13461765E+00
    60  1.20000000E+01  1.13663336E+00  9.99999308E-01  1.13663336E+00
    61  1.22000000E+01  1.13862254E+00  9.99999252E-01  1.13862254E+00
    62  1.24000000E+01  1.14066096E+00  9.99999191E-01  1.14066096E+00
    63  1.26000000E+01  1.14266847E+00  9.99999128E-01  1.14266847E+00
    64  1.28000000E+01  1.14464293E+00  9.99999060E-01  1.14464293E+00
    65  1.30000000E+01  1.14658326E+00  9.99998988E-01  1.14658326E+00
    66  1.32000000E+01  1.14848972E+00  9.99998912E-01  1.14848972E+00
    67  1.34000000E+01  1.15036399E+00  9.99998832E-01  1.15036399E+00
    68  1.36000000E+01  1.15221075E+00  9.99998747E-01  1.15221075E+00
    69  1.38000000E+01  1.15411004E+00  9.99998658E-01  1.15411004E+00
    70  1.40000000E+01  1.15597575E+00  9.99998563E-01  1.15597575E+00
    71  1.42000000E+01  1.15781059E+00  9.99998463E-01  1.15781059E+00
    72  1.44000000E+01  1.15961815E+00  9.99998358E-01  1.15961815E+00
    73  1.46000000E+01  1.16140240E+00  9.99998247E-01  1.16140240E+00
    74  1.48000000E+01  1.16316697E+00  9.99998130E-01  1.16316697E+00
    75  1.50000000E+01  1.16491444E+00  9.99998007E-01  1.16491444E+00
    76  1.52000000E+01  1.16664558E+00  9.99997877E-01  1.16664558E+00
    77  1.54000000E+01  1.16835858E+00  9.99997741E-01  1.16835858E+00
    78  1.56000000E+01  1.17005524E+00  9.99997598E-01  1.17005524E+00
    79  1.58000000E+01  1.17178239E+00  9.99997447E-01  1.17178239E+00
    80  1.60000000E+01  1.17349017E+00  9.99997289E-01  1.17349017E+00
    81  1.62000000E+01  1.17517504E+00  9.99997123E-01  1.17517504E+00
    82  1.64000000E+01  1.17683045E+00  9.99996949E-01  1.17683045E+00
    83  1.66000000E+01  1.17844695E+00  9.99996766E-01  1.17844695E+00
    84  1.68000000E+01  1.18001283E+00  9.99996574E-01  1.18001283E+00
    85  1.70000000E+01  1.18151544E+00  9.99996373E-01  1.18151544E+00
    86  1.72000000E+01  1.18312705E+00  9.99996163E-01  1.18312705E+00
    87  1.74000000E+01  1.18471796E+00  9.99995942E-01  1.18471796E+00
    88  1.76000000E+01  1.18625396E+00  9.99995711E-01  1.18625396E+00
    89  1.78000000E+01  1.18772129E+00  9.99995470E-01  1.18772129E+00
    90  1.80000000E+01  1.18910764E+00  9.99995217E-01  1.18910764E+00
    91  1.82000000E+01  1.19048562E+00  9.99994952E-01  1.19048562E+00
    92  1.84000000E+01  1.19199078E+00  9.99994676E-01  1.19199078E+00
    93  1.86000000E+01  1.19342812E+00  9.99994387E-01  1.19342812E+00
    94  1.88000000E+01  1.19478829E+00  9.99994085E-01  1.19478829E+00
    95  1.90000000E+01  1.19606515E+00  9.99993769E-01  1.19606515E+00
    96  1.92000000E+01  1.19730610E+00  9.99993440E-01  1.19730610E+00
    97  1.94000000E+01  1.19873107E+00  9.99993097E-01  1.19873107E+00
    98  1.96000000E+01  1.20007563E+00  9.99992738E-01  1.20007563E+00
    99  1.98000000E+01  1.20133379E+00  9.99992364E-01  1.20133379E+00
   100  2.00000000E+01  1.20250434E+00  9.99991974E-01  1.20250434E+00
   101  2.02000000E+01  1.20359102E+00  9.99991568E-01  1.20359102E+00
   102  2.04000000E+01  1.20479578E+00  9.99991144E-01  1.20479578E+00
   103  2.06000000E+01  1.20603970E+00  9.99990703E-01  1.20603970E+00
   104  2.08000000E+01  1.20720332E+00  9.99990243E-01  1.20720332E+00
   105  2.10000000E+01  1.20828979E+00  9.99989764E-01  1.20828979E+00
   106  2.12000000E+01  1.20930519E+00  9.99989266E-01  1.20930519E+00
   107  2.14000000E+01  1.21038518E+00  9.99988748E-01  1.21038518E+00
   108  2.16000000E+01  1.21153051E+00  9.99988209E-01  1.21153051E+00
   109  2.18000000E+01  1.21259824E+00  9.99987648E-01  1.21259824E+00
   110  2.20000000E+01  1.21359558E+00  9.99987065E-01  1.21359558E+00
   111  2.22000000E+01  1.21453140E+00  9.99986459E-01  1.21453140E+00
   112  2.24000000E+01  1.21541478E+00  9.99985829E-01  1.21541478E+00
   113  2.26000000E+01  1.21647590E+00  9.99985175E-01  1.21647590E+00
   114  2.28000000E+01  1.21747637E+00  9.99984495E-01  1.21747637E+00
   115  2.30000000E+01  1.21841607E+00  9.99983790E-01  1.21841607E+00
   116  2.32000000E+01  1.21930192E+00  9.99983058E-01  1.21930192E+00
   117  2.34000000E+01  1.22014027E+00  9.99982298E-01  1.22014027E+00
   118  2.36000000E+01  1.22099429E+00  9.99981511E-01  1.22099429E+00
   119  2.38000000E+01  1.22191910E+00  9.99980693E-01  1.22191910E+00
   120  2.40000000E+01  1.22279188E+00  9.99979846E-01  1.22279188E+00
   121  2.42000000E+01  1.22361905E+00  9.99978968E-01  1.22361905E+00
   122  2.44000000E+01  1.22440560E+00  9.99978058E-01  1.22440560E+00
   123  2.46000000E+01  1.22515500E+00  9.99977115E-01  1.22515500E+00
   124  2.48000000E+01  1.22594139E+00  9.99976139E-01  1.22594139E+00
   125  2.50000000E+01  1.22676609E+00  9.99975128E-01  1.22676609E+00
   126  2.52000000E+01  1.22754740E+00  9.99974081E-01  1.22754740E+00
   127  2.54000000E+01  1.22828904E+00  9.99972998E-01  1.22828904E+00
   128  2.56000000E+01  1.22899382E+00  9.99971878E-01  1.22899382E+00
   129  2.58000000E+01  1.22966389E+00  9.99970719E-01  1.22966389E+00
   130  2.60000000E+01  1.23035301E+00  9.99969521E-01  1.23035301E+00
   131  2.62000000E+01  1.23108659E+00  9.99968282E-01  1.23108659E+00
   132  2.64000000E+01  1.23178431E+00  9.99967002E-01  1.23178431E+00
   133  2.66000000E+01  1.23244808E+00  9.99965679E-01  1.23244808E+00
   134  2.68000000E+01  1.23307939E+00  9.99964313E-01  1.23307939E+00
   135  2.70000000E+01  1.23367955E+00  9.99962903E-01  1.23367955E+00
   136  2.72000000E+01  1.23432854E+00  9.99961447E-01  1.23432854E+00
   137  2.74000000E+01  1.23498356E+00  9.99959944E-01  1.23498356E+00
   138  2.76000000E+01  1.23560617E+00  9.99958394E-01  1.23560617E+00
   139  2.78000000E+01  1.23619813E+00  9.99956795E-01  1.23619813E+00
   140  2.80000000E+01  1.23676095E+00  9.99955147E-01  1.23676095E+00
   141  2.82000000E+01  1.23729599E+00  9.99953448E-01  1.23729599E+00
   142  2.84000000E+01  1.23784686E+00  9.99951697E-01  1.23784686E+00
   143  2.86000000E+01  1.23843410E+00  9.99949893E-01  1.23843410E+00
   144  2.88000000E+01  1.23899265E+00  9.99948036E-01  1.23899265E+00
   145  2.90000000E+01  1.23952373E+00  9.99946124E-01  1.23952373E+00
   146  2.92000000E+01  1.24002846E+00  9.99944156E-01  1.24002846E+00
   147  2.94000000E+01  1.24050788E+00  9.99942131E-01  1.24050788E+00
   148  2.96000000E+01  1.24099219E+00  9.99940048E-01  1.24099219E+00
   149  2.98000000E+01  1.24151685E+00  9.99937907E-01  1.24151685E+00
   150  3.00000000E+01  1.24201566E+00  9.99935706E-01  1.24201566E+00
   151  3.02000000E+01  1.24248964E+00  9.99933445E-01  1.24248964E+00
   152  3.04000000E+01  1.24293976E+00  9.99931122E-01  1.24293976E+00
   153  3.06000000E+01  1.24336694E+00  9.99928737E-01  1.24336694E+00
   154  3.08000000E+01  1.24377214E+00  9.99926288E-01  1.24377214E+00
   155  3.10000000E+01  1.24424212E+00  9.99923776E-01  1.24424212E+00
   156  3.12000000E+01  1.24468908E+00  9.99921200E-01  1.24468908E+00
   157  3.14000000E+01  1.24511311E+00  9.99918558E-01  1.24511311E+00
   158  3.16000000E+01  1.24551516E+00  9.99915850E-01  1.24551516E+00
   159  3.18000000E+01  1.24589627E+00  9.99913076E-01  1.24589627E+00
   160  3.20000000E+01  1.24625753E+00  9.99910236E-01  1.24625753E+00
   161  3.22000000E+01  1.24667268E+00  9.99907328E-01  1.24667268E+00
   162  3.24000000E+01  1.24707095E+00  9.99904352E-01  1.24707095E+00
   163  3.26000000E+01  1.24744869E+00  9.99901309E-01  1.24744869E+00
   164  3.28000000E+01  1.24780693E+00  9.99898198E-01  1.24780693E+00
   165  3.30000000E+01  1.24814671E+00  9.99895019E-01  1.24814671E+00
   166  3.32000000E+01  1.24846911E+00  9.99891772E-01  1.24846911E+00
   167  3.34000000E+01  1.24881763E+00  9.99888457E-01  1.24881763E+00
   168  3.36000000E+01  1.24917312E+00  9.99885074E-01  1.24917312E+00
   169  3.38000000E+01  1.24951025E+00  9.99881624E-01  1.24951025E+00
   170  3.40000000E+01  1.24983009E+00  9.99878108E-01  1.24983009E+00
   171  3.42000000E+01  1.25013372E+00  9.99874525E-01  1.25013372E+00
   172  3.44000000E+01  1.25042215E+00  9.99870877E-01  1.25042215E+00
   173  3.46000000E+01  1.25071933E+00  9.99867165E-01  1.25071933E+00
   174  3.48000000E+01  1.25103681E+00  9.99863390E-01  1.25103681E+00
   175  3.50000000E+01  1.25133818E+00  9.99859552E-01  1.25133818E+00
   176  3.52000000E+01  1.25162438E+00  9.99855655E-01  1.25162438E+00
   177  3.54000000E+01  1.25189635E+00  9.99851698E-01  1.25189635E+00
   178  3.56000000E+01  1.25215494E+00  9.99847685E-01  1.25215494E+00
   179  3.58000000E+01  1.25240094E+00  9.99843617E-01  1.25240094E+00
   180  3.60000000E+01  1.25267632E+00  9.99839497E-01  1.25267632E+00
   181  3.62000000E+01  1.25294634E+00  9.99835328E-01  1.25294634E+00
   182  3.64000000E+01  1.25320310E+00  9.99831112E-01  1.25320310E+00
   183  3.66000000E+01  1.25344739E+00  9.99826854E-01  1.25344739E+00
   184  3.68000000E+01  1.25367993E+00  9.99822555E-01  1.25367993E+00
   185  3.70000000E+01  1.25390140E+00  9.99818221E-01  1.25390140E+00
   186  3.72000000E+01  1.25412707E+00  9.99813856E-01  1.25412707E+00
   187  3.74000000E+01  1.25436945E+00  9.99809464E-01  1.25436945E+00
   188  3.76000000E+01  1.25460012E+00  9.99805050E-01  1.25460012E+00
   189  3.78000000E+01  1.25481975E+00  9.99800619E-01  1.25481975E+00
   190  3.80000000E+01  1.25502895E+00  9.99796178E-01  1.25502895E+00
   191  3.82000000E+01  1.25522828E+00  9.99791732E-01  1.25522828E+00
   192  3.84000000E+01  1.25541825E+00  9.99787288E-01  1.25541825E+00
   193  3.86000000E+01  1.25561489E+00  9.99782854E-01  1.25561489E+00
   194  3.88000000E+01  1.25582284E+00  9.99778436E-01  1.25582284E+00
   195  3.90000000E+01  1.25602099E+00  9.99774042E-01  1.25602099E+00
   196  3.92000000E+01  1.25620984E+00  9.99769683E-01  1.25620984E+00
   197  3.94000000E+01  1.25638984E+00  9.99765366E-01  1.25638984E+00
   198  3.96000000E+01  1.25656138E+00  9.99761101E-01  1.25656138E+00
   199  3.98000000E+01  1.25672485E+00  9.99756900E-01  1.25672485E+00
   200  4.00000000E+01  1.25689976E+00  9.99752774E-01  1.25689976E+00
   201  4.02000000E+01  1.25707830E+00  9.99748734E-01  1.25707830E+00
   202  4.04000000E+01  1.25724846E+00  9.99744793E-01  1.25724846E+00
   203  4.06000000E+01  1.25741062E+00  9.99740965E-01  1.25741062E+00
   204  4.08000000E+01  1.25756511E+00  9.99737264E-01  1.25756511E+00
   205  4.10000000E+01  1.25771228E+00  9.99733705E-01  1.25771228E+00
   206  4.12000000E+01  1.25785244E+00  9.99730305E-01  1.25785244E+00
   207  4.14000000E+01  1.25800115E+00  9.99727081E-01  1.25800115E+00
   208  4.16000000E+01  1.25815482E+00  9.99724050E-01  1.25815482E+00
   209  4.18000000E+01  1.25830119E+00  9.99721232E-01  1.25830119E+00
   210  4.20000000E+01  1.25844057E+00  9.99718647E-01  1.25844057E+00
   211  4.22000000E+01  1.25857325E+00  9.99716315E-01  1.25857325E+00
   212  4.24000000E+01  1.25869952E+00  9.99714260E-01  1.25869952E+00
   213  4.26000000E+01  1.25881965E+00  9.99712504E-01  1.25881965E+00
   214  4.28000000E+01  1.25895013E+00  9.99711072E-01  1.25895013E+00
   215  4.30000000E+01  1.25908187E+00  9.99709991E-01  1.25908187E+00
   216  4.32000000E+01  1.25920725E+00  9.99709287E-01  1.25920725E+00
   217  4.34000000E+01  1.25932655E+00  9.99708989E-01  1.25932655E+00
   218  4.36000000E+01  1.25944001E+00  9.99709128E-01  1.25944001E+00
   219  4.38000000E+01  1.25954790E+00  9.99709734E-01  1.25954790E+00
   220  4.40000000E+01  1.25965045E+00  9.99710842E-01  1.25965045E+00
   221  4.42000000E+01  1.25976049E+00  9.99712486E-01  1.25976049E+00
   222  4.44000000E+01  1.25987334E+00  9.99714703E-01  1.25987334E+00
   223  4.46000000E+01  1.25998064E+00  9.99717532E-01  1.25998064E+00
   224  4.48000000E+01  1.26008261E+00  9.99721012E-01  1.26008261E+00
   225  4.50000000E+01  1.26017950E+00  9.99725186E-01  1.26017950E+00
   226  4.52000000E+01  1.26027153E+00  9.99730099E-01  1.26027153E+00
   227  4.54000000E+01  1.26035893E+00  9.99735797E-01  1.26035893E+00
   228  4.56000000E+01  1.26045273E+00  9.99742328E-01  1.26045273E+00
   229  4.58000000E+01  1.26054899E+00  9.99749743E-01  1.26054899E+00
   230  4.60000000E+01  1.26064042E+00  9.99758096E-01  1.26064042E+00
   231  4.62000000E+01  1.26072724E+00  9.99767443E-01  1.26072724E+00
   232  4.64000000E+01  1.26080965E+00  9.99777841E-01  1.26080965E+00
   233  4.66000000E+01  1.26088786E+00  9.99789353E-01  1.26088786E+00
   234  4.68000000E+01  1.26096204E+00  9.99802040E-01  1.26096204E+00
   235  4.70000000E+01  1.26103874E+00  9.99815971E-01  1.26103874E+00
   236  4.72000000E+01  1.26112070E+00  9.99831214E-01  1.26112070E+00
   237  4.74000000E+01  1.26119847E+00  9.99847842E-01  1.26119847E+00
   238  4.76000000E+01  1.26127224E+00  9.99865930E-01  1.26127224E+00
   239  4.78000000E+01  1.26134219E+00  9.99885559E-01  1.26134219E+00
   240  4.80000000E+01  1.26140850E+00  9.99906810E-01  1.26140850E+00
   241  4.82000000E+01  1.26147134E+00  9.99929769E-01  1.26147134E+00
   242  4.84000000E+01  1.26153446E+00  9.99954526E-01  1.26153446E+00
   243  4.86000000E+01  1.26160397E+00  9.99981174E-01  1.26160397E+00
   244  4.88000000E+01  1.26166985E+00  1.00000981E+00  1.26166985E+00
   245  4.90000000E+01  1.26173227E+00  1.00004054E+00  1.26173227E+00
   246  4.92000000E+01  1.26179139E+00  1.00007346E+00  1.26179139E+00
   247  4.94000000E+01  1.26184737E+00  1.00010868E+00  1.26184737E+00
   248  4.96000000E+01  1.26190035E+00  1.00014632E+00  1.26190035E+00
   249  4.98000000E+01  1.26195048E+00  1.00018650E+00  1.26195048E+00
   250  5.00000000E+01  1.26200773E+00  1.00022934E+00  1.26200773E+00
   251  5.02000000E+01  1.26206341E+00  1.00027496E+00  1.26206341E+00
   252  5.04000000E+01  1.26211611E+00  1.00032350E+00  1.26211611E+00
   253  5.06000000E+01  1.26216596E+00  1.00037510E+00  1.26216596E+00
   254  5.08000000E+01  1.26221310E+00  1.00042990E+00  1.26221310E+00
   255  5.10000000E+01  1.26225767E+00  1.00048805E+00  1.26225767E+00
   256  5.12000000E+01  1.26229977E+00  1.00054970E+00  1.26229977E+00
   257  5.14000000E+01  1.26234440E+00  1.00061502E+00  1.26234440E+00
   258  5.16000000E+01  1.26239124E+00  1.00068417E+00  1.26239124E+00
   259  5.18000000E+01  1.26243551E+00  1.00075732E+00  1.26243551E+00
   260  5.20000000E+01  1.26247734E+00  1.00083466E+00  1.26247734E+00
   261  5.22000000E+01  1.26251686E+00  1.00091636E+00  1.26251686E+00
   262  5.24000000E+01  1.26255416E+00  1.00100263E+00  1.26255416E+00
   263  5.26000000E+01  1.26258936E+00  1.00109367E+00  1.26258936E+00
   264  5.28000000E+01  1.26262258E+00  1.00118967E+00  1.26262258E+00
   265  5.30000000E+01  1.26266163E+00  1.00129086E+00  1.26266163E+00
   266  5.32000000E+01  1.26269874E+00  1.00139745E+00  1.26269874E+00
   267  5.34000000E+01  1.26273375E+00  1.00150969E+00  1.26273375E+00
   268  5.36000000E+01  1.26276679E+00  1.00162780E+00  1.26276679E+00
   269  5.38000000E+01  1.26279794E+00  1.00175203E+00  1.26279794E+00
   270  5.40000000E+01  1.26282731E+00  1.00188263E+00  1.26282731E+00
   271  5.42000000E+01  1.26285498E+00  1.00201988E+00  1.26285498E+00
   272  5.44000000E+01  1.26288395E+00  1.00216403E+00  1.26288395E+00
   273  5.46000000E+01  1.26291490E+00  1.00231538E+00  1.26291490E+00
   274  5.48000000E+01  1.26294407E+00  1.00247420E+00  1.26294407E+00
   275  5.50000000E+01  1.26297156E+00  1.00264081E+00  1.26297156E+00
   276  5.52000000E+01  1.26299746E+00  1.00281550E+00  1.26299746E+00
   277  5.54000000E+01  1.26302184E+00  1.00299861E+00  1.26302184E+00
   278  5.56000000E+01  1.26304478E+00  1.00319045E+00  1.26304478E+00
   279  5.58000000E+01  1.26306638E+00  1.00339136E+00  1.26306638E+00
   280  5.60000000E+01  1.26308969E+00  1.00360170E+00  1.26308969E+00
   281  5.62000000E+01  1.26311394E+00  1.00382183E+00  1.26311394E+00
   282  5.64000000E+01  1.26313677E+00  1.00405211E+00  1.26313677E+00
   283  5.66000000E+01  1.26315825E+00  1.00429294E+00  1.26315825E+00
   284  5.68000000E+01  1.26317845E+00  1.00454469E+00  1.26317845E+00
   285  5.70000000E+01  1.26319745E+00  1.00480778E+00  1.26319745E+00
   286  5.72000000E+01  1.26321531E+00  1.00508261E+00  1.26321531E+00
   287  5.74000000E+01  1.26323208E+00  1.00536962E+00  1.26323208E+00
   288  5.76000000E+01  1.26325031E+00  1.00566924E+00  1.26325031E+00
   289  5.78000000E+01  1.26326918E+00  1.00598193E+00  1.26326918E+00
   290  5.80000000E+01  1.26328692E+00  1.00630813E+00  1.26328692E+00
   291  5.82000000E+01  1.26330358E+00  1.00664832E+00  1.26330358E+00
   292  5.84000000E+01  1.26331922E+00  1.00700298E+00  1.26331922E+00
   293  5.86000000E+01  1.26333391E+00  1.00737260E+00  1.26333391E+00
   294  5.88000000E+01  1.26334770E+00  1.00775770E+00  1.26334770E+00
   295  5.90000000E+01  1.26336063E+00  1.00815879E+00  1.26336063E+00
   296  5.92000000E+01  1.26337322E+00  1.00857639E+00  1.26337322E+00
   297  5.94000000E+01  1.26338783E+00  1.00901105E+00  1.26338783E+00
   298  5.96000000E+01  1.26340155E+00  1.00946332E+00  1.26340155E+00
   299  5.98000000E+01  1.26341442E+00  1.00993375E+00  1.26341442E+00
   300  6.00000000E+01  1.26342649E+00  1.01042294E+00  1.26342649E+00
   301  6.02000000E+01  1.26343780E+00  1.01093145E+00  1.26343780E+00
   302  6.04000000E+01  1.26344840E+00  1.01145989E+00  1.26344840E+00
   303  6.06000000E+01  1.26345833E+00  1.01200887E+00  1.26345833E+00
   304  6.08000000E+01  1.26346763E+00  1.01257899E+00  1.26346763E+00
   305  6.10000000E+01  1.26347716E+00  1.01317088E+00  1.26347716E+00
   306  6.12000000E+01  1.26348769E+00  1.01378518E+00  1.26348769E+00
   307  6.14000000E+01  1.26349754E+00  1.01442253E+00  1.26349754E+00
   308  6.16000000E+01  1.26350677E+00  1.01508356E+00  1.26350677E+00
   309  6.18000000E+01  1.26351541E+00  1.01576894E+00  1.26351541E+00
   310  6.20000000E+01  1.26352349E+00  1.01647933E+00  1.26352349E+00
   311  6.22000000E+01  1.26353104E+00  1.01721538E+00  1.26353104E+00
   312  6.24000000E+01  1.26353810E+00  1.01797775E+00  1.26353810E+00
   313  6.26000000E+01  1.26354470E+00  1.01876711E+00  1.26354470E+00
   314  6.28000000E+01  1.26355086E+00  1.01958413E+00  1.26355086E+00
   315  6.30000000E+01  1.26355779E+00  1.02042947E+00  1.26355779E+00
   316  6.32000000E+01  1.26356482E+00  1.02130379E+00  1.26356482E+00
   317  6.34000000E+01  1.26357138E+00  1.02220773E+00  1.26357138E+00
   318  6.36000000E+01  1.26357751E+00  1.02314197E+00  1.26357751E+00
   319  6.38000000E+01  1.26358322E+00  1.02410712E+00  1.26358322E+00
   320  6.40000000E+01  1.26358856E+00  1.02510384E+00  1.26358856E+00
   321  6.42000000E+01  1.26359353E+00  1.02613273E+00  1.26359353E+00
   322  6.44000000E+01  1.26359816E+00  1.02719442E+00  1.26359816E+00
   323  6.46000000E+01  1.26360248E+00  1.02828949E+00  1.26360248E+00
   324  6.48000000E+01  1.26360650E+00  1.02941853E+00  1.26360650E+00
   325  6.50000000E+01  1.26361023E+00  1.03058211E+00  1.26361023E+00
   326  6.52000000E+01  1.26361444E+00  1.03178076E+00  1.26361444E+00
   327  6.54000000E+01  1.26361872E+00  1.03301500E+00  1.26361872E+00
   328  6.56000000E+01  1.26362271E+00  1.03428534E+00  1.26362271E+00
   329  6.58000000E+01  1.26362641E+00  1.03559224E+00  1.26362641E+00
   330  6.60000000E+01  1.26362985E+00  1.03693615E+00  1.26362985E+00
   331  6.62000000E+01  1.26363305E+00  1.03831747E+00  1.26363305E+00
   332  6.64000000E+01  1.26363602E+00  1.03973658E+00  1.26363602E+00
   333  6.66000000E+01  1.26363878E+00  1.04119382E+00  1.26363878E+00
   334  6.68000000E+01  1.26364133E+00  1.04268949E+00  1.26364133E+00
   335  6.70000000E+01  1.26364369E+00  1.04422385E+00  1.26364369E+00
   336  6.72000000E+01  1.26364588E+00  1.04579709E+00  1.26364588E+00
   337  6.74000000E+01  1.26364790E+00  1.04740939E+00  1.26364790E+00
   338  6.76000000E+01  1.26364977E+00  1.04906085E+00  1.26364977E+00
   339  6.78000000E+01  1.26365150E+00  1.05075153E+00  1.26365150E+00
   340  6.80000000E+01  1.26365338E+00  1.05248141E+00  1.26365338E+00
   341  6.82000000E+01  1.26365539E+00  1.05425045E+00  1.26365539E+00
   342  6.84000000E+01  1.26365725E+00  1.05605850E+00  1.26365725E+00
   343  6.86000000E+01  1.26365896E+00  1.05790539E+00  1.26365896E+00
   344  6.88000000E+01  1.26366054E+00  1.05979085E+00  1.26366054E+00
   345  6.90000000E+01  1.26366199E+00  1.06171455E+00  1.26366199E+00
   346  6.92000000E+01  1.26366333E+00  1.06367610E+00  1.26366333E+00
   347  6.94000000E+01  1.26366456E+00  1.06567502E+00  1.26366456E+00
   348  6.96000000E+01  1.26366569E+00  1.06771078E+00  1.26366569E+00
   349  6.98000000E+01  1.26366672E+00  1.06978275E+00  1.26366672E+00
   350  7.00000000E+01  1.26366766E+00  1.07189024E+00  1.26366766E+00
   351  7.02000000E+01  1.26366852E+00  1.07403248E+00  1.26366852E+00
   352  7.04000000E+01  1.26366931E+00  1.07620864E+00  1.26366931E+00
   353  7.06000000E+01  1.26367002E+00  1.07841781E+00  1.26367002E+00
   354  7.08000000E+01  1.26367067E+00  1.08065898E+00  1.26367067E+00
   355  7.10000000E+01  1.26367125E+00  1.08293113E+00  1.26367125E+00
   356  7.12000000E+01  1.26367178E+00  1.08523310E+00  1.26367178E+00
   357  7.14000000E+01  1.26367226E+00  1.08756372E+00  1.26367226E+00
   358  7.16000000E+01  1.26367268E+00  1.08992173E+00  1.26367268E+00
   359  7.18000000E+01  1.26367307E+00  1.09230580E+00  1.26367307E+00
   360  7.20000000E+01  1.26367340E+00  1.09471455E+00  1.26367340E+00
   361  7.22000000E+01  1.26367371E+00  1.09714655E+00  1.26367371E+00
   362  7.24000000E+01  1.26367397E+00  1.09960030E+00  1.26367397E+00
   363  7.26000000E+01  1.26367420E+00  1.10207426E+00  1.26367420E+00
   364  7.28000000E+01  1.26367440E+00  1.10456683E+00  1.26367440E+00
   365  7.30000000E+01  1.26367458E+00  1.10707636E+00  1.26367458E+00
   366  7.32000000E+01  1.26367473E+00  1.10960119E+00  1.26367473E+00
   367  7.34000000E+01  1.26367485E+00  1.11213961E+00  1.26367485E+00
   368  7.36000000E+01  1.26367495E+00  1.11468987E+00  1.26367495E+00
   369  7.38000000E+01  1.26367504E+00  1.11725022E+00  1.26367504E+00
   370  7.40000000E+01  1.26367518E+00  1.11981889E+00  1.26367518E+00
   371  7.42000000E+01  1.26367530E+00  1.12239409E+00  1.26367530E+00
   372  7.44000000E+01  1.26367540E+00  1.12497406E+00  1.26367540E+00
   373  7.46000000E+01  1.26367548E+00  1.12755701E+00  1.26367548E+00
   374  7.48000000E+01  1.26367554E+00  1.13014119E+00  1.26367554E+00
   375  7.50000000E+01  1.26367559E+00  1.13272488E+00  1.26367559E+00
   376  7.52000000E+01  1.26367562E+00  1.13530635E+00  1.26367562E+00
   377  7.54000000E+01  1.26367564E+00  1.13788392E+00  1.26367564E+00
   378  7.56000000E+01  1.26367565E+00  1.14045595E+00  1.26367565E+00
   379  7.58000000E+01  1.26367564E+00  1.14302083E+00  1.26367564E+00
   380  7.60000000E+01  1.26367563E+00  1.14557697E+00  1.26367563E+00
   381  7.62000000E+01  1.26367560E+00  1.14812287E+00  1.26367560E+00
   382  7.64000000E+01  1.26367557E+00  1.15065703E+00  1.26367557E+00
   383  7.66000000E+01  1.26367554E+00  1.15317804E+00  1.26367554E+00
   384  7.68000000E+01  1.26367549E+00  1.15568453E+00  1.26367549E+00
   385  7.70000000E+01  1.26367544E+00  1.15817519E+00  1.26367544E+00
   386  7.72000000E+01  1.26367538E+00  1.16064880E+00  1.26367538E+00
   387  7.74000000E+01  1.26367533E+00  1.16310422E+00  1.26367533E+00
   388  7.76000000E+01  1.26367526E+00  1.16554036E+00  1.26367526E+00
   389  7.78000000E+01  1.26367520E+00  1.16795627E+00  1.26367520E+00
   390  7.80000000E+01  1.26367513E+00  1.17035106E+00  1.26367513E+00
   391  7.82000000E+01  1.26367506E+00  1.17272394E+00  1.26367506E+00
   392  7.84000000E+01  1.26367498E+00  1.17507423E+00  1.26367498E+00
   393  7.86000000E+01  1.26367491E+00  1.17740131E+00  1.26367491E+00
   394  7.88000000E+01  1.26367484E+00  1.17970467E+00  1.26367484E+00
   395  7.90000000E+01  1.26367476E+00  1.18198386E+00  1.26367476E+00
   396  7.92000000E+01  1.26367468E+00  1.18423849E+00  1.26367468E+00
   397  7.94000000E+01  1.26367461E+00  1.18646821E+00  1.26367461E+00
   398  7.96000000E+01  1.26367453E+00  1.18867273E+00  1.26367453E+00
   399  7.98000000E+01  1.26367445E+00  1.19085177E+00  1.26367445E+00
   400  8.00000000E+01  1.26367438E+00  1.19300504E+00  1.26367438E+00
   401  8.02000000E+01  1.26367430E+00  1.19513229E+00  1.26367430E+00
   402  8.04000000E+01  1.26367423E+00  1.19723325E+00  1.26367423E+00
   403  8.06000000E+01  1.26367416E+00  1.19930769E+00  1.26367416E+00
   404  8.08000000E+01  1.26367408E+00  1.20135534E+00  1.26367408E+00
   405  8.10000000E+01  1.26367401E+00  1.20337596E+00  1.26367401E+00
   406  8.12000000E+01  1.26367394E+00  1.20536935E+00  1.26367394E+00
   407  8.14000000E+01  1.26367388E+00  1.20733532E+00  1.26367388E+00
   408  8.16000000E+01  1.26367381E+00  1.20927369E+00  1.26367381E+00
   409  8.18000000E+01  1.26367374E+00  1.21118433E+00  1.26367374E+00
   410  8.20000000E+01  1.26367368E+00  1.21306713E+00  1.26367368E+00
   411  8.22000000E+01  1.26367362E+00  1.21492198E+00  1.26367362E+00
   412  8.24000000E+01  1.26367355E+00  1.21674877E+00  1.26367355E+00
   413  8.26000000E+01  1.26367350E+00  1.21854736E+00  1.26367350E+00
   414  8.28000000E+01  1.26367344E+00  1.22031750E+00  1.26367344E+00
   415  8.30000000E+01  1.26367338E+00  1.22205889E+00  1.26367338E+00
   416  8.32000000E+01  1.26367333E+00  1.22377103E+00  1.26367333E+00
   417  8.34000000E+01  1.26367327E+00  1.22545326E+00  1.26367327E+00
   418  8.36000000E+01  1.26367322E+00  1.22710469E+00  1.26367322E+00
   419  8.38000000E+01  1.26367317E+00  1.22872420E+00  1.26367317E+00
   420  8.40000000E+01  1.26367312E+00  1.23031040E+00  1.26367312E+00
   421  8.42000000E+01  1.26367307E+00  1.23186163E+00  1.26367307E+00
   422  8.44000000E+01  1.26367303E+00  1.23337598E+00  1.26367303E+00
   423  8.46000000E+01  1.26367299E+00  1.23485133E+00  1.26367299E+00
   424  8.48000000E+01  1.26367294E+00  1.23628540E+00  1.26367294E+00
   425  8.50000000E+01  1.26367290E+00  1.23767579E+00  1.26367290E+00
   426  8.52000000E+01  1.26367286E+00  1.23902008E+00  1.26367286E+00
   427  8.54000000E+01  1.26367282E+00  1.24031590E+00  1.26367282E+00
   428  8.56000000E+01  1.26367279E+00  1.24156103E+00  1.26367279E+00
   429  8.58000000E+01  1.26367275E+00  1.24275349E+00  1.26367275E+00
   430  8.60000000E+01  1.26367272E+00  1.24389163E+00  1.26367272E+00
   431  8.62000000E+01  1.26367268E+00  1.24497422E+00  1.26367268E+00
   432  8.64000000E+01  1.26367265E+00  1.24600048E+00  1.26367265E+00
   433  8.66000000E+01  1.26367262E+00  1.24697017E+00  1.26367262E+00
   434  8.68000000E+01  1.26367259E+00  1.24788358E+00  1.26367259E+00
   435  8.70000000E+01  1.26367256E+00  1.24874157E+00  1.26367256E+00
   436  8.72000000E+01  1.26367254E+00  1.24954553E+00  1.26367254E+00
   437  8.74000000E+01  1.26367251E+00  1.25029735E+00  1.26367251E+00
   438  8.76000000E+01  1.26367249E+00  1.25099937E+00  1.26367249E+00
   439  8.78000000E+01  1.26367246E+00  1.25165430E+00  1.26367246E+00
   440  8.80000000E+01  1.26367244E+00  1.25226513E+00  1.26367244E+00
   441  8.82000000E+01  1.26367242E+00  1.25283507E+00  1.26367242E+00
   442  8.84000000E+01  1.26367239E+00  1.25336742E+00  1.26367239E+00
   443  8.86000000E+01  1.26367237E+00  1.25386549E+00  1.26367237E+00
   444  8.88000000E+01  1.26367235E+00  1.25433253E+00  1.26367235E+00
   445  8.90000000E+01  1.26367234E+00  1.25477163E+00  1.26367234E+00
   446  8.92000000E+01  1.26367232E+00  1.25518568E+00  1.26367232E+00
   447  8.94000000E+01  1.26367230E+00  1.25557731E+00  1.26367230E+00
   448  8.96000000E+01  1.26367229E+00  1.25594884E+00  1.26367229E+00
   449  8.98000000E+01  1.26367227E+00  1.25630230E+00  1.26367227E+00
   450  9.00000000E+01  1.26367225E+00  1.25663940E+00  1.26367225E+00
   451  9.02000000E+01  1.26367224E+00  1.25696156E+00  1.26367224E+00
   452  9.04000000E+01  1.26367223E+00  1.25726990E+00  1.26367223E+00
   453  9.06000000E+01  1.26367221E+00  1.25756530E+00  1.26367221E+00
   454  9.08000000E+01  1.26367220E+00  1.25784845E+00  1.26367220E+00
   455  9.10000000E+01  1.26367219E+00  1.25811985E+00  1.26367219E+00
   456  9.12000000E+01  1.26367218E+00  1.25837988E+00  1.26367218E+00
   457  9.14000000E+01  1.26367217E+00  1.25862880E+00  1.26367217E+00
   458  9.16000000E+01  1.26367216E+00  1.25886687E+00  1.26367216E+00
   459  9.18000000E+01  1.26367215E+00  1.25909428E+00  1.26367215E+00
   460  9.20000000E+01  1.26367214E+00  1.25931124E+00  1.26367214E+00
   461  9.22000000E+01  1.26367213E+00  1.25951798E+00  1.26367213E+00
   462  9.24000000E+01  1.26367212E+00  1.25971475E+00  1.26367212E+00
   463  9.26000000E+01  1.26367211E+00  1.25990185E+00  1.26367211E+00
   464  9.28000000E+01  1.26367211E+00  1.26007962E+00  1.26367211E+00
   465  9.30000000E+01  1.26367210E+00  1.26024842E+00  1.26367210E+00
   466  9.32000000E+01  1.26367209E+00  1.26040864E+00  1.26367209E+00
   467  9.34000000E+01  1.26367209E+00  1.26056071E+00  1.26367209E+00
   468  9.36000000E+01  1.26367208E+00  1.26070505E+00  1.26367208E+00
   469  9.38000000E+01  1.26367207E+00  1.26084209E+00  1.26367207E+00
   470  9.40000000E+01  1.26367207E+00  1.26097223E+00  1.26367207E+00
   471  9.42000000E+01  1.26367206E+00  1.26109589E+00  1.26367206E+00
   472  9.44000000E+01  1.26367206E+00  1.26121345E+00  1.26367206E+00
   473  9.46000000E+01  1.26367205E+00  1.26132524E+00  1.26367205E+00
   474  9.48000000E+01  1.26367205E+00  1.26143159E+00  1.26367205E+00
   475  9.50000000E+01  1.26367204E+00  1.26153280E+00  1.26367204E+00
   476  9.52000000E+01  1.26367204E+00  1.26162911E+00  1.26367204E+00
   477  9.54000000E+01  1.26367204E+00  1.26172077E+00  1.26367204E+00
   478  9.56000000E+01  1.26367203E+00  1.26180797E+00  1.26367203E+00
   479  9.58000000E+01  1.26367203E+00  1.26189092E+00  1.26367203E+00
   480  9.60000000E+01  1.26367202E+00  1.26196978E+00  1.26367202E+00
   481  9.62000000E+01  1.26367202E+00  1.26204470E+00  1.26367202E+00
   482  9.64000000E+01  1.26367202E+00  1.26211584E+00  1.26367202E+00
   483  9.66000000E+01  1.26367202E+00  1.26218333E+00  1.26367202E+00
   484  9.68000000E+01  1.26367201E+00  1.26224733E+00  1.26367201E+00
   485  9.70000000E+01  1.26367201E+00  1.26230795E+00  1.26367201E+00
   486  9.72000000E+01  1.26367201E+00  1.26236534E+00  1.26367201E+00
   487  9.74000000E+01  1.26367201E+00  1.26241963E+00  1.26367201E+00
   488  9.76000000E+01  1.26367200E+00  1.26247095E+00  1.26367200E+00
   489  9.78000000E+01  1.26367200E+00  1.26251945E+00  1.26367200E+00
   490  9.80000000E+01  1.26367200E+00  1.26256525E+00  1.26367200E+00
   491  9.82000000E+01  1.26367200E+00  1.26260848E+00  1.26367200E+00
   492  9.84000000E+01  1.26367200E+00  1.26264927E+00  1.26367200E+00
   493  9.86000000E+01  1.26367199E+00  1.26268775E+00  1.26367199E+00
   494  9.88000000E+01  1.26367199E+00  1.26272404E+00  1.26367199E+00
   495  9.90000000E+01  1.26367199E+00  1.26275826E+00  1.26367199E+00
   496  9.92000000E+01  1.26367199E+00  1.26279051E+00  1.26367199E+00
   497  9.94000000E+01  1.26367199E+00  1.26282091E+00  1.26367199E+00
   498  9.96000000E+01  1.26367199E+00  1.26284954E+00  1.26367199E+00
   499  9.98000000E+01  1.26367199E+00  1.26287652E+00  1.26367199E+00
   500  1.00000000E+02  1.26367199E+00  1.26290192E+00  1.26367199E+00
   501  1.00200000E+02  1.26367198E+00  1.26292584E+00  1.26367198E+00
   502  1.00400000E+02  1.26367198E+00  1.26294835E+00  1.26367198E+00
   503  1.00600000E+02  1.26367198E+00  1.26296953E+00  1.26367198E+00
   504  1.00800000E+02  1.26367198E+00  1.26298944E+00  1.26367198E+00
   505  1.01000000E+02  1.26367198E+00  1.26300817E+00  1.26367198E+00
 steady-height stop at step    505: truncated to 3 decimals, truncated max/end/ratio =       1263      1263      1263, max/end/ratio =   1.26367198E+00  1.26300817E+00  1.26367198E+00
