 comppar: model =   2
 comppar: lambda,mobility/eps,betav,eta_0 =  8.0000E-01  0.0000E+00  6.0000E-01  1.0000E+00
 comppar: eta_s,eta_p,G =  6.0000E-01  4.0000E-01  5.0000E-01
 comppar: U_avg,deltat,flowrate,nsteps =  1.0000E-01  2.0000E-01  3.1416E-01    2000
 comppar: geometry = axisymmetric
 comppar: steady stop change,gap,hold,min =  1.0000E-07  1.0000E-03       1      80
 comppar: steady stop truncated decimals =       3
 comppar: ncompc,ncompg =     4     5
 mesh nnodes = 5797
 mesh nelem = 2796
 P1 BC   5.0000000000000000     
 P2 BC   0.0000000000000000     
     1  2.00000000E-01  1.00253087E+00  1.00000000E+00  1.00253087E+00
     2  4.00000000E-01  1.00502053E+00  1.00000000E+00  1.00502053E+00
     3  6.00000000E-01  1.00746238E+00  1.00000000E+00  1.00746238E+00
     4  8.00000000E-01  1.00985909E+00  1.00000000E+00  1.00985909E+00
     5  1.00000000E+00  1.01221290E+00  1.00000000E+00  1.01221290E+00
     6  1.20000000E+00  1.01453047E+00  1.00000000E+00  1.01453047E+00
     7  1.40000000E+00  1.01680800E+00  1.00000000E+00  1.01680800E+00
     8  1.60000000E+00  1.01905362E+00  1.00000000E+00  1.01905362E+00
     9  1.80000000E+00  1.02127047E+00  1.00000000E+00  1.02127047E+00
    10  2.00000000E+00  1.02345185E+00  1.00000000E+00  1.02345185E+00
    11  2.20000000E+00  1.02561780E+00  1.00000000E+00  1.02561780E+00
    12  2.40000000E+00  1.02774053E+00  1.00000000E+00  1.02774053E+00
    13  2.60000000E+00  1.02985481E+00  1.00000001E+00  1.02985481E+00
    14  2.80000000E+00  1.03192783E+00  1.00000001E+00  1.03192783E+00
    15  3.00000000E+00  1.03398795E+00  1.00000001E+00  1.03398795E+00
    16  3.20000000E+00  1.03601273E+00  1.00000001E+00  1.03601273E+00
    17  3.40000000E+00  1.03800638E+00  1.00000001E+00  1.03800638E+00
    18  3.60000000E+00  1.03999169E+00  1.00000000E+00  1.03999169E+00
    19  3.80000000E+00  1.04191941E+00  1.00000000E+00  1.04191941E+00
    20  4.00000000E+00  1.04386127E+00  1.00000000E+00  1.04386127E+00
    21  4.20000000E+00  1.04574974E+00  1.00000000E+00  1.04574974E+00
    22  4.40000000E+00  1.04760433E+00  9.99999999E-01  1.04760433E+00
    23  4.60000000E+00  1.04946482E+00  9.99999997E-01  1.04946482E+00
    24  4.80000000E+00  1.05126364E+00  9.99999994E-01  1.05126364E+00
    25  5.00000000E+00  1.05305694E+00  9.99999990E-01  1.05305694E+00
    26  5.20000000E+00  1.05482890E+00  9.99999986E-01  1.05482890E+00
    27  5.40000000E+00  1.05653599E+00  9.99999981E-01  1.05653599E+00
    28  5.60000000E+00  1.05824806E+00  9.99999976E-01  1.05824806E+00
    29  5.80000000E+00  1.05994293E+00  9.99999969E-01  1.05994293E+00
    30  6.00000000E+00  1.06157085E+00  9.99999962E-01  1.06157085E+00
    31  6.20000000E+00  1.06320513E+00  9.99999954E-01  1.06320513E+00
    32  6.40000000E+00  1.06482233E+00  9.99999944E-01  1.06482233E+00
    33  6.60000000E+00  1.06637057E+00  9.99999934E-01  1.06637057E+00
    34  6.80000000E+00  1.06790046E+00  9.99999922E-01  1.06790046E+00
    35  7.00000000E+00  1.06945604E+00  9.99999910E-01  1.06945604E+00
    36  7.20000000E+00  1.07094159E+00  9.99999895E-01  1.07094159E+00
    37  7.40000000E+00  1.07236374E+00  9.99999880E-01  1.07236374E+00
    38  7.60000000E+00  1.07385781E+00  9.99999862E-01  1.07385781E+00
    39  7.80000000E+00  1.07528074E+00  9.99999843E-01  1.07528074E+00
    40  8.00000000E+00  1.07662996E+00  9.99999822E-01  1.07662996E+00
    41  8.20000000E+00  1.07799246E+00  9.99999799E-01  1.07799246E+00
    42  8.40000000E+00  1.07937337E+00  9.99999774E-01  1.07937337E+00
    43  8.60000000E+00  1.08068046E+00  9.99999747E-01  1.08068046E+00
    44  8.80000000E+00  1.08191153E+00  9.99999717E-01  1.08191153E+00
    45  9.00000000E+00  1.08322865E+00  9.99999685E-01  1.08322865E+00
    46  9.20000000E+00  1.08449363E+00  9.99999650E-01  1.08449363E+00
    47  9.40000000E+00  1.08568246E+00  9.99999613E-01  1.08568246E+00
    48  9.60000000E+00  1.08679339E+00  9.99999572E-01  1.08679339E+00
    49  9.80000000E+00  1.08803668E+00  9.99999528E-01  1.08803668E+00
    50  1.00000000E+01  1.08920838E+00  9.99999480E-01  1.08920838E+00
    51  1.02000000E+01  1.09030277E+00  9.99999429E-01  1.09030277E+00
    52  1.04000000E+01  1.09132898E+00  9.99999375E-01  1.09132898E+00
    53  1.06000000E+01  1.09248320E+00  9.99999316E-01  1.09248320E+00
    54  1.08000000E+01  1.09356053E+00  9.99999252E-01  1.09356053E+00
    55  1.10000000E+01  1.09455970E+00  9.99999185E-01  1.09455970E+00
    56  1.12000000E+01  1.09547988E+00  9.99999112E-01  1.09547988E+00
    57  1.14000000E+01  1.09652800E+00  9.99999035E-01  1.09652800E+00
    58  1.16000000E+01  1.09753365E+00  9.99998952E-01  1.09753365E+00
    59  1.18000000E+01  1.09846111E+00  9.99998864E-01  1.09846111E+00
    60  1.20000000E+01  1.09931013E+00  9.99998769E-01  1.09931013E+00
    61  1.22000000E+01  1.10023752E+00  9.99998669E-01  1.10023752E+00
    62  1.24000000E+01  1.10117090E+00  9.99998562E-01  1.10117090E+00
    63  1.26000000E+01  1.10202618E+00  9.99998448E-01  1.10202618E+00
    64  1.28000000E+01  1.10280359E+00  9.99998327E-01  1.10280359E+00
    65  1.30000000E+01  1.10359881E+00  9.99998198E-01  1.10359881E+00
    66  1.32000000E+01  1.10446324E+00  9.99998061E-01  1.10446324E+00
    67  1.34000000E+01  1.10525039E+00  9.99997916E-01  1.10525039E+00
    68  1.36000000E+01  1.10596125E+00  9.99997762E-01  1.10596125E+00
    69  1.38000000E+01  1.10666030E+00  9.99997599E-01  1.10666030E+00
    70  1.40000000E+01  1.10745528E+00  9.99997426E-01  1.10745528E+00
    71  1.42000000E+01  1.10817389E+00  9.99997243E-01  1.10817389E+00
    72  1.44000000E+01  1.10881782E+00  9.99997050E-01  1.10881782E+00
    73  1.46000000E+01  1.10941840E+00  9.99996845E-01  1.10941840E+00
    74  1.48000000E+01  1.11014668E+00  9.99996629E-01  1.11014668E+00
    75  1.50000000E+01  1.11080060E+00  9.99996401E-01  1.11080060E+00
    76  1.52000000E+01  1.11138265E+00  9.99996160E-01  1.11138265E+00
    77  1.54000000E+01  1.11191140E+00  9.99995905E-01  1.11191140E+00
    78  1.56000000E+01  1.11257258E+00  9.99995637E-01  1.11257258E+00
    79  1.58000000E+01  1.11316150E+00  9.99995355E-01  1.11316150E+00
    80  1.60000000E+01  1.11368141E+00  9.99995057E-01  1.11368141E+00
    81  1.62000000E+01  1.11414162E+00  9.99994744E-01  1.11414162E+00
    82  1.64000000E+01  1.11474039E+00  9.99994414E-01  1.11474039E+00
    83  1.66000000E+01  1.11527008E+00  9.99994067E-01  1.11527008E+00
    84  1.68000000E+01  1.11573458E+00  9.99993702E-01  1.11573458E+00
    85  1.70000000E+01  1.11614067E+00  9.99993319E-01  1.11614067E+00
    86  1.72000000E+01  1.11667679E+00  9.99992917E-01  1.11667679E+00
    87  1.74000000E+01  1.11714716E+00  9.99992494E-01  1.11714716E+00
    88  1.76000000E+01  1.11755634E+00  9.99992051E-01  1.11755634E+00
    89  1.78000000E+01  1.11792026E+00  9.99991585E-01  1.11792026E+00
    90  1.80000000E+01  1.11840009E+00  9.99991098E-01  1.11840009E+00
    91  1.82000000E+01  1.11881819E+00  9.99990587E-01  1.11881819E+00
    92  1.84000000E+01  1.11917941E+00  9.99990051E-01  1.11917941E+00
    93  1.86000000E+01  1.11949746E+00  9.99989491E-01  1.11949746E+00
    94  1.88000000E+01  1.11992108E+00  9.99988904E-01  1.11992108E+00
    95  1.90000000E+01  1.12028723E+00  9.99988290E-01  1.12028723E+00
    96  1.92000000E+01  1.12060119E+00  9.99987649E-01  1.12060119E+00
    97  1.94000000E+01  1.12089514E+00  9.99986978E-01  1.12089514E+00
    98  1.96000000E+01  1.12126968E+00  9.99986277E-01  1.12126968E+00
    99  1.98000000E+01  1.12159111E+00  9.99985545E-01  1.12159111E+00
   100  2.00000000E+01  1.12186473E+00  9.99984782E-01  1.12186473E+00
   101  2.02000000E+01  1.12211861E+00  9.99983985E-01  1.12211861E+00
   102  2.04000000E+01  1.12244471E+00  9.99983154E-01  1.12244471E+00
   103  2.06000000E+01  1.12272246E+00  9.99982287E-01  1.12272246E+00
   104  2.08000000E+01  1.12295726E+00  9.99981385E-01  1.12295726E+00
   105  2.10000000E+01  1.12320067E+00  9.99980445E-01  1.12320067E+00
   106  2.12000000E+01  1.12348525E+00  9.99979466E-01  1.12348525E+00
   107  2.14000000E+01  1.12372577E+00  9.99978448E-01  1.12372577E+00
   108  2.16000000E+01  1.12392750E+00  9.99977389E-01  1.12392750E+00
   109  2.18000000E+01  1.12413297E+00  9.99976287E-01  1.12413297E+00
   110  2.20000000E+01  1.12437742E+00  9.99975143E-01  1.12437742E+00
   111  2.22000000E+01  1.12458260E+00  9.99973955E-01  1.12458260E+00
   112  2.24000000E+01  1.12475361E+00  9.99972721E-01  1.12475361E+00
   113  2.26000000E+01  1.12495729E+00  9.99971441E-01  1.12495729E+00
   114  2.28000000E+01  1.12516755E+00  9.99970114E-01  1.12516755E+00
   115  2.30000000E+01  1.12534255E+00  9.99968738E-01  1.12534255E+00
   116  2.32000000E+01  1.12548712E+00  9.99967312E-01  1.12548712E+00
   117  2.34000000E+01  1.12565443E+00  9.99965836E-01  1.12565443E+00
   118  2.36000000E+01  1.12583270E+00  9.99964308E-01  1.12583270E+00
   119  2.38000000E+01  1.12598016E+00  9.99962728E-01  1.12598016E+00
   120  2.40000000E+01  1.12610136E+00  9.99961094E-01  1.12610136E+00
   121  2.42000000E+01  1.12627178E+00  9.99959406E-01  1.12627178E+00
   122  2.44000000E+01  1.12642264E+00  9.99957662E-01  1.12642264E+00
   123  2.46000000E+01  1.12654627E+00  9.99955863E-01  1.12654627E+00
   124  2.48000000E+01  1.12664691E+00  9.99954007E-01  1.12664691E+00
   125  2.50000000E+01  1.12678271E+00  9.99952095E-01  1.12678271E+00
   126  2.52000000E+01  1.12690906E+00  9.99950124E-01  1.12690906E+00
   127  2.54000000E+01  1.12701209E+00  9.99948096E-01  1.12701209E+00
   128  2.56000000E+01  1.12710748E+00  9.99946009E-01  1.12710748E+00
   129  2.58000000E+01  1.12723668E+00  9.99943863E-01  1.12723668E+00
   130  2.60000000E+01  1.12734168E+00  9.99941660E-01  1.12734168E+00
   131  2.62000000E+01  1.12742646E+00  9.99939397E-01  1.12742646E+00
   132  2.64000000E+01  1.12749554E+00  9.99937076E-01  1.12749554E+00
   133  2.66000000E+01  1.12760307E+00  9.99934698E-01  1.12760307E+00
   134  2.68000000E+01  1.12769008E+00  9.99932262E-01  1.12769008E+00
   135  2.70000000E+01  1.12776012E+00  9.99929770E-01  1.12776012E+00
   136  2.72000000E+01  1.12784176E+00  9.99927223E-01  1.12784176E+00
   137  2.74000000E+01  1.12793029E+00  9.99924621E-01  1.12793029E+00
   138  2.76000000E+01  1.12800119E+00  9.99921967E-01  1.12800119E+00
   139  2.78000000E+01  1.12805774E+00  9.99919262E-01  1.12805774E+00
   140  2.80000000E+01  1.12811403E+00  9.99916508E-01  1.12811403E+00
   141  2.82000000E+01  1.12818699E+00  9.99913708E-01  1.12818699E+00
   142  2.84000000E+01  1.12824533E+00  9.99910864E-01  1.12824533E+00
   143  2.86000000E+01  1.12829192E+00  9.99907979E-01  1.12829192E+00
   144  2.88000000E+01  1.12835899E+00  9.99905057E-01  1.12835899E+00
   145  2.90000000E+01  1.12841785E+00  9.99902101E-01  1.12841785E+00
   146  2.92000000E+01  1.12846450E+00  9.99899116E-01  1.12846450E+00
   147  2.94000000E+01  1.12850153E+00  9.99896107E-01  1.12850153E+00
   148  2.96000000E+01  1.12854473E+00  9.99893079E-01  1.12854473E+00
   149  2.98000000E+01  1.12859301E+00  9.99890036E-01  1.12859301E+00
   150  3.00000000E+01  1.12863145E+00  9.99886987E-01  1.12863145E+00
   151  3.02000000E+01  1.12866536E+00  9.99883938E-01  1.12866536E+00
   152  3.04000000E+01  1.12871386E+00  9.99880896E-01  1.12871386E+00
   153  3.06000000E+01  1.12875211E+00  9.99877870E-01  1.12875211E+00
   154  3.08000000E+01  1.12878245E+00  9.99874868E-01  1.12878245E+00
   155  3.10000000E+01  1.12880679E+00  9.99871901E-01  1.12880679E+00
   156  3.12000000E+01  1.12883670E+00  9.99868979E-01  1.12883670E+00
   157  3.14000000E+01  1.12886830E+00  9.99866113E-01  1.12886830E+00
   158  3.16000000E+01  1.12889373E+00  9.99863317E-01  1.12889373E+00
   159  3.18000000E+01  1.12891908E+00  9.99860603E-01  1.12891908E+00
   160  3.20000000E+01  1.12895029E+00  9.99857985E-01  1.12895029E+00
   161  3.22000000E+01  1.12897510E+00  9.99855480E-01  1.12897510E+00
   162  3.24000000E+01  1.12899522E+00  9.99853103E-01  1.12899522E+00
   163  3.26000000E+01  1.12901201E+00  9.99850872E-01  1.12901201E+00
   164  3.28000000E+01  1.12902871E+00  9.99848808E-01  1.12902871E+00
   165  3.30000000E+01  1.12904980E+00  9.99846929E-01  1.12904980E+00
   166  3.32000000E+01  1.12906740E+00  9.99845258E-01  1.12906740E+00
   167  3.34000000E+01  1.12908262E+00  9.99843817E-01  1.12908262E+00
   168  3.36000000E+01  1.12910280E+00  9.99842633E-01  1.12910280E+00
   169  3.38000000E+01  1.12911957E+00  9.99841732E-01  1.12911957E+00
   170  3.40000000E+01  1.12913392E+00  9.99841142E-01  1.12913392E+00
   171  3.42000000E+01  1.12914674E+00  9.99840893E-01  1.12914674E+00
   172  3.44000000E+01  1.12915869E+00  9.99841018E-01  1.12915869E+00
   173  3.46000000E+01  1.12917021E+00  9.99841550E-01  1.12917021E+00
   174  3.48000000E+01  1.12918161E+00  9.99842527E-01  1.12918161E+00
   175  3.50000000E+01  1.12919303E+00  9.99843987E-01  1.12919303E+00
   176  3.52000000E+01  1.12920452E+00  9.99845970E-01  1.12920452E+00
   177  3.54000000E+01  1.12921604E+00  9.99848521E-01  1.12921604E+00
   178  3.56000000E+01  1.12922749E+00  9.99851686E-01  1.12922749E+00
   179  3.58000000E+01  1.12923911E+00  9.99855512E-01  1.12923911E+00
   180  3.60000000E+01  1.12925089E+00  9.99860053E-01  1.12925089E+00
   181  3.62000000E+01  1.12926257E+00  9.99865362E-01  1.12926257E+00
   182  3.64000000E+01  1.12927405E+00  9.99871498E-01  1.12927405E+00
   183  3.66000000E+01  1.12928517E+00  9.99878521E-01  1.12928517E+00
   184  3.68000000E+01  1.12929579E+00  9.99886496E-01  1.12929579E+00
   185  3.70000000E+01  1.12930578E+00  9.99895491E-01  1.12930578E+00
   186  3.72000000E+01  1.12931505E+00  9.99905578E-01  1.12931505E+00
   187  3.74000000E+01  1.12932351E+00  9.99916833E-01  1.12932351E+00
   188  3.76000000E+01  1.12933195E+00  9.99929336E-01  1.12933195E+00
   189  3.78000000E+01  1.12934131E+00  9.99943171E-01  1.12934131E+00
   190  3.80000000E+01  1.12934992E+00  9.99958427E-01  1.12934992E+00
   191  3.82000000E+01  1.12935773E+00  9.99975197E-01  1.12935773E+00
   192  3.84000000E+01  1.12936475E+00  9.99993580E-01  1.12936475E+00
   193  3.86000000E+01  1.12937097E+00  1.00001368E+00  1.12937097E+00
   194  3.88000000E+01  1.12937723E+00  1.00003560E+00  1.12937723E+00
   195  3.90000000E+01  1.12938434E+00  1.00005946E+00  1.12938434E+00
   196  3.92000000E+01  1.12939065E+00  1.00008539E+00  1.12939065E+00
   197  3.94000000E+01  1.12939620E+00  1.00011349E+00  1.12939620E+00
   198  3.96000000E+01  1.12940107E+00  1.00014392E+00  1.12940107E+00
   199  3.98000000E+01  1.12940533E+00  1.00017680E+00  1.12940533E+00
   200  4.00000000E+01  1.12940944E+00  1.00021228E+00  1.12940944E+00
   201  4.02000000E+01  1.12941448E+00  1.00025051E+00  1.12941448E+00
   202  4.04000000E+01  1.12941889E+00  1.00029166E+00  1.12941889E+00
   203  4.06000000E+01  1.12942275E+00  1.00033589E+00  1.12942275E+00
   204  4.08000000E+01  1.12942614E+00  1.00038337E+00  1.12942614E+00
   205  4.10000000E+01  1.12942915E+00  1.00043429E+00  1.12942915E+00
   206  4.12000000E+01  1.12943184E+00  1.00048884E+00  1.12943184E+00
   207  4.14000000E+01  1.12943459E+00  1.00054722E+00  1.12943459E+00
   208  4.16000000E+01  1.12943763E+00  1.00060964E+00  1.12943763E+00
   209  4.18000000E+01  1.12944034E+00  1.00067632E+00  1.12944034E+00
   210  4.20000000E+01  1.12944279E+00  1.00074748E+00  1.12944279E+00
   211  4.22000000E+01  1.12944502E+00  1.00082336E+00  1.12944502E+00
   212  4.24000000E+01  1.12944708E+00  1.00090421E+00  1.12944708E+00
   213  4.26000000E+01  1.12944897E+00  1.00099030E+00  1.12944897E+00
   214  4.28000000E+01  1.12945072E+00  1.00108187E+00  1.12945072E+00
   215  4.30000000E+01  1.12945232E+00  1.00117923E+00  1.12945232E+00
   216  4.32000000E+01  1.12945379E+00  1.00128266E+00  1.12945379E+00
   217  4.34000000E+01  1.12945526E+00  1.00139246E+00  1.12945526E+00
   218  4.36000000E+01  1.12945685E+00  1.00150895E+00  1.12945685E+00
   219  4.38000000E+01  1.12945831E+00  1.00163246E+00  1.12945831E+00
   220  4.40000000E+01  1.12945964E+00  1.00176333E+00  1.12945964E+00
   221  4.42000000E+01  1.12946084E+00  1.00190192E+00  1.12946084E+00
   222  4.44000000E+01  1.12946191E+00  1.00204859E+00  1.12946191E+00
   223  4.46000000E+01  1.12946286E+00  1.00220373E+00  1.12946286E+00
   224  4.48000000E+01  1.12946368E+00  1.00236772E+00  1.12946368E+00
   225  4.50000000E+01  1.12946439E+00  1.00254099E+00  1.12946439E+00
   226  4.52000000E+01  1.12946499E+00  1.00272395E+00  1.12946499E+00
   227  4.54000000E+01  1.12946550E+00  1.00291704E+00  1.12946550E+00
   228  4.56000000E+01  1.12946592E+00  1.00312072E+00  1.12946592E+00
   229  4.58000000E+01  1.12946630E+00  1.00333546E+00  1.12946630E+00
   230  4.60000000E+01  1.12946682E+00  1.00356175E+00  1.12946682E+00
   231  4.62000000E+01  1.12946725E+00  1.00380007E+00  1.12946725E+00
   232  4.64000000E+01  1.12946760E+00  1.00405095E+00  1.12946760E+00
   233  4.66000000E+01  1.12946789E+00  1.00431492E+00  1.12946789E+00
   234  4.68000000E+01  1.12946811E+00  1.00459252E+00  1.12946811E+00
   235  4.70000000E+01  1.12946828E+00  1.00488433E+00  1.12946828E+00
   236  4.72000000E+01  1.12946841E+00  1.00519091E+00  1.12946841E+00
   237  4.74000000E+01  1.12946851E+00  1.00551286E+00  1.12946851E+00
   238  4.76000000E+01  1.12946856E+00  1.00585079E+00  1.12946856E+00
   239  4.78000000E+01  1.12946859E+00  1.00620533E+00  1.12946859E+00
   240  4.80000000E+01  1.12946860E+00  1.00657712E+00  1.12946860E+00
   241  4.82000000E+01  1.12946858E+00  1.00696680E+00  1.12946858E+00
   242  4.84000000E+01  1.12946854E+00  1.00737505E+00  1.12946854E+00
   243  4.86000000E+01  1.12946849E+00  1.00780255E+00  1.12946849E+00
   244  4.88000000E+01  1.12946841E+00  1.00824998E+00  1.12946841E+00
   245  4.90000000E+01  1.12946833E+00  1.00871807E+00  1.12946833E+00
   246  4.92000000E+01  1.12946823E+00  1.00920752E+00  1.12946823E+00
   247  4.94000000E+01  1.12946812E+00  1.00971907E+00  1.12946812E+00
   248  4.96000000E+01  1.12946801E+00  1.01025345E+00  1.12946801E+00
   249  4.98000000E+01  1.12946789E+00  1.01081140E+00  1.12946789E+00
   250  5.00000000E+01  1.12946776E+00  1.01139369E+00  1.12946776E+00
   251  5.02000000E+01  1.12946763E+00  1.01200106E+00  1.12946763E+00
   252  5.04000000E+01  1.12946750E+00  1.01263428E+00  1.12946750E+00
   253  5.06000000E+01  1.12946736E+00  1.01329412E+00  1.12946736E+00
   254  5.08000000E+01  1.12946723E+00  1.01398133E+00  1.12946723E+00
   255  5.10000000E+01  1.12946710E+00  1.01469668E+00  1.12946710E+00
   256  5.12000000E+01  1.12946696E+00  1.01544092E+00  1.12946696E+00
   257  5.14000000E+01  1.12946683E+00  1.01621480E+00  1.12946683E+00
   258  5.16000000E+01  1.12946670E+00  1.01701905E+00  1.12946670E+00
   259  5.18000000E+01  1.12946658E+00  1.01785441E+00  1.12946658E+00
   260  5.20000000E+01  1.12946645E+00  1.01872158E+00  1.12946645E+00
   261  5.22000000E+01  1.12946633E+00  1.01962125E+00  1.12946633E+00
   262  5.24000000E+01  1.12946622E+00  1.02055408E+00  1.12946622E+00
   263  5.26000000E+01  1.12946610E+00  1.02152072E+00  1.12946610E+00
   264  5.28000000E+01  1.12946599E+00  1.02252178E+00  1.12946599E+00
   265  5.30000000E+01  1.12946589E+00  1.02355782E+00  1.12946589E+00
   266  5.32000000E+01  1.12946579E+00  1.02462938E+00  1.12946579E+00
   267  5.34000000E+01  1.12946569E+00  1.02573696E+00  1.12946569E+00
   268  5.36000000E+01  1.12946559E+00  1.02688101E+00  1.12946559E+00
   269  5.38000000E+01  1.12946550E+00  1.02806191E+00  1.12946550E+00
   270  5.40000000E+01  1.12946542E+00  1.02928000E+00  1.12946542E+00
   271  5.42000000E+01  1.12946533E+00  1.03053557E+00  1.12946533E+00
   272  5.44000000E+01  1.12946525E+00  1.03182881E+00  1.12946525E+00
   273  5.46000000E+01  1.12946518E+00  1.03315987E+00  1.12946518E+00
   274  5.48000000E+01  1.12946511E+00  1.03452881E+00  1.12946511E+00
   275  5.50000000E+01  1.12946504E+00  1.03593560E+00  1.12946504E+00
   276  5.52000000E+01  1.12946497E+00  1.03738015E+00  1.12946497E+00
   277  5.54000000E+01  1.12946491E+00  1.03886224E+00  1.12946491E+00
   278  5.56000000E+01  1.12946485E+00  1.04038158E+00  1.12946485E+00
   279  5.58000000E+01  1.12946480E+00  1.04193777E+00  1.12946480E+00
   280  5.60000000E+01  1.12946475E+00  1.04353031E+00  1.12946475E+00
   281  5.62000000E+01  1.12946470E+00  1.04515857E+00  1.12946470E+00
   282  5.64000000E+01  1.12946465E+00  1.04682183E+00  1.12946465E+00
   283  5.66000000E+01  1.12946460E+00  1.04851921E+00  1.12946460E+00
   284  5.68000000E+01  1.12946456E+00  1.05024976E+00  1.12946456E+00
   285  5.70000000E+01  1.12946452E+00  1.05201235E+00  1.12946452E+00
   286  5.72000000E+01  1.12946449E+00  1.05380577E+00  1.12946449E+00
   287  5.74000000E+01  1.12946445E+00  1.05562863E+00  1.12946445E+00
   288  5.76000000E+01  1.12946442E+00  1.05747945E+00  1.12946442E+00
   289  5.78000000E+01  1.12946439E+00  1.05935660E+00  1.12946439E+00
   290  5.80000000E+01  1.12946436E+00  1.06125829E+00  1.12946436E+00
   291  5.82000000E+01  1.12946433E+00  1.06318264E+00  1.12946433E+00
   292  5.84000000E+01  1.12946431E+00  1.06512761E+00  1.12946431E+00
   293  5.86000000E+01  1.12946429E+00  1.06709103E+00  1.12946429E+00
   294  5.88000000E+01  1.12946426E+00  1.06907061E+00  1.12946426E+00
   295  5.90000000E+01  1.12946424E+00  1.07106393E+00  1.12946424E+00
   296  5.92000000E+01  1.12946422E+00  1.07306845E+00  1.12946422E+00
   297  5.94000000E+01  1.12946421E+00  1.07508151E+00  1.12946421E+00
   298  5.96000000E+01  1.12946419E+00  1.07710033E+00  1.12946419E+00
   299  5.98000000E+01  1.12946417E+00  1.07912204E+00  1.12946417E+00
   300  6.00000000E+01  1.12946416E+00  1.08114365E+00  1.12946416E+00
   301  6.02000000E+01  1.12946415E+00  1.08316209E+00  1.12946415E+00
   302  6.04000000E+01  1.12946413E+00  1.08517422E+00  1.12946413E+00
   303  6.06000000E+01  1.12946412E+00  1.08717678E+00  1.12946412E+00
   304  6.08000000E+01  1.12946411E+00  1.08916649E+00  1.12946411E+00
   305  6.10000000E+01  1.12946410E+00  1.09113999E+00  1.12946410E+00
   306  6.12000000E+01  1.12946409E+00  1.09309389E+00  1.12946409E+00
   307  6.14000000E+01  1.12946408E+00  1.09502473E+00  1.12946408E+00
   308  6.16000000E+01  1.12946407E+00  1.09692908E+00  1.12946407E+00
   309  6.18000000E+01  1.12946407E+00  1.09880347E+00  1.12946407E+00
   310  6.20000000E+01  1.12946406E+00  1.10064444E+00  1.12946406E+00
   311  6.22000000E+01  1.12946405E+00  1.10244857E+00  1.12946405E+00
   312  6.24000000E+01  1.12946405E+00  1.10421246E+00  1.12946405E+00
   313  6.26000000E+01  1.12946404E+00  1.10593276E+00  1.12946404E+00
   314  6.28000000E+01  1.12946404E+00  1.10760622E+00  1.12946404E+00
   315  6.30000000E+01  1.12946403E+00  1.10922965E+00  1.12946403E+00
   316  6.32000000E+01  1.12946403E+00  1.11080000E+00  1.12946403E+00
   317  6.34000000E+01  1.12946402E+00  1.11231433E+00  1.12946402E+00
   318  6.36000000E+01  1.12946402E+00  1.11376985E+00  1.12946402E+00
   319  6.38000000E+01  1.12946402E+00  1.11516398E+00  1.12946402E+00
   320  6.40000000E+01  1.12946401E+00  1.11649431E+00  1.12946401E+00
   321  6.42000000E+01  1.12946401E+00  1.11775868E+00  1.12946401E+00
   322  6.44000000E+01  1.12946401E+00  1.11895519E+00  1.12946401E+00
   323  6.46000000E+01  1.12946401E+00  1.12008222E+00  1.12946401E+00
   324  6.48000000E+01  1.12946400E+00  1.12113848E+00  1.12946400E+00
   325  6.50000000E+01  1.12946400E+00  1.12212305E+00  1.12946400E+00
   326  6.52000000E+01  1.12946400E+00  1.12303540E+00  1.12946400E+00
   327  6.54000000E+01  1.12946400E+00  1.12387541E+00  1.12946400E+00
   328  6.56000000E+01  1.12946400E+00  1.12464343E+00  1.12946400E+00
   329  6.58000000E+01  1.12946399E+00  1.12534030E+00  1.12946399E+00
   330  6.60000000E+01  1.12946399E+00  1.12596733E+00  1.12946399E+00
   331  6.62000000E+01  1.12946399E+00  1.12652638E+00  1.12946399E+00
   332  6.64000000E+01  1.12946399E+00  1.12701977E+00  1.12946399E+00
   333  6.66000000E+01  1.12946399E+00  1.12745037E+00  1.12946399E+00
   334  6.68000000E+01  1.12946399E+00  1.12782147E+00  1.12946399E+00
   335  6.70000000E+01  1.12946399E+00  1.12813682E+00  1.12946399E+00
   336  6.72000000E+01  1.12946399E+00  1.12840053E+00  1.12946399E+00
   337  6.74000000E+01  1.12946399E+00  1.12861703E+00  1.12946399E+00
   338  6.76000000E+01  1.12946399E+00  1.12879094E+00  1.12946399E+00
   339  6.78000000E+01  1.12946398E+00  1.12892707E+00  1.12946398E+00
   340  6.80000000E+01  1.12946398E+00  1.12903025E+00  1.12946398E+00
 steady-height stop at step    340: truncated to 3 decimals, truncated max/end/ratio =       1129      1129      1129, max/end/ratio =   1.12946398E+00  1.12903025E+00  1.12946398E+00
