 comppar: model =   2
 comppar: lambda,mobility/eps,betav,eta_0 =  3.0000E-01  0.0000E+00  7.0000E-02  1.0000E+00
 comppar: eta_s,eta_p,G =  7.0000E-02  9.3000E-01  3.1000E+00
 comppar: U_avg,deltat,flowrate,nsteps =  1.0000E-01  2.0000E-01  3.1416E-01    2000
 comppar: geometry = axisymmetric
 comppar: steady stop change,gap,hold,min =  1.0000E-07  1.0000E-03       1      80
 comppar: steady stop truncated decimals =       3
 comppar: ncompc,ncompg =     4     5
 mesh nnodes = 5797
 mesh nelem = 2796
 P1 BC   5.0000000000000000     
 P2 BC   0.0000000000000000     
     1  2.00000000E-01  1.00252778E+00  1.00000000E+00  1.00252778E+00
     2  4.00000000E-01  1.00498619E+00  1.00000000E+00  1.00498619E+00
     3  6.00000000E-01  1.00736039E+00  1.00000000E+00  1.00736039E+00
     4  8.00000000E-01  1.00969856E+00  1.00000000E+00  1.00969856E+00
     5  1.00000000E+00  1.01200667E+00  1.00000000E+00  1.01200667E+00
     6  1.20000000E+00  1.01428250E+00  1.00000000E+00  1.01428250E+00
     7  1.40000000E+00  1.01653710E+00  1.00000000E+00  1.01653710E+00
     8  1.60000000E+00  1.01875529E+00  1.00000000E+00  1.01875529E+00
     9  1.80000000E+00  1.02095003E+00  1.00000000E+00  1.02095003E+00
    10  2.00000000E+00  1.02311298E+00  1.00000000E+00  1.02311298E+00
    11  2.20000000E+00  1.02524775E+00  1.00000000E+00  1.02524775E+00
    12  2.40000000E+00  1.02734969E+00  1.00000001E+00  1.02734969E+00
    13  2.60000000E+00  1.02943075E+00  1.00000001E+00  1.02943075E+00
    14  2.80000000E+00  1.03147187E+00  1.00000001E+00  1.03147187E+00
    15  3.00000000E+00  1.03350075E+00  1.00000001E+00  1.03350075E+00
    16  3.20000000E+00  1.03547336E+00  1.00000001E+00  1.03547336E+00
    17  3.40000000E+00  1.03745197E+00  1.00000000E+00  1.03745197E+00
    18  3.60000000E+00  1.03938072E+00  1.00000000E+00  1.03938072E+00
    19  3.80000000E+00  1.04128697E+00  1.00000000E+00  1.04128697E+00
    20  4.00000000E+00  1.04317348E+00  1.00000000E+00  1.04317348E+00
    21  4.20000000E+00  1.04499876E+00  1.00000000E+00  1.04499876E+00
    22  4.40000000E+00  1.04684265E+00  9.99999998E-01  1.04684265E+00
    23  4.60000000E+00  1.04863766E+00  9.99999996E-01  1.04863766E+00
    24  4.80000000E+00  1.05038680E+00  9.99999992E-01  1.05038680E+00
    25  5.00000000E+00  1.05215283E+00  9.99999989E-01  1.05215283E+00
    26  5.20000000E+00  1.05385480E+00  9.99999984E-01  1.05385480E+00
    27  5.40000000E+00  1.05551765E+00  9.99999979E-01  1.05551765E+00
    28  5.60000000E+00  1.05720530E+00  9.99999974E-01  1.05720530E+00
    29  5.80000000E+00  1.05882661E+00  9.99999967E-01  1.05882661E+00
    30  6.00000000E+00  1.06041439E+00  9.99999959E-01  1.06041439E+00
    31  6.20000000E+00  1.06202327E+00  9.99999951E-01  1.06202327E+00
    32  6.40000000E+00  1.06356354E+00  9.99999942E-01  1.06356354E+00
    33  6.60000000E+00  1.06504543E+00  9.99999931E-01  1.06504543E+00
    34  6.80000000E+00  1.06659124E+00  9.99999919E-01  1.06659124E+00
    35  7.00000000E+00  1.06806717E+00  9.99999906E-01  1.06806717E+00
    36  7.20000000E+00  1.06947022E+00  9.99999891E-01  1.06947022E+00
    37  7.40000000E+00  1.07092792E+00  9.99999875E-01  1.07092792E+00
    38  7.60000000E+00  1.07233956E+00  9.99999857E-01  1.07233956E+00
    39  7.80000000E+00  1.07367710E+00  9.99999838E-01  1.07367710E+00
    40  8.00000000E+00  1.07499443E+00  9.99999816E-01  1.07499443E+00
    41  8.20000000E+00  1.07636213E+00  9.99999793E-01  1.07636213E+00
    42  8.40000000E+00  1.07765545E+00  9.99999767E-01  1.07765545E+00
    43  8.60000000E+00  1.07887190E+00  9.99999739E-01  1.07887190E+00
    44  8.80000000E+00  1.08015135E+00  9.99999709E-01  1.08015135E+00
    45  9.00000000E+00  1.08140050E+00  9.99999676E-01  1.08140050E+00
    46  9.20000000E+00  1.08257244E+00  9.99999641E-01  1.08257244E+00
    47  9.40000000E+00  1.08366510E+00  9.99999602E-01  1.08366510E+00
    48  9.60000000E+00  1.08487768E+00  9.99999561E-01  1.08487768E+00
    49  9.80000000E+00  1.08603032E+00  9.99999516E-01  1.08603032E+00
    50  1.00000000E+01  1.08710419E+00  9.99999467E-01  1.08710419E+00
    51  1.02000000E+01  1.08810937E+00  9.99999415E-01  1.08810937E+00
    52  1.04000000E+01  1.08924245E+00  9.99999359E-01  1.08924245E+00
    53  1.06000000E+01  1.09029709E+00  9.99999299E-01  1.09029709E+00
    54  1.08000000E+01  1.09127169E+00  9.99999235E-01  1.09127169E+00
    55  1.10000000E+01  1.09216507E+00  9.99999166E-01  1.09216507E+00
    56  1.12000000E+01  1.09320595E+00  9.99999092E-01  1.09320595E+00
    57  1.14000000E+01  1.09418512E+00  9.99999012E-01  1.09418512E+00
    58  1.16000000E+01  1.09508389E+00  9.99998928E-01  1.09508389E+00
    59  1.18000000E+01  1.09590158E+00  9.99998838E-01  1.09590158E+00
    60  1.20000000E+01  1.09683696E+00  9.99998741E-01  1.09683696E+00
    61  1.22000000E+01  1.09773991E+00  9.99998638E-01  1.09773991E+00
    62  1.24000000E+01  1.09856222E+00  9.99998529E-01  1.09856222E+00
    63  1.26000000E+01  1.09930376E+00  9.99998413E-01  1.09930376E+00
    64  1.28000000E+01  1.10012042E+00  9.99998289E-01  1.10012042E+00
    65  1.30000000E+01  1.10095005E+00  9.99998157E-01  1.10095005E+00
    66  1.32000000E+01  1.10169953E+00  9.99998018E-01  1.10169953E+00
    67  1.34000000E+01  1.10236949E+00  9.99997869E-01  1.10236949E+00
    68  1.36000000E+01  1.10310513E+00  9.99997712E-01  1.10310513E+00
    69  1.38000000E+01  1.10386089E+00  9.99997545E-01  1.10386089E+00
    70  1.40000000E+01  1.10453715E+00  9.99997369E-01  1.10453715E+00
    71  1.42000000E+01  1.10513526E+00  9.99997182E-01  1.10513526E+00
    72  1.44000000E+01  1.10578522E+00  9.99996984E-01  1.10578522E+00
    73  1.46000000E+01  1.10646940E+00  9.99996775E-01  1.10646940E+00
    74  1.48000000E+01  1.10707589E+00  9.99996554E-01  1.10707589E+00
    75  1.50000000E+01  1.10760699E+00  9.99996321E-01  1.10760699E+00
    76  1.52000000E+01  1.10820084E+00  9.99996074E-01  1.10820084E+00
    77  1.54000000E+01  1.10881312E+00  9.99995814E-01  1.10881312E+00
    78  1.56000000E+01  1.10934968E+00  9.99995540E-01  1.10934968E+00
    79  1.58000000E+01  1.10981376E+00  9.99995251E-01  1.10981376E+00
    80  1.60000000E+01  1.11035178E+00  9.99994947E-01  1.11035178E+00
    81  1.62000000E+01  1.11089669E+00  9.99994626E-01  1.11089669E+00
    82  1.64000000E+01  1.11136927E+00  9.99994289E-01  1.11136927E+00
    83  1.66000000E+01  1.11177359E+00  9.99993934E-01  1.11177359E+00
    84  1.68000000E+01  1.11227140E+00  9.99993561E-01  1.11227140E+00
    85  1.70000000E+01  1.11274895E+00  9.99993169E-01  1.11274895E+00
    86  1.72000000E+01  1.11315772E+00  9.99992757E-01  1.11315772E+00
    87  1.74000000E+01  1.11350266E+00  9.99992324E-01  1.11350266E+00
    88  1.76000000E+01  1.11396899E+00  9.99991871E-01  1.11396899E+00
    89  1.78000000E+01  1.11438605E+00  9.99991395E-01  1.11438605E+00
    90  1.80000000E+01  1.11473895E+00  9.99990896E-01  1.11473895E+00
    91  1.82000000E+01  1.11504242E+00  9.99990373E-01  1.11504242E+00
    92  1.84000000E+01  1.11546407E+00  9.99989825E-01  1.11546407E+00
    93  1.86000000E+01  1.11582100E+00  9.99989252E-01  1.11582100E+00
    94  1.88000000E+01  1.11611866E+00  9.99988651E-01  1.11611866E+00
    95  1.90000000E+01  1.11641345E+00  9.99988023E-01  1.11641345E+00
    96  1.92000000E+01  1.11677839E+00  9.99987367E-01  1.11677839E+00
    97  1.94000000E+01  1.11708350E+00  9.99986681E-01  1.11708350E+00
    98  1.96000000E+01  1.11733458E+00  9.99985964E-01  1.11733458E+00
    99  1.98000000E+01  1.11760917E+00  9.99985215E-01  1.11760917E+00
   100  2.00000000E+01  1.11791799E+00  9.99984434E-01  1.11791799E+00
   101  2.02000000E+01  1.11817224E+00  9.99983619E-01  1.11817224E+00
   102  2.04000000E+01  1.11837810E+00  9.99982769E-01  1.11837810E+00
   103  2.06000000E+01  1.11865581E+00  9.99981883E-01  1.11865581E+00
   104  2.08000000E+01  1.11891694E+00  9.99980960E-01  1.11891694E+00
   105  2.10000000E+01  1.11912872E+00  9.99979999E-01  1.11912872E+00
   106  2.12000000E+01  1.11929734E+00  9.99978998E-01  1.11929734E+00
   107  2.14000000E+01  1.11955108E+00  9.99977957E-01  1.11955108E+00
   108  2.16000000E+01  1.11976579E+00  9.99976875E-01  1.11976579E+00
   109  2.18000000E+01  1.11993688E+00  9.99975750E-01  1.11993688E+00
   110  2.20000000E+01  1.12011268E+00  9.99974581E-01  1.12011268E+00
   111  2.22000000E+01  1.12033364E+00  9.99973367E-01  1.12033364E+00
   112  2.24000000E+01  1.12050993E+00  9.99972107E-01  1.12050993E+00
   113  2.26000000E+01  1.12064766E+00  9.99970800E-01  1.12064766E+00
   114  2.28000000E+01  1.12080793E+00  9.99969445E-01  1.12080793E+00
   115  2.30000000E+01  1.12098692E+00  9.99968041E-01  1.12098692E+00
   116  2.32000000E+01  1.12112694E+00  9.99966587E-01  1.12112694E+00
   117  2.34000000E+01  1.12123401E+00  9.99965082E-01  1.12123401E+00
   118  2.36000000E+01  1.12141449E+00  9.99963524E-01  1.12141449E+00
   119  2.38000000E+01  1.12155897E+00  9.99961914E-01  1.12155897E+00
   120  2.40000000E+01  1.12166936E+00  9.99960250E-01  1.12166936E+00
   121  2.42000000E+01  1.12176272E+00  9.99958531E-01  1.12176272E+00
   122  2.44000000E+01  1.12190970E+00  9.99956757E-01  1.12190970E+00
   123  2.46000000E+01  1.12202218E+00  9.99954926E-01  1.12202218E+00
   124  2.48000000E+01  1.12210597E+00  9.99953040E-01  1.12210597E+00
   125  2.50000000E+01  1.12222762E+00  9.99951096E-01  1.12222762E+00
   126  2.52000000E+01  1.12234384E+00  9.99949095E-01  1.12234384E+00
   127  2.54000000E+01  1.12243024E+00  9.99947036E-01  1.12243024E+00
   128  2.56000000E+01  1.12249224E+00  9.99944920E-01  1.12249224E+00
   129  2.58000000E+01  1.12259658E+00  9.99942745E-01  1.12259658E+00
   130  2.60000000E+01  1.12268490E+00  9.99940514E-01  1.12268490E+00
   131  2.62000000E+01  1.12274853E+00  9.99938224E-01  1.12274853E+00
   132  2.64000000E+01  1.12282991E+00  9.99935878E-01  1.12282991E+00
   133  2.66000000E+01  1.12292125E+00  9.99933476E-01  1.12292125E+00
   134  2.68000000E+01  1.12298682E+00  9.99931018E-01  1.12298682E+00
   135  2.70000000E+01  1.12303174E+00  9.99928506E-01  1.12303174E+00
   136  2.72000000E+01  1.12309904E+00  9.99925942E-01  1.12309904E+00
   137  2.74000000E+01  1.12316636E+00  9.99923326E-01  1.12316636E+00
   138  2.76000000E+01  1.12321276E+00  9.99920660E-01  1.12321276E+00
   139  2.78000000E+01  1.12326805E+00  9.99917948E-01  1.12326805E+00
   140  2.80000000E+01  1.12333770E+00  9.99915190E-01  1.12333770E+00
   141  2.82000000E+01  1.12338542E+00  9.99912391E-01  1.12338542E+00
   142  2.84000000E+01  1.12341596E+00  9.99909553E-01  1.12341596E+00
   143  2.86000000E+01  1.12345889E+00  9.99906680E-01  1.12345889E+00
   144  2.88000000E+01  1.12350818E+00  9.99903776E-01  1.12350818E+00
   145  2.90000000E+01  1.12354005E+00  9.99900845E-01  1.12354005E+00
   146  2.92000000E+01  1.12357970E+00  9.99897893E-01  1.12357970E+00
   147  2.94000000E+01  1.12363067E+00  9.99894924E-01  1.12363067E+00
   148  2.96000000E+01  1.12366329E+00  9.99891945E-01  1.12366329E+00
   149  2.98000000E+01  1.12368194E+00  9.99888963E-01  1.12368194E+00
   150  3.00000000E+01  1.12370994E+00  9.99885984E-01  1.12370994E+00
   151  3.02000000E+01  1.12374396E+00  9.99883018E-01  1.12374396E+00
   152  3.04000000E+01  1.12376379E+00  9.99880071E-01  1.12376379E+00
   153  3.06000000E+01  1.12379512E+00  9.99877154E-01  1.12379512E+00
   154  3.08000000E+01  1.12383020E+00  9.99874277E-01  1.12383020E+00
   155  3.10000000E+01  1.12385025E+00  9.99871451E-01  1.12385025E+00
   156  3.12000000E+01  1.12385928E+00  9.99868688E-01  1.12385928E+00
   157  3.14000000E+01  1.12387898E+00  9.99866001E-01  1.12387898E+00
   158  3.16000000E+01  1.12390027E+00  9.99863404E-01  1.12390027E+00
   159  3.18000000E+01  1.12391033E+00  9.99860911E-01  1.12391033E+00
   160  3.20000000E+01  1.12393830E+00  9.99858539E-01  1.12393830E+00
   161  3.22000000E+01  1.12396009E+00  9.99856305E-01  1.12396009E+00
   162  3.24000000E+01  1.12396990E+00  9.99854227E-01  1.12396990E+00
   163  3.26000000E+01  1.12397135E+00  9.99852326E-01  1.12397135E+00
   164  3.28000000E+01  1.12398717E+00  9.99850623E-01  1.12398717E+00
   165  3.30000000E+01  1.12399806E+00  9.99849140E-01  1.12399806E+00
   166  3.32000000E+01  1.12400416E+00  9.99847902E-01  1.12400416E+00
   167  3.34000000E+01  1.12402804E+00  9.99846934E-01  1.12402804E+00
   168  3.36000000E+01  1.12403892E+00  9.99846265E-01  1.12403892E+00
   169  3.38000000E+01  1.12404060E+00  9.99845925E-01  1.12404060E+00
   170  3.40000000E+01  1.12403899E+00  9.99845944E-01  1.12403899E+00
   171  3.42000000E+01  1.12405099E+00  9.99846356E-01  1.12405099E+00
   172  3.44000000E+01  1.12405360E+00  9.99847197E-01  1.12405360E+00
   173  3.46000000E+01  1.12406668E+00  9.99848505E-01  1.12406668E+00
   174  3.48000000E+01  1.12407893E+00  9.99850320E-01  1.12407893E+00
   175  3.50000000E+01  1.12408107E+00  9.99852685E-01  1.12408107E+00
   176  3.52000000E+01  1.12407652E+00  9.99855644E-01  1.12407652E+00
   177  3.54000000E+01  1.12407999E+00  9.99859247E-01  1.12407999E+00
   178  3.56000000E+01  1.12408309E+00  9.99863544E-01  1.12408309E+00
   179  3.58000000E+01  1.12408537E+00  9.99868589E-01  1.12408537E+00
   180  3.60000000E+01  1.12409931E+00  9.99874438E-01  1.12409931E+00
   181  3.62000000E+01  1.12410216E+00  9.99881153E-01  1.12410216E+00
   182  3.64000000E+01  1.12409754E+00  9.99888796E-01  1.12409754E+00
   183  3.66000000E+01  1.12409310E+00  9.99897435E-01  1.12409310E+00
   184  3.68000000E+01  1.12409696E+00  9.99907141E-01  1.12409696E+00
   185  3.70000000E+01  1.12409316E+00  9.99917989E-01  1.12409316E+00
   186  3.72000000E+01  1.12410688E+00  9.99930058E-01  1.12410688E+00
   187  3.74000000E+01  1.12411072E+00  9.99943431E-01  1.12411072E+00
   188  3.76000000E+01  1.12410622E+00  9.99958197E-01  1.12410622E+00
   189  3.78000000E+01  1.12409825E+00  9.99974448E-01  1.12409825E+00
   190  3.80000000E+01  1.12410479E+00  9.99992282E-01  1.12410479E+00
   191  3.82000000E+01  1.12411035E+00  1.00001180E+00  1.12411035E+00
   192  3.84000000E+01  1.12411681E+00  1.00003311E+00  1.12411681E+00
   193  3.86000000E+01  1.12412339E+00  1.00005633E+00  1.12412339E+00
   194  3.88000000E+01  1.12412897E+00  1.00008157E+00  1.12412897E+00
   195  3.90000000E+01  1.12413363E+00  1.00010897E+00  1.12413363E+00
   196  3.92000000E+01  1.12413748E+00  1.00013864E+00  1.12413748E+00
   197  3.94000000E+01  1.12414099E+00  1.00017074E+00  1.12414099E+00
   198  3.96000000E+01  1.12414593E+00  1.00020540E+00  1.12414593E+00
   199  3.98000000E+01  1.12415002E+00  1.00024277E+00  1.12415002E+00
   200  4.00000000E+01  1.12415338E+00  1.00028302E+00  1.12415338E+00
   201  4.02000000E+01  1.12415615E+00  1.00032631E+00  1.12415615E+00
   202  4.04000000E+01  1.12415846E+00  1.00037282E+00  1.12415846E+00
   203  4.06000000E+01  1.12416116E+00  1.00042272E+00  1.12416116E+00
   204  4.08000000E+01  1.12416391E+00  1.00047621E+00  1.12416391E+00
   205  4.10000000E+01  1.12416621E+00  1.00053349E+00  1.12416621E+00
   206  4.12000000E+01  1.12416818E+00  1.00059477E+00  1.12416818E+00
   207  4.14000000E+01  1.12416990E+00  1.00066026E+00  1.12416990E+00
   208  4.16000000E+01  1.12417147E+00  1.00073019E+00  1.12417147E+00
   209  4.18000000E+01  1.12417294E+00  1.00080480E+00  1.12417294E+00
   210  4.20000000E+01  1.12417434E+00  1.00088434E+00  1.12417434E+00
   211  4.22000000E+01  1.12417568E+00  1.00096906E+00  1.12417568E+00
   212  4.24000000E+01  1.12417708E+00  1.00105924E+00  1.12417708E+00
   213  4.26000000E+01  1.12417842E+00  1.00115516E+00  1.12417842E+00
   214  4.28000000E+01  1.12417970E+00  1.00125710E+00  1.12417970E+00
   215  4.30000000E+01  1.12418092E+00  1.00136537E+00  1.12418092E+00
   216  4.32000000E+01  1.12418209E+00  1.00148029E+00  1.12418209E+00
   217  4.34000000E+01  1.12418319E+00  1.00160219E+00  1.12418319E+00
   218  4.36000000E+01  1.12418421E+00  1.00173140E+00  1.12418421E+00
   219  4.38000000E+01  1.12418513E+00  1.00186829E+00  1.12418513E+00
   220  4.40000000E+01  1.12418594E+00  1.00201323E+00  1.12418594E+00
   221  4.42000000E+01  1.12418665E+00  1.00216659E+00  1.12418665E+00
   222  4.44000000E+01  1.12418724E+00  1.00232877E+00  1.12418724E+00
   223  4.46000000E+01  1.12418772E+00  1.00250019E+00  1.12418772E+00
   224  4.48000000E+01  1.12418811E+00  1.00268126E+00  1.12418811E+00
   225  4.50000000E+01  1.12418841E+00  1.00287243E+00  1.12418841E+00
   226  4.52000000E+01  1.12418863E+00  1.00307416E+00  1.12418863E+00
   227  4.54000000E+01  1.12418901E+00  1.00328691E+00  1.12418901E+00
   228  4.56000000E+01  1.12418931E+00  1.00351118E+00  1.12418931E+00
   229  4.58000000E+01  1.12418954E+00  1.00374745E+00  1.12418954E+00
   230  4.60000000E+01  1.12418969E+00  1.00399626E+00  1.12418969E+00
   231  4.62000000E+01  1.12418980E+00  1.00425812E+00  1.12418980E+00
   232  4.64000000E+01  1.12418986E+00  1.00453361E+00  1.12418986E+00
   233  4.66000000E+01  1.12418989E+00  1.00482327E+00  1.12418989E+00
   234  4.68000000E+01  1.12418989E+00  1.00512768E+00  1.12418989E+00
   235  4.70000000E+01  1.12418987E+00  1.00544746E+00  1.12418987E+00
   236  4.72000000E+01  1.12418983E+00  1.00578319E+00  1.12418983E+00
   237  4.74000000E+01  1.12418977E+00  1.00613553E+00  1.12418977E+00
   238  4.76000000E+01  1.12418970E+00  1.00650509E+00  1.12418970E+00
   239  4.78000000E+01  1.12418962E+00  1.00689255E+00  1.12418962E+00
   240  4.80000000E+01  1.12418952E+00  1.00729857E+00  1.12418952E+00
   241  4.82000000E+01  1.12418941E+00  1.00772383E+00  1.12418941E+00
   242  4.84000000E+01  1.12418930E+00  1.00816903E+00  1.12418930E+00
   243  4.86000000E+01  1.12418917E+00  1.00863488E+00  1.12418917E+00
   244  4.88000000E+01  1.12418904E+00  1.00912210E+00  1.12418904E+00
   245  4.90000000E+01  1.12418890E+00  1.00963141E+00  1.12418890E+00
   246  4.92000000E+01  1.12418876E+00  1.01016356E+00  1.12418876E+00
   247  4.94000000E+01  1.12418862E+00  1.01071930E+00  1.12418862E+00
   248  4.96000000E+01  1.12418848E+00  1.01129936E+00  1.12418848E+00
   249  4.98000000E+01  1.12418833E+00  1.01190452E+00  1.12418833E+00
   250  5.00000000E+01  1.12418819E+00  1.01253553E+00  1.12418819E+00
   251  5.02000000E+01  1.12418805E+00  1.01319316E+00  1.12418805E+00
   252  5.04000000E+01  1.12418791E+00  1.01387816E+00  1.12418791E+00
   253  5.06000000E+01  1.12418777E+00  1.01459129E+00  1.12418777E+00
   254  5.08000000E+01  1.12418764E+00  1.01533331E+00  1.12418764E+00
   255  5.10000000E+01  1.12418751E+00  1.01610495E+00  1.12418751E+00
   256  5.12000000E+01  1.12418738E+00  1.01690695E+00  1.12418738E+00
   257  5.14000000E+01  1.12418726E+00  1.01774003E+00  1.12418726E+00
   258  5.16000000E+01  1.12418714E+00  1.01860487E+00  1.12418714E+00
   259  5.18000000E+01  1.12418702E+00  1.01950217E+00  1.12418702E+00
   260  5.20000000E+01  1.12418691E+00  1.02043258E+00  1.12418691E+00
   261  5.22000000E+01  1.12418681E+00  1.02139671E+00  1.12418681E+00
   262  5.24000000E+01  1.12418671E+00  1.02239517E+00  1.12418671E+00
   263  5.26000000E+01  1.12418661E+00  1.02342851E+00  1.12418661E+00
   264  5.28000000E+01  1.12418651E+00  1.02449724E+00  1.12418651E+00
   265  5.30000000E+01  1.12418642E+00  1.02560184E+00  1.12418642E+00
   266  5.32000000E+01  1.12418634E+00  1.02674273E+00  1.12418634E+00
   267  5.34000000E+01  1.12418626E+00  1.02792028E+00  1.12418626E+00
   268  5.36000000E+01  1.12418618E+00  1.02913479E+00  1.12418618E+00
   269  5.38000000E+01  1.12418611E+00  1.03038650E+00  1.12418611E+00
   270  5.40000000E+01  1.12418604E+00  1.03167559E+00  1.12418604E+00
   271  5.42000000E+01  1.12418597E+00  1.03300216E+00  1.12418597E+00
   272  5.44000000E+01  1.12418591E+00  1.03436623E+00  1.12418591E+00
   273  5.46000000E+01  1.12418585E+00  1.03576772E+00  1.12418585E+00
   274  5.48000000E+01  1.12418579E+00  1.03720648E+00  1.12418579E+00
   275  5.50000000E+01  1.12418574E+00  1.03868226E+00  1.12418574E+00
   276  5.52000000E+01  1.12418569E+00  1.04019469E+00  1.12418569E+00
   277  5.54000000E+01  1.12418564E+00  1.04174332E+00  1.12418564E+00
   278  5.56000000E+01  1.12418560E+00  1.04332757E+00  1.12418560E+00
   279  5.58000000E+01  1.12418556E+00  1.04494674E+00  1.12418556E+00
   280  5.60000000E+01  1.12418552E+00  1.04660004E+00  1.12418552E+00
   281  5.62000000E+01  1.12418548E+00  1.04828651E+00  1.12418548E+00
   282  5.64000000E+01  1.12418544E+00  1.05000511E+00  1.12418544E+00
   283  5.66000000E+01  1.12418541E+00  1.05175463E+00  1.12418541E+00
   284  5.68000000E+01  1.12418538E+00  1.05353375E+00  1.12418538E+00
   285  5.70000000E+01  1.12418535E+00  1.05534101E+00  1.12418535E+00
   286  5.72000000E+01  1.12418533E+00  1.05717481E+00  1.12418533E+00
   287  5.74000000E+01  1.12418530E+00  1.05903341E+00  1.12418530E+00
   288  5.76000000E+01  1.12418528E+00  1.06091494E+00  1.12418528E+00
   289  5.78000000E+01  1.12418526E+00  1.06281740E+00  1.12418526E+00
   290  5.80000000E+01  1.12418524E+00  1.06473863E+00  1.12418524E+00
   291  5.82000000E+01  1.12418522E+00  1.06667636E+00  1.12418522E+00
   292  5.84000000E+01  1.12418520E+00  1.06862817E+00  1.12418520E+00
   293  5.86000000E+01  1.12418518E+00  1.07059153E+00  1.12418518E+00
   294  5.88000000E+01  1.12418517E+00  1.07256377E+00  1.12418517E+00
   295  5.90000000E+01  1.12418515E+00  1.07454211E+00  1.12418515E+00
   296  5.92000000E+01  1.12418514E+00  1.07652365E+00  1.12418514E+00
   297  5.94000000E+01  1.12418513E+00  1.07850539E+00  1.12418513E+00
   298  5.96000000E+01  1.12418512E+00  1.08048421E+00  1.12418512E+00
   299  5.98000000E+01  1.12418511E+00  1.08245693E+00  1.12418511E+00
   300  6.00000000E+01  1.12418510E+00  1.08442024E+00  1.12418510E+00
   301  6.02000000E+01  1.12418509E+00  1.08637081E+00  1.12418509E+00
   302  6.04000000E+01  1.12418508E+00  1.08830521E+00  1.12418508E+00
   303  6.06000000E+01  1.12418507E+00  1.09021995E+00  1.12418507E+00
   304  6.08000000E+01  1.12418506E+00  1.09211153E+00  1.12418506E+00
   305  6.10000000E+01  1.12418506E+00  1.09397640E+00  1.12418506E+00
   306  6.12000000E+01  1.12418505E+00  1.09581100E+00  1.12418505E+00
   307  6.14000000E+01  1.12418505E+00  1.09761177E+00  1.12418505E+00
   308  6.16000000E+01  1.12418504E+00  1.09937516E+00  1.12418504E+00
   309  6.18000000E+01  1.12418503E+00  1.10109768E+00  1.12418503E+00
   310  6.20000000E+01  1.12418503E+00  1.10277585E+00  1.12418503E+00
   311  6.22000000E+01  1.12418503E+00  1.10440629E+00  1.12418503E+00
   312  6.24000000E+01  1.12418502E+00  1.10598569E+00  1.12418502E+00
   313  6.26000000E+01  1.12418502E+00  1.10751086E+00  1.12418502E+00
   314  6.28000000E+01  1.12418502E+00  1.10897874E+00  1.12418502E+00
   315  6.30000000E+01  1.12418501E+00  1.11038643E+00  1.12418501E+00
   316  6.32000000E+01  1.12418915E+00  1.11173119E+00  1.12418915E+00
   317  6.34000000E+01  1.12418671E+00  1.11301052E+00  1.12418671E+00
   318  6.36000000E+01  1.12418501E+00  1.11422215E+00  1.12418501E+00
   319  6.38000000E+01  1.12418500E+00  1.11536406E+00  1.12418500E+00
   320  6.40000000E+01  1.12418500E+00  1.11643457E+00  1.12418500E+00
   321  6.42000000E+01  1.12418500E+00  1.11743233E+00  1.12418500E+00
   322  6.44000000E+01  1.12419790E+00  1.11835635E+00  1.12419790E+00
   323  6.46000000E+01  1.12419915E+00  1.11920611E+00  1.12419915E+00
   324  6.48000000E+01  1.12418499E+00  1.11998150E+00  1.12418499E+00
   325  6.50000000E+01  1.12419138E+00  1.12068294E+00  1.12419138E+00
   326  6.52000000E+01  1.12419432E+00  1.12131136E+00  1.12419432E+00
   327  6.54000000E+01  1.12418499E+00  1.12186824E+00  1.12418499E+00
   328  6.56000000E+01  1.12420577E+00  1.12235564E+00  1.12420577E+00
   329  6.58000000E+01  1.12421108E+00  1.12277618E+00  1.12421108E+00
   330  6.60000000E+01  1.12419861E+00  1.12313302E+00  1.12419861E+00
   331  6.62000000E+01  1.12419901E+00  1.12342989E+00  1.12419901E+00
   332  6.64000000E+01  1.12420617E+00  1.12367096E+00  1.12420617E+00
   333  6.66000000E+01  1.12419513E+00  1.12386086E+00  1.12419513E+00
   334  6.68000000E+01  1.12421300E+00  1.12400455E+00  1.12421300E+00
 steady-height stop at step    334: truncated to 3 decimals, truncated max/end/ratio =       1124      1124      1124, max/end/ratio =   1.12421300E+00  1.12400455E+00  1.12421300E+00
