 comppar: model =   2
 comppar: lambda,mobility/eps,betav,eta_0 =  5.0000E-01  0.0000E+00  8.0000E-01  1.0000E+00
 comppar: eta_s,eta_p,G =  8.0000E-01  2.0000E-01  4.0000E-01
 comppar: U_avg,deltat,flowrate,nsteps =  1.0000E-01  2.0000E-01  3.1416E-01    2000
 comppar: geometry = axisymmetric
 comppar: steady stop change,gap,hold,min =  1.0000E-07  1.0000E-03       1      80
 comppar: steady stop truncated decimals =       3
 comppar: ncompc,ncompg =     4     5
 mesh nnodes = 5797
 mesh nelem = 2796
 P1 BC   5.0000000000000000     
 P2 BC   0.0000000000000000     
     1  2.00000000E-01  1.00253192E+00  1.00000000E+00  1.00253192E+00
     2  4.00000000E-01  1.00502656E+00  1.00000000E+00  1.00502656E+00
     3  6.00000000E-01  1.00748094E+00  1.00000000E+00  1.00748094E+00
     4  8.00000000E-01  1.00989574E+00  1.00000000E+00  1.00989574E+00
     5  1.00000000E+00  1.01227695E+00  1.00000000E+00  1.01227695E+00
     6  1.20000000E+00  1.01462101E+00  1.00000000E+00  1.01462101E+00
     7  1.40000000E+00  1.01692582E+00  1.00000000E+00  1.01692582E+00
     8  1.60000000E+00  1.01920817E+00  1.00000000E+00  1.01920817E+00
     9  1.80000000E+00  1.02144658E+00  1.00000000E+00  1.02144658E+00
    10  2.00000000E+00  1.02366463E+00  1.00000000E+00  1.02366463E+00
    11  2.20000000E+00  1.02584366E+00  1.00000000E+00  1.02584366E+00
    12  2.40000000E+00  1.02799869E+00  1.00000000E+00  1.02799869E+00
    13  2.60000000E+00  1.03011347E+00  1.00000000E+00  1.03011347E+00
    14  2.80000000E+00  1.03221302E+00  1.00000000E+00  1.03221302E+00
    15  3.00000000E+00  1.03426457E+00  1.00000000E+00  1.03426457E+00
    16  3.20000000E+00  1.03631053E+00  1.00000000E+00  1.03631053E+00
    17  3.40000000E+00  1.03829816E+00  1.00000000E+00  1.03829816E+00
    18  3.60000000E+00  1.04028591E+00  1.00000000E+00  1.04028591E+00
    19  3.80000000E+00  1.04222921E+00  1.00000000E+00  1.04222921E+00
    20  4.00000000E+00  1.04414288E+00  1.00000000E+00  1.04414288E+00
    21  4.20000000E+00  1.04604365E+00  1.00000000E+00  1.04604365E+00
    22  4.40000000E+00  1.04788183E+00  9.99999998E-01  1.04788183E+00
    23  4.60000000E+00  1.04973103E+00  9.99999995E-01  1.04973103E+00
    24  4.80000000E+00  1.05153931E+00  9.99999992E-01  1.05153931E+00
    25  5.00000000E+00  1.05329286E+00  9.99999988E-01  1.05329286E+00
    26  5.20000000E+00  1.05507261E+00  9.99999984E-01  1.05507261E+00
    27  5.40000000E+00  1.05678748E+00  9.99999979E-01  1.05678748E+00
    28  5.60000000E+00  1.05845493E+00  9.99999974E-01  1.05845493E+00
    29  5.80000000E+00  1.06015638E+00  9.99999967E-01  1.06015638E+00
    30  6.00000000E+00  1.06179100E+00  9.99999960E-01  1.06179100E+00
    31  6.20000000E+00  1.06338051E+00  9.99999951E-01  1.06338051E+00
    32  6.40000000E+00  1.06500359E+00  9.99999942E-01  1.06500359E+00
    33  6.60000000E+00  1.06655790E+00  9.99999931E-01  1.06655790E+00
    34  6.80000000E+00  1.06804051E+00  9.99999920E-01  1.06804051E+00
    35  7.00000000E+00  1.06959768E+00  9.99999907E-01  1.06959768E+00
    36  7.20000000E+00  1.07108881E+00  9.99999892E-01  1.07108881E+00
    37  7.40000000E+00  1.07250738E+00  9.99999876E-01  1.07250738E+00
    38  7.60000000E+00  1.07396117E+00  9.99999859E-01  1.07396117E+00
    39  7.80000000E+00  1.07538936E+00  9.99999839E-01  1.07538936E+00
    40  8.00000000E+00  1.07674404E+00  9.99999818E-01  1.07674404E+00
    41  8.20000000E+00  1.07805403E+00  9.99999795E-01  1.07805403E+00
    42  8.40000000E+00  1.07943988E+00  9.99999770E-01  1.07943988E+00
    43  8.60000000E+00  1.08075208E+00  9.99999742E-01  1.08075208E+00
    44  8.80000000E+00  1.08198839E+00  9.99999712E-01  1.08198839E+00
    45  9.00000000E+00  1.08325646E+00  9.99999680E-01  1.08325646E+00
    46  9.20000000E+00  1.08452629E+00  9.99999645E-01  1.08452629E+00
    47  9.40000000E+00  1.08572005E+00  9.99999607E-01  1.08572005E+00
    48  9.60000000E+00  1.08683588E+00  9.99999566E-01  1.08683588E+00
    49  9.80000000E+00  1.08802727E+00  9.99999521E-01  1.08802727E+00
    50  1.00000000E+01  1.08920357E+00  9.99999473E-01  1.08920357E+00
    51  1.02000000E+01  1.09030251E+00  9.99999422E-01  1.09030251E+00
    52  1.04000000E+01  1.09132259E+00  9.99999367E-01  1.09132259E+00
    53  1.06000000E+01  1.09243990E+00  9.99999307E-01  1.09243990E+00
    54  1.08000000E+01  1.09352147E+00  9.99999243E-01  1.09352147E+00
    55  1.10000000E+01  1.09452462E+00  9.99999175E-01  1.09452462E+00
    56  1.12000000E+01  1.09544830E+00  9.99999102E-01  1.09544830E+00
    57  1.14000000E+01  1.09645057E+00  9.99999024E-01  1.09645057E+00
    58  1.16000000E+01  1.09745990E+00  9.99998940E-01  1.09745990E+00
    59  1.18000000E+01  1.09839056E+00  9.99998851E-01  1.09839056E+00
    60  1.20000000E+01  1.09924200E+00  9.99998756E-01  1.09924200E+00
    61  1.22000000E+01  1.10012985E+00  9.99998655E-01  1.10012985E+00
    62  1.24000000E+01  1.10106625E+00  9.99998547E-01  1.10106625E+00
    63  1.26000000E+01  1.10192385E+00  9.99998432E-01  1.10192385E+00
    64  1.28000000E+01  1.10270254E+00  9.99998310E-01  1.10270254E+00
    65  1.30000000E+01  1.10346398E+00  9.99998180E-01  1.10346398E+00
    66  1.32000000E+01  1.10433047E+00  9.99998042E-01  1.10433047E+00
    67  1.34000000E+01  1.10511867E+00  9.99997896E-01  1.10511867E+00
    68  1.36000000E+01  1.10582915E+00  9.99997741E-01  1.10582915E+00
    69  1.38000000E+01  1.10650145E+00  9.99997577E-01  1.10650145E+00
    70  1.40000000E+01  1.10729743E+00  9.99997403E-01  1.10729743E+00
    71  1.42000000E+01  1.10801573E+00  9.99997219E-01  1.10801573E+00
    72  1.44000000E+01  1.10865756E+00  9.99997024E-01  1.10865756E+00
    73  1.46000000E+01  1.10923773E+00  9.99996818E-01  1.10923773E+00
    74  1.48000000E+01  1.10996547E+00  9.99996600E-01  1.10996547E+00
    75  1.50000000E+01  1.11061711E+00  9.99996371E-01  1.11061711E+00
    76  1.52000000E+01  1.11119458E+00  9.99996128E-01  1.11119458E+00
    77  1.54000000E+01  1.11171168E+00  9.99995872E-01  1.11171168E+00
    78  1.56000000E+01  1.11237070E+00  9.99995603E-01  1.11237070E+00
    79  1.58000000E+01  1.11295530E+00  9.99995318E-01  1.11295530E+00
    80  1.60000000E+01  1.11346813E+00  9.99995019E-01  1.11346813E+00
    81  1.62000000E+01  1.11392345E+00  9.99994704E-01  1.11392345E+00
    82  1.64000000E+01  1.11451772E+00  9.99994372E-01  1.11451772E+00
    83  1.66000000E+01  1.11504024E+00  9.99994023E-01  1.11504024E+00
    84  1.68000000E+01  1.11549425E+00  9.99993656E-01  1.11549425E+00
    85  1.70000000E+01  1.11590528E+00  9.99993271E-01  1.11590528E+00
    86  1.72000000E+01  1.11643454E+00  9.99992866E-01  1.11643454E+00
    87  1.74000000E+01  1.11689488E+00  9.99992442E-01  1.11689488E+00
    88  1.76000000E+01  1.11729018E+00  9.99991996E-01  1.11729018E+00
    89  1.78000000E+01  1.11766631E+00  9.99991529E-01  1.11766631E+00
    90  1.80000000E+01  1.11813607E+00  9.99991038E-01  1.11813607E+00
    91  1.82000000E+01  1.11854041E+00  9.99990525E-01  1.11854041E+00
    92  1.84000000E+01  1.11888364E+00  9.99989987E-01  1.11888364E+00
    93  1.86000000E+01  1.11922617E+00  9.99989424E-01  1.11922617E+00
    94  1.88000000E+01  1.11963650E+00  9.99988835E-01  1.11963650E+00
    95  1.90000000E+01  1.11998520E+00  9.99988219E-01  1.11998520E+00
    96  1.92000000E+01  1.12027707E+00  9.99987574E-01  1.12027707E+00
    97  1.94000000E+01  1.12060314E+00  9.99986901E-01  1.12060314E+00
    98  1.96000000E+01  1.12096045E+00  9.99986197E-01  1.12096045E+00
    99  1.98000000E+01  1.12126023E+00  9.99985463E-01  1.12126023E+00
   100  2.00000000E+01  1.12150753E+00  9.99984696E-01  1.12150753E+00
   101  2.02000000E+01  1.12180623E+00  9.99983897E-01  1.12180623E+00
   102  2.04000000E+01  1.12211118E+00  9.99983063E-01  1.12211118E+00
   103  2.06000000E+01  1.12236308E+00  9.99982194E-01  1.12236308E+00
   104  2.08000000E+01  1.12256726E+00  9.99981288E-01  1.12256726E+00
   105  2.10000000E+01  1.12286313E+00  9.99980345E-01  1.12286313E+00
   106  2.12000000E+01  1.12312242E+00  9.99979364E-01  1.12312242E+00
   107  2.14000000E+01  1.12333312E+00  9.99978343E-01  1.12333312E+00
   108  2.16000000E+01  1.12350618E+00  9.99977281E-01  1.12350618E+00
   109  2.18000000E+01  1.12377035E+00  9.99976178E-01  1.12377035E+00
   110  2.20000000E+01  1.12398534E+00  9.99975031E-01  1.12398534E+00
   111  2.22000000E+01  1.12415660E+00  9.99973840E-01  1.12415660E+00
   112  2.24000000E+01  1.12434282E+00  9.99972604E-01  1.12434282E+00
   113  2.26000000E+01  1.12456469E+00  9.99971322E-01  1.12456469E+00
   114  2.28000000E+01  1.12474190E+00  9.99969993E-01  1.12474190E+00
   115  2.30000000E+01  1.12487995E+00  9.99968615E-01  1.12487995E+00
   116  2.32000000E+01  1.12505028E+00  9.99967188E-01  1.12505028E+00
   117  2.34000000E+01  1.12523148E+00  9.99965711E-01  1.12523148E+00
   118  2.36000000E+01  1.12537294E+00  9.99964182E-01  1.12537294E+00
   119  2.38000000E+01  1.12548030E+00  9.99962601E-01  1.12548030E+00
   120  2.40000000E+01  1.12566785E+00  9.99960967E-01  1.12566785E+00
   121  2.42000000E+01  1.12581468E+00  9.99959279E-01  1.12581468E+00
   122  2.44000000E+01  1.12592635E+00  9.99957536E-01  1.12592635E+00
   123  2.46000000E+01  1.12602534E+00  9.99955738E-01  1.12602534E+00
   124  2.48000000E+01  1.12617586E+00  9.99953884E-01  1.12617586E+00
   125  2.50000000E+01  1.12629062E+00  9.99951973E-01  1.12629062E+00
   126  2.52000000E+01  1.12637515E+00  9.99950005E-01  1.12637515E+00
   127  2.54000000E+01  1.12650043E+00  9.99947980E-01  1.12650043E+00
   128  2.56000000E+01  1.12661997E+00  9.99945897E-01  1.12661997E+00
   129  2.58000000E+01  1.12670827E+00  9.99943757E-01  1.12670827E+00
   130  2.60000000E+01  1.12677069E+00  9.99941558E-01  1.12677069E+00
   131  2.62000000E+01  1.12688120E+00  9.99939303E-01  1.12688120E+00
   132  2.64000000E+01  1.12697228E+00  9.99936990E-01  1.12697228E+00
   133  2.66000000E+01  1.12703695E+00  9.99934620E-01  1.12703695E+00
   134  2.68000000E+01  1.12711942E+00  9.99932194E-01  1.12711942E+00
   135  2.70000000E+01  1.12721467E+00  9.99929714E-01  1.12721467E+00
   136  2.72000000E+01  1.12728249E+00  9.99927179E-01  1.12728249E+00
   137  2.74000000E+01  1.12732811E+00  9.99924591E-01  1.12732811E+00
   138  2.76000000E+01  1.12739921E+00  9.99921953E-01  1.12739921E+00
   139  2.78000000E+01  1.12746950E+00  9.99919265E-01  1.12746950E+00
   140  2.80000000E+01  1.12751708E+00  9.99916530E-01  1.12751708E+00
   141  2.82000000E+01  1.12757181E+00  9.99913751E-01  1.12757181E+00
   142  2.84000000E+01  1.12764565E+00  9.99910931E-01  1.12764565E+00
   143  2.86000000E+01  1.12769576E+00  9.99908072E-01  1.12769576E+00
   144  2.88000000E+01  1.12772715E+00  9.99905178E-01  1.12772715E+00
   145  2.90000000E+01  1.12777215E+00  9.99902253E-01  1.12777215E+00
   146  2.92000000E+01  1.12782442E+00  9.99899302E-01  1.12782442E+00
   147  2.94000000E+01  1.12785750E+00  9.99896329E-01  1.12785750E+00
   148  2.96000000E+01  1.12789564E+00  9.99893340E-01  1.12789564E+00
   149  2.98000000E+01  1.12795081E+00  9.99890342E-01  1.12795081E+00
   150  3.00000000E+01  1.12798580E+00  9.99887340E-01  1.12798580E+00
   151  3.02000000E+01  1.12800537E+00  9.99884341E-01  1.12800537E+00
   152  3.04000000E+01  1.12803422E+00  9.99881354E-01  1.12803422E+00
   153  3.06000000E+01  1.12807107E+00  9.99878387E-01  1.12807107E+00
   154  3.08000000E+01  1.12809205E+00  9.99875450E-01  1.12809205E+00
   155  3.10000000E+01  1.12812148E+00  9.99872552E-01  1.12812148E+00
   156  3.12000000E+01  1.12816059E+00  9.99869704E-01  1.12816059E+00
   157  3.14000000E+01  1.12818288E+00  9.99866919E-01  1.12818288E+00
   158  3.16000000E+01  1.12819283E+00  9.99864208E-01  1.12819283E+00
   159  3.18000000E+01  1.12821252E+00  9.99861586E-01  1.12821252E+00
   160  3.20000000E+01  1.12823638E+00  9.99859068E-01  1.12823638E+00
   161  3.22000000E+01  1.12824749E+00  9.99856669E-01  1.12824749E+00
   162  3.24000000E+01  1.12827357E+00  9.99854406E-01  1.12827357E+00
   163  3.26000000E+01  1.12829908E+00  9.99852298E-01  1.12829908E+00
   164  3.28000000E+01  1.12831092E+00  9.99850364E-01  1.12831092E+00
   165  3.30000000E+01  1.12831325E+00  9.99848625E-01  1.12831325E+00
   166  3.32000000E+01  1.12832850E+00  9.99847103E-01  1.12832850E+00
   167  3.34000000E+01  1.12834164E+00  9.99845823E-01  1.12834164E+00
   168  3.36000000E+01  1.12834491E+00  9.99844809E-01  1.12834491E+00
   169  3.38000000E+01  1.12837095E+00  9.99844090E-01  1.12837095E+00
   170  3.40000000E+01  1.12838512E+00  9.99843694E-01  1.12838512E+00
   171  3.42000000E+01  1.12838857E+00  9.99843652E-01  1.12838857E+00
   172  3.44000000E+01  1.12838510E+00  9.99843996E-01  1.12838510E+00
   173  3.46000000E+01  1.12839888E+00  9.99844763E-01  1.12839888E+00
   174  3.48000000E+01  1.12840338E+00  9.99845989E-01  1.12840338E+00
   175  3.50000000E+01  1.12841141E+00  9.99847713E-01  1.12841141E+00
   176  3.52000000E+01  1.12842839E+00  9.99849977E-01  1.12842839E+00
   177  3.54000000E+01  1.12843335E+00  9.99852827E-01  1.12843335E+00
   178  3.56000000E+01  1.12843028E+00  9.99856308E-01  1.12843028E+00
   179  3.58000000E+01  1.12843039E+00  9.99860470E-01  1.12843039E+00
   180  3.60000000E+01  1.12843653E+00  9.99865367E-01  1.12843653E+00
   181  3.62000000E+01  1.12843429E+00  9.99871054E-01  1.12843429E+00
   182  3.64000000E+01  1.12845038E+00  9.99877590E-01  1.12845038E+00
   183  3.66000000E+01  1.12845728E+00  9.99885037E-01  1.12845728E+00
   184  3.68000000E+01  1.12845758E+00  9.99893461E-01  1.12845758E+00
   185  3.70000000E+01  1.12847031E+00  9.99902932E-01  1.12847031E+00
   186  3.72000000E+01  1.12848135E+00  9.99913522E-01  1.12848135E+00
   187  3.74000000E+01  1.12849075E+00  9.99925309E-01  1.12849075E+00
   188  3.76000000E+01  1.12849863E+00  9.99938374E-01  1.12849863E+00
   189  3.78000000E+01  1.12850734E+00  9.99952804E-01  1.12850734E+00
   190  3.80000000E+01  1.12851736E+00  9.99968687E-01  1.12851736E+00
   191  3.82000000E+01  1.12852580E+00  9.99986120E-01  1.12852580E+00
   192  3.84000000E+01  1.12853284E+00  1.00000520E+00  1.12853284E+00
   193  3.86000000E+01  1.12853867E+00  1.00002604E+00  1.12853867E+00
   194  3.88000000E+01  1.12854616E+00  1.00004874E+00  1.12854616E+00
   195  3.90000000E+01  1.12855322E+00  1.00007342E+00  1.12855322E+00
   196  3.92000000E+01  1.12855905E+00  1.00010021E+00  1.12855905E+00
   197  3.94000000E+01  1.12856388E+00  1.00012922E+00  1.12856388E+00
   198  3.96000000E+01  1.12856795E+00  1.00016060E+00  1.12856795E+00
   199  3.98000000E+01  1.12857307E+00  1.00019448E+00  1.12857307E+00
   200  4.00000000E+01  1.12857824E+00  1.00023102E+00  1.12857824E+00
   201  4.02000000E+01  1.12858252E+00  1.00027037E+00  1.12858252E+00
   202  4.04000000E+01  1.12858615E+00  1.00031268E+00  1.12858615E+00
   203  4.06000000E+01  1.12858932E+00  1.00035814E+00  1.12858932E+00
   204  4.08000000E+01  1.12859217E+00  1.00040691E+00  1.12859217E+00
   205  4.10000000E+01  1.12859503E+00  1.00045918E+00  1.12859503E+00
   206  4.12000000E+01  1.12859818E+00  1.00051514E+00  1.12859818E+00
   207  4.14000000E+01  1.12860103E+00  1.00057501E+00  1.12860103E+00
   208  4.16000000E+01  1.12860369E+00  1.00063899E+00  1.12860369E+00
   209  4.18000000E+01  1.12860622E+00  1.00070730E+00  1.12860622E+00
   210  4.20000000E+01  1.12860867E+00  1.00078017E+00  1.12860867E+00
   211  4.22000000E+01  1.12861104E+00  1.00085784E+00  1.12861104E+00
   212  4.24000000E+01  1.12861332E+00  1.00094057E+00  1.12861332E+00
   213  4.26000000E+01  1.12861549E+00  1.00102861E+00  1.12861549E+00
   214  4.28000000E+01  1.12861752E+00  1.00112224E+00  1.12861752E+00
   215  4.30000000E+01  1.12861939E+00  1.00122174E+00  1.12861939E+00
   216  4.32000000E+01  1.12862107E+00  1.00132741E+00  1.12862107E+00
   217  4.34000000E+01  1.12862257E+00  1.00143956E+00  1.12862257E+00
   218  4.36000000E+01  1.12862426E+00  1.00155850E+00  1.12862426E+00
   219  4.38000000E+01  1.12862596E+00  1.00168456E+00  1.12862596E+00
   220  4.40000000E+01  1.12862749E+00  1.00181810E+00  1.12862749E+00
   221  4.42000000E+01  1.12862883E+00  1.00195946E+00  1.12862883E+00
   222  4.44000000E+01  1.12863000E+00  1.00210903E+00  1.12863000E+00
   223  4.46000000E+01  1.12863099E+00  1.00226718E+00  1.12863099E+00
   224  4.48000000E+01  1.12863183E+00  1.00243432E+00  1.12863183E+00
   225  4.50000000E+01  1.12863253E+00  1.00261085E+00  1.12863253E+00
   226  4.52000000E+01  1.12863311E+00  1.00279721E+00  1.12863311E+00
   227  4.54000000E+01  1.12863360E+00  1.00299384E+00  1.12863360E+00
   228  4.56000000E+01  1.12863431E+00  1.00320119E+00  1.12863431E+00
   229  4.58000000E+01  1.12863490E+00  1.00341974E+00  1.12863490E+00
   230  4.60000000E+01  1.12863539E+00  1.00364998E+00  1.12863539E+00
   231  4.62000000E+01  1.12863578E+00  1.00389241E+00  1.12863578E+00
   232  4.64000000E+01  1.12863611E+00  1.00414755E+00  1.12863611E+00
   233  4.66000000E+01  1.12863638E+00  1.00441593E+00  1.12863638E+00
   234  4.68000000E+01  1.12863659E+00  1.00469810E+00  1.12863659E+00
   235  4.70000000E+01  1.12863677E+00  1.00499464E+00  1.12863677E+00
   236  4.72000000E+01  1.12863691E+00  1.00530611E+00  1.12863691E+00
   237  4.74000000E+01  1.12863701E+00  1.00563313E+00  1.12863701E+00
   238  4.76000000E+01  1.12863709E+00  1.00597629E+00  1.12863709E+00
   239  4.78000000E+01  1.12863714E+00  1.00633623E+00  1.12863714E+00
   240  4.80000000E+01  1.12863716E+00  1.00671358E+00  1.12863716E+00
   241  4.82000000E+01  1.12863715E+00  1.00710901E+00  1.12863715E+00
   242  4.84000000E+01  1.12863712E+00  1.00752318E+00  1.12863712E+00
   243  4.86000000E+01  1.12863708E+00  1.00795677E+00  1.12863708E+00
   244  4.88000000E+01  1.12863701E+00  1.00841048E+00  1.12863701E+00
   245  4.90000000E+01  1.12863694E+00  1.00888502E+00  1.12863694E+00
   246  4.92000000E+01  1.12863684E+00  1.00938109E+00  1.12863684E+00
   247  4.94000000E+01  1.12863674E+00  1.00989943E+00  1.12863674E+00
   248  4.96000000E+01  1.12863664E+00  1.01044078E+00  1.12863664E+00
   249  4.98000000E+01  1.12863652E+00  1.01100587E+00  1.12863652E+00
   250  5.00000000E+01  1.12863640E+00  1.01159546E+00  1.12863640E+00
   251  5.02000000E+01  1.12863628E+00  1.01221030E+00  1.12863628E+00
   252  5.04000000E+01  1.12863615E+00  1.01285114E+00  1.12863615E+00
   253  5.06000000E+01  1.12863603E+00  1.01351875E+00  1.12863603E+00
   254  5.08000000E+01  1.12863590E+00  1.01421388E+00  1.12863590E+00
   255  5.10000000E+01  1.12863578E+00  1.01493728E+00  1.12863578E+00
   256  5.12000000E+01  1.12863565E+00  1.01568971E+00  1.12863565E+00
   257  5.14000000E+01  1.12863553E+00  1.01647189E+00  1.12863553E+00
   258  5.16000000E+01  1.12863541E+00  1.01728457E+00  1.12863541E+00
   259  5.18000000E+01  1.12863529E+00  1.01812844E+00  1.12863529E+00
   260  5.20000000E+01  1.12863518E+00  1.01900422E+00  1.12863518E+00
   261  5.22000000E+01  1.12863507E+00  1.01991258E+00  1.12863507E+00
   262  5.24000000E+01  1.12863496E+00  1.02085416E+00  1.12863496E+00
   263  5.26000000E+01  1.12863485E+00  1.02182960E+00  1.12863485E+00
   264  5.28000000E+01  1.12863475E+00  1.02283950E+00  1.12863475E+00
   265  5.30000000E+01  1.12863465E+00  1.02388440E+00  1.12863465E+00
   266  5.32000000E+01  1.12863455E+00  1.02496483E+00  1.12863455E+00
   267  5.34000000E+01  1.12863446E+00  1.02608126E+00  1.12863446E+00
   268  5.36000000E+01  1.12863437E+00  1.02723411E+00  1.12863437E+00
   269  5.38000000E+01  1.12863429E+00  1.02842377E+00  1.12863429E+00
   270  5.40000000E+01  1.12863421E+00  1.02965055E+00  1.12863421E+00
   271  5.42000000E+01  1.12863413E+00  1.03091469E+00  1.12863413E+00
   272  5.44000000E+01  1.12863405E+00  1.03221638E+00  1.12863405E+00
   273  5.46000000E+01  1.12863398E+00  1.03355573E+00  1.12863398E+00
   274  5.48000000E+01  1.12863392E+00  1.03493278E+00  1.12863392E+00
   275  5.50000000E+01  1.12863385E+00  1.03634747E+00  1.12863385E+00
   276  5.52000000E+01  1.12863379E+00  1.03779967E+00  1.12863379E+00
   277  5.54000000E+01  1.12863374E+00  1.03928915E+00  1.12863374E+00
   278  5.56000000E+01  1.12863368E+00  1.04081558E+00  1.12863368E+00
   279  5.58000000E+01  1.12863363E+00  1.04237852E+00  1.12863363E+00
   280  5.60000000E+01  1.12863358E+00  1.04397743E+00  1.12863358E+00
   281  5.62000000E+01  1.12863354E+00  1.04561168E+00  1.12863354E+00
   282  5.64000000E+01  1.12863349E+00  1.04728048E+00  1.12863349E+00
   283  5.66000000E+01  1.12863345E+00  1.04898296E+00  1.12863345E+00
   284  5.68000000E+01  1.12863341E+00  1.05071811E+00  1.12863341E+00
   285  5.70000000E+01  1.12863338E+00  1.05248478E+00  1.12863338E+00
   286  5.72000000E+01  1.12863334E+00  1.05428173E+00  1.12863334E+00
   287  5.74000000E+01  1.12863331E+00  1.05610755E+00  1.12863331E+00
   288  5.76000000E+01  1.12863328E+00  1.05796072E+00  1.12863328E+00
   289  5.78000000E+01  1.12863325E+00  1.05983958E+00  1.12863325E+00
   290  5.80000000E+01  1.12863323E+00  1.06174234E+00  1.12863323E+00
   291  5.82000000E+01  1.12863320E+00  1.06366708E+00  1.12863320E+00
   292  5.84000000E+01  1.12863318E+00  1.06561174E+00  1.12863318E+00
   293  5.86000000E+01  1.12863316E+00  1.06757414E+00  1.12863316E+00
   294  5.88000000E+01  1.12863314E+00  1.06955195E+00  1.12863314E+00
   295  5.90000000E+01  1.12863312E+00  1.07154275E+00  1.12863312E+00
   296  5.92000000E+01  1.12863310E+00  1.07354397E+00  1.12863310E+00
   297  5.94000000E+01  1.12863308E+00  1.07555293E+00  1.12863308E+00
   298  5.96000000E+01  1.12863307E+00  1.07756685E+00  1.12863307E+00
   299  5.98000000E+01  1.12863305E+00  1.07958285E+00  1.12863305E+00
   300  6.00000000E+01  1.12863304E+00  1.08159792E+00  1.12863304E+00
   301  6.02000000E+01  1.12863303E+00  1.08360900E+00  1.12863303E+00
   302  6.04000000E+01  1.12863301E+00  1.08561291E+00  1.12863301E+00
   303  6.06000000E+01  1.12863300E+00  1.08760642E+00  1.12863300E+00
   304  6.08000000E+01  1.12863299E+00  1.08958624E+00  1.12863299E+00
   305  6.10000000E+01  1.12863298E+00  1.09154900E+00  1.12863298E+00
   306  6.12000000E+01  1.12863298E+00  1.09349131E+00  1.12863298E+00
   307  6.14000000E+01  1.12863297E+00  1.09540974E+00  1.12863297E+00
   308  6.16000000E+01  1.12863296E+00  1.09730084E+00  1.12863296E+00
   309  6.18000000E+01  1.12863295E+00  1.09916116E+00  1.12863295E+00
   310  6.20000000E+01  1.12863295E+00  1.10098726E+00  1.12863295E+00
   311  6.22000000E+01  1.12863294E+00  1.10277571E+00  1.12863294E+00
   312  6.24000000E+01  1.12863293E+00  1.10452312E+00  1.12863293E+00
   313  6.26000000E+01  1.12863293E+00  1.10622618E+00  1.12863293E+00
   314  6.28000000E+01  1.12863292E+00  1.10788161E+00  1.12863292E+00
   315  6.30000000E+01  1.12863292E+00  1.10948626E+00  1.12863292E+00
   316  6.32000000E+01  1.12863292E+00  1.11103707E+00  1.12863292E+00
   317  6.34000000E+01  1.12863291E+00  1.11253112E+00  1.12863291E+00
   318  6.36000000E+01  1.12863291E+00  1.11396562E+00  1.12863291E+00
   319  6.38000000E+01  1.12863291E+00  1.11533799E+00  1.12863291E+00
   320  6.40000000E+01  1.12863290E+00  1.11664582E+00  1.12863290E+00
   321  6.42000000E+01  1.12863290E+00  1.11788694E+00  1.12863290E+00
   322  6.44000000E+01  1.12863290E+00  1.11905945E+00  1.12863290E+00
   323  6.46000000E+01  1.12863290E+00  1.12016171E+00  1.12863290E+00
   324  6.48000000E+01  1.12863289E+00  1.12119242E+00  1.12863289E+00
   325  6.50000000E+01  1.12863289E+00  1.12215061E+00  1.12863289E+00
   326  6.52000000E+01  1.12863289E+00  1.12303573E+00  1.12863289E+00
   327  6.54000000E+01  1.12863289E+00  1.12384760E+00  1.12863289E+00
   328  6.56000000E+01  1.12863289E+00  1.12458653E+00  1.12863289E+00
   329  6.58000000E+01  1.12863288E+00  1.12525327E+00  1.12863288E+00
   330  6.60000000E+01  1.12863288E+00  1.12584908E+00  1.12863288E+00
   331  6.62000000E+01  1.12863288E+00  1.12637573E+00  1.12863288E+00
   332  6.64000000E+01  1.12863288E+00  1.12683549E+00  1.12863288E+00
   333  6.66000000E+01  1.12863288E+00  1.12723115E+00  1.12863288E+00
   334  6.68000000E+01  1.12863288E+00  1.12756598E+00  1.12863288E+00
   335  6.70000000E+01  1.12863288E+00  1.12784373E+00  1.12863288E+00
   336  6.72000000E+01  1.12863288E+00  1.12806854E+00  1.12863288E+00
 steady-height stop at step    336: truncated to 3 decimals, truncated max/end/ratio =       1128      1128      1128, max/end/ratio =   1.12863288E+00  1.12806854E+00  1.12863288E+00
