 comppar: model =   3
 comppar: lambda,mobility/eps,betav,eta_0 =  1.1000E+01  1.0000E-01  9.0000E-01  1.0000E+00
 comppar: eta_s,eta_p,G =  9.0000E-01  1.0000E-01  9.0909E-03
 comppar: U_avg,deltat,flowrate,nsteps =  1.0000E-01  4.0000E-01  3.1416E-01    1000
 comppar: geometry = axisymmetric
 comppar: steady stop change,gap,hold,min =  1.0000E-05  2.0000E-04      10      80
 comppar: steady stop rounded decimals =       4
 comppar: ncompc,ncompg =     4     5
 mesh nnodes = 22999
 mesh nelem = 11296
 P1 BC   5.0000000000000000     
 P2 BC   0.0000000000000000     
     1  4.00000000E-01  1.00503996E+00  1.00000000E+00  1.00503996E+00
     2  8.00000000E-01  1.00992396E+00  1.00000000E+00  1.00992396E+00
     3  1.20000000E+00  1.01465740E+00  1.00000000E+00  1.01465740E+00
     4  1.60000000E+00  1.01925354E+00  1.00000000E+00  1.01925354E+00
     5  2.00000000E+00  1.02371626E+00  1.00000000E+00  1.02371626E+00
     6  2.40000000E+00  1.02805146E+00  1.00000000E+00  1.02805146E+00
     7  2.80000000E+00  1.03226376E+00  1.00000000E+00  1.03226376E+00
     8  3.20000000E+00  1.03635599E+00  1.00000000E+00  1.03635599E+00
     9  3.60000000E+00  1.04034213E+00  1.00000000E+00  1.04034213E+00
    10  4.00000000E+00  1.04421364E+00  1.00000000E+00  1.04421364E+00
    11  4.40000000E+00  1.04797968E+00  9.99999996E-01  1.04797968E+00
    12  4.80000000E+00  1.05164322E+00  9.99999990E-01  1.05164322E+00
    13  5.20000000E+00  1.05520826E+00  9.99999982E-01  1.05520826E+00
    14  5.60000000E+00  1.05866525E+00  9.99999972E-01  1.05866525E+00
    15  6.00000000E+00  1.06204327E+00  9.99999958E-01  1.06204327E+00
    16  6.40000000E+00  1.06532336E+00  9.99999940E-01  1.06532336E+00
    17  6.80000000E+00  1.06850781E+00  9.99999918E-01  1.06850781E+00
    18  7.20000000E+00  1.07159956E+00  9.99999890E-01  1.07159956E+00
    19  7.60000000E+00  1.07460120E+00  9.99999857E-01  1.07460120E+00
    20  8.00000000E+00  1.07753309E+00  9.99999817E-01  1.07753309E+00
    21  8.40000000E+00  1.08037541E+00  9.99999770E-01  1.08037541E+00
    22  8.80000000E+00  1.08313607E+00  9.99999713E-01  1.08313607E+00
    23  9.20000000E+00  1.08581169E+00  9.99999648E-01  1.08581169E+00
    24  9.60000000E+00  1.08840905E+00  9.99999571E-01  1.08840905E+00
    25  1.00000000E+01  1.09092279E+00  9.99999482E-01  1.09092279E+00
    26  1.04000000E+01  1.09336036E+00  9.99999380E-01  1.09336036E+00
    27  1.08000000E+01  1.09573296E+00  9.99999262E-01  1.09573296E+00
    28  1.12000000E+01  1.09803848E+00  9.99999128E-01  1.09803848E+00
    29  1.16000000E+01  1.10026826E+00  9.99998975E-01  1.10026826E+00
    30  1.20000000E+01  1.10242252E+00  9.99998802E-01  1.10242252E+00
    31  1.24000000E+01  1.10450132E+00  9.99998606E-01  1.10450132E+00
    32  1.28000000E+01  1.10650342E+00  9.99998385E-01  1.10650342E+00
    33  1.32000000E+01  1.10845122E+00  9.99998137E-01  1.10845122E+00
    34  1.36000000E+01  1.11035224E+00  9.99997860E-01  1.11035224E+00
    35  1.40000000E+01  1.11218181E+00  9.99997550E-01  1.11218181E+00
    36  1.44000000E+01  1.11394193E+00  9.99997204E-01  1.11394193E+00
    37  1.48000000E+01  1.11563516E+00  9.99996820E-01  1.11563516E+00
    38  1.52000000E+01  1.11727172E+00  9.99996393E-01  1.11727172E+00
    39  1.56000000E+01  1.11887775E+00  9.99995921E-01  1.11887775E+00
    40  1.60000000E+01  1.12042115E+00  9.99995399E-01  1.12042115E+00
    41  1.64000000E+01  1.12190182E+00  9.99994824E-01  1.12190182E+00
    42  1.68000000E+01  1.12332462E+00  9.99994190E-01  1.12332462E+00
    43  1.72000000E+01  1.12471632E+00  9.99993494E-01  1.12471632E+00
    44  1.76000000E+01  1.12606680E+00  9.99992730E-01  1.12606680E+00
    45  1.80000000E+01  1.12736278E+00  9.99991893E-01  1.12736278E+00
    46  1.84000000E+01  1.12860304E+00  9.99990979E-01  1.12860304E+00
    47  1.88000000E+01  1.12983115E+00  9.99989981E-01  1.12983115E+00
    48  1.92000000E+01  1.13101314E+00  9.99988893E-01  1.13101314E+00
    49  1.96000000E+01  1.13214418E+00  9.99987710E-01  1.13214418E+00
    50  2.00000000E+01  1.13327075E+00  9.99986425E-01  1.13327075E+00
    51  2.04000000E+01  1.13435215E+00  9.99985030E-01  1.13435215E+00
    52  2.08000000E+01  1.13541944E+00  9.99983521E-01  1.13541944E+00
    53  2.12000000E+01  1.13645304E+00  9.99981888E-01  1.13645304E+00
    54  2.16000000E+01  1.13748875E+00  9.99980126E-01  1.13748875E+00
    55  2.20000000E+01  1.13850847E+00  9.99978227E-01  1.13850847E+00
    56  2.24000000E+01  1.13952157E+00  9.99976183E-01  1.13952157E+00
    57  2.28000000E+01  1.14053143E+00  9.99973987E-01  1.14053143E+00
    58  2.32000000E+01  1.14153699E+00  9.99971631E-01  1.14153699E+00
    59  2.36000000E+01  1.14254505E+00  9.99969109E-01  1.14254505E+00
    60  2.40000000E+01  1.14354128E+00  9.99966413E-01  1.14354128E+00
    61  2.44000000E+01  1.14451773E+00  9.99963536E-01  1.14451773E+00
    62  2.48000000E+01  1.14548695E+00  9.99960472E-01  1.14548695E+00
    63  2.52000000E+01  1.14643495E+00  9.99957214E-01  1.14643495E+00
    64  2.56000000E+01  1.14735984E+00  9.99953757E-01  1.14735984E+00
    65  2.60000000E+01  1.14826998E+00  9.99950097E-01  1.14826998E+00
    66  2.64000000E+01  1.14915244E+00  9.99946230E-01  1.14915244E+00
    67  2.68000000E+01  1.15001794E+00  9.99942154E-01  1.15001794E+00
    68  2.72000000E+01  1.15085712E+00  9.99937867E-01  1.15085712E+00
    69  2.76000000E+01  1.15167466E+00  9.99933370E-01  1.15167466E+00
    70  2.80000000E+01  1.15247189E+00  9.99928667E-01  1.15247189E+00
    71  2.84000000E+01  1.15324045E+00  9.99923761E-01  1.15324045E+00
    72  2.88000000E+01  1.15399705E+00  9.99918661E-01  1.15399705E+00
    73  2.92000000E+01  1.15471898E+00  9.99913378E-01  1.15471898E+00
    74  2.96000000E+01  1.15543551E+00  9.99907925E-01  1.15543551E+00
    75  3.00000000E+01  1.15611892E+00  9.99902321E-01  1.15611892E+00
    76  3.04000000E+01  1.15678964E+00  9.99896588E-01  1.15678964E+00
    77  3.08000000E+01  1.15743529E+00  9.99890756E-01  1.15743529E+00
    78  3.12000000E+01  1.15806257E+00  9.99884858E-01  1.15806257E+00
    79  3.16000000E+01  1.15867329E+00  9.99878934E-01  1.15867329E+00
    80  3.20000000E+01  1.15925922E+00  9.99873033E-01  1.15925922E+00
    81  3.24000000E+01  1.15983660E+00  9.99867212E-01  1.15983660E+00
    82  3.28000000E+01  1.16038522E+00  9.99861534E-01  1.16038522E+00
    83  3.32000000E+01  1.16092743E+00  9.99856078E-01  1.16092743E+00
    84  3.36000000E+01  1.16144474E+00  9.99850931E-01  1.16144474E+00
    85  3.40000000E+01  1.16194891E+00  9.99846192E-01  1.16194891E+00
    86  3.44000000E+01  1.16243618E+00  9.99841978E-01  1.16243618E+00
    87  3.48000000E+01  1.16290355E+00  9.99838418E-01  1.16290355E+00
    88  3.52000000E+01  1.16336204E+00  9.99835661E-01  1.16336204E+00
    89  3.56000000E+01  1.16379712E+00  9.99833873E-01  1.16379712E+00
    90  3.60000000E+01  1.16422506E+00  9.99833244E-01  1.16422506E+00
    91  3.64000000E+01  1.16463414E+00  9.99833985E-01  1.16463414E+00
    92  3.68000000E+01  1.16502800E+00  9.99836332E-01  1.16502800E+00
    93  3.72000000E+01  1.16541208E+00  9.99840552E-01  1.16541208E+00
    94  3.76000000E+01  1.16577609E+00  9.99846940E-01  1.16577609E+00
    95  3.80000000E+01  1.16613372E+00  9.99855824E-01  1.16613372E+00
    96  3.84000000E+01  1.16647494E+00  9.99867571E-01  1.16647494E+00
    97  3.88000000E+01  1.16680178E+00  9.99882585E-01  1.16680178E+00
    98  3.92000000E+01  1.16712123E+00  9.99901316E-01  1.16712123E+00
    99  3.96000000E+01  1.16742361E+00  9.99924258E-01  1.16742361E+00
   100  4.00000000E+01  1.16771802E+00  9.99951958E-01  1.16771802E+00
   101  4.04000000E+01  1.16800090E+00  9.99985016E-01  1.16800090E+00
   102  4.08000000E+01  1.16826841E+00  1.00002409E+00  1.16826841E+00
   103  4.12000000E+01  1.16853250E+00  1.00006992E+00  1.16853250E+00
   104  4.16000000E+01  1.16878224E+00  1.00012328E+00  1.16878224E+00
   105  4.20000000E+01  1.16902106E+00  1.00018505E+00  1.16902106E+00
   106  4.24000000E+01  1.16925405E+00  1.00025619E+00  1.16925405E+00
   107  4.28000000E+01  1.16947396E+00  1.00033771E+00  1.16947396E+00
   108  4.32000000E+01  1.16968646E+00  1.00043076E+00  1.16968646E+00
   109  4.36000000E+01  1.16989153E+00  1.00053655E+00  1.16989153E+00
   110  4.40000000E+01  1.17008511E+00  1.00065643E+00  1.17008511E+00
   111  4.44000000E+01  1.17027328E+00  1.00079182E+00  1.17027328E+00
   112  4.48000000E+01  1.17045331E+00  1.00094431E+00  1.17045331E+00
   113  4.52000000E+01  1.17062293E+00  1.00111556E+00  1.17062293E+00
   114  4.56000000E+01  1.17078870E+00  1.00130742E+00  1.17078870E+00
   115  4.60000000E+01  1.17094637E+00  1.00152182E+00  1.17094637E+00
   116  4.64000000E+01  1.17109487E+00  1.00176090E+00  1.17109487E+00
   117  4.68000000E+01  1.17124007E+00  1.00202691E+00  1.17124007E+00
   118  4.72000000E+01  1.17137780E+00  1.00232228E+00  1.17137780E+00
   119  4.76000000E+01  1.17150739E+00  1.00264960E+00  1.17150739E+00
   120  4.80000000E+01  1.17163375E+00  1.00301165E+00  1.17163375E+00
   121  4.84000000E+01  1.17175384E+00  1.00341136E+00  1.17175384E+00
   122  4.88000000E+01  1.17186671E+00  1.00385188E+00  1.17186671E+00
   123  4.92000000E+01  1.17197586E+00  1.00433652E+00  1.17197586E+00
   124  4.96000000E+01  1.17208025E+00  1.00486879E+00  1.17208025E+00
   125  5.00000000E+01  1.17217840E+00  1.00545238E+00  1.17217840E+00
   126  5.04000000E+01  1.17227189E+00  1.00609120E+00  1.17227189E+00
   127  5.08000000E+01  1.17236250E+00  1.00678929E+00  1.17236250E+00
   128  5.12000000E+01  1.17244751E+00  1.00755092E+00  1.17244751E+00
   129  5.16000000E+01  1.17252738E+00  1.00838050E+00  1.17252738E+00
   130  5.20000000E+01  1.17260515E+00  1.00928259E+00  1.17260515E+00
   131  5.24000000E+01  1.17267863E+00  1.01026192E+00  1.17267863E+00
   132  5.28000000E+01  1.17274757E+00  1.01132330E+00  1.17274757E+00
   133  5.32000000E+01  1.17281265E+00  1.01247165E+00  1.17281265E+00
   134  5.36000000E+01  1.17287597E+00  1.01371195E+00  1.17287597E+00
   135  5.40000000E+01  1.17293541E+00  1.01504919E+00  1.17293541E+00
   136  5.44000000E+01  1.17299105E+00  1.01648835E+00  1.17299105E+00
   137  5.48000000E+01  1.17304350E+00  1.01803434E+00  1.17304350E+00
   138  5.52000000E+01  1.17309453E+00  1.01969192E+00  1.17309453E+00
   139  5.56000000E+01  1.17314234E+00  1.02146568E+00  1.17314234E+00
   140  5.60000000E+01  1.17318714E+00  1.02335994E+00  1.17318714E+00
   141  5.64000000E+01  1.17322902E+00  1.02537867E+00  1.17322902E+00
   142  5.68000000E+01  1.17326925E+00  1.02752542E+00  1.17326925E+00
   143  5.72000000E+01  1.17330749E+00  1.02980323E+00  1.17330749E+00
   144  5.76000000E+01  1.17334325E+00  1.03221454E+00  1.17334325E+00
   145  5.80000000E+01  1.17337675E+00  1.03476106E+00  1.17337675E+00
   146  5.84000000E+01  1.17340807E+00  1.03744370E+00  1.17340807E+00
   147  5.88000000E+01  1.17343769E+00  1.04026249E+00  1.17343769E+00
   148  5.92000000E+01  1.17346613E+00  1.04321640E+00  1.17346613E+00
   149  5.96000000E+01  1.17349267E+00  1.04630333E+00  1.17349267E+00
   150  6.00000000E+01  1.17351755E+00  1.04951999E+00  1.17351755E+00
   151  6.04000000E+01  1.17354080E+00  1.05286178E+00  1.17354080E+00
   152  6.08000000E+01  1.17356259E+00  1.05632279E+00  1.17356259E+00
   153  6.12000000E+01  1.17358295E+00  1.05989568E+00  1.17358295E+00
   154  6.16000000E+01  1.17360205E+00  1.06357171E+00  1.17360205E+00
   155  6.20000000E+01  1.17362024E+00  1.06734065E+00  1.17362024E+00
   156  6.24000000E+01  1.17363737E+00  1.07119086E+00  1.17363737E+00
   157  6.28000000E+01  1.17365341E+00  1.07510928E+00  1.17365341E+00
   158  6.32000000E+01  1.17366837E+00  1.07908152E+00  1.17366837E+00
   159  6.36000000E+01  1.17368240E+00  1.08309194E+00  1.17368240E+00
   160  6.40000000E+01  1.17369550E+00  1.08712379E+00  1.17369550E+00
   161  6.44000000E+01  1.17370781E+00  1.09115937E+00  1.17370781E+00
   162  6.48000000E+01  1.17371928E+00  1.09518022E+00  1.17371928E+00
   163  6.52000000E+01  1.17373008E+00  1.09916737E+00  1.17373008E+00
   164  6.56000000E+01  1.17374019E+00  1.10310155E+00  1.17374019E+00
   165  6.60000000E+01  1.17374970E+00  1.10696356E+00  1.17374970E+00
   166  6.64000000E+01  1.17375857E+00  1.11073453E+00  1.17375857E+00
   167  6.68000000E+01  1.17376693E+00  1.11439626E+00  1.17376693E+00
   168  6.72000000E+01  1.17377475E+00  1.11793161E+00  1.17377475E+00
   169  6.76000000E+01  1.17378214E+00  1.12132485E+00  1.17378214E+00
   170  6.80000000E+01  1.17378904E+00  1.12456203E+00  1.17378904E+00
   171  6.84000000E+01  1.17379556E+00  1.12763132E+00  1.17379556E+00
   172  6.88000000E+01  1.17380164E+00  1.13052338E+00  1.17380164E+00
   173  6.92000000E+01  1.17380741E+00  1.13323164E+00  1.17380741E+00
   174  6.96000000E+01  1.17381281E+00  1.13575255E+00  1.17381281E+00
   175  7.00000000E+01  1.17381801E+00  1.13808576E+00  1.17381801E+00
   176  7.04000000E+01  1.17382308E+00  1.14023421E+00  1.17382308E+00
   177  7.08000000E+01  1.17382784E+00  1.14220416E+00  1.17382784E+00
   178  7.12000000E+01  1.17383238E+00  1.14400499E+00  1.17383238E+00
   179  7.16000000E+01  1.17383663E+00  1.14564902E+00  1.17383663E+00
   180  7.20000000E+01  1.17384069E+00  1.14715110E+00  1.17384069E+00
   181  7.24000000E+01  1.17384450E+00  1.14852805E+00  1.17384450E+00
   182  7.28000000E+01  1.17384813E+00  1.14979813E+00  1.17384813E+00
   183  7.32000000E+01  1.17385153E+00  1.15098019E+00  1.17385153E+00
   184  7.36000000E+01  1.17385484E+00  1.15209298E+00  1.17385484E+00
   185  7.40000000E+01  1.17385824E+00  1.15315426E+00  1.17385824E+00
   186  7.44000000E+01  1.17386143E+00  1.15418004E+00  1.17386143E+00
   187  7.48000000E+01  1.17386449E+00  1.15518387E+00  1.17386449E+00
   188  7.52000000E+01  1.17386734E+00  1.15617628E+00  1.17386734E+00
   189  7.56000000E+01  1.17387008E+00  1.15716435E+00  1.17387008E+00
   190  7.60000000E+01  1.17387263E+00  1.15815158E+00  1.17387263E+00
   191  7.64000000E+01  1.17387507E+00  1.15913798E+00  1.17387507E+00
   192  7.68000000E+01  1.17387767E+00  1.16012035E+00  1.17387767E+00
   193  7.72000000E+01  1.17388016E+00  1.16109289E+00  1.17388016E+00
   194  7.76000000E+01  1.17388254E+00  1.16204790E+00  1.17388254E+00
   195  7.80000000E+01  1.17388475E+00  1.16297666E+00  1.17388475E+00
   196  7.84000000E+01  1.17388686E+00  1.16387030E+00  1.17388686E+00
   197  7.88000000E+01  1.17388881E+00  1.16472071E+00  1.17388881E+00
   198  7.92000000E+01  1.17389070E+00  1.16552121E+00  1.17389070E+00
   199  7.96000000E+01  1.17389281E+00  1.16626713E+00  1.17389281E+00
   200  8.00000000E+01  1.17389475E+00  1.16695611E+00  1.17389475E+00
   201  8.04000000E+01  1.17389661E+00  1.16758810E+00  1.17389661E+00
   202  8.08000000E+01  1.17389831E+00  1.16816523E+00  1.17389831E+00
   203  8.12000000E+01  1.17389992E+00  1.16869131E+00  1.17389992E+00
   204  8.16000000E+01  1.17390139E+00  1.16917136E+00  1.17390139E+00
   205  8.20000000E+01  1.17390300E+00  1.16961091E+00  1.17390300E+00
   206  8.24000000E+01  1.17390465E+00  1.17001549E+00  1.17390465E+00
   207  8.28000000E+01  1.17390615E+00  1.17039004E+00  1.17390615E+00
   208  8.32000000E+01  1.17390757E+00  1.17073862E+00  1.17390757E+00
   209  8.36000000E+01  1.17390885E+00  1.17106415E+00  1.17390885E+00
   210  8.40000000E+01  1.17391006E+00  1.17136850E+00  1.17391006E+00
   211  8.44000000E+01  1.17391128E+00  1.17165256E+00  1.17391128E+00
   212  8.48000000E+01  1.17391263E+00  1.17191655E+00  1.17391263E+00
   213  8.52000000E+01  1.17391392E+00  1.17216032E+00  1.17391392E+00
   214  8.56000000E+01  1.17391507E+00  1.17238363E+00  1.17391507E+00
   215  8.60000000E+01  1.17391617E+00  1.17258647E+00  1.17391617E+00
   216  8.64000000E+01  1.17391714E+00  1.17276917E+00  1.17391714E+00
   217  8.68000000E+01  1.17391816E+00  1.17293249E+00  1.17391816E+00
   218  8.72000000E+01  1.17391940E+00  1.17307760E+00  1.17391940E+00
   219  8.76000000E+01  1.17392052E+00  1.17320596E+00  1.17392052E+00
   220  8.80000000E+01  1.17392160E+00  1.17331921E+00  1.17392160E+00
   221  8.84000000E+01  1.17392257E+00  1.17341899E+00  1.17392257E+00
   222  8.88000000E+01  1.17392351E+00  1.17350683E+00  1.17392351E+00
   223  8.92000000E+01  1.17392463E+00  1.17358403E+00  1.17392463E+00
   224  8.96000000E+01  1.17392584E+00  1.17365168E+00  1.17392584E+00
   225  9.00000000E+01  1.17392702E+00  1.17371062E+00  1.17392702E+00
   226  9.04000000E+01  1.17392811E+00  1.17376149E+00  1.17392811E+00
   227  9.08000000E+01  1.17392920E+00  1.17380483E+00  1.17392920E+00
   228  9.12000000E+01  1.17393034E+00  1.17384110E+00  1.17393034E+00
   229  9.16000000E+01  1.17393173E+00  1.17387074E+00  1.17393173E+00
   230  9.20000000E+01  1.17393311E+00  1.17389424E+00  1.17393311E+00
   231  9.24000000E+01  1.17393438E+00  1.17391211E+00  1.17393438E+00
   232  9.28000000E+01  1.17393560E+00  1.17392487E+00  1.17393560E+00
   233  9.32000000E+01  1.17393663E+00  1.17393310E+00  1.17393663E+00
   234  9.36000000E+01  1.17393760E+00  1.17393731E+00  1.17393760E+00
   235  9.40000000E+01  1.17393800E+00  1.17393800E+00  1.17393800E+00
   236  9.44000000E+01  1.17393563E+00  1.17393563E+00  1.17393563E+00
   237  9.48000000E+01  1.17393059E+00  1.17393059E+00  1.17393059E+00
   238  9.52000000E+01  1.17392321E+00  1.17392321E+00  1.17392321E+00
 steady-height stop at step    238: rounded to 4 decimals, rounded max/end/ratio =      11739     11739     11739, max/end/ratio =   1.17392321E+00  1.17392321E+00  1.17392321E+00
