 comppar: model =   2
 comppar: lambda,mobility/eps,betav,eta_0 =  1.0000E+00  0.0000E+00  5.0000E-02  1.0000E+00
 comppar: eta_s,eta_p,G =  5.0000E-02  9.5000E-01  9.5000E-01
 comppar: U_avg,deltat,flowrate,nsteps =  1.0000E-01  2.0000E-01  3.1416E-01    2000
 comppar: geometry = axisymmetric
 comppar: steady stop change,gap,hold,min =  1.0000E-07  1.0000E-03       1      80
 comppar: steady stop truncated decimals =       3
 comppar: ncompc,ncompg =     4     5
 mesh nnodes = 5797
 mesh nelem = 2796
 P1 BC   5.0000000000000000     
 P2 BC   0.0000000000000000     
     1  2.00000000E-01  1.00252482E+00  1.00000000E+00  1.00252482E+00
     2  4.00000000E-01  1.00495908E+00  1.00000000E+00  1.00495908E+00
     3  6.00000000E-01  1.00728316E+00  1.00000000E+00  1.00728316E+00
     4  8.00000000E-01  1.00955424E+00  1.00000000E+00  1.00955424E+00
     5  1.00000000E+00  1.01179323E+00  1.00000000E+00  1.01179323E+00
     6  1.20000000E+00  1.01400962E+00  1.00000000E+00  1.01400962E+00
     7  1.40000000E+00  1.01620240E+00  1.00000000E+00  1.01620240E+00
     8  1.60000000E+00  1.01838800E+00  1.00000000E+00  1.01838800E+00
     9  1.80000000E+00  1.02056095E+00  1.00000000E+00  1.02056095E+00
    10  2.00000000E+00  1.02271987E+00  1.00000001E+00  1.02271987E+00
    11  2.20000000E+00  1.02486377E+00  1.00000001E+00  1.02486377E+00
    12  2.40000000E+00  1.02699705E+00  1.00000001E+00  1.02699705E+00
    13  2.60000000E+00  1.02910346E+00  1.00000001E+00  1.02910346E+00
    14  2.80000000E+00  1.03120765E+00  1.00000001E+00  1.03120765E+00
    15  3.00000000E+00  1.03326925E+00  1.00000001E+00  1.03326925E+00
    16  3.20000000E+00  1.03533492E+00  1.00000001E+00  1.03533492E+00
    17  3.40000000E+00  1.03737036E+00  1.00000001E+00  1.03737036E+00
    18  3.60000000E+00  1.03937211E+00  1.00000001E+00  1.03937211E+00
    19  3.80000000E+00  1.04137972E+00  1.00000001E+00  1.04137972E+00
    20  4.00000000E+00  1.04333719E+00  1.00000001E+00  1.04333719E+00
    21  4.20000000E+00  1.04527656E+00  1.00000001E+00  1.04527656E+00
    22  4.40000000E+00  1.04721298E+00  1.00000000E+00  1.04721298E+00
    23  4.60000000E+00  1.04909478E+00  1.00000000E+00  1.04909478E+00
    24  4.80000000E+00  1.05096285E+00  9.99999999E-01  1.05096285E+00
    25  5.00000000E+00  1.05282239E+00  9.99999995E-01  1.05282239E+00
    26  5.20000000E+00  1.05462352E+00  9.99999992E-01  1.05462352E+00
    27  5.40000000E+00  1.05638506E+00  9.99999987E-01  1.05638506E+00
    28  5.60000000E+00  1.05817579E+00  9.99999982E-01  1.05817579E+00
    29  5.80000000E+00  1.05990566E+00  9.99999976E-01  1.05990566E+00
    30  6.00000000E+00  1.06158167E+00  9.99999969E-01  1.06158167E+00
    31  6.20000000E+00  1.06330199E+00  9.99999961E-01  1.06330199E+00
    32  6.40000000E+00  1.06495919E+00  9.99999953E-01  1.06495919E+00
    33  6.60000000E+00  1.06655038E+00  9.99999943E-01  1.06655038E+00
    34  6.80000000E+00  1.06818758E+00  9.99999932E-01  1.06818758E+00
    35  7.00000000E+00  1.06978739E+00  9.99999920E-01  1.06978739E+00
    36  7.20000000E+00  1.07132016E+00  9.99999906E-01  1.07132016E+00
    37  7.40000000E+00  1.07283459E+00  9.99999891E-01  1.07283459E+00
    38  7.60000000E+00  1.07437677E+00  9.99999875E-01  1.07437677E+00
    39  7.80000000E+00  1.07585088E+00  9.99999857E-01  1.07585088E+00
    40  8.00000000E+00  1.07725464E+00  9.99999837E-01  1.07725464E+00
    41  8.20000000E+00  1.07868026E+00  9.99999815E-01  1.07868026E+00
    42  8.40000000E+00  1.08011544E+00  9.99999791E-01  1.08011544E+00
    43  8.60000000E+00  1.08148029E+00  9.99999766E-01  1.08148029E+00
    44  8.80000000E+00  1.08277300E+00  9.99999737E-01  1.08277300E+00
    45  9.00000000E+00  1.08412963E+00  9.99999707E-01  1.08412963E+00
    46  9.20000000E+00  1.08545555E+00  9.99999674E-01  1.08545555E+00
    47  9.40000000E+00  1.08670934E+00  9.99999638E-01  1.08670934E+00
    48  9.60000000E+00  1.08788975E+00  9.99999599E-01  1.08788975E+00
    49  9.80000000E+00  1.08915003E+00  9.99999557E-01  1.08915003E+00
    50  1.00000000E+01  1.09038873E+00  9.99999512E-01  1.09038873E+00
    51  1.02000000E+01  1.09155477E+00  9.99999464E-01  1.09155477E+00
    52  1.04000000E+01  1.09264750E+00  9.99999411E-01  1.09264750E+00
    53  1.06000000E+01  1.09380214E+00  9.99999355E-01  1.09380214E+00
    54  1.08000000E+01  1.09495320E+00  9.99999295E-01  1.09495320E+00
    55  1.10000000E+01  1.09603143E+00  9.99999231E-01  1.09603143E+00
    56  1.12000000E+01  1.09703680E+00  9.99999162E-01  1.09703680E+00
    57  1.14000000E+01  1.09803071E+00  9.99999088E-01  1.09803071E+00
    58  1.16000000E+01  1.09911651E+00  9.99999009E-01  1.09911651E+00
    59  1.18000000E+01  1.10013015E+00  9.99998924E-01  1.10013015E+00
    60  1.20000000E+01  1.10107212E+00  9.99998834E-01  1.10107212E+00
    61  1.22000000E+01  1.10194361E+00  9.99998739E-01  1.10194361E+00
    62  1.24000000E+01  1.10293492E+00  9.99998636E-01  1.10293492E+00
    63  1.26000000E+01  1.10388364E+00  9.99998528E-01  1.10388364E+00
    64  1.28000000E+01  1.10476192E+00  9.99998412E-01  1.10476192E+00
    65  1.30000000E+01  1.10557151E+00  9.99998289E-01  1.10557151E+00
    66  1.32000000E+01  1.10640430E+00  9.99998158E-01  1.10640430E+00
    67  1.34000000E+01  1.10729298E+00  9.99998020E-01  1.10729298E+00
    68  1.36000000E+01  1.10811312E+00  9.99997872E-01  1.10811312E+00
    69  1.38000000E+01  1.10886706E+00  9.99997716E-01  1.10886706E+00
    70  1.40000000E+01  1.10956567E+00  9.99997551E-01  1.10956567E+00
    71  1.42000000E+01  1.11039404E+00  9.99997376E-01  1.11039404E+00
    72  1.44000000E+01  1.11115581E+00  9.99997191E-01  1.11115581E+00
    73  1.46000000E+01  1.11185393E+00  9.99996995E-01  1.11185393E+00
    74  1.48000000E+01  1.11249221E+00  9.99996788E-01  1.11249221E+00
    75  1.50000000E+01  1.11319451E+00  9.99996570E-01  1.11319451E+00
    76  1.52000000E+01  1.11390287E+00  9.99996339E-01  1.11390287E+00
    77  1.54000000E+01  1.11455109E+00  9.99996095E-01  1.11455109E+00
    78  1.56000000E+01  1.11514361E+00  9.99995838E-01  1.11514361E+00
    79  1.58000000E+01  1.11572358E+00  9.99995568E-01  1.11572358E+00
    80  1.60000000E+01  1.11637841E+00  9.99995282E-01  1.11637841E+00
    81  1.62000000E+01  1.11697666E+00  9.99994982E-01  1.11697666E+00
    82  1.64000000E+01  1.11752342E+00  9.99994665E-01  1.11752342E+00
    83  1.66000000E+01  1.11802436E+00  9.99994332E-01  1.11802436E+00
    84  1.68000000E+01  1.11860955E+00  9.99993982E-01  1.11860955E+00
    85  1.70000000E+01  1.11916525E+00  9.99993614E-01  1.11916525E+00
    86  1.72000000E+01  1.11967415E+00  9.99993228E-01  1.11967415E+00
    87  1.74000000E+01  1.12014189E+00  9.99992822E-01  1.12014189E+00
    88  1.76000000E+01  1.12060840E+00  9.99992395E-01  1.12060840E+00
    89  1.78000000E+01  1.12112164E+00  9.99991948E-01  1.12112164E+00
    90  1.80000000E+01  1.12159294E+00  9.99991479E-01  1.12159294E+00
    91  1.82000000E+01  1.12202804E+00  9.99990988E-01  1.12202804E+00
    92  1.84000000E+01  1.12243224E+00  9.99990472E-01  1.12243224E+00
    93  1.86000000E+01  1.12288855E+00  9.99989933E-01  1.12288855E+00
    94  1.88000000E+01  1.12332941E+00  9.99989368E-01  1.12332941E+00
    95  1.90000000E+01  1.12373779E+00  9.99988777E-01  1.12373779E+00
    96  1.92000000E+01  1.12411812E+00  9.99988158E-01  1.12411812E+00
    97  1.94000000E+01  1.12447383E+00  9.99987512E-01  1.12447383E+00
    98  1.96000000E+01  1.12486447E+00  9.99986836E-01  1.12486447E+00
    99  1.98000000E+01  1.12524759E+00  9.99986130E-01  1.12524759E+00
   100  2.00000000E+01  1.12560617E+00  9.99985393E-01  1.12560617E+00
   101  2.02000000E+01  1.12594264E+00  9.99984624E-01  1.12594264E+00
   102  2.04000000E+01  1.12625808E+00  9.99983821E-01  1.12625808E+00
   103  2.06000000E+01  1.12661696E+00  9.99982984E-01  1.12661696E+00
   104  2.08000000E+01  1.12695399E+00  9.99982111E-01  1.12695399E+00
   105  2.10000000E+01  1.12726915E+00  9.99981202E-01  1.12726915E+00
   106  2.12000000E+01  1.12756278E+00  9.99980255E-01  1.12756278E+00
   107  2.14000000E+01  1.12783428E+00  9.99979269E-01  1.12783428E+00
   108  2.16000000E+01  1.12813959E+00  9.99978243E-01  1.12813959E+00
   109  2.18000000E+01  1.12843722E+00  9.99977176E-01  1.12843722E+00
   110  2.20000000E+01  1.12871316E+00  9.99976066E-01  1.12871316E+00
   111  2.22000000E+01  1.12896608E+00  9.99974913E-01  1.12896608E+00
   112  2.24000000E+01  1.12920744E+00  9.99973715E-01  1.12920744E+00
   113  2.26000000E+01  1.12948311E+00  9.99972472E-01  1.12948311E+00
   114  2.28000000E+01  1.12973620E+00  9.99971181E-01  1.12973620E+00
   115  2.30000000E+01  1.12996544E+00  9.99969842E-01  1.12996544E+00
   116  2.32000000E+01  1.13016950E+00  9.99968454E-01  1.13016950E+00
   117  2.34000000E+01  1.13040078E+00  9.99967016E-01  1.13040078E+00
   118  2.36000000E+01  1.13063492E+00  9.99965526E-01  1.13063492E+00
   119  2.38000000E+01  1.13084395E+00  9.99963984E-01  1.13084395E+00
   120  2.40000000E+01  1.13102664E+00  9.99962388E-01  1.13102664E+00
   121  2.42000000E+01  1.13121162E+00  9.99960738E-01  1.13121162E+00
   122  2.44000000E+01  1.13142241E+00  9.99959032E-01  1.13142241E+00
   123  2.46000000E+01  1.13160797E+00  9.99957270E-01  1.13160797E+00
   124  2.48000000E+01  1.13176765E+00  9.99955451E-01  1.13176765E+00
   125  2.50000000E+01  1.13192139E+00  9.99953573E-01  1.13192139E+00
   126  2.52000000E+01  1.13211184E+00  9.99951637E-01  1.13211184E+00
   127  2.54000000E+01  1.13227616E+00  9.99949642E-01  1.13227616E+00
   128  2.56000000E+01  1.13241420E+00  9.99947586E-01  1.13241420E+00
   129  2.58000000E+01  1.13253838E+00  9.99945470E-01  1.13253838E+00
   130  2.60000000E+01  1.13270616E+00  9.99943294E-01  1.13270616E+00
   131  2.62000000E+01  1.13284859E+00  9.99941056E-01  1.13284859E+00
   132  2.64000000E+01  1.13296611E+00  9.99938757E-01  1.13296611E+00
   133  2.66000000E+01  1.13307535E+00  9.99936398E-01  1.13307535E+00
   134  2.68000000E+01  1.13322219E+00  9.99933977E-01  1.13322219E+00
   135  2.70000000E+01  1.13334364E+00  9.99931497E-01  1.13334364E+00
   136  2.72000000E+01  1.13344081E+00  9.99928956E-01  1.13344081E+00
   137  2.74000000E+01  1.13353351E+00  9.99926356E-01  1.13353351E+00
   138  2.76000000E+01  1.13365965E+00  9.99923698E-01  1.13365965E+00
   139  2.78000000E+01  1.13376198E+00  9.99920982E-01  1.13376198E+00
   140  2.80000000E+01  1.13384207E+00  9.99918212E-01  1.13384207E+00
   141  2.82000000E+01  1.13392844E+00  9.99915387E-01  1.13392844E+00
   142  2.84000000E+01  1.13403441E+00  9.99912510E-01  1.13403441E+00
   143  2.86000000E+01  1.13411750E+00  9.99909583E-01  1.13411750E+00
   144  2.88000000E+01  1.13417992E+00  9.99906609E-01  1.13417992E+00
   145  2.90000000E+01  1.13426009E+00  9.99903591E-01  1.13426009E+00
   146  2.92000000E+01  1.13434834E+00  9.99900532E-01  1.13434834E+00
   147  2.94000000E+01  1.13441585E+00  9.99897436E-01  1.13441585E+00
   148  2.96000000E+01  1.13446506E+00  9.99894306E-01  1.13446506E+00
   149  2.98000000E+01  1.13454086E+00  9.99891148E-01  1.13454086E+00
   150  3.00000000E+01  1.13461106E+00  9.99887967E-01  1.13461106E+00
   151  3.02000000E+01  1.13466232E+00  9.99884767E-01  1.13466232E+00
   152  3.04000000E+01  1.13469810E+00  9.99881557E-01  1.13469810E+00
   153  3.06000000E+01  1.13477336E+00  9.99878341E-01  1.13477336E+00
   154  3.08000000E+01  1.13482944E+00  9.99875128E-01  1.13482944E+00
   155  3.10000000E+01  1.13486891E+00  9.99871926E-01  1.13486891E+00
   156  3.12000000E+01  1.13490520E+00  9.99868744E-01  1.13490520E+00
   157  3.14000000E+01  1.13496368E+00  9.99865591E-01  1.13496368E+00
   158  3.16000000E+01  1.13500493E+00  9.99862477E-01  1.13500493E+00
   159  3.18000000E+01  1.13503192E+00  9.99859414E-01  1.13503192E+00
   160  3.20000000E+01  1.13507494E+00  9.99856414E-01  1.13507494E+00
   161  3.22000000E+01  1.13512068E+00  9.99853491E-01  1.13512068E+00
   162  3.24000000E+01  1.13515151E+00  9.99850657E-01  1.13515151E+00
   163  3.26000000E+01  1.13517035E+00  9.99847928E-01  1.13517035E+00
   164  3.28000000E+01  1.13520960E+00  9.99845320E-01  1.13520960E+00
   165  3.30000000E+01  1.13524195E+00  9.99842850E-01  1.13524195E+00
   166  3.32000000E+01  1.13526178E+00  9.99840538E-01  1.13526178E+00
   167  3.34000000E+01  1.13528340E+00  9.99838403E-01  1.13528340E+00
   168  3.36000000E+01  1.13531987E+00  9.99836466E-01  1.13531987E+00
   169  3.38000000E+01  1.13534308E+00  9.99834750E-01  1.13534308E+00
   170  3.40000000E+01  1.13535592E+00  9.99833281E-01  1.13535592E+00
   171  3.42000000E+01  1.13537578E+00  9.99832083E-01  1.13537578E+00
   172  3.44000000E+01  1.13540027E+00  9.99831184E-01  1.13540027E+00
   173  3.46000000E+01  1.13541390E+00  9.99830616E-01  1.13541390E+00
   174  3.48000000E+01  1.13542298E+00  9.99830408E-01  1.13542298E+00
   175  3.50000000E+01  1.13545118E+00  9.99830595E-01  1.13545118E+00
   176  3.52000000E+01  1.13546772E+00  9.99831212E-01  1.13546772E+00
   177  3.54000000E+01  1.13547545E+00  9.99832297E-01  1.13547545E+00
   178  3.56000000E+01  1.13548354E+00  9.99833891E-01  1.13548354E+00
   179  3.58000000E+01  1.13550113E+00  9.99836036E-01  1.13550113E+00
   180  3.60000000E+01  1.13550946E+00  9.99838776E-01  1.13550946E+00
   181  3.62000000E+01  1.13551228E+00  9.99842160E-01  1.13551228E+00
   182  3.64000000E+01  1.13553315E+00  9.99846238E-01  1.13553315E+00
   183  3.66000000E+01  1.13554393E+00  9.99851064E-01  1.13554393E+00
   184  3.68000000E+01  1.13554737E+00  9.99856694E-01  1.13554737E+00
   185  3.70000000E+01  1.13554917E+00  9.99863187E-01  1.13554917E+00
   186  3.72000000E+01  1.13556079E+00  9.99870607E-01  1.13556079E+00
   187  3.74000000E+01  1.13556466E+00  9.99879020E-01  1.13556466E+00
   188  3.76000000E+01  1.13556547E+00  9.99888497E-01  1.13556547E+00
   189  3.78000000E+01  1.13557993E+00  9.99899111E-01  1.13557993E+00
   190  3.80000000E+01  1.13558579E+00  9.99910941E-01  1.13558579E+00
   191  3.82000000E+01  1.13558568E+00  9.99924069E-01  1.13558568E+00
   192  3.84000000E+01  1.13558490E+00  9.99938583E-01  1.13558490E+00
   193  3.86000000E+01  1.13559140E+00  9.99954573E-01  1.13559140E+00
   194  3.88000000E+01  1.13559157E+00  9.99972135E-01  1.13559157E+00
   195  3.90000000E+01  1.13559320E+00  9.99991372E-01  1.13559320E+00
   196  3.92000000E+01  1.13560210E+00  1.00001239E+00  1.13560210E+00
   197  3.94000000E+01  1.13560383E+00  1.00003530E+00  1.13560383E+00
   198  3.96000000E+01  1.13560086E+00  1.00006022E+00  1.13560086E+00
   199  3.98000000E+01  1.13559993E+00  1.00008727E+00  1.13559993E+00
   200  4.00000000E+01  1.13560212E+00  1.00011659E+00  1.13560212E+00
   201  4.02000000E+01  1.13559931E+00  1.00014831E+00  1.13559931E+00
   202  4.04000000E+01  1.13560346E+00  1.00018256E+00  1.13560346E+00
   203  4.06000000E+01  1.13560800E+00  1.00021951E+00  1.13560800E+00
   204  4.08000000E+01  1.13561188E+00  1.00025930E+00  1.13561188E+00
   205  4.10000000E+01  1.13561490E+00  1.00030211E+00  1.13561490E+00
   206  4.12000000E+01  1.13561961E+00  1.00034809E+00  1.13561961E+00
   207  4.14000000E+01  1.13562397E+00  1.00039744E+00  1.13562397E+00
   208  4.16000000E+01  1.13562745E+00  1.00045033E+00  1.13562745E+00
   209  4.18000000E+01  1.13563013E+00  1.00050697E+00  1.13563013E+00
   210  4.20000000E+01  1.13563217E+00  1.00056755E+00  1.13563217E+00
   211  4.22000000E+01  1.13563540E+00  1.00063230E+00  1.13563540E+00
   212  4.24000000E+01  1.13563810E+00  1.00070143E+00  1.13563810E+00
   213  4.26000000E+01  1.13564013E+00  1.00077517E+00  1.13564013E+00
   214  4.28000000E+01  1.13564164E+00  1.00085378E+00  1.13564164E+00
   215  4.30000000E+01  1.13564279E+00  1.00093749E+00  1.13564279E+00
   216  4.32000000E+01  1.13564374E+00  1.00102658E+00  1.13564374E+00
   217  4.34000000E+01  1.13564549E+00  1.00112133E+00  1.13564549E+00
   218  4.36000000E+01  1.13564681E+00  1.00122201E+00  1.13564681E+00
   219  4.38000000E+01  1.13564782E+00  1.00132892E+00  1.13564782E+00
   220  4.40000000E+01  1.13564865E+00  1.00144239E+00  1.13564865E+00
   221  4.42000000E+01  1.13564939E+00  1.00156272E+00  1.13564939E+00
   222  4.44000000E+01  1.13565011E+00  1.00169026E+00  1.13565011E+00
   223  4.46000000E+01  1.13565083E+00  1.00182535E+00  1.13565083E+00
   224  4.48000000E+01  1.13565157E+00  1.00196835E+00  1.13565157E+00
   225  4.50000000E+01  1.13565232E+00  1.00211965E+00  1.13565232E+00
   226  4.52000000E+01  1.13565306E+00  1.00227962E+00  1.13565306E+00
   227  4.54000000E+01  1.13565377E+00  1.00244868E+00  1.13565377E+00
   228  4.56000000E+01  1.13565442E+00  1.00262724E+00  1.13565442E+00
   229  4.58000000E+01  1.13565501E+00  1.00281573E+00  1.13565501E+00
   230  4.60000000E+01  1.13565551E+00  1.00301460E+00  1.13565551E+00
   231  4.62000000E+01  1.13565593E+00  1.00322432E+00  1.13565593E+00
   232  4.64000000E+01  1.13565626E+00  1.00344535E+00  1.13565626E+00
   233  4.66000000E+01  1.13565651E+00  1.00367820E+00  1.13565651E+00
   234  4.68000000E+01  1.13565668E+00  1.00392337E+00  1.13565668E+00
   235  4.70000000E+01  1.13565679E+00  1.00418139E+00  1.13565679E+00
   236  4.72000000E+01  1.13565692E+00  1.00445280E+00  1.13565692E+00
   237  4.74000000E+01  1.13565710E+00  1.00473815E+00  1.13565710E+00
   238  4.76000000E+01  1.13565721E+00  1.00503802E+00  1.13565721E+00
   239  4.78000000E+01  1.13565727E+00  1.00535299E+00  1.13565727E+00
   240  4.80000000E+01  1.13565729E+00  1.00568367E+00  1.13565729E+00
   241  4.82000000E+01  1.13565727E+00  1.00603067E+00  1.13565727E+00
   242  4.84000000E+01  1.13565723E+00  1.00639464E+00  1.13565723E+00
   243  4.86000000E+01  1.13565716E+00  1.00677622E+00  1.13565716E+00
   244  4.88000000E+01  1.13565708E+00  1.00717607E+00  1.13565708E+00
   245  4.90000000E+01  1.13565699E+00  1.00759488E+00  1.13565699E+00
   246  4.92000000E+01  1.13565688E+00  1.00803332E+00  1.13565688E+00
   247  4.94000000E+01  1.13565676E+00  1.00849212E+00  1.13565676E+00
   248  4.96000000E+01  1.13565663E+00  1.00897198E+00  1.13565663E+00
   249  4.98000000E+01  1.13565650E+00  1.00947364E+00  1.13565650E+00
   250  5.00000000E+01  1.13565635E+00  1.00999784E+00  1.13565635E+00
   251  5.02000000E+01  1.13565620E+00  1.01054532E+00  1.13565620E+00
   252  5.04000000E+01  1.13565604E+00  1.01111684E+00  1.13565604E+00
   253  5.06000000E+01  1.13565587E+00  1.01171318E+00  1.13565587E+00
   254  5.08000000E+01  1.13565570E+00  1.01233509E+00  1.13565570E+00
   255  5.10000000E+01  1.13565553E+00  1.01298336E+00  1.13565553E+00
   256  5.12000000E+01  1.13565536E+00  1.01365876E+00  1.13565536E+00
   257  5.14000000E+01  1.13565519E+00  1.01436206E+00  1.13565519E+00
   258  5.16000000E+01  1.13565501E+00  1.01509404E+00  1.13565501E+00
   259  5.18000000E+01  1.13565484E+00  1.01585545E+00  1.13565484E+00
   260  5.20000000E+01  1.13565467E+00  1.01664706E+00  1.13565467E+00
   261  5.22000000E+01  1.13565451E+00  1.01746961E+00  1.13565451E+00
   262  5.24000000E+01  1.13565435E+00  1.01832384E+00  1.13565435E+00
   263  5.26000000E+01  1.13565419E+00  1.01921045E+00  1.13565419E+00
   264  5.28000000E+01  1.13565404E+00  1.02013013E+00  1.13565404E+00
   265  5.30000000E+01  1.13565389E+00  1.02108356E+00  1.13565389E+00
   266  5.32000000E+01  1.13565374E+00  1.02207137E+00  1.13565374E+00
   267  5.34000000E+01  1.13565360E+00  1.02309418E+00  1.13565360E+00
   268  5.36000000E+01  1.13565347E+00  1.02415255E+00  1.13565347E+00
   269  5.38000000E+01  1.13565333E+00  1.02524702E+00  1.13565333E+00
   270  5.40000000E+01  1.13565321E+00  1.02637809E+00  1.13565321E+00
   271  5.42000000E+01  1.13565308E+00  1.02754618E+00  1.13565308E+00
   272  5.44000000E+01  1.13565297E+00  1.02875171E+00  1.13565297E+00
   273  5.46000000E+01  1.13565285E+00  1.02999498E+00  1.13565285E+00
   274  5.48000000E+01  1.13565275E+00  1.03127629E+00  1.13565275E+00
   275  5.50000000E+01  1.13565264E+00  1.03259583E+00  1.13565264E+00
   276  5.52000000E+01  1.13565255E+00  1.03395374E+00  1.13565255E+00
   277  5.54000000E+01  1.13565245E+00  1.03535007E+00  1.13565245E+00
   278  5.56000000E+01  1.13565236E+00  1.03678479E+00  1.13565236E+00
   279  5.58000000E+01  1.13565228E+00  1.03825778E+00  1.13565228E+00
   280  5.60000000E+01  1.13565219E+00  1.03976884E+00  1.13565219E+00
   281  5.62000000E+01  1.13565212E+00  1.04131765E+00  1.13565212E+00
   282  5.64000000E+01  1.13565204E+00  1.04290379E+00  1.13565204E+00
   283  5.66000000E+01  1.13565197E+00  1.04452675E+00  1.13565197E+00
   284  5.68000000E+01  1.13565191E+00  1.04618588E+00  1.13565191E+00
   285  5.70000000E+01  1.13565185E+00  1.04788042E+00  1.13565185E+00
   286  5.72000000E+01  1.13565179E+00  1.04960949E+00  1.13565179E+00
   287  5.74000000E+01  1.13565173E+00  1.05137208E+00  1.13565173E+00
   288  5.76000000E+01  1.13565168E+00  1.05316706E+00  1.13565168E+00
   289  5.78000000E+01  1.13565163E+00  1.05499316E+00  1.13565163E+00
   290  5.80000000E+01  1.13565158E+00  1.05684898E+00  1.13565158E+00
   291  5.82000000E+01  1.13565154E+00  1.05873299E+00  1.13565154E+00
   292  5.84000000E+01  1.13565150E+00  1.06064353E+00  1.13565150E+00
   293  5.86000000E+01  1.13565146E+00  1.06257879E+00  1.13565146E+00
   294  5.88000000E+01  1.13565142E+00  1.06453684E+00  1.13565142E+00
   295  5.90000000E+01  1.13565139E+00  1.06651562E+00  1.13565139E+00
   296  5.92000000E+01  1.13565135E+00  1.06851295E+00  1.13565135E+00
   297  5.94000000E+01  1.13565132E+00  1.07052650E+00  1.13565132E+00
   298  5.96000000E+01  1.13565130E+00  1.07255384E+00  1.13565130E+00
   299  5.98000000E+01  1.13565127E+00  1.07459242E+00  1.13565127E+00
   300  6.00000000E+01  1.13565124E+00  1.07663956E+00  1.13565124E+00
   301  6.02000000E+01  1.13565122E+00  1.07869249E+00  1.13565122E+00
   302  6.04000000E+01  1.13565120E+00  1.08074834E+00  1.13565120E+00
   303  6.06000000E+01  1.13565118E+00  1.08280415E+00  1.13565118E+00
   304  6.08000000E+01  1.13565116E+00  1.08485684E+00  1.13565116E+00
   305  6.10000000E+01  1.13565114E+00  1.08690330E+00  1.13565114E+00
   306  6.12000000E+01  1.13565113E+00  1.08894032E+00  1.13565113E+00
   307  6.14000000E+01  1.13565111E+00  1.09096465E+00  1.13565111E+00
   308  6.16000000E+01  1.13565110E+00  1.09297298E+00  1.13565110E+00
   309  6.18000000E+01  1.13565108E+00  1.09496197E+00  1.13565108E+00
   310  6.20000000E+01  1.13565107E+00  1.09692826E+00  1.13565107E+00
   311  6.22000000E+01  1.13565106E+00  1.09886848E+00  1.13565106E+00
   312  6.24000000E+01  1.13565105E+00  1.10077926E+00  1.13565105E+00
   313  6.26000000E+01  1.13565104E+00  1.10265727E+00  1.13565104E+00
   314  6.28000000E+01  1.13565103E+00  1.10449919E+00  1.13565103E+00
   315  6.30000000E+01  1.13565102E+00  1.10630178E+00  1.13565102E+00
   316  6.32000000E+01  1.13565101E+00  1.10806187E+00  1.13565101E+00
   317  6.34000000E+01  1.13565101E+00  1.10977636E+00  1.13565101E+00
   318  6.36000000E+01  1.13565100E+00  1.11144229E+00  1.13565100E+00
   319  6.38000000E+01  1.13565099E+00  1.11305681E+00  1.13565099E+00
   320  6.40000000E+01  1.13565099E+00  1.11461726E+00  1.13565099E+00
   321  6.42000000E+01  1.13565098E+00  1.11612112E+00  1.13565098E+00
   322  6.44000000E+01  1.13565098E+00  1.11756610E+00  1.13565098E+00
   323  6.46000000E+01  1.13565097E+00  1.11895013E+00  1.13565097E+00
   324  6.48000000E+01  1.13565097E+00  1.12027139E+00  1.13565097E+00
   325  6.50000000E+01  1.13565096E+00  1.12152835E+00  1.13565096E+00
   326  6.52000000E+01  1.13565096E+00  1.12271980E+00  1.13565096E+00
   327  6.54000000E+01  1.13565096E+00  1.12384487E+00  1.13565096E+00
   328  6.56000000E+01  1.13565095E+00  1.12490305E+00  1.13565095E+00
   329  6.58000000E+01  1.13565095E+00  1.12589426E+00  1.13565095E+00
   330  6.60000000E+01  1.13565095E+00  1.12681883E+00  1.13565095E+00
   331  6.62000000E+01  1.13565095E+00  1.12767754E+00  1.13565095E+00
   332  6.64000000E+01  1.13565094E+00  1.12847163E+00  1.13565094E+00
   333  6.66000000E+01  1.13565094E+00  1.12920280E+00  1.13565094E+00
   334  6.68000000E+01  1.13565094E+00  1.12987321E+00  1.13565094E+00
   335  6.70000000E+01  1.13565094E+00  1.13048545E+00  1.13565094E+00
   336  6.72000000E+01  1.13565094E+00  1.13104249E+00  1.13565094E+00
   337  6.74000000E+01  1.13565094E+00  1.13154765E+00  1.13565094E+00
   338  6.76000000E+01  1.13565093E+00  1.13200451E+00  1.13565093E+00
   339  6.78000000E+01  1.13565093E+00  1.13241682E+00  1.13565093E+00
   340  6.80000000E+01  1.13565093E+00  1.13278843E+00  1.13565093E+00
   341  6.82000000E+01  1.13565093E+00  1.13312317E+00  1.13565093E+00
   342  6.84000000E+01  1.13565093E+00  1.13342476E+00  1.13565093E+00
   343  6.86000000E+01  1.13565093E+00  1.13369670E+00  1.13565093E+00
   344  6.88000000E+01  1.13565093E+00  1.13394220E+00  1.13565093E+00
   345  6.90000000E+01  1.13565093E+00  1.13416409E+00  1.13565093E+00
   346  6.92000000E+01  1.13565093E+00  1.13436481E+00  1.13565093E+00
   347  6.94000000E+01  1.13565093E+00  1.13454634E+00  1.13565093E+00
   348  6.96000000E+01  1.13565093E+00  1.13471024E+00  1.13565093E+00
   349  6.98000000E+01  1.13565093E+00  1.13485769E+00  1.13565093E+00
   350  7.00000000E+01  1.13565093E+00  1.13498948E+00  1.13565093E+00
   351  7.02000000E+01  1.13565093E+00  1.13510616E+00  1.13565093E+00
 steady-height stop at step    351: truncated to 3 decimals, truncated max/end/ratio =       1135      1135      1135, max/end/ratio =   1.13565093E+00  1.13510616E+00  1.13565093E+00
