 comppar: model =   3
 comppar: lambda,mobility/eps,betav,eta_0 =  9.0000E+00  1.0000E-02  5.0000E-01  1.0000E+00
 comppar: eta_s,eta_p,G =  5.0000E-01  5.0000E-01  5.5556E-02
 comppar: U_avg,deltat,flowrate,nsteps =  1.0000E-01  4.0000E-01  3.1416E-01    1000
 comppar: geometry = axisymmetric
 comppar: steady stop change,gap,hold,min =  1.0000E-05  2.0000E-04      10      80
 comppar: steady stop rounded decimals =       4
 comppar: ncompc,ncompg =     4     5
 mesh nnodes = 22999
 mesh nelem = 11296
 P1 BC   5.0000000000000000     
 P2 BC   0.0000000000000000     
     1  4.00000000E-01  1.00503819E+00  1.00000000E+00  1.00503819E+00
     2  8.00000000E-01  1.00991227E+00  1.00000000E+00  1.00991227E+00
     3  1.20000000E+00  1.01462324E+00  1.00000000E+00  1.01462324E+00
     4  1.60000000E+00  1.01919199E+00  1.00000000E+00  1.01919199E+00
     5  2.00000000E+00  1.02363054E+00  1.00000000E+00  1.02363054E+00
     6  2.40000000E+00  1.02795787E+00  1.00000000E+00  1.02795787E+00
     7  2.80000000E+00  1.03219425E+00  1.00000000E+00  1.03219425E+00
     8  3.20000000E+00  1.03635694E+00  1.00000000E+00  1.03635694E+00
     9  3.60000000E+00  1.04045948E+00  1.00000000E+00  1.04045948E+00
    10  4.00000000E+00  1.04453476E+00  1.00000000E+00  1.04453476E+00
    11  4.40000000E+00  1.04857795E+00  9.99999999E-01  1.04857795E+00
    12  4.80000000E+00  1.05262431E+00  9.99999994E-01  1.05262431E+00
    13  5.20000000E+00  1.05667721E+00  9.99999987E-01  1.05667721E+00
    14  5.60000000E+00  1.06074846E+00  9.99999978E-01  1.06074846E+00
    15  6.00000000E+00  1.06484951E+00  9.99999967E-01  1.06484951E+00
    16  6.40000000E+00  1.06899186E+00  9.99999952E-01  1.06899186E+00
    17  6.80000000E+00  1.07318080E+00  9.99999934E-01  1.07318080E+00
    18  7.20000000E+00  1.07742159E+00  9.99999913E-01  1.07742159E+00
    19  7.60000000E+00  1.08171347E+00  9.99999887E-01  1.08171347E+00
    20  8.00000000E+00  1.08609012E+00  9.99999856E-01  1.08609012E+00
    21  8.40000000E+00  1.09052619E+00  9.99999821E-01  1.09052619E+00
    22  8.80000000E+00  1.09501514E+00  9.99999780E-01  1.09501514E+00
    23  9.20000000E+00  1.09960612E+00  9.99999733E-01  1.09960612E+00
    24  9.60000000E+00  1.10423888E+00  9.99999680E-01  1.10423888E+00
    25  1.00000000E+01  1.10898057E+00  9.99999620E-01  1.10898057E+00
    26  1.04000000E+01  1.11377068E+00  9.99999553E-01  1.11377068E+00
    27  1.08000000E+01  1.11863285E+00  9.99999478E-01  1.11863285E+00
    28  1.12000000E+01  1.12358693E+00  9.99999394E-01  1.12358693E+00
    29  1.16000000E+01  1.12860065E+00  9.99999301E-01  1.12860065E+00
    30  1.20000000E+01  1.13367672E+00  9.99999199E-01  1.13367672E+00
    31  1.24000000E+01  1.13881550E+00  9.99999087E-01  1.13881550E+00
    32  1.28000000E+01  1.14402350E+00  9.99998963E-01  1.14402350E+00
    33  1.32000000E+01  1.14929929E+00  9.99998828E-01  1.14929929E+00
    34  1.36000000E+01  1.15462375E+00  9.99998681E-01  1.15462375E+00
    35  1.40000000E+01  1.15998913E+00  9.99998521E-01  1.15998913E+00
    36  1.44000000E+01  1.16538559E+00  9.99998348E-01  1.16538559E+00
    37  1.48000000E+01  1.17080158E+00  9.99998160E-01  1.17080158E+00
    38  1.52000000E+01  1.17623853E+00  9.99997956E-01  1.17623853E+00
    39  1.56000000E+01  1.18170130E+00  9.99997736E-01  1.18170130E+00
    40  1.60000000E+01  1.18715279E+00  9.99997500E-01  1.18715279E+00
    41  1.64000000E+01  1.19257991E+00  9.99997245E-01  1.19257991E+00
    42  1.68000000E+01  1.19800785E+00  9.99996971E-01  1.19800785E+00
    43  1.72000000E+01  1.20342170E+00  9.99996677E-01  1.20342170E+00
    44  1.76000000E+01  1.20878375E+00  9.99996362E-01  1.20878375E+00
    45  1.80000000E+01  1.21413764E+00  9.99996025E-01  1.21413764E+00
    46  1.84000000E+01  1.21946034E+00  9.99995664E-01  1.21946034E+00
    47  1.88000000E+01  1.22471144E+00  9.99995279E-01  1.22471144E+00
    48  1.92000000E+01  1.22998266E+00  9.99994867E-01  1.22998266E+00
    49  1.96000000E+01  1.23517052E+00  9.99994429E-01  1.23517052E+00
    50  2.00000000E+01  1.24026715E+00  9.99993962E-01  1.24026715E+00
    51  2.04000000E+01  1.24539021E+00  9.99993465E-01  1.24539021E+00
    52  2.08000000E+01  1.25041368E+00  9.99992937E-01  1.25041368E+00
    53  2.12000000E+01  1.25533023E+00  9.99992376E-01  1.25533023E+00
    54  2.16000000E+01  1.26027550E+00  9.99991780E-01  1.26027550E+00
    55  2.20000000E+01  1.26510754E+00  9.99991148E-01  1.26510754E+00
    56  2.24000000E+01  1.26990213E+00  9.99990478E-01  1.26990213E+00
    57  2.28000000E+01  1.27465508E+00  9.99989768E-01  1.27465508E+00
    58  2.32000000E+01  1.27931385E+00  9.99989017E-01  1.27931385E+00
    59  2.36000000E+01  1.28398496E+00  9.99988223E-01  1.28398496E+00
    60  2.40000000E+01  1.28852964E+00  9.99987383E-01  1.28852964E+00
    61  2.44000000E+01  1.29303739E+00  9.99986495E-01  1.29303739E+00
    62  2.48000000E+01  1.29749642E+00  9.99985558E-01  1.29749642E+00
    63  2.52000000E+01  1.30182401E+00  9.99984570E-01  1.30182401E+00
    64  2.56000000E+01  1.30617881E+00  9.99983527E-01  1.30617881E+00
    65  2.60000000E+01  1.31041951E+00  9.99982428E-01  1.31041951E+00
    66  2.64000000E+01  1.31460012E+00  9.99981270E-01  1.31460012E+00
    67  2.68000000E+01  1.31875508E+00  9.99980051E-01  1.31875508E+00
    68  2.72000000E+01  1.32278394E+00  9.99978768E-01  1.32278394E+00
    69  2.76000000E+01  1.32685332E+00  9.99977419E-01  1.32685332E+00
    70  2.80000000E+01  1.33079655E+00  9.99976001E-01  1.33079655E+00
    71  2.84000000E+01  1.33470813E+00  9.99974510E-01  1.33470813E+00
    72  2.88000000E+01  1.33857161E+00  9.99972945E-01  1.33857161E+00
    73  2.92000000E+01  1.34232012E+00  9.99971302E-01  1.34232012E+00
    74  2.96000000E+01  1.34608993E+00  9.99969579E-01  1.34608993E+00
    75  3.00000000E+01  1.34976518E+00  9.99967771E-01  1.34976518E+00
    76  3.04000000E+01  1.35334977E+00  9.99965876E-01  1.35334977E+00
    77  3.08000000E+01  1.35695604E+00  9.99963891E-01  1.35695604E+00
    78  3.12000000E+01  1.36046873E+00  9.99961813E-01  1.36046873E+00
    79  3.16000000E+01  1.36390286E+00  9.99959637E-01  1.36390286E+00
    80  3.20000000E+01  1.36735522E+00  9.99957361E-01  1.36735522E+00
    81  3.24000000E+01  1.37073017E+00  9.99954981E-01  1.37073017E+00
    82  3.28000000E+01  1.37403605E+00  9.99952494E-01  1.37403605E+00
    83  3.32000000E+01  1.37735464E+00  9.99949895E-01  1.37735464E+00
    84  3.36000000E+01  1.38061124E+00  9.99947181E-01  1.38061124E+00
    85  3.40000000E+01  1.38380527E+00  9.99944349E-01  1.38380527E+00
    86  3.44000000E+01  1.38697851E+00  9.99941395E-01  1.38697851E+00
    87  3.48000000E+01  1.39012588E+00  9.99938314E-01  1.39012588E+00
    88  3.52000000E+01  1.39320904E+00  9.99935104E-01  1.39320904E+00
    89  3.56000000E+01  1.39622948E+00  9.99931759E-01  1.39622948E+00
    90  3.60000000E+01  1.39926178E+00  9.99928277E-01  1.39926178E+00
    91  3.64000000E+01  1.40222027E+00  9.99924653E-01  1.40222027E+00
    92  3.68000000E+01  1.40509929E+00  9.99920884E-01  1.40509929E+00
    93  3.72000000E+01  1.40800323E+00  9.99916966E-01  1.40800323E+00
    94  3.76000000E+01  1.41081965E+00  9.99912894E-01  1.41081965E+00
    95  3.80000000E+01  1.41357935E+00  9.99908666E-01  1.41357935E+00
    96  3.84000000E+01  1.41633427E+00  9.99904277E-01  1.41633427E+00
    97  3.88000000E+01  1.41898945E+00  9.99899724E-01  1.41898945E+00
    98  3.92000000E+01  1.42165735E+00  9.99895003E-01  1.42165735E+00
    99  3.96000000E+01  1.42424724E+00  9.99890112E-01  1.42424724E+00
   100  4.00000000E+01  1.42678153E+00  9.99885046E-01  1.42678153E+00
   101  4.04000000E+01  1.42930623E+00  9.99879803E-01  1.42930623E+00
   102  4.08000000E+01  1.43172433E+00  9.99874379E-01  1.43172433E+00
   103  4.12000000E+01  1.43418063E+00  9.99868773E-01  1.43418063E+00
   104  4.16000000E+01  1.43653358E+00  9.99862981E-01  1.43653358E+00
   105  4.20000000E+01  1.43887283E+00  9.99857001E-01  1.43887283E+00
   106  4.24000000E+01  1.44116359E+00  9.99850832E-01  1.44116359E+00
   107  4.28000000E+01  1.44338903E+00  9.99844471E-01  1.44338903E+00
   108  4.32000000E+01  1.44561787E+00  9.99837919E-01  1.44561787E+00
   109  4.36000000E+01  1.44775121E+00  9.99831173E-01  1.44775121E+00
   110  4.40000000E+01  1.44989784E+00  9.99824234E-01  1.44989784E+00
   111  4.44000000E+01  1.45197699E+00  9.99817102E-01  1.45197699E+00
   112  4.48000000E+01  1.45400958E+00  9.99809777E-01  1.45400958E+00
   113  4.52000000E+01  1.45603589E+00  9.99802261E-01  1.45603589E+00
   114  4.56000000E+01  1.45798393E+00  9.99794556E-01  1.45798393E+00
   115  4.60000000E+01  1.45993844E+00  9.99786665E-01  1.45993844E+00
   116  4.64000000E+01  1.46184114E+00  9.99778590E-01  1.46184114E+00
   117  4.68000000E+01  1.46368573E+00  9.99770338E-01  1.46368573E+00
   118  4.72000000E+01  1.46554499E+00  9.99761912E-01  1.46554499E+00
   119  4.76000000E+01  1.46734005E+00  9.99753319E-01  1.46734005E+00
   120  4.80000000E+01  1.46911112E+00  9.99744567E-01  1.46911112E+00
   121  4.84000000E+01  1.47086660E+00  9.99735664E-01  1.47086660E+00
   122  4.88000000E+01  1.47256260E+00  9.99726621E-01  1.47256260E+00
   123  4.92000000E+01  1.47425606E+00  9.99717447E-01  1.47425606E+00
   124  4.96000000E+01  1.47591507E+00  9.99708156E-01  1.47591507E+00
   125  5.00000000E+01  1.47751491E+00  9.99698762E-01  1.47751491E+00
   126  5.04000000E+01  1.47913222E+00  9.99689281E-01  1.47913222E+00
   127  5.08000000E+01  1.48069411E+00  9.99679731E-01  1.48069411E+00
   128  5.12000000E+01  1.48221626E+00  9.99670131E-01  1.48221626E+00
   129  5.16000000E+01  1.48374116E+00  9.99660504E-01  1.48374116E+00
   130  5.20000000E+01  1.48520424E+00  9.99650872E-01  1.48520424E+00
   131  5.24000000E+01  1.48666368E+00  9.99641264E-01  1.48666368E+00
   132  5.28000000E+01  1.48808904E+00  9.99631707E-01  1.48808904E+00
   133  5.32000000E+01  1.48946836E+00  9.99622233E-01  1.48946836E+00
   134  5.36000000E+01  1.49085640E+00  9.99612877E-01  1.49085640E+00
   135  5.40000000E+01  1.49218189E+00  9.99603676E-01  1.49218189E+00
   136  5.44000000E+01  1.49350477E+00  9.99594672E-01  1.49350477E+00
   137  5.48000000E+01  1.49479414E+00  9.99585908E-01  1.49479414E+00
   138  5.52000000E+01  1.49604010E+00  9.99577433E-01  1.49604010E+00
   139  5.56000000E+01  1.49729365E+00  9.99569299E-01  1.49729365E+00
   140  5.60000000E+01  1.49848838E+00  9.99561563E-01  1.49848838E+00
   141  5.64000000E+01  1.49968346E+00  9.99554284E-01  1.49968346E+00
   142  5.68000000E+01  1.50084529E+00  9.99547530E-01  1.50084529E+00
   143  5.72000000E+01  1.50196815E+00  9.99541369E-01  1.50196815E+00
   144  5.76000000E+01  1.50309758E+00  9.99535878E-01  1.50309758E+00
   145  5.80000000E+01  1.50417475E+00  9.99531139E-01  1.50417475E+00
   146  5.84000000E+01  1.50525138E+00  9.99527239E-01  1.50525138E+00
   147  5.88000000E+01  1.50629923E+00  9.99524272E-01  1.50629923E+00
   148  5.92000000E+01  1.50730903E+00  9.99522339E-01  1.50730903E+00
   149  5.96000000E+01  1.50832830E+00  9.99521546E-01  1.50832830E+00
   150  6.00000000E+01  1.50930143E+00  9.99522010E-01  1.50930143E+00
   151  6.04000000E+01  1.51026761E+00  9.99523853E-01  1.51026761E+00
   152  6.08000000E+01  1.51121426E+00  9.99527207E-01  1.51121426E+00
   153  6.12000000E+01  1.51211826E+00  9.99532211E-01  1.51211826E+00
   154  6.16000000E+01  1.51303931E+00  9.99539016E-01  1.51303931E+00
   155  6.20000000E+01  1.51391811E+00  9.99547780E-01  1.51391811E+00
   156  6.24000000E+01  1.51478110E+00  9.99558674E-01  1.51478110E+00
   157  6.28000000E+01  1.51563540E+00  9.99571877E-01  1.51563540E+00
   158  6.32000000E+01  1.51644917E+00  9.99587582E-01  1.51644917E+00
   159  6.36000000E+01  1.51727180E+00  9.99605993E-01  1.51727180E+00
   160  6.40000000E+01  1.51806248E+00  9.99627327E-01  1.51806248E+00
   161  6.44000000E+01  1.51883172E+00  9.99651814E-01  1.51883172E+00
   162  6.48000000E+01  1.51959965E+00  9.99679698E-01  1.51959965E+00
   163  6.52000000E+01  1.52032931E+00  9.99711238E-01  1.52032931E+00
   164  6.56000000E+01  1.52106356E+00  9.99746709E-01  1.52106356E+00
   165  6.60000000E+01  1.52177188E+00  9.99786402E-01  1.52177188E+00
   166  6.64000000E+01  1.52245642E+00  9.99830625E-01  1.52245642E+00
   167  6.68000000E+01  1.52314408E+00  9.99879704E-01  1.52314408E+00
   168  6.72000000E+01  1.52379685E+00  9.99933983E-01  1.52379685E+00
   169  6.76000000E+01  1.52444882E+00  9.99993828E-01  1.52444882E+00
   170  6.80000000E+01  1.52508257E+00  1.00005962E+00  1.52508257E+00
   171  6.84000000E+01  1.52568944E+00  1.00013178E+00  1.52568944E+00
   172  6.88000000E+01  1.52630509E+00  1.00021072E+00  1.52630509E+00
   173  6.92000000E+01  1.52689037E+00  1.00029690E+00  1.52689037E+00
   174  6.96000000E+01  1.52746650E+00  1.00039080E+00  1.52746650E+00
   175  7.00000000E+01  1.52803545E+00  1.00049293E+00  1.52803545E+00
   176  7.04000000E+01  1.52857758E+00  1.00060381E+00  1.52857758E+00
   177  7.08000000E+01  1.52912440E+00  1.00072401E+00  1.52912440E+00
   178  7.12000000E+01  1.52965206E+00  1.00085411E+00  1.52965206E+00
   179  7.16000000E+01  1.53015810E+00  1.00099474E+00  1.53015810E+00
   180  7.20000000E+01  1.53067184E+00  1.00114655E+00  1.53067184E+00
   181  7.24000000E+01  1.53116257E+00  1.00131022E+00  1.53116257E+00
   182  7.28000000E+01  1.53163991E+00  1.00148648E+00  1.53163991E+00
   183  7.32000000E+01  1.53211787E+00  1.00167608E+00  1.53211787E+00
   184  7.36000000E+01  1.53257453E+00  1.00187981E+00  1.53257453E+00
   185  7.40000000E+01  1.53302298E+00  1.00209853E+00  1.53302298E+00
   186  7.44000000E+01  1.53346780E+00  1.00233309E+00  1.53346780E+00
   187  7.48000000E+01  1.53389218E+00  1.00258441E+00  1.53389218E+00
   188  7.52000000E+01  1.53431433E+00  1.00285346E+00  1.53431433E+00
   189  7.56000000E+01  1.53472706E+00  1.00314125E+00  1.53472706E+00
   190  7.60000000E+01  1.53511962E+00  1.00344882E+00  1.53511962E+00
   191  7.64000000E+01  1.53551708E+00  1.00377728E+00  1.53551708E+00
   192  7.68000000E+01  1.53589835E+00  1.00412778E+00  1.53589835E+00
   193  7.72000000E+01  1.53626396E+00  1.00450153E+00  1.53626396E+00
   194  7.76000000E+01  1.53663394E+00  1.00489977E+00  1.53663394E+00
   195  7.80000000E+01  1.53698395E+00  1.00532382E+00  1.53698395E+00
   196  7.84000000E+01  1.53732871E+00  1.00577505E+00  1.53732871E+00
   197  7.88000000E+01  1.53766773E+00  1.00625488E+00  1.53766773E+00
   198  7.92000000E+01  1.53798718E+00  1.00676478E+00  1.53798718E+00
   199  7.96000000E+01  1.53831222E+00  1.00730631E+00  1.53831222E+00
   200  8.00000000E+01  1.53862116E+00  1.00788106E+00  1.53862116E+00
   201  8.04000000E+01  1.53891959E+00  1.00849069E+00  1.53891959E+00
   202  8.08000000E+01  1.53921817E+00  1.00913693E+00  1.53921817E+00
   203  8.12000000E+01  1.53949854E+00  1.00982156E+00  1.53949854E+00
   204  8.16000000E+01  1.53977998E+00  1.01054644E+00  1.53977998E+00
   205  8.20000000E+01  1.54005081E+00  1.01131347E+00  1.54005081E+00
   206  8.24000000E+01  1.54030827E+00  1.01212463E+00  1.54030827E+00
   207  8.28000000E+01  1.54056976E+00  1.01298196E+00  1.54056976E+00
   208  8.32000000E+01  1.54081512E+00  1.01388755E+00  1.54081512E+00
   209  8.36000000E+01  1.54105712E+00  1.01484356E+00  1.54105712E+00
   210  8.40000000E+01  1.54129414E+00  1.01585220E+00  1.54129414E+00
   211  8.44000000E+01  1.54151678E+00  1.01691575E+00  1.54151678E+00
   212  8.48000000E+01  1.54174297E+00  1.01803652E+00  1.54174297E+00
   213  8.52000000E+01  1.54195817E+00  1.01921690E+00  1.54195817E+00
   214  8.56000000E+01  1.54216382E+00  1.02045930E+00  1.54216382E+00
   215  8.60000000E+01  1.54237190E+00  1.02176618E+00  1.54237190E+00
   216  8.64000000E+01  1.54256789E+00  1.02314005E+00  1.54256789E+00
   217  8.68000000E+01  1.54275882E+00  1.02458342E+00  1.54275882E+00
   218  8.72000000E+01  1.54294855E+00  1.02609886E+00  1.54294855E+00
   219  8.76000000E+01  1.54312760E+00  1.02768893E+00  1.54312760E+00
   220  8.80000000E+01  1.54330468E+00  1.02935621E+00  1.54330468E+00
   221  8.84000000E+01  1.54347810E+00  1.03110328E+00  1.54347810E+00
   222  8.88000000E+01  1.54364194E+00  1.03293270E+00  1.54364194E+00
   223  8.92000000E+01  1.54380515E+00  1.03484703E+00  1.54380515E+00
   224  8.96000000E+01  1.54396395E+00  1.03684878E+00  1.54396395E+00
   225  9.00000000E+01  1.54411395E+00  1.03894042E+00  1.54411395E+00
   226  9.04000000E+01  1.54426429E+00  1.04112437E+00  1.54426429E+00
   227  9.08000000E+01  1.54440959E+00  1.04340296E+00  1.54440959E+00
   228  9.12000000E+01  1.54454666E+00  1.04577845E+00  1.54454666E+00
   229  9.16000000E+01  1.54468455E+00  1.04825300E+00  1.54468455E+00
   230  9.20000000E+01  1.54481726E+00  1.05082864E+00  1.54481726E+00
   231  9.24000000E+01  1.54494219E+00  1.05350728E+00  1.54494219E+00
   232  9.28000000E+01  1.54506860E+00  1.05629069E+00  1.54506860E+00
   233  9.32000000E+01  1.54518940E+00  1.05918044E+00  1.54518940E+00
   234  9.36000000E+01  1.54530284E+00  1.06217794E+00  1.54530284E+00
   235  9.40000000E+01  1.54541848E+00  1.06528442E+00  1.54541848E+00
   236  9.44000000E+01  1.54552806E+00  1.06850087E+00  1.54552806E+00
   237  9.48000000E+01  1.54563073E+00  1.07182805E+00  1.54563073E+00
   238  9.52000000E+01  1.54573603E+00  1.07526649E+00  1.54573603E+00
   239  9.56000000E+01  1.54583512E+00  1.07881647E+00  1.54583512E+00
   240  9.60000000E+01  1.54592781E+00  1.08247798E+00  1.54592781E+00
   241  9.64000000E+01  1.54602335E+00  1.08625075E+00  1.54602335E+00
   242  9.68000000E+01  1.54611274E+00  1.09013421E+00  1.54611274E+00
   243  9.72000000E+01  1.54619651E+00  1.09412752E+00  1.54619651E+00
   244  9.76000000E+01  1.54628271E+00  1.09822951E+00  1.54628271E+00
   245  9.80000000E+01  1.54636323E+00  1.10243874E+00  1.54636323E+00
   246  9.84000000E+01  1.54643852E+00  1.10675345E+00  1.54643852E+00
   247  9.88000000E+01  1.54651613E+00  1.11117159E+00  1.54651613E+00
   248  9.92000000E+01  1.54658860E+00  1.11569082E+00  1.54658860E+00
   249  9.96000000E+01  1.54665626E+00  1.12030853E+00  1.54665626E+00
   250  1.00000000E+02  1.54672570E+00  1.12502182E+00  1.54672570E+00
   251  1.00400000E+02  1.54679087E+00  1.12982755E+00  1.54679087E+00
   252  1.00800000E+02  1.54685166E+00  1.13472232E+00  1.54685166E+00
   253  1.01200000E+02  1.54691320E+00  1.13970252E+00  1.54691320E+00
   254  1.01600000E+02  1.54697173E+00  1.14476436E+00  1.54697173E+00
   255  1.02000000E+02  1.54702623E+00  1.14990383E+00  1.54702623E+00
   256  1.02400000E+02  1.54708042E+00  1.15511682E+00  1.54708042E+00
   257  1.02800000E+02  1.54713283E+00  1.16039905E+00  1.54713283E+00
   258  1.03200000E+02  1.54718153E+00  1.16574617E+00  1.54718153E+00
   259  1.03600000E+02  1.54722881E+00  1.17115377E+00  1.54722881E+00
   260  1.04000000E+02  1.54727559E+00  1.17661739E+00  1.54727559E+00
   261  1.04400000E+02  1.54731892E+00  1.18213257E+00  1.54731892E+00
   262  1.04800000E+02  1.54735981E+00  1.18769486E+00  1.54735981E+00
   263  1.05200000E+02  1.54740136E+00  1.19329987E+00  1.54740136E+00
   264  1.05600000E+02  1.54743972E+00  1.19894331E+00  1.54743972E+00
   265  1.06000000E+02  1.54747504E+00  1.20462095E+00  1.54747504E+00
   266  1.06400000E+02  1.54751134E+00  1.21032873E+00  1.54751134E+00
   267  1.06800000E+02  1.54754511E+00  1.21606271E+00  1.54754511E+00
   268  1.07200000E+02  1.54757610E+00  1.22181913E+00  1.54757610E+00
   269  1.07600000E+02  1.54760663E+00  1.22759441E+00  1.54760663E+00
   270  1.08000000E+02  1.54763620E+00  1.23338514E+00  1.54763620E+00
   271  1.08400000E+02  1.54766323E+00  1.23918812E+00  1.54766323E+00
   272  1.08800000E+02  1.54768841E+00  1.24500036E+00  1.54768841E+00
   273  1.09200000E+02  1.54771414E+00  1.25081904E+00  1.54771414E+00
   274  1.09600000E+02  1.54773757E+00  1.25664154E+00  1.54773757E+00
   275  1.10000000E+02  1.54775884E+00  1.26246539E+00  1.54775884E+00
   276  1.10400000E+02  1.54778007E+00  1.26828830E+00  1.54778007E+00
   277  1.10800000E+02  1.54780023E+00  1.27410810E+00  1.54780023E+00
   278  1.11200000E+02  1.54781844E+00  1.27992270E+00  1.54781844E+00
   279  1.11600000E+02  1.54783491E+00  1.28573012E+00  1.54783491E+00
   280  1.12000000E+02  1.54785212E+00  1.29152839E+00  1.54785212E+00
   281  1.12400000E+02  1.54786755E+00  1.29731557E+00  1.54786755E+00
   282  1.12800000E+02  1.54788130E+00  1.30308964E+00  1.54788130E+00
   283  1.13200000E+02  1.54789408E+00  1.30884856E+00  1.54789408E+00
   284  1.13600000E+02  1.54790698E+00  1.31459015E+00  1.54790698E+00
   285  1.14000000E+02  1.54791835E+00  1.32031208E+00  1.54791835E+00
   286  1.14400000E+02  1.54792829E+00  1.32601188E+00  1.54792829E+00
   287  1.14800000E+02  1.54793757E+00  1.33168683E+00  1.54793757E+00
   288  1.15200000E+02  1.54794678E+00  1.33733401E+00  1.54794678E+00
   289  1.15600000E+02  1.54795467E+00  1.34295025E+00  1.54795467E+00
   290  1.16000000E+02  1.54796133E+00  1.34853212E+00  1.54796133E+00
   291  1.16400000E+02  1.54796727E+00  1.35407591E+00  1.54796727E+00
   292  1.16800000E+02  1.54797330E+00  1.35957768E+00  1.54797330E+00
   293  1.17200000E+02  1.54797820E+00  1.36503322E+00  1.54797820E+00
   294  1.17600000E+02  1.54798205E+00  1.37043810E+00  1.54798205E+00
   295  1.18000000E+02  1.54798490E+00  1.37578766E+00  1.54798490E+00
   296  1.18400000E+02  1.54798821E+00  1.38107709E+00  1.54798821E+00
   297  1.18800000E+02  1.54799056E+00  1.38630141E+00  1.54799056E+00
   298  1.19200000E+02  1.54799202E+00  1.39145557E+00  1.54799202E+00
   299  1.19600000E+02  1.54799264E+00  1.39653446E+00  1.54799264E+00
   300  1.20000000E+02  1.54799293E+00  1.40153295E+00  1.54799293E+00
   301  1.20400000E+02  1.54799314E+00  1.40644602E+00  1.54799314E+00
   302  1.20800000E+02  1.54799260E+00  1.41126873E+00  1.54799260E+00
   303  1.21200000E+02  1.54799138E+00  1.41599637E+00  1.54799138E+00
   304  1.21600000E+02  1.54798953E+00  1.42062446E+00  1.54798953E+00
   305  1.22000000E+02  1.54798723E+00  1.42514890E+00  1.54798723E+00
   306  1.22400000E+02  1.54798507E+00  1.42956597E+00  1.54798507E+00
   307  1.22800000E+02  1.54798236E+00  1.43387247E+00  1.54798236E+00
   308  1.23200000E+02  1.54797915E+00  1.43806575E+00  1.54797915E+00
   309  1.23600000E+02  1.54797549E+00  1.44214382E+00  1.54797549E+00
   310  1.24000000E+02  1.54797143E+00  1.44610540E+00  1.54797143E+00
   311  1.24400000E+02  1.54796701E+00  1.44994995E+00  1.54796701E+00
   312  1.24800000E+02  1.54796249E+00  1.45367777E+00  1.54796249E+00
   313  1.25200000E+02  1.54795789E+00  1.45728995E+00  1.54795789E+00
   314  1.25600000E+02  1.54795298E+00  1.46078841E+00  1.54795298E+00
   315  1.26000000E+02  1.54794781E+00  1.46417583E+00  1.54794781E+00
   316  1.26400000E+02  1.54794240E+00  1.46745560E+00  1.54794240E+00
   317  1.26800000E+02  1.54793679E+00  1.47063167E+00  1.54793679E+00
   318  1.27200000E+02  1.54793099E+00  1.47370846E+00  1.54793099E+00
   319  1.27600000E+02  1.54792503E+00  1.47669063E+00  1.54792503E+00
   320  1.28000000E+02  1.54791895E+00  1.47958290E+00  1.54791895E+00
   321  1.28400000E+02  1.54791276E+00  1.48238984E+00  1.54791276E+00
   322  1.28800000E+02  1.54790648E+00  1.48511564E+00  1.54790648E+00
   323  1.29200000E+02  1.54790014E+00  1.48776387E+00  1.54790014E+00
   324  1.29600000E+02  1.54789375E+00  1.49033736E+00  1.54789375E+00
   325  1.30000000E+02  1.54788734E+00  1.49283803E+00  1.54788734E+00
   326  1.30400000E+02  1.54788092E+00  1.49526682E+00  1.54788092E+00
   327  1.30800000E+02  1.54787450E+00  1.49762372E+00  1.54787450E+00
   328  1.31200000E+02  1.54786811E+00  1.49990780E+00  1.54786811E+00
   329  1.31600000E+02  1.54786176E+00  1.50211743E+00  1.54786176E+00
   330  1.32000000E+02  1.54785545E+00  1.50425047E+00  1.54785545E+00
   331  1.32400000E+02  1.54784921E+00  1.50630457E+00  1.54784921E+00
   332  1.32800000E+02  1.54784303E+00  1.50827748E+00  1.54784303E+00
   333  1.33200000E+02  1.54783692E+00  1.51016738E+00  1.54783692E+00
   334  1.33600000E+02  1.54783091E+00  1.51197318E+00  1.54783091E+00
   335  1.34000000E+02  1.54782498E+00  1.51369475E+00  1.54782498E+00
   336  1.34400000E+02  1.54781915E+00  1.51533308E+00  1.54781915E+00
   337  1.34800000E+02  1.54781343E+00  1.51689037E+00  1.54781343E+00
   338  1.35200000E+02  1.54780781E+00  1.51836992E+00  1.54780781E+00
   339  1.35600000E+02  1.54780231E+00  1.51977604E+00  1.54780231E+00
   340  1.36000000E+02  1.54779692E+00  1.52111374E+00  1.54779692E+00
   341  1.36400000E+02  1.54779166E+00  1.52238841E+00  1.54779166E+00
   342  1.36800000E+02  1.54778651E+00  1.52360550E+00  1.54778651E+00
   343  1.37200000E+02  1.54778150E+00  1.52477014E+00  1.54778150E+00
   344  1.37600000E+02  1.54777661E+00  1.52588679E+00  1.54777661E+00
   345  1.38000000E+02  1.54777184E+00  1.52695906E+00  1.54777184E+00
   346  1.38400000E+02  1.54776735E+00  1.52798956E+00  1.54776735E+00
   347  1.38800000E+02  1.54776303E+00  1.52897986E+00  1.54776303E+00
   348  1.39200000E+02  1.54775884E+00  1.52993060E+00  1.54775884E+00
   349  1.39600000E+02  1.54775478E+00  1.53084171E+00  1.54775478E+00
   350  1.40000000E+02  1.54775084E+00  1.53171264E+00  1.54775084E+00
   351  1.40400000E+02  1.54774703E+00  1.53254269E+00  1.54774703E+00
   352  1.40800000E+02  1.54774334E+00  1.53333132E+00  1.54774334E+00
   353  1.41200000E+02  1.54773978E+00  1.53407837E+00  1.54773978E+00
   354  1.41600000E+02  1.54773633E+00  1.53478431E+00  1.54773633E+00
   355  1.42000000E+02  1.54773300E+00  1.53545027E+00  1.54773300E+00
   356  1.42400000E+02  1.54772979E+00  1.53607808E+00  1.54772979E+00
   357  1.42800000E+02  1.54772669E+00  1.53667011E+00  1.54772669E+00
   358  1.43200000E+02  1.54772370E+00  1.53722918E+00  1.54772370E+00
   359  1.43600000E+02  1.54772082E+00  1.53775827E+00  1.54772082E+00
   360  1.44000000E+02  1.54771804E+00  1.53826031E+00  1.54771804E+00
   361  1.44400000E+02  1.54771537E+00  1.53873799E+00  1.54771537E+00
   362  1.44800000E+02  1.54771280E+00  1.53919359E+00  1.54771280E+00
   363  1.45200000E+02  1.54771033E+00  1.53962889E+00  1.54771033E+00
   364  1.45600000E+02  1.54770796E+00  1.54004514E+00  1.54770796E+00
   365  1.46000000E+02  1.54770580E+00  1.54044310E+00  1.54770580E+00
   366  1.46400000E+02  1.54770374E+00  1.54082317E+00  1.54770374E+00
   367  1.46800000E+02  1.54770176E+00  1.54118547E+00  1.54770176E+00
   368  1.47200000E+02  1.54769986E+00  1.54153003E+00  1.54769986E+00
   369  1.47600000E+02  1.54769804E+00  1.54185684E+00  1.54769804E+00
   370  1.48000000E+02  1.54769629E+00  1.54216603E+00  1.54769629E+00
   371  1.48400000E+02  1.54769462E+00  1.54245786E+00  1.54769462E+00
   372  1.48800000E+02  1.54769302E+00  1.54273276E+00  1.54769302E+00
   373  1.49200000E+02  1.54769149E+00  1.54299131E+00  1.54769149E+00
   374  1.49600000E+02  1.54769002E+00  1.54323422E+00  1.54769002E+00
   375  1.50000000E+02  1.54768861E+00  1.54346224E+00  1.54768861E+00
   376  1.50400000E+02  1.54768727E+00  1.54367615E+00  1.54768727E+00
   377  1.50800000E+02  1.54768599E+00  1.54387671E+00  1.54768599E+00
   378  1.51200000E+02  1.54768476E+00  1.54406466E+00  1.54768476E+00
   379  1.51600000E+02  1.54768358E+00  1.54424068E+00  1.54768358E+00
   380  1.52000000E+02  1.54768246E+00  1.54440545E+00  1.54768246E+00
   381  1.52400000E+02  1.54768139E+00  1.54455965E+00  1.54768139E+00
   382  1.52800000E+02  1.54768036E+00  1.54470397E+00  1.54768036E+00
   383  1.53200000E+02  1.54767939E+00  1.54483910E+00  1.54767939E+00
   384  1.53600000E+02  1.54767845E+00  1.54496577E+00  1.54767845E+00
   385  1.54000000E+02  1.54767756E+00  1.54508470E+00  1.54767756E+00
   386  1.54400000E+02  1.54767671E+00  1.54519658E+00  1.54767671E+00
   387  1.54800000E+02  1.54767589E+00  1.54530203E+00  1.54767589E+00
   388  1.55200000E+02  1.54767512E+00  1.54540159E+00  1.54767512E+00
   389  1.55600000E+02  1.54767438E+00  1.54549569E+00  1.54767438E+00
   390  1.56000000E+02  1.54767367E+00  1.54558462E+00  1.54767367E+00
   391  1.56400000E+02  1.54767300E+00  1.54566858E+00  1.54767300E+00
   392  1.56800000E+02  1.54767235E+00  1.54574767E+00  1.54767235E+00
   393  1.57200000E+02  1.54767174E+00  1.54582194E+00  1.54767174E+00
   394  1.57600000E+02  1.54767115E+00  1.54589140E+00  1.54767115E+00
   395  1.58000000E+02  1.54767059E+00  1.54595609E+00  1.54767059E+00
   396  1.58400000E+02  1.54767006E+00  1.54601608E+00  1.54767006E+00
   397  1.58800000E+02  1.54766955E+00  1.54607151E+00  1.54766955E+00
   398  1.59200000E+02  1.54766907E+00  1.54612258E+00  1.54766907E+00
   399  1.59600000E+02  1.54766860E+00  1.54616954E+00  1.54766860E+00
   400  1.60000000E+02  1.54766816E+00  1.54621269E+00  1.54766816E+00
   401  1.60400000E+02  1.54766774E+00  1.54625234E+00  1.54766774E+00
   402  1.60800000E+02  1.54766734E+00  1.54628882E+00  1.54766734E+00
   403  1.61200000E+02  1.54766695E+00  1.54632242E+00  1.54766695E+00
   404  1.61600000E+02  1.54766659E+00  1.54635337E+00  1.54766659E+00
   405  1.62000000E+02  1.54766624E+00  1.54638189E+00  1.54766624E+00
   406  1.62400000E+02  1.54766590E+00  1.54640814E+00  1.54766590E+00
   407  1.62800000E+02  1.54766558E+00  1.54643222E+00  1.54766558E+00
   408  1.63200000E+02  1.54766528E+00  1.54645423E+00  1.54766528E+00
   409  1.63600000E+02  1.54766499E+00  1.54647423E+00  1.54766499E+00
   410  1.64000000E+02  1.54766471E+00  1.54649229E+00  1.54766471E+00
   411  1.64400000E+02  1.54766445E+00  1.54650848E+00  1.54766445E+00
   412  1.64800000E+02  1.54766419E+00  1.54652286E+00  1.54766419E+00
   413  1.65200000E+02  1.54766395E+00  1.54653554E+00  1.54766395E+00
   414  1.65600000E+02  1.54766372E+00  1.54654661E+00  1.54766372E+00
   415  1.66000000E+02  1.54766350E+00  1.54655618E+00  1.54766350E+00
   416  1.66400000E+02  1.54766328E+00  1.54656436E+00  1.54766328E+00
   417  1.66800000E+02  1.54766308E+00  1.54657127E+00  1.54766308E+00
   418  1.67200000E+02  1.54766289E+00  1.54657700E+00  1.54766289E+00
   419  1.67600000E+02  1.54766270E+00  1.54658164E+00  1.54766270E+00
   420  1.68000000E+02  1.54766253E+00  1.54658528E+00  1.54766253E+00
   421  1.68400000E+02  1.54766236E+00  1.54658798E+00  1.54766236E+00
   422  1.68800000E+02  1.54766219E+00  1.54658981E+00  1.54766219E+00
   423  1.69200000E+02  1.54766204E+00  1.54659080E+00  1.54766204E+00
   424  1.69600000E+02  1.54766189E+00  1.54659102E+00  1.54766189E+00
   425  1.70000000E+02  1.54766175E+00  1.54659050E+00  1.54766175E+00
   426  1.70400000E+02  1.54766161E+00  1.54658929E+00  1.54766161E+00
   427  1.70800000E+02  1.54766148E+00  1.54658743E+00  1.54766148E+00
   428  1.71200000E+02  1.54766135E+00  1.54658498E+00  1.54766135E+00
   429  1.71600000E+02  1.54766123E+00  1.54658198E+00  1.54766123E+00
   430  1.72000000E+02  1.54766112E+00  1.54657848E+00  1.54766112E+00
   431  1.72400000E+02  1.54766100E+00  1.54657454E+00  1.54766100E+00
   432  1.72800000E+02  1.54766090E+00  1.54657019E+00  1.54766090E+00
   433  1.73200000E+02  1.54766080E+00  1.54656549E+00  1.54766080E+00
   434  1.73600000E+02  1.54766070E+00  1.54656048E+00  1.54766070E+00
   435  1.74000000E+02  1.54766060E+00  1.54655520E+00  1.54766060E+00
   436  1.74400000E+02  1.54766051E+00  1.54654968E+00  1.54766051E+00
   437  1.74800000E+02  1.54766043E+00  1.54654396E+00  1.54766043E+00
   438  1.75200000E+02  1.54766034E+00  1.54653807E+00  1.54766034E+00
   439  1.75600000E+02  1.54766026E+00  1.54653203E+00  1.54766026E+00
   440  1.76000000E+02  1.54766019E+00  1.54652587E+00  1.54766019E+00
   441  1.76400000E+02  1.54766011E+00  1.54651961E+00  1.54766011E+00
   442  1.76800000E+02  1.54766004E+00  1.54651327E+00  1.54766004E+00
   443  1.77200000E+02  1.54765997E+00  1.54650687E+00  1.54765997E+00
   444  1.77600000E+02  1.54765991E+00  1.54650043E+00  1.54765991E+00
   445  1.78000000E+02  1.54765984E+00  1.54649396E+00  1.54765984E+00
   446  1.78400000E+02  1.54765978E+00  1.54648749E+00  1.54765978E+00
   447  1.78800000E+02  1.54765972E+00  1.54648101E+00  1.54765972E+00
   448  1.79200000E+02  1.54765967E+00  1.54647456E+00  1.54765967E+00
   449  1.79600000E+02  1.54765961E+00  1.54646814E+00  1.54765961E+00
   450  1.80000000E+02  1.54765956E+00  1.54646176E+00  1.54765956E+00
   451  1.80400000E+02  1.54765951E+00  1.54645545E+00  1.54765951E+00
   452  1.80800000E+02  1.54765946E+00  1.54644920E+00  1.54765946E+00
   453  1.81200000E+02  1.54765942E+00  1.54644302E+00  1.54765942E+00
   454  1.81600000E+02  1.54765937E+00  1.54643694E+00  1.54765937E+00
   455  1.82000000E+02  1.54765933E+00  1.54643095E+00  1.54765933E+00
   456  1.82400000E+02  1.54765929E+00  1.54642506E+00  1.54765929E+00
   457  1.82800000E+02  1.54765925E+00  1.54641928E+00  1.54765925E+00
   458  1.83200000E+02  1.54765921E+00  1.54641361E+00  1.54765921E+00
   459  1.83600000E+02  1.54765918E+00  1.54640805E+00  1.54765918E+00
   460  1.84000000E+02  1.54765914E+00  1.54640262E+00  1.54765914E+00
   461  1.84400000E+02  1.54765911E+00  1.54639731E+00  1.54765911E+00
   462  1.84800000E+02  1.54765907E+00  1.54639212E+00  1.54765907E+00
   463  1.85200000E+02  1.54765904E+00  1.54638705E+00  1.54765904E+00
   464  1.85600000E+02  1.54765901E+00  1.54638212E+00  1.54765901E+00
   465  1.86000000E+02  1.54765898E+00  1.54637731E+00  1.54765898E+00
   466  1.86400000E+02  1.54765896E+00  1.54637263E+00  1.54765896E+00
   467  1.86800000E+02  1.54765893E+00  1.54636809E+00  1.54765893E+00
   468  1.87200000E+02  1.54765890E+00  1.54636367E+00  1.54765890E+00
   469  1.87600000E+02  1.54765888E+00  1.54635938E+00  1.54765888E+00
   470  1.88000000E+02  1.54765885E+00  1.54635522E+00  1.54765885E+00
   471  1.88400000E+02  1.54765883E+00  1.54635119E+00  1.54765883E+00
   472  1.88800000E+02  1.54765881E+00  1.54634728E+00  1.54765881E+00
   473  1.89200000E+02  1.54765879E+00  1.54634351E+00  1.54765879E+00
   474  1.89600000E+02  1.54765877E+00  1.54633985E+00  1.54765877E+00
   475  1.90000000E+02  1.54765875E+00  1.54633632E+00  1.54765875E+00
   476  1.90400000E+02  1.54765873E+00  1.54633291E+00  1.54765873E+00
   477  1.90800000E+02  1.54765871E+00  1.54632961E+00  1.54765871E+00
   478  1.91200000E+02  1.54765869E+00  1.54632643E+00  1.54765869E+00
   479  1.91600000E+02  1.54765868E+00  1.54632337E+00  1.54765868E+00
   480  1.92000000E+02  1.54765866E+00  1.54632041E+00  1.54765866E+00
   481  1.92400000E+02  1.54765864E+00  1.54631757E+00  1.54765864E+00
   482  1.92800000E+02  1.54765863E+00  1.54631483E+00  1.54765863E+00
   483  1.93200000E+02  1.54765861E+00  1.54631219E+00  1.54765861E+00
   484  1.93600000E+02  1.54765860E+00  1.54630965E+00  1.54765860E+00
   485  1.94000000E+02  1.54765859E+00  1.54630722E+00  1.54765859E+00
   486  1.94400000E+02  1.54765858E+00  1.54630487E+00  1.54765858E+00
   487  1.94800000E+02  1.54765856E+00  1.54630262E+00  1.54765856E+00
   488  1.95200000E+02  1.54765855E+00  1.54630046E+00  1.54765855E+00
   489  1.95600000E+02  1.54765854E+00  1.54629839E+00  1.54765854E+00
   490  1.96000000E+02  1.54765853E+00  1.54629640E+00  1.54765853E+00
   491  1.96400000E+02  1.54765852E+00  1.54629449E+00  1.54765852E+00
   492  1.96800000E+02  1.54765851E+00  1.54629266E+00  1.54765851E+00
   493  1.97200000E+02  1.54765850E+00  1.54629091E+00  1.54765850E+00
   494  1.97600000E+02  1.54765849E+00  1.54628923E+00  1.54765849E+00
   495  1.98000000E+02  1.54765848E+00  1.54628762E+00  1.54765848E+00
   496  1.98400000E+02  1.54765847E+00  1.54628609E+00  1.54765847E+00
   497  1.98800000E+02  1.54765847E+00  1.54628461E+00  1.54765847E+00
   498  1.99200000E+02  1.54765846E+00  1.54628320E+00  1.54765846E+00
   499  1.99600000E+02  1.54765845E+00  1.54628186E+00  1.54765845E+00
   500  2.00000000E+02  1.54765844E+00  1.54628057E+00  1.54765844E+00
   501  2.00400000E+02  1.54765844E+00  1.54627933E+00  1.54765844E+00
   502  2.00800000E+02  1.54765843E+00  1.54627816E+00  1.54765843E+00
   503  2.01200000E+02  1.54765842E+00  1.54627703E+00  1.54765842E+00
   504  2.01600000E+02  1.54765842E+00  1.54627596E+00  1.54765842E+00
   505  2.02000000E+02  1.54765841E+00  1.54627493E+00  1.54765841E+00
   506  2.02400000E+02  1.54765841E+00  1.54627395E+00  1.54765841E+00
   507  2.02800000E+02  1.54765840E+00  1.54627301E+00  1.54765840E+00
   508  2.03200000E+02  1.54765840E+00  1.54627212E+00  1.54765840E+00
   509  2.03600000E+02  1.54765839E+00  1.54627126E+00  1.54765839E+00
   510  2.04000000E+02  1.54765839E+00  1.54627045E+00  1.54765839E+00
   511  2.04400000E+02  1.54765838E+00  1.54626967E+00  1.54765838E+00
   512  2.04800000E+02  1.54765838E+00  1.54626893E+00  1.54765838E+00
   513  2.05200000E+02  1.54765837E+00  1.54626822E+00  1.54765837E+00
   514  2.05600000E+02  1.54765837E+00  1.54626755E+00  1.54765837E+00
   515  2.06000000E+02  1.54765837E+00  1.54626690E+00  1.54765837E+00
   516  2.06400000E+02  1.54765836E+00  1.54626629E+00  1.54765836E+00
   517  2.06800000E+02  1.54765836E+00  1.54626570E+00  1.54765836E+00
   518  2.07200000E+02  1.54765836E+00  1.54626514E+00  1.54765836E+00
   519  2.07600000E+02  1.54765835E+00  1.54626461E+00  1.54765835E+00
   520  2.08000000E+02  1.54765835E+00  1.54626410E+00  1.54765835E+00
   521  2.08400000E+02  1.54765835E+00  1.54626361E+00  1.54765835E+00
   522  2.08800000E+02  1.54765835E+00  1.54626315E+00  1.54765835E+00
   523  2.09200000E+02  1.54765834E+00  1.54626271E+00  1.54765834E+00
   524  2.09600000E+02  1.54765834E+00  1.54626229E+00  1.54765834E+00
   525  2.10000000E+02  1.54765834E+00  1.54626188E+00  1.54765834E+00
   526  2.10400000E+02  1.54765834E+00  1.54626150E+00  1.54765834E+00
   527  2.10800000E+02  1.54765833E+00  1.54626113E+00  1.54765833E+00
   528  2.11200000E+02  1.54765833E+00  1.54626078E+00  1.54765833E+00
   529  2.11600000E+02  1.54765833E+00  1.54626045E+00  1.54765833E+00
   530  2.12000000E+02  1.54765833E+00  1.54626013E+00  1.54765833E+00
   531  2.12400000E+02  1.54765833E+00  1.54625983E+00  1.54765833E+00
   532  2.12800000E+02  1.54765832E+00  1.54625953E+00  1.54765832E+00
   533  2.13200000E+02  1.54765832E+00  1.54625926E+00  1.54765832E+00
   534  2.13600000E+02  1.54765832E+00  1.54625899E+00  1.54765832E+00
   535  2.14000000E+02  1.54765832E+00  1.54625874E+00  1.54765832E+00
   536  2.14400000E+02  1.54765832E+00  1.54625850E+00  1.54765832E+00
   537  2.14800000E+02  1.54765832E+00  1.54625826E+00  1.54765832E+00
   538  2.15200000E+02  1.54765831E+00  1.54625804E+00  1.54765831E+00
   539  2.15600000E+02  1.54765831E+00  1.54625783E+00  1.54765831E+00
   540  2.16000000E+02  1.54765831E+00  1.54625763E+00  1.54765831E+00
   541  2.16400000E+02  1.54765831E+00  1.54625743E+00  1.54765831E+00
   542  2.16800000E+02  1.54765831E+00  1.54625725E+00  1.54765831E+00
   543  2.17200000E+02  1.54765831E+00  1.54625707E+00  1.54765831E+00
   544  2.17600000E+02  1.54765831E+00  1.54625690E+00  1.54765831E+00
   545  2.18000000E+02  1.54765831E+00  1.54625674E+00  1.54765831E+00
   546  2.18400000E+02  1.54765831E+00  1.54625658E+00  1.54765831E+00
   547  2.18800000E+02  1.54765830E+00  1.54625643E+00  1.54765830E+00
   548  2.19200000E+02  1.54765830E+00  1.54625629E+00  1.54765830E+00
   549  2.19600000E+02  1.54765830E+00  1.54625615E+00  1.54765830E+00
   550  2.20000000E+02  1.54765830E+00  1.54625602E+00  1.54765830E+00
   551  2.20400000E+02  1.54765830E+00  1.54625590E+00  1.54765830E+00
   552  2.20800000E+02  1.54765830E+00  1.54625578E+00  1.54765830E+00
   553  2.21200000E+02  1.54765830E+00  1.54625566E+00  1.54765830E+00
   554  2.21600000E+02  1.54765830E+00  1.54625555E+00  1.54765830E+00
   555  2.22000000E+02  1.54765830E+00  1.54625544E+00  1.54765830E+00
   556  2.22400000E+02  1.54765830E+00  1.54625534E+00  1.54765830E+00
   557  2.22800000E+02  1.54765830E+00  1.54625524E+00  1.54765830E+00
   558  2.23200000E+02  1.54765830E+00  1.54625515E+00  1.54765830E+00
   559  2.23600000E+02  1.54765830E+00  1.54625506E+00  1.54765830E+00
   560  2.24000000E+02  1.54765830E+00  1.54625497E+00  1.54765830E+00
   561  2.24400000E+02  1.54765829E+00  1.54625489E+00  1.54765829E+00
   562  2.24800000E+02  1.54765829E+00  1.54625481E+00  1.54765829E+00
   563  2.25200000E+02  1.54765829E+00  1.54625473E+00  1.54765829E+00
   564  2.25600000E+02  1.54765829E+00  1.54625466E+00  1.54765829E+00
   565  2.26000000E+02  1.54765829E+00  1.54625459E+00  1.54765829E+00
   566  2.26400000E+02  1.54765829E+00  1.54625452E+00  1.54765829E+00
   567  2.26800000E+02  1.54765829E+00  1.54625445E+00  1.54765829E+00
   568  2.27200000E+02  1.54765829E+00  1.54625439E+00  1.54765829E+00
   569  2.27600000E+02  1.54765829E+00  1.54625433E+00  1.54765829E+00
   570  2.28000000E+02  1.54765829E+00  1.54625427E+00  1.54765829E+00
   571  2.28400000E+02  1.54765829E+00  1.54625421E+00  1.54765829E+00
   572  2.28800000E+02  1.54765829E+00  1.54625416E+00  1.54765829E+00
   573  2.29200000E+02  1.54765829E+00  1.54625411E+00  1.54765829E+00
   574  2.29600000E+02  1.54765829E+00  1.54625406E+00  1.54765829E+00
   575  2.30000000E+02  1.54765829E+00  1.54625401E+00  1.54765829E+00
   576  2.30400000E+02  1.54765829E+00  1.54625396E+00  1.54765829E+00
   577  2.30800000E+02  1.54765829E+00  1.54625392E+00  1.54765829E+00
   578  2.31200000E+02  1.54765829E+00  1.54625388E+00  1.54765829E+00
   579  2.31600000E+02  1.54765829E+00  1.54625383E+00  1.54765829E+00
   580  2.32000000E+02  1.54765829E+00  1.54625379E+00  1.54765829E+00
   581  2.32400000E+02  1.54765829E+00  1.54625376E+00  1.54765829E+00
   582  2.32800000E+02  1.54765829E+00  1.54625372E+00  1.54765829E+00
   583  2.33200000E+02  1.54765829E+00  1.54625368E+00  1.54765829E+00
   584  2.33600000E+02  1.54765829E+00  1.54625365E+00  1.54765829E+00
   585  2.34000000E+02  1.54765829E+00  1.54625362E+00  1.54765829E+00
   586  2.34400000E+02  1.54765829E+00  1.54625359E+00  1.54765829E+00
   587  2.34800000E+02  1.54765829E+00  1.54625356E+00  1.54765829E+00
   588  2.35200000E+02  1.54765829E+00  1.54625353E+00  1.54765829E+00
   589  2.35600000E+02  1.54765829E+00  1.54625350E+00  1.54765829E+00
   590  2.36000000E+02  1.54765829E+00  1.54625347E+00  1.54765829E+00
   591  2.36400000E+02  1.54765829E+00  1.54625345E+00  1.54765829E+00
   592  2.36800000E+02  1.54765829E+00  1.54625342E+00  1.54765829E+00
   593  2.37200000E+02  1.54765829E+00  1.54625340E+00  1.54765829E+00
   594  2.37600000E+02  1.54765829E+00  1.54625337E+00  1.54765829E+00
   595  2.38000000E+02  1.54765829E+00  1.54625335E+00  1.54765829E+00
   596  2.38400000E+02  1.54765829E+00  1.54625333E+00  1.54765829E+00
   597  2.38800000E+02  1.54765828E+00  1.54625331E+00  1.54765828E+00
   598  2.39200000E+02  1.54765828E+00  1.54625329E+00  1.54765828E+00
   599  2.39600000E+02  1.54765828E+00  1.54625327E+00  1.54765828E+00
   600  2.40000000E+02  1.54765828E+00  1.54625325E+00  1.54765828E+00
   601  2.40400000E+02  1.54765828E+00  1.54625323E+00  1.54765828E+00
   602  2.40800000E+02  1.54765828E+00  1.54625322E+00  1.54765828E+00
   603  2.41200000E+02  1.54765828E+00  1.54625320E+00  1.54765828E+00
   604  2.41600000E+02  1.54765828E+00  1.54625319E+00  1.54765828E+00
   605  2.42000000E+02  1.54765828E+00  1.54625317E+00  1.54765828E+00
   606  2.42400000E+02  1.54765828E+00  1.54625316E+00  1.54765828E+00
   607  2.42800000E+02  1.54765828E+00  1.54625314E+00  1.54765828E+00
   608  2.43200000E+02  1.54765828E+00  1.54625313E+00  1.54765828E+00
   609  2.43600000E+02  1.54765828E+00  1.54625312E+00  1.54765828E+00
   610  2.44000000E+02  1.54765828E+00  1.54625311E+00  1.54765828E+00
   611  2.44400000E+02  1.54765828E+00  1.54625309E+00  1.54765828E+00
   612  2.44800000E+02  1.54765828E+00  1.54625308E+00  1.54765828E+00
   613  2.45200000E+02  1.54765828E+00  1.54625307E+00  1.54765828E+00
   614  2.45600000E+02  1.54765828E+00  1.54625306E+00  1.54765828E+00
   615  2.46000000E+02  1.54765828E+00  1.54625305E+00  1.54765828E+00
   616  2.46400000E+02  1.54765828E+00  1.54625304E+00  1.54765828E+00
   617  2.46800000E+02  1.54765828E+00  1.54625303E+00  1.54765828E+00
   618  2.47200000E+02  1.54765828E+00  1.54625302E+00  1.54765828E+00
   619  2.47600000E+02  1.54765828E+00  1.54625302E+00  1.54765828E+00
   620  2.48000000E+02  1.54765828E+00  1.54625301E+00  1.54765828E+00
   621  2.48400000E+02  1.54765828E+00  1.54625300E+00  1.54765828E+00
   622  2.48800000E+02  1.54765828E+00  1.54625299E+00  1.54765828E+00
   623  2.49200000E+02  1.54765828E+00  1.54625299E+00  1.54765828E+00
   624  2.49600000E+02  1.54765828E+00  1.54625298E+00  1.54765828E+00
   625  2.50000000E+02  1.54765828E+00  1.54625297E+00  1.54765828E+00
   626  2.50400000E+02  1.54765828E+00  1.54625297E+00  1.54765828E+00
   627  2.50800000E+02  1.54765828E+00  1.54625296E+00  1.54765828E+00
   628  2.51200000E+02  1.54765828E+00  1.54625295E+00  1.54765828E+00
   629  2.51600000E+02  1.54765828E+00  1.54625295E+00  1.54765828E+00
   630  2.52000000E+02  1.54765828E+00  1.54625294E+00  1.54765828E+00
   631  2.52400000E+02  1.54765828E+00  1.54625294E+00  1.54765828E+00
   632  2.52800000E+02  1.54765828E+00  1.54625293E+00  1.54765828E+00
   633  2.53200000E+02  1.54765828E+00  1.54625293E+00  1.54765828E+00
   634  2.53600000E+02  1.54765828E+00  1.54625292E+00  1.54765828E+00
   635  2.54000000E+02  1.54765828E+00  1.54625292E+00  1.54765828E+00
   636  2.54400000E+02  1.54765828E+00  1.54625292E+00  1.54765828E+00
   637  2.54800000E+02  1.54765828E+00  1.54625291E+00  1.54765828E+00
   638  2.55200000E+02  1.54765828E+00  1.54625291E+00  1.54765828E+00
   639  2.55600000E+02  1.54765828E+00  1.54625290E+00  1.54765828E+00
   640  2.56000000E+02  1.54765828E+00  1.54625290E+00  1.54765828E+00
   641  2.56400000E+02  1.54765828E+00  1.54625290E+00  1.54765828E+00
   642  2.56800000E+02  1.54765828E+00  1.54625290E+00  1.54765828E+00
   643  2.57200000E+02  1.54765828E+00  1.54625289E+00  1.54765828E+00
   644  2.57600000E+02  1.54765828E+00  1.54625289E+00  1.54765828E+00
   645  2.58000000E+02  1.54765828E+00  1.54625289E+00  1.54765828E+00
   646  2.58400000E+02  1.54765828E+00  1.54625288E+00  1.54765828E+00
   647  2.58800000E+02  1.54765828E+00  1.54625288E+00  1.54765828E+00
   648  2.59200000E+02  1.54765828E+00  1.54625288E+00  1.54765828E+00
   649  2.59600000E+02  1.54765828E+00  1.54625288E+00  1.54765828E+00
   650  2.60000000E+02  1.54765828E+00  1.54625287E+00  1.54765828E+00
   651  2.60400000E+02  1.54765828E+00  1.54625287E+00  1.54765828E+00
   652  2.60800000E+02  1.54765828E+00  1.54625287E+00  1.54765828E+00
   653  2.61200000E+02  1.54765828E+00  1.54625287E+00  1.54765828E+00
   654  2.61600000E+02  1.54765828E+00  1.54625287E+00  1.54765828E+00
   655  2.62000000E+02  1.54765828E+00  1.54625286E+00  1.54765828E+00
   656  2.62400000E+02  1.54765828E+00  1.54625286E+00  1.54765828E+00
   657  2.62800000E+02  1.54765828E+00  1.54625286E+00  1.54765828E+00
   658  2.63200000E+02  1.54765828E+00  1.54625286E+00  1.54765828E+00
   659  2.63600000E+02  1.54765828E+00  1.54625286E+00  1.54765828E+00
   660  2.64000000E+02  1.54765828E+00  1.54625286E+00  1.54765828E+00
   661  2.64400000E+02  1.54765828E+00  1.54625286E+00  1.54765828E+00
   662  2.64800000E+02  1.54765828E+00  1.54625285E+00  1.54765828E+00
   663  2.65200000E+02  1.54765828E+00  1.54625285E+00  1.54765828E+00
   664  2.65600000E+02  1.54765828E+00  1.54625285E+00  1.54765828E+00
   665  2.66000000E+02  1.54765828E+00  1.54625285E+00  1.54765828E+00
   666  2.66400000E+02  1.54765828E+00  1.54625285E+00  1.54765828E+00
   667  2.66800000E+02  1.54765828E+00  1.54625285E+00  1.54765828E+00
   668  2.67200000E+02  1.54765828E+00  1.54625285E+00  1.54765828E+00
   669  2.67600000E+02  1.54765828E+00  1.54625285E+00  1.54765828E+00
   670  2.68000000E+02  1.54765828E+00  1.54625285E+00  1.54765828E+00
   671  2.68400000E+02  1.54765828E+00  1.54625285E+00  1.54765828E+00
   672  2.68800000E+02  1.54765828E+00  1.54625284E+00  1.54765828E+00
   673  2.69200000E+02  1.54765828E+00  1.54625284E+00  1.54765828E+00
   674  2.69600000E+02  1.54765828E+00  1.54625284E+00  1.54765828E+00
   675  2.70000000E+02  1.54765828E+00  1.54625284E+00  1.54765828E+00
   676  2.70400000E+02  1.54765828E+00  1.54625284E+00  1.54765828E+00
   677  2.70800000E+02  1.54765828E+00  1.54625284E+00  1.54765828E+00
   678  2.71200000E+02  1.54765828E+00  1.54625284E+00  1.54765828E+00
   679  2.71600000E+02  1.54765828E+00  1.54625284E+00  1.54765828E+00
   680  2.72000000E+02  1.54765828E+00  1.54625284E+00  1.54765828E+00
   681  2.72400000E+02  1.54765828E+00  1.54625284E+00  1.54765828E+00
   682  2.72800000E+02  1.54765828E+00  1.54625284E+00  1.54765828E+00
   683  2.73200000E+02  1.54765828E+00  1.54625284E+00  1.54765828E+00
   684  2.73600000E+02  1.54765828E+00  1.54625284E+00  1.54765828E+00
   685  2.74000000E+02  1.54765828E+00  1.54625284E+00  1.54765828E+00
   686  2.74400000E+02  1.54765828E+00  1.54625284E+00  1.54765828E+00
   687  2.74800000E+02  1.54765828E+00  1.54625283E+00  1.54765828E+00
   688  2.75200000E+02  1.54765828E+00  1.54625283E+00  1.54765828E+00
   689  2.75600000E+02  1.54765828E+00  1.54625283E+00  1.54765828E+00
   690  2.76000000E+02  1.54765828E+00  1.54625283E+00  1.54765828E+00
   691  2.76400000E+02  1.54765828E+00  1.54625283E+00  1.54765828E+00
   692  2.76800000E+02  1.54765828E+00  1.54625283E+00  1.54765828E+00
   693  2.77200000E+02  1.54765828E+00  1.54625283E+00  1.54765828E+00
   694  2.77600000E+02  1.54765828E+00  1.54625283E+00  1.54765828E+00
   695  2.78000000E+02  1.54765828E+00  1.54625283E+00  1.54765828E+00
   696  2.78400000E+02  1.54765828E+00  1.54625283E+00  1.54765828E+00
   697  2.78800000E+02  1.54765828E+00  1.54625283E+00  1.54765828E+00
   698  2.79200000E+02  1.54765828E+00  1.54625283E+00  1.54765828E+00
   699  2.79600000E+02  1.54765828E+00  1.54625283E+00  1.54765828E+00
   700  2.80000000E+02  1.54765828E+00  1.54625283E+00  1.54765828E+00
   701  2.80400000E+02  1.54765828E+00  1.54625283E+00  1.54765828E+00
   702  2.80800000E+02  1.54765828E+00  1.54625283E+00  1.54765828E+00
   703  2.81200000E+02  1.54765828E+00  1.54625283E+00  1.54765828E+00
   704  2.81600000E+02  1.54765828E+00  1.54625283E+00  1.54765828E+00
   705  2.82000000E+02  1.54765828E+00  1.54625283E+00  1.54765828E+00
   706  2.82400000E+02  1.54765828E+00  1.54625283E+00  1.54765828E+00
   707  2.82800000E+02  1.54765828E+00  1.54625283E+00  1.54765828E+00
   708  2.83200000E+02  1.54765828E+00  1.54625283E+00  1.54765828E+00
   709  2.83600000E+02  1.54765828E+00  1.54625283E+00  1.54765828E+00
   710  2.84000000E+02  1.54765828E+00  1.54625283E+00  1.54765828E+00
   711  2.84400000E+02  1.54765828E+00  1.54625283E+00  1.54765828E+00
   712  2.84800000E+02  1.54765828E+00  1.54625283E+00  1.54765828E+00
   713  2.85200000E+02  1.54765828E+00  1.54625283E+00  1.54765828E+00
   714  2.85600000E+02  1.54765828E+00  1.54625283E+00  1.54765828E+00
   715  2.86000000E+02  1.54765828E+00  1.54625283E+00  1.54765828E+00
   716  2.86400000E+02  1.54765828E+00  1.54625283E+00  1.54765828E+00
   717  2.86800000E+02  1.54765828E+00  1.54625283E+00  1.54765828E+00
   718  2.87200000E+02  1.54765828E+00  1.54625283E+00  1.54765828E+00
   719  2.87600000E+02  1.54765828E+00  1.54625283E+00  1.54765828E+00
   720  2.88000000E+02  1.54765828E+00  1.54625283E+00  1.54765828E+00
   721  2.88400000E+02  1.54765828E+00  1.54625283E+00  1.54765828E+00
   722  2.88800000E+02  1.54765828E+00  1.54625283E+00  1.54765828E+00
   723  2.89200000E+02  1.54765828E+00  1.54625283E+00  1.54765828E+00
   724  2.89600000E+02  1.54765828E+00  1.54625283E+00  1.54765828E+00
   725  2.90000000E+02  1.54765828E+00  1.54625283E+00  1.54765828E+00
   726  2.90400000E+02  1.54765828E+00  1.54625283E+00  1.54765828E+00
   727  2.90800000E+02  1.54765828E+00  1.54625283E+00  1.54765828E+00
   728  2.91200000E+02  1.54765828E+00  1.54625283E+00  1.54765828E+00
   729  2.91600000E+02  1.54765828E+00  1.54625283E+00  1.54765828E+00
   730  2.92000000E+02  1.54765828E+00  1.54625283E+00  1.54765828E+00
   731  2.92400000E+02  1.54765828E+00  1.54625283E+00  1.54765828E+00
   732  2.92800000E+02  1.54765828E+00  1.54625282E+00  1.54765828E+00
   733  2.93200000E+02  1.54765828E+00  1.54625282E+00  1.54765828E+00
   734  2.93600000E+02  1.54765828E+00  1.54625282E+00  1.54765828E+00
   735  2.94000000E+02  1.54765828E+00  1.54625282E+00  1.54765828E+00
   736  2.94400000E+02  1.54765828E+00  1.54625282E+00  1.54765828E+00
   737  2.94800000E+02  1.54765828E+00  1.54625282E+00  1.54765828E+00
   738  2.95200000E+02  1.54765828E+00  1.54625282E+00  1.54765828E+00
   739  2.95600000E+02  1.54765828E+00  1.54625282E+00  1.54765828E+00
   740  2.96000000E+02  1.54765828E+00  1.54625282E+00  1.54765828E+00
   741  2.96400000E+02  1.54765828E+00  1.54625282E+00  1.54765828E+00
   742  2.96800000E+02  1.54765828E+00  1.54625282E+00  1.54765828E+00
   743  2.97200000E+02  1.54765828E+00  1.54625282E+00  1.54765828E+00
   744  2.97600000E+02  1.54765828E+00  1.54625282E+00  1.54765828E+00
   745  2.98000000E+02  1.54765828E+00  1.54625282E+00  1.54765828E+00
   746  2.98400000E+02  1.54765828E+00  1.54625282E+00  1.54765828E+00
   747  2.98800000E+02  1.54765828E+00  1.54625282E+00  1.54765828E+00
   748  2.99200000E+02  1.54765828E+00  1.54625282E+00  1.54765828E+00
   749  2.99600000E+02  1.54765828E+00  1.54625282E+00  1.54765828E+00
   750  3.00000000E+02  1.54765828E+00  1.54625282E+00  1.54765828E+00
   751  3.00400000E+02  1.54765828E+00  1.54625282E+00  1.54765828E+00
   752  3.00800000E+02  1.54765828E+00  1.54625282E+00  1.54765828E+00
   753  3.01200000E+02  1.54765828E+00  1.54625282E+00  1.54765828E+00
   754  3.01600000E+02  1.54765828E+00  1.54625282E+00  1.54765828E+00
   755  3.02000000E+02  1.54765828E+00  1.54625282E+00  1.54765828E+00
   756  3.02400000E+02  1.54765828E+00  1.54625282E+00  1.54765828E+00
   757  3.02800000E+02  1.54765828E+00  1.54625282E+00  1.54765828E+00
   758  3.03200000E+02  1.54765828E+00  1.54625282E+00  1.54765828E+00
   759  3.03600000E+02  1.54765828E+00  1.54625282E+00  1.54765828E+00
   760  3.04000000E+02  1.54765828E+00  1.54625282E+00  1.54765828E+00
   761  3.04400000E+02  1.54765828E+00  1.54625282E+00  1.54765828E+00
   762  3.04800000E+02  1.54765828E+00  1.54625282E+00  1.54765828E+00
   763  3.05200000E+02  1.54765828E+00  1.54625282E+00  1.54765828E+00
   764  3.05600000E+02  1.54765828E+00  1.54625282E+00  1.54765828E+00
   765  3.06000000E+02  1.54765828E+00  1.54625282E+00  1.54765828E+00
   766  3.06400000E+02  1.54765828E+00  1.54625282E+00  1.54765828E+00
   767  3.06800000E+02  1.54765828E+00  1.54625282E+00  1.54765828E+00
   768  3.07200000E+02  1.54765828E+00  1.54625282E+00  1.54765828E+00
   769  3.07600000E+02  1.54765828E+00  1.54625282E+00  1.54765828E+00
   770  3.08000000E+02  1.54765828E+00  1.54625282E+00  1.54765828E+00
   771  3.08400000E+02  1.54765828E+00  1.54625282E+00  1.54765828E+00
   772  3.08800000E+02  1.54765828E+00  1.54625282E+00  1.54765828E+00
   773  3.09200000E+02  1.54765828E+00  1.54625282E+00  1.54765828E+00
   774  3.09600000E+02  1.54765828E+00  1.54625282E+00  1.54765828E+00
   775  3.10000000E+02  1.54765828E+00  1.54625282E+00  1.54765828E+00
   776  3.10400000E+02  1.54765828E+00  1.54625282E+00  1.54765828E+00
   777  3.10800000E+02  1.54765828E+00  1.54625282E+00  1.54765828E+00
   778  3.11200000E+02  1.54765828E+00  1.54625282E+00  1.54765828E+00
   779  3.11600000E+02  1.54765828E+00  1.54625282E+00  1.54765828E+00
   780  3.12000000E+02  1.54765828E+00  1.54625282E+00  1.54765828E+00
   781  3.12400000E+02  1.54765828E+00  1.54625282E+00  1.54765828E+00
   782  3.12800000E+02  1.54765828E+00  1.54625282E+00  1.54765828E+00
   783  3.13200000E+02  1.54765828E+00  1.54625282E+00  1.54765828E+00
   784  3.13600000E+02  1.54765828E+00  1.54625282E+00  1.54765828E+00
   785  3.14000000E+02  1.54765828E+00  1.54625282E+00  1.54765828E+00
   786  3.14400000E+02  1.54765828E+00  1.54625282E+00  1.54765828E+00
   787  3.14800000E+02  1.54765828E+00  1.54625282E+00  1.54765828E+00
   788  3.15200000E+02  1.54765828E+00  1.54625282E+00  1.54765828E+00
   789  3.15600000E+02  1.54765828E+00  1.54625282E+00  1.54765828E+00
   790  3.16000000E+02  1.54765828E+00  1.54625282E+00  1.54765828E+00
   791  3.16400000E+02  1.54765828E+00  1.54625282E+00  1.54765828E+00
   792  3.16800000E+02  1.54765828E+00  1.54625282E+00  1.54765828E+00
   793  3.17200000E+02  1.54765828E+00  1.54625282E+00  1.54765828E+00
   794  3.17600000E+02  1.54765828E+00  1.54625282E+00  1.54765828E+00
   795  3.18000000E+02  1.54765828E+00  1.54625282E+00  1.54765828E+00
   796  3.18400000E+02  1.54765828E+00  1.54625282E+00  1.54765828E+00
   797  3.18800000E+02  1.54765828E+00  1.54625282E+00  1.54765828E+00
   798  3.19200000E+02  1.54765828E+00  1.54625282E+00  1.54765828E+00
   799  3.19600000E+02  1.54765828E+00  1.54625282E+00  1.54765828E+00
   800  3.20000000E+02  1.54765828E+00  1.54625282E+00  1.54765828E+00
   801  3.20400000E+02  1.54765828E+00  1.54625282E+00  1.54765828E+00
   802  3.20800000E+02  1.54765828E+00  1.54625282E+00  1.54765828E+00
   803  3.21200000E+02  1.54765828E+00  1.54625282E+00  1.54765828E+00
   804  3.21600000E+02  1.54765828E+00  1.54625282E+00  1.54765828E+00
   805  3.22000000E+02  1.54765828E+00  1.54625282E+00  1.54765828E+00
   806  3.22400000E+02  1.54765828E+00  1.54625282E+00  1.54765828E+00
   807  3.22800000E+02  1.54765828E+00  1.54625282E+00  1.54765828E+00
   808  3.23200000E+02  1.54765828E+00  1.54625282E+00  1.54765828E+00
   809  3.23600000E+02  1.54765828E+00  1.54625282E+00  1.54765828E+00
   810  3.24000000E+02  1.54765828E+00  1.54625282E+00  1.54765828E+00
   811  3.24400000E+02  1.54765828E+00  1.54625282E+00  1.54765828E+00
   812  3.24800000E+02  1.54765828E+00  1.54625282E+00  1.54765828E+00
   813  3.25200000E+02  1.54765828E+00  1.54625282E+00  1.54765828E+00
   814  3.25600000E+02  1.54765828E+00  1.54625282E+00  1.54765828E+00
   815  3.26000000E+02  1.54765828E+00  1.54625282E+00  1.54765828E+00
   816  3.26400000E+02  1.54765828E+00  1.54625282E+00  1.54765828E+00
   817  3.26800000E+02  1.54765828E+00  1.54625282E+00  1.54765828E+00
   818  3.27200000E+02  1.54765828E+00  1.54625282E+00  1.54765828E+00
   819  3.27600000E+02  1.54765828E+00  1.54625282E+00  1.54765828E+00
   820  3.28000000E+02  1.54765828E+00  1.54625282E+00  1.54765828E+00
   821  3.28400000E+02  1.54765828E+00  1.54625282E+00  1.54765828E+00
   822  3.28800000E+02  1.54765828E+00  1.54625282E+00  1.54765828E+00
   823  3.29200000E+02  1.54765828E+00  1.54625282E+00  1.54765828E+00
   824  3.29600000E+02  1.54765828E+00  1.54625282E+00  1.54765828E+00
   825  3.30000000E+02  1.54765828E+00  1.54625282E+00  1.54765828E+00
   826  3.30400000E+02  1.54765828E+00  1.54625282E+00  1.54765828E+00
   827  3.30800000E+02  1.54765828E+00  1.54625282E+00  1.54765828E+00
   828  3.31200000E+02  1.54765828E+00  1.54625282E+00  1.54765828E+00
   829  3.31600000E+02  1.54765828E+00  1.54625282E+00  1.54765828E+00
   830  3.32000000E+02  1.54765828E+00  1.54625282E+00  1.54765828E+00
   831  3.32400000E+02  1.54765828E+00  1.54625282E+00  1.54765828E+00
   832  3.32800000E+02  1.54765828E+00  1.54625282E+00  1.54765828E+00
   833  3.33200000E+02  1.54765828E+00  1.54625282E+00  1.54765828E+00
   834  3.33600000E+02  1.54765828E+00  1.54625282E+00  1.54765828E+00
   835  3.34000000E+02  1.54765828E+00  1.54625282E+00  1.54765828E+00
   836  3.34400000E+02  1.54765828E+00  1.54625282E+00  1.54765828E+00
   837  3.34800000E+02  1.54765828E+00  1.54625282E+00  1.54765828E+00
   838  3.35200000E+02  1.54765828E+00  1.54625282E+00  1.54765828E+00
   839  3.35600000E+02  1.54765828E+00  1.54625282E+00  1.54765828E+00
   840  3.36000000E+02  1.54765828E+00  1.54625282E+00  1.54765828E+00
   841  3.36400000E+02  1.54765828E+00  1.54625282E+00  1.54765828E+00
   842  3.36800000E+02  1.54765828E+00  1.54625282E+00  1.54765828E+00
   843  3.37200000E+02  1.54765828E+00  1.54625282E+00  1.54765828E+00
   844  3.37600000E+02  1.54765828E+00  1.54625282E+00  1.54765828E+00
   845  3.38000000E+02  1.54765828E+00  1.54625282E+00  1.54765828E+00
   846  3.38400000E+02  1.54765828E+00  1.54625282E+00  1.54765828E+00
   847  3.38800000E+02  1.54765828E+00  1.54625282E+00  1.54765828E+00
   848  3.39200000E+02  1.54765828E+00  1.54625282E+00  1.54765828E+00
   849  3.39600000E+02  1.54765828E+00  1.54625282E+00  1.54765828E+00
   850  3.40000000E+02  1.54765828E+00  1.54625282E+00  1.54765828E+00
   851  3.40400000E+02  1.54765828E+00  1.54625282E+00  1.54765828E+00
   852  3.40800000E+02  1.54765828E+00  1.54625282E+00  1.54765828E+00
   853  3.41200000E+02  1.54765828E+00  1.54625282E+00  1.54765828E+00
   854  3.41600000E+02  1.54765828E+00  1.54625282E+00  1.54765828E+00
   855  3.42000000E+02  1.54765828E+00  1.54625282E+00  1.54765828E+00
   856  3.42400000E+02  1.54765828E+00  1.54625282E+00  1.54765828E+00
   857  3.42800000E+02  1.54765828E+00  1.54625282E+00  1.54765828E+00
   858  3.43200000E+02  1.54765828E+00  1.54625282E+00  1.54765828E+00
   859  3.43600000E+02  1.54765828E+00  1.54625282E+00  1.54765828E+00
   860  3.44000000E+02  1.54765828E+00  1.54625282E+00  1.54765828E+00
   861  3.44400000E+02  1.54765828E+00  1.54625282E+00  1.54765828E+00
   862  3.44800000E+02  1.54765828E+00  1.54625282E+00  1.54765828E+00
   863  3.45200000E+02  1.54765828E+00  1.54625282E+00  1.54765828E+00
   864  3.45600000E+02  1.54765828E+00  1.54625282E+00  1.54765828E+00
   865  3.46000000E+02  1.54765828E+00  1.54625282E+00  1.54765828E+00
   866  3.46400000E+02  1.54765828E+00  1.54625282E+00  1.54765828E+00
   867  3.46800000E+02  1.54765828E+00  1.54625282E+00  1.54765828E+00
   868  3.47200000E+02  1.54765828E+00  1.54625282E+00  1.54765828E+00
   869  3.47600000E+02  1.54765828E+00  1.54625282E+00  1.54765828E+00
   870  3.48000000E+02  1.54765828E+00  1.54625282E+00  1.54765828E+00
   871  3.48400000E+02  1.54765828E+00  1.54625282E+00  1.54765828E+00
   872  3.48800000E+02  1.54765828E+00  1.54625282E+00  1.54765828E+00
   873  3.49200000E+02  1.54765828E+00  1.54625282E+00  1.54765828E+00
   874  3.49600000E+02  1.54765828E+00  1.54625282E+00  1.54765828E+00
   875  3.50000000E+02  1.54765828E+00  1.54625282E+00  1.54765828E+00
   876  3.50400000E+02  1.54765828E+00  1.54625282E+00  1.54765828E+00
   877  3.50800000E+02  1.54765828E+00  1.54625282E+00  1.54765828E+00
   878  3.51200000E+02  1.54765828E+00  1.54625282E+00  1.54765828E+00
   879  3.51600000E+02  1.54765828E+00  1.54625282E+00  1.54765828E+00
   880  3.52000000E+02  1.54765828E+00  1.54625282E+00  1.54765828E+00
   881  3.52400000E+02  1.54765828E+00  1.54625282E+00  1.54765828E+00
   882  3.52800000E+02  1.54765828E+00  1.54625282E+00  1.54765828E+00
   883  3.53200000E+02  1.54765828E+00  1.54625282E+00  1.54765828E+00
   884  3.53600000E+02  1.54765828E+00  1.54625282E+00  1.54765828E+00
   885  3.54000000E+02  1.54765828E+00  1.54625282E+00  1.54765828E+00
   886  3.54400000E+02  1.54765828E+00  1.54625282E+00  1.54765828E+00
   887  3.54800000E+02  1.54765828E+00  1.54625282E+00  1.54765828E+00
   888  3.55200000E+02  1.54765828E+00  1.54625282E+00  1.54765828E+00
   889  3.55600000E+02  1.54765828E+00  1.54625282E+00  1.54765828E+00
   890  3.56000000E+02  1.54765828E+00  1.54625282E+00  1.54765828E+00
   891  3.56400000E+02  1.54765828E+00  1.54625282E+00  1.54765828E+00
   892  3.56800000E+02  1.54765828E+00  1.54625282E+00  1.54765828E+00
   893  3.57200000E+02  1.54765828E+00  1.54625282E+00  1.54765828E+00
   894  3.57600000E+02  1.54765828E+00  1.54625282E+00  1.54765828E+00
   895  3.58000000E+02  1.54765828E+00  1.54625282E+00  1.54765828E+00
   896  3.58400000E+02  1.54765828E+00  1.54625282E+00  1.54765828E+00
   897  3.58800000E+02  1.54765828E+00  1.54625282E+00  1.54765828E+00
   898  3.59200000E+02  1.54765828E+00  1.54625282E+00  1.54765828E+00
   899  3.59600000E+02  1.54765828E+00  1.54625282E+00  1.54765828E+00
   900  3.60000000E+02  1.54765828E+00  1.54625282E+00  1.54765828E+00
   901  3.60400000E+02  1.54765828E+00  1.54625282E+00  1.54765828E+00
   902  3.60800000E+02  1.54765828E+00  1.54625282E+00  1.54765828E+00
   903  3.61200000E+02  1.54765828E+00  1.54625282E+00  1.54765828E+00
   904  3.61600000E+02  1.54765828E+00  1.54625282E+00  1.54765828E+00
   905  3.62000000E+02  1.54765828E+00  1.54625282E+00  1.54765828E+00
   906  3.62400000E+02  1.54765828E+00  1.54625282E+00  1.54765828E+00
   907  3.62800000E+02  1.54765828E+00  1.54625282E+00  1.54765828E+00
   908  3.63200000E+02  1.54765828E+00  1.54625282E+00  1.54765828E+00
   909  3.63600000E+02  1.54765828E+00  1.54625282E+00  1.54765828E+00
   910  3.64000000E+02  1.54765828E+00  1.54625282E+00  1.54765828E+00
   911  3.64400000E+02  1.54765828E+00  1.54625282E+00  1.54765828E+00
   912  3.64800000E+02  1.54765828E+00  1.54625282E+00  1.54765828E+00
   913  3.65200000E+02  1.54765828E+00  1.54625282E+00  1.54765828E+00
   914  3.65600000E+02  1.54765828E+00  1.54625282E+00  1.54765828E+00
   915  3.66000000E+02  1.54765828E+00  1.54625282E+00  1.54765828E+00
   916  3.66400000E+02  1.54765828E+00  1.54625282E+00  1.54765828E+00
   917  3.66800000E+02  1.54765828E+00  1.54625282E+00  1.54765828E+00
   918  3.67200000E+02  1.54765828E+00  1.54625282E+00  1.54765828E+00
   919  3.67600000E+02  1.54765828E+00  1.54625282E+00  1.54765828E+00
   920  3.68000000E+02  1.54765828E+00  1.54625282E+00  1.54765828E+00
   921  3.68400000E+02  1.54765828E+00  1.54625282E+00  1.54765828E+00
   922  3.68800000E+02  1.54765828E+00  1.54625282E+00  1.54765828E+00
   923  3.69200000E+02  1.54765828E+00  1.54625282E+00  1.54765828E+00
   924  3.69600000E+02  1.54765828E+00  1.54625282E+00  1.54765828E+00
   925  3.70000000E+02  1.54765828E+00  1.54625282E+00  1.54765828E+00
   926  3.70400000E+02  1.54765828E+00  1.54625282E+00  1.54765828E+00
   927  3.70800000E+02  1.54765828E+00  1.54625282E+00  1.54765828E+00
   928  3.71200000E+02  1.54765828E+00  1.54625282E+00  1.54765828E+00
   929  3.71600000E+02  1.54765828E+00  1.54625282E+00  1.54765828E+00
   930  3.72000000E+02  1.54765828E+00  1.54625282E+00  1.54765828E+00
   931  3.72400000E+02  1.54765828E+00  1.54625282E+00  1.54765828E+00
   932  3.72800000E+02  1.54765828E+00  1.54625282E+00  1.54765828E+00
   933  3.73200000E+02  1.54765828E+00  1.54625282E+00  1.54765828E+00
   934  3.73600000E+02  1.54765828E+00  1.54625282E+00  1.54765828E+00
   935  3.74000000E+02  1.54765828E+00  1.54625282E+00  1.54765828E+00
   936  3.74400000E+02  1.54765828E+00  1.54625282E+00  1.54765828E+00
   937  3.74800000E+02  1.54765828E+00  1.54625282E+00  1.54765828E+00
   938  3.75200000E+02  1.54765828E+00  1.54625282E+00  1.54765828E+00
   939  3.75600000E+02  1.54765828E+00  1.54625282E+00  1.54765828E+00
   940  3.76000000E+02  1.54765828E+00  1.54625282E+00  1.54765828E+00
   941  3.76400000E+02  1.54765828E+00  1.54625282E+00  1.54765828E+00
   942  3.76800000E+02  1.54765828E+00  1.54625282E+00  1.54765828E+00
   943  3.77200000E+02  1.54765828E+00  1.54625282E+00  1.54765828E+00
   944  3.77600000E+02  1.54765828E+00  1.54625282E+00  1.54765828E+00
   945  3.78000000E+02  1.54765828E+00  1.54625282E+00  1.54765828E+00
   946  3.78400000E+02  1.54765828E+00  1.54625282E+00  1.54765828E+00
   947  3.78800000E+02  1.54765828E+00  1.54625282E+00  1.54765828E+00
   948  3.79200000E+02  1.54765828E+00  1.54625282E+00  1.54765828E+00
   949  3.79600000E+02  1.54765828E+00  1.54625282E+00  1.54765828E+00
   950  3.80000000E+02  1.54765828E+00  1.54625282E+00  1.54765828E+00
   951  3.80400000E+02  1.54765828E+00  1.54625282E+00  1.54765828E+00
   952  3.80800000E+02  1.54765828E+00  1.54625282E+00  1.54765828E+00
   953  3.81200000E+02  1.54765828E+00  1.54625282E+00  1.54765828E+00
   954  3.81600000E+02  1.54765828E+00  1.54625282E+00  1.54765828E+00
   955  3.82000000E+02  1.54765828E+00  1.54625282E+00  1.54765828E+00
   956  3.82400000E+02  1.54765828E+00  1.54625282E+00  1.54765828E+00
   957  3.82800000E+02  1.54765828E+00  1.54625282E+00  1.54765828E+00
   958  3.83200000E+02  1.54765828E+00  1.54625282E+00  1.54765828E+00
   959  3.83600000E+02  1.54765828E+00  1.54625282E+00  1.54765828E+00
   960  3.84000000E+02  1.54765828E+00  1.54625282E+00  1.54765828E+00
   961  3.84400000E+02  1.54765828E+00  1.54625282E+00  1.54765828E+00
   962  3.84800000E+02  1.54765828E+00  1.54625282E+00  1.54765828E+00
   963  3.85200000E+02  1.54765828E+00  1.54625282E+00  1.54765828E+00
   964  3.85600000E+02  1.54765828E+00  1.54625282E+00  1.54765828E+00
   965  3.86000000E+02  1.54765828E+00  1.54625282E+00  1.54765828E+00
   966  3.86400000E+02  1.54765828E+00  1.54625282E+00  1.54765828E+00
   967  3.86800000E+02  1.54765828E+00  1.54625282E+00  1.54765828E+00
   968  3.87200000E+02  1.54765828E+00  1.54625282E+00  1.54765828E+00
   969  3.87600000E+02  1.54765828E+00  1.54625282E+00  1.54765828E+00
   970  3.88000000E+02  1.54765828E+00  1.54625282E+00  1.54765828E+00
   971  3.88400000E+02  1.54765828E+00  1.54625282E+00  1.54765828E+00
   972  3.88800000E+02  1.54765828E+00  1.54625282E+00  1.54765828E+00
   973  3.89200000E+02  1.54765828E+00  1.54625282E+00  1.54765828E+00
   974  3.89600000E+02  1.54765828E+00  1.54625282E+00  1.54765828E+00
   975  3.90000000E+02  1.54765828E+00  1.54625282E+00  1.54765828E+00
   976  3.90400000E+02  1.54765828E+00  1.54625282E+00  1.54765828E+00
   977  3.90800000E+02  1.54765828E+00  1.54625282E+00  1.54765828E+00
   978  3.91200000E+02  1.54765828E+00  1.54625282E+00  1.54765828E+00
   979  3.91600000E+02  1.54765828E+00  1.54625282E+00  1.54765828E+00
   980  3.92000000E+02  1.54765828E+00  1.54625282E+00  1.54765828E+00
   981  3.92400000E+02  1.54765828E+00  1.54625282E+00  1.54765828E+00
   982  3.92800000E+02  1.54765828E+00  1.54625282E+00  1.54765828E+00
   983  3.93200000E+02  1.54765828E+00  1.54625282E+00  1.54765828E+00
   984  3.93600000E+02  1.54765828E+00  1.54625282E+00  1.54765828E+00
   985  3.94000000E+02  1.54765828E+00  1.54625282E+00  1.54765828E+00
   986  3.94400000E+02  1.54765828E+00  1.54625282E+00  1.54765828E+00
   987  3.94800000E+02  1.54765828E+00  1.54625282E+00  1.54765828E+00
   988  3.95200000E+02  1.54765828E+00  1.54625282E+00  1.54765828E+00
   989  3.95600000E+02  1.54765828E+00  1.54625282E+00  1.54765828E+00
   990  3.96000000E+02  1.54765828E+00  1.54625282E+00  1.54765828E+00
   991  3.96400000E+02  1.54765828E+00  1.54625282E+00  1.54765828E+00
   992  3.96800000E+02  1.54765828E+00  1.54625282E+00  1.54765828E+00
   993  3.97200000E+02  1.54765828E+00  1.54625282E+00  1.54765828E+00
   994  3.97600000E+02  1.54765828E+00  1.54625282E+00  1.54765828E+00
   995  3.98000000E+02  1.54765828E+00  1.54625282E+00  1.54765828E+00
   996  3.98400000E+02  1.54765828E+00  1.54625282E+00  1.54765828E+00
   997  3.98800000E+02  1.54765828E+00  1.54625282E+00  1.54765828E+00
   998  3.99200000E+02  1.54765828E+00  1.54625282E+00  1.54765828E+00
   999  3.99600000E+02  1.54765828E+00  1.54625282E+00  1.54765828E+00
  1000  4.00000000E+02  1.54765828E+00  1.54625282E+00  1.54765828E+00
