 comppar: model =   2
 comppar: lambda,mobility/eps,betav,eta_0 =  3.0000E+00  0.0000E+00  5.0000E-01  1.0000E+00
 comppar: eta_s,eta_p,G =  5.0000E-01  5.0000E-01  1.6667E-01
 comppar: U_avg,deltat,flowrate,nsteps =  1.0000E-01  2.0000E-01  3.1416E-01    2000
 comppar: geometry = axisymmetric
 comppar: steady stop change,gap,hold,min =  1.0000E-07  1.0000E-03       1      80
 comppar: steady stop truncated decimals =       3
 comppar: ncompc,ncompg =     4     5
 mesh nnodes = 5797
 mesh nelem = 2796
 P1 BC   5.0000000000000000     
 P2 BC   0.0000000000000000     
     1  2.00000000E-01  1.00252999E+00  1.00000000E+00  1.00252999E+00
     2  4.00000000E-01  1.00502160E+00  1.00000000E+00  1.00502160E+00
     3  6.00000000E-01  1.00747109E+00  1.00000000E+00  1.00747109E+00
     4  8.00000000E-01  1.00987742E+00  1.00000000E+00  1.00987742E+00
     5  1.00000000E+00  1.01224204E+00  1.00000000E+00  1.01224204E+00
     6  1.20000000E+00  1.01456726E+00  1.00000000E+00  1.01456726E+00
     7  1.40000000E+00  1.01684920E+00  1.00000000E+00  1.01684920E+00
     8  1.60000000E+00  1.01909853E+00  1.00000000E+00  1.01909853E+00
     9  1.80000000E+00  1.02131477E+00  1.00000000E+00  1.02131477E+00
    10  2.00000000E+00  1.02349671E+00  1.00000000E+00  1.02349671E+00
    11  2.20000000E+00  1.02566461E+00  1.00000000E+00  1.02566461E+00
    12  2.40000000E+00  1.02779324E+00  1.00000000E+00  1.02779324E+00
    13  2.60000000E+00  1.02992257E+00  1.00000001E+00  1.02992257E+00
    14  2.80000000E+00  1.03201774E+00  1.00000001E+00  1.03201774E+00
    15  3.00000000E+00  1.03411548E+00  1.00000001E+00  1.03411548E+00
    16  3.20000000E+00  1.03618895E+00  1.00000001E+00  1.03618895E+00
    17  3.40000000E+00  1.03824971E+00  1.00000001E+00  1.03824971E+00
    18  3.60000000E+00  1.04031843E+00  1.00000001E+00  1.04031843E+00
    19  3.80000000E+00  1.04235142E+00  1.00000001E+00  1.04235142E+00
    20  4.00000000E+00  1.04441139E+00  1.00000000E+00  1.04441139E+00
    21  4.20000000E+00  1.04644933E+00  1.00000000E+00  1.04644933E+00
    22  4.40000000E+00  1.04845367E+00  1.00000000E+00  1.04845367E+00
    23  4.60000000E+00  1.05050982E+00  1.00000000E+00  1.05050982E+00
    24  4.80000000E+00  1.05253447E+00  9.99999998E-01  1.05253447E+00
    25  5.00000000E+00  1.05452614E+00  9.99999995E-01  1.05452614E+00
    26  5.20000000E+00  1.05656644E+00  9.99999992E-01  1.05656644E+00
    27  5.40000000E+00  1.05858146E+00  9.99999988E-01  1.05858146E+00
    28  5.60000000E+00  1.06056375E+00  9.99999984E-01  1.06056375E+00
    29  5.80000000E+00  1.06253967E+00  9.99999978E-01  1.06253967E+00
    30  6.00000000E+00  1.06455565E+00  9.99999973E-01  1.06455565E+00
    31  6.20000000E+00  1.06653903E+00  9.99999966E-01  1.06653903E+00
    32  6.40000000E+00  1.06848849E+00  9.99999958E-01  1.06848849E+00
    33  6.60000000E+00  1.07044836E+00  9.99999950E-01  1.07044836E+00
    34  6.80000000E+00  1.07242929E+00  9.99999941E-01  1.07242929E+00
    35  7.00000000E+00  1.07437585E+00  9.99999930E-01  1.07437585E+00
    36  7.20000000E+00  1.07628698E+00  9.99999919E-01  1.07628698E+00
    37  7.40000000E+00  1.07819010E+00  9.99999906E-01  1.07819010E+00
    38  7.60000000E+00  1.08014263E+00  9.99999892E-01  1.08014263E+00
    39  7.80000000E+00  1.08205948E+00  9.99999877E-01  1.08205948E+00
    40  8.00000000E+00  1.08393987E+00  9.99999861E-01  1.08393987E+00
    41  8.20000000E+00  1.08578329E+00  9.99999842E-01  1.08578329E+00
    42  8.40000000E+00  1.08767872E+00  9.99999823E-01  1.08767872E+00
    43  8.60000000E+00  1.08955998E+00  9.99999801E-01  1.08955998E+00
    44  8.80000000E+00  1.09140403E+00  9.99999778E-01  1.09140403E+00
    45  9.00000000E+00  1.09321066E+00  9.99999753E-01  1.09321066E+00
    46  9.20000000E+00  1.09497989E+00  9.99999726E-01  1.09497989E+00
    47  9.40000000E+00  1.09680731E+00  9.99999697E-01  1.09680731E+00
    48  9.60000000E+00  1.09862512E+00  9.99999666E-01  1.09862512E+00
    49  9.80000000E+00  1.10040541E+00  9.99999632E-01  1.10040541E+00
    50  1.00000000E+01  1.10214840E+00  9.99999596E-01  1.10214840E+00
    51  1.02000000E+01  1.10385458E+00  9.99999557E-01  1.10385458E+00
    52  1.04000000E+01  1.10556490E+00  9.99999516E-01  1.10556490E+00
    53  1.06000000E+01  1.10731375E+00  9.99999471E-01  1.10731375E+00
    54  1.08000000E+01  1.10902561E+00  9.99999424E-01  1.10902561E+00
    55  1.10000000E+01  1.11070117E+00  9.99999373E-01  1.11070117E+00
    56  1.12000000E+01  1.11234145E+00  9.99999319E-01  1.11234145E+00
    57  1.14000000E+01  1.11394778E+00  9.99999262E-01  1.11394778E+00
    58  1.16000000E+01  1.11553797E+00  9.99999201E-01  1.11553797E+00
    59  1.18000000E+01  1.11719448E+00  9.99999136E-01  1.11719448E+00
    60  1.20000000E+01  1.11881646E+00  9.99999067E-01  1.11881646E+00
    61  1.22000000E+01  1.12040544E+00  9.99998993E-01  1.12040544E+00
    62  1.24000000E+01  1.12196329E+00  9.99998916E-01  1.12196329E+00
    63  1.26000000E+01  1.12349219E+00  9.99998833E-01  1.12349219E+00
    64  1.28000000E+01  1.12499457E+00  9.99998746E-01  1.12499457E+00
    65  1.30000000E+01  1.12648219E+00  9.99998653E-01  1.12648219E+00
    66  1.32000000E+01  1.12801949E+00  9.99998556E-01  1.12801949E+00
    67  1.34000000E+01  1.12952911E+00  9.99998452E-01  1.12952911E+00
    68  1.36000000E+01  1.13101355E+00  9.99998343E-01  1.13101355E+00
    69  1.38000000E+01  1.13247541E+00  9.99998228E-01  1.13247541E+00
    70  1.40000000E+01  1.13391714E+00  9.99998106E-01  1.13391714E+00
    71  1.42000000E+01  1.13534087E+00  9.99997977E-01  1.13534087E+00
    72  1.44000000E+01  1.13674819E+00  9.99997842E-01  1.13674819E+00
    73  1.46000000E+01  1.13814003E+00  9.99997699E-01  1.13814003E+00
    74  1.48000000E+01  1.13951648E+00  9.99997549E-01  1.13951648E+00
    75  1.50000000E+01  1.14092711E+00  9.99997391E-01  1.14092711E+00
    76  1.52000000E+01  1.14232518E+00  9.99997224E-01  1.14232518E+00
    77  1.54000000E+01  1.14370685E+00  9.99997049E-01  1.14370685E+00
    78  1.56000000E+01  1.14507198E+00  9.99996865E-01  1.14507198E+00
    79  1.58000000E+01  1.14641969E+00  9.99996672E-01  1.14641969E+00
    80  1.60000000E+01  1.14774843E+00  9.99996469E-01  1.14774843E+00
    81  1.62000000E+01  1.14905602E+00  9.99996256E-01  1.14905602E+00
    82  1.64000000E+01  1.15033990E+00  9.99996033E-01  1.15033990E+00
    83  1.66000000E+01  1.15159725E+00  9.99995798E-01  1.15159725E+00
    84  1.68000000E+01  1.15284428E+00  9.99995552E-01  1.15284428E+00
    85  1.70000000E+01  1.15414070E+00  9.99995294E-01  1.15414070E+00
    86  1.72000000E+01  1.15541243E+00  9.99995024E-01  1.15541243E+00
    87  1.74000000E+01  1.15665657E+00  9.99994742E-01  1.15665657E+00
    88  1.76000000E+01  1.15787025E+00  9.99994446E-01  1.15787025E+00
    89  1.78000000E+01  1.15905085E+00  9.99994136E-01  1.15905085E+00
    90  1.80000000E+01  1.16019614E+00  9.99993812E-01  1.16019614E+00
    91  1.82000000E+01  1.16130443E+00  9.99993473E-01  1.16130443E+00
    92  1.84000000E+01  1.16247715E+00  9.99993119E-01  1.16247715E+00
    93  1.86000000E+01  1.16364109E+00  9.99992749E-01  1.16364109E+00
    94  1.88000000E+01  1.16476998E+00  9.99992363E-01  1.16476998E+00
    95  1.90000000E+01  1.16586226E+00  9.99991959E-01  1.16586226E+00
    96  1.92000000E+01  1.16691690E+00  9.99991538E-01  1.16691690E+00
    97  1.94000000E+01  1.16793339E+00  9.99991099E-01  1.16793339E+00
    98  1.96000000E+01  1.16896905E+00  9.99990640E-01  1.16896905E+00
    99  1.98000000E+01  1.17004476E+00  9.99990162E-01  1.17004476E+00
   100  2.00000000E+01  1.17108243E+00  9.99989664E-01  1.17108243E+00
   101  2.02000000E+01  1.17208178E+00  9.99989144E-01  1.17208178E+00
   102  2.04000000E+01  1.17304306E+00  9.99988603E-01  1.17304306E+00
   103  2.06000000E+01  1.17396694E+00  9.99988040E-01  1.17396694E+00
   104  2.08000000E+01  1.17486764E+00  9.99987453E-01  1.17486764E+00
   105  2.10000000E+01  1.17585227E+00  9.99986843E-01  1.17585227E+00
   106  2.12000000E+01  1.17679931E+00  9.99986208E-01  1.17679931E+00
   107  2.14000000E+01  1.17770943E+00  9.99985547E-01  1.17770943E+00
   108  2.16000000E+01  1.17858357E+00  9.99984860E-01  1.17858357E+00
   109  2.18000000E+01  1.17942294E+00  9.99984146E-01  1.17942294E+00
   110  2.20000000E+01  1.18022889E+00  9.99983404E-01  1.18022889E+00
   111  2.22000000E+01  1.18111827E+00  9.99982634E-01  1.18111827E+00
   112  2.24000000E+01  1.18197646E+00  9.99981834E-01  1.18197646E+00
   113  2.26000000E+01  1.18280048E+00  9.99981003E-01  1.18280048E+00
   114  2.28000000E+01  1.18359176E+00  9.99980141E-01  1.18359176E+00
   115  2.30000000E+01  1.18435173E+00  9.99979246E-01  1.18435173E+00
   116  2.32000000E+01  1.18508177E+00  9.99978319E-01  1.18508177E+00
   117  2.34000000E+01  1.18585670E+00  9.99977357E-01  1.18585670E+00
   118  2.36000000E+01  1.18663562E+00  9.99976360E-01  1.18663562E+00
   119  2.38000000E+01  1.18738348E+00  9.99975327E-01  1.18738348E+00
   120  2.40000000E+01  1.18810162E+00  9.99974257E-01  1.18810162E+00
   121  2.42000000E+01  1.18879132E+00  9.99973149E-01  1.18879132E+00
   122  2.44000000E+01  1.18945373E+00  9.99972002E-01  1.18945373E+00
   123  2.46000000E+01  1.19012392E+00  9.99970815E-01  1.19012392E+00
   124  2.48000000E+01  1.19082947E+00  9.99969587E-01  1.19082947E+00
   125  2.50000000E+01  1.19150722E+00  9.99968318E-01  1.19150722E+00
   126  2.52000000E+01  1.19215826E+00  9.99967005E-01  1.19215826E+00
   127  2.54000000E+01  1.19278356E+00  9.99965648E-01  1.19278356E+00
   128  2.56000000E+01  1.19338394E+00  9.99964247E-01  1.19338394E+00
   129  2.58000000E+01  1.19396715E+00  9.99962799E-01  1.19396715E+00
   130  2.60000000E+01  1.19460713E+00  9.99961304E-01  1.19460713E+00
   131  2.62000000E+01  1.19522157E+00  9.99959762E-01  1.19522157E+00
   132  2.64000000E+01  1.19581132E+00  9.99958171E-01  1.19581132E+00
   133  2.66000000E+01  1.19637716E+00  9.99956530E-01  1.19637716E+00
   134  2.68000000E+01  1.19691974E+00  9.99954838E-01  1.19691974E+00
   135  2.70000000E+01  1.19743970E+00  9.99953094E-01  1.19743970E+00
   136  2.72000000E+01  1.19799201E+00  9.99951298E-01  1.19799201E+00
   137  2.74000000E+01  1.19854833E+00  9.99949448E-01  1.19854833E+00
   138  2.76000000E+01  1.19908170E+00  9.99947544E-01  1.19908170E+00
   139  2.78000000E+01  1.19959270E+00  9.99945585E-01  1.19959270E+00
   140  2.80000000E+01  1.20008190E+00  9.99943570E-01  1.20008190E+00
   141  2.82000000E+01  1.20054986E+00  9.99941498E-01  1.20054986E+00
   142  2.84000000E+01  1.20102362E+00  9.99939369E-01  1.20102362E+00
   143  2.86000000E+01  1.20152536E+00  9.99937181E-01  1.20152536E+00
   144  2.88000000E+01  1.20200563E+00  9.99934935E-01  1.20200563E+00
   145  2.90000000E+01  1.20246500E+00  9.99932629E-01  1.20246500E+00
   146  2.92000000E+01  1.20290406E+00  9.99930264E-01  1.20290406E+00
   147  2.94000000E+01  1.20332344E+00  9.99927839E-01  1.20332344E+00
   148  2.96000000E+01  1.20372592E+00  9.99925353E-01  1.20372592E+00
   149  2.98000000E+01  1.20417724E+00  9.99922806E-01  1.20417724E+00
   150  3.00000000E+01  1.20460847E+00  9.99920198E-01  1.20460847E+00
   151  3.02000000E+01  1.20502023E+00  9.99917529E-01  1.20502023E+00
   152  3.04000000E+01  1.20541316E+00  9.99914800E-01  1.20541316E+00
   153  3.06000000E+01  1.20578794E+00  9.99912009E-01  1.20578794E+00
   154  3.08000000E+01  1.20614527E+00  9.99909158E-01  1.20614527E+00
   155  3.10000000E+01  1.20653648E+00  9.99906247E-01  1.20653648E+00
   156  3.12000000E+01  1.20692226E+00  9.99903276E-01  1.20692226E+00
   157  3.14000000E+01  1.20729017E+00  9.99900247E-01  1.20729017E+00
   158  3.16000000E+01  1.20764092E+00  9.99897159E-01  1.20764092E+00
   159  3.18000000E+01  1.20797518E+00  9.99894014E-01  1.20797518E+00
   160  3.20000000E+01  1.20829364E+00  9.99890813E-01  1.20829364E+00
   161  3.22000000E+01  1.20862598E+00  9.99887558E-01  1.20862598E+00
   162  3.24000000E+01  1.20897022E+00  9.99884250E-01  1.20897022E+00
   163  3.26000000E+01  1.20929824E+00  9.99880890E-01  1.20929824E+00
   164  3.28000000E+01  1.20961073E+00  9.99877482E-01  1.20961073E+00
   165  3.30000000E+01  1.20990837E+00  9.99874027E-01  1.20990837E+00
   166  3.32000000E+01  1.21019184E+00  9.99870527E-01  1.21019184E+00
   167  3.34000000E+01  1.21047530E+00  9.99866986E-01  1.21047530E+00
   168  3.36000000E+01  1.21078206E+00  9.99863407E-01  1.21078206E+00
   169  3.38000000E+01  1.21107421E+00  9.99859793E-01  1.21107421E+00
   170  3.40000000E+01  1.21135240E+00  9.99856148E-01  1.21135240E+00
   171  3.42000000E+01  1.21161727E+00  9.99852476E-01  1.21161727E+00
   172  3.44000000E+01  1.21186946E+00  9.99848781E-01  1.21186946E+00
   173  3.46000000E+01  1.21210954E+00  9.99845069E-01  1.21210954E+00
   174  3.48000000E+01  1.21237693E+00  9.99841345E-01  1.21237693E+00
   175  3.50000000E+01  1.21263692E+00  9.99837615E-01  1.21263692E+00
   176  3.52000000E+01  1.21288445E+00  9.99833884E-01  1.21288445E+00
   177  3.54000000E+01  1.21312010E+00  9.99830161E-01  1.21312010E+00
   178  3.56000000E+01  1.21334443E+00  9.99826450E-01  1.21334443E+00
   179  3.58000000E+01  1.21355795E+00  9.99822762E-01  1.21355795E+00
   180  3.60000000E+01  1.21378225E+00  9.99819103E-01  1.21378225E+00
   181  3.62000000E+01  1.21401350E+00  9.99815484E-01  1.21401350E+00
   182  3.64000000E+01  1.21423361E+00  9.99811912E-01  1.21423361E+00
   183  3.66000000E+01  1.21444309E+00  9.99808400E-01  1.21444309E+00
   184  3.68000000E+01  1.21464246E+00  9.99804956E-01  1.21464246E+00
   185  3.70000000E+01  1.21483217E+00  9.99801594E-01  1.21483217E+00
   186  3.72000000E+01  1.21501277E+00  9.99798325E-01  1.21501277E+00
   187  3.74000000E+01  1.21521849E+00  9.99795162E-01  1.21521849E+00
   188  3.76000000E+01  1.21541426E+00  9.99792120E-01  1.21541426E+00
   189  3.78000000E+01  1.21560056E+00  9.99789214E-01  1.21560056E+00
   190  3.80000000E+01  1.21577780E+00  9.99786459E-01  1.21577780E+00
   191  3.82000000E+01  1.21594643E+00  9.99783872E-01  1.21594643E+00
   192  3.84000000E+01  1.21610683E+00  9.99781472E-01  1.21610683E+00
   193  3.86000000E+01  1.21627545E+00  9.99779277E-01  1.21627545E+00
   194  3.88000000E+01  1.21644937E+00  9.99777307E-01  1.21644937E+00
   195  3.90000000E+01  1.21661482E+00  9.99775583E-01  1.21661482E+00
   196  3.92000000E+01  1.21677219E+00  9.99774129E-01  1.21677219E+00
   197  3.94000000E+01  1.21692187E+00  9.99772967E-01  1.21692187E+00
   198  3.96000000E+01  1.21706420E+00  9.99772123E-01  1.21706420E+00
   199  3.98000000E+01  1.21719954E+00  9.99771624E-01  1.21719954E+00
   200  4.00000000E+01  1.21735052E+00  9.99771497E-01  1.21735052E+00
   201  4.02000000E+01  1.21749753E+00  9.99771771E-01  1.21749753E+00
   202  4.04000000E+01  1.21763733E+00  9.99772477E-01  1.21763733E+00
   203  4.06000000E+01  1.21777025E+00  9.99773649E-01  1.21777025E+00
   204  4.08000000E+01  1.21789662E+00  9.99775321E-01  1.21789662E+00
   205  4.10000000E+01  1.21801675E+00  9.99777528E-01  1.21801675E+00
   206  4.12000000E+01  1.21813678E+00  9.99780308E-01  1.21813678E+00
   207  4.14000000E+01  1.21826723E+00  9.99783702E-01  1.21826723E+00
   208  4.16000000E+01  1.21839124E+00  9.99787751E-01  1.21839124E+00
   209  4.18000000E+01  1.21850914E+00  9.99792500E-01  1.21850914E+00
   210  4.20000000E+01  1.21862120E+00  9.99797995E-01  1.21862120E+00
   211  4.22000000E+01  1.21872770E+00  9.99804284E-01  1.21872770E+00
   212  4.24000000E+01  1.21882892E+00  9.99811418E-01  1.21882892E+00
   213  4.26000000E+01  1.21893394E+00  9.99819451E-01  1.21893394E+00
   214  4.28000000E+01  1.21904402E+00  9.99828439E-01  1.21904402E+00
   215  4.30000000E+01  1.21914864E+00  9.99838441E-01  1.21914864E+00
   216  4.32000000E+01  1.21924807E+00  9.99849518E-01  1.21924807E+00
   217  4.34000000E+01  1.21934256E+00  9.99861734E-01  1.21934256E+00
   218  4.36000000E+01  1.21943234E+00  9.99875158E-01  1.21943234E+00
   219  4.38000000E+01  1.21951764E+00  9.99889859E-01  1.21951764E+00
   220  4.40000000E+01  1.21960991E+00  9.99905913E-01  1.21960991E+00
   221  4.42000000E+01  1.21970264E+00  9.99923395E-01  1.21970264E+00
   222  4.44000000E+01  1.21979075E+00  9.99942388E-01  1.21979075E+00
   223  4.46000000E+01  1.21987447E+00  9.99962975E-01  1.21987447E+00
   224  4.48000000E+01  1.21995399E+00  9.99985245E-01  1.21995399E+00
   225  4.50000000E+01  1.22002953E+00  1.00000929E+00  1.22002953E+00
   226  4.52000000E+01  1.22010128E+00  1.00003521E+00  1.22010128E+00
   227  4.54000000E+01  1.22017919E+00  1.00006309E+00  1.22017919E+00
   228  4.56000000E+01  1.22025732E+00  1.00009306E+00  1.22025732E+00
   229  4.58000000E+01  1.22033154E+00  1.00012521E+00  1.22033154E+00
   230  4.60000000E+01  1.22040203E+00  1.00015966E+00  1.22040203E+00
   231  4.62000000E+01  1.22046897E+00  1.00019653E+00  1.22046897E+00
   232  4.64000000E+01  1.22053252E+00  1.00023594E+00  1.22053252E+00
   233  4.66000000E+01  1.22059287E+00  1.00027802E+00  1.22059287E+00
   234  4.68000000E+01  1.22065892E+00  1.00032291E+00  1.22065892E+00
   235  4.70000000E+01  1.22072462E+00  1.00037074E+00  1.22072462E+00
   236  4.72000000E+01  1.22078700E+00  1.00042166E+00  1.22078700E+00
   237  4.74000000E+01  1.22084621E+00  1.00047582E+00  1.22084621E+00
   238  4.76000000E+01  1.22090242E+00  1.00053338E+00  1.22090242E+00
   239  4.78000000E+01  1.22095577E+00  1.00059450E+00  1.22095577E+00
   240  4.80000000E+01  1.22100640E+00  1.00065935E+00  1.22100640E+00
   241  4.82000000E+01  1.22105966E+00  1.00072811E+00  1.22105966E+00
   242  4.84000000E+01  1.22111489E+00  1.00080096E+00  1.22111489E+00
   243  4.86000000E+01  1.22116730E+00  1.00087809E+00  1.22116730E+00
   244  4.88000000E+01  1.22121703E+00  1.00095970E+00  1.22121703E+00
   245  4.90000000E+01  1.22126422E+00  1.00104599E+00  1.22126422E+00
   246  4.92000000E+01  1.22130897E+00  1.00113718E+00  1.22130897E+00
   247  4.94000000E+01  1.22135142E+00  1.00123348E+00  1.22135142E+00
   248  4.96000000E+01  1.22139397E+00  1.00133513E+00  1.22139397E+00
   249  4.98000000E+01  1.22144028E+00  1.00144236E+00  1.22144028E+00
   250  5.00000000E+01  1.22148420E+00  1.00155542E+00  1.22148420E+00
   251  5.02000000E+01  1.22152585E+00  1.00167456E+00  1.22152585E+00
   252  5.04000000E+01  1.22156535E+00  1.00180005E+00  1.22156535E+00
   253  5.06000000E+01  1.22160279E+00  1.00193215E+00  1.22160279E+00
   254  5.08000000E+01  1.22163828E+00  1.00207115E+00  1.22163828E+00
   255  5.10000000E+01  1.22167192E+00  1.00221735E+00  1.22167192E+00
   256  5.12000000E+01  1.22170929E+00  1.00237104E+00  1.22170929E+00
   257  5.14000000E+01  1.22174607E+00  1.00253253E+00  1.22174607E+00
   258  5.16000000E+01  1.22178094E+00  1.00270214E+00  1.22178094E+00
   259  5.18000000E+01  1.22181397E+00  1.00288021E+00  1.22181397E+00
   260  5.20000000E+01  1.22184528E+00  1.00306708E+00  1.22184528E+00
   261  5.22000000E+01  1.22187493E+00  1.00326310E+00  1.22187493E+00
   262  5.24000000E+01  1.22190301E+00  1.00346864E+00  1.22190301E+00
   263  5.26000000E+01  1.22193102E+00  1.00368407E+00  1.22193102E+00
   264  5.28000000E+01  1.22196173E+00  1.00390977E+00  1.22196173E+00
   265  5.30000000E+01  1.22199083E+00  1.00414615E+00  1.22199083E+00
   266  5.32000000E+01  1.22201838E+00  1.00439362E+00  1.22201838E+00
   267  5.34000000E+01  1.22204447E+00  1.00465260E+00  1.22204447E+00
   268  5.36000000E+01  1.22206916E+00  1.00492352E+00  1.22206916E+00
   269  5.38000000E+01  1.22209254E+00  1.00520682E+00  1.22209254E+00
   270  5.40000000E+01  1.22211466E+00  1.00550297E+00  1.22211466E+00
   271  5.42000000E+01  1.22213737E+00  1.00581243E+00  1.22213737E+00
   272  5.44000000E+01  1.22216163E+00  1.00613568E+00  1.22216163E+00
   273  5.46000000E+01  1.22218459E+00  1.00647321E+00  1.22218459E+00
   274  5.48000000E+01  1.22220631E+00  1.00682554E+00  1.22220631E+00
   275  5.50000000E+01  1.22222686E+00  1.00719317E+00  1.22222686E+00
   276  5.52000000E+01  1.22224630E+00  1.00757664E+00  1.22224630E+00
   277  5.54000000E+01  1.22226469E+00  1.00797647E+00  1.22226469E+00
   278  5.56000000E+01  1.22228207E+00  1.00839323E+00  1.22228207E+00
   279  5.58000000E+01  1.22229979E+00  1.00882748E+00  1.22229979E+00
   280  5.60000000E+01  1.22231886E+00  1.00927978E+00  1.22231886E+00
   281  5.62000000E+01  1.22233689E+00  1.00975072E+00  1.22233689E+00
   282  5.64000000E+01  1.22235394E+00  1.01024090E+00  1.22235394E+00
   283  5.66000000E+01  1.22237005E+00  1.01075092E+00  1.22237005E+00
   284  5.68000000E+01  1.22238528E+00  1.01128139E+00  1.22238528E+00
   285  5.70000000E+01  1.22239967E+00  1.01183294E+00  1.22239967E+00
   286  5.72000000E+01  1.22241326E+00  1.01240619E+00  1.22241326E+00
   287  5.74000000E+01  1.22242611E+00  1.01300178E+00  1.22242611E+00
   288  5.76000000E+01  1.22244082E+00  1.01362036E+00  1.22244082E+00
   289  5.78000000E+01  1.22245494E+00  1.01426258E+00  1.22245494E+00
   290  5.80000000E+01  1.22246829E+00  1.01492909E+00  1.22246829E+00
   291  5.82000000E+01  1.22248089E+00  1.01562054E+00  1.22248089E+00
   292  5.84000000E+01  1.22249280E+00  1.01633760E+00  1.22249280E+00
   293  5.86000000E+01  1.22250403E+00  1.01708094E+00  1.22250403E+00
   294  5.88000000E+01  1.22251464E+00  1.01785120E+00  1.22251464E+00
   295  5.90000000E+01  1.22252465E+00  1.01864904E+00  1.22252465E+00
   296  5.92000000E+01  1.22253422E+00  1.01947513E+00  1.22253422E+00
   297  5.94000000E+01  1.22254523E+00  1.02033010E+00  1.22254523E+00
   298  5.96000000E+01  1.22255563E+00  1.02121461E+00  1.22255563E+00
   299  5.98000000E+01  1.22256544E+00  1.02212928E+00  1.22256544E+00
   300  6.00000000E+01  1.22257470E+00  1.02307473E+00  1.22257470E+00
   301  6.02000000E+01  1.22258343E+00  1.02405158E+00  1.22258343E+00
   302  6.04000000E+01  1.22259167E+00  1.02506042E+00  1.22259167E+00
   303  6.06000000E+01  1.22259943E+00  1.02610182E+00  1.22259943E+00
   304  6.08000000E+01  1.22260676E+00  1.02717634E+00  1.22260676E+00
   305  6.10000000E+01  1.22261366E+00  1.02828452E+00  1.22261366E+00
   306  6.12000000E+01  1.22262092E+00  1.02942687E+00  1.22262092E+00
   307  6.14000000E+01  1.22262854E+00  1.03060387E+00  1.22262854E+00
   308  6.16000000E+01  1.22263572E+00  1.03181598E+00  1.22263572E+00
   309  6.18000000E+01  1.22264250E+00  1.03306363E+00  1.22264250E+00
   310  6.20000000E+01  1.22264888E+00  1.03434719E+00  1.22264888E+00
   311  6.22000000E+01  1.22265489E+00  1.03566703E+00  1.22265489E+00
   312  6.24000000E+01  1.22266056E+00  1.03702344E+00  1.22266056E+00
   313  6.26000000E+01  1.22266590E+00  1.03841671E+00  1.22266590E+00
   314  6.28000000E+01  1.22267093E+00  1.03984704E+00  1.22267093E+00
   315  6.30000000E+01  1.22267566E+00  1.04131461E+00  1.22267566E+00
   316  6.32000000E+01  1.22268012E+00  1.04281952E+00  1.22268012E+00
   317  6.34000000E+01  1.22268512E+00  1.04436186E+00  1.22268512E+00
   318  6.36000000E+01  1.22269004E+00  1.04594160E+00  1.22269004E+00
   319  6.38000000E+01  1.22269468E+00  1.04755870E+00  1.22269468E+00
   320  6.40000000E+01  1.22269904E+00  1.04921302E+00  1.22269904E+00
   321  6.42000000E+01  1.22270315E+00  1.05090437E+00  1.22270315E+00
   322  6.44000000E+01  1.22270701E+00  1.05263249E+00  1.22270701E+00
   323  6.46000000E+01  1.22271065E+00  1.05439703E+00  1.22271065E+00
   324  6.48000000E+01  1.22271408E+00  1.05619759E+00  1.22271408E+00
   325  6.50000000E+01  1.22271730E+00  1.05803366E+00  1.22271730E+00
   326  6.52000000E+01  1.22272032E+00  1.05990469E+00  1.22272032E+00
   327  6.54000000E+01  1.22272317E+00  1.06181001E+00  1.22272317E+00
   328  6.56000000E+01  1.22272585E+00  1.06374889E+00  1.22272585E+00
   329  6.58000000E+01  1.22272837E+00  1.06572052E+00  1.22272837E+00
   330  6.60000000E+01  1.22273121E+00  1.06772400E+00  1.22273121E+00
   331  6.62000000E+01  1.22273400E+00  1.06975835E+00  1.22273400E+00
   332  6.64000000E+01  1.22273663E+00  1.07182250E+00  1.22273663E+00
   333  6.66000000E+01  1.22273910E+00  1.07391531E+00  1.22273910E+00
   334  6.68000000E+01  1.22274142E+00  1.07603553E+00  1.22274142E+00
   335  6.70000000E+01  1.22274360E+00  1.07818188E+00  1.22274360E+00
   336  6.72000000E+01  1.22274565E+00  1.08035295E+00  1.22274565E+00
   337  6.74000000E+01  1.22274757E+00  1.08254729E+00  1.22274757E+00
   338  6.76000000E+01  1.22274938E+00  1.08476336E+00  1.22274938E+00
   339  6.78000000E+01  1.22275108E+00  1.08699955E+00  1.22275108E+00
   340  6.80000000E+01  1.22275268E+00  1.08925418E+00  1.22275268E+00
   341  6.82000000E+01  1.22275418E+00  1.09152552E+00  1.22275418E+00
   342  6.84000000E+01  1.22275559E+00  1.09381176E+00  1.22275559E+00
   343  6.86000000E+01  1.22275691E+00  1.09611106E+00  1.22275691E+00
   344  6.88000000E+01  1.22275815E+00  1.09842151E+00  1.22275815E+00
   345  6.90000000E+01  1.22275932E+00  1.10074116E+00  1.22275932E+00
   346  6.92000000E+01  1.22276041E+00  1.10306802E+00  1.22276041E+00
   347  6.94000000E+01  1.22276144E+00  1.10540007E+00  1.22276144E+00
   348  6.96000000E+01  1.22276240E+00  1.10773525E+00  1.22276240E+00
   349  6.98000000E+01  1.22276332E+00  1.11007148E+00  1.22276332E+00
   350  7.00000000E+01  1.22276439E+00  1.11240669E+00  1.22276439E+00
   351  7.02000000E+01  1.22276539E+00  1.11473878E+00  1.22276539E+00
   352  7.04000000E+01  1.22276633E+00  1.11706563E+00  1.22276633E+00
   353  7.06000000E+01  1.22276722E+00  1.11938517E+00  1.22276722E+00
   354  7.08000000E+01  1.22276804E+00  1.12169532E+00  1.22276804E+00
   355  7.10000000E+01  1.22276882E+00  1.12399401E+00  1.22276882E+00
   356  7.12000000E+01  1.22276955E+00  1.12627923E+00  1.22276955E+00
   357  7.14000000E+01  1.22277024E+00  1.12854899E+00  1.22277024E+00
   358  7.16000000E+01  1.22277088E+00  1.13080134E+00  1.22277088E+00
   359  7.18000000E+01  1.22277148E+00  1.13303442E+00  1.22277148E+00
   360  7.20000000E+01  1.22277204E+00  1.13524639E+00  1.22277204E+00
   361  7.22000000E+01  1.22277257E+00  1.13743551E+00  1.22277257E+00
   362  7.24000000E+01  1.22277307E+00  1.13960010E+00  1.22277307E+00
   363  7.26000000E+01  1.22277353E+00  1.14173859E+00  1.22277353E+00
   364  7.28000000E+01  1.22277397E+00  1.14384947E+00  1.22277397E+00
   365  7.30000000E+01  1.22277437E+00  1.14593136E+00  1.22277437E+00
   366  7.32000000E+01  1.22277476E+00  1.14798297E+00  1.22277476E+00
   367  7.34000000E+01  1.22277511E+00  1.15000311E+00  1.22277511E+00
   368  7.36000000E+01  1.22277545E+00  1.15199073E+00  1.22277545E+00
   369  7.38000000E+01  1.22277576E+00  1.15394490E+00  1.22277576E+00
   370  7.40000000E+01  1.22277606E+00  1.15586481E+00  1.22277606E+00
   371  7.42000000E+01  1.22277633E+00  1.15774981E+00  1.22277633E+00
   372  7.44000000E+01  1.22277659E+00  1.15959937E+00  1.22277659E+00
   373  7.46000000E+01  1.22277683E+00  1.16141315E+00  1.22277683E+00
   374  7.48000000E+01  1.22277706E+00  1.16319095E+00  1.22277706E+00
   375  7.50000000E+01  1.22277727E+00  1.16493275E+00  1.22277727E+00
   376  7.52000000E+01  1.22277747E+00  1.16663870E+00  1.22277747E+00
   377  7.54000000E+01  1.22277766E+00  1.16830913E+00  1.22277766E+00
   378  7.56000000E+01  1.22277783E+00  1.16994455E+00  1.22277783E+00
   379  7.58000000E+01  1.22277799E+00  1.17154566E+00  1.22277799E+00
   380  7.60000000E+01  1.22277815E+00  1.17311328E+00  1.22277815E+00
   381  7.62000000E+01  1.22277829E+00  1.17464842E+00  1.22277829E+00
   382  7.64000000E+01  1.22277842E+00  1.17615220E+00  1.22277842E+00
   383  7.66000000E+01  1.22277855E+00  1.17762582E+00  1.22277855E+00
   384  7.68000000E+01  1.22277866E+00  1.17907057E+00  1.22277866E+00
   385  7.70000000E+01  1.22277877E+00  1.18048775E+00  1.22277877E+00
   386  7.72000000E+01  1.22277888E+00  1.18187863E+00  1.22277888E+00
   387  7.74000000E+01  1.22277897E+00  1.18324442E+00  1.22277897E+00
   388  7.76000000E+01  1.22277906E+00  1.18458624E+00  1.22277906E+00
   389  7.78000000E+01  1.22277915E+00  1.18590501E+00  1.22277915E+00
   390  7.80000000E+01  1.22277922E+00  1.18720149E+00  1.22277922E+00
   391  7.82000000E+01  1.22277930E+00  1.18847619E+00  1.22277930E+00
   392  7.84000000E+01  1.22277937E+00  1.18972937E+00  1.22277937E+00
   393  7.86000000E+01  1.22277943E+00  1.19096100E+00  1.22277943E+00
   394  7.88000000E+01  1.22277949E+00  1.19217080E+00  1.22277949E+00
   395  7.90000000E+01  1.22277955E+00  1.19335819E+00  1.22277955E+00
   396  7.92000000E+01  1.22277960E+00  1.19452238E+00  1.22277960E+00
   397  7.94000000E+01  1.22277965E+00  1.19566233E+00  1.22277965E+00
   398  7.96000000E+01  1.22277969E+00  1.19677685E+00  1.22277969E+00
   399  7.98000000E+01  1.22277974E+00  1.19786462E+00  1.22277974E+00
   400  8.00000000E+01  1.22277978E+00  1.19892426E+00  1.22277978E+00
   401  8.02000000E+01  1.22277982E+00  1.19995439E+00  1.22277982E+00
   402  8.04000000E+01  1.22277985E+00  1.20095369E+00  1.22277985E+00
   403  8.06000000E+01  1.22277988E+00  1.20192097E+00  1.22277988E+00
   404  8.08000000E+01  1.22277991E+00  1.20285520E+00  1.22277991E+00
   405  8.10000000E+01  1.22277994E+00  1.20375556E+00  1.22277994E+00
   406  8.12000000E+01  1.22277997E+00  1.20462151E+00  1.22277997E+00
   407  8.14000000E+01  1.22278000E+00  1.20545276E+00  1.22278000E+00
   408  8.16000000E+01  1.22278002E+00  1.20624933E+00  1.22278002E+00
   409  8.18000000E+01  1.22278004E+00  1.20701150E+00  1.22278004E+00
   410  8.20000000E+01  1.22278006E+00  1.20773983E+00  1.22278006E+00
   411  8.22000000E+01  1.22278008E+00  1.20843514E+00  1.22278008E+00
   412  8.24000000E+01  1.22278010E+00  1.20909843E+00  1.22278010E+00
   413  8.26000000E+01  1.22278012E+00  1.20973092E+00  1.22278012E+00
   414  8.28000000E+01  1.22278013E+00  1.21033392E+00  1.22278013E+00
   415  8.30000000E+01  1.22278015E+00  1.21090883E+00  1.22278015E+00
   416  8.32000000E+01  1.22278016E+00  1.21145712E+00  1.22278016E+00
   417  8.34000000E+01  1.22278017E+00  1.21198023E+00  1.22278017E+00
   418  8.36000000E+01  1.22278019E+00  1.21247957E+00  1.22278019E+00
   419  8.38000000E+01  1.22278020E+00  1.21295647E+00  1.22278020E+00
   420  8.40000000E+01  1.22278021E+00  1.21341220E+00  1.22278021E+00
   421  8.42000000E+01  1.22278022E+00  1.21384790E+00  1.22278022E+00
   422  8.44000000E+01  1.22278023E+00  1.21426460E+00  1.22278023E+00
   423  8.46000000E+01  1.22278024E+00  1.21466321E+00  1.22278024E+00
   424  8.48000000E+01  1.22278024E+00  1.21504453E+00  1.22278024E+00
   425  8.50000000E+01  1.22278025E+00  1.21540928E+00  1.22278025E+00
   426  8.52000000E+01  1.22278026E+00  1.21575806E+00  1.22278026E+00
   427  8.54000000E+01  1.22278027E+00  1.21609142E+00  1.22278027E+00
   428  8.56000000E+01  1.22278027E+00  1.21640986E+00  1.22278027E+00
   429  8.58000000E+01  1.22278028E+00  1.21671383E+00  1.22278028E+00
   430  8.60000000E+01  1.22278028E+00  1.21700377E+00  1.22278028E+00
   431  8.62000000E+01  1.22278029E+00  1.21728010E+00  1.22278029E+00
   432  8.64000000E+01  1.22278029E+00  1.21754326E+00  1.22278029E+00
   433  8.66000000E+01  1.22278030E+00  1.21779367E+00  1.22278030E+00
   434  8.68000000E+01  1.22278030E+00  1.21803181E+00  1.22278030E+00
   435  8.70000000E+01  1.22278031E+00  1.21825812E+00  1.22278031E+00
   436  8.72000000E+01  1.22278031E+00  1.21847311E+00  1.22278031E+00
   437  8.74000000E+01  1.22278031E+00  1.21867727E+00  1.22278031E+00
   438  8.76000000E+01  1.22278032E+00  1.21887109E+00  1.22278032E+00
   439  8.78000000E+01  1.22278032E+00  1.21905510E+00  1.22278032E+00
   440  8.80000000E+01  1.22278032E+00  1.21922978E+00  1.22278032E+00
   441  8.82000000E+01  1.22278033E+00  1.21939565E+00  1.22278033E+00
   442  8.84000000E+01  1.22278033E+00  1.21955316E+00  1.22278033E+00
   443  8.86000000E+01  1.22278033E+00  1.21970278E+00  1.22278033E+00
   444  8.88000000E+01  1.22278033E+00  1.21984494E+00  1.22278033E+00
   445  8.90000000E+01  1.22278034E+00  1.21998006E+00  1.22278034E+00
   446  8.92000000E+01  1.22278034E+00  1.22010851E+00  1.22278034E+00
   447  8.94000000E+01  1.22278034E+00  1.22023064E+00  1.22278034E+00
   448  8.96000000E+01  1.22278034E+00  1.22034679E+00  1.22278034E+00
   449  8.98000000E+01  1.22278034E+00  1.22045726E+00  1.22278034E+00
   450  9.00000000E+01  1.22278035E+00  1.22056232E+00  1.22278035E+00
   451  9.02000000E+01  1.22278035E+00  1.22066224E+00  1.22278035E+00
   452  9.04000000E+01  1.22278035E+00  1.22075725E+00  1.22278035E+00
   453  9.06000000E+01  1.22278035E+00  1.22084759E+00  1.22278035E+00
   454  9.08000000E+01  1.22278035E+00  1.22093346E+00  1.22278035E+00
   455  9.10000000E+01  1.22278035E+00  1.22101507E+00  1.22278035E+00
   456  9.12000000E+01  1.22278035E+00  1.22109261E+00  1.22278035E+00
   457  9.14000000E+01  1.22278035E+00  1.22116627E+00  1.22278035E+00
   458  9.16000000E+01  1.22278036E+00  1.22123622E+00  1.22278036E+00
   459  9.18000000E+01  1.22278036E+00  1.22130263E+00  1.22278036E+00
   460  9.20000000E+01  1.22278036E+00  1.22136566E+00  1.22278036E+00
   461  9.22000000E+01  1.22278036E+00  1.22142549E+00  1.22278036E+00
   462  9.24000000E+01  1.22278036E+00  1.22148226E+00  1.22278036E+00
   463  9.26000000E+01  1.22278036E+00  1.22153612E+00  1.22278036E+00
   464  9.28000000E+01  1.22278036E+00  1.22158721E+00  1.22278036E+00
   465  9.30000000E+01  1.22278036E+00  1.22163567E+00  1.22278036E+00
   466  9.32000000E+01  1.22278036E+00  1.22168164E+00  1.22278036E+00
   467  9.34000000E+01  1.22278036E+00  1.22172523E+00  1.22278036E+00
   468  9.36000000E+01  1.22278036E+00  1.22176656E+00  1.22278036E+00
   469  9.38000000E+01  1.22278036E+00  1.22180575E+00  1.22278036E+00
   470  9.40000000E+01  1.22278036E+00  1.22184290E+00  1.22278036E+00
   471  9.42000000E+01  1.22278036E+00  1.22187812E+00  1.22278036E+00
   472  9.44000000E+01  1.22278037E+00  1.22191149E+00  1.22278037E+00
   473  9.46000000E+01  1.22278037E+00  1.22194312E+00  1.22278037E+00
   474  9.48000000E+01  1.22278037E+00  1.22197308E+00  1.22278037E+00
   475  9.50000000E+01  1.22278037E+00  1.22200146E+00  1.22278037E+00
 steady-height stop at step    475: truncated to 3 decimals, truncated max/end/ratio =       1222      1222      1222, max/end/ratio =   1.22278037E+00  1.22200146E+00  1.22278037E+00
