 comppar: model =   2
 comppar: lambda,mobility/eps,betav,eta_0 =  3.0000E-01  0.0000E+00  4.0000E-01  1.0000E+00
 comppar: eta_s,eta_p,G =  4.0000E-01  6.0000E-01  2.0000E+00
 comppar: U_avg,deltat,flowrate,nsteps =  1.0000E-01  2.0000E-01  3.1416E-01    2000
 comppar: geometry = axisymmetric
 comppar: steady stop change,gap,hold,min =  1.0000E-07  1.0000E-03       1      80
 comppar: steady stop truncated decimals =       3
 comppar: ncompc,ncompg =     4     5
 mesh nnodes = 5797
 mesh nelem = 2796
 P1 BC   5.0000000000000000     
 P2 BC   0.0000000000000000     
     1  2.00000000E-01  1.00252999E+00  1.00000000E+00  1.00252999E+00
     2  4.00000000E-01  1.00501096E+00  1.00000000E+00  1.00501096E+00
     3  6.00000000E-01  1.00743176E+00  1.00000000E+00  1.00743176E+00
     4  8.00000000E-01  1.00980931E+00  1.00000000E+00  1.00980931E+00
     5  1.00000000E+00  1.01214597E+00  1.00000000E+00  1.01214597E+00
     6  1.20000000E+00  1.01445633E+00  1.00000000E+00  1.01445633E+00
     7  1.40000000E+00  1.01673333E+00  1.00000000E+00  1.01673333E+00
     8  1.60000000E+00  1.01897562E+00  1.00000000E+00  1.01897562E+00
     9  1.80000000E+00  1.02119604E+00  1.00000000E+00  1.02119604E+00
    10  2.00000000E+00  1.02337513E+00  1.00000000E+00  1.02337513E+00
    11  2.20000000E+00  1.02554034E+00  1.00000000E+00  1.02554034E+00
    12  2.40000000E+00  1.02765668E+00  1.00000000E+00  1.02765668E+00
    13  2.60000000E+00  1.02976357E+00  1.00000000E+00  1.02976357E+00
    14  2.80000000E+00  1.03182438E+00  1.00000001E+00  1.03182438E+00
    15  3.00000000E+00  1.03387052E+00  1.00000001E+00  1.03387052E+00
    16  3.20000000E+00  1.03587752E+00  1.00000000E+00  1.03587752E+00
    17  3.40000000E+00  1.03785202E+00  1.00000000E+00  1.03785202E+00
    18  3.60000000E+00  1.03981484E+00  1.00000000E+00  1.03981484E+00
    19  3.80000000E+00  1.04171787E+00  1.00000000E+00  1.04171787E+00
    20  4.00000000E+00  1.04363553E+00  1.00000000E+00  1.04363553E+00
    21  4.20000000E+00  1.04549591E+00  1.00000000E+00  1.04549591E+00
    22  4.40000000E+00  1.04732510E+00  9.99999998E-01  1.04732510E+00
    23  4.60000000E+00  1.04915499E+00  9.99999995E-01  1.04915499E+00
    24  4.80000000E+00  1.05092160E+00  9.99999992E-01  1.05092160E+00
    25  5.00000000E+00  1.05268958E+00  9.99999988E-01  1.05268958E+00
    26  5.20000000E+00  1.05442762E+00  9.99999984E-01  1.05442762E+00
    27  5.40000000E+00  1.05609932E+00  9.99999979E-01  1.05609932E+00
    28  5.60000000E+00  1.05779050E+00  9.99999973E-01  1.05779050E+00
    29  5.80000000E+00  1.05944896E+00  9.99999967E-01  1.05944896E+00
    30  6.00000000E+00  1.06103908E+00  9.99999959E-01  1.06103908E+00
    31  6.20000000E+00  1.06265592E+00  9.99999951E-01  1.06265592E+00
    32  6.40000000E+00  1.06423459E+00  9.99999942E-01  1.06423459E+00
    33  6.60000000E+00  1.06574290E+00  9.99999931E-01  1.06574290E+00
    34  6.80000000E+00  1.06726189E+00  9.99999919E-01  1.06726189E+00
    35  7.00000000E+00  1.06877722E+00  9.99999906E-01  1.06877722E+00
    36  7.20000000E+00  1.07022112E+00  9.99999891E-01  1.07022112E+00
    37  7.40000000E+00  1.07163701E+00  9.99999875E-01  1.07163701E+00
    38  7.60000000E+00  1.07308919E+00  9.99999858E-01  1.07308919E+00
    39  7.80000000E+00  1.07446878E+00  9.99999838E-01  1.07446878E+00
    40  8.00000000E+00  1.07577315E+00  9.99999817E-01  1.07577315E+00
    41  8.20000000E+00  1.07714187E+00  9.99999794E-01  1.07714187E+00
    42  8.40000000E+00  1.07847810E+00  9.99999768E-01  1.07847810E+00
    43  8.60000000E+00  1.07973895E+00  9.99999740E-01  1.07973895E+00
    44  8.80000000E+00  1.08096097E+00  9.99999710E-01  1.08096097E+00
    45  9.00000000E+00  1.08225398E+00  9.99999678E-01  1.08225398E+00
    46  9.20000000E+00  1.08347131E+00  9.99999642E-01  1.08347131E+00
    47  9.40000000E+00  1.08461083E+00  9.99999604E-01  1.08461083E+00
    48  9.60000000E+00  1.08574799E+00  9.99999562E-01  1.08574799E+00
    49  9.80000000E+00  1.08694661E+00  9.99999518E-01  1.08694661E+00
    50  1.00000000E+01  1.08806793E+00  9.99999470E-01  1.08806793E+00
    51  1.02000000E+01  1.08911019E+00  9.99999418E-01  1.08911019E+00
    52  1.04000000E+01  1.09017599E+00  9.99999362E-01  1.09017599E+00
    53  1.06000000E+01  1.09127876E+00  9.99999302E-01  1.09127876E+00
    54  1.08000000E+01  1.09230285E+00  9.99999238E-01  1.09230285E+00
    55  1.10000000E+01  1.09324693E+00  9.99999169E-01  1.09324693E+00
    56  1.12000000E+01  1.09419253E+00  9.99999096E-01  1.09419253E+00
    57  1.14000000E+01  1.09522152E+00  9.99999017E-01  1.09522152E+00
    58  1.16000000E+01  1.09617134E+00  9.99998933E-01  1.09617134E+00
    59  1.18000000E+01  1.09704106E+00  9.99998843E-01  1.09704106E+00
    60  1.20000000E+01  1.09787768E+00  9.99998747E-01  1.09787768E+00
    61  1.22000000E+01  1.09883215E+00  9.99998645E-01  1.09883215E+00
    62  1.24000000E+01  1.09970702E+00  9.99998536E-01  1.09970702E+00
    63  1.26000000E+01  1.10050186E+00  9.99998420E-01  1.10050186E+00
    64  1.28000000E+01  1.10121691E+00  9.99998297E-01  1.10121691E+00
    65  1.30000000E+01  1.10209789E+00  9.99998166E-01  1.10209789E+00
    66  1.32000000E+01  1.10290110E+00  9.99998027E-01  1.10290110E+00
    67  1.34000000E+01  1.10362514E+00  9.99997880E-01  1.10362514E+00
    68  1.36000000E+01  1.10427104E+00  9.99997724E-01  1.10427104E+00
    69  1.38000000E+01  1.10506580E+00  9.99997558E-01  1.10506580E+00
    70  1.40000000E+01  1.10579684E+00  9.99997383E-01  1.10579684E+00
    71  1.42000000E+01  1.10644968E+00  9.99997197E-01  1.10644968E+00
    72  1.44000000E+01  1.10702612E+00  9.99997000E-01  1.10702612E+00
    73  1.46000000E+01  1.10773191E+00  9.99996792E-01  1.10773191E+00
    74  1.48000000E+01  1.10839362E+00  9.99996573E-01  1.10839362E+00
    75  1.50000000E+01  1.10897929E+00  9.99996341E-01  1.10897929E+00
    76  1.52000000E+01  1.10949156E+00  9.99996096E-01  1.10949156E+00
    77  1.54000000E+01  1.11013447E+00  9.99995838E-01  1.11013447E+00
    78  1.56000000E+01  1.11072651E+00  9.99995566E-01  1.11072651E+00
    79  1.58000000E+01  1.11124479E+00  9.99995279E-01  1.11124479E+00
    80  1.60000000E+01  1.11169280E+00  9.99994976E-01  1.11169280E+00
    81  1.62000000E+01  1.11227565E+00  9.99994658E-01  1.11227565E+00
    82  1.64000000E+01  1.11280296E+00  9.99994323E-01  1.11280296E+00
    83  1.66000000E+01  1.11325996E+00  9.99993971E-01  1.11325996E+00
    84  1.68000000E+01  1.11365288E+00  9.99993601E-01  1.11365288E+00
    85  1.70000000E+01  1.11418617E+00  9.99993212E-01  1.11418617E+00
    86  1.72000000E+01  1.11464870E+00  9.99992803E-01  1.11464870E+00
    87  1.74000000E+01  1.11504455E+00  9.99992374E-01  1.11504455E+00
    88  1.76000000E+01  1.11540706E+00  9.99991924E-01  1.11540706E+00
    89  1.78000000E+01  1.11587848E+00  9.99991451E-01  1.11587848E+00
    90  1.80000000E+01  1.11628295E+00  9.99990956E-01  1.11628295E+00
    91  1.82000000E+01  1.11662507E+00  9.99990438E-01  1.11662507E+00
    92  1.84000000E+01  1.11695935E+00  9.99989894E-01  1.11695935E+00
    93  1.86000000E+01  1.11736899E+00  9.99989325E-01  1.11736899E+00
    94  1.88000000E+01  1.11771576E+00  9.99988730E-01  1.11771576E+00
    95  1.90000000E+01  1.11800483E+00  9.99988107E-01  1.11800483E+00
    96  1.92000000E+01  1.11832658E+00  9.99987456E-01  1.11832658E+00
    97  1.94000000E+01  1.11868157E+00  9.99986775E-01  1.11868157E+00
    98  1.96000000E+01  1.11897822E+00  9.99986064E-01  1.11897822E+00
    99  1.98000000E+01  1.11922196E+00  9.99985322E-01  1.11922196E+00
   100  2.00000000E+01  1.11951917E+00  9.99984547E-01  1.11951917E+00
   101  2.02000000E+01  1.11982016E+00  9.99983739E-01  1.11982016E+00
   102  2.04000000E+01  1.12006770E+00  9.99982896E-01  1.12006770E+00
   103  2.06000000E+01  1.12026757E+00  9.99982018E-01  1.12026757E+00
   104  2.08000000E+01  1.12056483E+00  9.99981103E-01  1.12056483E+00
   105  2.10000000E+01  1.12081937E+00  9.99980150E-01  1.12081937E+00
   106  2.12000000E+01  1.12102530E+00  9.99979158E-01  1.12102530E+00
   107  2.14000000E+01  1.12120133E+00  9.99978126E-01  1.12120133E+00
   108  2.16000000E+01  1.12145993E+00  9.99977052E-01  1.12145993E+00
   109  2.18000000E+01  1.12166939E+00  9.99975937E-01  1.12166939E+00
   110  2.20000000E+01  1.12183554E+00  9.99974778E-01  1.12183554E+00
   111  2.22000000E+01  1.12202697E+00  9.99973575E-01  1.12202697E+00
   112  2.24000000E+01  1.12224284E+00  9.99972326E-01  1.12224284E+00
   113  2.26000000E+01  1.12241440E+00  9.99971030E-01  1.12241440E+00
   114  2.28000000E+01  1.12254745E+00  9.99969687E-01  1.12254745E+00
   115  2.30000000E+01  1.12272255E+00  9.99968295E-01  1.12272255E+00
   116  2.32000000E+01  1.12289739E+00  9.99966853E-01  1.12289739E+00
   117  2.34000000E+01  1.12303322E+00  9.99965360E-01  1.12303322E+00
   118  2.36000000E+01  1.12314873E+00  9.99963816E-01  1.12314873E+00
   119  2.38000000E+01  1.12332937E+00  9.99962219E-01  1.12332937E+00
   120  2.40000000E+01  1.12346996E+00  9.99960568E-01  1.12346996E+00
   121  2.42000000E+01  1.12357625E+00  9.99958863E-01  1.12357625E+00
   122  2.44000000E+01  1.12368221E+00  9.99957104E-01  1.12368221E+00
   123  2.46000000E+01  1.12382582E+00  9.99955288E-01  1.12382582E+00
   124  2.48000000E+01  1.12393465E+00  9.99953417E-01  1.12393465E+00
   125  2.50000000E+01  1.12401431E+00  9.99951488E-01  1.12401431E+00
   126  2.52000000E+01  1.12414722E+00  9.99949502E-01  1.12414722E+00
   127  2.54000000E+01  1.12426015E+00  9.99947459E-01  1.12426015E+00
   128  2.56000000E+01  1.12434288E+00  9.99945358E-01  1.12434288E+00
   129  2.58000000E+01  1.12440150E+00  9.99943200E-01  1.12440150E+00
   130  2.60000000E+01  1.12451720E+00  9.99940984E-01  1.12451720E+00
   131  2.62000000E+01  1.12460222E+00  9.99938710E-01  1.12460222E+00
   132  2.64000000E+01  1.12466201E+00  9.99936380E-01  1.12466201E+00
   133  2.66000000E+01  1.12475322E+00  9.99933993E-01  1.12475322E+00
   134  2.68000000E+01  1.12484170E+00  9.99931551E-01  1.12484170E+00
   135  2.70000000E+01  1.12490393E+00  9.99929054E-01  1.12490393E+00
   136  2.72000000E+01  1.12494506E+00  9.99926504E-01  1.12494506E+00
   137  2.74000000E+01  1.12502305E+00  9.99923902E-01  1.12502305E+00
   138  2.76000000E+01  1.12508733E+00  9.99921250E-01  1.12508733E+00
   139  2.78000000E+01  1.12513011E+00  9.99918550E-01  1.12513011E+00
   140  2.80000000E+01  1.12519418E+00  9.99915804E-01  1.12519418E+00
   141  2.82000000E+01  1.12526127E+00  9.99913015E-01  1.12526127E+00
   142  2.84000000E+01  1.12530588E+00  9.99910187E-01  1.12530588E+00
   143  2.86000000E+01  1.12533291E+00  9.99907322E-01  1.12533291E+00
   144  2.88000000E+01  1.12538538E+00  9.99904424E-01  1.12538538E+00
   145  2.90000000E+01  1.12543180E+00  9.99901498E-01  1.12543180E+00
   146  2.92000000E+01  1.12546026E+00  9.99898548E-01  1.12546026E+00
   147  2.94000000E+01  1.12550791E+00  9.99895580E-01  1.12550791E+00
   148  2.96000000E+01  1.12555650E+00  9.99892599E-01  1.12555650E+00
   149  2.98000000E+01  1.12558621E+00  9.99889612E-01  1.12558621E+00
   150  3.00000000E+01  1.12560161E+00  9.99886626E-01  1.12560161E+00
   151  3.02000000E+01  1.12563817E+00  9.99883648E-01  1.12563817E+00
   152  3.04000000E+01  1.12566944E+00  9.99880686E-01  1.12566944E+00
   153  3.06000000E+01  1.12568607E+00  9.99877750E-01  1.12568607E+00
   154  3.08000000E+01  1.12572479E+00  9.99874849E-01  1.12572479E+00
   155  3.10000000E+01  1.12575763E+00  9.99871995E-01  1.12575763E+00
   156  3.12000000E+01  1.12577494E+00  9.99869197E-01  1.12577494E+00
   157  3.14000000E+01  1.12578097E+00  9.99866470E-01  1.12578097E+00
   158  3.16000000E+01  1.12580834E+00  9.99863826E-01  1.12580834E+00
   159  3.18000000E+01  1.12582698E+00  9.99861280E-01  1.12582698E+00
   160  3.20000000E+01  1.12583405E+00  9.99858847E-01  1.12583405E+00
   161  3.22000000E+01  1.12586895E+00  9.99856543E-01  1.12586895E+00
   162  3.24000000E+01  1.12588857E+00  9.99854388E-01  1.12588857E+00
   163  3.26000000E+01  1.12589580E+00  9.99852399E-01  1.12589580E+00
   164  3.28000000E+01  1.12589613E+00  9.99850598E-01  1.12589613E+00
   165  3.30000000E+01  1.12591719E+00  9.99849006E-01  1.12591719E+00
   166  3.32000000E+01  1.12592554E+00  9.99847647E-01  1.12592554E+00
   167  3.34000000E+01  1.12593693E+00  9.99846546E-01  1.12593693E+00
   168  3.36000000E+01  1.12595928E+00  9.99845729E-01  1.12595928E+00
   169  3.38000000E+01  1.12596804E+00  9.99845226E-01  1.12596804E+00
   170  3.40000000E+01  1.12596730E+00  9.99845066E-01  1.12596730E+00
   171  3.42000000E+01  1.12597134E+00  9.99845282E-01  1.12597134E+00
   172  3.44000000E+01  1.12598132E+00  9.99845909E-01  1.12598132E+00
   173  3.46000000E+01  1.12598149E+00  9.99846982E-01  1.12598149E+00
   174  3.48000000E+01  1.12599978E+00  9.99848541E-01  1.12599978E+00
   175  3.50000000E+01  1.12601045E+00  9.99850628E-01  1.12601045E+00
   176  3.52000000E+01  1.12601054E+00  9.99853285E-01  1.12601054E+00
   177  3.54000000E+01  1.12600373E+00  9.99856560E-01  1.12600373E+00
   178  3.56000000E+01  1.12601240E+00  9.99860501E-01  1.12601240E+00
   179  3.58000000E+01  1.12601348E+00  9.99865161E-01  1.12601348E+00
   180  3.60000000E+01  1.12601957E+00  9.99870594E-01  1.12601957E+00
   181  3.62000000E+01  1.12603254E+00  9.99876859E-01  1.12603254E+00
   182  3.64000000E+01  1.12603378E+00  9.99884017E-01  1.12603378E+00
   183  3.66000000E+01  1.12602715E+00  9.99892134E-01  1.12602715E+00
   184  3.68000000E+01  1.12602697E+00  9.99901278E-01  1.12602697E+00
   185  3.70000000E+01  1.12602928E+00  9.99911521E-01  1.12602928E+00
   186  3.72000000E+01  1.12602555E+00  9.99922941E-01  1.12602555E+00
   187  3.74000000E+01  1.12604122E+00  9.99935617E-01  1.12604122E+00
   188  3.76000000E+01  1.12604395E+00  9.99949635E-01  1.12604395E+00
   189  3.78000000E+01  1.12604806E+00  9.99965084E-01  1.12604806E+00
   190  3.80000000E+01  1.12605589E+00  9.99982059E-01  1.12605589E+00
   191  3.82000000E+01  1.12606245E+00  1.00000066E+00  1.12606245E+00
   192  3.84000000E+01  1.12606789E+00  1.00002099E+00  1.12606789E+00
   193  3.86000000E+01  1.12607533E+00  1.00004315E+00  1.12607533E+00
   194  3.88000000E+01  1.12608191E+00  1.00006727E+00  1.12608191E+00
   195  3.90000000E+01  1.12608736E+00  1.00009347E+00  1.12608736E+00
   196  3.92000000E+01  1.12609184E+00  1.00012186E+00  1.12609184E+00
   197  3.94000000E+01  1.12609555E+00  1.00015260E+00  1.12609555E+00
   198  3.96000000E+01  1.12610042E+00  1.00018580E+00  1.12610042E+00
   199  3.98000000E+01  1.12610521E+00  1.00022163E+00  1.12610521E+00
   200  4.00000000E+01  1.12610914E+00  1.00026024E+00  1.12610914E+00
   201  4.02000000E+01  1.12611241E+00  1.00030178E+00  1.12611241E+00
   202  4.04000000E+01  1.12611517E+00  1.00034642E+00  1.12611517E+00
   203  4.06000000E+01  1.12611759E+00  1.00039435E+00  1.12611759E+00
   204  4.08000000E+01  1.12612070E+00  1.00044575E+00  1.12612070E+00
   205  4.10000000E+01  1.12612345E+00  1.00050080E+00  1.12612345E+00
   206  4.12000000E+01  1.12612586E+00  1.00055972E+00  1.12612586E+00
   207  4.14000000E+01  1.12612803E+00  1.00062271E+00  1.12612803E+00
   208  4.16000000E+01  1.12613007E+00  1.00068999E+00  1.12613007E+00
   209  4.18000000E+01  1.12613201E+00  1.00076180E+00  1.12613201E+00
   210  4.20000000E+01  1.12613388E+00  1.00083837E+00  1.12613388E+00
   211  4.22000000E+01  1.12613568E+00  1.00091995E+00  1.12613568E+00
   212  4.24000000E+01  1.12613741E+00  1.00100681E+00  1.12613741E+00
   213  4.26000000E+01  1.12613904E+00  1.00109922E+00  1.12613904E+00
   214  4.28000000E+01  1.12614055E+00  1.00119746E+00  1.12614055E+00
   215  4.30000000E+01  1.12614193E+00  1.00130182E+00  1.12614193E+00
   216  4.32000000E+01  1.12614343E+00  1.00141261E+00  1.12614343E+00
   217  4.34000000E+01  1.12614492E+00  1.00153016E+00  1.12614492E+00
   218  4.36000000E+01  1.12614629E+00  1.00165479E+00  1.12614629E+00
   219  4.38000000E+01  1.12614753E+00  1.00178684E+00  1.12614753E+00
   220  4.40000000E+01  1.12614863E+00  1.00192669E+00  1.12614863E+00
   221  4.42000000E+01  1.12614959E+00  1.00207469E+00  1.12614959E+00
   222  4.44000000E+01  1.12615040E+00  1.00223123E+00  1.12615040E+00
   223  4.46000000E+01  1.12615108E+00  1.00239672E+00  1.12615108E+00
   224  4.48000000E+01  1.12615164E+00  1.00257156E+00  1.12615164E+00
   225  4.50000000E+01  1.12615209E+00  1.00275618E+00  1.12615209E+00
   226  4.52000000E+01  1.12615245E+00  1.00295103E+00  1.12615245E+00
   227  4.54000000E+01  1.12615296E+00  1.00315657E+00  1.12615296E+00
   228  4.56000000E+01  1.12615342E+00  1.00337326E+00  1.12615342E+00
   229  4.58000000E+01  1.12615378E+00  1.00360160E+00  1.12615378E+00
   230  4.60000000E+01  1.12615406E+00  1.00384209E+00  1.12615406E+00
   231  4.62000000E+01  1.12615428E+00  1.00409525E+00  1.12615428E+00
   232  4.64000000E+01  1.12615444E+00  1.00436162E+00  1.12615444E+00
   233  4.66000000E+01  1.12615457E+00  1.00464174E+00  1.12615457E+00
   234  4.68000000E+01  1.12615465E+00  1.00493619E+00  1.12615465E+00
   235  4.70000000E+01  1.12615471E+00  1.00524555E+00  1.12615471E+00
   236  4.72000000E+01  1.12615474E+00  1.00557040E+00  1.12615474E+00
   237  4.74000000E+01  1.12615474E+00  1.00591138E+00  1.12615474E+00
   238  4.76000000E+01  1.12615473E+00  1.00626911E+00  1.12615473E+00
   239  4.78000000E+01  1.12615469E+00  1.00664422E+00  1.12615469E+00
   240  4.80000000E+01  1.12615464E+00  1.00703738E+00  1.12615464E+00
   241  4.82000000E+01  1.12615457E+00  1.00744926E+00  1.12615457E+00
   242  4.84000000E+01  1.12615449E+00  1.00788053E+00  1.12615449E+00
   243  4.86000000E+01  1.12615439E+00  1.00833191E+00  1.12615439E+00
   244  4.88000000E+01  1.12615429E+00  1.00880409E+00  1.12615429E+00
   245  4.90000000E+01  1.12615417E+00  1.00929780E+00  1.12615417E+00
   246  4.92000000E+01  1.12615405E+00  1.00981376E+00  1.12615405E+00
   247  4.94000000E+01  1.12615392E+00  1.01035271E+00  1.12615392E+00
   248  4.96000000E+01  1.12615378E+00  1.01091540E+00  1.12615378E+00
   249  4.98000000E+01  1.12615365E+00  1.01150258E+00  1.12615365E+00
   250  5.00000000E+01  1.12615351E+00  1.01211500E+00  1.12615351E+00
   251  5.02000000E+01  1.12615338E+00  1.01275342E+00  1.12615338E+00
   252  5.04000000E+01  1.12615324E+00  1.01341861E+00  1.12615324E+00
   253  5.06000000E+01  1.12615311E+00  1.01411131E+00  1.12615311E+00
   254  5.08000000E+01  1.12615298E+00  1.01483229E+00  1.12615298E+00
   255  5.10000000E+01  1.12615285E+00  1.01558229E+00  1.12615285E+00
   256  5.12000000E+01  1.12615272E+00  1.01636206E+00  1.12615272E+00
   257  5.14000000E+01  1.12615260E+00  1.01717232E+00  1.12615260E+00
   258  5.16000000E+01  1.12615247E+00  1.01801378E+00  1.12615247E+00
   259  5.18000000E+01  1.12615236E+00  1.01888714E+00  1.12615236E+00
   260  5.20000000E+01  1.12615224E+00  1.01979308E+00  1.12615224E+00
   261  5.22000000E+01  1.12615213E+00  1.02073224E+00  1.12615213E+00
   262  5.24000000E+01  1.12615203E+00  1.02170524E+00  1.12615203E+00
   263  5.26000000E+01  1.12615192E+00  1.02271269E+00  1.12615192E+00
   264  5.28000000E+01  1.12615183E+00  1.02375512E+00  1.12615183E+00
   265  5.30000000E+01  1.12615173E+00  1.02483305E+00  1.12615173E+00
   266  5.32000000E+01  1.12615164E+00  1.02594696E+00  1.12615164E+00
   267  5.34000000E+01  1.12615155E+00  1.02709724E+00  1.12615155E+00
   268  5.36000000E+01  1.12615147E+00  1.02828428E+00  1.12615147E+00
   269  5.38000000E+01  1.12615139E+00  1.02950837E+00  1.12615139E+00
   270  5.40000000E+01  1.12615132E+00  1.03076975E+00  1.12615132E+00
   271  5.42000000E+01  1.12615125E+00  1.03206859E+00  1.12615125E+00
   272  5.44000000E+01  1.12615118E+00  1.03340499E+00  1.12615118E+00
   273  5.46000000E+01  1.12615111E+00  1.03477895E+00  1.12615111E+00
   274  5.48000000E+01  1.12615105E+00  1.03619042E+00  1.12615105E+00
   275  5.50000000E+01  1.12615100E+00  1.03763924E+00  1.12615100E+00
   276  5.52000000E+01  1.12615094E+00  1.03912514E+00  1.12615094E+00
   277  5.54000000E+01  1.12615089E+00  1.04064777E+00  1.12615089E+00
   278  5.56000000E+01  1.12615084E+00  1.04220668E+00  1.12615084E+00
   279  5.58000000E+01  1.12615079E+00  1.04380129E+00  1.12615079E+00
   280  5.60000000E+01  1.12615075E+00  1.04543091E+00  1.12615075E+00
   281  5.62000000E+01  1.12615071E+00  1.04709475E+00  1.12615071E+00
   282  5.64000000E+01  1.12615067E+00  1.04879187E+00  1.12615067E+00
   283  5.66000000E+01  1.12615064E+00  1.05052123E+00  1.12615064E+00
   284  5.68000000E+01  1.12615060E+00  1.05228165E+00  1.12615060E+00
   285  5.70000000E+01  1.12615057E+00  1.05407181E+00  1.12615057E+00
   286  5.72000000E+01  1.12615054E+00  1.05589028E+00  1.12615054E+00
   287  5.74000000E+01  1.12615051E+00  1.05773547E+00  1.12615051E+00
   288  5.76000000E+01  1.12615049E+00  1.05960566E+00  1.12615049E+00
   289  5.78000000E+01  1.12615046E+00  1.06149902E+00  1.12615046E+00
   290  5.80000000E+01  1.12615044E+00  1.06341356E+00  1.12615044E+00
   291  5.82000000E+01  1.12615042E+00  1.06534715E+00  1.12615042E+00
   292  5.84000000E+01  1.12615040E+00  1.06729756E+00  1.12615040E+00
   293  5.86000000E+01  1.12615038E+00  1.06926239E+00  1.12615038E+00
   294  5.88000000E+01  1.12615036E+00  1.07123914E+00  1.12615036E+00
   295  5.90000000E+01  1.12615034E+00  1.07322520E+00  1.12615034E+00
   296  5.92000000E+01  1.12615033E+00  1.07521780E+00  1.12615033E+00
   297  5.94000000E+01  1.12615032E+00  1.07721410E+00  1.12615032E+00
   298  5.96000000E+01  1.12615030E+00  1.07921112E+00  1.12615030E+00
   299  5.98000000E+01  1.12615029E+00  1.08120582E+00  1.12615029E+00
   300  6.00000000E+01  1.12615028E+00  1.08319503E+00  1.12615028E+00
   301  6.02000000E+01  1.12615027E+00  1.08517553E+00  1.12615027E+00
   302  6.04000000E+01  1.12615026E+00  1.08714400E+00  1.12615026E+00
   303  6.06000000E+01  1.12615025E+00  1.08909707E+00  1.12615025E+00
   304  6.08000000E+01  1.12615024E+00  1.09103132E+00  1.12615024E+00
   305  6.10000000E+01  1.12615023E+00  1.09294328E+00  1.12615023E+00
   306  6.12000000E+01  1.12615023E+00  1.09482946E+00  1.12615023E+00
   307  6.14000000E+01  1.12615022E+00  1.09668636E+00  1.12615022E+00
   308  6.16000000E+01  1.12615021E+00  1.09851045E+00  1.12615021E+00
   309  6.18000000E+01  1.12615021E+00  1.10029825E+00  1.12615021E+00
   310  6.20000000E+01  1.12615020E+00  1.10204629E+00  1.12615020E+00
   311  6.22000000E+01  1.12615020E+00  1.10375115E+00  1.12615020E+00
   312  6.24000000E+01  1.12615019E+00  1.10540947E+00  1.12615019E+00
   313  6.26000000E+01  1.12615019E+00  1.10701798E+00  1.12615019E+00
   314  6.28000000E+01  1.12615018E+00  1.10857350E+00  1.12615018E+00
   315  6.30000000E+01  1.12615018E+00  1.11007299E+00  1.12615018E+00
   316  6.32000000E+01  1.12615018E+00  1.11151354E+00  1.12615018E+00
   317  6.34000000E+01  1.12615017E+00  1.11289241E+00  1.12615017E+00
   318  6.36000000E+01  1.12615017E+00  1.11420708E+00  1.12615017E+00
   319  6.38000000E+01  1.12615017E+00  1.11545523E+00  1.12615017E+00
   320  6.40000000E+01  1.12615017E+00  1.11663479E+00  1.12615017E+00
   321  6.42000000E+01  1.12615016E+00  1.11774398E+00  1.12615016E+00
   322  6.44000000E+01  1.12615016E+00  1.11878136E+00  1.12615016E+00
   323  6.46000000E+01  1.12615016E+00  1.11974581E+00  1.12615016E+00
   324  6.48000000E+01  1.12615016E+00  1.12063663E+00  1.12615016E+00
   325  6.50000000E+01  1.12615016E+00  1.12145353E+00  1.12615016E+00
   326  6.52000000E+01  1.12615016E+00  1.12219669E+00  1.12615016E+00
   327  6.54000000E+01  1.12615015E+00  1.12286678E+00  1.12615015E+00
   328  6.56000000E+01  1.12615015E+00  1.12346498E+00  1.12615015E+00
   329  6.58000000E+01  1.12615015E+00  1.12399302E+00  1.12615015E+00
   330  6.60000000E+01  1.12615015E+00  1.12445315E+00  1.12615015E+00
   331  6.62000000E+01  1.12615015E+00  1.12484819E+00  1.12615015E+00
   332  6.64000000E+01  1.12615015E+00  1.12518146E+00  1.12615015E+00
   333  6.66000000E+01  1.12615015E+00  1.12545677E+00  1.12615015E+00
   334  6.68000000E+01  1.12615015E+00  1.12567840E+00  1.12615015E+00
   335  6.70000000E+01  1.12615015E+00  1.12585098E+00  1.12615015E+00
   336  6.72000000E+01  1.12615357E+00  1.12597947E+00  1.12615357E+00
   337  6.74000000E+01  1.12615575E+00  1.12606903E+00  1.12615575E+00
 steady-height stop at step    337: truncated to 3 decimals, truncated max/end/ratio =       1126      1126      1126, max/end/ratio =   1.12615575E+00  1.12606903E+00  1.12615575E+00
