 comppar: model =   3
 comppar: lambda,mobility/eps,betav,eta_0 =  9.0000E+00  3.0000E-02  1.0000E-01  1.0000E+00
 comppar: eta_s,eta_p,G =  1.0000E-01  9.0000E-01  1.0000E-01
 comppar: U_avg,deltat,flowrate,nsteps =  1.0000E-01  4.0000E-01  3.1416E-01    1000
 comppar: geometry = axisymmetric
 comppar: steady stop change,gap,hold,min =  1.0000E-05  2.0000E-04      10      80
 comppar: steady stop rounded decimals =       4
 comppar: ncompc,ncompg =     4     5
 mesh nnodes = 22999
 mesh nelem = 11296
 P1 BC   5.0000000000000000     
 P2 BC   0.0000000000000000     
     1  4.00000000E-01  1.00503185E+00  1.00000000E+00  1.00503185E+00
     2  8.00000000E-01  1.00982884E+00  1.00000000E+00  1.00982884E+00
     3  1.20000000E+00  1.01437734E+00  1.00000000E+00  1.01437734E+00
     4  1.60000000E+00  1.01878071E+00  1.00000000E+00  1.01878071E+00
     5  2.00000000E+00  1.02310030E+00  1.00000000E+00  1.02310030E+00
     6  2.40000000E+00  1.02741279E+00  1.00000001E+00  1.02741279E+00
     7  2.80000000E+00  1.03178668E+00  1.00000001E+00  1.03178668E+00
     8  3.20000000E+00  1.03628732E+00  1.00000001E+00  1.03628732E+00
     9  3.60000000E+00  1.04094599E+00  1.00000001E+00  1.04094599E+00
    10  4.00000000E+00  1.04579148E+00  1.00000001E+00  1.04579148E+00
    11  4.40000000E+00  1.05084415E+00  1.00000001E+00  1.05084415E+00
    12  4.80000000E+00  1.05611192E+00  1.00000001E+00  1.05611192E+00
    13  5.20000000E+00  1.06160548E+00  1.00000001E+00  1.06160548E+00
    14  5.60000000E+00  1.06732268E+00  1.00000001E+00  1.06732268E+00
    15  6.00000000E+00  1.07325747E+00  1.00000000E+00  1.07325747E+00
    16  6.40000000E+00  1.07939038E+00  9.99999995E-01  1.07939038E+00
    17  6.80000000E+00  1.08571979E+00  9.99999987E-01  1.08571979E+00
    18  7.20000000E+00  1.09222592E+00  9.99999978E-01  1.09222592E+00
    19  7.60000000E+00  1.09887962E+00  9.99999967E-01  1.09887962E+00
    20  8.00000000E+00  1.10565782E+00  9.99999953E-01  1.10565782E+00
    21  8.40000000E+00  1.11253528E+00  9.99999937E-01  1.11253528E+00
    22  8.80000000E+00  1.11948617E+00  9.99999919E-01  1.11948617E+00
    23  9.20000000E+00  1.12650841E+00  9.99999897E-01  1.12650841E+00
    24  9.60000000E+00  1.13355800E+00  9.99999872E-01  1.13355800E+00
    25  1.00000000E+01  1.14061077E+00  9.99999843E-01  1.14061077E+00
    26  1.04000000E+01  1.14765506E+00  9.99999811E-01  1.14765506E+00
    27  1.08000000E+01  1.15470108E+00  9.99999774E-01  1.15470108E+00
    28  1.12000000E+01  1.16169690E+00  9.99999733E-01  1.16169690E+00
    29  1.16000000E+01  1.16865204E+00  9.99999687E-01  1.16865204E+00
    30  1.20000000E+01  1.17556740E+00  9.99999635E-01  1.17556740E+00
    31  1.24000000E+01  1.18239623E+00  9.99999578E-01  1.18239623E+00
    32  1.28000000E+01  1.18919598E+00  9.99999514E-01  1.18919598E+00
    33  1.32000000E+01  1.19590517E+00  9.99999444E-01  1.19590517E+00
    34  1.36000000E+01  1.20257403E+00  9.99999366E-01  1.20257403E+00
    35  1.40000000E+01  1.20915150E+00  9.99999281E-01  1.20915150E+00
    36  1.44000000E+01  1.21570164E+00  9.99999187E-01  1.21570164E+00
    37  1.48000000E+01  1.22214446E+00  9.99999085E-01  1.22214446E+00
    38  1.52000000E+01  1.22851424E+00  9.99998973E-01  1.22851424E+00
    39  1.56000000E+01  1.23481015E+00  9.99998851E-01  1.23481015E+00
    40  1.60000000E+01  1.24097588E+00  9.99998718E-01  1.24097588E+00
    41  1.64000000E+01  1.24711877E+00  9.99998573E-01  1.24711877E+00
    42  1.68000000E+01  1.25313158E+00  9.99998417E-01  1.25313158E+00
    43  1.72000000E+01  1.25911734E+00  9.99998247E-01  1.25911734E+00
    44  1.76000000E+01  1.26497359E+00  9.99998063E-01  1.26497359E+00
    45  1.80000000E+01  1.27075846E+00  9.99997865E-01  1.27075846E+00
    46  1.84000000E+01  1.27646535E+00  9.99997651E-01  1.27646535E+00
    47  1.88000000E+01  1.28203482E+00  9.99997420E-01  1.28203482E+00
    48  1.92000000E+01  1.28759474E+00  9.99997172E-01  1.28759474E+00
    49  1.96000000E+01  1.29301220E+00  9.99996905E-01  1.29301220E+00
    50  2.00000000E+01  1.29840094E+00  9.99996618E-01  1.29840094E+00
    51  2.04000000E+01  1.30367950E+00  9.99996311E-01  1.30367950E+00
    52  2.08000000E+01  1.30888738E+00  9.99995981E-01  1.30888738E+00
    53  2.12000000E+01  1.31402700E+00  9.99995628E-01  1.31402700E+00
    54  2.16000000E+01  1.31905360E+00  9.99995250E-01  1.31905360E+00
    55  2.20000000E+01  1.32406389E+00  9.99994847E-01  1.32406389E+00
    56  2.24000000E+01  1.32893019E+00  9.99994416E-01  1.32893019E+00
    57  2.28000000E+01  1.33378929E+00  9.99993956E-01  1.33378929E+00
    58  2.32000000E+01  1.33852557E+00  9.99993465E-01  1.33852557E+00
    59  2.36000000E+01  1.34314279E+00  9.99992942E-01  1.34314279E+00
    60  2.40000000E+01  1.34775989E+00  9.99992385E-01  1.34775989E+00
    61  2.44000000E+01  1.35223425E+00  9.99991792E-01  1.35223425E+00
    62  2.48000000E+01  1.35663208E+00  9.99991162E-01  1.35663208E+00
    63  2.52000000E+01  1.36098852E+00  9.99990492E-01  1.36098852E+00
    64  2.56000000E+01  1.36520681E+00  9.99989781E-01  1.36520681E+00
    65  2.60000000E+01  1.36945677E+00  9.99989025E-01  1.36945677E+00
    66  2.64000000E+01  1.37356095E+00  9.99988224E-01  1.37356095E+00
    67  2.68000000E+01  1.37764502E+00  9.99987375E-01  1.37764502E+00
    68  2.72000000E+01  1.38163832E+00  9.99986474E-01  1.38163832E+00
    69  2.76000000E+01  1.38550510E+00  9.99985521E-01  1.38550510E+00
    70  2.80000000E+01  1.38938300E+00  9.99984512E-01  1.38938300E+00
    71  2.84000000E+01  1.39309291E+00  9.99983444E-01  1.39309291E+00
    72  2.88000000E+01  1.39679751E+00  9.99982315E-01  1.39679751E+00
    73  2.92000000E+01  1.40038002E+00  9.99981122E-01  1.40038002E+00
    74  2.96000000E+01  1.40391588E+00  9.99979861E-01  1.40391588E+00
    75  3.00000000E+01  1.40736461E+00  9.99978531E-01  1.40736461E+00
    76  3.04000000E+01  1.41076981E+00  9.99977127E-01  1.41076981E+00
    77  3.08000000E+01  1.41408053E+00  9.99975646E-01  1.41408053E+00
    78  3.12000000E+01  1.41734215E+00  9.99974084E-01  1.41734215E+00
    79  3.16000000E+01  1.42050346E+00  9.99972439E-01  1.42050346E+00
    80  3.20000000E+01  1.42361257E+00  9.99970706E-01  1.42361257E+00
    81  3.24000000E+01  1.42662113E+00  9.99968882E-01  1.42662113E+00
    82  3.28000000E+01  1.42956244E+00  9.99966962E-01  1.42956244E+00
    83  3.32000000E+01  1.43241338E+00  9.99964943E-01  1.43241338E+00
    84  3.36000000E+01  1.43523825E+00  9.99962821E-01  1.43523825E+00
    85  3.40000000E+01  1.43792900E+00  9.99960590E-01  1.43792900E+00
    86  3.44000000E+01  1.44064483E+00  9.99958248E-01  1.44064483E+00
    87  3.48000000E+01  1.44317529E+00  9.99955788E-01  1.44317529E+00
    88  3.52000000E+01  1.44578779E+00  9.99953208E-01  1.44578779E+00
    89  3.56000000E+01  1.44815704E+00  9.99950501E-01  1.44815704E+00
    90  3.60000000E+01  1.45062417E+00  9.99947663E-01  1.45062417E+00
    91  3.64000000E+01  1.45289769E+00  9.99944689E-01  1.45289769E+00
    92  3.68000000E+01  1.45520831E+00  9.99941573E-01  1.45520831E+00
    93  3.72000000E+01  1.45739711E+00  9.99938312E-01  1.45739711E+00
    94  3.76000000E+01  1.45955894E+00  9.99934899E-01  1.45955894E+00
    95  3.80000000E+01  1.46167069E+00  9.99931328E-01  1.46167069E+00
    96  3.84000000E+01  1.46368781E+00  9.99927596E-01  1.46368781E+00
    97  3.88000000E+01  1.46570783E+00  9.99923695E-01  1.46570783E+00
    98  3.92000000E+01  1.46759458E+00  9.99919620E-01  1.46759458E+00
    99  3.96000000E+01  1.46953294E+00  9.99915366E-01  1.46953294E+00
   100  4.00000000E+01  1.47132137E+00  9.99910927E-01  1.47132137E+00
   101  4.04000000E+01  1.47316361E+00  9.99906297E-01  1.47316361E+00
   102  4.08000000E+01  1.47487299E+00  9.99901470E-01  1.47487299E+00
   103  4.12000000E+01  1.47659487E+00  9.99896441E-01  1.47659487E+00
   104  4.16000000E+01  1.47822209E+00  9.99891203E-01  1.47822209E+00
   105  4.20000000E+01  1.47984052E+00  9.99885750E-01  1.47984052E+00
   106  4.24000000E+01  1.48138046E+00  9.99880078E-01  1.48138046E+00
   107  4.28000000E+01  1.48290258E+00  9.99874180E-01  1.48290258E+00
   108  4.32000000E+01  1.48437402E+00  9.99868050E-01  1.48437402E+00
   109  4.36000000E+01  1.48581553E+00  9.99861683E-01  1.48581553E+00
   110  4.40000000E+01  1.48720196E+00  9.99855074E-01  1.48720196E+00
   111  4.44000000E+01  1.48857061E+00  9.99848217E-01  1.48857061E+00
   112  4.48000000E+01  1.48989940E+00  9.99841108E-01  1.48989940E+00
   113  4.52000000E+01  1.49120701E+00  9.99833740E-01  1.49120701E+00
   114  4.56000000E+01  1.49244596E+00  9.99826110E-01  1.49244596E+00
   115  4.60000000E+01  1.49369992E+00  9.99818214E-01  1.49369992E+00
   116  4.64000000E+01  1.49488993E+00  9.99810047E-01  1.49488993E+00
   117  4.68000000E+01  1.49607425E+00  9.99801607E-01  1.49607425E+00
   118  4.72000000E+01  1.49722410E+00  9.99792889E-01  1.49722410E+00
   119  4.76000000E+01  1.49832297E+00  9.99783891E-01  1.49832297E+00
   120  4.80000000E+01  1.49943231E+00  9.99774611E-01  1.49943231E+00
   121  4.84000000E+01  1.50049621E+00  9.99765048E-01  1.50049621E+00
   122  4.88000000E+01  1.50154120E+00  9.99755200E-01  1.50154120E+00
   123  4.92000000E+01  1.50256501E+00  9.99745069E-01  1.50256501E+00
   124  4.96000000E+01  1.50354207E+00  9.99734654E-01  1.50354207E+00
   125  5.00000000E+01  1.50452895E+00  9.99723958E-01  1.50452895E+00
   126  5.04000000E+01  1.50544990E+00  9.99712982E-01  1.50544990E+00
   127  5.08000000E+01  1.50638094E+00  9.99701731E-01  1.50638094E+00
   128  5.12000000E+01  1.50725740E+00  9.99690210E-01  1.50725740E+00
   129  5.16000000E+01  1.50813283E+00  9.99678425E-01  1.50813283E+00
   130  5.20000000E+01  1.50896596E+00  9.99666384E-01  1.50896596E+00
   131  5.24000000E+01  1.50978386E+00  9.99654096E-01  1.50978386E+00
   132  5.28000000E+01  1.51057371E+00  9.99641572E-01  1.51057371E+00
   133  5.32000000E+01  1.51134569E+00  9.99628824E-01  1.51134569E+00
   134  5.36000000E+01  1.51209273E+00  9.99615867E-01  1.51209273E+00
   135  5.40000000E+01  1.51281391E+00  9.99602718E-01  1.51281391E+00
   136  5.44000000E+01  1.51352077E+00  9.99589396E-01  1.51352077E+00
   137  5.48000000E+01  1.51420098E+00  9.99575922E-01  1.51420098E+00
   138  5.52000000E+01  1.51486763E+00  9.99562320E-01  1.51486763E+00
   139  5.56000000E+01  1.51550390E+00  9.99548616E-01  1.51550390E+00
   140  5.60000000E+01  1.51613431E+00  9.99534842E-01  1.51613431E+00
   141  5.64000000E+01  1.51673042E+00  9.99521029E-01  1.51673042E+00
   142  5.68000000E+01  1.51732451E+00  9.99507214E-01  1.51732451E+00
   143  5.72000000E+01  1.51788053E+00  9.99493437E-01  1.51788053E+00
   144  5.76000000E+01  1.51844260E+00  9.99479743E-01  1.51844260E+00
   145  5.80000000E+01  1.51895933E+00  9.99466179E-01  1.51895933E+00
   146  5.84000000E+01  1.51948954E+00  9.99452799E-01  1.51948954E+00
   147  5.88000000E+01  1.51997289E+00  9.99439660E-01  1.51997289E+00
   148  5.92000000E+01  1.52047444E+00  9.99426825E-01  1.52047444E+00
   149  5.96000000E+01  1.52093275E+00  9.99414362E-01  1.52093275E+00
   150  6.00000000E+01  1.52139432E+00  9.99402347E-01  1.52139432E+00
   151  6.04000000E+01  1.52182867E+00  9.99390858E-01  1.52182867E+00
   152  6.08000000E+01  1.52225638E+00  9.99379983E-01  1.52225638E+00
   153  6.12000000E+01  1.52266801E+00  9.99369816E-01  1.52266801E+00
   154  6.16000000E+01  1.52305876E+00  9.99360459E-01  1.52305876E+00
   155  6.20000000E+01  1.52344916E+00  9.99352021E-01  1.52344916E+00
   156  6.24000000E+01  1.52381187E+00  9.99344621E-01  1.52381187E+00
   157  6.28000000E+01  1.52418138E+00  9.99338384E-01  1.52418138E+00
   158  6.32000000E+01  1.52451984E+00  9.99333449E-01  1.52451984E+00
   159  6.36000000E+01  1.52486305E+00  9.99329960E-01  1.52486305E+00
   160  6.40000000E+01  1.52518360E+00  9.99328076E-01  1.52518360E+00
   161  6.44000000E+01  1.52550099E+00  9.99327965E-01  1.52550099E+00
   162  6.48000000E+01  1.52580353E+00  9.99329807E-01  1.52580353E+00
   163  6.52000000E+01  1.52609355E+00  9.99333796E-01  1.52609355E+00
   164  6.56000000E+01  1.52637988E+00  9.99340138E-01  1.52637988E+00
   165  6.60000000E+01  1.52664368E+00  9.99349054E-01  1.52664368E+00
   166  6.64000000E+01  1.52691409E+00  9.99360780E-01  1.52691409E+00
   167  6.68000000E+01  1.52715996E+00  9.99375568E-01  1.52715996E+00
   168  6.72000000E+01  1.52740922E+00  9.99393685E-01  1.52740922E+00
   169  6.76000000E+01  1.52764221E+00  9.99415418E-01  1.52764221E+00
   170  6.80000000E+01  1.52786906E+00  9.99441072E-01  1.52786906E+00
   171  6.84000000E+01  1.52809056E+00  9.99470970E-01  1.52809056E+00
   172  6.88000000E+01  1.52829516E+00  9.99505458E-01  1.52829516E+00
   173  6.92000000E+01  1.52850606E+00  9.99544902E-01  1.52850606E+00
   174  6.96000000E+01  1.52870143E+00  9.99589693E-01  1.52870143E+00
   175  7.00000000E+01  1.52889172E+00  9.99640245E-01  1.52889172E+00
   176  7.04000000E+01  1.52907996E+00  9.99696997E-01  1.52907996E+00
   177  7.08000000E+01  1.52925804E+00  9.99760416E-01  1.52925804E+00
   178  7.12000000E+01  1.52942967E+00  9.99830996E-01  1.52942967E+00
   179  7.16000000E+01  1.52960257E+00  9.99909262E-01  1.52960257E+00
   180  7.20000000E+01  1.52976875E+00  9.99995770E-01  1.52976875E+00
   181  7.24000000E+01  1.52992874E+00  1.00009111E+00  1.52992874E+00
   182  7.28000000E+01  1.53008461E+00  1.00019590E+00  1.53008461E+00
   183  7.32000000E+01  1.53023968E+00  1.00031080E+00  1.53023968E+00
   184  7.36000000E+01  1.53038713E+00  1.00043651E+00  1.53038713E+00
   185  7.40000000E+01  1.53052670E+00  1.00057377E+00  1.53052670E+00
   186  7.44000000E+01  1.53066897E+00  1.00072335E+00  1.53066897E+00
   187  7.48000000E+01  1.53080129E+00  1.00088607E+00  1.53080129E+00
   188  7.52000000E+01  1.53092759E+00  1.00106281E+00  1.53092759E+00
   189  7.56000000E+01  1.53105368E+00  1.00125448E+00  1.53105368E+00
   190  7.60000000E+01  1.53116862E+00  1.00146204E+00  1.53116862E+00
   191  7.64000000E+01  1.53128525E+00  1.00168651E+00  1.53128525E+00
   192  7.68000000E+01  1.53139391E+00  1.00192896E+00  1.53139391E+00
   193  7.72000000E+01  1.53149502E+00  1.00219052E+00  1.53149502E+00
   194  7.76000000E+01  1.53159784E+00  1.00247239E+00  1.53159784E+00
   195  7.80000000E+01  1.53169029E+00  1.00277580E+00  1.53169029E+00
   196  7.84000000E+01  1.53178264E+00  1.00310207E+00  1.53178264E+00
   197  7.88000000E+01  1.53186968E+00  1.00345258E+00  1.53186968E+00
   198  7.92000000E+01  1.53194897E+00  1.00382878E+00  1.53194897E+00
   199  7.96000000E+01  1.53203131E+00  1.00423219E+00  1.53203131E+00
   200  8.00000000E+01  1.53210581E+00  1.00466441E+00  1.53210581E+00
   201  8.04000000E+01  1.53217616E+00  1.00512710E+00  1.53217616E+00
   202  8.08000000E+01  1.53224665E+00  1.00562202E+00  1.53224665E+00
   203  8.12000000E+01  1.53231130E+00  1.00615100E+00  1.53231130E+00
   204  8.16000000E+01  1.53237297E+00  1.00671594E+00  1.53237297E+00
   205  8.20000000E+01  1.53243446E+00  1.00731886E+00  1.53243446E+00
   206  8.24000000E+01  1.53249136E+00  1.00796184E+00  1.53249136E+00
   207  8.28000000E+01  1.53254416E+00  1.00864707E+00  1.53254416E+00
   208  8.32000000E+01  1.53259795E+00  1.00937680E+00  1.53259795E+00
   209  8.36000000E+01  1.53264851E+00  1.01015340E+00  1.53264851E+00
   210  8.40000000E+01  1.53269551E+00  1.01097933E+00  1.53269551E+00
   211  8.44000000E+01  1.53274064E+00  1.01185713E+00  1.53274064E+00
   212  8.48000000E+01  1.53278569E+00  1.01278945E+00  1.53278569E+00
   213  8.52000000E+01  1.53282780E+00  1.01377902E+00  1.53282780E+00
   214  8.56000000E+01  1.53286740E+00  1.01482869E+00  1.53286740E+00
   215  8.60000000E+01  1.53290507E+00  1.01594135E+00  1.53290507E+00
   216  8.64000000E+01  1.53294340E+00  1.01712003E+00  1.53294340E+00
   217  8.68000000E+01  1.53297992E+00  1.01836783E+00  1.53297992E+00
   218  8.72000000E+01  1.53301502E+00  1.01968791E+00  1.53301502E+00
   219  8.76000000E+01  1.53304893E+00  1.02108354E+00  1.53304893E+00
   220  8.80000000E+01  1.53308170E+00  1.02255805E+00  1.53308170E+00
   221  8.84000000E+01  1.53311324E+00  1.02411481E+00  1.53311324E+00
   222  8.88000000E+01  1.53314420E+00  1.02575730E+00  1.53314420E+00
   223  8.92000000E+01  1.53317489E+00  1.02748899E+00  1.53317489E+00
   224  8.96000000E+01  1.53320421E+00  1.02931343E+00  1.53320421E+00
   225  9.00000000E+01  1.53323212E+00  1.03123416E+00  1.53323212E+00
   226  9.04000000E+01  1.53325868E+00  1.03325477E+00  1.53325868E+00
   227  9.08000000E+01  1.53328405E+00  1.03537881E+00  1.53328405E+00
   228  9.12000000E+01  1.53330873E+00  1.03760982E+00  1.53330873E+00
   229  9.16000000E+01  1.53333349E+00  1.03995133E+00  1.53333349E+00
   230  9.20000000E+01  1.53335737E+00  1.04240677E+00  1.53335737E+00
   231  9.24000000E+01  1.53338052E+00  1.04497952E+00  1.53338052E+00
   232  9.28000000E+01  1.53340301E+00  1.04767285E+00  1.53340301E+00
   233  9.32000000E+01  1.53342479E+00  1.05048991E+00  1.53342479E+00
   234  9.36000000E+01  1.53344573E+00  1.05343372E+00  1.53344573E+00
   235  9.40000000E+01  1.53346570E+00  1.05650710E+00  1.53346570E+00
   236  9.44000000E+01  1.53348458E+00  1.05971270E+00  1.53348458E+00
   237  9.48000000E+01  1.53350306E+00  1.06305293E+00  1.53350306E+00
   238  9.52000000E+01  1.53352134E+00  1.06652996E+00  1.53352134E+00
   239  9.56000000E+01  1.53353852E+00  1.07014568E+00  1.53353852E+00
   240  9.60000000E+01  1.53355467E+00  1.07390171E+00  1.53355467E+00
   241  9.64000000E+01  1.53356989E+00  1.07779932E+00  1.53356989E+00
   242  9.68000000E+01  1.53358428E+00  1.08183945E+00  1.53358428E+00
   243  9.72000000E+01  1.53359795E+00  1.08602268E+00  1.53359795E+00
   244  9.76000000E+01  1.53361098E+00  1.09034922E+00  1.53361098E+00
   245  9.80000000E+01  1.53362424E+00  1.09481886E+00  1.53362424E+00
   246  9.84000000E+01  1.53363682E+00  1.09943101E+00  1.53363682E+00
   247  9.88000000E+01  1.53364874E+00  1.10418466E+00  1.53364874E+00
   248  9.92000000E+01  1.53365995E+00  1.10907838E+00  1.53365995E+00
   249  9.96000000E+01  1.53367043E+00  1.11411033E+00  1.53367043E+00
   250  1.00000000E+02  1.53368018E+00  1.11927823E+00  1.53368018E+00
   251  1.00400000E+02  1.53368920E+00  1.12457943E+00  1.53368920E+00
   252  1.00800000E+02  1.53369753E+00  1.13001084E+00  1.53369753E+00
   253  1.01200000E+02  1.53370589E+00  1.13556904E+00  1.53370589E+00
   254  1.01600000E+02  1.53371386E+00  1.14125020E+00  1.53371386E+00
   255  1.02000000E+02  1.53372117E+00  1.14705018E+00  1.53372117E+00
   256  1.02400000E+02  1.53372787E+00  1.15296452E+00  1.53372787E+00
   257  1.02800000E+02  1.53373398E+00  1.15898848E+00  1.53373398E+00
   258  1.03200000E+02  1.53373951E+00  1.16511707E+00  1.53373951E+00
   259  1.03600000E+02  1.53374446E+00  1.17134507E+00  1.53374446E+00
   260  1.04000000E+02  1.53374884E+00  1.17766708E+00  1.53374884E+00
   261  1.04400000E+02  1.53375265E+00  1.18407756E+00  1.53375265E+00
   262  1.04800000E+02  1.53375671E+00  1.19057084E+00  1.53375671E+00
   263  1.05200000E+02  1.53376022E+00  1.19714119E+00  1.53376022E+00
   264  1.05600000E+02  1.53376319E+00  1.20378279E+00  1.53376319E+00
   265  1.06000000E+02  1.53376564E+00  1.21048983E+00  1.53376564E+00
   266  1.06400000E+02  1.53376759E+00  1.21725648E+00  1.53376759E+00
   267  1.06800000E+02  1.53376907E+00  1.22407696E+00  1.53376907E+00
   268  1.07200000E+02  1.53377010E+00  1.23094551E+00  1.53377010E+00
   269  1.07600000E+02  1.53377071E+00  1.23785642E+00  1.53377071E+00
   270  1.08000000E+02  1.53377092E+00  1.24480404E+00  1.53377092E+00
   271  1.08400000E+02  1.53377075E+00  1.25178280E+00  1.53377075E+00
   272  1.08800000E+02  1.53377063E+00  1.25878717E+00  1.53377063E+00
   273  1.09200000E+02  1.53377027E+00  1.26581166E+00  1.53377027E+00
   274  1.09600000E+02  1.53376958E+00  1.27285082E+00  1.53376958E+00
   275  1.10000000E+02  1.53376861E+00  1.27989923E+00  1.53376861E+00
   276  1.10400000E+02  1.53376737E+00  1.28695145E+00  1.53376737E+00
   277  1.10800000E+02  1.53376592E+00  1.29400199E+00  1.53376592E+00
   278  1.11200000E+02  1.53376426E+00  1.30104535E+00  1.53376426E+00
   279  1.11600000E+02  1.53376244E+00  1.30807590E+00  1.53376244E+00
   280  1.12000000E+02  1.53376047E+00  1.31508794E+00  1.53376047E+00
   281  1.12400000E+02  1.53375838E+00  1.32207563E+00  1.53375838E+00
   282  1.12800000E+02  1.53375618E+00  1.32903301E+00  1.53375618E+00
   283  1.13200000E+02  1.53375390E+00  1.33595394E+00  1.53375390E+00
   284  1.13600000E+02  1.53375155E+00  1.34283215E+00  1.53375155E+00
   285  1.14000000E+02  1.53374913E+00  1.34966121E+00  1.53374913E+00
   286  1.14400000E+02  1.53374667E+00  1.35643457E+00  1.53374667E+00
   287  1.14800000E+02  1.53374417E+00  1.36314556E+00  1.53374417E+00
   288  1.15200000E+02  1.53374163E+00  1.36978740E+00  1.53374163E+00
   289  1.15600000E+02  1.53373908E+00  1.37635330E+00  1.53373908E+00
   290  1.16000000E+02  1.53373650E+00  1.38283641E+00  1.53373650E+00
   291  1.16400000E+02  1.53373391E+00  1.38922995E+00  1.53373391E+00
   292  1.16800000E+02  1.53373131E+00  1.39552720E+00  1.53373131E+00
   293  1.17200000E+02  1.53372871E+00  1.40172157E+00  1.53372871E+00
   294  1.17600000E+02  1.53372612E+00  1.40780664E+00  1.53372612E+00
   295  1.18000000E+02  1.53372353E+00  1.41377619E+00  1.53372353E+00
   296  1.18400000E+02  1.53372096E+00  1.41962427E+00  1.53372096E+00
   297  1.18800000E+02  1.53371841E+00  1.42534518E+00  1.53371841E+00
   298  1.19200000E+02  1.53371589E+00  1.43093352E+00  1.53371589E+00
   299  1.19600000E+02  1.53371339E+00  1.43638422E+00  1.53371339E+00
   300  1.20000000E+02  1.53371093E+00  1.44169249E+00  1.53371093E+00
   301  1.20400000E+02  1.53370851E+00  1.44685385E+00  1.53370851E+00
   302  1.20800000E+02  1.53370614E+00  1.45186407E+00  1.53370614E+00
   303  1.21200000E+02  1.53370380E+00  1.45671921E+00  1.53370380E+00
   304  1.21600000E+02  1.53370152E+00  1.46141553E+00  1.53370152E+00
   305  1.22000000E+02  1.53369929E+00  1.46594948E+00  1.53369929E+00
   306  1.22400000E+02  1.53369712E+00  1.47031767E+00  1.53369712E+00
   307  1.22800000E+02  1.53369499E+00  1.47451683E+00  1.53369499E+00
   308  1.23200000E+02  1.53369293E+00  1.47854379E+00  1.53369293E+00
   309  1.23600000E+02  1.53369092E+00  1.48239550E+00  1.53369092E+00
   310  1.24000000E+02  1.53368896E+00  1.48606902E+00  1.53368896E+00
   311  1.24400000E+02  1.53368707E+00  1.48956157E+00  1.53368707E+00
   312  1.24800000E+02  1.53368523E+00  1.49287058E+00  1.53368523E+00
   313  1.25200000E+02  1.53368344E+00  1.49599381E+00  1.53368344E+00
   314  1.25600000E+02  1.53368171E+00  1.49892945E+00  1.53368171E+00
   315  1.26000000E+02  1.53368004E+00  1.50167629E+00  1.53368004E+00
   316  1.26400000E+02  1.53367842E+00  1.50423389E+00  1.53367842E+00
   317  1.26800000E+02  1.53367685E+00  1.50660275E+00  1.53367685E+00
   318  1.27200000E+02  1.53367534E+00  1.50878459E+00  1.53367534E+00
   319  1.27600000E+02  1.53367388E+00  1.51078245E+00  1.53367388E+00
   320  1.28000000E+02  1.53367247E+00  1.51260094E+00  1.53367247E+00
   321  1.28400000E+02  1.53367111E+00  1.51424635E+00  1.53367111E+00
   322  1.28800000E+02  1.53366981E+00  1.51572673E+00  1.53366981E+00
   323  1.29200000E+02  1.53366855E+00  1.51705187E+00  1.53366855E+00
   324  1.29600000E+02  1.53366734E+00  1.51823324E+00  1.53366734E+00
   325  1.30000000E+02  1.53366618E+00  1.51928379E+00  1.53366618E+00
   326  1.30400000E+02  1.53366506E+00  1.52021762E+00  1.53366506E+00
   327  1.30800000E+02  1.53366399E+00  1.52104960E+00  1.53366399E+00
   328  1.31200000E+02  1.53366296E+00  1.52179486E+00  1.53366296E+00
   329  1.31600000E+02  1.53366198E+00  1.52246827E+00  1.53366198E+00
   330  1.32000000E+02  1.53366104E+00  1.52308382E+00  1.53366104E+00
   331  1.32400000E+02  1.53366014E+00  1.52365407E+00  1.53366014E+00
   332  1.32800000E+02  1.53365927E+00  1.52418968E+00  1.53365927E+00
   333  1.33200000E+02  1.53365845E+00  1.52469900E+00  1.53365845E+00
   334  1.33600000E+02  1.53365766E+00  1.52518783E+00  1.53365766E+00
   335  1.34000000E+02  1.53365691E+00  1.52565940E+00  1.53365691E+00
   336  1.34400000E+02  1.53365619E+00  1.52611452E+00  1.53365619E+00
   337  1.34800000E+02  1.53365551E+00  1.52655191E+00  1.53365551E+00
   338  1.35200000E+02  1.53365486E+00  1.52696871E+00  1.53365486E+00
   339  1.35600000E+02  1.53365423E+00  1.52736113E+00  1.53365423E+00
   340  1.36000000E+02  1.53365364E+00  1.52772512E+00  1.53365364E+00
   341  1.36400000E+02  1.53365308E+00  1.52805707E+00  1.53365308E+00
   342  1.36800000E+02  1.53365254E+00  1.52835440E+00  1.53365254E+00
   343  1.37200000E+02  1.53365203E+00  1.52861598E+00  1.53365203E+00
   344  1.37600000E+02  1.53365155E+00  1.52884240E+00  1.53365155E+00
   345  1.38000000E+02  1.53365109E+00  1.52903599E+00  1.53365109E+00
   346  1.38400000E+02  1.53365065E+00  1.52920061E+00  1.53365065E+00
   347  1.38800000E+02  1.53365024E+00  1.52934132E+00  1.53365024E+00
   348  1.39200000E+02  1.53364984E+00  1.52946378E+00  1.53364984E+00
   349  1.39600000E+02  1.53364947E+00  1.52957377E+00  1.53364947E+00
   350  1.40000000E+02  1.53364912E+00  1.52967657E+00  1.53364912E+00
   351  1.40400000E+02  1.53364878E+00  1.52977649E+00  1.53364878E+00
   352  1.40800000E+02  1.53364847E+00  1.52987658E+00  1.53364847E+00
   353  1.41200000E+02  1.53364817E+00  1.52997845E+00  1.53364817E+00
   354  1.41600000E+02  1.53364789E+00  1.53008232E+00  1.53364789E+00
   355  1.42000000E+02  1.53364762E+00  1.53018723E+00  1.53364762E+00
   356  1.42400000E+02  1.53364737E+00  1.53029137E+00  1.53364737E+00
   357  1.42800000E+02  1.53364713E+00  1.53039250E+00  1.53364713E+00
   358  1.43200000E+02  1.53364691E+00  1.53048829E+00  1.53364691E+00
   359  1.43600000E+02  1.53364671E+00  1.53057676E+00  1.53364671E+00
   360  1.44000000E+02  1.53364653E+00  1.53065649E+00  1.53364653E+00
   361  1.44400000E+02  1.53364636E+00  1.53072678E+00  1.53364636E+00
   362  1.44800000E+02  1.53364620E+00  1.53078764E+00  1.53364620E+00
   363  1.45200000E+02  1.53364605E+00  1.53083975E+00  1.53364605E+00
   364  1.45600000E+02  1.53364590E+00  1.53088428E+00  1.53364590E+00
   365  1.46000000E+02  1.53364577E+00  1.53092267E+00  1.53364577E+00
   366  1.46400000E+02  1.53364565E+00  1.53095645E+00  1.53364565E+00
   367  1.46800000E+02  1.53364553E+00  1.53098706E+00  1.53364553E+00
   368  1.47200000E+02  1.53364542E+00  1.53101571E+00  1.53364542E+00
   369  1.47600000E+02  1.53364532E+00  1.53104333E+00  1.53364532E+00
   370  1.48000000E+02  1.53364522E+00  1.53107056E+00  1.53364522E+00
   371  1.48400000E+02  1.53364513E+00  1.53109774E+00  1.53364513E+00
   372  1.48800000E+02  1.53364505E+00  1.53112501E+00  1.53364505E+00
   373  1.49200000E+02  1.53364497E+00  1.53115234E+00  1.53364497E+00
   374  1.49600000E+02  1.53364490E+00  1.53117961E+00  1.53364490E+00
   375  1.50000000E+02  1.53364483E+00  1.53120666E+00  1.53364483E+00
   376  1.50400000E+02  1.53364477E+00  1.53123329E+00  1.53364477E+00
   377  1.50800000E+02  1.53364471E+00  1.53125933E+00  1.53364471E+00
   378  1.51200000E+02  1.53364466E+00  1.53128463E+00  1.53364466E+00
   379  1.51600000E+02  1.53364461E+00  1.53130904E+00  1.53364461E+00
   380  1.52000000E+02  1.53364456E+00  1.53133245E+00  1.53364456E+00
   381  1.52400000E+02  1.53364452E+00  1.53135478E+00  1.53364452E+00
   382  1.52800000E+02  1.53364448E+00  1.53137599E+00  1.53364448E+00
   383  1.53200000E+02  1.53364444E+00  1.53139605E+00  1.53364444E+00
   384  1.53600000E+02  1.53364441E+00  1.53141498E+00  1.53364441E+00
   385  1.54000000E+02  1.53364438E+00  1.53143285E+00  1.53364438E+00
   386  1.54400000E+02  1.53364435E+00  1.53144971E+00  1.53364435E+00
   387  1.54800000E+02  1.53364432E+00  1.53146565E+00  1.53364432E+00
   388  1.55200000E+02  1.53364430E+00  1.53148077E+00  1.53364430E+00
   389  1.55600000E+02  1.53364428E+00  1.53149512E+00  1.53364428E+00
   390  1.56000000E+02  1.53364425E+00  1.53150876E+00  1.53364425E+00
   391  1.56400000E+02  1.53364424E+00  1.53152171E+00  1.53364424E+00
   392  1.56800000E+02  1.53364422E+00  1.53153397E+00  1.53364422E+00
   393  1.57200000E+02  1.53364420E+00  1.53154553E+00  1.53364420E+00
   394  1.57600000E+02  1.53364419E+00  1.53155638E+00  1.53364419E+00
   395  1.58000000E+02  1.53364418E+00  1.53156650E+00  1.53364418E+00
   396  1.58400000E+02  1.53364416E+00  1.53157588E+00  1.53364416E+00
   397  1.58800000E+02  1.53364415E+00  1.53158452E+00  1.53364415E+00
   398  1.59200000E+02  1.53364414E+00  1.53159245E+00  1.53364414E+00
   399  1.59600000E+02  1.53364414E+00  1.53159970E+00  1.53364414E+00
   400  1.60000000E+02  1.53364413E+00  1.53160630E+00  1.53364413E+00
   401  1.60400000E+02  1.53364412E+00  1.53161230E+00  1.53364412E+00
   402  1.60800000E+02  1.53364411E+00  1.53161772E+00  1.53364411E+00
   403  1.61200000E+02  1.53364411E+00  1.53162261E+00  1.53364411E+00
   404  1.61600000E+02  1.53364410E+00  1.53162698E+00  1.53364410E+00
   405  1.62000000E+02  1.53364410E+00  1.53163084E+00  1.53364410E+00
   406  1.62400000E+02  1.53364410E+00  1.53163420E+00  1.53364410E+00
   407  1.62800000E+02  1.53364409E+00  1.53163705E+00  1.53364409E+00
   408  1.63200000E+02  1.53364409E+00  1.53163942E+00  1.53364409E+00
   409  1.63600000E+02  1.53364409E+00  1.53164129E+00  1.53364409E+00
   410  1.64000000E+02  1.53364409E+00  1.53164268E+00  1.53364409E+00
   411  1.64400000E+02  1.53364408E+00  1.53164361E+00  1.53364408E+00
   412  1.64800000E+02  1.53364408E+00  1.53164411E+00  1.53364408E+00
   413  1.65200000E+02  1.53364408E+00  1.53164419E+00  1.53364408E+00
   414  1.65600000E+02  1.53364408E+00  1.53164390E+00  1.53364408E+00
   415  1.66000000E+02  1.53364408E+00  1.53164326E+00  1.53364408E+00
   416  1.66400000E+02  1.53364408E+00  1.53164231E+00  1.53364408E+00
   417  1.66800000E+02  1.53364408E+00  1.53164109E+00  1.53364408E+00
   418  1.67200000E+02  1.53364408E+00  1.53163962E+00  1.53364408E+00
   419  1.67600000E+02  1.53364408E+00  1.53163793E+00  1.53364408E+00
   420  1.68000000E+02  1.53364408E+00  1.53163606E+00  1.53364408E+00
   421  1.68400000E+02  1.53364408E+00  1.53163401E+00  1.53364408E+00
   422  1.68800000E+02  1.53364408E+00  1.53163183E+00  1.53364408E+00
   423  1.69200000E+02  1.53364408E+00  1.53162953E+00  1.53364408E+00
   424  1.69600000E+02  1.53364408E+00  1.53162712E+00  1.53364408E+00
   425  1.70000000E+02  1.53364408E+00  1.53162464E+00  1.53364408E+00
   426  1.70400000E+02  1.53364408E+00  1.53162210E+00  1.53364408E+00
   427  1.70800000E+02  1.53364408E+00  1.53161952E+00  1.53364408E+00
   428  1.71200000E+02  1.53364408E+00  1.53161691E+00  1.53364408E+00
   429  1.71600000E+02  1.53364408E+00  1.53161428E+00  1.53364408E+00
   430  1.72000000E+02  1.53364408E+00  1.53161165E+00  1.53364408E+00
   431  1.72400000E+02  1.53364408E+00  1.53160902E+00  1.53364408E+00
   432  1.72800000E+02  1.53364408E+00  1.53160639E+00  1.53364408E+00
   433  1.73200000E+02  1.53364408E+00  1.53160377E+00  1.53364408E+00
   434  1.73600000E+02  1.53364408E+00  1.53160116E+00  1.53364408E+00
   435  1.74000000E+02  1.53364409E+00  1.53159856E+00  1.53364409E+00
   436  1.74400000E+02  1.53364409E+00  1.53159597E+00  1.53364409E+00
   437  1.74800000E+02  1.53364409E+00  1.53159339E+00  1.53364409E+00
   438  1.75200000E+02  1.53364409E+00  1.53159084E+00  1.53364409E+00
   439  1.75600000E+02  1.53364409E+00  1.53158830E+00  1.53364409E+00
   440  1.76000000E+02  1.53364409E+00  1.53158579E+00  1.53364409E+00
   441  1.76400000E+02  1.53364409E+00  1.53158331E+00  1.53364409E+00
   442  1.76800000E+02  1.53364409E+00  1.53158087E+00  1.53364409E+00
   443  1.77200000E+02  1.53364409E+00  1.53157846E+00  1.53364409E+00
   444  1.77600000E+02  1.53364409E+00  1.53157609E+00  1.53364409E+00
   445  1.78000000E+02  1.53364409E+00  1.53157378E+00  1.53364409E+00
   446  1.78400000E+02  1.53364409E+00  1.53157151E+00  1.53364409E+00
   447  1.78800000E+02  1.53364409E+00  1.53156930E+00  1.53364409E+00
   448  1.79200000E+02  1.53364409E+00  1.53156714E+00  1.53364409E+00
   449  1.79600000E+02  1.53364409E+00  1.53156503E+00  1.53364409E+00
   450  1.80000000E+02  1.53364409E+00  1.53156299E+00  1.53364409E+00
   451  1.80400000E+02  1.53364409E+00  1.53156101E+00  1.53364409E+00
   452  1.80800000E+02  1.53364409E+00  1.53155908E+00  1.53364409E+00
   453  1.81200000E+02  1.53364409E+00  1.53155722E+00  1.53364409E+00
   454  1.81600000E+02  1.53364409E+00  1.53155541E+00  1.53364409E+00
   455  1.82000000E+02  1.53364409E+00  1.53155367E+00  1.53364409E+00
   456  1.82400000E+02  1.53364409E+00  1.53155198E+00  1.53364409E+00
   457  1.82800000E+02  1.53364409E+00  1.53155035E+00  1.53364409E+00
   458  1.83200000E+02  1.53364410E+00  1.53154877E+00  1.53364410E+00
   459  1.83600000E+02  1.53364410E+00  1.53154725E+00  1.53364410E+00
   460  1.84000000E+02  1.53364410E+00  1.53154578E+00  1.53364410E+00
   461  1.84400000E+02  1.53364410E+00  1.53154436E+00  1.53364410E+00
   462  1.84800000E+02  1.53364410E+00  1.53154299E+00  1.53364410E+00
   463  1.85200000E+02  1.53364410E+00  1.53154168E+00  1.53364410E+00
   464  1.85600000E+02  1.53364410E+00  1.53154041E+00  1.53364410E+00
   465  1.86000000E+02  1.53364410E+00  1.53153919E+00  1.53364410E+00
   466  1.86400000E+02  1.53364410E+00  1.53153802E+00  1.53364410E+00
   467  1.86800000E+02  1.53364410E+00  1.53153689E+00  1.53364410E+00
   468  1.87200000E+02  1.53364410E+00  1.53153581E+00  1.53364410E+00
   469  1.87600000E+02  1.53364410E+00  1.53153478E+00  1.53364410E+00
   470  1.88000000E+02  1.53364410E+00  1.53153379E+00  1.53364410E+00
   471  1.88400000E+02  1.53364410E+00  1.53153284E+00  1.53364410E+00
   472  1.88800000E+02  1.53364410E+00  1.53153193E+00  1.53364410E+00
   473  1.89200000E+02  1.53364410E+00  1.53153106E+00  1.53364410E+00
   474  1.89600000E+02  1.53364410E+00  1.53153023E+00  1.53364410E+00
   475  1.90000000E+02  1.53364410E+00  1.53152943E+00  1.53364410E+00
   476  1.90400000E+02  1.53364410E+00  1.53152868E+00  1.53364410E+00
   477  1.90800000E+02  1.53364410E+00  1.53152796E+00  1.53364410E+00
   478  1.91200000E+02  1.53364410E+00  1.53152727E+00  1.53364410E+00
   479  1.91600000E+02  1.53364410E+00  1.53152661E+00  1.53364410E+00
   480  1.92000000E+02  1.53364410E+00  1.53152599E+00  1.53364410E+00
   481  1.92400000E+02  1.53364410E+00  1.53152539E+00  1.53364410E+00
   482  1.92800000E+02  1.53364410E+00  1.53152483E+00  1.53364410E+00
   483  1.93200000E+02  1.53364410E+00  1.53152429E+00  1.53364410E+00
   484  1.93600000E+02  1.53364410E+00  1.53152378E+00  1.53364410E+00
   485  1.94000000E+02  1.53364410E+00  1.53152329E+00  1.53364410E+00
   486  1.94400000E+02  1.53364410E+00  1.53152283E+00  1.53364410E+00
   487  1.94800000E+02  1.53364410E+00  1.53152239E+00  1.53364410E+00
   488  1.95200000E+02  1.53364410E+00  1.53152197E+00  1.53364410E+00
   489  1.95600000E+02  1.53364410E+00  1.53152158E+00  1.53364410E+00
   490  1.96000000E+02  1.53364410E+00  1.53152120E+00  1.53364410E+00
   491  1.96400000E+02  1.53364410E+00  1.53152085E+00  1.53364410E+00
   492  1.96800000E+02  1.53364410E+00  1.53152052E+00  1.53364410E+00
   493  1.97200000E+02  1.53364410E+00  1.53152020E+00  1.53364410E+00
   494  1.97600000E+02  1.53364410E+00  1.53151990E+00  1.53364410E+00
   495  1.98000000E+02  1.53364410E+00  1.53151962E+00  1.53364410E+00
   496  1.98400000E+02  1.53364410E+00  1.53151935E+00  1.53364410E+00
   497  1.98800000E+02  1.53364410E+00  1.53151910E+00  1.53364410E+00
   498  1.99200000E+02  1.53364410E+00  1.53151886E+00  1.53364410E+00
   499  1.99600000E+02  1.53364410E+00  1.53151863E+00  1.53364410E+00
   500  2.00000000E+02  1.53364410E+00  1.53151842E+00  1.53364410E+00
   501  2.00400000E+02  1.53364410E+00  1.53151822E+00  1.53364410E+00
   502  2.00800000E+02  1.53364410E+00  1.53151804E+00  1.53364410E+00
   503  2.01200000E+02  1.53364410E+00  1.53151786E+00  1.53364410E+00
   504  2.01600000E+02  1.53364410E+00  1.53151769E+00  1.53364410E+00
   505  2.02000000E+02  1.53364410E+00  1.53151754E+00  1.53364410E+00
   506  2.02400000E+02  1.53364410E+00  1.53151739E+00  1.53364410E+00
   507  2.02800000E+02  1.53364410E+00  1.53151726E+00  1.53364410E+00
   508  2.03200000E+02  1.53364410E+00  1.53151713E+00  1.53364410E+00
   509  2.03600000E+02  1.53364410E+00  1.53151701E+00  1.53364410E+00
   510  2.04000000E+02  1.53364410E+00  1.53151690E+00  1.53364410E+00
   511  2.04400000E+02  1.53364410E+00  1.53151679E+00  1.53364410E+00
   512  2.04800000E+02  1.53364410E+00  1.53151669E+00  1.53364410E+00
   513  2.05200000E+02  1.53364410E+00  1.53151660E+00  1.53364410E+00
   514  2.05600000E+02  1.53364410E+00  1.53151651E+00  1.53364410E+00
   515  2.06000000E+02  1.53364410E+00  1.53151643E+00  1.53364410E+00
   516  2.06400000E+02  1.53364410E+00  1.53151636E+00  1.53364410E+00
   517  2.06800000E+02  1.53364410E+00  1.53151629E+00  1.53364410E+00
   518  2.07200000E+02  1.53364410E+00  1.53151623E+00  1.53364410E+00
   519  2.07600000E+02  1.53364410E+00  1.53151617E+00  1.53364410E+00
   520  2.08000000E+02  1.53364410E+00  1.53151611E+00  1.53364410E+00
   521  2.08400000E+02  1.53364410E+00  1.53151606E+00  1.53364410E+00
   522  2.08800000E+02  1.53364410E+00  1.53151601E+00  1.53364410E+00
   523  2.09200000E+02  1.53364410E+00  1.53151597E+00  1.53364410E+00
   524  2.09600000E+02  1.53364410E+00  1.53151593E+00  1.53364410E+00
   525  2.10000000E+02  1.53364410E+00  1.53151589E+00  1.53364410E+00
   526  2.10400000E+02  1.53364410E+00  1.53151585E+00  1.53364410E+00
   527  2.10800000E+02  1.53364410E+00  1.53151582E+00  1.53364410E+00
   528  2.11200000E+02  1.53364410E+00  1.53151579E+00  1.53364410E+00
   529  2.11600000E+02  1.53364410E+00  1.53151577E+00  1.53364410E+00
   530  2.12000000E+02  1.53364410E+00  1.53151574E+00  1.53364410E+00
   531  2.12400000E+02  1.53364410E+00  1.53151572E+00  1.53364410E+00
   532  2.12800000E+02  1.53364410E+00  1.53151570E+00  1.53364410E+00
   533  2.13200000E+02  1.53364410E+00  1.53151568E+00  1.53364410E+00
   534  2.13600000E+02  1.53364410E+00  1.53151566E+00  1.53364410E+00
   535  2.14000000E+02  1.53364410E+00  1.53151564E+00  1.53364410E+00
   536  2.14400000E+02  1.53364410E+00  1.53151563E+00  1.53364410E+00
   537  2.14800000E+02  1.53364410E+00  1.53151562E+00  1.53364410E+00
   538  2.15200000E+02  1.53364410E+00  1.53151560E+00  1.53364410E+00
   539  2.15600000E+02  1.53364410E+00  1.53151559E+00  1.53364410E+00
   540  2.16000000E+02  1.53364410E+00  1.53151558E+00  1.53364410E+00
   541  2.16400000E+02  1.53364410E+00  1.53151557E+00  1.53364410E+00
   542  2.16800000E+02  1.53364410E+00  1.53151557E+00  1.53364410E+00
   543  2.17200000E+02  1.53364410E+00  1.53151556E+00  1.53364410E+00
   544  2.17600000E+02  1.53364410E+00  1.53151555E+00  1.53364410E+00
   545  2.18000000E+02  1.53364410E+00  1.53151555E+00  1.53364410E+00
   546  2.18400000E+02  1.53364410E+00  1.53151554E+00  1.53364410E+00
   547  2.18800000E+02  1.53364410E+00  1.53151554E+00  1.53364410E+00
   548  2.19200000E+02  1.53364410E+00  1.53151553E+00  1.53364410E+00
   549  2.19600000E+02  1.53364410E+00  1.53151553E+00  1.53364410E+00
   550  2.20000000E+02  1.53364410E+00  1.53151553E+00  1.53364410E+00
   551  2.20400000E+02  1.53364410E+00  1.53151552E+00  1.53364410E+00
   552  2.20800000E+02  1.53364410E+00  1.53151552E+00  1.53364410E+00
   553  2.21200000E+02  1.53364410E+00  1.53151552E+00  1.53364410E+00
   554  2.21600000E+02  1.53364410E+00  1.53151552E+00  1.53364410E+00
   555  2.22000000E+02  1.53364410E+00  1.53151552E+00  1.53364410E+00
   556  2.22400000E+02  1.53364410E+00  1.53151552E+00  1.53364410E+00
   557  2.22800000E+02  1.53364410E+00  1.53151552E+00  1.53364410E+00
   558  2.23200000E+02  1.53364410E+00  1.53151552E+00  1.53364410E+00
   559  2.23600000E+02  1.53364410E+00  1.53151552E+00  1.53364410E+00
   560  2.24000000E+02  1.53364410E+00  1.53151552E+00  1.53364410E+00
   561  2.24400000E+02  1.53364410E+00  1.53151552E+00  1.53364410E+00
   562  2.24800000E+02  1.53364410E+00  1.53151552E+00  1.53364410E+00
   563  2.25200000E+02  1.53364410E+00  1.53151552E+00  1.53364410E+00
   564  2.25600000E+02  1.53364410E+00  1.53151552E+00  1.53364410E+00
   565  2.26000000E+02  1.53364410E+00  1.53151552E+00  1.53364410E+00
   566  2.26400000E+02  1.53364410E+00  1.53151552E+00  1.53364410E+00
   567  2.26800000E+02  1.53364410E+00  1.53151552E+00  1.53364410E+00
   568  2.27200000E+02  1.53364410E+00  1.53151552E+00  1.53364410E+00
   569  2.27600000E+02  1.53364410E+00  1.53151552E+00  1.53364410E+00
   570  2.28000000E+02  1.53364410E+00  1.53151552E+00  1.53364410E+00
   571  2.28400000E+02  1.53364410E+00  1.53151552E+00  1.53364410E+00
   572  2.28800000E+02  1.53364410E+00  1.53151552E+00  1.53364410E+00
   573  2.29200000E+02  1.53364410E+00  1.53151552E+00  1.53364410E+00
   574  2.29600000E+02  1.53364410E+00  1.53151552E+00  1.53364410E+00
   575  2.30000000E+02  1.53364410E+00  1.53151552E+00  1.53364410E+00
   576  2.30400000E+02  1.53364410E+00  1.53151552E+00  1.53364410E+00
   577  2.30800000E+02  1.53364410E+00  1.53151552E+00  1.53364410E+00
   578  2.31200000E+02  1.53364410E+00  1.53151552E+00  1.53364410E+00
   579  2.31600000E+02  1.53364410E+00  1.53151552E+00  1.53364410E+00
   580  2.32000000E+02  1.53364410E+00  1.53151552E+00  1.53364410E+00
   581  2.32400000E+02  1.53364410E+00  1.53151553E+00  1.53364410E+00
   582  2.32800000E+02  1.53364410E+00  1.53151553E+00  1.53364410E+00
   583  2.33200000E+02  1.53364410E+00  1.53151553E+00  1.53364410E+00
   584  2.33600000E+02  1.53364410E+00  1.53151553E+00  1.53364410E+00
   585  2.34000000E+02  1.53364410E+00  1.53151553E+00  1.53364410E+00
   586  2.34400000E+02  1.53364410E+00  1.53151553E+00  1.53364410E+00
   587  2.34800000E+02  1.53364410E+00  1.53151553E+00  1.53364410E+00
   588  2.35200000E+02  1.53364410E+00  1.53151553E+00  1.53364410E+00
   589  2.35600000E+02  1.53364410E+00  1.53151553E+00  1.53364410E+00
   590  2.36000000E+02  1.53364410E+00  1.53151553E+00  1.53364410E+00
   591  2.36400000E+02  1.53364410E+00  1.53151553E+00  1.53364410E+00
   592  2.36800000E+02  1.53364410E+00  1.53151553E+00  1.53364410E+00
   593  2.37200000E+02  1.53364410E+00  1.53151553E+00  1.53364410E+00
   594  2.37600000E+02  1.53364410E+00  1.53151553E+00  1.53364410E+00
   595  2.38000000E+02  1.53364410E+00  1.53151553E+00  1.53364410E+00
   596  2.38400000E+02  1.53364410E+00  1.53151553E+00  1.53364410E+00
   597  2.38800000E+02  1.53364410E+00  1.53151553E+00  1.53364410E+00
   598  2.39200000E+02  1.53364410E+00  1.53151553E+00  1.53364410E+00
   599  2.39600000E+02  1.53364410E+00  1.53151553E+00  1.53364410E+00
   600  2.40000000E+02  1.53364410E+00  1.53151553E+00  1.53364410E+00
   601  2.40400000E+02  1.53364410E+00  1.53151553E+00  1.53364410E+00
   602  2.40800000E+02  1.53364410E+00  1.53151553E+00  1.53364410E+00
   603  2.41200000E+02  1.53364410E+00  1.53151553E+00  1.53364410E+00
   604  2.41600000E+02  1.53364410E+00  1.53151553E+00  1.53364410E+00
   605  2.42000000E+02  1.53364410E+00  1.53151553E+00  1.53364410E+00
   606  2.42400000E+02  1.53364410E+00  1.53151553E+00  1.53364410E+00
   607  2.42800000E+02  1.53364410E+00  1.53151553E+00  1.53364410E+00
   608  2.43200000E+02  1.53364410E+00  1.53151553E+00  1.53364410E+00
   609  2.43600000E+02  1.53364410E+00  1.53151553E+00  1.53364410E+00
   610  2.44000000E+02  1.53364410E+00  1.53151554E+00  1.53364410E+00
   611  2.44400000E+02  1.53364410E+00  1.53151554E+00  1.53364410E+00
   612  2.44800000E+02  1.53364410E+00  1.53151554E+00  1.53364410E+00
   613  2.45200000E+02  1.53364410E+00  1.53151554E+00  1.53364410E+00
   614  2.45600000E+02  1.53364410E+00  1.53151554E+00  1.53364410E+00
   615  2.46000000E+02  1.53364410E+00  1.53151554E+00  1.53364410E+00
   616  2.46400000E+02  1.53364410E+00  1.53151554E+00  1.53364410E+00
   617  2.46800000E+02  1.53364410E+00  1.53151554E+00  1.53364410E+00
   618  2.47200000E+02  1.53364410E+00  1.53151554E+00  1.53364410E+00
   619  2.47600000E+02  1.53364410E+00  1.53151554E+00  1.53364410E+00
   620  2.48000000E+02  1.53364410E+00  1.53151554E+00  1.53364410E+00
   621  2.48400000E+02  1.53364410E+00  1.53151554E+00  1.53364410E+00
   622  2.48800000E+02  1.53364410E+00  1.53151554E+00  1.53364410E+00
   623  2.49200000E+02  1.53364410E+00  1.53151554E+00  1.53364410E+00
   624  2.49600000E+02  1.53364410E+00  1.53151554E+00  1.53364410E+00
   625  2.50000000E+02  1.53364410E+00  1.53151554E+00  1.53364410E+00
   626  2.50400000E+02  1.53364410E+00  1.53151554E+00  1.53364410E+00
   627  2.50800000E+02  1.53364410E+00  1.53151554E+00  1.53364410E+00
   628  2.51200000E+02  1.53364410E+00  1.53151554E+00  1.53364410E+00
   629  2.51600000E+02  1.53364410E+00  1.53151554E+00  1.53364410E+00
   630  2.52000000E+02  1.53364410E+00  1.53151554E+00  1.53364410E+00
   631  2.52400000E+02  1.53364410E+00  1.53151554E+00  1.53364410E+00
   632  2.52800000E+02  1.53364410E+00  1.53151554E+00  1.53364410E+00
   633  2.53200000E+02  1.53364410E+00  1.53151554E+00  1.53364410E+00
   634  2.53600000E+02  1.53364410E+00  1.53151554E+00  1.53364410E+00
   635  2.54000000E+02  1.53364410E+00  1.53151554E+00  1.53364410E+00
   636  2.54400000E+02  1.53364410E+00  1.53151554E+00  1.53364410E+00
   637  2.54800000E+02  1.53364410E+00  1.53151554E+00  1.53364410E+00
   638  2.55200000E+02  1.53364410E+00  1.53151554E+00  1.53364410E+00
   639  2.55600000E+02  1.53364410E+00  1.53151554E+00  1.53364410E+00
   640  2.56000000E+02  1.53364410E+00  1.53151554E+00  1.53364410E+00
   641  2.56400000E+02  1.53364410E+00  1.53151554E+00  1.53364410E+00
   642  2.56800000E+02  1.53364410E+00  1.53151554E+00  1.53364410E+00
   643  2.57200000E+02  1.53364410E+00  1.53151554E+00  1.53364410E+00
   644  2.57600000E+02  1.53364410E+00  1.53151554E+00  1.53364410E+00
   645  2.58000000E+02  1.53364410E+00  1.53151554E+00  1.53364410E+00
   646  2.58400000E+02  1.53364410E+00  1.53151554E+00  1.53364410E+00
   647  2.58800000E+02  1.53364410E+00  1.53151554E+00  1.53364410E+00
   648  2.59200000E+02  1.53364410E+00  1.53151554E+00  1.53364410E+00
   649  2.59600000E+02  1.53364410E+00  1.53151554E+00  1.53364410E+00
   650  2.60000000E+02  1.53364410E+00  1.53151554E+00  1.53364410E+00
   651  2.60400000E+02  1.53364410E+00  1.53151554E+00  1.53364410E+00
   652  2.60800000E+02  1.53364410E+00  1.53151554E+00  1.53364410E+00
   653  2.61200000E+02  1.53364410E+00  1.53151554E+00  1.53364410E+00
   654  2.61600000E+02  1.53364410E+00  1.53151554E+00  1.53364410E+00
   655  2.62000000E+02  1.53364410E+00  1.53151554E+00  1.53364410E+00
   656  2.62400000E+02  1.53364410E+00  1.53151554E+00  1.53364410E+00
   657  2.62800000E+02  1.53364410E+00  1.53151554E+00  1.53364410E+00
   658  2.63200000E+02  1.53364410E+00  1.53151554E+00  1.53364410E+00
   659  2.63600000E+02  1.53364410E+00  1.53151554E+00  1.53364410E+00
   660  2.64000000E+02  1.53364410E+00  1.53151554E+00  1.53364410E+00
   661  2.64400000E+02  1.53364410E+00  1.53151554E+00  1.53364410E+00
   662  2.64800000E+02  1.53364410E+00  1.53151554E+00  1.53364410E+00
   663  2.65200000E+02  1.53364410E+00  1.53151554E+00  1.53364410E+00
   664  2.65600000E+02  1.53364410E+00  1.53151554E+00  1.53364410E+00
   665  2.66000000E+02  1.53364410E+00  1.53151554E+00  1.53364410E+00
   666  2.66400000E+02  1.53364410E+00  1.53151554E+00  1.53364410E+00
   667  2.66800000E+02  1.53364410E+00  1.53151554E+00  1.53364410E+00
   668  2.67200000E+02  1.53364410E+00  1.53151554E+00  1.53364410E+00
   669  2.67600000E+02  1.53364410E+00  1.53151554E+00  1.53364410E+00
   670  2.68000000E+02  1.53364410E+00  1.53151554E+00  1.53364410E+00
   671  2.68400000E+02  1.53364410E+00  1.53151554E+00  1.53364410E+00
   672  2.68800000E+02  1.53364410E+00  1.53151554E+00  1.53364410E+00
   673  2.69200000E+02  1.53364410E+00  1.53151554E+00  1.53364410E+00
   674  2.69600000E+02  1.53364410E+00  1.53151554E+00  1.53364410E+00
   675  2.70000000E+02  1.53364410E+00  1.53151554E+00  1.53364410E+00
   676  2.70400000E+02  1.53364410E+00  1.53151554E+00  1.53364410E+00
   677  2.70800000E+02  1.53364410E+00  1.53151554E+00  1.53364410E+00
   678  2.71200000E+02  1.53364410E+00  1.53151554E+00  1.53364410E+00
   679  2.71600000E+02  1.53364410E+00  1.53151554E+00  1.53364410E+00
   680  2.72000000E+02  1.53364410E+00  1.53151554E+00  1.53364410E+00
   681  2.72400000E+02  1.53364410E+00  1.53151554E+00  1.53364410E+00
   682  2.72800000E+02  1.53364410E+00  1.53151554E+00  1.53364410E+00
   683  2.73200000E+02  1.53364410E+00  1.53151554E+00  1.53364410E+00
   684  2.73600000E+02  1.53364410E+00  1.53151554E+00  1.53364410E+00
   685  2.74000000E+02  1.53364410E+00  1.53151554E+00  1.53364410E+00
   686  2.74400000E+02  1.53364410E+00  1.53151554E+00  1.53364410E+00
   687  2.74800000E+02  1.53364410E+00  1.53151554E+00  1.53364410E+00
   688  2.75200000E+02  1.53364410E+00  1.53151554E+00  1.53364410E+00
   689  2.75600000E+02  1.53364410E+00  1.53151554E+00  1.53364410E+00
   690  2.76000000E+02  1.53364410E+00  1.53151554E+00  1.53364410E+00
   691  2.76400000E+02  1.53364410E+00  1.53151554E+00  1.53364410E+00
   692  2.76800000E+02  1.53364410E+00  1.53151554E+00  1.53364410E+00
   693  2.77200000E+02  1.53364410E+00  1.53151554E+00  1.53364410E+00
   694  2.77600000E+02  1.53364410E+00  1.53151554E+00  1.53364410E+00
   695  2.78000000E+02  1.53364410E+00  1.53151554E+00  1.53364410E+00
   696  2.78400000E+02  1.53364410E+00  1.53151554E+00  1.53364410E+00
   697  2.78800000E+02  1.53364410E+00  1.53151554E+00  1.53364410E+00
   698  2.79200000E+02  1.53364410E+00  1.53151554E+00  1.53364410E+00
   699  2.79600000E+02  1.53364410E+00  1.53151554E+00  1.53364410E+00
   700  2.80000000E+02  1.53364410E+00  1.53151554E+00  1.53364410E+00
   701  2.80400000E+02  1.53364410E+00  1.53151554E+00  1.53364410E+00
   702  2.80800000E+02  1.53364410E+00  1.53151554E+00  1.53364410E+00
   703  2.81200000E+02  1.53364410E+00  1.53151554E+00  1.53364410E+00
   704  2.81600000E+02  1.53364410E+00  1.53151554E+00  1.53364410E+00
   705  2.82000000E+02  1.53364410E+00  1.53151554E+00  1.53364410E+00
   706  2.82400000E+02  1.53364410E+00  1.53151554E+00  1.53364410E+00
   707  2.82800000E+02  1.53364410E+00  1.53151554E+00  1.53364410E+00
   708  2.83200000E+02  1.53364410E+00  1.53151554E+00  1.53364410E+00
   709  2.83600000E+02  1.53364410E+00  1.53151554E+00  1.53364410E+00
   710  2.84000000E+02  1.53364410E+00  1.53151554E+00  1.53364410E+00
   711  2.84400000E+02  1.53364410E+00  1.53151554E+00  1.53364410E+00
   712  2.84800000E+02  1.53364410E+00  1.53151554E+00  1.53364410E+00
   713  2.85200000E+02  1.53364410E+00  1.53151554E+00  1.53364410E+00
   714  2.85600000E+02  1.53364410E+00  1.53151554E+00  1.53364410E+00
   715  2.86000000E+02  1.53364410E+00  1.53151554E+00  1.53364410E+00
   716  2.86400000E+02  1.53364410E+00  1.53151554E+00  1.53364410E+00
   717  2.86800000E+02  1.53364410E+00  1.53151554E+00  1.53364410E+00
   718  2.87200000E+02  1.53364410E+00  1.53151554E+00  1.53364410E+00
   719  2.87600000E+02  1.53364410E+00  1.53151554E+00  1.53364410E+00
   720  2.88000000E+02  1.53364410E+00  1.53151554E+00  1.53364410E+00
   721  2.88400000E+02  1.53364410E+00  1.53151554E+00  1.53364410E+00
   722  2.88800000E+02  1.53364410E+00  1.53151554E+00  1.53364410E+00
   723  2.89200000E+02  1.53364410E+00  1.53151554E+00  1.53364410E+00
   724  2.89600000E+02  1.53364410E+00  1.53151554E+00  1.53364410E+00
   725  2.90000000E+02  1.53364410E+00  1.53151554E+00  1.53364410E+00
   726  2.90400000E+02  1.53364410E+00  1.53151554E+00  1.53364410E+00
   727  2.90800000E+02  1.53364410E+00  1.53151554E+00  1.53364410E+00
   728  2.91200000E+02  1.53364410E+00  1.53151554E+00  1.53364410E+00
   729  2.91600000E+02  1.53364410E+00  1.53151554E+00  1.53364410E+00
   730  2.92000000E+02  1.53364410E+00  1.53151554E+00  1.53364410E+00
   731  2.92400000E+02  1.53364410E+00  1.53151554E+00  1.53364410E+00
   732  2.92800000E+02  1.53364410E+00  1.53151554E+00  1.53364410E+00
   733  2.93200000E+02  1.53364410E+00  1.53151554E+00  1.53364410E+00
   734  2.93600000E+02  1.53364410E+00  1.53151554E+00  1.53364410E+00
   735  2.94000000E+02  1.53364410E+00  1.53151554E+00  1.53364410E+00
   736  2.94400000E+02  1.53364410E+00  1.53151554E+00  1.53364410E+00
   737  2.94800000E+02  1.53364410E+00  1.53151554E+00  1.53364410E+00
   738  2.95200000E+02  1.53364410E+00  1.53151554E+00  1.53364410E+00
   739  2.95600000E+02  1.53364410E+00  1.53151554E+00  1.53364410E+00
   740  2.96000000E+02  1.53364410E+00  1.53151554E+00  1.53364410E+00
   741  2.96400000E+02  1.53364410E+00  1.53151554E+00  1.53364410E+00
   742  2.96800000E+02  1.53364410E+00  1.53151554E+00  1.53364410E+00
   743  2.97200000E+02  1.53364410E+00  1.53151554E+00  1.53364410E+00
   744  2.97600000E+02  1.53364410E+00  1.53151554E+00  1.53364410E+00
   745  2.98000000E+02  1.53364410E+00  1.53151554E+00  1.53364410E+00
   746  2.98400000E+02  1.53364410E+00  1.53151554E+00  1.53364410E+00
   747  2.98800000E+02  1.53364410E+00  1.53151554E+00  1.53364410E+00
   748  2.99200000E+02  1.53364410E+00  1.53151554E+00  1.53364410E+00
   749  2.99600000E+02  1.53364410E+00  1.53151554E+00  1.53364410E+00
   750  3.00000000E+02  1.53364410E+00  1.53151554E+00  1.53364410E+00
   751  3.00400000E+02  1.53364410E+00  1.53151554E+00  1.53364410E+00
   752  3.00800000E+02  1.53364410E+00  1.53151554E+00  1.53364410E+00
   753  3.01200000E+02  1.53364410E+00  1.53151554E+00  1.53364410E+00
   754  3.01600000E+02  1.53364410E+00  1.53151554E+00  1.53364410E+00
   755  3.02000000E+02  1.53364410E+00  1.53151554E+00  1.53364410E+00
   756  3.02400000E+02  1.53364410E+00  1.53151554E+00  1.53364410E+00
   757  3.02800000E+02  1.53364410E+00  1.53151554E+00  1.53364410E+00
   758  3.03200000E+02  1.53364410E+00  1.53151554E+00  1.53364410E+00
   759  3.03600000E+02  1.53364410E+00  1.53151554E+00  1.53364410E+00
   760  3.04000000E+02  1.53364410E+00  1.53151554E+00  1.53364410E+00
   761  3.04400000E+02  1.53364410E+00  1.53151554E+00  1.53364410E+00
   762  3.04800000E+02  1.53364410E+00  1.53151554E+00  1.53364410E+00
   763  3.05200000E+02  1.53364410E+00  1.53151554E+00  1.53364410E+00
   764  3.05600000E+02  1.53364410E+00  1.53151554E+00  1.53364410E+00
   765  3.06000000E+02  1.53364410E+00  1.53151554E+00  1.53364410E+00
   766  3.06400000E+02  1.53364410E+00  1.53151554E+00  1.53364410E+00
   767  3.06800000E+02  1.53364410E+00  1.53151554E+00  1.53364410E+00
   768  3.07200000E+02  1.53364410E+00  1.53151554E+00  1.53364410E+00
   769  3.07600000E+02  1.53364410E+00  1.53151554E+00  1.53364410E+00
   770  3.08000000E+02  1.53364410E+00  1.53151554E+00  1.53364410E+00
   771  3.08400000E+02  1.53364410E+00  1.53151554E+00  1.53364410E+00
   772  3.08800000E+02  1.53364410E+00  1.53151554E+00  1.53364410E+00
   773  3.09200000E+02  1.53364410E+00  1.53151554E+00  1.53364410E+00
   774  3.09600000E+02  1.53364410E+00  1.53151554E+00  1.53364410E+00
   775  3.10000000E+02  1.53364410E+00  1.53151554E+00  1.53364410E+00
   776  3.10400000E+02  1.53364410E+00  1.53151554E+00  1.53364410E+00
   777  3.10800000E+02  1.53364410E+00  1.53151554E+00  1.53364410E+00
   778  3.11200000E+02  1.53364410E+00  1.53151554E+00  1.53364410E+00
   779  3.11600000E+02  1.53364410E+00  1.53151554E+00  1.53364410E+00
   780  3.12000000E+02  1.53364410E+00  1.53151554E+00  1.53364410E+00
   781  3.12400000E+02  1.53364410E+00  1.53151554E+00  1.53364410E+00
   782  3.12800000E+02  1.53364410E+00  1.53151554E+00  1.53364410E+00
   783  3.13200000E+02  1.53364410E+00  1.53151554E+00  1.53364410E+00
   784  3.13600000E+02  1.53364410E+00  1.53151554E+00  1.53364410E+00
   785  3.14000000E+02  1.53364410E+00  1.53151554E+00  1.53364410E+00
   786  3.14400000E+02  1.53364410E+00  1.53151554E+00  1.53364410E+00
   787  3.14800000E+02  1.53364410E+00  1.53151554E+00  1.53364410E+00
   788  3.15200000E+02  1.53364410E+00  1.53151554E+00  1.53364410E+00
   789  3.15600000E+02  1.53364410E+00  1.53151554E+00  1.53364410E+00
   790  3.16000000E+02  1.53364410E+00  1.53151554E+00  1.53364410E+00
   791  3.16400000E+02  1.53364410E+00  1.53151554E+00  1.53364410E+00
   792  3.16800000E+02  1.53364410E+00  1.53151554E+00  1.53364410E+00
   793  3.17200000E+02  1.53364410E+00  1.53151554E+00  1.53364410E+00
   794  3.17600000E+02  1.53364410E+00  1.53151554E+00  1.53364410E+00
   795  3.18000000E+02  1.53364410E+00  1.53151554E+00  1.53364410E+00
   796  3.18400000E+02  1.53364410E+00  1.53151554E+00  1.53364410E+00
   797  3.18800000E+02  1.53364410E+00  1.53151554E+00  1.53364410E+00
   798  3.19200000E+02  1.53364410E+00  1.53151554E+00  1.53364410E+00
   799  3.19600000E+02  1.53364410E+00  1.53151554E+00  1.53364410E+00
   800  3.20000000E+02  1.53364410E+00  1.53151554E+00  1.53364410E+00
   801  3.20400000E+02  1.53364410E+00  1.53151554E+00  1.53364410E+00
   802  3.20800000E+02  1.53364410E+00  1.53151554E+00  1.53364410E+00
   803  3.21200000E+02  1.53364410E+00  1.53151554E+00  1.53364410E+00
   804  3.21600000E+02  1.53364410E+00  1.53151554E+00  1.53364410E+00
   805  3.22000000E+02  1.53364410E+00  1.53151554E+00  1.53364410E+00
   806  3.22400000E+02  1.53364410E+00  1.53151554E+00  1.53364410E+00
   807  3.22800000E+02  1.53364410E+00  1.53151554E+00  1.53364410E+00
   808  3.23200000E+02  1.53364410E+00  1.53151554E+00  1.53364410E+00
   809  3.23600000E+02  1.53364410E+00  1.53151554E+00  1.53364410E+00
   810  3.24000000E+02  1.53364410E+00  1.53151554E+00  1.53364410E+00
   811  3.24400000E+02  1.53364410E+00  1.53151554E+00  1.53364410E+00
   812  3.24800000E+02  1.53364410E+00  1.53151554E+00  1.53364410E+00
   813  3.25200000E+02  1.53364410E+00  1.53151554E+00  1.53364410E+00
   814  3.25600000E+02  1.53364410E+00  1.53151554E+00  1.53364410E+00
   815  3.26000000E+02  1.53364410E+00  1.53151554E+00  1.53364410E+00
   816  3.26400000E+02  1.53364410E+00  1.53151554E+00  1.53364410E+00
   817  3.26800000E+02  1.53364410E+00  1.53151554E+00  1.53364410E+00
   818  3.27200000E+02  1.53364410E+00  1.53151554E+00  1.53364410E+00
   819  3.27600000E+02  1.53364410E+00  1.53151554E+00  1.53364410E+00
   820  3.28000000E+02  1.53364410E+00  1.53151554E+00  1.53364410E+00
   821  3.28400000E+02  1.53364410E+00  1.53151554E+00  1.53364410E+00
   822  3.28800000E+02  1.53364410E+00  1.53151554E+00  1.53364410E+00
   823  3.29200000E+02  1.53364410E+00  1.53151554E+00  1.53364410E+00
   824  3.29600000E+02  1.53364410E+00  1.53151554E+00  1.53364410E+00
   825  3.30000000E+02  1.53364410E+00  1.53151554E+00  1.53364410E+00
   826  3.30400000E+02  1.53364410E+00  1.53151554E+00  1.53364410E+00
   827  3.30800000E+02  1.53364410E+00  1.53151554E+00  1.53364410E+00
   828  3.31200000E+02  1.53364410E+00  1.53151554E+00  1.53364410E+00
   829  3.31600000E+02  1.53364410E+00  1.53151554E+00  1.53364410E+00
   830  3.32000000E+02  1.53364410E+00  1.53151554E+00  1.53364410E+00
   831  3.32400000E+02  1.53364410E+00  1.53151554E+00  1.53364410E+00
   832  3.32800000E+02  1.53364410E+00  1.53151554E+00  1.53364410E+00
   833  3.33200000E+02  1.53364410E+00  1.53151554E+00  1.53364410E+00
   834  3.33600000E+02  1.53364410E+00  1.53151554E+00  1.53364410E+00
   835  3.34000000E+02  1.53364410E+00  1.53151554E+00  1.53364410E+00
   836  3.34400000E+02  1.53364410E+00  1.53151554E+00  1.53364410E+00
   837  3.34800000E+02  1.53364410E+00  1.53151554E+00  1.53364410E+00
   838  3.35200000E+02  1.53364410E+00  1.53151554E+00  1.53364410E+00
   839  3.35600000E+02  1.53364410E+00  1.53151554E+00  1.53364410E+00
   840  3.36000000E+02  1.53364410E+00  1.53151554E+00  1.53364410E+00
   841  3.36400000E+02  1.53364410E+00  1.53151554E+00  1.53364410E+00
   842  3.36800000E+02  1.53364410E+00  1.53151554E+00  1.53364410E+00
   843  3.37200000E+02  1.53364410E+00  1.53151554E+00  1.53364410E+00
   844  3.37600000E+02  1.53364410E+00  1.53151554E+00  1.53364410E+00
   845  3.38000000E+02  1.53364410E+00  1.53151554E+00  1.53364410E+00
   846  3.38400000E+02  1.53364410E+00  1.53151554E+00  1.53364410E+00
   847  3.38800000E+02  1.53364410E+00  1.53151554E+00  1.53364410E+00
   848  3.39200000E+02  1.53364410E+00  1.53151554E+00  1.53364410E+00
   849  3.39600000E+02  1.53364410E+00  1.53151554E+00  1.53364410E+00
   850  3.40000000E+02  1.53364410E+00  1.53151554E+00  1.53364410E+00
   851  3.40400000E+02  1.53364410E+00  1.53151554E+00  1.53364410E+00
   852  3.40800000E+02  1.53364410E+00  1.53151554E+00  1.53364410E+00
   853  3.41200000E+02  1.53364410E+00  1.53151554E+00  1.53364410E+00
   854  3.41600000E+02  1.53364410E+00  1.53151554E+00  1.53364410E+00
   855  3.42000000E+02  1.53364410E+00  1.53151554E+00  1.53364410E+00
   856  3.42400000E+02  1.53364410E+00  1.53151554E+00  1.53364410E+00
   857  3.42800000E+02  1.53364410E+00  1.53151554E+00  1.53364410E+00
   858  3.43200000E+02  1.53364410E+00  1.53151554E+00  1.53364410E+00
   859  3.43600000E+02  1.53364410E+00  1.53151554E+00  1.53364410E+00
   860  3.44000000E+02  1.53364410E+00  1.53151554E+00  1.53364410E+00
   861  3.44400000E+02  1.53364410E+00  1.53151554E+00  1.53364410E+00
   862  3.44800000E+02  1.53364410E+00  1.53151554E+00  1.53364410E+00
   863  3.45200000E+02  1.53364410E+00  1.53151554E+00  1.53364410E+00
   864  3.45600000E+02  1.53364410E+00  1.53151554E+00  1.53364410E+00
   865  3.46000000E+02  1.53364410E+00  1.53151554E+00  1.53364410E+00
   866  3.46400000E+02  1.53364410E+00  1.53151554E+00  1.53364410E+00
   867  3.46800000E+02  1.53364410E+00  1.53151554E+00  1.53364410E+00
   868  3.47200000E+02  1.53364410E+00  1.53151554E+00  1.53364410E+00
   869  3.47600000E+02  1.53364410E+00  1.53151554E+00  1.53364410E+00
   870  3.48000000E+02  1.53364410E+00  1.53151554E+00  1.53364410E+00
   871  3.48400000E+02  1.53364410E+00  1.53151554E+00  1.53364410E+00
   872  3.48800000E+02  1.53364410E+00  1.53151554E+00  1.53364410E+00
   873  3.49200000E+02  1.53364410E+00  1.53151554E+00  1.53364410E+00
   874  3.49600000E+02  1.53364410E+00  1.53151554E+00  1.53364410E+00
   875  3.50000000E+02  1.53364410E+00  1.53151554E+00  1.53364410E+00
   876  3.50400000E+02  1.53364410E+00  1.53151554E+00  1.53364410E+00
   877  3.50800000E+02  1.53364410E+00  1.53151554E+00  1.53364410E+00
   878  3.51200000E+02  1.53364410E+00  1.53151554E+00  1.53364410E+00
   879  3.51600000E+02  1.53364410E+00  1.53151554E+00  1.53364410E+00
   880  3.52000000E+02  1.53364410E+00  1.53151554E+00  1.53364410E+00
   881  3.52400000E+02  1.53364410E+00  1.53151554E+00  1.53364410E+00
   882  3.52800000E+02  1.53364410E+00  1.53151554E+00  1.53364410E+00
   883  3.53200000E+02  1.53364410E+00  1.53151554E+00  1.53364410E+00
   884  3.53600000E+02  1.53364410E+00  1.53151554E+00  1.53364410E+00
   885  3.54000000E+02  1.53364410E+00  1.53151554E+00  1.53364410E+00
   886  3.54400000E+02  1.53364410E+00  1.53151554E+00  1.53364410E+00
   887  3.54800000E+02  1.53364410E+00  1.53151554E+00  1.53364410E+00
   888  3.55200000E+02  1.53364410E+00  1.53151554E+00  1.53364410E+00
   889  3.55600000E+02  1.53364410E+00  1.53151554E+00  1.53364410E+00
   890  3.56000000E+02  1.53364410E+00  1.53151554E+00  1.53364410E+00
   891  3.56400000E+02  1.53364410E+00  1.53151554E+00  1.53364410E+00
   892  3.56800000E+02  1.53364410E+00  1.53151554E+00  1.53364410E+00
   893  3.57200000E+02  1.53364410E+00  1.53151554E+00  1.53364410E+00
   894  3.57600000E+02  1.53364410E+00  1.53151554E+00  1.53364410E+00
   895  3.58000000E+02  1.53364410E+00  1.53151554E+00  1.53364410E+00
   896  3.58400000E+02  1.53364410E+00  1.53151554E+00  1.53364410E+00
   897  3.58800000E+02  1.53364410E+00  1.53151554E+00  1.53364410E+00
   898  3.59200000E+02  1.53364410E+00  1.53151554E+00  1.53364410E+00
   899  3.59600000E+02  1.53364410E+00  1.53151554E+00  1.53364410E+00
   900  3.60000000E+02  1.53364410E+00  1.53151554E+00  1.53364410E+00
   901  3.60400000E+02  1.53364410E+00  1.53151554E+00  1.53364410E+00
   902  3.60800000E+02  1.53364410E+00  1.53151554E+00  1.53364410E+00
   903  3.61200000E+02  1.53364410E+00  1.53151554E+00  1.53364410E+00
   904  3.61600000E+02  1.53364410E+00  1.53151554E+00  1.53364410E+00
   905  3.62000000E+02  1.53364410E+00  1.53151554E+00  1.53364410E+00
   906  3.62400000E+02  1.53364410E+00  1.53151554E+00  1.53364410E+00
   907  3.62800000E+02  1.53364410E+00  1.53151554E+00  1.53364410E+00
   908  3.63200000E+02  1.53364410E+00  1.53151554E+00  1.53364410E+00
   909  3.63600000E+02  1.53364410E+00  1.53151554E+00  1.53364410E+00
   910  3.64000000E+02  1.53364410E+00  1.53151554E+00  1.53364410E+00
   911  3.64400000E+02  1.53364410E+00  1.53151554E+00  1.53364410E+00
   912  3.64800000E+02  1.53364410E+00  1.53151554E+00  1.53364410E+00
   913  3.65200000E+02  1.53364410E+00  1.53151554E+00  1.53364410E+00
   914  3.65600000E+02  1.53364410E+00  1.53151554E+00  1.53364410E+00
   915  3.66000000E+02  1.53364410E+00  1.53151554E+00  1.53364410E+00
   916  3.66400000E+02  1.53364410E+00  1.53151554E+00  1.53364410E+00
   917  3.66800000E+02  1.53364410E+00  1.53151554E+00  1.53364410E+00
   918  3.67200000E+02  1.53364410E+00  1.53151554E+00  1.53364410E+00
   919  3.67600000E+02  1.53364410E+00  1.53151554E+00  1.53364410E+00
   920  3.68000000E+02  1.53364410E+00  1.53151554E+00  1.53364410E+00
   921  3.68400000E+02  1.53364410E+00  1.53151554E+00  1.53364410E+00
   922  3.68800000E+02  1.53364410E+00  1.53151554E+00  1.53364410E+00
   923  3.69200000E+02  1.53364410E+00  1.53151554E+00  1.53364410E+00
   924  3.69600000E+02  1.53364410E+00  1.53151554E+00  1.53364410E+00
   925  3.70000000E+02  1.53364410E+00  1.53151554E+00  1.53364410E+00
   926  3.70400000E+02  1.53364410E+00  1.53151554E+00  1.53364410E+00
   927  3.70800000E+02  1.53364410E+00  1.53151554E+00  1.53364410E+00
   928  3.71200000E+02  1.53364410E+00  1.53151554E+00  1.53364410E+00
   929  3.71600000E+02  1.53364410E+00  1.53151554E+00  1.53364410E+00
   930  3.72000000E+02  1.53364410E+00  1.53151554E+00  1.53364410E+00
   931  3.72400000E+02  1.53364410E+00  1.53151554E+00  1.53364410E+00
   932  3.72800000E+02  1.53364410E+00  1.53151554E+00  1.53364410E+00
   933  3.73200000E+02  1.53364410E+00  1.53151554E+00  1.53364410E+00
   934  3.73600000E+02  1.53364410E+00  1.53151554E+00  1.53364410E+00
   935  3.74000000E+02  1.53364410E+00  1.53151554E+00  1.53364410E+00
   936  3.74400000E+02  1.53364410E+00  1.53151554E+00  1.53364410E+00
   937  3.74800000E+02  1.53364410E+00  1.53151554E+00  1.53364410E+00
   938  3.75200000E+02  1.53364410E+00  1.53151554E+00  1.53364410E+00
   939  3.75600000E+02  1.53364410E+00  1.53151554E+00  1.53364410E+00
   940  3.76000000E+02  1.53364410E+00  1.53151554E+00  1.53364410E+00
   941  3.76400000E+02  1.53364410E+00  1.53151554E+00  1.53364410E+00
   942  3.76800000E+02  1.53364410E+00  1.53151554E+00  1.53364410E+00
   943  3.77200000E+02  1.53364410E+00  1.53151554E+00  1.53364410E+00
   944  3.77600000E+02  1.53364410E+00  1.53151554E+00  1.53364410E+00
   945  3.78000000E+02  1.53364410E+00  1.53151554E+00  1.53364410E+00
   946  3.78400000E+02  1.53364410E+00  1.53151554E+00  1.53364410E+00
   947  3.78800000E+02  1.53364410E+00  1.53151554E+00  1.53364410E+00
   948  3.79200000E+02  1.53364410E+00  1.53151554E+00  1.53364410E+00
   949  3.79600000E+02  1.53364410E+00  1.53151554E+00  1.53364410E+00
   950  3.80000000E+02  1.53364410E+00  1.53151554E+00  1.53364410E+00
   951  3.80400000E+02  1.53364410E+00  1.53151554E+00  1.53364410E+00
   952  3.80800000E+02  1.53364410E+00  1.53151554E+00  1.53364410E+00
   953  3.81200000E+02  1.53364410E+00  1.53151554E+00  1.53364410E+00
   954  3.81600000E+02  1.53364410E+00  1.53151554E+00  1.53364410E+00
   955  3.82000000E+02  1.53364410E+00  1.53151554E+00  1.53364410E+00
   956  3.82400000E+02  1.53364410E+00  1.53151554E+00  1.53364410E+00
   957  3.82800000E+02  1.53364410E+00  1.53151554E+00  1.53364410E+00
   958  3.83200000E+02  1.53364410E+00  1.53151554E+00  1.53364410E+00
   959  3.83600000E+02  1.53364410E+00  1.53151554E+00  1.53364410E+00
   960  3.84000000E+02  1.53364410E+00  1.53151554E+00  1.53364410E+00
   961  3.84400000E+02  1.53364410E+00  1.53151554E+00  1.53364410E+00
   962  3.84800000E+02  1.53364410E+00  1.53151554E+00  1.53364410E+00
   963  3.85200000E+02  1.53364410E+00  1.53151554E+00  1.53364410E+00
   964  3.85600000E+02  1.53364410E+00  1.53151554E+00  1.53364410E+00
   965  3.86000000E+02  1.53364410E+00  1.53151554E+00  1.53364410E+00
   966  3.86400000E+02  1.53364410E+00  1.53151554E+00  1.53364410E+00
   967  3.86800000E+02  1.53364410E+00  1.53151554E+00  1.53364410E+00
   968  3.87200000E+02  1.53364410E+00  1.53151554E+00  1.53364410E+00
   969  3.87600000E+02  1.53364410E+00  1.53151554E+00  1.53364410E+00
   970  3.88000000E+02  1.53364410E+00  1.53151554E+00  1.53364410E+00
   971  3.88400000E+02  1.53364410E+00  1.53151554E+00  1.53364410E+00
   972  3.88800000E+02  1.53364410E+00  1.53151554E+00  1.53364410E+00
   973  3.89200000E+02  1.53364410E+00  1.53151554E+00  1.53364410E+00
   974  3.89600000E+02  1.53364410E+00  1.53151554E+00  1.53364410E+00
   975  3.90000000E+02  1.53364410E+00  1.53151554E+00  1.53364410E+00
   976  3.90400000E+02  1.53364410E+00  1.53151554E+00  1.53364410E+00
   977  3.90800000E+02  1.53364410E+00  1.53151554E+00  1.53364410E+00
   978  3.91200000E+02  1.53364410E+00  1.53151554E+00  1.53364410E+00
   979  3.91600000E+02  1.53364410E+00  1.53151554E+00  1.53364410E+00
   980  3.92000000E+02  1.53364410E+00  1.53151554E+00  1.53364410E+00
   981  3.92400000E+02  1.53364410E+00  1.53151554E+00  1.53364410E+00
   982  3.92800000E+02  1.53364410E+00  1.53151554E+00  1.53364410E+00
   983  3.93200000E+02  1.53364410E+00  1.53151554E+00  1.53364410E+00
   984  3.93600000E+02  1.53364410E+00  1.53151554E+00  1.53364410E+00
   985  3.94000000E+02  1.53364410E+00  1.53151554E+00  1.53364410E+00
   986  3.94400000E+02  1.53364410E+00  1.53151554E+00  1.53364410E+00
   987  3.94800000E+02  1.53364410E+00  1.53151554E+00  1.53364410E+00
   988  3.95200000E+02  1.53364410E+00  1.53151554E+00  1.53364410E+00
   989  3.95600000E+02  1.53364410E+00  1.53151554E+00  1.53364410E+00
   990  3.96000000E+02  1.53364410E+00  1.53151554E+00  1.53364410E+00
   991  3.96400000E+02  1.53364410E+00  1.53151554E+00  1.53364410E+00
   992  3.96800000E+02  1.53364410E+00  1.53151554E+00  1.53364410E+00
   993  3.97200000E+02  1.53364410E+00  1.53151554E+00  1.53364410E+00
   994  3.97600000E+02  1.53364410E+00  1.53151554E+00  1.53364410E+00
   995  3.98000000E+02  1.53364410E+00  1.53151554E+00  1.53364410E+00
   996  3.98400000E+02  1.53364410E+00  1.53151554E+00  1.53364410E+00
   997  3.98800000E+02  1.53364410E+00  1.53151554E+00  1.53364410E+00
   998  3.99200000E+02  1.53364410E+00  1.53151554E+00  1.53364410E+00
   999  3.99600000E+02  1.53364410E+00  1.53151554E+00  1.53364410E+00
  1000  4.00000000E+02  1.53364410E+00  1.53151554E+00  1.53364410E+00
