 comppar: model =   2
 comppar: lambda,mobility/eps,betav,eta_0 =  5.0000E-01  0.0000E+00  2.0000E-01  1.0000E+00
 comppar: eta_s,eta_p,G =  2.0000E-01  8.0000E-01  1.6000E+00
 comppar: U_avg,deltat,flowrate,nsteps =  1.0000E-01  2.0000E-01  3.1416E-01    2000
 comppar: geometry = axisymmetric
 comppar: steady stop change,gap,hold,min =  1.0000E-07  1.0000E-03       1      80
 comppar: steady stop truncated decimals =       3
 comppar: ncompc,ncompg =     4     5
 mesh nnodes = 5797
 mesh nelem = 2796
 P1 BC   5.0000000000000000     
 P2 BC   0.0000000000000000     
     1  2.00000000E-01  1.00252818E+00  1.00000000E+00  1.00252818E+00
     2  4.00000000E-01  1.00499231E+00  1.00000000E+00  1.00499231E+00
     3  6.00000000E-01  1.00737620E+00  1.00000000E+00  1.00737620E+00
     4  8.00000000E-01  1.00971078E+00  1.00000000E+00  1.00971078E+00
     5  1.00000000E+00  1.01200538E+00  1.00000000E+00  1.01200538E+00
     6  1.20000000E+00  1.01426589E+00  1.00000000E+00  1.01426589E+00
     7  1.40000000E+00  1.01650513E+00  1.00000000E+00  1.01650513E+00
     8  1.60000000E+00  1.01871465E+00  1.00000000E+00  1.01871465E+00
     9  1.80000000E+00  1.02089940E+00  1.00000000E+00  1.02089940E+00
    10  2.00000000E+00  1.02306189E+00  1.00000000E+00  1.02306189E+00
    11  2.20000000E+00  1.02519125E+00  1.00000001E+00  1.02519125E+00
    12  2.40000000E+00  1.02729882E+00  1.00000001E+00  1.02729882E+00
    13  2.60000000E+00  1.02937716E+00  1.00000001E+00  1.02937716E+00
    14  2.80000000E+00  1.03142712E+00  1.00000001E+00  1.03142712E+00
    15  3.00000000E+00  1.03345491E+00  1.00000001E+00  1.03345491E+00
    16  3.20000000E+00  1.03543318E+00  1.00000001E+00  1.03543318E+00
    17  3.40000000E+00  1.03741875E+00  1.00000001E+00  1.03741875E+00
    18  3.60000000E+00  1.03934777E+00  1.00000001E+00  1.03934777E+00
    19  3.80000000E+00  1.04126874E+00  1.00000000E+00  1.04126874E+00
    20  4.00000000E+00  1.04315629E+00  1.00000000E+00  1.04315629E+00
    21  4.20000000E+00  1.04498711E+00  1.00000000E+00  1.04498711E+00
    22  4.40000000E+00  1.04684448E+00  9.99999999E-01  1.04684448E+00
    23  4.60000000E+00  1.04864113E+00  9.99999997E-01  1.04864113E+00
    24  4.80000000E+00  1.05040748E+00  9.99999994E-01  1.05040748E+00
    25  5.00000000E+00  1.05217553E+00  9.99999990E-01  1.05217553E+00
    26  5.20000000E+00  1.05387947E+00  9.99999986E-01  1.05387947E+00
    27  5.40000000E+00  1.05555994E+00  9.99999981E-01  1.05555994E+00
    28  5.60000000E+00  1.05724987E+00  9.99999975E-01  1.05724987E+00
    29  5.80000000E+00  1.05887341E+00  9.99999968E-01  1.05887341E+00
    30  6.00000000E+00  1.06047882E+00  9.99999961E-01  1.06047882E+00
    31  6.20000000E+00  1.06209017E+00  9.99999953E-01  1.06209017E+00
    32  6.40000000E+00  1.06363286E+00  9.99999943E-01  1.06363286E+00
    33  6.60000000E+00  1.06513488E+00  9.99999933E-01  1.06513488E+00
    34  6.80000000E+00  1.06668337E+00  9.99999921E-01  1.06668337E+00
    35  7.00000000E+00  1.06816192E+00  9.99999908E-01  1.06816192E+00
    36  7.20000000E+00  1.06956755E+00  9.99999893E-01  1.06956755E+00
    37  7.40000000E+00  1.07104441E+00  9.99999877E-01  1.07104441E+00
    38  7.60000000E+00  1.07245883E+00  9.99999860E-01  1.07245883E+00
    39  7.80000000E+00  1.07379915E+00  9.99999840E-01  1.07379915E+00
    40  8.00000000E+00  1.07513490E+00  9.99999819E-01  1.07513490E+00
    41  8.20000000E+00  1.07650557E+00  9.99999796E-01  1.07650557E+00
    42  8.40000000E+00  1.07780185E+00  9.99999770E-01  1.07780185E+00
    43  8.60000000E+00  1.07902129E+00  9.99999743E-01  1.07902129E+00
    44  8.80000000E+00  1.08031708E+00  9.99999712E-01  1.08031708E+00
    45  9.00000000E+00  1.08156937E+00  9.99999680E-01  1.08156937E+00
    46  9.20000000E+00  1.08274451E+00  9.99999644E-01  1.08274451E+00
    47  9.40000000E+00  1.08384048E+00  9.99999606E-01  1.08384048E+00
    48  9.60000000E+00  1.08506923E+00  9.99999565E-01  1.08506923E+00
    49  9.80000000E+00  1.08622526E+00  9.99999520E-01  1.08622526E+00
    50  1.00000000E+01  1.08730266E+00  9.99999472E-01  1.08730266E+00
    51  1.02000000E+01  1.08832177E+00  9.99999420E-01  1.08832177E+00
    52  1.04000000E+01  1.08945844E+00  9.99999365E-01  1.08945844E+00
    53  1.06000000E+01  1.09051682E+00  9.99999305E-01  1.09051682E+00
    54  1.08000000E+01  1.09149539E+00  9.99999241E-01  1.09149539E+00
    55  1.10000000E+01  1.09239310E+00  9.99999172E-01  1.09239310E+00
    56  1.12000000E+01  1.09344486E+00  9.99999098E-01  1.09344486E+00
    57  1.14000000E+01  1.09442822E+00  9.99999020E-01  1.09442822E+00
    58  1.16000000E+01  1.09533153E+00  9.99998935E-01  1.09533153E+00
    59  1.18000000E+01  1.09615431E+00  9.99998846E-01  1.09615431E+00
    60  1.20000000E+01  1.09709693E+00  9.99998750E-01  1.09709693E+00
    61  1.22000000E+01  1.09800455E+00  9.99998648E-01  1.09800455E+00
    62  1.24000000E+01  1.09883204E+00  9.99998539E-01  1.09883204E+00
    63  1.26000000E+01  1.09957945E+00  9.99998423E-01  1.09957945E+00
    64  1.28000000E+01  1.10040018E+00  9.99998300E-01  1.10040018E+00
    65  1.30000000E+01  1.10123519E+00  9.99998169E-01  1.10123519E+00
    66  1.32000000E+01  1.10199074E+00  9.99998030E-01  1.10199074E+00
    67  1.34000000E+01  1.10266764E+00  9.99997882E-01  1.10266764E+00
    68  1.36000000E+01  1.10340332E+00  9.99997726E-01  1.10340332E+00
    69  1.38000000E+01  1.10416522E+00  9.99997560E-01  1.10416522E+00
    70  1.40000000E+01  1.10484845E+00  9.99997384E-01  1.10484845E+00
    71  1.42000000E+01  1.10545460E+00  9.99997198E-01  1.10545460E+00
    72  1.44000000E+01  1.10610091E+00  9.99997001E-01  1.10610091E+00
    73  1.46000000E+01  1.10679226E+00  9.99996792E-01  1.10679226E+00
    74  1.48000000E+01  1.10740695E+00  9.99996572E-01  1.10740695E+00
    75  1.50000000E+01  1.10794750E+00  9.99996340E-01  1.10794750E+00
    76  1.52000000E+01  1.10853276E+00  9.99996094E-01  1.10853276E+00
    77  1.54000000E+01  1.10915327E+00  9.99995835E-01  1.10915327E+00
    78  1.56000000E+01  1.10969926E+00  9.99995562E-01  1.10969926E+00
    79  1.58000000E+01  1.11017419E+00  9.99995274E-01  1.11017419E+00
    80  1.60000000E+01  1.11070006E+00  9.99994971E-01  1.11070006E+00
    81  1.62000000E+01  1.11125454E+00  9.99994652E-01  1.11125454E+00
    82  1.64000000E+01  1.11173805E+00  9.99994316E-01  1.11173805E+00
    83  1.66000000E+01  1.11215483E+00  9.99993962E-01  1.11215483E+00
    84  1.68000000E+01  1.11263562E+00  9.99993590E-01  1.11263562E+00
    85  1.70000000E+01  1.11312408E+00  9.99993200E-01  1.11312408E+00
    86  1.72000000E+01  1.11354527E+00  9.99992789E-01  1.11354527E+00
    87  1.74000000E+01  1.11390427E+00  9.99992358E-01  1.11390427E+00
    88  1.76000000E+01  1.11434991E+00  9.99991906E-01  1.11434991E+00
    89  1.78000000E+01  1.11477944E+00  9.99991431E-01  1.11477944E+00
    90  1.80000000E+01  1.11514640E+00  9.99990934E-01  1.11514640E+00
    91  1.82000000E+01  1.11545633E+00  9.99990413E-01  1.11545633E+00
    92  1.84000000E+01  1.11586114E+00  9.99989866E-01  1.11586114E+00
    93  1.86000000E+01  1.11623209E+00  9.99989295E-01  1.11623209E+00
    94  1.88000000E+01  1.11654544E+00  9.99988696E-01  1.11654544E+00
    95  1.90000000E+01  1.11681404E+00  9.99988070E-01  1.11681404E+00
    96  1.92000000E+01  1.11719302E+00  9.99987415E-01  1.11719302E+00
    97  1.94000000E+01  1.11751378E+00  9.99986730E-01  1.11751378E+00
    98  1.96000000E+01  1.11778213E+00  9.99986015E-01  1.11778213E+00
    99  1.98000000E+01  1.11802576E+00  9.99985269E-01  1.11802576E+00
   100  2.00000000E+01  1.11835020E+00  9.99984489E-01  1.11835020E+00
   101  2.02000000E+01  1.11862169E+00  9.99983676E-01  1.11862169E+00
   102  2.04000000E+01  1.11884639E+00  9.99982828E-01  1.11884639E+00
   103  2.06000000E+01  1.11909001E+00  9.99981944E-01  1.11909001E+00
   104  2.08000000E+01  1.11936829E+00  9.99981022E-01  1.11936829E+00
   105  2.10000000E+01  1.11959876E+00  9.99980063E-01  1.11959876E+00
   106  2.12000000E+01  1.11978745E+00  9.99979064E-01  1.11978745E+00
   107  2.14000000E+01  1.12000289E+00  9.99978025E-01  1.12000289E+00
   108  2.16000000E+01  1.12023629E+00  9.99976944E-01  1.12023629E+00
   109  2.18000000E+01  1.12042747E+00  9.99975821E-01  1.12042747E+00
   110  2.20000000E+01  1.12058243E+00  9.99974654E-01  1.12058243E+00
   111  2.22000000E+01  1.12080455E+00  9.99973442E-01  1.12080455E+00
   112  2.24000000E+01  1.12100075E+00  9.99972183E-01  1.12100075E+00
   113  2.26000000E+01  1.12115952E+00  9.99970878E-01  1.12115952E+00
   114  2.28000000E+01  1.12128650E+00  9.99969524E-01  1.12128650E+00
   115  2.30000000E+01  1.12147714E+00  9.99968121E-01  1.12147714E+00
   116  2.32000000E+01  1.12163827E+00  9.99966668E-01  1.12163827E+00
   117  2.34000000E+01  1.12176731E+00  9.99965163E-01  1.12176731E+00
   118  2.36000000E+01  1.12190406E+00  9.99963607E-01  1.12190406E+00
   119  2.38000000E+01  1.12206945E+00  9.99961997E-01  1.12206945E+00
   120  2.40000000E+01  1.12220156E+00  9.99960332E-01  1.12220156E+00
   121  2.42000000E+01  1.12230570E+00  9.99958614E-01  1.12230570E+00
   122  2.44000000E+01  1.12241881E+00  9.99956839E-01  1.12241881E+00
   123  2.46000000E+01  1.12255315E+00  9.99955008E-01  1.12255315E+00
   124  2.48000000E+01  1.12265926E+00  9.99953120E-01  1.12265926E+00
   125  2.50000000E+01  1.12274200E+00  9.99951175E-01  1.12274200E+00
   126  2.52000000E+01  1.12287300E+00  9.99949172E-01  1.12287300E+00
   127  2.54000000E+01  1.12298150E+00  9.99947111E-01  1.12298150E+00
   128  2.56000000E+01  1.12306561E+00  9.99944992E-01  1.12306561E+00
   129  2.58000000E+01  1.12312977E+00  9.99942814E-01  1.12312977E+00
   130  2.60000000E+01  1.12323441E+00  9.99940578E-01  1.12323441E+00
   131  2.62000000E+01  1.12332039E+00  9.99938284E-01  1.12332039E+00
   132  2.64000000E+01  1.12338622E+00  9.99935933E-01  1.12338622E+00
   133  2.66000000E+01  1.12346830E+00  9.99933524E-01  1.12346830E+00
   134  2.68000000E+01  1.12355604E+00  9.99931060E-01  1.12355604E+00
   135  2.70000000E+01  1.12362271E+00  9.99928540E-01  1.12362271E+00
   136  2.72000000E+01  1.12367238E+00  9.99925967E-01  1.12367238E+00
   137  2.74000000E+01  1.12373361E+00  9.99923341E-01  1.12373361E+00
   138  2.76000000E+01  1.12380203E+00  9.99920664E-01  1.12380203E+00
   139  2.78000000E+01  1.12385327E+00  9.99917940E-01  1.12385327E+00
   140  2.80000000E+01  1.12390200E+00  9.99915169E-01  1.12390200E+00
   141  2.82000000E+01  1.12397162E+00  9.99912354E-01  1.12397162E+00
   142  2.84000000E+01  1.12402325E+00  9.99909500E-01  1.12402325E+00
   143  2.86000000E+01  1.12406057E+00  9.99906609E-01  1.12406057E+00
   144  2.88000000E+01  1.12409230E+00  9.99903684E-01  1.12409230E+00
   145  2.90000000E+01  1.12414556E+00  9.99900732E-01  1.12414556E+00
   146  2.92000000E+01  1.12418435E+00  9.99897755E-01  1.12418435E+00
   147  2.94000000E+01  1.12421179E+00  9.99894760E-01  1.12421179E+00
   148  2.96000000E+01  1.12426546E+00  9.99891753E-01  1.12426546E+00
   149  2.98000000E+01  1.12430423E+00  9.99888740E-01  1.12430423E+00
   150  3.00000000E+01  1.12433116E+00  9.99885727E-01  1.12433116E+00
   151  3.02000000E+01  1.12434900E+00  9.99882724E-01  1.12434900E+00
   152  3.04000000E+01  1.12438433E+00  9.99879738E-01  1.12438433E+00
   153  3.06000000E+01  1.12441261E+00  9.99876778E-01  1.12441261E+00
   154  3.08000000E+01  1.12443167E+00  9.99873855E-01  1.12443167E+00
   155  3.10000000E+01  1.12446731E+00  9.99870979E-01  1.12446731E+00
   156  3.12000000E+01  1.12449523E+00  9.99868163E-01  1.12449523E+00
   157  3.14000000E+01  1.12451353E+00  9.99865418E-01  1.12451353E+00
   158  3.16000000E+01  1.12452466E+00  9.99862758E-01  1.12452466E+00
   159  3.18000000E+01  1.12454464E+00  9.99860198E-01  1.12454464E+00
   160  3.20000000E+01  1.12456418E+00  9.99857754E-01  1.12456418E+00
   161  3.22000000E+01  1.12457640E+00  9.99855443E-01  1.12457640E+00
   162  3.24000000E+01  1.12460074E+00  9.99853282E-01  1.12460074E+00
   163  3.26000000E+01  1.12461964E+00  9.99851292E-01  1.12461964E+00
   164  3.28000000E+01  1.12463092E+00  9.99849493E-01  1.12463092E+00
   165  3.30000000E+01  1.12463671E+00  9.99847908E-01  1.12463671E+00
   166  3.32000000E+01  1.12464723E+00  9.99846561E-01  1.12464723E+00
   167  3.34000000E+01  1.12465962E+00  9.99845476E-01  1.12465962E+00
   168  3.36000000E+01  1.12466640E+00  9.99844682E-01  1.12466640E+00
   169  3.38000000E+01  1.12468408E+00  9.99844208E-01  1.12468408E+00
   170  3.40000000E+01  1.12469560E+00  9.99844084E-01  1.12469560E+00
   171  3.42000000E+01  1.12470128E+00  9.99844344E-01  1.12470128E+00
   172  3.44000000E+01  1.12470298E+00  9.99845023E-01  1.12470298E+00
   173  3.46000000E+01  1.12470811E+00  9.99846159E-01  1.12470811E+00
   174  3.48000000E+01  1.12471480E+00  9.99847790E-01  1.12471480E+00
   175  3.50000000E+01  1.12471953E+00  9.99849959E-01  1.12471953E+00
   176  3.52000000E+01  1.12473142E+00  9.99852711E-01  1.12473142E+00
   177  3.54000000E+01  1.12473705E+00  9.99856093E-01  1.12473705E+00
   178  3.56000000E+01  1.12473841E+00  9.99860155E-01  1.12473841E+00
   179  3.58000000E+01  1.12473709E+00  9.99864950E-01  1.12473709E+00
   180  3.60000000E+01  1.12473948E+00  9.99870534E-01  1.12473948E+00
   181  3.62000000E+01  1.12474173E+00  9.99876968E-01  1.12474173E+00
   182  3.64000000E+01  1.12474785E+00  9.99884312E-01  1.12474785E+00
   183  3.66000000E+01  1.12475350E+00  9.99892635E-01  1.12475350E+00
   184  3.68000000E+01  1.12475455E+00  9.99902005E-01  1.12475455E+00
   185  3.70000000E+01  1.12475271E+00  9.99912498E-01  1.12475271E+00
   186  3.72000000E+01  1.12474930E+00  9.99924190E-01  1.12474930E+00
   187  3.74000000E+01  1.12475057E+00  9.99937165E-01  1.12475057E+00
   188  3.76000000E+01  1.12475178E+00  9.99951508E-01  1.12475178E+00
   189  3.78000000E+01  1.12475756E+00  9.99967313E-01  1.12475756E+00
   190  3.80000000E+01  1.12475939E+00  9.99984674E-01  1.12475939E+00
   191  3.82000000E+01  1.12476553E+00  1.00000369E+00  1.12476553E+00
   192  3.84000000E+01  1.12477090E+00  1.00002448E+00  1.12477090E+00
   193  3.86000000E+01  1.12477770E+00  1.00004714E+00  1.12477770E+00
   194  3.88000000E+01  1.12478392E+00  1.00007180E+00  1.12478392E+00
   195  3.90000000E+01  1.12478935E+00  1.00009857E+00  1.12478935E+00
   196  3.92000000E+01  1.12479399E+00  1.00012759E+00  1.12479399E+00
   197  3.94000000E+01  1.12479788E+00  1.00015900E+00  1.12479788E+00
   198  3.96000000E+01  1.12480109E+00  1.00019293E+00  1.12480109E+00
   199  3.98000000E+01  1.12480580E+00  1.00022955E+00  1.12480580E+00
   200  4.00000000E+01  1.12480993E+00  1.00026899E+00  1.12480993E+00
   201  4.02000000E+01  1.12481336E+00  1.00031144E+00  1.12481336E+00
   202  4.04000000E+01  1.12481618E+00  1.00035706E+00  1.12481618E+00
   203  4.06000000E+01  1.12481848E+00  1.00040603E+00  1.12481848E+00
   204  4.08000000E+01  1.12482101E+00  1.00045854E+00  1.12482101E+00
   205  4.10000000E+01  1.12482383E+00  1.00051479E+00  1.12482383E+00
   206  4.12000000E+01  1.12482612E+00  1.00057498E+00  1.12482612E+00
   207  4.14000000E+01  1.12482801E+00  1.00063934E+00  1.12482801E+00
   208  4.16000000E+01  1.12482959E+00  1.00070808E+00  1.12482959E+00
   209  4.18000000E+01  1.12483095E+00  1.00078144E+00  1.12483095E+00
   210  4.20000000E+01  1.12483216E+00  1.00085966E+00  1.12483216E+00
   211  4.22000000E+01  1.12483353E+00  1.00094301E+00  1.12483353E+00
   212  4.24000000E+01  1.12483492E+00  1.00103175E+00  1.12483492E+00
   213  4.26000000E+01  1.12483613E+00  1.00112615E+00  1.12483613E+00
   214  4.28000000E+01  1.12483722E+00  1.00122651E+00  1.12483722E+00
   215  4.30000000E+01  1.12483824E+00  1.00133313E+00  1.12483824E+00
   216  4.32000000E+01  1.12483920E+00  1.00144632E+00  1.12483920E+00
   217  4.34000000E+01  1.12484011E+00  1.00156640E+00  1.12484011E+00
   218  4.36000000E+01  1.12484098E+00  1.00169373E+00  1.12484098E+00
   219  4.38000000E+01  1.12484180E+00  1.00182864E+00  1.12484180E+00
   220  4.40000000E+01  1.12484255E+00  1.00197152E+00  1.12484255E+00
   221  4.42000000E+01  1.12484323E+00  1.00212273E+00  1.12484323E+00
   222  4.44000000E+01  1.12484382E+00  1.00228266E+00  1.12484382E+00
   223  4.46000000E+01  1.12484433E+00  1.00245174E+00  1.12484433E+00
   224  4.48000000E+01  1.12484475E+00  1.00263038E+00  1.12484475E+00
   225  4.50000000E+01  1.12484508E+00  1.00281901E+00  1.12484508E+00
   226  4.52000000E+01  1.12484533E+00  1.00301810E+00  1.12484533E+00
   227  4.54000000E+01  1.12484551E+00  1.00322810E+00  1.12484551E+00
   228  4.56000000E+01  1.12484578E+00  1.00344950E+00  1.12484578E+00
   229  4.58000000E+01  1.12484604E+00  1.00368281E+00  1.12484604E+00
   230  4.60000000E+01  1.12484622E+00  1.00392853E+00  1.12484622E+00
   231  4.62000000E+01  1.12484634E+00  1.00418719E+00  1.12484634E+00
   232  4.64000000E+01  1.12484641E+00  1.00445935E+00  1.12484641E+00
   233  4.66000000E+01  1.12484644E+00  1.00474556E+00  1.12484644E+00
   234  4.68000000E+01  1.12484643E+00  1.00504641E+00  1.12484643E+00
   235  4.70000000E+01  1.12484640E+00  1.00536248E+00  1.12484640E+00
   236  4.72000000E+01  1.12484635E+00  1.00569438E+00  1.12484635E+00
   237  4.74000000E+01  1.12484627E+00  1.00604275E+00  1.12484627E+00
   238  4.76000000E+01  1.12484619E+00  1.00640822E+00  1.12484619E+00
   239  4.78000000E+01  1.12484609E+00  1.00679144E+00  1.12484609E+00
   240  4.80000000E+01  1.12484599E+00  1.00719309E+00  1.12484599E+00
   241  4.82000000E+01  1.12484587E+00  1.00761384E+00  1.12484587E+00
   242  4.84000000E+01  1.12484575E+00  1.00805440E+00  1.12484575E+00
   243  4.86000000E+01  1.12484562E+00  1.00851546E+00  1.12484562E+00
   244  4.88000000E+01  1.12484548E+00  1.00899775E+00  1.12484548E+00
   245  4.90000000E+01  1.12484534E+00  1.00950200E+00  1.12484534E+00
   246  4.92000000E+01  1.12484520E+00  1.01002894E+00  1.12484520E+00
   247  4.94000000E+01  1.12484505E+00  1.01057933E+00  1.12484505E+00
   248  4.96000000E+01  1.12484490E+00  1.01115392E+00  1.12484490E+00
   249  4.98000000E+01  1.12484475E+00  1.01175347E+00  1.12484475E+00
   250  5.00000000E+01  1.12484460E+00  1.01237875E+00  1.12484460E+00
   251  5.02000000E+01  1.12484445E+00  1.01303051E+00  1.12484445E+00
   252  5.04000000E+01  1.12484431E+00  1.01370953E+00  1.12484431E+00
   253  5.06000000E+01  1.12484417E+00  1.01441657E+00  1.12484417E+00
   254  5.08000000E+01  1.12484403E+00  1.01515238E+00  1.12484403E+00
   255  5.10000000E+01  1.12484389E+00  1.01591771E+00  1.12484389E+00
   256  5.12000000E+01  1.12484376E+00  1.01671330E+00  1.12484376E+00
   257  5.14000000E+01  1.12484363E+00  1.01753988E+00  1.12484363E+00
   258  5.16000000E+01  1.12484351E+00  1.01839815E+00  1.12484351E+00
   259  5.18000000E+01  1.12484339E+00  1.01928880E+00  1.12484339E+00
   260  5.20000000E+01  1.12484327E+00  1.02021250E+00  1.12484327E+00
   261  5.22000000E+01  1.12484316E+00  1.02116988E+00  1.12484316E+00
   262  5.24000000E+01  1.12484306E+00  1.02216154E+00  1.12484306E+00
   263  5.26000000E+01  1.12484295E+00  1.02318806E+00  1.12484295E+00
   264  5.28000000E+01  1.12484286E+00  1.02424997E+00  1.12484286E+00
   265  5.30000000E+01  1.12484276E+00  1.02534775E+00  1.12484276E+00
   266  5.32000000E+01  1.12484267E+00  1.02648184E+00  1.12484267E+00
   267  5.34000000E+01  1.12484259E+00  1.02765263E+00  1.12484259E+00
   268  5.36000000E+01  1.12484251E+00  1.02886044E+00  1.12484251E+00
   269  5.38000000E+01  1.12484243E+00  1.03010554E+00  1.12484243E+00
   270  5.40000000E+01  1.12484236E+00  1.03138812E+00  1.12484236E+00
   271  5.42000000E+01  1.12484229E+00  1.03270830E+00  1.12484229E+00
   272  5.44000000E+01  1.12484222E+00  1.03406613E+00  1.12484222E+00
   273  5.46000000E+01  1.12484216E+00  1.03546156E+00  1.12484216E+00
   274  5.48000000E+01  1.12484210E+00  1.03689446E+00  1.12484210E+00
   275  5.50000000E+01  1.12484204E+00  1.03836460E+00  1.12484204E+00
   276  5.52000000E+01  1.12484199E+00  1.03987166E+00  1.12484199E+00
   277  5.54000000E+01  1.12484194E+00  1.04141520E+00  1.12484194E+00
   278  5.56000000E+01  1.12484190E+00  1.04299468E+00  1.12484190E+00
   279  5.58000000E+01  1.12484185E+00  1.04460943E+00  1.12484185E+00
   280  5.60000000E+01  1.12484181E+00  1.04625868E+00  1.12484181E+00
   281  5.62000000E+01  1.12484177E+00  1.04794151E+00  1.12484177E+00
   282  5.64000000E+01  1.12484174E+00  1.04965690E+00  1.12484174E+00
   283  5.66000000E+01  1.12484170E+00  1.05140368E+00  1.12484170E+00
   284  5.68000000E+01  1.12484167E+00  1.05318056E+00  1.12484167E+00
   285  5.70000000E+01  1.12484164E+00  1.05498611E+00  1.12484164E+00
   286  5.72000000E+01  1.12484161E+00  1.05681874E+00  1.12484161E+00
   287  5.74000000E+01  1.12484159E+00  1.05867677E+00  1.12484159E+00
   288  5.76000000E+01  1.12484156E+00  1.06055833E+00  1.12484156E+00
   289  5.78000000E+01  1.12484154E+00  1.06246146E+00  1.12484154E+00
   290  5.80000000E+01  1.12484152E+00  1.06438403E+00  1.12484152E+00
   291  5.82000000E+01  1.12484150E+00  1.06632379E+00  1.12484150E+00
   292  5.84000000E+01  1.12484148E+00  1.06827835E+00  1.12484148E+00
   293  5.86000000E+01  1.12484146E+00  1.07024520E+00  1.12484146E+00
   294  5.88000000E+01  1.12484145E+00  1.07222169E+00  1.12484145E+00
   295  5.90000000E+01  1.12484143E+00  1.07420506E+00  1.12484143E+00
   296  5.92000000E+01  1.12484142E+00  1.07619245E+00  1.12484142E+00
   297  5.94000000E+01  1.12484140E+00  1.07818085E+00  1.12484140E+00
   298  5.96000000E+01  1.12484139E+00  1.08016719E+00  1.12484139E+00
   299  5.98000000E+01  1.12484138E+00  1.08214828E+00  1.12484138E+00
   300  6.00000000E+01  1.12484137E+00  1.08412085E+00  1.12484137E+00
   301  6.02000000E+01  1.12484136E+00  1.08608156E+00  1.12484136E+00
   302  6.04000000E+01  1.12484135E+00  1.08802698E+00  1.12484135E+00
   303  6.06000000E+01  1.12484134E+00  1.08995367E+00  1.12484134E+00
   304  6.08000000E+01  1.12484134E+00  1.09185809E+00  1.12484134E+00
   305  6.10000000E+01  1.12484133E+00  1.09373672E+00  1.12484133E+00
   306  6.12000000E+01  1.12484132E+00  1.09558599E+00  1.12484132E+00
   307  6.14000000E+01  1.12484132E+00  1.09740234E+00  1.12484132E+00
   308  6.16000000E+01  1.12484131E+00  1.09918223E+00  1.12484131E+00
   309  6.18000000E+01  1.12484131E+00  1.10092213E+00  1.12484131E+00
   310  6.20000000E+01  1.12484130E+00  1.10261858E+00  1.12484130E+00
   311  6.22000000E+01  1.12484130E+00  1.10426817E+00  1.12484130E+00
   312  6.24000000E+01  1.12484129E+00  1.10586759E+00  1.12484129E+00
   313  6.26000000E+01  1.12484129E+00  1.10741363E+00  1.12484129E+00
   314  6.28000000E+01  1.12484129E+00  1.10890321E+00  1.12484129E+00
   315  6.30000000E+01  1.12484128E+00  1.11033340E+00  1.12484128E+00
   316  6.32000000E+01  1.12484128E+00  1.11170146E+00  1.12484128E+00
   317  6.34000000E+01  1.12484128E+00  1.11300484E+00  1.12484128E+00
   318  6.36000000E+01  1.12484128E+00  1.11424125E+00  1.12484128E+00
   319  6.38000000E+01  1.12484127E+00  1.11540864E+00  1.12484127E+00
   320  6.40000000E+01  1.12484127E+00  1.11650529E+00  1.12484127E+00
   321  6.42000000E+01  1.12484127E+00  1.11752981E+00  1.12484127E+00
   322  6.44000000E+01  1.12484127E+00  1.11848118E+00  1.12484127E+00
   323  6.46000000E+01  1.12484127E+00  1.11935881E+00  1.12484127E+00
   324  6.48000000E+01  1.12484127E+00  1.12016256E+00  1.12484127E+00
   325  6.50000000E+01  1.12484126E+00  1.12089276E+00  1.12484126E+00
   326  6.52000000E+01  1.12484126E+00  1.12155030E+00  1.12484126E+00
   327  6.54000000E+01  1.12484126E+00  1.12213658E+00  1.12484126E+00
   328  6.56000000E+01  1.12484126E+00  1.12265357E+00  1.12484126E+00
   329  6.58000000E+01  1.12484126E+00  1.12310380E+00  1.12484126E+00
   330  6.60000000E+01  1.12484126E+00  1.12349034E+00  1.12484126E+00
   331  6.62000000E+01  1.12484126E+00  1.12381678E+00  1.12484126E+00
   332  6.64000000E+01  1.12484126E+00  1.12408719E+00  1.12484126E+00
 steady-height stop at step    332: truncated to 3 decimals, truncated max/end/ratio =       1124      1124      1124, max/end/ratio =   1.12484126E+00  1.12408719E+00  1.12484126E+00
