 dx_box  0.20000000000000001      dx_wall   2.5000000000000001E-002
 comppar: model =   2
 comppar: lambda,mobility/eps,betav,eta_0 =  1.0000E+00  0.0000E+00  1.1111E-01  1.0000E+00
 comppar: eta_s,eta_p,G =  1.1111E-01  8.8889E-01  8.8889E-01
 comppar: U_avg,deltat,flowrate,nsteps =  5.0000E-01  5.0000E-02  1.5708E+00    1000
 comppar: geometry = axisymmetric
 comppar: steady stop change,gap,hold,min =  1.0000E-05  5.0000E-03      10      80
 comppar: ncompc,ncompg =     4     5
 mesh nnodes = 11721
 mesh nelem = 5776
 P1 BC   5.0000000000000000     
 P2 BC   0.0000000000000000     
     1  5.00000000E-02  1.00315115E+00  1.00000000E+00  1.00315115E+00
     2  1.00000000E-01  1.00620028E+00  1.00000000E+00  1.00620028E+00
     3  1.50000000E-01  1.00912788E+00  1.00000000E+00  1.00912788E+00
     4  2.00000000E-01  1.01195955E+00  1.00000000E+00  1.01195955E+00
     5  2.50000000E-01  1.01471631E+00  1.00000000E+00  1.01471631E+00
     6  3.00000000E-01  1.01742353E+00  1.00000000E+00  1.01742353E+00
     7  3.50000000E-01  1.02011200E+00  1.00000000E+00  1.02011200E+00
     8  4.00000000E-01  1.02279363E+00  1.00000000E+00  1.02279363E+00
     9  4.50000000E-01  1.02548582E+00  1.00000001E+00  1.02548582E+00
    10  5.00000000E-01  1.02822173E+00  1.00000001E+00  1.02822173E+00
    11  5.50000000E-01  1.03098290E+00  1.00000001E+00  1.03098290E+00
    12  6.00000000E-01  1.03377333E+00  1.00000001E+00  1.03377333E+00
    13  6.50000000E-01  1.03667095E+00  1.00000001E+00  1.03667095E+00
    14  7.00000000E-01  1.03960186E+00  1.00000001E+00  1.03960186E+00
    15  7.50000000E-01  1.04256999E+00  1.00000001E+00  1.04256999E+00
    16  8.00000000E-01  1.04562938E+00  1.00000001E+00  1.04562938E+00
    17  8.50000000E-01  1.04877069E+00  1.00000001E+00  1.04877069E+00
    18  9.00000000E-01  1.05195716E+00  1.00000001E+00  1.05195716E+00
    19  9.50000000E-01  1.05518878E+00  1.00000001E+00  1.05518878E+00
    20  1.00000000E+00  1.05846534E+00  1.00000000E+00  1.05846534E+00
    21  1.05000000E+00  1.06178648E+00  1.00000000E+00  1.06178648E+00
    22  1.10000000E+00  1.06515168E+00  1.00000000E+00  1.06515168E+00
    23  1.15000000E+00  1.06863006E+00  9.99999996E-01  1.06863006E+00
    24  1.20000000E+00  1.07216638E+00  9.99999991E-01  1.07216638E+00
    25  1.25000000E+00  1.07573935E+00  9.99999986E-01  1.07573935E+00
    26  1.30000000E+00  1.07934641E+00  9.99999980E-01  1.07934641E+00
    27  1.35000000E+00  1.08298485E+00  9.99999973E-01  1.08298485E+00
    28  1.40000000E+00  1.08665180E+00  9.99999965E-01  1.08665180E+00
    29  1.45000000E+00  1.09034423E+00  9.99999956E-01  1.09034423E+00
    30  1.50000000E+00  1.09405904E+00  9.99999945E-01  1.09405904E+00
    31  1.55000000E+00  1.09779310E+00  9.99999934E-01  1.09779310E+00
    32  1.60000000E+00  1.10154330E+00  9.99999921E-01  1.10154330E+00
    33  1.65000000E+00  1.10530642E+00  9.99999906E-01  1.10530642E+00
    34  1.70000000E+00  1.10907903E+00  9.99999891E-01  1.10907903E+00
    35  1.75000000E+00  1.11285745E+00  9.99999873E-01  1.11285745E+00
    36  1.80000000E+00  1.11664279E+00  9.99999854E-01  1.11664279E+00
    37  1.85000000E+00  1.12047697E+00  9.99999834E-01  1.12047697E+00
    38  1.90000000E+00  1.12430949E+00  9.99999811E-01  1.12430949E+00
    39  1.95000000E+00  1.12813730E+00  9.99999787E-01  1.12813730E+00
    40  2.00000000E+00  1.13195728E+00  9.99999760E-01  1.13195728E+00
    41  2.05000000E+00  1.13576624E+00  9.99999731E-01  1.13576624E+00
    42  2.10000000E+00  1.13956092E+00  9.99999700E-01  1.13956092E+00
    43  2.15000000E+00  1.14333800E+00  9.99999666E-01  1.14333800E+00
    44  2.20000000E+00  1.14709415E+00  9.99999630E-01  1.14709415E+00
    45  2.25000000E+00  1.15082618E+00  9.99999591E-01  1.15082618E+00
    46  2.30000000E+00  1.15453103E+00  9.99999549E-01  1.15453103E+00
    47  2.35000000E+00  1.15820576E+00  9.99999503E-01  1.15820576E+00
    48  2.40000000E+00  1.16184777E+00  9.99999455E-01  1.16184777E+00
    49  2.45000000E+00  1.16545476E+00  9.99999403E-01  1.16545476E+00
    50  2.50000000E+00  1.16907919E+00  9.99999348E-01  1.16907919E+00
    51  2.55000000E+00  1.17277444E+00  9.99999289E-01  1.17277444E+00
    52  2.60000000E+00  1.17643735E+00  9.99999227E-01  1.17643735E+00
    53  2.65000000E+00  1.18006599E+00  9.99999160E-01  1.18006599E+00
    54  2.70000000E+00  1.18365846E+00  9.99999089E-01  1.18365846E+00
    55  2.75000000E+00  1.18721294E+00  9.99999013E-01  1.18721294E+00
    56  2.80000000E+00  1.19072770E+00  9.99998933E-01  1.19072770E+00
    57  2.85000000E+00  1.19420109E+00  9.99998848E-01  1.19420109E+00
    58  2.90000000E+00  1.19763161E+00  9.99998758E-01  1.19763161E+00
    59  2.95000000E+00  1.20101784E+00  9.99998663E-01  1.20101784E+00
    60  3.00000000E+00  1.20435840E+00  9.99998562E-01  1.20435840E+00
    61  3.05000000E+00  1.20765195E+00  9.99998456E-01  1.20765195E+00
    62  3.10000000E+00  1.21096129E+00  9.99998343E-01  1.21096129E+00
    63  3.15000000E+00  1.21437158E+00  9.99998225E-01  1.21437158E+00
    64  3.20000000E+00  1.21773835E+00  9.99998100E-01  1.21773835E+00
    65  3.25000000E+00  1.22106020E+00  9.99997968E-01  1.22106020E+00
    66  3.30000000E+00  1.22433578E+00  9.99997829E-01  1.22433578E+00
    67  3.35000000E+00  1.22756377E+00  9.99997683E-01  1.22756377E+00
    68  3.40000000E+00  1.23074292E+00  9.99997529E-01  1.23074292E+00
    69  3.45000000E+00  1.23387200E+00  9.99997367E-01  1.23387200E+00
    70  3.50000000E+00  1.23694981E+00  9.99997197E-01  1.23694981E+00
    71  3.55000000E+00  1.23997518E+00  9.99997019E-01  1.23997518E+00
    72  3.60000000E+00  1.24294699E+00  9.99996832E-01  1.24294699E+00
    73  3.65000000E+00  1.24586430E+00  9.99996635E-01  1.24586430E+00
    74  3.70000000E+00  1.24872646E+00  9.99996429E-01  1.24872646E+00
    75  3.75000000E+00  1.25153308E+00  9.99996213E-01  1.25153308E+00
    76  3.80000000E+00  1.25433375E+00  9.99995986E-01  1.25433375E+00
    77  3.85000000E+00  1.25737808E+00  9.99995749E-01  1.25737808E+00
    78  3.90000000E+00  1.26037143E+00  9.99995501E-01  1.26037143E+00
    79  3.95000000E+00  1.26331308E+00  9.99995241E-01  1.26331308E+00
    80  4.00000000E+00  1.26620236E+00  9.99994969E-01  1.26620236E+00
    81  4.05000000E+00  1.26903864E+00  9.99994685E-01  1.26903864E+00
    82  4.10000000E+00  1.27182130E+00  9.99994388E-01  1.27182130E+00
    83  4.15000000E+00  1.27454978E+00  9.99994078E-01  1.27454978E+00
    84  4.20000000E+00  1.27722363E+00  9.99993754E-01  1.27722363E+00
    85  4.25000000E+00  1.27984268E+00  9.99993416E-01  1.27984268E+00
    86  4.30000000E+00  1.28240723E+00  9.99993063E-01  1.28240723E+00
    87  4.35000000E+00  1.28491824E+00  9.99992696E-01  1.28491824E+00
    88  4.40000000E+00  1.28737742E+00  9.99992312E-01  1.28737742E+00
    89  4.45000000E+00  1.28978711E+00  9.99991913E-01  1.28978711E+00
    90  4.50000000E+00  1.29218822E+00  9.99991497E-01  1.29218822E+00
    91  4.55000000E+00  1.29482751E+00  9.99991063E-01  1.29482751E+00
    92  4.60000000E+00  1.29740933E+00  9.99990612E-01  1.29740933E+00
    93  4.65000000E+00  1.29993686E+00  9.99990143E-01  1.29993686E+00
    94  4.70000000E+00  1.30241502E+00  9.99989654E-01  1.30241502E+00
    95  4.75000000E+00  1.30484938E+00  9.99989146E-01  1.30484938E+00
    96  4.80000000E+00  1.30724479E+00  9.99988618E-01  1.30724479E+00
    97  4.85000000E+00  1.30960390E+00  9.99988069E-01  1.30960390E+00
    98  4.90000000E+00  1.31192618E+00  9.99987498E-01  1.31192618E+00
    99  4.95000000E+00  1.31420776E+00  9.99986905E-01  1.31420776E+00
   100  5.00000000E+00  1.31644211E+00  9.99986288E-01  1.31644211E+00
   101  5.05000000E+00  1.31862144E+00  9.99985648E-01  1.31862144E+00
   102  5.10000000E+00  1.32073827E+00  9.99984983E-01  1.32073827E+00
   103  5.15000000E+00  1.32278676E+00  9.99984293E-01  1.32278676E+00
   104  5.20000000E+00  1.32476354E+00  9.99983577E-01  1.32476354E+00
   105  5.25000000E+00  1.32686655E+00  9.99982834E-01  1.32686655E+00
   106  5.30000000E+00  1.32916768E+00  9.99982062E-01  1.32916768E+00
   107  5.35000000E+00  1.33141508E+00  9.99981263E-01  1.33141508E+00
   108  5.40000000E+00  1.33360579E+00  9.99980433E-01  1.33360579E+00
   109  5.45000000E+00  1.33573738E+00  9.99979573E-01  1.33573738E+00
   110  5.50000000E+00  1.33780813E+00  9.99978681E-01  1.33780813E+00
   111  5.55000000E+00  1.33981722E+00  9.99977757E-01  1.33981722E+00
   112  5.60000000E+00  1.34176474E+00  9.99976800E-01  1.34176474E+00
   113  5.65000000E+00  1.34365170E+00  9.99975808E-01  1.34365170E+00
   114  5.70000000E+00  1.34547995E+00  9.99974781E-01  1.34547995E+00
   115  5.75000000E+00  1.34725191E+00  9.99973717E-01  1.34725191E+00
   116  5.80000000E+00  1.34897026E+00  9.99972616E-01  1.34897026E+00
   117  5.85000000E+00  1.35063756E+00  9.99971477E-01  1.35063756E+00
   118  5.90000000E+00  1.35228247E+00  9.99970299E-01  1.35228247E+00
   119  5.95000000E+00  1.35427651E+00  9.99969080E-01  1.35427651E+00
   120  6.00000000E+00  1.35621073E+00  9.99967820E-01  1.35621073E+00
   121  6.05000000E+00  1.35808717E+00  9.99966518E-01  1.35808717E+00
   122  6.10000000E+00  1.35990814E+00  9.99965173E-01  1.35990814E+00
   123  6.15000000E+00  1.36167595E+00  9.99963782E-01  1.36167595E+00
   124  6.20000000E+00  1.36339283E+00  9.99962347E-01  1.36339283E+00
   125  6.25000000E+00  1.36506079E+00  9.99960864E-01  1.36506079E+00
   126  6.30000000E+00  1.36668152E+00  9.99959334E-01  1.36668152E+00
   127  6.35000000E+00  1.36825634E+00  9.99957755E-01  1.36825634E+00
   128  6.40000000E+00  1.36978605E+00  9.99956125E-01  1.36978605E+00
   129  6.45000000E+00  1.37127093E+00  9.99954444E-01  1.37127093E+00
   130  6.50000000E+00  1.37271075E+00  9.99952710E-01  1.37271075E+00
   131  6.55000000E+00  1.37410495E+00  9.99950922E-01  1.37410495E+00
   132  6.60000000E+00  1.37545280E+00  9.99949078E-01  1.37545280E+00
   133  6.65000000E+00  1.37675362E+00  9.99947178E-01  1.37675362E+00
   134  6.70000000E+00  1.37836772E+00  9.99945219E-01  1.37836772E+00
   135  6.75000000E+00  1.37995715E+00  9.99943201E-01  1.37995715E+00
   136  6.80000000E+00  1.38149844E+00  9.99941121E-01  1.38149844E+00
   137  6.85000000E+00  1.38299171E+00  9.99938979E-01  1.38299171E+00
   138  6.90000000E+00  1.38443701E+00  9.99936774E-01  1.38443701E+00
   139  6.95000000E+00  1.38583443E+00  9.99934503E-01  1.38583443E+00
   140  7.00000000E+00  1.38718410E+00  9.99932166E-01  1.38718410E+00
   141  7.05000000E+00  1.38848627E+00  9.99929761E-01  1.38848627E+00
   142  7.10000000E+00  1.38974137E+00  9.99927286E-01  1.38974137E+00
   143  7.15000000E+00  1.39095003E+00  9.99924742E-01  1.39095003E+00
   144  7.20000000E+00  1.39211304E+00  9.99922125E-01  1.39211304E+00
   145  7.25000000E+00  1.39323142E+00  9.99919436E-01  1.39323142E+00
   146  7.30000000E+00  1.39430638E+00  9.99916672E-01  1.39430638E+00
   147  7.35000000E+00  1.39540464E+00  9.99913833E-01  1.39540464E+00
   148  7.40000000E+00  1.39676175E+00  9.99910916E-01  1.39676175E+00
   149  7.45000000E+00  1.39807101E+00  9.99907922E-01  1.39807101E+00
   150  7.50000000E+00  1.39933281E+00  9.99904848E-01  1.39933281E+00
   151  7.55000000E+00  1.40054775E+00  9.99901694E-01  1.40054775E+00
   152  7.60000000E+00  1.40171666E+00  9.99898458E-01  1.40171666E+00
   153  7.65000000E+00  1.40284060E+00  9.99895138E-01  1.40284060E+00
   154  7.70000000E+00  1.40392084E+00  9.99891734E-01  1.40392084E+00
   155  7.75000000E+00  1.40495886E+00  9.99888244E-01  1.40495886E+00
   156  7.80000000E+00  1.40595627E+00  9.99884667E-01  1.40595627E+00
   157  7.85000000E+00  1.40691476E+00  9.99881002E-01  1.40691476E+00
   158  7.90000000E+00  1.40783612E+00  9.99877248E-01  1.40783612E+00
   159  7.95000000E+00  1.40872214E+00  9.99873403E-01  1.40872214E+00
   160  8.00000000E+00  1.40970663E+00  9.99869466E-01  1.40970663E+00
   161  8.05000000E+00  1.41084251E+00  9.99865437E-01  1.41084251E+00
   162  8.10000000E+00  1.41193546E+00  9.99861315E-01  1.41193546E+00
   163  8.15000000E+00  1.41298679E+00  9.99857098E-01  1.41298679E+00
   164  8.20000000E+00  1.41399791E+00  9.99852786E-01  1.41399791E+00
   165  8.25000000E+00  1.41497033E+00  9.99848379E-01  1.41497033E+00
   166  8.30000000E+00  1.41590560E+00  9.99843876E-01  1.41590560E+00
   167  8.35000000E+00  1.41680534E+00  9.99839276E-01  1.41680534E+00
   168  8.40000000E+00  1.41767115E+00  9.99834580E-01  1.41767115E+00
   169  8.45000000E+00  1.41850463E+00  9.99829786E-01  1.41850463E+00
   170  8.50000000E+00  1.41930738E+00  9.99824897E-01  1.41930738E+00
   171  8.55000000E+00  1.42008093E+00  9.99819910E-01  1.42008093E+00
   172  8.60000000E+00  1.42082677E+00  9.99814827E-01  1.42082677E+00
   173  8.65000000E+00  1.42162228E+00  9.99809648E-01  1.42162228E+00
   174  8.70000000E+00  1.42256368E+00  9.99804374E-01  1.42256368E+00
   175  8.75000000E+00  1.42346935E+00  9.99799004E-01  1.42346935E+00
   176  8.80000000E+00  1.42434093E+00  9.99793541E-01  1.42434093E+00
   177  8.85000000E+00  1.42518008E+00  9.99787983E-01  1.42518008E+00
   178  8.90000000E+00  1.42598841E+00  9.99782333E-01  1.42598841E+00
   179  8.95000000E+00  1.42676748E+00  9.99776592E-01  1.42676748E+00
   180  9.00000000E+00  1.42751881E+00  9.99770760E-01  1.42751881E+00
   181  9.05000000E+00  1.42824382E+00  9.99764839E-01  1.42824382E+00
   182  9.10000000E+00  1.42894388E+00  9.99758831E-01  1.42894388E+00
   183  9.15000000E+00  1.42962023E+00  9.99752737E-01  1.42962023E+00
   184  9.20000000E+00  1.43027407E+00  9.99746559E-01  1.43027407E+00
   185  9.25000000E+00  1.43090646E+00  9.99740301E-01  1.43090646E+00
   186  9.30000000E+00  1.43151839E+00  9.99733964E-01  1.43151839E+00
   187  9.35000000E+00  1.43221304E+00  9.99727551E-01  1.43221304E+00
   188  9.40000000E+00  1.43297535E+00  9.99721066E-01  1.43297535E+00
   189  9.45000000E+00  1.43371031E+00  9.99714511E-01  1.43371031E+00
   190  9.50000000E+00  1.43441925E+00  9.99707892E-01  1.43441925E+00
   191  9.55000000E+00  1.43510346E+00  9.99701212E-01  1.43510346E+00
   192  9.60000000E+00  1.43576412E+00  9.99694476E-01  1.43576412E+00
   193  9.65000000E+00  1.43640235E+00  9.99687689E-01  1.43640235E+00
   194  9.70000000E+00  1.43701920E+00  9.99680856E-01  1.43701920E+00
   195  9.75000000E+00  1.43761563E+00  9.99673984E-01  1.43761563E+00
   196  9.80000000E+00  1.43819253E+00  9.99667079E-01  1.43819253E+00
   197  9.85000000E+00  1.43875071E+00  9.99660149E-01  1.43875071E+00
   198  9.90000000E+00  1.43929090E+00  9.99653200E-01  1.43929090E+00
   199  9.95000000E+00  1.43981379E+00  9.99646241E-01  1.43981379E+00
   200  1.00000000E+01  1.44031999E+00  9.99639281E-01  1.44031999E+00
   201  1.00500000E+01  1.44081006E+00  9.99632328E-01  1.44081006E+00
   202  1.01000000E+01  1.44128980E+00  9.99625393E-01  1.44128980E+00
   203  1.01500000E+01  1.44189331E+00  9.99618486E-01  1.44189331E+00
   204  1.02000000E+01  1.44247720E+00  9.99611618E-01  1.44247720E+00
   205  1.02500000E+01  1.44304227E+00  9.99604801E-01  1.44304227E+00
   206  1.03000000E+01  1.44358926E+00  9.99598047E-01  1.44358926E+00
   207  1.03500000E+01  1.44411882E+00  9.99591369E-01  1.44411882E+00
   208  1.04000000E+01  1.44463157E+00  9.99584781E-01  1.44463157E+00
   209  1.04500000E+01  1.44512805E+00  9.99578297E-01  1.44512805E+00
   210  1.05000000E+01  1.44560877E+00  9.99571933E-01  1.44560877E+00
   211  1.05500000E+01  1.44607417E+00  9.99565705E-01  1.44607417E+00
   212  1.06000000E+01  1.44652470E+00  9.99559631E-01  1.44652470E+00
   213  1.06500000E+01  1.44696075E+00  9.99553729E-01  1.44696075E+00
   214  1.07000000E+01  1.44738271E+00  9.99548019E-01  1.44738271E+00
   215  1.07500000E+01  1.44779094E+00  9.99542521E-01  1.44779094E+00
   216  1.08000000E+01  1.44818580E+00  9.99537258E-01  1.44818580E+00
   217  1.08500000E+01  1.44856766E+00  9.99532253E-01  1.44856766E+00
   218  1.09000000E+01  1.44904336E+00  9.99527528E-01  1.44904336E+00
   219  1.09500000E+01  1.44951129E+00  9.99523111E-01  1.44951129E+00
   220  1.10000000E+01  1.44996416E+00  9.99519028E-01  1.44996416E+00
   221  1.10500000E+01  1.45040244E+00  9.99515306E-01  1.45040244E+00
   222  1.11000000E+01  1.45082658E+00  9.99511974E-01  1.45082658E+00
   223  1.11500000E+01  1.45123697E+00  9.99509062E-01  1.45123697E+00
   224  1.12000000E+01  1.45163402E+00  9.99506602E-01  1.45163402E+00
   225  1.12500000E+01  1.45201811E+00  9.99504627E-01  1.45201811E+00
   226  1.13000000E+01  1.45238960E+00  9.99503169E-01  1.45238960E+00
   227  1.13500000E+01  1.45274887E+00  9.99502265E-01  1.45274887E+00
   228  1.14000000E+01  1.45309626E+00  9.99501952E-01  1.45309626E+00
   229  1.14500000E+01  1.45343214E+00  9.99502268E-01  1.45343214E+00
   230  1.15000000E+01  1.45375684E+00  9.99503253E-01  1.45375684E+00
   231  1.15500000E+01  1.45407073E+00  9.99504950E-01  1.45407073E+00
   232  1.16000000E+01  1.45437415E+00  9.99507403E-01  1.45437415E+00
   233  1.16500000E+01  1.45466745E+00  9.99510659E-01  1.45466745E+00
   234  1.17000000E+01  1.45504123E+00  9.99514767E-01  1.45504123E+00
   235  1.17500000E+01  1.45540631E+00  9.99519779E-01  1.45540631E+00
   236  1.18000000E+01  1.45575927E+00  9.99525748E-01  1.45575927E+00
   237  1.18500000E+01  1.45610047E+00  9.99532733E-01  1.45610047E+00
   238  1.19000000E+01  1.45643028E+00  9.99540792E-01  1.45643028E+00
   239  1.19500000E+01  1.45674905E+00  9.99549990E-01  1.45674905E+00
   240  1.20000000E+01  1.45705714E+00  9.99560391E-01  1.45705714E+00
   241  1.20500000E+01  1.45735489E+00  9.99572065E-01  1.45735489E+00
   242  1.21000000E+01  1.45764267E+00  9.99585085E-01  1.45764267E+00
   243  1.21500000E+01  1.45792082E+00  9.99599525E-01  1.45792082E+00
   244  1.22000000E+01  1.45818970E+00  9.99615466E-01  1.45818970E+00
   245  1.22500000E+01  1.45844964E+00  9.99632988E-01  1.45844964E+00
   246  1.23000000E+01  1.45870098E+00  9.99652178E-01  1.45870098E+00
   247  1.23500000E+01  1.45894404E+00  9.99673124E-01  1.45894404E+00
   248  1.24000000E+01  1.45917915E+00  9.99695919E-01  1.45917915E+00
   249  1.24500000E+01  1.45946022E+00  9.99720657E-01  1.45946022E+00
   250  1.25000000E+01  1.45975129E+00  9.99747439E-01  1.45975129E+00
   251  1.25500000E+01  1.46003270E+00  9.99776367E-01  1.46003270E+00
   252  1.26000000E+01  1.46030479E+00  9.99807545E-01  1.46030479E+00
   253  1.26500000E+01  1.46056788E+00  9.99841084E-01  1.46056788E+00
   254  1.27000000E+01  1.46082229E+00  9.99877095E-01  1.46082229E+00
   255  1.27500000E+01  1.46106832E+00  9.99915696E-01  1.46106832E+00
   256  1.28000000E+01  1.46130628E+00  9.99957006E-01  1.46130628E+00
   257  1.28500000E+01  1.46153646E+00  1.00000115E+00  1.46153646E+00
   258  1.29000000E+01  1.46175914E+00  1.00004825E+00  1.46175914E+00
   259  1.29500000E+01  1.46197459E+00  1.00009844E+00  1.46197459E+00
   260  1.30000000E+01  1.46218308E+00  1.00015186E+00  1.46218308E+00
   261  1.30500000E+01  1.46238483E+00  1.00020865E+00  1.46238483E+00
   262  1.31000000E+01  1.46258009E+00  1.00026896E+00  1.46258009E+00
   263  1.31500000E+01  1.46276908E+00  1.00033293E+00  1.46276908E+00
   264  1.32000000E+01  1.46295199E+00  1.00040073E+00  1.46295199E+00
   265  1.32500000E+01  1.46313041E+00  1.00047251E+00  1.46313041E+00
   266  1.33000000E+01  1.46335685E+00  1.00054845E+00  1.46335685E+00
   267  1.33500000E+01  1.46357593E+00  1.00062873E+00  1.46357593E+00
   268  1.34000000E+01  1.46378793E+00  1.00071354E+00  1.46378793E+00
   269  1.34500000E+01  1.46399309E+00  1.00080306E+00  1.46399309E+00
   270  1.35000000E+01  1.46419166E+00  1.00089751E+00  1.46419166E+00
   271  1.35500000E+01  1.46438385E+00  1.00099709E+00  1.46438385E+00
   272  1.36000000E+01  1.46456989E+00  1.00110203E+00  1.46456989E+00
   273  1.36500000E+01  1.46474996E+00  1.00121257E+00  1.46474996E+00
   274  1.37000000E+01  1.46492426E+00  1.00132893E+00  1.46492426E+00
   275  1.37500000E+01  1.46509295E+00  1.00145138E+00  1.46509295E+00
   276  1.38000000E+01  1.46525620E+00  1.00158017E+00  1.46525620E+00
   277  1.38500000E+01  1.46541415E+00  1.00171558E+00  1.46541415E+00
   278  1.39000000E+01  1.46556695E+00  1.00185788E+00  1.46556695E+00
   279  1.39500000E+01  1.46571472E+00  1.00200737E+00  1.46571472E+00
   280  1.40000000E+01  1.46585759E+00  1.00216434E+00  1.46585759E+00
   281  1.40500000E+01  1.46599569E+00  1.00232909E+00  1.46599569E+00
   282  1.41000000E+01  1.46613243E+00  1.00250195E+00  1.46613243E+00
   283  1.41500000E+01  1.46630318E+00  1.00268323E+00  1.46630318E+00
   284  1.42000000E+01  1.46646839E+00  1.00287327E+00  1.46646839E+00
   285  1.42500000E+01  1.46662822E+00  1.00307240E+00  1.46662822E+00
   286  1.43000000E+01  1.46678282E+00  1.00328097E+00  1.46678282E+00
   287  1.43500000E+01  1.46693233E+00  1.00349934E+00  1.46693233E+00
   288  1.44000000E+01  1.46707689E+00  1.00372788E+00  1.46707689E+00
   289  1.44500000E+01  1.46721662E+00  1.00396694E+00  1.46721662E+00
   290  1.45000000E+01  1.46735164E+00  1.00421693E+00  1.46735164E+00
   291  1.45500000E+01  1.46748208E+00  1.00447822E+00  1.46748208E+00
   292  1.46000000E+01  1.46760804E+00  1.00475123E+00  1.46760804E+00
   293  1.46500000E+01  1.46772963E+00  1.00503636E+00  1.46772963E+00
   294  1.47000000E+01  1.46784696E+00  1.00533406E+00  1.46784696E+00
   295  1.47500000E+01  1.46796014E+00  1.00564475E+00  1.46796014E+00
   296  1.48000000E+01  1.46806927E+00  1.00596890E+00  1.46806927E+00
   297  1.48500000E+01  1.46817446E+00  1.00630697E+00  1.46817446E+00
   298  1.49000000E+01  1.46827581E+00  1.00665946E+00  1.46827581E+00
   299  1.49500000E+01  1.46837343E+00  1.00702687E+00  1.46837343E+00
   300  1.50000000E+01  1.46849942E+00  1.00740971E+00  1.46849942E+00
   301  1.50500000E+01  1.46862350E+00  1.00780854E+00  1.46862350E+00
   302  1.51000000E+01  1.46874324E+00  1.00822392E+00  1.46874324E+00
   303  1.51500000E+01  1.46885875E+00  1.00865641E+00  1.46885875E+00
   304  1.52000000E+01  1.46897013E+00  1.00910662E+00  1.46897013E+00
   305  1.52500000E+01  1.46907749E+00  1.00957517E+00  1.46907749E+00
   306  1.53000000E+01  1.46918092E+00  1.01006270E+00  1.46918092E+00
   307  1.53500000E+01  1.46928055E+00  1.01056985E+00  1.46928055E+00
   308  1.54000000E+01  1.46937646E+00  1.01109731E+00  1.46937646E+00
   309  1.54500000E+01  1.46946878E+00  1.01164577E+00  1.46946878E+00
   310  1.55000000E+01  1.46955762E+00  1.01221594E+00  1.46955762E+00
   311  1.55500000E+01  1.46964307E+00  1.01280855E+00  1.46964307E+00
   312  1.56000000E+01  1.46972526E+00  1.01342434E+00  1.46972526E+00
   313  1.56500000E+01  1.46980431E+00  1.01406407E+00  1.46980431E+00
   314  1.57000000E+01  1.46988031E+00  1.01472852E+00  1.46988031E+00
   315  1.57500000E+01  1.46995340E+00  1.01541847E+00  1.46995340E+00
   316  1.58000000E+01  1.47003363E+00  1.01613472E+00  1.47003363E+00
   317  1.58500000E+01  1.47012757E+00  1.01687808E+00  1.47012757E+00
   318  1.59000000E+01  1.47021800E+00  1.01764937E+00  1.47021800E+00
   319  1.59500000E+01  1.47030503E+00  1.01844941E+00  1.47030503E+00
   320  1.60000000E+01  1.47038877E+00  1.01927903E+00  1.47038877E+00
   321  1.60500000E+01  1.47046932E+00  1.02013906E+00  1.47046932E+00
   322  1.61000000E+01  1.47054680E+00  1.02103036E+00  1.47054680E+00
   323  1.61500000E+01  1.47062133E+00  1.02195376E+00  1.47062133E+00
   324  1.62000000E+01  1.47069300E+00  1.02291010E+00  1.47069300E+00
   325  1.62500000E+01  1.47076193E+00  1.02390022E+00  1.47076193E+00
   326  1.63000000E+01  1.47082823E+00  1.02492497E+00  1.47082823E+00
   327  1.63500000E+01  1.47089202E+00  1.02598519E+00  1.47089202E+00
   328  1.64000000E+01  1.47095339E+00  1.02708170E+00  1.47095339E+00
   329  1.64500000E+01  1.47101245E+00  1.02821534E+00  1.47101245E+00
   330  1.65000000E+01  1.47106931E+00  1.02938692E+00  1.47106931E+00
   331  1.65500000E+01  1.47112407E+00  1.03059727E+00  1.47112407E+00
   332  1.66000000E+01  1.47117683E+00  1.03184718E+00  1.47117683E+00
   333  1.66500000E+01  1.47122768E+00  1.03313745E+00  1.47122768E+00
   334  1.67000000E+01  1.47128428E+00  1.03446886E+00  1.47128428E+00
   335  1.67500000E+01  1.47134942E+00  1.03584219E+00  1.47134942E+00
   336  1.68000000E+01  1.47141210E+00  1.03725819E+00  1.47141210E+00
   337  1.68500000E+01  1.47147241E+00  1.03871761E+00  1.47147241E+00
   338  1.69000000E+01  1.47153047E+00  1.04022116E+00  1.47153047E+00
   339  1.69500000E+01  1.47158637E+00  1.04176957E+00  1.47158637E+00
   340  1.70000000E+01  1.47164023E+00  1.04336352E+00  1.47164023E+00
   341  1.70500000E+01  1.47169213E+00  1.04500367E+00  1.47169213E+00
   342  1.71000000E+01  1.47174218E+00  1.04669068E+00  1.47174218E+00
   343  1.71500000E+01  1.47179045E+00  1.04842517E+00  1.47179045E+00
   344  1.72000000E+01  1.47183705E+00  1.05020772E+00  1.47183705E+00
   345  1.72500000E+01  1.47188204E+00  1.05203889E+00  1.47188204E+00
   346  1.73000000E+01  1.47192550E+00  1.05391924E+00  1.47192550E+00
   347  1.73500000E+01  1.47196751E+00  1.05584923E+00  1.47196751E+00
   348  1.74000000E+01  1.47200813E+00  1.05782935E+00  1.47200813E+00
   349  1.74500000E+01  1.47204741E+00  1.05986000E+00  1.47204741E+00
   350  1.75000000E+01  1.47208543E+00  1.06194156E+00  1.47208543E+00
   351  1.75500000E+01  1.47212222E+00  1.06407436E+00  1.47212222E+00
   352  1.76000000E+01  1.47215784E+00  1.06625867E+00  1.47215784E+00
   353  1.76500000E+01  1.47219233E+00  1.06849474E+00  1.47219233E+00
   354  1.77000000E+01  1.47223313E+00  1.07078271E+00  1.47223313E+00
   355  1.77500000E+01  1.47227581E+00  1.07312272E+00  1.47227581E+00
   356  1.78000000E+01  1.47231705E+00  1.07551480E+00  1.47231705E+00
   357  1.78500000E+01  1.47235691E+00  1.07795896E+00  1.47235691E+00
   358  1.79000000E+01  1.47239545E+00  1.08045510E+00  1.47239545E+00
   359  1.79500000E+01  1.47243274E+00  1.08300309E+00  1.47243274E+00
   360  1.80000000E+01  1.47246881E+00  1.08560270E+00  1.47246881E+00
   361  1.80500000E+01  1.47250372E+00  1.08825366E+00  1.47250372E+00
   362  1.81000000E+01  1.47253750E+00  1.09095560E+00  1.47253750E+00
   363  1.81500000E+01  1.47257020E+00  1.09370808E+00  1.47257020E+00
   364  1.82000000E+01  1.47260186E+00  1.09651061E+00  1.47260186E+00
   365  1.82500000E+01  1.47263249E+00  1.09936260E+00  1.47263249E+00
   366  1.83000000E+01  1.47266213E+00  1.10226341E+00  1.47266213E+00
   367  1.83500000E+01  1.47269080E+00  1.10521230E+00  1.47269080E+00
   368  1.84000000E+01  1.47271853E+00  1.10820849E+00  1.47271853E+00
   369  1.84500000E+01  1.47274533E+00  1.11125111E+00  1.47274533E+00
   370  1.85000000E+01  1.47277122E+00  1.11433923E+00  1.47277122E+00
   371  1.85500000E+01  1.47279621E+00  1.11747186E+00  1.47279621E+00
   372  1.86000000E+01  1.47282032E+00  1.12064794E+00  1.47282032E+00
   373  1.86500000E+01  1.47284357E+00  1.12386637E+00  1.47284357E+00
   374  1.87000000E+01  1.47286595E+00  1.12712597E+00  1.47286595E+00
   375  1.87500000E+01  1.47288749E+00  1.13042552E+00  1.47288749E+00
   376  1.88000000E+01  1.47290819E+00  1.13376376E+00  1.47290819E+00
   377  1.88500000E+01  1.47293272E+00  1.13713937E+00  1.47293272E+00
   378  1.89000000E+01  1.47295927E+00  1.14055102E+00  1.47295927E+00
   379  1.89500000E+01  1.47298492E+00  1.14399731E+00  1.47298492E+00
   380  1.90000000E+01  1.47300967E+00  1.14747682E+00  1.47300967E+00
   381  1.90500000E+01  1.47303354E+00  1.15098812E+00  1.47303354E+00
   382  1.91000000E+01  1.47305653E+00  1.15452974E+00  1.47305653E+00
   383  1.91500000E+01  1.47307867E+00  1.15810020E+00  1.47307867E+00
   384  1.92000000E+01  1.47309995E+00  1.16169798E+00  1.47309995E+00
   385  1.92500000E+01  1.47312039E+00  1.16532160E+00  1.47312039E+00
   386  1.93000000E+01  1.47314000E+00  1.16896951E+00  1.47314000E+00
   387  1.93500000E+01  1.47315878E+00  1.17264021E+00  1.47315878E+00
   388  1.94000000E+01  1.47317675E+00  1.17633217E+00  1.47317675E+00
   389  1.94500000E+01  1.47319392E+00  1.18004386E+00  1.47319392E+00
   390  1.95000000E+01  1.47321030E+00  1.18377376E+00  1.47321030E+00
   391  1.95500000E+01  1.47322590E+00  1.18752036E+00  1.47322590E+00
   392  1.96000000E+01  1.47324072E+00  1.19128215E+00  1.47324072E+00
   393  1.96500000E+01  1.47325480E+00  1.19505764E+00  1.47325480E+00
   394  1.97000000E+01  1.47326813E+00  1.19884534E+00  1.47326813E+00
   395  1.97500000E+01  1.47328073E+00  1.20264378E+00  1.47328073E+00
   396  1.98000000E+01  1.47329261E+00  1.20645148E+00  1.47329261E+00
   397  1.98500000E+01  1.47330381E+00  1.21026702E+00  1.47330381E+00
   398  1.99000000E+01  1.47331432E+00  1.21408894E+00  1.47331432E+00
   399  1.99500000E+01  1.47332947E+00  1.21791583E+00  1.47332947E+00
   400  2.00000000E+01  1.47334470E+00  1.22174628E+00  1.47334470E+00
   401  2.00500000E+01  1.47335918E+00  1.22557890E+00  1.47335918E+00
   402  2.01000000E+01  1.47337291E+00  1.22941231E+00  1.47337291E+00
   403  2.01500000E+01  1.47338592E+00  1.23324513E+00  1.47338592E+00
   404  2.02000000E+01  1.47339821E+00  1.23707602E+00  1.47339821E+00
   405  2.02500000E+01  1.47340981E+00  1.24090363E+00  1.47340981E+00
   406  2.03000000E+01  1.47342072E+00  1.24472662E+00  1.47342072E+00
   407  2.03500000E+01  1.47343096E+00  1.24854369E+00  1.47343096E+00
   408  2.04000000E+01  1.47344055E+00  1.25235353E+00  1.47344055E+00
   409  2.04500000E+01  1.47344951E+00  1.25615483E+00  1.47344951E+00
   410  2.05000000E+01  1.47345786E+00  1.25994633E+00  1.47345786E+00
   411  2.05500000E+01  1.47346560E+00  1.26372673E+00  1.47346560E+00
   412  2.06000000E+01  1.47347277E+00  1.26749480E+00  1.47347277E+00
   413  2.06500000E+01  1.47347938E+00  1.27124928E+00  1.47347938E+00
   414  2.07000000E+01  1.47348546E+00  1.27498894E+00  1.47348546E+00
   415  2.07500000E+01  1.47349102E+00  1.27871257E+00  1.47349102E+00
   416  2.08000000E+01  1.47349608E+00  1.28241896E+00  1.47349608E+00
   417  2.08500000E+01  1.47350066E+00  1.28610692E+00  1.47350066E+00
   418  2.09000000E+01  1.47350479E+00  1.28977528E+00  1.47350479E+00
   419  2.09500000E+01  1.47351019E+00  1.29342290E+00  1.47351019E+00
   420  2.10000000E+01  1.47351769E+00  1.29704864E+00  1.47351769E+00
   421  2.10500000E+01  1.47352462E+00  1.30065138E+00  1.47352462E+00
   422  2.11000000E+01  1.47353100E+00  1.30423004E+00  1.47353100E+00
   423  2.11500000E+01  1.47353684E+00  1.30778353E+00  1.47353684E+00
   424  2.12000000E+01  1.47354218E+00  1.31131081E+00  1.47354218E+00
   425  2.12500000E+01  1.47354703E+00  1.31481084E+00  1.47354703E+00
   426  2.13000000E+01  1.47355141E+00  1.31828262E+00  1.47355141E+00
   427  2.13500000E+01  1.47355535E+00  1.32172517E+00  1.47355535E+00
   428  2.14000000E+01  1.47355887E+00  1.32513751E+00  1.47355887E+00
   429  2.14500000E+01  1.47356197E+00  1.32851870E+00  1.47356197E+00
   430  2.15000000E+01  1.47356470E+00  1.33186782E+00  1.47356470E+00
   431  2.15500000E+01  1.47356707E+00  1.33518398E+00  1.47356707E+00
   432  2.16000000E+01  1.47356909E+00  1.33846627E+00  1.47356909E+00
   433  2.16500000E+01  1.47357080E+00  1.34171385E+00  1.47357080E+00
   434  2.17000000E+01  1.47357220E+00  1.34492585E+00  1.47357220E+00
   435  2.17500000E+01  1.47357333E+00  1.34810145E+00  1.47357333E+00
   436  2.18000000E+01  1.47357419E+00  1.35123982E+00  1.47357419E+00
   437  2.18500000E+01  1.47357481E+00  1.35434017E+00  1.47357481E+00
   438  2.19000000E+01  1.47357520E+00  1.35740170E+00  1.47357520E+00
   439  2.19500000E+01  1.47357539E+00  1.36042362E+00  1.47357539E+00
   440  2.20000000E+01  1.47357539E+00  1.36340517E+00  1.47357539E+00
   441  2.20500000E+01  1.47357522E+00  1.36634558E+00  1.47357522E+00
   442  2.21000000E+01  1.47357489E+00  1.36924411E+00  1.47357489E+00
   443  2.21500000E+01  1.47357499E+00  1.37210002E+00  1.47357499E+00
   444  2.22000000E+01  1.47357601E+00  1.37491257E+00  1.47357601E+00
   445  2.22500000E+01  1.47357677E+00  1.37768105E+00  1.47357677E+00
   446  2.23000000E+01  1.47357730E+00  1.38040476E+00  1.47357730E+00
   447  2.23500000E+01  1.47357760E+00  1.38308299E+00  1.47357760E+00
   448  2.24000000E+01  1.47357770E+00  1.38571508E+00  1.47357770E+00
   449  2.24500000E+01  1.47357762E+00  1.38830038E+00  1.47357762E+00
   450  2.25000000E+01  1.47357737E+00  1.39083825E+00  1.47357737E+00
   451  2.25500000E+01  1.47357697E+00  1.39332807E+00  1.47357697E+00
   452  2.26000000E+01  1.47357643E+00  1.39576929E+00  1.47357643E+00
   453  2.26500000E+01  1.47357577E+00  1.39816134E+00  1.47357577E+00
   454  2.27000000E+01  1.47357500E+00  1.40050371E+00  1.47357500E+00
   455  2.27500000E+01  1.47357415E+00  1.40279594E+00  1.47357415E+00
   456  2.28000000E+01  1.47357321E+00  1.40503761E+00  1.47357321E+00
   457  2.28500000E+01  1.47357221E+00  1.40722834E+00  1.47357221E+00
   458  2.29000000E+01  1.47357115E+00  1.40936781E+00  1.47357115E+00
   459  2.29500000E+01  1.47357006E+00  1.41145575E+00  1.47357006E+00
   460  2.30000000E+01  1.47356893E+00  1.41349197E+00  1.47356893E+00
   461  2.30500000E+01  1.47356779E+00  1.41547633E+00  1.47356779E+00
   462  2.31000000E+01  1.47356663E+00  1.41740877E+00  1.47356663E+00
   463  2.31500000E+01  1.47356547E+00  1.41928929E+00  1.47356547E+00
   464  2.32000000E+01  1.47356432E+00  1.42111798E+00  1.47356432E+00
   465  2.32500000E+01  1.47356319E+00  1.42289499E+00  1.47356319E+00
   466  2.33000000E+01  1.47356208E+00  1.42462055E+00  1.47356208E+00
   467  2.33500000E+01  1.47356101E+00  1.42629498E+00  1.47356101E+00
   468  2.34000000E+01  1.47355997E+00  1.42791868E+00  1.47355997E+00
   469  2.34500000E+01  1.47355898E+00  1.42949212E+00  1.47355898E+00
   470  2.35000000E+01  1.47355803E+00  1.43101584E+00  1.47355803E+00
   471  2.35500000E+01  1.47355714E+00  1.43249047E+00  1.47355714E+00
   472  2.36000000E+01  1.47355631E+00  1.43391670E+00  1.47355631E+00
   473  2.36500000E+01  1.47355554E+00  1.43529532E+00  1.47355554E+00
   474  2.37000000E+01  1.47355484E+00  1.43662715E+00  1.47355484E+00
   475  2.37500000E+01  1.47355421E+00  1.43791309E+00  1.47355421E+00
   476  2.38000000E+01  1.47355365E+00  1.43915410E+00  1.47355365E+00
   477  2.38500000E+01  1.47355317E+00  1.44035119E+00  1.47355317E+00
   478  2.39000000E+01  1.47355275E+00  1.44150542E+00  1.47355275E+00
   479  2.39500000E+01  1.47355242E+00  1.44261789E+00  1.47355242E+00
   480  2.40000000E+01  1.47355216E+00  1.44368974E+00  1.47355216E+00
   481  2.40500000E+01  1.47355223E+00  1.44472213E+00  1.47355223E+00
   482  2.41000000E+01  1.47355276E+00  1.44571626E+00  1.47355276E+00
   483  2.41500000E+01  1.47355334E+00  1.44667335E+00  1.47355334E+00
   484  2.42000000E+01  1.47355399E+00  1.44759461E+00  1.47355399E+00
   485  2.42500000E+01  1.47355468E+00  1.44848127E+00  1.47355468E+00
   486  2.43000000E+01  1.47355542E+00  1.44933458E+00  1.47355542E+00
   487  2.43500000E+01  1.47355622E+00  1.45015575E+00  1.47355622E+00
   488  2.44000000E+01  1.47355705E+00  1.45094601E+00  1.47355705E+00
   489  2.44500000E+01  1.47355792E+00  1.45170656E+00  1.47355792E+00
   490  2.45000000E+01  1.47355883E+00  1.45243858E+00  1.47355883E+00
   491  2.45500000E+01  1.47355977E+00  1.45314324E+00  1.47355977E+00
   492  2.46000000E+01  1.47356074E+00  1.45382167E+00  1.47356074E+00
   493  2.46500000E+01  1.47356173E+00  1.45447498E+00  1.47356173E+00
   494  2.47000000E+01  1.47356274E+00  1.45510423E+00  1.47356274E+00
   495  2.47500000E+01  1.47356377E+00  1.45571047E+00  1.47356377E+00
   496  2.48000000E+01  1.47356481E+00  1.45629470E+00  1.47356481E+00
   497  2.48500000E+01  1.47356586E+00  1.45685787E+00  1.47356586E+00
   498  2.49000000E+01  1.47356692E+00  1.45740092E+00  1.47356692E+00
   499  2.49500000E+01  1.47356799E+00  1.45792472E+00  1.47356799E+00
   500  2.50000000E+01  1.47356905E+00  1.45843011E+00  1.47356905E+00
   501  2.50500000E+01  1.47357011E+00  1.45891791E+00  1.47357011E+00
   502  2.51000000E+01  1.47357116E+00  1.45938886E+00  1.47357116E+00
   503  2.51500000E+01  1.47357220E+00  1.45984370E+00  1.47357220E+00
   504  2.52000000E+01  1.47357323E+00  1.46028311E+00  1.47357323E+00
   505  2.52500000E+01  1.47357425E+00  1.46070773E+00  1.47357425E+00
   506  2.53000000E+01  1.47357524E+00  1.46111818E+00  1.47357524E+00
   507  2.53500000E+01  1.47357622E+00  1.46151503E+00  1.47357622E+00
   508  2.54000000E+01  1.47357718E+00  1.46189883E+00  1.47357718E+00
   509  2.54500000E+01  1.47357811E+00  1.46227010E+00  1.47357811E+00
   510  2.55000000E+01  1.47357902E+00  1.46262931E+00  1.47357902E+00
   511  2.55500000E+01  1.47357990E+00  1.46297693E+00  1.47357990E+00
   512  2.56000000E+01  1.47358075E+00  1.46331338E+00  1.47358075E+00
   513  2.56500000E+01  1.47358156E+00  1.46363907E+00  1.47358156E+00
   514  2.57000000E+01  1.47358235E+00  1.46395438E+00  1.47358235E+00
   515  2.57500000E+01  1.47358310E+00  1.46425967E+00  1.47358310E+00
   516  2.58000000E+01  1.47358382E+00  1.46455529E+00  1.47358382E+00
   517  2.58500000E+01  1.47358450E+00  1.46484156E+00  1.47358450E+00
   518  2.59000000E+01  1.47358515E+00  1.46511878E+00  1.47358515E+00
   519  2.59500000E+01  1.47358576E+00  1.46538725E+00  1.47358576E+00
   520  2.60000000E+01  1.47358633E+00  1.46564724E+00  1.47358633E+00
   521  2.60500000E+01  1.47358687E+00  1.46589902E+00  1.47358687E+00
   522  2.61000000E+01  1.47358737E+00  1.46614284E+00  1.47358737E+00
   523  2.61500000E+01  1.47358783E+00  1.46637894E+00  1.47358783E+00
   524  2.62000000E+01  1.47358825E+00  1.46660754E+00  1.47358825E+00
   525  2.62500000E+01  1.47358864E+00  1.46682887E+00  1.47358864E+00
   526  2.63000000E+01  1.47358898E+00  1.46704314E+00  1.47358898E+00
   527  2.63500000E+01  1.47358929E+00  1.46725054E+00  1.47358929E+00
   528  2.64000000E+01  1.47358957E+00  1.46745128E+00  1.47358957E+00
   529  2.64500000E+01  1.47358980E+00  1.46764555E+00  1.47358980E+00
   530  2.65000000E+01  1.47359000E+00  1.46783351E+00  1.47359000E+00
   531  2.65500000E+01  1.47359017E+00  1.46801535E+00  1.47359017E+00
   532  2.66000000E+01  1.47359030E+00  1.46819123E+00  1.47359030E+00
   533  2.66500000E+01  1.47359040E+00  1.46836131E+00  1.47359040E+00
   534  2.67000000E+01  1.47359047E+00  1.46852577E+00  1.47359047E+00
   535  2.67500000E+01  1.47359050E+00  1.46868473E+00  1.47359050E+00
   536  2.68000000E+01  1.47359064E+00  1.46883837E+00  1.47359064E+00
   537  2.68500000E+01  1.47359090E+00  1.46898681E+00  1.47359090E+00
   538  2.69000000E+01  1.47359113E+00  1.46913021E+00  1.47359113E+00
   539  2.69500000E+01  1.47359133E+00  1.46926870E+00  1.47359133E+00
   540  2.70000000E+01  1.47359148E+00  1.46940241E+00  1.47359148E+00
   541  2.70500000E+01  1.47359161E+00  1.46953147E+00  1.47359161E+00
   542  2.71000000E+01  1.47359170E+00  1.46965603E+00  1.47359170E+00
   543  2.71500000E+01  1.47359176E+00  1.46977619E+00  1.47359176E+00
   544  2.72000000E+01  1.47359178E+00  1.46989209E+00  1.47359178E+00
   545  2.72500000E+01  1.47359178E+00  1.47000386E+00  1.47359178E+00
   546  2.73000000E+01  1.47359175E+00  1.47011160E+00  1.47359175E+00
   547  2.73500000E+01  1.47359168E+00  1.47021545E+00  1.47359168E+00
   548  2.74000000E+01  1.47359159E+00  1.47031552E+00  1.47359159E+00
   549  2.74500000E+01  1.47359148E+00  1.47041193E+00  1.47359148E+00
   550  2.75000000E+01  1.47359133E+00  1.47050479E+00  1.47359133E+00
   551  2.75500000E+01  1.47359117E+00  1.47059422E+00  1.47359117E+00
   552  2.76000000E+01  1.47359098E+00  1.47068033E+00  1.47359098E+00
   553  2.76500000E+01  1.47359077E+00  1.47076324E+00  1.47359077E+00
   554  2.77000000E+01  1.47359054E+00  1.47084305E+00  1.47359054E+00
   555  2.77500000E+01  1.47359029E+00  1.47091988E+00  1.47359029E+00
   556  2.78000000E+01  1.47359002E+00  1.47099383E+00  1.47359002E+00
   557  2.78500000E+01  1.47358974E+00  1.47106501E+00  1.47358974E+00
   558  2.79000000E+01  1.47358943E+00  1.47113353E+00  1.47358943E+00
   559  2.79500000E+01  1.47358912E+00  1.47119948E+00  1.47358912E+00
   560  2.80000000E+01  1.47358879E+00  1.47126298E+00  1.47358879E+00
   561  2.80500000E+01  1.47358845E+00  1.47132411E+00  1.47358845E+00
   562  2.81000000E+01  1.47358810E+00  1.47138297E+00  1.47358810E+00
   563  2.81500000E+01  1.47358773E+00  1.47143967E+00  1.47358773E+00
   564  2.82000000E+01  1.47358736E+00  1.47149428E+00  1.47358736E+00
   565  2.82500000E+01  1.47358698E+00  1.47154691E+00  1.47358698E+00
   566  2.83000000E+01  1.47358660E+00  1.47159762E+00  1.47358660E+00
   567  2.83500000E+01  1.47358621E+00  1.47164652E+00  1.47358621E+00
   568  2.84000000E+01  1.47358581E+00  1.47169367E+00  1.47358581E+00
   569  2.84500000E+01  1.47358541E+00  1.47173915E+00  1.47358541E+00
   570  2.85000000E+01  1.47358501E+00  1.47178304E+00  1.47358501E+00
   571  2.85500000E+01  1.47358460E+00  1.47182540E+00  1.47358460E+00
   572  2.86000000E+01  1.47358419E+00  1.47186629E+00  1.47358419E+00
   573  2.86500000E+01  1.47358379E+00  1.47190579E+00  1.47358379E+00
   574  2.87000000E+01  1.47358338E+00  1.47194394E+00  1.47358338E+00
   575  2.87500000E+01  1.47358298E+00  1.47198081E+00  1.47358298E+00
   576  2.88000000E+01  1.47358257E+00  1.47201643E+00  1.47358257E+00
   577  2.88500000E+01  1.47358217E+00  1.47205087E+00  1.47358217E+00
   578  2.89000000E+01  1.47358178E+00  1.47208415E+00  1.47358178E+00
   579  2.89500000E+01  1.47358138E+00  1.47211633E+00  1.47358138E+00
   580  2.90000000E+01  1.47358100E+00  1.47214744E+00  1.47358100E+00
   581  2.90500000E+01  1.47358061E+00  1.47217751E+00  1.47358061E+00
   582  2.91000000E+01  1.47358024E+00  1.47220657E+00  1.47358024E+00
   583  2.91500000E+01  1.47357986E+00  1.47223466E+00  1.47357986E+00
   584  2.92000000E+01  1.47357950E+00  1.47226179E+00  1.47357950E+00
   585  2.92500000E+01  1.47357914E+00  1.47228799E+00  1.47357914E+00
   586  2.93000000E+01  1.47357879E+00  1.47231329E+00  1.47357879E+00
   587  2.93500000E+01  1.47357845E+00  1.47233769E+00  1.47357845E+00
   588  2.94000000E+01  1.47357812E+00  1.47236123E+00  1.47357812E+00
   589  2.94500000E+01  1.47357779E+00  1.47238390E+00  1.47357779E+00
   590  2.95000000E+01  1.47357747E+00  1.47240574E+00  1.47357747E+00
   591  2.95500000E+01  1.47357717E+00  1.47242675E+00  1.47357717E+00
   592  2.96000000E+01  1.47357687E+00  1.47244694E+00  1.47357687E+00
   593  2.96500000E+01  1.47357658E+00  1.47246634E+00  1.47357658E+00
   594  2.97000000E+01  1.47357630E+00  1.47248494E+00  1.47357630E+00
   595  2.97500000E+01  1.47357603E+00  1.47250275E+00  1.47357603E+00
   596  2.98000000E+01  1.47357577E+00  1.47251980E+00  1.47357577E+00
   597  2.98500000E+01  1.47357552E+00  1.47253609E+00  1.47357552E+00
   598  2.99000000E+01  1.47357528E+00  1.47255164E+00  1.47357528E+00
   599  2.99500000E+01  1.47357505E+00  1.47256644E+00  1.47357505E+00
   600  3.00000000E+01  1.47357482E+00  1.47258052E+00  1.47357482E+00
   601  3.00500000E+01  1.47357461E+00  1.47259389E+00  1.47357461E+00
   602  3.01000000E+01  1.47357441E+00  1.47260655E+00  1.47357441E+00
   603  3.01500000E+01  1.47357422E+00  1.47261853E+00  1.47357422E+00
   604  3.02000000E+01  1.47357404E+00  1.47262983E+00  1.47357404E+00
   605  3.02500000E+01  1.47357387E+00  1.47264047E+00  1.47357387E+00
   606  3.03000000E+01  1.47357370E+00  1.47265046E+00  1.47357370E+00
   607  3.03500000E+01  1.47357355E+00  1.47265982E+00  1.47357355E+00
   608  3.04000000E+01  1.47357340E+00  1.47266857E+00  1.47357340E+00
   609  3.04500000E+01  1.47357327E+00  1.47267672E+00  1.47357327E+00
   610  3.05000000E+01  1.47357314E+00  1.47268428E+00  1.47357314E+00
   611  3.05500000E+01  1.47357303E+00  1.47269128E+00  1.47357303E+00
   612  3.06000000E+01  1.47357292E+00  1.47269773E+00  1.47357292E+00
   613  3.06500000E+01  1.47357282E+00  1.47270365E+00  1.47357282E+00
   614  3.07000000E+01  1.47357272E+00  1.47270907E+00  1.47357272E+00
   615  3.07500000E+01  1.47357264E+00  1.47271399E+00  1.47357264E+00
 steady-height stop at step    615: changes <=   1.0000E-05, max-end <=   5.0000E-03, max/end/gap/profile_change =   1.47357264E+00  1.47271399E+00  8.58649857E-04  4.92398560E-06
