 comppar: model =   2
 comppar: lambda,mobility/eps,betav,eta_0 =  1.0000E+00  0.0000E+00  7.0000E-02  1.0000E+00
 comppar: eta_s,eta_p,G =  7.0000E-02  9.3000E-01  9.3000E-01
 comppar: U_avg,deltat,flowrate,nsteps =  1.0000E-01  2.0000E-01  3.1416E-01    2000
 comppar: geometry = axisymmetric
 comppar: steady stop change,gap,hold,min =  1.0000E-07  1.0000E-03       1      80
 comppar: steady stop truncated decimals =       3
 comppar: ncompc,ncompg =     4     5
 mesh nnodes = 5797
 mesh nelem = 2796
 P1 BC   5.0000000000000000     
 P2 BC   0.0000000000000000     
     1  2.00000000E-01  1.00252521E+00  1.00000000E+00  1.00252521E+00
     2  4.00000000E-01  1.00496498E+00  1.00000000E+00  1.00496498E+00
     3  6.00000000E-01  1.00729920E+00  1.00000000E+00  1.00729920E+00
     4  8.00000000E-01  1.00957805E+00  1.00000000E+00  1.00957805E+00
     5  1.00000000E+00  1.01182143E+00  1.00000000E+00  1.01182143E+00
     6  1.20000000E+00  1.01403872E+00  1.00000000E+00  1.01403872E+00
     7  1.40000000E+00  1.01623076E+00  1.00000000E+00  1.01623076E+00
     8  1.60000000E+00  1.01841742E+00  1.00000000E+00  1.01841742E+00
     9  1.80000000E+00  1.02058840E+00  1.00000000E+00  1.02058840E+00
    10  2.00000000E+00  1.02274782E+00  1.00000001E+00  1.02274782E+00
    11  2.20000000E+00  1.02488931E+00  1.00000001E+00  1.02488931E+00
    12  2.40000000E+00  1.02702316E+00  1.00000001E+00  1.02702316E+00
    13  2.60000000E+00  1.02912723E+00  1.00000001E+00  1.02912723E+00
    14  2.80000000E+00  1.03123197E+00  1.00000001E+00  1.03123197E+00
    15  3.00000000E+00  1.03329405E+00  1.00000001E+00  1.03329405E+00
    16  3.20000000E+00  1.03535681E+00  1.00000001E+00  1.03535681E+00
    17  3.40000000E+00  1.03739254E+00  1.00000001E+00  1.03739254E+00
    18  3.60000000E+00  1.03939140E+00  1.00000001E+00  1.03939140E+00
    19  3.80000000E+00  1.04139916E+00  1.00000001E+00  1.04139916E+00
    20  4.00000000E+00  1.04335673E+00  1.00000001E+00  1.04335673E+00
    21  4.20000000E+00  1.04529300E+00  1.00000001E+00  1.04529300E+00
    22  4.40000000E+00  1.04722944E+00  1.00000000E+00  1.04722944E+00
    23  4.60000000E+00  1.04911123E+00  1.00000000E+00  1.04911123E+00
    24  4.80000000E+00  1.05097676E+00  9.99999999E-01  1.05097676E+00
    25  5.00000000E+00  1.05283625E+00  9.99999995E-01  1.05283625E+00
    26  5.20000000E+00  1.05463729E+00  9.99999991E-01  1.05463729E+00
    27  5.40000000E+00  1.05639679E+00  9.99999987E-01  1.05639679E+00
    28  5.60000000E+00  1.05818742E+00  9.99999982E-01  1.05818742E+00
    29  5.80000000E+00  1.05991714E+00  9.99999976E-01  1.05991714E+00
    30  6.00000000E+00  1.06159087E+00  9.99999969E-01  1.06159087E+00
    31  6.20000000E+00  1.06331101E+00  9.99999961E-01  1.06331101E+00
    32  6.40000000E+00  1.06496798E+00  9.99999953E-01  1.06496798E+00
    33  6.60000000E+00  1.06655889E+00  9.99999943E-01  1.06655889E+00
    34  6.80000000E+00  1.06819268E+00  9.99999932E-01  1.06819268E+00
    35  7.00000000E+00  1.06979218E+00  9.99999920E-01  1.06979218E+00
    36  7.20000000E+00  1.07132458E+00  9.99999906E-01  1.07132458E+00
    37  7.40000000E+00  1.07283623E+00  9.99999891E-01  1.07283623E+00
    38  7.60000000E+00  1.07437804E+00  9.99999875E-01  1.07437804E+00
    39  7.80000000E+00  1.07585171E+00  9.99999856E-01  1.07585171E+00
    40  8.00000000E+00  1.07725495E+00  9.99999837E-01  1.07725495E+00
    41  8.20000000E+00  1.07867925E+00  9.99999815E-01  1.07867925E+00
    42  8.40000000E+00  1.08011394E+00  9.99999791E-01  1.08011394E+00
    43  8.60000000E+00  1.08147820E+00  9.99999765E-01  1.08147820E+00
    44  8.80000000E+00  1.08277024E+00  9.99999737E-01  1.08277024E+00
    45  9.00000000E+00  1.08412599E+00  9.99999706E-01  1.08412599E+00
    46  9.20000000E+00  1.08545126E+00  9.99999673E-01  1.08545126E+00
    47  9.40000000E+00  1.08670431E+00  9.99999637E-01  1.08670431E+00
    48  9.60000000E+00  1.08788387E+00  9.99999598E-01  1.08788387E+00
    49  9.80000000E+00  1.08914304E+00  9.99999556E-01  1.08914304E+00
    50  1.00000000E+01  1.09038098E+00  9.99999511E-01  1.09038098E+00
    51  1.02000000E+01  1.09154615E+00  9.99999463E-01  1.09154615E+00
    52  1.04000000E+01  1.09263786E+00  9.99999410E-01  1.09263786E+00
    53  1.06000000E+01  1.09379202E+00  9.99999354E-01  1.09379202E+00
    54  1.08000000E+01  1.09494217E+00  9.99999294E-01  1.09494217E+00
    55  1.10000000E+01  1.09601935E+00  9.99999229E-01  1.09601935E+00
    56  1.12000000E+01  1.09702349E+00  9.99999160E-01  1.09702349E+00
    57  1.14000000E+01  1.09801813E+00  9.99999086E-01  1.09801813E+00
    58  1.16000000E+01  1.09910289E+00  9.99999007E-01  1.09910289E+00
    59  1.18000000E+01  1.10011529E+00  9.99998923E-01  1.10011529E+00
    60  1.20000000E+01  1.10105582E+00  9.99998833E-01  1.10105582E+00
    61  1.22000000E+01  1.10192564E+00  9.99998737E-01  1.10192564E+00
    62  1.24000000E+01  1.10291885E+00  9.99998634E-01  1.10291885E+00
    63  1.26000000E+01  1.10386616E+00  9.99998525E-01  1.10386616E+00
    64  1.28000000E+01  1.10474279E+00  9.99998410E-01  1.10474279E+00
    65  1.30000000E+01  1.10555046E+00  9.99998286E-01  1.10555046E+00
    66  1.32000000E+01  1.10638553E+00  9.99998156E-01  1.10638553E+00
    67  1.34000000E+01  1.10727258E+00  9.99998017E-01  1.10727258E+00
    68  1.36000000E+01  1.10809083E+00  9.99997870E-01  1.10809083E+00
    69  1.38000000E+01  1.10884262E+00  9.99997713E-01  1.10884262E+00
    70  1.40000000E+01  1.10954442E+00  9.99997548E-01  1.10954442E+00
    71  1.42000000E+01  1.11037092E+00  9.99997373E-01  1.11037092E+00
    72  1.44000000E+01  1.11113056E+00  9.99997188E-01  1.11113056E+00
    73  1.46000000E+01  1.11182630E+00  9.99996992E-01  1.11182630E+00
    74  1.48000000E+01  1.11246196E+00  9.99996784E-01  1.11246196E+00
    75  1.50000000E+01  1.11316881E+00  9.99996566E-01  1.11316881E+00
    76  1.52000000E+01  1.11387484E+00  9.99996334E-01  1.11387484E+00
    77  1.54000000E+01  1.11452049E+00  9.99996091E-01  1.11452049E+00
    78  1.56000000E+01  1.11511022E+00  9.99995833E-01  1.11511022E+00
    79  1.58000000E+01  1.11569540E+00  9.99995562E-01  1.11569540E+00
    80  1.60000000E+01  1.11634767E+00  9.99995277E-01  1.11634767E+00
    81  1.62000000E+01  1.11694314E+00  9.99994976E-01  1.11694314E+00
    82  1.64000000E+01  1.11748692E+00  9.99994659E-01  1.11748692E+00
    83  1.66000000E+01  1.11798466E+00  9.99994326E-01  1.11798466E+00
    84  1.68000000E+01  1.11857593E+00  9.99993975E-01  1.11857593E+00
    85  1.70000000E+01  1.11912868E+00  9.99993607E-01  1.11912868E+00
    86  1.72000000E+01  1.11963440E+00  9.99993220E-01  1.11963440E+00
    87  1.74000000E+01  1.12009873E+00  9.99992814E-01  1.12009873E+00
    88  1.76000000E+01  1.12057185E+00  9.99992387E-01  1.12057185E+00
    89  1.78000000E+01  1.12108195E+00  9.99991939E-01  1.12108195E+00
    90  1.80000000E+01  1.12154988E+00  9.99991470E-01  1.12154988E+00
    91  1.82000000E+01  1.12198135E+00  9.99990978E-01  1.12198135E+00
    92  1.84000000E+01  1.12238165E+00  9.99990462E-01  1.12238165E+00
    93  1.86000000E+01  1.12284574E+00  9.99989922E-01  1.12284574E+00
    94  1.88000000E+01  1.12328299E+00  9.99989357E-01  1.12328299E+00
    95  1.90000000E+01  1.12368748E+00  9.99988765E-01  1.12368748E+00
    96  1.92000000E+01  1.12406365E+00  9.99988146E-01  1.12406365E+00
    97  1.94000000E+01  1.12441494E+00  9.99987499E-01  1.12441494E+00
    98  1.96000000E+01  1.12481467E+00  9.99986823E-01  1.12481467E+00
    99  1.98000000E+01  1.12519368E+00  9.99986117E-01  1.12519368E+00
   100  2.00000000E+01  1.12554786E+00  9.99985379E-01  1.12554786E+00
   101  2.02000000E+01  1.12587969E+00  9.99984609E-01  1.12587969E+00
   102  2.04000000E+01  1.12620311E+00  9.99983806E-01  1.12620311E+00
   103  2.06000000E+01  1.12655916E+00  9.99982968E-01  1.12655916E+00
   104  2.08000000E+01  1.12689162E+00  9.99982095E-01  1.12689162E+00
   105  2.10000000E+01  1.12720205E+00  9.99981185E-01  1.12720205E+00
   106  2.12000000E+01  1.12749090E+00  9.99980237E-01  1.12749090E+00
   107  2.14000000E+01  1.12775920E+00  9.99979251E-01  1.12775920E+00
   108  2.16000000E+01  1.12807318E+00  9.99978224E-01  1.12807318E+00
   109  2.18000000E+01  1.12836598E+00  9.99977156E-01  1.12836598E+00
   110  2.20000000E+01  1.12863714E+00  9.99976046E-01  1.12863714E+00
   111  2.22000000E+01  1.12888545E+00  9.99974892E-01  1.12888545E+00
   112  2.24000000E+01  1.12913706E+00  9.99973694E-01  1.12913706E+00
   113  2.26000000E+01  1.12940800E+00  9.99972449E-01  1.12940800E+00
   114  2.28000000E+01  1.12965653E+00  9.99971158E-01  1.12965653E+00
   115  2.30000000E+01  1.12988150E+00  9.99969819E-01  1.12988150E+00
   116  2.32000000E+01  1.13008173E+00  9.99968430E-01  1.13008173E+00
   117  2.34000000E+01  1.13032175E+00  9.99966991E-01  1.13032175E+00
   118  2.36000000E+01  1.13055152E+00  9.99965500E-01  1.13055152E+00
   119  2.38000000E+01  1.13075659E+00  9.99963957E-01  1.13075659E+00
   120  2.40000000E+01  1.13093587E+00  9.99962361E-01  1.13093587E+00
   121  2.42000000E+01  1.13112925E+00  9.99960710E-01  1.13112925E+00
   122  2.44000000E+01  1.13133606E+00  9.99959004E-01  1.13133606E+00
   123  2.46000000E+01  1.13151811E+00  9.99957241E-01  1.13151811E+00
   124  2.48000000E+01  1.13167487E+00  9.99955421E-01  1.13167487E+00
   125  2.50000000E+01  1.13183555E+00  9.99953543E-01  1.13183555E+00
   126  2.52000000E+01  1.13202237E+00  9.99951606E-01  1.13202237E+00
   127  2.54000000E+01  1.13218364E+00  9.99949610E-01  1.13218364E+00
   128  2.56000000E+01  1.13231929E+00  9.99947554E-01  1.13231929E+00
   129  2.58000000E+01  1.13244990E+00  9.99945438E-01  1.13244990E+00
   130  2.60000000E+01  1.13261452E+00  9.99943261E-01  1.13261452E+00
   131  2.62000000E+01  1.13275439E+00  9.99941023E-01  1.13275439E+00
   132  2.64000000E+01  1.13286999E+00  9.99938724E-01  1.13286999E+00
   133  2.66000000E+01  1.13298411E+00  9.99936365E-01  1.13298411E+00
   134  2.68000000E+01  1.13312828E+00  9.99933944E-01  1.13312828E+00
   135  2.70000000E+01  1.13324770E+00  9.99931463E-01  1.13324770E+00
   136  2.72000000E+01  1.13334348E+00  9.99928923E-01  1.13334348E+00
   137  2.74000000E+01  1.13344043E+00  9.99926323E-01  1.13344043E+00
   138  2.76000000E+01  1.13356437E+00  9.99923665E-01  1.13356437E+00
   139  2.78000000E+01  1.13366513E+00  9.99920951E-01  1.13366513E+00
   140  2.80000000E+01  1.13374424E+00  9.99918180E-01  1.13374424E+00
   141  2.82000000E+01  1.13383342E+00  9.99915356E-01  1.13383342E+00
   142  2.84000000E+01  1.13393771E+00  9.99912481E-01  1.13393771E+00
   143  2.86000000E+01  1.13401975E+00  9.99909555E-01  1.13401975E+00
   144  2.88000000E+01  1.13408169E+00  9.99906583E-01  1.13408169E+00
   145  2.90000000E+01  1.13416394E+00  9.99903566E-01  1.13416394E+00
   146  2.92000000E+01  1.13425094E+00  9.99900509E-01  1.13425094E+00
   147  2.94000000E+01  1.13431777E+00  9.99897415E-01  1.13431777E+00
   148  2.96000000E+01  1.13436680E+00  9.99894288E-01  1.13436680E+00
   149  2.98000000E+01  1.13444357E+00  9.99891132E-01  1.13444357E+00
   150  3.00000000E+01  1.13451303E+00  9.99887954E-01  1.13451303E+00
   151  3.02000000E+01  1.13456406E+00  9.99884758E-01  1.13456406E+00
   152  3.04000000E+01  1.13460127E+00  9.99881551E-01  1.13460127E+00
   153  3.06000000E+01  1.13467559E+00  9.99878340E-01  1.13467559E+00
   154  3.08000000E+01  1.13473125E+00  9.99875131E-01  1.13473125E+00
   155  3.10000000E+01  1.13477077E+00  9.99871934E-01  1.13477077E+00
   156  3.12000000E+01  1.13480752E+00  9.99868758E-01  1.13480752E+00
   157  3.14000000E+01  1.13486552E+00  9.99865611E-01  1.13486552E+00
   158  3.16000000E+01  1.13490678E+00  9.99862504E-01  1.13490678E+00
   159  3.18000000E+01  1.13493417E+00  9.99859448E-01  1.13493417E+00
   160  3.20000000E+01  1.13497695E+00  9.99856457E-01  1.13497695E+00
   161  3.22000000E+01  1.13502252E+00  9.99853541E-01  1.13502252E+00
   162  3.24000000E+01  1.13505359E+00  9.99850717E-01  1.13505359E+00
   163  3.26000000E+01  1.13507299E+00  9.99847998E-01  1.13507299E+00
   164  3.28000000E+01  1.13511146E+00  9.99845401E-01  1.13511146E+00
   165  3.30000000E+01  1.13514402E+00  9.99842943E-01  1.13514402E+00
   166  3.32000000E+01  1.13516439E+00  9.99840644E-01  1.13516439E+00
   167  3.34000000E+01  1.13518533E+00  9.99838523E-01  1.13518533E+00
   168  3.36000000E+01  1.13522185E+00  9.99836601E-01  1.13522185E+00
   169  3.38000000E+01  1.13524547E+00  9.99834901E-01  1.13524547E+00
   170  3.40000000E+01  1.13525899E+00  9.99833449E-01  1.13525899E+00
   171  3.42000000E+01  1.13527776E+00  9.99832270E-01  1.13527776E+00
   172  3.44000000E+01  1.13530263E+00  9.99831391E-01  1.13530263E+00
   173  3.46000000E+01  1.13531693E+00  9.99830844E-01  1.13531693E+00
   174  3.48000000E+01  1.13532494E+00  9.99830659E-01  1.13532494E+00
   175  3.50000000E+01  1.13535338E+00  9.99830871E-01  1.13535338E+00
   176  3.52000000E+01  1.13537049E+00  9.99831514E-01  1.13537049E+00
   177  3.54000000E+01  1.13537899E+00  9.99832627E-01  1.13537899E+00
   178  3.56000000E+01  1.13538571E+00  9.99834251E-01  1.13538571E+00
   179  3.58000000E+01  1.13540385E+00  9.99836427E-01  1.13540385E+00
   180  3.60000000E+01  1.13541296E+00  9.99839202E-01  1.13541296E+00
   181  3.62000000E+01  1.13541577E+00  9.99842623E-01  1.13541577E+00
   182  3.64000000E+01  1.13543564E+00  9.99846739E-01  1.13543564E+00
   183  3.66000000E+01  1.13544711E+00  9.99851606E-01  1.13544711E+00
   184  3.68000000E+01  1.13545140E+00  9.99857280E-01  1.13545140E+00
   185  3.70000000E+01  1.13545162E+00  9.99863820E-01  1.13545162E+00
   186  3.72000000E+01  1.13546391E+00  9.99871289E-01  1.13546391E+00
   187  3.74000000E+01  1.13546865E+00  9.99879755E-01  1.13546865E+00
   188  3.76000000E+01  1.13546839E+00  9.99889287E-01  1.13546839E+00
   189  3.78000000E+01  1.13548277E+00  9.99899960E-01  1.13548277E+00
   190  3.80000000E+01  1.13548942E+00  9.99911853E-01  1.13548942E+00
   191  3.82000000E+01  1.13549022E+00  9.99925048E-01  1.13549022E+00
   192  3.84000000E+01  1.13548768E+00  9.99939632E-01  1.13548768E+00
   193  3.86000000E+01  1.13549497E+00  9.99955697E-01  1.13549497E+00
   194  3.88000000E+01  1.13549607E+00  9.99973339E-01  1.13549607E+00
   195  3.90000000E+01  1.13549575E+00  9.99992659E-01  1.13549575E+00
   196  3.92000000E+01  1.13550535E+00  1.00001377E+00  1.13550535E+00
   197  3.94000000E+01  1.13550794E+00  1.00003677E+00  1.13550794E+00
   198  3.96000000E+01  1.13550593E+00  1.00006179E+00  1.13550593E+00
   199  3.98000000E+01  1.13550311E+00  1.00008895E+00  1.13550311E+00
   200  4.00000000E+01  1.13550616E+00  1.00011837E+00  1.13550616E+00
   201  4.02000000E+01  1.13550678E+00  1.00015020E+00  1.13550678E+00
   202  4.04000000E+01  1.13551256E+00  1.00018458E+00  1.13551256E+00
   203  4.06000000E+01  1.13551739E+00  1.00022166E+00  1.13551739E+00
   204  4.08000000E+01  1.13552129E+00  1.00026159E+00  1.13552129E+00
   205  4.10000000E+01  1.13552434E+00  1.00030454E+00  1.13552434E+00
   206  4.12000000E+01  1.13552909E+00  1.00035067E+00  1.13552909E+00
   207  4.14000000E+01  1.13553345E+00  1.00040018E+00  1.13553345E+00
   208  4.16000000E+01  1.13553694E+00  1.00045324E+00  1.13553694E+00
   209  4.18000000E+01  1.13553966E+00  1.00051005E+00  1.13553966E+00
   210  4.20000000E+01  1.13554175E+00  1.00057082E+00  1.13554175E+00
   211  4.22000000E+01  1.13554492E+00  1.00063576E+00  1.13554492E+00
   212  4.24000000E+01  1.13554766E+00  1.00070509E+00  1.13554766E+00
   213  4.26000000E+01  1.13554973E+00  1.00077905E+00  1.13554973E+00
   214  4.28000000E+01  1.13555130E+00  1.00085788E+00  1.13555130E+00
   215  4.30000000E+01  1.13555252E+00  1.00094183E+00  1.13555252E+00
   216  4.32000000E+01  1.13555352E+00  1.00103117E+00  1.13555352E+00
   217  4.34000000E+01  1.13555518E+00  1.00112617E+00  1.13555518E+00
   218  4.36000000E+01  1.13555655E+00  1.00122712E+00  1.13555655E+00
   219  4.38000000E+01  1.13555762E+00  1.00133432E+00  1.13555762E+00
   220  4.40000000E+01  1.13555851E+00  1.00144808E+00  1.13555851E+00
   221  4.42000000E+01  1.13555930E+00  1.00156872E+00  1.13555930E+00
   222  4.44000000E+01  1.13556005E+00  1.00169658E+00  1.13556005E+00
   223  4.46000000E+01  1.13556081E+00  1.00183201E+00  1.13556081E+00
   224  4.48000000E+01  1.13556157E+00  1.00197537E+00  1.13556157E+00
   225  4.50000000E+01  1.13556234E+00  1.00212704E+00  1.13556234E+00
   226  4.52000000E+01  1.13556309E+00  1.00228740E+00  1.13556309E+00
   227  4.54000000E+01  1.13556381E+00  1.00245687E+00  1.13556381E+00
   228  4.56000000E+01  1.13556447E+00  1.00263585E+00  1.13556447E+00
   229  4.58000000E+01  1.13556506E+00  1.00282478E+00  1.13556506E+00
   230  4.60000000E+01  1.13556557E+00  1.00302411E+00  1.13556557E+00
   231  4.62000000E+01  1.13556599E+00  1.00323430E+00  1.13556599E+00
   232  4.64000000E+01  1.13556633E+00  1.00345583E+00  1.13556633E+00
   233  4.66000000E+01  1.13556658E+00  1.00368920E+00  1.13556658E+00
   234  4.68000000E+01  1.13556675E+00  1.00393491E+00  1.13556675E+00
   235  4.70000000E+01  1.13556687E+00  1.00419348E+00  1.13556687E+00
   236  4.72000000E+01  1.13556703E+00  1.00446547E+00  1.13556703E+00
   237  4.74000000E+01  1.13556722E+00  1.00475142E+00  1.13556722E+00
   238  4.76000000E+01  1.13556733E+00  1.00505191E+00  1.13556733E+00
   239  4.78000000E+01  1.13556740E+00  1.00536753E+00  1.13556740E+00
   240  4.80000000E+01  1.13556742E+00  1.00569889E+00  1.13556742E+00
   241  4.82000000E+01  1.13556741E+00  1.00604659E+00  1.13556741E+00
   242  4.84000000E+01  1.13556737E+00  1.00641128E+00  1.13556737E+00
   243  4.86000000E+01  1.13556731E+00  1.00679361E+00  1.13556731E+00
   244  4.88000000E+01  1.13556723E+00  1.00719423E+00  1.13556723E+00
   245  4.90000000E+01  1.13556714E+00  1.00761383E+00  1.13556714E+00
   246  4.92000000E+01  1.13556704E+00  1.00805311E+00  1.13556704E+00
   247  4.94000000E+01  1.13556693E+00  1.00851276E+00  1.13556693E+00
   248  4.96000000E+01  1.13556680E+00  1.00899350E+00  1.13556680E+00
   249  4.98000000E+01  1.13556667E+00  1.00949607E+00  1.13556667E+00
   250  5.00000000E+01  1.13556652E+00  1.01002120E+00  1.13556652E+00
   251  5.02000000E+01  1.13556637E+00  1.01056964E+00  1.13556637E+00
   252  5.04000000E+01  1.13556621E+00  1.01114216E+00  1.13556621E+00
   253  5.06000000E+01  1.13556605E+00  1.01173951E+00  1.13556605E+00
   254  5.08000000E+01  1.13556589E+00  1.01236247E+00  1.13556589E+00
   255  5.10000000E+01  1.13556572E+00  1.01301180E+00  1.13556572E+00
   256  5.12000000E+01  1.13556555E+00  1.01368830E+00  1.13556555E+00
   257  5.14000000E+01  1.13556537E+00  1.01439272E+00  1.13556537E+00
   258  5.16000000E+01  1.13556520E+00  1.01512584E+00  1.13556520E+00
   259  5.18000000E+01  1.13556504E+00  1.01588843E+00  1.13556504E+00
   260  5.20000000E+01  1.13556487E+00  1.01668124E+00  1.13556487E+00
   261  5.22000000E+01  1.13556471E+00  1.01750501E+00  1.13556471E+00
   262  5.24000000E+01  1.13556455E+00  1.01836047E+00  1.13556455E+00
   263  5.26000000E+01  1.13556439E+00  1.01924834E+00  1.13556439E+00
   264  5.28000000E+01  1.13556424E+00  1.02016931E+00  1.13556424E+00
   265  5.30000000E+01  1.13556409E+00  1.02112403E+00  1.13556409E+00
   266  5.32000000E+01  1.13556395E+00  1.02211316E+00  1.13556395E+00
   267  5.34000000E+01  1.13556381E+00  1.02313730E+00  1.13556381E+00
   268  5.36000000E+01  1.13556367E+00  1.02419702E+00  1.13556367E+00
   269  5.38000000E+01  1.13556354E+00  1.02529285E+00  1.13556354E+00
   270  5.40000000E+01  1.13556342E+00  1.02642528E+00  1.13556342E+00
   271  5.42000000E+01  1.13556330E+00  1.02759475E+00  1.13556330E+00
   272  5.44000000E+01  1.13556318E+00  1.02880165E+00  1.13556318E+00
   273  5.46000000E+01  1.13556307E+00  1.03004631E+00  1.13556307E+00
   274  5.48000000E+01  1.13556296E+00  1.03132899E+00  1.13556296E+00
   275  5.50000000E+01  1.13556286E+00  1.03264991E+00  1.13556286E+00
   276  5.52000000E+01  1.13556276E+00  1.03400918E+00  1.13556276E+00
   277  5.54000000E+01  1.13556267E+00  1.03540686E+00  1.13556267E+00
   278  5.56000000E+01  1.13556258E+00  1.03684292E+00  1.13556258E+00
   279  5.58000000E+01  1.13556249E+00  1.03831724E+00  1.13556249E+00
   280  5.60000000E+01  1.13556241E+00  1.03982959E+00  1.13556241E+00
   281  5.62000000E+01  1.13556234E+00  1.04137967E+00  1.13556234E+00
   282  5.64000000E+01  1.13556227E+00  1.04296706E+00  1.13556227E+00
   283  5.66000000E+01  1.13556220E+00  1.04459121E+00  1.13556220E+00
   284  5.68000000E+01  1.13556213E+00  1.04625150E+00  1.13556213E+00
   285  5.70000000E+01  1.13556207E+00  1.04794715E+00  1.13556207E+00
   286  5.72000000E+01  1.13556201E+00  1.04967729E+00  1.13556201E+00
   287  5.74000000E+01  1.13556196E+00  1.05144089E+00  1.13556196E+00
   288  5.76000000E+01  1.13556190E+00  1.05323682E+00  1.13556190E+00
   289  5.78000000E+01  1.13556185E+00  1.05506381E+00  1.13556185E+00
   290  5.80000000E+01  1.13556181E+00  1.05692045E+00  1.13556181E+00
   291  5.82000000E+01  1.13556176E+00  1.05880520E+00  1.13556176E+00
   292  5.84000000E+01  1.13556172E+00  1.06071640E+00  1.13556172E+00
   293  5.86000000E+01  1.13556168E+00  1.06265225E+00  1.13556168E+00
   294  5.88000000E+01  1.13556165E+00  1.06461080E+00  1.13556165E+00
   295  5.90000000E+01  1.13556161E+00  1.06658999E+00  1.13556161E+00
   296  5.92000000E+01  1.13556158E+00  1.06858762E+00  1.13556158E+00
   297  5.94000000E+01  1.13556155E+00  1.07060139E+00  1.13556155E+00
   298  5.96000000E+01  1.13556152E+00  1.07262884E+00  1.13556152E+00
   299  5.98000000E+01  1.13556150E+00  1.07466741E+00  1.13556150E+00
   300  6.00000000E+01  1.13556147E+00  1.07671445E+00  1.13556147E+00
   301  6.02000000E+01  1.13556145E+00  1.07876716E+00  1.13556145E+00
   302  6.04000000E+01  1.13556143E+00  1.08082267E+00  1.13556143E+00
   303  6.06000000E+01  1.13556141E+00  1.08287800E+00  1.13556141E+00
   304  6.08000000E+01  1.13556139E+00  1.08493011E+00  1.13556139E+00
   305  6.10000000E+01  1.13556137E+00  1.08697585E+00  1.13556137E+00
   306  6.12000000E+01  1.13556136E+00  1.08901203E+00  1.13556136E+00
   307  6.14000000E+01  1.13556134E+00  1.09103537E+00  1.13556134E+00
   308  6.16000000E+01  1.13556133E+00  1.09304259E+00  1.13556133E+00
   309  6.18000000E+01  1.13556131E+00  1.09503033E+00  1.13556131E+00
   310  6.20000000E+01  1.13556130E+00  1.09699523E+00  1.13556130E+00
   311  6.22000000E+01  1.13556129E+00  1.09893392E+00  1.13556129E+00
   312  6.24000000E+01  1.13556128E+00  1.10084303E+00  1.13556128E+00
   313  6.26000000E+01  1.13556127E+00  1.10271923E+00  1.13556127E+00
   314  6.28000000E+01  1.13556126E+00  1.10455920E+00  1.13556126E+00
   315  6.30000000E+01  1.13556125E+00  1.10635970E+00  1.13556125E+00
   316  6.32000000E+01  1.13556124E+00  1.10811754E+00  1.13556124E+00
   317  6.34000000E+01  1.13556124E+00  1.10982965E+00  1.13556124E+00
   318  6.36000000E+01  1.13556123E+00  1.11149305E+00  1.13556123E+00
   319  6.38000000E+01  1.13556122E+00  1.11310490E+00  1.13556122E+00
   320  6.40000000E+01  1.13556122E+00  1.11466254E+00  1.13556122E+00
   321  6.42000000E+01  1.13556121E+00  1.11616344E+00  1.13556121E+00
   322  6.44000000E+01  1.13556121E+00  1.11760531E+00  1.13556121E+00
   323  6.46000000E+01  1.13556120E+00  1.11898609E+00  1.13556120E+00
   324  6.48000000E+01  1.13556120E+00  1.12030395E+00  1.13556120E+00
   325  6.50000000E+01  1.13556120E+00  1.12155737E+00  1.13556120E+00
   326  6.52000000E+01  1.13556119E+00  1.12274514E+00  1.13556119E+00
   327  6.54000000E+01  1.13556119E+00  1.12386638E+00  1.13556119E+00
   328  6.56000000E+01  1.13556119E+00  1.12492060E+00  1.13556119E+00
   329  6.58000000E+01  1.13556118E+00  1.12590771E+00  1.13556118E+00
   330  6.60000000E+01  1.13556118E+00  1.12682805E+00  1.13556118E+00
   331  6.62000000E+01  1.13556118E+00  1.12768240E+00  1.13556118E+00
   332  6.64000000E+01  1.13556118E+00  1.12847200E+00  1.13556118E+00
   333  6.66000000E+01  1.13556117E+00  1.12919858E+00  1.13556117E+00
   334  6.68000000E+01  1.13556117E+00  1.12986429E+00  1.13556117E+00
   335  6.70000000E+01  1.13556117E+00  1.13047174E+00  1.13556117E+00
   336  6.72000000E+01  1.13556117E+00  1.13102391E+00  1.13556117E+00
   337  6.74000000E+01  1.13556117E+00  1.13152412E+00  1.13556117E+00
   338  6.76000000E+01  1.13556117E+00  1.13197598E+00  1.13556117E+00
   339  6.78000000E+01  1.13556117E+00  1.13238325E+00  1.13556117E+00
   340  6.80000000E+01  1.13556116E+00  1.13274979E+00  1.13556116E+00
   341  6.82000000E+01  1.13556116E+00  1.13307946E+00  1.13556116E+00
   342  6.84000000E+01  1.13556116E+00  1.13337600E+00  1.13556116E+00
   343  6.86000000E+01  1.13556116E+00  1.13364293E+00  1.13556116E+00
   344  6.88000000E+01  1.13556116E+00  1.13388349E+00  1.13556116E+00
   345  6.90000000E+01  1.13556116E+00  1.13410055E+00  1.13556116E+00
   346  6.92000000E+01  1.13556116E+00  1.13429658E+00  1.13556116E+00
   347  6.94000000E+01  1.13556116E+00  1.13447362E+00  1.13556116E+00
   348  6.96000000E+01  1.13556116E+00  1.13463326E+00  1.13556116E+00
   349  6.98000000E+01  1.13556116E+00  1.13477671E+00  1.13556116E+00
   350  7.00000000E+01  1.13556116E+00  1.13490482E+00  1.13556116E+00
   351  7.02000000E+01  1.13556116E+00  1.13501820E+00  1.13556116E+00
 steady-height stop at step    351: truncated to 3 decimals, truncated max/end/ratio =       1135      1135      1135, max/end/ratio =   1.13556116E+00  1.13501820E+00  1.13556116E+00
