 comppar: model =   3
 comppar: lambda,mobility/eps,betav,eta_0 =  1.1000E+01  5.0000E-02  7.0000E-01  1.0000E+00
 comppar: eta_s,eta_p,G =  7.0000E-01  3.0000E-01  2.7273E-02
 comppar: U_avg,deltat,flowrate,nsteps =  1.0000E-01  4.0000E-01  3.1416E-01    1000
 comppar: geometry = axisymmetric
 comppar: steady stop change,gap,hold,min =  1.0000E-05  2.0000E-04      10      80
 comppar: steady stop rounded decimals =       4
 comppar: ncompc,ncompg =     4     5
 mesh nnodes = 22999
 mesh nelem = 11296
 P1 BC   5.0000000000000000     
 P2 BC   0.0000000000000000     
     1  4.00000000E-01  1.00503928E+00  1.00000000E+00  1.00503928E+00
     2  8.00000000E-01  1.00992090E+00  1.00000000E+00  1.00992090E+00
     3  1.20000000E+00  1.01464845E+00  1.00000000E+00  1.01464845E+00
     4  1.60000000E+00  1.01923716E+00  1.00000000E+00  1.01923716E+00
     5  2.00000000E+00  1.02369311E+00  1.00000000E+00  1.02369311E+00
     6  2.40000000E+00  1.02802590E+00  1.00000000E+00  1.02802590E+00
     7  2.80000000E+00  1.03224481E+00  1.00000000E+00  1.03224481E+00
     8  3.20000000E+00  1.03635696E+00  1.00000000E+00  1.03635696E+00
     9  3.60000000E+00  1.04037655E+00  1.00000000E+00  1.04037655E+00
    10  4.00000000E+00  1.04430916E+00  1.00000000E+00  1.04430916E+00
    11  4.40000000E+00  1.04815871E+00  9.99999997E-01  1.04815871E+00
    12  4.80000000E+00  1.05194082E+00  9.99999992E-01  1.05194082E+00
    13  5.20000000E+00  1.05565862E+00  9.99999984E-01  1.05565862E+00
    14  5.60000000E+00  1.05931141E+00  9.99999974E-01  1.05931141E+00
    15  6.00000000E+00  1.06291305E+00  9.99999961E-01  1.06291305E+00
    16  6.40000000E+00  1.06647483E+00  9.99999944E-01  1.06647483E+00
    17  6.80000000E+00  1.06999273E+00  9.99999923E-01  1.06999273E+00
    18  7.20000000E+00  1.07346932E+00  9.99999898E-01  1.07346932E+00
    19  7.60000000E+00  1.07691097E+00  9.99999868E-01  1.07691097E+00
    20  8.00000000E+00  1.08031873E+00  9.99999831E-01  1.08031873E+00
    21  8.40000000E+00  1.08369861E+00  9.99999789E-01  1.08369861E+00
    22  8.80000000E+00  1.08704347E+00  9.99999739E-01  1.08704347E+00
    23  9.20000000E+00  1.09037975E+00  9.99999680E-01  1.09037975E+00
    24  9.60000000E+00  1.09369658E+00  9.99999613E-01  1.09369658E+00
    25  1.00000000E+01  1.09698641E+00  9.99999537E-01  1.09698641E+00
    26  1.04000000E+01  1.10024560E+00  9.99999449E-01  1.10024560E+00
    27  1.08000000E+01  1.10350768E+00  9.99999350E-01  1.10350768E+00
    28  1.12000000E+01  1.10675837E+00  9.99999238E-01  1.10675837E+00
    29  1.16000000E+01  1.10996951E+00  9.99999113E-01  1.10996951E+00
    30  1.20000000E+01  1.11321573E+00  9.99998972E-01  1.11321573E+00
    31  1.24000000E+01  1.11641415E+00  9.99998815E-01  1.11641415E+00
    32  1.28000000E+01  1.11964495E+00  9.99998640E-01  1.11964495E+00
    33  1.32000000E+01  1.12283269E+00  9.99998446E-01  1.12283269E+00
    34  1.36000000E+01  1.12606424E+00  9.99998232E-01  1.12606424E+00
    35  1.40000000E+01  1.12927685E+00  9.99997996E-01  1.12927685E+00
    36  1.44000000E+01  1.13249194E+00  9.99997736E-01  1.13249194E+00
    37  1.48000000E+01  1.13574754E+00  9.99997451E-01  1.13574754E+00
    38  1.52000000E+01  1.13900545E+00  9.99997139E-01  1.13900545E+00
    39  1.56000000E+01  1.14227292E+00  9.99996798E-01  1.14227292E+00
    40  1.60000000E+01  1.14555476E+00  9.99996425E-01  1.14555476E+00
    41  1.64000000E+01  1.14887853E+00  9.99996020E-01  1.14887853E+00
    42  1.68000000E+01  1.15220849E+00  9.99995578E-01  1.15220849E+00
    43  1.72000000E+01  1.15553623E+00  9.99995099E-01  1.15553623E+00
    44  1.76000000E+01  1.15884915E+00  9.99994580E-01  1.15884915E+00
    45  1.80000000E+01  1.16218226E+00  9.99994018E-01  1.16218226E+00
    46  1.84000000E+01  1.16549596E+00  9.99993410E-01  1.16549596E+00
    47  1.88000000E+01  1.16876124E+00  9.99992753E-01  1.16876124E+00
    48  1.92000000E+01  1.17203545E+00  9.99992046E-01  1.17203545E+00
    49  1.96000000E+01  1.17526246E+00  9.99991283E-01  1.17526246E+00
    50  2.00000000E+01  1.17844631E+00  9.99990463E-01  1.17844631E+00
    51  2.04000000E+01  1.18161865E+00  9.99989581E-01  1.18161865E+00
    52  2.08000000E+01  1.18471966E+00  9.99988635E-01  1.18471966E+00
    53  2.12000000E+01  1.18782561E+00  9.99987620E-01  1.18782561E+00
    54  2.16000000E+01  1.19084100E+00  9.99986533E-01  1.19084100E+00
    55  2.20000000E+01  1.19386993E+00  9.99985369E-01  1.19386993E+00
    56  2.24000000E+01  1.19681144E+00  9.99984124E-01  1.19681144E+00
    57  2.28000000E+01  1.19973621E+00  9.99982795E-01  1.19973621E+00
    58  2.32000000E+01  1.20260265E+00  9.99981377E-01  1.20260265E+00
    59  2.36000000E+01  1.20541883E+00  9.99979864E-01  1.20541883E+00
    60  2.40000000E+01  1.20821157E+00  9.99978253E-01  1.20821157E+00
    61  2.44000000E+01  1.21092291E+00  9.99976538E-01  1.21092291E+00
    62  2.48000000E+01  1.21363903E+00  9.99974715E-01  1.21363903E+00
    63  2.52000000E+01  1.21627922E+00  9.99972778E-01  1.21627922E+00
    64  2.56000000E+01  1.21889738E+00  9.99970723E-01  1.21889738E+00
    65  2.60000000E+01  1.22146392E+00  9.99968543E-01  1.22146392E+00
    66  2.64000000E+01  1.22398690E+00  9.99966235E-01  1.22398690E+00
    67  2.68000000E+01  1.22647609E+00  9.99963791E-01  1.22647609E+00
    68  2.72000000E+01  1.22889103E+00  9.99961208E-01  1.22889103E+00
    69  2.76000000E+01  1.23129687E+00  9.99958479E-01  1.23129687E+00
    70  2.80000000E+01  1.23360892E+00  9.99955599E-01  1.23360892E+00
    71  2.84000000E+01  1.23592050E+00  9.99952564E-01  1.23592050E+00
    72  2.88000000E+01  1.23813852E+00  9.99949367E-01  1.23813852E+00
    73  2.92000000E+01  1.24034998E+00  9.99946004E-01  1.24034998E+00
    74  2.96000000E+01  1.24247030E+00  9.99942470E-01  1.24247030E+00
    75  3.00000000E+01  1.24458924E+00  9.99938761E-01  1.24458924E+00
    76  3.04000000E+01  1.24661015E+00  9.99934872E-01  1.24661015E+00
    77  3.08000000E+01  1.24863454E+00  9.99930800E-01  1.24863454E+00
    78  3.12000000E+01  1.25056451E+00  9.99926541E-01  1.25056451E+00
    79  3.16000000E+01  1.25249108E+00  9.99922092E-01  1.25249108E+00
    80  3.20000000E+01  1.25433577E+00  9.99917453E-01  1.25433577E+00
    81  3.24000000E+01  1.25616628E+00  9.99912620E-01  1.25616628E+00
    82  3.28000000E+01  1.25792595E+00  9.99907594E-01  1.25792595E+00
    83  3.32000000E+01  1.25966398E+00  9.99902376E-01  1.25966398E+00
    84  3.36000000E+01  1.26133893E+00  9.99896966E-01  1.26133893E+00
    85  3.40000000E+01  1.26298956E+00  9.99891369E-01  1.26298956E+00
    86  3.44000000E+01  1.26458169E+00  9.99885588E-01  1.26458169E+00
    87  3.48000000E+01  1.26614957E+00  9.99879630E-01  1.26614957E+00
    88  3.52000000E+01  1.26766341E+00  9.99873502E-01  1.26766341E+00
    89  3.56000000E+01  1.26915288E+00  9.99867215E-01  1.26915288E+00
    90  3.60000000E+01  1.27058869E+00  9.99860781E-01  1.27058869E+00
    91  3.64000000E+01  1.27200340E+00  9.99854214E-01  1.27200340E+00
    92  3.68000000E+01  1.27336909E+00  9.99847532E-01  1.27336909E+00
    93  3.72000000E+01  1.27471146E+00  9.99840756E-01  1.27471146E+00
    94  3.76000000E+01  1.27601004E+00  9.99833910E-01  1.27601004E+00
    95  3.80000000E+01  1.27728219E+00  9.99827022E-01  1.27728219E+00
    96  3.84000000E+01  1.27851140E+00  9.99820124E-01  1.27851140E+00
    97  3.88000000E+01  1.27971455E+00  9.99813253E-01  1.27971455E+00
    98  3.92000000E+01  1.28087453E+00  9.99806450E-01  1.28087453E+00
    99  3.96000000E+01  1.28201017E+00  9.99799762E-01  1.28201017E+00
   100  4.00000000E+01  1.28310976E+00  9.99793242E-01  1.28310976E+00
   101  4.04000000E+01  1.28417935E+00  9.99786950E-01  1.28417935E+00
   102  4.08000000E+01  1.28522316E+00  9.99780952E-01  1.28522316E+00
   103  4.12000000E+01  1.28622852E+00  9.99775323E-01  1.28622852E+00
   104  4.16000000E+01  1.28721451E+00  9.99770145E-01  1.28721451E+00
   105  4.20000000E+01  1.28815801E+00  9.99765510E-01  1.28815801E+00
   106  4.24000000E+01  1.28908899E+00  9.99761519E-01  1.28908899E+00
   107  4.28000000E+01  1.28997317E+00  9.99758286E-01  1.28997317E+00
   108  4.32000000E+01  1.29085144E+00  9.99755933E-01  1.29085144E+00
   109  4.36000000E+01  1.29167939E+00  9.99754597E-01  1.29167939E+00
   110  4.40000000E+01  1.29250650E+00  9.99754428E-01  1.29250650E+00
   111  4.44000000E+01  1.29328467E+00  9.99755590E-01  1.29328467E+00
   112  4.48000000E+01  1.29406118E+00  9.99758263E-01  1.29406118E+00
   113  4.52000000E+01  1.29479428E+00  9.99762643E-01  1.29479428E+00
   114  4.56000000E+01  1.29552039E+00  9.99768947E-01  1.29552039E+00
   115  4.60000000E+01  1.29621066E+00  9.99777407E-01  1.29621066E+00
   116  4.64000000E+01  1.29688924E+00  9.99788280E-01  1.29688924E+00
   117  4.68000000E+01  1.29753798E+00  9.99801844E-01  1.29753798E+00
   118  4.72000000E+01  1.29817170E+00  9.99818399E-01  1.29817170E+00
   119  4.76000000E+01  1.29878097E+00  9.99838274E-01  1.29878097E+00
   120  4.80000000E+01  1.29937216E+00  9.99861823E-01  1.29937216E+00
   121  4.84000000E+01  1.29994278E+00  9.99889432E-01  1.29994278E+00
   122  4.88000000E+01  1.30049368E+00  9.99921516E-01  1.30049368E+00
   123  4.92000000E+01  1.30102910E+00  9.99958524E-01  1.30102910E+00
   124  4.96000000E+01  1.30154160E+00  1.00000094E+00  1.30154160E+00
   125  5.00000000E+01  1.30204355E+00  1.00004929E+00  1.30204355E+00
   126  5.04000000E+01  1.30251958E+00  1.00010414E+00  1.30251958E+00
   127  5.08000000E+01  1.30298933E+00  1.00016609E+00  1.30298933E+00
   128  5.12000000E+01  1.30343065E+00  1.00023579E+00  1.30343065E+00
   129  5.16000000E+01  1.30386941E+00  1.00031396E+00  1.30386941E+00
   130  5.20000000E+01  1.30427780E+00  1.00040133E+00  1.30427780E+00
   131  5.24000000E+01  1.30468721E+00  1.00049871E+00  1.30468721E+00
   132  5.28000000E+01  1.30506757E+00  1.00060697E+00  1.30506757E+00
   133  5.32000000E+01  1.30544622E+00  1.00072704E+00  1.30544622E+00
   134  5.36000000E+01  1.30580165E+00  1.00085990E+00  1.30580165E+00
   135  5.40000000E+01  1.30615084E+00  1.00100660E+00  1.30615084E+00
   136  5.44000000E+01  1.30648228E+00  1.00116828E+00  1.30648228E+00
   137  5.48000000E+01  1.30680373E+00  1.00134613E+00  1.30680373E+00
   138  5.52000000E+01  1.30711160E+00  1.00154144E+00  1.30711160E+00
   139  5.56000000E+01  1.30740701E+00  1.00175556E+00  1.30740701E+00
   140  5.60000000E+01  1.30769223E+00  1.00198994E+00  1.30769223E+00
   141  5.64000000E+01  1.30796322E+00  1.00224612E+00  1.30796322E+00
   142  5.68000000E+01  1.30822806E+00  1.00252572E+00  1.30822806E+00
   143  5.72000000E+01  1.30847616E+00  1.00283047E+00  1.30847616E+00
   144  5.76000000E+01  1.30872124E+00  1.00316218E+00  1.30872124E+00
   145  5.80000000E+01  1.30894793E+00  1.00352280E+00  1.30894793E+00
   146  5.84000000E+01  1.30917445E+00  1.00391434E+00  1.30917445E+00
   147  5.88000000E+01  1.30938232E+00  1.00433895E+00  1.30938232E+00
   148  5.92000000E+01  1.30958994E+00  1.00479888E+00  1.30958994E+00
   149  5.96000000E+01  1.30978167E+00  1.00529650E+00  1.30978167E+00
   150  6.00000000E+01  1.30997044E+00  1.00583429E+00  1.30997044E+00
   151  6.04000000E+01  1.31014647E+00  1.00641484E+00  1.31014647E+00
   152  6.08000000E+01  1.31031762E+00  1.00704087E+00  1.31031762E+00
   153  6.12000000E+01  1.31047940E+00  1.00771521E+00  1.31047940E+00
   154  6.16000000E+01  1.31063404E+00  1.00844080E+00  1.31063404E+00
   155  6.20000000E+01  1.31078253E+00  1.00922069E+00  1.31078253E+00
   156  6.24000000E+01  1.31092174E+00  1.01005805E+00  1.31092174E+00
   157  6.28000000E+01  1.31105752E+00  1.01095615E+00  1.31105752E+00
   158  6.32000000E+01  1.31118230E+00  1.01191835E+00  1.31118230E+00
   159  6.36000000E+01  1.31130580E+00  1.01294810E+00  1.31130580E+00
   160  6.40000000E+01  1.31141740E+00  1.01404893E+00  1.31141740E+00
   161  6.44000000E+01  1.31152948E+00  1.01522445E+00  1.31152948E+00
   162  6.48000000E+01  1.31163056E+00  1.01647830E+00  1.31163056E+00
   163  6.52000000E+01  1.31173008E+00  1.01781418E+00  1.31173008E+00
   164  6.56000000E+01  1.31182138E+00  1.01923579E+00  1.31182138E+00
   165  6.60000000E+01  1.31190922E+00  1.02074683E+00  1.31190922E+00
   166  6.64000000E+01  1.31199143E+00  1.02235099E+00  1.31199143E+00
   167  6.68000000E+01  1.31206845E+00  1.02405189E+00  1.31206845E+00
   168  6.72000000E+01  1.31214248E+00  1.02585307E+00  1.31214248E+00
   169  6.76000000E+01  1.31220947E+00  1.02775795E+00  1.31220947E+00
   170  6.80000000E+01  1.31227541E+00  1.02976983E+00  1.31227541E+00
   171  6.84000000E+01  1.31233364E+00  1.03189179E+00  1.31233364E+00
   172  6.88000000E+01  1.31239191E+00  1.03412671E+00  1.31239191E+00
   173  6.92000000E+01  1.31244348E+00  1.03647719E+00  1.31244348E+00
   174  6.96000000E+01  1.31249316E+00  1.03894552E+00  1.31249316E+00
   175  7.00000000E+01  1.31253841E+00  1.04153367E+00  1.31253841E+00
   176  7.04000000E+01  1.31258018E+00  1.04424316E+00  1.31258018E+00
   177  7.08000000E+01  1.31261927E+00  1.04707513E+00  1.31261927E+00
   178  7.12000000E+01  1.31265377E+00  1.05003018E+00  1.31265377E+00
   179  7.16000000E+01  1.31268751E+00  1.05310842E+00  1.31268751E+00
   180  7.20000000E+01  1.31271583E+00  1.05630940E+00  1.31271583E+00
   181  7.24000000E+01  1.31274404E+00  1.05963203E+00  1.31274404E+00
   182  7.28000000E+01  1.31276782E+00  1.06307464E+00  1.31276782E+00
   183  7.32000000E+01  1.31278987E+00  1.06663486E+00  1.31278987E+00
   184  7.36000000E+01  1.31280932E+00  1.07030966E+00  1.31280932E+00
   185  7.40000000E+01  1.31282574E+00  1.07409533E+00  1.31282574E+00
   186  7.44000000E+01  1.31284128E+00  1.07798746E+00  1.31284128E+00
   187  7.48000000E+01  1.31285284E+00  1.08198094E+00  1.31285284E+00
   188  7.52000000E+01  1.31286443E+00  1.08607003E+00  1.31286443E+00
   189  7.56000000E+01  1.31287291E+00  1.09024832E+00  1.31287291E+00
   190  7.60000000E+01  1.31287979E+00  1.09450880E+00  1.31287979E+00
   191  7.64000000E+01  1.31288537E+00  1.09884394E+00  1.31288537E+00
   192  7.68000000E+01  1.31288804E+00  1.10324568E+00  1.31288804E+00
   193  7.72000000E+01  1.31289090E+00  1.10770560E+00  1.31289090E+00
   194  7.76000000E+01  1.31289110E+00  1.11221493E+00  1.31289110E+00
   195  7.80000000E+01  1.31289007E+00  1.11676466E+00  1.31289007E+00
   196  7.84000000E+01  1.31288817E+00  1.12134570E+00  1.31288817E+00
   197  7.88000000E+01  1.31288408E+00  1.12594891E+00  1.31288408E+00
   198  7.92000000E+01  1.31287975E+00  1.13056531E+00  1.31287975E+00
   199  7.96000000E+01  1.31287392E+00  1.13518612E+00  1.31287392E+00
   200  8.00000000E+01  1.31286641E+00  1.13980295E+00  1.31286641E+00
   201  8.04000000E+01  1.31285896E+00  1.14440788E+00  1.31285896E+00
   202  8.08000000E+01  1.31284998E+00  1.14899359E+00  1.31284998E+00
   203  8.12000000E+01  1.31283981E+00  1.15355348E+00  1.31283981E+00
   204  8.16000000E+01  1.31282958E+00  1.15808173E+00  1.31282958E+00
   205  8.20000000E+01  1.31281819E+00  1.16257341E+00  1.31281819E+00
   206  8.24000000E+01  1.31280563E+00  1.16702451E+00  1.31280563E+00
   207  8.28000000E+01  1.31279322E+00  1.17143198E+00  1.31279322E+00
   208  8.32000000E+01  1.31277997E+00  1.17579368E+00  1.31277997E+00
   209  8.36000000E+01  1.31276594E+00  1.18010843E+00  1.31276594E+00
   210  8.40000000E+01  1.31275139E+00  1.18437584E+00  1.31275139E+00
   211  8.44000000E+01  1.31273684E+00  1.18859627E+00  1.31273684E+00
   212  8.48000000E+01  1.31272160E+00  1.19277066E+00  1.31272160E+00
   213  8.52000000E+01  1.31270595E+00  1.19690033E+00  1.31270595E+00
   214  8.56000000E+01  1.31268991E+00  1.20098682E+00  1.31268991E+00
   215  8.60000000E+01  1.31267370E+00  1.20503163E+00  1.31267370E+00
   216  8.64000000E+01  1.31265753E+00  1.20903599E+00  1.31265753E+00
   217  8.68000000E+01  1.31264110E+00  1.21300064E+00  1.31264110E+00
   218  8.72000000E+01  1.31262454E+00  1.21692557E+00  1.31262454E+00
   219  8.76000000E+01  1.31260785E+00  1.22080984E+00  1.31260785E+00
   220  8.80000000E+01  1.31259122E+00  1.22465146E+00  1.31259122E+00
   221  8.84000000E+01  1.31257463E+00  1.22844723E+00  1.31257463E+00
   222  8.88000000E+01  1.31255817E+00  1.23219275E+00  1.31255817E+00
   223  8.92000000E+01  1.31254177E+00  1.23588246E+00  1.31254177E+00
   224  8.96000000E+01  1.31252560E+00  1.23950977E+00  1.31252560E+00
   225  9.00000000E+01  1.31250960E+00  1.24306727E+00  1.31250960E+00
   226  9.04000000E+01  1.31249388E+00  1.24654704E+00  1.31249388E+00
   227  9.08000000E+01  1.31247835E+00  1.24994092E+00  1.31247835E+00
   228  9.12000000E+01  1.31246317E+00  1.25324098E+00  1.31246317E+00
   229  9.16000000E+01  1.31244824E+00  1.25643983E+00  1.31244824E+00
   230  9.20000000E+01  1.31243370E+00  1.25953103E+00  1.31243370E+00
   231  9.24000000E+01  1.31241942E+00  1.26250938E+00  1.31241942E+00
   232  9.28000000E+01  1.31240573E+00  1.26537121E+00  1.31240573E+00
   233  9.32000000E+01  1.31239245E+00  1.26811443E+00  1.31239245E+00
   234  9.36000000E+01  1.31237948E+00  1.27073863E+00  1.31237948E+00
   235  9.40000000E+01  1.31236693E+00  1.27324493E+00  1.31236693E+00
   236  9.44000000E+01  1.31235470E+00  1.27563579E+00  1.31235470E+00
   237  9.48000000E+01  1.31234291E+00  1.27791470E+00  1.31234291E+00
   238  9.52000000E+01  1.31233144E+00  1.28008582E+00  1.31233144E+00
   239  9.56000000E+01  1.31232040E+00  1.28215358E+00  1.31232040E+00
   240  9.60000000E+01  1.31230967E+00  1.28412234E+00  1.31230967E+00
   241  9.64000000E+01  1.31229938E+00  1.28599607E+00  1.31229938E+00
   242  9.68000000E+01  1.31228940E+00  1.28777815E+00  1.31228940E+00
   243  9.72000000E+01  1.31227985E+00  1.28947128E+00  1.31227985E+00
   244  9.76000000E+01  1.31227059E+00  1.29107751E+00  1.31227059E+00
   245  9.80000000E+01  1.31226174E+00  1.29259838E+00  1.31226174E+00
   246  9.84000000E+01  1.31225337E+00  1.29403512E+00  1.31225337E+00
   247  9.88000000E+01  1.31224528E+00  1.29538897E+00  1.31224528E+00
   248  9.92000000E+01  1.31223758E+00  1.29666142E+00  1.31223758E+00
   249  9.96000000E+01  1.31223011E+00  1.29785443E+00  1.31223011E+00
   250  1.00000000E+02  1.31222304E+00  1.29897060E+00  1.31222304E+00
   251  1.00400000E+02  1.31221617E+00  1.30001321E+00  1.31221617E+00
   252  1.00800000E+02  1.31220968E+00  1.30098615E+00  1.31220968E+00
   253  1.01200000E+02  1.31220339E+00  1.30189376E+00  1.31220339E+00
   254  1.01600000E+02  1.31219745E+00  1.30274061E+00  1.31219745E+00
   255  1.02000000E+02  1.31219169E+00  1.30353119E+00  1.31219169E+00
   256  1.02400000E+02  1.31218626E+00  1.30426972E+00  1.31218626E+00
   257  1.02800000E+02  1.31218101E+00  1.30495988E+00  1.31218101E+00
   258  1.03200000E+02  1.31217607E+00  1.30560473E+00  1.31217607E+00
   259  1.03600000E+02  1.31217129E+00  1.30620669E+00  1.31217129E+00
   260  1.04000000E+02  1.31216680E+00  1.30676761E+00  1.31216680E+00
   261  1.04400000E+02  1.31216244E+00  1.30728888E+00  1.31216244E+00
   262  1.04800000E+02  1.31215838E+00  1.30777171E+00  1.31215838E+00
   263  1.05200000E+02  1.31215445E+00  1.30821725E+00  1.31215445E+00
   264  1.05600000E+02  1.31215078E+00  1.30862680E+00  1.31215078E+00
   265  1.06000000E+02  1.31214722E+00  1.30900196E+00  1.31214722E+00
   266  1.06400000E+02  1.31214392E+00  1.30934459E+00  1.31214392E+00
   267  1.06800000E+02  1.31214073E+00  1.30965684E+00  1.31214073E+00
   268  1.07200000E+02  1.31213778E+00  1.30994102E+00  1.31213778E+00
   269  1.07600000E+02  1.31213492E+00  1.31019952E+00  1.31213492E+00
   270  1.08000000E+02  1.31213230E+00  1.31043459E+00  1.31213230E+00
   271  1.08400000E+02  1.31212976E+00  1.31064830E+00  1.31212976E+00
   272  1.08800000E+02  1.31212746E+00  1.31084239E+00  1.31212746E+00
   273  1.09200000E+02  1.31212523E+00  1.31101833E+00  1.31212523E+00
   274  1.09600000E+02  1.31212322E+00  1.31117727E+00  1.31212322E+00
   275  1.10000000E+02  1.31212128E+00  1.31132016E+00  1.31212128E+00
   276  1.10400000E+02  1.31211956E+00  1.31144780E+00  1.31211956E+00
   277  1.10800000E+02  1.31211807E+00  1.31156096E+00  1.31211807E+00
   278  1.11200000E+02  1.31211670E+00  1.31166042E+00  1.31211670E+00
   279  1.11600000E+02  1.31211554E+00  1.31174704E+00  1.31211554E+00
   280  1.12000000E+02  1.31211446E+00  1.31182176E+00  1.31211446E+00
   281  1.12400000E+02  1.31211359E+00  1.31188557E+00  1.31211359E+00
   282  1.12800000E+02  1.31211281E+00  1.31193948E+00  1.31211281E+00
   283  1.13200000E+02  1.31211225E+00  1.31198446E+00  1.31211225E+00
   284  1.13600000E+02  1.31211178E+00  1.31202141E+00  1.31211178E+00
   285  1.14000000E+02  1.31211154E+00  1.31205115E+00  1.31211154E+00
   286  1.14400000E+02  1.31211140E+00  1.31207435E+00  1.31211140E+00
   287  1.14800000E+02  1.31211148E+00  1.31209159E+00  1.31211148E+00
   288  1.15200000E+02  1.31211165E+00  1.31210339E+00  1.31211165E+00
   289  1.15600000E+02  1.31211208E+00  1.31211017E+00  1.31211208E+00
   290  1.16000000E+02  1.31211236E+00  1.31211236E+00  1.31211236E+00
   291  1.16400000E+02  1.31211037E+00  1.31211037E+00  1.31211037E+00
   292  1.16800000E+02  1.31210461E+00  1.31210461E+00  1.31210461E+00
   293  1.17200000E+02  1.31209548E+00  1.31209548E+00  1.31209548E+00
   294  1.17600000E+02  1.31208339E+00  1.31208339E+00  1.31208339E+00
 steady-height stop at step    294: rounded to 4 decimals, rounded max/end/ratio =      13121     13121     13121, max/end/ratio =   1.31208339E+00  1.31208339E+00  1.31208339E+00
