Info    : Running 'gmsh -2 -order 2 -algo front2d -o mesh_inlet.msh mesh_inlet.geo' [Gmsh 4.15.0-git, 1 node, max. 1 thread]
Info    : Started on Fri Sep 18 10:35:00 2026
Info    : Reading 'mesh_inlet.geo'...
Info    : Reading 'mesh_inlet_2D_bc.igo'...
Info    : Done reading 'mesh_inlet_2D_bc.igo'
Info    : Done reading 'mesh_inlet.geo'
Info    : Reconstructing periodicity for curve connection 2 - 4
Info    : Meshing 1D...
Info    : [  0%] Meshing curve 1 (Line)
Info    : [ 60%] Meshing curve 3 (Line)
Info    : [ 80%] Meshing curve 4 (Line)
Info    : [100%] Meshing curve 2 (Line) as a copy of curve 4
Info    : Done meshing 1D (Wall 0.00271935s, CPU 7.6e-05s)
Info    : Meshing 2D...
Info    : Meshing surface 1 (Plane, Frontal-Delaunay)
Info    : Done meshing 2D (Wall 0.00779684s, CPU 0.007005s)
Info    : Meshing order 2 (curvilinear on)...
Info    : [  0%] Meshing curve 1 order 2
Info    : [ 30%] Meshing curve 2 order 2
Info    : [ 50%] Meshing curve 3 order 2
Info    : [ 70%] Meshing curve 4 order 2
Info    : [ 90%] Meshing surface 1 order 2
Info    : Surface mesh: worst distortion = 1 (0 elements in ]0, 0.2]); worst gamma = 0.822735
Info    : Done meshing order 2 (Wall 0.00779537s, CPU 0.001507s)
Info    : Reconstructing periodicity for curve connection 2 - 4
Info    : 1977 nodes 1032 elements
Info    : Writing 'mesh_inlet.msh'...
Info    : Done writing 'mesh_inlet.msh'
Info    : Stopped on Fri Sep 18 10:35:00 2026 (From start: Wall 0.026022s, CPU 0.052072s)
