 comppar: model =   3
 comppar: lambda,mobility/eps,betav,eta_0 =  1.1000E+01  3.0000E-01  9.0000E-01  1.0000E+00
 comppar: eta_s,eta_p,G =  9.0000E-01  1.0000E-01  9.0909E-03
 comppar: U_avg,deltat,flowrate,nsteps =  1.0000E-01  4.0000E-01  3.1416E-01    1000
 comppar: geometry = axisymmetric
 comppar: steady stop change,gap,hold,min =  1.0000E-05  2.0000E-04      10      80
 comppar: steady stop rounded decimals =       4
 comppar: ncompc,ncompg =     4     5
 mesh nnodes = 22999
 mesh nelem = 11296
 P1 BC   5.0000000000000000     
 P2 BC   0.0000000000000000     
     1  4.00000000E-01  1.00503996E+00  1.00000000E+00  1.00503996E+00
     2  8.00000000E-01  1.00992395E+00  1.00000000E+00  1.00992395E+00
     3  1.20000000E+00  1.01465733E+00  1.00000000E+00  1.01465733E+00
     4  1.60000000E+00  1.01925314E+00  1.00000000E+00  1.01925314E+00
     5  2.00000000E+00  1.02371500E+00  1.00000000E+00  1.02371500E+00
     6  2.40000000E+00  1.02804846E+00  1.00000000E+00  1.02804846E+00
     7  2.80000000E+00  1.03225778E+00  1.00000000E+00  1.03225778E+00
     8  3.20000000E+00  1.03634555E+00  1.00000000E+00  1.03634555E+00
     9  3.60000000E+00  1.04032519E+00  1.00000000E+00  1.04032519E+00
    10  4.00000000E+00  1.04418778E+00  1.00000000E+00  1.04418778E+00
    11  4.40000000E+00  1.04794207E+00  9.99999996E-01  1.04794207E+00
    12  4.80000000E+00  1.05159045E+00  9.99999990E-01  1.05159045E+00
    13  5.20000000E+00  1.05513633E+00  9.99999982E-01  1.05513633E+00
    14  5.60000000E+00  1.05856950E+00  9.99999972E-01  1.05856950E+00
    15  6.00000000E+00  1.06191981E+00  9.99999958E-01  1.06191981E+00
    16  6.40000000E+00  1.06516584E+00  9.99999940E-01  1.06516584E+00
    17  6.80000000E+00  1.06831001E+00  9.99999918E-01  1.06831001E+00
    18  7.20000000E+00  1.07135492E+00  9.99999890E-01  1.07135492E+00
    19  7.60000000E+00  1.07430924E+00  9.99999857E-01  1.07430924E+00
    20  8.00000000E+00  1.07718198E+00  9.99999817E-01  1.07718198E+00
    21  8.40000000E+00  1.07995815E+00  9.99999769E-01  1.07995815E+00
    22  8.80000000E+00  1.08264504E+00  9.99999713E-01  1.08264504E+00
    23  9.20000000E+00  1.08524005E+00  9.99999647E-01  1.08524005E+00
    24  9.60000000E+00  1.08774897E+00  9.99999569E-01  1.08774897E+00
    25  1.00000000E+01  1.09016804E+00  9.99999480E-01  1.09016804E+00
    26  1.04000000E+01  1.09250338E+00  9.99999376E-01  1.09250338E+00
    27  1.08000000E+01  1.09474855E+00  9.99999257E-01  1.09474855E+00
    28  1.12000000E+01  1.09691102E+00  9.99999121E-01  1.09691102E+00
    29  1.16000000E+01  1.09901068E+00  9.99998966E-01  1.09901068E+00
    30  1.20000000E+01  1.10103422E+00  9.99998790E-01  1.10103422E+00
    31  1.24000000E+01  1.10297638E+00  9.99998591E-01  1.10297638E+00
    32  1.28000000E+01  1.10483708E+00  9.99998365E-01  1.10483708E+00
    33  1.32000000E+01  1.10662004E+00  9.99998112E-01  1.10662004E+00
    34  1.36000000E+01  1.10832584E+00  9.99997827E-01  1.10832584E+00
    35  1.40000000E+01  1.10995779E+00  9.99997509E-01  1.10995779E+00
    36  1.44000000E+01  1.11152963E+00  9.99997153E-01  1.11152963E+00
    37  1.48000000E+01  1.11304857E+00  9.99996756E-01  1.11304857E+00
    38  1.52000000E+01  1.11449823E+00  9.99996314E-01  1.11449823E+00
    39  1.56000000E+01  1.11588141E+00  9.99995825E-01  1.11588141E+00
    40  1.60000000E+01  1.11719933E+00  9.99995282E-01  1.11719933E+00
    41  1.64000000E+01  1.11845592E+00  9.99994682E-01  1.11845592E+00
    42  1.68000000E+01  1.11965214E+00  9.99994020E-01  1.11965214E+00
    43  1.72000000E+01  1.12079103E+00  9.99993291E-01  1.12079103E+00
    44  1.76000000E+01  1.12188843E+00  9.99992489E-01  1.12188843E+00
    45  1.80000000E+01  1.12293922E+00  9.99991609E-01  1.12293922E+00
    46  1.84000000E+01  1.12393906E+00  9.99990645E-01  1.12393906E+00
    47  1.88000000E+01  1.12488711E+00  9.99989590E-01  1.12488711E+00
    48  1.92000000E+01  1.12578843E+00  9.99988438E-01  1.12578843E+00
    49  1.96000000E+01  1.12664180E+00  9.99987182E-01  1.12664180E+00
    50  2.00000000E+01  1.12745284E+00  9.99985814E-01  1.12745284E+00
    51  2.04000000E+01  1.12824056E+00  9.99984328E-01  1.12824056E+00
    52  2.08000000E+01  1.12898781E+00  9.99982716E-01  1.12898781E+00
    53  2.12000000E+01  1.12969766E+00  9.99980970E-01  1.12969766E+00
    54  2.16000000E+01  1.13036786E+00  9.99979082E-01  1.13036786E+00
    55  2.20000000E+01  1.13101072E+00  9.99977043E-01  1.13101072E+00
    56  2.24000000E+01  1.13163561E+00  9.99974847E-01  1.13163561E+00
    57  2.28000000E+01  1.13222511E+00  9.99972484E-01  1.13222511E+00
    58  2.32000000E+01  1.13279493E+00  9.99969947E-01  1.13279493E+00
    59  2.36000000E+01  1.13334897E+00  9.99967228E-01  1.13334897E+00
    60  2.40000000E+01  1.13388777E+00  9.99964320E-01  1.13388777E+00
    61  2.44000000E+01  1.13441642E+00  9.99961215E-01  1.13441642E+00
    62  2.48000000E+01  1.13494263E+00  9.99957908E-01  1.13494263E+00
    63  2.52000000E+01  1.13546747E+00  9.99954393E-01  1.13546747E+00
    64  2.56000000E+01  1.13598846E+00  9.99950665E-01  1.13598846E+00
    65  2.60000000E+01  1.13650681E+00  9.99946722E-01  1.13650681E+00
    66  2.64000000E+01  1.13701066E+00  9.99942560E-01  1.13701066E+00
    67  2.68000000E+01  1.13749945E+00  9.99938181E-01  1.13749945E+00
    68  2.72000000E+01  1.13797612E+00  9.99933587E-01  1.13797612E+00
    69  2.76000000E+01  1.13843493E+00  9.99928782E-01  1.13843493E+00
    70  2.80000000E+01  1.13887441E+00  9.99923773E-01  1.13887441E+00
    71  2.84000000E+01  1.13930188E+00  9.99918573E-01  1.13930188E+00
    72  2.88000000E+01  1.13970580E+00  9.99913195E-01  1.13970580E+00
    73  2.92000000E+01  1.14009603E+00  9.99907660E-01  1.14009603E+00
    74  2.96000000E+01  1.14047036E+00  9.99901992E-01  1.14047036E+00
    75  3.00000000E+01  1.14082304E+00  9.99896221E-01  1.14082304E+00
    76  3.04000000E+01  1.14116195E+00  9.99890386E-01  1.14116195E+00
    77  3.08000000E+01  1.14148775E+00  9.99884531E-01  1.14148775E+00
    78  3.12000000E+01  1.14179385E+00  9.99878709E-01  1.14179385E+00
    79  3.16000000E+01  1.14208465E+00  9.99872985E-01  1.14208465E+00
    80  3.20000000E+01  1.14236681E+00  9.99867432E-01  1.14236681E+00
    81  3.24000000E+01  1.14263121E+00  9.99862136E-01  1.14263121E+00
    82  3.28000000E+01  1.14288024E+00  9.99857198E-01  1.14288024E+00
    83  3.32000000E+01  1.14312357E+00  9.99852733E-01  1.14312357E+00
    84  3.36000000E+01  1.14335105E+00  9.99848872E-01  1.14335105E+00
    85  3.40000000E+01  1.14356541E+00  9.99845768E-01  1.14356541E+00
    86  3.44000000E+01  1.14377446E+00  9.99843592E-01  1.14377446E+00
    87  3.48000000E+01  1.14396948E+00  9.99842539E-01  1.14396948E+00
    88  3.52000000E+01  1.14415532E+00  9.99842830E-01  1.14415532E+00
    89  3.56000000E+01  1.14433420E+00  9.99844712E-01  1.14433420E+00
    90  3.60000000E+01  1.14450086E+00  9.99848466E-01  1.14450086E+00
    91  3.64000000E+01  1.14466253E+00  9.99854405E-01  1.14466253E+00
    92  3.68000000E+01  1.14481489E+00  9.99862881E-01  1.14481489E+00
    93  3.72000000E+01  1.14495772E+00  9.99874285E-01  1.14495772E+00
    94  3.76000000E+01  1.14509669E+00  9.99889054E-01  1.14509669E+00
    95  3.80000000E+01  1.14522570E+00  9.99907673E-01  1.14522570E+00
    96  3.84000000E+01  1.14534823E+00  9.99930681E-01  1.14534823E+00
    97  3.88000000E+01  1.14546546E+00  9.99958676E-01  1.14546546E+00
    98  3.92000000E+01  1.14557399E+00  9.99992316E-01  1.14557399E+00
    99  3.96000000E+01  1.14567730E+00  1.00003233E+00  1.14567730E+00
   100  4.00000000E+01  1.14577544E+00  1.00007952E+00  1.14577544E+00
   101  4.04000000E+01  1.14586596E+00  1.00013477E+00  1.14586596E+00
   102  4.08000000E+01  1.14595124E+00  1.00019905E+00  1.14595124E+00
   103  4.12000000E+01  1.14603256E+00  1.00027342E+00  1.14603256E+00
   104  4.16000000E+01  1.14610734E+00  1.00035904E+00  1.14610734E+00
   105  4.20000000E+01  1.14617616E+00  1.00045718E+00  1.14617616E+00
   106  4.24000000E+01  1.14624287E+00  1.00056924E+00  1.14624287E+00
   107  4.28000000E+01  1.14630394E+00  1.00069671E+00  1.14630394E+00
   108  4.32000000E+01  1.14635972E+00  1.00084123E+00  1.14635972E+00
   109  4.36000000E+01  1.14641228E+00  1.00100459E+00  1.14641228E+00
   110  4.40000000E+01  1.14646154E+00  1.00118872E+00  1.14646154E+00
   111  4.44000000E+01  1.14650621E+00  1.00139570E+00  1.14650621E+00
   112  4.48000000E+01  1.14654677E+00  1.00162777E+00  1.14654677E+00
   113  4.52000000E+01  1.14658565E+00  1.00188736E+00  1.14658565E+00
   114  4.56000000E+01  1.14662084E+00  1.00217709E+00  1.14662084E+00
   115  4.60000000E+01  1.14665254E+00  1.00249973E+00  1.14665254E+00
   116  4.64000000E+01  1.14668137E+00  1.00285829E+00  1.14668137E+00
   117  4.68000000E+01  1.14670850E+00  1.00325596E+00  1.14670850E+00
   118  4.72000000E+01  1.14673268E+00  1.00369614E+00  1.14673268E+00
   119  4.76000000E+01  1.14675403E+00  1.00418245E+00  1.14675403E+00
   120  4.80000000E+01  1.14677345E+00  1.00471872E+00  1.14677345E+00
   121  4.84000000E+01  1.14679127E+00  1.00530898E+00  1.14679127E+00
   122  4.88000000E+01  1.14680674E+00  1.00595749E+00  1.14680674E+00
   123  4.92000000E+01  1.14682012E+00  1.00666873E+00  1.14682012E+00
   124  4.96000000E+01  1.14683180E+00  1.00744733E+00  1.14683180E+00
   125  5.00000000E+01  1.14684235E+00  1.00829816E+00  1.14684235E+00
   126  5.04000000E+01  1.14685116E+00  1.00922622E+00  1.14685116E+00
   127  5.08000000E+01  1.14685835E+00  1.01023669E+00  1.14685835E+00
   128  5.12000000E+01  1.14686409E+00  1.01133482E+00  1.14686409E+00
   129  5.16000000E+01  1.14686864E+00  1.01252601E+00  1.14686864E+00
   130  5.20000000E+01  1.14687234E+00  1.01381564E+00  1.14687234E+00
   131  5.24000000E+01  1.14687485E+00  1.01520913E+00  1.14687485E+00
   132  5.28000000E+01  1.14687627E+00  1.01671182E+00  1.14687627E+00
   133  5.32000000E+01  1.14687672E+00  1.01832893E+00  1.14687672E+00
   134  5.36000000E+01  1.14687628E+00  1.02006549E+00  1.14687628E+00
   135  5.40000000E+01  1.14687506E+00  1.02192623E+00  1.14687506E+00
   136  5.44000000E+01  1.14687312E+00  1.02391553E+00  1.14687312E+00
   137  5.48000000E+01  1.14687057E+00  1.02603729E+00  1.14687057E+00
   138  5.52000000E+01  1.14686745E+00  1.02829485E+00  1.14686745E+00
   139  5.56000000E+01  1.14686385E+00  1.03069084E+00  1.14686385E+00
   140  5.60000000E+01  1.14685980E+00  1.03322710E+00  1.14685980E+00
   141  5.64000000E+01  1.14685538E+00  1.03590455E+00  1.14685538E+00
   142  5.68000000E+01  1.14685063E+00  1.03872305E+00  1.14685063E+00
   143  5.72000000E+01  1.14684559E+00  1.04168128E+00  1.14684559E+00
   144  5.76000000E+01  1.14684030E+00  1.04477665E+00  1.14684030E+00
   145  5.80000000E+01  1.14683481E+00  1.04800517E+00  1.14683481E+00
   146  5.84000000E+01  1.14682914E+00  1.05136132E+00  1.14682914E+00
   147  5.88000000E+01  1.14682334E+00  1.05483803E+00  1.14682334E+00
   148  5.92000000E+01  1.14681763E+00  1.05842656E+00  1.14681763E+00
   149  5.96000000E+01  1.14681196E+00  1.06211647E+00  1.14681196E+00
   150  6.00000000E+01  1.14680623E+00  1.06589560E+00  1.14680623E+00
   151  6.04000000E+01  1.14680045E+00  1.06975010E+00  1.14680045E+00
   152  6.08000000E+01  1.14679485E+00  1.07366446E+00  1.14679485E+00
   153  6.12000000E+01  1.14678946E+00  1.07762157E+00  1.14678946E+00
   154  6.16000000E+01  1.14678406E+00  1.08160290E+00  1.14678406E+00
   155  6.20000000E+01  1.14677871E+00  1.08558861E+00  1.14677871E+00
   156  6.24000000E+01  1.14677380E+00  1.08955777E+00  1.14677380E+00
   157  6.28000000E+01  1.14676891E+00  1.09348865E+00  1.14676891E+00
   158  6.32000000E+01  1.14676405E+00  1.09735894E+00  1.14676405E+00
   159  6.36000000E+01  1.14675970E+00  1.10114615E+00  1.14675970E+00
   160  6.40000000E+01  1.14675535E+00  1.10482795E+00  1.14675535E+00
   161  6.44000000E+01  1.14675111E+00  1.10838259E+00  1.14675111E+00
   162  6.48000000E+01  1.14674732E+00  1.11178932E+00  1.14674732E+00
   163  6.52000000E+01  1.14674353E+00  1.11502889E+00  1.14674353E+00
   164  6.56000000E+01  1.14673995E+00  1.11808395E+00  1.14673995E+00
   165  6.60000000E+01  1.14673671E+00  1.12093958E+00  1.14673671E+00
   166  6.64000000E+01  1.14673345E+00  1.12358372E+00  1.14673345E+00
   167  6.68000000E+01  1.14673053E+00  1.12600758E+00  1.14673053E+00
   168  6.72000000E+01  1.14672780E+00  1.12820601E+00  1.14672780E+00
   169  6.76000000E+01  1.14672502E+00  1.13017780E+00  1.14672502E+00
   170  6.80000000E+01  1.14672270E+00  1.13192581E+00  1.14672270E+00
   171  6.84000000E+01  1.14672044E+00  1.13345711E+00  1.14672044E+00
   172  6.88000000E+01  1.14671818E+00  1.13478279E+00  1.14671818E+00
   173  6.92000000E+01  1.14671630E+00  1.13591777E+00  1.14671630E+00
   174  6.96000000E+01  1.14671445E+00  1.13688037E+00  1.14671445E+00
   175  7.00000000E+01  1.14671261E+00  1.13769162E+00  1.14671261E+00
   176  7.04000000E+01  1.14671111E+00  1.13837456E+00  1.14671111E+00
   177  7.08000000E+01  1.14670964E+00  1.13895327E+00  1.14670964E+00
   178  7.12000000E+01  1.14670804E+00  1.13945188E+00  1.14670804E+00
   179  7.16000000E+01  1.14670690E+00  1.13989350E+00  1.14670690E+00
   180  7.20000000E+01  1.14670578E+00  1.14029916E+00  1.14670578E+00
   181  7.24000000E+01  1.14670448E+00  1.14068693E+00  1.14670448E+00
   182  7.28000000E+01  1.14670344E+00  1.14107109E+00  1.14670344E+00
   183  7.32000000E+01  1.14670265E+00  1.14146166E+00  1.14670265E+00
   184  7.36000000E+01  1.14670166E+00  1.14186419E+00  1.14670166E+00
   185  7.40000000E+01  1.14670069E+00  1.14227980E+00  1.14670069E+00
   186  7.44000000E+01  1.14670006E+00  1.14270571E+00  1.14670006E+00
   187  7.48000000E+01  1.14669938E+00  1.14313589E+00  1.14669938E+00
   188  7.52000000E+01  1.14669872E+00  1.14356206E+00  1.14669872E+00
   189  7.56000000E+01  1.14669784E+00  1.14397482E+00  1.14669784E+00
   190  7.60000000E+01  1.14669749E+00  1.14436474E+00  1.14669749E+00
   191  7.64000000E+01  1.14669716E+00  1.14472347E+00  1.14669716E+00
   192  7.68000000E+01  1.14669661E+00  1.14504454E+00  1.14669661E+00
   193  7.72000000E+01  1.14669607E+00  1.14532404E+00  1.14669607E+00
   194  7.76000000E+01  1.14669592E+00  1.14556079E+00  1.14669592E+00
   195  7.80000000E+01  1.14669574E+00  1.14575633E+00  1.14669574E+00
   196  7.84000000E+01  1.14669557E+00  1.14591449E+00  1.14669557E+00
   197  7.88000000E+01  1.14669520E+00  1.14604076E+00  1.14669520E+00
   198  7.92000000E+01  1.14669525E+00  1.14614156E+00  1.14669525E+00
   199  7.96000000E+01  1.14669552E+00  1.14622340E+00  1.14669552E+00
   200  8.00000000E+01  1.14669560E+00  1.14629220E+00  1.14669560E+00
   201  8.04000000E+01  1.14669570E+00  1.14635271E+00  1.14669570E+00
   202  8.08000000E+01  1.14669597E+00  1.14640824E+00  1.14669597E+00
   203  8.12000000E+01  1.14669660E+00  1.14646058E+00  1.14669660E+00
   204  8.16000000E+01  1.14669724E+00  1.14651015E+00  1.14669724E+00
   205  8.20000000E+01  1.14669770E+00  1.14655635E+00  1.14669770E+00
   206  8.24000000E+01  1.14669825E+00  1.14659799E+00  1.14669825E+00
   207  8.28000000E+01  1.14669947E+00  1.14663370E+00  1.14669947E+00
   208  8.32000000E+01  1.14670052E+00  1.14666239E+00  1.14670052E+00
   209  8.36000000E+01  1.14670153E+00  1.14668341E+00  1.14670153E+00
   210  8.40000000E+01  1.14670228E+00  1.14669676E+00  1.14670228E+00
   211  8.44000000E+01  1.14670300E+00  1.14670300E+00  1.14670300E+00
   212  8.48000000E+01  1.14670319E+00  1.14670319E+00  1.14670319E+00
   213  8.52000000E+01  1.14669861E+00  1.14669861E+00  1.14669861E+00
   214  8.56000000E+01  1.14669061E+00  1.14669061E+00  1.14669061E+00
   215  8.60000000E+01  1.14668039E+00  1.14668039E+00  1.14668039E+00
   216  8.64000000E+01  1.14666886E+00  1.14666886E+00  1.14666886E+00
   217  8.68000000E+01  1.14665664E+00  1.14665664E+00  1.14665664E+00
 steady-height stop at step    217: rounded to 4 decimals, rounded max/end/ratio =      11467     11467     11467, max/end/ratio =   1.14665664E+00  1.14665664E+00  1.14665664E+00
