 comppar: model =   2
 comppar: lambda,mobility/eps,betav,eta_0 =  1.0000E+00  0.0000E+00  8.0000E-01  1.0000E+00
 comppar: eta_s,eta_p,G =  8.0000E-01  2.0000E-01  2.0000E-01
 comppar: U_avg,deltat,flowrate,nsteps =  1.0000E-01  2.0000E-01  3.1416E-01    2000
 comppar: geometry = axisymmetric
 comppar: steady stop change,gap,hold,min =  1.0000E-07  1.0000E-03       1      80
 comppar: steady stop truncated decimals =       3
 comppar: ncompc,ncompg =     4     5
 mesh nnodes = 5797
 mesh nelem = 2796
 P1 BC   5.0000000000000000     
 P2 BC   0.0000000000000000     
     1  2.00000000E-01  1.00253190E+00  1.00000000E+00  1.00253190E+00
     2  4.00000000E-01  1.00502739E+00  1.00000000E+00  1.00502739E+00
     3  6.00000000E-01  1.00748426E+00  1.00000000E+00  1.00748426E+00
     4  8.00000000E-01  1.00990169E+00  1.00000000E+00  1.00990169E+00
     5  1.00000000E+00  1.01228553E+00  1.00000000E+00  1.01228553E+00
     6  1.20000000E+00  1.01463047E+00  1.00000000E+00  1.01463047E+00
     7  1.40000000E+00  1.01693564E+00  1.00000000E+00  1.01693564E+00
     8  1.60000000E+00  1.01921657E+00  1.00000000E+00  1.01921657E+00
     9  1.80000000E+00  1.02145315E+00  1.00000000E+00  1.02145315E+00
    10  2.00000000E+00  1.02366929E+00  1.00000000E+00  1.02366929E+00
    11  2.20000000E+00  1.02584730E+00  1.00000000E+00  1.02584730E+00
    12  2.40000000E+00  1.02800121E+00  1.00000000E+00  1.02800121E+00
    13  2.60000000E+00  1.03011785E+00  1.00000000E+00  1.03011785E+00
    14  2.80000000E+00  1.03221870E+00  1.00000000E+00  1.03221870E+00
    15  3.00000000E+00  1.03427590E+00  1.00000000E+00  1.03427590E+00
    16  3.20000000E+00  1.03632645E+00  1.00000000E+00  1.03632645E+00
    17  3.40000000E+00  1.03832030E+00  1.00000000E+00  1.03832030E+00
    18  3.60000000E+00  1.04031993E+00  1.00000000E+00  1.04031993E+00
    19  3.80000000E+00  1.04227309E+00  1.00000000E+00  1.04227309E+00
    20  4.00000000E+00  1.04420183E+00  1.00000000E+00  1.04420183E+00
    21  4.20000000E+00  1.04611575E+00  1.00000000E+00  1.04611575E+00
    22  4.40000000E+00  1.04796876E+00  9.99999998E-01  1.04796876E+00
    23  4.60000000E+00  1.04983712E+00  9.99999996E-01  1.04983712E+00
    24  4.80000000E+00  1.05166294E+00  9.99999993E-01  1.05166294E+00
    25  5.00000000E+00  1.05343641E+00  9.99999989E-01  1.05343641E+00
    26  5.20000000E+00  1.05523593E+00  9.99999985E-01  1.05523593E+00
    27  5.40000000E+00  1.05697198E+00  9.99999980E-01  1.05697198E+00
    28  5.60000000E+00  1.05865865E+00  9.99999975E-01  1.05865865E+00
    29  5.80000000E+00  1.06038283E+00  9.99999968E-01  1.06038283E+00
    30  6.00000000E+00  1.06204150E+00  9.99999961E-01  1.06204150E+00
    31  6.20000000E+00  1.06364873E+00  9.99999953E-01  1.06364873E+00
    32  6.40000000E+00  1.06529698E+00  9.99999944E-01  1.06529698E+00
    33  6.60000000E+00  1.06687771E+00  9.99999933E-01  1.06687771E+00
    34  6.80000000E+00  1.06838800E+00  9.99999922E-01  1.06838800E+00
    35  7.00000000E+00  1.06995880E+00  9.99999909E-01  1.06995880E+00
    36  7.20000000E+00  1.07147819E+00  9.99999895E-01  1.07147819E+00
    37  7.40000000E+00  1.07292627E+00  9.99999879E-01  1.07292627E+00
    38  7.60000000E+00  1.07439010E+00  9.99999862E-01  1.07439010E+00
    39  7.80000000E+00  1.07584822E+00  9.99999842E-01  1.07584822E+00
    40  8.00000000E+00  1.07723407E+00  9.99999822E-01  1.07723407E+00
    41  8.20000000E+00  1.07854660E+00  9.99999799E-01  1.07854660E+00
    42  8.40000000E+00  1.07996365E+00  9.99999774E-01  1.07996365E+00
    43  8.60000000E+00  1.08130831E+00  9.99999747E-01  1.08130831E+00
    44  8.80000000E+00  1.08257837E+00  9.99999717E-01  1.08257837E+00
    45  9.00000000E+00  1.08384242E+00  9.99999685E-01  1.08384242E+00
    46  9.20000000E+00  1.08514594E+00  9.99999650E-01  1.08514594E+00
    47  9.40000000E+00  1.08637471E+00  9.99999613E-01  1.08637471E+00
    48  9.60000000E+00  1.08752690E+00  9.99999572E-01  1.08752690E+00
    49  9.80000000E+00  1.08870149E+00  9.99999528E-01  1.08870149E+00
    50  1.00000000E+01  1.08991368E+00  9.99999481E-01  1.08991368E+00
    51  1.02000000E+01  1.09104988E+00  9.99999430E-01  1.09104988E+00
    52  1.04000000E+01  1.09210867E+00  9.99999375E-01  1.09210867E+00
    53  1.06000000E+01  1.09320141E+00  9.99999317E-01  1.09320141E+00
    54  1.08000000E+01  1.09432115E+00  9.99999254E-01  1.09432115E+00
    55  1.10000000E+01  1.09536392E+00  9.99999186E-01  1.09536392E+00
    56  1.12000000E+01  1.09632870E+00  9.99999114E-01  1.09632870E+00
    57  1.14000000E+01  1.09729074E+00  9.99999037E-01  1.09729074E+00
    58  1.16000000E+01  1.09834026E+00  9.99998954E-01  1.09834026E+00
    59  1.18000000E+01  1.09931261E+00  9.99998866E-01  1.09931261E+00
    60  1.20000000E+01  1.10020723E+00  9.99998772E-01  1.10020723E+00
    61  1.22000000E+01  1.10104606E+00  9.99998672E-01  1.10104606E+00
    62  1.24000000E+01  1.10202475E+00  9.99998566E-01  1.10202475E+00
    63  1.26000000E+01  1.10292615E+00  9.99998452E-01  1.10292615E+00
    64  1.28000000E+01  1.10375014E+00  9.99998331E-01  1.10375014E+00
    65  1.30000000E+01  1.10449735E+00  9.99998203E-01  1.10449735E+00
    66  1.32000000E+01  1.10536416E+00  9.99998067E-01  1.10536416E+00
    67  1.34000000E+01  1.10619825E+00  9.99997923E-01  1.10619825E+00
    68  1.36000000E+01  1.10695608E+00  9.99997770E-01  1.10695608E+00
    69  1.38000000E+01  1.10763900E+00  9.99997607E-01  1.10763900E+00
    70  1.40000000E+01  1.10840449E+00  9.99997436E-01  1.10840449E+00
    71  1.42000000E+01  1.10917077E+00  9.99997254E-01  1.10917077E+00
    72  1.44000000E+01  1.10986199E+00  9.99997061E-01  1.10986199E+00
    73  1.46000000E+01  1.11048018E+00  9.99996858E-01  1.11048018E+00
    74  1.48000000E+01  1.11114428E+00  9.99996643E-01  1.11114428E+00
    75  1.50000000E+01  1.11184593E+00  9.99996416E-01  1.11184593E+00
    76  1.52000000E+01  1.11247475E+00  9.99996176E-01  1.11247475E+00
    77  1.54000000E+01  1.11303344E+00  9.99995924E-01  1.11303344E+00
    78  1.56000000E+01  1.11361993E+00  9.99995657E-01  1.11361993E+00
    79  1.58000000E+01  1.11425652E+00  9.99995376E-01  1.11425652E+00
    80  1.60000000E+01  1.11482257E+00  9.99995081E-01  1.11482257E+00
    81  1.62000000E+01  1.11532150E+00  9.99994769E-01  1.11532150E+00
    82  1.64000000E+01  1.11583600E+00  9.99994442E-01  1.11583600E+00
    83  1.66000000E+01  1.11641240E+00  9.99994097E-01  1.11641240E+00
    84  1.68000000E+01  1.11692144E+00  9.99993735E-01  1.11692144E+00
    85  1.70000000E+01  1.11736698E+00  9.99993354E-01  1.11736698E+00
    86  1.72000000E+01  1.11782127E+00  9.99992954E-01  1.11782127E+00
    87  1.74000000E+01  1.11833725E+00  9.99992535E-01  1.11833725E+00
    88  1.76000000E+01  1.11878919E+00  9.99992095E-01  1.11878919E+00
    89  1.78000000E+01  1.11918152E+00  9.99991633E-01  1.11918152E+00
    90  1.80000000E+01  1.11959027E+00  9.99991149E-01  1.11959027E+00
    91  1.82000000E+01  1.12005190E+00  9.99990641E-01  1.12005190E+00
    92  1.84000000E+01  1.12045328E+00  9.99990110E-01  1.12045328E+00
    93  1.86000000E+01  1.12079906E+00  9.99989554E-01  1.12079906E+00
    94  1.88000000E+01  1.12115760E+00  9.99988972E-01  1.12115760E+00
    95  1.90000000E+01  1.12156503E+00  9.99988363E-01  1.12156503E+00
    96  1.92000000E+01  1.12191630E+00  9.99987726E-01  1.12191630E+00
    97  1.94000000E+01  1.12221635E+00  9.99987060E-01  1.12221635E+00
    98  1.96000000E+01  1.12254760E+00  9.99986365E-01  1.12254760E+00
    99  1.98000000E+01  1.12290737E+00  9.99985639E-01  1.12290737E+00
   100  2.00000000E+01  1.12321503E+00  9.99984882E-01  1.12321503E+00
   101  2.02000000E+01  1.12347562E+00  9.99984091E-01  1.12347562E+00
   102  2.04000000E+01  1.12376403E+00  9.99983267E-01  1.12376403E+00
   103  2.06000000E+01  1.12407688E+00  9.99982408E-01  1.12407688E+00
   104  2.08000000E+01  1.12434210E+00  9.99981513E-01  1.12434210E+00
   105  2.10000000E+01  1.12456484E+00  9.99980580E-01  1.12456484E+00
   106  2.12000000E+01  1.12484002E+00  9.99979610E-01  1.12484002E+00
   107  2.14000000E+01  1.12511225E+00  9.99978600E-01  1.12511225E+00
   108  2.16000000E+01  1.12534097E+00  9.99977550E-01  1.12534097E+00
   109  2.18000000E+01  1.12553129E+00  9.99976458E-01  1.12553129E+00
   110  2.20000000E+01  1.12576719E+00  9.99975324E-01  1.12576719E+00
   111  2.22000000E+01  1.12600027E+00  9.99974146E-01  1.12600027E+00
   112  2.24000000E+01  1.12619441E+00  9.99972923E-01  1.12619441E+00
   113  2.26000000E+01  1.12635465E+00  9.99971654E-01  1.12635465E+00
   114  2.28000000E+01  1.12658643E+00  9.99970338E-01  1.12658643E+00
   115  2.30000000E+01  1.12678598E+00  9.99968974E-01  1.12678598E+00
   116  2.32000000E+01  1.12695060E+00  9.99967561E-01  1.12695060E+00
   117  2.34000000E+01  1.12708518E+00  9.99966097E-01  1.12708518E+00
   118  2.36000000E+01  1.12727946E+00  9.99964583E-01  1.12727946E+00
   119  2.38000000E+01  1.12744764E+00  9.99963016E-01  1.12744764E+00
   120  2.40000000E+01  1.12758530E+00  9.99961397E-01  1.12758530E+00
   121  2.42000000E+01  1.12771932E+00  9.99959723E-01  1.12771932E+00
   122  2.44000000E+01  1.12789234E+00  9.99957995E-01  1.12789234E+00
   123  2.46000000E+01  1.12803382E+00  9.99956211E-01  1.12803382E+00
   124  2.48000000E+01  1.12814852E+00  9.99954371E-01  1.12814852E+00
   125  2.50000000E+01  1.12825492E+00  9.99952475E-01  1.12825492E+00
   126  2.52000000E+01  1.12839970E+00  9.99950521E-01  1.12839970E+00
   127  2.54000000E+01  1.12851722E+00  9.99948510E-01  1.12851722E+00
   128  2.56000000E+01  1.12861200E+00  9.99946440E-01  1.12861200E+00
   129  2.58000000E+01  1.12872929E+00  9.99944313E-01  1.12872929E+00
   130  2.60000000E+01  1.12885009E+00  9.99942127E-01  1.12885009E+00
   131  2.62000000E+01  1.12894724E+00  9.99939883E-01  1.12894724E+00
   132  2.64000000E+01  1.12902500E+00  9.99937581E-01  1.12902500E+00
   133  2.66000000E+01  1.12911378E+00  9.99935221E-01  1.12911378E+00
   134  2.68000000E+01  1.12921350E+00  9.99932804E-01  1.12921350E+00
   135  2.70000000E+01  1.12929340E+00  9.99930331E-01  1.12929340E+00
   136  2.72000000E+01  1.12935742E+00  9.99927802E-01  1.12935742E+00
   137  2.74000000E+01  1.12945668E+00  9.99925219E-01  1.12945668E+00
   138  2.76000000E+01  1.12953847E+00  9.99922584E-01  1.12953847E+00
   139  2.78000000E+01  1.12960359E+00  9.99919897E-01  1.12960359E+00
   140  2.80000000E+01  1.12965565E+00  9.99917161E-01  1.12965565E+00
   141  2.82000000E+01  1.12972605E+00  9.99914378E-01  1.12972605E+00
   142  2.84000000E+01  1.12979309E+00  9.99911551E-01  1.12979309E+00
   143  2.86000000E+01  1.12984674E+00  9.99908683E-01  1.12984674E+00
   144  2.88000000E+01  1.12990075E+00  9.99905776E-01  1.12990075E+00
   145  2.90000000E+01  1.12996920E+00  9.99902835E-01  1.12996920E+00
   146  2.92000000E+01  1.13002353E+00  9.99899864E-01  1.13002353E+00
   147  2.94000000E+01  1.13006706E+00  9.99896866E-01  1.13006706E+00
   148  2.96000000E+01  1.13010265E+00  9.99893848E-01  1.13010265E+00
   149  2.98000000E+01  1.13015318E+00  9.99890815E-01  1.13015318E+00
   150  3.00000000E+01  1.13019812E+00  9.99887773E-01  1.13019812E+00
   151  3.02000000E+01  1.13023486E+00  9.99884729E-01  1.13023486E+00
   152  3.04000000E+01  1.13027726E+00  9.99881689E-01  1.13027726E+00
   153  3.06000000E+01  1.13032248E+00  9.99878663E-01  1.13032248E+00
   154  3.08000000E+01  1.13035895E+00  9.99875658E-01  1.13035895E+00
   155  3.10000000E+01  1.13038923E+00  9.99872684E-01  1.13038923E+00
   156  3.12000000E+01  1.13041540E+00  9.99869751E-01  1.13041540E+00
   157  3.14000000E+01  1.13044527E+00  9.99866871E-01  1.13044527E+00
   158  3.16000000E+01  1.13047656E+00  9.99864056E-01  1.13047656E+00
   159  3.18000000E+01  1.13050357E+00  9.99861317E-01  1.13050357E+00
   160  3.20000000E+01  1.13053050E+00  9.99858671E-01  1.13053050E+00
   161  3.22000000E+01  1.13056123E+00  9.99856130E-01  1.13056123E+00
   162  3.24000000E+01  1.13058730E+00  9.99853712E-01  1.13058730E+00
   163  3.26000000E+01  1.13061051E+00  9.99851433E-01  1.13061051E+00
   164  3.28000000E+01  1.13063219E+00  9.99849312E-01  1.13063219E+00
   165  3.30000000E+01  1.13065326E+00  9.99847369E-01  1.13065326E+00
   166  3.32000000E+01  1.13067432E+00  9.99845626E-01  1.13067432E+00
   167  3.34000000E+01  1.13069563E+00  9.99844103E-01  1.13069563E+00
   168  3.36000000E+01  1.13071723E+00  9.99842827E-01  1.13071723E+00
   169  3.38000000E+01  1.13073898E+00  9.99841822E-01  1.13073898E+00
   170  3.40000000E+01  1.13076061E+00  9.99841117E-01  1.13076061E+00
   171  3.42000000E+01  1.13078180E+00  9.99840739E-01  1.13078180E+00
   172  3.44000000E+01  1.13080220E+00  9.99840722E-01  1.13080220E+00
   173  3.46000000E+01  1.13082152E+00  9.99841097E-01  1.13082152E+00
   174  3.48000000E+01  1.13084099E+00  9.99841900E-01  1.13084099E+00
   175  3.50000000E+01  1.13086182E+00  9.99843169E-01  1.13086182E+00
   176  3.52000000E+01  1.13088152E+00  9.99844943E-01  1.13088152E+00
   177  3.54000000E+01  1.13089984E+00  9.99847265E-01  1.13089984E+00
   178  3.56000000E+01  1.13091659E+00  9.99850179E-01  1.13091659E+00
   179  3.58000000E+01  1.13093166E+00  9.99853733E-01  1.13093166E+00
   180  3.60000000E+01  1.13094579E+00  9.99857976E-01  1.13094579E+00
   181  3.62000000E+01  1.13096282E+00  9.99862963E-01  1.13096282E+00
   182  3.64000000E+01  1.13097827E+00  9.99868748E-01  1.13097827E+00
   183  3.66000000E+01  1.13099208E+00  9.99875392E-01  1.13099208E+00
   184  3.68000000E+01  1.13100426E+00  9.99882956E-01  1.13100426E+00
   185  3.70000000E+01  1.13101490E+00  9.99891508E-01  1.13101490E+00
   186  3.72000000E+01  1.13102892E+00  9.99901116E-01  1.13102892E+00
   187  3.74000000E+01  1.13104130E+00  9.99911855E-01  1.13104130E+00
   188  3.76000000E+01  1.13105209E+00  9.99923801E-01  1.13105209E+00
   189  3.78000000E+01  1.13106143E+00  9.99937038E-01  1.13106143E+00
   190  3.80000000E+01  1.13106950E+00  9.99951650E-01  1.13106950E+00
   191  3.82000000E+01  1.13107945E+00  9.99967729E-01  1.13107945E+00
   192  3.84000000E+01  1.13108920E+00  9.99985370E-01  1.13108920E+00
   193  3.86000000E+01  1.13109762E+00  1.00000467E+00  1.13109762E+00
   194  3.88000000E+01  1.13110488E+00  1.00002574E+00  1.13110488E+00
   195  3.90000000E+01  1.13111116E+00  1.00004869E+00  1.13111116E+00
   196  3.92000000E+01  1.13111793E+00  1.00007364E+00  1.13111793E+00
   197  3.94000000E+01  1.13112526E+00  1.00010070E+00  1.13112526E+00
   198  3.96000000E+01  1.13113160E+00  1.00013001E+00  1.13113160E+00
   199  3.98000000E+01  1.13113713E+00  1.00016169E+00  1.13113713E+00
   200  4.00000000E+01  1.13114201E+00  1.00019590E+00  1.13114201E+00
   201  4.02000000E+01  1.13114639E+00  1.00023278E+00  1.13114639E+00
   202  4.04000000E+01  1.13115167E+00  1.00027248E+00  1.13115167E+00
   203  4.06000000E+01  1.13115665E+00  1.00031517E+00  1.13115665E+00
   204  4.08000000E+01  1.13116108E+00  1.00036102E+00  1.13116108E+00
   205  4.10000000E+01  1.13116506E+00  1.00041020E+00  1.13116506E+00
   206  4.12000000E+01  1.13116869E+00  1.00046290E+00  1.13116869E+00
   207  4.14000000E+01  1.13117205E+00  1.00051931E+00  1.13117205E+00
   208  4.16000000E+01  1.13117517E+00  1.00057964E+00  1.13117517E+00
   209  4.18000000E+01  1.13117809E+00  1.00064410E+00  1.13117809E+00
   210  4.20000000E+01  1.13118102E+00  1.00071292E+00  1.13118102E+00
   211  4.22000000E+01  1.13118420E+00  1.00078631E+00  1.13118420E+00
   212  4.24000000E+01  1.13118716E+00  1.00086452E+00  1.13118716E+00
   213  4.26000000E+01  1.13118994E+00  1.00094781E+00  1.13118994E+00
   214  4.28000000E+01  1.13119251E+00  1.00103644E+00  1.13119251E+00
   215  4.30000000E+01  1.13119488E+00  1.00113067E+00  1.13119488E+00
   216  4.32000000E+01  1.13119704E+00  1.00123079E+00  1.13119704E+00
   217  4.34000000E+01  1.13119900E+00  1.00133710E+00  1.13119900E+00
   218  4.36000000E+01  1.13120074E+00  1.00144991E+00  1.13120074E+00
   219  4.38000000E+01  1.13120228E+00  1.00156953E+00  1.13120228E+00
   220  4.40000000E+01  1.13120399E+00  1.00169630E+00  1.13120399E+00
   221  4.42000000E+01  1.13120576E+00  1.00183056E+00  1.13120576E+00
   222  4.44000000E+01  1.13120733E+00  1.00197266E+00  1.13120733E+00
   223  4.46000000E+01  1.13120872E+00  1.00212299E+00  1.13120872E+00
   224  4.48000000E+01  1.13120994E+00  1.00228192E+00  1.13120994E+00
   225  4.50000000E+01  1.13121099E+00  1.00244986E+00  1.13121099E+00
   226  4.52000000E+01  1.13121189E+00  1.00262722E+00  1.13121189E+00
   227  4.54000000E+01  1.13121267E+00  1.00281442E+00  1.13121267E+00
   228  4.56000000E+01  1.13121333E+00  1.00301191E+00  1.13121333E+00
   229  4.58000000E+01  1.13121389E+00  1.00322014E+00  1.13121389E+00
   230  4.60000000E+01  1.13121443E+00  1.00343959E+00  1.13121443E+00
   231  4.62000000E+01  1.13121511E+00  1.00367075E+00  1.13121511E+00
   232  4.64000000E+01  1.13121568E+00  1.00391411E+00  1.13121568E+00
   233  4.66000000E+01  1.13121616E+00  1.00417020E+00  1.13121616E+00
   234  4.68000000E+01  1.13121658E+00  1.00443956E+00  1.13121658E+00
   235  4.70000000E+01  1.13121692E+00  1.00472272E+00  1.13121692E+00
   236  4.72000000E+01  1.13121721E+00  1.00502026E+00  1.13121721E+00
   237  4.74000000E+01  1.13121745E+00  1.00533275E+00  1.13121745E+00
   238  4.76000000E+01  1.13121765E+00  1.00566081E+00  1.13121765E+00
   239  4.78000000E+01  1.13121781E+00  1.00600502E+00  1.13121781E+00
   240  4.80000000E+01  1.13121792E+00  1.00636603E+00  1.13121792E+00
   241  4.82000000E+01  1.13121801E+00  1.00674447E+00  1.13121801E+00
   242  4.84000000E+01  1.13121806E+00  1.00714099E+00  1.13121806E+00
   243  4.86000000E+01  1.13121809E+00  1.00755627E+00  1.13121809E+00
   244  4.88000000E+01  1.13121809E+00  1.00799099E+00  1.13121809E+00
   245  4.90000000E+01  1.13121807E+00  1.00844584E+00  1.13121807E+00
   246  4.92000000E+01  1.13121803E+00  1.00892153E+00  1.13121803E+00
   247  4.94000000E+01  1.13121797E+00  1.00941878E+00  1.13121797E+00
   248  4.96000000E+01  1.13121790E+00  1.00993831E+00  1.13121790E+00
   249  4.98000000E+01  1.13121782E+00  1.01048085E+00  1.13121782E+00
   250  5.00000000E+01  1.13121773E+00  1.01104716E+00  1.13121773E+00
   251  5.02000000E+01  1.13121763E+00  1.01163799E+00  1.13121763E+00
   252  5.04000000E+01  1.13121753E+00  1.01225408E+00  1.13121753E+00
   253  5.06000000E+01  1.13121742E+00  1.01289619E+00  1.13121742E+00
   254  5.08000000E+01  1.13121731E+00  1.01356510E+00  1.13121731E+00
   255  5.10000000E+01  1.13121720E+00  1.01426154E+00  1.13121720E+00
   256  5.12000000E+01  1.13121708E+00  1.01498629E+00  1.13121708E+00
   257  5.14000000E+01  1.13121696E+00  1.01574009E+00  1.13121696E+00
   258  5.16000000E+01  1.13121685E+00  1.01652368E+00  1.13121685E+00
   259  5.18000000E+01  1.13121673E+00  1.01733779E+00  1.13121673E+00
   260  5.20000000E+01  1.13121662E+00  1.01818315E+00  1.13121662E+00
   261  5.22000000E+01  1.13121650E+00  1.01906045E+00  1.13121650E+00
   262  5.24000000E+01  1.13121639E+00  1.01997038E+00  1.13121639E+00
   263  5.26000000E+01  1.13121628E+00  1.02091359E+00  1.13121628E+00
   264  5.28000000E+01  1.13121618E+00  1.02189072E+00  1.13121618E+00
   265  5.30000000E+01  1.13121607E+00  1.02290236E+00  1.13121607E+00
   266  5.32000000E+01  1.13121597E+00  1.02394909E+00  1.13121597E+00
   267  5.34000000E+01  1.13121587E+00  1.02503142E+00  1.13121587E+00
   268  5.36000000E+01  1.13121578E+00  1.02614985E+00  1.13121578E+00
   269  5.38000000E+01  1.13121569E+00  1.02730480E+00  1.13121569E+00
   270  5.40000000E+01  1.13121560E+00  1.02849666E+00  1.13121560E+00
   271  5.42000000E+01  1.13121552E+00  1.02972576E+00  1.13121552E+00
   272  5.44000000E+01  1.13121543E+00  1.03099235E+00  1.13121543E+00
   273  5.46000000E+01  1.13121536E+00  1.03229665E+00  1.13121536E+00
   274  5.48000000E+01  1.13121528E+00  1.03363877E+00  1.13121528E+00
   275  5.50000000E+01  1.13121521E+00  1.03501877E+00  1.13121521E+00
   276  5.52000000E+01  1.13121514E+00  1.03643661E+00  1.13121514E+00
   277  5.54000000E+01  1.13121508E+00  1.03789218E+00  1.13121508E+00
   278  5.56000000E+01  1.13121502E+00  1.03938525E+00  1.13121502E+00
   279  5.58000000E+01  1.13121496E+00  1.04091553E+00  1.13121496E+00
   280  5.60000000E+01  1.13121490E+00  1.04248261E+00  1.13121490E+00
   281  5.62000000E+01  1.13121485E+00  1.04408597E+00  1.13121485E+00
   282  5.64000000E+01  1.13121480E+00  1.04572499E+00  1.13121480E+00
   283  5.66000000E+01  1.13121475E+00  1.04739892E+00  1.13121475E+00
   284  5.68000000E+01  1.13121471E+00  1.04910691E+00  1.13121471E+00
   285  5.70000000E+01  1.13121467E+00  1.05084799E+00  1.13121467E+00
   286  5.72000000E+01  1.13121463E+00  1.05262103E+00  1.13121463E+00
   287  5.74000000E+01  1.13121459E+00  1.05442483E+00  1.13121459E+00
   288  5.76000000E+01  1.13121455E+00  1.05625800E+00  1.13121455E+00
   289  5.78000000E+01  1.13121452E+00  1.05811907E+00  1.13121452E+00
   290  5.80000000E+01  1.13121449E+00  1.06000640E+00  1.13121449E+00
   291  5.82000000E+01  1.13121446E+00  1.06191824E+00  1.13121446E+00
   292  5.84000000E+01  1.13121443E+00  1.06385271E+00  1.13121443E+00
   293  5.86000000E+01  1.13121441E+00  1.06580779E+00  1.13121441E+00
   294  5.88000000E+01  1.13121438E+00  1.06778132E+00  1.13121438E+00
   295  5.90000000E+01  1.13121436E+00  1.06977104E+00  1.13121436E+00
   296  5.92000000E+01  1.13121434E+00  1.07177455E+00  1.13121434E+00
   297  5.94000000E+01  1.13121432E+00  1.07378932E+00  1.13121432E+00
   298  5.96000000E+01  1.13121430E+00  1.07581273E+00  1.13121430E+00
   299  5.98000000E+01  1.13121428E+00  1.07784204E+00  1.13121428E+00
   300  6.00000000E+01  1.13121427E+00  1.07987439E+00  1.13121427E+00
   301  6.02000000E+01  1.13121425E+00  1.08190684E+00  1.13121425E+00
   302  6.04000000E+01  1.13121424E+00  1.08393636E+00  1.13121424E+00
   303  6.06000000E+01  1.13121422E+00  1.08595983E+00  1.13121422E+00
   304  6.08000000E+01  1.13121421E+00  1.08797405E+00  1.13121421E+00
   305  6.10000000E+01  1.13121420E+00  1.08997578E+00  1.13121420E+00
   306  6.12000000E+01  1.13121419E+00  1.09196171E+00  1.13121419E+00
   307  6.14000000E+01  1.13121418E+00  1.09392847E+00  1.13121418E+00
   308  6.16000000E+01  1.13121417E+00  1.09587269E+00  1.13121417E+00
   309  6.18000000E+01  1.13121416E+00  1.09779095E+00  1.13121416E+00
   310  6.20000000E+01  1.13121415E+00  1.09967985E+00  1.13121415E+00
   311  6.22000000E+01  1.13121415E+00  1.10153599E+00  1.13121415E+00
   312  6.24000000E+01  1.13121414E+00  1.10335596E+00  1.13121414E+00
   313  6.26000000E+01  1.13121413E+00  1.10513644E+00  1.13121413E+00
   314  6.28000000E+01  1.13121413E+00  1.10687411E+00  1.13121413E+00
   315  6.30000000E+01  1.13121412E+00  1.10856575E+00  1.13121412E+00
   316  6.32000000E+01  1.13121412E+00  1.11020823E+00  1.13121412E+00
   317  6.34000000E+01  1.13121411E+00  1.11179850E+00  1.13121411E+00
   318  6.36000000E+01  1.13121411E+00  1.11333366E+00  1.13121411E+00
   319  6.38000000E+01  1.13121410E+00  1.11481094E+00  1.13121410E+00
   320  6.40000000E+01  1.13121410E+00  1.11622776E+00  1.13121410E+00
   321  6.42000000E+01  1.13121409E+00  1.11758169E+00  1.13121409E+00
   322  6.44000000E+01  1.13121409E+00  1.11887058E+00  1.13121409E+00
   323  6.46000000E+01  1.13121409E+00  1.12009247E+00  1.13121409E+00
   324  6.48000000E+01  1.13121409E+00  1.12124571E+00  1.13121409E+00
   325  6.50000000E+01  1.13121408E+00  1.12232894E+00  1.13121408E+00
   326  6.52000000E+01  1.13121408E+00  1.12334115E+00  1.13121408E+00
   327  6.54000000E+01  1.13121408E+00  1.12428168E+00  1.13121408E+00
   328  6.56000000E+01  1.13121408E+00  1.12515030E+00  1.13121408E+00
   329  6.58000000E+01  1.13121408E+00  1.12594718E+00  1.13121408E+00
   330  6.60000000E+01  1.13121407E+00  1.12667296E+00  1.13121407E+00
   331  6.62000000E+01  1.13121407E+00  1.12732874E+00  1.13121407E+00
   332  6.64000000E+01  1.13121407E+00  1.12791614E+00  1.13121407E+00
   333  6.66000000E+01  1.13121407E+00  1.12843725E+00  1.13121407E+00
   334  6.68000000E+01  1.13121407E+00  1.12889463E+00  1.13121407E+00
   335  6.70000000E+01  1.13121407E+00  1.12929133E+00  1.13121407E+00
   336  6.72000000E+01  1.13121407E+00  1.12963084E+00  1.13121407E+00
   337  6.74000000E+01  1.13121406E+00  1.12991703E+00  1.13121406E+00
   338  6.76000000E+01  1.13121406E+00  1.13015411E+00  1.13121406E+00
   339  6.78000000E+01  1.13121406E+00  1.13034657E+00  1.13121406E+00
   340  6.80000000E+01  1.13121406E+00  1.13049909E+00  1.13121406E+00
   341  6.82000000E+01  1.13121406E+00  1.13061645E+00  1.13121406E+00
   342  6.84000000E+01  1.13121406E+00  1.13070347E+00  1.13121406E+00
   343  6.86000000E+01  1.13121406E+00  1.13076489E+00  1.13121406E+00
   344  6.88000000E+01  1.13121406E+00  1.13080528E+00  1.13121406E+00
   345  6.90000000E+01  1.13121406E+00  1.13082899E+00  1.13121406E+00
   346  6.92000000E+01  1.13121406E+00  1.13084005E+00  1.13121406E+00
   347  6.94000000E+01  1.13121406E+00  1.13084209E+00  1.13121406E+00
   348  6.96000000E+01  1.13121406E+00  1.13083834E+00  1.13121406E+00
   349  6.98000000E+01  1.13121406E+00  1.13083154E+00  1.13121406E+00
   350  7.00000000E+01  1.13121406E+00  1.13082396E+00  1.13121406E+00
   351  7.02000000E+01  1.13121406E+00  1.13081740E+00  1.13121406E+00
   352  7.04000000E+01  1.13121406E+00  1.13081315E+00  1.13121406E+00
   353  7.06000000E+01  1.13121406E+00  1.13081210E+00  1.13121406E+00
   354  7.08000000E+01  1.13121406E+00  1.13081471E+00  1.13121406E+00
   355  7.10000000E+01  1.13121406E+00  1.13082111E+00  1.13121406E+00
   356  7.12000000E+01  1.13121406E+00  1.13083113E+00  1.13121406E+00
   357  7.14000000E+01  1.13121406E+00  1.13084437E+00  1.13121406E+00
   358  7.16000000E+01  1.13121406E+00  1.13086027E+00  1.13121406E+00
   359  7.18000000E+01  1.13121406E+00  1.13087815E+00  1.13121406E+00
   360  7.20000000E+01  1.13121406E+00  1.13089730E+00  1.13121406E+00
   361  7.22000000E+01  1.13121406E+00  1.13091700E+00  1.13121406E+00
   362  7.24000000E+01  1.13121405E+00  1.13093659E+00  1.13121405E+00
   363  7.26000000E+01  1.13121405E+00  1.13095546E+00  1.13121405E+00
   364  7.28000000E+01  1.13121405E+00  1.13097315E+00  1.13121405E+00
   365  7.30000000E+01  1.13121405E+00  1.13098926E+00  1.13121405E+00
   366  7.32000000E+01  1.13121405E+00  1.13100356E+00  1.13121405E+00
 steady-height stop at step    366: truncated to 3 decimals, truncated max/end/ratio =       1131      1131      1131, max/end/ratio =   1.13121405E+00  1.13100356E+00  1.13121405E+00
