 comppar: model =   2
 comppar: lambda,mobility/eps,betav,eta_0 =  1.0000E+00  0.0000E+00  1.0000E-01  1.0000E+00
 comppar: eta_s,eta_p,G =  1.0000E-01  9.0000E-01  9.0000E-01
 comppar: U_avg,deltat,flowrate,nsteps =  1.0000E-01  2.0000E-01  3.1416E-01    2000
 comppar: geometry = axisymmetric
 comppar: steady stop change,gap,hold,min =  1.0000E-07  1.0000E-03       1      80
 comppar: steady stop truncated decimals =       3
 comppar: ncompc,ncompg =     4     5
 mesh nnodes = 5797
 mesh nelem = 2796
 P1 BC   5.0000000000000000     
 P2 BC   0.0000000000000000     
     1  2.00000000E-01  1.00252576E+00  1.00000000E+00  1.00252576E+00
     2  4.00000000E-01  1.00497246E+00  1.00000000E+00  1.00497246E+00
     3  6.00000000E-01  1.00732055E+00  1.00000000E+00  1.00732055E+00
     4  8.00000000E-01  1.00961164E+00  1.00000000E+00  1.00961164E+00
     5  1.00000000E+00  1.01186142E+00  1.00000000E+00  1.01186142E+00
     6  1.20000000E+00  1.01408136E+00  1.00000000E+00  1.01408136E+00
     7  1.40000000E+00  1.01627312E+00  1.00000000E+00  1.01627312E+00
     8  1.60000000E+00  1.01846184E+00  1.00000000E+00  1.01846184E+00
     9  1.80000000E+00  1.02063003E+00  1.00000000E+00  1.02063003E+00
    10  2.00000000E+00  1.02279021E+00  1.00000001E+00  1.02279021E+00
    11  2.20000000E+00  1.02492800E+00  1.00000001E+00  1.02492800E+00
    12  2.40000000E+00  1.02706261E+00  1.00000001E+00  1.02706261E+00
    13  2.60000000E+00  1.02916306E+00  1.00000001E+00  1.02916306E+00
    14  2.80000000E+00  1.03126855E+00  1.00000001E+00  1.03126855E+00
    15  3.00000000E+00  1.03333131E+00  1.00000001E+00  1.03333131E+00
    16  3.20000000E+00  1.03538967E+00  1.00000001E+00  1.03538967E+00
    17  3.40000000E+00  1.03742580E+00  1.00000001E+00  1.03742580E+00
    18  3.60000000E+00  1.03942027E+00  1.00000001E+00  1.03942027E+00
    19  3.80000000E+00  1.04142822E+00  1.00000001E+00  1.04142822E+00
    20  4.00000000E+00  1.04338589E+00  1.00000001E+00  1.04338589E+00
    21  4.20000000E+00  1.04531738E+00  1.00000000E+00  1.04531738E+00
    22  4.40000000E+00  1.04725382E+00  1.00000000E+00  1.04725382E+00
    23  4.60000000E+00  1.04913555E+00  1.00000000E+00  1.04913555E+00
    24  4.80000000E+00  1.05099709E+00  9.99999998E-01  1.05099709E+00
    25  5.00000000E+00  1.05285647E+00  9.99999995E-01  1.05285647E+00
    26  5.20000000E+00  1.05465732E+00  9.99999991E-01  1.05465732E+00
    27  5.40000000E+00  1.05641360E+00  9.99999987E-01  1.05641360E+00
    28  5.60000000E+00  1.05820403E+00  9.99999982E-01  1.05820403E+00
    29  5.80000000E+00  1.05993346E+00  9.99999976E-01  1.05993346E+00
    30  6.00000000E+00  1.06160370E+00  9.99999969E-01  1.06160370E+00
    31  6.20000000E+00  1.06332353E+00  9.99999961E-01  1.06332353E+00
    32  6.40000000E+00  1.06498011E+00  9.99999952E-01  1.06498011E+00
    33  6.60000000E+00  1.06657053E+00  9.99999942E-01  1.06657053E+00
    34  6.80000000E+00  1.06819926E+00  9.99999931E-01  1.06819926E+00
    35  7.00000000E+00  1.06979825E+00  9.99999919E-01  1.06979825E+00
    36  7.20000000E+00  1.07133005E+00  9.99999906E-01  1.07133005E+00
    37  7.40000000E+00  1.07283749E+00  9.99999891E-01  1.07283749E+00
    38  7.60000000E+00  1.07437869E+00  9.99999874E-01  1.07437869E+00
    39  7.80000000E+00  1.07585163E+00  9.99999856E-01  1.07585163E+00
    40  8.00000000E+00  1.07725405E+00  9.99999836E-01  1.07725405E+00
    41  8.20000000E+00  1.07867615E+00  9.99999814E-01  1.07867615E+00
    42  8.40000000E+00  1.08011004E+00  9.99999790E-01  1.08011004E+00
    43  8.60000000E+00  1.08147339E+00  9.99999764E-01  1.08147339E+00
    44  8.80000000E+00  1.08276437E+00  9.99999736E-01  1.08276437E+00
    45  9.00000000E+00  1.08411864E+00  9.99999705E-01  1.08411864E+00
    46  9.20000000E+00  1.08544290E+00  9.99999672E-01  1.08544290E+00
    47  9.40000000E+00  1.08669478E+00  9.99999636E-01  1.08669478E+00
    48  9.60000000E+00  1.08787301E+00  9.99999597E-01  1.08787301E+00
    49  9.80000000E+00  1.08913054E+00  9.99999555E-01  1.08913054E+00
    50  1.00000000E+01  1.09036728E+00  9.99999510E-01  1.09036728E+00
    51  1.02000000E+01  1.09153107E+00  9.99999461E-01  1.09153107E+00
    52  1.04000000E+01  1.09262120E+00  9.99999409E-01  1.09262120E+00
    53  1.06000000E+01  1.09377465E+00  9.99999353E-01  1.09377465E+00
    54  1.08000000E+01  1.09492338E+00  9.99999292E-01  1.09492338E+00
    55  1.10000000E+01  1.09599892E+00  9.99999228E-01  1.09599892E+00
    56  1.12000000E+01  1.09700115E+00  9.99999158E-01  1.09700115E+00
    57  1.14000000E+01  1.09799683E+00  9.99999084E-01  1.09799683E+00
    58  1.16000000E+01  1.09907994E+00  9.99999005E-01  1.09907994E+00
    59  1.18000000E+01  1.10009044E+00  9.99998920E-01  1.10009044E+00
    60  1.20000000E+01  1.10102876E+00  9.99998830E-01  1.10102876E+00
    61  1.22000000E+01  1.10189600E+00  9.99998734E-01  1.10189600E+00
    62  1.24000000E+01  1.10289201E+00  9.99998631E-01  1.10289201E+00
    63  1.26000000E+01  1.10383714E+00  9.99998522E-01  1.10383714E+00
    64  1.28000000E+01  1.10471124E+00  9.99998406E-01  1.10471124E+00
    65  1.30000000E+01  1.10551598E+00  9.99998283E-01  1.10551598E+00
    66  1.32000000E+01  1.10635449E+00  9.99998152E-01  1.10635449E+00
    67  1.34000000E+01  1.10723903E+00  9.99998013E-01  1.10723903E+00
    68  1.36000000E+01  1.10805439E+00  9.99997865E-01  1.10805439E+00
    69  1.38000000E+01  1.10880292E+00  9.99997709E-01  1.10880292E+00
    70  1.40000000E+01  1.10950952E+00  9.99997543E-01  1.10950952E+00
    71  1.42000000E+01  1.11033316E+00  9.99997368E-01  1.11033316E+00
    72  1.44000000E+01  1.11108956E+00  9.99997182E-01  1.11108956E+00
    73  1.46000000E+01  1.11178166E+00  9.99996986E-01  1.11178166E+00
    74  1.48000000E+01  1.11241332E+00  9.99996778E-01  1.11241332E+00
    75  1.50000000E+01  1.11312700E+00  9.99996559E-01  1.11312700E+00
    76  1.52000000E+01  1.11382947E+00  9.99996328E-01  1.11382947E+00
    77  1.54000000E+01  1.11447120E+00  9.99996083E-01  1.11447120E+00
    78  1.56000000E+01  1.11505666E+00  9.99995826E-01  1.11505666E+00
    79  1.58000000E+01  1.11564971E+00  9.99995554E-01  1.11564971E+00
    80  1.60000000E+01  1.11629807E+00  9.99995268E-01  1.11629807E+00
    81  1.62000000E+01  1.11688931E+00  9.99994967E-01  1.11688931E+00
    82  1.64000000E+01  1.11742851E+00  9.99994650E-01  1.11742851E+00
    83  1.66000000E+01  1.11792135E+00  9.99994316E-01  1.11792135E+00
    84  1.68000000E+01  1.11852187E+00  9.99993965E-01  1.11852187E+00
    85  1.70000000E+01  1.11907009E+00  9.99993596E-01  1.11907009E+00
    86  1.72000000E+01  1.11957093E+00  9.99993209E-01  1.11957093E+00
    87  1.74000000E+01  1.12003001E+00  9.99992802E-01  1.12003001E+00
    88  1.76000000E+01  1.12051324E+00  9.99992374E-01  1.12051324E+00
    89  1.78000000E+01  1.12101851E+00  9.99991926E-01  1.12101851E+00
    90  1.80000000E+01  1.12148126E+00  9.99991456E-01  1.12148126E+00
    91  1.82000000E+01  1.12190717E+00  9.99990963E-01  1.12190717E+00
    92  1.84000000E+01  1.12230746E+00  9.99990447E-01  1.12230746E+00
    93  1.86000000E+01  1.12277743E+00  9.99989906E-01  1.12277743E+00
    94  1.88000000E+01  1.12320913E+00  9.99989340E-01  1.12320913E+00
    95  1.90000000E+01  1.12360766E+00  9.99988748E-01  1.12360766E+00
    96  1.92000000E+01  1.12397745E+00  9.99988128E-01  1.12397745E+00
    97  1.94000000E+01  1.12433392E+00  9.99987480E-01  1.12433392E+00
    98  1.96000000E+01  1.12473555E+00  9.99986803E-01  1.12473555E+00
    99  1.98000000E+01  1.12510824E+00  9.99986096E-01  1.12510824E+00
   100  2.00000000E+01  1.12545571E+00  9.99985358E-01  1.12545571E+00
   101  2.02000000E+01  1.12578045E+00  9.99984587E-01  1.12578045E+00
   102  2.04000000E+01  1.12611834E+00  9.99983783E-01  1.12611834E+00
   103  2.06000000E+01  1.12646774E+00  9.99982944E-01  1.12646774E+00
   104  2.08000000E+01  1.12679322E+00  9.99982070E-01  1.12679322E+00
   105  2.10000000E+01  1.12709645E+00  9.99981159E-01  1.12709645E+00
   106  2.12000000E+01  1.12737801E+00  9.99980210E-01  1.12737801E+00
   107  2.14000000E+01  1.12766181E+00  9.99979223E-01  1.12766181E+00
   108  2.16000000E+01  1.12796856E+00  9.99978195E-01  1.12796856E+00
   109  2.18000000E+01  1.12825403E+00  9.99977126E-01  1.12825403E+00
   110  2.20000000E+01  1.12851790E+00  9.99976015E-01  1.12851790E+00
   111  2.22000000E+01  1.12875920E+00  9.99974860E-01  1.12875920E+00
   112  2.24000000E+01  1.12902634E+00  9.99973661E-01  1.12902634E+00
   113  2.26000000E+01  1.12929010E+00  9.99972415E-01  1.12929010E+00
   114  2.28000000E+01  1.12953167E+00  9.99971123E-01  1.12953167E+00
   115  2.30000000E+01  1.12975014E+00  9.99969783E-01  1.12975014E+00
   116  2.32000000E+01  1.12995181E+00  9.99968393E-01  1.12995181E+00
   117  2.34000000E+01  1.13019784E+00  9.99966953E-01  1.13019784E+00
   118  2.36000000E+01  1.13042094E+00  9.99965461E-01  1.13042094E+00
   119  2.38000000E+01  1.13061997E+00  9.99963917E-01  1.13061997E+00
   120  2.40000000E+01  1.13079400E+00  9.99962320E-01  1.13079400E+00
   121  2.42000000E+01  1.13100020E+00  9.99960668E-01  1.13100020E+00
   122  2.44000000E+01  1.13120090E+00  9.99958960E-01  1.13120090E+00
   123  2.46000000E+01  1.13137759E+00  9.99957197E-01  1.13137759E+00
   124  2.48000000E+01  1.13152984E+00  9.99955376E-01  1.13152984E+00
   125  2.50000000E+01  1.13170116E+00  9.99953497E-01  1.13170116E+00
   126  2.52000000E+01  1.13188242E+00  9.99951559E-01  1.13188242E+00
   127  2.54000000E+01  1.13203900E+00  9.99949563E-01  1.13203900E+00
   128  2.56000000E+01  1.13217092E+00  9.99947506E-01  1.13217092E+00
   129  2.58000000E+01  1.13231142E+00  9.99945389E-01  1.13231142E+00
   130  2.60000000E+01  1.13247117E+00  9.99943212E-01  1.13247117E+00
   131  2.62000000E+01  1.13260708E+00  9.99940973E-01  1.13260708E+00
   132  2.64000000E+01  1.13271968E+00  9.99938674E-01  1.13271968E+00
   133  2.66000000E+01  1.13284135E+00  9.99936314E-01  1.13284135E+00
   134  2.68000000E+01  1.13298138E+00  9.99933894E-01  1.13298138E+00
   135  2.70000000E+01  1.13309764E+00  9.99931413E-01  1.13309764E+00
   136  2.72000000E+01  1.13319123E+00  9.99928873E-01  1.13319123E+00
   137  2.74000000E+01  1.13329479E+00  9.99926273E-01  1.13329479E+00
   138  2.76000000E+01  1.13341530E+00  9.99923616E-01  1.13341530E+00
   139  2.78000000E+01  1.13351357E+00  9.99920902E-01  1.13351357E+00
   140  2.80000000E+01  1.13359111E+00  9.99918133E-01  1.13359111E+00
   141  2.82000000E+01  1.13368473E+00  9.99915310E-01  1.13368473E+00
   142  2.84000000E+01  1.13378639E+00  9.99912436E-01  1.13378639E+00
   143  2.86000000E+01  1.13386674E+00  9.99909512E-01  1.13386674E+00
   144  2.88000000E+01  1.13392785E+00  9.99906542E-01  1.13392785E+00
   145  2.90000000E+01  1.13401344E+00  9.99903528E-01  1.13401344E+00
   146  2.92000000E+01  1.13409845E+00  9.99900474E-01  1.13409845E+00
   147  2.94000000E+01  1.13416416E+00  9.99897383E-01  1.13416416E+00
   148  2.96000000E+01  1.13421282E+00  9.99894259E-01  1.13421282E+00
   149  2.98000000E+01  1.13429126E+00  9.99891108E-01  1.13429126E+00
   150  3.00000000E+01  1.13435949E+00  9.99887934E-01  1.13435949E+00
   151  3.02000000E+01  1.13441009E+00  9.99884744E-01  1.13441009E+00
   152  3.04000000E+01  1.13444965E+00  9.99881542E-01  1.13444965E+00
   153  3.06000000E+01  1.13452245E+00  9.99878337E-01  1.13452245E+00
   154  3.08000000E+01  1.13457740E+00  9.99875136E-01  1.13457740E+00
   155  3.10000000E+01  1.13461690E+00  9.99871947E-01  1.13461690E+00
   156  3.12000000E+01  1.13465453E+00  9.99868779E-01  1.13465453E+00
   157  3.14000000E+01  1.13471173E+00  9.99865641E-01  1.13471173E+00
   158  3.16000000E+01  1.13475291E+00  9.99862545E-01  1.13475291E+00
   159  3.18000000E+01  1.13478081E+00  9.99859501E-01  1.13478081E+00
   160  3.20000000E+01  1.13482340E+00  9.99856521E-01  1.13482340E+00
   161  3.22000000E+01  1.13486864E+00  9.99853619E-01  1.13486864E+00
   162  3.24000000E+01  1.13490000E+00  9.99850809E-01  1.13490000E+00
   163  3.26000000E+01  1.13492016E+00  9.99848106E-01  1.13492016E+00
   164  3.28000000E+01  1.13495761E+00  9.99845526E-01  1.13495761E+00
   165  3.30000000E+01  1.13499041E+00  9.99843086E-01  1.13499041E+00
   166  3.32000000E+01  1.13501153E+00  9.99840807E-01  1.13501153E+00
   167  3.34000000E+01  1.13503160E+00  9.99838707E-01  1.13503160E+00
   168  3.36000000E+01  1.13506812E+00  9.99836808E-01  1.13506812E+00
   169  3.38000000E+01  1.13509229E+00  9.99835133E-01  1.13509229E+00
   170  3.40000000E+01  1.13510678E+00  9.99833707E-01  1.13510678E+00
   171  3.42000000E+01  1.13512403E+00  9.99832556E-01  1.13512403E+00
   172  3.44000000E+01  1.13514941E+00  9.99831709E-01  1.13514941E+00
   173  3.46000000E+01  1.13516467E+00  9.99831194E-01  1.13516467E+00
   174  3.48000000E+01  1.13517249E+00  9.99831045E-01  1.13517249E+00
   175  3.50000000E+01  1.13519993E+00  9.99831294E-01  1.13519993E+00
   176  3.52000000E+01  1.13521782E+00  9.99831978E-01  1.13521782E+00
   177  3.54000000E+01  1.13522745E+00  9.99833134E-01  1.13522745E+00
   178  3.56000000E+01  1.13523223E+00  9.99834804E-01  1.13523223E+00
   179  3.58000000E+01  1.13525113E+00  9.99837029E-01  1.13525113E+00
   180  3.60000000E+01  1.13526136E+00  9.99839856E-01  1.13526136E+00
   181  3.62000000E+01  1.13526551E+00  9.99843333E-01  1.13526551E+00
   182  3.64000000E+01  1.13528259E+00  9.99847509E-01  1.13528259E+00
   183  3.66000000E+01  1.13529504E+00  9.99852439E-01  1.13529504E+00
   184  3.68000000E+01  1.13530057E+00  9.99858180E-01  1.13530057E+00
   185  3.70000000E+01  1.13530155E+00  9.99864792E-01  1.13530155E+00
   186  3.72000000E+01  1.13531176E+00  9.99872337E-01  1.13531176E+00
   187  3.74000000E+01  1.13531775E+00  9.99880884E-01  1.13531775E+00
   188  3.76000000E+01  1.13531891E+00  9.99890502E-01  1.13531891E+00
   189  3.78000000E+01  1.13533021E+00  9.99901267E-01  1.13533021E+00
   190  3.80000000E+01  1.13533800E+00  9.99913256E-01  1.13533800E+00
   191  3.82000000E+01  1.13534015E+00  9.99926554E-01  1.13534015E+00
   192  3.84000000E+01  1.13533884E+00  9.99941247E-01  1.13533884E+00
   193  3.86000000E+01  1.13534346E+00  9.99957426E-01  1.13534346E+00
   194  3.88000000E+01  1.13534593E+00  9.99975190E-01  1.13534593E+00
   195  3.90000000E+01  1.13534471E+00  9.99994640E-01  1.13534471E+00
   196  3.92000000E+01  1.13535337E+00  1.00001588E+00  1.13535337E+00
   197  3.94000000E+01  1.13535723E+00  1.00003903E+00  1.13535723E+00
   198  3.96000000E+01  1.13535663E+00  1.00006420E+00  1.13535663E+00
   199  3.98000000E+01  1.13535359E+00  1.00009152E+00  1.13535359E+00
   200  4.00000000E+01  1.13535751E+00  1.00012112E+00  1.13535751E+00
   201  4.02000000E+01  1.13536410E+00  1.00015313E+00  1.13536410E+00
   202  4.04000000E+01  1.13536983E+00  1.00018770E+00  1.13536983E+00
   203  4.06000000E+01  1.13537464E+00  1.00022497E+00  1.13537464E+00
   204  4.08000000E+01  1.13537855E+00  1.00026511E+00  1.13537855E+00
   205  4.10000000E+01  1.13538165E+00  1.00030828E+00  1.13538165E+00
   206  4.12000000E+01  1.13538648E+00  1.00035465E+00  1.13538648E+00
   207  4.14000000E+01  1.13539083E+00  1.00040440E+00  1.13539083E+00
   208  4.16000000E+01  1.13539434E+00  1.00045772E+00  1.13539434E+00
   209  4.18000000E+01  1.13539710E+00  1.00051480E+00  1.13539710E+00
   210  4.20000000E+01  1.13539925E+00  1.00057586E+00  1.13539925E+00
   211  4.22000000E+01  1.13540235E+00  1.00064109E+00  1.13540235E+00
   212  4.24000000E+01  1.13540514E+00  1.00071074E+00  1.13540514E+00
   213  4.26000000E+01  1.13540728E+00  1.00078503E+00  1.13540728E+00
   214  4.28000000E+01  1.13540893E+00  1.00086420E+00  1.13540893E+00
   215  4.30000000E+01  1.13541024E+00  1.00094852E+00  1.13541024E+00
   216  4.32000000E+01  1.13541133E+00  1.00103824E+00  1.13541133E+00
   217  4.34000000E+01  1.13541284E+00  1.00113364E+00  1.13541284E+00
   218  4.36000000E+01  1.13541430E+00  1.00123501E+00  1.13541430E+00
   219  4.38000000E+01  1.13541545E+00  1.00134265E+00  1.13541545E+00
   220  4.40000000E+01  1.13541642E+00  1.00145687E+00  1.13541642E+00
   221  4.42000000E+01  1.13541728E+00  1.00157800E+00  1.13541728E+00
   222  4.44000000E+01  1.13541809E+00  1.00170636E+00  1.13541809E+00
   223  4.46000000E+01  1.13541890E+00  1.00184232E+00  1.13541890E+00
   224  4.48000000E+01  1.13541970E+00  1.00198623E+00  1.13541970E+00
   225  4.50000000E+01  1.13542049E+00  1.00213847E+00  1.13542049E+00
   226  4.52000000E+01  1.13542127E+00  1.00229943E+00  1.13542127E+00
   227  4.54000000E+01  1.13542200E+00  1.00246952E+00  1.13542200E+00
   228  4.56000000E+01  1.13542267E+00  1.00264915E+00  1.13542267E+00
   229  4.58000000E+01  1.13542327E+00  1.00283877E+00  1.13542327E+00
   230  4.60000000E+01  1.13542378E+00  1.00303881E+00  1.13542378E+00
   231  4.62000000E+01  1.13542421E+00  1.00324974E+00  1.13542421E+00
   232  4.64000000E+01  1.13542454E+00  1.00347204E+00  1.13542454E+00
   233  4.66000000E+01  1.13542480E+00  1.00370621E+00  1.13542480E+00
   234  4.68000000E+01  1.13542499E+00  1.00395275E+00  1.13542499E+00
   235  4.70000000E+01  1.13542511E+00  1.00421219E+00  1.13542511E+00
   236  4.72000000E+01  1.13542531E+00  1.00448508E+00  1.13542531E+00
   237  4.74000000E+01  1.13542550E+00  1.00477197E+00  1.13542550E+00
   238  4.76000000E+01  1.13542563E+00  1.00507343E+00  1.13542563E+00
   239  4.78000000E+01  1.13542571E+00  1.00539006E+00  1.13542571E+00
   240  4.80000000E+01  1.13542574E+00  1.00572246E+00  1.13542574E+00
   241  4.82000000E+01  1.13542573E+00  1.00607124E+00  1.13542573E+00
   242  4.84000000E+01  1.13542570E+00  1.00643705E+00  1.13542570E+00
   243  4.86000000E+01  1.13542565E+00  1.00682054E+00  1.13542565E+00
   244  4.88000000E+01  1.13542558E+00  1.00722237E+00  1.13542558E+00
   245  4.90000000E+01  1.13542549E+00  1.00764321E+00  1.13542549E+00
   246  4.92000000E+01  1.13542540E+00  1.00808377E+00  1.13542540E+00
   247  4.94000000E+01  1.13542529E+00  1.00854475E+00  1.13542529E+00
   248  4.96000000E+01  1.13542517E+00  1.00902686E+00  1.13542517E+00
   249  4.98000000E+01  1.13542504E+00  1.00953083E+00  1.13542504E+00
   250  5.00000000E+01  1.13542490E+00  1.01005742E+00  1.13542490E+00
   251  5.02000000E+01  1.13542475E+00  1.01060735E+00  1.13542475E+00
   252  5.04000000E+01  1.13542460E+00  1.01118141E+00  1.13542460E+00
   253  5.06000000E+01  1.13542444E+00  1.01178034E+00  1.13542444E+00
   254  5.08000000E+01  1.13542427E+00  1.01240492E+00  1.13542427E+00
   255  5.10000000E+01  1.13542411E+00  1.01305592E+00  1.13542411E+00
   256  5.12000000E+01  1.13542394E+00  1.01373412E+00  1.13542394E+00
   257  5.14000000E+01  1.13542377E+00  1.01444029E+00  1.13542377E+00
   258  5.16000000E+01  1.13542361E+00  1.01517520E+00  1.13542361E+00
   259  5.18000000E+01  1.13542344E+00  1.01593961E+00  1.13542344E+00
   260  5.20000000E+01  1.13542328E+00  1.01673428E+00  1.13542328E+00
   261  5.22000000E+01  1.13542312E+00  1.01755995E+00  1.13542312E+00
   262  5.24000000E+01  1.13542296E+00  1.01841735E+00  1.13542296E+00
   263  5.26000000E+01  1.13542281E+00  1.01930718E+00  1.13542281E+00
   264  5.28000000E+01  1.13542266E+00  1.02023014E+00  1.13542266E+00
   265  5.30000000E+01  1.13542251E+00  1.02118689E+00  1.13542251E+00
   266  5.32000000E+01  1.13542237E+00  1.02217807E+00  1.13542237E+00
   267  5.34000000E+01  1.13542223E+00  1.02320429E+00  1.13542223E+00
   268  5.36000000E+01  1.13542210E+00  1.02426610E+00  1.13542210E+00
   269  5.38000000E+01  1.13542197E+00  1.02536405E+00  1.13542197E+00
   270  5.40000000E+01  1.13542185E+00  1.02649860E+00  1.13542185E+00
   271  5.42000000E+01  1.13542173E+00  1.02767022E+00  1.13542173E+00
   272  5.44000000E+01  1.13542161E+00  1.02887926E+00  1.13542161E+00
   273  5.46000000E+01  1.13542150E+00  1.03012607E+00  1.13542150E+00
   274  5.48000000E+01  1.13542140E+00  1.03141091E+00  1.13542140E+00
   275  5.50000000E+01  1.13542130E+00  1.03273396E+00  1.13542130E+00
   276  5.52000000E+01  1.13542120E+00  1.03409537E+00  1.13542120E+00
   277  5.54000000E+01  1.13542111E+00  1.03549516E+00  1.13542111E+00
   278  5.56000000E+01  1.13542102E+00  1.03693331E+00  1.13542102E+00
   279  5.58000000E+01  1.13542094E+00  1.03840968E+00  1.13542094E+00
   280  5.60000000E+01  1.13542086E+00  1.03992406E+00  1.13542086E+00
   281  5.62000000E+01  1.13542078E+00  1.04147612E+00  1.13542078E+00
   282  5.64000000E+01  1.13542071E+00  1.04306543E+00  1.13542071E+00
   283  5.66000000E+01  1.13542064E+00  1.04469146E+00  1.13542064E+00
   284  5.68000000E+01  1.13542058E+00  1.04635355E+00  1.13542058E+00
   285  5.70000000E+01  1.13542052E+00  1.04805094E+00  1.13542052E+00
   286  5.72000000E+01  1.13542046E+00  1.04978273E+00  1.13542046E+00
   287  5.74000000E+01  1.13542041E+00  1.05154790E+00  1.13542041E+00
   288  5.76000000E+01  1.13542035E+00  1.05334530E+00  1.13542035E+00
   289  5.78000000E+01  1.13542031E+00  1.05517366E+00  1.13542031E+00
   290  5.80000000E+01  1.13542026E+00  1.05703157E+00  1.13542026E+00
   291  5.82000000E+01  1.13542022E+00  1.05891748E+00  1.13542022E+00
   292  5.84000000E+01  1.13542018E+00  1.06082971E+00  1.13542018E+00
   293  5.86000000E+01  1.13542014E+00  1.06276645E+00  1.13542014E+00
   294  5.88000000E+01  1.13542010E+00  1.06472576E+00  1.13542010E+00
   295  5.90000000E+01  1.13542007E+00  1.06670557E+00  1.13542007E+00
   296  5.92000000E+01  1.13542004E+00  1.06870368E+00  1.13542004E+00
   297  5.94000000E+01  1.13542001E+00  1.07071775E+00  1.13542001E+00
   298  5.96000000E+01  1.13541998E+00  1.07274535E+00  1.13541998E+00
   299  5.98000000E+01  1.13541995E+00  1.07478390E+00  1.13541995E+00
   300  6.00000000E+01  1.13541993E+00  1.07683073E+00  1.13541993E+00
   301  6.02000000E+01  1.13541991E+00  1.07888306E+00  1.13541991E+00
   302  6.04000000E+01  1.13541989E+00  1.08093800E+00  1.13541989E+00
   303  6.06000000E+01  1.13541987E+00  1.08299258E+00  1.13541987E+00
   304  6.08000000E+01  1.13541985E+00  1.08504372E+00  1.13541985E+00
   305  6.10000000E+01  1.13541983E+00  1.08708830E+00  1.13541983E+00
   306  6.12000000E+01  1.13541981E+00  1.08912311E+00  1.13541981E+00
   307  6.14000000E+01  1.13541980E+00  1.09114488E+00  1.13541980E+00
   308  6.16000000E+01  1.13541979E+00  1.09315030E+00  1.13541979E+00
   309  6.18000000E+01  1.13541977E+00  1.09513603E+00  1.13541977E+00
   310  6.20000000E+01  1.13541976E+00  1.09709871E+00  1.13541976E+00
   311  6.22000000E+01  1.13541975E+00  1.09903495E+00  1.13541975E+00
   312  6.24000000E+01  1.13541974E+00  1.10094139E+00  1.13541974E+00
   313  6.26000000E+01  1.13541973E+00  1.10281469E+00  1.13541973E+00
   314  6.28000000E+01  1.13541972E+00  1.10465155E+00  1.13541972E+00
   315  6.30000000E+01  1.13541971E+00  1.10644869E+00  1.13541971E+00
   316  6.32000000E+01  1.13541970E+00  1.10820297E+00  1.13541970E+00
   317  6.34000000E+01  1.13541970E+00  1.10991127E+00  1.13541970E+00
   318  6.36000000E+01  1.13541969E+00  1.11157065E+00  1.13541969E+00
   319  6.38000000E+01  1.13541969E+00  1.11317825E+00  1.13541969E+00
   320  6.40000000E+01  1.13541968E+00  1.11473141E+00  1.13541968E+00
   321  6.42000000E+01  1.13541967E+00  1.11622761E+00  1.13541967E+00
   322  6.44000000E+01  1.13541967E+00  1.11766455E+00  1.13541967E+00
   323  6.46000000E+01  1.13541967E+00  1.11904017E+00  1.13541967E+00
   324  6.48000000E+01  1.13541966E+00  1.12035266E+00  1.13541966E+00
   325  6.50000000E+01  1.13541966E+00  1.12160048E+00  1.13541966E+00
   326  6.52000000E+01  1.13541965E+00  1.12278242E+00  1.13541965E+00
   327  6.54000000E+01  1.13541965E+00  1.12389763E+00  1.13541965E+00
   328  6.56000000E+01  1.13541965E+00  1.12494560E+00  1.13541965E+00
   329  6.58000000E+01  1.13541965E+00  1.12592625E+00  1.13541965E+00
   330  6.60000000E+01  1.13541964E+00  1.12683994E+00  1.13541964E+00
   331  6.62000000E+01  1.13541964E+00  1.12768744E+00  1.13541964E+00
   332  6.64000000E+01  1.13541964E+00  1.12847003E+00  1.13541964E+00
   333  6.66000000E+01  1.13541964E+00  1.12918942E+00  1.13541964E+00
   334  6.68000000E+01  1.13541963E+00  1.12984780E+00  1.13541963E+00
   335  6.70000000E+01  1.13541963E+00  1.13044778E+00  1.13541963E+00
   336  6.72000000E+01  1.13541963E+00  1.13099237E+00  1.13541963E+00
   337  6.74000000E+01  1.13541963E+00  1.13148491E+00  1.13541963E+00
   338  6.76000000E+01  1.13541963E+00  1.13192901E+00  1.13541963E+00
   339  6.78000000E+01  1.13541963E+00  1.13232847E+00  1.13541963E+00
   340  6.80000000E+01  1.13541963E+00  1.13268718E+00  1.13541963E+00
   341  6.82000000E+01  1.13541963E+00  1.13300903E+00  1.13541963E+00
   342  6.84000000E+01  1.13541962E+00  1.13329777E+00  1.13541962E+00
   343  6.86000000E+01  1.13541962E+00  1.13355700E+00  1.13541962E+00
   344  6.88000000E+01  1.13541962E+00  1.13378997E+00  1.13541962E+00
   345  6.90000000E+01  1.13541962E+00  1.13399962E+00  1.13541962E+00
   346  6.92000000E+01  1.13541962E+00  1.13418847E+00  1.13541962E+00
   347  6.94000000E+01  1.13541962E+00  1.13435862E+00  1.13541962E+00
   348  6.96000000E+01  1.13541962E+00  1.13451172E+00  1.13541962E+00
   349  6.98000000E+01  1.13541962E+00  1.13464907E+00  1.13541962E+00
   350  7.00000000E+01  1.13541962E+00  1.13477157E+00  1.13541962E+00
   351  7.02000000E+01  1.13541962E+00  1.13487988E+00  1.13541962E+00
   352  7.04000000E+01  1.13541962E+00  1.13497447E+00  1.13541962E+00
   353  7.06000000E+01  1.13541962E+00  1.13505567E+00  1.13541962E+00
 steady-height stop at step    353: truncated to 3 decimals, truncated max/end/ratio =       1135      1135      1135, max/end/ratio =   1.13541962E+00  1.13505567E+00  1.13541962E+00
