 comppar: model =   2
 comppar: lambda,mobility/eps,betav,eta_0 =  3.0000E-01  0.0000E+00  9.0000E-02  1.0000E+00
 comppar: eta_s,eta_p,G =  9.0000E-02  9.1000E-01  3.0333E+00
 comppar: U_avg,deltat,flowrate,nsteps =  1.0000E-01  2.0000E-01  3.1416E-01    2000
 comppar: geometry = axisymmetric
 comppar: steady stop change,gap,hold,min =  1.0000E-07  1.0000E-03       1      80
 comppar: steady stop truncated decimals =       3
 comppar: ncompc,ncompg =     4     5
 mesh nnodes = 5797
 mesh nelem = 2796
 P1 BC   5.0000000000000000     
 P2 BC   0.0000000000000000     
     1  2.00000000E-01  1.00252795E+00  1.00000000E+00  1.00252795E+00
     2  4.00000000E-01  1.00498825E+00  1.00000000E+00  1.00498825E+00
     3  6.00000000E-01  1.00736603E+00  1.00000000E+00  1.00736603E+00
     4  8.00000000E-01  1.00970658E+00  1.00000000E+00  1.00970658E+00
     5  1.00000000E+00  1.01201606E+00  1.00000000E+00  1.01201606E+00
     6  1.20000000E+00  1.01429296E+00  1.00000000E+00  1.01429296E+00
     7  1.40000000E+00  1.01654955E+00  1.00000000E+00  1.01654955E+00
     8  1.60000000E+00  1.01876863E+00  1.00000000E+00  1.01876863E+00
     9  1.80000000E+00  1.02096541E+00  1.00000000E+00  1.02096541E+00
    10  2.00000000E+00  1.02312907E+00  1.00000000E+00  1.02312907E+00
    11  2.20000000E+00  1.02526586E+00  1.00000000E+00  1.02526586E+00
    12  2.40000000E+00  1.02736814E+00  1.00000001E+00  1.02736814E+00
    13  2.60000000E+00  1.02945121E+00  1.00000001E+00  1.02945121E+00
    14  2.80000000E+00  1.03149249E+00  1.00000001E+00  1.03149249E+00
    15  3.00000000E+00  1.03352335E+00  1.00000001E+00  1.03352335E+00
    16  3.20000000E+00  1.03549800E+00  1.00000001E+00  1.03549800E+00
    17  3.40000000E+00  1.03747632E+00  1.00000000E+00  1.03747632E+00
    18  3.60000000E+00  1.03940709E+00  1.00000000E+00  1.03940709E+00
    19  3.80000000E+00  1.04131295E+00  1.00000000E+00  1.04131295E+00
    20  4.00000000E+00  1.04320147E+00  1.00000000E+00  1.04320147E+00
    21  4.20000000E+00  1.04502884E+00  1.00000000E+00  1.04502884E+00
    22  4.40000000E+00  1.04687184E+00  9.99999998E-01  1.04687184E+00
    23  4.60000000E+00  1.04866892E+00  9.99999995E-01  1.04866892E+00
    24  4.80000000E+00  1.05041712E+00  9.99999992E-01  1.05041712E+00
    25  5.00000000E+00  1.05218522E+00  9.99999989E-01  1.05218522E+00
    26  5.20000000E+00  1.05388933E+00  9.99999984E-01  1.05388933E+00
    27  5.40000000E+00  1.05555078E+00  9.99999979E-01  1.05555078E+00
    28  5.60000000E+00  1.05724055E+00  9.99999974E-01  1.05724055E+00
    29  5.80000000E+00  1.05886407E+00  9.99999967E-01  1.05886407E+00
    30  6.00000000E+00  1.06045025E+00  9.99999959E-01  1.06045025E+00
    31  6.20000000E+00  1.06206132E+00  9.99999951E-01  1.06206132E+00
    32  6.40000000E+00  1.06360387E+00  9.99999942E-01  1.06360387E+00
    33  6.60000000E+00  1.06508346E+00  9.99999931E-01  1.06508346E+00
    34  6.80000000E+00  1.06663152E+00  9.99999919E-01  1.06663152E+00
    35  7.00000000E+00  1.06810979E+00  9.99999906E-01  1.06810979E+00
    36  7.20000000E+00  1.06951525E+00  9.99999891E-01  1.06951525E+00
    37  7.40000000E+00  1.07097047E+00  9.99999875E-01  1.07097047E+00
    38  7.60000000E+00  1.07238451E+00  9.99999857E-01  1.07238451E+00
    39  7.80000000E+00  1.07372455E+00  9.99999838E-01  1.07372455E+00
    40  8.00000000E+00  1.07503873E+00  9.99999816E-01  1.07503873E+00
    41  8.20000000E+00  1.07640888E+00  9.99999793E-01  1.07640888E+00
    42  8.40000000E+00  1.07770475E+00  9.99999767E-01  1.07770475E+00
    43  8.60000000E+00  1.07892381E+00  9.99999739E-01  1.07892381E+00
    44  8.80000000E+00  1.08019988E+00  9.99999709E-01  1.08019988E+00
    45  9.00000000E+00  1.08145162E+00  9.99999676E-01  1.08145162E+00
    46  9.20000000E+00  1.08262625E+00  9.99999641E-01  1.08262625E+00
    47  9.40000000E+00  1.08372168E+00  9.99999602E-01  1.08372168E+00
    48  9.60000000E+00  1.08492981E+00  9.99999561E-01  1.08492981E+00
    49  9.80000000E+00  1.08608516E+00  9.99999516E-01  1.08608516E+00
    50  1.00000000E+01  1.08716184E+00  9.99999467E-01  1.08716184E+00
    51  1.02000000E+01  1.08816248E+00  9.99999415E-01  1.08816248E+00
    52  1.04000000E+01  1.08929833E+00  9.99999359E-01  1.08929833E+00
    53  1.06000000E+01  1.09035581E+00  9.99999299E-01  1.09035581E+00
    54  1.08000000E+01  1.09133333E+00  9.99999235E-01  1.09133333E+00
    55  1.10000000E+01  1.09222969E+00  9.99999166E-01  1.09222969E+00
    56  1.12000000E+01  1.09326498E+00  9.99999092E-01  1.09326498E+00
    57  1.14000000E+01  1.09424709E+00  9.99999013E-01  1.09424709E+00
    58  1.16000000E+01  1.09514886E+00  9.99998928E-01  1.09514886E+00
    59  1.18000000E+01  1.09596962E+00  9.99998838E-01  1.09596962E+00
    60  1.20000000E+01  1.09689921E+00  9.99998742E-01  1.09689921E+00
    61  1.22000000E+01  1.09780519E+00  9.99998639E-01  1.09780519E+00
    62  1.24000000E+01  1.09863059E+00  9.99998530E-01  1.09863059E+00
    63  1.26000000E+01  1.09937525E+00  9.99998413E-01  1.09937525E+00
    64  1.28000000E+01  1.10018587E+00  9.99998289E-01  1.10018587E+00
    65  1.30000000E+01  1.10101862E+00  9.99998158E-01  1.10101862E+00
    66  1.32000000E+01  1.10177125E+00  9.99998018E-01  1.10177125E+00
    67  1.34000000E+01  1.10244436E+00  9.99997870E-01  1.10244436E+00
    68  1.36000000E+01  1.10317388E+00  9.99997713E-01  1.10317388E+00
    69  1.38000000E+01  1.10393283E+00  9.99997546E-01  1.10393283E+00
    70  1.40000000E+01  1.10461229E+00  9.99997370E-01  1.10461229E+00
    71  1.42000000E+01  1.10521358E+00  9.99997183E-01  1.10521358E+00
    72  1.44000000E+01  1.10585732E+00  9.99996985E-01  1.10585732E+00
    73  1.46000000E+01  1.10654474E+00  9.99996776E-01  1.10654474E+00
    74  1.48000000E+01  1.10715444E+00  9.99996555E-01  1.10715444E+00
    75  1.50000000E+01  1.10768871E+00  9.99996322E-01  1.10768871E+00
    76  1.52000000E+01  1.10827638E+00  9.99996075E-01  1.10827638E+00
    77  1.54000000E+01  1.10889192E+00  9.99995815E-01  1.10889192E+00
    78  1.56000000E+01  1.10943170E+00  9.99995541E-01  1.10943170E+00
    79  1.58000000E+01  1.10989892E+00  9.99995252E-01  1.10989892E+00
    80  1.60000000E+01  1.11043070E+00  9.99994948E-01  1.11043070E+00
    81  1.62000000E+01  1.11097887E+00  9.99994628E-01  1.11097887E+00
    82  1.64000000E+01  1.11145461E+00  9.99994291E-01  1.11145461E+00
    83  1.66000000E+01  1.11186196E+00  9.99993936E-01  1.11186196E+00
    84  1.68000000E+01  1.11235376E+00  9.99993563E-01  1.11235376E+00
    85  1.70000000E+01  1.11283453E+00  9.99993171E-01  1.11283453E+00
    86  1.72000000E+01  1.11324639E+00  9.99992759E-01  1.11324639E+00
    87  1.74000000E+01  1.11359423E+00  9.99992327E-01  1.11359423E+00
    88  1.76000000E+01  1.11405465E+00  9.99991874E-01  1.11405465E+00
    89  1.78000000E+01  1.11447484E+00  9.99991398E-01  1.11447484E+00
    90  1.80000000E+01  1.11483068E+00  9.99990899E-01  1.11483068E+00
    91  1.82000000E+01  1.11512823E+00  9.99990377E-01  1.11512823E+00
    92  1.84000000E+01  1.11555306E+00  9.99989829E-01  1.11555306E+00
    93  1.86000000E+01  1.11591300E+00  9.99989256E-01  1.11591300E+00
    94  1.88000000E+01  1.11621344E+00  9.99988656E-01  1.11621344E+00
    95  1.90000000E+01  1.11650245E+00  9.99988028E-01  1.11650245E+00
    96  1.92000000E+01  1.11687044E+00  9.99987372E-01  1.11687044E+00
    97  1.94000000E+01  1.11717837E+00  9.99986686E-01  1.11717837E+00
    98  1.96000000E+01  1.11743200E+00  9.99985969E-01  1.11743200E+00
    99  1.98000000E+01  1.11770137E+00  9.99985221E-01  1.11770137E+00
   100  2.00000000E+01  1.11801309E+00  9.99984440E-01  1.11801309E+00
   101  2.02000000E+01  1.11826995E+00  9.99983626E-01  1.11826995E+00
   102  2.04000000E+01  1.11847811E+00  9.99982776E-01  1.11847811E+00
   103  2.06000000E+01  1.11875089E+00  9.99981890E-01  1.11875089E+00
   104  2.08000000E+01  1.11901468E+00  9.99980968E-01  1.11901468E+00
   105  2.10000000E+01  1.11922883E+00  9.99980007E-01  1.11922883E+00
   106  2.12000000E+01  1.11939948E+00  9.99979007E-01  1.11939948E+00
   107  2.14000000E+01  1.11964901E+00  9.99977967E-01  1.11964901E+00
   108  2.16000000E+01  1.11986614E+00  9.99976885E-01  1.11986614E+00
   109  2.18000000E+01  1.12003931E+00  9.99975760E-01  1.12003931E+00
   110  2.20000000E+01  1.12021053E+00  9.99974592E-01  1.12021053E+00
   111  2.22000000E+01  1.12043398E+00  9.99973379E-01  1.12043398E+00
   112  2.24000000E+01  1.12061242E+00  9.99972120E-01  1.12061242E+00
   113  2.26000000E+01  1.12075197E+00  9.99970813E-01  1.12075197E+00
   114  2.28000000E+01  1.12090841E+00  9.99969459E-01  1.12090841E+00
   115  2.30000000E+01  1.12108962E+00  9.99968056E-01  1.12108962E+00
   116  2.32000000E+01  1.12123149E+00  9.99966602E-01  1.12123149E+00
   117  2.34000000E+01  1.12134006E+00  9.99965098E-01  1.12134006E+00
   118  2.36000000E+01  1.12151715E+00  9.99963541E-01  1.12151715E+00
   119  2.38000000E+01  1.12166356E+00  9.99961931E-01  1.12166356E+00
   120  2.40000000E+01  1.12177553E+00  9.99960268E-01  1.12177553E+00
   121  2.42000000E+01  1.12186548E+00  9.99958550E-01  1.12186548E+00
   122  2.44000000E+01  1.12201445E+00  9.99956777E-01  1.12201445E+00
   123  2.46000000E+01  1.12212857E+00  9.99954947E-01  1.12212857E+00
   124  2.48000000E+01  1.12221362E+00  9.99953061E-01  1.12221362E+00
   125  2.50000000E+01  1.12233232E+00  9.99951119E-01  1.12233232E+00
   126  2.52000000E+01  1.12245025E+00  9.99949118E-01  1.12245025E+00
   127  2.54000000E+01  1.12253800E+00  9.99947061E-01  1.12253800E+00
   128  2.56000000E+01  1.12260102E+00  9.99944945E-01  1.12260102E+00
   129  2.58000000E+01  1.12270312E+00  9.99942772E-01  1.12270312E+00
   130  2.60000000E+01  1.12279284E+00  9.99940541E-01  1.12279284E+00
   131  2.62000000E+01  1.12285751E+00  9.99938252E-01  1.12285751E+00
   132  2.64000000E+01  1.12293639E+00  9.99935907E-01  1.12293639E+00
   133  2.66000000E+01  1.12302922E+00  9.99933506E-01  1.12302922E+00
   134  2.68000000E+01  1.12309592E+00  9.99931049E-01  1.12309592E+00
   135  2.70000000E+01  1.12314165E+00  9.99928538E-01  1.12314165E+00
   136  2.72000000E+01  1.12320710E+00  9.99925974E-01  1.12320710E+00
   137  2.74000000E+01  1.12327560E+00  9.99923359E-01  1.12327560E+00
   138  2.76000000E+01  1.12332283E+00  9.99920694E-01  1.12332283E+00
   139  2.78000000E+01  1.12337606E+00  9.99917982E-01  1.12337606E+00
   140  2.80000000E+01  1.12344698E+00  9.99915226E-01  1.12344698E+00
   141  2.82000000E+01  1.12349562E+00  9.99912427E-01  1.12349562E+00
   142  2.84000000E+01  1.12352679E+00  9.99909590E-01  1.12352679E+00
   143  2.86000000E+01  1.12356823E+00  9.99906717E-01  1.12356823E+00
   144  2.88000000E+01  1.12361848E+00  9.99903813E-01  1.12361848E+00
   145  2.90000000E+01  1.12365100E+00  9.99900883E-01  1.12365100E+00
   146  2.92000000E+01  1.12368901E+00  9.99897930E-01  1.12368901E+00
   147  2.94000000E+01  1.12374103E+00  9.99894962E-01  1.12374103E+00
   148  2.96000000E+01  1.12377437E+00  9.99891983E-01  1.12377437E+00
   149  2.98000000E+01  1.12379348E+00  9.99889000E-01  1.12379348E+00
   150  3.00000000E+01  1.12382035E+00  9.99886021E-01  1.12382035E+00
   151  3.02000000E+01  1.12385513E+00  9.99883054E-01  1.12385513E+00
   152  3.04000000E+01  1.12387543E+00  9.99880106E-01  1.12387543E+00
   153  3.06000000E+01  1.12390551E+00  9.99877188E-01  1.12390551E+00
   154  3.08000000E+01  1.12394144E+00  9.99874310E-01  1.12394144E+00
   155  3.10000000E+01  1.12396203E+00  9.99871482E-01  1.12396203E+00
   156  3.12000000E+01  1.12397137E+00  9.99868717E-01  1.12397137E+00
   157  3.14000000E+01  1.12399026E+00  9.99866027E-01  1.12399026E+00
   158  3.16000000E+01  1.12401211E+00  9.99863427E-01  1.12401211E+00
   159  3.18000000E+01  1.12402249E+00  9.99860931E-01  1.12402249E+00
   160  3.20000000E+01  1.12404959E+00  9.99858555E-01  1.12404959E+00
   161  3.22000000E+01  1.12407203E+00  9.99856317E-01  1.12407203E+00
   162  3.24000000E+01  1.12408222E+00  9.99854235E-01  1.12408222E+00
   163  3.26000000E+01  1.12408385E+00  9.99852329E-01  1.12408385E+00
   164  3.28000000E+01  1.12409914E+00  9.99850620E-01  1.12409914E+00
   165  3.30000000E+01  1.12411042E+00  9.99849131E-01  1.12411042E+00
   166  3.32000000E+01  1.12411542E+00  9.99847885E-01  1.12411542E+00
   167  3.34000000E+01  1.12414006E+00  9.99846910E-01  1.12414006E+00
   168  3.36000000E+01  1.12415140E+00  9.99846232E-01  1.12415140E+00
   169  3.38000000E+01  1.12415332E+00  9.99845882E-01  1.12415332E+00
   170  3.40000000E+01  1.12415100E+00  9.99845891E-01  1.12415100E+00
   171  3.42000000E+01  1.12416349E+00  9.99846291E-01  1.12416349E+00
   172  3.44000000E+01  1.12416635E+00  9.99847120E-01  1.12416635E+00
   173  3.46000000E+01  1.12417870E+00  9.99848414E-01  1.12417870E+00
   174  3.48000000E+01  1.12419151E+00  9.99850214E-01  1.12419151E+00
   175  3.50000000E+01  1.12419396E+00  9.99852562E-01  1.12419396E+00
   176  3.52000000E+01  1.12418952E+00  9.99855504E-01  1.12418952E+00
   177  3.54000000E+01  1.12419256E+00  9.99859088E-01  1.12419256E+00
   178  3.56000000E+01  1.12419599E+00  9.99863364E-01  1.12419599E+00
   179  3.58000000E+01  1.12419732E+00  9.99868386E-01  1.12419732E+00
   180  3.60000000E+01  1.12421193E+00  9.99874210E-01  1.12421193E+00
   181  3.62000000E+01  1.12421517E+00  9.99880898E-01  1.12421517E+00
   182  3.64000000E+01  1.12421071E+00  9.99888513E-01  1.12421071E+00
   183  3.66000000E+01  1.12420569E+00  9.99897121E-01  1.12420569E+00
   184  3.68000000E+01  1.12420997E+00  9.99906794E-01  1.12420997E+00
   185  3.70000000E+01  1.12420634E+00  9.99917606E-01  1.12420634E+00
   186  3.72000000E+01  1.12421949E+00  9.99929637E-01  1.12421949E+00
   187  3.74000000E+01  1.12422380E+00  9.99942970E-01  1.12422380E+00
   188  3.76000000E+01  1.12421954E+00  9.99957692E-01  1.12421954E+00
   189  3.78000000E+01  1.12421191E+00  9.99973896E-01  1.12421191E+00
   190  3.80000000E+01  1.12421851E+00  9.99991679E-01  1.12421851E+00
   191  3.82000000E+01  1.12422411E+00  1.00001114E+00  1.12422411E+00
   192  3.84000000E+01  1.12423052E+00  1.00003240E+00  1.12423052E+00
   193  3.86000000E+01  1.12423716E+00  1.00005555E+00  1.12423716E+00
   194  3.88000000E+01  1.12424279E+00  1.00008073E+00  1.12424279E+00
   195  3.90000000E+01  1.12424747E+00  1.00010805E+00  1.12424747E+00
   196  3.92000000E+01  1.12425135E+00  1.00013765E+00  1.12425135E+00
   197  3.94000000E+01  1.12425485E+00  1.00016967E+00  1.12425485E+00
   198  3.96000000E+01  1.12425983E+00  1.00020424E+00  1.12425983E+00
   199  3.98000000E+01  1.12426394E+00  1.00024153E+00  1.12426394E+00
   200  4.00000000E+01  1.12426733E+00  1.00028168E+00  1.12426733E+00
   201  4.02000000E+01  1.12427012E+00  1.00032487E+00  1.12427012E+00
   202  4.04000000E+01  1.12427246E+00  1.00037126E+00  1.12427246E+00
   203  4.06000000E+01  1.12427514E+00  1.00042105E+00  1.12427514E+00
   204  4.08000000E+01  1.12427792E+00  1.00047442E+00  1.12427792E+00
   205  4.10000000E+01  1.12428024E+00  1.00053157E+00  1.12428024E+00
   206  4.12000000E+01  1.12428223E+00  1.00059271E+00  1.12428223E+00
   207  4.14000000E+01  1.12428398E+00  1.00065805E+00  1.12428398E+00
   208  4.16000000E+01  1.12428558E+00  1.00072783E+00  1.12428558E+00
   209  4.18000000E+01  1.12428707E+00  1.00080227E+00  1.12428707E+00
   210  4.20000000E+01  1.12428850E+00  1.00088164E+00  1.12428850E+00
   211  4.22000000E+01  1.12428986E+00  1.00096617E+00  1.12428986E+00
   212  4.24000000E+01  1.12429124E+00  1.00105616E+00  1.12429124E+00
   213  4.26000000E+01  1.12429261E+00  1.00115186E+00  1.12429261E+00
   214  4.28000000E+01  1.12429391E+00  1.00125359E+00  1.12429391E+00
   215  4.30000000E+01  1.12429516E+00  1.00136163E+00  1.12429516E+00
   216  4.32000000E+01  1.12429635E+00  1.00147631E+00  1.12429635E+00
   217  4.34000000E+01  1.12429748E+00  1.00159795E+00  1.12429748E+00
   218  4.36000000E+01  1.12429851E+00  1.00172689E+00  1.12429851E+00
   219  4.38000000E+01  1.12429945E+00  1.00186350E+00  1.12429945E+00
   220  4.40000000E+01  1.12430028E+00  1.00200814E+00  1.12430028E+00
   221  4.42000000E+01  1.12430099E+00  1.00216118E+00  1.12430099E+00
   222  4.44000000E+01  1.12430159E+00  1.00232303E+00  1.12430159E+00
   223  4.46000000E+01  1.12430209E+00  1.00249410E+00  1.12430209E+00
   224  4.48000000E+01  1.12430248E+00  1.00267481E+00  1.12430248E+00
   225  4.50000000E+01  1.12430279E+00  1.00286559E+00  1.12430279E+00
   226  4.52000000E+01  1.12430302E+00  1.00306692E+00  1.12430302E+00
   227  4.54000000E+01  1.12430341E+00  1.00327924E+00  1.12430341E+00
   228  4.56000000E+01  1.12430372E+00  1.00350306E+00  1.12430372E+00
   229  4.58000000E+01  1.12430395E+00  1.00373887E+00  1.12430395E+00
   230  4.60000000E+01  1.12430411E+00  1.00398719E+00  1.12430411E+00
   231  4.62000000E+01  1.12430423E+00  1.00424854E+00  1.12430423E+00
   232  4.64000000E+01  1.12430429E+00  1.00452349E+00  1.12430429E+00
   233  4.66000000E+01  1.12430433E+00  1.00481259E+00  1.12430433E+00
   234  4.68000000E+01  1.12430433E+00  1.00511642E+00  1.12430433E+00
   235  4.70000000E+01  1.12430431E+00  1.00543558E+00  1.12430431E+00
   236  4.72000000E+01  1.12430428E+00  1.00577068E+00  1.12430428E+00
   237  4.74000000E+01  1.12430422E+00  1.00612234E+00  1.12430422E+00
   238  4.76000000E+01  1.12430416E+00  1.00649121E+00  1.12430416E+00
   239  4.78000000E+01  1.12430407E+00  1.00687795E+00  1.12430407E+00
   240  4.80000000E+01  1.12430398E+00  1.00728321E+00  1.12430398E+00
   241  4.82000000E+01  1.12430387E+00  1.00770768E+00  1.12430387E+00
   242  4.84000000E+01  1.12430376E+00  1.00815207E+00  1.12430376E+00
   243  4.86000000E+01  1.12430364E+00  1.00861707E+00  1.12430364E+00
   244  4.88000000E+01  1.12430350E+00  1.00910340E+00  1.12430350E+00
   245  4.90000000E+01  1.12430337E+00  1.00961180E+00  1.12430337E+00
   246  4.92000000E+01  1.12430323E+00  1.01014300E+00  1.12430323E+00
   247  4.94000000E+01  1.12430309E+00  1.01069775E+00  1.12430309E+00
   248  4.96000000E+01  1.12430294E+00  1.01127680E+00  1.12430294E+00
   249  4.98000000E+01  1.12430280E+00  1.01188090E+00  1.12430280E+00
   250  5.00000000E+01  1.12430266E+00  1.01251082E+00  1.12430266E+00
   251  5.02000000E+01  1.12430251E+00  1.01316732E+00  1.12430251E+00
   252  5.04000000E+01  1.12430237E+00  1.01385116E+00  1.12430237E+00
   253  5.06000000E+01  1.12430224E+00  1.01456310E+00  1.12430224E+00
   254  5.08000000E+01  1.12430210E+00  1.01530389E+00  1.12430210E+00
   255  5.10000000E+01  1.12430197E+00  1.01607426E+00  1.12430197E+00
   256  5.12000000E+01  1.12430185E+00  1.01687496E+00  1.12430185E+00
   257  5.14000000E+01  1.12430173E+00  1.01770670E+00  1.12430173E+00
   258  5.16000000E+01  1.12430161E+00  1.01857018E+00  1.12430161E+00
   259  5.18000000E+01  1.12430149E+00  1.01946609E+00  1.12430149E+00
   260  5.20000000E+01  1.12430138E+00  1.02039506E+00  1.12430138E+00
   261  5.22000000E+01  1.12430127E+00  1.02135774E+00  1.12430127E+00
   262  5.24000000E+01  1.12430117E+00  1.02235472E+00  1.12430117E+00
   263  5.26000000E+01  1.12430107E+00  1.02338655E+00  1.12430107E+00
   264  5.28000000E+01  1.12430098E+00  1.02445375E+00  1.12430098E+00
   265  5.30000000E+01  1.12430089E+00  1.02555680E+00  1.12430089E+00
   266  5.32000000E+01  1.12430080E+00  1.02669613E+00  1.12430080E+00
   267  5.34000000E+01  1.12430072E+00  1.02787209E+00  1.12430072E+00
   268  5.36000000E+01  1.12430064E+00  1.02908500E+00  1.12430064E+00
   269  5.38000000E+01  1.12430057E+00  1.03033512E+00  1.12430057E+00
   270  5.40000000E+01  1.12430050E+00  1.03162261E+00  1.12430050E+00
   271  5.42000000E+01  1.12430043E+00  1.03294758E+00  1.12430043E+00
   272  5.44000000E+01  1.12430037E+00  1.03431005E+00  1.12430037E+00
   273  5.46000000E+01  1.12430031E+00  1.03570996E+00  1.12430031E+00
   274  5.48000000E+01  1.12430025E+00  1.03714715E+00  1.12430025E+00
   275  5.50000000E+01  1.12430020E+00  1.03862138E+00  1.12430020E+00
   276  5.52000000E+01  1.12430015E+00  1.04013230E+00  1.12430015E+00
   277  5.54000000E+01  1.12430010E+00  1.04167945E+00  1.12430010E+00
   278  5.56000000E+01  1.12430006E+00  1.04326225E+00  1.12430006E+00
   279  5.58000000E+01  1.12430002E+00  1.04488004E+00  1.12430002E+00
   280  5.60000000E+01  1.12429998E+00  1.04653200E+00  1.12429998E+00
   281  5.62000000E+01  1.12429994E+00  1.04821720E+00  1.12429994E+00
   282  5.64000000E+01  1.12429991E+00  1.04993460E+00  1.12429991E+00
   283  5.66000000E+01  1.12429987E+00  1.05168301E+00  1.12429987E+00
   284  5.68000000E+01  1.12429984E+00  1.05346110E+00  1.12429984E+00
   285  5.70000000E+01  1.12429981E+00  1.05526743E+00  1.12429981E+00
   286  5.72000000E+01  1.12429979E+00  1.05710041E+00  1.12429979E+00
   287  5.74000000E+01  1.12429976E+00  1.05895831E+00  1.12429976E+00
   288  5.76000000E+01  1.12429974E+00  1.06083927E+00  1.12429974E+00
   289  5.78000000E+01  1.12429972E+00  1.06274128E+00  1.12429972E+00
   290  5.80000000E+01  1.12429970E+00  1.06466222E+00  1.12429970E+00
   291  5.82000000E+01  1.12429968E+00  1.06659981E+00  1.12429968E+00
   292  5.84000000E+01  1.12429966E+00  1.06855164E+00  1.12429966E+00
   293  5.86000000E+01  1.12429964E+00  1.07051520E+00  1.12429964E+00
   294  5.88000000E+01  1.12429963E+00  1.07248782E+00  1.12429963E+00
   295  5.90000000E+01  1.12429961E+00  1.07446674E+00  1.12429961E+00
   296  5.92000000E+01  1.12429960E+00  1.07644905E+00  1.12429960E+00
   297  5.94000000E+01  1.12429959E+00  1.07843177E+00  1.12429959E+00
   298  5.96000000E+01  1.12429957E+00  1.08041180E+00  1.12429957E+00
   299  5.98000000E+01  1.12429956E+00  1.08238594E+00  1.12429956E+00
   300  6.00000000E+01  1.12429955E+00  1.08435092E+00  1.12429955E+00
   301  6.02000000E+01  1.12429954E+00  1.08630339E+00  1.12429954E+00
   302  6.04000000E+01  1.12429954E+00  1.08823993E+00  1.12429954E+00
   303  6.06000000E+01  1.12429953E+00  1.09015707E+00  1.12429953E+00
   304  6.08000000E+01  1.12429952E+00  1.09205131E+00  1.12429952E+00
   305  6.10000000E+01  1.12429951E+00  1.09391910E+00  1.12429951E+00
   306  6.12000000E+01  1.12429951E+00  1.09575688E+00  1.12429951E+00
   307  6.14000000E+01  1.12429950E+00  1.09756110E+00  1.12429950E+00
   308  6.16000000E+01  1.12429950E+00  1.09932822E+00  1.12429950E+00
   309  6.18000000E+01  1.12429949E+00  1.10105472E+00  1.12429949E+00
   310  6.20000000E+01  1.12429949E+00  1.10273715E+00  1.12429949E+00
   311  6.22000000E+01  1.12429948E+00  1.10437211E+00  1.12429948E+00
   312  6.24000000E+01  1.12429948E+00  1.10595630E+00  1.12429948E+00
   313  6.26000000E+01  1.12429948E+00  1.10748651E+00  1.12429948E+00
   314  6.28000000E+01  1.12429947E+00  1.10895968E+00  1.12429947E+00
   315  6.30000000E+01  1.12429947E+00  1.11037288E+00  1.12429947E+00
   316  6.32000000E+01  1.12430166E+00  1.11172340E+00  1.12430166E+00
   317  6.34000000E+01  1.12430080E+00  1.11300869E+00  1.12430080E+00
   318  6.36000000E+01  1.12429946E+00  1.11422647E+00  1.12429946E+00
   319  6.38000000E+01  1.12429946E+00  1.11537471E+00  1.12429946E+00
   320  6.40000000E+01  1.12429946E+00  1.11645169E+00  1.12429946E+00
   321  6.42000000E+01  1.12429946E+00  1.11745604E+00  1.12429946E+00
   322  6.44000000E+01  1.12430999E+00  1.11838675E+00  1.12430999E+00
   323  6.46000000E+01  1.12431297E+00  1.11924325E+00  1.12431297E+00
   324  6.48000000E+01  1.12429945E+00  1.12002539E+00  1.12429945E+00
   325  6.50000000E+01  1.12430330E+00  1.12073355E+00  1.12430330E+00
   326  6.52000000E+01  1.12430802E+00  1.12136861E+00  1.12430802E+00
   327  6.54000000E+01  1.12429945E+00  1.12193201E+00  1.12429945E+00
   328  6.56000000E+01  1.12431739E+00  1.12242575E+00  1.12431739E+00
   329  6.58000000E+01  1.12432458E+00  1.12285238E+00  1.12432458E+00
   330  6.60000000E+01  1.12431353E+00  1.12321504E+00  1.12431353E+00
   331  6.62000000E+01  1.12431043E+00  1.12351737E+00  1.12431043E+00
   332  6.64000000E+01  1.12431954E+00  1.12376352E+00  1.12431954E+00
   333  6.66000000E+01  1.12430995E+00  1.12395806E+00  1.12430995E+00
   334  6.68000000E+01  1.12432410E+00  1.12410592E+00  1.12432410E+00
 steady-height stop at step    334: truncated to 3 decimals, truncated max/end/ratio =       1124      1124      1124, max/end/ratio =   1.12432410E+00  1.12410592E+00  1.12432410E+00
