 comppar: model =   2
 comppar: lambda,mobility/eps,betav,eta_0 =  1.0000E-01  0.0000E+00  5.0000E-01  1.0000E+00
 comppar: eta_s,eta_p,G =  5.0000E-01  5.0000E-01  5.0000E+00
 comppar: U_avg,deltat,flowrate,nsteps =  1.0000E-01  2.0000E-01  3.1416E-01    2000
 comppar: geometry = axisymmetric
 comppar: steady stop change,gap,hold,min =  1.0000E-07  1.0000E-03       1      80
 comppar: steady stop truncated decimals =       3
 comppar: ncompc,ncompg =     4     5
 mesh nnodes = 5797
 mesh nelem = 2796
 P1 BC   5.0000000000000000     
 P2 BC   0.0000000000000000     
     1  2.00000000E-01  1.00253084E+00  1.00000000E+00  1.00253084E+00
     2  4.00000000E-01  1.00502203E+00  1.00000000E+00  1.00502203E+00
     3  6.00000000E-01  1.00746812E+00  1.00000000E+00  1.00746812E+00
     4  8.00000000E-01  1.00987833E+00  1.00000000E+00  1.00987833E+00
     5  1.00000000E+00  1.01225703E+00  1.00000000E+00  1.01225703E+00
     6  1.20000000E+00  1.01460455E+00  1.00000000E+00  1.01460455E+00
     7  1.40000000E+00  1.01691374E+00  1.00000000E+00  1.01691374E+00
     8  1.60000000E+00  1.01920210E+00  1.00000000E+00  1.01920210E+00
     9  1.80000000E+00  1.02144679E+00  1.00000000E+00  1.02144679E+00
    10  2.00000000E+00  1.02367116E+00  1.00000000E+00  1.02367116E+00
    11  2.20000000E+00  1.02585519E+00  1.00000000E+00  1.02585519E+00
    12  2.40000000E+00  1.02801630E+00  1.00000000E+00  1.02801630E+00
    13  2.60000000E+00  1.03013397E+00  1.00000000E+00  1.03013397E+00
    14  2.80000000E+00  1.03223892E+00  1.00000000E+00  1.03223892E+00
    15  3.00000000E+00  1.03429167E+00  1.00000000E+00  1.03429167E+00
    16  3.20000000E+00  1.03634244E+00  1.00000000E+00  1.03634244E+00
    17  3.40000000E+00  1.03833493E+00  1.00000000E+00  1.03833493E+00
    18  3.60000000E+00  1.04032122E+00  1.00000000E+00  1.04032122E+00
    19  3.80000000E+00  1.04226894E+00  1.00000000E+00  1.04226894E+00
    20  4.00000000E+00  1.04418006E+00  1.00000000E+00  1.04418006E+00
    21  4.20000000E+00  1.04608494E+00  9.99999999E-01  1.04608494E+00
    22  4.40000000E+00  1.04792743E+00  9.99999997E-01  1.04792743E+00
    23  4.60000000E+00  1.04977196E+00  9.99999994E-01  1.04977196E+00
    24  4.80000000E+00  1.05158432E+00  9.99999991E-01  1.05158432E+00
    25  5.00000000E+00  1.05333292E+00  9.99999988E-01  1.05333292E+00
    26  5.20000000E+00  1.05511662E+00  9.99999984E-01  1.05511662E+00
    27  5.40000000E+00  1.05683569E+00  9.99999979E-01  1.05683569E+00
    28  5.60000000E+00  1.05849647E+00  9.99999973E-01  1.05849647E+00
    29  5.80000000E+00  1.06020198E+00  9.99999966E-01  1.06020198E+00
    30  6.00000000E+00  1.06184094E+00  9.99999959E-01  1.06184094E+00
    31  6.20000000E+00  1.06342317E+00  9.99999951E-01  1.06342317E+00
    32  6.40000000E+00  1.06505050E+00  9.99999941E-01  1.06505050E+00
    33  6.60000000E+00  1.06660935E+00  9.99999931E-01  1.06660935E+00
    34  6.80000000E+00  1.06809683E+00  9.99999919E-01  1.06809683E+00
    35  7.00000000E+00  1.06964425E+00  9.99999906E-01  1.06964425E+00
    36  7.20000000E+00  1.07114010E+00  9.99999891E-01  1.07114010E+00
    37  7.40000000E+00  1.07256374E+00  9.99999875E-01  1.07256374E+00
    38  7.60000000E+00  1.07400754E+00  9.99999858E-01  1.07400754E+00
    39  7.80000000E+00  1.07544067E+00  9.99999838E-01  1.07544067E+00
    40  8.00000000E+00  1.07680064E+00  9.99999817E-01  1.07680064E+00
    41  8.20000000E+00  1.07809861E+00  9.99999794E-01  1.07809861E+00
    42  8.40000000E+00  1.07948955E+00  9.99999769E-01  1.07948955E+00
    43  8.60000000E+00  1.08080721E+00  9.99999741E-01  1.08080721E+00
    44  8.80000000E+00  1.08204934E+00  9.99999711E-01  1.08204934E+00
    45  9.00000000E+00  1.08330491E+00  9.99999679E-01  1.08330491E+00
    46  9.20000000E+00  1.08458038E+00  9.99999643E-01  1.08458038E+00
    47  9.40000000E+00  1.08578016E+00  9.99999605E-01  1.08578016E+00
    48  9.60000000E+00  1.08690239E+00  9.99999564E-01  1.08690239E+00
    49  9.80000000E+00  1.08807838E+00  9.99999520E-01  1.08807838E+00
    50  1.00000000E+01  1.08926077E+00  9.99999472E-01  1.08926077E+00
    51  1.02000000E+01  1.09036619E+00  9.99999420E-01  1.09036619E+00
    52  1.04000000E+01  1.09139313E+00  9.99999365E-01  1.09139313E+00
    53  1.06000000E+01  1.09249444E+00  9.99999305E-01  1.09249444E+00
    54  1.08000000E+01  1.09358258E+00  9.99999241E-01  1.09358258E+00
    55  1.10000000E+01  1.09459268E+00  9.99999173E-01  1.09459268E+00
    56  1.12000000E+01  1.09552363E+00  9.99999100E-01  1.09552363E+00
    57  1.14000000E+01  1.09650756E+00  9.99999022E-01  1.09650756E+00
    58  1.16000000E+01  1.09752382E+00  9.99998938E-01  1.09752382E+00
    59  1.18000000E+01  1.09846174E+00  9.99998849E-01  1.09846174E+00
    60  1.20000000E+01  1.09932070E+00  9.99998753E-01  1.09932070E+00
    61  1.22000000E+01  1.10019022E+00  9.99998652E-01  1.10019022E+00
    62  1.24000000E+01  1.10113392E+00  9.99998544E-01  1.10113392E+00
    63  1.26000000E+01  1.10199909E+00  9.99998429E-01  1.10199909E+00
    64  1.28000000E+01  1.10278553E+00  9.99998307E-01  1.10278553E+00
    65  1.30000000E+01  1.10352841E+00  9.99998177E-01  1.10352841E+00
    66  1.32000000E+01  1.10440245E+00  9.99998039E-01  1.10440245E+00
    67  1.34000000E+01  1.10519838E+00  9.99997893E-01  1.10519838E+00
    68  1.36000000E+01  1.10591663E+00  9.99997738E-01  1.10591663E+00
    69  1.38000000E+01  1.10657054E+00  9.99997573E-01  1.10657054E+00
    70  1.40000000E+01  1.10737434E+00  9.99997399E-01  1.10737434E+00
    71  1.42000000E+01  1.10810052E+00  9.99997215E-01  1.10810052E+00
    72  1.44000000E+01  1.10875014E+00  9.99997020E-01  1.10875014E+00
    73  1.46000000E+01  1.10932507E+00  9.99996814E-01  1.10932507E+00
    74  1.48000000E+01  1.11004773E+00  9.99996596E-01  1.11004773E+00
    75  1.50000000E+01  1.11070715E+00  9.99996366E-01  1.11070715E+00
    76  1.52000000E+01  1.11129214E+00  9.99996124E-01  1.11129214E+00
    77  1.54000000E+01  1.11180525E+00  9.99995868E-01  1.11180525E+00
    78  1.56000000E+01  1.11245903E+00  9.99995598E-01  1.11245903E+00
    79  1.58000000E+01  1.11305131E+00  9.99995314E-01  1.11305131E+00
    80  1.60000000E+01  1.11357139E+00  9.99995014E-01  1.11357139E+00
    81  1.62000000E+01  1.11402254E+00  9.99994699E-01  1.11402254E+00
    82  1.64000000E+01  1.11461189E+00  9.99994367E-01  1.11461189E+00
    83  1.66000000E+01  1.11514172E+00  9.99994018E-01  1.11514172E+00
    84  1.68000000E+01  1.11560246E+00  9.99993652E-01  1.11560246E+00
    85  1.70000000E+01  1.11599824E+00  9.99993266E-01  1.11599824E+00
    86  1.72000000E+01  1.11653499E+00  9.99992862E-01  1.11653499E+00
    87  1.74000000E+01  1.11700225E+00  9.99992437E-01  1.11700225E+00
    88  1.76000000E+01  1.11740373E+00  9.99991991E-01  1.11740373E+00
    89  1.78000000E+01  1.11776538E+00  9.99991524E-01  1.11776538E+00
    90  1.80000000E+01  1.11824215E+00  9.99991034E-01  1.11824215E+00
    91  1.82000000E+01  1.11865281E+00  9.99990521E-01  1.11865281E+00
    92  1.84000000E+01  1.11900155E+00  9.99989983E-01  1.11900155E+00
    93  1.86000000E+01  1.11933188E+00  9.99989420E-01  1.11933188E+00
    94  1.88000000E+01  1.11974872E+00  9.99988831E-01  1.11974872E+00
    95  1.90000000E+01  1.12010312E+00  9.99988215E-01  1.12010312E+00
    96  1.92000000E+01  1.12039976E+00  9.99987571E-01  1.12039976E+00
    97  1.94000000E+01  1.12071450E+00  9.99986898E-01  1.12071450E+00
    98  1.96000000E+01  1.12107768E+00  9.99986195E-01  1.12107768E+00
    99  1.98000000E+01  1.12138246E+00  9.99985461E-01  1.12138246E+00
   100  2.00000000E+01  1.12163381E+00  9.99984695E-01  1.12163381E+00
   101  2.02000000E+01  1.12192346E+00  9.99983896E-01  1.12192346E+00
   102  2.04000000E+01  1.12223358E+00  9.99983063E-01  1.12223358E+00
   103  2.06000000E+01  1.12248970E+00  9.99982194E-01  1.12248970E+00
   104  2.08000000E+01  1.12269713E+00  9.99981289E-01  1.12269713E+00
   105  2.10000000E+01  1.12298505E+00  9.99980347E-01  1.12298505E+00
   106  2.12000000E+01  1.12324881E+00  9.99979367E-01  1.12324881E+00
   107  2.14000000E+01  1.12346302E+00  9.99978347E-01  1.12346302E+00
   108  2.16000000E+01  1.12363317E+00  9.99977286E-01  1.12363317E+00
   109  2.18000000E+01  1.12389711E+00  9.99976183E-01  1.12389711E+00
   110  2.20000000E+01  1.12411577E+00  9.99975038E-01  1.12411577E+00
   111  2.22000000E+01  1.12428975E+00  9.99973849E-01  1.12428975E+00
   112  2.24000000E+01  1.12446935E+00  9.99972614E-01  1.12446935E+00
   113  2.26000000E+01  1.12469515E+00  9.99971333E-01  1.12469515E+00
   114  2.28000000E+01  1.12487535E+00  9.99970006E-01  1.12487535E+00
   115  2.30000000E+01  1.12501554E+00  9.99968630E-01  1.12501554E+00
   116  2.32000000E+01  1.12518123E+00  9.99967204E-01  1.12518123E+00
   117  2.34000000E+01  1.12536556E+00  9.99965729E-01  1.12536556E+00
   118  2.36000000E+01  1.12550925E+00  9.99964202E-01  1.12550925E+00
   119  2.38000000E+01  1.12561797E+00  9.99962623E-01  1.12561797E+00
   120  2.40000000E+01  1.12580210E+00  9.99960992E-01  1.12580210E+00
   121  2.42000000E+01  1.12595144E+00  9.99959306E-01  1.12595144E+00
   122  2.44000000E+01  1.12606480E+00  9.99957566E-01  1.12606480E+00
   123  2.46000000E+01  1.12616011E+00  9.99955770E-01  1.12616011E+00
   124  2.48000000E+01  1.12631324E+00  9.99953919E-01  1.12631324E+00
   125  2.50000000E+01  1.12642978E+00  9.99952012E-01  1.12642978E+00
   126  2.52000000E+01  1.12651536E+00  9.99950047E-01  1.12651536E+00
   127  2.54000000E+01  1.12663811E+00  9.99948026E-01  1.12663811E+00
   128  2.56000000E+01  1.12675970E+00  9.99945947E-01  1.12675970E+00
   129  2.58000000E+01  1.12684929E+00  9.99943810E-01  1.12684929E+00
   130  2.60000000E+01  1.12691241E+00  9.99941616E-01  1.12691241E+00
   131  2.62000000E+01  1.12702154E+00  9.99939364E-01  1.12702154E+00
   132  2.64000000E+01  1.12711398E+00  9.99937056E-01  1.12711398E+00
   133  2.66000000E+01  1.12717938E+00  9.99934691E-01  1.12717938E+00
   134  2.68000000E+01  1.12726015E+00  9.99932271E-01  1.12726015E+00
   135  2.70000000E+01  1.12735701E+00  9.99929795E-01  1.12735701E+00
   136  2.72000000E+01  1.12742578E+00  9.99927266E-01  1.12742578E+00
   137  2.74000000E+01  1.12747183E+00  9.99924684E-01  1.12747183E+00
   138  2.76000000E+01  1.12754210E+00  9.99922051E-01  1.12754210E+00
   139  2.78000000E+01  1.12761339E+00  9.99919370E-01  1.12761339E+00
   140  2.80000000E+01  1.12766142E+00  9.99916642E-01  1.12766142E+00
   141  2.82000000E+01  1.12771513E+00  9.99913870E-01  1.12771513E+00
   142  2.84000000E+01  1.12779019E+00  9.99911056E-01  1.12779019E+00
   143  2.86000000E+01  1.12784095E+00  9.99908205E-01  1.12784095E+00
   144  2.88000000E+01  1.12787258E+00  9.99905319E-01  1.12787258E+00
   145  2.90000000E+01  1.12791718E+00  9.99902402E-01  1.12791718E+00
   146  2.92000000E+01  1.12797013E+00  9.99899459E-01  1.12797013E+00
   147  2.94000000E+01  1.12800344E+00  9.99896496E-01  1.12800344E+00
   148  2.96000000E+01  1.12804115E+00  9.99893516E-01  1.12804115E+00
   149  2.98000000E+01  1.12809721E+00  9.99890527E-01  1.12809721E+00
   150  3.00000000E+01  1.12813260E+00  9.99887534E-01  1.12813260E+00
   151  3.02000000E+01  1.12815223E+00  9.99884546E-01  1.12815223E+00
   152  3.04000000E+01  1.12818104E+00  9.99881570E-01  1.12818104E+00
   153  3.06000000E+01  1.12821830E+00  9.99878613E-01  1.12821830E+00
   154  3.08000000E+01  1.12823934E+00  9.99875687E-01  1.12823934E+00
   155  3.10000000E+01  1.12826882E+00  9.99872800E-01  1.12826882E+00
   156  3.12000000E+01  1.12830853E+00  9.99869964E-01  1.12830853E+00
   157  3.14000000E+01  1.12833101E+00  9.99867191E-01  1.12833101E+00
   158  3.16000000E+01  1.12834090E+00  9.99864492E-01  1.12834090E+00
   159  3.18000000E+01  1.12836079E+00  9.99861883E-01  1.12836079E+00
   160  3.20000000E+01  1.12838485E+00  9.99859377E-01  1.12838485E+00
   161  3.22000000E+01  1.12839589E+00  9.99856991E-01  1.12839589E+00
   162  3.24000000E+01  1.12842240E+00  9.99854742E-01  1.12842240E+00
   163  3.26000000E+01  1.12844826E+00  9.99852647E-01  1.12844826E+00
   164  3.28000000E+01  1.12846013E+00  9.99850727E-01  1.12846013E+00
   165  3.30000000E+01  1.12846232E+00  9.99849003E-01  1.12846232E+00
   166  3.32000000E+01  1.12847795E+00  9.99847495E-01  1.12847795E+00
   167  3.34000000E+01  1.12849112E+00  9.99846230E-01  1.12849112E+00
   168  3.36000000E+01  1.12849422E+00  9.99845231E-01  1.12849422E+00
   169  3.38000000E+01  1.12852097E+00  9.99844527E-01  1.12852097E+00
   170  3.40000000E+01  1.12853530E+00  9.99844145E-01  1.12853530E+00
   171  3.42000000E+01  1.12853866E+00  9.99844118E-01  1.12853866E+00
   172  3.44000000E+01  1.12853501E+00  9.99844478E-01  1.12853501E+00
   173  3.46000000E+01  1.12854925E+00  9.99845259E-01  1.12854925E+00
   174  3.48000000E+01  1.12855365E+00  9.99846499E-01  1.12855365E+00
   175  3.50000000E+01  1.12856206E+00  9.99848238E-01  1.12856206E+00
   176  3.52000000E+01  1.12857934E+00  9.99850516E-01  1.12857934E+00
   177  3.54000000E+01  1.12858430E+00  9.99853379E-01  1.12858430E+00
   178  3.56000000E+01  1.12858107E+00  9.99856873E-01  1.12858107E+00
   179  3.58000000E+01  1.12858148E+00  9.99861048E-01  1.12858148E+00
   180  3.60000000E+01  1.12858761E+00  9.99865957E-01  1.12858761E+00
   181  3.62000000E+01  1.12858519E+00  9.99871655E-01  1.12858519E+00
   182  3.64000000E+01  1.12860195E+00  9.99878202E-01  1.12860195E+00
   183  3.66000000E+01  1.12860895E+00  9.99885658E-01  1.12860895E+00
   184  3.68000000E+01  1.12862086E+00  9.99894091E-01  1.12862086E+00
   185  3.70000000E+01  1.12863426E+00  9.99903569E-01  1.12863426E+00
   186  3.72000000E+01  1.12864583E+00  9.99914166E-01  1.12864583E+00
   187  3.74000000E+01  1.12865564E+00  9.99925958E-01  1.12865564E+00
   188  3.76000000E+01  1.12866382E+00  9.99939027E-01  1.12866382E+00
   189  3.78000000E+01  1.12867204E+00  9.99953458E-01  1.12867204E+00
   190  3.80000000E+01  1.12868251E+00  9.99969341E-01  1.12868251E+00
   191  3.82000000E+01  1.12869130E+00  9.99986771E-01  1.12869130E+00
   192  3.84000000E+01  1.12869859E+00  1.00000585E+00  1.12869859E+00
   193  3.86000000E+01  1.12870462E+00  1.00002668E+00  1.12870462E+00
   194  3.88000000E+01  1.12871190E+00  1.00004937E+00  1.12871190E+00
   195  3.90000000E+01  1.12871921E+00  1.00007404E+00  1.12871921E+00
   196  3.92000000E+01  1.12872523E+00  1.00010080E+00  1.12872523E+00
   197  3.94000000E+01  1.12873021E+00  1.00012980E+00  1.12873021E+00
   198  3.96000000E+01  1.12873442E+00  1.00016115E+00  1.12873442E+00
   199  3.98000000E+01  1.12873953E+00  1.00019501E+00  1.12873953E+00
   200  4.00000000E+01  1.12874486E+00  1.00023151E+00  1.12874486E+00
   201  4.02000000E+01  1.12874928E+00  1.00027081E+00  1.12874928E+00
   202  4.04000000E+01  1.12875303E+00  1.00031308E+00  1.12875303E+00
   203  4.06000000E+01  1.12875631E+00  1.00035848E+00  1.12875631E+00
   204  4.08000000E+01  1.12875929E+00  1.00040719E+00  1.12875929E+00
   205  4.10000000E+01  1.12876208E+00  1.00045940E+00  1.12876208E+00
   206  4.12000000E+01  1.12876535E+00  1.00051529E+00  1.12876535E+00
   207  4.14000000E+01  1.12876832E+00  1.00057508E+00  1.12876832E+00
   208  4.16000000E+01  1.12877110E+00  1.00063897E+00  1.12877110E+00
   209  4.18000000E+01  1.12877378E+00  1.00070717E+00  1.12877378E+00
   210  4.20000000E+01  1.12877638E+00  1.00077993E+00  1.12877638E+00
   211  4.22000000E+01  1.12877890E+00  1.00085749E+00  1.12877890E+00
   212  4.24000000E+01  1.12878133E+00  1.00094008E+00  1.12878133E+00
   213  4.26000000E+01  1.12878365E+00  1.00102798E+00  1.12878365E+00
   214  4.28000000E+01  1.12878581E+00  1.00112146E+00  1.12878581E+00
   215  4.30000000E+01  1.12878780E+00  1.00122079E+00  1.12878780E+00
   216  4.32000000E+01  1.12878959E+00  1.00132628E+00  1.12878959E+00
   217  4.34000000E+01  1.12879118E+00  1.00143823E+00  1.12879118E+00
   218  4.36000000E+01  1.12879284E+00  1.00155695E+00  1.12879284E+00
   219  4.38000000E+01  1.12879465E+00  1.00168278E+00  1.12879465E+00
   220  4.40000000E+01  1.12879627E+00  1.00181607E+00  1.12879627E+00
   221  4.42000000E+01  1.12879771E+00  1.00195716E+00  1.12879771E+00
   222  4.44000000E+01  1.12879895E+00  1.00210644E+00  1.12879895E+00
   223  4.46000000E+01  1.12880001E+00  1.00226427E+00  1.12880001E+00
   224  4.48000000E+01  1.12880091E+00  1.00243107E+00  1.12880091E+00
   225  4.50000000E+01  1.12880166E+00  1.00260724E+00  1.12880166E+00
   226  4.52000000E+01  1.12880229E+00  1.00279321E+00  1.12880229E+00
   227  4.54000000E+01  1.12880284E+00  1.00298942E+00  1.12880284E+00
   228  4.56000000E+01  1.12880360E+00  1.00319633E+00  1.12880360E+00
   229  4.58000000E+01  1.12880423E+00  1.00341441E+00  1.12880423E+00
   230  4.60000000E+01  1.12880476E+00  1.00364414E+00  1.12880476E+00
   231  4.62000000E+01  1.12880519E+00  1.00388603E+00  1.12880519E+00
   232  4.64000000E+01  1.12880555E+00  1.00414059E+00  1.12880555E+00
   233  4.66000000E+01  1.12880585E+00  1.00440836E+00  1.12880585E+00
   234  4.68000000E+01  1.12880610E+00  1.00468988E+00  1.12880610E+00
   235  4.70000000E+01  1.12880630E+00  1.00498572E+00  1.12880630E+00
   236  4.72000000E+01  1.12880647E+00  1.00529646E+00  1.12880647E+00
   237  4.74000000E+01  1.12880660E+00  1.00562269E+00  1.12880660E+00
   238  4.76000000E+01  1.12880669E+00  1.00596503E+00  1.12880669E+00
   239  4.78000000E+01  1.12880676E+00  1.00632410E+00  1.12880676E+00
   240  4.80000000E+01  1.12880680E+00  1.00670053E+00  1.12880680E+00
   241  4.82000000E+01  1.12880681E+00  1.00709499E+00  1.12880681E+00
   242  4.84000000E+01  1.12880680E+00  1.00750813E+00  1.12880680E+00
   243  4.86000000E+01  1.12880677E+00  1.00794064E+00  1.12880677E+00
   244  4.88000000E+01  1.12880671E+00  1.00839320E+00  1.12880671E+00
   245  4.90000000E+01  1.12880665E+00  1.00886654E+00  1.12880665E+00
   246  4.92000000E+01  1.12880657E+00  1.00936135E+00  1.12880657E+00
   247  4.94000000E+01  1.12880647E+00  1.00987836E+00  1.12880647E+00
   248  4.96000000E+01  1.12880637E+00  1.01041831E+00  1.12880637E+00
   249  4.98000000E+01  1.12880626E+00  1.01098194E+00  1.12880626E+00
   250  5.00000000E+01  1.12880615E+00  1.01156999E+00  1.12880615E+00
   251  5.02000000E+01  1.12880603E+00  1.01218322E+00  1.12880603E+00
   252  5.04000000E+01  1.12880591E+00  1.01282237E+00  1.12880591E+00
   253  5.06000000E+01  1.12880579E+00  1.01348821E+00  1.12880579E+00
   254  5.08000000E+01  1.12880567E+00  1.01418150E+00  1.12880567E+00
   255  5.10000000E+01  1.12880555E+00  1.01490298E+00  1.12880555E+00
   256  5.12000000E+01  1.12880543E+00  1.01565339E+00  1.12880543E+00
   257  5.14000000E+01  1.12880531E+00  1.01643348E+00  1.12880531E+00
   258  5.16000000E+01  1.12880519E+00  1.01724398E+00  1.12880519E+00
   259  5.18000000E+01  1.12880508E+00  1.01808560E+00  1.12880508E+00
   260  5.20000000E+01  1.12880496E+00  1.01895903E+00  1.12880496E+00
   261  5.22000000E+01  1.12880485E+00  1.01986495E+00  1.12880485E+00
   262  5.24000000E+01  1.12880475E+00  1.02080402E+00  1.12880475E+00
   263  5.26000000E+01  1.12880464E+00  1.02177686E+00  1.12880464E+00
   264  5.28000000E+01  1.12880454E+00  1.02278407E+00  1.12880454E+00
   265  5.30000000E+01  1.12880444E+00  1.02382619E+00  1.12880444E+00
   266  5.32000000E+01  1.12880435E+00  1.02490377E+00  1.12880435E+00
   267  5.34000000E+01  1.12880425E+00  1.02601726E+00  1.12880425E+00
   268  5.36000000E+01  1.12880417E+00  1.02716710E+00  1.12880417E+00
   269  5.38000000E+01  1.12880408E+00  1.02835367E+00  1.12880408E+00
   270  5.40000000E+01  1.12880400E+00  1.02957728E+00  1.12880400E+00
   271  5.42000000E+01  1.12880392E+00  1.03083819E+00  1.12880392E+00
   272  5.44000000E+01  1.12880385E+00  1.03213658E+00  1.12880385E+00
   273  5.46000000E+01  1.12880378E+00  1.03347257E+00  1.12880378E+00
   274  5.48000000E+01  1.12880371E+00  1.03484621E+00  1.12880371E+00
   275  5.50000000E+01  1.12880365E+00  1.03625744E+00  1.12880365E+00
   276  5.52000000E+01  1.12880359E+00  1.03770614E+00  1.12880359E+00
   277  5.54000000E+01  1.12880353E+00  1.03919208E+00  1.12880353E+00
   278  5.56000000E+01  1.12880348E+00  1.04071495E+00  1.12880348E+00
   279  5.58000000E+01  1.12880343E+00  1.04227433E+00  1.12880343E+00
   280  5.60000000E+01  1.12880338E+00  1.04386968E+00  1.12880338E+00
   281  5.62000000E+01  1.12880333E+00  1.04550036E+00  1.12880333E+00
   282  5.64000000E+01  1.12880329E+00  1.04716563E+00  1.12880329E+00
   283  5.66000000E+01  1.12880325E+00  1.04886461E+00  1.12880325E+00
   284  5.68000000E+01  1.12880321E+00  1.05059631E+00  1.12880321E+00
   285  5.70000000E+01  1.12880317E+00  1.05235961E+00  1.12880317E+00
   286  5.72000000E+01  1.12880314E+00  1.05415325E+00  1.12880314E+00
   287  5.74000000E+01  1.12880311E+00  1.05597588E+00  1.12880311E+00
   288  5.76000000E+01  1.12880308E+00  1.05782597E+00  1.12880308E+00
   289  5.78000000E+01  1.12880305E+00  1.05970189E+00  1.12880305E+00
   290  5.80000000E+01  1.12880302E+00  1.06160187E+00  1.12880302E+00
   291  5.82000000E+01  1.12880299E+00  1.06352399E+00  1.12880299E+00
   292  5.84000000E+01  1.12880297E+00  1.06546623E+00  1.12880297E+00
   293  5.86000000E+01  1.12880295E+00  1.06742643E+00  1.12880295E+00
   294  5.88000000E+01  1.12880293E+00  1.06940228E+00  1.12880293E+00
   295  5.90000000E+01  1.12880291E+00  1.07139136E+00  1.12880291E+00
   296  5.92000000E+01  1.12880289E+00  1.07339115E+00  1.12880289E+00
   297  5.94000000E+01  1.12880287E+00  1.07539899E+00  1.12880287E+00
   298  5.96000000E+01  1.12880286E+00  1.07741211E+00  1.12880286E+00
   299  5.98000000E+01  1.12880284E+00  1.07942764E+00  1.12880284E+00
   300  6.00000000E+01  1.12880283E+00  1.08144262E+00  1.12880283E+00
   301  6.02000000E+01  1.12880282E+00  1.08345399E+00  1.12880282E+00
   302  6.04000000E+01  1.12880281E+00  1.08545859E+00  1.12880281E+00
   303  6.06000000E+01  1.12880280E+00  1.08745323E+00  1.12880280E+00
   304  6.08000000E+01  1.12880279E+00  1.08943461E+00  1.12880279E+00
   305  6.10000000E+01  1.12880278E+00  1.09139941E+00  1.12880278E+00
   306  6.12000000E+01  1.12880277E+00  1.09334423E+00  1.12880277E+00
   307  6.14000000E+01  1.12880276E+00  1.09526568E+00  1.12880276E+00
   308  6.16000000E+01  1.12880275E+00  1.09716031E+00  1.12880275E+00
   309  6.18000000E+01  1.12880274E+00  1.09902470E+00  1.12880274E+00
   310  6.20000000E+01  1.12880274E+00  1.10085540E+00  1.12880274E+00
   311  6.22000000E+01  1.12880273E+00  1.10264900E+00  1.12880273E+00
   312  6.24000000E+01  1.12880273E+00  1.10440213E+00  1.12880273E+00
   313  6.26000000E+01  1.12880272E+00  1.10611147E+00  1.12880272E+00
   314  6.28000000E+01  1.12880272E+00  1.10777376E+00  1.12880272E+00
   315  6.30000000E+01  1.12880271E+00  1.10938584E+00  1.12880271E+00
   316  6.32000000E+01  1.12880271E+00  1.11094464E+00  1.12880271E+00
   317  6.34000000E+01  1.12880270E+00  1.11244724E+00  1.12880270E+00
   318  6.36000000E+01  1.12880270E+00  1.11389084E+00  1.12880270E+00
   319  6.38000000E+01  1.12880270E+00  1.11527284E+00  1.12880270E+00
   320  6.40000000E+01  1.12880269E+00  1.11659082E+00  1.12880269E+00
   321  6.42000000E+01  1.12880269E+00  1.11784257E+00  1.12880269E+00
   322  6.44000000E+01  1.12880269E+00  1.11902615E+00  1.12880269E+00
   323  6.46000000E+01  1.12880269E+00  1.12013989E+00  1.12880269E+00
   324  6.48000000E+01  1.12880268E+00  1.12118243E+00  1.12880268E+00
   325  6.50000000E+01  1.12880268E+00  1.12215274E+00  1.12880268E+00
   326  6.52000000E+01  1.12880268E+00  1.12305018E+00  1.12880268E+00
   327  6.54000000E+01  1.12880268E+00  1.12387451E+00  1.12880268E+00
   328  6.56000000E+01  1.12880268E+00  1.12462591E+00  1.12880268E+00
   329  6.58000000E+01  1.12880267E+00  1.12530506E+00  1.12880267E+00
   330  6.60000000E+01  1.12880267E+00  1.12591309E+00  1.12880267E+00
   331  6.62000000E+01  1.12880267E+00  1.12645164E+00  1.12880267E+00
   332  6.64000000E+01  1.12880267E+00  1.12692288E+00  1.12880267E+00
   333  6.66000000E+01  1.12880267E+00  1.12732946E+00  1.12880267E+00
   334  6.68000000E+01  1.12880267E+00  1.12767454E+00  1.12880267E+00
   335  6.70000000E+01  1.12880267E+00  1.12796175E+00  1.12880267E+00
   336  6.72000000E+01  1.12880267E+00  1.12819516E+00  1.12880267E+00
 steady-height stop at step    336: truncated to 3 decimals, truncated max/end/ratio =       1128      1128      1128, max/end/ratio =   1.12880267E+00  1.12819516E+00  1.12880267E+00
