 comppar: model =   2
 comppar: lambda,mobility/eps,betav,eta_0 =  8.0000E-01  0.0000E+00  1.0000E-01  1.0000E+00
 comppar: eta_s,eta_p,G =  1.0000E-01  9.0000E-01  1.1250E+00
 comppar: U_avg,deltat,flowrate,nsteps =  1.0000E-01  2.0000E-01  3.1416E-01    2000
 comppar: geometry = axisymmetric
 comppar: steady stop change,gap,hold,min =  1.0000E-07  1.0000E-03       1      80
 comppar: steady stop truncated decimals =       3
 comppar: ncompc,ncompg =     4     5
 mesh nnodes = 5797
 mesh nelem = 2796
 P1 BC   5.0000000000000000     
 P2 BC   0.0000000000000000     
     1  2.00000000E-01  1.00252621E+00  1.00000000E+00  1.00252621E+00
     2  4.00000000E-01  1.00497352E+00  1.00000000E+00  1.00497352E+00
     3  6.00000000E-01  1.00732326E+00  1.00000000E+00  1.00732326E+00
     4  8.00000000E-01  1.00961967E+00  1.00000000E+00  1.00961967E+00
     5  1.00000000E+00  1.01187811E+00  1.00000000E+00  1.01187811E+00
     6  1.20000000E+00  1.01410769E+00  1.00000000E+00  1.01410769E+00
     7  1.40000000E+00  1.01630794E+00  1.00000000E+00  1.01630794E+00
     8  1.60000000E+00  1.01850428E+00  1.00000000E+00  1.01850428E+00
     9  1.80000000E+00  1.02067216E+00  1.00000000E+00  1.02067216E+00
    10  2.00000000E+00  1.02283195E+00  1.00000001E+00  1.02283195E+00
    11  2.20000000E+00  1.02495795E+00  1.00000001E+00  1.02495795E+00
    12  2.40000000E+00  1.02708190E+00  1.00000001E+00  1.02708190E+00
    13  2.60000000E+00  1.02916098E+00  1.00000001E+00  1.02916098E+00
    14  2.80000000E+00  1.03124639E+00  1.00000001E+00  1.03124639E+00
    15  3.00000000E+00  1.03328442E+00  1.00000001E+00  1.03328442E+00
    16  3.20000000E+00  1.03530973E+00  1.00000001E+00  1.03530973E+00
    17  3.40000000E+00  1.03731316E+00  1.00000001E+00  1.03731316E+00
    18  3.60000000E+00  1.03927014E+00  1.00000001E+00  1.03927014E+00
    19  3.80000000E+00  1.04123852E+00  1.00000001E+00  1.04123852E+00
    20  4.00000000E+00  1.04315245E+00  1.00000001E+00  1.04315245E+00
    21  4.20000000E+00  1.04504267E+00  1.00000000E+00  1.04504267E+00
    22  4.40000000E+00  1.04693029E+00  1.00000000E+00  1.04693029E+00
    23  4.60000000E+00  1.04875940E+00  9.99999999E-01  1.04875940E+00
    24  4.80000000E+00  1.05058176E+00  9.99999996E-01  1.05058176E+00
    25  5.00000000E+00  1.05238483E+00  9.99999993E-01  1.05238483E+00
    26  5.20000000E+00  1.05412581E+00  9.99999989E-01  1.05412581E+00
    27  5.40000000E+00  1.05585470E+00  9.99999984E-01  1.05585470E+00
    28  5.60000000E+00  1.05758317E+00  9.99999979E-01  1.05758317E+00
    29  5.80000000E+00  1.05924721E+00  9.99999973E-01  1.05924721E+00
    30  6.00000000E+00  1.06089698E+00  9.99999965E-01  1.06089698E+00
    31  6.20000000E+00  1.06254993E+00  9.99999957E-01  1.06254993E+00
    32  6.40000000E+00  1.06413622E+00  9.99999948E-01  1.06413622E+00
    33  6.60000000E+00  1.06568191E+00  9.99999938E-01  1.06568191E+00
    34  6.80000000E+00  1.06727459E+00  9.99999927E-01  1.06727459E+00
    35  7.00000000E+00  1.06879938E+00  9.99999914E-01  1.06879938E+00
    36  7.20000000E+00  1.07025342E+00  9.99999900E-01  1.07025342E+00
    37  7.40000000E+00  1.07176339E+00  9.99999884E-01  1.07176339E+00
    38  7.60000000E+00  1.07322660E+00  9.99999867E-01  1.07322660E+00
    39  7.80000000E+00  1.07461796E+00  9.99999848E-01  1.07461796E+00
    40  8.00000000E+00  1.07596858E+00  9.99999828E-01  1.07596858E+00
    41  8.20000000E+00  1.07739005E+00  9.99999805E-01  1.07739005E+00
    42  8.40000000E+00  1.07873947E+00  9.99999781E-01  1.07873947E+00
    43  8.60000000E+00  1.08001458E+00  9.99999754E-01  1.08001458E+00
    44  8.80000000E+00  1.08131106E+00  9.99999725E-01  1.08131106E+00
    45  9.00000000E+00  1.08261862E+00  9.99999693E-01  1.08261862E+00
    46  9.20000000E+00  1.08385167E+00  9.99999659E-01  1.08385167E+00
    47  9.40000000E+00  1.08500841E+00  9.99999621E-01  1.08500841E+00
    48  9.60000000E+00  1.08621744E+00  9.99999581E-01  1.08621744E+00
    49  9.80000000E+00  1.08743288E+00  9.99999538E-01  1.08743288E+00
    50  1.00000000E+01  1.08857261E+00  9.99999491E-01  1.08857261E+00
    51  1.02000000E+01  1.08963533E+00  9.99999441E-01  1.08963533E+00
    52  1.04000000E+01  1.09075803E+00  9.99999387E-01  1.09075803E+00
    53  1.06000000E+01  1.09188030E+00  9.99999329E-01  1.09188030E+00
    54  1.08000000E+01  1.09292601E+00  9.99999266E-01  1.09292601E+00
    55  1.10000000E+01  1.09389441E+00  9.99999200E-01  1.09389441E+00
    56  1.12000000E+01  1.09487931E+00  9.99999128E-01  1.09487931E+00
    57  1.14000000E+01  1.09593078E+00  9.99999052E-01  1.09593078E+00
    58  1.16000000E+01  1.09690574E+00  9.99998970E-01  1.09690574E+00
    59  1.18000000E+01  1.09780402E+00  9.99998882E-01  1.09780402E+00
    60  1.20000000E+01  1.09866138E+00  9.99998789E-01  1.09866138E+00
    61  1.22000000E+01  1.09964149E+00  9.99998690E-01  1.09964149E+00
    62  1.24000000E+01  1.10054527E+00  9.99998584E-01  1.10054527E+00
    63  1.26000000E+01  1.10137306E+00  9.99998471E-01  1.10137306E+00
    64  1.28000000E+01  1.10212598E+00  9.99998352E-01  1.10212598E+00
    65  1.30000000E+01  1.10300338E+00  9.99998224E-01  1.10300338E+00
    66  1.32000000E+01  1.10384019E+00  9.99998089E-01  1.10384019E+00
    67  1.34000000E+01  1.10460254E+00  9.99997945E-01  1.10460254E+00
    68  1.36000000E+01  1.10529230E+00  9.99997793E-01  1.10529230E+00
    69  1.38000000E+01  1.10606106E+00  9.99997631E-01  1.10606106E+00
    70  1.40000000E+01  1.10683059E+00  9.99997460E-01  1.10683059E+00
    71  1.42000000E+01  1.10752728E+00  9.99997279E-01  1.10752728E+00
    72  1.44000000E+01  1.10815375E+00  9.99997087E-01  1.10815375E+00
    73  1.46000000E+01  1.10881371E+00  9.99996884E-01  1.10881371E+00
    74  1.48000000E+01  1.10951971E+00  9.99996670E-01  1.10951971E+00
    75  1.50000000E+01  1.11015563E+00  9.99996444E-01  1.11015563E+00
    76  1.52000000E+01  1.11072494E+00  9.99996205E-01  1.11072494E+00
    77  1.54000000E+01  1.11129777E+00  9.99995952E-01  1.11129777E+00
    78  1.56000000E+01  1.11194006E+00  9.99995686E-01  1.11194006E+00
    79  1.58000000E+01  1.11251514E+00  9.99995406E-01  1.11251514E+00
    80  1.60000000E+01  1.11302732E+00  9.99995110E-01  1.11302732E+00
    81  1.62000000E+01  1.11352211E+00  9.99994799E-01  1.11352211E+00
    82  1.64000000E+01  1.11410648E+00  9.99994471E-01  1.11410648E+00
    83  1.66000000E+01  1.11462773E+00  9.99994126E-01  1.11462773E+00
    84  1.68000000E+01  1.11509081E+00  9.99993764E-01  1.11509081E+00
    85  1.70000000E+01  1.11551450E+00  9.99993383E-01  1.11551450E+00
    86  1.72000000E+01  1.11604099E+00  9.99992983E-01  1.11604099E+00
    87  1.74000000E+01  1.11650858E+00  9.99992562E-01  1.11650858E+00
    88  1.76000000E+01  1.11692290E+00  9.99992121E-01  1.11692290E+00
    89  1.78000000E+01  1.11729223E+00  9.99991658E-01  1.11729223E+00
    90  1.80000000E+01  1.11776851E+00  9.99991173E-01  1.11776851E+00
    91  1.82000000E+01  1.11819080E+00  9.99990664E-01  1.11819080E+00
    92  1.84000000E+01  1.11856493E+00  9.99990130E-01  1.11856493E+00
    93  1.86000000E+01  1.11889687E+00  9.99989572E-01  1.11889687E+00
    94  1.88000000E+01  1.11929328E+00  9.99988988E-01  1.11929328E+00
    95  1.90000000E+01  1.11967082E+00  9.99988376E-01  1.11967082E+00
    96  1.92000000E+01  1.12000562E+00  9.99987736E-01  1.12000562E+00
    97  1.94000000E+01  1.12030363E+00  9.99987067E-01  1.12030363E+00
    98  1.96000000E+01  1.12065536E+00  9.99986369E-01  1.12065536E+00
    99  1.98000000E+01  1.12099625E+00  9.99985639E-01  1.12099625E+00
   100  2.00000000E+01  1.12129895E+00  9.99984876E-01  1.12129895E+00
   101  2.02000000E+01  1.12156882E+00  9.99984081E-01  1.12156882E+00
   102  2.04000000E+01  1.12184497E+00  9.99983251E-01  1.12184497E+00
   103  2.06000000E+01  1.12215042E+00  9.99982386E-01  1.12215042E+00
   104  2.08000000E+01  1.12242276E+00  9.99981485E-01  1.12242276E+00
   105  2.10000000E+01  1.12266682E+00  9.99980546E-01  1.12266682E+00
   106  2.12000000E+01  1.12291098E+00  9.99979568E-01  1.12291098E+00
   107  2.14000000E+01  1.12318711E+00  9.99978550E-01  1.12318711E+00
   108  2.16000000E+01  1.12343355E+00  9.99977491E-01  1.12343355E+00
   109  2.18000000E+01  1.12365435E+00  9.99976390E-01  1.12365435E+00
   110  2.20000000E+01  1.12385267E+00  9.99975245E-01  1.12385267E+00
   111  2.22000000E+01  1.12407904E+00  9.99974056E-01  1.12407904E+00
   112  2.24000000E+01  1.12430234E+00  9.99972822E-01  1.12430234E+00
   113  2.26000000E+01  1.12450322E+00  9.99971540E-01  1.12450322E+00
   114  2.28000000E+01  1.12468395E+00  9.99970211E-01  1.12468395E+00
   115  2.30000000E+01  1.12488181E+00  9.99968832E-01  1.12488181E+00
   116  2.32000000E+01  1.12508331E+00  9.99967404E-01  1.12508331E+00
   117  2.34000000E+01  1.12526390E+00  9.99965924E-01  1.12526390E+00
   118  2.36000000E+01  1.12542533E+00  9.99964392E-01  1.12542533E+00
   119  2.38000000E+01  1.12556861E+00  9.99962807E-01  1.12556861E+00
   120  2.40000000E+01  1.12574872E+00  9.99961168E-01  1.12574872E+00
   121  2.42000000E+01  1.12591298E+00  9.99959474E-01  1.12591298E+00
   122  2.44000000E+01  1.12605919E+00  9.99957724E-01  1.12605919E+00
   123  2.46000000E+01  1.12618781E+00  9.99955918E-01  1.12618781E+00
   124  2.48000000E+01  1.12634395E+00  9.99954054E-01  1.12634395E+00
   125  2.50000000E+01  1.12648974E+00  9.99952131E-01  1.12648974E+00
   126  2.52000000E+01  1.12661809E+00  9.99950151E-01  1.12661809E+00
   127  2.54000000E+01  1.12672941E+00  9.99948111E-01  1.12672941E+00
   128  2.56000000E+01  1.12684684E+00  9.99946012E-01  1.12684684E+00
   129  2.58000000E+01  1.12697814E+00  9.99943852E-01  1.12697814E+00
   130  2.60000000E+01  1.12709238E+00  9.99941634E-01  1.12709238E+00
   131  2.62000000E+01  1.12718978E+00  9.99939355E-01  1.12718978E+00
   132  2.64000000E+01  1.12729182E+00  9.99937017E-01  1.12729182E+00
   133  2.66000000E+01  1.12740610E+00  9.99934619E-01  1.12740610E+00
   134  2.68000000E+01  1.12750398E+00  9.99932163E-01  1.12750398E+00
   135  2.70000000E+01  1.12758586E+00  9.99929648E-01  1.12758586E+00
   136  2.72000000E+01  1.12766489E+00  9.99927077E-01  1.12766489E+00
   137  2.74000000E+01  1.12776561E+00  9.99924449E-01  1.12776561E+00
   138  2.76000000E+01  1.12785014E+00  9.99921767E-01  1.12785014E+00
   139  2.78000000E+01  1.12791892E+00  9.99919032E-01  1.12791892E+00
   140  2.80000000E+01  1.12798981E+00  9.99916245E-01  1.12798981E+00
   141  2.82000000E+01  1.12807516E+00  9.99913410E-01  1.12807516E+00
   142  2.84000000E+01  1.12814527E+00  9.99910529E-01  1.12814527E+00
   143  2.86000000E+01  1.12820087E+00  9.99907604E-01  1.12820087E+00
   144  2.88000000E+01  1.12825964E+00  9.99904639E-01  1.12825964E+00
   145  2.90000000E+01  1.12833224E+00  9.99901638E-01  1.12833224E+00
   146  2.92000000E+01  1.12839000E+00  9.99898605E-01  1.12839000E+00
   147  2.94000000E+01  1.12843387E+00  9.99895543E-01  1.12843387E+00
   148  2.96000000E+01  1.12848955E+00  9.99892459E-01  1.12848955E+00
   149  2.98000000E+01  1.12854885E+00  9.99889358E-01  1.12854885E+00
   150  3.00000000E+01  1.12859463E+00  9.99886246E-01  1.12859463E+00
   151  3.02000000E+01  1.12862806E+00  9.99883130E-01  1.12862806E+00
   152  3.04000000E+01  1.12867727E+00  9.99880017E-01  1.12867727E+00
   153  3.06000000E+01  1.12872499E+00  9.99876916E-01  1.12872499E+00
   154  3.08000000E+01  1.12875999E+00  9.99873835E-01  1.12875999E+00
   155  3.10000000E+01  1.12878404E+00  9.99870784E-01  1.12878404E+00
   156  3.12000000E+01  1.12883347E+00  9.99867774E-01  1.12883347E+00
   157  3.14000000E+01  1.12887042E+00  9.99864815E-01  1.12887042E+00
   158  3.16000000E+01  1.12889619E+00  9.99861919E-01  1.12889619E+00
   159  3.18000000E+01  1.12891847E+00  9.99859100E-01  1.12891847E+00
   160  3.20000000E+01  1.12895715E+00  9.99856372E-01  1.12895715E+00
   161  3.22000000E+01  1.12898427E+00  9.99853750E-01  1.12898427E+00
   162  3.24000000E+01  1.12900140E+00  9.99851250E-01  1.12900140E+00
   163  3.26000000E+01  1.12902858E+00  9.99848890E-01  1.12902858E+00
   164  3.28000000E+01  1.12905764E+00  9.99846688E-01  1.12905764E+00
   165  3.30000000E+01  1.12907670E+00  9.99844665E-01  1.12907670E+00
   166  3.32000000E+01  1.12908738E+00  9.99842842E-01  1.12908738E+00
   167  3.34000000E+01  1.12911260E+00  9.99841241E-01  1.12911260E+00
   168  3.36000000E+01  1.12913279E+00  9.99839889E-01  1.12913279E+00
   169  3.38000000E+01  1.12914426E+00  9.99838810E-01  1.12914426E+00
   170  3.40000000E+01  1.12915756E+00  9.99838034E-01  1.12915756E+00
   171  3.42000000E+01  1.12917964E+00  9.99837590E-01  1.12917964E+00
   172  3.44000000E+01  1.12919288E+00  9.99837510E-01  1.12919288E+00
   173  3.46000000E+01  1.12919895E+00  9.99837828E-01  1.12919895E+00
   174  3.48000000E+01  1.12921191E+00  9.99838579E-01  1.12921191E+00
   175  3.50000000E+01  1.12922609E+00  9.99839804E-01  1.12922609E+00
   176  3.52000000E+01  1.12923277E+00  9.99841541E-01  1.12923277E+00
   177  3.54000000E+01  1.12923839E+00  9.99843834E-01  1.12923839E+00
   178  3.56000000E+01  1.12925434E+00  9.99846729E-01  1.12925434E+00
   179  3.58000000E+01  1.12926261E+00  9.99850273E-01  1.12926261E+00
   180  3.60000000E+01  1.12926486E+00  9.99854519E-01  1.12926486E+00
   181  3.62000000E+01  1.12927088E+00  9.99859521E-01  1.12927088E+00
   182  3.64000000E+01  1.12927991E+00  9.99865335E-01  1.12927991E+00
   183  3.66000000E+01  1.12928260E+00  9.99872022E-01  1.12928260E+00
   184  3.68000000E+01  1.12928482E+00  9.99879646E-01  1.12928482E+00
   185  3.70000000E+01  1.12929546E+00  9.99888275E-01  1.12929546E+00
   186  3.72000000E+01  1.12929954E+00  9.99897981E-01  1.12929954E+00
   187  3.74000000E+01  1.12929870E+00  9.99908837E-01  1.12929870E+00
   188  3.76000000E+01  1.12930136E+00  9.99920925E-01  1.12930136E+00
   189  3.78000000E+01  1.12930603E+00  9.99934328E-01  1.12930603E+00
   190  3.80000000E+01  1.12930549E+00  9.99949133E-01  1.12930549E+00
   191  3.82000000E+01  1.12930715E+00  9.99965435E-01  1.12930715E+00
   192  3.84000000E+01  1.12931327E+00  9.99983331E-01  1.12931327E+00
   193  3.86000000E+01  1.12931389E+00  1.00000292E+00  1.12931389E+00
   194  3.88000000E+01  1.12931061E+00  1.00002432E+00  1.12931061E+00
   195  3.90000000E+01  1.12931229E+00  1.00004764E+00  1.12931229E+00
   196  3.92000000E+01  1.12931334E+00  1.00007300E+00  1.12931334E+00
   197  3.94000000E+01  1.12931025E+00  1.00010052E+00  1.12931025E+00
   198  3.96000000E+01  1.12931310E+00  1.00013034E+00  1.12931310E+00
   199  3.98000000E+01  1.12931541E+00  1.00016260E+00  1.12931541E+00
   200  4.00000000E+01  1.12931325E+00  1.00019743E+00  1.12931325E+00
   201  4.02000000E+01  1.12930814E+00  1.00023500E+00  1.12930814E+00
   202  4.04000000E+01  1.12931032E+00  1.00027546E+00  1.12931032E+00
   203  4.06000000E+01  1.12931342E+00  1.00031898E+00  1.12931342E+00
   204  4.08000000E+01  1.12931733E+00  1.00036573E+00  1.12931733E+00
   205  4.10000000E+01  1.12932047E+00  1.00041590E+00  1.12932047E+00
   206  4.12000000E+01  1.12932292E+00  1.00046967E+00  1.12932292E+00
   207  4.14000000E+01  1.12932500E+00  1.00052725E+00  1.12932500E+00
   208  4.16000000E+01  1.12932817E+00  1.00058885E+00  1.12932817E+00
   209  4.18000000E+01  1.12933062E+00  1.00065468E+00  1.12933062E+00
   210  4.20000000E+01  1.12933247E+00  1.00072497E+00  1.12933247E+00
   211  4.22000000E+01  1.12933386E+00  1.00079996E+00  1.12933386E+00
   212  4.24000000E+01  1.12933492E+00  1.00087990E+00  1.12933492E+00
   213  4.26000000E+01  1.12933592E+00  1.00096504E+00  1.12933592E+00
   214  4.28000000E+01  1.12933752E+00  1.00105565E+00  1.12933752E+00
   215  4.30000000E+01  1.12933872E+00  1.00115203E+00  1.12933872E+00
   216  4.32000000E+01  1.12933963E+00  1.00125445E+00  1.12933963E+00
   217  4.34000000E+01  1.12934038E+00  1.00136322E+00  1.12934038E+00
   218  4.36000000E+01  1.12934103E+00  1.00147867E+00  1.12934103E+00
   219  4.38000000E+01  1.12934165E+00  1.00160111E+00  1.12934165E+00
   220  4.40000000E+01  1.12934226E+00  1.00173090E+00  1.12934226E+00
   221  4.42000000E+01  1.12934289E+00  1.00186839E+00  1.12934289E+00
   222  4.44000000E+01  1.12934352E+00  1.00201395E+00  1.12934352E+00
   223  4.46000000E+01  1.12934414E+00  1.00216796E+00  1.12934414E+00
   224  4.48000000E+01  1.12934474E+00  1.00233082E+00  1.12934474E+00
   225  4.50000000E+01  1.12934529E+00  1.00250294E+00  1.12934529E+00
   226  4.52000000E+01  1.12934577E+00  1.00268475E+00  1.12934577E+00
   227  4.54000000E+01  1.12934619E+00  1.00287668E+00  1.12934619E+00
   228  4.56000000E+01  1.12934652E+00  1.00307921E+00  1.12934652E+00
   229  4.58000000E+01  1.12934678E+00  1.00329279E+00  1.12934678E+00
   230  4.60000000E+01  1.12934696E+00  1.00351791E+00  1.12934696E+00
   231  4.62000000E+01  1.12934708E+00  1.00375509E+00  1.12934708E+00
   232  4.64000000E+01  1.12934720E+00  1.00400483E+00  1.12934720E+00
   233  4.66000000E+01  1.12934739E+00  1.00426767E+00  1.12934739E+00
   234  4.68000000E+01  1.12934751E+00  1.00454416E+00  1.12934751E+00
   235  4.70000000E+01  1.12934757E+00  1.00483487E+00  1.12934757E+00
   236  4.72000000E+01  1.12934759E+00  1.00514039E+00  1.12934759E+00
   237  4.74000000E+01  1.12934756E+00  1.00546130E+00  1.12934756E+00
   238  4.76000000E+01  1.12934751E+00  1.00579823E+00  1.12934751E+00
   239  4.78000000E+01  1.12934743E+00  1.00615180E+00  1.12934743E+00
   240  4.80000000E+01  1.12934734E+00  1.00652265E+00  1.12934734E+00
   241  4.82000000E+01  1.12934724E+00  1.00691146E+00  1.12934724E+00
   242  4.84000000E+01  1.12934713E+00  1.00731888E+00  1.12934713E+00
   243  4.86000000E+01  1.12934700E+00  1.00774561E+00  1.12934700E+00
   244  4.88000000E+01  1.12934687E+00  1.00819234E+00  1.12934687E+00
   245  4.90000000E+01  1.12934674E+00  1.00865980E+00  1.12934674E+00
   246  4.92000000E+01  1.12934660E+00  1.00914871E+00  1.12934660E+00
   247  4.94000000E+01  1.12934645E+00  1.00965979E+00  1.12934645E+00
   248  4.96000000E+01  1.12934629E+00  1.01019380E+00  1.12934629E+00
   249  4.98000000E+01  1.12934614E+00  1.01075150E+00  1.12934614E+00
   250  5.00000000E+01  1.12934598E+00  1.01133363E+00  1.12934598E+00
   251  5.02000000E+01  1.12934582E+00  1.01194098E+00  1.12934582E+00
   252  5.04000000E+01  1.12934565E+00  1.01257431E+00  1.12934565E+00
   253  5.06000000E+01  1.12934549E+00  1.01323440E+00  1.12934549E+00
   254  5.08000000E+01  1.12934533E+00  1.01392201E+00  1.12934533E+00
   255  5.10000000E+01  1.12934517E+00  1.01463791E+00  1.12934517E+00
   256  5.12000000E+01  1.12934502E+00  1.01538288E+00  1.12934502E+00
   257  5.14000000E+01  1.12934487E+00  1.01615766E+00  1.12934487E+00
   258  5.16000000E+01  1.12934472E+00  1.01696300E+00  1.12934472E+00
   259  5.18000000E+01  1.12934457E+00  1.01779963E+00  1.12934457E+00
   260  5.20000000E+01  1.12934443E+00  1.01866827E+00  1.12934443E+00
   261  5.22000000E+01  1.12934430E+00  1.01956961E+00  1.12934430E+00
   262  5.24000000E+01  1.12934417E+00  1.02050431E+00  1.12934417E+00
   263  5.26000000E+01  1.12934404E+00  1.02147302E+00  1.12934404E+00
   264  5.28000000E+01  1.12934392E+00  1.02247635E+00  1.12934392E+00
   265  5.30000000E+01  1.12934380E+00  1.02351488E+00  1.12934380E+00
   266  5.32000000E+01  1.12934369E+00  1.02458914E+00  1.12934369E+00
   267  5.34000000E+01  1.12934358E+00  1.02569962E+00  1.12934358E+00
   268  5.36000000E+01  1.12934347E+00  1.02684677E+00  1.12934347E+00
   269  5.38000000E+01  1.12934338E+00  1.02803098E+00  1.12934338E+00
   270  5.40000000E+01  1.12934328E+00  1.02925259E+00  1.12934328E+00
   271  5.42000000E+01  1.12934319E+00  1.03051186E+00  1.12934319E+00
   272  5.44000000E+01  1.12934310E+00  1.03180901E+00  1.12934310E+00
   273  5.46000000E+01  1.12934302E+00  1.03314415E+00  1.12934302E+00
   274  5.48000000E+01  1.12934294E+00  1.03451735E+00  1.12934294E+00
   275  5.50000000E+01  1.12934287E+00  1.03592857E+00  1.12934287E+00
   276  5.52000000E+01  1.12934280E+00  1.03737769E+00  1.12934280E+00
   277  5.54000000E+01  1.12934273E+00  1.03886450E+00  1.12934273E+00
   278  5.56000000E+01  1.12934267E+00  1.04038868E+00  1.12934267E+00
   279  5.58000000E+01  1.12934261E+00  1.04194980E+00  1.12934261E+00
   280  5.60000000E+01  1.12934256E+00  1.04354733E+00  1.12934256E+00
   281  5.62000000E+01  1.12934250E+00  1.04518063E+00  1.12934250E+00
   282  5.64000000E+01  1.12934245E+00  1.04684892E+00  1.12934245E+00
   283  5.66000000E+01  1.12934241E+00  1.04855130E+00  1.12934241E+00
   284  5.68000000E+01  1.12934236E+00  1.05028676E+00  1.12934236E+00
   285  5.70000000E+01  1.12934232E+00  1.05205415E+00  1.12934232E+00
   286  5.72000000E+01  1.12934228E+00  1.05385217E+00  1.12934228E+00
   287  5.74000000E+01  1.12934224E+00  1.05567941E+00  1.12934224E+00
   288  5.76000000E+01  1.12934221E+00  1.05753431E+00  1.12934221E+00
   289  5.78000000E+01  1.12934218E+00  1.05941518E+00  1.12934218E+00
   290  5.80000000E+01  1.12934215E+00  1.06132018E+00  1.12934215E+00
   291  5.82000000E+01  1.12934212E+00  1.06324736E+00  1.12934212E+00
   292  5.84000000E+01  1.12934209E+00  1.06519460E+00  1.12934209E+00
   293  5.86000000E+01  1.12934207E+00  1.06715968E+00  1.12934207E+00
   294  5.88000000E+01  1.12934205E+00  1.06914023E+00  1.12934205E+00
   295  5.90000000E+01  1.12934202E+00  1.07113376E+00  1.12934202E+00
   296  5.92000000E+01  1.12934200E+00  1.07313766E+00  1.12934200E+00
   297  5.94000000E+01  1.12934199E+00  1.07514920E+00  1.12934199E+00
   298  5.96000000E+01  1.12934197E+00  1.07716554E+00  1.12934197E+00
   299  5.98000000E+01  1.12934195E+00  1.07918373E+00  1.12934195E+00
   300  6.00000000E+01  1.12934194E+00  1.08120072E+00  1.12934194E+00
   301  6.02000000E+01  1.12934192E+00  1.08321338E+00  1.12934192E+00
   302  6.04000000E+01  1.12934191E+00  1.08521848E+00  1.12934191E+00
   303  6.06000000E+01  1.12934190E+00  1.08721273E+00  1.12934190E+00
   304  6.08000000E+01  1.12934189E+00  1.08919277E+00  1.12934189E+00
   305  6.10000000E+01  1.12934188E+00  1.09115520E+00  1.12934188E+00
   306  6.12000000E+01  1.12934187E+00  1.09309656E+00  1.12934187E+00
   307  6.14000000E+01  1.12934186E+00  1.09501339E+00  1.12934186E+00
   308  6.16000000E+01  1.12934185E+00  1.09690219E+00  1.12934185E+00
   309  6.18000000E+01  1.12934184E+00  1.09875948E+00  1.12934184E+00
   310  6.20000000E+01  1.12934183E+00  1.10058178E+00  1.12934183E+00
   311  6.22000000E+01  1.12934183E+00  1.10236568E+00  1.12934183E+00
   312  6.24000000E+01  1.12934182E+00  1.10410778E+00  1.12934182E+00
   313  6.26000000E+01  1.12934182E+00  1.10580479E+00  1.12934182E+00
   314  6.28000000E+01  1.12934181E+00  1.10745347E+00  1.12934181E+00
   315  6.30000000E+01  1.12934181E+00  1.10905073E+00  1.12934181E+00
   316  6.32000000E+01  1.12934180E+00  1.11059360E+00  1.12934180E+00
   317  6.34000000E+01  1.12934180E+00  1.11207927E+00  1.12934180E+00
   318  6.36000000E+01  1.12934179E+00  1.11350511E+00  1.12934179E+00
   319  6.38000000E+01  1.12934179E+00  1.11486869E+00  1.12934179E+00
   320  6.40000000E+01  1.12934179E+00  1.11616784E+00  1.12934179E+00
   321  6.42000000E+01  1.12934178E+00  1.11740065E+00  1.12934178E+00
   322  6.44000000E+01  1.12934178E+00  1.11856551E+00  1.12934178E+00
   323  6.46000000E+01  1.12934178E+00  1.11966113E+00  1.12934178E+00
   324  6.48000000E+01  1.12934178E+00  1.12068662E+00  1.12934178E+00
   325  6.50000000E+01  1.12934177E+00  1.12164146E+00  1.12934177E+00
   326  6.52000000E+01  1.12934177E+00  1.12252561E+00  1.12934177E+00
   327  6.54000000E+01  1.12934177E+00  1.12333946E+00  1.12934177E+00
   328  6.56000000E+01  1.12934177E+00  1.12408391E+00  1.12934177E+00
   329  6.58000000E+01  1.12934177E+00  1.12476036E+00  1.12934177E+00
   330  6.60000000E+01  1.12934177E+00  1.12537075E+00  1.12934177E+00
   331  6.62000000E+01  1.12934177E+00  1.12591750E+00  1.12934177E+00
   332  6.64000000E+01  1.12934176E+00  1.12640353E+00  1.12934176E+00
   333  6.66000000E+01  1.12934176E+00  1.12683220E+00  1.12934176E+00
   334  6.68000000E+01  1.12934176E+00  1.12720728E+00  1.12934176E+00
   335  6.70000000E+01  1.12934176E+00  1.12753284E+00  1.12934176E+00
   336  6.72000000E+01  1.12934176E+00  1.12781320E+00  1.12934176E+00
   337  6.74000000E+01  1.12934176E+00  1.12805281E+00  1.12934176E+00
   338  6.76000000E+01  1.12934176E+00  1.12825616E+00  1.12934176E+00
   339  6.78000000E+01  1.12934176E+00  1.12842766E+00  1.12934176E+00
   340  6.80000000E+01  1.12934176E+00  1.12857156E+00  1.12934176E+00
   341  6.82000000E+01  1.12934176E+00  1.12869182E+00  1.12934176E+00
   342  6.84000000E+01  1.12934176E+00  1.12879208E+00  1.12934176E+00
   343  6.86000000E+01  1.12934176E+00  1.12887557E+00  1.12934176E+00
   344  6.88000000E+01  1.12934176E+00  1.12894506E+00  1.12934176E+00
   345  6.90000000E+01  1.12934176E+00  1.12900289E+00  1.12934176E+00
 steady-height stop at step    345: truncated to 3 decimals, truncated max/end/ratio =       1129      1129      1129, max/end/ratio =   1.12934176E+00  1.12900289E+00  1.12934176E+00
