 comppar: model =   2
 comppar: lambda,mobility/eps,betav,eta_0 =  3.0000E+00  0.0000E+00  1.0000E-01  1.0000E+00
 comppar: eta_s,eta_p,G =  1.0000E-01  9.0000E-01  3.0000E-01
 comppar: U_avg,deltat,flowrate,nsteps =  1.0000E-01  2.0000E-01  3.1416E-01    2000
 comppar: geometry = axisymmetric
 comppar: steady stop change,gap,hold,min =  1.0000E-07  1.0000E-03       1      80
 comppar: steady stop truncated decimals =       3
 comppar: ncompc,ncompg =     4     5
 mesh nnodes = 5797
 mesh nelem = 2796
 P1 BC   5.0000000000000000     
 P2 BC   0.0000000000000000     
     1  2.00000000E-01  1.00252392E+00  1.00000000E+00  1.00252392E+00
     2  4.00000000E-01  1.00497958E+00  1.00000000E+00  1.00497958E+00
     3  6.00000000E-01  1.00734922E+00  1.00000000E+00  1.00734922E+00
     4  8.00000000E-01  1.00965339E+00  1.00000000E+00  1.00965339E+00
     5  1.00000000E+00  1.01190003E+00  1.00000000E+00  1.01190003E+00
     6  1.20000000E+00  1.01410289E+00  1.00000000E+00  1.01410289E+00
     7  1.40000000E+00  1.01627091E+00  1.00000000E+00  1.01627091E+00
     8  1.60000000E+00  1.01843228E+00  1.00000000E+00  1.01843228E+00
     9  1.80000000E+00  1.02058781E+00  1.00000000E+00  1.02058781E+00
    10  2.00000000E+00  1.02274371E+00  1.00000001E+00  1.02274371E+00
    11  2.20000000E+00  1.02491491E+00  1.00000001E+00  1.02491491E+00
    12  2.40000000E+00  1.02709921E+00  1.00000001E+00  1.02709921E+00
    13  2.60000000E+00  1.02929532E+00  1.00000001E+00  1.02929532E+00
    14  2.80000000E+00  1.03152031E+00  1.00000001E+00  1.03152031E+00
    15  3.00000000E+00  1.03374329E+00  1.00000001E+00  1.03374329E+00
    16  3.20000000E+00  1.03599712E+00  1.00000001E+00  1.03599712E+00
    17  3.40000000E+00  1.03827144E+00  1.00000001E+00  1.03827144E+00
    18  3.60000000E+00  1.04054388E+00  1.00000001E+00  1.04054388E+00
    19  3.80000000E+00  1.04284097E+00  1.00000001E+00  1.04284097E+00
    20  4.00000000E+00  1.04516308E+00  1.00000001E+00  1.04516308E+00
    21  4.20000000E+00  1.04748183E+00  1.00000001E+00  1.04748183E+00
    22  4.40000000E+00  1.04979555E+00  1.00000001E+00  1.04979555E+00
    23  4.60000000E+00  1.05215878E+00  1.00000001E+00  1.05215878E+00
    24  4.80000000E+00  1.05452460E+00  1.00000001E+00  1.05452460E+00
    25  5.00000000E+00  1.05688293E+00  1.00000001E+00  1.05688293E+00
    26  5.20000000E+00  1.05923189E+00  1.00000001E+00  1.05923189E+00
    27  5.40000000E+00  1.06160261E+00  1.00000000E+00  1.06160261E+00
    28  5.60000000E+00  1.06399398E+00  1.00000000E+00  1.06399398E+00
    29  5.80000000E+00  1.06637288E+00  9.99999996E-01  1.06637288E+00
    30  6.00000000E+00  1.06873759E+00  9.99999992E-01  1.06873759E+00
    31  6.20000000E+00  1.07108663E+00  9.99999987E-01  1.07108663E+00
    32  6.40000000E+00  1.07341870E+00  9.99999982E-01  1.07341870E+00
    33  6.60000000E+00  1.07577256E+00  9.99999976E-01  1.07577256E+00
    34  6.80000000E+00  1.07814055E+00  9.99999969E-01  1.07814055E+00
    35  7.00000000E+00  1.08048977E+00  9.99999962E-01  1.08048977E+00
    36  7.20000000E+00  1.08281922E+00  9.99999953E-01  1.08281922E+00
    37  7.40000000E+00  1.08512804E+00  9.99999944E-01  1.08512804E+00
    38  7.60000000E+00  1.08741550E+00  9.99999933E-01  1.08741550E+00
    39  7.80000000E+00  1.08972087E+00  9.99999922E-01  1.08972087E+00
    40  8.00000000E+00  1.09203157E+00  9.99999909E-01  1.09203157E+00
    41  8.20000000E+00  1.09431931E+00  9.99999895E-01  1.09431931E+00
    42  8.40000000E+00  1.09658360E+00  9.99999880E-01  1.09658360E+00
    43  8.60000000E+00  1.09882425E+00  9.99999863E-01  1.09882425E+00
    44  8.80000000E+00  1.10104136E+00  9.99999846E-01  1.10104136E+00
    45  9.00000000E+00  1.10327988E+00  9.99999826E-01  1.10327988E+00
    46  9.20000000E+00  1.10551940E+00  9.99999805E-01  1.10551940E+00
    47  9.40000000E+00  1.10773474E+00  9.99999783E-01  1.10773474E+00
    48  9.60000000E+00  1.10992640E+00  9.99999758E-01  1.10992640E+00
    49  9.80000000E+00  1.11209504E+00  9.99999732E-01  1.11209504E+00
    50  1.00000000E+01  1.11424138E+00  9.99999704E-01  1.11424138E+00
    51  1.02000000E+01  1.11636592E+00  9.99999673E-01  1.11636592E+00
    52  1.04000000E+01  1.11851932E+00  9.99999641E-01  1.11851932E+00
    53  1.06000000E+01  1.12065787E+00  9.99999606E-01  1.12065787E+00
    54  1.08000000E+01  1.12277429E+00  9.99999569E-01  1.12277429E+00
    55  1.10000000E+01  1.12486881E+00  9.99999529E-01  1.12486881E+00
    56  1.12000000E+01  1.12694106E+00  9.99999486E-01  1.12694106E+00
    57  1.14000000E+01  1.12899010E+00  9.99999441E-01  1.12899010E+00
    58  1.16000000E+01  1.13101451E+00  9.99999393E-01  1.13101451E+00
    59  1.18000000E+01  1.13301269E+00  9.99999341E-01  1.13301269E+00
    60  1.20000000E+01  1.13504424E+00  9.99999287E-01  1.13504424E+00
    61  1.22000000E+01  1.13706229E+00  9.99999229E-01  1.13706229E+00
    62  1.24000000E+01  1.13905382E+00  9.99999167E-01  1.13905382E+00
    63  1.26000000E+01  1.14101768E+00  9.99999102E-01  1.14101768E+00
    64  1.28000000E+01  1.14295314E+00  9.99999033E-01  1.14295314E+00
    65  1.30000000E+01  1.14486003E+00  9.99998960E-01  1.14486003E+00
    66  1.32000000E+01  1.14673885E+00  9.99998882E-01  1.14673885E+00
    67  1.34000000E+01  1.14859067E+00  9.99998800E-01  1.14859067E+00
    68  1.36000000E+01  1.15048990E+00  9.99998713E-01  1.15048990E+00
    69  1.38000000E+01  1.15236098E+00  9.99998622E-01  1.15236098E+00
    70  1.40000000E+01  1.15420428E+00  9.99998525E-01  1.15420428E+00
    71  1.42000000E+01  1.15602133E+00  9.99998423E-01  1.15602133E+00
    72  1.44000000E+01  1.15781380E+00  9.99998316E-01  1.15781380E+00
    73  1.46000000E+01  1.15958313E+00  9.99998202E-01  1.15958313E+00
    74  1.48000000E+01  1.16133004E+00  9.99998083E-01  1.16133004E+00
    75  1.50000000E+01  1.16305424E+00  9.99997957E-01  1.16305424E+00
    76  1.52000000E+01  1.16475400E+00  9.99997825E-01  1.16475400E+00
    77  1.54000000E+01  1.16648327E+00  9.99997686E-01  1.16648327E+00
    78  1.56000000E+01  1.16820695E+00  9.99997540E-01  1.16820695E+00
    79  1.58000000E+01  1.16990600E+00  9.99997386E-01  1.16990600E+00
    80  1.60000000E+01  1.17157806E+00  9.99997225E-01  1.17157806E+00
    81  1.62000000E+01  1.17321921E+00  9.99997055E-01  1.17321921E+00
    82  1.64000000E+01  1.17482412E+00  9.99996877E-01  1.17482412E+00
    83  1.66000000E+01  1.17638612E+00  9.99996691E-01  1.17638612E+00
    84  1.68000000E+01  1.17791677E+00  9.99996495E-01  1.17791677E+00
    85  1.70000000E+01  1.17953247E+00  9.99996290E-01  1.17953247E+00
    86  1.72000000E+01  1.18111044E+00  9.99996076E-01  1.18111044E+00
    87  1.74000000E+01  1.18264340E+00  9.99995851E-01  1.18264340E+00
    88  1.76000000E+01  1.18412330E+00  9.99995615E-01  1.18412330E+00
    89  1.78000000E+01  1.18554209E+00  9.99995369E-01  1.18554209E+00
    90  1.80000000E+01  1.18690251E+00  9.99995111E-01  1.18690251E+00
    91  1.82000000E+01  1.18841246E+00  9.99994842E-01  1.18841246E+00
    92  1.84000000E+01  1.18986911E+00  9.99994560E-01  1.18986911E+00
    93  1.86000000E+01  1.19126555E+00  9.99994265E-01  1.19126555E+00
    94  1.88000000E+01  1.19259585E+00  9.99993958E-01  1.19259585E+00
    95  1.90000000E+01  1.19385576E+00  9.99993636E-01  1.19385576E+00
    96  1.92000000E+01  1.19518014E+00  9.99993301E-01  1.19518014E+00
    97  1.94000000E+01  1.19656317E+00  9.99992951E-01  1.19656317E+00
    98  1.96000000E+01  1.19787846E+00  9.99992586E-01  1.19787846E+00
    99  1.98000000E+01  1.19912177E+00  9.99992205E-01  1.19912177E+00
   100  2.00000000E+01  1.20029136E+00  9.99991808E-01  1.20029136E+00
   101  2.02000000E+01  1.20138818E+00  9.99991394E-01  1.20138818E+00
   102  2.04000000E+01  1.20262770E+00  9.99990963E-01  1.20262770E+00
   103  2.06000000E+01  1.20385700E+00  9.99990513E-01  1.20385700E+00
   104  2.08000000E+01  1.20501631E+00  9.99990045E-01  1.20501631E+00
   105  2.10000000E+01  1.20610659E+00  9.99989558E-01  1.20610659E+00
   106  2.12000000E+01  1.20713079E+00  9.99989051E-01  1.20713079E+00
   107  2.14000000E+01  1.20821099E+00  9.99988524E-01  1.20821099E+00
   108  2.16000000E+01  1.20935440E+00  9.99987975E-01  1.20935440E+00
   109  2.18000000E+01  1.21042825E+00  9.99987404E-01  1.21042825E+00
   110  2.20000000E+01  1.21143611E+00  9.99986811E-01  1.21143611E+00
   111  2.22000000E+01  1.21238313E+00  9.99986195E-01  1.21238313E+00
   112  2.24000000E+01  1.21327538E+00  9.99985554E-01  1.21327538E+00
   113  2.26000000E+01  1.21432234E+00  9.99984889E-01  1.21432234E+00
   114  2.28000000E+01  1.21532689E+00  9.99984198E-01  1.21532689E+00
   115  2.30000000E+01  1.21627201E+00  9.99983481E-01  1.21627201E+00
   116  2.32000000E+01  1.21716267E+00  9.99982736E-01  1.21716267E+00
   117  2.34000000E+01  1.21800407E+00  9.99981964E-01  1.21800407E+00
   118  2.36000000E+01  1.21885966E+00  9.99981163E-01  1.21885966E+00
   119  2.38000000E+01  1.21979016E+00  9.99980333E-01  1.21979016E+00
   120  2.40000000E+01  1.22066734E+00  9.99979472E-01  1.22066734E+00
   121  2.42000000E+01  1.22149664E+00  9.99978579E-01  1.22149664E+00
   122  2.44000000E+01  1.22228307E+00  9.99977655E-01  1.22228307E+00
   123  2.46000000E+01  1.22303082E+00  9.99976697E-01  1.22303082E+00
   124  2.48000000E+01  1.22382364E+00  9.99975705E-01  1.22382364E+00
   125  2.50000000E+01  1.22464978E+00  9.99974678E-01  1.22464978E+00
   126  2.52000000E+01  1.22543180E+00  9.99973615E-01  1.22543180E+00
   127  2.54000000E+01  1.22617366E+00  9.99972516E-01  1.22617366E+00
   128  2.56000000E+01  1.22687863E+00  9.99971378E-01  1.22687863E+00
   129  2.58000000E+01  1.22754931E+00  9.99970202E-01  1.22754931E+00
   130  2.60000000E+01  1.22825161E+00  9.99968985E-01  1.22825161E+00
   131  2.62000000E+01  1.22898473E+00  9.99967728E-01  1.22898473E+00
   132  2.64000000E+01  1.22968207E+00  9.99966429E-01  1.22968207E+00
   133  2.66000000E+01  1.23034604E+00  9.99965087E-01  1.23034604E+00
   134  2.68000000E+01  1.23097840E+00  9.99963702E-01  1.23097840E+00
   135  2.70000000E+01  1.23158044E+00  9.99962271E-01  1.23158044E+00
   136  2.72000000E+01  1.23223452E+00  9.99960795E-01  1.23223452E+00
   137  2.74000000E+01  1.23289073E+00  9.99959271E-01  1.23289073E+00
   138  2.76000000E+01  1.23351485E+00  9.99957699E-01  1.23351485E+00
   139  2.78000000E+01  1.23410858E+00  9.99956079E-01  1.23410858E+00
   140  2.80000000E+01  1.23467329E+00  9.99954408E-01  1.23467329E+00
   141  2.82000000E+01  1.23521014E+00  9.99952687E-01  1.23521014E+00
   142  2.84000000E+01  1.23576663E+00  9.99950913E-01  1.23576663E+00
   143  2.86000000E+01  1.23635524E+00  9.99949086E-01  1.23635524E+00
   144  2.88000000E+01  1.23691522E+00  9.99947205E-01  1.23691522E+00
   145  2.90000000E+01  1.23744762E+00  9.99945269E-01  1.23744762E+00
   146  2.92000000E+01  1.23795342E+00  9.99943277E-01  1.23795342E+00
   147  2.94000000E+01  1.23843359E+00  9.99941228E-01  1.23843359E+00
   148  2.96000000E+01  1.23892590E+00  9.99939121E-01  1.23892590E+00
   149  2.98000000E+01  1.23945149E+00  9.99936954E-01  1.23945149E+00
   150  3.00000000E+01  1.23995101E+00  9.99934728E-01  1.23995101E+00
   151  3.02000000E+01  1.24042551E+00  9.99932442E-01  1.24042551E+00
   152  3.04000000E+01  1.24087597E+00  9.99930094E-01  1.24087597E+00
   153  3.06000000E+01  1.24130340E+00  9.99927683E-01  1.24130340E+00
   154  3.08000000E+01  1.24171846E+00  9.99925209E-01  1.24171846E+00
   155  3.10000000E+01  1.24218929E+00  9.99922672E-01  1.24218929E+00
   156  3.12000000E+01  1.24263618E+00  9.99920070E-01  1.24263618E+00
   157  3.14000000E+01  1.24306012E+00  9.99917403E-01  1.24306012E+00
   158  3.16000000E+01  1.24346213E+00  9.99914671E-01  1.24346213E+00
   159  3.18000000E+01  1.24384326E+00  9.99911873E-01  1.24384326E+00
   160  3.20000000E+01  1.24420934E+00  9.99909008E-01  1.24420934E+00
   161  3.22000000E+01  1.24462891E+00  9.99906076E-01  1.24462891E+00
   162  3.24000000E+01  1.24502698E+00  9.99903078E-01  1.24502698E+00
   163  3.26000000E+01  1.24540453E+00  9.99900012E-01  1.24540453E+00
   164  3.28000000E+01  1.24576256E+00  9.99896879E-01  1.24576256E+00
   165  3.30000000E+01  1.24610210E+00  9.99893678E-01  1.24610210E+00
   166  3.32000000E+01  1.24642415E+00  9.99890411E-01  1.24642415E+00
   167  3.34000000E+01  1.24678188E+00  9.99887077E-01  1.24678188E+00
   168  3.36000000E+01  1.24713696E+00  9.99883677E-01  1.24713696E+00
   169  3.38000000E+01  1.24747363E+00  9.99880210E-01  1.24747363E+00
   170  3.40000000E+01  1.24779292E+00  9.99876678E-01  1.24779292E+00
   171  3.42000000E+01  1.24809586E+00  9.99873082E-01  1.24809586E+00
   172  3.44000000E+01  1.24838341E+00  9.99869422E-01  1.24838341E+00
   173  3.46000000E+01  1.24869063E+00  9.99865700E-01  1.24869063E+00
   174  3.48000000E+01  1.24900727E+00  9.99861916E-01  1.24900727E+00
   175  3.50000000E+01  1.24930768E+00  9.99858073E-01  1.24930768E+00
   176  3.52000000E+01  1.24959281E+00  9.99854172E-01  1.24959281E+00
   177  3.54000000E+01  1.24986357E+00  9.99850214E-01  1.24986357E+00
   178  3.56000000E+01  1.25012082E+00  9.99846203E-01  1.25012082E+00
   179  3.58000000E+01  1.25036917E+00  9.99842141E-01  1.25036917E+00
   180  3.60000000E+01  1.25065204E+00  9.99838030E-01  1.25065204E+00
   181  3.62000000E+01  1.25092067E+00  9.99833873E-01  1.25092067E+00
   182  3.64000000E+01  1.25117592E+00  9.99829674E-01  1.25117592E+00
   183  3.66000000E+01  1.25141859E+00  9.99825436E-01  1.25141859E+00
   184  3.68000000E+01  1.25164943E+00  9.99821163E-01  1.25164943E+00
   185  3.70000000E+01  1.25186910E+00  9.99816859E-01  1.25186910E+00
   186  3.72000000E+01  1.25210658E+00  9.99812529E-01  1.25210658E+00
   187  3.74000000E+01  1.25234722E+00  9.99808177E-01  1.25234722E+00
   188  3.76000000E+01  1.25257606E+00  9.99803810E-01  1.25257606E+00
   189  3.78000000E+01  1.25279380E+00  9.99799433E-01  1.25279380E+00
   190  3.80000000E+01  1.25300104E+00  9.99795052E-01  1.25300104E+00
   191  3.82000000E+01  1.25319836E+00  9.99790673E-01  1.25319836E+00
   192  3.84000000E+01  1.25338628E+00  9.99786304E-01  1.25338628E+00
   193  3.86000000E+01  1.25359550E+00  9.99781952E-01  1.25359550E+00
   194  3.88000000E+01  1.25380135E+00  9.99777625E-01  1.25380135E+00
   195  3.90000000E+01  1.25399737E+00  9.99773333E-01  1.25399737E+00
   196  3.92000000E+01  1.25418405E+00  9.99769083E-01  1.25418405E+00
   197  3.94000000E+01  1.25436187E+00  9.99764887E-01  1.25436187E+00
   198  3.96000000E+01  1.25453125E+00  9.99760755E-01  1.25453125E+00
   199  3.98000000E+01  1.25469519E+00  9.99756697E-01  1.25469519E+00
   200  4.00000000E+01  1.25488027E+00  9.99752727E-01  1.25488027E+00
   201  4.02000000E+01  1.25505656E+00  9.99748856E-01  1.25505656E+00
   202  4.04000000E+01  1.25522448E+00  9.99745098E-01  1.25522448E+00
   203  4.06000000E+01  1.25538443E+00  9.99741468E-01  1.25538443E+00
   204  4.08000000E+01  1.25553678E+00  9.99737980E-01  1.25553678E+00
   205  4.10000000E+01  1.25568188E+00  9.99734651E-01  1.25568188E+00
   206  4.12000000E+01  1.25582156E+00  9.99731498E-01  1.25582156E+00
   207  4.14000000E+01  1.25598056E+00  9.99728539E-01  1.25598056E+00
   208  4.16000000E+01  1.25613200E+00  9.99725793E-01  1.25613200E+00
   209  4.18000000E+01  1.25627622E+00  9.99723280E-01  1.25627622E+00
   210  4.20000000E+01  1.25641353E+00  9.99721021E-01  1.25641353E+00
   211  4.22000000E+01  1.25654425E+00  9.99719038E-01  1.25654425E+00
   212  4.24000000E+01  1.25666865E+00  9.99717355E-01  1.25666865E+00
   213  4.26000000E+01  1.25679167E+00  9.99715996E-01  1.25679167E+00
   214  4.28000000E+01  1.25692791E+00  9.99714988E-01  1.25692791E+00
   215  4.30000000E+01  1.25705761E+00  9.99714358E-01  1.25705761E+00
   216  4.32000000E+01  1.25718106E+00  9.99714133E-01  1.25718106E+00
   217  4.34000000E+01  1.25729854E+00  9.99714346E-01  1.25729854E+00
   218  4.36000000E+01  1.25741030E+00  9.99715026E-01  1.25741030E+00
   219  4.38000000E+01  1.25751659E+00  9.99716208E-01  1.25751659E+00
   220  4.40000000E+01  1.25761995E+00  9.99717927E-01  1.25761995E+00
   221  4.42000000E+01  1.25773673E+00  9.99720218E-01  1.25773673E+00
   222  4.44000000E+01  1.25784782E+00  9.99723122E-01  1.25784782E+00
   223  4.46000000E+01  1.25795347E+00  9.99726677E-01  1.25795347E+00
   224  4.48000000E+01  1.25805392E+00  9.99730926E-01  1.25805392E+00
   225  4.50000000E+01  1.25814940E+00  9.99735914E-01  1.25814940E+00
   226  4.52000000E+01  1.25824013E+00  9.99741687E-01  1.25824013E+00
   227  4.54000000E+01  1.25832827E+00  9.99748294E-01  1.25832827E+00
   228  4.56000000E+01  1.25842800E+00  9.99755785E-01  1.25842800E+00
   229  4.58000000E+01  1.25852280E+00  9.99764215E-01  1.25852280E+00
   230  4.60000000E+01  1.25861288E+00  9.99773638E-01  1.25861288E+00
   231  4.62000000E+01  1.25869845E+00  9.99784114E-01  1.25869845E+00
   232  4.64000000E+01  1.25877972E+00  9.99795702E-01  1.25877972E+00
   233  4.66000000E+01  1.25885688E+00  9.99808468E-01  1.25885688E+00
   234  4.68000000E+01  1.25893011E+00  9.99822477E-01  1.25893011E+00
   235  4.70000000E+01  1.25901361E+00  9.99837799E-01  1.25901361E+00
   236  4.72000000E+01  1.25909439E+00  9.99854506E-01  1.25909439E+00
   237  4.74000000E+01  1.25917108E+00  9.99872675E-01  1.25917108E+00
   238  4.76000000E+01  1.25924386E+00  9.99892385E-01  1.25924386E+00
   239  4.78000000E+01  1.25931291E+00  9.99913718E-01  1.25931291E+00
   240  4.80000000E+01  1.25937840E+00  9.99936760E-01  1.25937840E+00
   241  4.82000000E+01  1.25944049E+00  9.99961601E-01  1.25944049E+00
   242  4.84000000E+01  1.25950945E+00  9.99988334E-01  1.25950945E+00
   243  4.86000000E+01  1.25957801E+00  1.00001706E+00  1.25957801E+00
   244  4.88000000E+01  1.25964304E+00  1.00004787E+00  1.25964304E+00
   245  4.90000000E+01  1.25970468E+00  1.00008088E+00  1.25970468E+00
   246  4.92000000E+01  1.25976309E+00  1.00011619E+00  1.25976309E+00
   247  4.94000000E+01  1.25981843E+00  1.00015393E+00  1.25981843E+00
   248  4.96000000E+01  1.25987083E+00  1.00019420E+00  1.25987083E+00
   249  4.98000000E+01  1.25992451E+00  1.00023713E+00  1.25992451E+00
   250  5.00000000E+01  1.25998258E+00  1.00028286E+00  1.25998258E+00
   251  5.02000000E+01  1.26003759E+00  1.00033150E+00  1.26003759E+00
   252  5.04000000E+01  1.26008968E+00  1.00038321E+00  1.26008968E+00
   253  5.06000000E+01  1.26013898E+00  1.00043812E+00  1.26013898E+00
   254  5.08000000E+01  1.26018562E+00  1.00049638E+00  1.26018562E+00
   255  5.10000000E+01  1.26022973E+00  1.00055815E+00  1.26022973E+00
   256  5.12000000E+01  1.26027142E+00  1.00062359E+00  1.26027142E+00
   257  5.14000000E+01  1.26032025E+00  1.00069286E+00  1.26032025E+00
   258  5.16000000E+01  1.26036656E+00  1.00076614E+00  1.26036656E+00
   259  5.18000000E+01  1.26041036E+00  1.00084361E+00  1.26041036E+00
   260  5.20000000E+01  1.26045176E+00  1.00092546E+00  1.26045176E+00
   261  5.22000000E+01  1.26049088E+00  1.00101187E+00  1.26049088E+00
   262  5.24000000E+01  1.26052782E+00  1.00110306E+00  1.26052782E+00
   263  5.26000000E+01  1.26056270E+00  1.00119922E+00  1.26056270E+00
   264  5.28000000E+01  1.26059933E+00  1.00130057E+00  1.26059933E+00
   265  5.30000000E+01  1.26063821E+00  1.00140733E+00  1.26063821E+00
   266  5.32000000E+01  1.26067494E+00  1.00151974E+00  1.26067494E+00
   267  5.34000000E+01  1.26070961E+00  1.00163804E+00  1.26070961E+00
   268  5.36000000E+01  1.26074233E+00  1.00176246E+00  1.26074233E+00
   269  5.38000000E+01  1.26077320E+00  1.00189326E+00  1.26077320E+00
   270  5.40000000E+01  1.26080230E+00  1.00203072E+00  1.26080230E+00
   271  5.42000000E+01  1.26082973E+00  1.00217509E+00  1.26082973E+00
   272  5.44000000E+01  1.26086174E+00  1.00232666E+00  1.26086174E+00
   273  5.46000000E+01  1.26089238E+00  1.00248573E+00  1.26089238E+00
   274  5.48000000E+01  1.26092127E+00  1.00265258E+00  1.26092127E+00
   275  5.50000000E+01  1.26094851E+00  1.00282753E+00  1.26094851E+00
   276  5.52000000E+01  1.26097416E+00  1.00301091E+00  1.26097416E+00
   277  5.54000000E+01  1.26099832E+00  1.00320303E+00  1.26099832E+00
   278  5.56000000E+01  1.26102106E+00  1.00340424E+00  1.26102106E+00
   279  5.58000000E+01  1.26104293E+00  1.00361489E+00  1.26104293E+00
   280  5.60000000E+01  1.26106844E+00  1.00383533E+00  1.26106844E+00
   281  5.62000000E+01  1.26109246E+00  1.00406595E+00  1.26109246E+00
   282  5.64000000E+01  1.26111506E+00  1.00430711E+00  1.26111506E+00
   283  5.66000000E+01  1.26113634E+00  1.00455923E+00  1.26113634E+00
   284  5.68000000E+01  1.26115635E+00  1.00482269E+00  1.26115635E+00
   285  5.70000000E+01  1.26117517E+00  1.00509791E+00  1.26117517E+00
   286  5.72000000E+01  1.26119285E+00  1.00538532E+00  1.26119285E+00
   287  5.74000000E+01  1.26121014E+00  1.00568536E+00  1.26121014E+00
   288  5.76000000E+01  1.26123000E+00  1.00599848E+00  1.26123000E+00
   289  5.78000000E+01  1.26124868E+00  1.00632513E+00  1.26124868E+00
   290  5.80000000E+01  1.26126623E+00  1.00666578E+00  1.26126623E+00
   291  5.82000000E+01  1.26128272E+00  1.00702093E+00  1.26128272E+00
   292  5.84000000E+01  1.26129820E+00  1.00739105E+00  1.26129820E+00
   293  5.86000000E+01  1.26131274E+00  1.00777667E+00  1.26131274E+00
   294  5.88000000E+01  1.26132638E+00  1.00817829E+00  1.26132638E+00
   295  5.90000000E+01  1.26133917E+00  1.00859644E+00  1.26133917E+00
   296  5.92000000E+01  1.26135383E+00  1.00903167E+00  1.26135383E+00
   297  5.94000000E+01  1.26136828E+00  1.00948453E+00  1.26136828E+00
   298  5.96000000E+01  1.26138184E+00  1.00995557E+00  1.26138184E+00
   299  5.98000000E+01  1.26139456E+00  1.01044538E+00  1.26139456E+00
   300  6.00000000E+01  1.26140648E+00  1.01095453E+00  1.26140648E+00
   301  6.02000000E+01  1.26141765E+00  1.01148363E+00  1.26141765E+00
   302  6.04000000E+01  1.26142812E+00  1.01203327E+00  1.26142812E+00
   303  6.06000000E+01  1.26143792E+00  1.01260407E+00  1.26143792E+00
   304  6.08000000E+01  1.26144738E+00  1.01319665E+00  1.26144738E+00
   305  6.10000000E+01  1.26145847E+00  1.01381166E+00  1.26145847E+00
   306  6.12000000E+01  1.26146885E+00  1.01444971E+00  1.26146885E+00
   307  6.14000000E+01  1.26147857E+00  1.01511146E+00  1.26147857E+00
   308  6.16000000E+01  1.26148767E+00  1.01579757E+00  1.26148767E+00
   309  6.18000000E+01  1.26149618E+00  1.01650867E+00  1.26149618E+00
   310  6.20000000E+01  1.26150414E+00  1.01724545E+00  1.26150414E+00
   311  6.22000000E+01  1.26151157E+00  1.01800854E+00  1.26151157E+00
   312  6.24000000E+01  1.26151852E+00  1.01879862E+00  1.26151852E+00
   313  6.26000000E+01  1.26152500E+00  1.01961634E+00  1.26152500E+00
   314  6.28000000E+01  1.26153225E+00  1.02046237E+00  1.26153225E+00
   315  6.30000000E+01  1.26153964E+00  1.02133737E+00  1.26153964E+00
   316  6.32000000E+01  1.26154654E+00  1.02224197E+00  1.26154654E+00
   317  6.34000000E+01  1.26155299E+00  1.02317684E+00  1.26155299E+00
   318  6.36000000E+01  1.26155901E+00  1.02414261E+00  1.26155901E+00
   319  6.38000000E+01  1.26156462E+00  1.02513990E+00  1.26156462E+00
   320  6.40000000E+01  1.26156985E+00  1.02616934E+00  1.26156985E+00
   321  6.42000000E+01  1.26157472E+00  1.02723153E+00  1.26157472E+00
   322  6.44000000E+01  1.26157926E+00  1.02832706E+00  1.26157926E+00
   323  6.46000000E+01  1.26158348E+00  1.02945651E+00  1.26158348E+00
   324  6.48000000E+01  1.26158741E+00  1.03062043E+00  1.26158741E+00
   325  6.50000000E+01  1.26159224E+00  1.03181937E+00  1.26159224E+00
   326  6.52000000E+01  1.26159674E+00  1.03305382E+00  1.26159674E+00
   327  6.54000000E+01  1.26160092E+00  1.03432430E+00  1.26160092E+00
   328  6.56000000E+01  1.26160481E+00  1.03563124E+00  1.26160481E+00
   329  6.58000000E+01  1.26160843E+00  1.03697510E+00  1.26160843E+00
   330  6.60000000E+01  1.26161179E+00  1.03835626E+00  1.26161179E+00
   331  6.62000000E+01  1.26161490E+00  1.03977510E+00  1.26161490E+00
   332  6.64000000E+01  1.26161779E+00  1.04123193E+00  1.26161779E+00
   333  6.66000000E+01  1.26162047E+00  1.04272706E+00  1.26162047E+00
   334  6.68000000E+01  1.26162295E+00  1.04426072E+00  1.26162295E+00
   335  6.70000000E+01  1.26162524E+00  1.04583311E+00  1.26162524E+00
   336  6.72000000E+01  1.26162736E+00  1.04744437E+00  1.26162736E+00
   337  6.74000000E+01  1.26162932E+00  1.04909461E+00  1.26162932E+00
   338  6.76000000E+01  1.26163156E+00  1.05078386E+00  1.26163156E+00
   339  6.78000000E+01  1.26163384E+00  1.05251210E+00  1.26163384E+00
   340  6.80000000E+01  1.26163594E+00  1.05427926E+00  1.26163594E+00
   341  6.82000000E+01  1.26163789E+00  1.05608519E+00  1.26163789E+00
   342  6.84000000E+01  1.26163968E+00  1.05792969E+00  1.26163968E+00
   343  6.86000000E+01  1.26164134E+00  1.05981249E+00  1.26164134E+00
   344  6.88000000E+01  1.26164286E+00  1.06173324E+00  1.26164286E+00
   345  6.90000000E+01  1.26164425E+00  1.06369152E+00  1.26164425E+00
   346  6.92000000E+01  1.26164554E+00  1.06568685E+00  1.26164554E+00
   347  6.94000000E+01  1.26164672E+00  1.06771867E+00  1.26164672E+00
   348  6.96000000E+01  1.26164779E+00  1.06978634E+00  1.26164779E+00
   349  6.98000000E+01  1.26164878E+00  1.07188917E+00  1.26164878E+00
   350  7.00000000E+01  1.26164968E+00  1.07402636E+00  1.26164968E+00
   351  7.02000000E+01  1.26165050E+00  1.07619706E+00  1.26165050E+00
   352  7.04000000E+01  1.26165124E+00  1.07840034E+00  1.26165124E+00
   353  7.06000000E+01  1.26165192E+00  1.08063520E+00  1.26165192E+00
   354  7.08000000E+01  1.26165253E+00  1.08290057E+00  1.26165253E+00
   355  7.10000000E+01  1.26165309E+00  1.08519530E+00  1.26165309E+00
   356  7.12000000E+01  1.26165358E+00  1.08751820E+00  1.26165358E+00
   357  7.14000000E+01  1.26165403E+00  1.08986797E+00  1.26165403E+00
   358  7.16000000E+01  1.26165443E+00  1.09224329E+00  1.26165443E+00
   359  7.18000000E+01  1.26165479E+00  1.09464276E+00  1.26165479E+00
   360  7.20000000E+01  1.26165510E+00  1.09706491E+00  1.26165510E+00
   361  7.22000000E+01  1.26165547E+00  1.09950825E+00  1.26165547E+00
   362  7.24000000E+01  1.26165586E+00  1.10197120E+00  1.26165586E+00
   363  7.26000000E+01  1.26165621E+00  1.10445216E+00  1.26165621E+00
   364  7.28000000E+01  1.26165652E+00  1.10694948E+00  1.26165652E+00
   365  7.30000000E+01  1.26165680E+00  1.10946146E+00  1.26165680E+00
   366  7.32000000E+01  1.26165704E+00  1.11198638E+00  1.26165704E+00
   367  7.34000000E+01  1.26165725E+00  1.11452250E+00  1.26165725E+00
   368  7.36000000E+01  1.26165743E+00  1.11706804E+00  1.26165743E+00
   369  7.38000000E+01  1.26165758E+00  1.11962122E+00  1.26165758E+00
   370  7.40000000E+01  1.26165771E+00  1.12218025E+00  1.26165771E+00
   371  7.42000000E+01  1.26165782E+00  1.12474333E+00  1.26165782E+00
   372  7.44000000E+01  1.26165791E+00  1.12730869E+00  1.26165791E+00
   373  7.46000000E+01  1.26165798E+00  1.12987453E+00  1.26165798E+00
   374  7.48000000E+01  1.26165803E+00  1.13243911E+00  1.26165803E+00
   375  7.50000000E+01  1.26165807E+00  1.13500069E+00  1.26165807E+00
   376  7.52000000E+01  1.26165809E+00  1.13755757E+00  1.26165809E+00
   377  7.54000000E+01  1.26165810E+00  1.14010808E+00  1.26165810E+00
   378  7.56000000E+01  1.26165810E+00  1.14265058E+00  1.26165810E+00
   379  7.58000000E+01  1.26165809E+00  1.14518349E+00  1.26165809E+00
   380  7.60000000E+01  1.26165807E+00  1.14770527E+00  1.26165807E+00
   381  7.62000000E+01  1.26165804E+00  1.15021443E+00  1.26165804E+00
   382  7.64000000E+01  1.26165801E+00  1.15270954E+00  1.26165801E+00
   383  7.66000000E+01  1.26165797E+00  1.15518925E+00  1.26165797E+00
   384  7.68000000E+01  1.26165792E+00  1.15765224E+00  1.26165792E+00
   385  7.70000000E+01  1.26165787E+00  1.16009732E+00  1.26165787E+00
   386  7.72000000E+01  1.26165781E+00  1.16252333E+00  1.26165781E+00
   387  7.74000000E+01  1.26165775E+00  1.16492923E+00  1.26165775E+00
   388  7.76000000E+01  1.26165769E+00  1.16731404E+00  1.26165769E+00
   389  7.78000000E+01  1.26165762E+00  1.16967690E+00  1.26165762E+00
   390  7.80000000E+01  1.26165755E+00  1.17201702E+00  1.26165755E+00
   391  7.82000000E+01  1.26165748E+00  1.17433370E+00  1.26165748E+00
   392  7.84000000E+01  1.26165741E+00  1.17662635E+00  1.26165741E+00
   393  7.86000000E+01  1.26165734E+00  1.17889444E+00  1.26165734E+00
   394  7.88000000E+01  1.26165727E+00  1.18113752E+00  1.26165727E+00
   395  7.90000000E+01  1.26165719E+00  1.18335520E+00  1.26165719E+00
   396  7.92000000E+01  1.26165712E+00  1.18554717E+00  1.26165712E+00
   397  7.94000000E+01  1.26165704E+00  1.18771316E+00  1.26165704E+00
   398  7.96000000E+01  1.26165697E+00  1.18985292E+00  1.26165697E+00
   399  7.98000000E+01  1.26165690E+00  1.19196627E+00  1.26165690E+00
   400  8.00000000E+01  1.26165683E+00  1.19405304E+00  1.26165683E+00
   401  8.02000000E+01  1.26165675E+00  1.19611309E+00  1.26165675E+00
   402  8.04000000E+01  1.26165668E+00  1.19814631E+00  1.26165668E+00
   403  8.06000000E+01  1.26165661E+00  1.20015260E+00  1.26165661E+00
   404  8.08000000E+01  1.26165654E+00  1.20213191E+00  1.26165654E+00
   405  8.10000000E+01  1.26165648E+00  1.20408417E+00  1.26165648E+00
   406  8.12000000E+01  1.26165641E+00  1.20600939E+00  1.26165641E+00
   407  8.14000000E+01  1.26165634E+00  1.20790755E+00  1.26165634E+00
   408  8.16000000E+01  1.26165628E+00  1.20977867E+00  1.26165628E+00
   409  8.18000000E+01  1.26165622E+00  1.21162274E+00  1.26165622E+00
   410  8.20000000E+01  1.26165616E+00  1.21343975E+00  1.26165616E+00
   411  8.22000000E+01  1.26165610E+00  1.21522966E+00  1.26165610E+00
   412  8.24000000E+01  1.26165604E+00  1.21699233E+00  1.26165604E+00
   413  8.26000000E+01  1.26165599E+00  1.21872753E+00  1.26165599E+00
   414  8.28000000E+01  1.26165593E+00  1.22043491E+00  1.26165593E+00
   415  8.30000000E+01  1.26165588E+00  1.22211394E+00  1.26165588E+00
   416  8.32000000E+01  1.26165583E+00  1.22376392E+00  1.26165583E+00
   417  8.34000000E+01  1.26165578E+00  1.22538389E+00  1.26165578E+00
   418  8.36000000E+01  1.26165573E+00  1.22697269E+00  1.26165573E+00
   419  8.38000000E+01  1.26165568E+00  1.22852891E+00  1.26165568E+00
   420  8.40000000E+01  1.26165564E+00  1.23005090E+00  1.26165564E+00
   421  8.42000000E+01  1.26165559E+00  1.23153681E+00  1.26165559E+00
   422  8.44000000E+01  1.26165555E+00  1.23298459E+00  1.26165555E+00
   423  8.46000000E+01  1.26165551E+00  1.23439208E+00  1.26165551E+00
   424  8.48000000E+01  1.26165547E+00  1.23575702E+00  1.26165547E+00
   425  8.50000000E+01  1.26165543E+00  1.23707718E+00  1.26165543E+00
   426  8.52000000E+01  1.26165539E+00  1.23835038E+00  1.26165539E+00
   427  8.54000000E+01  1.26165536E+00  1.23957461E+00  1.26165536E+00
   428  8.56000000E+01  1.26165532E+00  1.24074810E+00  1.26165532E+00
   429  8.58000000E+01  1.26165529E+00  1.24186938E+00  1.26165529E+00
   430  8.60000000E+01  1.26165526E+00  1.24293736E+00  1.26165526E+00
   431  8.62000000E+01  1.26165523E+00  1.24395139E+00  1.26165523E+00
   432  8.64000000E+01  1.26165520E+00  1.24491128E+00  1.26165520E+00
   433  8.66000000E+01  1.26165517E+00  1.24581736E+00  1.26165517E+00
   434  8.68000000E+01  1.26165514E+00  1.24667041E+00  1.26165514E+00
   435  8.70000000E+01  1.26165512E+00  1.24747174E+00  1.26165512E+00
   436  8.72000000E+01  1.26165509E+00  1.24822308E+00  1.26165509E+00
   437  8.74000000E+01  1.26165507E+00  1.24892654E+00  1.26165507E+00
   438  8.76000000E+01  1.26165505E+00  1.24958460E+00  1.26165505E+00
   439  8.78000000E+01  1.26165502E+00  1.25019996E+00  1.26165502E+00
   440  8.80000000E+01  1.26165500E+00  1.25077553E+00  1.26165500E+00
   441  8.82000000E+01  1.26165498E+00  1.25131431E+00  1.26165498E+00
   442  8.84000000E+01  1.26165496E+00  1.25181931E+00  1.26165496E+00
   443  8.86000000E+01  1.26165494E+00  1.25229349E+00  1.26165494E+00
   444  8.88000000E+01  1.26165493E+00  1.25273968E+00  1.26165493E+00
   445  8.90000000E+01  1.26165491E+00  1.25316054E+00  1.26165491E+00
   446  8.92000000E+01  1.26165489E+00  1.25355851E+00  1.26165489E+00
   447  8.94000000E+01  1.26165488E+00  1.25393578E+00  1.26165488E+00
   448  8.96000000E+01  1.26165486E+00  1.25429425E+00  1.26165486E+00
   449  8.98000000E+01  1.26165485E+00  1.25463559E+00  1.26165485E+00
   450  9.00000000E+01  1.26165484E+00  1.25496118E+00  1.26165484E+00
   451  9.02000000E+01  1.26165482E+00  1.25527217E+00  1.26165482E+00
   452  9.04000000E+01  1.26165481E+00  1.25556946E+00  1.26165481E+00
   453  9.06000000E+01  1.26165480E+00  1.25585381E+00  1.26165480E+00
   454  9.08000000E+01  1.26165479E+00  1.25612579E+00  1.26165479E+00
   455  9.10000000E+01  1.26165478E+00  1.25638587E+00  1.26165478E+00
   456  9.12000000E+01  1.26165477E+00  1.25663443E+00  1.26165477E+00
   457  9.14000000E+01  1.26165476E+00  1.25687178E+00  1.26165476E+00
   458  9.16000000E+01  1.26165475E+00  1.25709823E+00  1.26165475E+00
   459  9.18000000E+01  1.26165474E+00  1.25731405E+00  1.26165474E+00
   460  9.20000000E+01  1.26165473E+00  1.25751954E+00  1.26165473E+00
   461  9.22000000E+01  1.26165472E+00  1.25771502E+00  1.26165472E+00
   462  9.24000000E+01  1.26165471E+00  1.25790083E+00  1.26165471E+00
   463  9.26000000E+01  1.26165471E+00  1.25807733E+00  1.26165471E+00
   464  9.28000000E+01  1.26165470E+00  1.25824491E+00  1.26165470E+00
   465  9.30000000E+01  1.26165469E+00  1.25840400E+00  1.26165469E+00
   466  9.32000000E+01  1.26165469E+00  1.25855500E+00  1.26165469E+00
   467  9.34000000E+01  1.26165468E+00  1.25869836E+00  1.26165468E+00
   468  9.36000000E+01  1.26165468E+00  1.25883448E+00  1.26165468E+00
   469  9.38000000E+01  1.26165467E+00  1.25896380E+00  1.26165467E+00
   470  9.40000000E+01  1.26165466E+00  1.25908669E+00  1.26165466E+00
   471  9.42000000E+01  1.26165466E+00  1.25920354E+00  1.26165466E+00
   472  9.44000000E+01  1.26165466E+00  1.25931469E+00  1.26165466E+00
   473  9.46000000E+01  1.26165465E+00  1.25942045E+00  1.26165465E+00
   474  9.48000000E+01  1.26165465E+00  1.25952112E+00  1.26165465E+00
   475  9.50000000E+01  1.26165464E+00  1.25961695E+00  1.26165464E+00
   476  9.52000000E+01  1.26165464E+00  1.25970817E+00  1.26165464E+00
   477  9.54000000E+01  1.26165464E+00  1.25979500E+00  1.26165464E+00
   478  9.56000000E+01  1.26165463E+00  1.25987762E+00  1.26165463E+00
   479  9.58000000E+01  1.26165463E+00  1.25995620E+00  1.26165463E+00
   480  9.60000000E+01  1.26165463E+00  1.26003091E+00  1.26165463E+00
   481  9.62000000E+01  1.26165462E+00  1.26010188E+00  1.26165462E+00
   482  9.64000000E+01  1.26165462E+00  1.26016927E+00  1.26165462E+00
   483  9.66000000E+01  1.26165462E+00  1.26023320E+00  1.26165462E+00
   484  9.68000000E+01  1.26165462E+00  1.26029382E+00  1.26165462E+00
   485  9.70000000E+01  1.26165461E+00  1.26035125E+00  1.26165461E+00
   486  9.72000000E+01  1.26165461E+00  1.26040563E+00  1.26165461E+00
   487  9.74000000E+01  1.26165461E+00  1.26045707E+00  1.26165461E+00
   488  9.76000000E+01  1.26165461E+00  1.26050573E+00  1.26165461E+00
   489  9.78000000E+01  1.26165461E+00  1.26055171E+00  1.26165461E+00
   490  9.80000000E+01  1.26165460E+00  1.26059515E+00  1.26165460E+00
   491  9.82000000E+01  1.26165460E+00  1.26063617E+00  1.26165460E+00
   492  9.84000000E+01  1.26165460E+00  1.26067489E+00  1.26165460E+00
   493  9.86000000E+01  1.26165460E+00  1.26071142E+00  1.26165460E+00
   494  9.88000000E+01  1.26165460E+00  1.26074589E+00  1.26165460E+00
   495  9.90000000E+01  1.26165460E+00  1.26077839E+00  1.26165460E+00
   496  9.92000000E+01  1.26165459E+00  1.26080904E+00  1.26165459E+00
   497  9.94000000E+01  1.26165459E+00  1.26083792E+00  1.26165459E+00
   498  9.96000000E+01  1.26165459E+00  1.26086514E+00  1.26165459E+00
   499  9.98000000E+01  1.26165459E+00  1.26089078E+00  1.26165459E+00
   500  1.00000000E+02  1.26165459E+00  1.26091492E+00  1.26165459E+00
   501  1.00200000E+02  1.26165459E+00  1.26093764E+00  1.26165459E+00
   502  1.00400000E+02  1.26165459E+00  1.26095902E+00  1.26165459E+00
   503  1.00600000E+02  1.26165459E+00  1.26097913E+00  1.26165459E+00
   504  1.00800000E+02  1.26165459E+00  1.26099804E+00  1.26165459E+00
   505  1.01000000E+02  1.26165459E+00  1.26101581E+00  1.26165459E+00
 steady-height stop at step    505: truncated to 3 decimals, truncated max/end/ratio =       1261      1261      1261, max/end/ratio =   1.26165459E+00  1.26101581E+00  1.26165459E+00
