 comppar: model =   3
 comppar: lambda,mobility/eps,betav,eta_0 =  1.1000E+01  2.0000E-01  3.0000E-01  1.0000E+00
 comppar: eta_s,eta_p,G =  3.0000E-01  7.0000E-01  6.3636E-02
 comppar: U_avg,deltat,flowrate,nsteps =  1.0000E-01  4.0000E-01  3.1416E-01    1000
 comppar: geometry = axisymmetric
 comppar: steady stop change,gap,hold,min =  1.0000E-05  2.0000E-04      10      80
 comppar: steady stop rounded decimals =       4
 comppar: ncompc,ncompg =     4     5
 mesh nnodes = 22999
 mesh nelem = 11296
 P1 BC   5.0000000000000000     
 P2 BC   0.0000000000000000     
     1  4.00000000E-01  1.00503600E+00  1.00000000E+00  1.00503600E+00
     2  8.00000000E-01  1.00989782E+00  1.00000000E+00  1.00989782E+00
     3  1.20000000E+00  1.01458339E+00  1.00000000E+00  1.01458339E+00
     4  1.60000000E+00  1.01911865E+00  1.00000000E+00  1.01911865E+00
     5  2.00000000E+00  1.02351954E+00  1.00000000E+00  1.02351954E+00
     6  2.40000000E+00  1.02781267E+00  1.00000000E+00  1.02781267E+00
     7  2.80000000E+00  1.03202068E+00  1.00000001E+00  1.03202068E+00
     8  3.20000000E+00  1.03616980E+00  1.00000001E+00  1.03616980E+00
     9  3.60000000E+00  1.04027470E+00  1.00000001E+00  1.04027470E+00
    10  4.00000000E+00  1.04435924E+00  1.00000000E+00  1.04435924E+00
    11  4.40000000E+00  1.04843096E+00  1.00000000E+00  1.04843096E+00
    12  4.80000000E+00  1.05252062E+00  9.99999998E-01  1.05252062E+00
    13  5.20000000E+00  1.05662674E+00  9.99999993E-01  1.05662674E+00
    14  5.60000000E+00  1.06075951E+00  9.99999986E-01  1.06075951E+00
    15  6.00000000E+00  1.06492209E+00  9.99999976E-01  1.06492209E+00
    16  6.40000000E+00  1.06911935E+00  9.99999965E-01  1.06911935E+00
    17  6.80000000E+00  1.07336910E+00  9.99999950E-01  1.07336910E+00
    18  7.20000000E+00  1.07765423E+00  9.99999933E-01  1.07765423E+00
    19  7.60000000E+00  1.08196551E+00  9.99999912E-01  1.08196551E+00
    20  8.00000000E+00  1.08632942E+00  9.99999887E-01  1.08632942E+00
    21  8.40000000E+00  1.09071731E+00  9.99999859E-01  1.09071731E+00
    22  8.80000000E+00  1.09514283E+00  9.99999825E-01  1.09514283E+00
    23  9.20000000E+00  1.09958500E+00  9.99999787E-01  1.09958500E+00
    24  9.60000000E+00  1.10406541E+00  9.99999743E-01  1.10406541E+00
    25  1.00000000E+01  1.10854634E+00  9.99999694E-01  1.10854634E+00
    26  1.04000000E+01  1.11305575E+00  9.99999637E-01  1.11305575E+00
    27  1.08000000E+01  1.11757289E+00  9.99999573E-01  1.11757289E+00
    28  1.12000000E+01  1.12207995E+00  9.99999502E-01  1.12207995E+00
    29  1.16000000E+01  1.12659091E+00  9.99999421E-01  1.12659091E+00
    30  1.20000000E+01  1.13109337E+00  9.99999331E-01  1.13109337E+00
    31  1.24000000E+01  1.13555936E+00  9.99999230E-01  1.13555936E+00
    32  1.28000000E+01  1.13997592E+00  9.99999117E-01  1.13997592E+00
    33  1.32000000E+01  1.14437862E+00  9.99998992E-01  1.14437862E+00
    34  1.36000000E+01  1.14869784E+00  9.99998853E-01  1.14869784E+00
    35  1.40000000E+01  1.15294272E+00  9.99998699E-01  1.15294272E+00
    36  1.44000000E+01  1.15711295E+00  9.99998528E-01  1.15711295E+00
    37  1.48000000E+01  1.16118742E+00  9.99998340E-01  1.16118742E+00
    38  1.52000000E+01  1.16515381E+00  9.99998131E-01  1.16515381E+00
    39  1.56000000E+01  1.16903904E+00  9.99997901E-01  1.16903904E+00
    40  1.60000000E+01  1.17277444E+00  9.99997648E-01  1.17277444E+00
    41  1.64000000E+01  1.17642428E+00  9.99997370E-01  1.17642428E+00
    42  1.68000000E+01  1.17996414E+00  9.99997064E-01  1.17996414E+00
    43  1.72000000E+01  1.18332645E+00  9.99996728E-01  1.18332645E+00
    44  1.76000000E+01  1.18661426E+00  9.99996359E-01  1.18661426E+00
    45  1.80000000E+01  1.18975459E+00  9.99995956E-01  1.18975459E+00
    46  1.84000000E+01  1.19272933E+00  9.99995514E-01  1.19272933E+00
    47  1.88000000E+01  1.19564476E+00  9.99995031E-01  1.19564476E+00
    48  1.92000000E+01  1.19843631E+00  9.99994505E-01  1.19843631E+00
    49  1.96000000E+01  1.20106033E+00  9.99993930E-01  1.20106033E+00
    50  2.00000000E+01  1.20361173E+00  9.99993304E-01  1.20361173E+00
    51  2.04000000E+01  1.20604308E+00  9.99992622E-01  1.20604308E+00
    52  2.08000000E+01  1.20832305E+00  9.99991881E-01  1.20832305E+00
    53  2.12000000E+01  1.21052875E+00  9.99991076E-01  1.21052875E+00
    54  2.16000000E+01  1.21264263E+00  9.99990202E-01  1.21264263E+00
    55  2.20000000E+01  1.21463071E+00  9.99989255E-01  1.21463071E+00
    56  2.24000000E+01  1.21652500E+00  9.99988229E-01  1.21652500E+00
    57  2.28000000E+01  1.21835296E+00  9.99987119E-01  1.21835296E+00
    58  2.32000000E+01  1.22005272E+00  9.99985919E-01  1.22005272E+00
    59  2.36000000E+01  1.22167782E+00  9.99984623E-01  1.22167782E+00
    60  2.40000000E+01  1.22323070E+00  9.99983226E-01  1.22323070E+00
    61  2.44000000E+01  1.22468414E+00  9.99981720E-01  1.22468414E+00
    62  2.48000000E+01  1.22608146E+00  9.99980099E-01  1.22608146E+00
    63  2.52000000E+01  1.22741143E+00  9.99978356E-01  1.22741143E+00
    64  2.56000000E+01  1.22864033E+00  9.99976484E-01  1.22864033E+00
    65  2.60000000E+01  1.22984349E+00  9.99974475E-01  1.22984349E+00
    66  2.64000000E+01  1.23095178E+00  9.99972321E-01  1.23095178E+00
    67  2.68000000E+01  1.23200049E+00  9.99970015E-01  1.23200049E+00
    68  2.72000000E+01  1.23300675E+00  9.99967549E-01  1.23300675E+00
    69  2.76000000E+01  1.23393283E+00  9.99964915E-01  1.23393283E+00
    70  2.80000000E+01  1.23482244E+00  9.99962104E-01  1.23482244E+00
    71  2.84000000E+01  1.23565860E+00  9.99959108E-01  1.23565860E+00
    72  2.88000000E+01  1.23642303E+00  9.99955919E-01  1.23642303E+00
    73  2.92000000E+01  1.23716320E+00  9.99952529E-01  1.23716320E+00
    74  2.96000000E+01  1.23785200E+00  9.99948930E-01  1.23785200E+00
    75  3.00000000E+01  1.23847914E+00  9.99945113E-01  1.23847914E+00
    76  3.04000000E+01  1.23907957E+00  9.99941072E-01  1.23907957E+00
    77  3.08000000E+01  1.23963672E+00  9.99936800E-01  1.23963672E+00
    78  3.12000000E+01  1.24013782E+00  9.99932289E-01  1.24013782E+00
    79  3.16000000E+01  1.24061109E+00  9.99927533E-01  1.24061109E+00
    80  3.20000000E+01  1.24105184E+00  9.99922529E-01  1.24105184E+00
    81  3.24000000E+01  1.24144374E+00  9.99917270E-01  1.24144374E+00
    82  3.28000000E+01  1.24180647E+00  9.99911756E-01  1.24180647E+00
    83  3.32000000E+01  1.24215197E+00  9.99905982E-01  1.24215197E+00
    84  3.36000000E+01  1.24245826E+00  9.99899951E-01  1.24245826E+00
    85  3.40000000E+01  1.24272988E+00  9.99893662E-01  1.24272988E+00
    86  3.44000000E+01  1.24299277E+00  9.99887121E-01  1.24299277E+00
    87  3.48000000E+01  1.24321558E+00  9.99880332E-01  1.24321558E+00
    88  3.52000000E+01  1.24341639E+00  9.99873305E-01  1.24341639E+00
    89  3.56000000E+01  1.24360663E+00  9.99866052E-01  1.24360663E+00
    90  3.60000000E+01  1.24376700E+00  9.99858588E-01  1.24376700E+00
    91  3.64000000E+01  1.24391574E+00  9.99850932E-01  1.24391574E+00
    92  3.68000000E+01  1.24404617E+00  9.99843108E-01  1.24404617E+00
    93  3.72000000E+01  1.24416021E+00  9.99835145E-01  1.24416021E+00
    94  3.76000000E+01  1.24426006E+00  9.99827077E-01  1.24426006E+00
    95  3.80000000E+01  1.24435018E+00  9.99818943E-01  1.24435018E+00
    96  3.84000000E+01  1.24442484E+00  9.99810793E-01  1.24442484E+00
    97  3.88000000E+01  1.24449681E+00  9.99802679E-01  1.24449681E+00
    98  3.92000000E+01  1.24455465E+00  9.99794665E-01  1.24455465E+00
    99  3.96000000E+01  1.24460435E+00  9.99786824E-01  1.24460435E+00
   100  4.00000000E+01  1.24464720E+00  9.99779238E-01  1.24464720E+00
   101  4.04000000E+01  1.24467672E+00  9.99772000E-01  1.24467672E+00
   102  4.08000000E+01  1.24470404E+00  9.99765218E-01  1.24470404E+00
   103  4.12000000E+01  1.24471618E+00  9.99759011E-01  1.24471618E+00
   104  4.16000000E+01  1.24472810E+00  9.99753512E-01  1.24472810E+00
   105  4.20000000E+01  1.24472602E+00  9.99748875E-01  1.24472602E+00
   106  4.24000000E+01  1.24472153E+00  9.99745266E-01  1.24472153E+00
   107  4.28000000E+01  1.24470781E+00  9.99742875E-01  1.24470781E+00
   108  4.32000000E+01  1.24468873E+00  9.99741910E-01  1.24468873E+00
   109  4.36000000E+01  1.24466618E+00  9.99742605E-01  1.24466618E+00
   110  4.40000000E+01  1.24463798E+00  9.99745216E-01  1.24463798E+00
   111  4.44000000E+01  1.24460683E+00  9.99750030E-01  1.24460683E+00
   112  4.48000000E+01  1.24457458E+00  9.99757360E-01  1.24457458E+00
   113  4.52000000E+01  1.24454213E+00  9.99767553E-01  1.24454213E+00
   114  4.56000000E+01  1.24450975E+00  9.99780991E-01  1.24450975E+00
   115  4.60000000E+01  1.24447738E+00  9.99798093E-01  1.24447738E+00
   116  4.64000000E+01  1.24444525E+00  9.99819318E-01  1.24444525E+00
   117  4.68000000E+01  1.24441320E+00  9.99845170E-01  1.24441320E+00
   118  4.72000000E+01  1.24438133E+00  9.99876200E-01  1.24438133E+00
   119  4.76000000E+01  1.24435031E+00  9.99913010E-01  1.24435031E+00
   120  4.80000000E+01  1.24432093E+00  9.99956256E-01  1.24432093E+00
   121  4.84000000E+01  1.24429323E+00  1.00000665E+00  1.24429323E+00
   122  4.88000000E+01  1.24426737E+00  1.00006498E+00  1.24426737E+00
   123  4.92000000E+01  1.24424338E+00  1.00013208E+00  1.24424338E+00
   124  4.96000000E+01  1.24422124E+00  1.00020888E+00  1.24422124E+00
   125  5.00000000E+01  1.24420090E+00  1.00029636E+00  1.24420090E+00
   126  5.04000000E+01  1.24418234E+00  1.00039561E+00  1.24418234E+00
   127  5.08000000E+01  1.24416552E+00  1.00050780E+00  1.24416552E+00
   128  5.12000000E+01  1.24415148E+00  1.00063418E+00  1.24415148E+00
   129  5.16000000E+01  1.24413957E+00  1.00077612E+00  1.24413957E+00
   130  5.20000000E+01  1.24412928E+00  1.00093507E+00  1.24412928E+00
   131  5.24000000E+01  1.24412051E+00  1.00111263E+00  1.24412051E+00
   132  5.28000000E+01  1.24411318E+00  1.00131048E+00  1.24411318E+00
   133  5.32000000E+01  1.24410721E+00  1.00153044E+00  1.24410721E+00
   134  5.36000000E+01  1.24410250E+00  1.00177447E+00  1.24410250E+00
   135  5.40000000E+01  1.24409899E+00  1.00204466E+00  1.24409899E+00
   136  5.44000000E+01  1.24409657E+00  1.00234324E+00  1.24409657E+00
   137  5.48000000E+01  1.24409518E+00  1.00267262E+00  1.24409518E+00
   138  5.52000000E+01  1.24409472E+00  1.00303532E+00  1.24409472E+00
   139  5.56000000E+01  1.24409513E+00  1.00343406E+00  1.24409513E+00
   140  5.60000000E+01  1.24409632E+00  1.00387173E+00  1.24409632E+00
   141  5.64000000E+01  1.24409849E+00  1.00435137E+00  1.24409849E+00
   142  5.68000000E+01  1.24410153E+00  1.00487622E+00  1.24410153E+00
   143  5.72000000E+01  1.24410507E+00  1.00544971E+00  1.24410507E+00
   144  5.76000000E+01  1.24410906E+00  1.00607542E+00  1.24410906E+00
   145  5.80000000E+01  1.24411344E+00  1.00675716E+00  1.24411344E+00
   146  5.84000000E+01  1.24411816E+00  1.00749889E+00  1.24411816E+00
   147  5.88000000E+01  1.24412316E+00  1.00830478E+00  1.24412316E+00
   148  5.92000000E+01  1.24412839E+00  1.00917915E+00  1.24412839E+00
   149  5.96000000E+01  1.24413382E+00  1.01012654E+00  1.24413382E+00
   150  6.00000000E+01  1.24413939E+00  1.01115159E+00  1.24413939E+00
   151  6.04000000E+01  1.24414508E+00  1.01225914E+00  1.24414508E+00
   152  6.08000000E+01  1.24415085E+00  1.01345413E+00  1.24415085E+00
   153  6.12000000E+01  1.24415666E+00  1.01474163E+00  1.24415666E+00
   154  6.16000000E+01  1.24416249E+00  1.01612678E+00  1.24416249E+00
   155  6.20000000E+01  1.24416831E+00  1.01761479E+00  1.24416831E+00
   156  6.24000000E+01  1.24417411E+00  1.01921090E+00  1.24417411E+00
   157  6.28000000E+01  1.24417984E+00  1.02092029E+00  1.24417984E+00
   158  6.32000000E+01  1.24418551E+00  1.02274813E+00  1.24418551E+00
   159  6.36000000E+01  1.24419109E+00  1.02469944E+00  1.24419109E+00
   160  6.40000000E+01  1.24419657E+00  1.02677908E+00  1.24419657E+00
   161  6.44000000E+01  1.24420194E+00  1.02899167E+00  1.24420194E+00
   162  6.48000000E+01  1.24420718E+00  1.03134154E+00  1.24420718E+00
   163  6.52000000E+01  1.24421229E+00  1.03383263E+00  1.24421229E+00
   164  6.56000000E+01  1.24421726E+00  1.03646846E+00  1.24421726E+00
   165  6.60000000E+01  1.24422208E+00  1.03925201E+00  1.24422208E+00
   166  6.64000000E+01  1.24422675E+00  1.04218563E+00  1.24422675E+00
   167  6.68000000E+01  1.24423127E+00  1.04527102E+00  1.24423127E+00
   168  6.72000000E+01  1.24423563E+00  1.04850909E+00  1.24423563E+00
   169  6.76000000E+01  1.24423984E+00  1.05189992E+00  1.24423984E+00
   170  6.80000000E+01  1.24424389E+00  1.05544267E+00  1.24424389E+00
   171  6.84000000E+01  1.24424778E+00  1.05913553E+00  1.24424778E+00
   172  6.88000000E+01  1.24425152E+00  1.06297566E+00  1.24425152E+00
   173  6.92000000E+01  1.24425510E+00  1.06695915E+00  1.24425510E+00
   174  6.96000000E+01  1.24425853E+00  1.07108101E+00  1.24425853E+00
   175  7.00000000E+01  1.24426182E+00  1.07533514E+00  1.24426182E+00
   176  7.04000000E+01  1.24426495E+00  1.07971438E+00  1.24426495E+00
   177  7.08000000E+01  1.24426795E+00  1.08421052E+00  1.24426795E+00
   178  7.12000000E+01  1.24427080E+00  1.08881435E+00  1.24427080E+00
   179  7.16000000E+01  1.24427352E+00  1.09351580E+00  1.24427352E+00
   180  7.20000000E+01  1.24427611E+00  1.09830399E+00  1.24427611E+00
   181  7.24000000E+01  1.24427857E+00  1.10316738E+00  1.24427857E+00
   182  7.28000000E+01  1.24428099E+00  1.10809395E+00  1.24428099E+00
   183  7.32000000E+01  1.24428332E+00  1.11307133E+00  1.24428332E+00
   184  7.36000000E+01  1.24428554E+00  1.11808701E+00  1.24428554E+00
   185  7.40000000E+01  1.24428765E+00  1.12312851E+00  1.24428765E+00
   186  7.44000000E+01  1.24428964E+00  1.12818357E+00  1.24428964E+00
   187  7.48000000E+01  1.24429154E+00  1.13324033E+00  1.24429154E+00
   188  7.52000000E+01  1.24429333E+00  1.13828745E+00  1.24429333E+00
   189  7.56000000E+01  1.24429503E+00  1.14331428E+00  1.24429503E+00
   190  7.60000000E+01  1.24429664E+00  1.14831086E+00  1.24429664E+00
   191  7.64000000E+01  1.24429816E+00  1.15326803E+00  1.24429816E+00
   192  7.68000000E+01  1.24429960E+00  1.15817733E+00  1.24429960E+00
   193  7.72000000E+01  1.24430096E+00  1.16303095E+00  1.24430096E+00
   194  7.76000000E+01  1.24430225E+00  1.16782155E+00  1.24430225E+00
   195  7.80000000E+01  1.24430346E+00  1.17254204E+00  1.24430346E+00
   196  7.84000000E+01  1.24430461E+00  1.17718532E+00  1.24430461E+00
   197  7.88000000E+01  1.24430570E+00  1.18174400E+00  1.24430570E+00
   198  7.92000000E+01  1.24430672E+00  1.18621003E+00  1.24430672E+00
   199  7.96000000E+01  1.24430769E+00  1.19057446E+00  1.24430769E+00
   200  8.00000000E+01  1.24430861E+00  1.19482710E+00  1.24430861E+00
   201  8.04000000E+01  1.24430947E+00  1.19895640E+00  1.24430947E+00
   202  8.08000000E+01  1.24431029E+00  1.20294932E+00  1.24431029E+00
   203  8.12000000E+01  1.24431106E+00  1.20679139E+00  1.24431106E+00
   204  8.16000000E+01  1.24431179E+00  1.21046693E+00  1.24431179E+00
   205  8.20000000E+01  1.24431248E+00  1.21395946E+00  1.24431248E+00
   206  8.24000000E+01  1.24431313E+00  1.21725223E+00  1.24431313E+00
   207  8.28000000E+01  1.24431375E+00  1.22032899E+00  1.24431375E+00
   208  8.32000000E+01  1.24431433E+00  1.22317479E+00  1.24431433E+00
   209  8.36000000E+01  1.24431488E+00  1.22577702E+00  1.24431488E+00
   210  8.40000000E+01  1.24431541E+00  1.22812623E+00  1.24431541E+00
   211  8.44000000E+01  1.24431590E+00  1.23021712E+00  1.24431590E+00
   212  8.48000000E+01  1.24431637E+00  1.23204916E+00  1.24431637E+00
   213  8.52000000E+01  1.24431681E+00  1.23362712E+00  1.24431681E+00
   214  8.56000000E+01  1.24431723E+00  1.23496118E+00  1.24431723E+00
   215  8.60000000E+01  1.24431763E+00  1.23606677E+00  1.24431763E+00
   216  8.64000000E+01  1.24431801E+00  1.23696395E+00  1.24431801E+00
   217  8.68000000E+01  1.24431837E+00  1.23767649E+00  1.24431837E+00
   218  8.72000000E+01  1.24431871E+00  1.23823060E+00  1.24431871E+00
   219  8.76000000E+01  1.24431903E+00  1.23865354E+00  1.24431903E+00
   220  8.80000000E+01  1.24431934E+00  1.23897205E+00  1.24431934E+00
   221  8.84000000E+01  1.24431963E+00  1.23921099E+00  1.24431963E+00
   222  8.88000000E+01  1.24431991E+00  1.23939211E+00  1.24431991E+00
   223  8.92000000E+01  1.24432018E+00  1.23953312E+00  1.24432018E+00
   224  8.96000000E+01  1.24432043E+00  1.23964733E+00  1.24432043E+00
   225  9.00000000E+01  1.24432067E+00  1.23974359E+00  1.24432067E+00
   226  9.04000000E+01  1.24432090E+00  1.23982675E+00  1.24432090E+00
   227  9.08000000E+01  1.24432112E+00  1.23989846E+00  1.24432112E+00
   228  9.12000000E+01  1.24432133E+00  1.23995818E+00  1.24432133E+00
   229  9.16000000E+01  1.24432153E+00  1.24000429E+00  1.24432153E+00
   230  9.20000000E+01  1.24432172E+00  1.24003508E+00  1.24432172E+00
   231  9.24000000E+01  1.24432190E+00  1.24004961E+00  1.24432190E+00
   232  9.28000000E+01  1.24432208E+00  1.24004812E+00  1.24432208E+00
   233  9.32000000E+01  1.24432224E+00  1.24003225E+00  1.24432224E+00
   234  9.36000000E+01  1.24432240E+00  1.24000484E+00  1.24432240E+00
   235  9.40000000E+01  1.24432256E+00  1.23996948E+00  1.24432256E+00
   236  9.44000000E+01  1.24432270E+00  1.23992999E+00  1.24432270E+00
   237  9.48000000E+01  1.24432284E+00  1.23988980E+00  1.24432284E+00
   238  9.52000000E+01  1.24432298E+00  1.23985153E+00  1.24432298E+00
   239  9.56000000E+01  1.24432311E+00  1.23981669E+00  1.24432311E+00
   240  9.60000000E+01  1.24432323E+00  1.23978565E+00  1.24432323E+00
   241  9.64000000E+01  1.24432335E+00  1.23975781E+00  1.24432335E+00
   242  9.68000000E+01  1.24432346E+00  1.23973196E+00  1.24432346E+00
   243  9.72000000E+01  1.24432357E+00  1.23970668E+00  1.24432357E+00
   244  9.76000000E+01  1.24432368E+00  1.23968075E+00  1.24432368E+00
   245  9.80000000E+01  1.24432378E+00  1.23965345E+00  1.24432378E+00
   246  9.84000000E+01  1.24432387E+00  1.23962470E+00  1.24432387E+00
   247  9.88000000E+01  1.24432397E+00  1.23959503E+00  1.24432397E+00
   248  9.92000000E+01  1.24432406E+00  1.23956543E+00  1.24432406E+00
   249  9.96000000E+01  1.24432414E+00  1.23953711E+00  1.24432414E+00
   250  1.00000000E+02  1.24432422E+00  1.23951119E+00  1.24432422E+00
   251  1.00400000E+02  1.24432430E+00  1.23948848E+00  1.24432430E+00
   252  1.00800000E+02  1.24432438E+00  1.23946937E+00  1.24432438E+00
   253  1.01200000E+02  1.24432445E+00  1.23945379E+00  1.24432445E+00
   254  1.01600000E+02  1.24432452E+00  1.23944127E+00  1.24432452E+00
   255  1.02000000E+02  1.24432459E+00  1.23943113E+00  1.24432459E+00
   256  1.02400000E+02  1.24432465E+00  1.23942263E+00  1.24432465E+00
   257  1.02800000E+02  1.24432471E+00  1.23941515E+00  1.24432471E+00
   258  1.03200000E+02  1.24432477E+00  1.23940829E+00  1.24432477E+00
   259  1.03600000E+02  1.24432483E+00  1.23940189E+00  1.24432483E+00
   260  1.04000000E+02  1.24432489E+00  1.23939604E+00  1.24432489E+00
   261  1.04400000E+02  1.24432494E+00  1.23939096E+00  1.24432494E+00
   262  1.04800000E+02  1.24432499E+00  1.23938691E+00  1.24432499E+00
   263  1.05200000E+02  1.24432504E+00  1.23938413E+00  1.24432504E+00
   264  1.05600000E+02  1.24432508E+00  1.23938271E+00  1.24432508E+00
   265  1.06000000E+02  1.24432513E+00  1.23938263E+00  1.24432513E+00
   266  1.06400000E+02  1.24432517E+00  1.23938375E+00  1.24432517E+00
   267  1.06800000E+02  1.24432521E+00  1.23938584E+00  1.24432521E+00
   268  1.07200000E+02  1.24432525E+00  1.23938867E+00  1.24432525E+00
   269  1.07600000E+02  1.24432529E+00  1.23939202E+00  1.24432529E+00
   270  1.08000000E+02  1.24432533E+00  1.23939573E+00  1.24432533E+00
   271  1.08400000E+02  1.24432536E+00  1.23939972E+00  1.24432536E+00
   272  1.08800000E+02  1.24432539E+00  1.23940396E+00  1.24432539E+00
   273  1.09200000E+02  1.24432543E+00  1.23940847E+00  1.24432543E+00
   274  1.09600000E+02  1.24432546E+00  1.23941326E+00  1.24432546E+00
   275  1.10000000E+02  1.24432549E+00  1.23941835E+00  1.24432549E+00
   276  1.10400000E+02  1.24432552E+00  1.23942372E+00  1.24432552E+00
   277  1.10800000E+02  1.24432554E+00  1.23942933E+00  1.24432554E+00
   278  1.11200000E+02  1.24432557E+00  1.23943513E+00  1.24432557E+00
   279  1.11600000E+02  1.24432559E+00  1.23944105E+00  1.24432559E+00
   280  1.12000000E+02  1.24432562E+00  1.23944703E+00  1.24432562E+00
   281  1.12400000E+02  1.24432564E+00  1.23945302E+00  1.24432564E+00
   282  1.12800000E+02  1.24432566E+00  1.23945898E+00  1.24432566E+00
   283  1.13200000E+02  1.24432568E+00  1.23946489E+00  1.24432568E+00
   284  1.13600000E+02  1.24432570E+00  1.23947074E+00  1.24432570E+00
   285  1.14000000E+02  1.24432572E+00  1.23947652E+00  1.24432572E+00
   286  1.14400000E+02  1.24432574E+00  1.23948223E+00  1.24432574E+00
   287  1.14800000E+02  1.24432576E+00  1.23948785E+00  1.24432576E+00
   288  1.15200000E+02  1.24432578E+00  1.23949337E+00  1.24432578E+00
   289  1.15600000E+02  1.24432579E+00  1.23949878E+00  1.24432579E+00
   290  1.16000000E+02  1.24432581E+00  1.23950407E+00  1.24432581E+00
   291  1.16400000E+02  1.24432583E+00  1.23950921E+00  1.24432583E+00
   292  1.16800000E+02  1.24432584E+00  1.23951421E+00  1.24432584E+00
   293  1.17200000E+02  1.24432585E+00  1.23951906E+00  1.24432585E+00
   294  1.17600000E+02  1.24432587E+00  1.23952374E+00  1.24432587E+00
   295  1.18000000E+02  1.24432588E+00  1.23952827E+00  1.24432588E+00
   296  1.18400000E+02  1.24432589E+00  1.23953264E+00  1.24432589E+00
   297  1.18800000E+02  1.24432590E+00  1.23953685E+00  1.24432590E+00
   298  1.19200000E+02  1.24432591E+00  1.23954091E+00  1.24432591E+00
   299  1.19600000E+02  1.24432593E+00  1.23954480E+00  1.24432593E+00
   300  1.20000000E+02  1.24432594E+00  1.23954854E+00  1.24432594E+00
   301  1.20400000E+02  1.24432595E+00  1.23955213E+00  1.24432595E+00
   302  1.20800000E+02  1.24432595E+00  1.23955556E+00  1.24432595E+00
   303  1.21200000E+02  1.24432596E+00  1.23955884E+00  1.24432596E+00
   304  1.21600000E+02  1.24432597E+00  1.23956198E+00  1.24432597E+00
   305  1.22000000E+02  1.24432598E+00  1.23956497E+00  1.24432598E+00
   306  1.22400000E+02  1.24432599E+00  1.23956783E+00  1.24432599E+00
   307  1.22800000E+02  1.24432600E+00  1.23957055E+00  1.24432600E+00
   308  1.23200000E+02  1.24432600E+00  1.23957313E+00  1.24432600E+00
   309  1.23600000E+02  1.24432601E+00  1.23957560E+00  1.24432601E+00
   310  1.24000000E+02  1.24432602E+00  1.23957794E+00  1.24432602E+00
   311  1.24400000E+02  1.24432602E+00  1.23958016E+00  1.24432602E+00
   312  1.24800000E+02  1.24432603E+00  1.23958227E+00  1.24432603E+00
   313  1.25200000E+02  1.24432604E+00  1.23958428E+00  1.24432604E+00
   314  1.25600000E+02  1.24432604E+00  1.23958618E+00  1.24432604E+00
   315  1.26000000E+02  1.24432605E+00  1.23958798E+00  1.24432605E+00
   316  1.26400000E+02  1.24432605E+00  1.23958968E+00  1.24432605E+00
   317  1.26800000E+02  1.24432606E+00  1.23959130E+00  1.24432606E+00
   318  1.27200000E+02  1.24432606E+00  1.23959282E+00  1.24432606E+00
   319  1.27600000E+02  1.24432607E+00  1.23959427E+00  1.24432607E+00
   320  1.28000000E+02  1.24432607E+00  1.23959564E+00  1.24432607E+00
   321  1.28400000E+02  1.24432607E+00  1.23959693E+00  1.24432607E+00
   322  1.28800000E+02  1.24432608E+00  1.23959815E+00  1.24432608E+00
   323  1.29200000E+02  1.24432608E+00  1.23959931E+00  1.24432608E+00
   324  1.29600000E+02  1.24432609E+00  1.23960040E+00  1.24432609E+00
   325  1.30000000E+02  1.24432609E+00  1.23960143E+00  1.24432609E+00
   326  1.30400000E+02  1.24432609E+00  1.23960241E+00  1.24432609E+00
   327  1.30800000E+02  1.24432610E+00  1.23960333E+00  1.24432610E+00
   328  1.31200000E+02  1.24432610E+00  1.23960420E+00  1.24432610E+00
   329  1.31600000E+02  1.24432610E+00  1.23960502E+00  1.24432610E+00
   330  1.32000000E+02  1.24432610E+00  1.23960580E+00  1.24432610E+00
   331  1.32400000E+02  1.24432611E+00  1.23960653E+00  1.24432611E+00
   332  1.32800000E+02  1.24432611E+00  1.23960723E+00  1.24432611E+00
   333  1.33200000E+02  1.24432611E+00  1.23960789E+00  1.24432611E+00
   334  1.33600000E+02  1.24432612E+00  1.23960851E+00  1.24432612E+00
   335  1.34000000E+02  1.24432612E+00  1.23960910E+00  1.24432612E+00
   336  1.34400000E+02  1.24432612E+00  1.23960965E+00  1.24432612E+00
   337  1.34800000E+02  1.24432612E+00  1.23961018E+00  1.24432612E+00
   338  1.35200000E+02  1.24432612E+00  1.23961068E+00  1.24432612E+00
   339  1.35600000E+02  1.24432613E+00  1.23961115E+00  1.24432613E+00
   340  1.36000000E+02  1.24432613E+00  1.23961160E+00  1.24432613E+00
   341  1.36400000E+02  1.24432613E+00  1.23961202E+00  1.24432613E+00
   342  1.36800000E+02  1.24432613E+00  1.23961242E+00  1.24432613E+00
   343  1.37200000E+02  1.24432613E+00  1.23961281E+00  1.24432613E+00
   344  1.37600000E+02  1.24432613E+00  1.23961317E+00  1.24432613E+00
   345  1.38000000E+02  1.24432614E+00  1.23961351E+00  1.24432614E+00
   346  1.38400000E+02  1.24432614E+00  1.23961384E+00  1.24432614E+00
   347  1.38800000E+02  1.24432614E+00  1.23961415E+00  1.24432614E+00
   348  1.39200000E+02  1.24432614E+00  1.23961445E+00  1.24432614E+00
   349  1.39600000E+02  1.24432614E+00  1.23961473E+00  1.24432614E+00
   350  1.40000000E+02  1.24432614E+00  1.23961500E+00  1.24432614E+00
   351  1.40400000E+02  1.24432614E+00  1.23961525E+00  1.24432614E+00
   352  1.40800000E+02  1.24432614E+00  1.23961550E+00  1.24432614E+00
   353  1.41200000E+02  1.24432615E+00  1.23961573E+00  1.24432615E+00
   354  1.41600000E+02  1.24432615E+00  1.23961595E+00  1.24432615E+00
   355  1.42000000E+02  1.24432615E+00  1.23961616E+00  1.24432615E+00
   356  1.42400000E+02  1.24432615E+00  1.23961636E+00  1.24432615E+00
   357  1.42800000E+02  1.24432615E+00  1.23961656E+00  1.24432615E+00
   358  1.43200000E+02  1.24432615E+00  1.23961674E+00  1.24432615E+00
   359  1.43600000E+02  1.24432615E+00  1.23961692E+00  1.24432615E+00
   360  1.44000000E+02  1.24432615E+00  1.23961709E+00  1.24432615E+00
   361  1.44400000E+02  1.24432615E+00  1.23961725E+00  1.24432615E+00
   362  1.44800000E+02  1.24432615E+00  1.23961740E+00  1.24432615E+00
   363  1.45200000E+02  1.24432615E+00  1.23961755E+00  1.24432615E+00
   364  1.45600000E+02  1.24432616E+00  1.23961769E+00  1.24432616E+00
   365  1.46000000E+02  1.24432616E+00  1.23961783E+00  1.24432616E+00
   366  1.46400000E+02  1.24432616E+00  1.23961796E+00  1.24432616E+00
   367  1.46800000E+02  1.24432616E+00  1.23961808E+00  1.24432616E+00
   368  1.47200000E+02  1.24432616E+00  1.23961820E+00  1.24432616E+00
   369  1.47600000E+02  1.24432616E+00  1.23961832E+00  1.24432616E+00
   370  1.48000000E+02  1.24432616E+00  1.23961843E+00  1.24432616E+00
   371  1.48400000E+02  1.24432616E+00  1.23961853E+00  1.24432616E+00
   372  1.48800000E+02  1.24432616E+00  1.23961864E+00  1.24432616E+00
   373  1.49200000E+02  1.24432616E+00  1.23961873E+00  1.24432616E+00
   374  1.49600000E+02  1.24432616E+00  1.23961883E+00  1.24432616E+00
   375  1.50000000E+02  1.24432616E+00  1.23961892E+00  1.24432616E+00
   376  1.50400000E+02  1.24432616E+00  1.23961900E+00  1.24432616E+00
   377  1.50800000E+02  1.24432616E+00  1.23961909E+00  1.24432616E+00
   378  1.51200000E+02  1.24432616E+00  1.23961917E+00  1.24432616E+00
   379  1.51600000E+02  1.24432616E+00  1.23961924E+00  1.24432616E+00
   380  1.52000000E+02  1.24432616E+00  1.23961931E+00  1.24432616E+00
   381  1.52400000E+02  1.24432616E+00  1.23961939E+00  1.24432616E+00
   382  1.52800000E+02  1.24432616E+00  1.23961945E+00  1.24432616E+00
   383  1.53200000E+02  1.24432616E+00  1.23961952E+00  1.24432616E+00
   384  1.53600000E+02  1.24432616E+00  1.23961958E+00  1.24432616E+00
   385  1.54000000E+02  1.24432617E+00  1.23961964E+00  1.24432617E+00
   386  1.54400000E+02  1.24432617E+00  1.23961970E+00  1.24432617E+00
   387  1.54800000E+02  1.24432617E+00  1.23961975E+00  1.24432617E+00
   388  1.55200000E+02  1.24432617E+00  1.23961981E+00  1.24432617E+00
   389  1.55600000E+02  1.24432617E+00  1.23961986E+00  1.24432617E+00
   390  1.56000000E+02  1.24432617E+00  1.23961991E+00  1.24432617E+00
   391  1.56400000E+02  1.24432617E+00  1.23961995E+00  1.24432617E+00
   392  1.56800000E+02  1.24432617E+00  1.23962000E+00  1.24432617E+00
   393  1.57200000E+02  1.24432617E+00  1.23962004E+00  1.24432617E+00
   394  1.57600000E+02  1.24432617E+00  1.23962008E+00  1.24432617E+00
   395  1.58000000E+02  1.24432617E+00  1.23962012E+00  1.24432617E+00
   396  1.58400000E+02  1.24432617E+00  1.23962016E+00  1.24432617E+00
   397  1.58800000E+02  1.24432617E+00  1.23962020E+00  1.24432617E+00
   398  1.59200000E+02  1.24432617E+00  1.23962023E+00  1.24432617E+00
   399  1.59600000E+02  1.24432617E+00  1.23962027E+00  1.24432617E+00
   400  1.60000000E+02  1.24432617E+00  1.23962030E+00  1.24432617E+00
   401  1.60400000E+02  1.24432617E+00  1.23962033E+00  1.24432617E+00
   402  1.60800000E+02  1.24432617E+00  1.23962036E+00  1.24432617E+00
   403  1.61200000E+02  1.24432617E+00  1.23962039E+00  1.24432617E+00
   404  1.61600000E+02  1.24432617E+00  1.23962042E+00  1.24432617E+00
   405  1.62000000E+02  1.24432617E+00  1.23962044E+00  1.24432617E+00
   406  1.62400000E+02  1.24432617E+00  1.23962047E+00  1.24432617E+00
   407  1.62800000E+02  1.24432617E+00  1.23962049E+00  1.24432617E+00
   408  1.63200000E+02  1.24432617E+00  1.23962051E+00  1.24432617E+00
   409  1.63600000E+02  1.24432617E+00  1.23962054E+00  1.24432617E+00
   410  1.64000000E+02  1.24432617E+00  1.23962056E+00  1.24432617E+00
   411  1.64400000E+02  1.24432617E+00  1.23962058E+00  1.24432617E+00
   412  1.64800000E+02  1.24432617E+00  1.23962060E+00  1.24432617E+00
   413  1.65200000E+02  1.24432617E+00  1.23962062E+00  1.24432617E+00
   414  1.65600000E+02  1.24432617E+00  1.23962064E+00  1.24432617E+00
   415  1.66000000E+02  1.24432617E+00  1.23962065E+00  1.24432617E+00
   416  1.66400000E+02  1.24432617E+00  1.23962067E+00  1.24432617E+00
   417  1.66800000E+02  1.24432617E+00  1.23962068E+00  1.24432617E+00
   418  1.67200000E+02  1.24432617E+00  1.23962070E+00  1.24432617E+00
   419  1.67600000E+02  1.24432617E+00  1.23962071E+00  1.24432617E+00
   420  1.68000000E+02  1.24432617E+00  1.23962073E+00  1.24432617E+00
   421  1.68400000E+02  1.24432617E+00  1.23962074E+00  1.24432617E+00
   422  1.68800000E+02  1.24432617E+00  1.23962075E+00  1.24432617E+00
   423  1.69200000E+02  1.24432617E+00  1.23962077E+00  1.24432617E+00
   424  1.69600000E+02  1.24432617E+00  1.23962078E+00  1.24432617E+00
   425  1.70000000E+02  1.24432617E+00  1.23962079E+00  1.24432617E+00
   426  1.70400000E+02  1.24432617E+00  1.23962080E+00  1.24432617E+00
   427  1.70800000E+02  1.24432617E+00  1.23962081E+00  1.24432617E+00
   428  1.71200000E+02  1.24432617E+00  1.23962082E+00  1.24432617E+00
   429  1.71600000E+02  1.24432617E+00  1.23962083E+00  1.24432617E+00
   430  1.72000000E+02  1.24432617E+00  1.23962084E+00  1.24432617E+00
   431  1.72400000E+02  1.24432617E+00  1.23962085E+00  1.24432617E+00
   432  1.72800000E+02  1.24432617E+00  1.23962086E+00  1.24432617E+00
   433  1.73200000E+02  1.24432617E+00  1.23962086E+00  1.24432617E+00
   434  1.73600000E+02  1.24432617E+00  1.23962087E+00  1.24432617E+00
   435  1.74000000E+02  1.24432617E+00  1.23962088E+00  1.24432617E+00
   436  1.74400000E+02  1.24432617E+00  1.23962089E+00  1.24432617E+00
   437  1.74800000E+02  1.24432617E+00  1.23962089E+00  1.24432617E+00
   438  1.75200000E+02  1.24432617E+00  1.23962090E+00  1.24432617E+00
   439  1.75600000E+02  1.24432617E+00  1.23962091E+00  1.24432617E+00
   440  1.76000000E+02  1.24432617E+00  1.23962091E+00  1.24432617E+00
   441  1.76400000E+02  1.24432617E+00  1.23962092E+00  1.24432617E+00
   442  1.76800000E+02  1.24432617E+00  1.23962092E+00  1.24432617E+00
   443  1.77200000E+02  1.24432617E+00  1.23962093E+00  1.24432617E+00
   444  1.77600000E+02  1.24432617E+00  1.23962093E+00  1.24432617E+00
   445  1.78000000E+02  1.24432617E+00  1.23962094E+00  1.24432617E+00
   446  1.78400000E+02  1.24432617E+00  1.23962094E+00  1.24432617E+00
   447  1.78800000E+02  1.24432617E+00  1.23962095E+00  1.24432617E+00
   448  1.79200000E+02  1.24432617E+00  1.23962095E+00  1.24432617E+00
   449  1.79600000E+02  1.24432617E+00  1.23962095E+00  1.24432617E+00
   450  1.80000000E+02  1.24432617E+00  1.23962096E+00  1.24432617E+00
   451  1.80400000E+02  1.24432617E+00  1.23962096E+00  1.24432617E+00
   452  1.80800000E+02  1.24432617E+00  1.23962097E+00  1.24432617E+00
   453  1.81200000E+02  1.24432617E+00  1.23962097E+00  1.24432617E+00
   454  1.81600000E+02  1.24432617E+00  1.23962097E+00  1.24432617E+00
   455  1.82000000E+02  1.24432617E+00  1.23962098E+00  1.24432617E+00
   456  1.82400000E+02  1.24432617E+00  1.23962098E+00  1.24432617E+00
   457  1.82800000E+02  1.24432617E+00  1.23962098E+00  1.24432617E+00
   458  1.83200000E+02  1.24432617E+00  1.23962098E+00  1.24432617E+00
   459  1.83600000E+02  1.24432617E+00  1.23962099E+00  1.24432617E+00
   460  1.84000000E+02  1.24432617E+00  1.23962099E+00  1.24432617E+00
   461  1.84400000E+02  1.24432617E+00  1.23962099E+00  1.24432617E+00
   462  1.84800000E+02  1.24432617E+00  1.23962099E+00  1.24432617E+00
   463  1.85200000E+02  1.24432617E+00  1.23962100E+00  1.24432617E+00
   464  1.85600000E+02  1.24432617E+00  1.23962100E+00  1.24432617E+00
   465  1.86000000E+02  1.24432617E+00  1.23962100E+00  1.24432617E+00
   466  1.86400000E+02  1.24432617E+00  1.23962100E+00  1.24432617E+00
   467  1.86800000E+02  1.24432617E+00  1.23962100E+00  1.24432617E+00
   468  1.87200000E+02  1.24432617E+00  1.23962101E+00  1.24432617E+00
   469  1.87600000E+02  1.24432617E+00  1.23962101E+00  1.24432617E+00
   470  1.88000000E+02  1.24432617E+00  1.23962101E+00  1.24432617E+00
   471  1.88400000E+02  1.24432617E+00  1.23962101E+00  1.24432617E+00
   472  1.88800000E+02  1.24432617E+00  1.23962101E+00  1.24432617E+00
   473  1.89200000E+02  1.24432617E+00  1.23962101E+00  1.24432617E+00
   474  1.89600000E+02  1.24432617E+00  1.23962102E+00  1.24432617E+00
   475  1.90000000E+02  1.24432617E+00  1.23962102E+00  1.24432617E+00
   476  1.90400000E+02  1.24432617E+00  1.23962102E+00  1.24432617E+00
   477  1.90800000E+02  1.24432617E+00  1.23962102E+00  1.24432617E+00
   478  1.91200000E+02  1.24432617E+00  1.23962102E+00  1.24432617E+00
   479  1.91600000E+02  1.24432617E+00  1.23962102E+00  1.24432617E+00
   480  1.92000000E+02  1.24432617E+00  1.23962102E+00  1.24432617E+00
   481  1.92400000E+02  1.24432617E+00  1.23962102E+00  1.24432617E+00
   482  1.92800000E+02  1.24432617E+00  1.23962103E+00  1.24432617E+00
   483  1.93200000E+02  1.24432617E+00  1.23962103E+00  1.24432617E+00
   484  1.93600000E+02  1.24432617E+00  1.23962103E+00  1.24432617E+00
   485  1.94000000E+02  1.24432617E+00  1.23962103E+00  1.24432617E+00
   486  1.94400000E+02  1.24432617E+00  1.23962103E+00  1.24432617E+00
   487  1.94800000E+02  1.24432617E+00  1.23962103E+00  1.24432617E+00
   488  1.95200000E+02  1.24432617E+00  1.23962103E+00  1.24432617E+00
   489  1.95600000E+02  1.24432617E+00  1.23962103E+00  1.24432617E+00
   490  1.96000000E+02  1.24432617E+00  1.23962103E+00  1.24432617E+00
   491  1.96400000E+02  1.24432617E+00  1.23962103E+00  1.24432617E+00
   492  1.96800000E+02  1.24432617E+00  1.23962103E+00  1.24432617E+00
   493  1.97200000E+02  1.24432617E+00  1.23962103E+00  1.24432617E+00
   494  1.97600000E+02  1.24432617E+00  1.23962103E+00  1.24432617E+00
   495  1.98000000E+02  1.24432617E+00  1.23962104E+00  1.24432617E+00
   496  1.98400000E+02  1.24432617E+00  1.23962104E+00  1.24432617E+00
   497  1.98800000E+02  1.24432617E+00  1.23962104E+00  1.24432617E+00
   498  1.99200000E+02  1.24432617E+00  1.23962104E+00  1.24432617E+00
   499  1.99600000E+02  1.24432617E+00  1.23962104E+00  1.24432617E+00
   500  2.00000000E+02  1.24432617E+00  1.23962104E+00  1.24432617E+00
   501  2.00400000E+02  1.24432617E+00  1.23962104E+00  1.24432617E+00
   502  2.00800000E+02  1.24432617E+00  1.23962104E+00  1.24432617E+00
   503  2.01200000E+02  1.24432617E+00  1.23962104E+00  1.24432617E+00
   504  2.01600000E+02  1.24432617E+00  1.23962104E+00  1.24432617E+00
   505  2.02000000E+02  1.24432617E+00  1.23962104E+00  1.24432617E+00
   506  2.02400000E+02  1.24432617E+00  1.23962104E+00  1.24432617E+00
   507  2.02800000E+02  1.24432617E+00  1.23962104E+00  1.24432617E+00
   508  2.03200000E+02  1.24432617E+00  1.23962104E+00  1.24432617E+00
   509  2.03600000E+02  1.24432617E+00  1.23962104E+00  1.24432617E+00
   510  2.04000000E+02  1.24432617E+00  1.23962104E+00  1.24432617E+00
   511  2.04400000E+02  1.24432617E+00  1.23962104E+00  1.24432617E+00
   512  2.04800000E+02  1.24432617E+00  1.23962104E+00  1.24432617E+00
   513  2.05200000E+02  1.24432617E+00  1.23962104E+00  1.24432617E+00
   514  2.05600000E+02  1.24432617E+00  1.23962104E+00  1.24432617E+00
   515  2.06000000E+02  1.24432617E+00  1.23962104E+00  1.24432617E+00
   516  2.06400000E+02  1.24432617E+00  1.23962104E+00  1.24432617E+00
   517  2.06800000E+02  1.24432617E+00  1.23962104E+00  1.24432617E+00
   518  2.07200000E+02  1.24432617E+00  1.23962104E+00  1.24432617E+00
   519  2.07600000E+02  1.24432617E+00  1.23962104E+00  1.24432617E+00
   520  2.08000000E+02  1.24432617E+00  1.23962104E+00  1.24432617E+00
   521  2.08400000E+02  1.24432617E+00  1.23962104E+00  1.24432617E+00
   522  2.08800000E+02  1.24432617E+00  1.23962104E+00  1.24432617E+00
   523  2.09200000E+02  1.24432617E+00  1.23962104E+00  1.24432617E+00
   524  2.09600000E+02  1.24432617E+00  1.23962104E+00  1.24432617E+00
   525  2.10000000E+02  1.24432617E+00  1.23962105E+00  1.24432617E+00
   526  2.10400000E+02  1.24432617E+00  1.23962105E+00  1.24432617E+00
   527  2.10800000E+02  1.24432617E+00  1.23962105E+00  1.24432617E+00
   528  2.11200000E+02  1.24432617E+00  1.23962105E+00  1.24432617E+00
   529  2.11600000E+02  1.24432617E+00  1.23962105E+00  1.24432617E+00
   530  2.12000000E+02  1.24432617E+00  1.23962105E+00  1.24432617E+00
   531  2.12400000E+02  1.24432617E+00  1.23962105E+00  1.24432617E+00
   532  2.12800000E+02  1.24432617E+00  1.23962105E+00  1.24432617E+00
   533  2.13200000E+02  1.24432617E+00  1.23962105E+00  1.24432617E+00
   534  2.13600000E+02  1.24432617E+00  1.23962105E+00  1.24432617E+00
   535  2.14000000E+02  1.24432617E+00  1.23962105E+00  1.24432617E+00
   536  2.14400000E+02  1.24432617E+00  1.23962105E+00  1.24432617E+00
   537  2.14800000E+02  1.24432617E+00  1.23962105E+00  1.24432617E+00
   538  2.15200000E+02  1.24432617E+00  1.23962105E+00  1.24432617E+00
   539  2.15600000E+02  1.24432617E+00  1.23962105E+00  1.24432617E+00
   540  2.16000000E+02  1.24432617E+00  1.23962105E+00  1.24432617E+00
   541  2.16400000E+02  1.24432617E+00  1.23962105E+00  1.24432617E+00
   542  2.16800000E+02  1.24432617E+00  1.23962105E+00  1.24432617E+00
   543  2.17200000E+02  1.24432617E+00  1.23962105E+00  1.24432617E+00
   544  2.17600000E+02  1.24432617E+00  1.23962105E+00  1.24432617E+00
   545  2.18000000E+02  1.24432617E+00  1.23962105E+00  1.24432617E+00
   546  2.18400000E+02  1.24432617E+00  1.23962105E+00  1.24432617E+00
   547  2.18800000E+02  1.24432617E+00  1.23962105E+00  1.24432617E+00
   548  2.19200000E+02  1.24432617E+00  1.23962105E+00  1.24432617E+00
   549  2.19600000E+02  1.24432617E+00  1.23962105E+00  1.24432617E+00
   550  2.20000000E+02  1.24432617E+00  1.23962105E+00  1.24432617E+00
   551  2.20400000E+02  1.24432617E+00  1.23962105E+00  1.24432617E+00
   552  2.20800000E+02  1.24432617E+00  1.23962105E+00  1.24432617E+00
   553  2.21200000E+02  1.24432617E+00  1.23962105E+00  1.24432617E+00
   554  2.21600000E+02  1.24432617E+00  1.23962105E+00  1.24432617E+00
   555  2.22000000E+02  1.24432617E+00  1.23962105E+00  1.24432617E+00
   556  2.22400000E+02  1.24432617E+00  1.23962105E+00  1.24432617E+00
   557  2.22800000E+02  1.24432617E+00  1.23962105E+00  1.24432617E+00
   558  2.23200000E+02  1.24432617E+00  1.23962105E+00  1.24432617E+00
   559  2.23600000E+02  1.24432617E+00  1.23962105E+00  1.24432617E+00
   560  2.24000000E+02  1.24432617E+00  1.23962105E+00  1.24432617E+00
   561  2.24400000E+02  1.24432617E+00  1.23962105E+00  1.24432617E+00
   562  2.24800000E+02  1.24432617E+00  1.23962105E+00  1.24432617E+00
   563  2.25200000E+02  1.24432617E+00  1.23962105E+00  1.24432617E+00
   564  2.25600000E+02  1.24432617E+00  1.23962105E+00  1.24432617E+00
   565  2.26000000E+02  1.24432617E+00  1.23962105E+00  1.24432617E+00
   566  2.26400000E+02  1.24432617E+00  1.23962105E+00  1.24432617E+00
   567  2.26800000E+02  1.24432617E+00  1.23962105E+00  1.24432617E+00
   568  2.27200000E+02  1.24432617E+00  1.23962105E+00  1.24432617E+00
   569  2.27600000E+02  1.24432617E+00  1.23962105E+00  1.24432617E+00
   570  2.28000000E+02  1.24432617E+00  1.23962105E+00  1.24432617E+00
   571  2.28400000E+02  1.24432617E+00  1.23962105E+00  1.24432617E+00
   572  2.28800000E+02  1.24432617E+00  1.23962105E+00  1.24432617E+00
   573  2.29200000E+02  1.24432617E+00  1.23962105E+00  1.24432617E+00
   574  2.29600000E+02  1.24432617E+00  1.23962105E+00  1.24432617E+00
   575  2.30000000E+02  1.24432617E+00  1.23962105E+00  1.24432617E+00
   576  2.30400000E+02  1.24432617E+00  1.23962105E+00  1.24432617E+00
   577  2.30800000E+02  1.24432617E+00  1.23962105E+00  1.24432617E+00
   578  2.31200000E+02  1.24432617E+00  1.23962105E+00  1.24432617E+00
   579  2.31600000E+02  1.24432617E+00  1.23962105E+00  1.24432617E+00
   580  2.32000000E+02  1.24432617E+00  1.23962105E+00  1.24432617E+00
   581  2.32400000E+02  1.24432617E+00  1.23962105E+00  1.24432617E+00
   582  2.32800000E+02  1.24432617E+00  1.23962105E+00  1.24432617E+00
   583  2.33200000E+02  1.24432617E+00  1.23962105E+00  1.24432617E+00
   584  2.33600000E+02  1.24432617E+00  1.23962105E+00  1.24432617E+00
   585  2.34000000E+02  1.24432617E+00  1.23962105E+00  1.24432617E+00
   586  2.34400000E+02  1.24432617E+00  1.23962105E+00  1.24432617E+00
   587  2.34800000E+02  1.24432617E+00  1.23962105E+00  1.24432617E+00
   588  2.35200000E+02  1.24432617E+00  1.23962105E+00  1.24432617E+00
   589  2.35600000E+02  1.24432617E+00  1.23962105E+00  1.24432617E+00
   590  2.36000000E+02  1.24432617E+00  1.23962105E+00  1.24432617E+00
   591  2.36400000E+02  1.24432617E+00  1.23962105E+00  1.24432617E+00
   592  2.36800000E+02  1.24432617E+00  1.23962105E+00  1.24432617E+00
   593  2.37200000E+02  1.24432617E+00  1.23962105E+00  1.24432617E+00
   594  2.37600000E+02  1.24432617E+00  1.23962105E+00  1.24432617E+00
   595  2.38000000E+02  1.24432617E+00  1.23962105E+00  1.24432617E+00
   596  2.38400000E+02  1.24432617E+00  1.23962105E+00  1.24432617E+00
   597  2.38800000E+02  1.24432617E+00  1.23962105E+00  1.24432617E+00
   598  2.39200000E+02  1.24432617E+00  1.23962105E+00  1.24432617E+00
   599  2.39600000E+02  1.24432617E+00  1.23962105E+00  1.24432617E+00
   600  2.40000000E+02  1.24432617E+00  1.23962105E+00  1.24432617E+00
   601  2.40400000E+02  1.24432617E+00  1.23962105E+00  1.24432617E+00
   602  2.40800000E+02  1.24432617E+00  1.23962105E+00  1.24432617E+00
   603  2.41200000E+02  1.24432617E+00  1.23962105E+00  1.24432617E+00
   604  2.41600000E+02  1.24432617E+00  1.23962105E+00  1.24432617E+00
   605  2.42000000E+02  1.24432617E+00  1.23962105E+00  1.24432617E+00
   606  2.42400000E+02  1.24432617E+00  1.23962105E+00  1.24432617E+00
   607  2.42800000E+02  1.24432617E+00  1.23962105E+00  1.24432617E+00
   608  2.43200000E+02  1.24432617E+00  1.23962105E+00  1.24432617E+00
   609  2.43600000E+02  1.24432617E+00  1.23962105E+00  1.24432617E+00
   610  2.44000000E+02  1.24432617E+00  1.23962105E+00  1.24432617E+00
   611  2.44400000E+02  1.24432617E+00  1.23962105E+00  1.24432617E+00
   612  2.44800000E+02  1.24432617E+00  1.23962105E+00  1.24432617E+00
   613  2.45200000E+02  1.24432617E+00  1.23962105E+00  1.24432617E+00
   614  2.45600000E+02  1.24432617E+00  1.23962105E+00  1.24432617E+00
   615  2.46000000E+02  1.24432617E+00  1.23962105E+00  1.24432617E+00
   616  2.46400000E+02  1.24432617E+00  1.23962105E+00  1.24432617E+00
   617  2.46800000E+02  1.24432617E+00  1.23962105E+00  1.24432617E+00
   618  2.47200000E+02  1.24432617E+00  1.23962105E+00  1.24432617E+00
   619  2.47600000E+02  1.24432617E+00  1.23962105E+00  1.24432617E+00
   620  2.48000000E+02  1.24432617E+00  1.23962105E+00  1.24432617E+00
   621  2.48400000E+02  1.24432617E+00  1.23962105E+00  1.24432617E+00
   622  2.48800000E+02  1.24432617E+00  1.23962105E+00  1.24432617E+00
   623  2.49200000E+02  1.24432617E+00  1.23962105E+00  1.24432617E+00
   624  2.49600000E+02  1.24432617E+00  1.23962105E+00  1.24432617E+00
   625  2.50000000E+02  1.24432617E+00  1.23962105E+00  1.24432617E+00
   626  2.50400000E+02  1.24432617E+00  1.23962105E+00  1.24432617E+00
   627  2.50800000E+02  1.24432617E+00  1.23962105E+00  1.24432617E+00
   628  2.51200000E+02  1.24432617E+00  1.23962105E+00  1.24432617E+00
   629  2.51600000E+02  1.24432617E+00  1.23962105E+00  1.24432617E+00
   630  2.52000000E+02  1.24432617E+00  1.23962105E+00  1.24432617E+00
   631  2.52400000E+02  1.24432617E+00  1.23962105E+00  1.24432617E+00
   632  2.52800000E+02  1.24432617E+00  1.23962105E+00  1.24432617E+00
   633  2.53200000E+02  1.24432617E+00  1.23962105E+00  1.24432617E+00
   634  2.53600000E+02  1.24432617E+00  1.23962105E+00  1.24432617E+00
   635  2.54000000E+02  1.24432617E+00  1.23962105E+00  1.24432617E+00
   636  2.54400000E+02  1.24432617E+00  1.23962105E+00  1.24432617E+00
   637  2.54800000E+02  1.24432617E+00  1.23962105E+00  1.24432617E+00
   638  2.55200000E+02  1.24432617E+00  1.23962105E+00  1.24432617E+00
   639  2.55600000E+02  1.24432617E+00  1.23962105E+00  1.24432617E+00
   640  2.56000000E+02  1.24432617E+00  1.23962105E+00  1.24432617E+00
   641  2.56400000E+02  1.24432617E+00  1.23962105E+00  1.24432617E+00
   642  2.56800000E+02  1.24432617E+00  1.23962105E+00  1.24432617E+00
   643  2.57200000E+02  1.24432617E+00  1.23962105E+00  1.24432617E+00
   644  2.57600000E+02  1.24432617E+00  1.23962105E+00  1.24432617E+00
   645  2.58000000E+02  1.24432617E+00  1.23962105E+00  1.24432617E+00
   646  2.58400000E+02  1.24432617E+00  1.23962105E+00  1.24432617E+00
   647  2.58800000E+02  1.24432617E+00  1.23962105E+00  1.24432617E+00
   648  2.59200000E+02  1.24432617E+00  1.23962105E+00  1.24432617E+00
   649  2.59600000E+02  1.24432617E+00  1.23962105E+00  1.24432617E+00
   650  2.60000000E+02  1.24432617E+00  1.23962105E+00  1.24432617E+00
   651  2.60400000E+02  1.24432617E+00  1.23962105E+00  1.24432617E+00
   652  2.60800000E+02  1.24432617E+00  1.23962105E+00  1.24432617E+00
   653  2.61200000E+02  1.24432617E+00  1.23962105E+00  1.24432617E+00
   654  2.61600000E+02  1.24432617E+00  1.23962105E+00  1.24432617E+00
   655  2.62000000E+02  1.24432617E+00  1.23962105E+00  1.24432617E+00
   656  2.62400000E+02  1.24432617E+00  1.23962105E+00  1.24432617E+00
   657  2.62800000E+02  1.24432617E+00  1.23962105E+00  1.24432617E+00
   658  2.63200000E+02  1.24432617E+00  1.23962105E+00  1.24432617E+00
   659  2.63600000E+02  1.24432617E+00  1.23962105E+00  1.24432617E+00
   660  2.64000000E+02  1.24432617E+00  1.23962105E+00  1.24432617E+00
   661  2.64400000E+02  1.24432617E+00  1.23962105E+00  1.24432617E+00
   662  2.64800000E+02  1.24432617E+00  1.23962105E+00  1.24432617E+00
   663  2.65200000E+02  1.24432617E+00  1.23962105E+00  1.24432617E+00
   664  2.65600000E+02  1.24432617E+00  1.23962105E+00  1.24432617E+00
   665  2.66000000E+02  1.24432617E+00  1.23962105E+00  1.24432617E+00
   666  2.66400000E+02  1.24432617E+00  1.23962105E+00  1.24432617E+00
   667  2.66800000E+02  1.24432617E+00  1.23962105E+00  1.24432617E+00
   668  2.67200000E+02  1.24432617E+00  1.23962105E+00  1.24432617E+00
   669  2.67600000E+02  1.24432617E+00  1.23962105E+00  1.24432617E+00
   670  2.68000000E+02  1.24432617E+00  1.23962105E+00  1.24432617E+00
   671  2.68400000E+02  1.24432617E+00  1.23962105E+00  1.24432617E+00
   672  2.68800000E+02  1.24432617E+00  1.23962105E+00  1.24432617E+00
   673  2.69200000E+02  1.24432617E+00  1.23962105E+00  1.24432617E+00
   674  2.69600000E+02  1.24432617E+00  1.23962105E+00  1.24432617E+00
   675  2.70000000E+02  1.24432617E+00  1.23962105E+00  1.24432617E+00
   676  2.70400000E+02  1.24432617E+00  1.23962105E+00  1.24432617E+00
   677  2.70800000E+02  1.24432617E+00  1.23962105E+00  1.24432617E+00
   678  2.71200000E+02  1.24432617E+00  1.23962105E+00  1.24432617E+00
   679  2.71600000E+02  1.24432617E+00  1.23962105E+00  1.24432617E+00
   680  2.72000000E+02  1.24432617E+00  1.23962105E+00  1.24432617E+00
   681  2.72400000E+02  1.24432617E+00  1.23962105E+00  1.24432617E+00
   682  2.72800000E+02  1.24432617E+00  1.23962105E+00  1.24432617E+00
   683  2.73200000E+02  1.24432617E+00  1.23962105E+00  1.24432617E+00
   684  2.73600000E+02  1.24432617E+00  1.23962105E+00  1.24432617E+00
   685  2.74000000E+02  1.24432617E+00  1.23962105E+00  1.24432617E+00
   686  2.74400000E+02  1.24432617E+00  1.23962105E+00  1.24432617E+00
   687  2.74800000E+02  1.24432617E+00  1.23962105E+00  1.24432617E+00
   688  2.75200000E+02  1.24432617E+00  1.23962105E+00  1.24432617E+00
   689  2.75600000E+02  1.24432617E+00  1.23962105E+00  1.24432617E+00
   690  2.76000000E+02  1.24432617E+00  1.23962105E+00  1.24432617E+00
   691  2.76400000E+02  1.24432617E+00  1.23962105E+00  1.24432617E+00
   692  2.76800000E+02  1.24432617E+00  1.23962105E+00  1.24432617E+00
   693  2.77200000E+02  1.24432617E+00  1.23962105E+00  1.24432617E+00
   694  2.77600000E+02  1.24432617E+00  1.23962105E+00  1.24432617E+00
   695  2.78000000E+02  1.24432617E+00  1.23962105E+00  1.24432617E+00
   696  2.78400000E+02  1.24432617E+00  1.23962105E+00  1.24432617E+00
   697  2.78800000E+02  1.24432617E+00  1.23962105E+00  1.24432617E+00
   698  2.79200000E+02  1.24432617E+00  1.23962105E+00  1.24432617E+00
   699  2.79600000E+02  1.24432617E+00  1.23962105E+00  1.24432617E+00
   700  2.80000000E+02  1.24432617E+00  1.23962105E+00  1.24432617E+00
   701  2.80400000E+02  1.24432617E+00  1.23962105E+00  1.24432617E+00
   702  2.80800000E+02  1.24432617E+00  1.23962105E+00  1.24432617E+00
   703  2.81200000E+02  1.24432617E+00  1.23962105E+00  1.24432617E+00
   704  2.81600000E+02  1.24432617E+00  1.23962105E+00  1.24432617E+00
   705  2.82000000E+02  1.24432617E+00  1.23962105E+00  1.24432617E+00
   706  2.82400000E+02  1.24432617E+00  1.23962105E+00  1.24432617E+00
   707  2.82800000E+02  1.24432617E+00  1.23962105E+00  1.24432617E+00
   708  2.83200000E+02  1.24432617E+00  1.23962105E+00  1.24432617E+00
   709  2.83600000E+02  1.24432617E+00  1.23962105E+00  1.24432617E+00
   710  2.84000000E+02  1.24432617E+00  1.23962105E+00  1.24432617E+00
   711  2.84400000E+02  1.24432617E+00  1.23962105E+00  1.24432617E+00
   712  2.84800000E+02  1.24432617E+00  1.23962105E+00  1.24432617E+00
   713  2.85200000E+02  1.24432617E+00  1.23962105E+00  1.24432617E+00
   714  2.85600000E+02  1.24432617E+00  1.23962105E+00  1.24432617E+00
   715  2.86000000E+02  1.24432617E+00  1.23962105E+00  1.24432617E+00
   716  2.86400000E+02  1.24432617E+00  1.23962105E+00  1.24432617E+00
   717  2.86800000E+02  1.24432617E+00  1.23962105E+00  1.24432617E+00
   718  2.87200000E+02  1.24432617E+00  1.23962105E+00  1.24432617E+00
   719  2.87600000E+02  1.24432617E+00  1.23962105E+00  1.24432617E+00
   720  2.88000000E+02  1.24432617E+00  1.23962105E+00  1.24432617E+00
   721  2.88400000E+02  1.24432617E+00  1.23962105E+00  1.24432617E+00
   722  2.88800000E+02  1.24432617E+00  1.23962105E+00  1.24432617E+00
   723  2.89200000E+02  1.24432617E+00  1.23962105E+00  1.24432617E+00
   724  2.89600000E+02  1.24432617E+00  1.23962105E+00  1.24432617E+00
   725  2.90000000E+02  1.24432617E+00  1.23962105E+00  1.24432617E+00
   726  2.90400000E+02  1.24432617E+00  1.23962105E+00  1.24432617E+00
   727  2.90800000E+02  1.24432617E+00  1.23962105E+00  1.24432617E+00
   728  2.91200000E+02  1.24432617E+00  1.23962105E+00  1.24432617E+00
   729  2.91600000E+02  1.24432617E+00  1.23962105E+00  1.24432617E+00
   730  2.92000000E+02  1.24432617E+00  1.23962105E+00  1.24432617E+00
   731  2.92400000E+02  1.24432617E+00  1.23962105E+00  1.24432617E+00
   732  2.92800000E+02  1.24432617E+00  1.23962105E+00  1.24432617E+00
   733  2.93200000E+02  1.24432617E+00  1.23962105E+00  1.24432617E+00
   734  2.93600000E+02  1.24432617E+00  1.23962105E+00  1.24432617E+00
   735  2.94000000E+02  1.24432617E+00  1.23962105E+00  1.24432617E+00
   736  2.94400000E+02  1.24432617E+00  1.23962105E+00  1.24432617E+00
   737  2.94800000E+02  1.24432617E+00  1.23962105E+00  1.24432617E+00
   738  2.95200000E+02  1.24432617E+00  1.23962105E+00  1.24432617E+00
   739  2.95600000E+02  1.24432617E+00  1.23962105E+00  1.24432617E+00
   740  2.96000000E+02  1.24432617E+00  1.23962105E+00  1.24432617E+00
   741  2.96400000E+02  1.24432617E+00  1.23962105E+00  1.24432617E+00
   742  2.96800000E+02  1.24432617E+00  1.23962105E+00  1.24432617E+00
   743  2.97200000E+02  1.24432617E+00  1.23962105E+00  1.24432617E+00
   744  2.97600000E+02  1.24432617E+00  1.23962105E+00  1.24432617E+00
   745  2.98000000E+02  1.24432617E+00  1.23962105E+00  1.24432617E+00
   746  2.98400000E+02  1.24432617E+00  1.23962105E+00  1.24432617E+00
   747  2.98800000E+02  1.24432617E+00  1.23962105E+00  1.24432617E+00
   748  2.99200000E+02  1.24432617E+00  1.23962105E+00  1.24432617E+00
   749  2.99600000E+02  1.24432617E+00  1.23962105E+00  1.24432617E+00
   750  3.00000000E+02  1.24432617E+00  1.23962105E+00  1.24432617E+00
   751  3.00400000E+02  1.24432617E+00  1.23962105E+00  1.24432617E+00
   752  3.00800000E+02  1.24432617E+00  1.23962105E+00  1.24432617E+00
   753  3.01200000E+02  1.24432617E+00  1.23962105E+00  1.24432617E+00
   754  3.01600000E+02  1.24432617E+00  1.23962105E+00  1.24432617E+00
   755  3.02000000E+02  1.24432617E+00  1.23962105E+00  1.24432617E+00
   756  3.02400000E+02  1.24432617E+00  1.23962105E+00  1.24432617E+00
   757  3.02800000E+02  1.24432617E+00  1.23962105E+00  1.24432617E+00
   758  3.03200000E+02  1.24432617E+00  1.23962105E+00  1.24432617E+00
   759  3.03600000E+02  1.24432617E+00  1.23962105E+00  1.24432617E+00
   760  3.04000000E+02  1.24432617E+00  1.23962105E+00  1.24432617E+00
   761  3.04400000E+02  1.24432617E+00  1.23962105E+00  1.24432617E+00
   762  3.04800000E+02  1.24432617E+00  1.23962105E+00  1.24432617E+00
   763  3.05200000E+02  1.24432617E+00  1.23962105E+00  1.24432617E+00
   764  3.05600000E+02  1.24432617E+00  1.23962105E+00  1.24432617E+00
   765  3.06000000E+02  1.24432617E+00  1.23962105E+00  1.24432617E+00
   766  3.06400000E+02  1.24432617E+00  1.23962105E+00  1.24432617E+00
   767  3.06800000E+02  1.24432617E+00  1.23962105E+00  1.24432617E+00
   768  3.07200000E+02  1.24432617E+00  1.23962105E+00  1.24432617E+00
   769  3.07600000E+02  1.24432617E+00  1.23962105E+00  1.24432617E+00
   770  3.08000000E+02  1.24432617E+00  1.23962105E+00  1.24432617E+00
   771  3.08400000E+02  1.24432617E+00  1.23962105E+00  1.24432617E+00
   772  3.08800000E+02  1.24432617E+00  1.23962105E+00  1.24432617E+00
   773  3.09200000E+02  1.24432617E+00  1.23962105E+00  1.24432617E+00
   774  3.09600000E+02  1.24432617E+00  1.23962105E+00  1.24432617E+00
   775  3.10000000E+02  1.24432617E+00  1.23962105E+00  1.24432617E+00
   776  3.10400000E+02  1.24432617E+00  1.23962105E+00  1.24432617E+00
   777  3.10800000E+02  1.24432617E+00  1.23962105E+00  1.24432617E+00
   778  3.11200000E+02  1.24432617E+00  1.23962105E+00  1.24432617E+00
   779  3.11600000E+02  1.24432617E+00  1.23962105E+00  1.24432617E+00
   780  3.12000000E+02  1.24432617E+00  1.23962105E+00  1.24432617E+00
   781  3.12400000E+02  1.24432617E+00  1.23962105E+00  1.24432617E+00
   782  3.12800000E+02  1.24432617E+00  1.23962105E+00  1.24432617E+00
   783  3.13200000E+02  1.24432617E+00  1.23962105E+00  1.24432617E+00
   784  3.13600000E+02  1.24432617E+00  1.23962105E+00  1.24432617E+00
   785  3.14000000E+02  1.24432617E+00  1.23962105E+00  1.24432617E+00
   786  3.14400000E+02  1.24432617E+00  1.23962105E+00  1.24432617E+00
   787  3.14800000E+02  1.24432617E+00  1.23962105E+00  1.24432617E+00
   788  3.15200000E+02  1.24432617E+00  1.23962105E+00  1.24432617E+00
   789  3.15600000E+02  1.24432617E+00  1.23962105E+00  1.24432617E+00
   790  3.16000000E+02  1.24432617E+00  1.23962105E+00  1.24432617E+00
   791  3.16400000E+02  1.24432617E+00  1.23962105E+00  1.24432617E+00
   792  3.16800000E+02  1.24432617E+00  1.23962105E+00  1.24432617E+00
   793  3.17200000E+02  1.24432617E+00  1.23962105E+00  1.24432617E+00
   794  3.17600000E+02  1.24432617E+00  1.23962105E+00  1.24432617E+00
   795  3.18000000E+02  1.24432617E+00  1.23962105E+00  1.24432617E+00
   796  3.18400000E+02  1.24432617E+00  1.23962105E+00  1.24432617E+00
   797  3.18800000E+02  1.24432617E+00  1.23962105E+00  1.24432617E+00
   798  3.19200000E+02  1.24432617E+00  1.23962105E+00  1.24432617E+00
   799  3.19600000E+02  1.24432617E+00  1.23962105E+00  1.24432617E+00
   800  3.20000000E+02  1.24432617E+00  1.23962105E+00  1.24432617E+00
   801  3.20400000E+02  1.24432617E+00  1.23962105E+00  1.24432617E+00
   802  3.20800000E+02  1.24432617E+00  1.23962105E+00  1.24432617E+00
   803  3.21200000E+02  1.24432617E+00  1.23962105E+00  1.24432617E+00
   804  3.21600000E+02  1.24432617E+00  1.23962105E+00  1.24432617E+00
   805  3.22000000E+02  1.24432617E+00  1.23962105E+00  1.24432617E+00
   806  3.22400000E+02  1.24432617E+00  1.23962105E+00  1.24432617E+00
   807  3.22800000E+02  1.24432617E+00  1.23962105E+00  1.24432617E+00
   808  3.23200000E+02  1.24432617E+00  1.23962105E+00  1.24432617E+00
   809  3.23600000E+02  1.24432617E+00  1.23962105E+00  1.24432617E+00
   810  3.24000000E+02  1.24432617E+00  1.23962105E+00  1.24432617E+00
   811  3.24400000E+02  1.24432617E+00  1.23962105E+00  1.24432617E+00
   812  3.24800000E+02  1.24432617E+00  1.23962105E+00  1.24432617E+00
   813  3.25200000E+02  1.24432617E+00  1.23962105E+00  1.24432617E+00
   814  3.25600000E+02  1.24432617E+00  1.23962105E+00  1.24432617E+00
   815  3.26000000E+02  1.24432617E+00  1.23962105E+00  1.24432617E+00
   816  3.26400000E+02  1.24432617E+00  1.23962105E+00  1.24432617E+00
   817  3.26800000E+02  1.24432617E+00  1.23962105E+00  1.24432617E+00
   818  3.27200000E+02  1.24432617E+00  1.23962105E+00  1.24432617E+00
   819  3.27600000E+02  1.24432617E+00  1.23962105E+00  1.24432617E+00
   820  3.28000000E+02  1.24432617E+00  1.23962105E+00  1.24432617E+00
   821  3.28400000E+02  1.24432617E+00  1.23962105E+00  1.24432617E+00
   822  3.28800000E+02  1.24432617E+00  1.23962105E+00  1.24432617E+00
   823  3.29200000E+02  1.24432617E+00  1.23962105E+00  1.24432617E+00
   824  3.29600000E+02  1.24432617E+00  1.23962105E+00  1.24432617E+00
   825  3.30000000E+02  1.24432617E+00  1.23962105E+00  1.24432617E+00
   826  3.30400000E+02  1.24432617E+00  1.23962105E+00  1.24432617E+00
   827  3.30800000E+02  1.24432617E+00  1.23962105E+00  1.24432617E+00
   828  3.31200000E+02  1.24432617E+00  1.23962105E+00  1.24432617E+00
   829  3.31600000E+02  1.24432617E+00  1.23962105E+00  1.24432617E+00
   830  3.32000000E+02  1.24432617E+00  1.23962105E+00  1.24432617E+00
   831  3.32400000E+02  1.24432617E+00  1.23962105E+00  1.24432617E+00
   832  3.32800000E+02  1.24432617E+00  1.23962105E+00  1.24432617E+00
   833  3.33200000E+02  1.24432617E+00  1.23962105E+00  1.24432617E+00
   834  3.33600000E+02  1.24432617E+00  1.23962105E+00  1.24432617E+00
   835  3.34000000E+02  1.24432617E+00  1.23962105E+00  1.24432617E+00
   836  3.34400000E+02  1.24432617E+00  1.23962105E+00  1.24432617E+00
   837  3.34800000E+02  1.24432617E+00  1.23962105E+00  1.24432617E+00
   838  3.35200000E+02  1.24432617E+00  1.23962105E+00  1.24432617E+00
   839  3.35600000E+02  1.24432617E+00  1.23962105E+00  1.24432617E+00
   840  3.36000000E+02  1.24432617E+00  1.23962105E+00  1.24432617E+00
   841  3.36400000E+02  1.24432617E+00  1.23962105E+00  1.24432617E+00
   842  3.36800000E+02  1.24432617E+00  1.23962105E+00  1.24432617E+00
   843  3.37200000E+02  1.24432617E+00  1.23962105E+00  1.24432617E+00
   844  3.37600000E+02  1.24432617E+00  1.23962105E+00  1.24432617E+00
   845  3.38000000E+02  1.24432617E+00  1.23962105E+00  1.24432617E+00
   846  3.38400000E+02  1.24432617E+00  1.23962105E+00  1.24432617E+00
   847  3.38800000E+02  1.24432617E+00  1.23962105E+00  1.24432617E+00
   848  3.39200000E+02  1.24432617E+00  1.23962105E+00  1.24432617E+00
   849  3.39600000E+02  1.24432617E+00  1.23962105E+00  1.24432617E+00
   850  3.40000000E+02  1.24432617E+00  1.23962105E+00  1.24432617E+00
   851  3.40400000E+02  1.24432617E+00  1.23962105E+00  1.24432617E+00
   852  3.40800000E+02  1.24432617E+00  1.23962105E+00  1.24432617E+00
   853  3.41200000E+02  1.24432617E+00  1.23962105E+00  1.24432617E+00
   854  3.41600000E+02  1.24432617E+00  1.23962105E+00  1.24432617E+00
   855  3.42000000E+02  1.24432617E+00  1.23962105E+00  1.24432617E+00
   856  3.42400000E+02  1.24432617E+00  1.23962105E+00  1.24432617E+00
   857  3.42800000E+02  1.24432617E+00  1.23962105E+00  1.24432617E+00
   858  3.43200000E+02  1.24432617E+00  1.23962105E+00  1.24432617E+00
   859  3.43600000E+02  1.24432617E+00  1.23962105E+00  1.24432617E+00
   860  3.44000000E+02  1.24432617E+00  1.23962105E+00  1.24432617E+00
   861  3.44400000E+02  1.24432617E+00  1.23962105E+00  1.24432617E+00
   862  3.44800000E+02  1.24432617E+00  1.23962105E+00  1.24432617E+00
   863  3.45200000E+02  1.24432617E+00  1.23962105E+00  1.24432617E+00
   864  3.45600000E+02  1.24432617E+00  1.23962105E+00  1.24432617E+00
   865  3.46000000E+02  1.24432617E+00  1.23962105E+00  1.24432617E+00
   866  3.46400000E+02  1.24432617E+00  1.23962105E+00  1.24432617E+00
   867  3.46800000E+02  1.24432617E+00  1.23962105E+00  1.24432617E+00
   868  3.47200000E+02  1.24432617E+00  1.23962105E+00  1.24432617E+00
   869  3.47600000E+02  1.24432617E+00  1.23962105E+00  1.24432617E+00
   870  3.48000000E+02  1.24432617E+00  1.23962105E+00  1.24432617E+00
   871  3.48400000E+02  1.24432617E+00  1.23962105E+00  1.24432617E+00
   872  3.48800000E+02  1.24432617E+00  1.23962105E+00  1.24432617E+00
   873  3.49200000E+02  1.24432617E+00  1.23962105E+00  1.24432617E+00
   874  3.49600000E+02  1.24432617E+00  1.23962105E+00  1.24432617E+00
   875  3.50000000E+02  1.24432617E+00  1.23962105E+00  1.24432617E+00
   876  3.50400000E+02  1.24432617E+00  1.23962105E+00  1.24432617E+00
   877  3.50800000E+02  1.24432617E+00  1.23962105E+00  1.24432617E+00
   878  3.51200000E+02  1.24432617E+00  1.23962105E+00  1.24432617E+00
   879  3.51600000E+02  1.24432617E+00  1.23962105E+00  1.24432617E+00
   880  3.52000000E+02  1.24432617E+00  1.23962105E+00  1.24432617E+00
   881  3.52400000E+02  1.24432617E+00  1.23962105E+00  1.24432617E+00
   882  3.52800000E+02  1.24432617E+00  1.23962105E+00  1.24432617E+00
   883  3.53200000E+02  1.24432617E+00  1.23962105E+00  1.24432617E+00
   884  3.53600000E+02  1.24432617E+00  1.23962105E+00  1.24432617E+00
   885  3.54000000E+02  1.24432617E+00  1.23962105E+00  1.24432617E+00
   886  3.54400000E+02  1.24432617E+00  1.23962105E+00  1.24432617E+00
   887  3.54800000E+02  1.24432617E+00  1.23962105E+00  1.24432617E+00
   888  3.55200000E+02  1.24432617E+00  1.23962105E+00  1.24432617E+00
   889  3.55600000E+02  1.24432617E+00  1.23962105E+00  1.24432617E+00
   890  3.56000000E+02  1.24432617E+00  1.23962105E+00  1.24432617E+00
   891  3.56400000E+02  1.24432617E+00  1.23962105E+00  1.24432617E+00
   892  3.56800000E+02  1.24432617E+00  1.23962105E+00  1.24432617E+00
   893  3.57200000E+02  1.24432617E+00  1.23962105E+00  1.24432617E+00
   894  3.57600000E+02  1.24432617E+00  1.23962105E+00  1.24432617E+00
   895  3.58000000E+02  1.24432617E+00  1.23962105E+00  1.24432617E+00
   896  3.58400000E+02  1.24432617E+00  1.23962105E+00  1.24432617E+00
   897  3.58800000E+02  1.24432617E+00  1.23962105E+00  1.24432617E+00
   898  3.59200000E+02  1.24432617E+00  1.23962105E+00  1.24432617E+00
   899  3.59600000E+02  1.24432617E+00  1.23962105E+00  1.24432617E+00
   900  3.60000000E+02  1.24432617E+00  1.23962105E+00  1.24432617E+00
   901  3.60400000E+02  1.24432617E+00  1.23962105E+00  1.24432617E+00
   902  3.60800000E+02  1.24432617E+00  1.23962105E+00  1.24432617E+00
   903  3.61200000E+02  1.24432617E+00  1.23962105E+00  1.24432617E+00
   904  3.61600000E+02  1.24432617E+00  1.23962105E+00  1.24432617E+00
   905  3.62000000E+02  1.24432617E+00  1.23962105E+00  1.24432617E+00
   906  3.62400000E+02  1.24432617E+00  1.23962105E+00  1.24432617E+00
   907  3.62800000E+02  1.24432617E+00  1.23962105E+00  1.24432617E+00
   908  3.63200000E+02  1.24432617E+00  1.23962105E+00  1.24432617E+00
   909  3.63600000E+02  1.24432617E+00  1.23962105E+00  1.24432617E+00
   910  3.64000000E+02  1.24432617E+00  1.23962105E+00  1.24432617E+00
   911  3.64400000E+02  1.24432617E+00  1.23962105E+00  1.24432617E+00
   912  3.64800000E+02  1.24432617E+00  1.23962105E+00  1.24432617E+00
   913  3.65200000E+02  1.24432617E+00  1.23962105E+00  1.24432617E+00
   914  3.65600000E+02  1.24432617E+00  1.23962105E+00  1.24432617E+00
   915  3.66000000E+02  1.24432617E+00  1.23962105E+00  1.24432617E+00
   916  3.66400000E+02  1.24432617E+00  1.23962105E+00  1.24432617E+00
   917  3.66800000E+02  1.24432617E+00  1.23962105E+00  1.24432617E+00
   918  3.67200000E+02  1.24432617E+00  1.23962105E+00  1.24432617E+00
   919  3.67600000E+02  1.24432617E+00  1.23962105E+00  1.24432617E+00
   920  3.68000000E+02  1.24432617E+00  1.23962105E+00  1.24432617E+00
   921  3.68400000E+02  1.24432617E+00  1.23962105E+00  1.24432617E+00
   922  3.68800000E+02  1.24432617E+00  1.23962105E+00  1.24432617E+00
   923  3.69200000E+02  1.24432617E+00  1.23962105E+00  1.24432617E+00
   924  3.69600000E+02  1.24432617E+00  1.23962105E+00  1.24432617E+00
   925  3.70000000E+02  1.24432617E+00  1.23962105E+00  1.24432617E+00
   926  3.70400000E+02  1.24432617E+00  1.23962105E+00  1.24432617E+00
   927  3.70800000E+02  1.24432617E+00  1.23962105E+00  1.24432617E+00
   928  3.71200000E+02  1.24432617E+00  1.23962105E+00  1.24432617E+00
   929  3.71600000E+02  1.24432617E+00  1.23962105E+00  1.24432617E+00
   930  3.72000000E+02  1.24432617E+00  1.23962105E+00  1.24432617E+00
   931  3.72400000E+02  1.24432617E+00  1.23962105E+00  1.24432617E+00
   932  3.72800000E+02  1.24432617E+00  1.23962105E+00  1.24432617E+00
   933  3.73200000E+02  1.24432617E+00  1.23962105E+00  1.24432617E+00
   934  3.73600000E+02  1.24432617E+00  1.23962105E+00  1.24432617E+00
   935  3.74000000E+02  1.24432617E+00  1.23962105E+00  1.24432617E+00
   936  3.74400000E+02  1.24432617E+00  1.23962105E+00  1.24432617E+00
   937  3.74800000E+02  1.24432617E+00  1.23962105E+00  1.24432617E+00
   938  3.75200000E+02  1.24432617E+00  1.23962105E+00  1.24432617E+00
   939  3.75600000E+02  1.24432617E+00  1.23962105E+00  1.24432617E+00
   940  3.76000000E+02  1.24432617E+00  1.23962105E+00  1.24432617E+00
   941  3.76400000E+02  1.24432617E+00  1.23962105E+00  1.24432617E+00
   942  3.76800000E+02  1.24432617E+00  1.23962105E+00  1.24432617E+00
   943  3.77200000E+02  1.24432617E+00  1.23962105E+00  1.24432617E+00
   944  3.77600000E+02  1.24432617E+00  1.23962105E+00  1.24432617E+00
   945  3.78000000E+02  1.24432617E+00  1.23962105E+00  1.24432617E+00
   946  3.78400000E+02  1.24432617E+00  1.23962105E+00  1.24432617E+00
   947  3.78800000E+02  1.24432617E+00  1.23962105E+00  1.24432617E+00
   948  3.79200000E+02  1.24432617E+00  1.23962105E+00  1.24432617E+00
   949  3.79600000E+02  1.24432617E+00  1.23962105E+00  1.24432617E+00
   950  3.80000000E+02  1.24432617E+00  1.23962105E+00  1.24432617E+00
   951  3.80400000E+02  1.24432617E+00  1.23962105E+00  1.24432617E+00
   952  3.80800000E+02  1.24432617E+00  1.23962105E+00  1.24432617E+00
   953  3.81200000E+02  1.24432617E+00  1.23962105E+00  1.24432617E+00
   954  3.81600000E+02  1.24432617E+00  1.23962105E+00  1.24432617E+00
   955  3.82000000E+02  1.24432617E+00  1.23962105E+00  1.24432617E+00
   956  3.82400000E+02  1.24432617E+00  1.23962105E+00  1.24432617E+00
   957  3.82800000E+02  1.24432617E+00  1.23962105E+00  1.24432617E+00
   958  3.83200000E+02  1.24432617E+00  1.23962105E+00  1.24432617E+00
   959  3.83600000E+02  1.24432617E+00  1.23962105E+00  1.24432617E+00
   960  3.84000000E+02  1.24432617E+00  1.23962105E+00  1.24432617E+00
   961  3.84400000E+02  1.24432617E+00  1.23962105E+00  1.24432617E+00
   962  3.84800000E+02  1.24432617E+00  1.23962105E+00  1.24432617E+00
   963  3.85200000E+02  1.24432617E+00  1.23962105E+00  1.24432617E+00
   964  3.85600000E+02  1.24432617E+00  1.23962105E+00  1.24432617E+00
   965  3.86000000E+02  1.24432617E+00  1.23962105E+00  1.24432617E+00
   966  3.86400000E+02  1.24432617E+00  1.23962105E+00  1.24432617E+00
   967  3.86800000E+02  1.24432617E+00  1.23962105E+00  1.24432617E+00
   968  3.87200000E+02  1.24432617E+00  1.23962105E+00  1.24432617E+00
   969  3.87600000E+02  1.24432617E+00  1.23962105E+00  1.24432617E+00
   970  3.88000000E+02  1.24432617E+00  1.23962105E+00  1.24432617E+00
   971  3.88400000E+02  1.24432617E+00  1.23962105E+00  1.24432617E+00
   972  3.88800000E+02  1.24432617E+00  1.23962105E+00  1.24432617E+00
   973  3.89200000E+02  1.24432617E+00  1.23962105E+00  1.24432617E+00
   974  3.89600000E+02  1.24432617E+00  1.23962105E+00  1.24432617E+00
   975  3.90000000E+02  1.24432617E+00  1.23962105E+00  1.24432617E+00
   976  3.90400000E+02  1.24432617E+00  1.23962105E+00  1.24432617E+00
   977  3.90800000E+02  1.24432617E+00  1.23962105E+00  1.24432617E+00
   978  3.91200000E+02  1.24432617E+00  1.23962105E+00  1.24432617E+00
   979  3.91600000E+02  1.24432617E+00  1.23962105E+00  1.24432617E+00
   980  3.92000000E+02  1.24432617E+00  1.23962105E+00  1.24432617E+00
   981  3.92400000E+02  1.24432617E+00  1.23962105E+00  1.24432617E+00
   982  3.92800000E+02  1.24432617E+00  1.23962105E+00  1.24432617E+00
   983  3.93200000E+02  1.24432617E+00  1.23962105E+00  1.24432617E+00
   984  3.93600000E+02  1.24432617E+00  1.23962105E+00  1.24432617E+00
   985  3.94000000E+02  1.24432617E+00  1.23962105E+00  1.24432617E+00
   986  3.94400000E+02  1.24432617E+00  1.23962105E+00  1.24432617E+00
   987  3.94800000E+02  1.24432617E+00  1.23962105E+00  1.24432617E+00
   988  3.95200000E+02  1.24432617E+00  1.23962105E+00  1.24432617E+00
   989  3.95600000E+02  1.24432617E+00  1.23962105E+00  1.24432617E+00
   990  3.96000000E+02  1.24432617E+00  1.23962105E+00  1.24432617E+00
   991  3.96400000E+02  1.24432617E+00  1.23962105E+00  1.24432617E+00
   992  3.96800000E+02  1.24432617E+00  1.23962105E+00  1.24432617E+00
   993  3.97200000E+02  1.24432617E+00  1.23962105E+00  1.24432617E+00
   994  3.97600000E+02  1.24432617E+00  1.23962105E+00  1.24432617E+00
   995  3.98000000E+02  1.24432617E+00  1.23962105E+00  1.24432617E+00
   996  3.98400000E+02  1.24432617E+00  1.23962105E+00  1.24432617E+00
   997  3.98800000E+02  1.24432617E+00  1.23962105E+00  1.24432617E+00
   998  3.99200000E+02  1.24432617E+00  1.23962105E+00  1.24432617E+00
   999  3.99600000E+02  1.24432617E+00  1.23962105E+00  1.24432617E+00
  1000  4.00000000E+02  1.24432617E+00  1.23962105E+00  1.24432617E+00
