 comppar: model =   3
 comppar: lambda,mobility/eps,betav,eta_0 =  1.1000E+01  4.0000E-01  9.0000E-01  1.0000E+00
 comppar: eta_s,eta_p,G =  9.0000E-01  1.0000E-01  9.0909E-03
 comppar: U_avg,deltat,flowrate,nsteps =  1.0000E-01  4.0000E-01  3.1416E-01    1000
 comppar: geometry = axisymmetric
 comppar: steady stop change,gap,hold,min =  1.0000E-05  2.0000E-04      10      80
 comppar: steady stop rounded decimals =       4
 comppar: ncompc,ncompg =     4     5
 mesh nnodes = 22999
 mesh nelem = 11296
 P1 BC   5.0000000000000000     
 P2 BC   0.0000000000000000     
     1  4.00000000E-01  1.00503996E+00  1.00000000E+00  1.00503996E+00
     2  8.00000000E-01  1.00992395E+00  1.00000000E+00  1.00992395E+00
     3  1.20000000E+00  1.01465729E+00  1.00000000E+00  1.01465729E+00
     4  1.60000000E+00  1.01925295E+00  1.00000000E+00  1.01925295E+00
     5  2.00000000E+00  1.02371443E+00  1.00000000E+00  1.02371443E+00
     6  2.40000000E+00  1.02804716E+00  1.00000000E+00  1.02804716E+00
     7  2.80000000E+00  1.03225533E+00  1.00000000E+00  1.03225533E+00
     8  3.20000000E+00  1.03634142E+00  1.00000000E+00  1.03634142E+00
     9  3.60000000E+00  1.04031868E+00  1.00000000E+00  1.04031868E+00
    10  4.00000000E+00  1.04417811E+00  1.00000000E+00  1.04417811E+00
    11  4.40000000E+00  1.04792831E+00  9.99999996E-01  1.04792831E+00
    12  4.80000000E+00  1.05157155E+00  9.99999990E-01  1.05157155E+00
    13  5.20000000E+00  1.05511102E+00  9.99999982E-01  1.05511102E+00
    14  5.60000000E+00  1.05853636E+00  9.99999972E-01  1.05853636E+00
    15  6.00000000E+00  1.06187775E+00  9.99999958E-01  1.06187775E+00
    16  6.40000000E+00  1.06511290E+00  9.99999940E-01  1.06511290E+00
    17  6.80000000E+00  1.06824436E+00  9.99999918E-01  1.06824436E+00
    18  7.20000000E+00  1.07127467E+00  9.99999890E-01  1.07127467E+00
    19  7.60000000E+00  1.07421465E+00  9.99999857E-01  1.07421465E+00
    20  8.00000000E+00  1.07706935E+00  9.99999817E-01  1.07706935E+00
    21  8.40000000E+00  1.07982559E+00  9.99999769E-01  1.07982559E+00
    22  8.80000000E+00  1.08249048E+00  9.99999713E-01  1.08249048E+00
    23  9.20000000E+00  1.08506171E+00  9.99999646E-01  1.08506171E+00
    24  9.60000000E+00  1.08754477E+00  9.99999569E-01  1.08754477E+00
    25  1.00000000E+01  1.08993645E+00  9.99999479E-01  1.08993645E+00
    26  1.04000000E+01  1.09224247E+00  9.99999375E-01  1.09224247E+00
    27  1.08000000E+01  1.09445728E+00  9.99999256E-01  1.09445728E+00
    28  1.12000000E+01  1.09658780E+00  9.99999119E-01  1.09658780E+00
    29  1.16000000E+01  1.09863604E+00  9.99998964E-01  1.09863604E+00
    30  1.20000000E+01  1.10062348E+00  9.99998786E-01  1.10062348E+00
    31  1.24000000E+01  1.10252820E+00  9.99998586E-01  1.10252820E+00
    32  1.28000000E+01  1.10435046E+00  9.99998359E-01  1.10435046E+00
    33  1.32000000E+01  1.10609390E+00  9.99998104E-01  1.10609390E+00
    34  1.36000000E+01  1.10775920E+00  9.99997818E-01  1.10775920E+00
    35  1.40000000E+01  1.10934976E+00  9.99997496E-01  1.10934976E+00
    36  1.44000000E+01  1.11086757E+00  9.99997138E-01  1.11086757E+00
    37  1.48000000E+01  1.11231605E+00  9.99996737E-01  1.11231605E+00
    38  1.52000000E+01  1.11371939E+00  9.99996292E-01  1.11371939E+00
    39  1.56000000E+01  1.11505578E+00  9.99995798E-01  1.11505578E+00
    40  1.60000000E+01  1.11632648E+00  9.99995250E-01  1.11632648E+00
    41  1.64000000E+01  1.11753547E+00  9.99994643E-01  1.11753547E+00
    42  1.68000000E+01  1.11868366E+00  9.99993974E-01  1.11868366E+00
    43  1.72000000E+01  1.11977445E+00  9.99993237E-01  1.11977445E+00
    44  1.76000000E+01  1.12080833E+00  9.99992425E-01  1.12080833E+00
    45  1.80000000E+01  1.12178988E+00  9.99991534E-01  1.12178988E+00
    46  1.84000000E+01  1.12271908E+00  9.99990558E-01  1.12271908E+00
    47  1.88000000E+01  1.12361387E+00  9.99989489E-01  1.12361387E+00
    48  1.92000000E+01  1.12446499E+00  9.99988321E-01  1.12446499E+00
    49  1.96000000E+01  1.12526835E+00  9.99987048E-01  1.12526835E+00
    50  2.00000000E+01  1.12602975E+00  9.99985661E-01  1.12602975E+00
    51  2.04000000E+01  1.12674742E+00  9.99984153E-01  1.12674742E+00
    52  2.08000000E+01  1.12742706E+00  9.99982517E-01  1.12742706E+00
    53  2.12000000E+01  1.12806670E+00  9.99980745E-01  1.12806670E+00
    54  2.16000000E+01  1.12867742E+00  9.99978828E-01  1.12867742E+00
    55  2.20000000E+01  1.12926526E+00  9.99976758E-01  1.12926526E+00
    56  2.24000000E+01  1.12981752E+00  9.99974527E-01  1.12981752E+00
    57  2.28000000E+01  1.13034043E+00  9.99972127E-01  1.13034043E+00
    58  2.32000000E+01  1.13083151E+00  9.99969551E-01  1.13083151E+00
    59  2.36000000E+01  1.13131293E+00  9.99966789E-01  1.13131293E+00
    60  2.40000000E+01  1.13176868E+00  9.99963836E-01  1.13176868E+00
    61  2.44000000E+01  1.13220745E+00  9.99960683E-01  1.13220745E+00
    62  2.48000000E+01  1.13263131E+00  9.99957326E-01  1.13263131E+00
    63  2.52000000E+01  1.13305368E+00  9.99953758E-01  1.13305368E+00
    64  2.56000000E+01  1.13347472E+00  9.99949975E-01  1.13347472E+00
    65  2.60000000E+01  1.13389767E+00  9.99945976E-01  1.13389767E+00
    66  2.64000000E+01  1.13432024E+00  9.99941758E-01  1.13432024E+00
    67  2.68000000E+01  1.13473581E+00  9.99937322E-01  1.13473581E+00
    68  2.72000000E+01  1.13513574E+00  9.99932672E-01  1.13513574E+00
    69  2.76000000E+01  1.13552925E+00  9.99927813E-01  1.13552925E+00
    70  2.80000000E+01  1.13590088E+00  9.99922755E-01  1.13590088E+00
    71  2.84000000E+01  1.13626792E+00  9.99917509E-01  1.13626792E+00
    72  2.88000000E+01  1.13661209E+00  9.99912094E-01  1.13661209E+00
    73  2.92000000E+01  1.13694179E+00  9.99906531E-01  1.13694179E+00
    74  2.96000000E+01  1.13726044E+00  9.99900848E-01  1.13726044E+00
    75  3.00000000E+01  1.13755881E+00  9.99895078E-01  1.13755881E+00
    76  3.04000000E+01  1.13784180E+00  9.99889262E-01  1.13784180E+00
    77  3.08000000E+01  1.13811621E+00  9.99883450E-01  1.13811621E+00
    78  3.12000000E+01  1.13837283E+00  9.99877701E-01  1.13837283E+00
    79  3.16000000E+01  1.13861286E+00  9.99872083E-01  1.13861286E+00
    80  3.20000000E+01  1.13884514E+00  9.99866678E-01  1.13884514E+00
    81  3.24000000E+01  1.13906433E+00  9.99861579E-01  1.13906433E+00
    82  3.28000000E+01  1.13926857E+00  9.99856895E-01  1.13926857E+00
    83  3.32000000E+01  1.13946190E+00  9.99852751E-01  1.13946190E+00
    84  3.36000000E+01  1.13964806E+00  9.99849290E-01  1.13964806E+00
    85  3.40000000E+01  1.13982090E+00  9.99846676E-01  1.13982090E+00
    86  3.44000000E+01  1.13998284E+00  9.99845094E-01  1.13998284E+00
    87  3.48000000E+01  1.14014019E+00  9.99844756E-01  1.14014019E+00
    88  3.52000000E+01  1.14028590E+00  9.99845899E-01  1.14028590E+00
    89  3.56000000E+01  1.14042334E+00  9.99848791E-01  1.14042334E+00
    90  3.60000000E+01  1.14055568E+00  9.99853735E-01  1.14055568E+00
    91  3.64000000E+01  1.14067791E+00  9.99861069E-01  1.14067791E+00
    92  3.68000000E+01  1.14079585E+00  9.99871171E-01  1.14079585E+00
    93  3.72000000E+01  1.14090648E+00  9.99884464E-01  1.14090648E+00
    94  3.76000000E+01  1.14100997E+00  9.99901417E-01  1.14100997E+00
    95  3.80000000E+01  1.14110978E+00  9.99922554E-01  1.14110978E+00
    96  3.84000000E+01  1.14120159E+00  9.99948454E-01  1.14120159E+00
    97  3.88000000E+01  1.14128967E+00  9.99979760E-01  1.14128967E+00
    98  3.92000000E+01  1.14137208E+00  1.00001718E+00  1.14137208E+00
    99  3.96000000E+01  1.14144746E+00  1.00006150E+00  1.14144746E+00
   100  4.00000000E+01  1.14152084E+00  1.00011358E+00  1.14152084E+00
   101  4.04000000E+01  1.14158798E+00  1.00017438E+00  1.14158798E+00
   102  4.08000000E+01  1.14164908E+00  1.00024492E+00  1.14164908E+00
   103  4.12000000E+01  1.14170842E+00  1.00032635E+00  1.14170842E+00
   104  4.16000000E+01  1.14176230E+00  1.00041992E+00  1.14176230E+00
   105  4.20000000E+01  1.14181100E+00  1.00052699E+00  1.14181100E+00
   106  4.24000000E+01  1.14185735E+00  1.00064905E+00  1.14185735E+00
   107  4.28000000E+01  1.14189976E+00  1.00078771E+00  1.14189976E+00
   108  4.32000000E+01  1.14193779E+00  1.00094473E+00  1.14193779E+00
   109  4.36000000E+01  1.14197266E+00  1.00112202E+00  1.14197266E+00
   110  4.40000000E+01  1.14200525E+00  1.00132163E+00  1.14200525E+00
   111  4.44000000E+01  1.14203417E+00  1.00154579E+00  1.14203417E+00
   112  4.48000000E+01  1.14205961E+00  1.00179691E+00  1.14205961E+00
   113  4.52000000E+01  1.14208362E+00  1.00207757E+00  1.14208362E+00
   114  4.56000000E+01  1.14210483E+00  1.00239055E+00  1.14210483E+00
   115  4.60000000E+01  1.14212309E+00  1.00273882E+00  1.14212309E+00
   116  4.64000000E+01  1.14213937E+00  1.00312557E+00  1.14213937E+00
   117  4.68000000E+01  1.14215412E+00  1.00355418E+00  1.14215412E+00
   118  4.72000000E+01  1.14216641E+00  1.00402825E+00  1.14216641E+00
   119  4.76000000E+01  1.14217655E+00  1.00455162E+00  1.14217655E+00
   120  4.80000000E+01  1.14218584E+00  1.00512832E+00  1.14218584E+00
   121  4.84000000E+01  1.14219319E+00  1.00576262E+00  1.14219319E+00
   122  4.88000000E+01  1.14219878E+00  1.00645897E+00  1.14219878E+00
   123  4.92000000E+01  1.14220317E+00  1.00722205E+00  1.14220317E+00
   124  4.96000000E+01  1.14220647E+00  1.00805674E+00  1.14220647E+00
   125  5.00000000E+01  1.14220832E+00  1.00896805E+00  1.14220832E+00
   126  5.04000000E+01  1.14220883E+00  1.00996119E+00  1.14220883E+00
   127  5.08000000E+01  1.14220865E+00  1.01104147E+00  1.14220865E+00
   128  5.12000000E+01  1.14220748E+00  1.01221431E+00  1.14220748E+00
   129  5.16000000E+01  1.14220524E+00  1.01348515E+00  1.14220524E+00
   130  5.20000000E+01  1.14220205E+00  1.01485947E+00  1.14220205E+00
   131  5.24000000E+01  1.14219812E+00  1.01634267E+00  1.14219812E+00
   132  5.28000000E+01  1.14219369E+00  1.01794003E+00  1.14219369E+00
   133  5.32000000E+01  1.14218853E+00  1.01965666E+00  1.14218853E+00
   134  5.36000000E+01  1.14218271E+00  1.02149736E+00  1.14218271E+00
   135  5.40000000E+01  1.14217632E+00  1.02346660E+00  1.14217632E+00
   136  5.44000000E+01  1.14216943E+00  1.02556834E+00  1.14216943E+00
   137  5.48000000E+01  1.14216213E+00  1.02780601E+00  1.14216213E+00
   138  5.52000000E+01  1.14215446E+00  1.03018230E+00  1.14215446E+00
   139  5.56000000E+01  1.14214648E+00  1.03269911E+00  1.14214648E+00
   140  5.60000000E+01  1.14213825E+00  1.03535742E+00  1.14213825E+00
   141  5.64000000E+01  1.14212981E+00  1.03815711E+00  1.14212981E+00
   142  5.68000000E+01  1.14212120E+00  1.04109688E+00  1.14212120E+00
   143  5.72000000E+01  1.14211247E+00  1.04417414E+00  1.14211247E+00
   144  5.76000000E+01  1.14210364E+00  1.04738484E+00  1.14210364E+00
   145  5.80000000E+01  1.14209475E+00  1.05072342E+00  1.14209475E+00
   146  5.84000000E+01  1.14208599E+00  1.05418267E+00  1.14208599E+00
   147  5.88000000E+01  1.14207732E+00  1.05775371E+00  1.14207732E+00
   148  5.92000000E+01  1.14206867E+00  1.06142591E+00  1.14206867E+00
   149  5.96000000E+01  1.14206024E+00  1.06518687E+00  1.14206024E+00
   150  6.00000000E+01  1.14205202E+00  1.06902245E+00  1.14205202E+00
   151  6.04000000E+01  1.14204388E+00  1.07291678E+00  1.14204388E+00
   152  6.08000000E+01  1.14203619E+00  1.07685239E+00  1.14203619E+00
   153  6.12000000E+01  1.14202860E+00  1.08081028E+00  1.14202860E+00
   154  6.16000000E+01  1.14202142E+00  1.08477015E+00  1.14202142E+00
   155  6.20000000E+01  1.14201442E+00  1.08871054E+00  1.14201442E+00
   156  6.24000000E+01  1.14200787E+00  1.09260915E+00  1.14200787E+00
   157  6.28000000E+01  1.14200149E+00  1.09644313E+00  1.14200149E+00
   158  6.32000000E+01  1.14199560E+00  1.10018938E+00  1.14199560E+00
   159  6.36000000E+01  1.14198993E+00  1.10382500E+00  1.14198993E+00
   160  6.40000000E+01  1.14198468E+00  1.10732769E+00  1.14198468E+00
   161  6.44000000E+01  1.14197972E+00  1.11067619E+00  1.14197972E+00
   162  6.48000000E+01  1.14197500E+00  1.11385078E+00  1.14197500E+00
   163  6.52000000E+01  1.14197067E+00  1.11683375E+00  1.14197067E+00
   164  6.56000000E+01  1.14196659E+00  1.11960993E+00  1.14196659E+00
   165  6.60000000E+01  1.14196277E+00  1.12216710E+00  1.14196277E+00
   166  6.64000000E+01  1.14195916E+00  1.12449650E+00  1.14195916E+00
   167  6.68000000E+01  1.14195566E+00  1.12659316E+00  1.14195566E+00
   168  6.72000000E+01  1.14195267E+00  1.12845619E+00  1.14195267E+00
   169  6.76000000E+01  1.14194960E+00  1.13008903E+00  1.14194960E+00
   170  6.80000000E+01  1.14194668E+00  1.13149944E+00  1.14194668E+00
   171  6.84000000E+01  1.14194425E+00  1.13269941E+00  1.14194425E+00
   172  6.88000000E+01  1.14194168E+00  1.13370491E+00  1.14194168E+00
   173  6.92000000E+01  1.14193918E+00  1.13453541E+00  1.14193918E+00
   174  6.96000000E+01  1.14193715E+00  1.13521318E+00  1.14193715E+00
   175  7.00000000E+01  1.14193505E+00  1.13576254E+00  1.14193505E+00
   176  7.04000000E+01  1.14193300E+00  1.13620880E+00  1.14193300E+00
   177  7.08000000E+01  1.14193105E+00  1.13657726E+00  1.14193105E+00
   178  7.12000000E+01  1.14192939E+00  1.13689205E+00  1.14192939E+00
   179  7.16000000E+01  1.14192776E+00  1.13717506E+00  1.14192776E+00
   180  7.20000000E+01  1.14192595E+00  1.13744497E+00  1.14192595E+00
   181  7.24000000E+01  1.14192440E+00  1.13771648E+00  1.14192440E+00
   182  7.28000000E+01  1.14192317E+00  1.13799979E+00  1.14192317E+00
   183  7.32000000E+01  1.14192177E+00  1.13830040E+00  1.14192177E+00
   184  7.36000000E+01  1.14192037E+00  1.13861926E+00  1.14192037E+00
   185  7.40000000E+01  1.14191901E+00  1.13895324E+00  1.14191901E+00
   186  7.44000000E+01  1.14191802E+00  1.13929596E+00  1.14191802E+00
   187  7.48000000E+01  1.14191700E+00  1.13963881E+00  1.14191700E+00
   188  7.52000000E+01  1.14191582E+00  1.13997207E+00  1.14191582E+00
   189  7.56000000E+01  1.14191463E+00  1.14028617E+00  1.14191463E+00
   190  7.60000000E+01  1.14191396E+00  1.14057269E+00  1.14191396E+00
   191  7.64000000E+01  1.14191321E+00  1.14082527E+00  1.14191321E+00
   192  7.68000000E+01  1.14191243E+00  1.14104018E+00  1.14191243E+00
   193  7.72000000E+01  1.14191150E+00  1.14121652E+00  1.14191150E+00
   194  7.76000000E+01  1.14191091E+00  1.14135609E+00  1.14191091E+00
   195  7.80000000E+01  1.14191061E+00  1.14146295E+00  1.14191061E+00
   196  7.84000000E+01  1.14191017E+00  1.14154275E+00  1.14191017E+00
   197  7.88000000E+01  1.14190972E+00  1.14160191E+00  1.14190972E+00
   198  7.92000000E+01  1.14190923E+00  1.14164679E+00  1.14190923E+00
   199  7.96000000E+01  1.14190937E+00  1.14168303E+00  1.14190937E+00
   200  8.00000000E+01  1.14190949E+00  1.14171499E+00  1.14190949E+00
   201  8.04000000E+01  1.14190949E+00  1.14174551E+00  1.14190949E+00
   202  8.08000000E+01  1.14190949E+00  1.14177588E+00  1.14190949E+00
   203  8.12000000E+01  1.14190999E+00  1.14180605E+00  1.14190999E+00
   204  8.16000000E+01  1.14191066E+00  1.14183501E+00  1.14191066E+00
   205  8.20000000E+01  1.14191129E+00  1.14186126E+00  1.14191129E+00
   206  8.24000000E+01  1.14191181E+00  1.14188324E+00  1.14191181E+00
   207  8.28000000E+01  1.14191235E+00  1.14189971E+00  1.14191235E+00
   208  8.32000000E+01  1.14191344E+00  1.14190999E+00  1.14191344E+00
   209  8.36000000E+01  1.14191408E+00  1.14191408E+00  1.14191408E+00
   210  8.40000000E+01  1.14191253E+00  1.14191253E+00  1.14191253E+00
   211  8.44000000E+01  1.14190638E+00  1.14190638E+00  1.14190638E+00
   212  8.48000000E+01  1.14189685E+00  1.14189685E+00  1.14189685E+00
   213  8.52000000E+01  1.14188520E+00  1.14188520E+00  1.14188520E+00
   214  8.56000000E+01  1.14187248E+00  1.14187248E+00  1.14187248E+00
 steady-height stop at step    214: rounded to 4 decimals, rounded max/end/ratio =      11419     11419     11419, max/end/ratio =   1.14187248E+00  1.14187248E+00  1.14187248E+00
